
<---玄剑录: MudOs v22pre11 (by wwj,Jul  1 2001) startup on Microsoft Windows NT at Tue Sep 13 23:14:16 2005

Initializing internal tables....
using config file: C:\xjl\xjl\config.xjl
open log/debug.log file failed.

<---玄剑录: MudOs v22pre11 (by wwj,Jul  1 2001) shutdown at Tue Sep 13 23:14:19 2005




<---玄剑录: MudOs v22pre11 (by wwj,Jul  1 2001) startup on Microsoft Windows NT at Tue Sep 13 23:15:12 2005

using config file: C:\xjl\config.xjl
Can't find "mudos", ignoring old binaries.
Try invoking the driver using the full pathname.
System Error: init_addr_server: gethostbyname: 请求的名称有效并且在数据库中找到，但是它没有相关的正确的数据来被解析。

]simul_efun loaded successfully.

Loading preloaded files ...
Initializations complete.

Accepting connections on port 5555.
错误讯息被拦截: 
执行时段错误：*Error in loading object '/d/emei/cliffpool2'

程式：adm/daemons/taskd.c 第 159 行
物件: adm/daemons/taskd
呼叫来自：adm/daemons/taskd.c 的 update_task() 第 110 行，物件： adm/daemons/taskd
呼叫来自：adm/daemons/taskd.c 的 random_place() 第 159 行，物件： adm/daemons/taskd
呼叫来自：adm/daemons/taskd.c 的 CATCH() 第 159 行，物件： adm/daemons/taskd

执行时段错误：*Bad argument 1 to call_other()
Expected: string or array or object Got: 0.

程式：cmds/skill/dazuo.c 第 20 行
物件: cmds/skill/dazuo
呼叫来自：d/xueshan/npc/jlseng.c 的 auto_robot() 第 244 行，物件： d/xueshan/npc/jlseng ("戒律僧")
呼叫来自：feature/command.c 的 command_hook() 第 57 行，物件： d/xueshan/npc/jlseng ("戒律僧")
呼叫来自：cmds/skill/dazuo.c 的 main() 第 20 行，物件： cmds/skill/dazuo
Initializing internal tables....

<---玄剑录: MudOs v22pre11 (by wwj,Jul  1 2001) startup on Microsoft Windows NT at Tue Sep 13 23:25:19 2005

using config file: C:\xjl\config.xjl
Can't find "mudos", ignoring old binaries.
Try invoking the driver using the full pathname.
System Error: init_addr_server: gethostbyname: 请求的名称有效并且在数据库中找到，但是它没有相关的正确的数据来被解析。

]simul_efun loaded successfully.

Loading preloaded files ...
Initializations complete.

Accepting connections on port 5555.
错误讯息被拦截: 
执行时段错误：*Error in loading object '/d/emei/cliffpool2'

程式：adm/daemons/taskd.c 第 159 行
物件: adm/daemons/taskd
呼叫来自：adm/daemons/taskd.c 的 update_task() 第 110 行，物件： adm/daemons/taskd
呼叫来自：adm/daemons/taskd.c 的 random_place() 第 159 行，物件： adm/daemons/taskd
呼叫来自：adm/daemons/taskd.c 的 CATCH() 第 159 行，物件： adm/daemons/taskd

执行时段错误：*Can't have nagative amout of liquid.

程式：d/xueshan/inherit/liquid_container.c 第 78 行
物件: d/xueshan/npc/xs_job/xs_deng ("[1;35m七彩[1;37m水晶[1;36m琉璃灯[37;0m")
呼叫来自：d/xueshan/npc/xs_job/xs_deng.c 的 burn_out_deng() 第 57 行，物件： d/xueshan/npc/xs_job/xs_deng ("[1;35m七彩[1;37m水晶[1;36m琉璃灯[37;0m")
呼叫来自：d/xueshan/inherit/liquid_container.c 的 set_current_liquid() 第 78 行，物件： d/xueshan/npc/xs_job/xs_deng ("[1;35m七彩[1;37m水晶[1;36m琉璃灯[37;0m")

执行时段错误：*Printable strings limited to length of 8192.

程式：feature/message.c 第 53 行
物件: clone/user/user#278 ("浪翻云")
呼叫来自：feature/command.c 的 command_hook() 第 57 行，物件： clone/user/user#278 ("浪翻云")
呼叫来自：cmds/imm/cat.c 的 main() 第 20 行，物件： cmds/imm/cat
呼叫来自：adm/single/simul_efun.c 的 cat() 第 192 行，物件： adm/single/simul_efun
呼叫来自：adm/single/simul_efun.c 的 write() 第 55 行，物件： adm/single/simul_efun
呼叫来自：feature/message.c 的 receive_message() 第 53 行，物件： clone/user/user#278 ("浪翻云")
错误讯息被拦截: 
执行时段错误：*call_other() couldn't find object

程式：d/city/duchang2.c 第 48 行
物件: d/city/duchang2
呼叫来自：adm/daemons/taskd.c 的 update_task() 第 110 行，物件： adm/daemons/taskd
呼叫来自：adm/daemons/taskd.c 的 random_place() 第 159 行，物件： adm/daemons/taskd
呼叫来自：adm/daemons/taskd.c 的 CATCH() 第 159 行，物件： adm/daemons/taskd
呼叫来自：d/city/duchang2.c 的 create() 第 48 行，物件： d/city/duchang2

执行时段错误：*call_other() couldn't find object

程式：adm/daemons/natured.c 第 96 行
物件: adm/daemons/natured
呼叫来自：adm/daemons/natured.c 的 update_day_phase() 第 73 行，物件： adm/daemons/natured
呼叫来自：adm/daemons/natured.c 的 event_sunrise() 第 96 行，物件： adm/daemons/natured
Initializing internal tables....
