99.03.14 13:13 B f:\mirror1\d\huashan\baichi.c --> www1.yn.cninfo.net /mudcctx/mudlib/d/huashan baichi.c
99.03.14 13:13 B f:\mirror1\d\huashan\bingqifang.c --> www1.yn.cninfo.net /mudcctx/mudlib/d/huashan bingqifang.c
99.03.14 13:13 B f:\mirror1\d\huashan\bshanlu.c --> www1.yn.cninfo.net /mudcctx/mudlib/d/huashan bshanlu.c
99.03.14 13:13 B f:\mirror1\d\huashan\bshanlu1.c --> www1.yn.cninfo.net /mudcctx/mudlib/d/huashan bshanlu1.c
99.03.14 13:13 B f:\mirror1\d\huashan\bshanlu2.c --> www1.yn.cninfo.net /mudcctx/mudlib/d/huashan bshanlu2.c
99.03.14 13:13 B f:\mirror1\d\huashan\buwei1.c --> www1.yn.cninfo.net /mudcctx/mudlib/d/huashan buwei1.c
99.03.14 13:13 B f:\mirror1\d\huashan\buwei2.c --> www1.yn.cninfo.net /mudcctx/mudlib/d/huashan buwei2.c
99.03.14 13:13 B f:\mirror1\d\huashan\canglong.c --> www1.yn.cninfo.net /mudcctx/mudlib/d/huashan canglong.c
99.03.14 13:13 B f:\mirror1\d\huashan\chaoyang.c --> www1.yn.cninfo.net /mudcctx/mudlib/d/huashan chaoyang.c
99.03.14 13:13 B f:\mirror1\d\huashan\houshan.c --> www1.yn.cninfo.net /mudcctx/mudlib/d/huashan houshan.c
99.03.14 13:13 B f:\mirror1\d\huashan\huading.c --> www1.yn.cninfo.net /mudcctx/mudlib/d/huashan huading.c
99.03.14 13:13 B f:\mirror1\d\huashan\husun.c --> www1.yn.cninfo.net /mudcctx/mudlib/d/huashan husun.c
99.03.14 13:13 B f:\mirror1\d\huashan\intro --> www1.yn.cninfo.net /mudcctx/mudlib/d/huashan intro
99.03.14 13:13 B f:\mirror1\d\huashan\laojun.c --> www1.yn.cninfo.net /mudcctx/mudlib/d/huashan laojun.c
99.03.14 13:13 B f:\mirror1\d\huashan\map.c --> www1.yn.cninfo.net /mudcctx/mudlib/d/huashan map.c
99.03.14 13:13 B f:\mirror1\d\huashan\md-rukou.c --> www1.yn.cninfo.net /mudcctx/mudlib/d/huashan md-rukou.c
99.03.14 13:13 B f:\mirror1\d\huashan\midong.c --> www1.yn.cninfo.net /mudcctx/mudlib/d/huashan midong.c
99.03.14 13:13 B f:\mirror1\d\huashan\path1.c --> www1.yn.cninfo.net /mudcctx/mudlib/d/huashan path1.c
99.03.14 13:13 B f:\mirror1\d\huashan\pubu.c --> www1.yn.cninfo.net /mudcctx/mudlib/d/huashan pubu.c
99.03.14 13:13 B f:\mirror1\d\huashan\qianchi.c --> www1.yn.cninfo.net /mudcctx/mudlib/d/huashan qianchi.c
99.03.14 13:13 B f:\mirror1\d\huashan\qingke.c --> www1.yn.cninfo.net /mudcctx/mudlib/d/huashan qingke.c
99.03.14 13:13 B f:\mirror1\d\huashan\shaluo.c --> www1.yn.cninfo.net /mudcctx/mudlib/d/huashan shaluo.c
99.03.14 13:13 B f:\mirror1\d\huashan\shanlu.c --> www1.yn.cninfo.net /mudcctx/mudlib/d/huashan shanlu.c
99.03.14 13:13 B f:\mirror1\d\huashan\sheshen.c --> www1.yn.cninfo.net /mudcctx/mudlib/d/huashan sheshen.c
99.03.14 13:13 B f:\mirror1\d\huashan\siguoya.c --> www1.yn.cninfo.net /mudcctx/mudlib/d/huashan siguoya.c
99.03.14 13:13 B f:\mirror1\d\huashan\square.c --> www1.yn.cninfo.net /mudcctx/mudlib/d/huashan square.c
99.03.14 13:13 B f:\mirror1\d\huashan\xiaodian.c --> www1.yn.cninfo.net /mudcctx/mudlib/d/huashan xiaodian.c
99.03.14 13:13 B f:\mirror1\d\huashan\xiaojing.c --> www1.yn.cninfo.net /mudcctx/mudlib/d/huashan xiaojing.c
99.03.14 13:13 B f:\mirror1\d\huashan\xiaolu1.c --> www1.yn.cninfo.net /mudcctx/mudlib/d/huashan xiaolu1.c
99.03.14 13:13 B f:\mirror1\d\huashan\xiaolu2.c --> www1.yn.cninfo.net /mudcctx/mudlib/d/huashan xiaolu2.c
99.03.14 13:14 B f:\mirror1\d\huashan\xiuxishi.c --> www1.yn.cninfo.net /mudcctx/mudlib/d/huashan xiuxishi.c
99.03.14 13:14 B f:\mirror1\d\huashan\yunu.c --> www1.yn.cninfo.net /mudcctx/mudlib/d/huashan yunu.c
99.03.14 13:14 B f:\mirror1\d\huashan\yunuci.c --> www1.yn.cninfo.net /mudcctx/mudlib/d/huashan yunuci.c
99.03.14 13:14 B f:\mirror1\d\huashan\yuquan.c --> www1.yn.cninfo.net /mudcctx/mudlib/d/huashan yuquan.c
99.03.14 13:14 B f:\mirror1\d\huashan\zhenyue.c --> www1.yn.cninfo.net /mudcctx/mudlib/d/huashan zhenyue.c
