99.03.23 17:32 B f:\mirror1\d\lingjiu\npc\binu.c --> mud.yn.cninfo.net /mudlab/mudlib/d/lingjiu/npc binu.c
99.03.23 17:33 B f:\mirror1\d\lingjiu\npc\boy.c --> mud.yn.cninfo.net /mudlab/mudlib/d/lingjiu/npc boy.c
99.03.23 17:33 B f:\mirror1\d\lingjiu\npc\cgu.c --> mud.yn.cninfo.net /mudlab/mudlib/d/lingjiu/npc cgu.c
99.03.23 17:33 B f:\mirror1\d\lingjiu\npc\dipi.c --> mud.yn.cninfo.net /mudlab/mudlib/d/lingjiu/npc dipi.c
99.03.23 17:33 B f:\mirror1\d\lingjiu\npc\girl.c --> mud.yn.cninfo.net /mudlab/mudlib/d/lingjiu/npc girl.c
99.03.23 17:33 B f:\mirror1\d\lingjiu\npc\kid.c --> mud.yn.cninfo.net /mudlab/mudlib/d/lingjiu/npc kid.c
99.03.23 17:33 B f:\mirror1\d\lingjiu\npc\liumang.c --> mud.yn.cninfo.net /mudlab/mudlib/d/lingjiu/npc liumang.c
99.03.23 17:33 B f:\mirror1\d\lingjiu\npc\ljshi.c --> mud.yn.cninfo.net /mudlab/mudlib/d/lingjiu/npc ljshi.c
99.03.23 17:33 B f:\mirror1\d\lingjiu\npc\lu.c --> mud.yn.cninfo.net /mudlab/mudlib/d/lingjiu/npc lu.c
99.03.23 17:33 B f:\mirror1\d\lingjiu\npc\songshu.c --> mud.yn.cninfo.net /mudlab/mudlib/d/lingjiu/npc songshu.c
99.03.23 17:33 B f:\mirror1\d\lingjiu\npc\xiaoer.c --> mud.yn.cninfo.net /mudlab/mudlib/d/lingjiu/npc xiaoer.c
99.03.23 17:46 B f:\mirror1\d\lingjiu\npc\binu.c --> mud.yn.cninfo.net /mudlab/mudlib/d/lingjiu/npc binu.c
99.03.23 17:46 B f:\mirror1\d\lingjiu\npc\boy.c --> mud.yn.cninfo.net /mudlab/mudlib/d/lingjiu/npc boy.c
99.03.23 17:46 B f:\mirror1\d\lingjiu\npc\cgu.c --> mud.yn.cninfo.net /mudlab/mudlib/d/lingjiu/npc cgu.c
99.03.23 17:46 B f:\mirror1\d\lingjiu\npc\dipi.c --> mud.yn.cninfo.net /mudlab/mudlib/d/lingjiu/npc dipi.c
99.03.23 17:46 B f:\mirror1\d\lingjiu\npc\girl.c --> mud.yn.cninfo.net /mudlab/mudlib/d/lingjiu/npc girl.c
99.03.23 17:46 B f:\mirror1\d\lingjiu\npc\kid.c --> mud.yn.cninfo.net /mudlab/mudlib/d/lingjiu/npc kid.c
99.03.23 17:46 B f:\mirror1\d\lingjiu\npc\liumang.c --> mud.yn.cninfo.net /mudlab/mudlib/d/lingjiu/npc liumang.c
99.03.23 17:46 B f:\mirror1\d\lingjiu\npc\ljshi.c --> mud.yn.cninfo.net /mudlab/mudlib/d/lingjiu/npc ljshi.c
99.03.23 17:46 B f:\mirror1\d\lingjiu\npc\lu.c --> mud.yn.cninfo.net /mudlab/mudlib/d/lingjiu/npc lu.c
99.03.23 17:46 B f:\mirror1\d\lingjiu\npc\songshu.c --> mud.yn.cninfo.net /mudlab/mudlib/d/lingjiu/npc songshu.c
