Event backend in use: poll

Loading preload files ...
/adm/daemons/securityd...
/adm/daemons/virtuald...
/adm/daemons/biguand...
/adm/daemons/logind...
/adm/daemons/rankd...
/adm/daemons/preload...
/adm/daemons/commandd...
/adm/daemons/chinesed...
/adm/daemons/emoted...
/adm/daemons/aliasd...
/adm/daemons/fingerd...
/adm/daemons/autosaved...
/adm/daemons/channeld...
/adm/daemons/natured...
/adm/daemons/monitord...
/adm/daemons/storyd...
/adm/daemons/brd...
/adm/daemons/cron...
/adm/daemons/backupd...
/adm/daemons/baoshid...
/d/wizard/newsroom...
/adm/daemons/jobd...
Accepting connections on 0.0.0.0:4000.
Accepting connections on 0.0.0.0:5555.
Accepting connections on 0.0.0.0:6000.
Accepting connections on 0.0.0.0:9999.
Initializations complete.


执行时段错误：*No program in object '/doc/mudlib/efuns'!

程式：0 第 0 行
物件：/adm/obj/master

执行时段错误：*No program in object '/doc/mudlib/efuns/shiwu'!

程式：0 第 0 行
物件：/adm/obj/master

执行时段错误：*Read access denied.

程式：/inherit/char/npc.lpc 第 21 行
物件：/kungfu/class/wudang/famu
呼叫来自：/kungfu/class/wudang/famu.lpc 的 create() 第 39 行，物件： /kungfu/class/wudang/famu ("伐木道长")
呼叫来自：/inherit/char/npc.lpc 的 carry_object() 第 21 行，物件： /kungfu/class/wudang/famu ("伐木道长")

执行时段错误：*Read access denied.

程式：/inherit/char/npc.lpc 第 21 行
物件：/kungfu/class/wudang/shouyuan
呼叫来自：/kungfu/class/wudang/shouyuan.lpc 的 create() 第 40 行，物件： /kungfu/class/wudang/shouyuan ("守园道长")
呼叫来自：/inherit/char/npc.lpc 的 carry_object() 第 21 行，物件： /kungfu/class/wudang/shouyuan ("守园道长")

执行时段错误：*Read access denied.

程式：/inherit/char/npc.lpc 第 21 行
物件：/kungfu/class/huashan/yue
呼叫来自：/kungfu/class/huashan/yue.lpc 的 create() 第 76 行，物件： /kungfu/class/huashan/yue ("岳不群")
呼叫来自：/inherit/char/npc.lpc 的 carry_object() 第 21 行，物件： /kungfu/class/huashan/yue ("岳不群")

执行时段错误：*Read access denied.

程式：/inherit/char/npc.lpc 第 21 行
物件：/kungfu/class/huashan/ning
呼叫来自：/kungfu/class/huashan/ning.lpc 的 create() 第 72 行，物件： /kungfu/class/huashan/ning ("宁中则")
呼叫来自：/inherit/char/npc.lpc 的 carry_object() 第 21 行，物件： /kungfu/class/huashan/ning ("宁中则")

执行时段错误：*Read access denied.

程式：/inherit/char/npc.lpc 第 21 行
物件：/kungfu/class/gaibang/lu
呼叫来自：/kungfu/class/gaibang/lu.lpc 的 create() 第 63 行，物件： /kungfu/class/gaibang/lu ("鲁有脚")
呼叫来自：/inherit/char/npc.lpc 的 carry_object() 第 21 行，物件： /kungfu/class/gaibang/lu ("鲁有脚")

执行时段错误：*Read access denied.

程式：/inherit/char/npc.lpc 第 21 行
物件：/kungfu/class/gaibang/li-sh
呼叫来自：/kungfu/class/gaibang/li-sh.lpc 的 create() 第 52 行，物件： /kungfu/class/gaibang/li-sh ("黎生")
呼叫来自：/inherit/char/npc.lpc 的 carry_object() 第 21 行，物件： /kungfu/class/gaibang/li-sh ("黎生")

执行时段错误：*Read access denied.

程式：/inherit/char/npc.lpc 第 21 行
物件：/kungfu/class/gaibang/jian
呼叫来自：/kungfu/class/gaibang/jian.lpc 的 create() 第 65 行，物件： /kungfu/class/gaibang/jian ("简长老")
呼叫来自：/inherit/char/npc.lpc 的 carry_object() 第 21 行，物件： /kungfu/class/gaibang/jian ("简长老")

执行时段错误：*Read access denied.

程式：/inherit/char/npc.lpc 第 21 行
物件：/kungfu/class/kunlun/hezuodao
呼叫来自：/kungfu/class/kunlun/hezuodao.lpc 的 create() 第 67 行，物件： /kungfu/class/kunlun/hezuodao ("何足道")
呼叫来自：/inherit/char/npc.lpc 的 carry_object() 第 21 行，物件： /kungfu/class/kunlun/hezuodao ("何足道")

执行时段错误：*Read access denied.

程式：/inherit/char/npc.lpc 第 21 行
物件：/kungfu/class/kunlun/banshuxian
呼叫来自：/kungfu/class/kunlun/banshuxian.lpc 的 create() 第 52 行，物件： /kungfu/class/kunlun/banshuxian ("班淑娴")
呼叫来自：/inherit/char/npc.lpc 的 carry_object() 第 21 行，物件： /kungfu/class/kunlun/banshuxian ("班淑娴")

执行时段错误：*Read access denied.

程式：/inherit/char/npc.lpc 第 21 行
物件：/kungfu/class/kunlun/hetaichong
呼叫来自：/kungfu/class/kunlun/hetaichong.lpc 的 create() 第 71 行，物件： /kungfu/class/kunlun/hetaichong ("何太冲")
呼叫来自：/inherit/char/npc.lpc 的 carry_object() 第 21 行，物件： /kungfu/class/kunlun/hetaichong ("何太冲")

执行时段错误：*Read access denied.

程式：/inherit/char/npc.lpc 第 21 行
物件：/kungfu/class/kunlun/xihuazi
呼叫来自：/kungfu/class/kunlun/xihuazi.lpc 的 create() 第 54 行，物件： /kungfu/class/kunlun/xihuazi ("西华子")
呼叫来自：/inherit/char/npc.lpc 的 carry_object() 第 21 行，物件： /kungfu/class/kunlun/xihuazi ("西华子")

执行时段错误：*Read access denied.

程式：/inherit/char/npc.lpc 第 21 行
物件：/kungfu/class/kunlun/weisiniang
呼叫来自：/kungfu/class/kunlun/weisiniang.lpc 的 create() 第 51 行，物件： /kungfu/class/kunlun/weisiniang ("卫四娘")
呼叫来自：/inherit/char/npc.lpc 的 carry_object() 第 21 行，物件： /kungfu/class/kunlun/weisiniang ("卫四娘")

执行时段错误：*F_SKILL: No such skill (magic-light)

程式：/feature/skill.lpc 第 24 行
物件：/clone/magic/lightman
呼叫来自：/clone/magic/lightman.lpc 的 create() 第 58 行，物件： /clone/magic/lightman ("[1;33m米迦勒[2;37;0m")
呼叫来自：/feature/skill.lpc 的 set_skill() 第 24 行，物件： /clone/magic/lightman ("[1;33m米迦勒[2;37;0m")

执行时段错误：*Bad argument 1 to EFUN call_other()
Expected: object, string, array,  Got: int(0).

程式：/d/kaifeng/obj/blade2.lpc 第 18 行
物件：/d/kaifeng/obj/blade2
呼叫来自：/d/kaifeng/obj/blade2.lpc 的 create() 第 18 行，物件： /d/kaifeng/obj/blade2 ("天王麦克风")

执行时段错误：*No program in object '/d/heimuya/shenggu'!

程式：0 第 0 行
物件：/adm/obj/master

执行时段错误：*No program in object '/d/heimuya/tang'!

程式：0 第 0 行
物件：/adm/obj/master

执行时段错误：*No program in object '/d/heimuya/npc/tang'!

程式：0 第 0 行
物件：/adm/obj/master

执行时段错误：*Bad argument 1 to set_living_name()
Expected: string Got: 0.

程式：/feature/command.lpc 第 133 行
物件：/d/tianlongsi/npc/xiaoshami
呼叫来自：/d/tianlongsi/qingxinge.lpc 的 create() 第 20 行，物件： /d/tianlongsi/qingxinge
呼叫来自：/inherit/room/room.lpc 的 setup() 第 247 行，物件： /d/tianlongsi/qingxinge
呼叫来自：/inherit/room/room.lpc 的 reset() 第 137 行，物件： /d/tianlongsi/qingxinge
呼叫来自：/inherit/room/room.lpc 的 make_inventory() 第 36 行，物件： /d/tianlongsi/qingxinge
呼叫来自：/d/tianlongsi/npc/xiaoshami.lpc 的 create() 第 29 行，物件： /d/tianlongsi/npc/xiaoshami ("/d/tianlongsi/npc/xiaoshami")
呼叫来自：/inherit/char/char.lpc 的 setup() 第 70 行，物件： /d/tianlongsi/npc/xiaoshami ("/d/tianlongsi/npc/xiaoshami")
呼叫来自：/feature/command.lpc 的 enable_player() 第 133 行，物件： /d/tianlongsi/npc/xiaoshami ("/d/tianlongsi/npc/xiaoshami")

执行时段错误：*Bad argument 1 to set_living_name()
Expected: string Got: 0.

程式：/feature/command.lpc 第 133 行
物件：/d/tianlongsi/npc/xiaoshami#21359
呼叫来自：/d/tianlongsi/wulege.lpc 的 create() 第 17 行，物件： /d/tianlongsi/wulege
呼叫来自：/inherit/room/room.lpc 的 setup() 第 247 行，物件： /d/tianlongsi/wulege
呼叫来自：/inherit/room/room.lpc 的 reset() 第 137 行，物件： /d/tianlongsi/wulege
呼叫来自：/inherit/room/room.lpc 的 make_inventory() 第 36 行，物件： /d/tianlongsi/wulege
呼叫来自：/d/tianlongsi/npc/xiaoshami.lpc 的 create() 第 29 行，物件： /d/tianlongsi/npc/xiaoshami#21359 ("/d/tianlongsi/npc/xiaoshami#21359")
呼叫来自：/inherit/char/char.lpc 的 setup() 第 70 行，物件： /d/tianlongsi/npc/xiaoshami#21359 ("/d/tianlongsi/npc/xiaoshami#21359")
呼叫来自：/feature/command.lpc 的 enable_player() 第 133 行，物件： /d/tianlongsi/npc/xiaoshami#21359 ("/d/tianlongsi/npc/xiaoshami#21359")

执行时段错误：*Bad argument 1 to set_living_name()
Expected: string Got: 0.

程式：/feature/command.lpc 第 133 行
物件：/d/tianlongsi/npc/xiaoshami#21364
呼叫来自：/d/tianlongsi/wujingge.lpc 的 create() 第 17 行，物件： /d/tianlongsi/wujingge
呼叫来自：/inherit/room/room.lpc 的 setup() 第 247 行，物件： /d/tianlongsi/wujingge
呼叫来自：/inherit/room/room.lpc 的 reset() 第 137 行，物件： /d/tianlongsi/wujingge
呼叫来自：/inherit/room/room.lpc 的 make_inventory() 第 36 行，物件： /d/tianlongsi/wujingge
呼叫来自：/d/tianlongsi/npc/xiaoshami.lpc 的 create() 第 29 行，物件： /d/tianlongsi/npc/xiaoshami#21364 ("/d/tianlongsi/npc/xiaoshami#21364")
呼叫来自：/inherit/char/char.lpc 的 setup() 第 70 行，物件： /d/tianlongsi/npc/xiaoshami#21364 ("/d/tianlongsi/npc/xiaoshami#21364")
呼叫来自：/feature/command.lpc 的 enable_player() 第 133 行，物件： /d/tianlongsi/npc/xiaoshami#21364 ("/d/tianlongsi/npc/xiaoshami#21364")

执行时段错误：*Bad argument 1 to set_living_name()
Expected: string Got: 0.

程式：/feature/command.lpc 第 133 行
物件：/d/tianlongsi/npc/xiaoshami#21395
呼叫来自：/d/tianlongsi/wuwoge.lpc 的 create() 第 17 行，物件： /d/tianlongsi/wuwoge
呼叫来自：/inherit/room/room.lpc 的 setup() 第 247 行，物件： /d/tianlongsi/wuwoge
呼叫来自：/inherit/room/room.lpc 的 reset() 第 137 行，物件： /d/tianlongsi/wuwoge
呼叫来自：/inherit/room/room.lpc 的 make_inventory() 第 36 行，物件： /d/tianlongsi/wuwoge
呼叫来自：/d/tianlongsi/npc/xiaoshami.lpc 的 create() 第 29 行，物件： /d/tianlongsi/npc/xiaoshami#21395 ("/d/tianlongsi/npc/xiaoshami#21395")
呼叫来自：/inherit/char/char.lpc 的 setup() 第 70 行，物件： /d/tianlongsi/npc/xiaoshami#21395 ("/d/tianlongsi/npc/xiaoshami#21395")
呼叫来自：/feature/command.lpc 的 enable_player() 第 133 行，物件： /d/tianlongsi/npc/xiaoshami#21395 ("/d/tianlongsi/npc/xiaoshami#21395")

执行时段错误：*Bad argument 1 to set_living_name()
Expected: string Got: 0.

程式：/feature/command.lpc 第 133 行
物件：/d/tianlongsi/npc/xiaoshami#21396
呼叫来自：/d/tianlongsi/wuchangge.lpc 的 create() 第 17 行，物件： /d/tianlongsi/wuchangge
呼叫来自：/inherit/room/room.lpc 的 setup() 第 247 行，物件： /d/tianlongsi/wuchangge
呼叫来自：/inherit/room/room.lpc 的 reset() 第 137 行，物件： /d/tianlongsi/wuchangge
呼叫来自：/inherit/room/room.lpc 的 make_inventory() 第 36 行，物件： /d/tianlongsi/wuchangge
呼叫来自：/d/tianlongsi/npc/xiaoshami.lpc 的 create() 第 29 行，物件： /d/tianlongsi/npc/xiaoshami#21396 ("/d/tianlongsi/npc/xiaoshami#21396")
呼叫来自：/inherit/char/char.lpc 的 setup() 第 70 行，物件： /d/tianlongsi/npc/xiaoshami#21396 ("/d/tianlongsi/npc/xiaoshami#21396")
呼叫来自：/feature/command.lpc 的 enable_player() 第 133 行，物件： /d/tianlongsi/npc/xiaoshami#21396 ("/d/tianlongsi/npc/xiaoshami#21396")

执行时段错误：*Bad argument 1 to set_living_name()
Expected: string Got: 0.

程式：/feature/command.lpc 第 133 行
物件：/d/hangzhou/honghua/shi
呼叫来自：/d/hangzhou/liuhe4.lpc 的 create() 第 23 行，物件： /d/hangzhou/liuhe4
呼叫来自：/inherit/room/room.lpc 的 setup() 第 247 行，物件： /d/hangzhou/liuhe4
呼叫来自：/inherit/room/room.lpc 的 reset() 第 126 行，物件： /d/hangzhou/liuhe4
呼叫来自：/inherit/room/room.lpc 的 make_inventory() 第 36 行，物件： /d/hangzhou/liuhe4
呼叫来自：/d/hangzhou/honghua/shi.lpc 的 create() 第 60 行，物件： /d/hangzhou/honghua/shi ("/d/hangzhou/honghua/shi")
呼叫来自：/inherit/char/char.lpc 的 setup() 第 70 行，物件： /d/hangzhou/honghua/shi ("/d/hangzhou/honghua/shi")
呼叫来自：/feature/command.lpc 的 enable_player() 第 133 行，物件： /d/hangzhou/honghua/shi ("/d/hangzhou/honghua/shi")

执行时段错误：*Bad argument 1 to wizardp()
Expected: object Got: 0.

程式：/d/hangzhou/obj/jiasha.lpc 第 22 行
物件：/d/hangzhou/obj/jiasha
呼叫来自：/d/hangzhou/obj/jiasha.lpc 的 create() 第 22 行，物件： /d/hangzhou/obj/jiasha ("红衣袈裟")

执行时段错误：*Bad argument 1 to EFUN call_other()
Expected: object, string, array,  Got: int(0).

程式：/d/npc/m_weapon/weapon/m_whip.lpc 第 22 行
物件：/d/npc/m_weapon/weapon/m_whip
呼叫来自：/d/npc/m_weapon/weapon/m_whip.lpc 的 create() 第 22 行，物件： /d/npc/m_weapon/weapon/m_whip ("/d/npc/m_weapon/weapon/m_whip")

执行时段错误：*Bad argument 1 to EFUN call_other()
Expected: object, string, array,  Got: int(0).

程式：/d/npc/m_weapon/weapon/m_staff.lpc 第 22 行
物件：/d/npc/m_weapon/weapon/m_staff
呼叫来自：/d/npc/m_weapon/weapon/m_staff.lpc 的 create() 第 22 行，物件： /d/npc/m_weapon/weapon/m_staff ("/d/npc/m_weapon/weapon/m_staff")

执行时段错误：*Bad argument 1 to EFUN call_other()
Expected: object, string, array,  Got: int(0).

程式：/inherit/room/room.lpc 第 37 行
物件：/d/quanzhen/cangjingge2
呼叫来自：/d/quanzhen/cangjingge2.lpc 的 create() 第 38 行，物件： /d/quanzhen/cangjingge2
呼叫来自：/inherit/room/room.lpc 的 setup() 第 247 行，物件： /d/quanzhen/cangjingge2
呼叫来自：/inherit/room/room.lpc 的 reset() 第 126 行，物件： /d/quanzhen/cangjingge2
呼叫来自：/inherit/room/room.lpc 的 make_inventory() 第 37 行，物件： /d/quanzhen/cangjingge2

执行时段错误：*Read access denied.

程式：/inherit/char/npc.lpc 第 21 行
物件：/d/dali/npc/liumang
呼叫来自：/adm/daemons/natured.lpc 的 update_day_phase() 第 224 行，物件： /adm/daemons/natured
呼叫来自：/adm/daemons/natured.lpc 的 event_sunrise() 第 301 行，物件： /adm/daemons/natured
呼叫来自：/d/dali/guangchang.lpc 的 create() 第 44 行，物件： /d/dali/guangchang
呼叫来自：/inherit/room/room.lpc 的 setup() 第 247 行，物件： /d/dali/guangchang
呼叫来自：/inherit/room/room.lpc 的 reset() 第 137 行，物件： /d/dali/guangchang
呼叫来自：/inherit/room/room.lpc 的 make_inventory() 第 36 行，物件： /d/dali/guangchang
呼叫来自：/d/dali/npc/liumang.lpc 的 create() 第 22 行，物件： /d/dali/npc/liumang ("流氓")
呼叫来自：/inherit/char/npc.lpc 的 carry_object() 第 21 行，物件： /d/dali/npc/liumang ("流氓")

执行时段错误：*Bad argument 1 to set_living_name()
Expected: string Got: 0.

程式：/feature/command.lpc 第 133 行
物件：/d/mr/npc/xiaotong
呼叫来自：/d/mr/npc/xiaotong.lpc 的 create() 第 22 行，物件： /d/mr/npc/xiaotong ("/d/mr/npc/xiaotong")
呼叫来自：/inherit/char/char.lpc 的 setup() 第 70 行，物件： /d/mr/npc/xiaotong ("/d/mr/npc/xiaotong")
呼叫来自：/feature/command.lpc 的 enable_player() 第 133 行，物件： /d/mr/npc/xiaotong ("/d/mr/npc/xiaotong")

执行时段错误：*Bad argument 1 to set_living_name()
Expected: string Got: 0.

程式：/feature/command.lpc 第 133 行
物件：/d/mr/npc/xiaotong#27141
呼叫来自：/d/mr/c14-5.lpc 的 create() 第 20 行，物件： /d/mr/c14-5
呼叫来自：/inherit/room/room.lpc 的 setup() 第 247 行，物件： /d/mr/c14-5
呼叫来自：/inherit/room/room.lpc 的 reset() 第 126 行，物件： /d/mr/c14-5
呼叫来自：/inherit/room/room.lpc 的 make_inventory() 第 36 行，物件： /d/mr/c14-5
呼叫来自：/d/mr/npc/xiaotong.lpc 的 create() 第 22 行，物件： /d/mr/npc/xiaotong#27141 ("/d/mr/npc/xiaotong#27141")
呼叫来自：/inherit/char/char.lpc 的 setup() 第 70 行，物件： /d/mr/npc/xiaotong#27141 ("/d/mr/npc/xiaotong#27141")
呼叫来自：/feature/command.lpc 的 enable_player() 第 133 行，物件： /d/mr/npc/xiaotong#27141 ("/d/mr/npc/xiaotong#27141")

执行时段错误：*Read access denied.

程式：/inherit/char/npc.lpc 第 21 行
物件：/kungfu/class/huashan/yue
呼叫来自：/adm/daemons/jobd.lpc 的 get_job() 第 170 行，物件： /adm/daemons/jobd
呼叫来自：/d/huashan/square.lpc 的 create() 第 24 行，物件： /d/huashan/square
呼叫来自：/inherit/room/room.lpc 的 setup() 第 247 行，物件： /d/huashan/square
呼叫来自：/inherit/room/room.lpc 的 reset() 第 126 行，物件： /d/huashan/square
呼叫来自：/inherit/room/room.lpc 的 make_inventory() 第 36 行，物件： /d/huashan/square
呼叫来自：/kungfu/class/huashan/yue.lpc 的 create() 第 76 行，物件： /kungfu/class/huashan/yue ("岳不群")
呼叫来自：/inherit/char/npc.lpc 的 carry_object() 第 21 行，物件： /kungfu/class/huashan/yue ("岳不群")

执行时段错误：*Bad argument 1 to set_living_name()
Expected: string Got: 0.

程式：/feature/command.lpc 第 133 行
物件：/d/gaochang/npc/tuying
呼叫来自：/d/gaochang/npc/tuying.lpc 的 create() 第 24 行，物件： /d/gaochang/npc/tuying ("/d/gaochang/npc/tuying")
呼叫来自：/inherit/char/char.lpc 的 setup() 第 70 行，物件： /d/gaochang/npc/tuying ("/d/gaochang/npc/tuying")
呼叫来自：/feature/command.lpc 的 enable_player() 第 133 行，物件： /d/gaochang/npc/tuying ("/d/gaochang/npc/tuying")

执行时段错误：*Bad argument 2 to socket_bind()
Expected: int Got: "".

程式：/adm/daemons/network/server.lpc 第 84 行
物件：/adm/daemons/network/server
呼叫来自：/adm/daemons/network/server.lpc 的 create() 第 70 行，物件： /adm/daemons/network/server
呼叫来自：/adm/daemons/network/server.lpc 的 setup() 第 84 行，物件： /adm/daemons/network/server

执行时段错误：*Bad argument 1 to EFUN call_other()
Expected: object, string, array,  Got: int(0).

程式：/inherit/room/room.lpc 第 37 行
物件：/doc/mudlib/efuns/shiwu
呼叫来自：/doc/mudlib/efuns/shiwu.lpc 的 create() 第 22 行，物件： /doc/mudlib/efuns/shiwu
呼叫来自：/inherit/room/room.lpc 的 setup() 第 247 行，物件： /doc/mudlib/efuns/shiwu
呼叫来自：/inherit/room/room.lpc 的 reset() 第 126 行，物件： /doc/mudlib/efuns/shiwu
呼叫来自：/inherit/room/room.lpc 的 make_inventory() 第 37 行，物件： /doc/mudlib/efuns/shiwu

执行时段错误：*Bad argument 1 to EFUN call_other()
Expected: object, string, array,  Got: int(0).

程式：/inherit/room/room.lpc 第 37 行
物件：/doc/mudlib/efuns/shiwu
呼叫来自：/doc/mudlib/efuns/shiwu.lpc 的 create() 第 22 行，物件： /doc/mudlib/efuns/shiwu
呼叫来自：/inherit/room/room.lpc 的 setup() 第 247 行，物件： /doc/mudlib/efuns/shiwu
呼叫来自：/inherit/room/room.lpc 的 reset() 第 126 行，物件： /doc/mudlib/efuns/shiwu
呼叫来自：/inherit/room/room.lpc 的 make_inventory() 第 37 行，物件： /doc/mudlib/efuns/shiwu

执行时段错误：*Bad argument 1 to EFUN call_other()
Expected: object, string, array,  Got: int(0).

程式：/inherit/room/room.lpc 第 37 行
物件：/doc/mudlib/efuns/shiwu
呼叫来自：/doc/mudlib/efuns/shiwu.lpc 的 create() 第 22 行，物件： /doc/mudlib/efuns/shiwu
呼叫来自：/inherit/room/room.lpc 的 setup() 第 247 行，物件： /doc/mudlib/efuns/shiwu
呼叫来自：/inherit/room/room.lpc 的 reset() 第 126 行，物件： /doc/mudlib/efuns/shiwu
呼叫来自：/inherit/room/room.lpc 的 make_inventory() 第 37 行，物件： /doc/mudlib/efuns/shiwu

执行时段错误：*F_SKILL: No such skill (magic-light)

程式：/feature/skill.lpc 第 24 行
物件：/clone/magic/lightman
呼叫来自：/clone/magic/lightman.lpc 的 create() 第 58 行，物件： /clone/magic/lightman ("[1;33m米迦勒[2;37;0m")
呼叫来自：/feature/skill.lpc 的 set_skill() 第 24 行，物件： /clone/magic/lightman ("[1;33m米迦勒[2;37;0m")

执行时段错误：*Bad argument 1 to EFUN call_other()
Expected: object, string, array,  Got: int(0).

程式：/d/kaifeng/obj/blade2.lpc 第 18 行
物件：/d/kaifeng/obj/blade2
呼叫来自：/d/kaifeng/obj/blade2.lpc 的 create() 第 18 行，物件： /d/kaifeng/obj/blade2 ("天王麦克风")

执行时段错误：*Bad argument 1 to wizardp()
Expected: object Got: 0.

程式：/d/hangzhou/obj/jiasha.lpc 第 22 行
物件：/d/hangzhou/obj/jiasha
呼叫来自：/d/hangzhou/obj/jiasha.lpc 的 create() 第 22 行，物件： /d/hangzhou/obj/jiasha ("红衣袈裟")

执行时段错误：*Bad argument 1 to EFUN call_other()
Expected: object, string, array,  Got: int(0).

程式：/d/npc/m_weapon/weapon/m_whip.lpc 第 22 行
物件：/d/npc/m_weapon/weapon/m_whip
呼叫来自：/d/npc/m_weapon/weapon/m_whip.lpc 的 create() 第 22 行，物件： /d/npc/m_weapon/weapon/m_whip ("/d/npc/m_weapon/weapon/m_whip")

执行时段错误：*Bad argument 1 to EFUN call_other()
Expected: object, string, array,  Got: int(0).

程式：/d/npc/m_weapon/weapon/m_staff.lpc 第 22 行
物件：/d/npc/m_weapon/weapon/m_staff
呼叫来自：/d/npc/m_weapon/weapon/m_staff.lpc 的 create() 第 22 行，物件： /d/npc/m_weapon/weapon/m_staff ("/d/npc/m_weapon/weapon/m_staff")

执行时段错误：*Bad argument 1 to EFUN call_other()
Expected: object, string, array,  Got: int(0).

程式：/inherit/room/room.lpc 第 37 行
物件：/d/quanzhen/cangjingge2
呼叫来自：/d/quanzhen/cangjingge2.lpc 的 create() 第 38 行，物件： /d/quanzhen/cangjingge2
呼叫来自：/inherit/room/room.lpc 的 setup() 第 247 行，物件： /d/quanzhen/cangjingge2
呼叫来自：/inherit/room/room.lpc 的 reset() 第 126 行，物件： /d/quanzhen/cangjingge2
呼叫来自：/inherit/room/room.lpc 的 make_inventory() 第 37 行，物件： /d/quanzhen/cangjingge2

执行时段错误：*Bad argument 2 to socket_bind()
Expected: int Got: "".

程式：/adm/daemons/network/server.lpc 第 84 行
物件：/adm/daemons/network/server
呼叫来自：/adm/daemons/network/server.lpc 的 create() 第 70 行，物件： /adm/daemons/network/server
呼叫来自：/adm/daemons/network/server.lpc 的 setup() 第 84 行，物件： /adm/daemons/network/server
