1388145001 0 0
1388145001 0 0 0 0
1388144701 0 0 0 0
1388144700 0 0 0 0
1388144400 0 0 0 0
1388144100 0 0 0 0
1388143800 0 0 0 0
1388143500 0 0 68 0
1388143200 68 0 68 0
1388142900 68 0 68 0
1388142600 68 0 68 0
1388142300 68 0 68 0
1388142000 68 0 68 0
1388141700 68 0 68 0
1388141400 68 0 68 0
1388141100 68 0 68 0
1388140800 68 0 68 0
1388140500 68 0 68 0
1388140200 68 0 68 0
1388139900 68 0 68 0
1388139600 68 0 68 0
1388139300 68 0 68 0
1388139000 68 0 68 0
1388138700 68 0 68 0
1388138400 68 0 68 0
1388138100 68 0 68 0
1388137800 68 0 68 0
1388137500 68 0 68 0
1388137200 68 0 68 0
1388136900 68 0 68 0
1388136600 68 0 68 0
1388136300 68 0 68 0
1388136000 68 0 68 0
1388135700 68 0 68 0
1388135400 68 0 68 0
1388135100 68 0 68 0
1388134800 68 0 68 0
1388134500 68 0 68 0
1388134200 68 0 68 0
1388133900 68 0 68 0
1388133600 68 0 68 0
1388133300 68 0 68 0
1388133000 68 0 68 0
1388132700 68 0 68 0
1388132400 68 0 68 0
1388132100 68 0 68 0
1388131800 68 0 68 0
1388131500 68 0 68 0
1388131200 68 0 68 0
1388130900 68 0 68 0
1388130600 68 0 68 0
1388130300 68 0 68 0
1388130000 68 0 68 0
1388129700 68 0 68 0
1388129400 68 0 68 0
1388129100 68 0 68 0
1388128800 68 0 68 0
1388128500 68 0 68 0
1388128200 68 0 68 0
1388127900 68 0 68 0
1388127600 68 0 68 0
1388127300 68 0 68 0
1388127000 68 0 68 0
1388126700 68 0 68 0
1388126400 68 0 68 0
1388126100 68 0 68 0
1388125800 68 0 68 0
1388125500 68 0 68 0
1388125200 68 0 68 0
1388124900 68 0 68 0
1388124600 68 0 68 0
1388124300 68 0 68 0
1388124000 68 0 68 0
1388123700 68 0 68 0
1388123400 68 0 68 0
1388123100 68 0 68 0
1388122800 68 0 68 0
1388122500 68 0 68 0
1388122200 68 0 68 0
1388121900 68 0 68 0
1388121600 68 0 68 0
1388121300 68 0 68 0
1388121000 68 0 68 0
1388120700 68 0 68 0
1388120400 68 0 68 0
1388120100 68 0 68 0
1388119800 68 0 68 0
1388119500 68 0 68 0
1388119200 68 0 68 0
1388118900 68 0 68 0
1388118600 68 0 68 0
1388118300 68 0 68 0
1388118000 68 0 68 0
1388117700 68 0 68 0
1388117400 68 0 68 0
1388117100 68 0 68 0
1388116800 68 0 68 0
1388116500 68 0 68 0
1388116200 68 0 68 0
1388115900 68 0 68 0
1388115600 68 0 68 0
1388115300 68 0 68 0
1388115000 68 0 68 0
1388114700 68 0 68 0
1388114400 68 0 68 0
1388114100 68 0 68 0
1388113800 68 0 68 0
1388113500 68 0 68 0
1388113200 68 0 68 0
1388112900 68 0 68 0
1388112600 68 0 68 0
1388112300 68 0 68 0
1388112000 68 0 68 0
1388111700 68 0 68 0
1388111400 68 0 68 0
1388111100 68 0 68 0
1388110800 68 0 68 0
1388110500 68 0 68 0
1388110200 68 0 68 0
1388109900 68 0 68 0
1388109600 68 0 68 0
1388109300 68 0 68 0
1388109000 68 0 68 0
1388108700 68 0 68 0
1388108400 68 0 68 0
1388108100 68 0 68 0
1388107800 68 0 68 0
1388107500 68 0 68 0
1388107200 68 0 68 0
1388106900 68 0 68 0
1388106600 68 0 68 0
1388106300 68 0 68 0
1388106000 68 0 68 0
1388105700 68 0 68 0
1388105400 68 0 68 0
1388105100 68 0 68 0
1388104800 68 0 68 0
1388104500 68 0 68 0
1388104200 68 0 68 0
1388103900 68 0 68 0
1388103600 68 0 68 0
1388103300 68 0 68 0
1388103000 68 0 68 0
1388102700 68 0 68 0
1388102400 68 0 68 0
1388102100 68 0 68 0
1388101800 68 0 68 0
1388101500 68 0 68 0
1388101200 68 0 68 0
1388100900 68 0 68 0
1388100600 68 0 68 0
1388100300 68 0 68 0
1388100000 68 0 68 0
1388099700 68 0 68 0
1388099400 68 0 68 0
1388099100 68 0 68 0
1388098800 68 0 68 0
1388098500 68 0 68 0
1388098200 68 0 68 0
1388097900 68 0 68 0
1388097600 68 0 68 0
1388097300 68 0 68 0
1388097000 68 0 68 0
1388096700 68 0 68 0
1388096400 68 0 68 0
1388096100 68 0 68 0
1388095800 68 0 68 0
1388095500 68 0 68 0
1388095200 68 0 68 0
1388094900 68 0 68 0
1388094600 68 0 68 0
1388094300 68 0 68 0
1388094000 68 0 68 0
1388093700 68 0 68 0
1388093400 68 0 68 0
1388093100 68 0 68 0
1388092800 68 0 68 0
1388092500 68 0 68 0
1388092200 68 0 68 0
1388091900 68 0 68 0
1388091600 68 0 68 0
1388091300 68 0 68 0
1388091000 68 0 68 0
1388090700 68 0 68 0
1388090400 68 0 68 0
1388090100 68 0 68 0
1388089800 68 0 68 0
1388089500 68 0 68 0
1388089200 68 0 68 0
1388088900 68 0 68 0
1388088600 68 0 68 0
1388088300 68 0 68 0
1388088000 68 0 68 0
1388087700 68 0 68 0
1388087400 68 0 68 0
1388087100 68 0 68 0
1388086800 68 0 68 0
1388086500 68 0 68 0
1388086200 68 0 68 0
1388085900 68 0 68 0
1388085600 68 0 68 0
1388085300 68 0 68 0
1388085000 68 0 68 0
1388084700 68 0 68 0
1388084400 68 0 68 0
1388084100 68 0 68 0
1388083800 68 0 68 0
1388083500 68 0 68 0
1388083200 68 0 68 0
1388082900 68 0 68 0
1388082600 68 0 68 0
1388082300 68 0 68 0
1388082000 68 0 68 0
1388081700 68 0 68 0
1388081400 68 0 68 0
1388081100 68 0 68 0
1388080800 68 0 68 0
1388080500 68 0 68 0
1388080200 68 0 68 0
1388079900 68 0 68 0
1388079600 68 0 68 0
1388079300 68 0 68 0
1388079000 68 0 68 0
1388078700 68 0 68 0
1388078400 68 0 68 0
1388078100 68 0 68 0
1388077800 68 0 68 0
1388077500 68 0 68 0
1388077200 68 0 68 0
1388076900 68 0 68 0
1388076600 68 0 68 0
1388076300 68 0 68 0
1388076000 68 0 68 0
1388075700 68 0 68 0
1388075400 68 0 68 0
1388075100 68 0 68 0
1388074800 68 0 68 0
1388074500 68 0 68 0
1388074200 68 0 68 0
1388073900 68 0 68 0
1388073600 68 0 68 0
1388073300 68 0 68 0
1388073000 68 0 68 0
1388072700 68 0 68 0
1388072400 68 0 68 0
1388072100 68 0 68 0
1388071800 68 0 68 0
1388071500 68 0 68 0
1388071200 68 0 68 0
1388070900 68 0 68 0
1388070600 68 0 68 0
1388070300 68 0 68 0
1388070000 68 0 68 0
1388069700 68 0 68 0
1388069400 68 0 68 0
1388069100 68 0 68 0
1388068800 68 0 68 0
1388068500 68 0 68 0
1388068200 68 0 68 0
1388067900 68 0 68 0
1388067600 68 0 68 0
1388067300 68 0 68 0
1388067000 68 0 68 0
1388066700 68 0 68 0
1388066400 68 0 68 0
1388066100 68 0 68 0
1388065800 68 0 68 0
1388065500 68 0 68 0
1388065200 68 0 68 0
1388064900 68 0 68 0
1388064600 68 0 68 0
1388064300 68 0 68 0
1388064000 68 0 68 0
1388063700 68 0 68 0
1388063400 68 0 68 0
1388063100 68 0 68 0
1388062800 68 0 68 0
1388062500 68 0 68 0
1388062200 68 0 68 0
1388061900 68 0 68 0
1388061600 68 0 68 0
1388061300 68 0 68 0
1388061000 68 0 68 0
1388060700 68 0 68 0
1388060400 68 0 68 0
1388060100 68 0 68 0
1388059800 68 0 68 0
1388059500 68 0 68 0
1388059200 68 0 68 0
1388058900 68 0 68 0
1388058600 68 0 68 0
1388058300 68 0 68 0
1388058000 68 0 68 0
1388057700 68 0 68 0
1388057400 68 0 68 0
1388057100 68 0 68 0
1388056800 68 0 68 0
1388056500 68 0 68 0
1388056200 68 0 68 0
1388055900 68 0 68 0
1388055600 68 0 68 0
1388055300 68 0 68 0
1388055000 68 0 68 0
1388054700 68 0 68 0
1388054400 68 0 68 0
1388054100 68 0 68 0
1388053800 68 0 68 0
1388053500 68 0 68 0
1388053200 68 0 68 0
1388052900 68 0 68 0
1388052600 68 0 68 0
1388052300 68 0 68 0
1388052000 68 0 68 0
1388051700 68 0 68 0
1388051400 68 0 68 0
1388051100 68 0 68 0
1388050800 68 0 68 0
1388050500 68 0 68 0
1388050200 68 0 68 0
1388049900 68 0 68 0
1388049600 68 0 68 0
1388049300 68 0 68 0
1388049000 68 0 68 0
1388048700 68 0 68 0
1388048400 68 0 68 0
1388048100 68 0 68 0
1388047800 68 0 68 0
1388047500 68 0 68 0
1388047200 68 0 68 0
1388046900 68 0 68 0
1388046600 68 0 68 0
1388046300 68 0 68 0
1388046000 68 0 68 0
1388045700 68 0 68 0
1388045400 68 0 68 0
1388045100 68 0 68 0
1388044800 68 0 68 0
1388044500 68 0 68 0
1388044200 68 0 68 0
1388043900 68 0 68 0
1388043600 68 0 68 0
1388043300 68 0 68 0
1388043000 68 0 68 0
1388042700 68 0 68 0
1388042400 68 0 68 0
1388042100 68 0 68 0
1388041800 68 0 68 0
1388041500 68 0 68 0
1388041200 68 0 68 0
1388040900 68 0 68 0
1388040600 68 0 68 0
1388040300 68 0 68 0
1388040000 68 0 68 0
1388039700 68 0 68 0
1388039400 68 0 68 0
1388039100 68 0 68 0
1388038800 68 0 68 0
1388038500 68 0 68 0
1388038200 68 0 68 0
1388037900 68 0 68 0
1388037600 68 0 68 0
1388037300 68 0 68 0
1388037000 68 0 68 0
1388036700 68 0 68 0
1388036400 68 0 68 0
1388036100 68 0 68 0
1388035800 68 0 68 0
1388035500 68 0 68 0
1388035200 68 0 68 0
1388034900 68 0 68 0
1388034600 68 0 68 0
1388034300 68 0 68 0
1388034000 68 0 68 0
1388033700 68 0 68 0
1388033400 68 0 68 0
1388033100 68 0 68 0
1388032800 68 0 68 0
1388032500 68 0 68 0
1388032200 68 0 68 0
1388031900 68 0 68 0
1388031600 68 0 68 0
1388031300 68 0 68 0
1388031000 68 0 68 0
1388030700 68 0 68 0
1388030400 68 0 68 0
1388030100 68 0 68 0
1388029800 68 0 68 0
1388029500 68 0 68 0
1388029200 68 0 68 0
1388028900 68 0 68 0
1388028600 68 0 68 0
1388028300 68 0 68 0
1388028000 68 0 68 0
1388027700 68 0 68 0
1388027400 68 0 68 0
1388027100 68 0 68 0
1388026800 68 0 68 0
1388026500 68 0 68 0
1388026200 68 0 68 0
1388025900 68 0 68 0
1388025600 68 0 68 0
1388025300 68 0 68 0
1388025000 68 0 68 0
1388024700 68 0 68 0
1388024400 68 0 68 0
1388024100 68 0 68 0
1388023800 68 0 68 0
1388023500 68 0 68 0
1388023200 68 0 68 0
1388022900 68 0 68 0
1388022600 68 0 68 0
1388022300 68 0 68 0
1388022000 68 0 68 0
1388021700 68 0 68 0
1388021400 68 0 68 0
1388021100 68 0 68 0
1388020800 68 0 68 0
1388020500 68 0 68 0
1388020200 68 0 68 0
1388019900 68 0 68 0
1388019600 68 0 68 0
1388019300 68 0 68 0
1388019000 68 0 68 0
1388018700 68 0 68 0
1388018400 68 0 68 0
1388018100 68 0 68 0
1388017800 68 0 68 0
1388017500 68 0 68 0
1388017200 68 0 68 0
1388016900 68 0 68 0
1388016600 68 0 68 0
1388016300 68 0 68 0
1388016000 68 0 68 0
1388015700 68 0 68 0
1388015400 68 0 68 0
1388015100 68 0 68 0
1388014800 68 0 68 0
1388014500 68 0 68 0
1388014200 68 0 68 0
1388013900 68 0 68 0
1388013600 68 0 68 0
1388013300 68 0 68 0
1388013000 68 0 68 0
1388012700 68 0 68 0
1388012400 68 0 68 0
1388012100 68 0 68 0
1388011800 68 0 68 0
1388011500 68 0 68 0
1388011200 68 0 68 0
1388010900 68 0 68 0
1388010600 68 0 68 0
1388010300 68 0 68 0
1388010000 68 0 68 0
1388009700 68 0 68 0
1388009400 68 0 68 0
1388009100 68 0 68 0
1388008800 68 0 68 0
1388008500 68 0 68 0
1388008200 68 0 68 0
1388007900 68 0 68 0
1388007600 68 0 68 0
1388007300 68 0 68 0
1388007000 68 0 68 0
1388006700 68 0 68 0
1388006400 68 0 68 0
1388006100 68 0 68 0
1388005800 68 0 68 0
1388005500 68 0 68 0
1388005200 68 0 68 0
1388004900 68 0 68 0
1388004600 68 0 68 0
1388004300 68 0 68 0
1388004000 68 0 68 0
1388003700 68 0 68 0
1388003400 68 0 68 0
1388003100 68 0 68 0
1388002800 68 0 68 0
1388002500 68 0 68 0
1388002200 68 0 68 0
1388001900 68 0 68 0
1388001600 68 0 68 0
1388001300 68 0 68 0
1388001000 68 0 68 0
1388000700 68 0 68 0
1388000400 68 0 68 0
1388000100 68 0 68 0
1387999800 68 0 68 0
1387999500 68 0 68 0
1387999200 68 0 68 0
1387998900 68 0 68 0
1387998600 68 0 68 0
1387998300 68 0 68 0
1387998000 68 0 68 0
1387997700 68 0 68 0
1387997400 68 0 68 0
1387997100 68 0 68 0
1387996800 68 0 68 0
1387996500 68 0 68 0
1387996200 68 0 68 0
1387995900 68 0 68 0
1387995600 68 0 68 0
1387995300 68 0 68 0
1387995000 68 0 68 0
1387994700 68 0 68 0
1387994400 68 0 68 0
1387994100 68 0 68 0
1387993800 68 0 68 0
1387993500 68 0 68 0
1387993200 68 0 68 0
1387992900 68 0 68 0
1387992600 68 0 68 0
1387992300 68 0 68 0
1387992000 68 0 68 0
1387991700 68 0 68 0
1387991400 68 0 68 0
1387991100 68 0 68 0
1387990800 68 0 68 0
1387990500 68 0 68 0
1387990200 68 0 68 0
1387989900 68 0 68 0
1387989600 68 0 68 0
1387989300 68 0 68 0
1387989000 68 0 68 0
1387988700 68 0 68 0
1387988400 68 0 68 0
1387988100 68 0 68 0
1387987800 68 0 68 0
1387987500 68 0 68 0
1387987200 68 0 68 0
1387986900 68 0 68 0
1387986600 68 0 68 0
1387986300 68 0 68 0
1387986000 68 0 68 0
1387985700 68 0 68 0
1387985400 68 0 68 0
1387985100 68 0 68 0
1387984800 68 0 68 0
1387984500 68 0 68 0
1387984200 68 0 68 0
1387983900 68 0 68 0
1387983600 68 0 68 0
1387983300 68 0 68 0
1387983000 68 0 68 0
1387982700 68 0 68 0
1387982400 68 0 68 0
1387982100 68 0 68 0
1387981800 68 0 68 0
1387981500 68 0 68 0
1387981200 68 0 68 0
1387980900 68 0 68 0
1387980600 68 0 68 0
1387980300 68 0 68 0
1387980000 68 0 68 0
1387979700 68 0 68 0
1387979400 68 0 68 0
1387979100 68 0 68 0
1387978800 68 0 68 0
1387978500 68 0 68 0
1387978200 68 0 68 0
1387977900 68 0 68 0
1387977600 68 0 68 0
1387977300 68 0 68 0
1387977000 68 0 68 0
1387976700 68 0 68 0
1387976400 68 0 68 0
1387976100 68 0 68 0
1387975800 68 0 68 0
1387975500 68 0 68 0
1387975200 68 0 68 0
1387974900 68 0 68 0
1387974600 68 0 68 0
1387974300 68 0 68 0
1387974000 68 0 68 0
1387973700 68 0 68 0
1387973400 68 0 68 0
1387973100 68 0 68 0
1387972800 68 0 68 0
1387972500 68 0 68 0
1387972200 68 0 68 0
1387971900 68 0 68 0
1387971600 68 0 68 0
1387971300 68 0 68 0
1387971000 68 0 68 0
1387970700 68 0 68 0
1387970400 68 0 68 0
1387970100 68 0 68 0
1387969800 68 0 68 0
1387969500 68 0 68 0
1387969200 68 0 68 0
1387968900 68 0 68 0
1387968600 68 0 68 0
1387968300 68 0 68 0
1387968000 68 0 68 0
1387967700 68 0 68 0
1387967400 68 0 68 0
1387967100 68 0 68 0
1387966800 68 0 68 0
1387966500 68 0 68 0
1387966200 68 0 68 0
1387965900 68 0 68 0
1387965600 68 0 68 0
1387965300 68 0 68 0
1387965000 68 0 68 0
1387963800 68 0 68 0
1387962000 68 0 68 0
1387960200 68 0 68 0
1387958400 68 0 68 0
1387956600 68 0 68 0
1387954800 68 0 68 0
1387953000 68 0 68 0
1387951200 68 0 68 0
1387949400 68 0 68 0
1387947600 68 0 68 0
1387945800 68 0 68 0
1387944000 68 0 68 0
1387942200 68 0 68 0
1387940400 68 0 68 0
1387938600 68 0 68 0
1387936800 68 0 68 0
1387935000 68 0 68 0
1387933200 68 0 68 0
1387931400 68 0 68 0
1387929600 68 0 68 0
1387927800 68 0 68 0
1387926000 68 0 68 0
1387924200 68 0 68 0
1387922400 68 0 68 0
1387920600 68 0 68 0
1387918800 68 0 68 0
1387917000 68 0 68 0
1387915200 68 0 68 0
1387913400 68 0 68 0
1387911600 68 0 68 0
1387909800 68 0 68 0
1387908000 68 0 68 0
1387906200 68 0 68 0
1387904400 68 0 68 0
1387902600 68 0 68 0
1387900800 68 0 68 0
1387899000 68 0 68 0
1387897200 68 0 68 0
1387895400 68 0 68 0
1387893600 68 0 68 0
1387891800 68 0 68 0
1387890000 68 0 68 0
1387888200 68 0 68 0
1387886400 68 0 68 0
1387884600 68 0 68 0
1387882800 68 0 68 0
1387881000 68 0 68 0
1387879200 68 0 68 0
1387877400 68 0 68 0
1387875600 68 0 68 0
1387873800 68 0 68 0
1387872000 68 0 68 0
1387870200 68 0 68 0
1387868400 68 0 68 0
1387866600 68 0 68 0
1387864800 68 0 68 0
1387863000 68 0 68 0
1387861200 68 0 68 0
1387859400 68 0 68 0
1387857600 68 0 68 0
1387855800 68 0 68 0
1387854000 68 0 68 0
1387852200 68 0 68 0
1387850400 68 0 68 0
1387848600 68 0 68 0
1387846800 68 0 68 0
1387845000 68 0 68 0
1387843200 68 0 68 0
1387841400 68 0 68 0
1387839600 68 0 68 0
1387837800 68 0 68 0
1387836000 68 0 68 0
1387834200 68 0 68 0
1387832400 68 0 68 0
1387830600 68 0 68 0
1387828800 68 0 68 0
1387827000 68 0 68 0
1387825200 68 0 68 0
1387823400 68 0 68 0
1387821600 68 0 68 0
1387819800 68 0 68 0
1387818000 68 0 68 0
1387816200 68 0 68 0
1387814400 68 0 68 0
1387812600 68 0 68 0
1387810800 68 0 68 0
1387809000 68 0 68 0
1387807200 68 0 68 0
1387805400 68 0 68 0
1387803600 68 0 68 0
1387801800 68 0 68 0
1387800000 68 0 68 0
1387798200 68 0 68 0
1387796400 68 0 68 0
1387794600 68 0 68 0
1387792800 68 0 68 0
1387791000 68 0 68 0
1387789200 68 0 68 0
1387787400 68 0 68 0
1387785600 68 0 68 0
1387783800 68 0 68 0
1387782000 68 0 68 0
1387780200 68 0 68 0
1387778400 68 0 68 0
1387776600 68 0 68 0
1387774800 68 0 68 0
1387773000 68 0 68 0
1387771200 68 0 68 0
1387769400 68 0 68 0
1387767600 68 0 68 0
1387765800 68 0 68 0
1387764000 68 0 68 0
1387762200 68 0 68 0
1387760400 68 0 68 0
1387758600 68 0 68 0
1387756800 68 0 68 0
1387755000 68 0 68 0
1387753200 68 0 68 0
1387751400 68 0 68 0
1387749600 68 0 68 0
1387747800 68 0 68 0
1387746000 68 0 68 0
1387744200 68 0 68 0
1387742400 68 0 68 0
1387740600 68 0 68 0
1387738800 68 0 68 0
1387737000 68 0 68 0
1387735200 68 0 68 0
1387733400 68 0 68 0
1387731600 68 0 68 0
1387729800 68 0 68 0
1387728000 68 0 68 0
1387726200 68 0 68 0
1387724400 68 0 68 0
1387722600 68 0 68 0
1387720800 68 0 68 0
1387719000 68 0 68 0
1387717200 68 0 68 0
1387715400 68 0 68 0
1387713600 68 0 68 0
1387711800 68 0 68 0
1387710000 68 0 68 0
1387708200 68 0 68 0
1387706400 68 0 68 0
1387704600 68 0 68 0
1387702800 68 0 68 0
1387701000 68 0 68 0
1387699200 68 0 68 0
1387697400 68 0 68 0
1387695600 68 0 68 0
1387693800 68 0 68 0
1387692000 68 0 68 0
1387690200 68 0 68 0
1387688400 68 0 68 0
1387686600 68 0 68 0
1387684800 68 0 68 0
1387683000 68 0 68 0
1387681200 68 0 68 0
1387679400 68 0 68 0
1387677600 68 0 68 0
1387675800 68 0 68 0
1387674000 68 0 68 0
1387672200 68 0 68 0
1387670400 68 0 68 0
1387668600 68 0 68 0
1387666800 68 0 68 0
1387665000 68 0 68 0
1387663200 68 0 68 0
1387661400 68 0 68 0
1387659600 68 0 68 0
1387657800 68 0 68 0
1387656000 68 0 68 0
1387654200 68 0 68 0
1387652400 68 0 68 0
1387650600 68 0 68 0
1387648800 68 0 68 0
1387647000 68 0 68 0
1387645200 68 0 68 0
1387643400 68 0 68 0
1387641600 68 0 68 0
1387639800 68 0 68 0
1387638000 68 0 68 0
1387636200 68 0 68 0
1387634400 68 0 68 0
1387632600 68 0 68 0
1387630800 68 0 68 0
1387629000 68 0 68 0
1387627200 68 0 68 0
1387625400 68 0 68 0
1387623600 68 0 68 0
1387621800 68 0 68 0
1387620000 68 0 68 0
1387618200 68 0 68 0
1387616400 68 0 68 0
1387614600 68 0 68 0
1387612800 68 0 68 0
1387611000 68 0 68 0
1387609200 68 0 68 0
1387607400 68 0 68 0
1387605600 68 0 68 0
1387603800 68 0 68 0
1387602000 68 0 68 0
1387600200 68 0 68 0
1387598400 68 0 68 0
1387596600 68 0 68 0
1387594800 68 0 68 0
1387593000 68 0 68 0
1387591200 68 0 68 0
1387589400 68 0 68 0
1387587600 68 0 68 0
1387585800 68 0 68 0
1387584000 68 0 68 0
1387582200 68 0 68 0
1387580400 68 0 68 0
1387578600 68 0 68 0
1387576800 68 0 68 0
1387575000 68 0 68 0
1387573200 68 0 68 0
1387571400 68 0 68 0
1387569600 68 0 68 0
1387567800 68 0 68 0
1387566000 68 0 68 0
1387564200 68 0 68 0
1387562400 68 0 68 0
1387560600 68 0 68 0
1387558800 68 0 68 0
1387557000 68 0 68 0
1387555200 68 0 68 0
1387553400 68 0 68 0
1387551600 68 0 68 0
1387549800 68 0 68 0
1387548000 68 0 68 0
1387546200 68 0 68 0
1387544400 68 0 68 0
1387542600 68 0 68 0
1387540800 68 0 68 0
1387539000 68 0 68 0
1387537200 68 0 68 0
1387535400 68 0 68 0
1387533600 68 0 68 0
1387531800 68 0 68 0
1387530000 68 0 68 0
1387528200 68 0 68 0
1387526400 68 0 68 0
1387524600 68 0 68 0
1387522800 68 0 68 0
1387521000 68 0 68 0
1387519200 68 0 68 0
1387517400 68 0 68 0
1387515600 68 0 68 0
1387513800 68 0 68 0
1387512000 68 0 68 0
1387510200 68 0 68 0
1387508400 68 0 68 0
1387506600 68 0 68 0
1387504800 68 0 68 0
1387503000 68 0 68 0
1387501200 68 0 68 0
1387499400 68 0 68 0
1387497600 68 0 68 0
1387495800 68 0 68 0
1387494000 68 0 68 0
1387492200 68 0 68 0
1387490400 68 0 68 0
1387488600 68 0 68 0
1387486800 68 0 68 0
1387485000 68 0 68 0
1387483200 68 0 68 0
1387481400 68 0 68 0
1387479600 68 0 68 0
1387477800 68 0 68 0
1387476000 68 0 68 0
1387474200 68 0 68 0
1387472400 68 0 68 0
1387470600 68 0 68 0
1387468800 68 0 68 0
1387467000 68 0 68 0
1387465200 68 0 68 0
1387463400 68 0 68 0
1387461600 68 0 68 0
1387459800 68 0 68 0
1387458000 68 0 68 0
1387456200 68 0 68 0
1387454400 68 0 68 0
1387452600 68 0 68 0
1387450800 68 0 68 0
1387449000 68 0 68 0
1387447200 68 0 68 0
1387445400 68 0 68 0
1387443600 68 0 68 0
1387441800 68 0 68 0
1387440000 68 0 68 0
1387438200 68 0 68 0
1387436400 68 0 68 0
1387434600 68 0 68 0
1387432800 68 0 68 0
1387431000 68 0 68 0
1387429200 68 0 68 0
1387427400 68 0 68 0
1387425600 68 0 68 0
1387423800 68 0 68 0
1387422000 68 0 68 0
1387420200 68 0 68 0
1387418400 68 0 68 0
1387416600 68 0 68 0
1387414800 68 0 68 0
1387413000 68 0 68 0
1387411200 68 0 68 0
1387409400 68 0 68 0
1387407600 68 0 68 0
1387405800 68 0 68 0
1387404000 68 0 68 0
1387402200 68 0 68 0
1387400400 68 0 68 0
1387398600 68 0 68 0
1387396800 68 0 68 0
1387395000 68 0 68 0
1387393200 68 0 68 0
1387391400 68 0 68 0
1387389600 68 0 68 0
1387387800 68 0 68 0
1387386000 68 0 68 0
1387384200 68 0 68 0
1387382400 68 0 68 0
1387380600 68 0 68 0
1387378800 68 0 68 0
1387377000 68 0 68 0
1387375200 68 0 68 0
1387373400 68 0 68 0
1387371600 68 0 68 0
1387369800 68 0 68 0
1387368000 68 0 68 0
1387366200 68 0 68 0
1387364400 68 0 68 0
1387362600 68 0 68 0
1387360800 68 0 68 0
1387359000 68 0 68 0
1387357200 68 0 68 0
1387355400 68 0 68 0
1387353600 68 0 68 0
1387351800 68 0 68 0
1387350000 68 0 68 0
1387348200 68 0 68 0
1387346400 68 0 68 0
1387344600 68 0 68 0
1387342800 68 0 68 0
1387341000 68 0 68 0
1387339200 68 0 68 0
1387337400 68 0 68 0
1387335600 68 0 68 0
1387333800 68 0 68 0
1387332000 68 0 68 0
1387330200 68 0 68 0
1387328400 68 0 68 0
1387326600 68 0 68 0
1387324800 68 0 68 0
1387323000 68 0 68 0
1387321200 68 0 68 0
1387319400 68 0 68 0
1387317600 68 0 68 0
1387315800 68 0 68 0
1387314000 68 0 68 0
1387312200 68 0 68 0
1387310400 68 0 68 0
1387308600 68 0 68 0
1387306800 68 0 68 0
1387305000 68 0 68 0
1387303200 68 0 68 0
1387301400 68 0 68 0
1387299600 68 0 68 0
1387297800 68 0 68 0
1387296000 68 0 68 0
1387294200 68 0 68 0
1387292400 68 0 68 0
1387290600 68 0 68 0
1387288800 68 0 68 0
1387287000 68 0 68 0
1387285200 68 0 68 0
1387283400 68 0 68 0
1387281600 68 0 68 0
1387279800 68 0 68 0
1387278000 68 0 68 0
1387276200 68 0 68 0
1387274400 68 0 68 0
1387272600 68 0 68 0
1387270800 68 0 68 0
1387269000 68 0 68 0
1387267200 68 0 68 0
1387265400 68 0 68 0
1387263600 68 0 68 0
1387261800 68 0 68 0
1387260000 68 0 68 0
1387258200 68 0 68 0
1387256400 68 0 68 0
1387254600 68 0 68 0
1387252800 68 0 68 0
1387251000 68 0 68 0
1387249200 68 0 68 0
1387247400 68 0 68 0
1387245600 68 0 68 0
1387243800 68 0 68 0
1387242000 68 0 68 0
1387240200 68 0 68 0
1387238400 68 0 68 0
1387236600 68 0 68 0
1387234800 68 0 68 0
1387233000 68 0 68 0
1387231200 68 0 68 0
1387229400 68 0 68 0
1387227600 68 0 68 0
1387225800 68 0 68 0
1387224000 68 0 68 0
1387222200 68 0 68 0
1387220400 68 0 68 0
1387218600 68 0 68 0
1387216800 68 0 68 0
1387215000 68 0 68 0
1387213200 68 0 68 0
1387211400 68 0 68 0
1387209600 68 0 68 0
1387207800 68 0 68 0
1387206000 68 0 68 0
1387204200 68 0 68 0
1387202400 68 0 68 0
1387200600 68 0 68 0
1387198800 68 0 68 0
1387197000 68 0 68 0
1387195200 68 0 68 0
1387193400 68 0 68 0
1387191600 68 0 68 0
1387189800 68 0 68 0
1387188000 68 0 68 0
1387186200 68 0 68 0
1387184400 68 0 68 0
1387182600 68 0 68 0
1387180800 68 0 68 0
1387179000 68 0 68 0
1387177200 68 0 68 0
1387175400 68 0 68 0
1387173600 68 0 68 0
1387171800 68 0 68 0
1387170000 68 0 68 0
1387168200 68 0 68 0
1387166400 68 0 68 0
1387164600 68 0 68 0
1387162800 68 0 68 0
1387161000 68 0 68 0
1387159200 68 0 68 0
1387157400 68 0 68 0
1387155600 68 0 68 0
1387153800 68 0 68 0
1387152000 68 0 68 0
1387150200 68 0 68 0
1387148400 68 0 68 0
1387146600 68 0 68 0
1387144800 68 0 68 0
1387143000 68 0 68 0
1387141200 68 0 68 0
1387139400 68 0 68 0
1387137600 68 0 68 0
1387135800 68 0 68 0
1387134000 68 0 68 0
1387132200 68 0 68 0
1387130400 68 0 68 0
1387128600 68 0 68 0
1387126800 68 0 68 0
1387125000 68 0 68 0
1387123200 68 0 68 0
1387121400 68 0 68 0
1387119600 68 0 68 0
1387117800 68 0 68 0
1387116000 68 0 68 0
1387114200 68 0 68 0
1387112400 68 0 68 0
1387110600 68 0 68 0
1387108800 68 0 68 0
1387107000 68 0 68 0
1387105200 68 0 68 0
1387103400 68 0 68 0
1387101600 68 0 68 0
1387099800 68 0 68 0
1387098000 68 0 68 0
1387096200 68 0 68 0
1387094400 68 0 68 0
1387092600 68 0 68 0
1387090800 68 0 68 0
1387089000 68 0 68 0
1387087200 68 0 68 0
1387085400 68 0 68 0
1387083600 68 0 68 0
1387081800 68 0 68 0
1387080000 68 0 68 0
1387078200 68 0 68 0
1387076400 68 0 68 0
1387074600 68 0 68 0
1387072800 68 0 68 0
1387071000 68 0 68 0
1387069200 68 0 68 0
1387067400 68 0 68 0
1387065600 68 0 68 0
1387063800 68 0 68 0
1387062000 68 0 68 0
1387060200 68 0 68 0
1387058400 68 0 68 0
1387056600 68 0 68 0
1387054800 68 0 68 0
1387053000 68 0 68 0
1387051200 68 0 68 0
1387049400 68 0 68 0
1387047600 68 0 68 0
1387045800 68 0 68 0
1387044000 68 0 68 0
1387042200 68 0 68 0
1387040400 68 0 68 0
1387038600 68 0 68 0
1387036800 68 0 68 0
1387035000 68 0 68 0
1387033200 68 0 68 0
1387031400 68 0 68 0
1387029600 68 0 68 0
1387027800 68 0 68 0
1387026000 68 0 68 0
1387024200 68 0 68 0
1387022400 68 0 68 0
1387020600 68 0 68 0
1387018800 68 0 68 0
1387017000 68 0 68 0
1387015200 68 0 68 0
1387013400 68 0 68 0
1387011600 68 0 68 0
1387009800 68 0 68 0
1387008000 68 0 68 0
1387006200 68 0 68 0
1387004400 68 0 68 0
1387002600 68 0 68 0
1387000800 68 0 68 0
1386999000 68 0 68 0
1386997200 68 0 68 0
1386995400 68 0 68 0
1386993600 68 0 68 0
1386991800 68 0 68 0
1386990000 68 0 68 0
1386988200 68 0 68 0
1386986400 68 0 68 0
1386984600 68 0 68 0
1386982800 68 0 68 0
1386981000 68 0 68 0
1386979200 68 0 68 0
1386977400 68 0 68 0
1386975600 68 0 68 0
1386973800 68 0 68 0
1386972000 68 0 68 0
1386970200 68 0 68 0
1386968400 68 0 68 0
1386966600 68 0 68 0
1386964800 68 0 68 0
1386963000 68 0 68 0
1386961200 68 0 68 0
1386959400 68 0 68 0
1386957600 68 0 68 0
1386955800 68 0 68 0
1386954000 68 0 68 0
1386952200 68 0 68 0
1386950400 68 0 68 0
1386948600 68 0 68 0
1386946800 68 0 68 0
1386945000 68 0 68 0
1386943200 68 0 68 0
1386941400 68 0 68 0
1386939600 68 0 68 0
1386937800 68 0 68 0
1386936000 68 0 68 0
1386934200 68 0 68 0
1386932400 68 0 68 0
1386930600 68 0 68 0
1386928800 68 0 68 0
1386927000 68 0 68 0
1386925200 68 0 68 0
1386923400 68 0 68 0
1386921600 68 0 68 0
1386919800 68 0 68 0
1386918000 68 0 68 0
1386916200 68 0 68 0
1386914400 68 0 68 0
1386912600 68 0 68 0
1386910800 68 0 68 0
1386909000 68 0 68 0
1386907200 68 0 68 0
1386905400 68 0 68 0
1386903600 68 0 68 0
1386901800 68 0 68 0
1386900000 68 0 68 0
1386898200 68 0 68 0
1386896400 68 0 68 0
1386894600 68 0 68 0
1386892800 68 0 68 0
1386891000 68 0 68 0
1386889200 68 0 68 0
1386887400 68 0 68 0
1386885600 68 0 68 0
1386883800 68 0 68 0
1386878400 68 0 68 0
1386871200 68 0 68 0
1386864000 68 0 68 0
1386856800 68 0 68 0
1386849600 68 0 68 0
1386842400 68 0 68 0
1386835200 68 0 68 0
1386828000 68 0 68 0
1386820800 68 0 68 0
1386813600 68 0 68 0
1386806400 68 0 68 0
1386799200 68 0 68 0
1386792000 68 0 68 0
1386784800 68 0 68 0
1386777600 68 0 68 0
1386770400 68 0 68 0
1386763200 68 0 68 0
1386756000 68 0 68 0
1386748800 68 0 68 0
1386741600 68 0 68 0
1386734400 68 0 68 0
1386727200 68 0 68 0
1386720000 68 0 68 0
1386712800 68 0 68 0
1386705600 68 0 68 0
1386698400 68 0 68 0
1386691200 68 0 68 0
1386684000 68 0 68 0
1386676800 68 0 68 0
1386669600 68 0 68 0
1386662400 68 0 68 0
1386655200 68 0 68 0
1386648000 68 0 68 0
1386640800 68 0 68 0
1386633600 68 0 68 0
1386626400 68 0 68 0
1386619200 68 0 68 0
1386612000 68 0 68 0
1386604800 68 0 68 0
1386597600 68 0 68 0
1386590400 68 0 68 0
1386583200 68 0 68 0
1386576000 68 0 68 0
1386568800 68 0 68 0
1386561600 68 0 68 0
1386554400 68 0 68 0
1386547200 68 0 68 0
1386540000 68 0 68 0
1386532800 68 0 68 0
1386525600 68 0 68 0
1386518400 68 0 68 0
1386511200 68 0 68 0
1386504000 68 0 68 0
1386496800 68 0 68 0
1386489600 68 0 68 0
1386482400 68 0 68 0
1386475200 68 0 68 0
1386468000 68 0 68 0
1386460800 68 0 68 0
1386453600 68 0 68 0
1386446400 68 0 68 0
1386439200 68 0 68 0
1386432000 68 0 68 0
1386424800 68 0 68 0
1386417600 68 0 68 0
1386410400 68 0 68 0
1386403200 68 0 68 0
1386396000 68 0 68 0
1386388800 68 0 68 0
1386381600 68 0 68 0
1386374400 68 0 68 0
1386367200 68 0 68 0
1386360000 68 0 68 0
1386352800 68 0 68 0
1386345600 68 0 68 0
1386338400 68 0 68 0
1386331200 68 0 68 0
1386324000 68 0 68 0
1386316800 68 0 68 0
1386309600 68 0 68 0
1386302400 68 0 68 0
1386295200 68 0 68 0
1386288000 68 0 68 0
1386280800 68 0 68 0
1386273600 68 0 68 0
1386266400 68 0 68 0
1386259200 68 0 68 0
1386252000 68 0 68 0
1386244800 68 0 68 0
1386237600 68 0 68 0
1386230400 68 0 68 0
1386223200 68 0 68 0
1386216000 68 0 68 0
1386208800 68 0 68 0
1386201600 68 0 68 0
1386194400 68 0 68 0
1386187200 68 0 68 0
1386180000 68 0 68 0
1386172800 68 0 68 0
1386165600 68 0 68 0
1386158400 68 0 68 0
1386151200 68 0 68 0
1386144000 68 0 68 0
1386136800 68 0 68 0
1386129600 68 0 68 0
1386122400 68 0 68 0
1386115200 68 0 68 0
1386108000 68 0 68 0
1386100800 68 0 68 0
1386093600 68 0 68 0
1386086400 68 0 68 0
1386079200 68 0 68 0
1386072000 68 0 68 0
1386064800 68 0 68 0
1386057600 68 0 68 0
1386050400 68 0 68 0
1386043200 68 0 68 0
1386036000 68 0 68 0
1386028800 68 0 68 0
1386021600 68 0 68 0
1386014400 68 0 68 0
1386007200 68 0 68 0
1386000000 68 0 68 0
1385992800 68 0 68 0
1385985600 68 0 68 0
1385978400 68 0 68 0
1385971200 68 0 68 0
1385964000 68 0 68 0
1385956800 68 0 68 0
1385949600 68 0 68 0
1385942400 68 0 68 0
1385935200 68 0 68 0
1385928000 68 0 68 0
1385920800 68 0 68 0
1385913600 68 0 68 0
1385906400 68 0 68 0
1385899200 68 0 68 0
1385892000 68 0 68 0
1385884800 68 0 68 0
1385877600 68 0 68 0
1385870400 68 0 68 0
1385863200 68 0 68 0
1385856000 68 0 68 0
1385848800 68 0 68 0
1385841600 68 0 68 0
1385834400 68 0 68 0
1385827200 68 0 68 0
1385820000 68 0 68 0
1385812800 68 0 68 0
1385805600 68 0 68 0
1385798400 68 0 68 0
1385791200 68 0 68 0
1385784000 68 0 68 0
1385776800 68 0 68 0
1385769600 68 0 68 0
1385762400 68 0 68 0
1385755200 68 0 68 0
1385748000 68 0 68 0
1385740800 68 0 68 0
1385733600 68 0 68 0
1385726400 68 0 68 0
1385719200 68 0 68 0
1385712000 68 0 68 0
1385704800 68 0 68 0
1385697600 68 0 68 0
1385690400 68 0 68 0
1385683200 68 0 68 0
1385676000 68 0 68 0
1385668800 68 0 68 0
1385661600 68 0 68 0
1385654400 68 0 68 0
1385647200 68 0 68 0
1385640000 68 0 68 0
1385632800 68 0 68 0
1385625600 68 0 68 0
1385618400 68 0 68 0
1385611200 68 0 68 0
1385604000 68 0 68 0
1385596800 68 0 68 0
1385589600 68 0 68 0
1385582400 68 0 68 0
1385575200 68 0 68 0
1385568000 68 0 68 0
1385560800 68 0 68 0
1385553600 68 0 68 0
1385546400 68 0 68 0
1385539200 68 0 68 0
1385532000 68 0 68 0
1385524800 68 0 68 0
1385517600 68 0 68 0
1385510400 68 0 68 0
1385503200 68 0 68 0
1385496000 68 0 68 0
1385488800 68 0 68 0
1385481600 68 0 68 0
1385474400 68 0 68 0
1385467200 68 0 68 0
1385460000 68 0 68 0
1385452800 68 0 68 0
1385445600 68 0 68 0
1385438400 68 0 68 0
1385431200 68 0 68 0
1385424000 68 0 68 0
1385416800 68 0 68 0
1385409600 68 0 68 0
1385402400 68 0 68 0
1385395200 68 0 68 0
1385388000 68 0 68 0
1385380800 68 0 68 0
1385373600 68 0 68 0
1385366400 68 0 68 0
1385359200 68 0 68 0
1385352000 68 0 68 0
1385344800 68 0 68 0
1385337600 68 0 68 0
1385330400 68 0 68 0
1385323200 68 0 68 0
1385316000 68 0 68 0
1385308800 68 0 68 0
1385301600 68 0 68 0
1385294400 68 0 68 0
1385287200 68 0 68 0
1385280000 68 0 68 0
1385272800 68 0 68 0
1385265600 68 0 68 0
1385258400 68 0 68 0
1385251200 68 0 68 0
1385244000 68 0 68 0
1385236800 68 0 68 0
1385229600 68 0 68 0
1385222400 68 0 68 0
1385215200 68 0 68 0
1385208000 68 0 68 0
1385200800 68 0 68 0
1385193600 68 0 68 0
1385186400 68 0 68 0
1385179200 68 0 68 0
1385172000 68 0 68 0
1385164800 68 0 68 0
1385157600 68 0 68 0
1385150400 68 0 68 0
1385143200 68 0 68 0
1385136000 68 0 68 0
1385128800 68 0 68 0
1385121600 68 0 68 0
1385114400 68 0 68 0
1385107200 68 0 68 0
1385100000 68 0 68 0
1385092800 68 0 68 0
1385085600 68 0 68 0
1385078400 68 0 68 0
1385071200 68 0 68 0
1385064000 68 0 68 0
1385056800 68 0 68 0
1385049600 68 0 68 0
1385042400 68 0 68 0
1385035200 68 0 68 0
1385028000 68 0 68 0
1385020800 68 0 68 0
1385013600 68 0 68 0
1385006400 68 0 68 0
1384999200 68 0 68 0
1384992000 68 0 68 0
1384984800 68 0 68 0
1384977600 68 0 68 0
1384970400 68 0 68 0
1384963200 68 0 68 0
1384956000 68 0 68 0
1384948800 68 0 68 0
1384941600 68 0 68 0
1384934400 68 0 68 0
1384927200 68 0 68 0
1384920000 68 0 68 0
1384912800 68 0 68 0
1384905600 68 0 68 0
1384898400 68 0 68 0
1384891200 68 0 68 0
1384884000 68 0 68 0
1384876800 68 0 68 0
1384869600 68 0 68 0
1384862400 68 0 68 0
1384855200 68 0 68 0
1384848000 68 0 68 0
1384840800 68 0 68 0
1384833600 68 0 68 0
1384826400 68 0 68 0
1384819200 68 0 68 0
1384812000 68 0 68 0
1384804800 68 0 68 0
1384797600 68 0 68 0
1384790400 68 0 68 0
1384783200 68 0 68 0
1384776000 68 0 68 0
1384768800 68 0 68 0
1384761600 68 0 68 0
1384754400 68 0 68 0
1384747200 68 0 68 0
1384740000 68 0 68 0
1384732800 68 0 68 0
1384725600 68 0 68 0
1384718400 68 0 68 0
1384711200 68 0 68 0
1384704000 68 0 68 0
1384696800 68 0 68 0
1384689600 68 0 68 0
1384682400 68 0 68 0
1384675200 68 0 68 0
1384668000 68 0 68 0
1384660800 68 0 68 0
1384653600 68 0 68 0
1384646400 68 0 68 0
1384639200 68 0 68 0
1384632000 68 0 68 0
1384624800 68 0 68 0
1384617600 68 0 68 0
1384610400 68 0 68 0
1384603200 68 0 68 0
1384596000 68 0 68 0
1384588800 68 0 68 0
1384581600 68 0 68 0
1384574400 68 0 68 0
1384567200 68 0 68 0
1384560000 68 0 68 0
1384552800 68 0 68 0
1384545600 68 0 68 0
1384538400 68 0 68 0
1384531200 68 0 68 0
1384524000 68 0 68 0
1384516800 68 0 68 0
1384509600 68 0 68 0
1384502400 68 0 68 0
1384495200 68 0 68 0
1384488000 68 0 68 0
1384480800 68 0 68 0
1384473600 68 0 68 0
1384466400 68 0 68 0
1384459200 68 0 68 0
1384452000 68 0 68 0
1384444800 68 0 68 0
1384437600 68 0 68 0
1384430400 68 0 68 0
1384423200 68 0 68 0
1384416000 68 0 68 0
1384408800 68 0 68 0
1384401600 68 0 68 0
1384394400 68 0 68 0
1384387200 68 0 68 0
1384380000 68 0 68 0
1384372800 68 0 68 0
1384365600 68 0 68 0
1384358400 68 0 68 0
1384351200 68 0 68 0
1384344000 68 0 68 0
1384336800 68 0 68 0
1384329600 68 0 68 0
1384322400 68 0 68 0
1384315200 68 0 68 0
1384308000 68 0 68 0
1384300800 68 0 68 0
1384293600 68 0 68 0
1384286400 68 0 68 0
1384279200 68 0 68 0
1384272000 68 0 68 0
1384264800 68 0 68 0
1384257600 68 0 68 0
1384250400 68 0 68 0
1384243200 68 0 68 0
1384236000 68 0 68 0
1384228800 68 0 68 0
1384221600 68 0 68 0
1384214400 68 0 68 0
1384207200 68 0 68 0
1384200000 68 0 68 0
1384192800 68 0 68 0
1384185600 68 0 68 0
1384178400 68 0 68 0
1384171200 68 0 68 0
1384164000 68 0 68 0
1384156800 68 0 68 0
1384149600 68 0 68 0
1384142400 68 0 68 0
1384135200 68 0 68 0
1384128000 68 0 68 0
1384120800 68 0 68 0
1384113600 68 0 68 0
1384106400 68 0 68 0
1384099200 68 0 68 0
1384092000 68 0 68 0
1384084800 68 0 68 0
1384077600 68 0 68 0
1384070400 68 0 68 0
1384063200 68 0 68 0
1384056000 68 0 68 0
1384048800 68 0 68 0
1384041600 68 0 68 0
1384034400 68 0 68 0
1384027200 68 0 68 0
1384020000 68 0 68 0
1384012800 68 0 68 0
1384005600 68 0 68 0
1383998400 68 0 68 0
1383991200 68 0 68 0
1383984000 68 0 68 0
1383976800 68 0 68 0
1383969600 68 0 68 0
1383962400 68 0 68 0
1383955200 68 0 68 0
1383948000 68 0 68 0
1383940800 68 0 68 0
1383933600 68 0 68 0
1383926400 68 0 68 0
1383919200 68 0 68 0
1383912000 68 0 68 0
1383904800 68 0 68 0
1383897600 68 0 68 0
1383890400 68 0 68 0
1383883200 68 0 68 0
1383876000 68 0 68 0
1383868800 68 0 68 0
1383861600 68 0 68 0
1383854400 68 0 68 0
1383847200 68 0 68 0
1383840000 68 0 68 0
1383832800 68 0 68 0
1383825600 68 0 68 0
1383818400 68 0 68 0
1383811200 68 0 68 0
1383804000 68 0 68 0
1383796800 68 0 68 0
1383789600 68 0 68 0
1383782400 68 0 68 0
1383775200 68 0 68 0
1383768000 68 0 68 0
1383760800 68 0 68 0
1383753600 68 0 68 0
1383746400 68 0 68 0
1383739200 68 0 68 0
1383732000 68 0 68 0
1383724800 68 0 68 0
1383717600 68 0 68 0
1383710400 68 0 68 0
1383703200 68 0 68 0
1383696000 68 0 68 0
1383688800 68 0 68 0
1383681600 68 0 68 0
1383674400 68 0 68 0
1383667200 68 0 68 0
1383660000 68 0 68 0
1383652800 68 0 68 0
1383645600 68 0 68 0
1383638400 68 0 68 0
1383631200 68 0 68 0
1383624000 68 0 68 0
1383616800 68 0 68 0
1383609600 68 0 68 0
1383602400 68 0 68 0
1383595200 68 0 68 0
1383588000 68 0 68 0
1383580800 68 0 68 0
1383573600 68 0 68 0
1383566400 68 0 68 0
1383559200 68 0 68 0
1383552000 68 0 68 0
1383544800 68 0 68 0
1383537600 68 0 68 0
1383530400 68 0 68 0
1383523200 68 0 68 0
1383516000 68 0 68 0
1383508800 68 0 68 0
1383501600 68 0 68 0
1383494400 68 0 68 0
1383487200 68 0 68 0
1383480000 68 0 68 0
1383472800 68 0 68 0
1383465600 68 0 68 0
1383458400 68 0 68 0
1383451200 68 0 68 0
1383444000 68 0 68 0
1383436800 68 0 68 0
1383429600 68 0 68 0
1383422400 68 0 68 0
1383415200 68 0 68 0
1383408000 68 0 68 0
1383400800 68 0 68 0
1383393600 68 0 68 0
1383386400 68 0 68 0
1383379200 68 0 68 0
1383372000 68 0 68 0
1383364800 68 0 68 0
1383357600 68 0 68 0
1383350400 68 0 68 0
1383343200 68 0 68 0
1383336000 68 0 68 0
1383328800 68 0 68 0
1383321600 68 0 68 0
1383314400 68 0 68 0
1383307200 68 0 68 0
1383300000 68 0 68 0
1383292800 68 0 68 0
1383285600 68 0 68 0
1383278400 68 0 68 0
1383271200 68 0 68 0
1383264000 68 0 68 0
1383256800 68 0 68 0
1383249600 68 0 68 0
1383242400 68 0 68 0
1383235200 68 0 68 0
1383228000 68 0 68 0
1383220800 68 0 68 0
1383213600 68 0 68 0
1383206400 68 0 68 0
1383199200 68 0 68 0
1383192000 68 0 68 0
1383184800 68 0 68 0
1383177600 68 0 68 0
1383170400 68 0 68 0
1383163200 68 0 68 0
1383156000 68 0 68 0
1383148800 68 0 68 0
1383141600 68 0 68 0
1383134400 68 0 68 0
1383127200 68 0 68 0
1383120000 68 0 68 0
1383112800 68 0 68 0
1383105600 68 0 68 0
1383098400 68 0 68 0
1383091200 68 0 68 0
1383084000 68 0 68 0
1383076800 68 0 68 0
1383069600 68 0 68 0
1383062400 68 0 68 0
1383055200 68 0 68 0
1383048000 68 0 68 0
1383040800 68 0 68 0
1383033600 68 0 68 0
1383026400 68 0 68 0
1383019200 68 0 68 0
1383012000 68 0 68 0
1383004800 68 0 68 0
1382997600 68 0 68 0
1382990400 68 0 68 0
1382983200 68 0 68 0
1382976000 68 0 68 0
1382968800 68 0 68 0
1382961600 68 0 68 0
1382954400 68 0 68 0
1382947200 68 0 68 0
1382940000 68 0 68 0
1382932800 68 0 68 0
1382925600 68 0 68 0
1382918400 68 0 68 0
1382911200 68 0 68 0
1382904000 68 0 68 0
1382896800 68 0 68 0
1382889600 68 0 68 0
1382882400 68 0 68 0
1382875200 68 0 68 0
1382868000 68 0 68 0
1382860800 68 0 68 0
1382853600 68 0 68 0
1382846400 68 0 68 0
1382839200 68 0 68 0
1382832000 68 0 68 0
1382824800 68 0 68 0
1382817600 68 0 68 0
1382810400 68 0 68 0
1382803200 68 0 68 0
1382796000 68 0 68 0
1382788800 68 0 68 0
1382781600 68 0 68 0
1382774400 68 0 68 0
1382767200 68 0 68 0
1382760000 68 0 68 0
1382752800 68 0 68 0
1382745600 68 0 68 0
1382738400 68 0 68 0
1382731200 68 0 68 0
1382724000 68 0 68 0
1382716800 68 0 68 0
1382709600 68 0 68 0
1382702400 68 0 68 0
1382695200 68 0 68 0
1382688000 68 0 68 0
1382680800 68 0 68 0
1382673600 68 0 68 0
1382666400 68 0 68 0
1382659200 68 0 68 0
1382652000 68 0 68 0
1382644800 68 0 68 0
1382637600 68 0 68 0
1382630400 68 0 68 0
1382623200 68 0 68 0
1382616000 68 0 68 0
1382608800 68 0 68 0
1382601600 68 0 68 0
1382594400 68 0 68 0
1382587200 68 0 68 0
1382580000 68 0 68 0
1382572800 68 0 68 0
1382565600 68 0 68 0
1382558400 68 0 68 0
1382486400 68 0 68 0
1382400000 68 0 68 0
1382313600 68 0 68 0
1382227200 68 0 68 0
1382140800 68 0 68 0
1382054400 68 0 68 0
1381968000 68 0 68 0
1381881600 68 0 68 0
1381795200 68 0 68 0
1381708800 68 0 68 0
1381622400 68 0 68 0
1381536000 68 0 68 0
1381449600 68 0 68 0
1381363200 68 0 68 0
1381276800 68 0 68 0
1381190400 68 0 68 0
1381104000 68 0 68 0
1381017600 68 0 68 0
1380931200 68 0 68 0
1380844800 68 0 68 0
1380758400 68 0 68 0
1380672000 68 0 68 0
1380585600 68 0 68 0
1380499200 68 0 68 0
1380412800 68 0 68 0
1380326400 68 0 68 0
1380240000 68 0 68 0
1380153600 68 0 68 0
1380067200 68 0 68 0
1379980800 68 0 68 0
1379894400 68 0 68 0
1379808000 68 0 68 0
1379721600 68 0 68 0
1379635200 68 0 68 0
1379548800 68 0 68 0
1379462400 68 0 68 0
1379376000 68 0 68 0
1379289600 68 0 68 0
1379203200 68 0 68 0
1379116800 68 0 68 0
1379030400 68 0 68 0
1378944000 68 0 68 0
1378857600 68 0 68 0
1378771200 68 0 68 0
1378684800 68 0 68 0
1378598400 68 0 68 0
1378512000 68 0 68 0
1378425600 68 0 68 0
1378339200 68 0 68 0
1378252800 68 0 68 0
1378166400 68 0 68 0
1378080000 68 0 68 0
1377993600 68 0 68 0
1377907200 68 0 68 0
1377820800 68 0 68 0
1377734400 68 0 68 0
1377648000 68 0 68 0
1377561600 68 0 68 0
1377475200 68 0 68 0
1377388800 68 0 68 0
1377302400 68 0 68 0
1377216000 68 0 68 0
1377129600 68 0 68 0
1377043200 68 0 68 0
1376956800 68 0 68 0
1376870400 68 0 68 0
1376784000 68 0 68 0
1376697600 68 0 68 0
1376611200 68 0 68 0
1376524800 68 0 68 0
1376438400 68 0 68 0
1376352000 68 0 68 0
1376265600 68 0 68 0
1376179200 68 0 68 0
1376092800 68 0 68 0
1376006400 68 0 68 0
1375920000 68 0 68 0
1375833600 68 0 68 0
1375747200 68 0 68 0
1375660800 68 0 68 0
1375574400 68 0 68 0
1375488000 68 0 68 0
1375401600 68 0 68 0
1375315200 68 0 68 0
1375228800 68 0 68 0
1375142400 68 0 68 0
1375056000 68 0 68 0
1374969600 68 0 68 0
1374883200 68 0 68 0
1374796800 68 0 68 0
1374710400 68 0 68 0
1374624000 68 0 68 0
1374537600 68 0 68 0
1374451200 68 0 68 0
1374364800 68 0 68 0
1374278400 68 0 68 0
1374192000 68 0 68 0
1374105600 68 0 68 0
1374019200 68 0 68 0
1373932800 68 0 68 0
1373846400 68 0 68 0
1373760000 68 0 68 0
1373673600 68 0 68 0
1373587200 68 0 68 0
1373500800 68 0 68 0
1373414400 68 0 68 0
1373328000 68 0 68 0
1373241600 68 0 68 0
1373155200 68 0 68 0
1373068800 68 0 68 0
1372982400 68 0 68 0
1372896000 68 0 68 0
1372809600 68 0 68 0
1372723200 68 0 68 0
1372636800 68 0 68 0
1372550400 68 0 68 0
1372464000 68 0 68 0
1372377600 68 0 68 0
1372291200 68 0 68 0
1372204800 68 0 68 0
1372118400 68 0 68 0
1372032000 68 0 68 0
1371945600 68 0 68 0
1371859200 68 0 68 0
1371772800 68 0 68 0
1371686400 68 0 68 0
1371600000 68 0 68 0
1371513600 68 0 68 0
1371427200 68 0 68 0
1371340800 68 0 68 0
1371254400 68 0 68 0
1371168000 68 0 68 0
1371081600 68 0 68 0
1370995200 68 0 68 0
1370908800 68 0 68 0
1370822400 68 0 68 0
1370736000 68 0 68 0
1370649600 68 0 68 0
1370563200 68 0 68 0
1370476800 68 0 68 0
1370390400 68 0 68 0
1370304000 68 0 68 0
1370217600 68 0 68 0
1370131200 68 0 68 0
1370044800 68 0 68 0
1369958400 68 0 68 0
1369872000 68 0 68 0
1369785600 68 0 68 0
1369699200 68 0 68 0
1369612800 68 0 68 0
1369526400 68 0 68 0
1369440000 68 0 68 0
1369353600 68 0 68 0
1369267200 68 0 68 0
1369180800 68 0 68 0
1369094400 68 0 68 0
1369008000 68 0 68 0
1368921600 68 0 68 0
1368835200 68 0 68 0
1368748800 68 0 68 0
1368662400 68 0 68 0
1368576000 68 0 68 0
1368489600 68 0 68 0
1368403200 68 0 68 0
1368316800 68 0 68 0
1368230400 68 0 68 0
1368144000 68 0 68 0
1368057600 68 0 68 0
1367971200 68 0 68 0
1367884800 68 0 68 0
1367798400 68 0 68 0
1367712000 68 0 68 0
1367625600 68 0 68 0
1367539200 68 0 68 0
1367452800 68 0 68 0
1367366400 68 0 68 0
1367280000 68 0 68 0
1367193600 68 0 68 0
1367107200 68 0 68 0
1367020800 68 0 68 0
1366934400 68 0 68 0
1366848000 68 0 68 0
1366761600 68 0 68 0
1366675200 68 0 68 0
1366588800 68 0 68 0
1366502400 68 0 68 0
1366416000 68 0 68 0
1366329600 68 0 68 0
1366243200 68 0 68 0
1366156800 68 0 68 0
1366070400 68 0 68 0
1365984000 68 0 68 0
1365897600 68 0 68 0
1365811200 68 0 68 0
1365724800 68 0 68 0
1365638400 68 0 68 0
1365552000 68 0 68 0
1365465600 68 0 68 0
1365379200 68 0 68 0
1365292800 68 0 68 0
1365206400 68 0 68 0
1365120000 68 0 68 0
1365033600 68 0 68 0
1364947200 68 0 68 0
1364860800 68 0 68 0
1364774400 68 0 68 0
1364688000 68 0 68 0
1364601600 68 0 68 0
1364515200 68 0 68 0
1364428800 68 0 68 0
1364342400 68 0 68 0
1364256000 68 0 68 0
1364169600 68 0 68 0
1364083200 68 0 68 0
1363996800 68 0 68 0
1363910400 68 0 68 0
1363824000 68 0 68 0
1363737600 68 0 68 0
1363651200 68 0 68 0
1363564800 68 0 68 0
1363478400 68 0 68 0
1363392000 68 0 68 0
1363305600 68 0 68 0
1363219200 68 0 68 0
1363132800 68 0 68 0
1363046400 68 0 68 0
1362960000 68 0 68 0
1362873600 68 0 68 0
1362787200 68 0 68 0
1362700800 68 0 68 0
1362614400 68 0 68 0
1362528000 68 0 68 0
1362441600 68 0 68 0
1362355200 68 0 68 0
1362268800 68 0 68 0
1362182400 68 0 68 0
1362096000 68 0 68 0
1362009600 68 0 68 0
1361923200 68 0 68 0
1361836800 68 0 68 0
1361750400 68 0 68 0
1361664000 68 0 68 0
1361577600 68 0 68 0
1361491200 68 0 68 0
1361404800 68 0 68 0
1361318400 68 0 68 0
1361232000 68 0 68 0
1361145600 68 0 68 0
1361059200 68 0 68 0
1360972800 68 0 68 0
1360886400 68 0 68 0
1360800000 68 0 68 0
1360713600 68 0 68 0
1360627200 68 0 68 0
1360540800 68 0 68 0
1360454400 68 0 68 0
1360368000 68 0 68 0
1360281600 68 0 68 0
1360195200 68 0 68 0
1360108800 68 0 68 0
1360022400 68 0 68 0
1359936000 68 0 68 0
1359849600 68 0 68 0
1359763200 68 0 68 0
1359676800 68 0 68 0
1359590400 68 0 68 0
1359504000 68 0 68 0
1359417600 68 0 68 0
1359331200 68 0 68 0
1359244800 68 0 68 0
1359158400 68 0 68 0
1359072000 68 0 68 0
1358985600 68 0 68 0
1358899200 68 0 68 0
1358812800 68 0 68 0
1358726400 68 0 68 0
1358640000 68 0 68 0
1358553600 68 0 68 0
1358467200 68 0 68 0
1358380800 68 0 68 0
1358294400 68 0 68 0
1358208000 68 0 68 0
1358121600 68 0 68 0
1358035200 68 0 68 0
1357948800 68 0 68 0
1357862400 68 0 68 0
1357776000 68 0 68 0
1357689600 68 0 68 0
1357603200 68 0 68 0
1357516800 68 0 68 0
1357430400 68 0 68 0
1357344000 68 0 68 0
1357257600 68 0 68 0
1357171200 68 0 68 0
1357084800 68 0 68 0
1356998400 68 0 68 0
1356912000 68 0 68 0
1356825600 68 0 68 0
1356739200 68 0 68 0
1356652800 68 0 68 0
1356566400 68 0 68 0
1356480000 68 0 68 0
1356393600 68 0 68 0
1356307200 68 0 68 0
1356220800 68 0 68 0
1356134400 68 0 68 0
1356048000 68 0 68 0
1355961600 68 0 68 0
1355875200 68 0 68 0
1355788800 68 0 68 0
1355702400 68 0 68 0
1355616000 68 0 68 0
1355529600 68 0 68 0
1355443200 68 0 68 0
1355356800 68 0 68 0
1355270400 68 0 68 0
1355184000 68 0 68 0
1355097600 68 0 68 0
1355011200 68 0 68 0
1354924800 68 0 68 0
1354838400 68 0 68 0
1354752000 68 0 68 0
1354665600 68 0 68 0
1354579200 68 0 68 0
1354492800 68 0 68 0
1354406400 68 0 68 0
1354320000 68 0 68 0
1354233600 68 0 68 0
1354147200 68 0 68 0
1354060800 68 0 68 0
1353974400 68 0 68 0
1353888000 68 0 68 0
1353801600 68 0 68 0
1353715200 68 0 68 0
1353628800 68 0 68 0
1353542400 68 0 68 0
1353456000 68 0 68 0
1353369600 68 0 68 0
1353283200 68 0 68 0
1353196800 68 0 68 0
1353110400 68 0 68 0
1353024000 68 0 68 0
1352937600 68 0 68 0
1352851200 68 0 68 0
1352764800 68 0 68 0
1352678400 68 0 68 0
1352592000 68 0 68 0
1352505600 68 0 68 0
1352419200 68 0 68 0
1352332800 68 0 68 0
1352246400 68 0 68 0
1352160000 68 0 68 0
1352073600 68 0 68 0
1351987200 68 0 68 0
1351900800 68 0 68 0
1351814400 68 0 68 0
1351728000 68 0 68 0
1351641600 68 0 68 0
1351555200 68 0 68 0
1351468800 91 0 142 0
1351382400 108 0 147 0
1351296000 126 0 150 0
1351209600 117 0 146 0
1351123200 125 0 152 0
1351036800 129 0 156 0
1350950400 117 0 156 0
1350864000 130 0 165 0
1350777600 147 0 164 0
1350691200 134 0 160 0
1350604800 142 0 160 0
1350518400 137 0 167 0
1350432000 125 0 157 0
1350345600 132 0 166 0
1350259200 123 0 166 0
1350172800 122 0 161 0
1350086400 128 0 164 0
1350000000 113 0 163 0
1349913600 135 0 178 0
1349827200 148 0 180 0
1349740800 129 0 168 0
1349654400 121 0 180 0
1349568000 119 0 156 0
1349481600 112 0 138 0
1349395200 115 0 152 0
1349308800 113 0 146 0
1349222400 128 0 148 0
1349136000 118 0 147 0
1349049600 114 0 146 0
1348963200 116 0 165 0
1348876800 129 0 160 0
1348790400 141 0 174 0
1348704000 142 0 165 0
1348617600 142 0 165 0
1348531200 127 0 164 0
1348444800 121 0 153 0
1348358400 107 0 147 0
1348272000 121 0 149 0
1348185600 112 0 153 0
1348099200 132 0 169 0
1348012800 124 0 181 0
1347926400 151 0 174 0
1347840000 138 0 167 0
1347753600 138 0 176 0
1347667200 88 0 169 0
1347580800 150 0 174 0
1347494400 128 0 166 0
1347408000 110 0 154 0
1347321600 126 0 166 0
1347235200 137 0 177 0
1347148800 130 0 168 0
1347062400 136 0 169 0
1346976000 143 0 174 0
1346889600 143 0 179 0
1346803200 124 0 153 0
1346716800 138 0 155 0
1346630400 115 0 156 0
1346544000 135 0 170 0
1346457600 129 0 169 0
1346371200 135 0 162 0
1346284800 108 0 155 0
1346198400 119 0 161 0
1346112000 123 0 162 0
1346025600 96 0 165 0
1345939200 118 0 173 0
1345852800 114 0 162 0
1345766400 73 0 175 0
1345680000 116 0 173 0
1345593600 144 0 169 0
1345507200 139 0 182 0
1345420800 121 0 169 0
1345334400 135 0 177 0
1345248000 63 0 159 0
1345161600 0 0 0 0
1345075200 0 0 0 0
1344988800 0 0 0 0
1344902400 0 0 0 0
1344816000 0 0 0 0
1344729600 0 0 0 0
1344643200 0 0 0 0
1344556800 0 0 0 0
1344470400 0 0 0 0
1344384000 0 0 0 0
1344297600 0 0 0 0
1344211200 0 0 0 0
1344124800 0 0 0 0
1344038400 0 0 0 0
1343952000 0 0 0 0
1343865600 0 0 0 0
1343779200 0 0 0 0
1343692800 0 0 0 0
1343606400 0 0 0 0
1343520000 0 0 0 0
1343433600 0 0 0 0
1343347200 0 0 0 0
1343260800 0 0 0 0
1343174400 0 0 0 0
1343088000 0 0 0 0
1343001600 0 0 0 0
1342915200 0 0 0 0
1342828800 0 0 0 0
1342742400 0 0 0 0
1342656000 0 0 0 0
1342569600 0 0 0 0
1342483200 0 0 0 0
1342396800 0 0 0 0
1342310400 0 0 0 0
1342224000 0 0 0 0
1342137600 0 0 0 0
1342051200 0 0 0 0
1341964800 0 0 0 0
1341878400 0 0 0 0
1341792000 0 0 0 0
1341705600 0 0 0 0
1341619200 0 0 0 0
1341532800 0 0 0 0
1341446400 0 0 0 0
1341360000 0 0 0 0
1341273600 0 0 0 0
1341187200 0 0 0 0
1341100800 0 0 0 0
1341014400 0 0 0 0
1340928000 0 0 0 0
1340841600 0 0 0 0
1340755200 0 0 0 0
1340668800 0 0 0 0
1340582400 0 0 0 0
1340496000 0 0 0 0
1340409600 0 0 0 0
1340323200 0 0 0 0
1340236800 0 0 0 0
1340150400 0 0 0 0
1340064000 0 0 0 0
1339977600 0 0 0 0
1339891200 0 0 0 0
1339804800 0 0 0 0
1339718400 0 0 0 0
1339632000 0 0 0 0
1339545600 0 0 0 0
1339459200 0 0 0 0
1339372800 0 0 0 0
1339286400 0 0 0 0
1339200000 0 0 0 0
1339113600 0 0 0 0
1339027200 0 0 0 0
1338940800 0 0 0 0
1338854400 0 0 0 0
1338768000 0 0 0 0
1338681600 0 0 0 0
1338595200 0 0 0 0
1338508800 0 0 0 0
1338422400 0 0 0 0
1338336000 0 0 0 0
1338249600 0 0 0 0
1338163200 0 0 0 0
1338076800 0 0 0 0
1337990400 0 0 0 0
1337904000 0 0 0 0
1337817600 0 0 0 0
1337731200 0 0 0 0
1337644800 0 0 0 0
1337558400 0 0 0 0
1337472000 0 0 0 0
1337385600 0 0 0 0
1337299200 0 0 0 0
1337212800 0 0 0 0
1337126400 0 0 0 0
1337040000 0 0 0 0
1336953600 0 0 0 0
1336867200 0 0 0 0
1336780800 0 0 0 0
1336694400 0 0 0 0
1336608000 0 0 0 0
1336521600 0 0 0 0
1336435200 0 0 0 0
1336348800 0 0 0 0
1336262400 0 0 0 0
1336176000 0 0 0 0
1336089600 0 0 0 0
1336003200 0 0 0 0
1335916800 0 0 0 0
1335830400 0 0 0 0
1335744000 0 0 0 0
1335657600 0 0 0 0
1335571200 0 0 0 0
1335484800 0 0 0 0
1335398400 0 0 0 0
1335312000 0 0 0 0
1335225600 0 0 0 0
1335139200 0 0 0 0
1335052800 0 0 0 0
1334966400 0 0 0 0
1334880000 0 0 0 0
1334793600 0 0 0 0
1334707200 0 0 0 0
1334620800 0 0 0 0
1334534400 0 0 0 0
1334448000 0 0 0 0
1334361600 0 0 0 0
1334275200 0 0 0 0
1334188800 0 0 0 0
1334102400 0 0 0 0
1334016000 0 0 0 0
1333929600 0 0 0 0
1333843200 0 0 0 0
1333756800 0 0 0 0
1333670400 0 0 0 0
1333584000 0 0 0 0
1333497600 0 0 0 0
1333411200 0 0 0 0
1333324800 0 0 0 0
1333238400 0 0 0 0
1333152000 0 0 0 0
1333065600 0 0 0 0
1332979200 0 0 0 0
1332892800 0 0 0 0
1332806400 0 0 0 0
1332720000 0 0 0 0
1332633600 0 0 0 0
1332547200 0 0 0 0
1332460800 0 0 0 0
1332374400 0 0 0 0
1332288000 0 0 0 0
1332201600 0 0 0 0
1332115200 0 0 0 0
1332028800 0 0 0 0
1331942400 0 0 0 0
1331856000 0 0 0 0
1331769600 0 0 0 0
1331683200 0 0 0 0
1331596800 0 0 0 0
1331510400 0 0 0 0
1331424000 0 0 0 0
1331337600 0 0 0 0
1331251200 0 0 0 0
1331164800 0 0 0 0
1331078400 0 0 0 0
1330992000 0 0 0 0
1330905600 0 0 0 0
1330819200 0 0 0 0
1330732800 0 0 0 0
1330646400 0 0 0 0
1330560000 0 0 0 0
1330473600 0 0 0 0
1330387200 0 0 0 0
1330300800 0 0 0 0
1330214400 0 0 0 0
1330128000 0 0 0 0
1330041600 0 0 0 0
1329955200 0 0 0 0
1329868800 0 0 0 0
1329782400 0 0 0 0
1329696000 0 0 0 0
1329609600 0 0 0 0
1329523200 0 0 0 0
1329436800 0 0 0 0
1329350400 0 0 0 0
1329264000 0 0 0 0
1329177600 0 0 0 0
1329091200 0 0 0 0
1329004800 0 0 0 0
1328918400 0 0 0 0
1328832000 0 0 0 0
1328745600 0 0 0 0
1328659200 0 0 0 0
1328572800 0 0 0 0
1328486400 0 0 0 0
1328400000 0 0 0 0
1328313600 0 0 0 0
1328227200 0 0 0 0
1328140800 0 0 0 0
1328054400 0 0 0 0
1327968000 0 0 0 0
1327881600 0 0 0 0
1327795200 0 0 0 0
1327708800 0 0 0 0
1327622400 0 0 0 0
1327536000 0 0 0 0
1327449600 0 0 0 0
1327363200 0 0 0 0
1327276800 0 0 0 0
1327190400 0 0 0 0
1327104000 0 0 0 0
1327017600 0 0 0 0
1326931200 0 0 0 0
1326844800 0 0 0 0
1326758400 0 0 0 0
1326672000 0 0 0 0
1326585600 0 0 0 0
1326499200 0 0 0 0
1326412800 0 0 0 0
1326326400 0 0 0 0
1326240000 0 0 0 0
1326153600 0 0 0 0
1326067200 0 0 0 0
1325980800 0 0 0 0
1325894400 0 0 0 0
1325808000 0 0 0 0
1325721600 0 0 0 0
1325635200 0 0 0 0
1325548800 0 0 0 0
1325462400 0 0 0 0
1325376000 0 0 0 0
1325289600 0 0 0 0
1325203200 0 0 0 0
1325116800 0 0 0 0
1325030400 0 0 0 0
1324944000 0 0 0 0
1324857600 0 0 0 0
1324771200 0 0 0 0
1324684800 0 0 0 0
1324598400 0 0 0 0
1324512000 0 0 0 0
1324425600 0 0 0 0
1324339200 0 0 0 0
1324252800 0 0 0 0
1324166400 0 0 0 0
1324080000 0 0 0 0
1323993600 0 0 0 0
1323907200 0 0 0 0
1323820800 0 0 0 0
1323734400 0 0 0 0
1323648000 0 0 0 0
1323561600 0 0 0 0
1323475200 0 0 0 0
1323388800 0 0 0 0
1323302400 0 0 0 0
1323216000 0 0 0 0
1323129600 0 0 0 0
1323043200 0 0 0 0
1322956800 0 0 0 0
1322870400 0 0 0 0
1322784000 0 0 0 0
1322697600 0 0 0 0
1322611200 0 0 0 0
1322524800 0 0 0 0
1322438400 0 0 0 0
1322352000 0 0 0 0
1322265600 0 0 0 0
1322179200 0 0 0 0
1322092800 0 0 0 0
1322006400 0 0 0 0
1321920000 0 0 0 0
1321833600 0 0 0 0
1321747200 0 0 0 0
1321660800 0 0 0 0
1321574400 0 0 0 0
1321488000 0 0 0 0
1321401600 0 0 0 0
1321315200 0 0 0 0
1321228800 0 0 0 0
1321142400 0 0 0 0
1321056000 0 0 0 0
1320969600 0 0 0 0
1320883200 0 0 0 0
1320796800 0 0 0 0
1320710400 0 0 0 0
1320624000 0 0 0 0
1320537600 0 0 0 0
1320451200 0 0 0 0
1320364800 0 0 0 0
1320278400 0 0 0 0
1320192000 0 0 0 0
1320105600 0 0 0 0
1320019200 0 0 0 0
1319932800 0 0 0 0
1319846400 0 0 0 0
1319760000 0 0 0 0
1319673600 0 0 0 0
1319587200 0 0 0 0
1319500800 0 0 0 0
1319414400 0 0 0 0
1319328000 0 0 0 0
