1422762432 7101 48
1422762432 7682 48 7682 48
1415263677 7682 48 7682 48
1415263500 7682 48 7682 48
1415263200 7682 48 7682 48
1415262900 7682 48 7690 48
1415262600 7690 48 7690 48
1415262300 7690 48 7690 48
1415262000 7690 48 7690 48
1415261700 7690 48 7690 48
1415261400 7690 48 7690 48
1415261100 7690 48 7690 48
1415260800 7690 48 7690 48
1415260500 7690 48 7690 48
1415260200 7690 48 7690 48
1415259900 7690 48 7690 48
1415259600 7690 48 7690 48
1415259300 7690 48 7690 48
1415259000 7690 48 7690 48
1415258700 7687 48 7690 48
1415258400 7683 48 7683 48
1415258100 7604 48 7683 48
1415257800 7603 48 7603 48
1415257500 7603 48 7603 48
1415257200 7603 48 7603 48
1415256900 7603 48 7603 48
1415256600 7603 48 7603 48
1415256300 7603 48 7603 48
1415256000 7603 48 7603 48
1415255700 7603 48 7603 48
1415255400 7603 48 7603 48
1415255100 7603 48 7603 48
1415254800 7603 48 7603 48
1415254500 7603 48 7603 48
1415254200 7603 48 7603 48
1415253900 7603 48 7603 48
1415253600 7603 48 7603 48
1415253300 7603 48 7603 48
1415253000 7603 48 7603 48
1415252700 7603 48 7603 48
1415252400 7603 48 7603 48
1415252100 7603 48 7603 48
1415251800 7603 48 7603 48
1415251500 7603 48 7603 48
1415251200 7603 48 7603 48
1415250900 7603 48 7603 48
1415250600 7603 48 7603 48
1415250300 7603 48 7603 48
1415250000 7603 48 7603 48
1415249700 7603 48 7603 48
1415249400 7603 48 7603 48
1415249100 7603 48 7603 48
1415248800 7603 48 7603 48
1415248500 7603 48 7603 48
1415248200 7833 48 7871 48
1415247900 7871 48 7871 48
1415247600 7871 48 7871 48
1415247300 7871 48 7871 48
1415247000 7871 48 7871 48
1415246700 7871 48 7871 48
1415246400 7871 48 7871 48
1415246100 7871 48 7871 48
1415245800 7871 48 7871 48
1415245500 7871 48 7871 48
1415245200 7871 48 7871 48
1415244900 7871 48 7871 48
1415244600 7871 48 7871 48
1415244300 7871 48 7871 48
1415244000 7871 48 7871 48
1415243700 7871 48 7871 48
1415243400 7871 48 7871 48
1415243100 7871 48 7871 48
1415242800 7871 48 7871 48
1415242500 7871 48 7871 48
1415242200 7871 48 7871 48
1415241900 7871 48 7871 48
1415241600 7871 48 7871 48
1415241300 7871 48 7871 48
1415241000 7871 48 7871 48
1415240700 7871 48 7871 48
1415240400 7871 48 7871 48
1415240100 7871 48 7871 48
1415239800 7871 48 7871 48
1415239500 7871 48 7871 48
1415239200 7871 48 7871 48
1415238900 7871 48 7871 48
1415238600 7871 48 7871 48
1415238300 7871 48 7871 48
1415238000 7871 48 7871 48
1415237700 7871 48 7871 48
1415237400 7871 48 7871 48
1415237100 7871 48 7871 48
1415236800 7871 48 7871 48
1415236500 7871 48 7871 48
1415236200 7871 48 7871 48
1415235900 7871 48 7871 48
1415235600 7871 48 7871 48
1415235300 7871 48 7871 48
1415235000 7871 48 7871 48
1415234700 7871 48 7871 48
1415234400 7871 48 7871 48
1415234100 7871 48 7871 48
1415233800 7871 48 7871 48
1415233500 7871 48 7871 48
1415233200 7871 48 7871 48
1415232900 7871 48 7871 48
1415232600 7871 48 7871 48
1415232300 7871 48 7871 48
1415232000 7871 48 7871 48
1415231700 7871 48 7871 48
1415231400 7871 48 7871 48
1415231100 7871 48 7871 48
1415230800 7871 48 7871 48
1415230500 7871 48 7871 48
1415230200 7871 48 7871 48
1415229900 7871 48 7871 48
1415229600 7871 48 7871 48
1415229300 7871 48 7871 48
1415229000 7871 48 7871 48
1415228700 7871 48 7871 48
1415228400 7871 48 7871 48
1415228100 7871 48 7871 48
1415227800 7871 48 7871 48
1415227500 7871 48 7871 48
1415227200 7871 48 7871 48
1415226900 7871 48 7871 48
1415226600 7871 48 7871 48
1415226300 7871 48 7871 48
1415226000 7871 48 7871 48
1415225700 7871 48 7871 48
1415225400 7871 48 7871 48
1415225100 7871 48 7871 48
1415224800 7871 48 7871 48
1415224500 7871 48 7871 48
1415224200 7871 48 7871 48
1415223900 7871 48 7871 48
1415223600 7871 48 7871 48
1415223300 7871 48 7871 48
1415223000 7871 48 7871 48
1415222700 7871 48 7871 48
1415222400 7871 48 7871 48
1415222100 7871 48 7871 48
1415221800 7871 48 7871 48
1415221500 7871 48 7871 48
1415221200 7871 48 7871 48
1415220900 7871 48 7871 48
1415220600 7871 48 7871 48
1415220300 7871 48 7871 48
1415220000 7871 48 7871 48
1415219700 7871 48 7871 48
1415219400 7871 48 7871 48
1415219100 7871 48 7871 48
1415218800 7871 48 7871 48
1415218500 7871 48 7871 48
1415218200 7871 48 7871 48
1415217900 7871 48 7871 48
1415217600 7871 48 7871 48
1415217300 7871 48 7871 48
1415217000 7871 48 7871 48
1415216700 7871 48 7871 48
1415216400 7871 48 7871 48
1415216100 7871 48 7871 48
1415215800 7871 48 7871 48
1415215500 7871 48 7871 48
1415215200 7871 48 7871 48
1415214900 7871 48 7871 48
1415214600 7871 48 7871 48
1415214300 7871 48 7871 48
1415214000 7871 48 7871 48
1415213700 7871 48 7871 48
1415213400 7871 48 7871 48
1415213100 7871 48 7871 48
1415212800 7871 48 7871 48
1415212500 7871 48 7871 48
1415212200 7871 48 7871 48
1415211900 7871 48 7871 48
1415211600 7871 48 7871 48
1415211300 7871 48 7871 48
1415211000 7871 48 7871 48
1415210700 7871 48 7871 48
1415210400 7871 48 7871 48
1415210100 7871 48 7871 48
1415209800 7871 48 7871 48
1415209500 7871 48 7871 48
1415209200 7871 48 7871 48
1415208900 7871 48 7871 48
1415208600 7871 48 7871 48
1415208300 7871 48 7871 48
1415208000 7871 48 7871 48
1415207700 7871 48 7871 48
1415207400 7871 48 7871 48
1415207100 7871 48 7871 48
1415206800 7871 48 7871 48
1415206500 7871 48 7871 48
1415206200 7871 48 7871 48
1415205900 7871 48 7871 48
1415205600 7871 48 7871 48
1415205300 7871 48 7871 48
1415205000 7871 48 7871 48
1415204700 7871 48 7871 48
1415204400 7871 48 7871 48
1415204100 7871 48 7871 48
1415203800 7871 48 7871 48
1415203500 7871 48 7871 48
1415203200 7871 48 7871 48
1415202900 7871 48 7871 48
1415202600 7871 48 7871 48
1415202300 7871 48 7871 48
1415202000 7871 48 7871 48
1415201700 7871 48 7871 48
1415201400 7871 48 7871 48
1415201100 7871 48 7871 48
1415200800 7871 48 7871 48
1415200500 7871 48 7871 48
1415200200 7871 48 7871 48
1415199900 7871 48 7871 48
1415199600 7871 48 7871 48
1415199300 7871 48 7871 48
1415199000 7826 48 7871 48
1415198700 7808 48 7808 48
1415198400 7808 48 7808 48
1415198100 7808 48 7808 48
1415197800 7854 48 7863 48
1415197500 7863 48 7863 48
1415197200 7863 48 7863 48
1415196900 7863 48 7863 48
1415196600 7863 48 7863 48
1415196300 7863 48 7863 48
1415196000 7863 48 7863 48
1415195700 7829 48 7863 48
1415195400 7824 48 7824 48
1415195100 7824 48 7824 48
1415194800 7824 48 7824 48
1415194500 7824 48 7824 48
1415194200 7824 48 7824 48
1415193900 7807 48 7824 48
1415193600 7783 48 7783 48
1415193300 7783 48 7783 48
1415193000 7245 48 7783 48
1415192700 7238 48 7238 48
1415192400 7238 48 7238 48
1415192100 7238 48 7238 48
1415191800 7238 48 7238 48
1415191500 7238 48 7238 48
1415191200 7238 48 7238 48
1415190900 7238 48 7238 48
1415190600 7238 48 7238 48
1415190300 7238 48 7238 48
1415190000 7238 48 7238 48
1415189700 7238 48 7238 48
1415189400 7238 48 7238 48
1415189100 7238 48 7238 48
1415188800 7238 48 7238 48
1415188500 7238 48 7238 48
1415188200 7238 48 7238 48
1415187900 7238 48 7238 48
1415187600 7238 48 7238 48
1415187300 7238 48 7238 48
1415187000 7238 48 7238 48
1415186700 7238 48 7238 48
1415186400 7238 48 7238 48
1415186100 7238 48 7238 48
1415185800 7238 48 7238 48
1415185500 7238 48 7238 48
1415185200 7238 48 7238 48
1415184900 7238 48 7238 48
1415184600 7238 48 7238 48
1415184300 7238 48 7238 48
1415184000 7238 48 7238 48
1415183700 7238 48 7238 48
1415183400 7238 48 7238 48
1415183100 7238 48 7238 48
1415182800 7238 48 7238 48
1415182500 7238 48 7238 48
1415182200 7238 48 7238 48
1415181900 7238 48 7238 48
1415181600 7238 48 7238 48
1415181300 7238 48 7238 48
1415181000 7238 48 7238 48
1415180700 7238 48 7238 48
1415180400 7238 48 7238 48
1415180100 7238 48 7238 48
1415179800 7238 48 7238 48
1415179500 7238 48 7238 48
1415179200 7238 48 7238 48
1415178900 7238 48 7238 48
1415178600 7238 48 7238 48
1415178300 7238 48 7238 48
1415178000 7238 48 7238 48
1415177700 7238 48 7238 48
1415177400 7238 48 7238 48
1415177100 7238 48 7238 48
1415176800 7238 48 7238 48
1415176500 7238 48 7238 48
1415176200 7238 48 7238 48
1415175900 7238 48 7238 48
1415175600 7238 48 7238 48
1415175300 7238 48 7238 48
1415175000 7238 48 7238 48
1415174700 7238 48 7238 48
1415174400 7238 48 7238 48
1415174100 7238 48 7238 48
1415173800 7238 48 7238 48
1415173500 7238 48 7238 48
1415173200 7238 48 7238 48
1415172900 7238 48 7238 48
1415172600 7238 48 7238 48
1415172300 7238 48 7238 48
1415172000 7238 48 7238 48
1415171700 7238 48 7238 48
1415171400 7238 48 7238 48
1415171100 7238 48 7238 48
1415170800 7238 48 7238 48
1415170500 7238 48 7238 48
1415170200 7238 48 7238 48
1415169900 7238 48 7238 48
1415169600 7238 48 7238 48
1415169300 7238 48 7238 48
1415169000 7238 48 7238 48
1415168700 7238 48 7238 48
1415168400 7238 48 7238 48
1415168100 7238 48 7238 48
1415167800 7238 48 7238 48
1415167500 7238 48 7238 48
1415167200 7238 48 7238 48
1415166900 7238 48 7238 48
1415166600 7238 48 7238 48
1415166300 7238 48 7238 48
1415166000 7238 48 7238 48
1415165700 7238 48 7238 48
1415165400 7238 48 7238 48
1415165100 7238 48 7238 48
1415164800 7238 48 7238 48
1415164500 7238 48 7238 48
1415164200 7238 48 7238 48
1415163900 7238 48 7238 48
1415163600 7238 48 7238 48
1415163300 7238 48 7238 48
1415163000 7238 48 7238 48
1415162700 7238 48 7238 48
1415162400 7238 48 7238 48
1415162100 7238 48 7238 48
1415161800 7238 48 7238 48
1415161500 7238 48 7238 48
1415161200 7238 48 7238 48
1415160900 7238 48 7238 48
1415160600 7238 48 7238 48
1415160300 7238 48 7238 48
1415160000 7238 48 7238 48
1415159700 7238 48 7238 48
1415159400 7238 48 7238 48
1415159100 7238 48 7238 48
1415158800 7238 48 7238 48
1415158500 7238 48 7238 48
1415158200 7238 48 7238 48
1415157900 7238 48 7238 48
1415157600 7238 48 7238 48
1415157300 7238 48 7238 48
1415157000 7238 48 7238 48
1415156700 7238 48 7238 48
1415156400 7238 48 7238 48
1415156100 7238 48 7238 48
1415155800 7238 48 7238 48
1415155500 7238 48 7238 48
1415155200 7238 48 7238 48
1415154900 7238 48 7238 48
1415154600 7238 48 7238 48
1415154300 7238 48 7238 48
1415154000 7238 48 7238 48
1415153700 7238 48 7238 48
1415153400 7238 48 7238 48
1415153100 7238 48 7238 48
1415152800 7238 48 7238 48
1415152500 7238 48 7238 48
1415152200 7238 48 7238 48
1415151900 7238 48 7238 48
1415151600 7238 48 7238 48
1415151300 7238 48 7238 48
1415151000 7238 48 7238 48
1415150700 7238 48 7238 48
1415150400 7238 48 7238 48
1415150100 7238 48 7238 48
1415149800 7238 48 7238 48
1415149500 7238 48 7238 48
1415149200 7238 48 7238 48
1415148900 7238 48 7238 48
1415148600 7238 48 7238 48
1415148300 7238 48 7238 48
1415148000 7238 48 7238 48
1415147700 7238 48 7238 48
1415147400 7238 48 7238 48
1415147100 7238 48 7238 48
1415146800 7238 48 7238 48
1415146500 7238 48 7238 48
1415146200 7238 48 7238 48
1415145900 7238 48 7238 48
1415145600 7238 48 7238 48
1415145300 7238 48 7238 48
1415145000 7238 48 7238 48
1415144700 7238 48 7238 48
1415144400 7238 48 7238 48
1415144100 7238 48 7238 48
1415143800 7238 48 7238 48
1415143500 7238 48 7238 48
1415143200 7238 48 7238 48
1415142900 7238 48 7238 48
1415142600 7238 48 7238 48
1415142300 7238 48 7238 48
1415142000 7238 48 7238 48
1415141700 7238 48 7238 48
1415141400 7238 48 7238 48
1415141100 7238 48 7238 48
1415140800 7238 48 7238 48
1415140500 7238 48 7238 48
1415140200 7238 48 7238 48
1415139900 7238 48 7238 48
1415139600 7238 48 7238 48
1415139300 7238 48 7238 48
1415139000 7238 48 7238 48
1415138700 7238 48 7238 48
1415138400 7238 48 7238 48
1415138100 7238 48 7238 48
1415137800 7238 48 7238 48
1415137500 7238 48 7238 48
1415137200 7238 48 7238 48
1415136900 7238 48 7238 48
1415136600 7238 48 7238 48
1415136300 7238 48 7238 48
1415136000 7238 48 7238 48
1415135700 7238 48 7238 48
1415135400 7238 48 7238 48
1415135100 7238 48 7238 48
1415134800 7238 48 7238 48
1415134500 7238 48 7238 48
1415134200 7238 48 7238 48
1415133900 7238 48 7238 48
1415133600 7238 48 7238 48
1415133300 7238 48 7238 48
1415133000 7238 48 7238 48
1415132700 7238 48 7238 48
1415132400 7238 48 7238 48
1415132100 7238 48 7238 48
1415131800 7238 48 7238 48
1415131500 7238 48 7238 48
1415131200 7238 48 7238 48
1415130900 7238 48 7238 48
1415130600 7238 48 7238 48
1415130300 7238 48 7238 48
1415130000 7238 48 7238 48
1415129700 7238 48 7238 48
1415129400 7238 48 7238 48
1415129100 7238 48 7238 48
1415128800 7238 48 7238 48
1415128500 7238 48 7238 48
1415128200 7238 48 7238 48
1415127900 7238 48 7238 48
1415127600 7238 48 7238 48
1415127300 7238 48 7238 48
1415127000 7238 48 7238 48
1415126700 7238 48 7238 48
1415126400 7238 48 7238 48
1415126100 7238 48 7238 48
1415125800 7238 48 7238 48
1415125500 7238 48 7238 48
1415125200 7238 48 7238 48
1415124900 7238 48 7238 48
1415124600 7238 48 7238 48
1415124300 7238 48 7238 48
1415124000 7238 48 7238 48
1415123700 7238 48 7238 48
1415123400 7238 48 7238 48
1415123100 7238 48 7238 48
1415122800 7238 48 7238 48
1415122500 7238 48 7238 48
1415122200 7238 48 7238 48
1415121900 7238 48 7238 48
1415121600 7238 48 7238 48
1415121300 7238 48 7238 48
1415121000 7238 48 7238 48
1415120700 7238 48 7238 48
1415120400 7238 48 7238 48
1415120100 7238 48 7238 48
1415119800 7238 48 7238 48
1415119500 7238 48 7238 48
1415119200 7238 48 7238 48
1415118900 7238 48 7238 48
1415118600 7238 48 7238 48
1415118300 7238 48 7238 48
1415118000 7238 48 7238 48
1415117700 7238 48 7238 48
1415117400 7238 48 7238 48
1415117100 7238 48 7238 48
1415116800 7238 48 7238 48
1415116500 7238 48 7238 48
1415116200 7238 48 7238 48
1415115900 7238 48 7238 48
1415115600 7238 48 7238 48
1415115300 7238 48 7238 48
1415115000 7238 48 7238 48
1415114700 7238 48 7238 48
1415114400 7238 48 7238 48
1415114100 7238 48 7238 48
1415113800 7238 48 7238 48
1415113500 7238 48 7238 48
1415113200 7238 48 7238 48
1415112900 7238 48 7238 48
1415112600 7238 48 7238 48
1415112300 7238 48 7238 48
1415112000 7238 48 7238 48
1415111700 7238 48 7238 48
1415111400 7238 48 7238 48
1415111100 7238 48 7238 48
1415110800 7238 48 7238 48
1415110500 7238 48 7238 48
1415110200 7238 48 7238 48
1415109900 7238 48 7238 48
1415109600 7238 48 7238 48
1415109300 7238 48 7238 48
1415109000 7238 48 7238 48
1415108700 7238 48 7238 48
1415108400 7238 48 7238 48
1415108100 7238 48 7238 48
1415107800 7238 48 7238 48
1415107500 7238 48 7238 48
1415107200 7238 48 7238 48
1415106900 7238 48 7238 48
1415106600 7238 48 7238 48
1415106300 7238 48 7238 48
1415106000 7238 48 7238 48
1415105700 7238 48 7238 48
1415105400 7238 48 7238 48
1415105100 7238 48 7238 48
1415104800 7238 48 7238 48
1415104500 7238 48 7238 48
1415104200 7238 48 7238 48
1415103900 7238 48 7238 48
1415103600 7238 48 7238 48
1415103300 7238 48 7238 48
1415103000 7238 48 7238 48
1415102700 7238 48 7238 48
1415102400 7238 48 7238 48
1415102100 7238 48 7238 48
1415101800 7238 48 7238 48
1415101500 7238 48 7238 48
1415101200 7238 48 7238 48
1415100900 7238 48 7238 48
1415100600 7238 48 7238 48
1415100300 7238 48 7238 48
1415100000 7238 48 7238 48
1415099700 7238 48 7238 48
1415099400 7238 48 7238 48
1415099100 7238 48 7238 48
1415098800 7238 48 7238 48
1415098500 7238 48 7238 48
1415098200 7238 48 7238 48
1415097900 7238 48 7238 48
1415097600 7238 48 7238 48
1415097300 7238 48 7238 48
1415097000 7238 48 7238 48
1415096700 7238 48 7238 48
1415096400 7238 48 7238 48
1415096100 7238 48 7238 48
1415095800 7238 48 7238 48
1415095500 7238 48 7238 48
1415095200 7238 48 7238 48
1415094900 7238 48 7238 48
1415094600 7238 48 7238 48
1415094300 7238 48 7238 48
1415094000 7238 48 7238 48
1415093700 7238 48 7238 48
1415093400 7238 48 7238 48
1415093100 7238 48 7238 48
1415092800 7238 48 7238 48
1415092500 7238 48 7238 48
1415092200 7238 48 7238 48
1415091900 7238 48 7238 48
1415091600 7238 48 7238 48
1415091300 7238 48 7238 48
1415091000 7238 48 7238 48
1415090700 7238 48 7238 48
1415090400 7238 48 7238 48
1415090100 7238 48 7238 48
1415089800 7238 48 7238 48
1415089500 7238 48 7238 48
1415089200 7238 48 7238 48
1415088900 7238 48 7238 48
1415088600 7238 48 7238 48
1415088300 7238 48 7238 48
1415088000 7238 48 7238 48
1415087700 7238 48 7238 48
1415087400 7238 48 7238 48
1415087100 7238 48 7238 48
1415086800 7238 48 7238 48
1415086500 7238 48 7238 48
1415086200 7238 48 7238 48
1415085900 7238 48 7238 48
1415085600 7238 48 7238 48
1415085300 7238 48 7238 48
1415085000 7238 48 7238 48
1415084700 7238 48 7238 48
1415084400 7238 48 7238 48
1415084100 7238 48 7238 48
1415083800 7238 48 7238 48
1415082600 7238 48 7238 48
1415080800 7238 48 7238 48
1415079000 7238 48 7238 48
1415077200 7238 48 7238 48
1415075400 7238 48 7238 48
1415073600 7238 48 7238 48
1415071800 7238 48 7238 48
1415070000 7238 48 7238 48
1415068200 7238 48 7238 48
1415066400 7238 48 7238 48
1415064600 7238 48 7238 48
1415062800 7238 48 7238 48
1415061000 7238 48 7238 48
1415059200 7238 48 7238 48
1415057400 7238 48 7238 48
1415055600 7238 48 7238 48
1415053800 7238 48 7238 48
1415052000 7238 48 7238 48
1415050200 7238 48 7238 48
1415048400 7238 48 7238 48
1415046600 7238 48 7238 48
1415044800 7238 48 7238 48
1415043000 7238 48 7238 48
1415041200 7238 48 7238 48
1415039400 7238 48 7238 48
1415037600 7238 48 7238 48
1415035800 7238 48 7238 48
1415034000 7238 48 7238 48
1415032200 7238 48 7238 48
1415030400 7238 48 7238 48
1415028600 7238 48 7238 48
1415026800 7238 48 7238 48
1415025000 7238 48 7238 48
1415023200 7238 48 7238 48
1415021400 7238 48 7238 48
1415019600 7238 48 7238 48
1415017800 7238 48 7238 48
1415016000 7238 48 7238 48
1415014200 7238 48 7238 48
1415012400 7238 48 7238 48
1415010600 7238 48 7238 48
1415008800 7238 48 7238 48
1415007000 7238 48 7238 48
1415005200 7238 48 7238 48
1415003400 7238 48 7238 48
1415001600 7238 48 7238 48
1414999800 7238 48 7238 48
1414998000 7238 48 7238 48
1414996200 7238 48 7238 48
1414994400 7238 48 7238 48
1414992600 7238 48 7238 48
1414990800 7238 48 7238 48
1414989000 7238 48 7238 48
1414987200 7238 48 7238 48
1414985400 7238 48 7238 48
1414983600 7238 48 7238 48
1414981800 7238 48 7238 48
1414980000 7238 48 7238 48
1414978200 7238 48 7238 48
1414976400 7238 48 7238 48
1414974600 7238 48 7238 48
1414972800 7238 48 7238 48
1414971000 7238 48 7238 48
1414969200 7238 48 7238 48
1414967400 7238 48 7238 48
1414965600 7238 48 7238 48
1414963800 7238 48 7238 48
1414962000 7238 48 7238 48
1414960200 7238 48 7238 48
1414958400 7238 48 7238 48
1414956600 7238 48 7238 48
1414954800 7238 48 7238 48
1414953000 7238 48 7238 48
1414951200 7238 48 7238 48
1414949400 7238 48 7238 48
1414947600 7238 48 7238 48
1414945800 7238 48 7238 48
1414944000 7238 48 7238 48
1414942200 7238 48 7238 48
1414940400 7238 48 7238 48
1414938600 7238 48 7238 48
1414936800 7238 48 7238 48
1414935000 7238 48 7238 48
1414933200 7238 48 7238 48
1414931400 7238 48 7238 48
1414929600 7238 48 7238 48
1414927800 7238 48 7238 48
1414926000 7238 48 7238 48
1414924200 7238 48 7238 48
1414922400 7238 48 7238 48
1414920600 7238 48 7238 48
1414918800 7238 48 7238 48
1414917000 7238 48 7238 48
1414915200 7238 48 7238 48
1414913400 7238 48 7238 48
1414911600 7238 48 7238 48
1414909800 7238 48 7238 48
1414908000 7238 48 7238 48
1414906200 7238 48 7238 48
1414904400 7238 48 7238 48
1414902600 7238 48 7238 48
1414900800 7238 48 7238 48
1414899000 7238 48 7238 48
1414897200 7238 48 7238 48
1414895400 7238 48 7238 48
1414893600 7238 48 7238 48
1414891800 7238 48 7238 48
1414890000 7238 48 7238 48
1414888200 7238 48 7238 48
1414886400 7238 48 7238 48
1414884600 7238 48 7238 48
1414882800 7238 48 7238 48
1414881000 7238 48 7238 48
1414879200 7238 48 7238 48
1414877400 7238 48 7238 48
1414875600 7238 48 7238 48
1414873800 7238 48 7238 48
1414872000 7238 48 7238 48
1414870200 7238 48 7238 48
1414868400 7238 48 7238 48
1414866600 7238 48 7238 48
1414864800 7238 48 7238 48
1414863000 7238 48 7238 48
1414861200 7238 48 7238 48
1414859400 7238 48 7238 48
1414857600 7238 48 7238 48
1414855800 7238 48 7238 48
1414854000 7238 48 7238 48
1414852200 7238 48 7238 48
1414850400 7238 48 7238 48
1414848600 7238 48 7238 48
1414846800 7238 48 7238 48
1414845000 7238 48 7238 48
1414843200 7238 48 7238 48
1414841400 7238 48 7238 48
1414839600 7238 48 7238 48
1414837800 7238 48 7238 48
1414836000 7238 48 7238 48
1414834200 7238 48 7238 48
1414832400 7238 48 7238 48
1414830600 7238 48 7238 48
1414828800 7238 48 7238 48
1414827000 7238 48 7238 48
1414825200 7238 48 7238 48
1414823400 7238 48 7238 48
1414821600 7238 48 7238 48
1414819800 7238 48 7238 48
1414818000 7238 48 7238 48
1414816200 7238 48 7238 48
1414814400 7238 48 7238 48
1414812600 7238 48 7238 48
1414810800 7238 48 7238 48
1414809000 7238 48 7238 48
1414807200 7238 48 7238 48
1414805400 7238 48 7238 48
1414803600 7238 48 7238 48
1414801800 7238 48 7238 48
1414800000 7238 48 7238 48
1414798200 7238 48 7238 48
1414796400 7238 48 7238 48
1414794600 7238 48 7238 48
1414792800 7238 48 7238 48
1414791000 7238 48 7238 48
1414789200 7238 48 7238 48
1414787400 7238 48 7238 48
1414785600 7238 48 7238 48
1414783800 7238 48 7238 48
1414782000 7238 48 7238 48
1414780200 7238 48 7238 48
1414778400 7238 48 7238 48
1414776600 7238 48 7238 48
1414774800 7238 48 7238 48
1414773000 7238 48 7238 48
1414771200 7238 48 7238 48
1414769400 7238 48 7238 48
1414767600 7238 48 7238 48
1414765800 7238 48 7238 48
1414764000 7238 48 7238 48
1414762200 7238 48 7238 48
1414760400 7238 48 7238 48
1414758600 7238 48 7238 48
1414756800 7238 48 7238 48
1414755000 7238 48 7238 48
1414753200 7238 48 7238 48
1414751400 7238 48 7238 48
1414749600 7238 48 7238 48
1414747800 7238 48 7238 48
1414746000 7238 48 7238 48
1414744200 7238 48 7238 48
1414742400 7238 48 7238 48
1414740600 7238 48 7238 48
1414738800 7238 48 7238 48
1414737000 7238 48 7238 48
1414735200 7238 48 7238 48
1414733400 7238 48 7238 48
1414731600 7238 48 7238 48
1414729800 7238 48 7238 48
1414728000 7238 48 7238 48
1414726200 7238 48 7238 48
1414724400 7238 48 7238 48
1414722600 7238 48 7238 48
1414720800 7238 48 7238 48
1414719000 7238 48 7238 48
1414717200 7238 48 7238 48
1414715400 7238 48 7238 48
1414713600 7238 48 7238 48
1414711800 7238 48 7238 48
1414710000 7238 48 7238 48
1414708200 7238 48 7238 48
1414706400 7238 48 7238 48
1414704600 7238 48 7238 48
1414702800 7238 48 7238 48
1414701000 7238 48 7238 48
1414699200 7238 48 7238 48
1414697400 7238 48 7238 48
1414695600 7238 48 7238 48
1414693800 7238 48 7238 48
1414692000 7238 48 7238 48
1414690200 7238 48 7238 48
1414688400 7238 48 7238 48
1414686600 7238 48 7238 48
1414684800 7238 48 7238 48
1414683000 7238 48 7238 48
1414681200 7238 48 7238 48
1414679400 7238 48 7238 48
1414677600 7238 48 7238 48
1414675800 7238 48 7238 48
1414674000 7238 48 7238 48
1414672200 7238 48 7238 48
1414670400 7238 48 7238 48
1414668600 7238 48 7238 48
1414666800 7238 48 7238 48
1414665000 7238 48 7238 48
1414663200 7238 48 7238 48
1414661400 7238 48 7238 48
1414659600 7238 48 7238 48
1414657800 7238 48 7238 48
1414656000 7238 48 7238 48
1414654200 7238 48 7238 48
1414652400 7238 48 7238 48
1414650600 7238 48 7238 48
1414648800 7238 48 7238 48
1414647000 7238 48 7238 48
1414645200 7238 48 7238 48
1414643400 7238 48 7238 48
1414641600 7238 48 7238 48
1414639800 7238 48 7238 48
1414638000 7238 48 7238 48
1414636200 7238 48 7238 48
1414634400 7238 48 7238 48
1414632600 7238 48 7238 48
1414630800 7238 48 7238 48
1414629000 7238 48 7238 48
1414627200 7238 48 7238 48
1414625400 7238 48 7238 48
1414623600 7238 48 7238 48
1414621800 7238 48 7238 48
1414620000 7238 48 7238 48
1414618200 7238 48 7238 48
1414616400 7238 48 7238 48
1414614600 7238 48 7238 48
1414612800 7238 48 7238 48
1414611000 7238 48 7238 48
1414609200 7238 48 7238 48
1414607400 7238 48 7238 48
1414605600 7238 48 7238 48
1414603800 7238 48 7238 48
1414602000 7238 48 7238 48
1414600200 7238 48 7238 48
1414598400 7238 48 7238 48
1414596600 7238 48 7238 48
1414594800 7238 48 7238 48
1414593000 7238 48 7238 48
1414591200 7238 48 7238 48
1414589400 7238 48 7238 48
1414587600 7238 48 7238 48
1414585800 7238 48 7238 48
1414584000 7238 48 7238 48
1414582200 7238 48 7238 48
1414580400 7238 48 7238 48
1414578600 7238 48 7238 48
1414576800 7238 48 7238 48
1414575000 7238 48 7238 48
1414573200 7238 48 7238 48
1414571400 7238 48 7238 48
1414569600 7238 48 7238 48
1414567800 7238 48 7238 48
1414566000 7238 48 7238 48
1414564200 7238 48 7238 48
1414562400 7238 48 7238 48
1414560600 7238 48 7238 48
1414558800 7238 48 7238 48
1414557000 7238 48 7238 48
1414555200 7238 48 7238 48
1414553400 7238 48 7238 48
1414551600 7238 48 7238 48
1414549800 7238 48 7238 48
1414548000 7238 48 7238 48
1414546200 7238 48 7238 48
1414544400 7238 48 7238 48
1414542600 7238 48 7238 48
1414540800 7238 48 7238 48
1414539000 7238 48 7238 48
1414537200 7238 48 7238 48
1414535400 7238 48 7238 48
1414533600 7238 48 7238 48
1414531800 7238 48 7238 48
1414530000 7238 48 7238 48
1414528200 7238 48 7238 48
1414526400 7238 48 7238 48
1414524600 7238 48 7238 48
1414522800 7238 48 7238 48
1414521000 7238 48 7238 48
1414519200 7238 48 7238 48
1414517400 7238 48 7238 48
1414515600 7238 48 7238 48
1414513800 7238 48 7238 48
1414512000 7238 48 7238 48
1414510200 7238 48 7238 48
1414508400 7238 48 7238 48
1414506600 7238 48 7238 48
1414504800 7238 48 7238 48
1414503000 7238 48 7238 48
1414501200 7238 48 7238 48
1414499400 7238 48 7238 48
1414497600 7238 48 7238 48
1414495800 7238 48 7238 48
1414494000 7238 48 7238 48
1414492200 7238 48 7238 48
1414490400 7238 48 7238 48
1414488600 7238 48 7238 48
1414486800 7238 48 7238 48
1414485000 7238 48 7238 48
1414483200 7238 48 7238 48
1414481400 7238 48 7238 48
1414479600 7238 48 7238 48
1414477800 7238 48 7238 48
1414476000 7238 48 7238 48
1414474200 7238 48 7238 48
1414472400 7238 48 7238 48
1414470600 7238 48 7238 48
1414468800 7238 48 7238 48
1414467000 7238 48 7238 48
1414465200 7238 48 7238 48
1414463400 7238 48 7238 48
1414461600 7238 48 7238 48
1414459800 7238 48 7238 48
1414458000 7238 48 7238 48
1414456200 7238 48 7238 48
1414454400 7238 48 7238 48
1414452600 7238 48 7238 48
1414450800 7238 48 7238 48
1414449000 7238 48 7417 48
1414447200 7416 48 7417 48
1414445400 7381 48 7424 48
1414443600 7424 48 7437 48
1414441800 7437 48 7483 48
1414440000 7483 48 7502 48
1414438200 7502 48 7538 48
1414436400 7538 48 7565 48
1414434600 7565 48 7654 48
1414432800 7654 48 7716 48
1414431000 7716 48 7773 48
1414429200 7773 48 7850 48
1414427400 7850 48 7879 48
1414425600 7879 48 7908 48
1414423800 7908 48 7925 48
1414422000 7925 48 7959 48
1414420200 7958 48 7959 48
1414418400 7901 48 8179 48
1414416600 8178 48 8179 48
1414414800 8143 48 8144 48
1414413000 8123 48 8124 48
1414411200 8058 48 8059 48
1414409400 7929 48 7930 48
1414407600 7891 48 7892 48
1414405800 7860 48 7866 48
1414404000 7866 48 7924 48
1414402200 7924 48 8006 48
1414400400 8006 48 8048 48
1414398600 8047 48 8048 48
1414396800 7966 48 7997 48
1414395000 7996 48 7997 48
1414393200 7986 48 7987 48
1414391400 7934 48 7935 48
1414389600 7929 48 7930 48
1414387800 7897 48 7920 48
1414386000 7920 48 7924 48
1414384200 7923 48 7924 48
1414382400 7840 48 7841 48
1414380600 7791 48 7792 48
1414378800 7732 48 7733 48
1414377000 7653 48 7654 48
1414375200 7539 48 7540 48
1414373400 7387 48 7388 48
1414371600 7250 48 7251 48
1414369800 7138 48 7139 48
1414368000 7113 48 7114 48
1414366200 7045 48 7046 48
1414364400 7037 48 7095 48
1414362600 7095 48 7119 48
1414360800 7119 48 7128 48
1414359000 7128 48 7161 48
1414357200 7161 48 7194 48
1414355400 7193 48 7194 48
1414353600 7184 48 7261 48
1414351800 7261 48 7274 48
1414350000 7274 48 7305 48
1414348200 7305 48 7364 48
1414346400 7364 48 7423 48
1414344600 7423 48 7444 48
1414342800 7444 48 7588 48
1414341000 7588 48 7699 48
1414339200 7699 48 7807 48
1414337400 7807 48 7852 48
1414335600 7852 48 7871 48
1414333800 7871 48 7897 48
1414332000 7896 48 7897 48
1414330200 7824 48 7825 48
1414328400 7788 48 7789 48
1414326600 7759 48 7760 48
1414324800 7753 48 7771 48
1414323000 7770 48 7771 48
1414321200 7769 48 7770 48
1414319400 7724 48 7725 48
1414317600 7718 48 7719 48
1414315800 7695 48 7696 48
1414314000 7686 48 7687 48
1414312200 7666 48 7678 48
1414310400 7677 48 7678 48
1414308600 7662 48 7663 48
1414306800 7578 48 7627 48
1414305000 7627 48 7663 48
1414303200 7663 48 7714 48
1414301400 7714 48 7716 48
1414299600 7715 48 7716 48
1414297800 7677 48 7704 48
1414296000 7703 48 7704 48
1414294200 7658 48 7659 48
1414292400 7646 48 7647 48
1414290600 7562 48 7563 48
1414288800 7539 48 7540 48
1414287000 7470 48 7471 48
1414285200 7394 48 7395 48
1414283400 7121 48 7122 48
1414281600 7087 48 7088 48
1414279800 7071 48 7072 48
1414278000 7055 48 7056 48
1414276200 6357 48 7031 48
1414274400 7031 48 7074 48
1414272600 7074 48 7085 48
1414270800 7085 48 7097 48
1414269000 7097 48 7139 48
1414267200 7139 48 7158 48
1414265400 7158 48 7176 48
1414263600 7176 48 7188 48
1414261800 7188 48 7255 48
1414260000 7255 48 7522 48
1414258200 7522 48 7628 48
1414256400 7628 48 7719 48
1414254600 7719 48 7732 48
1414252800 7732 48 7768 48
1414251000 7768 48 7793 48
1414249200 7793 48 7844 48
1414247400 7843 48 7844 48
1414245600 7842 48 7843 48
1414243800 7775 48 7776 48
1414242000 7734 48 7735 48
1414240200 7638 48 7639 48
1414238400 7611 48 7612 48
1414236600 7500 48 7553 48
1414234800 7552 48 7553 48
1414233000 7541 48 7542 48
1414231200 7527 48 7528 48
1414229400 7456 48 7471 48
1414227600 7471 48 7562 48
1414225800 7561 48 7562 48
1414224000 7534 48 7535 48
1414222200 7505 48 7506 48
1414220400 7483 48 7484 48
1414218600 7435 48 7436 48
1414216800 7389 48 7513 48
1414215000 7512 48 7513 48
1414213200 7502 48 7539 48
1414211400 7538 48 7539 48
1414209600 7493 48 7494 48
1414207800 7480 48 7481 48
1414206000 7435 48 7436 48
1414204200 7351 48 7352 48
1414202400 7330 48 7458 48
1414200600 7457 48 7458 48
1414198800 7343 48 7344 48
1414197000 7328 48 7329 48
1414195200 7295 48 7299 48
1414193400 7299 48 7321 48
1414191600 7320 48 7321 48
1414189800 7308 48 7330 48
1414188000 7330 48 7351 48
1414186200 7351 48 7399 48
1414184400 7399 48 7420 48
1414182600 7420 48 7425 48
1414180800 7425 48 7461 48
1414179000 7461 48 7466 48
1414177200 7466 48 7500 48
1414175400 7500 48 7545 48
1414173600 7545 48 7585 48
1414171800 7585 48 7669 48
1414170000 7669 48 7752 48
1414168200 7752 48 7798 48
1414166400 7798 48 7822 48
1414164600 7822 48 7889 48
1414162800 7889 48 7893 48
1414161000 7893 48 7900 48
1414159200 7899 48 7900 48
1414157400 7884 48 7885 48
1414155600 7784 48 7785 48
1414153800 7740 48 7741 48
1414152000 7683 48 7684 48
1414150200 7620 48 7621 48
1414148400 7563 48 7577 48
1414146600 7576 48 7577 48
1414144800 7572 48 7647 48
1414143000 7647 48 7742 48
1414141200 7742 48 7755 48
1414139400 7754 48 7755 48
1414137600 7721 48 7740 48
1414135800 7740 48 7782 48
1414134000 7781 48 7782 48
1414132200 7772 48 7773 48
1414130400 7751 48 7758 48
1414128600 7757 48 7758 48
1414126800 7745 48 7779 48
1414125000 7779 48 7794 48
1414123200 7793 48 7794 48
1414121400 7770 48 7771 48
1414119600 7737 48 7738 48
1414117800 7711 48 7712 48
1414116000 7606 48 7607 48
1414114200 7533 48 7534 48
1414112400 7411 48 7412 48
1414110600 7337 48 7338 48
1414108800 7334 48 7335 48
1414107000 7329 48 7356 48
1414105200 7356 48 7412 48
1414103400 7412 48 7414 48
1414101600 7414 48 7430 48
1414099800 7430 48 7436 48
1414098000 7436 48 7444 48
1414096200 7444 48 7466 48
1414094400 7466 48 7503 48
1414092600 7503 48 7544 48
1414090800 7544 48 7560 48
1414089000 7560 48 7592 48
1414087200 7592 48 7680 48
1414085400 7680 48 7727 48
1414083600 7727 48 7811 48
1414081800 7811 48 7825 48
1414080000 7825 48 7858 48
1414078200 7858 48 7952 48
1414076400 7952 48 7966 48
1414074600 7966 48 8033 48
1414072800 8032 48 8033 48
1414071000 8031 48 8032 48
1414069200 7969 48 7970 48
1414067400 7871 48 7872 48
1414065600 7782 48 7783 48
1414063800 7676 48 7677 48
1414062000 7653 48 7654 48
1414060200 7624 48 7669 48
1414058400 7669 48 7737 48
1414056600 7737 48 7842 48
1414054800 7842 48 7852 48
1414053000 7851 48 7852 48
1414051200 7826 48 7827 48
1414049400 7779 48 7814 48
1414047600 7813 48 7814 48
1414045800 7746 48 7792 48
1414044000 7792 48 7808 48
1414042200 7808 48 7813 48
1414040400 7812 48 7813 48
1414038600 7779 48 7780 48
1414036800 7743 48 7744 48
1414035000 7729 48 7730 48
1414033200 7717 48 7718 48
1414031400 7671 48 7672 48
1414029600 7569 48 7570 48
1414027800 7442 48 7443 48
1414026000 7301 48 7302 48
1414024200 7198 48 7199 48
1414022400 7152 48 7152 48
1414020600 7151 48 7152 48
1414018800 7146 48 7146 48
1414017000 7146 48 7182 48
1414015200 7182 48 7198 48
1414013400 7198 48 7211 48
1414011600 7211 48 7222 48
1414009800 7221 48 7222 48
1414008000 7219 48 7253 48
1414006200 7253 48 7271 48
1414004400 7271 48 7302 48
1414002600 7302 48 7370 48
1414000800 7445 48 7543 48
1413993600 7602 48 7802 48
1413986400 7757 48 7802 48
1413979200 7516 48 7632 48
1413972000 7562 48 7685 48
1413964800 7695 48 7712 48
1413957600 7657 48 7713 48
1413950400 7622 48 7713 48
1413943200 7258 48 7418 48
1413936000 7046 48 7066 48
1413928800 7104 48 7168 48
1413921600 7193 48 7289 48
1413914400 7400 48 7644 48
1413907200 7712 48 7777 48
1413900000 7623 48 7721 48
1413892800 7259 48 7432 48
1413885600 7377 48 7532 48
1413878400 7423 48 7497 48
1413871200 7339 48 7374 48
1413864000 7312 48 7320 48
1413856800 7031 48 7199 48
1413849600 6861 48 6891 48
1413842400 6976 48 7249 48
1413835200 7261 48 7326 48
1413828000 7455 48 7671 48
1413820800 7719 48 7756 48
1413813600 7684 48 7720 48
1413806400 7434 48 7582 48
1413799200 7341 48 7460 48
1413792000 7420 48 7622 48
1413784800 7597 48 7622 48
1413777600 7543 48 7583 48
1413770400 7045 48 7361 48
1413763200 6783 48 6827 48
1413756000 6840 48 6893 48
1413748800 6921 48 6983 48
1413741600 7067 48 7274 48
1413734400 7371 48 7425 48
1413727200 7351 48 7413 48
1413720000 7334 48 7386 48
1413712800 7288 48 7315 48
1413705600 7296 48 7305 48
1413698400 7304 48 7326 48
1413691200 7284 48 7321 48
1413684000 7242 48 7300 48
1413676800 7279 48 7305 48
1413669600 7305 48 7369 48
1413662400 7407 48 7479 48
1413655200 7569 48 7704 48
1413648000 7752 48 7807 48
1413640800 7603 48 7715 48
1413633600 7695 48 7727 48
1413626400 7730 48 7812 48
1413619200 7809 48 7821 48
1413612000 7725 48 7787 48
1413604800 7615 48 7655 48
1413597600 7420 48 7513 48
1413590400 7339 48 7349 48
1413583200 7382 48 7426 48
1413576000 7457 48 7515 48
1413568800 7614 48 7739 48
1413561600 7725 48 7772 48
1413554400 7612 48 7690 48
1413547200 7370 48 7415 48
1413540000 7434 48 7519 48
1413532800 7351 48 7523 48
1413525600 7516 48 7536 48
1413518400 7478 48 7539 48
1413511200 7145 48 7373 48
1413504000 6991 48 7029 48
1413496800 7053 48 7152 48
1413489600 7057 48 7400 48
1413482400 7499 48 7743 48
1413475200 7766 48 7802 48
1413468000 7712 48 7768 48
1413460800 7477 48 7561 48
1413453600 7589 48 7727 48
1413446400 7729 48 7750 48
1413439200 7682 48 7700 48
1413432000 7603 48 7643 48
1413424800 7142 48 7431 48
1413417600 7041 48 7126 48
1413410400 7043 48 7236 48
1413403200 7305 48 7363 48
1413396000 7412 48 7584 48
1413388800 7746 48 8019 48
1413381600 7890 48 7937 48
1413374400 7671 48 7788 48
1413367200 7645 48 7734 48
1413360000 7714 48 7734 48
1413352800 7653 48 7668 48
1413345600 7630 48 7657 48
1413338400 7344 48 7492 48
1413331200 6642 48 7260 48
1413324000 7290 48 7337 48
1413316800 7374 48 7417 48
1413309600 7527 48 7771 48
1413302400 7862 48 7925 48
1413295200 7847 48 7909 48
1413288000 7530 48 7782 48
1413280800 7730 48 7785 48
1413273600 7794 48 7841 48
1413266400 7773 48 7841 48
1413259200 7620 48 7667 48
1413252000 7358 48 7533 48
1413244800 7186 48 7319 48
1413237600 7324 48 7384 48
1413230400 7420 48 7521 48
1413223200 7627 48 7874 48
1413216000 7978 48 8040 48
1413208800 7989 48 8040 48
1413201600 7651 48 7758 48
1413194400 7608 48 7639 48
1413187200 7734 48 7900 48
1413180000 7875 48 7925 48
1413172800 7765 48 7851 48
1413165600 7412 48 7594 48
1413158400 7064 48 7273 48
1413151200 7289 48 7363 48
1413144000 7403 48 7500 48
1413136800 7622 48 7878 48
1413129600 7887 48 8167 48
1413122400 8089 48 8131 48
1413115200 7990 48 8018 48
1413108000 7974 48 8049 48
1413100800 8026 48 8056 48
1413093600 7995 48 8017 48
1413086400 7870 48 7929 48
1413079200 7701 48 7792 48
1413072000 7361 48 7557 48
1413064800 7498 48 7570 48
1413057600 7633 48 7722 48
1413050400 7796 48 8009 48
1413043200 8025 48 8081 48
1413036000 8021 48 8081 48
1413028800 7839 48 7919 48
1413021600 7815 48 7911 48
1413014400 7936 48 7998 48
1413007200 7997 48 8056 48
1413000000 7885 48 7913 48
1412992800 7704 48 7857 48
1412985600 7271 48 7553 48
1412978400 7496 48 7568 48
1412971200 7602 48 7715 48
1412964000 7774 48 8001 48
1412956800 8060 48 8182 48
1412949600 8061 48 8182 48
1412942400 7781 48 7863 48
1412935200 7839 48 7893 48
1412928000 7882 48 7908 48
1412920800 7876 48 7899 48
1412913600 7787 48 7815 48
1412906400 7498 48 7656 48
1412899200 7157 48 7417 48
1412892000 7437 48 7494 48
1412884800 7549 48 7669 48
1412877600 7756 48 7988 48
1412870400 8075 48 8130 48
1412863200 7945 48 8010 48
1412856000 7738 48 7838 48
1412848800 7700 48 7854 48
1412841600 7834 48 7953 48
1412834400 7897 48 7957 48
1412827200 7675 48 7891 48
1412820000 7637 48 7826 48
1412812800 7344 48 7424 48
1412805600 7407 48 7491 48
1412798400 7524 48 7585 48
1412791200 7688 48 7809 48
1412784000 7936 48 8019 48
1412776800 7816 48 7846 48
1412769600 7627 48 7697 48
1412762400 7745 48 7817 48
1412755200 7855 48 7885 48
1412748000 7877 48 7896 48
1412740800 7712 48 7794 48
1412733600 7270 48 7480 48
1412726400 7171 48 7246 48
1412719200 7254 48 7328 48
1412712000 7361 48 7422 48
1412704800 7494 48 7698 48
1412697600 7830 48 7967 48
1412690400 7811 48 7860 48
1412683200 7678 48 7739 48
1412676000 7602 48 7641 48
1412668800 7648 48 7687 48
1412661600 7668 48 7708 48
1412654400 7650 48 7708 48
1412647200 7388 48 7545 48
1412640000 7157 48 7197 48
1412632800 7206 48 7283 48
1412625600 7307 48 7401 48
1412618400 7452 48 7643 48
1412611200 7691 48 7725 48
1412604000 7667 48 7686 48
1412596800 7605 48 7633 48
1412589600 7508 48 7590 48
1412582400 7443 48 7475 48
1412575200 7436 48 7459 48
1412568000 7362 48 7456 48
1412560800 7270 48 7393 48
1412553600 6679 48 7102 48
1412546400 7050 48 7099 48
1412539200 7144 48 7240 48
1412532000 7345 48 7483 48
1412524800 7621 48 7723 48
1412517600 7644 48 7716 48
1412510400 7514 48 7569 48
1412503200 7474 48 7503 48
1412496000 7442 48 7492 48
1412488800 7490 48 7509 48
1412481600 7435 48 7455 48
1412474400 7240 48 7351 48
1412467200 7072 48 7154 48
1412460000 7105 48 7144 48
1412452800 7201 48 7310 48
1412445600 7377 48 7568 48
1412438400 7610 48 7641 48
1412431200 7536 48 7597 48
1412424000 7427 48 7473 48
1412416800 7483 48 7571 48
1412409600 7563 48 7576 48
1412402400 7504 48 7530 48
1412395200 7389 48 7460 48
1412388000 7014 48 7179 48
1412380800 6812 48 6900 48
1412373600 6847 48 6935 48
1412366400 6980 48 7068 48
1412359200 7149 48 7393 48
1412352000 7429 48 7556 48
1412344800 7565 48 7601 48
1412337600 7462 48 7484 48
1412330400 7449 48 7470 48
1412323200 7431 48 7453 48
1412316000 7428 48 7469 48
1412308800 7368 48 7426 48
1412301600 7116 48 7225 48
1412294400 6779 48 7092 48
1412287200 7094 48 7154 48
1412280000 7195 48 7294 48
1412272800 7377 48 7539 48
1412265600 7607 48 7679 48
1412258400 7602 48 7679 48
1412251200 7505 48 7535 48
1412244000 7493 48 7519 48
1412236800 7473 48 7521 48
1412229600 7528 48 7545 48
1412222400 7451 48 7470 48
1412215200 7275 48 7369 48
1412208000 7013 48 7241 48
1412200800 7171 48 7260 48
1412193600 7309 48 7418 48
1412186400 7485 48 7594 48
1412179200 7682 48 7731 48
1412172000 7655 48 7679 48
1412164800 7597 48 7662 48
1412157600 7687 48 7720 48
1412150400 7692 48 7721 48
1412143200 7579 48 7628 48
1412136000 7454 48 7510 48
1412128800 7264 48 7348 48
1412121600 6880 48 7111 48
1412114400 7020 48 7072 48
1412107200 7081 48 7301 48
1412100000 7249 48 7726 48
1412092800 7841 48 7935 48
1412085600 7839 48 7915 48
1412078400 7535 48 7621 48
1412071200 7648 48 7673 48
1412064000 7656 48 7691 48
1412056800 7708 48 7760 48
1412049600 7651 48 7742 48
1412042400 7309 48 7482 48
1412035200 7155 48 7200 48
1412028000 7205 48 7232 48
1412020800 7265 48 7358 48
1412013600 7458 48 7594 48
1412006400 7580 48 7594 48
1411999200 7556 48 7596 48
1411992000 7366 48 7468 48
1411984800 7374 48 7442 48
1411977600 7370 48 7414 48
1411970400 7529 48 7812 48
1411963200 7759 48 7812 48
1411956000 7467 48 7621 48
1411948800 7320 48 7373 48
1411941600 7388 48 7423 48
1411934400 7440 48 7524 48
1411927200 7677 48 7847 48
1411920000 7840 48 8018 48
1411912800 8012 48 8025 48
1411905600 7862 48 7979 48
1411898400 7994 48 8046 48
1411891200 8023 48 8042 48
1411884000 7991 48 8028 48
1411876800 7984 48 8025 48
1411869600 7578 48 7814 48
1411862400 7367 48 7425 48
1411855200 7439 48 7519 48
1411848000 7555 48 7684 48
1411840800 7783 48 8011 48
1411833600 8095 48 8161 48
1411826400 8079 48 8161 48
1411819200 7954 48 8011 48
1411812000 7880 48 7898 48
1411804800 7896 48 7929 48
1411797600 7900 48 7916 48
1411790400 7857 48 7878 48
1411783200 7640 48 7778 48
1411776000 7032 48 7474 48
1411768800 7436 48 7471 48
1411761600 7515 48 7659 48
1411754400 7726 48 7860 48
1411747200 7930 48 7985 48
1411740000 7877 48 7934 48
1411732800 7673 48 7739 48
1411725600 7714 48 7828 48
1411718400 7817 48 7862 48
1411711200 7804 48 7848 48
1411704000 7682 48 7748 48
1411696800 7378 48 7563 48
1411689600 6813 48 7296 48
1411682400 7289 48 7364 48
1411675200 7433 48 7605 48
1411668000 7685 48 7884 48
1411660800 7899 48 7925 48
1411653600 7857 48 7912 48
1411646400 7684 48 7749 48
1411639200 7722 48 7803 48
1411632000 7840 48 7867 48
1411624800 7753 48 7800 48
1411617600 7620 48 7648 48
1411610400 7306 48 7471 48
1411603200 6689 48 7172 48
1411596000 7191 48 7267 48
1411588800 7296 48 7369 48
1411581600 7467 48 7677 48
1411574400 7698 48 7735 48
1411567200 7846 48 7984 48
1411560000 7852 48 7904 48
1411552800 7915 48 8013 48
1411545600 8001 48 8053 48
1411538400 8040 48 8077 48
1411531200 7895 48 7944 48
1411524000 7555 48 7784 48
1411516800 6956 48 7390 48
1411509600 7388 48 7432 48
1411502400 7315 48 7641 48
1411495200 7731 48 7906 48
1411488000 7992 48 8053 48
1411480800 7981 48 8049 48
1411473600 7777 48 7817 48
1411466400 7825 48 7854 48
1411459200 7796 48 7827 48
1411452000 7743 48 7809 48
1411444800 7616 48 7653 48
1411437600 7375 48 7555 48
1411430400 6679 48 7289 48
1411423200 7287 48 7337 48
1411416000 7405 48 7560 48
1411408800 7601 48 7811 48
1411401600 7911 48 7982 48
1411394400 7851 48 7975 48
1411387200 7741 48 7803 48
1411380000 7848 48 7890 48
1411372800 7791 48 7851 48
1411365600 7782 48 7948 48
1411358400 7773 48 7948 48
1411351200 7465 48 7610 48
1411344000 7164 48 7383 48
1411336800 7350 48 7420 48
1411329600 7453 48 7525 48
1411322400 7606 48 7740 48
1411315200 7791 48 7825 48
1411308000 7833 48 7873 48
1411300800 7786 48 7843 48
1411293600 8012 48 8082 48
1411286400 8046 48 8079 48
1411279200 8021 48 8079 48
1411272000 7866 48 7912 48
1411264800 7636 48 7778 48
1411257600 7269 48 7471 48
1411250400 7488 48 7572 48
1411243200 7610 48 7710 48
1411236000 7831 48 7991 48
1411228800 7984 48 8028 48
1411221600 7975 48 8028 48
1411214400 7715 48 7793 48
1411207200 7709 48 7859 48
1411200000 7823 48 7865 48
1411192800 7722 48 7752 48
1411185600 7526 48 7630 48
1411178400 7079 48 7240 48
1411171200 6838 48 7156 48
1411164000 7176 48 7222 48
1411156800 7265 48 7359 48
1411149600 7450 48 7538 48
1411142400 7544 48 7564 48
1411135200 7496 48 7548 48
1411128000 7319 48 7419 48
1411120800 7338 48 7462 48
1411113600 7425 48 7514 48
1411106400 7548 48 7640 48
1411099200 7539 48 7640 48
1411092000 7190 48 7349 48
1411084800 6140 48 7070 48
1411077600 7125 48 7282 48
1411070400 7319 48 7373 48
1411063200 7490 48 7894 48
1411056000 7967 48 8033 48
1411048800 7909 48 8018 48
1411041600 7562 48 7737 48
1411034400 7697 48 7755 48
1411027200 8018 48 8453 48
1411020000 8353 48 8393 48
1411012800 8282 48 8325 48
1411005600 7894 48 8126 48
1410998400 7495 48 7733 48
1410991200 7789 48 7935 48
1410984000 8015 48 8153 48
1410976800 8255 48 8391 48
1410969600 8456 48 8501 48
1410962400 8392 48 8459 48
1410955200 8137 48 8300 48
1410948000 8114 48 8274 48
1410940800 8257 48 8291 48
1410933600 8297 48 8381 48
1410926400 8338 48 8381 48
1410919200 7949 48 8203 48
1410912000 7035 48 7708 48
1410904800 7692 48 7780 48
1410897600 7834 48 7964 48
1410890400 8060 48 8232 48
1410883200 8301 48 8354 48
1410876000 8292 48 8353 48
1410868800 8130 48 8256 48
1410861600 8082 48 8159 48
1410854400 8165 48 8198 48
1410847200 8197 48 8218 48
1410840000 8150 48 8211 48
1410832800 7848 48 7985 48
1410825600 7055 48 7775 48
1410818400 7777 48 8016 48
1410811200 8090 48 8182 48
1410804000 8329 48 8562 48
1410796800 8591 48 8649 48
1410789600 8626 48 8668 48
1410782400 8278 48 8447 48
1410775200 8267 48 8325 48
1410768000 8317 48 8371 48
1410760800 8302 48 8343 48
1410753600 8164 48 8286 48
1410746400 7753 48 7951 48
1410739200 7445 48 7695 48
1410732000 7706 48 7792 48
1410724800 7832 48 7932 48
1410717600 8019 48 8153 48
1410710400 8055 48 8441 48
1410703200 8440 48 8470 48
1410696000 8396 48 8411 48
1410688800 8343 48 8381 48
1410681600 8204 48 8295 48
1410674400 8280 48 8328 48
1410667200 8262 48 8324 48
1410660000 8098 48 8171 48
1410652800 7744 48 7950 48
1410645600 7849 48 8033 48
1410638400 8074 48 8194 48
1410631200 8303 48 8465 48
1410624000 8513 48 8584 48
1410616800 8531 48 8584 48
1410609600 8455 48 8503 48
1410602400 8530 48 8572 48
1410595200 8422 48 8496 48
1410588000 8247 48 8357 48
1410580800 8087 48 8215 48
1410573600 7747 48 7853 48
1410566400 6695 48 7782 48
1410559200 7827 48 7953 48
1410552000 7999 48 8056 48
1410544800 8078 48 8201 48
1410537600 8246 48 8293 48
1410530400 8156 48 8281 48
1410523200 7787 48 7967 48
1410516000 7629 48 8279 48
1410508800 8289 48 8335 48
1410501600 8232 48 8275 48
1410494400 7981 48 8193 48
1410487200 7822 48 8045 48
1410480000 7249 48 7691 48
1410472800 7710 48 7856 48
1410465600 7919 48 8031 48
1410458400 8148 48 8434 48
1410451200 8482 48 8519 48
1410444000 8429 48 8497 48
1410436800 8142 48 8237 48
1410429600 8211 48 8294 48
1410422400 8242 48 8294 48
1410415200 8271 48 8283 48
1410408000 8225 48 8283 48
1410400800 7747 48 8002 48
1410393600 7380 48 7629 48
1410386400 7642 48 7741 48
1410379200 7834 48 7992 48
1410372000 8096 48 8288 48
1410364800 8360 48 8473 48
1410357600 8382 48 8473 48
1410350400 8152 48 8264 48
1410343200 8225 48 8264 48
1410336000 8270 48 8304 48
1410328800 8270 48 8298 48
1410321600 8163 48 8210 48
1410314400 7805 48 8046 48
1410307200 7223 48 7692 48
1410300000 7681 48 7707 48
1410292800 7794 48 7912 48
1410285600 8029 48 8244 48
1410278400 8305 48 8341 48
1410271200 8243 48 8340 48
1410264000 8069 48 8102 48
1410256800 8119 48 8192 48
1410249600 8079 48 8147 48
1410242400 8047 48 8083 48
1410235200 8019 48 8083 48
1410228000 7601 48 7851 48
1410220800 7282 48 7471 48
1410213600 7479 48 7547 48
1410206400 7562 48 7653 48
1410199200 7758 48 8000 48
1410192000 8114 48 8214 48
1410184800 8184 48 8214 48
1410177600 8184 48 8297 48
1410170400 8232 48 8293 48
1410163200 8230 48 8269 48
1410156000 8217 48 8233 48
1410148800 8196 48 8223 48
1410141600 8007 48 8099 48
1410134400 7797 48 7866 48
1410127200 7826 48 7896 48
1410120000 7945 48 8022 48
1410112800 8127 48 8320 48
1410105600 8365 48 8407 48
1410098400 8388 48 8418 48
1410091200 8328 48 8397 48
1410084000 8342 48 8397 48
1410076800 8276 48 8308 48
1410069600 8229 48 8258 48
1410062400 8230 48 8270 51
1410055200 7960 51 8068 51
1410048000 7725 51 7837 51
1410040800 7770 51 7818 51
1410033600 7812 51 7867 51
1410026400 7981 51 8126 51
1410019200 8200 51 8271 51
1410012000 8208 51 8253 51
1410004800 8085 51 8123 51
1409997600 8114 51 8128 51
1409990400 8047 51 8079 51
1409983200 7993 51 8225 51
1409976000 8154 51 8224 51
1409968800 7956 51 8056 51
1409961600 7173 51 7804 51
1409954400 7589 51 7832 51
1409947200 7787 51 7947 51
1409940000 8004 51 8185 51
1409932800 8183 51 8240 51
1409925600 8130 51 8240 51
1409918400 7851 51 7914 51
1409911200 7948 51 8072 51
1409904000 8068 51 8117 51
1409896800 8090 51 8169 51
1409889600 8121 51 8169 51
1409882400 7843 51 7975 51
1409875200 7624 51 7746 51
1409868000 7764 51 7844 51
1409860800 7838 51 7896 51
1409853600 7929 51 8082 51
1409846400 8196 51 8347 51
1409839200 8242 51 8347 51
1409832000 7924 51 8069 51
1409824800 7882 51 7960 51
1409817600 7951 51 7984 51
1409810400 7915 51 7938 51
1409803200 7843 51 7938 51
1409796000 7520 51 7709 51
1409788800 7368 51 7421 51
1409781600 7466 51 7517 51
1409774400 7482 51 7703 51
1409767200 7779 51 7931 51
1409760000 8005 51 8131 51
1409752800 8029 51 8131 51
1409745600 7822 51 7846 51
1409738400 7890 51 8015 51
1409731200 8096 51 8265 51
1409724000 8234 51 8265 51
1409716800 8134 51 8245 51
1409709600 7654 51 7929 51
1409702400 7389 51 7526 51
1409695200 7592 51 7683 51
1409688000 7742 51 7808 51
1409680800 8086 51 8240 51
1409616000 8336 51 8778 51
1409529600 7201 51 8356 51
1409443200 6602 51 6848 51
1409356800 6462 51 6760 51
1409270400 7186 51 8154 51
1409184000 7665 51 7932 51
1409097600 7629 51 8112 51
1409011200 7891 51 8368 51
1408924800 7675 51 7959 51
1408838400 7801 51 8108 51
1408752000 7760 51 8061 51
1408665600 7835 51 8263 51
1408579200 8048 51 8413 51
1408492800 7997 51 8488 51
1408406400 8012 51 8487 51
1408320000 7930 51 8281 51
1408233600 8092 51 8419 51
1408147200 8043 51 8363 51
1408060800 7779 51 8244 51
1407974400 7670 51 8065 51
1407888000 7747 51 8047 51
1407801600 7865 51 8337 51
1407715200 7821 51 8290 51
1407628800 8009 51 8356 51
1407542400 7932 51 8182 51
1407456000 7974 51 8260 51
1407369600 7956 51 8404 51
1407283200 7873 51 8258 51
1407196800 7795 51 8125 51
1407110400 7843 51 8241 51
1407024000 7872 51 8183 51
1406937600 7769 51 8129 51
1406851200 7787 51 8174 51
1406764800 7676 51 8155 51
1406678400 7535 51 7947 51
1406592000 7546 51 8116 51
1406505600 7732 51 8164 51
1406419200 7798 51 8198 51
1406332800 7777 51 8076 51
1406246400 7793 51 8138 51
1406160000 7820 51 8276 51
1406073600 7553 51 7999 51
1405987200 7569 51 7894 51
1405900800 7656 51 8016 51
1405814400 7615 51 8024 51
1405728000 7730 51 8170 51
1405641600 7885 51 8320 51
1405555200 7831 51 8217 51
1405468800 7944 51 8303 51
1405382400 7827 51 8275 51
1405296000 7871 51 8355 51
1405209600 7726 51 8273 51
1405123200 7469 51 7717 51
1405036800 7640 51 8125 51
1404950400 7680 51 8063 51
1404864000 7955 51 8493 51
1404777600 8107 51 8524 51
1404691200 8044 51 8465 51
1404604800 8291 51 8679 51
1404518400 8303 51 8588 51
1404432000 8326 51 8706 51
1404345600 8406 51 8890 51
1404259200 8506 51 8862 51
1404172800 8536 51 8891 51
1404086400 8309 51 8643 51
1404000000 8464 51 8856 51
1403913600 8384 51 8738 51
1403827200 8397 51 8823 51
1403740800 8732 51 9179 51
1403654400 8647 51 9024 51
1403568000 8431 51 8806 51
1403481600 8278 51 8598 51
1403395200 8158 51 8448 51
1403308800 7992 51 8339 51
1403222400 7808 51 8308 51
1403136000 8158 51 8660 51
1403049600 8259 51 8742 51
1402963200 8381 51 8880 51
1402876800 8239 51 8721 51
1402790400 8178 51 8713 51
1402704000 8157 51 8732 51
1402617600 8277 51 8595 51
1402531200 8071 51 8670 51
1402444800 7891 51 8365 51
1402358400 8159 51 8721 51
1402272000 8595 51 9137 51
1402185600 8768 51 9386 51
1402099200 8734 51 9121 51
1402012800 8871 51 9321 51
1401926400 8907 51 9341 51
1401840000 8835 51 9300 51
1401753600 8594 51 8920 51
1401667200 8831 51 9251 51
1401580800 8802 51 9068 51
1401494400 8696 51 9097 51
1401408000 8404 51 8835 51
1401321600 8486 51 8888 51
1401235200 8280 51 8785 51
1401148800 8294 51 8783 51
1401062400 8377 51 8693 51
1400976000 8575 51 9011 51
1400889600 8481 51 8820 51
1400803200 8496 51 8980 51
1400716800 8542 50 8929 51
1400630400 8842 50 9237 50
1400544000 8794 50 9429 50
1400457600 8652 50 9011 50
1400371200 8638 50 9046 50
1400284800 8325 50 8804 50
1400198400 8487 50 8985 50
1400112000 8690 50 9174 50
1400025600 8718 50 9248 50
1399939200 8735 50 9225 50
1399852800 8722 50 9193 50
1399766400 8800 50 9182 50
1399680000 8615 50 9108 50
1399593600 8311 50 8680 50
1399507200 8576 49 9063 50
1399420800 8562 49 8868 49
1399334400 8545 49 8962 49
1399248000 8507 49 9120 49
1399161600 8529 49 8884 49
1399075200 8652 49 8951 49
1398988800 8673 48 9000 49
1398902400 8542 48 9027 48
1398816000 8721 48 9169 48
1398729600 8604 48 9063 48
1398643200 8663 47 9149 48
1398556800 8658 47 8996 47
1398470400 8682 47 9128 47
1398384000 8644 47 9149 47
1398297600 8562 47 9077 47
1398211200 8884 47 9281 47
1398124800 8917 47 9231 47
1398038400 8902 47 9320 47
1397952000 8818 47 9267 50
1397865600 8726 50 9214 50
1397779200 8745 49 9226 50
1397692800 8703 49 9033 49
1397606400 8648 49 9068 49
1397520000 8516 49 9275 49
1397433600 8705 49 9136 49
1397347200 8706 49 9063 49
1397260800 8669 49 9017 49
1397174400 8431 49 9016 49
1397088000 8433 49 8967 49
1397001600 7873 49 8941 49
1396915200 8022 49 8378 49
1396828800 7816 49 8257 49
1396742400 8075 49 8465 49
1396656000 8277 49 8667 49
1396569600 8670 49 8965 49
1396483200 8688 49 9034 49
1396396800 8515 49 8985 49
1396310400 8511 49 8968 49
1396224000 8460 49 8868 49
1396137600 8548 49 9003 49
1396051200 8202 49 8651 49
1395964800 8314 49 8773 49
1395878400 8297 49 8732 49
1395792000 8242 49 8598 49
1395705600 8259 49 8614 49
1395619200 8243 49 8716 49
1395532800 8082 49 8429 49
1395446400 7776 49 8075 49
1395360000 7746 49 8072 49
1395273600 7807 49 8171 49
1395187200 7622 49 8066 49
1395100800 8070 49 8523 49
1395014400 8042 49 8486 49
1394928000 8093 49 8443 49
1394841600 8034 49 8322 49
1394755200 8193 49 8512 49
1394668800 8186 49 8633 49
1394582400 8402 49 8769 49
1394496000 8464 49 8870 49
1394409600 8386 49 8770 49
1394323200 8372 49 8796 49
1394236800 8107 49 8713 49
1394150400 8540 49 8871 49
1394064000 8343 49 8621 49
1393977600 8276 49 8693 49
1393891200 8632 49 9460 49
1393804800 8783 49 9332 49
1393718400 9033 49 9508 49
1393632000 8873 49 9443 49
1393545600 8919 49 9311 49
1393459200 8683 49 9026 49
1393372800 8686 49 9134 49
1393286400 8659 49 9187 49
1393200000 8508 49 9007 49
1393113600 8627 49 9230 49
1393027200 8659 49 9097 49
1392940800 8883 49 9380 49
1392854400 8738 49 9387 49
1392768000 8788 49 9328 49
1392681600 8722 49 9309 49
1392595200 8765 49 9360 49
1392508800 8811 49 9339 49
1392422400 9025 49 9413 49
1392336000 8644 49 9256 49
1392249600 8501 49 8963 49
1392163200 8645 49 9083 49
1392076800 8527 49 8911 49
1391990400 8533 49 9159 49
1391904000 8493 48 8883 49
1391817600 8363 48 8848 48
1391731200 8173 48 8526 48
1391644800 8056 48 8456 48
1391558400 7861 48 8280 48
1391472000 7648 48 8118 48
1391385600 7716 48 8029 48
1391299200 7827 48 8085 48
1391212800 7790 48 8180 48
1391126400 7957 48 8237 48
1391040000 8102 48 8405 48
1390953600 8300 48 8649 48
1390867200 8457 48 8954 48
1390780800 8584 48 9054 48
1390694400 8288 48 8563 48
1390608000 8178 48 8551 48
1390521600 8284 48 8600 48
1390435200 8357 48 8819 48
1390348800 8528 48 8977 48
1390262400 8430 48 8807 48
1390176000 8548 48 8991 48
1390089600 8570 48 8857 48
1390003200 8532 48 8865 48
1389916800 8534 48 9060 48
1389830400 8582 48 9094 48
1389744000 8563 48 9007 48
1389657600 7911 48 8464 48
1389571200 8191 48 8679 48
1389484800 7822 48 8493 48
1389398400 7614 48 7969 48
1389312000 7757 48 8207 48
1389225600 7622 48 8031 48
1389139200 7527 48 8098 48
1389052800 7500 48 8047 48
1388966400 7844 48 8663 48
1388880000 8439 48 8743 48
1388793600 8478 48 9038 48
1388707200 8545 48 9086 48
1388620800 8546 48 9045 48
1388534400 8139 48 8435 48
1388448000 8416 48 9029 48
1388361600 8493 48 8913 48
1388275200 8391 48 8827 48
1388188800 6230 40 8572 48
1388102400 3986 38 3986 38
1388016000 3986 38 3986 38
1387929600 3986 38 3986 38
1387843200 3986 38 3986 38
1387756800 3986 38 3986 38
1387670400 3986 38 3986 38
1387584000 3986 38 3986 38
1387497600 3986 38 3986 38
1387411200 3986 38 3986 38
1387324800 3986 38 3986 38
1387238400 3986 38 3986 38
1387152000 3986 38 3986 38
1387065600 3986 38 3986 38
1386979200 3986 38 3986 38
1386892800 3986 38 3986 38
1386806400 3986 38 3986 38
1386720000 3986 38 3986 38
1386633600 3986 38 3986 38
1386547200 3986 38 3986 38
1386460800 3986 38 3986 38
1386374400 3986 38 3986 38
1386288000 3986 38 3986 38
1386201600 3986 38 3986 38
1386115200 3986 38 3986 38
1386028800 3986 38 3986 38
1385942400 3986 38 3986 38
1385856000 3986 38 3986 38
1385769600 3986 38 3986 38
1385683200 3986 38 3986 38
1385596800 3986 38 3986 38
1385510400 3986 38 3986 38
1385424000 3986 38 3986 38
1385337600 3986 38 3986 38
1385251200 3986 38 3986 38
1385164800 3986 38 3986 38
1385078400 3986 38 3986 38
1384992000 3986 38 3986 38
1384905600 3986 38 3986 38
1384819200 3986 38 3986 38
1384732800 3986 38 3986 38
1384646400 3986 38 3986 38
1384560000 3986 38 3986 38
1384473600 3986 38 3986 38
1384387200 3986 38 3986 38
1384300800 3986 38 3986 38
1384214400 3986 38 3986 38
1384128000 3986 38 3986 38
1384041600 3986 38 3986 38
1383955200 3986 38 3986 38
1383868800 3986 38 3986 38
1383782400 3986 38 3986 38
1383696000 3986 38 3986 38
1383609600 3986 38 3986 38
1383523200 3986 38 3986 38
1383436800 3986 38 3986 38
1383350400 3986 38 3986 38
1383264000 3986 38 3986 38
1383177600 3986 38 3986 38
1383091200 3986 38 3986 38
1383004800 3986 38 3986 38
1382918400 3986 38 3986 38
1382832000 3986 38 3986 38
1382745600 3986 38 3986 38
1382659200 3986 38 3986 38
1382572800 3986 38 3986 38
1382486400 3986 38 3986 38
1382400000 3986 38 3986 38
1382313600 3986 38 3986 38
1382227200 3986 38 3986 38
1382140800 3986 38 3986 38
1382054400 3986 38 3986 38
1381968000 3986 38 3986 38
1381881600 3986 38 3986 38
1381795200 3986 38 3986 38
1381708800 3986 38 3986 38
1381622400 3986 38 3986 38
1381536000 3986 38 3986 38
1381449600 3986 38 3986 38
1381363200 3986 38 3986 38
1381276800 3986 38 3986 38
1381190400 3986 38 3986 38
1381104000 3986 38 3986 38
1381017600 3986 38 3986 38
1380931200 3986 38 3986 38
1380844800 3986 38 3986 38
1380758400 3986 38 3986 38
1380672000 3986 38 3986 38
1380585600 3986 38 3986 38
1380499200 3986 38 3986 38
1380412800 3986 38 3986 38
1380326400 3986 38 3986 38
1380240000 3986 38 3986 38
1380153600 3986 38 3986 38
1380067200 3986 38 3986 38
1379980800 3986 38 3986 38
1379894400 3986 38 3986 38
1379808000 3986 38 3986 38
1379721600 3986 38 3986 38
1379635200 3986 38 3986 38
1379548800 3986 38 3986 38
1379462400 3986 38 3986 38
1379376000 3986 38 3986 38
1379289600 3986 38 3986 38
1379203200 3986 38 3986 38
1379116800 3986 38 3986 38
1379030400 3986 38 3986 38
1378944000 3986 38 3986 38
1378857600 3986 38 3986 38
1378771200 3986 38 3986 38
1378684800 3986 38 3986 38
1378598400 3986 38 3986 38
1378512000 3986 38 3986 38
1378425600 3986 38 3986 38
1378339200 3986 38 3986 38
1378252800 3986 38 3986 38
1378166400 3986 38 3986 38
1378080000 3986 38 3986 38
1377993600 3986 38 3986 38
1377907200 3986 38 3986 38
1377820800 3986 38 3986 38
1377734400 3986 38 3986 38
1377648000 3986 38 3986 38
1377561600 3986 38 3986 38
1377475200 3986 38 3986 38
1377388800 3986 38 3986 38
1377302400 3986 38 3986 38
1377216000 3986 38 3986 38
1377129600 3986 38 3986 38
1377043200 3986 38 3986 38
1376956800 3986 38 3986 38
1376870400 3986 38 3986 38
1376784000 3986 38 3986 38
1376697600 3986 38 3986 38
1376611200 3986 38 3986 38
1376524800 3986 38 3986 38
1376438400 3986 38 3986 38
1376352000 3986 38 3986 38
1376265600 3986 38 3986 38
1376179200 3986 38 3986 38
1376092800 3986 38 3986 38
1376006400 3986 38 3986 38
1375920000 3986 38 3986 38
1375833600 3986 38 3986 38
1375747200 3986 38 3986 38
1375660800 3986 38 3986 38
1375574400 3986 38 3986 38
1375488000 3986 38 3986 38
1375401600 3986 38 3986 38
1375315200 3986 38 3986 38
1375228800 3986 38 3986 38
1375142400 3986 38 3986 38
1375056000 3986 38 3986 38
1374969600 3986 38 3986 38
1374883200 3986 38 3986 38
1374796800 3986 38 3986 38
1374710400 3986 38 3986 38
1374624000 3986 38 3986 38
1374537600 3986 38 3986 38
1374451200 3986 38 3986 38
1374364800 3986 38 3986 38
1374278400 3986 38 3986 38
1374192000 3986 38 3986 38
1374105600 3986 38 3986 38
1374019200 3986 38 3986 38
1373932800 3986 38 3986 38
1373846400 3986 38 3986 38
1373760000 3986 38 3986 38
1373673600 3986 38 3986 38
1373587200 3986 38 3986 38
1373500800 3986 38 3986 38
1373414400 3986 38 3986 38
1373328000 3986 38 3986 38
1373241600 3986 38 3986 38
1373155200 3986 38 3986 38
1373068800 3986 38 3986 38
1372982400 3986 38 3986 38
1372896000 3986 38 3986 38
1372809600 3986 38 3986 38
1372723200 3986 38 3986 38
1372636800 3986 38 3986 38
1372550400 3986 38 3986 38
1372464000 3986 38 3986 38
1372377600 3986 38 3986 38
1372291200 3986 38 3986 38
1372204800 3986 38 3986 38
1372118400 3986 38 3986 38
1372032000 3986 38 3986 38
1371945600 3986 38 3986 38
1371859200 3986 38 3986 38
1371772800 3986 38 3986 38
1371686400 3986 38 3986 38
1371600000 3986 38 3986 38
1371513600 3986 38 3986 38
1371427200 3986 38 3986 38
1371340800 3986 38 3986 38
1371254400 3986 38 3986 38
1371168000 3986 38 3986 38
1371081600 3986 38 3986 38
1370995200 3986 38 3986 38
1370908800 3986 38 3986 38
1370822400 3986 38 3986 38
1370736000 3986 38 3986 38
1370649600 3986 38 3986 38
1370563200 3986 38 3986 38
1370476800 3986 38 3986 38
1370390400 3986 38 3986 38
1370304000 3986 38 3986 38
1370217600 3986 38 3986 38
1370131200 3986 38 3986 38
1370044800 3986 38 3986 38
1369958400 3986 38 3986 38
1369872000 3986 38 3986 38
1369785600 3986 38 3986 38
1369699200 3986 38 3986 38
1369612800 3986 38 3986 38
1369526400 3986 38 3986 38
1369440000 3986 38 3986 38
1369353600 3986 38 3986 38
1369267200 3986 38 3986 38
1369180800 3986 38 3986 38
1369094400 3986 38 3986 38
1369008000 3986 38 3986 38
1368921600 3986 38 3986 38
1368835200 3986 38 3986 38
1368748800 3986 38 3986 38
1368662400 3986 38 3986 38
1368576000 3986 38 3986 38
1368489600 3986 38 3986 38
1368403200 3986 38 3986 38
1368316800 3986 38 3986 38
1368230400 3986 38 3986 38
1368144000 3986 38 3986 38
1368057600 3986 38 3986 38
1367971200 3986 38 3986 38
1367884800 3986 38 3986 38
1367798400 3986 38 3986 38
1367712000 3986 38 3986 38
1367625600 3986 38 3986 38
1367539200 3986 38 3986 38
1367452800 3986 38 3986 38
1367366400 3986 38 3986 38
1367280000 3986 38 3986 38
1367193600 3986 38 3986 38
1367107200 3986 38 3986 38
1367020800 3986 38 3986 38
1366934400 3986 38 3986 38
1366848000 3986 38 3986 38
1366761600 3986 38 3986 38
1366675200 3986 38 3986 38
1366588800 3986 38 3986 38
1366502400 3986 38 3986 38
1366416000 3986 38 3986 38
1366329600 3986 38 3986 38
1366243200 3986 38 3986 38
1366156800 3986 38 3986 38
1366070400 3986 38 3986 38
1365984000 3986 38 3986 38
1365897600 3986 38 3986 38
1365811200 3986 38 3986 38
1365724800 3986 38 3986 38
1365638400 3986 38 3986 38
1365552000 3986 38 3986 38
1365465600 3986 38 3986 38
1365379200 3986 38 3986 38
1365292800 3986 38 3986 38
1365206400 3986 38 3986 38
1365120000 3986 38 3986 38
1365033600 3986 38 3986 38
1364947200 3986 38 3986 38
1364860800 3986 38 3986 38
1364774400 3986 38 3986 38
1364688000 3986 38 3986 38
1364601600 3986 38 3986 38
1364515200 3986 38 3986 38
1364428800 3986 38 3986 38
1364342400 3986 38 3986 38
1364256000 3986 38 3986 38
1364169600 3986 38 3986 38
1364083200 3986 38 3986 38
1363996800 3986 38 3986 38
1363910400 3986 38 3986 38
1363824000 3986 38 3986 38
1363737600 3986 38 3986 38
1363651200 3986 38 3986 38
1363564800 3986 38 3986 38
1363478400 3986 38 3986 38
1363392000 3986 38 3986 38
1363305600 3986 38 3986 38
1363219200 3986 38 3986 38
1363132800 3986 38 3986 38
1363046400 3986 38 3986 38
1362960000 3986 38 3986 38
1362873600 3986 38 3986 38
1362787200 3986 38 3986 38
1362700800 3986 38 3986 38
1362614400 3986 38 3986 38
1362528000 3986 38 3986 38
1362441600 3986 38 3986 38
1362355200 3986 38 3986 38
1362268800 3986 38 3986 38
1362182400 3986 38 3986 38
1362096000 3986 38 3986 38
1362009600 3986 38 3986 38
1361923200 3986 38 3986 38
1361836800 3986 38 3986 38
1361750400 3986 38 3986 38
1361664000 3986 38 3986 38
1361577600 3986 38 3986 38
1361491200 3986 38 3986 38
1361404800 3986 38 3986 38
1361318400 3986 38 3986 38
1361232000 3986 38 3986 38
1361145600 3986 38 3986 38
1361059200 3986 38 3986 38
1360972800 3986 38 3986 38
1360886400 3986 38 3986 38
1360800000 3986 38 3986 38
1360713600 3986 38 3986 38
1360627200 3986 38 3986 38
1360540800 3986 38 3986 38
1360454400 3986 38 3986 38
1360368000 3986 38 3986 38
1360281600 3986 38 3986 38
1360195200 3986 38 3986 38
1360108800 3986 38 3986 38
1360022400 3986 38 3986 38
1359936000 3986 38 3986 38
1359849600 3986 38 3986 38
1359763200 3986 38 3986 38
1359676800 3986 38 3986 38
1359590400 3986 38 3986 38
1359504000 3986 38 3986 38
1359417600 3986 38 3986 38
1359331200 3986 38 3986 38
1359244800 3986 38 3986 38
1359158400 3986 38 3986 38
1359072000 3986 38 3986 38
1358985600 3986 38 3986 38
1358899200 3986 38 3986 38
1358812800 3986 38 3986 38
1358726400 3986 38 3986 38
1358640000 3986 38 3986 38
1358553600 3986 38 3986 38
1358467200 3986 38 3986 38
1358380800 3986 38 3986 38
1358294400 3986 38 3986 38
1358208000 3986 38 3986 38
1358121600 3986 38 3986 38
1358035200 3986 38 3986 38
1357948800 3986 38 3986 38
1357862400 3986 38 3986 38
1357776000 3986 38 3986 38
1357689600 3986 38 3986 38
1357603200 3986 38 3986 38
1357516800 3986 38 3986 38
1357430400 3986 38 3986 38
1357344000 3986 38 3986 38
1357257600 3986 38 3986 38
1357171200 3986 38 3986 38
1357084800 3986 38 3986 38
1356998400 3986 38 3986 38
1356912000 3986 38 3986 38
1356825600 3986 38 3986 38
1356739200 3986 38 3986 38
1356652800 3986 38 3986 38
1356566400 3986 38 3986 38
1356480000 3986 38 3986 38
1356393600 3986 38 3986 38
1356307200 3986 38 3986 38
1356220800 3986 38 3986 38
1356134400 3986 38 3986 38
1356048000 3986 38 3986 38
1355961600 3986 38 3986 38
1355875200 3986 38 3986 38
1355788800 3986 38 3986 38
1355702400 3986 38 3986 38
1355616000 3986 38 3986 38
1355529600 3986 38 3986 38
1355443200 3986 38 3986 38
1355356800 3986 38 3986 38
1355270400 3986 38 3986 38
1355184000 3986 38 3986 38
1355097600 3986 38 3986 38
1355011200 3986 38 3986 38
1354924800 3986 38 3986 38
1354838400 3986 38 3986 38
1354752000 3986 38 3986 38
1354665600 3986 38 3986 38
1354579200 3986 38 3986 38
1354492800 3986 38 3986 38
1354406400 3986 38 3986 38
1354320000 3986 38 3986 38
1354233600 3986 38 3986 38
1354147200 3986 38 3986 38
1354060800 3986 38 3986 38
1353974400 3986 38 3986 38
1353888000 3986 38 3986 38
1353801600 3986 38 3986 38
1353715200 3986 38 3986 38
1353628800 3986 38 3986 38
1353542400 3986 38 3986 38
1353456000 3986 38 3986 38
1353369600 3986 38 3986 38
1353283200 3986 38 3986 38
1353196800 3986 38 3986 38
1353110400 3986 38 3986 38
1353024000 3986 38 3986 38
1352937600 3986 38 3986 38
1352851200 3986 38 3986 38
1352764800 3986 38 3986 38
1352678400 3986 38 3986 38
1352592000 3986 38 3986 38
1352505600 3986 38 3986 38
1352419200 3986 38 3986 38
1352332800 3986 38 3986 38
1352246400 3986 38 3986 38
1352160000 3986 38 3986 38
1352073600 3986 38 3986 38
1351987200 3986 38 3986 38
1351900800 3986 38 3986 38
1351814400 3986 38 3986 38
1351728000 3986 38 3986 38
1351641600 3986 38 3986 38
1351555200 3986 38 3986 38
1351468800 5022 38 6345 38
1351382400 4931 38 6182 38
1351296000 4998 37 6551 38
1351209600 4930 37 6138 37
1351123200 5388 37 6516 37
1351036800 5477 37 6843 37
1350950400 5524 37 6534 37
1350864000 5217 37 6207 37
1350777600 5401 37 6307 37
1350691200 5415 37 6639 37
1350604800 5373 37 6339 37
1350518400 5554 37 6518 37
1350432000 5210 37 6462 37
1350345600 5664 37 6571 37
1350259200 5911 37 6664 37
1350172800 5779 37 6559 37
1350086400 5592 37 6356 37
1350000000 5550 36 6352 37
1349913600 5397 36 6557 36
1349827200 4815 36 5795 36
1349740800 4841 36 5686 37
1349654400 5263 37 6540 37
1349568000 5936 37 17616 37
1349481600 4729 37 5910 38
1349395200 4832 37 6064 38
1349308800 5000 37 5978 39
1349222400 4875 36 5877 36
1349136000 5163 36 6072 36
1349049600 5097 36 5854 36
1348963200 5122 35 6017 36
1348876800 5002 35 5669 35
1348790400 5297 35 6346 35
1348704000 5713 35 6569 35
1348617600 5612 35 6481 35
1348531200 5515 35 6417 35
1348444800 5739 35 6580 35
1348358400 5914 35 6689 35
1348272000 5772 35 6500 35
1348185600 5110 34 5904 35
1348099200 4643 33 5611 34
1348012800 4670 34 5566 34
1347926400 4442 34 5337 34
1347840000 5293 34 5965 34
1347753600 5132 34 6034 34
1347667200 2482 34 5293 34
1347580800 5291 34 5889 34
1347494400 4666 34 5806 34
1347408000 5131 34 5999 34
1347321600 5176 34 5864 34
1347235200 5250 33 5893 34
1347148800 5177 33 5697 33
1347062400 4949 32 5592 33
1346976000 4840 32 5499 32
1346889600 4730 32 5320 32
1346803200 4710 31 5541 32
1346716800 4733 31 5501 31
1346630400 4712 31 5409 31
1346544000 4850 31 5361 31
1346457600 4680 31 5346 31
