
<---泥潭: MudOs v22pre11 (by wwj,Jan  1 1999) startup on Microsoft Windows NT at Wed Sep 12 13:39:06 2007

using config file: F:\xkx\nitanII\nitan\config.east
Can't find "mudos", ignoring old binaries.
Try invoking the driver using the full pathname.
System Error: init_addr_server: connect: 由于目标机器积极拒绝，无法连接。

]simul_efun loaded successfully.

Loading preloaded files ...
Initializations complete.

Accepting connections on port 2000.
Accepting connections on port 4000.
Accepting connections on port 6000.
Accepting connections on port 8000.
Initializing internal tables....

<---泥潭: MudOs v22.2b14 (by Oukaya,Nov  9 2006) startup on Microsoft Windows NT at Wed Sep 12 13:41:14 2007

using config file: F:\xkx\nitanII\nitan\config.east
----------------------------------------------------------------------------
泥潭 (MudOS v22.2b14) starting up on Microsoft Windows NT - Wed Sep 12 13:41:14 2007


Can't find "mudos", ignoring old binaries.
Try invoking the driver using the full pathname.
Connection to address server (localhost 3990) refused.
/adm/simul_efun/path.c line 48: Warning: Unused local variable 't2' before the end of line
/adm/simul_efun/path.c line 48: Warning: Unused local variable 't3' before the end of line
/adm/simul_efun/path.c line 48: Warning: Unused local variable 't4' before the end of line

Loading preloaded files ...
错误讯息被拦截：
执行时段错误：*Error in loading object '/adm/daemons/natured'

程式：/adm/single/master.c 第 182 行
物件：/adm/single/master
呼叫来自：/adm/single/master.c 的 preload() 第 182 行，物件： /adm/single/master
呼叫来自：/adm/single/master.c 的 CATCH() 第 182 行，物件： /adm/single/master
错误讯息被拦截：
执行时段错误：*Error in loading object '/adm/daemons/named'

程式：/adm/single/master.c 第 182 行
物件：/adm/single/master
呼叫来自：/adm/single/master.c 的 preload() 第 182 行，物件： /adm/single/master
呼叫来自：/adm/single/master.c 的 CATCH() 第 182 行，物件： /adm/single/master
错误讯息被拦截：
执行时段错误：*Error in loading object '/adm/daemons/storyd'

程式：/adm/single/master.c 第 182 行
物件：/adm/single/master
呼叫来自：/adm/single/master.c 的 preload() 第 182 行，物件： /adm/single/master
呼叫来自：/adm/single/master.c 的 CATCH() 第 182 行，物件： /adm/single/master
错误讯息被拦截：
执行时段错误：*Error in loading object '/adm/daemons/natured'

程式：/adm/daemons/eventd.c 第 92 行
物件：/adm/daemons/eventd
呼叫来自：/adm/single/master.c 的 preload() 第 182 行，物件： /adm/single/master
呼叫来自：/adm/single/master.c 的 CATCH() 第 182 行，物件： /adm/single/master
呼叫来自：/adm/daemons/eventd.c 的 create() 第 31 行，物件： /adm/daemons/eventd
呼叫来自：/adm/daemons/eventd.c 的 collect_all_event() 第 56 行，物件： /adm/daemons/eventd
呼叫来自：/adm/daemons/event/emei.c 的 create_event() 第 11 行，物件： /adm/daemons/event/emei
呼叫来自：/adm/daemons/eventd.c 的 at_after() 第 92 行，物件： /adm/daemons/eventd
Initializations complete.

Accepting connections on port 2000.
Accepting connections on port 4000.
Accepting connections on port 6000.
Accepting connections on port 8000.

执行时段错误：*Error in loading object '/adm/daemons/named'

程式：/adm/daemons/logind.c 第 896 行
物件：/adm/daemons/logind
呼叫来自：/adm/daemons/logind.c 的 get_name() 第 896 行，物件： /adm/daemons/logind
Initializing internal tables....

<---泥潭: MudOs v22.2b14 (by Oukaya,Nov  9 2006) startup on Microsoft Windows NT at Wed Sep 12 13:43:47 2007

using config file: F:\xkx\nitanII\nitan\config.east
----------------------------------------------------------------------------
泥潭 (MudOS v22.2b14) starting up on Microsoft Windows NT - Wed Sep 12 13:43:47 2007


Can't find "mudos", ignoring old binaries.
Try invoking the driver using the full pathname.
Connection to address server (localhost 3990) refused.
/adm/simul_efun/path.c line 48: Warning: Unused local variable 't2' before the end of line
/adm/simul_efun/path.c line 48: Warning: Unused local variable 't3' before the end of line
/adm/simul_efun/path.c line 48: Warning: Unused local variable 't4' before the end of line

Loading preloaded files ...
Initializing internal tables....

<---泥潭: MudOs v22.2b14 (by Oukaya,Nov  9 2006) startup on Microsoft Windows NT at Wed Sep 12 13:44:17 2007

using config file: F:\xkx\nitanII\nitan\config.east
----------------------------------------------------------------------------
泥潭 (MudOS v22.2b14) starting up on Microsoft Windows NT - Wed Sep 12 13:44:17 2007


Can't find "mudos", ignoring old binaries.
Try invoking the driver using the full pathname.
Connection to address server (localhost 3990) refused.
/adm/simul_efun/path.c line 48: Warning: Unused local variable 't2' before the end of line
/adm/simul_efun/path.c line 48: Warning: Unused local variable 't3' before the end of line
/adm/simul_efun/path.c line 48: Warning: Unused local variable 't4' before the end of line

Loading preloaded files ...
错误讯息被拦截：
执行时段错误：*Error in loading object '/adm/daemons/natured'

程式：/adm/single/master.c 第 182 行
物件：/adm/single/master
呼叫来自：/adm/single/master.c 的 preload() 第 182 行，物件： /adm/single/master
呼叫来自：/adm/single/master.c 的 CATCH() 第 182 行，物件： /adm/single/master
错误讯息被拦截：
执行时段错误：*Error in loading object '/adm/daemons/named'

程式：/adm/single/master.c 第 182 行
物件：/adm/single/master
呼叫来自：/adm/single/master.c 的 preload() 第 182 行，物件： /adm/single/master
呼叫来自：/adm/single/master.c 的 CATCH() 第 182 行，物件： /adm/single/master
错误讯息被拦截：
执行时段错误：*Error in loading object '/adm/daemons/storyd'

程式：/adm/single/master.c 第 182 行
物件：/adm/single/master
呼叫来自：/adm/single/master.c 的 preload() 第 182 行，物件： /adm/single/master
呼叫来自：/adm/single/master.c 的 CATCH() 第 182 行，物件： /adm/single/master
错误讯息被拦截：
执行时段错误：*Error in loading object '/adm/daemons/natured'

程式：/adm/daemons/eventd.c 第 92 行
物件：/adm/daemons/eventd
呼叫来自：/adm/single/master.c 的 preload() 第 182 行，物件： /adm/single/master
呼叫来自：/adm/single/master.c 的 CATCH() 第 182 行，物件： /adm/single/master
呼叫来自：/adm/daemons/eventd.c 的 create() 第 31 行，物件： /adm/daemons/eventd
呼叫来自：/adm/daemons/eventd.c 的 collect_all_event() 第 56 行，物件： /adm/daemons/eventd
呼叫来自：/adm/daemons/event/emei.c 的 create_event() 第 11 行，物件： /adm/daemons/event/emei
呼叫来自：/adm/daemons/eventd.c 的 at_after() 第 92 行，物件： /adm/daemons/eventd
Initializations complete.

Accepting connections on port 2000.
Accepting connections on port 4000.
Accepting connections on port 6000.
Accepting connections on port 8000.
Initializing internal tables....

<---泥潭: MudOs v22.2b14 (by Oukaya,Nov  9 2006) startup on Microsoft Windows NT at Wed Sep 12 13:47:23 2007

using config file: F:\xkx\nitanII\nitan\config.east
----------------------------------------------------------------------------
泥潭 (MudOS v22.2b14) starting up on Microsoft Windows NT - Wed Sep 12 13:47:24 2007


Can't find "mudos", ignoring old binaries.
Try invoking the driver using the full pathname.
Connection to address server (localhost 3990) refused.
/adm/simul_efun/path.c line 48: Warning: Unused local variable 't2' before the end of line
/adm/simul_efun/path.c line 48: Warning: Unused local variable 't3' before the end of line
/adm/simul_efun/path.c line 48: Warning: Unused local variable 't4' before the end of line

Loading preloaded files ...
错误讯息被拦截：
执行时段错误：*Error in loading object '/adm/daemons/natured'

程式：/adm/single/master.c 第 182 行
物件：/adm/single/master
呼叫来自：/adm/single/master.c 的 preload() 第 182 行，物件： /adm/single/master
呼叫来自：/adm/single/master.c 的 CATCH() 第 182 行，物件： /adm/single/master
错误讯息被拦截：
执行时段错误：*Error in loading object '/adm/daemons/named'

程式：/adm/single/master.c 第 182 行
物件：/adm/single/master
呼叫来自：/adm/single/master.c 的 preload() 第 182 行，物件： /adm/single/master
呼叫来自：/adm/single/master.c 的 CATCH() 第 182 行，物件： /adm/single/master
错误讯息被拦截：
执行时段错误：*Error in loading object '/adm/daemons/storyd'

程式：/adm/single/master.c 第 182 行
物件：/adm/single/master
呼叫来自：/adm/single/master.c 的 preload() 第 182 行，物件： /adm/single/master
呼叫来自：/adm/single/master.c 的 CATCH() 第 182 行，物件： /adm/single/master
错误讯息被拦截：
执行时段错误：*Error in loading object '/adm/daemons/natured'

程式：/adm/daemons/eventd.c 第 92 行
物件：/adm/daemons/eventd
呼叫来自：/adm/single/master.c 的 preload() 第 182 行，物件： /adm/single/master
呼叫来自：/adm/single/master.c 的 CATCH() 第 182 行，物件： /adm/single/master
呼叫来自：/adm/daemons/eventd.c 的 create() 第 31 行，物件： /adm/daemons/eventd
呼叫来自：/adm/daemons/eventd.c 的 collect_all_event() 第 56 行，物件： /adm/daemons/eventd
呼叫来自：/adm/daemons/event/emei.c 的 create_event() 第 11 行，物件： /adm/daemons/event/emei
呼叫来自：/adm/daemons/eventd.c 的 at_after() 第 92 行，物件： /adm/daemons/eventd
Initializations complete.

Accepting connections on port 2000.
Accepting connections on port 4000.
Accepting connections on port 6000.
Accepting connections on port 8000.
Initializing internal tables....

<---泥潭: MudOs v22pre11 (by wwj,Jan  1 1999) startup on Microsoft Windows NT at Wed Sep 12 13:48:17 2007

using config file: F:\xkx\nitanII\nitan\config.east
Can't find "mudos", ignoring old binaries.
Try invoking the driver using the full pathname.
System Error: init_addr_server: connect: 由于目标机器积极拒绝，无法连接。

]simul_efun loaded successfully.

Loading preloaded files ...
Initializations complete.

Accepting connections on port 2000.
Accepting connections on port 4000.
Accepting connections on port 6000.
Accepting connections on port 8000.
Initializing internal tables....
][256D[K[1;31m【系统报告】寒月[1;31m[Hotjc][1;31m：断线了。
[2;37;0m[1;33m> [2;37;0m