2003.06.15 10:35 B F:\user\n\namco.o <-- www.vmud.com /lonely/mudlib/data/user/n namco.o
2003.06.15 10:35 B F:\user\n\nan.o <-- www.vmud.com /lonely/mudlib/data/user/n nan.o
2003.06.15 10:35 B F:\user\n\nana.o <-- www.vmud.com /lonely/mudlib/data/user/n nana.o
2003.06.15 10:35 B F:\user\n\nann.o <-- www.vmud.com /lonely/mudlib/data/user/n nann.o
2003.06.15 10:35 B F:\user\n\naraku.o <-- www.vmud.com /lonely/mudlib/data/user/n naraku.o
2003.06.15 10:35 B F:\user\n\nbuser.o <-- www.vmud.com /lonely/mudlib/data/user/n nbuser.o
2003.06.15 10:35 B F:\user\n\neko.o <-- www.vmud.com /lonely/mudlib/data/user/n neko.o
2003.06.15 10:35 B F:\user\n\new.o <-- www.vmud.com /lonely/mudlib/data/user/n new.o
2003.06.15 10:35 B F:\user\n\newbie.o <-- www.vmud.com /lonely/mudlib/data/user/n newbie.o
2003.06.15 10:35 B F:\user\n\newid.o <-- www.vmud.com /lonely/mudlib/data/user/n newid.o
2003.06.15 10:35 B F:\user\n\news.o <-- www.vmud.com /lonely/mudlib/data/user/n news.o
2003.06.15 10:36 B F:\user\n\newsun.o <-- www.vmud.com /lonely/mudlib/data/user/n newsun.o
2003.06.15 10:36 B F:\user\n\nghippl.o <-- www.vmud.com /lonely/mudlib/data/user/n nghippl.o
2003.06.15 10:36 B F:\user\n\nian.o <-- www.vmud.com /lonely/mudlib/data/user/n nian.o
2003.06.15 10:36 B F:\user\n\niba.o <-- www.vmud.com /lonely/mudlib/data/user/n niba.o
2003.06.15 10:36 B F:\user\n\nibaa.o <-- www.vmud.com /lonely/mudlib/data/user/n nibaa.o
2003.06.15 10:36 B F:\user\n\nice.o <-- www.vmud.com /lonely/mudlib/data/user/n nice.o
2003.06.15 10:36 B F:\user\n\nicholas.o <-- www.vmud.com /lonely/mudlib/data/user/n nicholas.o
2003.06.15 10:36 B F:\user\n\nike.o <-- www.vmud.com /lonely/mudlib/data/user/n nike.o
2003.06.15 10:36 B F:\user\n\nima.o <-- www.vmud.com /lonely/mudlib/data/user/n nima.o
2003.06.15 10:36 B F:\user\n\nimama.o <-- www.vmud.com /lonely/mudlib/data/user/n nimama.o
2003.06.15 10:36 B F:\user\n\nimamaheba.o <-- www.vmud.com /lonely/mudlib/data/user/n nimamaheba.o
2003.06.15 10:36 B F:\user\n\nimu.o <-- www.vmud.com /lonely/mudlib/data/user/n nimu.o
2003.06.15 10:36 B F:\user\n\nitan.o <-- www.vmud.com /lonely/mudlib/data/user/n nitan.o
2003.06.15 10:36 B F:\user\n\niua.o <-- www.vmud.com /lonely/mudlib/data/user/n niua.o
2003.06.15 10:36 B F:\user\n\niub.o <-- www.vmud.com /lonely/mudlib/data/user/n niub.o
2003.06.15 10:36 B F:\user\n\nke.o <-- www.vmud.com /lonely/mudlib/data/user/n nke.o
2003.06.15 10:36 B F:\user\n\nogg.o <-- www.vmud.com /lonely/mudlib/data/user/n nogg.o
2003.06.15 10:36 B F:\user\n\nokia.o <-- www.vmud.com /lonely/mudlib/data/user/n nokia.o
2003.06.15 10:36 B F:\user\n\none.o <-- www.vmud.com /lonely/mudlib/data/user/n none.o
2003.06.15 10:36 B F:\user\n\north.o <-- www.vmud.com /lonely/mudlib/data/user/n north.o
2003.06.15 10:36 B F:\user\n\northover.o <-- www.vmud.com /lonely/mudlib/data/user/n northover.o
2003.06.15 10:36 B F:\user\n\nosoul.o <-- www.vmud.com /lonely/mudlib/data/user/n nosoul.o
2003.06.15 10:36 B F:\user\n\notme.o <-- www.vmud.com /lonely/mudlib/data/user/n notme.o
2003.06.15 10:36 B F:\user\n\ntboy.o <-- www.vmud.com /lonely/mudlib/data/user/n ntboy.o
