99.03.14 13:05 B f:\mirror1\d\dali\npc\bai.c --> www1.yn.cninfo.net /mudcctx/mudlib/d/dali/npc bai.c
99.03.14 13:05 B f:\mirror1\d\dali\npc\baiyong.c --> www1.yn.cninfo.net /mudcctx/mudlib/d/dali/npc baiyong.c
99.03.14 13:05 B f:\mirror1\d\dali\npc\bee.c --> www1.yn.cninfo.net /mudcctx/mudlib/d/dali/npc bee.c
99.03.14 13:05 B f:\mirror1\d\dali\npc\boy.c --> www1.yn.cninfo.net /mudcctx/mudlib/d/dali/npc boy.c
99.03.14 13:05 B f:\mirror1\d\dali\npc\can1.c --> www1.yn.cninfo.net /mudcctx/mudlib/d/dali/npc can1.c
99.03.14 13:05 B f:\mirror1\d\dali\npc\can2.c --> www1.yn.cninfo.net /mudcctx/mudlib/d/dali/npc can2.c
99.03.14 13:05 B f:\mirror1\d\dali\npc\chaboshi.c --> www1.yn.cninfo.net /mudcctx/mudlib/d/dali/npc chaboshi.c
99.03.14 13:05 B f:\mirror1\d\dali\npc\duanfu.c --> www1.yn.cninfo.net /mudcctx/mudlib/d/dali/npc duanfu.c
99.03.14 13:05 B f:\mirror1\d\dali\npc\duanyanqing.c --> www1.yn.cninfo.net /mudcctx/mudlib/d/dali/npc duanyanqing.c
99.03.14 13:05 B f:\mirror1\d\dali\npc\dushe.c --> www1.yn.cninfo.net /mudcctx/mudlib/d/dali/npc dushe.c
99.03.14 13:05 B f:\mirror1\d\dali\npc\dushedan.c --> www1.yn.cninfo.net /mudcctx/mudlib/d/dali/npc dushedan.c
99.03.14 13:05 B f:\mirror1\d\dali\npc\dutiejiang.c --> www1.yn.cninfo.net /mudcctx/mudlib/d/dali/npc dutiejiang.c
99.03.14 13:05 B f:\mirror1\d\dali\npc\girl.c --> www1.yn.cninfo.net /mudcctx/mudlib/d/dali/npc girl.c
99.03.14 13:05 B f:\mirror1\d\dali\npc\hudie.c --> www1.yn.cninfo.net /mudcctx/mudlib/d/dali/npc hudie.c
99.03.14 13:05 B f:\mirror1\d\dali\npc\huoji.c --> www1.yn.cninfo.net /mudcctx/mudlib/d/dali/npc huoji.c
99.03.14 13:05 B f:\mirror1\d\dali\npc\kid.c --> www1.yn.cninfo.net /mudcctx/mudlib/d/dali/npc kid.c
99.03.14 13:05 B f:\mirror1\d\dali\npc\laohu.c --> www1.yn.cninfo.net /mudcctx/mudlib/d/dali/npc laohu.c
99.03.14 13:05 B f:\mirror1\d\dali\npc\louluo.c --> www1.yn.cninfo.net /mudcctx/mudlib/d/dali/npc louluo.c
99.03.14 13:05 B f:\mirror1\d\dali\npc\mangshe.c --> www1.yn.cninfo.net /mudcctx/mudlib/d/dali/npc mangshe.c
99.03.14 13:05 B f:\mirror1\d\dali\npc\qian.c --> www1.yn.cninfo.net /mudcctx/mudlib/d/dali/npc qian.c
99.03.14 13:05 B f:\mirror1\d\dali\npc\sanggu.c --> www1.yn.cninfo.net /mudcctx/mudlib/d/dali/npc sanggu.c
99.03.14 13:05 B f:\mirror1\d\dali\npc\sboy.c --> www1.yn.cninfo.net /mudcctx/mudlib/d/dali/npc sboy.c
99.03.14 13:05 B f:\mirror1\d\dali\npc\sgirl.c --> www1.yn.cninfo.net /mudcctx/mudlib/d/dali/npc sgirl.c
99.03.14 13:05 B f:\mirror1\d\dali\npc\tenglan.c --> www1.yn.cninfo.net /mudcctx/mudlib/d/dali/npc tenglan.c
99.03.14 13:05 B f:\mirror1\d\dali\npc\tufei.c --> www1.yn.cninfo.net /mudcctx/mudlib/d/dali/npc tufei.c
99.03.14 13:05 B f:\mirror1\d\dali\npc\tufeitou.c --> www1.yn.cninfo.net /mudcctx/mudlib/d/dali/npc tufeitou.c
99.03.14 13:05 B f:\mirror1\d\dali\npc\turou.c --> www1.yn.cninfo.net /mudcctx/mudlib/d/dali/npc turou.c
99.03.14 13:05 B f:\mirror1\d\dali\npc\waiter.c --> www1.yn.cninfo.net /mudcctx/mudlib/d/dali/npc waiter.c
99.03.14 13:05 B f:\mirror1\d\dali\npc\wg-dizi.c --> www1.yn.cninfo.net /mudcctx/mudlib/d/dali/npc wg-dizi.c
99.03.14 13:05 B f:\mirror1\d\dali\npc\xiaogong.c --> www1.yn.cninfo.net /mudcctx/mudlib/d/dali/npc xiaogong.c
99.03.14 13:05 B f:\mirror1\d\dali\npc\yang.c --> www1.yn.cninfo.net /mudcctx/mudlib/d/dali/npc yang.c
99.03.14 13:05 B f:\mirror1\d\dali\npc\yetu.c --> www1.yn.cninfo.net /mudcctx/mudlib/d/dali/npc yetu.c
