
<---Mudos v22pre11 for WIN95/NT (by wwj,May 18 1998) Config: 西游记[光辉岁月] startup at Mon Jul 07 20:25:37 2003

using config file: ./config.cfg
----------------------------------------------------------------------------
西游记[光辉岁月] (MudOS v22pre11) starting up on Microsoft Windows 95 - Mon Jul 07 20:25:37 2003


Can't find "mudos", ignoring old binaries.
Try invoking the driver using the full pathname.
Connected to address server on localhost port 6665
]simul_efun loaded successfully.

Loading preloaded files ...
Initializations complete.

Accepting connections on port 6666.
Accepting connections on port 8888.

执行时段错误：*你(bear)不能摧毁其他的使用者。

程序：feature/move.c 第 364 行
物件：/obj/user#2
呼叫来自：feature/move.c 的 dest_obj() 第 94 行，物件： obj/user#2 ("浪子")
调用参数：dest_obj()
局部变量：
呼叫来自：adm/obj/simul_efun.c 的 destruct() 第 91 行，物件： adm/obj/simul_efun
调用参数：destruct()
局部变量：
呼叫来自：feature/move.c 的 remove() 第 364 行，物件： obj/user#2 ("浪子")
调用参数：remove("bear")
局部变量：NULL
this_player: obj/user#2 ("浪子")
previous_object(0): obj/user#2 ("浪子")
previous_object(1): adm/obj/simul_efun
previous_object(2): obj/user#2 ("浪子")
+----------------------------------------------------------------------+


执行时段错误：*Bad argument 1 to call_other()
Expected: string or array or object Got: 0.

程序：feature/command.c 第 62 行
物件：/obj/user#2
呼叫来自：feature/command.c 的 command_hook() 第 62 行，物件： obj/user#2 ("浪子")
调用参数：command_hook(NULL)
局部变量："look", NULL, 0
this_player: obj/user#2 ("浪子")
previous_object(0): obj/user#2 ("浪子")
+----------------------------------------------------------------------+


执行时段错误：*Bad argument 1 to call_other()
Expected: string or array or object Got: 0.

程序：feature/command.c 第 62 行
物件：/obj/user#2
呼叫来自：feature/command.c 的 command_hook() 第 62 行，物件： obj/user#2 ("浪子")
调用参数：command_hook(NULL)
局部变量："hp", NULL, 0
this_player: obj/user#2 ("浪子")
previous_object(0): obj/user#2 ("浪子")
+----------------------------------------------------------------------+


执行时段错误：*Bad argument 1 to call_other()
Expected: string or array or object Got: 0.

程序：feature/command.c 第 62 行
物件：/obj/user#2
呼叫来自：feature/command.c 的 command_hook() 第 62 行，物件： obj/user#2 ("浪子")
调用参数：command_hook(NULL)
局部变量："look", NULL, 0
this_player: obj/user#2 ("浪子")
previous_object(0): obj/user#2 ("浪子")
+----------------------------------------------------------------------+


执行时段错误：*Bad argument 1 to call_other()
Expected: string or array or object Got: 0.

程序：feature/command.c 第 62 行
物件：/obj/user#2
呼叫来自：feature/command.c 的 command_hook() 第 62 行，物件： obj/user#2 ("浪子")
调用参数：command_hook(NULL)
局部变量："hp", NULL, 0
this_player: obj/user#2 ("浪子")
previous_object(0): obj/user#2 ("浪子")
+----------------------------------------------------------------------+


执行时段错误：*Bad argument 1 to call_other()
Expected: string or array or object Got: 0.

程序：feature/command.c 第 62 行
物件：/obj/user#2
呼叫来自：feature/command.c 的 command_hook() 第 62 行，物件： obj/user#2 ("浪子")
调用参数：command_hook(NULL)
局部变量："look", NULL, 0
this_player: obj/user#2 ("浪子")
previous_object(0): obj/user#2 ("浪子")
+----------------------------------------------------------------------+


执行时段错误：*Bad argument 1 to call_other()
Expected: string or array or object Got: 0.

程序：feature/command.c 第 62 行
物件：/obj/user#2
呼叫来自：feature/command.c 的 command_hook() 第 62 行，物件： obj/user#2 ("浪子")
调用参数：command_hook(NULL)
局部变量："wizlist", NULL, 0
this_player: obj/user#2 ("浪子")
previous_object(0): obj/user#2 ("浪子")
+----------------------------------------------------------------------+


执行时段错误：*Bad argument 1 to call_other()
Expected: string or array or object Got: 0.

程序：feature/command.c 第 62 行
物件：/obj/user#2
呼叫来自：feature/command.c 的 command_hook() 第 62 行，物件： obj/user#2 ("浪子")
调用参数：command_hook(NULL)
局部变量："hp", NULL, 0
this_player: obj/user#2 ("浪子")
previous_object(0): obj/user#2 ("浪子")
+----------------------------------------------------------------------+


执行时段错误：*Bad argument 1 to call_other()
Expected: string or array or object Got: 0.

程序：feature/command.c 第 62 行
物件：/obj/user#2
呼叫来自：feature/command.c 的 command_hook() 第 62 行，物件： obj/user#2 ("浪子")
调用参数：command_hook(NULL)
局部变量："look", NULL, 0
this_player: obj/user#2 ("浪子")
previous_object(0): obj/user#2 ("浪子")
+----------------------------------------------------------------------+

Initializing internal tables....

<---Mudos v22pre11 for WIN95/NT (by wwj,May 18 1998) Config: 西游记[光辉岁月] startup at Mon Jul 07 20:28:00 2003

using config file: ./config.cfg
----------------------------------------------------------------------------
西游记[光辉岁月] (MudOS v22pre11) starting up on Microsoft Windows 95 - Mon Jul 07 20:28:00 2003


Can't find "mudos", ignoring old binaries.
Try invoking the driver using the full pathname.
Connected to address server on localhost port 6665
]simul_efun loaded successfully.

Loading preloaded files ...
Initializations complete.

Accepting connections on port 6666.
Accepting connections on port 8888.

执行时段错误：*你(bear)不能摧毁其他的使用者。

程序：feature/move.c 第 364 行
物件：/obj/user#1
呼叫来自：feature/move.c 的 dest_obj() 第 94 行，物件： obj/user#1 ("浪子")
调用参数：dest_obj()
局部变量：
呼叫来自：adm/obj/simul_efun.c 的 destruct() 第 91 行，物件： adm/obj/simul_efun
调用参数：destruct()
局部变量：
呼叫来自：feature/move.c 的 remove() 第 364 行，物件： obj/user#1 ("浪子")
调用参数：remove("bear")
局部变量：NULL
this_player: obj/user#1 ("浪子")
previous_object(0): obj/user#1 ("浪子")
previous_object(1): adm/obj/simul_efun
previous_object(2): obj/user#1 ("浪子")
+----------------------------------------------------------------------+


执行时段错误：*Bad argument 1 to call_other()
Expected: string or array or object Got: 0.

程序：feature/command.c 第 62 行
物件：/obj/user#1
呼叫来自：feature/command.c 的 command_hook() 第 62 行，物件： obj/user#1 ("浪子")
调用参数：command_hook(NULL)
局部变量："look", NULL, 0
this_player: obj/user#1 ("浪子")
previous_object(0): obj/user#1 ("浪子")
+----------------------------------------------------------------------+


执行时段错误：*Bad argument 1 to call_other()
Expected: string or array or object Got: 0.

程序：feature/command.c 第 62 行
物件：/obj/user#1
呼叫来自：feature/command.c 的 command_hook() 第 62 行，物件： obj/user#1 ("浪子")
调用参数：command_hook(NULL)
局部变量："hp", NULL, 0
this_player: obj/user#1 ("浪子")
previous_object(0): obj/user#1 ("浪子")
+----------------------------------------------------------------------+


执行时段错误：*Bad argument 1 to call_other()
Expected: string or array or object Got: 0.

程序：feature/command.c 第 62 行
物件：/obj/user#1
呼叫来自：feature/command.c 的 command_hook() 第 62 行，物件： obj/user#1 ("浪子")
调用参数：command_hook(NULL)
局部变量："look", NULL, 0
this_player: obj/user#1 ("浪子")
previous_object(0): obj/user#1 ("浪子")
+----------------------------------------------------------------------+


执行时段错误：*Bad argument 1 to call_other()
Expected: string or array or object Got: 0.

程序：feature/command.c 第 62 行
物件：/obj/user#1
呼叫来自：feature/command.c 的 command_hook() 第 62 行，物件： obj/user#1 ("浪子")
调用参数：command_hook(NULL)
局部变量："home", NULL, 0
this_player: obj/user#1 ("浪子")
previous_object(0): obj/user#1 ("浪子")
+----------------------------------------------------------------------+


执行时段错误：*Bad argument 1 to call_other()
Expected: string or array or object Got: 0.

程序：feature/command.c 第 62 行
物件：/obj/user#1
呼叫来自：feature/command.c 的 command_hook() 第 62 行，物件： obj/user#1 ("浪子")
调用参数：command_hook(NULL)
局部变量："ls", NULL, 0
this_player: obj/user#1 ("浪子")
previous_object(0): obj/user#1 ("浪子")
+----------------------------------------------------------------------+


执行时段错误：*Bad argument 1 to call_other()
Expected: string or array or object Got: 0.

程序：feature/command.c 第 62 行
物件：/obj/user#1
呼叫来自：feature/command.c 的 command_hook() 第 62 行，物件： obj/user#1 ("浪子")
调用参数：command_hook(NULL)
局部变量："look", NULL, 0
this_player: obj/user#1 ("浪子")
previous_object(0): obj/user#1 ("浪子")
+----------------------------------------------------------------------+


执行时段错误：*Bad argument 1 to call_other()
Expected: string or array or object Got: 0.

程序：feature/command.c 第 62 行
物件：/obj/user#1
呼叫来自：feature/command.c 的 command_hook() 第 62 行，物件： obj/user#1 ("浪子")
调用参数：command_hook(NULL)
局部变量："hp", NULL, 0
this_player: obj/user#1 ("浪子")
previous_object(0): obj/user#1 ("浪子")
+----------------------------------------------------------------------+


执行时段错误：*Bad argument 1 to call_other()
Expected: string or array or object Got: 0.

程序：feature/command.c 第 62 行
物件：/obj/user#1
呼叫来自：feature/command.c 的 command_hook() 第 62 行，物件： obj/user#1 ("浪子")
调用参数：command_hook(NULL)
局部变量："ls", NULL, 0
this_player: obj/user#1 ("浪子")
previous_object(0): obj/user#1 ("浪子")
+----------------------------------------------------------------------+


执行时段错误：*Bad argument 1 to call_other()
Expected: string or array or object Got: 0.

程序：feature/command.c 第 62 行
物件：/obj/user#1
呼叫来自：feature/command.c 的 command_hook() 第 62 行，物件： obj/user#1 ("浪子")
调用参数：command_hook("/")
局部变量："cd", NULL, 0
this_player: obj/user#1 ("浪子")
previous_object(0): obj/user#1 ("浪子")
+----------------------------------------------------------------------+


执行时段错误：*Bad argument 1 to call_other()
Expected: string or array or object Got: 0.

程序：feature/command.c 第 62 行
物件：/obj/user#1
呼叫来自：feature/command.c 的 command_hook() 第 62 行，物件： obj/user#1 ("浪子")
调用参数：command_hook(NULL)
局部变量："wizlist", NULL, 0
this_player: obj/user#1 ("浪子")
previous_object(0): obj/user#1 ("浪子")
+----------------------------------------------------------------------+


执行时段错误：*Bad argument 1 to call_other()
Expected: string or array or object Got: 0.

程序：feature/command.c 第 62 行
物件：/obj/user#1
呼叫来自：feature/command.c 的 command_hook() 第 62 行，物件： obj/user#1 ("浪子")
调用参数：command_hook("ting")
局部变量："help", NULL, 0
this_player: obj/user#1 ("浪子")
previous_object(0): obj/user#1 ("浪子")
+----------------------------------------------------------------------+


执行时段错误：*Bad argument 1 to call_other()
Expected: string or array or object Got: 0.

程序：feature/command.c 第 62 行
物件：/obj/user#1
呼叫来自：feature/command.c 的 command_hook() 第 62 行，物件： obj/user#1 ("浪子")
调用参数：command_hook(NULL)
局部变量："look", NULL, 0
this_player: obj/user#1 ("浪子")
previous_object(0): obj/user#1 ("浪子")
+----------------------------------------------------------------------+


执行时段错误：*Bad argument 1 to call_other()
Expected: string or array or object Got: 0.

程序：feature/command.c 第 62 行
物件：/obj/user#1
呼叫来自：feature/command.c 的 command_hook() 第 62 行，物件： obj/user#1 ("浪子")
调用参数：command_hook(NULL)
局部变量："hp", NULL, 0
this_player: obj/user#1 ("浪子")
previous_object(0): obj/user#1 ("浪子")
+----------------------------------------------------------------------+


执行时段错误：*Bad argument 1 to call_other()
Expected: string or array or object Got: 0.

程序：feature/command.c 第 62 行
物件：/obj/user#1
呼叫来自：feature/command.c 的 command_hook() 第 62 行，物件： obj/user#1 ("浪子")
调用参数：command_hook(NULL)
局部变量："ls", NULL, 0
this_player: obj/user#1 ("浪子")
previous_object(0): obj/user#1 ("浪子")
+----------------------------------------------------------------------+


执行时段错误：*Bad argument 1 to call_other()
Expected: string or array or object Got: 0.

程序：obj/user.c 第 698 行
物件：/obj/user#1
呼叫来自：obj/user.c 的 net_dead() 第 698 行，物件： obj/user#1 ("浪子")
调用参数：net_dead()
局部变量：0, 0
previous_object(0): obj/user#1 ("浪子")
+----------------------------------------------------------------------+


执行时段错误：*Bad argument 1 to call_other()
Expected: string or array or object Got: 0.

程序：obj/user.c 第 602 行
物件：/obj/user#1
呼叫来自：obj/user.c 的 user_dump() 第 602 行，物件： obj/user#1 ("浪子")
调用参数：user_dump(1)
局部变量：0
this_player: obj/user#1 ("浪子")
previous_object(0): obj/user#1 ("浪子")
+----------------------------------------------------------------------+

Initializing internal tables....
