2003.06.15 10:20 B F:\login\p\pain.o <-- www.vmud.com /lonely/mudlib/data/login/p pain.o
2003.06.15 10:20 B F:\login\p\pan.o <-- www.vmud.com /lonely/mudlib/data/login/p pan.o
2003.06.15 10:20 B F:\login\p\panrui.o <-- www.vmud.com /lonely/mudlib/data/login/p panrui.o
2003.06.15 10:20 B F:\login\p\pao.o <-- www.vmud.com /lonely/mudlib/data/login/p pao.o
2003.06.15 10:20 B F:\login\p\pascal.o <-- www.vmud.com /lonely/mudlib/data/login/p pascal.o
2003.06.15 10:20 B F:\login\p\passion.o <-- www.vmud.com /lonely/mudlib/data/login/p passion.o
2003.06.15 10:20 B F:\login\p\pawn.o <-- www.vmud.com /lonely/mudlib/data/login/p pawn.o
2003.06.15 10:20 B F:\login\p\pcb.o <-- www.vmud.com /lonely/mudlib/data/login/p pcb.o
2003.06.15 10:20 B F:\login\p\pds.o <-- www.vmud.com /lonely/mudlib/data/login/p pds.o
2003.06.15 10:20 B F:\login\p\pei.o <-- www.vmud.com /lonely/mudlib/data/login/p pei.o
2003.06.15 10:20 B F:\login\p\peipei.o <-- www.vmud.com /lonely/mudlib/data/login/p peipei.o
2003.06.15 10:20 B F:\login\p\pepper.o <-- www.vmud.com /lonely/mudlib/data/login/p pepper.o
2003.06.15 10:20 B F:\login\p\perwoman.o <-- www.vmud.com /lonely/mudlib/data/login/p perwoman.o
2003.06.15 10:20 B F:\login\p\pet.o <-- www.vmud.com /lonely/mudlib/data/login/p pet.o
2003.06.15 10:20 B F:\login\p\phantom.o <-- www.vmud.com /lonely/mudlib/data/login/p phantom.o
2003.06.15 10:20 B F:\login\p\phoebe.o <-- www.vmud.com /lonely/mudlib/data/login/p phoebe.o
2003.06.15 10:20 B F:\login\p\pig.o <-- www.vmud.com /lonely/mudlib/data/login/p pig.o
2003.06.15 10:20 B F:\login\p\pigking.o <-- www.vmud.com /lonely/mudlib/data/login/p pigking.o
2003.06.15 10:20 B F:\login\p\ping.o <-- www.vmud.com /lonely/mudlib/data/login/p ping.o
2003.06.15 10:20 B F:\login\p\pinger.o <-- www.vmud.com /lonely/mudlib/data/login/p pinger.o
2003.06.15 10:20 B F:\login\p\pingll.o <-- www.vmud.com /lonely/mudlib/data/login/p pingll.o
2003.06.15 10:20 B F:\login\p\pinglll.o <-- www.vmud.com /lonely/mudlib/data/login/p pinglll.o
2003.06.15 10:20 B F:\login\p\pingllll.o <-- www.vmud.com /lonely/mudlib/data/login/p pingllll.o
2003.06.15 10:20 B F:\login\p\pinglllll.o <-- www.vmud.com /lonely/mudlib/data/login/p pinglllll.o
2003.06.15 10:20 B F:\login\p\pingllllll.o <-- www.vmud.com /lonely/mudlib/data/login/p pingllllll.o
2003.06.15 10:20 B F:\login\p\pinhan.o <-- www.vmud.com /lonely/mudlib/data/login/p pinhan.o
2003.06.15 10:20 B F:\login\p\pink.o <-- www.vmud.com /lonely/mudlib/data/login/p pink.o
2003.06.15 10:20 B F:\login\p\pip.o <-- www.vmud.com /lonely/mudlib/data/login/p pip.o
2003.06.15 10:20 B F:\login\p\pipip.o <-- www.vmud.com /lonely/mudlib/data/login/p pipip.o
2003.06.15 10:20 B F:\login\p\pirate.o <-- www.vmud.com /lonely/mudlib/data/login/p pirate.o
2003.06.15 10:20 B F:\login\p\pixie.o <-- www.vmud.com /lonely/mudlib/data/login/p pixie.o
2003.06.15 10:20 B F:\login\p\pkall.o <-- www.vmud.com /lonely/mudlib/data/login/p pkall.o
2003.06.15 10:20 B F:\login\p\pker.o <-- www.vmud.com /lonely/mudlib/data/login/p pker.o
2003.06.15 10:20 B F:\login\p\pkpk.o <-- www.vmud.com /lonely/mudlib/data/login/p pkpk.o
2003.06.15 10:20 B F:\login\p\pkyou.o <-- www.vmud.com /lonely/mudlib/data/login/p pkyou.o
2003.06.15 10:20 B F:\login\p\plmm.o <-- www.vmud.com /lonely/mudlib/data/login/p plmm.o
2003.06.15 10:20 B F:\login\p\poison.o <-- www.vmud.com /lonely/mudlib/data/login/p poison.o
2003.06.15 10:20 B F:\login\p\pol.o <-- www.vmud.com /lonely/mudlib/data/login/p pol.o
2003.06.15 10:21 B F:\login\p\poor.o <-- www.vmud.com /lonely/mudlib/data/login/p poor.o
2003.06.15 10:21 B F:\login\p\popo.o <-- www.vmud.com /lonely/mudlib/data/login/p popo.o
2003.06.15 10:21 B F:\login\p\pott.o <-- www.vmud.com /lonely/mudlib/data/login/p pott.o
2003.06.15 10:21 B F:\login\p\power.o <-- www.vmud.com /lonely/mudlib/data/login/p power.o
2003.06.15 10:21 B F:\login\p\powerup.o <-- www.vmud.com /lonely/mudlib/data/login/p powerup.o
2003.06.15 10:21 B F:\login\p\ppclark.o <-- www.vmud.com /lonely/mudlib/data/login/p ppclark.o
2003.06.15 10:21 B F:\login\p\ppk.o <-- www.vmud.com /lonely/mudlib/data/login/p ppk.o
2003.06.15 10:21 B F:\login\p\pplfe.o <-- www.vmud.com /lonely/mudlib/data/login/p pplfe.o
2003.06.15 10:21 B F:\login\p\ppp.o <-- www.vmud.com /lonely/mudlib/data/login/p ppp.o
2003.06.15 10:21 B F:\login\p\pppppp.o <-- www.vmud.com /lonely/mudlib/data/login/p pppppp.o
2003.06.15 10:21 B F:\login\p\probe.o <-- www.vmud.com /lonely/mudlib/data/login/p probe.o
2003.06.15 10:21 B F:\login\p\push.o <-- www.vmud.com /lonely/mudlib/data/login/p push.o
2003.06.15 10:21 B F:\login\p\pwj.o <-- www.vmud.com /lonely/mudlib/data/login/p pwj.o
