/d/qujing/baoxiang/bei1
/d/qujing/baoxiang/bei2
/d/qujing/baoxiang/bei3
/d/qujing/baoxiang/bei4
/d/qujing/baoxiang/gongmen
/d/qujing/baoxiang/longfeng
/d/qujing/baoxiang/mazhan
/d/qujing/baoxiang/zuofang
/d/qujing/baoxiang/xi1
/d/qujing/baoxiang/xi2
/d/qujing/baoxiang/xi3
/d/qujing/baoxiang/xi4
/d/qujing/baoxiang/xipu
/d/qujing/baoxiang/yangrou
/d/qujing/pingding/ping1
/d/qujing/pingding/ping2
/d/qujing/pingding/ping3
/d/qujing/pingding/ping4
/d/qujing/pingding/shan1
/d/qujing/pingding/shan2
/d/qujing/pingding/shan3
/d/qujing/pingding/shan4
/d/qujing/pingding/shan5
/d/qujing/pingding/shan6
/d/qujing/pingding/shan7
/d/qujing/pingding/shan8
/d/qujing/pingding/shan9
/d/qujing/pingding/shan10
/d/qujing/pingding/shan11
/d/qujing/pingding/shan12
/d/qujing/pingding/shan13
/d/qujing/pingding/shan14
/d/qujing/wuji/square
/d/qujing/wuji/estreet
/d/qujing/wuji/estreet2
/d/qujing/wuji/street1
/d/qujing/wuji/street2
/d/qujing/wuji/eastgate
/d/qujing/wuji/fruit
/d/qujing/wuji/kezhan
/d/qujing/wuji/nstreet
/d/qujing/wuji/nstreet2
/d/qujing/wuji/house
/d/qujing/wuji/shufang
/d/qujing/wuji/garden
/d/qujing/wuji/stable
/d/qujing/wuji/bedroom
/d/qujing/wuji/road1
/d/qujing/wuji/road2
/d/qujing/wuji/road3
/d/qujing/wuji/road4
/d/qujing/wuji/road5
/d/qujing/wuji/road6
/d/qujing/wuji/road7
/d/qujing/wuji/shandao1
/d/qujing/wuji/shandao2
/d/qujing/wuji/shandao3
/d/qujing/wuji/shandao4
/d/qujing/wuji/shandao5
/d/qujing/chechi/qiang1a
/d/qujing/chechi/qiang1b
/d/qujing/chechi/qiang1c
/d/qujing/chechi/qiang1d
/d/qujing/chechi/qiang1e
/d/qujing/chechi/qiang1f
/d/qujing/chechi/qiang1g
/d/qujing/chechi/qiang2a
/d/qujing/chechi/qiang3a
/d/qujing/chechi/ximen
/d/qujing/chechi/qiang5a
/d/qujing/chechi/qiang6a
/d/qujing/chechi/qiang7a
/d/qujing/chechi/qiang7b
/d/qujing/chechi/qiang7c
/d/qujing/chechi/qiang7d
/d/qujing/chechi/qiang7e
/d/qujing/chechi/qiang7f
/d/qujing/chechi/qiang7g
/d/qujing/chechi/qiang6g
/d/qujing/chechi/qiang5g
/d/qujing/chechi/dongmen
/d/qujing/chechi/qiang3g
/d/qujing/chechi/qiang2g
/d/qujing/chechi/ruizhao
/d/qujing/chechi/jieshi1
/d/qujing/chechi/jieshi2
/d/qujing/chechi/jieshi3
/d/qujing/chechi/jieshi4
/d/qujing/chechi/jieshi5
/d/qujing/chechi/jieshi6
/d/qujing/chechi/jieshi7
/d/qujing/chechi/jieshi8
/d/qujing/chechi/jieshi9
/d/qujing/chechi/jieshi10
/d/qujing/chechi/long
/d/qujing/chechi/feng
/d/qujing/chechi/dong
/d/qujing/chechi/zhong
/d/qujing/chechi/xi
/d/qujing/chechi/yanhua
/d/qujing/chechi/xitai
/d/qujing/chechi/shutang
/d/qujing/chechi/taiping
/d/qujing/chechi/caichang
/d/qujing/chechi/jiuguan
/d/qujing/chechi/tangchi
/d/qujing/chechi/xinshi
/d/qujing/chechi/da
/d/qujing/chechi/xiao
/d/qujing/tongtian/chen1
/d/qujing/tongtian/chen2
/d/qujing/tongtian/chen3
/d/qujing/tongtian/chen4
/d/qujing/tongtian/minju1
/d/qujing/tongtian/minju2
/d/qujing/tongtian/minju3
/d/qujing/tongtian/minju4
/d/qujing/tongtian/minju5
/d/qujing/tongtian/minju6
/d/qujing/nuerguo/towna1
/d/qujing/nuerguo/towna2
/d/qujing/nuerguo/towna3
/d/qujing/nuerguo/townb1
/d/qujing/nuerguo/townb2
/d/qujing/nuerguo/townb3
/d/qujing/nuerguo/townc1
/d/qujing/nuerguo/townc2
/d/qujing/nuerguo/townc3
/d/qujing/nuerguo/sanchalu
/d/qujing/nuerguo/jieyang
/d/qujing/nuerguo/juxianan
/d/qujing/nuerguo/annei
/d/qujing/nuerguo/westriver
/d/qujing/nuerguo/maowu
/d/qujing/dudi/dudi1
/d/qujing/dudi/dudi2
/d/qujing/dudi/dudi3
/d/qujing/dudi/dudi4
/d/qujing/dudi/dongkou
/d/qujing/firemount/cuiyun1
/d/qujing/firemount/cuiyun2
/d/qujing/firemount/cuiyun3
/d/qujing/firemount/cuiyun4
/d/qujing/firemount/cuiyun5
/d/qujing/firemount/dongkou
/d/qujing/firemount/shimen
/d/qujing/firemount/luzhou1
/d/qujing/firemount/luzhou2
/d/qujing/firemount/luzhou3
/d/qujing/firemount/xiaodian
/d/qujing/firemount/hongse
/d/qujing/firemount/shalu
/d/qujing/firemount/shalu2
/d/qujing/firemount/shanbian
/d/qujing/firemount/wuming1
/d/qujing/firemount/wuming2
/d/qujing/firemount/wuming3
/d/qujing/firemount/wuming4
/d/qujing/firemount/south1
/d/qujing/firemount/south2
/d/qujing/firemount/south3
/d/qujing/jilei/jilei2
/d/qujing/jilei/jilei3
/d/qujing/jilei/jilei1
/d/qujing/jilei/shilang
/d/qujing/jilei/shidong
/d/qujing/jilei/woshi
/d/qujing/jilei/canting
/d/qujing/jilei/cangku
/d/qujing/jilei/dating
/d/qujing/jisaiguo/west1
/d/qujing/jisaiguo/west2
/d/qujing/jisaiguo/west3
/d/qujing/jisaiguo/west4
/d/qujing/jisaiguo/east1
/d/qujing/jisaiguo/east2
/d/qujing/jisaiguo/east3
/d/qujing/jisaiguo/east4
/d/qujing/jisaiguo/south1
/d/qujing/jisaiguo/south2
/d/qujing/jisaiguo/gate
/d/qujing/jisaiguo/eastgate
/d/qujing/jisaiguo/westgate
/d/qujing/jisaiguo/crosseast
/d/qujing/jisaiguo/crosswest
/d/qujing/jisaiguo/eastmarket
/d/qujing/jisaiguo/westmarket
/d/qujing/jisaiguo/centermarket
/d/qujing/jisaiguo/silver
/d/qujing/jisaiguo/yaopu
/d/qujing/jisaiguo/restaurant
/d/qujing/jisaiguo/bamboo
/d/qujing/zhuzi/xi1
/d/qujing/zhuzi/xi2
/d/qujing/zhuzi/xi3
/d/qujing/zhuzi/xi4
/d/qujing/zhuzi/beixia1
/d/qujing/zhuzi/beixia2
/d/qujing/zhuzi/beixia3
/d/qujing/zhuzi/beixia4
/d/qujing/zhuzi/beixia5
/d/qujing/zhuzi/beixia6
/d/qujing/zhuzi/tian1
/d/qujing/zhuzi/tian2
/d/qujing/zhuzi/tian3
/d/qujing/zhuzi/tian4
/d/qujing/zhuzi/zhuzi1
/d/qujing/zhuzi/zhuzi2
/d/qujing/zhuzi/zhuzi3
/d/qujing/zhuzi/zhuzi4
/d/qujing/zhuzi/zhuzi5
/d/qujing/zhuzi/chafang
/d/qujing/zhuzi/fanlou
/d/qujing/zhuzi/jiudian
/d/qujing/zhuzi/mipu
/d/qujing/zhuzi/zahuo
/d/qujing/zhuzi/gulou
/d/qujing/zhuzi/mianguan
/d/qujing/zhuzi/yaopu
/d/qujing/zhuzi/douxi
/d/qujing/zhuzi/huitong
/d/qujing/zhuzi/mazhan
/d/qujing/pansi/qiaolin1
/d/qujing/pansi/qiaolin2
/d/qujing/pansi/qiaolin3
/d/qujing/pansi/qiaolin4
/d/qujing/pansi/qiaolin5
/d/qujing/pansi/qiaolin6
/d/qujing/pansi/qiaolin7
/d/qujing/pansi/shiqiao
/d/qujing/pansi/maowu
/d/qujing/pansi/muxiang
/d/qujing/pansi/shitou
/d/qujing/pansi/shiyuan
/d/qujing/pansi/chulang
/d/qujing/pansi/shidong
/d/qujing/pansi/menqian
/d/qujing/pansi/yuannei
/d/qujing/pansi/zheng
/d/qujing/pansi/pian
/d/qujing/pansi/cha
/d/qujing/biqiu/jie1
/d/qujing/biqiu/jie2
/d/qujing/biqiu/jie3
/d/qujing/biqiu/jie4
/d/qujing/biqiu/jie5
/d/qujing/biqiu/jie6
/d/qujing/biqiu/jie7
/d/qujing/biqiu/jie8
/d/qujing/biqiu/jie9
/d/qujing/biqiu/jie10
/d/qujing/biqiu/jie11
/d/qujing/biqiu/jie12
/d/qujing/biqiu/zhai1
/d/qujing/biqiu/zhai2
/d/qujing/biqiu/xiaozi
/d/qujing/biqiu/zhaomen
/d/qujing/biqiu/da
/d/qujing/biqiu/bao
/d/qujing/biqiu/yu
/d/qujing/biqiu/guan
/d/qujing/biqiu/ximen
/d/qujing/biqiu/jiulou
/d/qujing/biqiu/jinqi
/d/qujing/biqiu/jinting
/d/qujing/biqiu/caipu
/d/qujing/biqiu/daochang
/d/qujing/biqiu/nanmen
/d/qujing/biqiu/dongmen
/d/qujing/biqiu/niurou
/d/qujing/qinfa/jiedao1
/d/qujing/qinfa/jiedao2
/d/qujing/qinfa/jiedao3
/d/qujing/qinfa/jiedao4
/d/qujing/qinfa/jiedao5
/d/qujing/qinfa/jiedao6
/d/qujing/qinfa/jiedao7
/d/qujing/qinfa/jiedao8
/d/qujing/qinfa/pihuopu
/d/qujing/qinfa/yaopu
/d/qujing/qinfa/wugu
/d/qujing/qinfa/zahuopu
/d/qujing/qinfa/bupu
/d/qujing/qinfa/zhongshi
/d/qujing/qinfa/nanshi
/d/qujing/qinfa/beishi
/d/qujing/qinfa/qiankun
/d/qujing/qinfa/gongmen
/d/qujing/qinfa/jinluan
/d/qujing/qinfa/longgong
/d/qujing/qinfa/fenggong
/d/qujing/qinfa/qingong1
/d/qujing/qinfa/qingong2
/d/qujing/qinfa/guafu
/d/qujing/qinfa/xiaoer
/d/qujing/qinfa/jiupu
/d/qujing/wudidong/temple-qiandian
/d/qujing/wudidong/temple-houdian
/d/qujing/wudidong/xuetang
/d/qujing/wudidong/road1
/d/qujing/wudidong/road2
/d/qujing/wudidong/road3
/d/qujing/wudidong/dibaohouse
/d/qujing/wudidong/zhanghome
/d/qujing/wudidong/smithy
/d/qujing/wudidong/shop
/d/qujing/fengxian/jiedao1
/d/qujing/fengxian/jiedao2
/d/qujing/fengxian/jiedao3
/d/qujing/fengxian/jiedao4
/d/qujing/fengxian/jiedao5
/d/qujing/fengxian/jiedao6
/d/qujing/fengxian/jiedao7
/d/qujing/fengxian/jiedao8
/d/qujing/fengxian/jiedao9
/d/qujing/fengxian/jiedao10
/d/qujing/fengxian/jiedao11
/d/qujing/fengxian/jiedao12
/d/qujing/fengxian/jiedao13
/d/qujing/fengxian/jiedao14
/d/qujing/fengxian/zhaizhan
/d/qujing/fengxian/zhaishi
/d/qujing/fengxian/guanmao
/d/qujing/fengxian/shikou
/d/qujing/fengxian/ludian
/d/qujing/fengxian/jiuguan
/d/qujing/fengxian/xiang
/d/qujing/fengxian/daochang
/d/qujing/fengxian/jitan
/d/qujing/fengxian/puji
/d/qujing/yuhua/xiaojie1
/d/qujing/yuhua/xiaojie2
/d/qujing/yuhua/xiaojie3
/d/qujing/yuhua/xiaojie4
/d/qujing/yuhua/xiaojie5
/d/qujing/yuhua/xiaojie6
/d/qujing/yuhua/xiaojie7
/d/qujing/yuhua/xiaojie8
/d/qujing/yuhua/xiaojie9
/d/qujing/yuhua/fumen
/d/qujing/yuhua/dayuan
/d/qujing/yuhua/zheng
/d/qujing/yuhua/ting
/d/qujing/yuhua/da
/d/qujing/yuhua/er
/d/qujing/yuhua/xiao
/d/qujing/yuhua/jiulou
/d/qujing/yuhua/tiejiang
/d/qujing/jinping/xiaojie1
/d/qujing/jinping/xiaojie2
/d/qujing/jinping/xiaojie3
/d/qujing/jinping/xiaojie4
/d/qujing/jinping/xiaojie5
/d/qujing/jinping/xiaojie6
/d/qujing/jinping/xiaojie7
/d/qujing/jinping/xiaojie
/d/qujing/jinping/minju1
/d/qujing/jinping/minju2
/d/qujing/jinping/minju3
/d/qujing/jinping/minju4
/d/qujing/jinping/fumen
/d/qujing/jinping/kezhan
/d/qujing/jinping/qiao
/d/qujing/jinping/qiaonan
/d/qujing/jinping/datang
/d/qujing/tianzhu/jiedao11
/d/qujing/tianzhu/jiedao12
/d/qujing/tianzhu/jiedao13
/d/qujing/tianzhu/jiedao14
/d/qujing/tianzhu/jiedao15
/d/qujing/tianzhu/jiedao16
/d/qujing/tianzhu/jiedao17
/d/qujing/tianzhu/jiedao18
/d/qujing/tianzhu/jiedao21
/d/qujing/tianzhu/jiedao28
/d/qujing/tianzhu/jiedao31
/d/qujing/tianzhu/jiedao38
/d/qujing/tianzhu/jiedao41
/d/qujing/tianzhu/jiedao45
/d/qujing/tianzhu/jiedao48
/d/qujing/tianzhu/jiedao52
/d/qujing/tianzhu/jiedao53
/d/qujing/tianzhu/jiedao54
/d/qujing/tianzhu/jiedao55
/d/qujing/tianzhu/jiedao56
/d/qujing/tianzhu/jiedao57
/d/qujing/tianzhu/jiedao61
/d/qujing/tianzhu/jiedao65
/d/qujing/tianzhu/jiedao67
/d/qujing/tianzhu/jiedao71
/d/qujing/tianzhu/jiedao78
/d/qujing/tianzhu/jiedao81
/d/qujing/tianzhu/jiedao85
/d/qujing/tianzhu/jiedao88
/d/qujing/tianzhu/jiedao91
/d/qujing/tianzhu/jiedao92
/d/qujing/tianzhu/jiedao93
/d/qujing/tianzhu/jiedao94
/d/qujing/tianzhu/jiedao95
/d/qujing/tianzhu/jiedao96
/d/qujing/tianzhu/jiedao97
/d/qujing/tianzhu/jiedao98
/d/qujing/tianzhu/kedian
/d/qujing/tianzhu/jiuguan
/d/qujing/tianzhu/yaofang
/d/qujing/tianzhu/mafang
/d/qujing/tianzhu/guaqian
/d/qujing/tianzhu/shuifang
/d/qujing/tianzhu/xiaochi
/d/qujing/tianzhu/shoushi
/d/qujing/tianzhu/pidian
/d/qujing/tianzhu/chengyi
/d/qujing/tianzhu/dangpu
/d/qujing/tianzhu/budian
/d/qujing/tianzhu/xiedian
/d/qujing/tianzhu/maodian
/d/qujing/tianzhu/guanglu
/d/qujing/tianzhu/sishu
/d/qujing/tianzhu/zhuqi
/d/qujing/tianzhu/huapu
/d/qujing/tianzhu/shuju
/d/qujing/tianzhu/shizi
/d/qujing/tianzhu/qian
/d/qujing/tianzhu/guaguo
/d/qujing/tianzhu/shucai
/d/qujing/tianzhu/roupu
/d/qujing/tianzhu/dongmen
/d/qujing/tianzhu/nanmen
/d/qujing/tianzhu/ximen







