2001.11.27 06:58 A E:\world\u\lonely\llzhuang\dynamic\baimei.c <-- USRobotics /WINNT/system32/mud/world/u/lonely/llzhuang/dynamic baimei.c
2001.11.27 06:58 A E:\world\u\lonely\llzhuang\dynamic\bridge.c <-- USRobotics /WINNT/system32/mud/world/u/lonely/llzhuang/dynamic bridge.c
2001.11.27 06:58 A E:\world\u\lonely\llzhuang\dynamic\cangjian.c <-- USRobotics /WINNT/system32/mud/world/u/lonely/llzhuang/dynamic cangjian.c
2001.11.27 06:59 A E:\world\u\lonely\llzhuang\dynamic\corror.c <-- USRobotics /WINNT/system32/mud/world/u/lonely/llzhuang/dynamic corror.c
2001.11.27 06:59 A E:\world\u\lonely\llzhuang\dynamic\fenghuangzhou.c <-- USRobotics /WINNT/system32/mud/world/u/lonely/llzhuang/dynamic fenghuangzhou.c
2001.11.27 06:59 A E:\world\u\lonely\llzhuang\dynamic\house.c <-- USRobotics /WINNT/system32/mud/world/u/lonely/llzhuang/dynamic house.c
2001.11.27 06:59 A E:\world\u\lonely\llzhuang\dynamic\jiashan.c <-- USRobotics /WINNT/system32/mud/world/u/lonely/llzhuang/dynamic jiashan.c
2001.11.27 06:59 A E:\world\u\lonely\llzhuang\dynamic\jiuqu1.c <-- USRobotics /WINNT/system32/mud/world/u/lonely/llzhuang/dynamic jiuqu1.c
2001.11.27 06:59 A E:\world\u\lonely\llzhuang\dynamic\jiuqu10.c <-- USRobotics /WINNT/system32/mud/world/u/lonely/llzhuang/dynamic jiuqu10.c
2001.11.27 06:59 A E:\world\u\lonely\llzhuang\dynamic\jiuqu11.c <-- USRobotics /WINNT/system32/mud/world/u/lonely/llzhuang/dynamic jiuqu11.c
2001.11.27 06:59 A E:\world\u\lonely\llzhuang\dynamic\jiuqu12.c <-- USRobotics /WINNT/system32/mud/world/u/lonely/llzhuang/dynamic jiuqu12.c
2001.11.27 06:59 A E:\world\u\lonely\llzhuang\dynamic\jiuqu13.c <-- USRobotics /WINNT/system32/mud/world/u/lonely/llzhuang/dynamic jiuqu13.c
2001.11.27 06:59 A E:\world\u\lonely\llzhuang\dynamic\jiuqu14.c <-- USRobotics /WINNT/system32/mud/world/u/lonely/llzhuang/dynamic jiuqu14.c
2001.11.27 06:59 A E:\world\u\lonely\llzhuang\dynamic\jiuqu15.c <-- USRobotics /WINNT/system32/mud/world/u/lonely/llzhuang/dynamic jiuqu15.c
2001.11.27 06:59 A E:\world\u\lonely\llzhuang\dynamic\jiuqu16.c <-- USRobotics /WINNT/system32/mud/world/u/lonely/llzhuang/dynamic jiuqu16.c
2001.11.27 06:59 A E:\world\u\lonely\llzhuang\dynamic\jiuqu2.c <-- USRobotics /WINNT/system32/mud/world/u/lonely/llzhuang/dynamic jiuqu2.c
2001.11.27 06:59 A E:\world\u\lonely\llzhuang\dynamic\jiuqu3.c <-- USRobotics /WINNT/system32/mud/world/u/lonely/llzhuang/dynamic jiuqu3.c
2001.11.27 06:59 A E:\world\u\lonely\llzhuang\dynamic\jiuqu4.c <-- USRobotics /WINNT/system32/mud/world/u/lonely/llzhuang/dynamic jiuqu4.c
2001.11.27 06:59 A E:\world\u\lonely\llzhuang\dynamic\jiuqu5.c <-- USRobotics /WINNT/system32/mud/world/u/lonely/llzhuang/dynamic jiuqu5.c
2001.11.27 06:59 A E:\world\u\lonely\llzhuang\dynamic\jiuqu6.c <-- USRobotics /WINNT/system32/mud/world/u/lonely/llzhuang/dynamic jiuqu6.c
2001.11.27 06:59 A E:\world\u\lonely\llzhuang\dynamic\jiuqu7.c <-- USRobotics /WINNT/system32/mud/world/u/lonely/llzhuang/dynamic jiuqu7.c
2001.11.27 07:00 A E:\world\u\lonely\llzhuang\dynamic\jiuqu8.c <-- USRobotics /WINNT/system32/mud/world/u/lonely/llzhuang/dynamic jiuqu8.c
2001.11.27 07:00 A E:\world\u\lonely\llzhuang\dynamic\jiuqu9.c <-- USRobotics /WINNT/system32/mud/world/u/lonely/llzhuang/dynamic jiuqu9.c
2001.11.27 07:00 A E:\world\u\lonely\llzhuang\dynamic\killer.c <-- USRobotics /WINNT/system32/mud/world/u/lonely/llzhuang/dynamic killer.c
