Failed to load condition daemon /daemon/condition/laugh, removed from d/city/npc/paimaishi#5679 ("拍卖师")
Error: *call_other() couldn't find object

Failed to load condition daemon /daemon/condition/qi_poison, removed from d/qujing/wuzhuang/npc/zhenyuan#1394 ("镇元大仙")
Error: *call_other() couldn't find object

Failed to load condition daemon /daemon/condition/bonze_drug, removed from obj/user#232164 ("田林")
Error: *call_other() couldn't find object

Failed to load condition daemon /daemon/condition/heavy_fire_poison, removed from obj/user#250128 ("[1;35m伤心的月亮[2;37;0m")
Error: *call_other() couldn't find object

Failed to load condition daemon /daemon/condition/heavy_fire_poison, removed from obj/user#334414 ("血苍红")
Error: *call_other() couldn't find object

Failed to load condition daemon /daemon/condition/shibao_poison, removed from d/city/npc/japan2#604901 ("小小倭贼")
Error: *call_other() couldn't find object

Failed to load condition daemon /daemon/condition/shibao_poison, removed from d/city/npc/heshang#668917 ("不知和尚")
Error: *call_other() couldn't find object

Failed to load condition daemon /daemon/condition/heavy_fire_poison, removed from obj/user#724137 ("温柔一剑")
Error: *call_other() couldn't find object

Failed to load condition daemon /daemon/condition/qi_poison, removed from d/city/npc/liyuanba#23636 ("李元霸")
Error: *call_other() couldn't find object

Failed to load condition daemon /daemon/condition/heavy_fire_poison, removed from obj/user#1010 ("俺本善良")
Error: *call_other() couldn't find object

Failed to load condition daemon /daemon/condition/heavy_fire_poison, removed from obj/user#962 ("风舞雪")
Error: *call_other() couldn't find object

Failed to load condition daemon /daemon/condition/heavy_fire_poison, removed from obj/user#129893 ("不爽")
Error: *call_other() couldn't find object

Failed to load condition daemon /daemon/condition/heavy_fire_poison, removed from obj/user#129893 ("不爽")
Error: *call_other() couldn't find object

Failed to load condition daemon /daemon/condition/heavy_fire_poison, removed from obj/user#141295 ("小薇")
Error: *call_other() couldn't find object

Failed to load condition daemon /daemon/condition/heavy_fire_poison, removed from obj/user#103051 ("刀锋")
Error: *call_other() couldn't find object

Failed to load condition daemon /daemon/condition/heavy_fire_poison, removed from obj/user#103051 ("刀锋")
Error: *call_other() couldn't find object

Failed to load condition daemon /daemon/condition/heavy_fire_poison, removed from obj/user#209182 ("[1;35m伤心的月亮[2;37;0m")
Error: *call_other() couldn't find object

Failed to load condition daemon /daemon/condition/heavy_fire_poison, removed from obj/user#349349 ("白羊")
Error: *call_other() couldn't find object

Failed to load condition daemon /daemon/condition/shibao_poison, removed from d/city/npc/bing#382675 ("[1;34m小兵[2;37;0m")
Error: *call_other() couldn't find object

Failed to load condition daemon /daemon/condition/shibao_poison, removed from d/city/npc/bing#382681 ("[1;34m小兵[2;37;0m")
Error: *call_other() couldn't find object

Failed to load condition daemon /daemon/condition/shibao_poison, removed from d/city/npc/bing#382678 ("[1;34m小兵[2;37;0m")
Error: *call_other() couldn't find object

Failed to load condition daemon /daemon/condition/heavy_fire_poison, removed from obj/user#212365 ("感动")
Error: *call_other() couldn't find object

Failed to load condition daemon /daemon/condition/heavy_fire_poison, removed from obj/user#449200 ("黄泉")
Error: *call_other() couldn't find object

Failed to load condition daemon /daemon/condition/heavy_fire_poison, removed from obj/user#501111 ("天空")
Error: *call_other() couldn't find object

Failed to load condition daemon /daemon/condition/heavy_fire_poison, removed from obj/user#469461 ("咖啡豆豆")
Error: *call_other() couldn't find object

Failed to load condition daemon /daemon/condition/bonze_drug, removed from obj/user#487 ("雲")
Error: *call_other() couldn't find object

Failed to load condition daemon /daemon/condition/bonze_drug, removed from obj/user#454 ("[1;37m南瓜")
Error: *call_other() couldn't find object

Failed to load condition daemon /daemon/condition/bonze_drug, removed from obj/user#487 ("雲")
Error: *call_other() couldn't find object

Failed to load condition daemon /daemon/condition/heavy_fire_poison, removed from obj/user#1098 ("不爽")
Error: *call_other() couldn't find object

Failed to load condition daemon /daemon/condition/heavy_fire_poison, removed from obj/user#21499 ("叶无双")
Error: *call_other() couldn't find object

Failed to load condition daemon /daemon/condition/qi_poison, removed from obj/user#339 ("我真弄你")
Error: *call_other() couldn't find object

Failed to load condition daemon /daemon/condition/heavy_fire_poison, removed from obj/user#164396 ("咖啡豆豆")
Error: *call_other() couldn't find object

Failed to load condition daemon /daemon/condition/heavy_fire_poison, removed from obj/user#195561 ("逆天")
Error: *call_other() couldn't find object

Failed to load condition daemon /daemon/condition/heavy_fire_poison, removed from obj/user#235106 ("拼命浪子")
Error: *call_other() couldn't find object

Failed to load condition daemon /daemon/condition/heavy_fire_poison, removed from obj/user#332924 ("感动")
Error: *call_other() couldn't find object

Failed to load condition daemon /daemon/condition/heavy_fire_poison, removed from obj/user#472494 ("飞蚂蚁")
Error: *call_other() couldn't find object

Failed to load condition daemon /daemon/condition/heavy_fire_poison, removed from obj/user#472494 ("飞蚂蚁")
Error: *call_other() couldn't find object

Failed to load condition daemon /daemon/condition/heavy_fire_poison, removed from obj/user#472494 ("飞蚂蚁")
Error: *call_other() couldn't find object

Failed to load condition daemon /daemon/condition/heavy_fire_poison, removed from obj/user#570 ("平平")
Error: *call_other() couldn't find object

Failed to load condition daemon /daemon/condition/heavy_fire_poison, removed from obj/user#31471 ("飞蚂蚁")
Error: *call_other() couldn't find object

Failed to load condition daemon /daemon/condition/heavy_fire_poison, removed from obj/user#56171 ("按时的")
Error: *call_other() couldn't find object

Failed to load condition daemon /daemon/condition/heavy_fire_poison, removed from obj/user#70748 ("小羿")
Error: *call_other() couldn't find object

Failed to load condition daemon /daemon/condition/hell_zhang, removed from obj/user#80072 ("燕青")
Error: *call_other() couldn't find object

Failed to load condition daemon /daemon/condition/heavy_fire_poison, removed from obj/user#205865 ("桀骜")
Error: *call_other() couldn't find object

Failed to load condition daemon /daemon/condition/heavy_fire_poison, removed from d/mojiao/npc/yun#403913 ("炎云")
Error: *call_other() couldn't find object

Failed to load condition daemon /daemon/condition/heavy_fire_poison, removed from obj/user#467386 ("冷雪·爱水")
Error: *call_other() couldn't find object

Failed to load condition daemon /daemon/condition/heavy_fire_poison, removed from d/mojiao/npc/yun#63986 ("炎云")
Error: *call_other() couldn't find object

Failed to load condition daemon /daemon/condition/heavy_fire_poison, removed from obj/user#71447 ("恶龙")
Error: *call_other() couldn't find object

Failed to load condition daemon /daemon/condition/heavy_fire_poison, removed from obj/user#71447 ("恶龙")
Error: *call_other() couldn't find object

Failed to load condition daemon /daemon/condition/heavy_fire_poison, removed from d/mojiao/npc/yun#193989 ("炎云")
Error: *call_other() couldn't find object

Failed to load condition daemon /daemon/condition/heavy_fire_poison, removed from d/mojiao/npc/yun#399030 ("炎云")
Error: *call_other() couldn't find object

Failed to load condition daemon /daemon/condition/shibao_poison, removed from d/qujing/xiaoxitian/npc/tong#78851 ("土猬怪")
Error: *call_other() couldn't find object

Failed to load condition daemon /daemon/condition/shibao_poison, removed from d/qujing/xiaoxitian/npc/tong#78854 ("石猊怪")
Error: *call_other() couldn't find object

Failed to load condition daemon /daemon/condition/shibao_poison, removed from d/qujing/xiaoxitian/npc/tong#78848 ("黄犰怪")
Error: *call_other() couldn't find object

Failed to load condition daemon /daemon/condition/shibao_poison, removed from d/city/npc/dizi#75858 ("武馆弟子")
Error: *call_other() couldn't find object

Failed to load condition daemon /daemon/condition/shibao_poison, removed from d/city/npc/dizi#75856 ("武馆弟子")
Error: *call_other() couldn't find object

Failed to load condition daemon /daemon/condition/shibao_poison, removed from d/city/npc/dizi#75860 ("武馆弟子")
Error: *call_other() couldn't find object

Failed to load condition daemon /daemon/condition/heavy_fire_poison, removed from obj/user#134341 ("　　　")
Error: *call_other() couldn't find object

Failed to load condition daemon /daemon/condition/heavy_fire_poison, removed from d/mojiao/npc/yun#457975 ("炎云")
Error: *call_other() couldn't find object

Failed to load condition daemon /daemon/condition/heavy_fire_poison, removed from d/mojiao/npc/yun#7501 ("炎云")
Error: *call_other() couldn't find object

Failed to load condition daemon /daemon/condition/heavy_fire_poison, removed from d/mojiao/npc/yun#277700 ("炎云")
Error: *call_other() couldn't find object

Failed to load condition daemon /daemon/condition/heavy_fire_poison, removed from obj/user#538579 ("小游侠")
Error: *call_other() couldn't find object

Failed to load condition daemon /daemon/condition/heavy_fire_poison, removed from obj/user#539722 ("琥珀")
Error: *call_other() couldn't find object

Failed to load condition daemon /daemon/condition/heavy_fire_poison, removed from d/mojiao/npc/yun#678005 ("炎云")
Error: *call_other() couldn't find object

Failed to load condition daemon /daemon/condition/heavy_fire_poison, removed from obj/user#804656 ("蓝色忧郁")
Error: *call_other() couldn't find object

Failed to load condition daemon /daemon/condition/heavy_fire_poison, removed from obj/user#834189 ("笑天")
Error: *call_other() couldn't find object

Failed to load condition daemon /daemon/condition/shibao_poison, removed from d/city/npc/jiaotou#158731 ("范芦平")
Error: *call_other() couldn't find object

Failed to load condition daemon /daemon/condition/shibao_poison, removed from d/city/npc/dizi#125104 ("武馆弟子")
Error: *call_other() couldn't find object

Failed to load condition daemon /daemon/condition/heavy_fire_poison, removed from obj/user#228102 ("蓝色忧郁")
Error: *call_other() couldn't find object

Failed to load condition daemon /daemon/condition/heavy_fire_poison, removed from obj/user#482708 ("羊怪")
Error: *call_other() couldn't find object

Failed to load condition daemon /daemon/condition/heavy_fire_poison, removed from d/mojiao/npc/yun#509901 ("炎云")
Error: *call_other() couldn't find object

Failed to load condition daemon /daemon/condition/heavy_fire_poison, removed from obj/user#506814 ("燕子")
Error: *call_other() couldn't find object

Failed to load condition daemon /daemon/condition/heavy_fire_poison, removed from d/mojiao/npc/yun#10910 ("炎云")
Error: *call_other() couldn't find object

Failed to load condition daemon /daemon/condition/heavy_fire_poison, removed from obj/user#13206 ("蓝色忧郁")
Error: *call_other() couldn't find object

Failed to load condition daemon /daemon/condition/heavy_fire_poison, removed from d/mojiao/npc/yun#41582 ("炎云")
Error: *call_other() couldn't find object

Failed to load condition daemon /daemon/condition/heavy_fire_poison, removed from obj/user#59905 ("刀神")
Error: *call_other() couldn't find object

Failed to load condition daemon /daemon/condition/heavy_fire_poison, removed from obj/user#59905 ("刀神")
Error: *call_other() couldn't find object

Failed to load condition daemon /daemon/condition/heavy_fire_poison, removed from obj/user#13206 ("蓝色忧郁")
Error: *call_other() couldn't find object

Failed to load condition daemon /daemon/condition/heavy_fire_poison, removed from d/mojiao/npc/yun#454404 ("炎云")
Error: *call_other() couldn't find object

Failed to load condition daemon /daemon/condition/evil_fire_poison, removed from obj/user#2217 ("碧雪天")
Error: *call_other() couldn't find object

Failed to load condition daemon /daemon/condition/heavy_fire_poison, removed from d/mojiao/npc/yun#23535 ("炎云")
Error: *call_other() couldn't find object

Failed to load condition daemon /daemon/condition/heavy_fire_poison, removed from obj/user#24215 ("虚糊")
Error: *call_other() couldn't find object

Failed to load condition daemon /daemon/condition/heavy_fire_poison, removed from d/mojiao/npc/yun#154591 ("炎云")
Error: *call_other() couldn't find object

Failed to load condition daemon /daemon/condition/evil_fire_poison, removed from obj/user#229233 ("碧雪天")
Error: *call_other() couldn't find object

Failed to load condition daemon /daemon/condition/heavy_fire_poison, removed from obj/user#133547 ("叶蝶")
Error: *call_other() couldn't find object

Failed to load condition daemon /daemon/condition/heavy_fire_poison, removed from obj/user#131708 ("天")
Error: *call_other() couldn't find object

Failed to load condition daemon /daemon/condition/heavy_fire_poison, removed from obj/user#179884 ("碧雪天")
Error: *call_other() couldn't find object

Failed to load condition daemon /daemon/condition/heavy_fire_poison, removed from d/mojiao/npc/yun#140266 ("炎云")
Error: *call_other() couldn't find object

Failed to load condition daemon /daemon/condition/heavy_fire_poison, removed from d/mojiao/npc/yun#1212 ("炎云")
Error: *call_other() couldn't find object

Failed to load condition daemon /daemon/condition/heavy_fire_poison, removed from obj/user#165848 ("龙乘风")
Error: *call_other() couldn't find object

Failed to load condition daemon /daemon/condition/heavy_fire_poison, removed from obj/user#44161 ("莉安娜")
Error: *call_other() couldn't find object

Failed to load condition daemon /daemon/condition/heavy_fire_poison, removed from obj/user#57062 ("刺客的小情人")
Error: *call_other() couldn't find object

Failed to load condition daemon /daemon/condition/heavy_fire_poison, removed from obj/user#57062 ("刺客的小情人")
Error: *call_other() couldn't find object

Failed to load condition daemon /daemon/condition/heavy_fire_poison, removed from obj/user#57062 ("刺客的小情人")
Error: *call_other() couldn't find object

Failed to load condition daemon /daemon/condition/heavy_fire_poison, removed from obj/user#57062 ("刺客的小情人")
Error: *call_other() couldn't find object

Failed to load condition daemon /daemon/condition/evil_fire_poison, removed from obj/user#84957 ("碧雪天")
Error: *call_other() couldn't find object

Failed to load condition daemon /daemon/condition/evil_fire_poison, removed from obj/user#84957 ("碧雪天")
Error: *call_other() couldn't find object

Failed to load condition daemon /daemon/condition/evil_fire_poison, removed from obj/user#562 ("碧雪天")
Error: *call_other() couldn't find object

