2003.06.15 10:40 B F:\user\w\wadefly.o <-- www.vmud.com /lonely/mudlib/data/user/w wadefly.o
2003.06.15 10:40 B F:\user\w\wait.o <-- www.vmud.com /lonely/mudlib/data/user/w wait.o
2003.06.15 10:40 B F:\user\w\wake.o <-- www.vmud.com /lonely/mudlib/data/user/w wake.o
2003.06.15 10:40 B F:\user\w\wakeup.o <-- www.vmud.com /lonely/mudlib/data/user/w wakeup.o
2003.06.15 10:40 B F:\user\w\walile.o <-- www.vmud.com /lonely/mudlib/data/user/w walile.o
2003.06.15 10:40 B F:\user\w\walilele.o <-- www.vmud.com /lonely/mudlib/data/user/w walilele.o
2003.06.15 10:41 B F:\user\w\walk.o <-- www.vmud.com /lonely/mudlib/data/user/w walk.o
2003.06.15 10:41 B F:\user\w\wanbo.o <-- www.vmud.com /lonely/mudlib/data/user/w wanbo.o
2003.06.15 10:41 B F:\user\w\wang.o <-- www.vmud.com /lonely/mudlib/data/user/w wang.o
2003.06.15 10:41 B F:\user\w\wanggang.o <-- www.vmud.com /lonely/mudlib/data/user/w wanggang.o
2003.06.15 10:41 B F:\user\w\wangwwh.o <-- www.vmud.com /lonely/mudlib/data/user/w wangwwh.o
2003.06.15 10:41 B F:\user\w\wanyan.o <-- www.vmud.com /lonely/mudlib/data/user/w wanyan.o
2003.06.15 10:41 B F:\user\w\watergenie.o <-- www.vmud.com /lonely/mudlib/data/user/w watergenie.o
2003.06.15 10:41 B F:\user\w\watermoon.o <-- www.vmud.com /lonely/mudlib/data/user/w watermoon.o
2003.06.15 10:41 B F:\user\w\waterspirt.o <-- www.vmud.com /lonely/mudlib/data/user/w waterspirt.o
2003.06.15 10:41 B F:\user\w\wayne.o <-- www.vmud.com /lonely/mudlib/data/user/w wayne.o
2003.06.15 10:41 B F:\user\w\wcw.o <-- www.vmud.com /lonely/mudlib/data/user/w wcw.o
2003.06.15 10:41 B F:\user\w\wei.o <-- www.vmud.com /lonely/mudlib/data/user/w wei.o
2003.06.15 10:41 B F:\user\w\weii.o <-- www.vmud.com /lonely/mudlib/data/user/w weii.o
2003.06.15 10:41 B F:\user\w\wench.o <-- www.vmud.com /lonely/mudlib/data/user/w wench.o
2003.06.15 10:41 B F:\user\w\west.o <-- www.vmud.com /lonely/mudlib/data/user/w west.o
2003.06.15 10:41 B F:\user\w\westover.o <-- www.vmud.com /lonely/mudlib/data/user/w westover.o
2003.06.15 10:41 B F:\user\w\wewe.o <-- www.vmud.com /lonely/mudlib/data/user/w wewe.o
2003.06.15 10:41 B F:\user\w\wgdl.o <-- www.vmud.com /lonely/mudlib/data/user/w wgdl.o
2003.06.15 10:41 B F:\user\w\wglryfwxy.o <-- www.vmud.com /lonely/mudlib/data/user/w wglryfwxy.o
2003.06.15 10:41 B F:\user\w\wgpj.o <-- www.vmud.com /lonely/mudlib/data/user/w wgpj.o
2003.06.15 10:41 B F:\user\w\wgpjjj.o <-- www.vmud.com /lonely/mudlib/data/user/w wgpjjj.o
2003.06.15 10:41 B F:\user\w\wgxs.o <-- www.vmud.com /lonely/mudlib/data/user/w wgxs.o
2003.06.15 10:41 B F:\user\w\when.o <-- www.vmud.com /lonely/mudlib/data/user/w when.o
2003.06.15 10:41 B F:\user\w\white.o <-- www.vmud.com /lonely/mudlib/data/user/w white.o
2003.06.15 10:41 B F:\user\w\who.o <-- www.vmud.com /lonely/mudlib/data/user/w who.o
2003.06.15 10:41 B F:\user\w\whz.o <-- www.vmud.com /lonely/mudlib/data/user/w whz.o
2003.06.15 10:41 B F:\user\w\wiltong.o <-- www.vmud.com /lonely/mudlib/data/user/w wiltong.o
2003.06.15 10:41 B F:\user\w\wind.o <-- www.vmud.com /lonely/mudlib/data/user/w wind.o
2003.06.15 10:41 B F:\user\w\windforce.o <-- www.vmud.com /lonely/mudlib/data/user/w windforce.o
2003.06.15 10:41 B F:\user\w\winds.o <-- www.vmud.com /lonely/mudlib/data/user/w winds.o
2003.06.15 10:41 B F:\user\w\windsc.o <-- www.vmud.com /lonely/mudlib/data/user/w windsc.o
2003.06.15 10:41 B F:\user\w\windsmile.o <-- www.vmud.com /lonely/mudlib/data/user/w windsmile.o
2003.06.15 10:41 B F:\user\w\wink.o <-- www.vmud.com /lonely/mudlib/data/user/w wink.o
2003.06.15 10:41 B F:\user\w\wint.o <-- www.vmud.com /lonely/mudlib/data/user/w wint.o
2003.06.15 10:41 B F:\user\w\winter.o <-- www.vmud.com /lonely/mudlib/data/user/w winter.o
2003.06.15 10:41 B F:\user\w\wisely.o <-- www.vmud.com /lonely/mudlib/data/user/w wisely.o
2003.06.15 10:41 B F:\user\w\wit.o <-- www.vmud.com /lonely/mudlib/data/user/w wit.o
2003.06.15 10:41 B F:\user\w\wizzle.o <-- www.vmud.com /lonely/mudlib/data/user/w wizzle.o
2003.06.15 10:41 B F:\user\w\wmkj.o <-- www.vmud.com /lonely/mudlib/data/user/w wmkj.o
2003.06.15 10:41 B F:\user\w\wnw.o <-- www.vmud.com /lonely/mudlib/data/user/w wnw.o
2003.06.15 10:41 B F:\user\w\woaini.o <-- www.vmud.com /lonely/mudlib/data/user/w woaini.o
2003.06.15 10:41 B F:\user\w\woainia.o <-- www.vmud.com /lonely/mudlib/data/user/w woainia.o
2003.06.15 10:41 B F:\user\w\wodao.o <-- www.vmud.com /lonely/mudlib/data/user/w wodao.o
2003.06.15 10:41 B F:\user\w\wolf.o <-- www.vmud.com /lonely/mudlib/data/user/w wolf.o
2003.06.15 10:41 B F:\user\w\wolfwood.o <-- www.vmud.com /lonely/mudlib/data/user/w wolfwood.o
2003.06.15 10:41 B F:\user\w\wolow.o <-- www.vmud.com /lonely/mudlib/data/user/w wolow.o
2003.06.15 10:41 B F:\user\w\wolverine.o <-- www.vmud.com /lonely/mudlib/data/user/w wolverine.o
2003.06.15 10:41 B F:\user\w\wolves.o <-- www.vmud.com /lonely/mudlib/data/user/w wolves.o
2003.06.15 10:41 B F:\user\w\woods.o <-- www.vmud.com /lonely/mudlib/data/user/w woods.o
2003.06.15 10:41 B F:\user\w\wsdw.o <-- www.vmud.com /lonely/mudlib/data/user/w wsdw.o
2003.06.15 10:41 B F:\user\w\wship.o <-- www.vmud.com /lonely/mudlib/data/user/w wship.o
2003.06.15 10:41 B F:\user\w\wuaiming.o <-- www.vmud.com /lonely/mudlib/data/user/w wuaiming.o
2003.06.15 10:41 B F:\user\w\wudang.o <-- www.vmud.com /lonely/mudlib/data/user/w wudang.o
2003.06.15 10:41 B F:\user\w\wudu.o <-- www.vmud.com /lonely/mudlib/data/user/w wudu.o
2003.06.15 10:41 B F:\user\w\wugui.o <-- www.vmud.com /lonely/mudlib/data/user/w wugui.o
2003.06.15 10:41 B F:\user\w\wuji.o <-- www.vmud.com /lonely/mudlib/data/user/w wuji.o
2003.06.15 10:41 B F:\user\w\wuliao.o <-- www.vmud.com /lonely/mudlib/data/user/w wuliao.o
2003.06.15 10:41 B F:\user\w\wumi.o <-- www.vmud.com /lonely/mudlib/data/user/w wumi.o
2003.06.15 10:41 B F:\user\w\wuwei.o <-- www.vmud.com /lonely/mudlib/data/user/w wuwei.o
2003.06.15 10:41 B F:\user\w\wuwumimi.o <-- www.vmud.com /lonely/mudlib/data/user/w wuwumimi.o
2003.06.15 10:41 B F:\user\w\wuxin.o <-- www.vmud.com /lonely/mudlib/data/user/w wuxin.o
2003.06.15 10:41 B F:\user\w\wuy.o <-- www.vmud.com /lonely/mudlib/data/user/w wuy.o
2003.06.15 10:41 B F:\user\w\wwwttt.o <-- www.vmud.com /lonely/mudlib/data/user/w wwwttt.o
2003.06.15 10:41 B F:\user\w\wwwww.o <-- www.vmud.com /lonely/mudlib/data/user/w wwwww.o
2003.06.15 10:41 B F:\user\w\wxt.o <-- www.vmud.com /lonely/mudlib/data/user/w wxt.o
2003.06.15 10:41 B F:\user\w\wxy.o <-- www.vmud.com /lonely/mudlib/data/user/w wxy.o
2003.06.15 10:41 B F:\user\w\wzw.o <-- www.vmud.com /lonely/mudlib/data/user/w wzw.o
