99.03.14 13:10 B f:\mirror1\d\hangzhou\beijie.c --> www1.yn.cninfo.net /mudcctx/mudlib/d/hangzhou beijie.c
99.03.14 13:10 B f:\mirror1\d\hangzhou\chaguan.c --> www1.yn.cninfo.net /mudcctx/mudlib/d/hangzhou chaguan.c
99.03.14 13:10 B f:\mirror1\d\hangzhou\dajie.c --> www1.yn.cninfo.net /mudcctx/mudlib/d/hangzhou dajie.c
99.03.14 13:10 B f:\mirror1\d\hangzhou\dajie1.c --> www1.yn.cninfo.net /mudcctx/mudlib/d/hangzhou dajie1.c
99.03.14 13:10 B f:\mirror1\d\hangzhou\gangkou.c --> www1.yn.cninfo.net /mudcctx/mudlib/d/hangzhou gangkou.c
99.03.14 13:10 B f:\mirror1\d\hangzhou\hzdongjie.c --> www1.yn.cninfo.net /mudcctx/mudlib/d/hangzhou hzdongjie.c
99.03.14 13:10 B f:\mirror1\d\hangzhou\hzdongmen.c --> www1.yn.cninfo.net /mudcctx/mudlib/d/hangzhou hzdongmen.c
99.03.14 13:10 B f:\mirror1\d\hangzhou\hzdongmen1.c --> www1.yn.cninfo.net /mudcctx/mudlib/d/hangzhou hzdongmen1.c
99.03.14 13:10 B f:\mirror1\d\hangzhou\hznanmen.c --> www1.yn.cninfo.net /mudcctx/mudlib/d/hangzhou hznanmen.c
99.03.14 13:10 B f:\mirror1\d\hangzhou\hznanmen1.c --> www1.yn.cninfo.net /mudcctx/mudlib/d/hangzhou hznanmen1.c
99.03.14 13:10 B f:\mirror1\d\hangzhou\hzximen.c --> www1.yn.cninfo.net /mudcctx/mudlib/d/hangzhou hzximen.c
99.03.14 13:10 B f:\mirror1\d\hangzhou\hzximen1.c --> www1.yn.cninfo.net /mudcctx/mudlib/d/hangzhou hzximen1.c
99.03.14 13:10 B f:\mirror1\d\hangzhou\jianyu.c --> www1.yn.cninfo.net /mudcctx/mudlib/d/hangzhou jianyu.c
99.03.14 13:10 B f:\mirror1\d\hangzhou\jiujia.c --> www1.yn.cninfo.net /mudcctx/mudlib/d/hangzhou jiujia.c
99.03.14 13:10 B f:\mirror1\d\hangzhou\jiujia1.c --> www1.yn.cninfo.net /mudcctx/mudlib/d/hangzhou jiujia1.c
99.03.14 13:10 B f:\mirror1\d\hangzhou\jiulou.c --> www1.yn.cninfo.net /mudcctx/mudlib/d/hangzhou jiulou.c
99.03.14 13:10 B f:\mirror1\d\hangzhou\jiulou1.c --> www1.yn.cninfo.net /mudcctx/mudlib/d/hangzhou jiulou1.c
99.03.14 13:10 B f:\mirror1\d\hangzhou\kedian.c --> www1.yn.cninfo.net /mudcctx/mudlib/d/hangzhou kedian.c
99.03.14 13:10 B f:\mirror1\d\hangzhou\kedian2.c --> www1.yn.cninfo.net /mudcctx/mudlib/d/hangzhou kedian2.c
99.03.14 13:10 B f:\mirror1\d\hangzhou\kedian3.c --> www1.yn.cninfo.net /mudcctx/mudlib/d/hangzhou kedian3.c
99.03.14 13:10 B f:\mirror1\d\hangzhou\laofang.c --> www1.yn.cninfo.net /mudcctx/mudlib/d/hangzhou laofang.c
99.03.14 13:10 B f:\mirror1\d\hangzhou\laofang1.c --> www1.yn.cninfo.net /mudcctx/mudlib/d/hangzhou laofang1.c
99.03.14 13:10 B f:\mirror1\d\hangzhou\laofang2.c --> www1.yn.cninfo.net /mudcctx/mudlib/d/hangzhou laofang2.c
99.03.14 13:10 B f:\mirror1\d\hangzhou\laofang3.c --> www1.yn.cninfo.net /mudcctx/mudlib/d/hangzhou laofang3.c
99.03.14 13:10 B f:\mirror1\d\hangzhou\laofang4.c --> www1.yn.cninfo.net /mudcctx/mudlib/d/hangzhou laofang4.c
99.03.14 13:10 B f:\mirror1\d\hangzhou\laofang5.c --> www1.yn.cninfo.net /mudcctx/mudlib/d/hangzhou laofang5.c
99.03.14 13:10 B f:\mirror1\d\hangzhou\liudao.c --> www1.yn.cninfo.net /mudcctx/mudlib/d/hangzhou liudao.c
99.03.14 13:10 B f:\mirror1\d\hangzhou\liudao1.c --> www1.yn.cninfo.net /mudcctx/mudlib/d/hangzhou liudao1.c
99.03.14 13:10 B f:\mirror1\d\hangzhou\liudao2.c --> www1.yn.cninfo.net /mudcctx/mudlib/d/hangzhou liudao2.c
99.03.14 13:10 B f:\mirror1\d\hangzhou\liudao3.c --> www1.yn.cninfo.net /mudcctx/mudlib/d/hangzhou liudao3.c
99.03.14 13:10 B f:\mirror1\d\hangzhou\liudao4.c --> www1.yn.cninfo.net /mudcctx/mudlib/d/hangzhou liudao4.c
99.03.14 13:10 B f:\mirror1\d\hangzhou\liudao5.c --> www1.yn.cninfo.net /mudcctx/mudlib/d/hangzhou liudao5.c
99.03.14 13:10 B f:\mirror1\d\hangzhou\liudao6.c --> www1.yn.cninfo.net /mudcctx/mudlib/d/hangzhou liudao6.c
99.03.14 13:10 B f:\mirror1\d\hangzhou\liudao7.c --> www1.yn.cninfo.net /mudcctx/mudlib/d/hangzhou liudao7.c
99.03.14 13:10 B f:\mirror1\d\hangzhou\lukou.c --> www1.yn.cninfo.net /mudcctx/mudlib/d/hangzhou lukou.c
99.03.14 13:10 B f:\mirror1\d\hangzhou\nanjie.c --> www1.yn.cninfo.net /mudcctx/mudlib/d/hangzhou nanjie.c
99.03.14 13:10 B f:\mirror1\d\hangzhou\nanjie1.c --> www1.yn.cninfo.net /mudcctx/mudlib/d/hangzhou nanjie1.c
99.03.14 13:10 B f:\mirror1\d\hangzhou\nliudao.c --> www1.yn.cninfo.net /mudcctx/mudlib/d/hangzhou nliudao.c
99.03.14 13:10 B f:\mirror1\d\hangzhou\nliudao1.c --> www1.yn.cninfo.net /mudcctx/mudlib/d/hangzhou nliudao1.c
99.03.14 13:10 B f:\mirror1\d\hangzhou\nliudao2.c --> www1.yn.cninfo.net /mudcctx/mudlib/d/hangzhou nliudao2.c
99.03.14 13:10 B f:\mirror1\d\hangzhou\nliudao3.c --> www1.yn.cninfo.net /mudcctx/mudlib/d/hangzhou nliudao3.c
99.03.14 13:10 B f:\mirror1\d\hangzhou\nliudao4.c --> www1.yn.cninfo.net /mudcctx/mudlib/d/hangzhou nliudao4.c
99.03.14 13:10 B f:\mirror1\d\hangzhou\qianzhuang.c --> www1.yn.cninfo.net /mudcctx/mudlib/d/hangzhou qianzhuang.c
99.03.14 13:10 B f:\mirror1\d\hangzhou\shudian.c --> www1.yn.cninfo.net /mudcctx/mudlib/d/hangzhou shudian.c
99.03.14 13:10 B f:\mirror1\d\hangzhou\shufang.c --> www1.yn.cninfo.net /mudcctx/mudlib/d/hangzhou shufang.c
99.03.14 13:10 B f:\mirror1\d\hangzhou\shuyuan.c --> www1.yn.cninfo.net /mudcctx/mudlib/d/hangzhou shuyuan.c
99.03.14 13:10 B f:\mirror1\d\hangzhou\troad1.c --> www1.yn.cninfo.net /mudcctx/mudlib/d/hangzhou troad1.c
99.03.14 13:10 B f:\mirror1\d\hangzhou\troad2.c --> www1.yn.cninfo.net /mudcctx/mudlib/d/hangzhou troad2.c
99.03.14 13:10 B f:\mirror1\d\hangzhou\troad3.c --> www1.yn.cninfo.net /mudcctx/mudlib/d/hangzhou troad3.c
99.03.14 13:10 B f:\mirror1\d\hangzhou\troad4.c --> www1.yn.cninfo.net /mudcctx/mudlib/d/hangzhou troad4.c
99.03.14 13:10 B f:\mirror1\d\hangzhou\troad5.c --> www1.yn.cninfo.net /mudcctx/mudlib/d/hangzhou troad5.c
99.03.14 13:10 B f:\mirror1\d\hangzhou\troad6.c --> www1.yn.cninfo.net /mudcctx/mudlib/d/hangzhou troad6.c
99.03.14 13:10 B f:\mirror1\d\hangzhou\xiaolu.c --> www1.yn.cninfo.net /mudcctx/mudlib/d/hangzhou xiaolu.c
99.03.14 13:10 B f:\mirror1\d\hangzhou\xiaoqiao.c --> www1.yn.cninfo.net /mudcctx/mudlib/d/hangzhou xiaoqiao.c
99.03.14 13:10 B f:\mirror1\d\hangzhou\xiaoxiang.c --> www1.yn.cninfo.net /mudcctx/mudlib/d/hangzhou xiaoxiang.c
99.03.14 13:10 B f:\mirror1\d\hangzhou\xiaoxiang1.c --> www1.yn.cninfo.net /mudcctx/mudlib/d/hangzhou xiaoxiang1.c
99.03.14 13:11 B f:\mirror1\d\hangzhou\xiaoxiang2.c --> www1.yn.cninfo.net /mudcctx/mudlib/d/hangzhou xiaoxiang2.c
99.03.14 13:11 B f:\mirror1\d\hangzhou\xiaoxiang3.c --> www1.yn.cninfo.net /mudcctx/mudlib/d/hangzhou xiaoxiang3.c
99.03.14 13:11 B f:\mirror1\d\hangzhou\xijie.c --> www1.yn.cninfo.net /mudcctx/mudlib/d/hangzhou xijie.c
99.03.14 13:11 B f:\mirror1\d\hangzhou\xijie1.c --> www1.yn.cninfo.net /mudcctx/mudlib/d/hangzhou xijie1.c
99.03.14 13:11 B f:\mirror1\d\hangzhou\yaopu.c --> www1.yn.cninfo.net /mudcctx/mudlib/d/hangzhou yaopu.c
99.03.14 13:11 B f:\mirror1\d\hangzhou\yuanzi.c --> www1.yn.cninfo.net /mudcctx/mudlib/d/hangzhou yuanzi.c
99.03.14 13:11 B f:\mirror1\d\hangzhou\zahuopu.c --> www1.yn.cninfo.net /mudcctx/mudlib/d/hangzhou zahuopu.c
99.03.14 13:11 B f:\mirror1\d\hangzhou\zfhouyuan.c --> www1.yn.cninfo.net /mudcctx/mudlib/d/hangzhou zfhouyuan.c
99.03.14 13:11 B f:\mirror1\d\hangzhou\zhifu.c --> www1.yn.cninfo.net /mudcctx/mudlib/d/hangzhou zhifu.c
99.03.14 13:11 B f:\mirror1\d\hangzhou\zhifu1.c --> www1.yn.cninfo.net /mudcctx/mudlib/d/hangzhou zhifu1.c
