监看使用者                    人工智慧实验室
每隔 8 秒更新一次, 请按 Ctrl-C 或 Ctrl-D 离开.
User ID       Mode       | User ID       Mode       | User ID       Mode
-------       ----       | -------       ----       | -------       ----
Stingray      上线使用者 | JSC           聊天选单   | oneball       读取信件
koong         写信       | guest         阅读文章   | piky          写信
Donald        本站公布栏 | rtsai         阅读文章   | alexlin       阅读文章
BCSun         主选单     | bvcxz         进站画面   | dagon         阅读文章
nilxela       监看使用者 | Les           阅读文章   |
                         |                          | skin          讨论区列表
brave         阅读文章   | synd          监看使用者 | earn          讨论区列表
spoli         阅读文章   | MayGirl       写信       |
ivor          写信       | yjyang        新文章列表 | OneBird       阅读文章
                         |                          | qegg          写信
cooper        阅读文章   |                          |
                         |                          |
                         |                          |
                         |                          |
                         |                          |
                         |                          |
                         |                          |
                         |                          |
                         |                          |
目前有 25 个使用者上线, 现在时刻: Thu Sep 14 15:42:39 1995
