99.03.14 13:04 B f:\mirror1\d\dali\huanggong\gongmen.c --> www1.yn.cninfo.net /mudcctx/mudlib/d/dali/huanggong gongmen.c
99.03.14 13:04 B f:\mirror1\d\dali\huanggong\guangchang.c --> www1.yn.cninfo.net /mudcctx/mudlib/d/dali/huanggong guangchang.c
99.03.14 13:04 B f:\mirror1\d\dali\huanggong\huayuan.c --> www1.yn.cninfo.net /mudcctx/mudlib/d/dali/huanggong huayuan.c
99.03.14 13:04 B f:\mirror1\d\dali\huanggong\jiamin.c --> www1.yn.cninfo.net /mudcctx/mudlib/d/dali/huanggong jiamin.c
99.03.14 13:04 B f:\mirror1\d\dali\huanggong\largeyuan.c --> www1.yn.cninfo.net /mudcctx/mudlib/d/dali/huanggong largeyuan.c
99.03.14 13:04 B f:\mirror1\d\dali\huanggong\lianwu.c --> www1.yn.cninfo.net /mudcctx/mudlib/d/dali/huanggong lianwu.c
99.03.14 13:04 B f:\mirror1\d\dali\huanggong\lizheng.c --> www1.yn.cninfo.net /mudcctx/mudlib/d/dali/huanggong lizheng.c
99.03.14 13:04 B f:\mirror1\d\dali\huanggong\paifang.c --> www1.yn.cninfo.net /mudcctx/mudlib/d/dali/huanggong paifang.c
99.03.14 13:04 B f:\mirror1\d\dali\huanggong\qinggong.c --> www1.yn.cninfo.net /mudcctx/mudlib/d/dali/huanggong qinggong.c
99.03.14 13:04 B f:\mirror1\d\dali\huanggong\qinzheng.c --> www1.yn.cninfo.net /mudcctx/mudlib/d/dali/huanggong qinzheng.c
99.03.14 13:04 B f:\mirror1\d\dali\huanggong\qulang1.c --> www1.yn.cninfo.net /mudcctx/mudlib/d/dali/huanggong qulang1.c
99.03.14 13:04 B f:\mirror1\d\dali\huanggong\qulang2.c --> www1.yn.cninfo.net /mudcctx/mudlib/d/dali/huanggong qulang2.c
99.03.14 13:04 B f:\mirror1\d\dali\huanggong\shengci.c --> www1.yn.cninfo.net /mudcctx/mudlib/d/dali/huanggong shengci.c
99.03.14 13:04 B f:\mirror1\d\dali\huanggong\shufang.c --> www1.yn.cninfo.net /mudcctx/mudlib/d/dali/huanggong shufang.c
99.03.14 13:04 B f:\mirror1\d\dali\huanggong\taihe.c --> www1.yn.cninfo.net /mudcctx/mudlib/d/dali/huanggong taihe.c
99.03.14 13:04 B f:\mirror1\d\dali\huanggong\xiaoyuan.c --> www1.yn.cninfo.net /mudcctx/mudlib/d/dali/huanggong xiaoyuan.c
99.03.14 13:04 B f:\mirror1\d\dali\huanggong\yaofang.c --> www1.yn.cninfo.net /mudcctx/mudlib/d/dali/huanggong yaofang.c
99.03.14 13:04 B f:\mirror1\d\dali\huanggong\yu-yi.c --> www1.yn.cninfo.net /mudcctx/mudlib/d/dali/huanggong yu-yi.c
99.03.14 13:04 B f:\mirror1\d\dali\huanggong\yushan.c --> www1.yn.cninfo.net /mudcctx/mudlib/d/dali/huanggong yushan.c
99.03.14 13:04 B f:\mirror1\d\dali\huanggong\zhengde.c --> www1.yn.cninfo.net /mudcctx/mudlib/d/dali/huanggong zhengde.c
99.03.14 13:04 B f:\mirror1\d\dali\huanggong\zhou.txt --> www1.yn.cninfo.net /mudcctx/mudlib/d/dali/huanggong zhou.txt
99.03.14 13:04 B f:\mirror1\d\dali\huanggong\zoulang1.c --> www1.yn.cninfo.net /mudcctx/mudlib/d/dali/huanggong zoulang1.c
99.03.14 13:04 B f:\mirror1\d\dali\huanggong\zoulang2.c --> www1.yn.cninfo.net /mudcctx/mudlib/d/dali/huanggong zoulang2.c
99.03.14 13:04 B f:\mirror1\d\dali\huanggong\zoulang3.c --> www1.yn.cninfo.net /mudcctx/mudlib/d/dali/huanggong zoulang3.c
99.03.14 13:04 B f:\mirror1\d\dali\huanggong\zoulang4.c --> www1.yn.cninfo.net /mudcctx/mudlib/d/dali/huanggong zoulang4.c
