     常春岛地图           
                                   观月顶              \n"
"                                    //[C[C[C[C[C[C[C[C[D[D[D[D[D[D[D[D[D[D[D[D[D[D[D[D[D[D[D[D[C[C[C[C[C[C[Cwd[C//[C[C[C[C[C[C[C[C[C[C[C[C[C[C[C[C[C[C[D\n"
"                                长阶                    [D\n"
"                               //[D[D[D[D    !![D[D[D[D[D[D[D[D[D[Cwd[C[D[D[D  wd//                      \n"
"                           平台                        \n"
"               [A[C[C[C[C[C[C[C[C[C[C--[D[D[D-[D[A[B[D[A[C[B[D--[D[D[D[D--[Aw[B[D[D[D[D[D小路[A w[D[D[D[C[C[C[C[C[C[C[B[B[D[D[D[D[D[D[D[D[D||[C[Cwd[C[C[C[C[C[C[C[C[C[C[C[C[C[C[C[C[C[C[C[C[C[C[C[C[C[C[C[C[C\n"
"                   小路[C[C[C[C[C[C[C[C[C[C[C[C[C[C[C[C[C[C[C[C[C[C[C[C[C[C[C[C[C[C[C[C[C[D\n"
"[C[C[C[C[C[C[C[C[C[C[C[C[C[C[C[C[C[C[C[C||  nw                             \n"
"                   小路                                \n"
"                    ||  sw                             \n"
"                   小路				\n"
"[A[C[C[C[C[C[C[C[C[C[C[C[C[C[C[C[C---[D[D[D[D[D--[A[Dw[B[D[D[D-[D[D[D[D[D渡口[A[D[D|[D[D|[D[D[D[A[B[D[D[Cn[A[C[C[D[C||[A[D[D||[D[D[D[D[B[B[B[D[A[A[B [A[A[A留云倌  [B[B[B[B[B[D[D[D[D[D[D[D[D[D[A[A[An[B[B[B[C[C||   					\n"
"		[D[D[D[D[D||[D[D[D[D[Ds[C[C						\n"
"	   ||						\n"
"         礁石						\n"
[A[C[C[C[C[C[C[C[D[D[D[D[D礁石----[A[D[D[D[B[B[A[C[C[C[C[C[C[C[C[C[C[C[C[C[C[C[C[C[C[C[C[C[C[C[C[C[C[C[C[C[C[C[C[C[C[C[C[C[C[C[C[C[C[C[C[C[C[C[C[C[C[C[C
