
<---火影: MudOs v22pre11 (by wwj,Jan  1 1999) startup on Microsoft Windows NT at Sun Aug 02 21:32:43 2009

using config file: D:\mud\火影\Naruto\config.cfg
Can't find "mudos", ignoring old binaries.
Try invoking the driver using the full pathname.
Connected to address server on localhost port 7990
]simul_efun loaded successfully.

Loading preloaded files ...
Initializations complete.

Accepting connections on port 8000.
Accepting connections on port 8015.
]时空一阵波动, 天外飞仙瞬间由这个世界消失...
执行时段错误：*restore_object(): Illegal file format.
物件：world/area/wizard/hockshop ("Root"):feature/save.c
程式：feature/save.c:33
函数呼叫回溯:
world/npc/passerby#124 ("Root") heart_beat           std/char/npc.c:38
world/npc/passerby#124 ("Root") chat                 std/char/npc.c:147
world/npc/passerby#124 ("Root") <function>           (<function>):0
world/npc/passerby#124 ("Root") random_move          std/char/npc.c:171
cmds/std/go ("Root")      main                 cmds/std/go.c:246
cmds/std/go ("Root")      do_area_move         cmds/std/go.c:86
world/area/wizard/wizard ("Root") valid_leave          std/area/map.c:295
world/area/wizard/hockshop ("Root") create               world/area/wizard/hockshop.c:18
world/area/wizard/hockshop ("Root") setup                std/room/hockshop.c:225
world/area/wizard/hockshop ("Root") restore              feature/save.c:33

Heart beat in world/npc/passerby#124 turned off.
Initializing internal tables....

<---火影: MudOs v22pre11 (by wwj,Jan  1 1999) startup on Microsoft Windows NT at Sun Aug 02 22:44:53 2009

using config file: D:\mud\火影\Naruto\config.cfg
Can't find "mudos", ignoring old binaries.
Try invoking the driver using the full pathname.
Connected to address server on localhost port 7990
]simul_efun loaded successfully.

Loading preloaded files ...
Initializations complete.

Accepting connections on port 8000.
Accepting connections on port 8015.
Initializing internal tables....
]时空一阵波动, 天外飞仙瞬间由这个世界消失...
