2003.06.15 10:29 B F:\user\d\dadada.o <-- www.vmud.com /lonely/mudlib/data/user/d dadada.o
2003.06.15 10:29 B F:\user\d\dahai.o <-- www.vmud.com /lonely/mudlib/data/user/d dahai.o
2003.06.15 10:29 B F:\user\d\dalfjas.o <-- www.vmud.com /lonely/mudlib/data/user/d dalfjas.o
2003.06.15 10:29 B F:\user\d\dalidami.o <-- www.vmud.com /lonely/mudlib/data/user/d dalidami.o
2003.06.15 10:29 B F:\user\d\dami.o <-- www.vmud.com /lonely/mudlib/data/user/d dami.o
2003.06.15 10:29 B F:\user\d\damii.o <-- www.vmud.com /lonely/mudlib/data/user/d damii.o
2003.06.15 10:29 B F:\user\d\damimia.o <-- www.vmud.com /lonely/mudlib/data/user/d damimia.o
2003.06.15 10:29 B F:\user\d\daming.o <-- www.vmud.com /lonely/mudlib/data/user/d daming.o
2003.06.15 10:29 B F:\user\d\damis.o <-- www.vmud.com /lonely/mudlib/data/user/d damis.o
2003.06.15 10:29 B F:\user\d\danbo.o <-- www.vmud.com /lonely/mudlib/data/user/d danbo.o
2003.06.15 10:29 B F:\user\d\dance.o <-- www.vmud.com /lonely/mudlib/data/user/d dance.o
2003.06.15 10:29 B F:\user\d\daniu.o <-- www.vmud.com /lonely/mudlib/data/user/d daniu.o
2003.06.15 10:29 B F:\user\d\dao.o <-- www.vmud.com /lonely/mudlib/data/user/d dao.o
2003.06.15 10:29 B F:\user\d\daodao.o <-- www.vmud.com /lonely/mudlib/data/user/d daodao.o
2003.06.15 10:29 B F:\user\d\dark.o <-- www.vmud.com /lonely/mudlib/data/user/d dark.o
2003.06.15 10:29 B F:\user\d\darkk.o <-- www.vmud.com /lonely/mudlib/data/user/d darkk.o
2003.06.15 10:29 B F:\user\d\darktoo.o <-- www.vmud.com /lonely/mudlib/data/user/d darktoo.o
2003.06.15 10:29 B F:\user\d\date.o <-- www.vmud.com /lonely/mudlib/data/user/d date.o
2003.06.15 10:29 B F:\user\d\daymon.o <-- www.vmud.com /lonely/mudlib/data/user/d daymon.o
2003.06.15 10:29 B F:\user\d\dbt.o <-- www.vmud.com /lonely/mudlib/data/user/d dbt.o
2003.06.15 10:29 B F:\user\d\ddaa.o <-- www.vmud.com /lonely/mudlib/data/user/d ddaa.o
2003.06.15 10:29 B F:\user\d\ddbb.o <-- www.vmud.com /lonely/mudlib/data/user/d ddbb.o
2003.06.15 10:29 B F:\user\d\dddv.o <-- www.vmud.com /lonely/mudlib/data/user/d dddv.o
2003.06.15 10:29 B F:\user\d\ddk.o <-- www.vmud.com /lonely/mudlib/data/user/d ddk.o
2003.06.15 10:29 B F:\user\d\ddoy.o <-- www.vmud.com /lonely/mudlib/data/user/d ddoy.o
2003.06.15 10:29 B F:\user\d\ddw.o <-- www.vmud.com /lonely/mudlib/data/user/d ddw.o
2003.06.15 10:29 B F:\user\d\deicide.o <-- www.vmud.com /lonely/mudlib/data/user/d deicide.o
2003.06.15 10:29 B F:\user\d\delphyne.o <-- www.vmud.com /lonely/mudlib/data/user/d delphyne.o
2003.06.15 10:29 B F:\user\d\despair.o <-- www.vmud.com /lonely/mudlib/data/user/d despair.o
2003.06.15 10:29 B F:\user\d\devil.o <-- www.vmud.com /lonely/mudlib/data/user/d devil.o
2003.06.15 10:29 B F:\user\d\dhl.o <-- www.vmud.com /lonely/mudlib/data/user/d dhl.o
2003.06.15 10:29 B F:\user\d\difei.o <-- www.vmud.com /lonely/mudlib/data/user/d difei.o
2003.06.15 10:29 B F:\user\d\ding.o <-- www.vmud.com /lonely/mudlib/data/user/d ding.o
2003.06.15 10:29 B F:\user\d\dio.o <-- www.vmud.com /lonely/mudlib/data/user/d dio.o
2003.06.15 10:29 B F:\user\d\disco.o <-- www.vmud.com /lonely/mudlib/data/user/d disco.o
2003.06.15 10:29 B F:\user\d\dizi.o <-- www.vmud.com /lonely/mudlib/data/user/d dizi.o
2003.06.15 10:29 B F:\user\d\djs.o <-- www.vmud.com /lonely/mudlib/data/user/d djs.o
2003.06.15 10:29 B F:\user\d\dkdk.o <-- www.vmud.com /lonely/mudlib/data/user/d dkdk.o
2003.06.15 10:29 B F:\user\d\dmgy.o <-- www.vmud.com /lonely/mudlib/data/user/d dmgy.o
2003.06.15 10:29 B F:\user\d\dna.o <-- www.vmud.com /lonely/mudlib/data/user/d dna.o
2003.06.15 10:29 B F:\user\d\dodo.o <-- www.vmud.com /lonely/mudlib/data/user/d dodo.o
2003.06.15 10:29 B F:\user\d\dog.o <-- www.vmud.com /lonely/mudlib/data/user/d dog.o
2003.06.15 10:29 B F:\user\d\doing.o <-- www.vmud.com /lonely/mudlib/data/user/d doing.o
2003.06.15 10:29 B F:\user\d\dong.o <-- www.vmud.com /lonely/mudlib/data/user/d dong.o
2003.06.15 10:29 B F:\user\d\dongsw.o <-- www.vmud.com /lonely/mudlib/data/user/d dongsw.o
2003.06.15 10:29 B F:\user\d\dongtian.o <-- www.vmud.com /lonely/mudlib/data/user/d dongtian.o
2003.06.15 10:29 B F:\user\d\dongua.o <-- www.vmud.com /lonely/mudlib/data/user/d dongua.o
2003.06.15 10:29 B F:\user\d\doom.o <-- www.vmud.com /lonely/mudlib/data/user/d doom.o
2003.06.15 10:29 B F:\user\d\doswink.o <-- www.vmud.com /lonely/mudlib/data/user/d doswink.o
2003.06.15 10:29 B F:\user\d\douhong.o <-- www.vmud.com /lonely/mudlib/data/user/d douhong.o
2003.06.15 10:29 B F:\user\d\douyenkr.o <-- www.vmud.com /lonely/mudlib/data/user/d douyenkr.o
2003.06.15 10:29 B F:\user\d\dragon.o <-- www.vmud.com /lonely/mudlib/data/user/d dragon.o
2003.06.15 10:29 B F:\user\d\dragonash.o <-- www.vmud.com /lonely/mudlib/data/user/d dragonash.o
2003.06.15 10:29 B F:\user\d\dragonfly.o <-- www.vmud.com /lonely/mudlib/data/user/d dragonfly.o
2003.06.15 10:29 B F:\user\d\dragongod.o <-- www.vmud.com /lonely/mudlib/data/user/d dragongod.o
2003.06.15 10:29 B F:\user\d\dragons.o <-- www.vmud.com /lonely/mudlib/data/user/d dragons.o
2003.06.15 10:29 B F:\user\d\drak.o <-- www.vmud.com /lonely/mudlib/data/user/d drak.o
2003.06.15 10:29 B F:\user\d\drck.o <-- www.vmud.com /lonely/mudlib/data/user/d drck.o
2003.06.15 10:29 B F:\user\d\dream.o <-- www.vmud.com /lonely/mudlib/data/user/d dream.o
2003.06.15 10:29 B F:\user\d\drink.o <-- www.vmud.com /lonely/mudlib/data/user/d drink.o
2003.06.15 10:29 B F:\user\d\drzhang.o <-- www.vmud.com /lonely/mudlib/data/user/d drzhang.o
2003.06.15 10:29 B F:\user\d\dsds.o <-- www.vmud.com /lonely/mudlib/data/user/d dsds.o
2003.06.15 10:29 B F:\user\d\dudu.o <-- www.vmud.com /lonely/mudlib/data/user/d dudu.o
2003.06.15 10:29 B F:\user\d\dugu.o <-- www.vmud.com /lonely/mudlib/data/user/d dugu.o
2003.06.15 10:29 B F:\user\d\dugucan.o <-- www.vmud.com /lonely/mudlib/data/user/d dugucan.o
2003.06.15 10:29 B F:\user\d\dummya.o <-- www.vmud.com /lonely/mudlib/data/user/d dummya.o
2003.06.15 10:29 B F:\user\d\dummyb.o <-- www.vmud.com /lonely/mudlib/data/user/d dummyb.o
2003.06.15 10:29 B F:\user\d\dummyc.o <-- www.vmud.com /lonely/mudlib/data/user/d dummyc.o
2003.06.15 10:29 B F:\user\d\duoduo.o <-- www.vmud.com /lonely/mudlib/data/user/d duoduo.o
2003.06.15 10:29 B F:\user\d\dweller.o <-- www.vmud.com /lonely/mudlib/data/user/d dweller.o
2003.06.15 10:29 B F:\user\d\dxa.o <-- www.vmud.com /lonely/mudlib/data/user/d dxa.o
2003.06.15 10:29 B F:\user\d\dyou.o <-- www.vmud.com /lonely/mudlib/data/user/d dyou.o
