2003.06.15 10:38 B F:\user\s\sad.o <-- www.vmud.com /lonely/mudlib/data/user/s sad.o
2003.06.15 10:38 B F:\user\s\said.o <-- www.vmud.com /lonely/mudlib/data/user/s said.o
2003.06.15 10:38 B F:\user\s\sakura.o <-- www.vmud.com /lonely/mudlib/data/user/s sakura.o
2003.06.15 10:38 B F:\user\s\sam.o <-- www.vmud.com /lonely/mudlib/data/user/s sam.o
2003.06.15 10:38 B F:\user\s\samuel.o <-- www.vmud.com /lonely/mudlib/data/user/s samuel.o
2003.06.15 10:38 B F:\user\s\sann.o <-- www.vmud.com /lonely/mudlib/data/user/s sann.o
2003.06.15 10:38 B F:\user\s\sanny.o <-- www.vmud.com /lonely/mudlib/data/user/s sanny.o
2003.06.15 10:38 B F:\user\s\sannyyy.o <-- www.vmud.com /lonely/mudlib/data/user/s sannyyy.o
2003.06.15 10:38 B F:\user\s\sars.o <-- www.vmud.com /lonely/mudlib/data/user/s sars.o
2003.06.15 10:38 B F:\user\s\sau.o <-- www.vmud.com /lonely/mudlib/data/user/s sau.o
2003.06.15 10:38 B F:\user\s\score.o <-- www.vmud.com /lonely/mudlib/data/user/s score.o
2003.06.15 10:38 B F:\user\s\sdoy.o <-- www.vmud.com /lonely/mudlib/data/user/s sdoy.o
2003.06.15 10:38 B F:\user\s\sdsd.o <-- www.vmud.com /lonely/mudlib/data/user/s sdsd.o
2003.06.15 10:38 B F:\user\s\sea.o <-- www.vmud.com /lonely/mudlib/data/user/s sea.o
2003.06.15 10:38 B F:\user\s\seasons.o <-- www.vmud.com /lonely/mudlib/data/user/s seasons.o
2003.06.15 10:38 B F:\user\s\secret.o <-- www.vmud.com /lonely/mudlib/data/user/s secret.o
2003.06.15 10:38 B F:\user\s\seeing.o <-- www.vmud.com /lonely/mudlib/data/user/s seeing.o
2003.06.15 10:38 B F:\user\s\seer.o <-- www.vmud.com /lonely/mudlib/data/user/s seer.o
2003.06.15 10:38 B F:\user\s\seesoul.o <-- www.vmud.com /lonely/mudlib/data/user/s seesoul.o
2003.06.15 10:38 B F:\user\s\ser.o <-- www.vmud.com /lonely/mudlib/data/user/s ser.o
2003.06.15 10:38 B F:\user\s\setty.o <-- www.vmud.com /lonely/mudlib/data/user/s setty.o
2003.06.15 10:38 B F:\user\s\settyy.o <-- www.vmud.com /lonely/mudlib/data/user/s settyy.o
2003.06.15 10:38 B F:\user\s\sha.o <-- www.vmud.com /lonely/mudlib/data/user/s sha.o
2003.06.15 10:38 B F:\user\s\shadow.o <-- www.vmud.com /lonely/mudlib/data/user/s shadow.o
2003.06.15 10:38 B F:\user\s\shadowlady.o <-- www.vmud.com /lonely/mudlib/data/user/s shadowlady.o
2003.06.15 10:38 B F:\user\s\shadows.o <-- www.vmud.com /lonely/mudlib/data/user/s shadows.o
2003.06.15 10:38 B F:\user\s\shang.o <-- www.vmud.com /lonely/mudlib/data/user/s shang.o
2003.06.15 10:38 B F:\user\s\shao.o <-- www.vmud.com /lonely/mudlib/data/user/s shao.o
2003.06.15 10:38 B F:\user\s\shaolian.o <-- www.vmud.com /lonely/mudlib/data/user/s shaolian.o
2003.06.15 10:38 B F:\user\s\shaoliang.o <-- www.vmud.com /lonely/mudlib/data/user/s shaoliang.o
2003.06.15 10:38 B F:\user\s\shaolin.o <-- www.vmud.com /lonely/mudlib/data/user/s shaolin.o
2003.06.15 10:38 B F:\user\s\shaolinn.o <-- www.vmud.com /lonely/mudlib/data/user/s shaolinn.o
2003.06.15 10:38 B F:\user\s\shaoyi.o <-- www.vmud.com /lonely/mudlib/data/user/s shaoyi.o
2003.06.15 10:38 B F:\user\s\shashou.o <-- www.vmud.com /lonely/mudlib/data/user/s shashou.o
2003.06.15 10:38 B F:\user\s\sheing.o <-- www.vmud.com /lonely/mudlib/data/user/s sheing.o
2003.06.15 10:38 B F:\user\s\shenmo.o <-- www.vmud.com /lonely/mudlib/data/user/s shenmo.o
2003.06.15 10:38 B F:\user\s\shenmomo.o <-- www.vmud.com /lonely/mudlib/data/user/s shenmomo.o
2003.06.15 10:38 B F:\user\s\shenz.o <-- www.vmud.com /lonely/mudlib/data/user/s shenz.o
2003.06.15 10:38 B F:\user\s\shi.o <-- www.vmud.com /lonely/mudlib/data/user/s shi.o
2003.06.15 10:38 B F:\user\s\shifang.o <-- www.vmud.com /lonely/mudlib/data/user/s shifang.o
2003.06.15 10:38 B F:\user\s\shima.o <-- www.vmud.com /lonely/mudlib/data/user/s shima.o
2003.06.15 10:38 B F:\user\s\shipotian.o <-- www.vmud.com /lonely/mudlib/data/user/s shipotian.o
2003.06.15 10:38 B F:\user\s\shippo.o <-- www.vmud.com /lonely/mudlib/data/user/s shippo.o
2003.06.15 10:38 B F:\user\s\shitong.o <-- www.vmud.com /lonely/mudlib/data/user/s shitong.o
2003.06.15 10:38 B F:\user\s\shizen.o <-- www.vmud.com /lonely/mudlib/data/user/s shizen.o
2003.06.15 10:38 B F:\user\s\shock.o <-- www.vmud.com /lonely/mudlib/data/user/s shock.o
2003.06.15 10:38 B F:\user\s\show.o <-- www.vmud.com /lonely/mudlib/data/user/s show.o
2003.06.15 10:38 B F:\user\s\shuang.o <-- www.vmud.com /lonely/mudlib/data/user/s shuang.o
2003.06.15 10:38 B F:\user\s\shui.o <-- www.vmud.com /lonely/mudlib/data/user/s shui.o
2003.06.15 10:38 B F:\user\s\sick.o <-- www.vmud.com /lonely/mudlib/data/user/s sick.o
2003.06.15 10:38 B F:\user\s\sidney.o <-- www.vmud.com /lonely/mudlib/data/user/s sidney.o
2003.06.15 10:38 B F:\user\s\sigfried.o <-- www.vmud.com /lonely/mudlib/data/user/s sigfried.o
2003.06.15 10:38 B F:\user\s\sigh.o <-- www.vmud.com /lonely/mudlib/data/user/s sigh.o
2003.06.15 10:38 B F:\user\s\silverbird.o <-- www.vmud.com /lonely/mudlib/data/user/s silverbird.o
2003.06.15 10:38 B F:\user\s\sima.o <-- www.vmud.com /lonely/mudlib/data/user/s sima.o
2003.06.15 10:38 B F:\user\s\sinb.o <-- www.vmud.com /lonely/mudlib/data/user/s sinb.o
2003.06.15 10:38 B F:\user\s\sinbtest.o <-- www.vmud.com /lonely/mudlib/data/user/s sinbtest.o
2003.06.15 10:38 B F:\user\s\singer.o <-- www.vmud.com /lonely/mudlib/data/user/s singer.o
2003.06.15 10:38 B F:\user\s\sintin.o <-- www.vmud.com /lonely/mudlib/data/user/s sintin.o
2003.06.15 10:38 B F:\user\s\siren.o <-- www.vmud.com /lonely/mudlib/data/user/s siren.o
2003.06.15 10:38 B F:\user\s\sisihaha.o <-- www.vmud.com /lonely/mudlib/data/user/s sisihaha.o
2003.06.15 10:38 B F:\user\s\sitong.o <-- www.vmud.com /lonely/mudlib/data/user/s sitong.o
2003.06.15 10:38 B F:\user\s\siuchun.o <-- www.vmud.com /lonely/mudlib/data/user/s siuchun.o
2003.06.15 10:38 B F:\user\s\siuee.o <-- www.vmud.com /lonely/mudlib/data/user/s siuee.o
2003.06.15 10:38 B F:\user\s\six.o <-- www.vmud.com /lonely/mudlib/data/user/s six.o
2003.06.15 10:38 B F:\user\s\sjdjs.o <-- www.vmud.com /lonely/mudlib/data/user/s sjdjs.o
2003.06.15 10:38 B F:\user\s\skeleton.o <-- www.vmud.com /lonely/mudlib/data/user/s skeleton.o
2003.06.15 10:38 B F:\user\s\skiests.o <-- www.vmud.com /lonely/mudlib/data/user/s skiests.o
2003.06.15 10:38 B F:\user\s\skii.o <-- www.vmud.com /lonely/mudlib/data/user/s skii.o
2003.06.15 10:38 B F:\user\s\skim.o <-- www.vmud.com /lonely/mudlib/data/user/s skim.o
2003.06.15 10:38 B F:\user\s\skkkk.o <-- www.vmud.com /lonely/mudlib/data/user/s skkkk.o
2003.06.15 10:38 B F:\user\s\sky.o <-- www.vmud.com /lonely/mudlib/data/user/s sky.o
2003.06.15 10:38 B F:\user\s\skykid.o <-- www.vmud.com /lonely/mudlib/data/user/s skykid.o
2003.06.15 10:38 B F:\user\s\skywalker.o <-- www.vmud.com /lonely/mudlib/data/user/s skywalker.o
2003.06.15 10:38 B F:\user\s\slanse.o <-- www.vmud.com /lonely/mudlib/data/user/s slanse.o
2003.06.15 10:39 B F:\user\s\slayer.o <-- www.vmud.com /lonely/mudlib/data/user/s slayer.o
2003.06.15 10:39 B F:\user\s\slbb.o <-- www.vmud.com /lonely/mudlib/data/user/s slbb.o
2003.06.15 10:39 B F:\user\s\sldm.o <-- www.vmud.com /lonely/mudlib/data/user/s sldm.o
2003.06.15 10:39 B F:\user\s\sleeper.o <-- www.vmud.com /lonely/mudlib/data/user/s sleeper.o
2003.06.15 10:39 B F:\user\s\slin.o <-- www.vmud.com /lonely/mudlib/data/user/s slin.o
2003.06.15 10:39 B F:\user\s\slip.o <-- www.vmud.com /lonely/mudlib/data/user/s slip.o
2003.06.15 10:39 B F:\user\s\slon.o <-- www.vmud.com /lonely/mudlib/data/user/s slon.o
2003.06.15 10:39 B F:\user\s\sluo.o <-- www.vmud.com /lonely/mudlib/data/user/s sluo.o
2003.06.15 10:39 B F:\user\s\slwind.o <-- www.vmud.com /lonely/mudlib/data/user/s slwind.o
2003.06.15 10:39 B F:\user\s\slwindy.o <-- www.vmud.com /lonely/mudlib/data/user/s slwindy.o
2003.06.15 10:39 B F:\user\s\smallfish.o <-- www.vmud.com /lonely/mudlib/data/user/s smallfish.o
2003.06.15 10:39 B F:\user\s\smallpen.o <-- www.vmud.com /lonely/mudlib/data/user/s smallpen.o
2003.06.15 10:39 B F:\user\s\smartfly.o <-- www.vmud.com /lonely/mudlib/data/user/s smartfly.o
2003.06.15 10:39 B F:\user\s\smire.o <-- www.vmud.com /lonely/mudlib/data/user/s smire.o
2003.06.15 10:39 B F:\user\s\smirk.o <-- www.vmud.com /lonely/mudlib/data/user/s smirk.o
2003.06.15 10:39 B F:\user\s\smirt.o <-- www.vmud.com /lonely/mudlib/data/user/s smirt.o
2003.06.15 10:39 B F:\user\s\snake.o <-- www.vmud.com /lonely/mudlib/data/user/s snake.o
2003.06.15 10:39 B F:\user\s\snapple.o <-- www.vmud.com /lonely/mudlib/data/user/s snapple.o
2003.06.15 10:39 B F:\user\s\sneer.o <-- www.vmud.com /lonely/mudlib/data/user/s sneer.o
2003.06.15 10:39 B F:\user\s\snow.o <-- www.vmud.com /lonely/mudlib/data/user/s snow.o
2003.06.15 10:39 B F:\user\s\snowy.o <-- www.vmud.com /lonely/mudlib/data/user/s snowy.o
2003.06.15 10:39 B F:\user\s\sob.o <-- www.vmud.com /lonely/mudlib/data/user/s sob.o
2003.06.15 10:39 B F:\user\s\song.o <-- www.vmud.com /lonely/mudlib/data/user/s song.o
2003.06.15 10:39 B F:\user\s\songa.o <-- www.vmud.com /lonely/mudlib/data/user/s songa.o
2003.06.15 10:39 B F:\user\s\soul.o <-- www.vmud.com /lonely/mudlib/data/user/s soul.o
2003.06.15 10:39 B F:\user\s\south.o <-- www.vmud.com /lonely/mudlib/data/user/s south.o
2003.06.15 10:39 B F:\user\s\southover.o <-- www.vmud.com /lonely/mudlib/data/user/s southover.o
2003.06.15 10:39 B F:\user\s\southwind.o <-- www.vmud.com /lonely/mudlib/data/user/s southwind.o
2003.06.15 10:39 B F:\user\s\spear.o <-- www.vmud.com /lonely/mudlib/data/user/s spear.o
2003.06.15 10:39 B F:\user\s\special.o <-- www.vmud.com /lonely/mudlib/data/user/s special.o
2003.06.15 10:39 B F:\user\s\spooks.o <-- www.vmud.com /lonely/mudlib/data/user/s spooks.o
2003.06.15 10:39 B F:\user\s\ssss.o <-- www.vmud.com /lonely/mudlib/data/user/s ssss.o
2003.06.15 10:39 B F:\user\s\sssss.o <-- www.vmud.com /lonely/mudlib/data/user/s sssss.o
2003.06.15 10:39 B F:\user\s\star.o <-- www.vmud.com /lonely/mudlib/data/user/s star.o
2003.06.15 10:39 B F:\user\s\starcom.o <-- www.vmud.com /lonely/mudlib/data/user/s starcom.o
2003.06.15 10:39 B F:\user\s\starry.o <-- www.vmud.com /lonely/mudlib/data/user/s starry.o
2003.06.15 10:39 B F:\user\s\steal.o <-- www.vmud.com /lonely/mudlib/data/user/s steal.o
2003.06.15 10:39 B F:\user\s\stealer.o <-- www.vmud.com /lonely/mudlib/data/user/s stealer.o
2003.06.15 10:39 B F:\user\s\steey.o <-- www.vmud.com /lonely/mudlib/data/user/s steey.o
2003.06.15 10:39 B F:\user\s\stone.o <-- www.vmud.com /lonely/mudlib/data/user/s stone.o
2003.06.15 10:39 B F:\user\s\storm.o <-- www.vmud.com /lonely/mudlib/data/user/s storm.o
2003.06.15 10:39 B F:\user\s\stormdevil.o <-- www.vmud.com /lonely/mudlib/data/user/s stormdevil.o
2003.06.15 10:39 B F:\user\s\strong.o <-- www.vmud.com /lonely/mudlib/data/user/s strong.o
2003.06.15 10:39 B F:\user\s\sucker.o <-- www.vmud.com /lonely/mudlib/data/user/s sucker.o
2003.06.15 10:39 B F:\user\s\suicide.o <-- www.vmud.com /lonely/mudlib/data/user/s suicide.o
2003.06.15 10:39 B F:\user\s\sula.o <-- www.vmud.com /lonely/mudlib/data/user/s sula.o
2003.06.15 10:39 B F:\user\s\sun.o <-- www.vmud.com /lonely/mudlib/data/user/s sun.o
2003.06.15 10:39 B F:\user\s\sunny.o <-- www.vmud.com /lonely/mudlib/data/user/s sunny.o
2003.06.15 10:39 B F:\user\s\super.o <-- www.vmud.com /lonely/mudlib/data/user/s super.o
2003.06.15 10:39 B F:\user\s\suphan.o <-- www.vmud.com /lonely/mudlib/data/user/s suphan.o
2003.06.15 10:39 B F:\user\s\suqe.o <-- www.vmud.com /lonely/mudlib/data/user/s suqe.o
2003.06.15 10:39 B F:\user\s\swei.o <-- www.vmud.com /lonely/mudlib/data/user/s swei.o
2003.06.15 10:39 B F:\user\s\sword.o <-- www.vmud.com /lonely/mudlib/data/user/s sword.o
2003.06.15 10:39 B F:\user\s\sworda.o <-- www.vmud.com /lonely/mudlib/data/user/s sworda.o
2003.06.15 10:39 B F:\user\s\swordb.o <-- www.vmud.com /lonely/mudlib/data/user/s swordb.o
2003.06.15 10:39 B F:\user\s\swordc.o <-- www.vmud.com /lonely/mudlib/data/user/s swordc.o
2003.06.15 10:39 B F:\user\s\swordd.o <-- www.vmud.com /lonely/mudlib/data/user/s swordd.o
2003.06.15 10:39 B F:\user\s\swordkuang.o <-- www.vmud.com /lonely/mudlib/data/user/s swordkuang.o
2003.06.15 10:39 B F:\user\s\swordshen.o <-- www.vmud.com /lonely/mudlib/data/user/s swordshen.o
2003.06.15 10:39 B F:\user\s\swordsheng.o <-- www.vmud.com /lonely/mudlib/data/user/s swordsheng.o
2003.06.15 10:39 B F:\user\s\swordzong.o <-- www.vmud.com /lonely/mudlib/data/user/s swordzong.o
2003.06.15 10:39 B F:\user\s\sys.o <-- www.vmud.com /lonely/mudlib/data/user/s sys.o
