2003.06.15 10:30 B F:\user\g\gaebolg.o <-- www.vmud.com /lonely/mudlib/data/user/g gaebolg.o
2003.06.15 10:30 B F:\user\g\gaga.o <-- www.vmud.com /lonely/mudlib/data/user/g gaga.o
2003.06.15 10:30 B F:\user\g\gaibang.o <-- www.vmud.com /lonely/mudlib/data/user/g gaibang.o
2003.06.15 10:30 B F:\user\g\gambit.o <-- www.vmud.com /lonely/mudlib/data/user/g gambit.o
2003.06.15 10:30 B F:\user\g\gangbj.o <-- www.vmud.com /lonely/mudlib/data/user/g gangbj.o
2003.06.15 10:30 B F:\user\g\gangpj.o <-- www.vmud.com /lonely/mudlib/data/user/g gangpj.o
2003.06.15 10:30 B F:\user\g\gaoshou.o <-- www.vmud.com /lonely/mudlib/data/user/g gaoshou.o
2003.06.15 10:30 B F:\user\g\gap.o <-- www.vmud.com /lonely/mudlib/data/user/g gap.o
2003.06.15 10:30 B F:\user\g\general.o <-- www.vmud.com /lonely/mudlib/data/user/g general.o
2003.06.15 10:30 B F:\user\g\ggiant.o <-- www.vmud.com /lonely/mudlib/data/user/g ggiant.o
2003.06.15 10:30 B F:\user\g\ggo.o <-- www.vmud.com /lonely/mudlib/data/user/g ggo.o
2003.06.15 10:30 B F:\user\g\ghost.o <-- www.vmud.com /lonely/mudlib/data/user/g ghost.o
2003.06.15 10:30 B F:\user\g\gift.o <-- www.vmud.com /lonely/mudlib/data/user/g gift.o
2003.06.15 10:30 B F:\user\g\giga.o <-- www.vmud.com /lonely/mudlib/data/user/g giga.o
2003.06.15 10:30 B F:\user\g\girl.o <-- www.vmud.com /lonely/mudlib/data/user/g girl.o
2003.06.15 10:30 B F:\user\g\gladiator.o <-- www.vmud.com /lonely/mudlib/data/user/g gladiator.o
2003.06.15 10:30 B F:\user\g\gmbb.o <-- www.vmud.com /lonely/mudlib/data/user/g gmbb.o
2003.06.15 10:30 B F:\user\g\god.o <-- www.vmud.com /lonely/mudlib/data/user/g god.o
2003.06.15 10:30 B F:\user\g\godangels.o <-- www.vmud.com /lonely/mudlib/data/user/g godangels.o
2003.06.15 10:30 B F:\user\g\godastr.o <-- www.vmud.com /lonely/mudlib/data/user/g godastr.o
2003.06.15 10:30 B F:\user\g\godinin.o <-- www.vmud.com /lonely/mudlib/data/user/g godinin.o
2003.06.15 10:31 B F:\user\g\godkenny.o <-- www.vmud.com /lonely/mudlib/data/user/g godkenny.o
2003.06.15 10:31 B F:\user\g\godlysword.o <-- www.vmud.com /lonely/mudlib/data/user/g godlysword.o
2003.06.15 10:31 B F:\user\g\godmark.o <-- www.vmud.com /lonely/mudlib/data/user/g godmark.o
2003.06.15 10:31 B F:\user\g\godmonk.o <-- www.vmud.com /lonely/mudlib/data/user/g godmonk.o
2003.06.15 10:31 B F:\user\g\godrod.o <-- www.vmud.com /lonely/mudlib/data/user/g godrod.o
2003.06.15 10:31 B F:\user\g\godsnowy.o <-- www.vmud.com /lonely/mudlib/data/user/g godsnowy.o
2003.06.15 10:31 B F:\user\g\godson.o <-- www.vmud.com /lonely/mudlib/data/user/g godson.o
2003.06.15 10:31 B F:\user\g\goldstar.o <-- www.vmud.com /lonely/mudlib/data/user/g goldstar.o
2003.06.15 10:31 B F:\user\g\gongzi.o <-- www.vmud.com /lonely/mudlib/data/user/g gongzi.o
2003.06.15 10:31 B F:\user\g\good.o <-- www.vmud.com /lonely/mudlib/data/user/g good.o
2003.06.15 10:31 B F:\user\g\goodman.o <-- www.vmud.com /lonely/mudlib/data/user/g goodman.o
2003.06.15 10:31 B F:\user\g\gosh.o <-- www.vmud.com /lonely/mudlib/data/user/g gosh.o
2003.06.15 10:31 B F:\user\g\grifon.o <-- www.vmud.com /lonely/mudlib/data/user/g grifon.o
2003.06.15 10:31 B F:\user\g\guaa.o <-- www.vmud.com /lonely/mudlib/data/user/g guaa.o
2003.06.15 10:31 B F:\user\g\guest.o <-- www.vmud.com /lonely/mudlib/data/user/g guest.o
2003.06.15 10:31 B F:\user\g\gui.o <-- www.vmud.com /lonely/mudlib/data/user/g gui.o
2003.06.15 10:31 B F:\user\g\guiql.o <-- www.vmud.com /lonely/mudlib/data/user/g guiql.o
2003.06.15 10:31 B F:\user\g\gun.o <-- www.vmud.com /lonely/mudlib/data/user/g gun.o
2003.06.15 10:31 B F:\user\g\guo.o <-- www.vmud.com /lonely/mudlib/data/user/g guo.o
2003.06.15 10:31 B F:\user\g\guojin.o <-- www.vmud.com /lonely/mudlib/data/user/g guojin.o
2003.06.15 10:31 B F:\user\g\gylgw.o <-- www.vmud.com /lonely/mudlib/data/user/g gylgw.o
