99.03.14 13:48 B f:\mirror1\d\xingsu\npc\obj\bian.c --> www1.yn.cninfo.net /mudcctx/mudlib/d/xingsu/npc/obj bian.c
99.03.14 13:48 B f:\mirror1\d\xingsu\npc\obj\changbian.c --> www1.yn.cninfo.net /mudcctx/mudlib/d/xingsu/npc/obj changbian.c
99.03.14 13:48 B f:\mirror1\d\xingsu\npc\obj\changpao.c --> www1.yn.cninfo.net /mudcctx/mudlib/d/xingsu/npc/obj changpao.c
99.03.14 13:48 B f:\mirror1\d\xingsu\npc\obj\dongbula.c --> www1.yn.cninfo.net /mudcctx/mudlib/d/xingsu/npc/obj dongbula.c
99.03.14 13:48 B f:\mirror1\d\xingsu\npc\obj\donkey.c --> www1.yn.cninfo.net /mudcctx/mudlib/d/xingsu/npc/obj donkey.c
99.03.14 13:48 B f:\mirror1\d\xingsu\npc\obj\dujing_1.c --> www1.yn.cninfo.net /mudcctx/mudlib/d/xingsu/npc/obj dujing_1.c
99.03.14 13:48 B f:\mirror1\d\xingsu\npc\obj\fire.c --> www1.yn.cninfo.net /mudcctx/mudlib/d/xingsu/npc/obj fire.c
99.03.14 13:48 B f:\mirror1\d\xingsu\npc\obj\gangdao.c --> www1.yn.cninfo.net /mudcctx/mudlib/d/xingsu/npc/obj gangdao.c
99.03.14 13:48 B f:\mirror1\d\xingsu\npc\obj\gangjian.c --> www1.yn.cninfo.net /mudcctx/mudlib/d/xingsu/npc/obj gangjian.c
99.03.14 13:48 B f:\mirror1\d\xingsu\npc\obj\hamigua.c --> www1.yn.cninfo.net /mudcctx/mudlib/d/xingsu/npc/obj hamigua.c
99.03.14 13:48 B f:\mirror1\d\xingsu\npc\obj\horse.c --> www1.yn.cninfo.net /mudcctx/mudlib/d/xingsu/npc/obj horse.c
99.03.14 13:48 B f:\mirror1\d\xingsu\npc\obj\hu.c --> www1.yn.cninfo.net /mudcctx/mudlib/d/xingsu/npc/obj hu.c
99.03.14 13:48 B f:\mirror1\d\xingsu\npc\obj\hulu.c --> www1.yn.cninfo.net /mudcctx/mudlib/d/xingsu/npc/obj hulu.c
99.03.14 13:48 B f:\mirror1\d\xingsu\npc\obj\junfu.c --> www1.yn.cninfo.net /mudcctx/mudlib/d/xingsu/npc/obj junfu.c
99.03.14 13:48 B f:\mirror1\d\xingsu\npc\obj\menghan_yao.c --> www1.yn.cninfo.net /mudcctx/mudlib/d/xingsu/npc/obj menghan_yao.c
99.03.14 13:48 B f:\mirror1\d\xingsu\npc\obj\nang.c --> www1.yn.cninfo.net /mudcctx/mudlib/d/xingsu/npc/obj nang.c
99.03.14 13:48 B f:\mirror1\d\xingsu\npc\obj\shedan.c --> www1.yn.cninfo.net /mudcctx/mudlib/d/xingsu/npc/obj shedan.c
99.03.14 13:48 B f:\mirror1\d\xingsu\npc\obj\tiegun.c --> www1.yn.cninfo.net /mudcctx/mudlib/d/xingsu/npc/obj tiegun.c
99.03.14 13:48 B f:\mirror1\d\xingsu\npc\obj\tiejia.c --> www1.yn.cninfo.net /mudcctx/mudlib/d/xingsu/npc/obj tiejia.c
99.03.14 13:48 B f:\mirror1\d\xingsu\npc\obj\tongbo.c --> www1.yn.cninfo.net /mudcctx/mudlib/d/xingsu/npc/obj tongbo.c
99.03.14 13:48 B f:\mirror1\d\xingsu\npc\obj\tonggu.c --> www1.yn.cninfo.net /mudcctx/mudlib/d/xingsu/npc/obj tonggu.c
99.03.14 13:48 B f:\mirror1\d\xingsu\npc\obj\tonghao.c --> www1.yn.cninfo.net /mudcctx/mudlib/d/xingsu/npc/obj tonghao.c
99.03.14 13:48 B f:\mirror1\d\xingsu\npc\obj\wandao.c --> www1.yn.cninfo.net /mudcctx/mudlib/d/xingsu/npc/obj wandao.c
99.03.14 13:48 B f:\mirror1\d\xingsu\npc\obj\wcloth.c --> www1.yn.cninfo.net /mudcctx/mudlib/d/xingsu/npc/obj wcloth.c
99.03.14 13:48 B f:\mirror1\d\xingsu\npc\obj\xuelian.c --> www1.yn.cninfo.net /mudcctx/mudlib/d/xingsu/npc/obj xuelian.c
99.03.14 13:48 B f:\mirror1\d\xingsu\npc\obj\xxjiudai.c --> www1.yn.cninfo.net /mudcctx/mudlib/d/xingsu/npc/obj xxjiudai.c
99.03.14 13:48 B f:\mirror1\d\xingsu\npc\obj\xxqingxin-san.c --> www1.yn.cninfo.net /mudcctx/mudlib/d/xingsu/npc/obj xxqingxin-san.c
99.03.14 13:48 B f:\mirror1\d\xingsu\npc\obj\yangrou.c --> www1.yn.cninfo.net /mudcctx/mudlib/d/xingsu/npc/obj yangrou.c
99.03.14 13:48 B f:\mirror1\d\xingsu\npc\obj\yaochu.c --> www1.yn.cninfo.net /mudcctx/mudlib/d/xingsu/npc/obj yaochu.c
