1422762421 16 0
1422762421 21 0 21 0
1415263677 21 0 21 0
1415263500 21 0 21 0
1415263200 21 0 21 0
1415262900 20 0 21 0
1415262600 20 0 20 0
1415262300 20 0 20 0
1415262000 20 0 20 0
1415261700 20 0 20 0
1415261400 20 0 20 0
1415261100 20 0 20 0
1415260800 20 0 20 0
1415260500 20 0 20 0
1415260200 20 0 20 0
1415259900 20 0 20 0
1415259600 20 0 20 0
1415259300 20 0 20 0
1415259000 20 0 20 0
1415258700 20 0 22 0
1415258400 22 0 22 0
1415258100 21 0 22 0
1415257800 21 0 21 0
1415257500 21 0 21 0
1415257200 21 0 21 0
1415256900 21 0 21 0
1415256600 21 0 21 0
1415256300 21 0 21 0
1415256000 21 0 21 0
1415255700 21 0 21 0
1415255400 21 0 21 0
1415255100 21 0 21 0
1415254800 21 0 21 0
1415254500 21 0 21 0
1415254200 21 0 21 0
1415253900 21 0 21 0
1415253600 21 0 21 0
1415253300 21 0 21 0
1415253000 21 0 21 0
1415252700 21 0 21 0
1415252400 21 0 21 0
1415252100 21 0 21 0
1415251800 21 0 21 0
1415251500 21 0 21 0
1415251200 21 0 21 0
1415250900 21 0 21 0
1415250600 21 0 21 0
1415250300 21 0 21 0
1415250000 21 0 21 0
1415249700 21 0 21 0
1415249400 21 0 21 0
1415249100 21 0 21 0
1415248800 21 0 21 0
1415248500 21 0 21 0
1415248200 20 0 21 0
1415247900 20 0 20 0
1415247600 20 0 20 0
1415247300 20 0 20 0
1415247000 20 0 20 0
1415246700 20 0 20 0
1415246400 20 0 20 0
1415246100 20 0 20 0
1415245800 20 0 20 0
1415245500 20 0 20 0
1415245200 20 0 20 0
1415244900 20 0 20 0
1415244600 20 0 20 0
1415244300 20 0 20 0
1415244000 20 0 20 0
1415243700 20 0 20 0
1415243400 20 0 20 0
1415243100 20 0 20 0
1415242800 20 0 20 0
1415242500 20 0 20 0
1415242200 20 0 20 0
1415241900 20 0 20 0
1415241600 20 0 20 0
1415241300 20 0 20 0
1415241000 20 0 20 0
1415240700 20 0 20 0
1415240400 20 0 20 0
1415240100 20 0 20 0
1415239800 20 0 20 0
1415239500 20 0 20 0
1415239200 20 0 20 0
1415238900 20 0 20 0
1415238600 20 0 20 0
1415238300 20 0 20 0
1415238000 20 0 20 0
1415237700 20 0 20 0
1415237400 20 0 20 0
1415237100 20 0 20 0
1415236800 20 0 20 0
1415236500 20 0 20 0
1415236200 20 0 20 0
1415235900 20 0 20 0
1415235600 20 0 20 0
1415235300 20 0 20 0
1415235000 20 0 20 0
1415234700 20 0 20 0
1415234400 20 0 20 0
1415234100 20 0 20 0
1415233800 20 0 20 0
1415233500 20 0 20 0
1415233200 20 0 20 0
1415232900 20 0 20 0
1415232600 20 0 20 0
1415232300 20 0 20 0
1415232000 20 0 20 0
1415231700 20 0 20 0
1415231400 20 0 20 0
1415231100 20 0 20 0
1415230800 20 0 20 0
1415230500 20 0 20 0
1415230200 20 0 20 0
1415229900 20 0 20 0
1415229600 20 0 20 0
1415229300 20 0 20 0
1415229000 20 0 20 0
1415228700 20 0 20 0
1415228400 20 0 20 0
1415228100 20 0 20 0
1415227800 20 0 20 0
1415227500 20 0 20 0
1415227200 20 0 20 0
1415226900 20 0 20 0
1415226600 20 0 20 0
1415226300 20 0 20 0
1415226000 20 0 20 0
1415225700 20 0 20 0
1415225400 20 0 20 0
1415225100 20 0 20 0
1415224800 20 0 20 0
1415224500 20 0 20 0
1415224200 20 0 20 0
1415223900 20 0 20 0
1415223600 20 0 20 0
1415223300 20 0 20 0
1415223000 20 0 20 0
1415222700 20 0 20 0
1415222400 20 0 20 0
1415222100 20 0 20 0
1415221800 20 0 20 0
1415221500 20 0 20 0
1415221200 20 0 20 0
1415220900 20 0 20 0
1415220600 20 0 20 0
1415220300 20 0 20 0
1415220000 20 0 20 0
1415219700 20 0 20 0
1415219400 20 0 20 0
1415219100 20 0 20 0
1415218800 20 0 20 0
1415218500 20 0 20 0
1415218200 20 0 20 0
1415217900 20 0 20 0
1415217600 20 0 20 0
1415217300 20 0 20 0
1415217000 20 0 20 0
1415216700 20 0 20 0
1415216400 20 0 20 0
1415216100 20 0 20 0
1415215800 20 0 20 0
1415215500 20 0 20 0
1415215200 20 0 20 0
1415214900 20 0 20 0
1415214600 20 0 20 0
1415214300 20 0 20 0
1415214000 20 0 20 0
1415213700 20 0 20 0
1415213400 20 0 20 0
1415213100 20 0 20 0
1415212800 20 0 20 0
1415212500 20 0 20 0
1415212200 20 0 20 0
1415211900 20 0 20 0
1415211600 20 0 20 0
1415211300 20 0 20 0
1415211000 20 0 20 0
1415210700 20 0 20 0
1415210400 20 0 20 0
1415210100 20 0 20 0
1415209800 20 0 20 0
1415209500 20 0 20 0
1415209200 20 0 20 0
1415208900 20 0 20 0
1415208600 20 0 20 0
1415208300 20 0 20 0
1415208000 20 0 20 0
1415207700 20 0 20 0
1415207400 20 0 20 0
1415207100 20 0 20 0
1415206800 20 0 20 0
1415206500 20 0 20 0
1415206200 20 0 20 0
1415205900 20 0 20 0
1415205600 20 0 20 0
1415205300 20 0 20 0
1415205000 20 0 20 0
1415204700 20 0 20 0
1415204400 20 0 20 0
1415204100 20 0 20 0
1415203800 20 0 20 0
1415203500 20 0 20 0
1415203200 20 0 20 0
1415202900 20 0 20 0
1415202600 20 0 20 0
1415202300 20 0 20 0
1415202000 20 0 20 0
1415201700 20 0 20 0
1415201400 20 0 20 0
1415201100 20 0 20 0
1415200800 20 0 20 0
1415200500 20 0 20 0
1415200200 20 0 20 0
1415199900 20 0 20 0
1415199600 20 0 20 0
1415199300 20 0 20 0
1415199000 18 0 20 0
1415198700 18 0 18 0
1415198400 18 0 18 0
1415198100 18 0 18 0
1415197800 17 0 18 0
1415197500 17 0 17 0
1415197200 17 0 17 0
1415196900 17 0 17 0
1415196600 17 0 17 0
1415196300 17 0 17 0
1415196000 17 0 17 0
1415195700 15 0 17 0
1415195400 15 0 15 0
1415195100 15 0 15 0
1415194800 15 0 15 0
1415194500 15 0 15 0
1415194200 15 0 15 0
1415193900 15 0 16 0
1415193600 16 0 16 0
1415193300 16 0 16 0
1415193000 10 0 16 0
1415192700 10 0 10 0
1415192400 10 0 10 0
1415192100 10 0 10 0
1415191800 10 0 10 0
1415191500 10 0 10 0
1415191200 10 0 10 0
1415190900 10 0 10 0
1415190600 10 0 10 0
1415190300 10 0 10 0
1415190000 10 0 10 0
1415189700 10 0 10 0
1415189400 10 0 10 0
1415189100 10 0 10 0
1415188800 10 0 10 0
1415188500 10 0 10 0
1415188200 10 0 10 0
1415187900 10 0 10 0
1415187600 10 0 10 0
1415187300 10 0 10 0
1415187000 10 0 10 0
1415186700 10 0 10 0
1415186400 10 0 10 0
1415186100 10 0 10 0
1415185800 10 0 10 0
1415185500 10 0 10 0
1415185200 10 0 10 0
1415184900 10 0 10 0
1415184600 10 0 10 0
1415184300 10 0 10 0
1415184000 10 0 10 0
1415183700 10 0 10 0
1415183400 10 0 10 0
1415183100 10 0 10 0
1415182800 10 0 10 0
1415182500 10 0 10 0
1415182200 10 0 10 0
1415181900 10 0 10 0
1415181600 10 0 10 0
1415181300 10 0 10 0
1415181000 10 0 10 0
1415180700 10 0 10 0
1415180400 10 0 10 0
1415180100 10 0 10 0
1415179800 10 0 10 0
1415179500 10 0 10 0
1415179200 10 0 10 0
1415178900 10 0 10 0
1415178600 10 0 10 0
1415178300 10 0 10 0
1415178000 10 0 10 0
1415177700 10 0 10 0
1415177400 10 0 10 0
1415177100 10 0 10 0
1415176800 10 0 10 0
1415176500 10 0 10 0
1415176200 10 0 10 0
1415175900 10 0 10 0
1415175600 10 0 10 0
1415175300 10 0 10 0
1415175000 10 0 10 0
1415174700 10 0 10 0
1415174400 10 0 10 0
1415174100 10 0 10 0
1415173800 10 0 10 0
1415173500 10 0 10 0
1415173200 10 0 10 0
1415172900 10 0 10 0
1415172600 10 0 10 0
1415172300 10 0 10 0
1415172000 10 0 10 0
1415171700 10 0 10 0
1415171400 10 0 10 0
1415171100 10 0 10 0
1415170800 10 0 10 0
1415170500 10 0 10 0
1415170200 10 0 10 0
1415169900 10 0 10 0
1415169600 10 0 10 0
1415169300 10 0 10 0
1415169000 10 0 10 0
1415168700 10 0 10 0
1415168400 10 0 10 0
1415168100 10 0 10 0
1415167800 10 0 10 0
1415167500 10 0 10 0
1415167200 10 0 10 0
1415166900 10 0 10 0
1415166600 10 0 10 0
1415166300 10 0 10 0
1415166000 10 0 10 0
1415165700 10 0 10 0
1415165400 10 0 10 0
1415165100 10 0 10 0
1415164800 10 0 10 0
1415164500 10 0 10 0
1415164200 10 0 10 0
1415163900 10 0 10 0
1415163600 10 0 10 0
1415163300 10 0 10 0
1415163000 10 0 10 0
1415162700 10 0 10 0
1415162400 10 0 10 0
1415162100 10 0 10 0
1415161800 10 0 10 0
1415161500 10 0 10 0
1415161200 10 0 10 0
1415160900 10 0 10 0
1415160600 10 0 10 0
1415160300 10 0 10 0
1415160000 10 0 10 0
1415159700 10 0 10 0
1415159400 10 0 10 0
1415159100 10 0 10 0
1415158800 10 0 10 0
1415158500 10 0 10 0
1415158200 10 0 10 0
1415157900 10 0 10 0
1415157600 10 0 10 0
1415157300 10 0 10 0
1415157000 10 0 10 0
1415156700 10 0 10 0
1415156400 10 0 10 0
1415156100 10 0 10 0
1415155800 10 0 10 0
1415155500 10 0 10 0
1415155200 10 0 10 0
1415154900 10 0 10 0
1415154600 10 0 10 0
1415154300 10 0 10 0
1415154000 10 0 10 0
1415153700 10 0 10 0
1415153400 10 0 10 0
1415153100 10 0 10 0
1415152800 10 0 10 0
1415152500 10 0 10 0
1415152200 10 0 10 0
1415151900 10 0 10 0
1415151600 10 0 10 0
1415151300 10 0 10 0
1415151000 10 0 10 0
1415150700 10 0 10 0
1415150400 10 0 10 0
1415150100 10 0 10 0
1415149800 10 0 10 0
1415149500 10 0 10 0
1415149200 10 0 10 0
1415148900 10 0 10 0
1415148600 10 0 10 0
1415148300 10 0 10 0
1415148000 10 0 10 0
1415147700 10 0 10 0
1415147400 10 0 10 0
1415147100 10 0 10 0
1415146800 10 0 10 0
1415146500 10 0 10 0
1415146200 10 0 10 0
1415145900 10 0 10 0
1415145600 10 0 10 0
1415145300 10 0 10 0
1415145000 10 0 10 0
1415144700 10 0 10 0
1415144400 10 0 10 0
1415144100 10 0 10 0
1415143800 10 0 10 0
1415143500 10 0 10 0
1415143200 10 0 10 0
1415142900 10 0 10 0
1415142600 10 0 10 0
1415142300 10 0 10 0
1415142000 10 0 10 0
1415141700 10 0 10 0
1415141400 10 0 10 0
1415141100 10 0 10 0
1415140800 10 0 10 0
1415140500 10 0 10 0
1415140200 10 0 10 0
1415139900 10 0 10 0
1415139600 10 0 10 0
1415139300 10 0 10 0
1415139000 10 0 10 0
1415138700 10 0 10 0
1415138400 10 0 10 0
1415138100 10 0 10 0
1415137800 10 0 10 0
1415137500 10 0 10 0
1415137200 10 0 10 0
1415136900 10 0 10 0
1415136600 10 0 10 0
1415136300 10 0 10 0
1415136000 10 0 10 0
1415135700 10 0 10 0
1415135400 10 0 10 0
1415135100 10 0 10 0
1415134800 10 0 10 0
1415134500 10 0 10 0
1415134200 10 0 10 0
1415133900 10 0 10 0
1415133600 10 0 10 0
1415133300 10 0 10 0
1415133000 10 0 10 0
1415132700 10 0 10 0
1415132400 10 0 10 0
1415132100 10 0 10 0
1415131800 10 0 10 0
1415131500 10 0 10 0
1415131200 10 0 10 0
1415130900 10 0 10 0
1415130600 10 0 10 0
1415130300 10 0 10 0
1415130000 10 0 10 0
1415129700 10 0 10 0
1415129400 10 0 10 0
1415129100 10 0 10 0
1415128800 10 0 10 0
1415128500 10 0 10 0
1415128200 10 0 10 0
1415127900 10 0 10 0
1415127600 10 0 10 0
1415127300 10 0 10 0
1415127000 10 0 10 0
1415126700 10 0 10 0
1415126400 10 0 10 0
1415126100 10 0 10 0
1415125800 10 0 10 0
1415125500 10 0 10 0
1415125200 10 0 10 0
1415124900 10 0 10 0
1415124600 10 0 10 0
1415124300 10 0 10 0
1415124000 10 0 10 0
1415123700 10 0 10 0
1415123400 10 0 10 0
1415123100 10 0 10 0
1415122800 10 0 10 0
1415122500 10 0 10 0
1415122200 10 0 10 0
1415121900 10 0 10 0
1415121600 10 0 10 0
1415121300 10 0 10 0
1415121000 10 0 10 0
1415120700 10 0 10 0
1415120400 10 0 10 0
1415120100 10 0 10 0
1415119800 10 0 10 0
1415119500 10 0 10 0
1415119200 10 0 10 0
1415118900 10 0 10 0
1415118600 10 0 10 0
1415118300 10 0 10 0
1415118000 10 0 10 0
1415117700 10 0 10 0
1415117400 10 0 10 0
1415117100 10 0 10 0
1415116800 10 0 10 0
1415116500 10 0 10 0
1415116200 10 0 10 0
1415115900 10 0 10 0
1415115600 10 0 10 0
1415115300 10 0 10 0
1415115000 10 0 10 0
1415114700 10 0 10 0
1415114400 10 0 10 0
1415114100 10 0 10 0
1415113800 10 0 10 0
1415113500 10 0 10 0
1415113200 10 0 10 0
1415112900 10 0 10 0
1415112600 10 0 10 0
1415112300 10 0 10 0
1415112000 10 0 10 0
1415111700 10 0 10 0
1415111400 10 0 10 0
1415111100 10 0 10 0
1415110800 10 0 10 0
1415110500 10 0 10 0
1415110200 10 0 10 0
1415109900 10 0 10 0
1415109600 10 0 10 0
1415109300 10 0 10 0
1415109000 10 0 10 0
1415108700 10 0 10 0
1415108400 10 0 10 0
1415108100 10 0 10 0
1415107800 10 0 10 0
1415107500 10 0 10 0
1415107200 10 0 10 0
1415106900 10 0 10 0
1415106600 10 0 10 0
1415106300 10 0 10 0
1415106000 10 0 10 0
1415105700 10 0 10 0
1415105400 10 0 10 0
1415105100 10 0 10 0
1415104800 10 0 10 0
1415104500 10 0 10 0
1415104200 10 0 10 0
1415103900 10 0 10 0
1415103600 10 0 10 0
1415103300 10 0 10 0
1415103000 10 0 10 0
1415102700 10 0 10 0
1415102400 10 0 10 0
1415102100 10 0 10 0
1415101800 10 0 10 0
1415101500 10 0 10 0
1415101200 10 0 10 0
1415100900 10 0 10 0
1415100600 10 0 10 0
1415100300 10 0 10 0
1415100000 10 0 10 0
1415099700 10 0 10 0
1415099400 10 0 10 0
1415099100 10 0 10 0
1415098800 10 0 10 0
1415098500 10 0 10 0
1415098200 10 0 10 0
1415097900 10 0 10 0
1415097600 10 0 10 0
1415097300 10 0 10 0
1415097000 10 0 10 0
1415096700 10 0 10 0
1415096400 10 0 10 0
1415096100 10 0 10 0
1415095800 10 0 10 0
1415095500 10 0 10 0
1415095200 10 0 10 0
1415094900 10 0 10 0
1415094600 10 0 10 0
1415094300 10 0 10 0
1415094000 10 0 10 0
1415093700 10 0 10 0
1415093400 10 0 10 0
1415093100 10 0 10 0
1415092800 10 0 10 0
1415092500 10 0 10 0
1415092200 10 0 10 0
1415091900 10 0 10 0
1415091600 10 0 10 0
1415091300 10 0 10 0
1415091000 10 0 10 0
1415090700 10 0 10 0
1415090400 10 0 10 0
1415090100 10 0 10 0
1415089800 10 0 10 0
1415089500 10 0 10 0
1415089200 10 0 10 0
1415088900 10 0 10 0
1415088600 10 0 10 0
1415088300 10 0 10 0
1415088000 10 0 10 0
1415087700 10 0 10 0
1415087400 10 0 10 0
1415087100 10 0 10 0
1415086800 10 0 10 0
1415086500 10 0 10 0
1415086200 10 0 10 0
1415085900 10 0 10 0
1415085600 10 0 10 0
1415085300 10 0 10 0
1415085000 10 0 10 0
1415084700 10 0 10 0
1415084400 10 0 10 0
1415084100 10 0 10 0
1415083800 10 0 10 0
1415082600 10 0 10 0
1415080800 10 0 10 0
1415079000 10 0 10 0
1415077200 10 0 10 0
1415075400 10 0 10 0
1415073600 10 0 10 0
1415071800 10 0 10 0
1415070000 10 0 10 0
1415068200 10 0 10 0
1415066400 10 0 10 0
1415064600 10 0 10 0
1415062800 10 0 10 0
1415061000 10 0 10 0
1415059200 10 0 10 0
1415057400 10 0 10 0
1415055600 10 0 10 0
1415053800 10 0 10 0
1415052000 10 0 10 0
1415050200 10 0 10 0
1415048400 10 0 10 0
1415046600 10 0 10 0
1415044800 10 0 10 0
1415043000 10 0 10 0
1415041200 10 0 10 0
1415039400 10 0 10 0
1415037600 10 0 10 0
1415035800 10 0 10 0
1415034000 10 0 10 0
1415032200 10 0 10 0
1415030400 10 0 10 0
1415028600 10 0 10 0
1415026800 10 0 10 0
1415025000 10 0 10 0
1415023200 10 0 10 0
1415021400 10 0 10 0
1415019600 10 0 10 0
1415017800 10 0 10 0
1415016000 10 0 10 0
1415014200 10 0 10 0
1415012400 10 0 10 0
1415010600 10 0 10 0
1415008800 10 0 10 0
1415007000 10 0 10 0
1415005200 10 0 10 0
1415003400 10 0 10 0
1415001600 10 0 10 0
1414999800 10 0 10 0
1414998000 10 0 10 0
1414996200 10 0 10 0
1414994400 10 0 10 0
1414992600 10 0 10 0
1414990800 10 0 10 0
1414989000 10 0 10 0
1414987200 10 0 10 0
1414985400 10 0 10 0
1414983600 10 0 10 0
1414981800 10 0 10 0
1414980000 10 0 10 0
1414978200 10 0 10 0
1414976400 10 0 10 0
1414974600 10 0 10 0
1414972800 10 0 10 0
1414971000 10 0 10 0
1414969200 10 0 10 0
1414967400 10 0 10 0
1414965600 10 0 10 0
1414963800 10 0 10 0
1414962000 10 0 10 0
1414960200 10 0 10 0
1414958400 10 0 10 0
1414956600 10 0 10 0
1414954800 10 0 10 0
1414953000 10 0 10 0
1414951200 10 0 10 0
1414949400 10 0 10 0
1414947600 10 0 10 0
1414945800 10 0 10 0
1414944000 10 0 10 0
1414942200 10 0 10 0
1414940400 10 0 10 0
1414938600 10 0 10 0
1414936800 10 0 10 0
1414935000 10 0 10 0
1414933200 10 0 10 0
1414931400 10 0 10 0
1414929600 10 0 10 0
1414927800 10 0 10 0
1414926000 10 0 10 0
1414924200 10 0 10 0
1414922400 10 0 10 0
1414920600 10 0 10 0
1414918800 10 0 10 0
1414917000 10 0 10 0
1414915200 10 0 10 0
1414913400 10 0 10 0
1414911600 10 0 10 0
1414909800 10 0 10 0
1414908000 10 0 10 0
1414906200 10 0 10 0
1414904400 10 0 10 0
1414902600 10 0 10 0
1414900800 10 0 10 0
1414899000 10 0 10 0
1414897200 10 0 10 0
1414895400 10 0 10 0
1414893600 10 0 10 0
1414891800 10 0 10 0
1414890000 10 0 10 0
1414888200 10 0 10 0
1414886400 10 0 10 0
1414884600 10 0 10 0
1414882800 10 0 10 0
1414881000 10 0 10 0
1414879200 10 0 10 0
1414877400 10 0 10 0
1414875600 10 0 10 0
1414873800 10 0 10 0
1414872000 10 0 10 0
1414870200 10 0 10 0
1414868400 10 0 10 0
1414866600 10 0 10 0
1414864800 10 0 10 0
1414863000 10 0 10 0
1414861200 10 0 10 0
1414859400 10 0 10 0
1414857600 10 0 10 0
1414855800 10 0 10 0
1414854000 10 0 10 0
1414852200 10 0 10 0
1414850400 10 0 10 0
1414848600 10 0 10 0
1414846800 10 0 10 0
1414845000 10 0 10 0
1414843200 10 0 10 0
1414841400 10 0 10 0
1414839600 10 0 10 0
1414837800 10 0 10 0
1414836000 10 0 10 0
1414834200 10 0 10 0
1414832400 10 0 10 0
1414830600 10 0 10 0
1414828800 10 0 10 0
1414827000 10 0 10 0
1414825200 10 0 10 0
1414823400 10 0 10 0
1414821600 10 0 10 0
1414819800 10 0 10 0
1414818000 10 0 10 0
1414816200 10 0 10 0
1414814400 10 0 10 0
1414812600 10 0 10 0
1414810800 10 0 10 0
1414809000 10 0 10 0
1414807200 10 0 10 0
1414805400 10 0 10 0
1414803600 10 0 10 0
1414801800 10 0 10 0
1414800000 10 0 10 0
1414798200 10 0 10 0
1414796400 10 0 10 0
1414794600 10 0 10 0
1414792800 10 0 10 0
1414791000 10 0 10 0
1414789200 10 0 10 0
1414787400 10 0 10 0
1414785600 10 0 10 0
1414783800 10 0 10 0
1414782000 10 0 10 0
1414780200 10 0 10 0
1414778400 10 0 10 0
1414776600 10 0 10 0
1414774800 10 0 10 0
1414773000 10 0 10 0
1414771200 10 0 10 0
1414769400 10 0 10 0
1414767600 10 0 10 0
1414765800 10 0 10 0
1414764000 10 0 10 0
1414762200 10 0 10 0
1414760400 10 0 10 0
1414758600 10 0 10 0
1414756800 10 0 10 0
1414755000 10 0 10 0
1414753200 10 0 10 0
1414751400 10 0 10 0
1414749600 10 0 10 0
1414747800 10 0 10 0
1414746000 10 0 10 0
1414744200 10 0 10 0
1414742400 10 0 10 0
1414740600 10 0 10 0
1414738800 10 0 10 0
1414737000 10 0 10 0
1414735200 10 0 10 0
1414733400 10 0 10 0
1414731600 10 0 10 0
1414729800 10 0 10 0
1414728000 10 0 10 0
1414726200 10 0 10 0
1414724400 10 0 10 0
1414722600 10 0 10 0
1414720800 10 0 10 0
1414719000 10 0 10 0
1414717200 10 0 10 0
1414715400 10 0 10 0
1414713600 10 0 10 0
1414711800 10 0 10 0
1414710000 10 0 10 0
1414708200 10 0 10 0
1414706400 10 0 10 0
1414704600 10 0 10 0
1414702800 10 0 10 0
1414701000 10 0 10 0
1414699200 10 0 10 0
1414697400 10 0 10 0
1414695600 10 0 10 0
1414693800 10 0 10 0
1414692000 10 0 10 0
1414690200 10 0 10 0
1414688400 10 0 10 0
1414686600 10 0 10 0
1414684800 10 0 10 0
1414683000 10 0 10 0
1414681200 10 0 10 0
1414679400 10 0 10 0
1414677600 10 0 10 0
1414675800 10 0 10 0
1414674000 10 0 10 0
1414672200 10 0 10 0
1414670400 10 0 10 0
1414668600 10 0 10 0
1414666800 10 0 10 0
1414665000 10 0 10 0
1414663200 10 0 10 0
1414661400 10 0 10 0
1414659600 10 0 10 0
1414657800 10 0 10 0
1414656000 10 0 10 0
1414654200 10 0 10 0
1414652400 10 0 10 0
1414650600 10 0 10 0
1414648800 10 0 10 0
1414647000 10 0 10 0
1414645200 10 0 10 0
1414643400 10 0 10 0
1414641600 10 0 10 0
1414639800 10 0 10 0
1414638000 10 0 10 0
1414636200 10 0 10 0
1414634400 10 0 10 0
1414632600 10 0 10 0
1414630800 10 0 10 0
1414629000 10 0 10 0
1414627200 10 0 10 0
1414625400 10 0 10 0
1414623600 10 0 10 0
1414621800 10 0 10 0
1414620000 10 0 10 0
1414618200 10 0 10 0
1414616400 10 0 10 0
1414614600 10 0 10 0
1414612800 10 0 10 0
1414611000 10 0 10 0
1414609200 10 0 10 0
1414607400 10 0 10 0
1414605600 10 0 10 0
1414603800 10 0 10 0
1414602000 10 0 10 0
1414600200 10 0 10 0
1414598400 10 0 10 0
1414596600 10 0 10 0
1414594800 10 0 10 0
1414593000 10 0 10 0
1414591200 10 0 10 0
1414589400 10 0 10 0
1414587600 10 0 10 0
1414585800 10 0 10 0
1414584000 10 0 10 0
1414582200 10 0 10 0
1414580400 10 0 10 0
1414578600 10 0 10 0
1414576800 10 0 10 0
1414575000 10 0 10 0
1414573200 10 0 10 0
1414571400 10 0 10 0
1414569600 10 0 10 0
1414567800 10 0 10 0
1414566000 10 0 10 0
1414564200 10 0 10 0
1414562400 10 0 10 0
1414560600 10 0 10 0
1414558800 10 0 10 0
1414557000 10 0 10 0
1414555200 10 0 10 0
1414553400 10 0 10 0
1414551600 10 0 10 0
1414549800 10 0 10 0
1414548000 10 0 10 0
1414546200 10 0 10 0
1414544400 10 0 10 0
1414542600 10 0 10 0
1414540800 10 0 10 0
1414539000 10 0 10 0
1414537200 10 0 10 0
1414535400 10 0 10 0
1414533600 10 0 10 0
1414531800 10 0 10 0
1414530000 10 0 10 0
1414528200 10 0 10 0
1414526400 10 0 10 0
1414524600 10 0 10 0
1414522800 10 0 10 0
1414521000 10 0 10 0
1414519200 10 0 10 0
1414517400 10 0 10 0
1414515600 10 0 10 0
1414513800 10 0 10 0
1414512000 10 0 10 0
1414510200 10 0 10 0
1414508400 10 0 10 0
1414506600 10 0 10 0
1414504800 10 0 10 0
1414503000 10 0 10 0
1414501200 10 0 10 0
1414499400 10 0 10 0
1414497600 10 0 10 0
1414495800 10 0 10 0
1414494000 10 0 10 0
1414492200 10 0 10 0
1414490400 10 0 10 0
1414488600 10 0 10 0
1414486800 10 0 10 0
1414485000 10 0 10 0
1414483200 10 0 10 0
1414481400 10 0 10 0
1414479600 10 0 10 0
1414477800 10 0 10 0
1414476000 10 0 10 0
1414474200 10 0 10 0
1414472400 10 0 10 0
1414470600 10 0 10 0
1414468800 10 0 10 0
1414467000 10 0 10 0
1414465200 10 0 10 0
1414463400 10 0 10 0
1414461600 10 0 10 0
1414459800 10 0 10 0
1414458000 10 0 10 0
1414456200 10 0 10 0
1414454400 10 0 10 0
1414452600 10 0 10 0
1414450800 10 0 10 0
1414449000 10 0 10 0
1414447200 10 0 10 0
1414445400 10 0 10 0
1414443600 10 0 10 0
1414441800 10 0 10 0
1414440000 9 0 10 0
1414438200 9 0 11 0
1414436400 10 0 11 0
1414434600 10 0 21 0
1414432800 21 0 24 0
1414431000 24 0 26 0
1414429200 26 0 29 0
1414427400 29 0 30 0
1414425600 30 0 31 0
1414423800 31 0 45 0
1414422000 45 0 47 0
1414420200 47 0 50 0
1414418400 49 0 50 0
1414416600 12 0 15 0
1414414800 15 0 16 0
1414413000 16 0 16 0
1414411200 16 0 20 0
1414409400 20 0 20 0
1414407600 20 0 21 0
1414405800 21 0 21 0
1414404000 21 0 21 0
1414402200 21 0 24 0
1414400400 24 0 26 0
1414398600 26 0 28 0
1414396800 27 0 28 0
1414395000 26 0 27 0
1414393200 25 0 25 0
1414391400 24 0 25 0
1414389600 22 0 22 0
1414387800 22 0 22 0
1414386000 22 0 22 0
1414384200 22 0 22 0
1414382400 22 0 22 0
1414380600 21 0 22 0
1414378800 20 0 21 0
1414377000 19 0 20 0
1414375200 17 0 18 0
1414373400 15 0 16 0
1414371600 14 0 15 0
1414369800 15 0 39 0
1414368000 38 0 39 0
1414366200 7 0 8 0
1414364400 7 0 7 0
1414362600 7 0 7 0
1414360800 7 0 7 0
1414359000 7 0 7 0
1414357200 7 0 7 0
1414355400 7 0 7 0
1414353600 7 0 7 0
1414351800 7 0 7 0
1414350000 7 0 8 0
1414348200 8 0 8 0
1414346400 8 0 13 0
1414344600 13 0 16 0
1414342800 16 0 17 0
1414341000 17 0 19 0
1414339200 18 0 19 0
1414337400 17 0 19 0
1414335600 18 0 19 0
1414333800 16 0 17 0
1414332000 15 0 16 0
1414330200 10 0 16 0
1414328400 16 0 17 0
1414326600 17 0 17 0
1414324800 17 0 20 0
1414323000 20 0 20 0
1414321200 20 0 21 0
1414319400 20 0 21 0
1414317600 18 0 21 0
1414315800 21 0 21 0
1414314000 21 0 27 0
1414312200 26 0 27 0
1414310400 24 0 25 0
1414308600 25 0 45 0
1414306800 44 0 45 0
1414305000 43 0 44 0
1414303200 16 0 41 0
1414301400 41 0 44 0
1414299600 43 0 44 0
1414297800 17 0 18 0
1414296000 18 0 18 0
1414294200 17 0 18 0
1414292400 15 0 16 0
1414290600 14 0 15 0
1414288800 13 0 14 0
1414287000 13 0 14 0
1414285200 12 0 13 0
1414283400 10 0 41 0
1414281600 41 0 41 0
1414279800 40 0 41 0
1414278000 9 0 10 0
1414276200 9 0 9 0
1414274400 9 0 9 0
1414272600 9 0 9 0
1414270800 9 0 9 0
1414269000 9 0 9 0
1414267200 9 0 9 0
1414265400 9 0 10 0
1414263600 10 0 10 0
1414261800 10 0 11 0
1414260000 11 0 13 0
1414258200 13 0 41 0
1414256400 40 0 41 0
1414254600 39 0 40 0
1414252800 10 0 14 0
1414251000 14 0 15 0
1414249200 15 0 16 0
1414247400 16 0 37 0
1414245600 36 0 37 0
1414243800 13 0 15 0
1414242000 15 0 15 0
1414240200 15 0 15 0
1414238400 15 0 15 0
1414236600 15 0 16 0
1414234800 15 0 16 0
1414233000 14 0 15 0
1414231200 14 0 15 0
1414229400 15 0 15 0
1414227600 14 0 15 0
1414225800 14 0 16 0
1414224000 15 0 16 0
1414222200 15 0 19 0
1414220400 18 0 19 0
1414218600 17 0 20 0
1414216800 19 0 20 0
1414215000 18 0 19 0
1414213200 18 0 18 0
1414211400 17 0 18 0
1414209600 17 0 18 0
1414207800 18 0 18 0
1414206000 17 0 18 0
1414204200 15 0 16 0
1414202400 15 0 16 0
1414200600 15 0 16 0
1414198800 14 0 15 0
1414197000 14 0 15 0
1414195200 13 0 14 0
1414193400 13 0 14 0
1414191600 14 0 17 0
1414189800 16 0 17 0
1414188000 14 0 17 0
1414186200 17 0 17 0
1414184400 17 0 17 0
1414182600 17 0 17 0
1414180800 17 0 17 0
1414179000 17 0 17 0
1414177200 17 0 19 0
1414175400 19 0 19 0
1414173600 18 0 19 0
1414171800 18 0 18 0
1414170000 18 0 20 0
1414168200 19 0 20 0
1414166400 18 0 19 0
1414164600 19 0 20 0
1414162800 19 0 20 0
1414161000 16 0 17 0
1414159200 16 0 17 0
1414157400 13 0 14 0
1414155600 13 0 14 0
1414153800 13 0 13 0
1414152000 12 0 13 0
1414150200 11 0 12 0
1414148400 11 0 12 0
1414146600 12 0 13 0
1414144800 13 0 16 0
1414143000 16 0 16 0
1414141200 15 0 16 0
1414139400 14 0 15 0
1414137600 15 0 15 0
1414135800 15 0 16 0
1414134000 16 0 16 0
1414132200 16 0 16 0
1414130400 16 0 17 0
1414128600 16 0 17 0
1414126800 15 0 15 0
1414125000 15 0 15 0
1414123200 15 0 15 0
1414121400 15 0 15 0
1414119600 15 0 15 0
1414117800 15 0 15 0
1414116000 14 0 15 0
1414114200 13 0 13 0
1414112400 12 0 13 0
1414110600 8 0 8 0
1414108800 8 0 8 0
1414107000 8 0 8 0
1414105200 7 0 8 0
1414103400 7 0 7 0
1414101600 7 0 7 0
1414099800 7 0 7 0
1414098000 7 0 7 0
1414096200 7 0 8 0
1414094400 8 0 9 0
1414092600 9 0 9 0
1414090800 9 0 9 0
1414089000 9 0 9 0
1414087200 9 0 9 0
1414085400 9 0 12 0
1414083600 11 0 12 0
1414081800 11 0 11 0
1414080000 11 0 16 0
1414078200 15 0 16 0
1414076400 14 0 15 0
1414074600 13 0 14 0
1414072800 12 0 13 0
1414071000 11 0 15 0
1414069200 14 0 15 0
1414067400 13 0 14 0
1414065600 13 0 13 0
1414063800 13 0 20 0
1414062000 19 0 20 0
1414060200 18 0 19 0
1414058400 18 0 19 0
1414056600 19 0 19 0
1414054800 19 0 19 0
1414053000 19 0 19 0
1414051200 19 0 19 0
1414049400 19 0 21 0
1414047600 21 0 24 0
1414045800 24 0 25 0
1414044000 24 0 25 0
1414042200 24 0 24 0
1414040400 24 0 24 0
1414038600 23 0 24 0
1414036800 19 0 20 0
1414035000 20 0 20 0
1414033200 20 0 22 0
1414031400 22 0 23 0
1414029600 22 0 23 0
1414027800 19 0 20 0
1414026000 18 0 19 0
1414024200 13 0 14 0
1414022400 14 0 16 0
1414020600 16 0 16 0
1414018800 15 0 16 0
1414017000 15 0 15 0
1414015200 15 0 15 0
1414013400 15 0 15 0
1414011600 15 0 15 0
1414009800 14 0 15 0
1414008000 12 0 13 0
1414006200 11 0 11 0
1414004400 11 0 11 0
1414002600 11 0 13 0
1414000800 14 0 17 0
1413993600 14 0 17 0
1413986400 12 0 14 0
1413979200 10 0 12 0
1413972000 14 0 19 0
1413964800 20 0 22 0
1413957600 18 0 22 0
1413950400 16 0 18 0
1413943200 11 0 15 0
1413936000 8 0 8 0
1413928800 8 0 8 0
1413921600 8 0 9 0
1413914400 11 0 18 0
1413907200 18 0 20 0
1413900000 12 0 13 0
1413892800 8 0 12 0
1413885600 11 0 14 0
1413878400 10 0 13 0
1413871200 10 0 12 0
1413864000 11 0 12 0
1413856800 9 0 11 0
1413849600 10 0 11 0
1413842400 13 0 16 0
1413835200 16 0 18 0
1413828000 18 0 21 0
1413820800 14 0 19 0
1413813600 10 0 15 0
1413806400 12 0 13 0
1413799200 15 0 18 0
1413792000 16 0 17 0
1413784800 14 0 17 0
1413777600 16 0 19 0
1413770400 13 0 16 0
1413763200 11 0 11 0
1413756000 11 0 11 0
1413748800 11 0 16 0
1413741600 16 0 19 0
1413734400 16 0 18 0
1413727200 18 0 21 0
1413720000 19 0 21 0
1413712800 17 0 19 0
1413705600 13 0 17 0
1413698400 9 0 11 0
1413691200 9 0 10 0
1413684000 8 0 10 0
1413676800 10 0 10 0
1413669600 10 0 16 0
1413662400 16 0 16 0
1413655200 16 0 19 0
1413648000 16 0 19 0
1413640800 12 0 13 0
1413633600 14 0 18 0
1413626400 17 0 18 0
1413619200 18 0 21 0
1413612000 16 0 18 0
1413604800 16 0 17 0
1413597600 16 0 18 0
1413590400 14 0 15 0
1413583200 14 0 14 0
1413576000 14 0 18 0
1413568800 17 0 19 0
1413561600 12 0 14 0
1413554400 13 0 14 0
1413547200 12 0 13 0
1413540000 14 0 16 0
1413532800 19 0 23 0
1413525600 22 0 23 0
1413518400 21 0 48 0
1413511200 24 0 48 0
1413504000 12 0 13 0
1413496800 11 0 12 0
1413489600 11 0 12 0
1413482400 12 0 47 0
1413475200 22 0 47 0
1413468000 15 0 18 0
1413460800 25 0 47 0
1413453600 18 0 57 0
1413446400 49 0 59 0
1413439200 26 0 32 0
1413432000 29 0 33 0
1413424800 27 0 48 0
1413417600 18 0 18 0
1413410400 18 0 19 0
1413403200 19 0 19 0
1413396000 36 0 54 0
1413388800 19 0 25 0
1413381600 18 0 24 0
1413374400 28 0 51 0
1413367200 23 0 27 0
1413360000 33 0 54 0
1413352800 22 0 26 0
1413345600 28 0 48 0
1413338400 19 0 23 0
1413331200 15 0 15 0
1413324000 15 0 15 0
1413316800 15 0 16 0
1413309600 17 0 20 0
1413302400 24 0 42 0
1413295200 16 0 22 0
1413288000 20 0 23 0
1413280800 24 0 28 0
1413273600 26 0 28 0
1413266400 21 0 23 0
1413259200 20 0 22 0
1413252000 17 0 20 0
1413244800 15 0 16 0
1413237600 16 0 16 0
1413230400 15 0 16 0
1413223200 15 0 17 0
1413216000 15 0 19 0
1413208800 15 0 19 0
1413201600 19 0 40 0
1413194400 14 0 16 0
1413187200 13 0 16 0
1413180000 12 0 42 0
1413172800 25 0 42 0
1413165600 7 0 11 0
1413158400 6 0 7 0
1413151200 7 0 10 0
1413144000 9 0 10 0
1413136800 10 0 20 0
1413129600 30 0 46 0
1413122400 11 0 14 0
1413115200 14 0 19 0
1413108000 15 0 17 0
1413100800 15 0 17 0
1413093600 10 0 12 0
1413086400 9 0 12 0
1413079200 14 0 37 0
1413072000 7 0 7 0
1413064800 7 0 7 0
1413057600 10 0 25 0
1413050400 13 0 25 0
1413043200 9 0 26 0
1413036000 16 0 26 0
1413028800 29 0 51 0
1413021600 23 0 27 0
1413014400 23 0 26 0
1413007200 29 0 53 0
1413000000 18 0 23 0
1412992800 17 0 24 0
1412985600 9 0 10 0
1412978400 12 0 14 0
1412971200 14 0 43 0
1412964000 24 0 43 0
1412956800 21 0 50 0
1412949600 26 0 50 0
1412942400 21 0 22 0
1412935200 20 0 23 0
1412928000 24 0 29 0
1412920800 21 0 26 0
1412913600 19 0 25 0
1412906400 15 0 45 0
1412899200 21 0 45 0
1412892000 14 0 15 0
1412884800 15 0 20 0
1412877600 21 0 25 0
1412870400 20 0 25 0
1412863200 11 0 14 0
1412856000 10 0 12 0
1412848800 12 0 16 0
1412841600 20 0 24 0
1412834400 22 0 24 0
1412827200 22 0 24 0
1412820000 18 0 22 0
1412812800 15 0 15 0
1412805600 16 0 18 0
1412798400 18 0 20 0
1412791200 19 0 20 0
1412784000 19 0 22 0
1412776800 15 0 22 0
1412769600 12 0 13 0
1412762400 12 0 16 0
1412755200 19 0 39 0
1412748000 36 0 46 0
1412740800 18 0 37 0
1412733600 8 0 11 0
1412726400 7 0 11 0
1412719200 8 0 8 0
1412712000 8 0 10 0
1412704800 10 0 13 0
1412697600 16 0 21 0
1412690400 16 0 21 0
1412683200 16 0 18 0
1412676000 18 0 27 0
1412668800 33 0 51 0
1412661600 23 0 27 0
1412654400 18 0 27 0
1412647200 14 0 16 0
1412640000 14 0 14 0
1412632800 14 0 18 0
1412625600 18 0 21 0
1412618400 21 0 26 0
1412611200 21 0 26 0
1412604000 16 0 20 0
1412596800 16 0 19 0
1412589600 16 0 21 0
1412582400 20 0 23 0
1412575200 21 0 26 0
1412568000 23 0 47 0
1412560800 15 0 19 0
1412553600 15 0 16 0
1412546400 16 0 16 0
1412539200 16 0 19 0
1412532000 22 0 25 0
1412524800 21 0 25 0
1412517600 14 0 17 0
1412510400 23 0 43 0
1412503200 18 0 26 0
1412496000 19 0 27 0
1412488800 16 0 18 0
1412481600 18 0 27 0
1412474400 19 0 20 0
1412467200 18 0 20 0
1412460000 18 0 18 0
1412452800 26 0 49 0
1412445600 41 0 54 0
1412438400 35 0 54 0
1412431200 17 0 22 0
1412424000 26 0 44 0
1412416800 22 0 25 0
1412409600 18 0 22 0
1412402400 16 0 18 0
1412395200 15 0 18 0
1412388000 13 0 16 0
1412380800 14 0 16 0
1412373600 13 0 18 0
1412366400 18 0 21 0
1412359200 22 0 29 0
1412352000 18 0 29 0
1412344800 14 0 18 0
1412337600 19 0 38 0
1412330400 18 0 22 0
1412323200 18 0 20 0
1412316000 17 0 19 0
1412308800 18 0 21 0
1412301600 17 0 19 0
1412294400 13 0 15 0
1412287200 13 0 15 0
1412280000 15 0 15 0
1412272800 17 0 24 0
1412265600 21 0 24 0
1412258400 14 0 19 0
1412251200 17 0 20 0
1412244000 17 0 19 0
1412236800 19 0 22 0
1412229600 21 0 23 0
1412222400 21 0 23 0
1412215200 17 0 21 0
1412208000 13 0 13 0
1412200800 13 0 14 0
1412193600 13 0 37 0
1412186400 19 0 37 0
1412179200 16 0 19 0
1412172000 16 0 19 0
1412164800 14 0 17 0
1412157600 17 0 19 0
1412150400 19 0 21 0
1412143200 18 0 21 0
1412136000 17 0 20 0
1412128800 14 0 17 0
1412121600 13 0 15 0
1412114400 13 0 16 0
1412107200 14 0 16 0
1412100000 15 0 18 0
1412092800 20 0 28 0
1412085600 14 0 17 0
1412078400 14 0 17 0
1412071200 11 0 12 0
1412064000 11 0 12 0
1412056800 12 0 16 0
1412049600 14 0 16 0
1412042400 9 0 13 0
1412035200 11 0 11 0
1412028000 11 0 11 0
1412020800 11 0 12 0
1412013600 11 0 12 0
1412006400 13 0 17 0
1411999200 19 0 24 0
1411992000 22 0 25 0
1411984800 19 0 23 0
1411977600 20 0 23 0
1411970400 26 0 35 0
1411963200 28 0 34 0
1411956000 17 0 21 0
1411948800 13 0 15 0
1411941600 14 0 15 0
1411934400 15 0 17 0
1411927200 20 0 31 0
1411920000 27 0 45 0
1411912800 16 0 20 0
1411905600 17 0 20 0
1411898400 24 0 28 0
1411891200 29 0 33 0
1411884000 30 0 46 0
1411876800 34 0 50 0
1411869600 20 0 23 0
1411862400 14 0 15 0
1411855200 15 0 15 0
1411848000 15 0 21 0
1411840800 20 0 26 0
1411833600 29 0 47 0
1411826400 17 0 21 0
1411819200 26 0 46 0
1411812000 18 0 21 0
1411804800 16 0 17 0
1411797600 22 0 41 0
1411790400 27 0 41 0
1411783200 14 0 22 0
1411776000 17 0 22 0
1411768800 17 0 18 0
1411761600 16 0 17 0
1411754400 18 0 25 0
1411747200 26 0 35 0
1411740000 19 0 34 0
1411732800 24 0 41 0
1411725600 21 0 34 0
1411718400 25 0 34 0
1411711200 22 0 27 0
1411704000 21 0 22 0
1411696800 18 0 22 0
1411689600 16 0 17 0
1411682400 17 0 17 0
1411675200 18 0 24 0
1411668000 24 0 35 0
1411660800 27 0 41 0
1411653600 19 0 41 0
1411646400 18 0 39 0
1411639200 11 0 13 0
1411632000 18 0 38 0
1411624800 10 0 12 0
1411617600 12 0 15 0
1411610400 13 0 17 0
1411603200 9 0 12 0
1411596000 9 0 9 0
1411588800 9 0 10 0
1411581600 11 0 16 0
1411574400 37 0 47 0
1411567200 14 0 36 0
1411560000 13 0 30 0
1411552800 12 0 16 0
1411545600 16 0 23 0
1411538400 33 0 43 0
1411531200 15 0 17 0
1411524000 14 0 16 0
1411516800 10 0 11 0
1411509600 10 0 10 0
1411502400 10 0 11 0
1411495200 13 0 18 0
1411488000 24 0 41 0
1411480800 17 0 36 0
1411473600 11 0 14 0
1411466400 18 0 32 0
1411459200 15 0 16 0
1411452000 15 0 18 0
1411444800 14 0 15 0
1411437600 11 0 15 0
1411430400 12 0 28 0
1411423200 7 0 8 0
1411416000 8 0 11 0
1411408800 13 0 17 0
1411401600 23 0 38 0
1411394400 18 0 38 0
1411387200 23 0 38 0
1411380000 14 0 18 0
1411372800 15 0 18 0
1411365600 14 0 16 0
1411358400 16 0 20 0
1411351200 12 0 15 0
1411344000 8 0 9 0
1411336800 9 0 9 0
1411329600 9 0 10 0
1411322400 10 0 16 0
1411315200 16 0 34 0
1411308000 24 0 34 0
1411300800 25 0 28 0
1411293600 29 0 36 0
1411286400 32 0 39 0
1411279200 27 0 29 0
1411272000 27 0 33 0
1411264800 24 0 33 0
1411257600 20 0 20 0
1411250400 20 0 20 0
1411243200 20 0 24 0
1411236000 26 0 56 0
1411228800 35 0 56 0
1411221600 26 0 47 0
1411214400 29 0 41 0
1411207200 35 0 36 0
1411200000 35 0 37 0
1411192800 24 0 26 0
1411185600 21 0 24 0
1411178400 20 0 43 0
1411171200 24 0 43 0
1411164000 18 0 18 0
1411156800 18 0 19 0
1411149600 22 0 26 0
1411142400 23 0 37 0
1411135200 18 0 33 0
1411128000 17 0 19 0
1411120800 20 0 26 0
1411113600 25 0 26 0
1411106400 35 0 48 0
1411099200 22 0 25 0
1411092000 19 0 39 0
1411084800 20 0 39 0
1411077600 16 0 16 0
1411070400 15 0 17 0
1411063200 17 0 20 0
1411056000 18 0 35 0
1411048800 15 0 35 0
1411041600 10 0 11 0
1411034400 10 0 12 0
1411027200 14 0 16 0
1411020000 15 0 21 0
1411012800 17 0 21 0
1411005600 12 0 16 0
1410998400 10 0 18 0
1410991200 15 0 16 0
1410984000 17 0 19 0
1410976800 20 0 24 0
1410969600 20 0 39 0
1410962400 20 0 39 0
1410955200 20 0 23 0
1410948000 20 0 25 0
1410940800 25 0 27 0
1410933600 25 0 35 0
1410926400 32 0 35 0
1410919200 23 0 33 0
1410912000 17 0 19 0
1410904800 16 0 17 0
1410897600 17 0 18 0
1410890400 18 0 21 0
1410883200 21 0 38 0
1410876000 19 0 38 0
1410868800 12 0 15 0
1410861600 12 0 14 0
1410854400 15 0 17 0
1410847200 16 0 18 0
1410840000 14 0 17 0
1410832800 10 0 12 0
1410825600 10 0 12 0
1410818400 10 0 10 0
1410811200 10 0 11 0
1410804000 11 0 15 0
1410796800 17 0 35 0
1410789600 19 0 35 0
1410782400 18 0 20 0
1410775200 20 0 22 0
1410768000 22 0 26 0
1410760800 23 0 30 0
1410753600 23 0 30 0
1410746400 18 0 21 0
1410739200 18 0 21 0
1410732000 18 0 18 0
1410724800 18 0 20 0
1410717600 20 0 22 0
1410710400 15 0 19 0
1410703200 11 0 14 0
1410696000 11 0 15 0
1410688800 12 0 14 0
1410681600 12 0 15 0
1410674400 20 0 25 0
1410667200 20 0 23 0
1410660000 16 0 19 0
1410652800 8 0 12 0
1410645600 8 0 8 0
1410638400 8 0 9 0
1410631200 20 0 28 0
1410624000 15 0 28 0
1410616800 18 0 26 0
1410609600 17 0 19 0
1410602400 18 0 19 0
1410595200 18 0 20 0
1410588000 17 0 20 0
1410580800 20 0 23 0
1410573600 16 0 20 0
1410566400 15 0 16 0
1410559200 14 0 15 0
1410552000 15 0 19 0
1410544800 18 0 21 0
1410537600 15 0 29 0
1410530400 13 0 29 0
1410523200 10 0 12 0
1410516000 10 0 12 0
1410508800 11 0 12 0
1410501600 10 0 12 0
1410494400 10 0 11 0
1410487200 7 0 10 0
1410480000 6 0 9 0
1410472800 10 0 13 0
1410465600 13 0 15 0
1410458400 15 0 19 0
1410451200 14 0 29 0
1410444000 12 0 29 0
1410436800 8 0 9 0
1410429600 10 0 12 0
1410422400 16 0 22 0
1410415200 19 0 22 0
1410408000 25 0 43 0
1410400800 16 0 36 0
1410393600 18 0 36 0
1410386400 13 0 13 0
1410379200 13 0 14 0
1410372000 14 0 22 0
1410364800 19 0 35 0
1410357600 18 0 35 0
1410350400 13 0 15 0
1410343200 14 0 20 0
1410336000 17 0 20 0
1410328800 17 0 19 0
1410321600 19 0 20 0
1410314400 16 0 20 0
1410307200 13 0 14 0
1410300000 13 0 13 0
1410292800 12 0 13 0
1410285600 13 0 15 0
1410278400 16 0 39 0
1410271200 21 0 39 0
1410264000 18 0 21 0
1410256800 16 0 18 0
1410249600 16 0 20 0
1410242400 18 0 20 0
1410235200 20 0 21 0
1410228000 17 0 20 0
1410220800 12 0 16 0
1410213600 12 0 12 0
1410206400 12 0 14 0
1410199200 14 0 17 0
1410192000 13 0 32 0
1410184800 16 0 32 0
1410177600 15 0 17 0
1410170400 13 0 15 0
1410163200 13 0 16 0
1410156000 13 0 15 0
1410148800 15 0 16 0
1410141600 11 0 14 0
1410134400 9 0 12 0
1410127200 10 0 11 0
1410120000 11 0 12 0
1410112800 14 0 19 0
1410105600 12 0 33 0
1410098400 20 0 33 0
1410091200 20 0 23 0
1410084000 19 0 23 0
1410076800 20 0 23 0
1410069600 23 0 42 0
1410062400 17 0 19 0
1410055200 17 0 18 0
1410048000 16 0 18 0
1410040800 16 0 16 0
1410033600 16 0 18 0
1410026400 17 0 20 0
1410019200 16 0 34 0
1410012000 19 0 34 0
1410004800 22 0 41 0
1409997600 21 0 22 0
1409990400 18 0 21 0
1409983200 20 0 37 0
1409976000 16 0 20 0
1409968800 22 0 38 0
1409961600 16 0 17 0
1409954400 16 0 16 0
1409947200 15 0 16 0
1409940000 21 0 27 0
1409932800 16 0 33 0
1409925600 13 0 33 0
1409918400 7 0 10 0
1409911200 9 0 12 0
1409904000 14 0 26 0
1409896800 17 0 35 0
1409889600 10 0 12 0
1409882400 9 0 12 0
1409875200 8 0 10 0
1409868000 10 0 10 0
1409860800 10 0 15 0
1409853600 14 0 17 0
1409846400 12 0 31 0
1409839200 12 0 31 0
1409832000 11 0 14 0
1409824800 13 0 16 0
1409817600 15 0 18 0
1409810400 15 0 18 0
1409803200 15 0 16 0
1409796000 11 0 16 0
1409788800 7 0 10 0
1409781600 7 0 7 0
1409774400 7 0 11 0
1409767200 11 0 14 0
1409760000 13 0 38 0
1409752800 19 0 38 0
1409745600 16 0 19 0
1409738400 15 0 20 0
1409731200 15 0 16 0
1409724000 21 0 38 0
1409716800 17 0 22 0
1409709600 11 0 14 0
1409702400 8 0 11 0
1409695200 8 0 8 0
1409688000 8 0 9 0
1409680800 12 0 34 0
1409616000 7 0 17 0
1409529600 3 0 17 0
1409443200 0 0 0 0
1409356800 0 0 0 0
1409270400 8 0 37 0
1409184000 9 0 33 0
1409097600 11 0 37 0
1409011200 9 0 34 0
1408924800 13 0 38 0
1408838400 13 0 41 0
1408752000 13 0 37 0
1408665600 12 0 40 0
1408579200 10 0 40 0
1408492800 12 0 38 0
1408406400 13 0 38 0
1408320000 15 0 36 0
1408233600 14 0 40 0
1408147200 9 0 30 0
1408060800 5 0 29 0
1407974400 6 0 32 0
1407888000 12 0 41 0
1407801600 6 0 32 0
1407715200 4 0 31 0
1407628800 6 0 32 0
1407542400 4 0 28 0
1407456000 3 0 32 0
1407369600 6 0 35 0
1407283200 5 0 20 0
1407196800 4 0 32 0
1407110400 5 0 30 0
1407024000 10 0 34 0
1406937600 6 0 28 0
1406851200 6 0 18 0
1406764800 5 0 31 0
1406678400 5 0 19 0
1406592000 7 0 36 0
1406505600 5 0 30 0
1406419200 8 0 16 0
1406332800 7 0 17 0
1406246400 12 0 31 0
1406160000 5 0 28 0
1406073600 4 0 30 0
1405987200 3 0 31 0
1405900800 6 0 16 0
1405814400 6 0 32 0
1405728000 5 0 32 0
1405641600 6 0 36 0
1405555200 9 0 30 0
1405468800 6 0 28 0
1405382400 5 0 27 0
1405296000 7 0 30 0
1405209600 12 0 33 0
1405123200 11 0 35 0
1405036800 9 0 32 0
1404950400 11 0 35 0
1404864000 8 0 33 0
1404777600 12 0 40 0
1404691200 8 0 33 0
1404604800 11 0 42 0
1404518400 9 0 35 0
1404432000 9 0 36 0
1404345600 9 0 34 0
1404259200 8 0 38 0
1404172800 10 0 34 0
1404086400 10 0 34 0
1404000000 13 0 33 0
1403913600 11 0 28 0
1403827200 8 0 34 0
1403740800 8 0 27 0
1403654400 9 0 33 0
1403568000 6 0 18 0
1403481600 9 0 33 0
1403395200 13 0 38 0
1403308800 13 0 34 0
1403222400 17 0 32 0
1403136000 11 0 29 0
1403049600 13 0 38 0
1402963200 10 0 32 0
1402876800 13 0 32 0
1402790400 15 0 30 0
1402704000 14 0 37 0
1402617600 15 0 37 0
1402531200 23 0 42 0
1402444800 17 0 30 0
1402358400 18 0 32 0
1402272000 16 0 30 0
1402185600 20 0 31 0
1402099200 23 0 38 0
1402012800 22 0 35 0
1401926400 20 0 33 0
1401840000 18 0 31 0
1401753600 14 0 31 0
1401667200 17 0 42 0
1401580800 15 0 32 0
1401494400 15 0 24 0
1401408000 14 0 31 0
1401321600 16 0 31 0
1401235200 13 0 30 0
1401148800 14 0 32 0
1401062400 11 0 23 0
1400976000 18 0 43 0
1400889600 18 0 28 0
1400803200 17 0 34 0
1400716800 18 0 34 0
1400630400 17 0 29 0
1400544000 14 0 27 0
1400457600 14 0 35 0
1400371200 16 0 35 0
1400284800 6 0 23 0
1400198400 0 0 0 0
1400112000 0 0 0 0
1400025600 0 0 0 0
1399939200 0 0 0 0
1399852800 0 0 0 0
1399766400 0 0 0 0
1399680000 0 0 0 0
1399593600 9 0 29 0
1399507200 17 0 30 0
1399420800 18 0 28 0
1399334400 14 0 25 0
1399248000 12 0 23 0
1399161600 13 0 26 0
1399075200 18 0 33 0
1398988800 15 0 30 0
1398902400 15 0 26 0
1398816000 15 0 31 0
1398729600 17 0 31 0
1398643200 16 0 31 0
1398556800 13 0 26 0
1398470400 17 0 32 0
1398384000 17 0 33 0
1398297600 17 0 30 0
1398211200 17 0 34 0
1398124800 18 0 35 0
1398038400 18 0 29 0
1397952000 16 0 30 0
1397865600 18 0 30 0
1397779200 16 0 26 0
1397692800 17 0 28 0
1397606400 18 0 26 0
1397520000 15 0 33 0
1397433600 23 0 39 0
1397347200 20 0 37 0
1397260800 20 0 37 0
1397174400 17 0 31 0
1397088000 19 0 40 0
1397001600 18 0 34 0
1396915200 18 0 33 0
1396828800 16 0 33 0
1396742400 21 0 35 0
1396656000 19 0 38 0
1396569600 22 0 47 0
1396483200 21 0 38 0
1396396800 14 0 37 0
1396310400 13 0 37 0
1396224000 17 0 37 0
1396137600 16 0 34 0
1396051200 19 0 36 0
1395964800 17 0 34 0
1395878400 21 0 43 0
1395792000 19 0 35 0
1395705600 18 0 34 0
1395619200 17 0 35 0
1395532800 19 0 39 0
1395446400 13 0 27 0
1395360000 14 0 30 0
1395273600 17 0 35 0
1395187200 15 0 36 0
1395100800 14 0 34 0
1395014400 16 0 32 0
1394928000 16 0 27 0
1394841600 15 0 31 0
1394755200 14 0 32 0
1394668800 14 0 31 0
1394582400 12 0 38 0
1394496000 13 0 26 0
1394409600 14 0 34 0
1394323200 20 0 39 0
1394236800 16 0 36 0
1394150400 12 0 32 0
1394064000 12 0 29 0
1393977600 14 0 29 0
1393891200 15 0 32 0
1393804800 11 0 31 0
1393718400 11 0 23 0
1393632000 13 0 28 0
1393545600 14 0 28 0
1393459200 17 0 26 0
1393372800 16 0 29 0
1393286400 11 0 27 0
1393200000 10 0 24 0
1393113600 9 0 23 0
1393027200 11 0 22 0
1392940800 10 0 20 0
1392854400 10 0 20 0
1392768000 12 0 21 0
1392681600 8 0 21 0
1392595200 13 0 36 0
1392508800 11 0 24 0
1392422400 9 0 18 0
1392336000 8 0 20 0
1392249600 7 0 19 0
1392163200 9 0 20 0
1392076800 9 0 17 0
1391990400 8 0 22 0
1391904000 14 0 25 0
1391817600 14 0 26 0
1391731200 11 0 25 0
1391644800 11 0 20 0
1391558400 8 0 16 0
1391472000 5 0 14 0
1391385600 7 0 18 0
1391299200 8 0 22 0
1391212800 3 0 11 0
1391126400 7 0 19 0
1391040000 7 0 20 0
1390953600 13 0 22 0
1390867200 8 0 22 0
1390780800 11 0 24 0
1390694400 11 0 35 0
1390608000 11 0 27 0
1390521600 10 0 22 0
1390435200 15 0 31 0
1390348800 13 0 27 0
1390262400 10 0 22 0
1390176000 13 0 25 0
1390089600 19 0 31 0
1390003200 14 0 27 0
1389916800 15 0 31 0
1389830400 16 0 32 0
1389744000 18 0 28 0
1389657600 18 0 30 0
1389571200 21 0 33 0
1389484800 22 0 38 0
1389398400 13 0 25 0
1389312000 12 0 28 0
1389225600 16 0 26 0
1389139200 16 0 27 0
1389052800 10 0 28 0
1388966400 25 0 36 0
1388880000 25 0 37 0
1388793600 17 0 31 0
1388707200 21 0 37 0
1388620800 15 0 25 0
1388534400 18 0 29 0
1388448000 15 0 28 0
1388361600 14 0 27 0
1388275200 20 0 32 0
1388188800 9 0 30 0
1388102400 0 0 0 0
1388016000 0 0 0 0
1387929600 0 0 0 0
1387843200 0 0 0 0
1387756800 0 0 0 0
1387670400 0 0 0 0
1387584000 0 0 0 0
1387497600 0 0 0 0
1387411200 0 0 0 0
1387324800 0 0 0 0
1387238400 0 0 0 0
1387152000 0 0 0 0
1387065600 0 0 0 0
1386979200 0 0 0 0
1386892800 0 0 0 0
1386806400 0 0 0 0
1386720000 0 0 0 0
1386633600 0 0 0 0
1386547200 0 0 0 0
1386460800 0 0 0 0
1386374400 0 0 0 0
1386288000 0 0 0 0
1386201600 0 0 0 0
1386115200 0 0 0 0
1386028800 0 0 0 0
1385942400 0 0 0 0
1385856000 0 0 0 0
1385769600 0 0 0 0
1385683200 0 0 0 0
1385596800 0 0 0 0
1385510400 0 0 0 0
1385424000 0 0 0 0
1385337600 0 0 0 0
1385251200 0 0 0 0
1385164800 0 0 0 0
1385078400 0 0 0 0
1384992000 0 0 0 0
1384905600 0 0 0 0
1384819200 0 0 0 0
1384732800 0 0 0 0
1384646400 0 0 0 0
1384560000 0 0 0 0
1384473600 0 0 0 0
1384387200 0 0 0 0
1384300800 0 0 0 0
1384214400 0 0 0 0
1384128000 0 0 0 0
1384041600 0 0 0 0
1383955200 0 0 0 0
1383868800 0 0 0 0
1383782400 0 0 0 0
1383696000 0 0 0 0
1383609600 0 0 0 0
1383523200 0 0 0 0
1383436800 0 0 0 0
1383350400 0 0 0 0
1383264000 0 0 0 0
1383177600 0 0 0 0
1383091200 0 0 0 0
1383004800 0 0 0 0
1382918400 0 0 0 0
1382832000 0 0 0 0
1382745600 0 0 0 0
1382659200 0 0 0 0
1382572800 0 0 0 0
1382486400 0 0 0 0
1382400000 0 0 0 0
1382313600 0 0 0 0
1382227200 0 0 0 0
1382140800 0 0 0 0
1382054400 0 0 0 0
1381968000 0 0 0 0
1381881600 0 0 0 0
1381795200 0 0 0 0
1381708800 0 0 0 0
1381622400 0 0 0 0
1381536000 0 0 0 0
1381449600 0 0 0 0
1381363200 0 0 0 0
1381276800 0 0 0 0
1381190400 0 0 0 0
1381104000 0 0 0 0
1381017600 0 0 0 0
1380931200 0 0 0 0
1380844800 0 0 0 0
1380758400 0 0 0 0
1380672000 0 0 0 0
1380585600 0 0 0 0
1380499200 0 0 0 0
1380412800 0 0 0 0
1380326400 0 0 0 0
1380240000 0 0 0 0
1380153600 0 0 0 0
1380067200 0 0 0 0
1379980800 0 0 0 0
1379894400 0 0 0 0
1379808000 0 0 0 0
1379721600 0 0 0 0
1379635200 0 0 0 0
1379548800 0 0 0 0
1379462400 0 0 0 0
1379376000 0 0 0 0
1379289600 0 0 0 0
1379203200 0 0 0 0
1379116800 0 0 0 0
1379030400 0 0 0 0
1378944000 0 0 0 0
1378857600 0 0 0 0
1378771200 0 0 0 0
1378684800 0 0 0 0
1378598400 0 0 0 0
1378512000 0 0 0 0
1378425600 0 0 0 0
1378339200 0 0 0 0
1378252800 0 0 0 0
1378166400 0 0 0 0
1378080000 0 0 0 0
1377993600 0 0 0 0
1377907200 0 0 0 0
1377820800 0 0 0 0
1377734400 0 0 0 0
1377648000 0 0 0 0
1377561600 0 0 0 0
1377475200 0 0 0 0
1377388800 0 0 0 0
1377302400 0 0 0 0
1377216000 0 0 0 0
1377129600 0 0 0 0
1377043200 0 0 0 0
1376956800 0 0 0 0
1376870400 0 0 0 0
1376784000 0 0 0 0
1376697600 0 0 0 0
1376611200 0 0 0 0
1376524800 0 0 0 0
1376438400 0 0 0 0
1376352000 0 0 0 0
1376265600 0 0 0 0
1376179200 0 0 0 0
1376092800 0 0 0 0
1376006400 0 0 0 0
1375920000 0 0 0 0
1375833600 0 0 0 0
1375747200 0 0 0 0
1375660800 0 0 0 0
1375574400 0 0 0 0
1375488000 0 0 0 0
1375401600 0 0 0 0
1375315200 0 0 0 0
1375228800 0 0 0 0
1375142400 0 0 0 0
1375056000 0 0 0 0
1374969600 0 0 0 0
1374883200 0 0 0 0
1374796800 0 0 0 0
1374710400 0 0 0 0
1374624000 0 0 0 0
1374537600 0 0 0 0
1374451200 0 0 0 0
1374364800 0 0 0 0
1374278400 0 0 0 0
1374192000 0 0 0 0
1374105600 0 0 0 0
1374019200 0 0 0 0
1373932800 0 0 0 0
1373846400 0 0 0 0
1373760000 0 0 0 0
1373673600 0 0 0 0
1373587200 0 0 0 0
1373500800 0 0 0 0
1373414400 0 0 0 0
1373328000 0 0 0 0
1373241600 0 0 0 0
1373155200 0 0 0 0
1373068800 0 0 0 0
1372982400 0 0 0 0
1372896000 0 0 0 0
1372809600 0 0 0 0
1372723200 0 0 0 0
1372636800 0 0 0 0
1372550400 0 0 0 0
1372464000 0 0 0 0
1372377600 0 0 0 0
1372291200 0 0 0 0
1372204800 0 0 0 0
1372118400 0 0 0 0
1372032000 0 0 0 0
1371945600 0 0 0 0
1371859200 0 0 0 0
1371772800 0 0 0 0
1371686400 0 0 0 0
1371600000 0 0 0 0
1371513600 0 0 0 0
1371427200 0 0 0 0
1371340800 0 0 0 0
1371254400 0 0 0 0
1371168000 0 0 0 0
1371081600 0 0 0 0
1370995200 0 0 0 0
1370908800 0 0 0 0
1370822400 0 0 0 0
1370736000 0 0 0 0
1370649600 0 0 0 0
1370563200 0 0 0 0
1370476800 0 0 0 0
1370390400 0 0 0 0
1370304000 0 0 0 0
1370217600 0 0 0 0
1370131200 0 0 0 0
1370044800 0 0 0 0
1369958400 0 0 0 0
1369872000 0 0 0 0
1369785600 0 0 0 0
1369699200 0 0 0 0
1369612800 0 0 0 0
1369526400 0 0 0 0
1369440000 0 0 0 0
1369353600 0 0 0 0
1369267200 0 0 0 0
1369180800 0 0 0 0
1369094400 0 0 0 0
1369008000 0 0 0 0
1368921600 0 0 0 0
1368835200 0 0 0 0
1368748800 0 0 0 0
1368662400 0 0 0 0
1368576000 0 0 0 0
1368489600 0 0 0 0
1368403200 0 0 0 0
1368316800 0 0 0 0
1368230400 0 0 0 0
1368144000 0 0 0 0
1368057600 0 0 0 0
1367971200 0 0 0 0
1367884800 0 0 0 0
1367798400 0 0 0 0
1367712000 0 0 0 0
1367625600 0 0 0 0
1367539200 0 0 0 0
1367452800 0 0 0 0
1367366400 0 0 0 0
1367280000 0 0 0 0
1367193600 0 0 0 0
1367107200 0 0 0 0
1367020800 0 0 0 0
1366934400 0 0 0 0
1366848000 0 0 0 0
1366761600 0 0 0 0
1366675200 0 0 0 0
1366588800 0 0 0 0
1366502400 0 0 0 0
1366416000 0 0 0 0
1366329600 0 0 0 0
1366243200 0 0 0 0
1366156800 0 0 0 0
1366070400 0 0 0 0
1365984000 0 0 0 0
1365897600 0 0 0 0
1365811200 0 0 0 0
1365724800 0 0 0 0
1365638400 0 0 0 0
1365552000 0 0 0 0
1365465600 0 0 0 0
1365379200 0 0 0 0
1365292800 0 0 0 0
1365206400 0 0 0 0
1365120000 0 0 0 0
1365033600 0 0 0 0
1364947200 0 0 0 0
1364860800 0 0 0 0
1364774400 0 0 0 0
1364688000 0 0 0 0
1364601600 0 0 0 0
1364515200 0 0 0 0
1364428800 0 0 0 0
1364342400 0 0 0 0
1364256000 0 0 0 0
1364169600 0 0 0 0
1364083200 0 0 0 0
1363996800 0 0 0 0
1363910400 0 0 0 0
1363824000 0 0 0 0
1363737600 0 0 0 0
1363651200 0 0 0 0
1363564800 0 0 0 0
1363478400 0 0 0 0
1363392000 0 0 0 0
1363305600 0 0 0 0
1363219200 0 0 0 0
1363132800 0 0 0 0
1363046400 0 0 0 0
1362960000 0 0 0 0
1362873600 0 0 0 0
1362787200 0 0 0 0
1362700800 0 0 0 0
1362614400 0 0 0 0
1362528000 0 0 0 0
1362441600 0 0 0 0
1362355200 0 0 0 0
1362268800 0 0 0 0
1362182400 0 0 0 0
1362096000 0 0 0 0
1362009600 0 0 0 0
1361923200 0 0 0 0
1361836800 0 0 0 0
1361750400 0 0 0 0
1361664000 0 0 0 0
1361577600 0 0 0 0
1361491200 0 0 0 0
1361404800 0 0 0 0
1361318400 0 0 0 0
1361232000 0 0 0 0
1361145600 0 0 0 0
1361059200 0 0 0 0
1360972800 0 0 0 0
1360886400 0 0 0 0
1360800000 0 0 0 0
1360713600 0 0 0 0
1360627200 0 0 0 0
1360540800 0 0 0 0
1360454400 0 0 0 0
1360368000 0 0 0 0
1360281600 0 0 0 0
1360195200 0 0 0 0
1360108800 0 0 0 0
1360022400 0 0 0 0
1359936000 0 0 0 0
1359849600 0 0 0 0
1359763200 0 0 0 0
1359676800 0 0 0 0
1359590400 0 0 0 0
1359504000 0 0 0 0
1359417600 0 0 0 0
1359331200 0 0 0 0
1359244800 0 0 0 0
1359158400 0 0 0 0
1359072000 0 0 0 0
1358985600 0 0 0 0
1358899200 0 0 0 0
1358812800 0 0 0 0
1358726400 0 0 0 0
1358640000 0 0 0 0
1358553600 0 0 0 0
1358467200 0 0 0 0
1358380800 0 0 0 0
1358294400 0 0 0 0
1358208000 0 0 0 0
1358121600 0 0 0 0
1358035200 0 0 0 0
1357948800 0 0 0 0
1357862400 0 0 0 0
1357776000 0 0 0 0
1357689600 0 0 0 0
1357603200 0 0 0 0
1357516800 0 0 0 0
1357430400 0 0 0 0
1357344000 0 0 0 0
1357257600 0 0 0 0
1357171200 0 0 0 0
1357084800 0 0 0 0
1356998400 0 0 0 0
1356912000 0 0 0 0
1356825600 0 0 0 0
1356739200 0 0 0 0
1356652800 0 0 0 0
1356566400 0 0 0 0
1356480000 0 0 0 0
1356393600 0 0 0 0
1356307200 0 0 0 0
1356220800 0 0 0 0
1356134400 0 0 0 0
1356048000 0 0 0 0
1355961600 0 0 0 0
1355875200 0 0 0 0
1355788800 0 0 0 0
1355702400 0 0 0 0
1355616000 0 0 0 0
1355529600 0 0 0 0
1355443200 0 0 0 0
1355356800 0 0 0 0
1355270400 0 0 0 0
1355184000 0 0 0 0
1355097600 0 0 0 0
1355011200 0 0 0 0
1354924800 0 0 0 0
1354838400 0 0 0 0
1354752000 0 0 0 0
1354665600 0 0 0 0
1354579200 0 0 0 0
1354492800 0 0 0 0
1354406400 0 0 0 0
1354320000 0 0 0 0
1354233600 0 0 0 0
1354147200 0 0 0 0
1354060800 0 0 0 0
1353974400 0 0 0 0
1353888000 0 0 0 0
1353801600 0 0 0 0
1353715200 0 0 0 0
1353628800 0 0 0 0
1353542400 0 0 0 0
1353456000 0 0 0 0
1353369600 0 0 0 0
1353283200 0 0 0 0
1353196800 0 0 0 0
1353110400 0 0 0 0
1353024000 0 0 0 0
1352937600 0 0 0 0
1352851200 0 0 0 0
1352764800 0 0 0 0
1352678400 0 0 0 0
1352592000 0 0 0 0
1352505600 0 0 0 0
1352419200 0 0 0 0
1352332800 0 0 0 0
1352246400 0 0 0 0
1352160000 0 0 0 0
1352073600 0 0 0 0
1351987200 0 0 0 0
1351900800 0 0 0 0
1351814400 0 0 0 0
1351728000 0 0 0 0
1351641600 0 0 0 0
1351555200 0 0 0 0
1351468800 0 0 0 0
1351382400 0 0 0 0
1351296000 0 0 0 0
1351209600 0 0 0 0
1351123200 0 0 0 0
1351036800 0 0 0 0
1350950400 0 0 0 0
1350864000 0 0 0 0
1350777600 0 0 0 0
1350691200 0 0 0 0
1350604800 0 0 0 0
1350518400 0 0 0 0
1350432000 0 0 0 0
1350345600 0 0 0 0
1350259200 0 0 0 0
1350172800 0 0 0 0
1350086400 0 0 0 0
1350000000 0 0 0 0
1349913600 0 0 0 0
1349827200 0 0 0 0
1349740800 0 0 0 0
1349654400 0 0 0 0
1349568000 0 0 0 0
1349481600 0 0 0 0
1349395200 0 0 0 0
1349308800 0 0 0 0
1349222400 0 0 0 0
1349136000 0 0 0 0
1349049600 0 0 0 0
1348963200 0 0 0 0
1348876800 0 0 0 0
1348790400 0 0 0 0
1348704000 0 0 0 0
1348617600 0 0 0 0
1348531200 0 0 0 0
1348444800 0 0 0 0
1348358400 0 0 0 0
1348272000 0 0 0 0
1348185600 0 0 0 0
1348099200 0 0 0 0
1348012800 0 0 0 0
1347926400 0 0 0 0
1347840000 0 0 0 0
1347753600 0 0 0 0
1347667200 0 0 0 0
1347580800 0 0 0 0
1347494400 0 0 0 0
1347408000 0 0 0 0
1347321600 0 0 0 0
1347235200 0 0 0 0
1347148800 0 0 0 0
1347062400 0 0 0 0
1346976000 0 0 0 0
1346889600 0 0 0 0
1346803200 0 0 0 0
1346716800 0 0 0 0
1346630400 0 0 0 0
1346544000 0 0 0 0
1346457600 0 0 0 0
