99.03.14 12:51 B f:\mirror1\d\city\baibian.c --> www1.yn.cninfo.net /mudcctx/mudlib/d/city baibian.c
99.03.14 12:51 B f:\mirror1\d\city\beidajie1.c --> www1.yn.cninfo.net /mudcctx/mudlib/d/city beidajie1.c
99.03.14 12:51 B f:\mirror1\d\city\beidajie2.c --> www1.yn.cninfo.net /mudcctx/mudlib/d/city beidajie2.c
99.03.14 12:51 B f:\mirror1\d\city\beimen.c --> www1.yn.cninfo.net /mudcctx/mudlib/d/city beimen.c
99.03.14 12:51 B f:\mirror1\d\city\biaoju.c --> www1.yn.cninfo.net /mudcctx/mudlib/d/city biaoju.c
99.03.14 12:51 B f:\mirror1\d\city\bingqiku.c --> www1.yn.cninfo.net /mudcctx/mudlib/d/city bingqiku.c
99.03.14 12:51 B f:\mirror1\d\city\bingyin.c --> www1.yn.cninfo.net /mudcctx/mudlib/d/city bingyin.c
99.03.14 12:51 B f:\mirror1\d\city\bingyindamen.c --> www1.yn.cninfo.net /mudcctx/mudlib/d/city bingyindamen.c
99.03.14 12:51 B f:\mirror1\d\city\caizhu.c --> www1.yn.cninfo.net /mudcctx/mudlib/d/city caizhu.c
99.03.14 12:51 B f:\mirror1\d\city\cangku.c --> www1.yn.cninfo.net /mudcctx/mudlib/d/city cangku.c
99.03.14 12:51 B f:\mirror1\d\city\chaguan.c --> www1.yn.cninfo.net /mudcctx/mudlib/d/city chaguan.c
99.03.14 12:51 B f:\mirror1\d\city\damo.c --> www1.yn.cninfo.net /mudcctx/mudlib/d/city damo.c
99.03.14 12:52 B f:\mirror1\d\city\dangpu.c --> www1.yn.cninfo.net /mudcctx/mudlib/d/city dangpu.c
99.03.14 12:52 B f:\mirror1\d\city\datiepu.c --> www1.yn.cninfo.net /mudcctx/mudlib/d/city datiepu.c
99.03.14 12:52 B f:\mirror1\d\city\dayuan.c --> www1.yn.cninfo.net /mudcctx/mudlib/d/city dayuan.c
99.03.14 12:52 B f:\mirror1\d\city\dongdajie1.c --> www1.yn.cninfo.net /mudcctx/mudlib/d/city dongdajie1.c
99.03.14 12:52 B f:\mirror1\d\city\dongdajie2.c --> www1.yn.cninfo.net /mudcctx/mudlib/d/city dongdajie2.c
99.03.14 12:52 B f:\mirror1\d\city\dongmen.c --> www1.yn.cninfo.net /mudcctx/mudlib/d/city dongmen.c
99.03.14 12:52 B f:\mirror1\d\city\dongting.c --> www1.yn.cninfo.net /mudcctx/mudlib/d/city dongting.c
99.03.14 12:52 B f:\mirror1\d\city\dongxiang.c --> www1.yn.cninfo.net /mudcctx/mudlib/d/city dongxiang.c
99.03.14 12:52 B f:\mirror1\d\city\duchang.c --> www1.yn.cninfo.net /mudcctx/mudlib/d/city duchang.c
99.03.14 12:52 B f:\mirror1\d\city\duchang2.c --> www1.yn.cninfo.net /mudcctx/mudlib/d/city duchang2.c
99.03.14 12:52 B f:\mirror1\d\city\duchuan.c --> www1.yn.cninfo.net /mudcctx/mudlib/d/city duchuan.c
99.03.14 12:52 B f:\mirror1\d\city\gbandao.c --> www1.yn.cninfo.net /mudcctx/mudlib/d/city gbandao.c
99.03.14 12:52 B f:\mirror1\d\city\gbxiaowu.c --> www1.yn.cninfo.net /mudcctx/mudlib/d/city gbxiaowu.c
99.03.14 12:52 B f:\mirror1\d\city\guangchang.c --> www1.yn.cninfo.net /mudcctx/mudlib/d/city guangchang.c
99.03.14 12:52 B f:\mirror1\d\city\hanshui1.c --> www1.yn.cninfo.net /mudcctx/mudlib/d/city hanshui1.c
99.03.14 12:52 B f:\mirror1\d\city\hanshui2.c --> www1.yn.cninfo.net /mudcctx/mudlib/d/city hanshui2.c
99.03.14 12:52 B f:\mirror1\d\city\houyuan.c --> www1.yn.cninfo.net /mudcctx/mudlib/d/city houyuan.c
99.03.14 12:52 B f:\mirror1\d\city\kedian.c --> www1.yn.cninfo.net /mudcctx/mudlib/d/city kedian.c
99.03.14 12:52 B f:\mirror1\d\city\kedian2.c --> www1.yn.cninfo.net /mudcctx/mudlib/d/city kedian2.c
99.03.14 12:55 B f:\mirror1\d\city\kedian3.c --> www1.yn.cninfo.net /mudcctx/mudlib/d/city kedian3.c
99.03.14 12:55 B f:\mirror1\d\city\library.c --> www1.yn.cninfo.net /mudcctx/mudlib/d/city library.c
99.03.14 12:55 B f:\mirror1\d\city\lichunyuan.c --> www1.yn.cninfo.net /mudcctx/mudlib/d/city lichunyuan.c
99.03.14 12:55 B f:\mirror1\d\city\mishi.c --> www1.yn.cninfo.net /mudcctx/mudlib/d/city mishi.c
99.03.14 12:55 B f:\mirror1\d\city\ml1.c --> www1.yn.cninfo.net /mudcctx/mudlib/d/city ml1.c
99.03.14 12:55 B f:\mirror1\d\city\ml2.c --> www1.yn.cninfo.net /mudcctx/mudlib/d/city ml2.c
99.03.14 12:55 B f:\mirror1\d\city\ml3.c --> www1.yn.cninfo.net /mudcctx/mudlib/d/city ml3.c
99.03.14 12:55 B f:\mirror1\d\city\ml4.c --> www1.yn.cninfo.net /mudcctx/mudlib/d/city ml4.c
99.03.14 12:55 B f:\mirror1\d\city\ml5.c --> www1.yn.cninfo.net /mudcctx/mudlib/d/city ml5.c
99.03.14 12:55 B f:\mirror1\d\city\ml6.c --> www1.yn.cninfo.net /mudcctx/mudlib/d/city ml6.c
99.03.14 12:55 B f:\mirror1\d\city\ml7.c --> www1.yn.cninfo.net /mudcctx/mudlib/d/city ml7.c
99.03.14 12:55 B f:\mirror1\d\city\nandajie1.c --> www1.yn.cninfo.net /mudcctx/mudlib/d/city nandajie1.c
99.03.14 12:55 B f:\mirror1\d\city\nandajie2.c --> www1.yn.cninfo.net /mudcctx/mudlib/d/city nandajie2.c
99.03.14 12:55 B f:\mirror1\d\city\nanmen.c --> www1.yn.cninfo.net /mudcctx/mudlib/d/city nanmen.c
99.03.14 12:55 B f:\mirror1\d\city\neizhai.c --> www1.yn.cninfo.net /mudcctx/mudlib/d/city neizhai.c
99.03.14 12:55 B f:\mirror1\d\city\pomiao.c --> www1.yn.cninfo.net /mudcctx/mudlib/d/city pomiao.c
99.03.14 12:55 B f:\mirror1\d\city\qianzhuang.c --> www1.yn.cninfo.net /mudcctx/mudlib/d/city qianzhuang.c
99.03.14 12:55 B f:\mirror1\d\city\quanzhou.c --> www1.yn.cninfo.net /mudcctx/mudlib/d/city quanzhou.c
99.03.14 12:55 B f:\mirror1\d\city\shaolin.c --> www1.yn.cninfo.net /mudcctx/mudlib/d/city shaolin.c
99.03.14 12:55 B f:\mirror1\d\city\shenlong.c --> www1.yn.cninfo.net /mudcctx/mudlib/d/city shenlong.c
99.03.14 12:55 B f:\mirror1\d\city\shuyuan.c --> www1.yn.cninfo.net /mudcctx/mudlib/d/city shuyuan.c
99.03.14 12:55 B f:\mirror1\d\city\tianshan.c --> www1.yn.cninfo.net /mudcctx/mudlib/d/city tianshan.c
99.03.14 12:55 B f:\mirror1\d\city\tyroad2.c --> www1.yn.cninfo.net /mudcctx/mudlib/d/city tyroad2.c
99.03.14 12:56 B f:\mirror1\d\city\wudang.c --> www1.yn.cninfo.net /mudcctx/mudlib/d/city wudang.c
99.03.14 12:56 B f:\mirror1\d\city\wumiao.c --> www1.yn.cninfo.net /mudcctx/mudlib/d/city wumiao.c
99.03.14 12:56 B f:\mirror1\d\city\xidajie1.c --> www1.yn.cninfo.net /mudcctx/mudlib/d/city xidajie1.c
99.03.14 12:56 B f:\mirror1\d\city\xidajie2.c --> www1.yn.cninfo.net /mudcctx/mudlib/d/city xidajie2.c
99.03.14 12:56 B f:\mirror1\d\city\ximen.c --> www1.yn.cninfo.net /mudcctx/mudlib/d/city ximen.c
99.03.14 12:56 B f:\mirror1\d\city\xiting.c --> www1.yn.cninfo.net /mudcctx/mudlib/d/city xiting.c
99.03.14 12:56 B f:\mirror1\d\city\xixiang.c --> www1.yn.cninfo.net /mudcctx/mudlib/d/city xixiang.c
99.03.14 12:56 B f:\mirror1\d\city\xxci1.c --> www1.yn.cninfo.net /mudcctx/mudlib/d/city xxci1.c
99.03.14 12:56 B f:\mirror1\d\city\xxci2.c --> www1.yn.cninfo.net /mudcctx/mudlib/d/city xxci2.c
99.03.14 12:56 B f:\mirror1\d\city\xxci3.c --> www1.yn.cninfo.net /mudcctx/mudlib/d/city xxci3.c
99.03.14 12:56 B f:\mirror1\d\city\yamen.c --> www1.yn.cninfo.net /mudcctx/mudlib/d/city yamen.c
99.03.14 12:56 B f:\mirror1\d\city\yangliudao.c --> www1.yn.cninfo.net /mudcctx/mudlib/d/city yangliudao.c
99.03.14 12:56 B f:\mirror1\d\city\yangliudao1.c --> www1.yn.cninfo.net /mudcctx/mudlib/d/city yangliudao1.c
99.03.14 12:56 B f:\mirror1\d\city\yangliudao2.c --> www1.yn.cninfo.net /mudcctx/mudlib/d/city yangliudao2.c
99.03.14 12:56 B f:\mirror1\d\city\yangliudao3.c --> www1.yn.cninfo.net /mudcctx/mudlib/d/city yangliudao3.c
99.03.14 12:56 B f:\mirror1\d\city\yaopu.c --> www1.yn.cninfo.net /mudcctx/mudlib/d/city yaopu.c
99.03.14 12:56 B f:\mirror1\d\city\yidao.c --> www1.yn.cninfo.net /mudcctx/mudlib/d/city yidao.c
99.03.14 12:56 B f:\mirror1\d\city\yidao1.c --> www1.yn.cninfo.net /mudcctx/mudlib/d/city yidao1.c
99.03.14 12:56 B f:\mirror1\d\city\yidao2.c --> www1.yn.cninfo.net /mudcctx/mudlib/d/city yidao2.c
99.03.14 12:56 B f:\mirror1\d\city\yidao3.c --> www1.yn.cninfo.net /mudcctx/mudlib/d/city yidao3.c
99.03.14 12:56 B f:\mirror1\d\city\ymzhengting.c --> www1.yn.cninfo.net /mudcctx/mudlib/d/city ymzhengting.c
99.03.14 12:56 B f:\mirror1\d\city\zahuopu.c --> www1.yn.cninfo.net /mudcctx/mudlib/d/city zahuopu.c
99.03.14 12:56 B f:\mirror1\d\city\zhengting.c --> www1.yn.cninfo.net /mudcctx/mudlib/d/city zhengting.c
99.03.14 12:56 B f:\mirror1\d\city\zuixianlou.c --> www1.yn.cninfo.net /mudcctx/mudlib/d/city zuixianlou.c
99.03.14 12:56 B f:\mirror1\d\city\zuixianlou2.c --> www1.yn.cninfo.net /mudcctx/mudlib/d/city zuixianlou2.c
