99.03.14 12:40 B f:\mirror1\d\baituo\npc\obj\baipao.c --> www1.yn.cninfo.net /mudcctx/mudlib/d/baituo/npc/obj baipao.c
99.03.14 12:40 B f:\mirror1\d\baituo\npc\obj\bowl.c --> www1.yn.cninfo.net /mudcctx/mudlib/d/baituo/npc/obj bowl.c
99.03.14 12:40 B f:\mirror1\d\baituo\npc\obj\caomei.c --> www1.yn.cninfo.net /mudcctx/mudlib/d/baituo/npc/obj caomei.c
99.03.14 12:40 B f:\mirror1\d\baituo\npc\obj\chai.c --> www1.yn.cninfo.net /mudcctx/mudlib/d/baituo/npc/obj chai.c
99.03.14 12:40 B f:\mirror1\d\baituo\npc\obj\chaidao.c --> www1.yn.cninfo.net /mudcctx/mudlib/d/baituo/npc/obj chaidao.c
99.03.14 12:40 B f:\mirror1\d\baituo\npc\obj\dadao.c --> www1.yn.cninfo.net /mudcctx/mudlib/d/baituo/npc/obj dadao.c
99.03.14 12:40 B f:\mirror1\d\baituo\npc\obj\jindan.c --> www1.yn.cninfo.net /mudcctx/mudlib/d/baituo/npc/obj jindan.c
99.03.14 12:40 B f:\mirror1\d\baituo\npc\obj\key.c --> www1.yn.cninfo.net /mudcctx/mudlib/d/baituo/npc/obj key.c
99.03.14 12:40 B f:\mirror1\d\baituo\npc\obj\qingdan.c --> www1.yn.cninfo.net /mudcctx/mudlib/d/baituo/npc/obj qingdan.c
99.03.14 12:40 B f:\mirror1\d\baituo\npc\obj\qingpao.c --> www1.yn.cninfo.net /mudcctx/mudlib/d/baituo/npc/obj qingpao.c
99.03.14 12:40 B f:\mirror1\d\baituo\npc\obj\shebian.c --> www1.yn.cninfo.net /mudcctx/mudlib/d/baituo/npc/obj shebian.c
99.03.14 12:40 B f:\mirror1\d\baituo\npc\obj\shedangao.c --> www1.yn.cninfo.net /mudcctx/mudlib/d/baituo/npc/obj shedangao.c
99.03.14 12:40 B f:\mirror1\d\baituo\npc\obj\shepi.c --> www1.yn.cninfo.net /mudcctx/mudlib/d/baituo/npc/obj shepi.c
99.03.14 12:40 B f:\mirror1\d\baituo\npc\obj\sherou.c --> www1.yn.cninfo.net /mudcctx/mudlib/d/baituo/npc/obj sherou.c
99.03.14 12:40 B f:\mirror1\d\baituo\npc\obj\shoe.c --> www1.yn.cninfo.net /mudcctx/mudlib/d/baituo/npc/obj shoe.c
99.03.14 12:40 B f:\mirror1\d\baituo\npc\obj\turou.c --> www1.yn.cninfo.net /mudcctx/mudlib/d/baituo/npc/obj turou.c
99.03.15 19:48 B f:\mirror1\d\baituo\npc\obj\baipao.c --> www1.yn.cninfo.net /mudlab/mudlib/d/baituo/npc/obj baipao.c
99.03.15 19:48 B f:\mirror1\d\baituo\npc\obj\bowl.c --> www1.yn.cninfo.net /mudlab/mudlib/d/baituo/npc/obj bowl.c
99.03.15 19:48 B f:\mirror1\d\baituo\npc\obj\caomei.c --> www1.yn.cninfo.net /mudlab/mudlib/d/baituo/npc/obj caomei.c
99.03.15 19:48 B f:\mirror1\d\baituo\npc\obj\chai.c --> www1.yn.cninfo.net /mudlab/mudlib/d/baituo/npc/obj chai.c
99.03.15 19:48 B f:\mirror1\d\baituo\npc\obj\chaidao.c --> www1.yn.cninfo.net /mudlab/mudlib/d/baituo/npc/obj chaidao.c
99.03.15 19:48 B f:\mirror1\d\baituo\npc\obj\dadao.c --> www1.yn.cninfo.net /mudlab/mudlib/d/baituo/npc/obj dadao.c
99.03.15 19:48 B f:\mirror1\d\baituo\npc\obj\jindan.c --> www1.yn.cninfo.net /mudlab/mudlib/d/baituo/npc/obj jindan.c
99.03.15 19:48 B f:\mirror1\d\baituo\npc\obj\key.c --> www1.yn.cninfo.net /mudlab/mudlib/d/baituo/npc/obj key.c
99.03.15 19:49 B f:\mirror1\d\baituo\npc\obj\qingdan.c --> www1.yn.cninfo.net /mudlab/mudlib/d/baituo/npc/obj qingdan.c
99.03.15 19:49 B f:\mirror1\d\baituo\npc\obj\qingpao.c --> www1.yn.cninfo.net /mudlab/mudlib/d/baituo/npc/obj qingpao.c
99.03.15 19:49 B f:\mirror1\d\baituo\npc\obj\shebian.c --> www1.yn.cninfo.net /mudlab/mudlib/d/baituo/npc/obj shebian.c
99.03.15 19:49 B f:\mirror1\d\baituo\npc\obj\shedangao.c --> www1.yn.cninfo.net /mudlab/mudlib/d/baituo/npc/obj shedangao.c
99.03.15 19:49 B f:\mirror1\d\baituo\npc\obj\shepi.c --> www1.yn.cninfo.net /mudlab/mudlib/d/baituo/npc/obj shepi.c
99.03.15 19:49 B f:\mirror1\d\baituo\npc\obj\sherou.c --> www1.yn.cninfo.net /mudlab/mudlib/d/baituo/npc/obj sherou.c
99.03.15 19:49 B f:\mirror1\d\baituo\npc\obj\shoe.c --> www1.yn.cninfo.net /mudlab/mudlib/d/baituo/npc/obj shoe.c
99.03.15 19:49 B f:\mirror1\d\baituo\npc\obj\turou.c --> www1.yn.cninfo.net /mudlab/mudlib/d/baituo/npc/obj turou.c
99.03.15 19:49 B f:\mirror1\d\baituo\npc\obj\WS_FTP.LOG --> www1.yn.cninfo.net /mudlab/mudlib/d/baituo/npc/obj WS_FTP.LOG
