99.03.14 12:41 B f:\mirror1\d\baituo\obj\baipao.c --> www1.yn.cninfo.net /mudcctx/mudlib/d/baituo/obj baipao.c
99.03.14 12:41 B f:\mirror1\d\baituo\obj\bowl.c --> www1.yn.cninfo.net /mudcctx/mudlib/d/baituo/obj bowl.c
99.03.14 12:41 B f:\mirror1\d\baituo\obj\cake.c --> www1.yn.cninfo.net /mudcctx/mudlib/d/baituo/obj cake.c
99.03.14 12:41 B f:\mirror1\d\baituo\obj\caomei.c --> www1.yn.cninfo.net /mudcctx/mudlib/d/baituo/obj caomei.c
99.03.14 12:41 B f:\mirror1\d\baituo\obj\chai.c --> www1.yn.cninfo.net /mudcctx/mudlib/d/baituo/obj chai.c
99.03.14 12:41 B f:\mirror1\d\baituo\obj\chaidao.c --> www1.yn.cninfo.net /mudcctx/mudlib/d/baituo/obj chaidao.c
99.03.14 12:41 B f:\mirror1\d\baituo\obj\dadao.c --> www1.yn.cninfo.net /mudcctx/mudlib/d/baituo/obj dadao.c
99.03.14 12:41 B f:\mirror1\d\baituo\obj\doujiang.c --> www1.yn.cninfo.net /mudcctx/mudlib/d/baituo/obj doujiang.c
99.03.14 12:41 B f:\mirror1\d\baituo\obj\fen.c --> www1.yn.cninfo.net /mudcctx/mudlib/d/baituo/obj fen.c
99.03.14 12:41 B f:\mirror1\d\baituo\obj\jindan.c --> www1.yn.cninfo.net /mudcctx/mudlib/d/baituo/obj jindan.c
99.03.14 12:41 B f:\mirror1\d\baituo\obj\key.c --> www1.yn.cninfo.net /mudcctx/mudlib/d/baituo/obj key.c
99.03.14 12:41 B f:\mirror1\d\baituo\obj\qingdan.c --> www1.yn.cninfo.net /mudcctx/mudlib/d/baituo/obj qingdan.c
99.03.14 12:41 B f:\mirror1\d\baituo\obj\qingpao.c --> www1.yn.cninfo.net /mudcctx/mudlib/d/baituo/obj qingpao.c
99.03.14 12:41 B f:\mirror1\d\baituo\obj\shebian.c --> www1.yn.cninfo.net /mudcctx/mudlib/d/baituo/obj shebian.c
99.03.14 12:41 B f:\mirror1\d\baituo\obj\shedangao.c --> www1.yn.cninfo.net /mudcctx/mudlib/d/baituo/obj shedangao.c
99.03.14 12:41 B f:\mirror1\d\baituo\obj\shenshe.c --> www1.yn.cninfo.net /mudcctx/mudlib/d/baituo/obj shenshe.c
99.03.14 12:41 B f:\mirror1\d\baituo\obj\shepi.c --> www1.yn.cninfo.net /mudcctx/mudlib/d/baituo/obj shepi.c
99.03.14 12:41 B f:\mirror1\d\baituo\obj\sherou.c --> www1.yn.cninfo.net /mudcctx/mudlib/d/baituo/obj sherou.c
99.03.14 12:41 B f:\mirror1\d\baituo\obj\shoe.c --> www1.yn.cninfo.net /mudcctx/mudlib/d/baituo/obj shoe.c
99.03.14 12:41 B f:\mirror1\d\baituo\obj\turou.c --> www1.yn.cninfo.net /mudcctx/mudlib/d/baituo/obj turou.c
99.03.15 19:53 B f:\mirror1\d\baituo\obj\baipao.c --> www1.yn.cninfo.net /mudlab/mudlib/d/baituo/obj baipao.c
99.03.15 19:53 B f:\mirror1\d\baituo\obj\bowl.c --> www1.yn.cninfo.net /mudlab/mudlib/d/baituo/obj bowl.c
99.03.15 19:53 B f:\mirror1\d\baituo\obj\cake.c --> www1.yn.cninfo.net /mudlab/mudlib/d/baituo/obj cake.c
99.03.15 19:53 B f:\mirror1\d\baituo\obj\caomei.c --> www1.yn.cninfo.net /mudlab/mudlib/d/baituo/obj caomei.c
99.03.15 19:53 B f:\mirror1\d\baituo\obj\chai.c --> www1.yn.cninfo.net /mudlab/mudlib/d/baituo/obj chai.c
99.03.15 19:53 B f:\mirror1\d\baituo\obj\chaidao.c --> www1.yn.cninfo.net /mudlab/mudlib/d/baituo/obj chaidao.c
99.03.15 19:53 B f:\mirror1\d\baituo\obj\dadao.c --> www1.yn.cninfo.net /mudlab/mudlib/d/baituo/obj dadao.c
99.03.15 19:53 B f:\mirror1\d\baituo\obj\doujiang.c --> www1.yn.cninfo.net /mudlab/mudlib/d/baituo/obj doujiang.c
99.03.15 19:53 B f:\mirror1\d\baituo\obj\fen.c --> www1.yn.cninfo.net /mudlab/mudlib/d/baituo/obj fen.c
99.03.15 19:53 B f:\mirror1\d\baituo\obj\jindan.c --> www1.yn.cninfo.net /mudlab/mudlib/d/baituo/obj jindan.c
99.03.15 19:53 B f:\mirror1\d\baituo\obj\key.c --> www1.yn.cninfo.net /mudlab/mudlib/d/baituo/obj key.c
99.03.15 19:53 B f:\mirror1\d\baituo\obj\qingdan.c --> www1.yn.cninfo.net /mudlab/mudlib/d/baituo/obj qingdan.c
99.03.15 19:53 B f:\mirror1\d\baituo\obj\qingpao.c --> www1.yn.cninfo.net /mudlab/mudlib/d/baituo/obj qingpao.c
99.03.15 19:53 B f:\mirror1\d\baituo\obj\shebian.c --> www1.yn.cninfo.net /mudlab/mudlib/d/baituo/obj shebian.c
99.03.15 19:53 B f:\mirror1\d\baituo\obj\shedangao.c --> www1.yn.cninfo.net /mudlab/mudlib/d/baituo/obj shedangao.c
99.03.15 19:53 B f:\mirror1\d\baituo\obj\shenshe.c --> www1.yn.cninfo.net /mudlab/mudlib/d/baituo/obj shenshe.c
99.03.15 19:53 B f:\mirror1\d\baituo\obj\shepi.c --> www1.yn.cninfo.net /mudlab/mudlib/d/baituo/obj shepi.c
99.03.15 19:53 B f:\mirror1\d\baituo\obj\sherou.c --> www1.yn.cninfo.net /mudlab/mudlib/d/baituo/obj sherou.c
99.03.15 19:53 B f:\mirror1\d\baituo\obj\shoe.c --> www1.yn.cninfo.net /mudlab/mudlib/d/baituo/obj shoe.c
99.03.15 19:53 B f:\mirror1\d\baituo\obj\turou.c --> www1.yn.cninfo.net /mudlab/mudlib/d/baituo/obj turou.c
99.03.15 19:53 B f:\mirror1\d\baituo\obj\WS_FTP.LOG --> www1.yn.cninfo.net /mudlab/mudlib/d/baituo/obj WS_FTP.LOG
