99.03.14 12:45 B f:\mirror1\d\chengdu\baguazhen1.c --> www1.yn.cninfo.net /mudcctx/mudlib/d/chengdu baguazhen1.c
99.03.14 12:45 B f:\mirror1\d\chengdu\baguazhen10.c --> www1.yn.cninfo.net /mudcctx/mudlib/d/chengdu baguazhen10.c
99.03.14 12:45 B f:\mirror1\d\chengdu\baguazhen11.c --> www1.yn.cninfo.net /mudcctx/mudlib/d/chengdu baguazhen11.c
99.03.14 12:45 B f:\mirror1\d\chengdu\baguazhen12.c --> www1.yn.cninfo.net /mudcctx/mudlib/d/chengdu baguazhen12.c
99.03.14 12:45 B f:\mirror1\d\chengdu\baguazhen13.c --> www1.yn.cninfo.net /mudcctx/mudlib/d/chengdu baguazhen13.c
99.03.14 12:45 B f:\mirror1\d\chengdu\baguazhen2.c --> www1.yn.cninfo.net /mudcctx/mudlib/d/chengdu baguazhen2.c
99.03.14 12:45 B f:\mirror1\d\chengdu\baguazhen3.c --> www1.yn.cninfo.net /mudcctx/mudlib/d/chengdu baguazhen3.c
99.03.14 12:45 B f:\mirror1\d\chengdu\baguazhen4.c --> www1.yn.cninfo.net /mudcctx/mudlib/d/chengdu baguazhen4.c
99.03.14 12:45 B f:\mirror1\d\chengdu\baguazhen5.c --> www1.yn.cninfo.net /mudcctx/mudlib/d/chengdu baguazhen5.c
99.03.14 12:45 B f:\mirror1\d\chengdu\baguazhen6.c --> www1.yn.cninfo.net /mudcctx/mudlib/d/chengdu baguazhen6.c
99.03.14 12:45 B f:\mirror1\d\chengdu\baguazhen7.c --> www1.yn.cninfo.net /mudcctx/mudlib/d/chengdu baguazhen7.c
99.03.14 12:45 B f:\mirror1\d\chengdu\baguazhen8.c --> www1.yn.cninfo.net /mudcctx/mudlib/d/chengdu baguazhen8.c
99.03.14 12:45 B f:\mirror1\d\chengdu\baguazhen9.c --> www1.yn.cninfo.net /mudcctx/mudlib/d/chengdu baguazhen9.c
99.03.14 12:45 B f:\mirror1\d\chengdu\baidicheng.c --> www1.yn.cninfo.net /mudcctx/mudlib/d/chengdu baidicheng.c
99.03.14 12:45 B f:\mirror1\d\chengdu\beidajie1.c --> www1.yn.cninfo.net /mudcctx/mudlib/d/chengdu beidajie1.c
99.03.14 12:45 B f:\mirror1\d\chengdu\beidajie2.c --> www1.yn.cninfo.net /mudcctx/mudlib/d/chengdu beidajie2.c
99.03.14 12:45 B f:\mirror1\d\chengdu\beidajie3.c --> www1.yn.cninfo.net /mudcctx/mudlib/d/chengdu beidajie3.c
99.03.14 12:45 B f:\mirror1\d\chengdu\beijie.c --> www1.yn.cninfo.net /mudcctx/mudlib/d/chengdu beijie.c
99.03.14 12:45 B f:\mirror1\d\chengdu\beijie1.c --> www1.yn.cninfo.net /mudcctx/mudlib/d/chengdu beijie1.c
99.03.14 12:45 B f:\mirror1\d\chengdu\beimen.c --> www1.yn.cninfo.net /mudcctx/mudlib/d/chengdu beimen.c
99.03.14 12:45 B f:\mirror1\d\chengdu\biaoju.c --> www1.yn.cninfo.net /mudcctx/mudlib/d/chengdu biaoju.c
99.03.14 12:45 B f:\mirror1\d\chengdu\caodi.c --> www1.yn.cninfo.net /mudcctx/mudlib/d/chengdu caodi.c
99.03.14 12:45 B f:\mirror1\d\chengdu\cdbeimen.c --> www1.yn.cninfo.net /mudcctx/mudlib/d/chengdu cdbeimen.c
99.03.14 12:45 B f:\mirror1\d\chengdu\cddongmen.c --> www1.yn.cninfo.net /mudcctx/mudlib/d/chengdu cddongmen.c
99.03.14 12:45 B f:\mirror1\d\chengdu\chaguan.c --> www1.yn.cninfo.net /mudcctx/mudlib/d/chengdu chaguan.c
99.03.14 12:45 B f:\mirror1\d\chengdu\changjiang1.c --> www1.yn.cninfo.net /mudcctx/mudlib/d/chengdu changjiang1.c
99.03.14 12:45 B f:\mirror1\d\chengdu\changjiang2.c --> www1.yn.cninfo.net /mudcctx/mudlib/d/chengdu changjiang2.c
99.03.14 12:45 B f:\mirror1\d\chengdu\changjiang3.c --> www1.yn.cninfo.net /mudcctx/mudlib/d/chengdu changjiang3.c
99.03.14 12:45 B f:\mirror1\d\chengdu\changjiang4.c --> www1.yn.cninfo.net /mudcctx/mudlib/d/chengdu changjiang4.c
99.03.14 12:45 B f:\mirror1\d\chengdu\chatin.c --> www1.yn.cninfo.net /mudcctx/mudlib/d/chengdu chatin.c
99.03.14 12:45 B f:\mirror1\d\chengdu\cuifangyuan.c --> www1.yn.cninfo.net /mudcctx/mudlib/d/chengdu cuifangyuan.c
99.03.14 12:45 B f:\mirror1\d\chengdu\dongdajie1.c --> www1.yn.cninfo.net /mudcctx/mudlib/d/chengdu dongdajie1.c
99.03.14 12:45 B f:\mirror1\d\chengdu\dongdajie2.c --> www1.yn.cninfo.net /mudcctx/mudlib/d/chengdu dongdajie2.c
99.03.14 12:45 B f:\mirror1\d\chengdu\dongdajie3.c --> www1.yn.cninfo.net /mudcctx/mudlib/d/chengdu dongdajie3.c
99.03.14 12:45 B f:\mirror1\d\chengdu\dongjie.c --> www1.yn.cninfo.net /mudcctx/mudlib/d/chengdu dongjie.c
99.03.14 12:45 B f:\mirror1\d\chengdu\dongjie1.c --> www1.yn.cninfo.net /mudcctx/mudlib/d/chengdu dongjie1.c
99.03.14 12:45 B f:\mirror1\d\chengdu\dongmen.c --> www1.yn.cninfo.net /mudcctx/mudlib/d/chengdu dongmen.c
99.03.14 12:45 B f:\mirror1\d\chengdu\dukou.c --> www1.yn.cninfo.net /mudcctx/mudlib/d/chengdu dukou.c
99.03.14 12:45 B f:\mirror1\d\chengdu\guandimiao.c --> www1.yn.cninfo.net /mudcctx/mudlib/d/chengdu guandimiao.c
99.03.14 12:45 B f:\mirror1\d\chengdu\guangchang.c --> www1.yn.cninfo.net /mudcctx/mudlib/d/chengdu guangchang.c
99.03.14 12:45 B f:\mirror1\d\chengdu\huayuan.c --> www1.yn.cninfo.net /mudcctx/mudlib/d/chengdu huayuan.c
99.03.14 12:45 B f:\mirror1\d\chengdu\jinpu.c --> www1.yn.cninfo.net /mudcctx/mudlib/d/chengdu jinpu.c
99.03.14 12:45 B f:\mirror1\d\chengdu\kaiyuan.c --> www1.yn.cninfo.net /mudcctx/mudlib/d/chengdu kaiyuan.c
99.03.14 12:45 B f:\mirror1\d\chengdu\mafudamen.c --> www1.yn.cninfo.net /mudcctx/mudlib/d/chengdu mafudamen.c
99.03.14 12:45 B f:\mirror1\d\chengdu\mafuroom1.c --> www1.yn.cninfo.net /mudcctx/mudlib/d/chengdu mafuroom1.c
99.03.14 12:45 B f:\mirror1\d\chengdu\mafuroom2.c --> www1.yn.cninfo.net /mudcctx/mudlib/d/chengdu mafuroom2.c
99.03.14 12:45 B f:\mirror1\d\chengdu\mafuroom3.c --> www1.yn.cninfo.net /mudcctx/mudlib/d/chengdu mafuroom3.c
99.03.14 12:45 B f:\mirror1\d\chengdu\mafuyuan.c --> www1.yn.cninfo.net /mudcctx/mudlib/d/chengdu mafuyuan.c
99.03.14 12:45 B f:\mirror1\d\chengdu\minju1.c --> www1.yn.cninfo.net /mudcctx/mudlib/d/chengdu minju1.c
99.03.14 12:45 B f:\mirror1\d\chengdu\minju2.c --> www1.yn.cninfo.net /mudcctx/mudlib/d/chengdu minju2.c
99.03.14 12:45 B f:\mirror1\d\chengdu\mipu.c --> www1.yn.cninfo.net /mudcctx/mudlib/d/chengdu mipu.c
99.03.14 12:45 B f:\mirror1\d\chengdu\nandajie1.c --> www1.yn.cninfo.net /mudcctx/mudlib/d/chengdu nandajie1.c
99.03.14 12:45 B f:\mirror1\d\chengdu\nandajie2.c --> www1.yn.cninfo.net /mudcctx/mudlib/d/chengdu nandajie2.c
99.03.14 12:45 B f:\mirror1\d\chengdu\nandajie3.c --> www1.yn.cninfo.net /mudcctx/mudlib/d/chengdu nandajie3.c
99.03.14 12:45 B f:\mirror1\d\chengdu\nanmen.c --> www1.yn.cninfo.net /mudcctx/mudlib/d/chengdu nanmen.c
99.03.14 12:45 B f:\mirror1\d\chengdu\niufudamen.c --> www1.yn.cninfo.net /mudcctx/mudlib/d/chengdu niufudamen.c
99.03.14 12:45 B f:\mirror1\d\chengdu\niufuhouyuan.c --> www1.yn.cninfo.net /mudcctx/mudlib/d/chengdu niufuhouyuan.c
99.03.14 12:45 B f:\mirror1\d\chengdu\niufuroom1.c --> www1.yn.cninfo.net /mudcctx/mudlib/d/chengdu niufuroom1.c
99.03.14 12:45 B f:\mirror1\d\chengdu\niufuroom2.c --> www1.yn.cninfo.net /mudcctx/mudlib/d/chengdu niufuroom2.c
99.03.14 12:45 B f:\mirror1\d\chengdu\niufuroom3.c --> www1.yn.cninfo.net /mudcctx/mudlib/d/chengdu niufuroom3.c
99.03.14 12:45 B f:\mirror1\d\chengdu\niufuyuan.c --> www1.yn.cninfo.net /mudcctx/mudlib/d/chengdu niufuyuan.c
99.03.14 12:45 B f:\mirror1\d\chengdu\nroad1.c --> www1.yn.cninfo.net /mudcctx/mudlib/d/chengdu nroad1.c
99.03.14 12:45 B f:\mirror1\d\chengdu\nroad2.c --> www1.yn.cninfo.net /mudcctx/mudlib/d/chengdu nroad2.c
99.03.14 12:45 B f:\mirror1\d\chengdu\nroad3.c --> www1.yn.cninfo.net /mudcctx/mudlib/d/chengdu nroad3.c
99.03.14 12:45 B f:\mirror1\d\chengdu\nroad6.c --> www1.yn.cninfo.net /mudcctx/mudlib/d/chengdu nroad6.c
99.03.14 12:45 B f:\mirror1\d\chengdu\nroad8.c --> www1.yn.cninfo.net /mudcctx/mudlib/d/chengdu nroad8.c
99.03.14 12:45 B f:\mirror1\d\chengdu\nroad9.c --> www1.yn.cninfo.net /mudcctx/mudlib/d/chengdu nroad9.c
99.03.14 12:45 B f:\mirror1\d\chengdu\pinminju1.c --> www1.yn.cninfo.net /mudcctx/mudlib/d/chengdu pinminju1.c
99.03.14 12:45 B f:\mirror1\d\chengdu\pinminju2.c --> www1.yn.cninfo.net /mudcctx/mudlib/d/chengdu pinminju2.c
99.03.14 12:45 B f:\mirror1\d\chengdu\qingle1.c --> www1.yn.cninfo.net /mudcctx/mudlib/d/chengdu qingle1.c
99.03.14 12:45 B f:\mirror1\d\chengdu\qingle2.c --> www1.yn.cninfo.net /mudcctx/mudlib/d/chengdu qingle2.c
99.03.14 12:45 B f:\mirror1\d\chengdu\qingle3.c --> www1.yn.cninfo.net /mudcctx/mudlib/d/chengdu qingle3.c
99.03.14 12:45 B f:\mirror1\d\chengdu\qingle4.c --> www1.yn.cninfo.net /mudcctx/mudlib/d/chengdu qingle4.c
99.03.14 12:45 B f:\mirror1\d\chengdu\road.c --> www1.yn.cninfo.net /mudcctx/mudlib/d/chengdu road.c
99.03.14 12:45 B f:\mirror1\d\chengdu\road1.c --> www1.yn.cninfo.net /mudcctx/mudlib/d/chengdu road1.c
99.03.14 12:45 B f:\mirror1\d\chengdu\road2.c --> www1.yn.cninfo.net /mudcctx/mudlib/d/chengdu road2.c
99.03.14 12:45 B f:\mirror1\d\chengdu\road3.c --> www1.yn.cninfo.net /mudcctx/mudlib/d/chengdu road3.c
99.03.14 12:45 B f:\mirror1\d\chengdu\road4.c --> www1.yn.cninfo.net /mudcctx/mudlib/d/chengdu road4.c
99.03.14 12:45 B f:\mirror1\d\chengdu\road5.c --> www1.yn.cninfo.net /mudcctx/mudlib/d/chengdu road5.c
99.03.14 12:45 B f:\mirror1\d\chengdu\san1.c --> www1.yn.cninfo.net /mudcctx/mudlib/d/chengdu san1.c
99.03.14 12:45 B f:\mirror1\d\chengdu\san3.c --> www1.yn.cninfo.net /mudcctx/mudlib/d/chengdu san3.c
99.03.14 12:45 B f:\mirror1\d\chengdu\san5.c --> www1.yn.cninfo.net /mudcctx/mudlib/d/chengdu san5.c
99.03.14 12:45 B f:\mirror1\d\chengdu\san6.c --> www1.yn.cninfo.net /mudcctx/mudlib/d/chengdu san6.c
99.03.14 12:45 B f:\mirror1\d\chengdu\san7.c --> www1.yn.cninfo.net /mudcctx/mudlib/d/chengdu san7.c
99.03.14 12:45 B f:\mirror1\d\chengdu\sanjiao.c --> www1.yn.cninfo.net /mudcctx/mudlib/d/chengdu sanjiao.c
99.03.14 12:45 B f:\mirror1\d\chengdu\sanxia1.c --> www1.yn.cninfo.net /mudcctx/mudlib/d/chengdu sanxia1.c
99.03.14 12:45 B f:\mirror1\d\chengdu\sanxia2.c --> www1.yn.cninfo.net /mudcctx/mudlib/d/chengdu sanxia2.c
99.03.14 12:45 B f:\mirror1\d\chengdu\sanxia3.c --> www1.yn.cninfo.net /mudcctx/mudlib/d/chengdu sanxia3.c
99.03.14 12:45 B f:\mirror1\d\chengdu\shudao1.c --> www1.yn.cninfo.net /mudcctx/mudlib/d/chengdu shudao1.c
99.03.14 12:45 B f:\mirror1\d\chengdu\shudao10.c --> www1.yn.cninfo.net /mudcctx/mudlib/d/chengdu shudao10.c
99.03.14 12:45 B f:\mirror1\d\chengdu\shudao11.c --> www1.yn.cninfo.net /mudcctx/mudlib/d/chengdu shudao11.c
99.03.14 12:45 B f:\mirror1\d\chengdu\shudao12.c --> www1.yn.cninfo.net /mudcctx/mudlib/d/chengdu shudao12.c
99.03.14 12:45 B f:\mirror1\d\chengdu\shudao13.c --> www1.yn.cninfo.net /mudcctx/mudlib/d/chengdu shudao13.c
99.03.14 12:45 B f:\mirror1\d\chengdu\shudao14.c --> www1.yn.cninfo.net /mudcctx/mudlib/d/chengdu shudao14.c
99.03.14 12:45 B f:\mirror1\d\chengdu\shudao15.c --> www1.yn.cninfo.net /mudcctx/mudlib/d/chengdu shudao15.c
99.03.14 12:45 B f:\mirror1\d\chengdu\shudao16.c --> www1.yn.cninfo.net /mudcctx/mudlib/d/chengdu shudao16.c
99.03.14 12:45 B f:\mirror1\d\chengdu\shudao17.c --> www1.yn.cninfo.net /mudcctx/mudlib/d/chengdu shudao17.c
99.03.14 12:45 B f:\mirror1\d\chengdu\shudao18.c --> www1.yn.cninfo.net /mudcctx/mudlib/d/chengdu shudao18.c
99.03.14 12:45 B f:\mirror1\d\chengdu\shudao19.c --> www1.yn.cninfo.net /mudcctx/mudlib/d/chengdu shudao19.c
99.03.14 12:45 B f:\mirror1\d\chengdu\shudao2.c --> www1.yn.cninfo.net /mudcctx/mudlib/d/chengdu shudao2.c
99.03.14 12:45 B f:\mirror1\d\chengdu\shudao3.c --> www1.yn.cninfo.net /mudcctx/mudlib/d/chengdu shudao3.c
99.03.14 12:45 B f:\mirror1\d\chengdu\shudao4.c --> www1.yn.cninfo.net /mudcctx/mudlib/d/chengdu shudao4.c
99.03.14 12:45 B f:\mirror1\d\chengdu\shudao5.c --> www1.yn.cninfo.net /mudcctx/mudlib/d/chengdu shudao5.c
99.03.14 12:45 B f:\mirror1\d\chengdu\shudao6.c --> www1.yn.cninfo.net /mudcctx/mudlib/d/chengdu shudao6.c
99.03.14 12:45 B f:\mirror1\d\chengdu\shudao7.c --> www1.yn.cninfo.net /mudcctx/mudlib/d/chengdu shudao7.c
99.03.14 12:45 B f:\mirror1\d\chengdu\shudao8.c --> www1.yn.cninfo.net /mudcctx/mudlib/d/chengdu shudao8.c
99.03.14 12:45 B f:\mirror1\d\chengdu\shudao9.c --> www1.yn.cninfo.net /mudcctx/mudlib/d/chengdu shudao9.c
99.03.14 12:45 B f:\mirror1\d\chengdu\shuyuan.c --> www1.yn.cninfo.net /mudcctx/mudlib/d/chengdu shuyuan.c
99.03.14 12:45 B f:\mirror1\d\chengdu\tiejiangpu.c --> www1.yn.cninfo.net /mudcctx/mudlib/d/chengdu tiejiangpu.c
99.03.14 12:45 B f:\mirror1\d\chengdu\wuhouci.c --> www1.yn.cninfo.net /mudcctx/mudlib/d/chengdu wuhouci.c
99.03.14 12:45 B f:\mirror1\d\chengdu\wuhouci2.c --> www1.yn.cninfo.net /mudcctx/mudlib/d/chengdu wuhouci2.c
99.03.14 12:45 B f:\mirror1\d\chengdu\wuqidian.c --> www1.yn.cninfo.net /mudcctx/mudlib/d/chengdu wuqidian.c
99.03.14 12:45 B f:\mirror1\d\chengdu\xiaodian.c --> www1.yn.cninfo.net /mudcctx/mudlib/d/chengdu xiaodian.c
99.03.14 12:45 B f:\mirror1\d\chengdu\xidajie1.c --> www1.yn.cninfo.net /mudcctx/mudlib/d/chengdu xidajie1.c
99.03.14 12:45 B f:\mirror1\d\chengdu\xidajie2.c --> www1.yn.cninfo.net /mudcctx/mudlib/d/chengdu xidajie2.c
99.03.14 12:45 B f:\mirror1\d\chengdu\xidajie3.c --> www1.yn.cninfo.net /mudcctx/mudlib/d/chengdu xidajie3.c
99.03.14 12:45 B f:\mirror1\d\chengdu\ximen.c --> www1.yn.cninfo.net /mudcctx/mudlib/d/chengdu ximen.c
99.03.14 12:45 B f:\mirror1\d\chengdu\yanbin.c --> www1.yn.cninfo.net /mudcctx/mudlib/d/chengdu yanbin.c
99.03.14 12:45 B f:\mirror1\d\chengdu\yanbin2.c --> www1.yn.cninfo.net /mudcctx/mudlib/d/chengdu yanbin2.c
99.03.14 12:45 B f:\mirror1\d\chengdu\yaopu.c --> www1.yn.cninfo.net /mudcctx/mudlib/d/chengdu yaopu.c
99.03.14 12:45 B f:\mirror1\d\chengdu\yidao1.c --> www1.yn.cninfo.net /mudcctx/mudlib/d/chengdu yidao1.c
99.03.14 12:45 B f:\mirror1\d\chengdu\yidao2.c --> www1.yn.cninfo.net /mudcctx/mudlib/d/chengdu yidao2.c
99.03.14 12:45 B f:\mirror1\d\chengdu\zahuodian.c --> www1.yn.cninfo.net /mudcctx/mudlib/d/chengdu zahuodian.c
99.03.14 12:45 B f:\mirror1\d\chengdu\zhandao1.c --> www1.yn.cninfo.net /mudcctx/mudlib/d/chengdu zhandao1.c
99.03.14 12:45 B f:\mirror1\d\chengdu\zhandao2.c --> www1.yn.cninfo.net /mudcctx/mudlib/d/chengdu zhandao2.c
99.03.14 12:46 B f:\mirror1\d\chengdu\zhandao3.c --> www1.yn.cninfo.net /mudcctx/mudlib/d/chengdu zhandao3.c
99.03.14 12:46 B f:\mirror1\d\chengdu\zhandao4.c --> www1.yn.cninfo.net /mudcctx/mudlib/d/chengdu zhandao4.c
99.03.14 12:46 B f:\mirror1\d\chengdu\zhandao5.c --> www1.yn.cninfo.net /mudcctx/mudlib/d/chengdu zhandao5.c
99.03.14 12:46 B f:\mirror1\d\chengdu\zhandao6.c --> www1.yn.cninfo.net /mudcctx/mudlib/d/chengdu zhandao6.c
99.03.14 12:46 B f:\mirror1\d\chengdu\zhandao7.c --> www1.yn.cninfo.net /mudcctx/mudlib/d/chengdu zhandao7.c
99.03.14 12:46 B f:\mirror1\d\chengdu\zhuangyuan1.c --> www1.yn.cninfo.net /mudcctx/mudlib/d/chengdu zhuangyuan1.c
99.03.14 12:46 B f:\mirror1\d\chengdu\zhuangyuan2.c --> www1.yn.cninfo.net /mudcctx/mudlib/d/chengdu zhuangyuan2.c
99.03.14 12:46 B f:\mirror1\d\chengdu\zugetang.c --> www1.yn.cninfo.net /mudcctx/mudlib/d/chengdu zugetang.c
99.03.15 17:56 B f:\mirror1\d\chengdu\yanbin2.c --> www1.yn.cninfo.net /mudlab/mudlib/d/chengdu yanbin2.c
99.03.15 17:56 B f:\mirror1\d\chengdu\zhuangyuan2.c --> www1.yn.cninfo.net /mudlab/mudlib/d/chengdu zhuangyuan2.c
99.03.15 19:32 B f:\mirror1\d\chengdu\yanbin2.c --> www1.yn.cninfo.net /mudlab/mudlib/d/chengdu yanbin2.c
99.03.15 19:32 B f:\mirror1\d\chengdu\zhuangyuan2.c --> www1.yn.cninfo.net /mudlab/mudlib/d/chengdu zhuangyuan2.c
