2003.06.15 10:15 B F:\login\h\hacker.o <-- www.vmud.com /lonely/mudlib/data/login/h hacker.o
2003.06.15 10:15 B F:\login\h\hahaa.o <-- www.vmud.com /lonely/mudlib/data/login/h hahaa.o
2003.06.15 10:15 B F:\login\h\hahab.o <-- www.vmud.com /lonely/mudlib/data/login/h hahab.o
2003.06.15 10:15 B F:\login\h\hahar.o <-- www.vmud.com /lonely/mudlib/data/login/h hahar.o
2003.06.15 10:15 B F:\login\h\hahasss.o <-- www.vmud.com /lonely/mudlib/data/login/h hahasss.o
2003.06.15 10:15 B F:\login\h\haier.o <-- www.vmud.com /lonely/mudlib/data/login/h haier.o
2003.06.15 10:15 B F:\login\h\haigongong.o <-- www.vmud.com /lonely/mudlib/data/login/h haigongong.o
2003.06.15 10:15 B F:\login\h\haizhizi.o <-- www.vmud.com /lonely/mudlib/data/login/h haizhizi.o
2003.06.15 10:15 B F:\login\h\haka.o <-- www.vmud.com /lonely/mudlib/data/login/h haka.o
2003.06.15 10:15 B F:\login\h\hammer.o <-- www.vmud.com /lonely/mudlib/data/login/h hammer.o
2003.06.15 10:15 B F:\login\h\han.o <-- www.vmud.com /lonely/mudlib/data/login/h han.o
2003.06.15 10:15 B F:\login\h\haner.o <-- www.vmud.com /lonely/mudlib/data/login/h haner.o
2003.06.15 10:15 B F:\login\h\hanxx.o <-- www.vmud.com /lonely/mudlib/data/login/h hanxx.o
2003.06.15 10:15 B F:\login\h\haolp.o <-- www.vmud.com /lonely/mudlib/data/login/h haolp.o
2003.06.15 10:15 B F:\login\h\haomi.o <-- www.vmud.com /lonely/mudlib/data/login/h haomi.o
2003.06.15 10:15 B F:\login\h\happy.o <-- www.vmud.com /lonely/mudlib/data/login/h happy.o
2003.06.15 10:15 B F:\login\h\hatehate.o <-- www.vmud.com /lonely/mudlib/data/login/h hatehate.o
2003.06.15 10:15 B F:\login\h\hateny.o <-- www.vmud.com /lonely/mudlib/data/login/h hateny.o
2003.06.15 10:15 B F:\login\h\haven.o <-- www.vmud.com /lonely/mudlib/data/login/h haven.o
2003.06.15 10:15 B F:\login\h\hayou.o <-- www.vmud.com /lonely/mudlib/data/login/h hayou.o
2003.06.15 10:15 B F:\login\h\hdj.o <-- www.vmud.com /lonely/mudlib/data/login/h hdj.o
2003.06.15 10:15 B F:\login\h\heart.o <-- www.vmud.com /lonely/mudlib/data/login/h heart.o
2003.06.15 10:15 B F:\login\h\heartsay.o <-- www.vmud.com /lonely/mudlib/data/login/h heartsay.o
2003.06.15 10:15 B F:\login\h\heero.o <-- www.vmud.com /lonely/mudlib/data/login/h heero.o
2003.06.15 10:15 B F:\login\h\hehe.o <-- www.vmud.com /lonely/mudlib/data/login/h hehe.o
2003.06.15 10:15 B F:\login\h\hell.o <-- www.vmud.com /lonely/mudlib/data/login/h hell.o
2003.06.15 10:15 B F:\login\h\hem.o <-- www.vmud.com /lonely/mudlib/data/login/h hem.o
2003.06.15 10:15 B F:\login\h\hena.o <-- www.vmud.com /lonely/mudlib/data/login/h hena.o
2003.06.15 10:15 B F:\login\h\henb.o <-- www.vmud.com /lonely/mudlib/data/login/h henb.o
2003.06.15 10:15 B F:\login\h\henc.o <-- www.vmud.com /lonely/mudlib/data/login/h henc.o
2003.06.15 10:15 B F:\login\h\hend.o <-- www.vmud.com /lonely/mudlib/data/login/h hend.o
2003.06.15 10:15 B F:\login\h\hene.o <-- www.vmud.com /lonely/mudlib/data/login/h hene.o
2003.06.15 10:15 B F:\login\h\henf.o <-- www.vmud.com /lonely/mudlib/data/login/h henf.o
2003.06.15 10:15 B F:\login\h\heng.o <-- www.vmud.com /lonely/mudlib/data/login/h heng.o
2003.06.15 10:15 B F:\login\h\henh.o <-- www.vmud.com /lonely/mudlib/data/login/h henh.o
2003.06.15 10:15 B F:\login\h\heni.o <-- www.vmud.com /lonely/mudlib/data/login/h heni.o
2003.06.15 10:15 B F:\login\h\henj.o <-- www.vmud.com /lonely/mudlib/data/login/h henj.o
2003.06.15 10:15 B F:\login\h\hercales.o <-- www.vmud.com /lonely/mudlib/data/login/h hercales.o
2003.06.15 10:15 B F:\login\h\hermit.o <-- www.vmud.com /lonely/mudlib/data/login/h hermit.o
2003.06.15 10:15 B F:\login\h\hero.o <-- www.vmud.com /lonely/mudlib/data/login/h hero.o
2003.06.15 10:15 B F:\login\h\heshang.o <-- www.vmud.com /lonely/mudlib/data/login/h heshang.o
2003.06.15 10:15 B F:\login\h\hhf.o <-- www.vmud.com /lonely/mudlib/data/login/h hhf.o
2003.06.15 10:15 B F:\login\h\hifer.o <-- www.vmud.com /lonely/mudlib/data/login/h hifer.o
2003.06.15 10:15 B F:\login\h\hihi.o <-- www.vmud.com /lonely/mudlib/data/login/h hihi.o
2003.06.15 10:15 B F:\login\h\hilary.o <-- www.vmud.com /lonely/mudlib/data/login/h hilary.o
2003.06.15 10:15 B F:\login\h\hilfei.o <-- www.vmud.com /lonely/mudlib/data/login/h hilfei.o
2003.06.15 10:15 B F:\login\h\hjx.o <-- www.vmud.com /lonely/mudlib/data/login/h hjx.o
2003.06.15 10:15 B F:\login\h\hjxa.o <-- www.vmud.com /lonely/mudlib/data/login/h hjxa.o
2003.06.15 10:15 B F:\login\h\hkman.o <-- www.vmud.com /lonely/mudlib/data/login/h hkman.o
2003.06.15 10:15 B F:\login\h\hmj.o <-- www.vmud.com /lonely/mudlib/data/login/h hmj.o
2003.06.15 10:15 B F:\login\h\hmmm.o <-- www.vmud.com /lonely/mudlib/data/login/h hmmm.o
2003.06.15 10:15 B F:\login\h\holy.o <-- www.vmud.com /lonely/mudlib/data/login/h holy.o
2003.06.15 10:15 B F:\login\h\holyfire.o <-- www.vmud.com /lonely/mudlib/data/login/h holyfire.o
2003.06.15 10:15 B F:\login\h\holyice.o <-- www.vmud.com /lonely/mudlib/data/login/h holyice.o
2003.06.15 10:15 B F:\login\h\holys.o <-- www.vmud.com /lonely/mudlib/data/login/h holys.o
2003.06.15 10:16 B F:\login\h\hong.o <-- www.vmud.com /lonely/mudlib/data/login/h hong.o
2003.06.15 10:16 B F:\login\h\hongdou.o <-- www.vmud.com /lonely/mudlib/data/login/h hongdou.o
2003.06.15 10:16 B F:\login\h\hongye.o <-- www.vmud.com /lonely/mudlib/data/login/h hongye.o
2003.06.15 10:16 B F:\login\h\hook.o <-- www.vmud.com /lonely/mudlib/data/login/h hook.o
2003.06.15 10:16 B F:\login\h\hope.o <-- www.vmud.com /lonely/mudlib/data/login/h hope.o
2003.06.15 10:16 B F:\login\h\hopee.o <-- www.vmud.com /lonely/mudlib/data/login/h hopee.o
2003.06.15 10:16 B F:\login\h\hqahb.o <-- www.vmud.com /lonely/mudlib/data/login/h hqahb.o
2003.06.15 10:16 B F:\login\h\hsbb.o <-- www.vmud.com /lonely/mudlib/data/login/h hsbb.o
2003.06.15 10:16 B F:\login\h\hsl.o <-- www.vmud.com /lonely/mudlib/data/login/h hsl.o
2003.06.15 10:16 B F:\login\h\huashan.o <-- www.vmud.com /lonely/mudlib/data/login/h huashan.o
2003.06.15 10:16 B F:\login\h\huashandz.o <-- www.vmud.com /lonely/mudlib/data/login/h huashandz.o
2003.06.15 10:16 B F:\login\h\huashangg.o <-- www.vmud.com /lonely/mudlib/data/login/h huashangg.o
2003.06.15 10:16 B F:\login\h\huashanid.o <-- www.vmud.com /lonely/mudlib/data/login/h huashanid.o
2003.06.15 10:16 B F:\login\h\huatuo.o <-- www.vmud.com /lonely/mudlib/data/login/h huatuo.o
2003.06.15 10:16 B F:\login\h\hubb.o <-- www.vmud.com /lonely/mudlib/data/login/h hubb.o
2003.06.15 10:16 B F:\login\h\hubert.o <-- www.vmud.com /lonely/mudlib/data/login/h hubert.o
2003.06.15 10:16 B F:\login\h\hugoe.o <-- www.vmud.com /lonely/mudlib/data/login/h hugoe.o
2003.06.15 10:16 B F:\login\h\huizi.o <-- www.vmud.com /lonely/mudlib/data/login/h huizi.o
2003.06.15 10:16 B F:\login\h\hujia.o <-- www.vmud.com /lonely/mudlib/data/login/h hujia.o
2003.06.15 10:16 B F:\login\h\huoer.o <-- www.vmud.com /lonely/mudlib/data/login/h huoer.o
2003.06.15 10:16 B F:\login\h\huy.o <-- www.vmud.com /lonely/mudlib/data/login/h huy.o
2003.06.15 10:16 B F:\login\h\hwj.o <-- www.vmud.com /lonely/mudlib/data/login/h hwj.o
2003.06.15 10:16 B F:\login\h\hxzinue.o <-- www.vmud.com /lonely/mudlib/data/login/h hxzinue.o
2003.06.15 10:16 B F:\login\h\hyg.o <-- www.vmud.com /lonely/mudlib/data/login/h hyg.o
