------------------------------------------------------------------------------
    侠客英雄传主干图（大理城东）
                                            │
                                峨眉山◎─贡嘎山
                                            │
                                          大相岭
                                            │
                                          小相岭
                                            │
                                          西  昌
                                            │
                                          安宁河
                                            │
                                          攀枝花
                                            │
                                          金沙江
                                            │
                                          普渡河
                                            │
    【大  理】◎─大官道─云南驿─龙川江─昆  明
                                            │
                                          石  林
                                            │
                                          抚仙湖─◎无量山
------------------------------------------------------------------------------
By Micro Liang (97-07-01)
