------------------------------------------------------------------------------
    侠客英雄传地图（峨眉山）
                                息心所—观心坡—万年寺
                                ／                  ＼
                            长老坪                  清音阁
                            ／                          ＼
                        初  殿                            广福寺—※神水阁※
                        ／
                    华严顶          ※神水阁※—纯阳殿      
                    ／                            │        
        九岭岗—遇仙寺—※仙人洞※              华严寺—雷音寺  报国寺
          │      │                                        ＼  ／
        钻天坡  仙峰寺—寿星桥                              伏虎寺
          │                                                  │
        洗象池                                          峨眉山脚—※大理城东※
          │                                                    
        连望坡                                               
          │
        雷洞坪
          │
        接引殿
        ／
    太子坪                                      注：
        ＼
        卧云庵                                  大理城东：主 干 图
            ＼
    舍身岩—※金顶※                            金    顶：峨眉剑派
            ／
        千佛顶                                  仙 人 洞：天师山谷
          │                                     
        万佛顶                                 
------------------------------------------------------------------------------
By Micro Liang (97-07-01)
