------------------------------------------------------------------------------
    侠客英雄传地图（昆仑山）
                             ※九天应元府※                ※猕猴谷※
                                    ＼                         │
    ※昆仑台※                      登真石          三叠泉—三折瀑布—五色潭
          ＼                          │            ／
          碧玉岩                    玉京峰      元宝石
              ＼                      │          │
            神仙现指—望峰亭        回音谷      一线天
               │                       ＼      ／
             蹑云岭          众仙拱北斗   观景台            注：
               │                      ＼   │
             金龟石                      出奇藏秀           西  北：主干图
               │                           │
             风雷塔                      天峰瀑布           昆仑台：昆仑派
               │                           │
         ※九天应元府※                   泻玉桥
                                            │
                                          叠翠亭—昆仑山脚—※西  北※
------------------------------------------------------------------------------
By Micro Liang (97-08-01)
