------------------------------------------------------------------------------
    侠客英雄传地图（灵鹫宫）
                                                           石  室
                                                             │
    ※山石小道※                                   石  室—花  园—石  室
         │                                                  │
      缥缈险地                                     西  庑—后  宫—东  阁
         │                                                  │
       迷仙径─落仙石─愁仙门─惊仙道─接天桥              大  殿
                                         │                  │
                                       百丈涧      兵器房—广  场—练功房
                                         │                  │
                                       断命石      膳  房—二  殿—厢  房
                                         │                  │
                                       失足岩      钟  楼—广  场—鼓  楼
                                         │                  │
       回心石—失魂崖—落魄崖—断魂崖—散魄崖              前  殿
         │                                                  │
       一线天                                      东偏殿—广  场—东偏殿
         │                                                  │
       百步梯                                              宫  门
         │                                                  │
       落雁潭                                              广  场
         │                                                  │
      缥缈峰脚─※北京城西※                            ※山石小道※
------------------------------------------------------------------------------
By Micro Liang (97-07-01)
