----------------------------------------------------------------------
    侠客英雄传地形总图                                        冰火岛
                                                            ≈≈▲≈≈
                                                            ≈≈≈≈≈
    灵鹫宫
    △▲△▲白驼山
  ▲ 天山                   黄  河   恒山       【北京】      灵蛇岛
星宿海                  ～～～～～～  ▲  ▲                ≈≈▲≈≈
                      ∫            ∫  黑木崖      ～～    ≈≈≈≈≈
                      ∫            ∫        ～～～
△                                  ～～～～～   ▲泰山
  △▲△△▲光明顶        华山▲    ▲嵩山                    神龙岛
  昆仑山                                                    ≈≈▲≈≈
                  终南山▲                                  ≈≈≈≈≈
                             【侠客城】
                                                【扬州】
                              ▲武当山              ～～      桃花岛
  △【西藏】    峨眉山                        ～～～        ≈≈▲≈≈
    △△△△      ▲  ～～～～～～～～～～～～  ◎燕子坞    ≈≈≈≈≈
                              长    江    
                                    ▲衡山
           【大理】                                           侠客岛
                                          【泉州】    ≈    ≈≈▲≈≈
                  ▲无量山          ≈≈≈≈≈≈≈≈≈≈    ≈≈≈≈≈
----------------------------------------------------------------------
By Micro Liang (97-07-01)