------------------------------------------------------------------------------
    侠客英雄传地图（杭州－梅庄）
                                    后  院
                                      │
                            琴  室—黄钟斋—琴  堂
                                      │
                            棋  室—黑白斋—青松园
                                      │
                            书  房—秃笔斋—洗砚池
                                      │
                            酒  廊—丹青斋—酒  窑
                                      │
                                    花  园
                                      │
                            西厅房—正  厅—东厅房
                                      │
                            西厢房—大  院—东厢房
                                      │
                                   梅庄大门          西  湖
                                      │               │
                            梅  林—梅  林—梅  林—西湖十景—※杭  州※
                                      │               │
                                    梅  林           钱塘江
------------------------------------------------------------------------------
By Micro Liang (97-07-01)
