------------------------------------------------------------------------------
    侠客英雄传地图（泰山－神仙山庄）
                                    后  湖
                                      │                  
                          海岳开襟—摘星楼—方壶胜境
                                      │                  
                            西  湖—长春园—东  湖
                                      │                  
                            仙鹤亭—南  湖—花鹿园
                                      │                  
                          西峰秀色—万春园—山高水长
                                      │                  
                            文源阁—九洲殿—剑池轩
                                      │                  
                           含经堂—庄严法界—思永斋
                                      │                  
                                  正大光明殿
                                      │                  
                            七星岩—广  场—试剑石
                                      │                  
                                    大宫门
                                      │                  
                            百草园—广  场—百草园
                                      │                  
                                百花园（迷宫）
                                      │
                                  ※玉皇顶※
------------------------------------------------------------------------------
By Micro Liang (97-07-01)
