------------------------------------------------------------------------------
    侠客英雄传地图（无量山）
                                             ※石簇擎天※
                                                  │
                                                小石林
                                                  │
             狮子亭—石屏风          石监狱    护林将军
                           ＼      ／  │  ＼    ／
                             落雁峰    │  大步哨山    黄土地—花园—青草坪
                           ／          │                       │     
       石林胜景———望峰亭  灵芝石—凤凰梳翅          青菜园—小房—小松林
         ／              │／                                   │
   ※无量峰※          大石林                            卧室—小厅—卧室
       │                  ＼                                   │
     无量湖—双鸟渡食    象踞石台                        厨房—小院—药房
                 ＼        ／                                   │
                   犀牛望月                                  ※茅屋※
                      │
                    佛像石
                        ＼                             注：
                        望夫石
                          │                           大理城东：  主 干 图
                        观音石                         
                            ＼                         无 量 峰：  逍 遥 派
                ※茅屋※  天鹅远瞩                     
                   │        │                        石簇擎天：  一 灯 居
  ※大理城东※—无量山界—漫步从容
------------------------------------------------------------------------------
By Micro Liang (97-07-01)
