------------------------------------------------------------------------------
    侠客英雄传主干图（西北）
                                      ─※大漠风沙※─戈壁滩（迷宫）─
                                             │
                                           罗布泊
                                             │
    星宿海◎─河流─绿洲─沙漠─沙漠─沙漠─绿洲
                                             │
                                           沼泽地
                                             │
                                           沼泽地
                                             │
                                        大沙漠（迷宫）
                                             │
                                           绿  洲
                                             │
                                           河  流
                                             │
                                           丘  陵
                                             │   
             昆仑山◎─山路─山路─山路─布喀达坂峰─山路─山路─山路─◎光明顶
                                             │   
                                         可可西里山
                                             │
                                           沱沱河
                                             │
                                        祖尔肯乌拉山
                                             │
                                          各拉丹冬
                                             │
                                        ※唐古拉山※─大雪山（迷宫）─
                                             │     
------------------------------------------------------------------------------
By Micro Liang (97-07-01)