------------------------------------------------------------------------------
    侠客英雄传主干图（侠客城东）
                                           ※黄河北岸码头※
        	                             ～～～～～～   
                                             黄河南岸码头 
                        	                  │    
                        	                  │      ◎泰山
                        	                  │    ／
                              	              ※大汶河※
	                                          │
        	                                曲  阜
                	                          │
                        	                南四湖
                                	          │
                                                徐  州
        	                                  │
                       	                        淝  水
	      大  大  大  大  汝  黑  快  黄      │
    侠客城◎─官─官─官─官─  ─松─活─土─※大禹庙※
	      道  道  道  道  南  岗  林  路        ＼
------------------------------------------------------------------------------
By Micro Liang (97-07-01)
