------------------------------------------------------------------------------
    侠客英雄传主干图（侠客城西）
                                      终南山
                                        ◎
                                        │
                                     秦岭山脚
                                        │
                                      荒  野
                                        │
                                      荒  野
    ※                                  │
    唐          通  岷  白  汉  古  荒  古  汉  大  大  大    侠
    古─大雪山─天─  ─龙─  ─战─  ─战─  ─官─官─官─◎客
    拉 （迷宫） 河  山  江  中  场  野  场  水  道  道  道    城
    山              │
    ※            丘  陵
                    │
                  丘  陵
                    │
                  平  原
                    │
                  大金川
                    │
                  小金川
                    │
                  平  原
                    │
                  平  原
                    │
                  大渡河
                    │
                  二郎山
                    │
        峨眉山◎─贡嘎山
                    │
------------------------------------------------------------------------------
By Micro Liang (97-07-01)