------------------------------------------------------------------------------
    侠客英雄传主干图（侠客城南）

                侠客城
                  ◎
                  │
                大官道
                  │
                大官道        ※双清亭※          ◎衡山
                  │                ＼          ／
    武当山◎──丹江口              水府庙    ／
                  │                    ＼  ／
                聚龙山                  回雁峰
                  │                        ＼
                屈原庙                      炎帝陵
                  │                            ＼
             长江北岸码头                       赣  江
             ～～～～～～                           ＼
             长江南岸码头                           武夷山
                  │                                    ＼
                清  江                                  玳瑁山
                  │                                        ＼
                武陵山                                      博平岭
                  │                                            ＼
                沅  江                                          大官道
                  │                                                ＼
                雪峰山                                                ◎
                  │                                                泉州城
                波月洞
                  │
              ※双清亭※
------------------------------------------------------------------------------
By Micro Liang (97-07-01)
