------------------------------------------------------------------------------
    侠客英雄传地图（侠客城）
                                      北城门
                                        │
        小松林─红娘庄─大槐树─驿  站─│─车马店─玉器店─珠宝店─胭脂店
          │      │      │      │    侠    │      │      │      │
        道  观─考  场─百花园─澡  堂─客─茶  馆─小花园─菜  场─瓷器铺
          │      │                    城                    │      │
        斋  院─书  院          镖  局─北─千金楼          肉  场─兵器铺
          │      │                    大                    │      │
        城隍庙─书  店  官  府  神仙楼─街─客  栈  将军府  集  市─杂货铺
    西    │      │      │      │    │    │      │      │      │    东
    城───── 侠客城西大街 ────广  场──── 侠客城东大街 ─────城
    门    │      │      │      │    │    │      │      │      │    门
        讨论室─药  店 侠客园林 钱  庄─侠─当  铺 英雄山庄 工作室─打铁铺
          │      │                    客                    │      │
        比武场─武  馆          富豪院─城─赌  场          百草园─穷人家
          │      │                    南                    │      │
        公  园─小西湖─戏  楼─酒  楼─大─花  店─竹器铺─木器铺─小树林
          │      │      │      │    街    │      │      │      │
        黑松林─飞来峰─裁缝店─布  庄─│─济世堂─青竹林─超渡场─棺材店
                                        │
                                      南城门
------------------------------------------------------------------------------
By Micro Liang (97-07-01)