------------------------------------------------------------------------------
    侠客英雄传地图（侠客城─侠客园林）

                                   ※侠客园林※
                                        │
                          湖边小路 ─小桥流水─ 湖边小路 ─绿漪亭
                             │        ／                    │
                   浮翠阁─倒影楼  见山楼                 湖边小路
                   ／  ＼      ＼  ／  ＼                    │
               盆景园  笠  亭  小  洲  九曲桥  雪香之蔚亭─待霜亭
                   ＼  ／        │        ＼  ／              ＼
                   留听阁     别有洞天   荷风四面亭          梧竹幽居
                     │         ／             ＼               │
                   鸳鸯亭──宜西亭  香  洲    倚玉轩         倚虹亭
                     │          ＼  ／        ／  ＼           │
                  河边小路       玉兰堂─小飞虹      远香堂─海堂春坞
                     │                  │    ＼  ／          ／
                   塔影亭              得真亭  松风亭───玲珑馆
                                         │    ／          ／  ＼
                                       志清意远        嘉实亭─听雨轩
------------------------------------------------------------------------------
By Micro Liang (97-07-01)