------------------------------------------------------------------------------
    侠客英雄传主干图（扬州城西）

    ※大禹庙※
           ＼
           明皇陵
               ＼
               黄土路
                   ＼
                   池  河         
                       ＼
                         琅琊山─江浙水乡─大官道─大官道─大官道─◎扬州城
                                    │
                               长江北岸码头
                               ～～～～～～
                               长江南岸码头
                                    │
                               ※江南水乡※─镇  江
                                                 ＼
                                                 常  州
                                                     ＼
    注：                                             苏  州
                                                         ＼
    大 禹 庙：主 干 线                                   上海滩
                                                         ／
    江南水乡：燕 子 坞                               嘉  兴
                                                     ／
    杭    州：梅    庄                           海  宁
                                                 ／
                                           ※杭  州※
------------------------------------------------------------------------------
By Micro Liang (97-07-01)