
<---Mudos v22pre11 for WIN95/NT (by wwj,May 18 1998) Config: 风云三（本地）   startup at Thu Jan 23 18:12:13 1997

Initializing internal tables....
using config file: e:\fy3\config.fy3
Bad mudlib directory: /fy3

<---Mudos v22pre11 for WIN95/NT (by wwj,May 18 1998) Config: 风云三（本地）   shutdown at Thu Jan 23 18:12:13 1997




<---Mudos v22pre11 for WIN95/NT (by wwj,May 18 1998) Config: 风云再起III startup at Thu Jan 23 18:12:28 1997

Initializing internal tables....
using config file: d:\cctx\config.cfg
open log/debug.log file failed.

<---Mudos v22pre11 for WIN95/NT (by wwj,May 18 1998) Config: 风云再起III shutdown at Thu Jan 23 18:12:28 1997




<---Mudos v22pre11 for WIN95/NT (by wwj,May 18 1998) Config: 风云再起III startup at Thu Jan 23 18:12:31 1997

Initializing internal tables....
using config file: d:\cctx\config.cfg
open log/debug.log file failed.

<---Mudos v22pre11 for WIN95/NT (by wwj,May 18 1998) Config: 风云再起III shutdown at Thu Jan 23 18:12:31 1997




<---Mudos v22pre11 for WIN95/NT (by wwj,May 18 1998) Config: 风云再起III startup at Thu Jan 23 18:14:28 1997

using config file: d:\cctx\config.cfg
----------------------------------------------------------------------------
风云再起III (MudOS v22pre11) starting up on Microsoft Windows 95 - Thu Jan 23 18:14:28 1997


Can't find "mudos", ignoring old binaries.
Try invoking the driver using the full pathname.
System Error: init_addr_server: gethostbyname:unknow error 11004
]simul_efun loaded successfully.

Loading preloaded files ...
Initializations complete.

Accepting connections on port 8888.
Initializing internal tables....

<---Mudos v22pre11 for WIN95/NT (by wwj,May 18 1998) Config: 风云再起III startup at Thu Jan 23 18:25:37 1997

using config file: d:\cctx\config.cfg
----------------------------------------------------------------------------
风云再起III (MudOS v22pre11) starting up on Microsoft Windows 95 - Thu Jan 23 18:25:38 1997


Can't find "mudos", ignoring old binaries.
Try invoking the driver using the full pathname.
System Error: init_addr_server: gethostbyname:unknow error 11004
]simul_efun loaded successfully.

Loading preloaded files ...
Initializations complete.

Accepting connections on port 8888.

执行时段错误：*Wrong permissions for opening file /topten/rich.txt for overwrite.
"No such file or directory"

程式：adm/daemons/toptend.c 第 52 行
物件: /adm/daemons/toptend
呼叫来自：adm/daemons/logind.c 的 get_gender() 第 459 行，物件： adm/daemons/logind
呼叫来自：adm/daemons/logind.c 的 enter_world() 第 574 行，物件： adm/daemons/logind
呼叫来自：adm/daemons/toptend.c 的 topten_checkplayer() 第 18 行，物件： adm/daemons/toptend
呼叫来自：adm/daemons/toptend.c 的 topten_add() 第 306 行，物件： adm/daemons/toptend
呼叫来自：adm/daemons/toptend.c 的 topten_save() 第 52 行，物件： adm/daemons/toptend

执行时段错误：*Bad argument 1 to capitalize()
Expected: string Got: 0.

程式：feature/name.c 第 70 行
物件: /clone/board/kedian_ca
呼叫来自：feature/command.c 的 command_hook() 第 51 行，物件： clone/user/user#1 ("曹斌")
呼叫来自：cmds/std/go.c 的 main() 第 195 行，物件： cmds/std/go
呼叫来自：feature/move.c 的 move() 第 105 行，物件： clone/user/user#1 ("曹斌")
呼叫来自：feature/command.c 的 command_hook() 第 55 行，物件： clone/user/user#1 ("曹斌")
呼叫来自：cmds/std/look.c 的 main() 第 23 行，物件： cmds/std/look
呼叫来自：cmds/std/look.c 的 look_room() 第 107 行，物件： cmds/std/look
呼叫来自：inherit/misc/bboard.c 的 short() 第 43 行，物件： clone/board/kedian_ca ("/clone/board/kedian_ca")
呼叫来自：feature/name.c 的 short() 第 70 行，物件： clone/board/kedian_ca ("/clone/board/kedian_ca")

执行时段错误：*Bad argument 1 to capitalize()
Expected: string Got: 0.

程式：feature/name.c 第 70 行
物件: /clone/board/kedian_ca
呼叫来自：feature/command.c 的 command_hook() 第 55 行，物件： clone/user/user#1 ("曹斌")
呼叫来自：cmds/std/look.c 的 main() 第 23 行，物件： cmds/std/look
呼叫来自：cmds/std/look.c 的 look_room() 第 107 行，物件： cmds/std/look
呼叫来自：inherit/misc/bboard.c 的 short() 第 43 行，物件： clone/board/kedian_ca ("/clone/board/kedian_ca")
呼叫来自：feature/name.c 的 short() 第 70 行，物件： clone/board/kedian_ca ("/clone/board/kedian_ca")

执行时段错误：*Bad argument 1 to capitalize()
Expected: string Got: 0.

程式：feature/name.c 第 70 行
物件: /clone/board/kedian_ca
呼叫来自：feature/command.c 的 command_hook() 第 55 行，物件： clone/user/user#1 ("曹斌")
呼叫来自：cmds/std/look.c 的 main() 第 23 行，物件： cmds/std/look
呼叫来自：cmds/std/look.c 的 look_room() 第 107 行，物件： cmds/std/look
呼叫来自：inherit/misc/bboard.c 的 short() 第 43 行，物件： clone/board/kedian_ca ("/clone/board/kedian_ca")
呼叫来自：feature/name.c 的 short() 第 70 行，物件： clone/board/kedian_ca ("/clone/board/kedian_ca")

执行时段错误：*Bad argument 1 to capitalize()
Expected: string Got: 0.

程式：feature/name.c 第 70 行
物件: /clone/board/kedian_ca
呼叫来自：feature/command.c 的 command_hook() 第 55 行，物件： clone/user/user#1 ("曹斌")
呼叫来自：cmds/std/look.c 的 main() 第 23 行，物件： cmds/std/look
呼叫来自：cmds/std/look.c 的 look_room() 第 107 行，物件： cmds/std/look
呼叫来自：inherit/misc/bboard.c 的 short() 第 43 行，物件： clone/board/kedian_ca ("/clone/board/kedian_ca")
呼叫来自：feature/name.c 的 short() 第 70 行，物件： clone/board/kedian_ca ("/clone/board/kedian_ca")

执行时段错误：*Bad argument 1 to capitalize()
Expected: string Got: 0.

程式：feature/name.c 第 70 行
物件: /clone/board/kedian_ca
呼叫来自：feature/command.c 的 command_hook() 第 55 行，物件： clone/user/user#1 ("曹斌")
呼叫来自：cmds/std/look.c 的 main() 第 23 行，物件： cmds/std/look
呼叫来自：cmds/std/look.c 的 look_room() 第 107 行，物件： cmds/std/look
呼叫来自：inherit/misc/bboard.c 的 short() 第 43 行，物件： clone/board/kedian_ca ("/clone/board/kedian_ca")
呼叫来自：feature/name.c 的 short() 第 70 行，物件： clone/board/kedian_ca ("/clone/board/kedian_ca")

执行时段错误：*Bad argument 1 to capitalize()
Expected: string Got: 0.

程式：feature/name.c 第 70 行
物件: /clone/board/kedian_ca
呼叫来自：feature/command.c 的 command_hook() 第 55 行，物件： clone/user/user#1 ("曹斌")
呼叫来自：cmds/std/go.c 的 main() 第 195 行，物件： cmds/std/go
呼叫来自：feature/move.c 的 move() 第 105 行，物件： clone/user/user#1 ("曹斌")
呼叫来自：feature/command.c 的 command_hook() 第 55 行，物件： clone/user/user#1 ("曹斌")
呼叫来自：cmds/std/look.c 的 main() 第 23 行，物件： cmds/std/look
呼叫来自：cmds/std/look.c 的 look_room() 第 107 行，物件： cmds/std/look
呼叫来自：inherit/misc/bboard.c 的 short() 第 43 行，物件： clone/board/kedian_ca ("/clone/board/kedian_ca")
呼叫来自：feature/name.c 的 short() 第 70 行，物件： clone/board/kedian_ca ("/clone/board/kedian_ca")

执行时段错误：*Bad argument 1 to capitalize()
Expected: string Got: 0.

程式：feature/name.c 第 70 行
物件: /clone/board/kedian_ca
呼叫来自：feature/command.c 的 command_hook() 第 55 行，物件： clone/user/user#1 ("曹斌")
呼叫来自：cmds/std/go.c 的 main() 第 195 行，物件： cmds/std/go
呼叫来自：feature/move.c 的 move() 第 105 行，物件： clone/user/user#1 ("曹斌")
呼叫来自：feature/command.c 的 command_hook() 第 55 行，物件： clone/user/user#1 ("曹斌")
呼叫来自：cmds/std/look.c 的 main() 第 23 行，物件： cmds/std/look
呼叫来自：cmds/std/look.c 的 look_room() 第 107 行，物件： cmds/std/look
呼叫来自：inherit/misc/bboard.c 的 short() 第 43 行，物件： clone/board/kedian_ca ("/clone/board/kedian_ca")
呼叫来自：feature/name.c 的 short() 第 70 行，物件： clone/board/kedian_ca ("/clone/board/kedian_ca")
Initializing internal tables....

<---Mudos v22pre11 for WIN95/NT (by wwj,May 18 1998) Config: 风云再起III startup at Thu Jan 23 18:29:53 1997

using config file: d:\cctx\config.cfg
----------------------------------------------------------------------------
风云再起III (MudOS v22pre11) starting up on Microsoft Windows 95 - Thu Jan 23 18:29:53 1997


Can't find "mudos", ignoring old binaries.
Try invoking the driver using the full pathname.
System Error: init_addr_server: gethostbyname:unknow error 11004
]simul_efun loaded successfully.

Loading preloaded files ...
Initializations complete.

Accepting connections on port 8888.

执行时段错误：*Bad argument 1 to capitalize()
Expected: string Got: 0.

程式：feature/name.c 第 70 行
物件: /clone/board/kedian_ca
呼叫来自：feature/command.c 的 command_hook() 第 51 行，物件： clone/user/user#1 ("曹斌")
呼叫来自：cmds/std/go.c 的 main() 第 195 行，物件： cmds/std/go
呼叫来自：feature/move.c 的 move() 第 105 行，物件： clone/user/user#1 ("曹斌")
呼叫来自：feature/command.c 的 command_hook() 第 55 行，物件： clone/user/user#1 ("曹斌")
呼叫来自：cmds/std/look.c 的 main() 第 23 行，物件： cmds/std/look
呼叫来自：cmds/std/look.c 的 look_room() 第 107 行，物件： cmds/std/look
呼叫来自：inherit/misc/bboard.c 的 short() 第 43 行，物件： clone/board/kedian_ca ("/clone/board/kedian_ca")
呼叫来自：feature/name.c 的 short() 第 70 行，物件： clone/board/kedian_ca ("/clone/board/kedian_ca")

执行时段错误：*Bad argument 1 to capitalize()
Expected: string Got: 0.

程式：feature/name.c 第 70 行
物件: /clone/board/kedian_ca
呼叫来自：feature/command.c 的 command_hook() 第 55 行，物件： clone/user/user#1 ("曹斌")
呼叫来自：cmds/std/look.c 的 main() 第 23 行，物件： cmds/std/look
呼叫来自：cmds/std/look.c 的 look_room() 第 107 行，物件： cmds/std/look
呼叫来自：inherit/misc/bboard.c 的 short() 第 43 行，物件： clone/board/kedian_ca ("/clone/board/kedian_ca")
呼叫来自：feature/name.c 的 short() 第 70 行，物件： clone/board/kedian_ca ("/clone/board/kedian_ca")

执行时段错误：*Bad argument 1 to capitalize()
Expected: string Got: 0.

程式：feature/name.c 第 70 行
物件: /clone/board/kedian_ca
呼叫来自：feature/command.c 的 command_hook() 第 55 行，物件： clone/user/user#1 ("曹斌")
呼叫来自：cmds/std/look.c 的 main() 第 23 行，物件： cmds/std/look
呼叫来自：cmds/std/look.c 的 look_room() 第 107 行，物件： cmds/std/look
呼叫来自：inherit/misc/bboard.c 的 short() 第 43 行，物件： clone/board/kedian_ca ("/clone/board/kedian_ca")
呼叫来自：feature/name.c 的 short() 第 70 行，物件： clone/board/kedian_ca ("/clone/board/kedian_ca")

执行时段错误：*restore_object(): Illegal file format.

程式：feature/save.c 第 19 行
物件: /clone/board/xuedao_b
呼叫来自：feature/command.c 的 command_hook() 第 51 行，物件： clone/user/user#105 ("曹斌")
呼叫来自：cmds/std/go.c 的 main() 第 99 行，物件： cmds/std/go
呼叫来自：d/xuedao/damen.c 的 create() 第 27 行，物件： d/xuedao/damen
呼叫来自：clone/board/xuedao_b.c 的 create() 第 12 行，物件： clone/board/xuedao_b ("/clone/board/xuedao_b")
呼叫来自：inherit/misc/bboard.c 的 setup() 第 18 行，物件： clone/board/xuedao_b ("/clone/board/xuedao_b")
呼叫来自：feature/save.c 的 restore() 第 19 行，物件： clone/board/xuedao_b ("/clone/board/xuedao_b")

执行时段错误：*Bad argument 1 to capitalize()
Expected: string Got: 0.

程式：feature/name.c 第 70 行
物件: /clone/board/xuedao_b
呼叫来自：feature/command.c 的 command_hook() 第 51 行，物件： clone/user/user#105 ("曹斌")
呼叫来自：cmds/std/go.c 的 main() 第 195 行，物件： cmds/std/go
呼叫来自：feature/move.c 的 move() 第 105 行，物件： clone/user/user#105 ("曹斌")
呼叫来自：feature/command.c 的 command_hook() 第 55 行，物件： clone/user/user#105 ("曹斌")
呼叫来自：cmds/std/look.c 的 main() 第 23 行，物件： cmds/std/look
呼叫来自：cmds/std/look.c 的 look_room() 第 107 行，物件： cmds/std/look
呼叫来自：inherit/misc/bboard.c 的 short() 第 43 行，物件： clone/board/xuedao_b ("/clone/board/xuedao_b")
呼叫来自：feature/name.c 的 short() 第 70 行，物件： clone/board/xuedao_b ("/clone/board/xuedao_b")

执行时段错误：*Bad argument 1 to capitalize()
Expected: string Got: 0.

程式：feature/name.c 第 70 行
物件: /clone/board/xuedao_b
呼叫来自：feature/command.c 的 command_hook() 第 55 行，物件： clone/user/user#105 ("曹斌")
呼叫来自：cmds/std/look.c 的 main() 第 23 行，物件： cmds/std/look
呼叫来自：cmds/std/look.c 的 look_room() 第 107 行，物件： cmds/std/look
呼叫来自：inherit/misc/bboard.c 的 short() 第 43 行，物件： clone/board/xuedao_b ("/clone/board/xuedao_b")
呼叫来自：feature/name.c 的 short() 第 70 行，物件： clone/board/xuedao_b ("/clone/board/xuedao_b")
Initializing internal tables....
][1;31m【系统】曹斌(Caobin)：断线了。
[2;37;0m
<---Mudos v22pre11 for WIN95/NT (by wwj,May 18 1998) Config: 风云再起III startup at Thu Jan 23 18:42:07 1997

using config file: d:\cctx\config.cfg
----------------------------------------------------------------------------
风云再起III (MudOS v22pre11) starting up on Microsoft Windows 95 - Thu Jan 23 18:42:07 1997


Can't find "mudos", ignoring old binaries.
Try invoking the driver using the full pathname.
System Error: init_addr_server: gethostbyname:unknow error 11004
]simul_efun loaded successfully.

Loading preloaded files ...
Initializations complete.

Accepting connections on port 8888.

执行时段错误：*Bad argument 1 to capitalize()
Expected: string Got: 0.

程式：feature/name.c 第 70 行
物件: /clone/board/kedian_ca
呼叫来自：feature/command.c 的 command_hook() 第 51 行，物件： clone/user/user#1 ("曹斌")
呼叫来自：cmds/std/go.c 的 main() 第 195 行，物件： cmds/std/go
呼叫来自：feature/move.c 的 move() 第 105 行，物件： clone/user/user#1 ("曹斌")
呼叫来自：feature/command.c 的 command_hook() 第 55 行，物件： clone/user/user#1 ("曹斌")
呼叫来自：cmds/std/look.c 的 main() 第 23 行，物件： cmds/std/look
呼叫来自：cmds/std/look.c 的 look_room() 第 107 行，物件： cmds/std/look
呼叫来自：inherit/misc/bboard.c 的 short() 第 43 行，物件： clone/board/kedian_ca ("/clone/board/kedian_ca")
呼叫来自：feature/name.c 的 short() 第 70 行，物件： clone/board/kedian_ca ("/clone/board/kedian_ca")
Initializing internal tables....
][1;31m【系统】曹斌(Caobin)：断线了。
[2;37;0m
<---Mudos v22pre11 for WIN95/NT (by wwj,May 18 1998) Config: 风云再起III startup at Thu Jan 23 18:47:43 1997

using config file: d:\cctx\config.cfg
----------------------------------------------------------------------------
风云再起III (MudOS v22pre11) starting up on Microsoft Windows 95 - Thu Jan 23 18:47:44 1997


Can't find "mudos", ignoring old binaries.
Try invoking the driver using the full pathname.
System Error: init_addr_server: gethostbyname:unknow error 11004
]simul_efun loaded successfully.

Loading preloaded files ...
Initializations complete.

Accepting connections on port 8888.
Initializing internal tables....
