2003.06.15 10:18 B F:\login\m\madax.o <-- www.vmud.com /lonely/mudlib/data/login/m madax.o
2003.06.15 10:18 B F:\login\m\madbeggar.o <-- www.vmud.com /lonely/mudlib/data/login/m madbeggar.o
2003.06.15 10:18 B F:\login\m\madkiller.o <-- www.vmud.com /lonely/mudlib/data/login/m madkiller.o
2003.06.15 10:19 B F:\login\m\madoka.o <-- www.vmud.com /lonely/mudlib/data/login/m madoka.o
2003.06.15 10:19 B F:\login\m\magic.o <-- www.vmud.com /lonely/mudlib/data/login/m magic.o
2003.06.15 10:19 B F:\login\m\magician.o <-- www.vmud.com /lonely/mudlib/data/login/m magician.o
2003.06.15 10:19 B F:\login\m\mai.o <-- www.vmud.com /lonely/mudlib/data/login/m mai.o
2003.06.15 10:19 B F:\login\m\maifans.o <-- www.vmud.com /lonely/mudlib/data/login/m maifans.o
2003.06.15 10:19 B F:\login\m\maimai.o <-- www.vmud.com /lonely/mudlib/data/login/m maimai.o
2003.06.15 10:19 B F:\login\m\maji.o <-- www.vmud.com /lonely/mudlib/data/login/m maji.o
2003.06.15 10:19 B F:\login\m\major.o <-- www.vmud.com /lonely/mudlib/data/login/m major.o
2003.06.15 10:19 B F:\login\m\man.o <-- www.vmud.com /lonely/mudlib/data/login/m man.o
2003.06.15 10:19 B F:\login\m\mann.o <-- www.vmud.com /lonely/mudlib/data/login/m mann.o
2003.06.15 10:19 B F:\login\m\mannn.o <-- www.vmud.com /lonely/mudlib/data/login/m mannn.o
2003.06.15 10:19 B F:\login\m\mannnn.o <-- www.vmud.com /lonely/mudlib/data/login/m mannnn.o
2003.06.15 10:19 B F:\login\m\maoerhus.o <-- www.vmud.com /lonely/mudlib/data/login/m maoerhus.o
2003.06.15 10:19 B F:\login\m\maple.o <-- www.vmud.com /lonely/mudlib/data/login/m maple.o
2003.06.15 10:19 B F:\login\m\marian.o <-- www.vmud.com /lonely/mudlib/data/login/m marian.o
2003.06.15 10:19 B F:\login\m\marilyn.o <-- www.vmud.com /lonely/mudlib/data/login/m marilyn.o
2003.06.15 10:19 B F:\login\m\maro.o <-- www.vmud.com /lonely/mudlib/data/login/m maro.o
2003.06.15 10:19 B F:\login\m\marquis.o <-- www.vmud.com /lonely/mudlib/data/login/m marquis.o
2003.06.15 10:19 B F:\login\m\marquise.o <-- www.vmud.com /lonely/mudlib/data/login/m marquise.o
2003.06.15 10:19 B F:\login\m\marry.o <-- www.vmud.com /lonely/mudlib/data/login/m marry.o
2003.06.15 10:19 B F:\login\m\mars.o <-- www.vmud.com /lonely/mudlib/data/login/m mars.o
2003.06.15 10:19 B F:\login\m\mavis.o <-- www.vmud.com /lonely/mudlib/data/login/m mavis.o
2003.06.15 10:19 B F:\login\m\maxpk.o <-- www.vmud.com /lonely/mudlib/data/login/m maxpk.o
2003.06.15 10:19 B F:\login\m\mbjjz.o <-- www.vmud.com /lonely/mudlib/data/login/m mbjjz.o
2003.06.15 10:19 B F:\login\m\mcdonalds.o <-- www.vmud.com /lonely/mudlib/data/login/m mcdonalds.o
2003.06.15 10:19 B F:\login\m\meinv.o <-- www.vmud.com /lonely/mudlib/data/login/m meinv.o
2003.06.15 10:19 B F:\login\m\meng.o <-- www.vmud.com /lonely/mudlib/data/login/m meng.o
2003.06.15 10:19 B F:\login\m\menshen.o <-- www.vmud.com /lonely/mudlib/data/login/m menshen.o
2003.06.15 10:19 B F:\login\m\meteor.o <-- www.vmud.com /lonely/mudlib/data/login/m meteor.o
2003.06.15 10:19 B F:\login\m\mfs.o <-- www.vmud.com /lonely/mudlib/data/login/m mfs.o
2003.06.15 10:19 B F:\login\m\mhyj.o <-- www.vmud.com /lonely/mudlib/data/login/m mhyj.o
2003.06.15 10:19 B F:\login\m\michelle.o <-- www.vmud.com /lonely/mudlib/data/login/m michelle.o
2003.06.15 10:19 B F:\login\m\mida.o <-- www.vmud.com /lonely/mudlib/data/login/m mida.o
2003.06.15 10:19 B F:\login\m\midb.o <-- www.vmud.com /lonely/mudlib/data/login/m midb.o
2003.06.15 10:19 B F:\login\m\miffy.o <-- www.vmud.com /lonely/mudlib/data/login/m miffy.o
2003.06.15 10:19 B F:\login\m\mighty.o <-- www.vmud.com /lonely/mudlib/data/login/m mighty.o
2003.06.15 10:19 B F:\login\m\militant.o <-- www.vmud.com /lonely/mudlib/data/login/m militant.o
2003.06.15 10:19 B F:\login\m\mily.o <-- www.vmud.com /lonely/mudlib/data/login/m mily.o
2003.06.15 10:19 B F:\login\m\mimi.o <-- www.vmud.com /lonely/mudlib/data/login/m mimi.o
2003.06.15 10:19 B F:\login\m\minipiggy.o <-- www.vmud.com /lonely/mudlib/data/login/m minipiggy.o
2003.06.15 10:19 B F:\login\m\miri.o <-- www.vmud.com /lonely/mudlib/data/login/m miri.o
2003.06.15 10:19 B F:\login\m\miroku.o <-- www.vmud.com /lonely/mudlib/data/login/m miroku.o
2003.06.15 10:19 B F:\login\m\mirror.o <-- www.vmud.com /lonely/mudlib/data/login/m mirror.o
2003.06.15 10:19 B F:\login\m\missfwb.o <-- www.vmud.com /lonely/mudlib/data/login/m missfwb.o
2003.06.15 10:19 B F:\login\m\missyou.o <-- www.vmud.com /lonely/mudlib/data/login/m missyou.o
2003.06.15 10:19 B F:\login\m\mitu.o <-- www.vmud.com /lonely/mudlib/data/login/m mitu.o
2003.06.15 10:19 B F:\login\m\miwu.o <-- www.vmud.com /lonely/mudlib/data/login/m miwu.o
2003.06.15 10:19 B F:\login\m\mmme.o <-- www.vmud.com /lonely/mudlib/data/login/m mmme.o
2003.06.15 10:19 B F:\login\m\mmmmm.o <-- www.vmud.com /lonely/mudlib/data/login/m mmmmm.o
2003.06.15 10:19 B F:\login\m\momo.o <-- www.vmud.com /lonely/mudlib/data/login/m momo.o
2003.06.15 10:19 B F:\login\m\mon.o <-- www.vmud.com /lonely/mudlib/data/login/m mon.o
2003.06.15 10:19 B F:\login\m\mong.o <-- www.vmud.com /lonely/mudlib/data/login/m mong.o
2003.06.15 10:19 B F:\login\m\monk.o <-- www.vmud.com /lonely/mudlib/data/login/m monk.o
2003.06.15 10:19 B F:\login\m\monster.o <-- www.vmud.com /lonely/mudlib/data/login/m monster.o
2003.06.15 10:19 B F:\login\m\moon.o <-- www.vmud.com /lonely/mudlib/data/login/m moon.o
2003.06.15 10:19 B F:\login\m\motoko.o <-- www.vmud.com /lonely/mudlib/data/login/m motoko.o
2003.06.15 10:19 B F:\login\m\moyao.o <-- www.vmud.com /lonely/mudlib/data/login/m moyao.o
2003.06.15 10:19 B F:\login\m\moyuan.o <-- www.vmud.com /lonely/mudlib/data/login/m moyuan.o
2003.06.15 10:19 B F:\login\m\mping.o <-- www.vmud.com /lonely/mudlib/data/login/m mping.o
2003.06.15 10:19 B F:\login\m\mqj.o <-- www.vmud.com /lonely/mudlib/data/login/m mqj.o
2003.06.15 10:19 B F:\login\m\mrct.o <-- www.vmud.com /lonely/mudlib/data/login/m mrct.o
2003.06.15 10:19 B F:\login\m\msdqc.o <-- www.vmud.com /lonely/mudlib/data/login/m msdqc.o
2003.06.15 10:19 B F:\login\m\mud.o <-- www.vmud.com /lonely/mudlib/data/login/m mud.o
2003.06.15 10:19 B F:\login\m\murong.o <-- www.vmud.com /lonely/mudlib/data/login/m murong.o
2003.06.15 10:19 B F:\login\m\music.o <-- www.vmud.com /lonely/mudlib/data/login/m music.o
2003.06.15 10:19 B F:\login\m\musica.o <-- www.vmud.com /lonely/mudlib/data/login/m musica.o
2003.06.15 10:19 B F:\login\m\musicb.o <-- www.vmud.com /lonely/mudlib/data/login/m musicb.o
2003.06.15 10:19 B F:\login\m\musicc.o <-- www.vmud.com /lonely/mudlib/data/login/m musicc.o
2003.06.15 10:19 B F:\login\m\musicd.o <-- www.vmud.com /lonely/mudlib/data/login/m musicd.o
2003.06.15 10:19 B F:\login\m\musice.o <-- www.vmud.com /lonely/mudlib/data/login/m musice.o
2003.06.15 10:19 B F:\login\m\musicf.o <-- www.vmud.com /lonely/mudlib/data/login/m musicf.o
2003.06.15 10:19 B F:\login\m\musicg.o <-- www.vmud.com /lonely/mudlib/data/login/m musicg.o
2003.06.15 10:19 B F:\login\m\mvp.o <-- www.vmud.com /lonely/mudlib/data/login/m mvp.o
2003.06.15 10:19 B F:\login\m\mxxwh.o <-- www.vmud.com /lonely/mudlib/data/login/m mxxwh.o
2003.06.15 10:19 B F:\login\m\myczl.o <-- www.vmud.com /lonely/mudlib/data/login/m myczl.o
2003.06.15 10:19 B F:\login\m\mygod.o <-- www.vmud.com /lonely/mudlib/data/login/m mygod.o
2003.06.15 10:19 B F:\login\m\myselfandi.o <-- www.vmud.com /lonely/mudlib/data/login/m myselfandi.o
2003.06.15 10:19 B F:\login\m\myth.o <-- www.vmud.com /lonely/mudlib/data/login/m myth.o
