99.03.14 13:21 B f:\mirror1\d\kunming\beidajie.c --> www1.yn.cninfo.net /mudcctx/mudlib/d/kunming beidajie.c
99.03.14 13:21 B f:\mirror1\d\kunming\bijifang.c --> www1.yn.cninfo.net /mudcctx/mudlib/d/kunming bijifang.c
99.03.14 13:21 B f:\mirror1\d\kunming\chapu.c --> www1.yn.cninfo.net /mudcctx/mudlib/d/kunming chapu.c
99.03.14 13:21 B f:\mirror1\d\kunming\dangpu.c --> www1.yn.cninfo.net /mudcctx/mudlib/d/kunming dangpu.c
99.03.14 13:21 B f:\mirror1\d\kunming\dongmen.c --> www1.yn.cninfo.net /mudcctx/mudlib/d/kunming dongmen.c
99.03.14 13:21 B f:\mirror1\d\kunming\dongzoulang.c --> www1.yn.cninfo.net /mudcctx/mudlib/d/kunming dongzoulang.c
99.03.14 13:21 B f:\mirror1\d\kunming\dongzoulang1.c --> www1.yn.cninfo.net /mudcctx/mudlib/d/kunming dongzoulang1.c
99.03.14 13:21 B f:\mirror1\d\kunming\jinmafang.c --> www1.yn.cninfo.net /mudcctx/mudlib/d/kunming jinmafang.c
99.03.14 13:21 B f:\mirror1\d\kunming\jinrilou.c --> www1.yn.cninfo.net /mudcctx/mudlib/d/kunming jinrilou.c
99.03.14 13:21 B f:\mirror1\d\kunming\jiulou.c --> www1.yn.cninfo.net /mudcctx/mudlib/d/kunming jiulou.c
99.03.14 13:21 B f:\mirror1\d\kunming\kedian.c --> www1.yn.cninfo.net /mudcctx/mudlib/d/kunming kedian.c
99.03.14 13:21 B f:\mirror1\d\kunming\kedian1.c --> www1.yn.cninfo.net /mudcctx/mudlib/d/kunming kedian1.c
99.03.14 13:21 B f:\mirror1\d\kunming\lianhua.c --> www1.yn.cninfo.net /mudcctx/mudlib/d/kunming lianhua.c
99.03.14 13:21 B f:\mirror1\d\kunming\nandajie1.c --> www1.yn.cninfo.net /mudcctx/mudlib/d/kunming nandajie1.c
99.03.14 13:21 B f:\mirror1\d\kunming\nandajie2.c --> www1.yn.cninfo.net /mudcctx/mudlib/d/kunming nandajie2.c
99.03.14 13:21 B f:\mirror1\d\kunming\nanmen.c --> www1.yn.cninfo.net /mudcctx/mudlib/d/kunming nanmen.c
99.03.14 13:21 B f:\mirror1\d\kunming\pubu.c --> www1.yn.cninfo.net /mudcctx/mudlib/d/kunming pubu.c
99.03.14 13:21 B f:\mirror1\d\kunming\qiao.c --> www1.yn.cninfo.net /mudcctx/mudlib/d/kunming qiao.c
99.03.14 13:21 B f:\mirror1\d\kunming\qingshilu.c --> www1.yn.cninfo.net /mudcctx/mudlib/d/kunming qingshilu.c
99.03.14 13:21 B f:\mirror1\d\kunming\qingshilu1.c --> www1.yn.cninfo.net /mudcctx/mudlib/d/kunming qingshilu1.c
99.03.14 13:21 B f:\mirror1\d\kunming\qingshilu2.c --> www1.yn.cninfo.net /mudcctx/mudlib/d/kunming qingshilu2.c
99.03.14 13:21 B f:\mirror1\d\kunming\road1.c --> www1.yn.cninfo.net /mudcctx/mudlib/d/kunming road1.c
99.03.14 13:21 B f:\mirror1\d\kunming\road2.c --> www1.yn.cninfo.net /mudcctx/mudlib/d/kunming road2.c
99.03.14 13:21 B f:\mirror1\d\kunming\road3.c --> www1.yn.cninfo.net /mudcctx/mudlib/d/kunming road3.c
99.03.14 13:21 B f:\mirror1\d\kunming\road4.c --> www1.yn.cninfo.net /mudcctx/mudlib/d/kunming road4.c
99.03.14 13:21 B f:\mirror1\d\kunming\road5.c --> www1.yn.cninfo.net /mudcctx/mudlib/d/kunming road5.c
99.03.14 13:21 B f:\mirror1\d\kunming\road6.c --> www1.yn.cninfo.net /mudcctx/mudlib/d/kunming road6.c
99.03.14 13:21 B f:\mirror1\d\kunming\road7.c --> www1.yn.cninfo.net /mudcctx/mudlib/d/kunming road7.c
99.03.14 13:21 B f:\mirror1\d\kunming\road7.c.912385294 --> www1.yn.cninfo.net /mudcctx/mudlib/d/kunming road7.c.912385294
99.03.14 13:21 B f:\mirror1\d\kunming\shijianchi.c --> www1.yn.cninfo.net /mudcctx/mudlib/d/kunming shijianchi.c
99.03.14 13:21 B f:\mirror1\d\kunming\shilin.c --> www1.yn.cninfo.net /mudcctx/mudlib/d/kunming shilin.c
99.03.14 13:21 B f:\mirror1\d\kunming\shilin1.c --> www1.yn.cninfo.net /mudcctx/mudlib/d/kunming shilin1.c
99.03.14 13:21 B f:\mirror1\d\kunming\shilin2.c --> www1.yn.cninfo.net /mudcctx/mudlib/d/kunming shilin2.c
99.03.14 13:21 B f:\mirror1\d\kunming\shufan.c --> www1.yn.cninfo.net /mudcctx/mudlib/d/kunming shufan.c
99.03.14 13:21 B f:\mirror1\d\kunming\wangfu.c --> www1.yn.cninfo.net /mudcctx/mudlib/d/kunming wangfu.c
99.03.14 13:21 B f:\mirror1\d\kunming\wangfu1.c --> www1.yn.cninfo.net /mudcctx/mudlib/d/kunming wangfu1.c
99.03.14 13:21 B f:\mirror1\d\kunming\wangfu2.c --> www1.yn.cninfo.net /mudcctx/mudlib/d/kunming wangfu2.c
99.03.14 13:21 B f:\mirror1\d\kunming\wfting.c --> www1.yn.cninfo.net /mudcctx/mudlib/d/kunming wfting.c
99.03.14 13:21 B f:\mirror1\d\kunming\xiangfan.c --> www1.yn.cninfo.net /mudcctx/mudlib/d/kunming xiangfan.c
99.03.14 13:21 B f:\mirror1\d\kunming\xiaodong.c --> www1.yn.cninfo.net /mudcctx/mudlib/d/kunming xiaodong.c
99.03.14 13:21 B f:\mirror1\d\kunming\xiaolu.c --> www1.yn.cninfo.net /mudcctx/mudlib/d/kunming xiaolu.c
99.03.14 13:21 B f:\mirror1\d\kunming\xiaolu1.c --> www1.yn.cninfo.net /mudcctx/mudlib/d/kunming xiaolu1.c
99.03.14 13:21 B f:\mirror1\d\kunming\xiaoximen.c --> www1.yn.cninfo.net /mudcctx/mudlib/d/kunming xiaoximen.c
99.03.14 13:21 B f:\mirror1\d\kunming\xizoulang.c --> www1.yn.cninfo.net /mudcctx/mudlib/d/kunming xizoulang.c
99.03.14 13:21 B f:\mirror1\d\kunming\xizoulang1.c --> www1.yn.cninfo.net /mudcctx/mudlib/d/kunming xizoulang1.c
99.03.14 13:21 B f:\mirror1\d\kunming\yunnan.c --> www1.yn.cninfo.net /mudcctx/mudlib/d/kunming yunnan.c
99.03.14 13:21 B f:\mirror1\d\kunming\yunnan1.c --> www1.yn.cninfo.net /mudcctx/mudlib/d/kunming yunnan1.c
99.03.14 13:21 B f:\mirror1\d\kunming\yunnan2.c --> www1.yn.cninfo.net /mudcctx/mudlib/d/kunming yunnan2.c
99.03.14 13:21 B f:\mirror1\d\kunming\yunnan3.c --> www1.yn.cninfo.net /mudcctx/mudlib/d/kunming yunnan3.c
99.03.14 13:21 B f:\mirror1\d\kunming\yunnan4.c --> www1.yn.cninfo.net /mudcctx/mudlib/d/kunming yunnan4.c
99.03.14 13:21 B f:\mirror1\d\kunming\yunnan5.c --> www1.yn.cninfo.net /mudcctx/mudlib/d/kunming yunnan5.c
99.03.14 13:21 B f:\mirror1\d\kunming\zhonglou.c --> www1.yn.cninfo.net /mudcctx/mudlib/d/kunming zhonglou.c
