99.03.14 13:04 B f:\mirror1\d\dali\huanggong\npc\bing.c --> www1.yn.cninfo.net /mudcctx/mudlib/d/dali/huanggong/npc bing.c
99.03.14 13:04 B f:\mirror1\d\dali\huanggong\npc\cuzi.c --> www1.yn.cninfo.net /mudcctx/mudlib/d/dali/huanggong/npc cuzi.c
99.03.14 13:04 B f:\mirror1\d\dali\huanggong\npc\dao.c --> www1.yn.cninfo.net /mudcctx/mudlib/d/dali/huanggong/npc dao.c
99.03.14 13:04 B f:\mirror1\d\dali\huanggong\npc\duan-zhenming.c --> www1.yn.cninfo.net /mudcctx/mudlib/d/dali/huanggong/npc duan-zhenming.c
99.03.14 13:04 B f:\mirror1\d\dali\huanggong\npc\duanyu.c --> www1.yn.cninfo.net /mudcctx/mudlib/d/dali/huanggong/npc duanyu.c
99.03.14 13:04 B f:\mirror1\d\dali\huanggong\npc\gao.c --> www1.yn.cninfo.net /mudcctx/mudlib/d/dali/huanggong/npc gao.c
99.03.14 13:04 B f:\mirror1\d\dali\huanggong\npc\gongnv.c --> www1.yn.cninfo.net /mudcctx/mudlib/d/dali/huanggong/npc gongnv.c
99.03.14 13:04 B f:\mirror1\d\dali\huanggong\npc\guard.c --> www1.yn.cninfo.net /mudcctx/mudlib/d/dali/huanggong/npc guard.c
99.03.14 13:04 B f:\mirror1\d\dali\huanggong\npc\huajiang.c --> www1.yn.cninfo.net /mudcctx/mudlib/d/dali/huanggong/npc huajiang.c
99.03.14 13:04 B f:\mirror1\d\dali\huanggong\npc\huanghou.c --> www1.yn.cninfo.net /mudcctx/mudlib/d/dali/huanggong/npc huanghou.c
99.03.14 13:04 B f:\mirror1\d\dali\huanggong\npc\jinyiwei.c --> www1.yn.cninfo.net /mudcctx/mudlib/d/dali/huanggong/npc jinyiwei.c
99.03.14 13:04 B f:\mirror1\d\dali\huanggong\npc\qingbing.c --> www1.yn.cninfo.net /mudcctx/mudlib/d/dali/huanggong/npc qingbing.c
99.03.14 13:04 B f:\mirror1\d\dali\huanggong\npc\shiwei.c --> www1.yn.cninfo.net /mudcctx/mudlib/d/dali/huanggong/npc shiwei.c
99.03.14 13:04 B f:\mirror1\d\dali\huanggong\npc\taijian.c --> www1.yn.cninfo.net /mudcctx/mudlib/d/dali/huanggong/npc taijian.c
99.03.14 13:04 B f:\mirror1\d\dali\huanggong\npc\taijian1.c --> www1.yn.cninfo.net /mudcctx/mudlib/d/dali/huanggong/npc taijian1.c
99.03.14 13:04 B f:\mirror1\d\dali\huanggong\npc\taijian2.c --> www1.yn.cninfo.net /mudcctx/mudlib/d/dali/huanggong/npc taijian2.c
99.03.14 13:04 B f:\mirror1\d\dali\huanggong\npc\tong-ren.c --> www1.yn.cninfo.net /mudcctx/mudlib/d/dali/huanggong/npc tong-ren.c
99.03.14 13:04 B f:\mirror1\d\dali\huanggong\npc\wujiang.c --> www1.yn.cninfo.net /mudcctx/mudlib/d/dali/huanggong/npc wujiang.c
99.03.14 13:04 B f:\mirror1\d\dali\huanggong\npc\wushi.c --> www1.yn.cninfo.net /mudcctx/mudlib/d/dali/huanggong/npc wushi.c
99.03.14 13:04 B f:\mirror1\d\dali\huanggong\npc\yu-yi.c --> www1.yn.cninfo.net /mudcctx/mudlib/d/dali/huanggong/npc yu-yi.c
