99.03.14 13:37 B f:\mirror1\d\taohua\obj\baipao.c --> www1.yn.cninfo.net /mudcctx/mudlib/d/taohua/obj baipao.c
99.03.14 13:37 B f:\mirror1\d\taohua\obj\bupao.c --> www1.yn.cninfo.net /mudcctx/mudlib/d/taohua/obj bupao.c
99.03.14 13:37 B f:\mirror1\d\taohua\obj\cai.c --> www1.yn.cninfo.net /mudcctx/mudlib/d/taohua/obj cai.c
99.03.14 13:37 B f:\mirror1\d\taohua\obj\cha.c --> www1.yn.cninfo.net /mudcctx/mudlib/d/taohua/obj cha.c
99.03.14 13:37 B f:\mirror1\d\taohua\obj\chahu.c --> www1.yn.cninfo.net /mudcctx/mudlib/d/taohua/obj chahu.c
99.03.14 13:37 B f:\mirror1\d\taohua\obj\changjian.c --> www1.yn.cninfo.net /mudcctx/mudlib/d/taohua/obj changjian.c
99.03.14 13:37 B f:\mirror1\d\taohua\obj\cloth.c --> www1.yn.cninfo.net /mudcctx/mudlib/d/taohua/obj cloth.c
99.03.14 13:37 B f:\mirror1\d\taohua\obj\gao.c --> www1.yn.cninfo.net /mudcctx/mudlib/d/taohua/obj gao.c
99.03.14 13:37 B f:\mirror1\d\taohua\obj\jhylwan.c --> www1.yn.cninfo.net /mudcctx/mudlib/d/taohua/obj jhylwan.c
99.03.14 13:37 B f:\mirror1\d\taohua\obj\jibenpian.c --> www1.yn.cninfo.net /mudcctx/mudlib/d/taohua/obj jibenpian.c
99.03.14 13:37 B f:\mirror1\d\taohua\obj\jiuyin1.c --> www1.yn.cninfo.net /mudcctx/mudlib/d/taohua/obj jiuyin1.c
99.03.14 13:37 B f:\mirror1\d\taohua\obj\jiuyin2.c --> www1.yn.cninfo.net /mudcctx/mudlib/d/taohua/obj jiuyin2.c
99.03.14 13:37 B f:\mirror1\d\taohua\obj\lunyu.c --> www1.yn.cninfo.net /mudcctx/mudlib/d/taohua/obj lunyu.c
99.03.14 13:37 B f:\mirror1\d\taohua\obj\luzao.c --> www1.yn.cninfo.net /mudcctx/mudlib/d/taohua/obj luzao.c
99.03.14 13:37 B f:\mirror1\d\taohua\obj\mingzhu.c --> www1.yn.cninfo.net /mudcctx/mudlib/d/taohua/obj mingzhu.c
99.03.14 13:37 B f:\mirror1\d\taohua\obj\qingjian.c --> www1.yn.cninfo.net /mudcctx/mudlib/d/taohua/obj qingjian.c
99.03.14 13:37 B f:\mirror1\d\taohua\obj\ruanwei.c --> www1.yn.cninfo.net /mudcctx/mudlib/d/taohua/obj ruanwei.c
99.03.14 13:37 B f:\mirror1\d\taohua\obj\shudai.c --> www1.yn.cninfo.net /mudcctx/mudlib/d/taohua/obj shudai.c
99.03.14 13:37 B f:\mirror1\d\taohua\obj\tanzhi.c --> www1.yn.cninfo.net /mudcctx/mudlib/d/taohua/obj tanzhi.c
99.03.14 13:37 B f:\mirror1\d\taohua\obj\taohuamap.c --> www1.yn.cninfo.net /mudcctx/mudlib/d/taohua/obj taohuamap.c
99.03.14 13:37 B f:\mirror1\d\taohua\obj\taohuamap1.c --> www1.yn.cninfo.net /mudcctx/mudlib/d/taohua/obj taohuamap1.c
99.03.14 13:37 B f:\mirror1\d\taohua\obj\taojian.c --> www1.yn.cninfo.net /mudcctx/mudlib/d/taohua/obj taojian.c
99.03.14 13:37 B f:\mirror1\d\taohua\obj\tiebagua.c --> www1.yn.cninfo.net /mudcctx/mudlib/d/taohua/obj tiebagua.c
99.03.14 13:37 B f:\mirror1\d\taohua\obj\wan.c --> www1.yn.cninfo.net /mudcctx/mudlib/d/taohua/obj wan.c
99.03.14 13:37 B f:\mirror1\d\taohua\obj\wucdan.c --> www1.yn.cninfo.net /mudcctx/mudlib/d/taohua/obj wucdan.c
99.03.14 13:37 B f:\mirror1\d\taohua\obj\xiang.c --> www1.yn.cninfo.net /mudcctx/mudlib/d/taohua/obj xiang.c
99.03.14 13:37 B f:\mirror1\d\taohua\obj\yuxiao.c --> www1.yn.cninfo.net /mudcctx/mudlib/d/taohua/obj yuxiao.c
99.03.14 13:37 B f:\mirror1\d\taohua\obj\zhaojia.c --> www1.yn.cninfo.net /mudcctx/mudlib/d/taohua/obj zhaojia.c
99.03.14 13:37 B f:\mirror1\d\taohua\obj\zhuxiao.c --> www1.yn.cninfo.net /mudcctx/mudlib/d/taohua/obj zhuxiao.c
