
<---江湖2005: MudOs v22pre11 (by wwj,Jan  1 1999) startup on Microsoft Windows NT at Sat May 07 11:15:54 2005

using config file: C:\Documents and Settings\LeeJia\桌面\江湖2006\config.sj
System Error: init_addr_server: connect: 由于目标机器积极拒绝，无法连接。

]simul_efun loaded successfully.

Loading preloaded files ...
Initializations complete.

Accepting connections on port 5555.
Accepting connections on port 2000.
Accepting connections on port 2002.
Accepting connections on port 2003.
Accepting connections on port 2004.
Initializing internal tables....

<---江湖2005: MudOs v22pre11 (by wwj,Jan  1 1999) startup on Microsoft Windows NT at Sat May 07 12:26:18 2005

using config file: C:\Documents and Settings\LeeJia\桌面\江湖2006\config.sj
System Error: init_addr_server: connect: 由于目标机器积极拒绝，无法连接。

]simul_efun loaded successfully.

Loading preloaded files ...
Initializations complete.

Accepting connections on port 5555.
Accepting connections on port 2000.
Accepting connections on port 2002.
Accepting connections on port 2003.
Accepting connections on port 2004.
Initializing internal tables....

<---江湖2005: MudOs v22pre11 (by wwj,Jan  1 1999) startup on Microsoft Windows NT at Sat May 07 12:28:08 2005

using config file: C:\Documents and Settings\LeeJia\桌面\江湖2006\config.sj
System Error: init_addr_server: connect: 由于目标机器积极拒绝，无法连接。

]simul_efun loaded successfully.

Loading preloaded files ...
Initializations complete.

Accepting connections on port 5555.
Accepting connections on port 2000.
Accepting connections on port 2002.
Accepting connections on port 2003.
Accepting connections on port 2004.
get_user_data: read on fd 312
System Error: get_user_data: read: 当文件已存在时，无法创建该文件。

错误
执行时段错误：*Error in loading object '/cmds/std/go'

程式：adm/daemons/commandd.c 第 44 行
物件: adm/daemons/commandd ("0(0)")
对象：d/wuguan/npc/dizi7#12 ("冯坦(Feng tan)")
呼叫来自：inherit/char/char.c 的 heart_beat() 第 143 行，物件： d/wuguan/npc/dizi7#12 ("冯坦(Feng tan)")
呼叫来自：inherit/char/npc.c 的 chat() 第 151 行，物件： d/wuguan/npc/dizi7#12 ("冯坦(Feng tan)")
呼叫来自：<function> 的 <function>() 第 0 行，物件： d/wuguan/npc/dizi7#12 ("冯坦(Feng tan)")
呼叫来自：inherit/char/npc.c 的 random_move() 第 172 行，物件： d/wuguan/npc/dizi7#12 ("冯坦(Feng tan)")
呼叫来自：feature/command.c 的 command_hook() 第 65 行，物件： d/wuguan/npc/dizi7#12 ("冯坦(Feng tan)")
呼叫来自：feature/command.c 的 find_command() 第 19 行，物件： d/wuguan/npc/dizi7#12 ("冯坦(Feng tan)")
呼叫来自：adm/daemons/commandd.c 的 find_command() 第 44 行，物件： adm/daemons/commandd ("0(0)")
Heart beat in d/wuguan/npc/dizi7#12 turned off.
错误
执行时段错误：*Error in loading object '/cmds/std/go'

程式：adm/daemons/commandd.c 第 44 行
物件: adm/daemons/commandd ("0(0)")
对象：clone/user/user#8 ("往往(Tttt)")
呼叫来自：feature/command.c 的 command_hook() 第 61 行，物件： clone/user/user#8 ("往往(Tttt)")
呼叫来自：feature/command.c 的 find_command() 第 19 行，物件： clone/user/user#8 ("往往(Tttt)")
呼叫来自：adm/daemons/commandd.c 的 find_command() 第 44 行，物件： adm/daemons/commandd ("0(0)")
错误
执行时段错误：*Error in loading object '/cmds/std/go'

程式：adm/daemons/commandd.c 第 44 行
物件: adm/daemons/commandd ("0(0)")
对象：clone/user/user#8 ("往往(Tttt)")
呼叫来自：feature/command.c 的 command_hook() 第 61 行，物件： clone/user/user#8 ("往往(Tttt)")
呼叫来自：feature/command.c 的 find_command() 第 19 行，物件： clone/user/user#8 ("往往(Tttt)")
呼叫来自：adm/daemons/commandd.c 的 find_command() 第 44 行，物件： adm/daemons/commandd ("0(0)")
错误
执行时段错误：*Error in loading object '/cmds/std/go'

程式：adm/daemons/commandd.c 第 44 行
物件: adm/daemons/commandd ("0(0)")
对象：clone/user/user#8 ("往往(Tttt)")
呼叫来自：feature/command.c 的 command_hook() 第 61 行，物件： clone/user/user#8 ("往往(Tttt)")
呼叫来自：feature/command.c 的 find_command() 第 19 行，物件： clone/user/user#8 ("往往(Tttt)")
呼叫来自：adm/daemons/commandd.c 的 find_command() 第 44 行，物件： adm/daemons/commandd ("0(0)")
错误
执行时段错误：*Error in loading object '/cmds/std/go'

程式：adm/daemons/commandd.c 第 44 行
物件: adm/daemons/commandd ("0(0)")
对象：clone/user/user#8 ("往往(Tttt)")
呼叫来自：feature/command.c 的 command_hook() 第 61 行，物件： clone/user/user#8 ("往往(Tttt)")
呼叫来自：feature/command.c 的 find_command() 第 19 行，物件： clone/user/user#8 ("往往(Tttt)")
呼叫来自：adm/daemons/commandd.c 的 find_command() 第 44 行，物件： adm/daemons/commandd ("0(0)")
错误
执行时段错误：*Error in loading object '/cmds/std/go'

程式：adm/daemons/commandd.c 第 44 行
物件: adm/daemons/commandd ("0(0)")
对象：clone/user/user#8 ("往往(Tttt)")
呼叫来自：feature/command.c 的 command_hook() 第 61 行，物件： clone/user/user#8 ("往往(Tttt)")
呼叫来自：feature/command.c 的 find_command() 第 19 行，物件： clone/user/user#8 ("往往(Tttt)")
呼叫来自：adm/daemons/commandd.c 的 find_command() 第 44 行，物件： adm/daemons/commandd ("0(0)")
错误
执行时段错误：*Error in loading object '/cmds/std/go'

程式：adm/daemons/commandd.c 第 44 行
物件: adm/daemons/commandd ("0(0)")
对象：clone/user/user#8 ("往往(Tttt)")
呼叫来自：feature/command.c 的 command_hook() 第 61 行，物件： clone/user/user#8 ("往往(Tttt)")
呼叫来自：feature/command.c 的 find_command() 第 19 行，物件： clone/user/user#8 ("往往(Tttt)")
呼叫来自：adm/daemons/commandd.c 的 find_command() 第 44 行，物件： adm/daemons/commandd ("0(0)")
错误
执行时段错误：*Error in loading object '/cmds/std/go'

程式：adm/daemons/commandd.c 第 44 行
物件: adm/daemons/commandd ("0(0)")
对象：clone/user/user#8 ("往往(Tttt)")
呼叫来自：feature/command.c 的 command_hook() 第 61 行，物件： clone/user/user#8 ("往往(Tttt)")
呼叫来自：feature/command.c 的 find_command() 第 19 行，物件： clone/user/user#8 ("往往(Tttt)")
呼叫来自：adm/daemons/commandd.c 的 find_command() 第 44 行，物件： adm/daemons/commandd ("0(0)")
错误
执行时段错误：*Error in loading object '/cmds/std/go'

程式：adm/daemons/commandd.c 第 44 行
物件: adm/daemons/commandd ("0(0)")
对象：clone/user/user#8 ("往往(Tttt)")
呼叫来自：feature/command.c 的 command_hook() 第 61 行，物件： clone/user/user#8 ("往往(Tttt)")
呼叫来自：feature/command.c 的 find_command() 第 19 行，物件： clone/user/user#8 ("往往(Tttt)")
呼叫来自：adm/daemons/commandd.c 的 find_command() 第 44 行，物件： adm/daemons/commandd ("0(0)")
错误
执行时段错误：*Error in loading object '/cmds/std/go'

程式：adm/daemons/commandd.c 第 44 行
物件: adm/daemons/commandd ("0(0)")
对象：clone/user/user#8 ("往往(Tttt)")
呼叫来自：feature/command.c 的 command_hook() 第 61 行，物件： clone/user/user#8 ("往往(Tttt)")
呼叫来自：feature/command.c 的 find_command() 第 19 行，物件： clone/user/user#8 ("往往(Tttt)")
呼叫来自：adm/daemons/commandd.c 的 find_command() 第 44 行，物件： adm/daemons/commandd ("0(0)")
错误
执行时段错误：*Error in loading object '/cmds/std/go'

程式：adm/daemons/commandd.c 第 44 行
物件: adm/daemons/commandd ("0(0)")
对象：clone/user/user#8 ("往往(Tttt)")
呼叫来自：feature/command.c 的 command_hook() 第 61 行，物件： clone/user/user#8 ("往往(Tttt)")
呼叫来自：feature/command.c 的 find_command() 第 19 行，物件： clone/user/user#8 ("往往(Tttt)")
呼叫来自：adm/daemons/commandd.c 的 find_command() 第 44 行，物件： adm/daemons/commandd ("0(0)")
错误
执行时段错误：*Error in loading object '/cmds/std/go'

程式：adm/daemons/commandd.c 第 44 行
物件: adm/daemons/commandd ("0(0)")
对象：clone/user/user#8 ("往往(Tttt)")
呼叫来自：feature/command.c 的 command_hook() 第 61 行，物件： clone/user/user#8 ("往往(Tttt)")
呼叫来自：feature/command.c 的 find_command() 第 19 行，物件： clone/user/user#8 ("往往(Tttt)")
呼叫来自：adm/daemons/commandd.c 的 find_command() 第 44 行，物件： adm/daemons/commandd ("0(0)")
错误
执行时段错误：*Error in loading object '/cmds/std/go'

程式：adm/daemons/commandd.c 第 44 行
物件: adm/daemons/commandd ("0(0)")
对象：clone/user/user#8 ("往往(Tttt)")
呼叫来自：feature/command.c 的 command_hook() 第 61 行，物件： clone/user/user#8 ("往往(Tttt)")
呼叫来自：feature/command.c 的 find_command() 第 19 行，物件： clone/user/user#8 ("往往(Tttt)")
呼叫来自：adm/daemons/commandd.c 的 find_command() 第 44 行，物件： adm/daemons/commandd ("0(0)")
错误
执行时段错误：*Error in loading object '/cmds/std/go'

程式：adm/daemons/commandd.c 第 44 行
物件: adm/daemons/commandd ("0(0)")
对象：clone/user/user#8 ("往往(Tttt)")
呼叫来自：feature/command.c 的 command_hook() 第 61 行，物件： clone/user/user#8 ("往往(Tttt)")
呼叫来自：feature/command.c 的 find_command() 第 19 行，物件： clone/user/user#8 ("往往(Tttt)")
呼叫来自：adm/daemons/commandd.c 的 find_command() 第 44 行，物件： adm/daemons/commandd ("0(0)")
错误
执行时段错误：*Error in loading object '/cmds/std/go'

程式：adm/daemons/commandd.c 第 44 行
物件: adm/daemons/commandd ("0(0)")
对象：clone/user/user#8 ("往往(Tttt)")
呼叫来自：feature/command.c 的 command_hook() 第 61 行，物件： clone/user/user#8 ("往往(Tttt)")
呼叫来自：feature/command.c 的 find_command() 第 19 行，物件： clone/user/user#8 ("往往(Tttt)")
呼叫来自：adm/daemons/commandd.c 的 find_command() 第 44 行，物件： adm/daemons/commandd ("0(0)")
错误
执行时段错误：*Error in loading object '/cmds/std/go'

程式：adm/daemons/commandd.c 第 44 行
物件: adm/daemons/commandd ("0(0)")
对象：clone/user/user#8 ("往往(Tttt)")
呼叫来自：feature/command.c 的 command_hook() 第 61 行，物件： clone/user/user#8 ("往往(Tttt)")
呼叫来自：feature/command.c 的 find_command() 第 19 行，物件： clone/user/user#8 ("往往(Tttt)")
呼叫来自：adm/daemons/commandd.c 的 find_command() 第 44 行，物件： adm/daemons/commandd ("0(0)")
get_user_data: read on fd 316
System Error: get_user_data: read: 当文件已存在时，无法创建该文件。

Initializing internal tables....

<---江湖2005: MudOs v22pre11 (by wwj,Jan  1 1999) startup on Microsoft Windows NT at Sat May 07 12:32:12 2005

using config file: C:\Documents and Settings\LeeJia\桌面\江湖2006\config.sj
System Error: init_addr_server: connect: 由于目标机器积极拒绝，无法连接。

]simul_efun loaded successfully.

Loading preloaded files ...
Initializations complete.

Accepting connections on port 5555.
Accepting connections on port 2000.
Accepting connections on port 2002.
Accepting connections on port 2003.
Accepting connections on port 2004.
Initializing internal tables....

<---江湖2005: MudOs v22pre11 (by wwj,Jan  1 1999) startup on Microsoft Windows NT at Wed May 11 14:44:19 2005

using config file: C:\Documents and Settings\LeeJia\桌面\江湖2006\config.sj
System Error: init_addr_server: connect: 由于目标机器积极拒绝，无法连接。

]simul_efun loaded successfully.

Loading preloaded files ...
Initializations complete.

Accepting connections on port 5555.
Accepting connections on port 2000.
Accepting connections on port 2002.
Accepting connections on port 2003.
Accepting connections on port 2004.
