1388145001 0 0
1388145001 0 0 0 0
1388144701 0 0 0 0
1388144700 0 0 0 0
1388144400 0 0 0 0
1388144100 0 0 0 0
1388143800 0 0 0 0
1388143500 0 0 21 0
1388143200 21 0 21 0
1388142900 21 0 21 0
1388142600 21 0 21 0
1388142300 21 0 21 0
1388142000 21 0 21 0
1388141700 21 0 21 0
1388141400 21 0 21 0
1388141100 21 0 21 0
1388140800 21 0 21 0
1388140500 21 0 21 0
1388140200 21 0 21 0
1388139900 21 0 21 0
1388139600 21 0 21 0
1388139300 21 0 21 0
1388139000 21 0 21 0
1388138700 21 0 21 0
1388138400 21 0 21 0
1388138100 21 0 21 0
1388137800 21 0 21 0
1388137500 21 0 21 0
1388137200 21 0 21 0
1388136900 21 0 21 0
1388136600 21 0 21 0
1388136300 21 0 21 0
1388136000 21 0 21 0
1388135700 21 0 21 0
1388135400 21 0 21 0
1388135100 21 0 21 0
1388134800 21 0 21 0
1388134500 21 0 21 0
1388134200 21 0 21 0
1388133900 21 0 21 0
1388133600 21 0 21 0
1388133300 21 0 21 0
1388133000 21 0 21 0
1388132700 21 0 21 0
1388132400 21 0 21 0
1388132100 21 0 21 0
1388131800 21 0 21 0
1388131500 21 0 21 0
1388131200 21 0 21 0
1388130900 21 0 21 0
1388130600 21 0 21 0
1388130300 21 0 21 0
1388130000 21 0 21 0
1388129700 21 0 21 0
1388129400 21 0 21 0
1388129100 21 0 21 0
1388128800 21 0 21 0
1388128500 21 0 21 0
1388128200 21 0 21 0
1388127900 21 0 21 0
1388127600 21 0 21 0
1388127300 21 0 21 0
1388127000 21 0 21 0
1388126700 21 0 21 0
1388126400 21 0 21 0
1388126100 21 0 21 0
1388125800 21 0 21 0
1388125500 21 0 21 0
1388125200 21 0 21 0
1388124900 21 0 21 0
1388124600 21 0 21 0
1388124300 21 0 21 0
1388124000 21 0 21 0
1388123700 21 0 21 0
1388123400 21 0 21 0
1388123100 21 0 21 0
1388122800 21 0 21 0
1388122500 21 0 21 0
1388122200 21 0 21 0
1388121900 21 0 21 0
1388121600 21 0 21 0
1388121300 21 0 21 0
1388121000 21 0 21 0
1388120700 21 0 21 0
1388120400 21 0 21 0
1388120100 21 0 21 0
1388119800 21 0 21 0
1388119500 21 0 21 0
1388119200 21 0 21 0
1388118900 21 0 21 0
1388118600 21 0 21 0
1388118300 21 0 21 0
1388118000 21 0 21 0
1388117700 21 0 21 0
1388117400 21 0 21 0
1388117100 21 0 21 0
1388116800 21 0 21 0
1388116500 21 0 21 0
1388116200 21 0 21 0
1388115900 21 0 21 0
1388115600 21 0 21 0
1388115300 21 0 21 0
1388115000 21 0 21 0
1388114700 21 0 21 0
1388114400 21 0 21 0
1388114100 21 0 21 0
1388113800 21 0 21 0
1388113500 21 0 21 0
1388113200 21 0 21 0
1388112900 21 0 21 0
1388112600 21 0 21 0
1388112300 21 0 21 0
1388112000 21 0 21 0
1388111700 21 0 21 0
1388111400 21 0 21 0
1388111100 21 0 21 0
1388110800 21 0 21 0
1388110500 21 0 21 0
1388110200 21 0 21 0
1388109900 21 0 21 0
1388109600 21 0 21 0
1388109300 21 0 21 0
1388109000 21 0 21 0
1388108700 21 0 21 0
1388108400 21 0 21 0
1388108100 21 0 21 0
1388107800 21 0 21 0
1388107500 21 0 21 0
1388107200 21 0 21 0
1388106900 21 0 21 0
1388106600 21 0 21 0
1388106300 21 0 21 0
1388106000 21 0 21 0
1388105700 21 0 21 0
1388105400 21 0 21 0
1388105100 21 0 21 0
1388104800 21 0 21 0
1388104500 21 0 21 0
1388104200 21 0 21 0
1388103900 21 0 21 0
1388103600 21 0 21 0
1388103300 21 0 21 0
1388103000 21 0 21 0
1388102700 21 0 21 0
1388102400 21 0 21 0
1388102100 21 0 21 0
1388101800 21 0 21 0
1388101500 21 0 21 0
1388101200 21 0 21 0
1388100900 21 0 21 0
1388100600 21 0 21 0
1388100300 21 0 21 0
1388100000 21 0 21 0
1388099700 21 0 21 0
1388099400 21 0 21 0
1388099100 21 0 21 0
1388098800 21 0 21 0
1388098500 21 0 21 0
1388098200 21 0 21 0
1388097900 21 0 21 0
1388097600 21 0 21 0
1388097300 21 0 21 0
1388097000 21 0 21 0
1388096700 21 0 21 0
1388096400 21 0 21 0
1388096100 21 0 21 0
1388095800 21 0 21 0
1388095500 21 0 21 0
1388095200 21 0 21 0
1388094900 21 0 21 0
1388094600 21 0 21 0
1388094300 21 0 21 0
1388094000 21 0 21 0
1388093700 21 0 21 0
1388093400 21 0 21 0
1388093100 21 0 21 0
1388092800 21 0 21 0
1388092500 21 0 21 0
1388092200 21 0 21 0
1388091900 21 0 21 0
1388091600 21 0 21 0
1388091300 21 0 21 0
1388091000 21 0 21 0
1388090700 21 0 21 0
1388090400 21 0 21 0
1388090100 21 0 21 0
1388089800 21 0 21 0
1388089500 21 0 21 0
1388089200 21 0 21 0
1388088900 21 0 21 0
1388088600 21 0 21 0
1388088300 21 0 21 0
1388088000 21 0 21 0
1388087700 21 0 21 0
1388087400 21 0 21 0
1388087100 21 0 21 0
1388086800 21 0 21 0
1388086500 21 0 21 0
1388086200 21 0 21 0
1388085900 21 0 21 0
1388085600 21 0 21 0
1388085300 21 0 21 0
1388085000 21 0 21 0
1388084700 21 0 21 0
1388084400 21 0 21 0
1388084100 21 0 21 0
1388083800 21 0 21 0
1388083500 21 0 21 0
1388083200 21 0 21 0
1388082900 21 0 21 0
1388082600 21 0 21 0
1388082300 21 0 21 0
1388082000 21 0 21 0
1388081700 21 0 21 0
1388081400 21 0 21 0
1388081100 21 0 21 0
1388080800 21 0 21 0
1388080500 21 0 21 0
1388080200 21 0 21 0
1388079900 21 0 21 0
1388079600 21 0 21 0
1388079300 21 0 21 0
1388079000 21 0 21 0
1388078700 21 0 21 0
1388078400 21 0 21 0
1388078100 21 0 21 0
1388077800 21 0 21 0
1388077500 21 0 21 0
1388077200 21 0 21 0
1388076900 21 0 21 0
1388076600 21 0 21 0
1388076300 21 0 21 0
1388076000 21 0 21 0
1388075700 21 0 21 0
1388075400 21 0 21 0
1388075100 21 0 21 0
1388074800 21 0 21 0
1388074500 21 0 21 0
1388074200 21 0 21 0
1388073900 21 0 21 0
1388073600 21 0 21 0
1388073300 21 0 21 0
1388073000 21 0 21 0
1388072700 21 0 21 0
1388072400 21 0 21 0
1388072100 21 0 21 0
1388071800 21 0 21 0
1388071500 21 0 21 0
1388071200 21 0 21 0
1388070900 21 0 21 0
1388070600 21 0 21 0
1388070300 21 0 21 0
1388070000 21 0 21 0
1388069700 21 0 21 0
1388069400 21 0 21 0
1388069100 21 0 21 0
1388068800 21 0 21 0
1388068500 21 0 21 0
1388068200 21 0 21 0
1388067900 21 0 21 0
1388067600 21 0 21 0
1388067300 21 0 21 0
1388067000 21 0 21 0
1388066700 21 0 21 0
1388066400 21 0 21 0
1388066100 21 0 21 0
1388065800 21 0 21 0
1388065500 21 0 21 0
1388065200 21 0 21 0
1388064900 21 0 21 0
1388064600 21 0 21 0
1388064300 21 0 21 0
1388064000 21 0 21 0
1388063700 21 0 21 0
1388063400 21 0 21 0
1388063100 21 0 21 0
1388062800 21 0 21 0
1388062500 21 0 21 0
1388062200 21 0 21 0
1388061900 21 0 21 0
1388061600 21 0 21 0
1388061300 21 0 21 0
1388061000 21 0 21 0
1388060700 21 0 21 0
1388060400 21 0 21 0
1388060100 21 0 21 0
1388059800 21 0 21 0
1388059500 21 0 21 0
1388059200 21 0 21 0
1388058900 21 0 21 0
1388058600 21 0 21 0
1388058300 21 0 21 0
1388058000 21 0 21 0
1388057700 21 0 21 0
1388057400 21 0 21 0
1388057100 21 0 21 0
1388056800 21 0 21 0
1388056500 21 0 21 0
1388056200 21 0 21 0
1388055900 21 0 21 0
1388055600 21 0 21 0
1388055300 21 0 21 0
1388055000 21 0 21 0
1388054700 21 0 21 0
1388054400 21 0 21 0
1388054100 21 0 21 0
1388053800 21 0 21 0
1388053500 21 0 21 0
1388053200 21 0 21 0
1388052900 21 0 21 0
1388052600 21 0 21 0
1388052300 21 0 21 0
1388052000 21 0 21 0
1388051700 21 0 21 0
1388051400 21 0 21 0
1388051100 21 0 21 0
1388050800 21 0 21 0
1388050500 21 0 21 0
1388050200 21 0 21 0
1388049900 21 0 21 0
1388049600 21 0 21 0
1388049300 21 0 21 0
1388049000 21 0 21 0
1388048700 21 0 21 0
1388048400 21 0 21 0
1388048100 21 0 21 0
1388047800 21 0 21 0
1388047500 21 0 21 0
1388047200 21 0 21 0
1388046900 21 0 21 0
1388046600 21 0 21 0
1388046300 21 0 21 0
1388046000 21 0 21 0
1388045700 21 0 21 0
1388045400 21 0 21 0
1388045100 21 0 21 0
1388044800 21 0 21 0
1388044500 21 0 21 0
1388044200 21 0 21 0
1388043900 21 0 21 0
1388043600 21 0 21 0
1388043300 21 0 21 0
1388043000 21 0 21 0
1388042700 21 0 21 0
1388042400 21 0 21 0
1388042100 21 0 21 0
1388041800 21 0 21 0
1388041500 21 0 21 0
1388041200 21 0 21 0
1388040900 21 0 21 0
1388040600 21 0 21 0
1388040300 21 0 21 0
1388040000 21 0 21 0
1388039700 21 0 21 0
1388039400 21 0 21 0
1388039100 21 0 21 0
1388038800 21 0 21 0
1388038500 21 0 21 0
1388038200 21 0 21 0
1388037900 21 0 21 0
1388037600 21 0 21 0
1388037300 21 0 21 0
1388037000 21 0 21 0
1388036700 21 0 21 0
1388036400 21 0 21 0
1388036100 21 0 21 0
1388035800 21 0 21 0
1388035500 21 0 21 0
1388035200 21 0 21 0
1388034900 21 0 21 0
1388034600 21 0 21 0
1388034300 21 0 21 0
1388034000 21 0 21 0
1388033700 21 0 21 0
1388033400 21 0 21 0
1388033100 21 0 21 0
1388032800 21 0 21 0
1388032500 21 0 21 0
1388032200 21 0 21 0
1388031900 21 0 21 0
1388031600 21 0 21 0
1388031300 21 0 21 0
1388031000 21 0 21 0
1388030700 21 0 21 0
1388030400 21 0 21 0
1388030100 21 0 21 0
1388029800 21 0 21 0
1388029500 21 0 21 0
1388029200 21 0 21 0
1388028900 21 0 21 0
1388028600 21 0 21 0
1388028300 21 0 21 0
1388028000 21 0 21 0
1388027700 21 0 21 0
1388027400 21 0 21 0
1388027100 21 0 21 0
1388026800 21 0 21 0
1388026500 21 0 21 0
1388026200 21 0 21 0
1388025900 21 0 21 0
1388025600 21 0 21 0
1388025300 21 0 21 0
1388025000 21 0 21 0
1388024700 21 0 21 0
1388024400 21 0 21 0
1388024100 21 0 21 0
1388023800 21 0 21 0
1388023500 21 0 21 0
1388023200 21 0 21 0
1388022900 21 0 21 0
1388022600 21 0 21 0
1388022300 21 0 21 0
1388022000 21 0 21 0
1388021700 21 0 21 0
1388021400 21 0 21 0
1388021100 21 0 21 0
1388020800 21 0 21 0
1388020500 21 0 21 0
1388020200 21 0 21 0
1388019900 21 0 21 0
1388019600 21 0 21 0
1388019300 21 0 21 0
1388019000 21 0 21 0
1388018700 21 0 21 0
1388018400 21 0 21 0
1388018100 21 0 21 0
1388017800 21 0 21 0
1388017500 21 0 21 0
1388017200 21 0 21 0
1388016900 21 0 21 0
1388016600 21 0 21 0
1388016300 21 0 21 0
1388016000 21 0 21 0
1388015700 21 0 21 0
1388015400 21 0 21 0
1388015100 21 0 21 0
1388014800 21 0 21 0
1388014500 21 0 21 0
1388014200 21 0 21 0
1388013900 21 0 21 0
1388013600 21 0 21 0
1388013300 21 0 21 0
1388013000 21 0 21 0
1388012700 21 0 21 0
1388012400 21 0 21 0
1388012100 21 0 21 0
1388011800 21 0 21 0
1388011500 21 0 21 0
1388011200 21 0 21 0
1388010900 21 0 21 0
1388010600 21 0 21 0
1388010300 21 0 21 0
1388010000 21 0 21 0
1388009700 21 0 21 0
1388009400 21 0 21 0
1388009100 21 0 21 0
1388008800 21 0 21 0
1388008500 21 0 21 0
1388008200 21 0 21 0
1388007900 21 0 21 0
1388007600 21 0 21 0
1388007300 21 0 21 0
1388007000 21 0 21 0
1388006700 21 0 21 0
1388006400 21 0 21 0
1388006100 21 0 21 0
1388005800 21 0 21 0
1388005500 21 0 21 0
1388005200 21 0 21 0
1388004900 21 0 21 0
1388004600 21 0 21 0
1388004300 21 0 21 0
1388004000 21 0 21 0
1388003700 21 0 21 0
1388003400 21 0 21 0
1388003100 21 0 21 0
1388002800 21 0 21 0
1388002500 21 0 21 0
1388002200 21 0 21 0
1388001900 21 0 21 0
1388001600 21 0 21 0
1388001300 21 0 21 0
1388001000 21 0 21 0
1388000700 21 0 21 0
1388000400 21 0 21 0
1388000100 21 0 21 0
1387999800 21 0 21 0
1387999500 21 0 21 0
1387999200 21 0 21 0
1387998900 21 0 21 0
1387998600 21 0 21 0
1387998300 21 0 21 0
1387998000 21 0 21 0
1387997700 21 0 21 0
1387997400 21 0 21 0
1387997100 21 0 21 0
1387996800 21 0 21 0
1387996500 21 0 21 0
1387996200 21 0 21 0
1387995900 21 0 21 0
1387995600 21 0 21 0
1387995300 21 0 21 0
1387995000 21 0 21 0
1387994700 21 0 21 0
1387994400 21 0 21 0
1387994100 21 0 21 0
1387993800 21 0 21 0
1387993500 21 0 21 0
1387993200 21 0 21 0
1387992900 21 0 21 0
1387992600 21 0 21 0
1387992300 21 0 21 0
1387992000 21 0 21 0
1387991700 21 0 21 0
1387991400 21 0 21 0
1387991100 21 0 21 0
1387990800 21 0 21 0
1387990500 21 0 21 0
1387990200 21 0 21 0
1387989900 21 0 21 0
1387989600 21 0 21 0
1387989300 21 0 21 0
1387989000 21 0 21 0
1387988700 21 0 21 0
1387988400 21 0 21 0
1387988100 21 0 21 0
1387987800 21 0 21 0
1387987500 21 0 21 0
1387987200 21 0 21 0
1387986900 21 0 21 0
1387986600 21 0 21 0
1387986300 21 0 21 0
1387986000 21 0 21 0
1387985700 21 0 21 0
1387985400 21 0 21 0
1387985100 21 0 21 0
1387984800 21 0 21 0
1387984500 21 0 21 0
1387984200 21 0 21 0
1387983900 21 0 21 0
1387983600 21 0 21 0
1387983300 21 0 21 0
1387983000 21 0 21 0
1387982700 21 0 21 0
1387982400 21 0 21 0
1387982100 21 0 21 0
1387981800 21 0 21 0
1387981500 21 0 21 0
1387981200 21 0 21 0
1387980900 21 0 21 0
1387980600 21 0 21 0
1387980300 21 0 21 0
1387980000 21 0 21 0
1387979700 21 0 21 0
1387979400 21 0 21 0
1387979100 21 0 21 0
1387978800 21 0 21 0
1387978500 21 0 21 0
1387978200 21 0 21 0
1387977900 21 0 21 0
1387977600 21 0 21 0
1387977300 21 0 21 0
1387977000 21 0 21 0
1387976700 21 0 21 0
1387976400 21 0 21 0
1387976100 21 0 21 0
1387975800 21 0 21 0
1387975500 21 0 21 0
1387975200 21 0 21 0
1387974900 21 0 21 0
1387974600 21 0 21 0
1387974300 21 0 21 0
1387974000 21 0 21 0
1387973700 21 0 21 0
1387973400 21 0 21 0
1387973100 21 0 21 0
1387972800 21 0 21 0
1387972500 21 0 21 0
1387972200 21 0 21 0
1387971900 21 0 21 0
1387971600 21 0 21 0
1387971300 21 0 21 0
1387971000 21 0 21 0
1387970700 21 0 21 0
1387970400 21 0 21 0
1387970100 21 0 21 0
1387969800 21 0 21 0
1387969500 21 0 21 0
1387969200 21 0 21 0
1387968900 21 0 21 0
1387968600 21 0 21 0
1387968300 21 0 21 0
1387968000 21 0 21 0
1387967700 21 0 21 0
1387967400 21 0 21 0
1387967100 21 0 21 0
1387966800 21 0 21 0
1387966500 21 0 21 0
1387966200 21 0 21 0
1387965900 21 0 21 0
1387965600 21 0 21 0
1387965300 21 0 21 0
1387965000 21 0 21 0
1387963800 21 0 21 0
1387962000 21 0 21 0
1387960200 21 0 21 0
1387958400 21 0 21 0
1387956600 21 0 21 0
1387954800 21 0 21 0
1387953000 21 0 21 0
1387951200 21 0 21 0
1387949400 21 0 21 0
1387947600 21 0 21 0
1387945800 21 0 21 0
1387944000 21 0 21 0
1387942200 21 0 21 0
1387940400 21 0 21 0
1387938600 21 0 21 0
1387936800 21 0 21 0
1387935000 21 0 21 0
1387933200 21 0 21 0
1387931400 21 0 21 0
1387929600 21 0 21 0
1387927800 21 0 21 0
1387926000 21 0 21 0
1387924200 21 0 21 0
1387922400 21 0 21 0
1387920600 21 0 21 0
1387918800 21 0 21 0
1387917000 21 0 21 0
1387915200 21 0 21 0
1387913400 21 0 21 0
1387911600 21 0 21 0
1387909800 21 0 21 0
1387908000 21 0 21 0
1387906200 21 0 21 0
1387904400 21 0 21 0
1387902600 21 0 21 0
1387900800 21 0 21 0
1387899000 21 0 21 0
1387897200 21 0 21 0
1387895400 21 0 21 0
1387893600 21 0 21 0
1387891800 21 0 21 0
1387890000 21 0 21 0
1387888200 21 0 21 0
1387886400 21 0 21 0
1387884600 21 0 21 0
1387882800 21 0 21 0
1387881000 21 0 21 0
1387879200 21 0 21 0
1387877400 21 0 21 0
1387875600 21 0 21 0
1387873800 21 0 21 0
1387872000 21 0 21 0
1387870200 21 0 21 0
1387868400 21 0 21 0
1387866600 21 0 21 0
1387864800 21 0 21 0
1387863000 21 0 21 0
1387861200 21 0 21 0
1387859400 21 0 21 0
1387857600 21 0 21 0
1387855800 21 0 21 0
1387854000 21 0 21 0
1387852200 21 0 21 0
1387850400 21 0 21 0
1387848600 21 0 21 0
1387846800 21 0 21 0
1387845000 21 0 21 0
1387843200 21 0 21 0
1387841400 21 0 21 0
1387839600 21 0 21 0
1387837800 21 0 21 0
1387836000 21 0 21 0
1387834200 21 0 21 0
1387832400 21 0 21 0
1387830600 21 0 21 0
1387828800 21 0 21 0
1387827000 21 0 21 0
1387825200 21 0 21 0
1387823400 21 0 21 0
1387821600 21 0 21 0
1387819800 21 0 21 0
1387818000 21 0 21 0
1387816200 21 0 21 0
1387814400 21 0 21 0
1387812600 21 0 21 0
1387810800 21 0 21 0
1387809000 21 0 21 0
1387807200 21 0 21 0
1387805400 21 0 21 0
1387803600 21 0 21 0
1387801800 21 0 21 0
1387800000 21 0 21 0
1387798200 21 0 21 0
1387796400 21 0 21 0
1387794600 21 0 21 0
1387792800 21 0 21 0
1387791000 21 0 21 0
1387789200 21 0 21 0
1387787400 21 0 21 0
1387785600 21 0 21 0
1387783800 21 0 21 0
1387782000 21 0 21 0
1387780200 21 0 21 0
1387778400 21 0 21 0
1387776600 21 0 21 0
1387774800 21 0 21 0
1387773000 21 0 21 0
1387771200 21 0 21 0
1387769400 21 0 21 0
1387767600 21 0 21 0
1387765800 21 0 21 0
1387764000 21 0 21 0
1387762200 21 0 21 0
1387760400 21 0 21 0
1387758600 21 0 21 0
1387756800 21 0 21 0
1387755000 21 0 21 0
1387753200 21 0 21 0
1387751400 21 0 21 0
1387749600 21 0 21 0
1387747800 21 0 21 0
1387746000 21 0 21 0
1387744200 21 0 21 0
1387742400 21 0 21 0
1387740600 21 0 21 0
1387738800 21 0 21 0
1387737000 21 0 21 0
1387735200 21 0 21 0
1387733400 21 0 21 0
1387731600 21 0 21 0
1387729800 21 0 21 0
1387728000 21 0 21 0
1387726200 21 0 21 0
1387724400 21 0 21 0
1387722600 21 0 21 0
1387720800 21 0 21 0
1387719000 21 0 21 0
1387717200 21 0 21 0
1387715400 21 0 21 0
1387713600 21 0 21 0
1387711800 21 0 21 0
1387710000 21 0 21 0
1387708200 21 0 21 0
1387706400 21 0 21 0
1387704600 21 0 21 0
1387702800 21 0 21 0
1387701000 21 0 21 0
1387699200 21 0 21 0
1387697400 21 0 21 0
1387695600 21 0 21 0
1387693800 21 0 21 0
1387692000 21 0 21 0
1387690200 21 0 21 0
1387688400 21 0 21 0
1387686600 21 0 21 0
1387684800 21 0 21 0
1387683000 21 0 21 0
1387681200 21 0 21 0
1387679400 21 0 21 0
1387677600 21 0 21 0
1387675800 21 0 21 0
1387674000 21 0 21 0
1387672200 21 0 21 0
1387670400 21 0 21 0
1387668600 21 0 21 0
1387666800 21 0 21 0
1387665000 21 0 21 0
1387663200 21 0 21 0
1387661400 21 0 21 0
1387659600 21 0 21 0
1387657800 21 0 21 0
1387656000 21 0 21 0
1387654200 21 0 21 0
1387652400 21 0 21 0
1387650600 21 0 21 0
1387648800 21 0 21 0
1387647000 21 0 21 0
1387645200 21 0 21 0
1387643400 21 0 21 0
1387641600 21 0 21 0
1387639800 21 0 21 0
1387638000 21 0 21 0
1387636200 21 0 21 0
1387634400 21 0 21 0
1387632600 21 0 21 0
1387630800 21 0 21 0
1387629000 21 0 21 0
1387627200 21 0 21 0
1387625400 21 0 21 0
1387623600 21 0 21 0
1387621800 21 0 21 0
1387620000 21 0 21 0
1387618200 21 0 21 0
1387616400 21 0 21 0
1387614600 21 0 21 0
1387612800 21 0 21 0
1387611000 21 0 21 0
1387609200 21 0 21 0
1387607400 21 0 21 0
1387605600 21 0 21 0
1387603800 21 0 21 0
1387602000 21 0 21 0
1387600200 21 0 21 0
1387598400 21 0 21 0
1387596600 21 0 21 0
1387594800 21 0 21 0
1387593000 21 0 21 0
1387591200 21 0 21 0
1387589400 21 0 21 0
1387587600 21 0 21 0
1387585800 21 0 21 0
1387584000 21 0 21 0
1387582200 21 0 21 0
1387580400 21 0 21 0
1387578600 21 0 21 0
1387576800 21 0 21 0
1387575000 21 0 21 0
1387573200 21 0 21 0
1387571400 21 0 21 0
1387569600 21 0 21 0
1387567800 21 0 21 0
1387566000 21 0 21 0
1387564200 21 0 21 0
1387562400 21 0 21 0
1387560600 21 0 21 0
1387558800 21 0 21 0
1387557000 21 0 21 0
1387555200 21 0 21 0
1387553400 21 0 21 0
1387551600 21 0 21 0
1387549800 21 0 21 0
1387548000 21 0 21 0
1387546200 21 0 21 0
1387544400 21 0 21 0
1387542600 21 0 21 0
1387540800 21 0 21 0
1387539000 21 0 21 0
1387537200 21 0 21 0
1387535400 21 0 21 0
1387533600 21 0 21 0
1387531800 21 0 21 0
1387530000 21 0 21 0
1387528200 21 0 21 0
1387526400 21 0 21 0
1387524600 21 0 21 0
1387522800 21 0 21 0
1387521000 21 0 21 0
1387519200 21 0 21 0
1387517400 21 0 21 0
1387515600 21 0 21 0
1387513800 21 0 21 0
1387512000 21 0 21 0
1387510200 21 0 21 0
1387508400 21 0 21 0
1387506600 21 0 21 0
1387504800 21 0 21 0
1387503000 21 0 21 0
1387501200 21 0 21 0
1387499400 21 0 21 0
1387497600 21 0 21 0
1387495800 21 0 21 0
1387494000 21 0 21 0
1387492200 21 0 21 0
1387490400 21 0 21 0
1387488600 21 0 21 0
1387486800 21 0 21 0
1387485000 21 0 21 0
1387483200 21 0 21 0
1387481400 21 0 21 0
1387479600 21 0 21 0
1387477800 21 0 21 0
1387476000 21 0 21 0
1387474200 21 0 21 0
1387472400 21 0 21 0
1387470600 21 0 21 0
1387468800 21 0 21 0
1387467000 21 0 21 0
1387465200 21 0 21 0
1387463400 21 0 21 0
1387461600 21 0 21 0
1387459800 21 0 21 0
1387458000 21 0 21 0
1387456200 21 0 21 0
1387454400 21 0 21 0
1387452600 21 0 21 0
1387450800 21 0 21 0
1387449000 21 0 21 0
1387447200 21 0 21 0
1387445400 21 0 21 0
1387443600 21 0 21 0
1387441800 21 0 21 0
1387440000 21 0 21 0
1387438200 21 0 21 0
1387436400 21 0 21 0
1387434600 21 0 21 0
1387432800 21 0 21 0
1387431000 21 0 21 0
1387429200 21 0 21 0
1387427400 21 0 21 0
1387425600 21 0 21 0
1387423800 21 0 21 0
1387422000 21 0 21 0
1387420200 21 0 21 0
1387418400 21 0 21 0
1387416600 21 0 21 0
1387414800 21 0 21 0
1387413000 21 0 21 0
1387411200 21 0 21 0
1387409400 21 0 21 0
1387407600 21 0 21 0
1387405800 21 0 21 0
1387404000 21 0 21 0
1387402200 21 0 21 0
1387400400 21 0 21 0
1387398600 21 0 21 0
1387396800 21 0 21 0
1387395000 21 0 21 0
1387393200 21 0 21 0
1387391400 21 0 21 0
1387389600 21 0 21 0
1387387800 21 0 21 0
1387386000 21 0 21 0
1387384200 21 0 21 0
1387382400 21 0 21 0
1387380600 21 0 21 0
1387378800 21 0 21 0
1387377000 21 0 21 0
1387375200 21 0 21 0
1387373400 21 0 21 0
1387371600 21 0 21 0
1387369800 21 0 21 0
1387368000 21 0 21 0
1387366200 21 0 21 0
1387364400 21 0 21 0
1387362600 21 0 21 0
1387360800 21 0 21 0
1387359000 21 0 21 0
1387357200 21 0 21 0
1387355400 21 0 21 0
1387353600 21 0 21 0
1387351800 21 0 21 0
1387350000 21 0 21 0
1387348200 21 0 21 0
1387346400 21 0 21 0
1387344600 21 0 21 0
1387342800 21 0 21 0
1387341000 21 0 21 0
1387339200 21 0 21 0
1387337400 21 0 21 0
1387335600 21 0 21 0
1387333800 21 0 21 0
1387332000 21 0 21 0
1387330200 21 0 21 0
1387328400 21 0 21 0
1387326600 21 0 21 0
1387324800 21 0 21 0
1387323000 21 0 21 0
1387321200 21 0 21 0
1387319400 21 0 21 0
1387317600 21 0 21 0
1387315800 21 0 21 0
1387314000 21 0 21 0
1387312200 21 0 21 0
1387310400 21 0 21 0
1387308600 21 0 21 0
1387306800 21 0 21 0
1387305000 21 0 21 0
1387303200 21 0 21 0
1387301400 21 0 21 0
1387299600 21 0 21 0
1387297800 21 0 21 0
1387296000 21 0 21 0
1387294200 21 0 21 0
1387292400 21 0 21 0
1387290600 21 0 21 0
1387288800 21 0 21 0
1387287000 21 0 21 0
1387285200 21 0 21 0
1387283400 21 0 21 0
1387281600 21 0 21 0
1387279800 21 0 21 0
1387278000 21 0 21 0
1387276200 21 0 21 0
1387274400 21 0 21 0
1387272600 21 0 21 0
1387270800 21 0 21 0
1387269000 21 0 21 0
1387267200 21 0 21 0
1387265400 21 0 21 0
1387263600 21 0 21 0
1387261800 21 0 21 0
1387260000 21 0 21 0
1387258200 21 0 21 0
1387256400 21 0 21 0
1387254600 21 0 21 0
1387252800 21 0 21 0
1387251000 21 0 21 0
1387249200 21 0 21 0
1387247400 21 0 21 0
1387245600 21 0 21 0
1387243800 21 0 21 0
1387242000 21 0 21 0
1387240200 21 0 21 0
1387238400 21 0 21 0
1387236600 21 0 21 0
1387234800 21 0 21 0
1387233000 21 0 21 0
1387231200 21 0 21 0
1387229400 21 0 21 0
1387227600 21 0 21 0
1387225800 21 0 21 0
1387224000 21 0 21 0
1387222200 21 0 21 0
1387220400 21 0 21 0
1387218600 21 0 21 0
1387216800 21 0 21 0
1387215000 21 0 21 0
1387213200 21 0 21 0
1387211400 21 0 21 0
1387209600 21 0 21 0
1387207800 21 0 21 0
1387206000 21 0 21 0
1387204200 21 0 21 0
1387202400 21 0 21 0
1387200600 21 0 21 0
1387198800 21 0 21 0
1387197000 21 0 21 0
1387195200 21 0 21 0
1387193400 21 0 21 0
1387191600 21 0 21 0
1387189800 21 0 21 0
1387188000 21 0 21 0
1387186200 21 0 21 0
1387184400 21 0 21 0
1387182600 21 0 21 0
1387180800 21 0 21 0
1387179000 21 0 21 0
1387177200 21 0 21 0
1387175400 21 0 21 0
1387173600 21 0 21 0
1387171800 21 0 21 0
1387170000 21 0 21 0
1387168200 21 0 21 0
1387166400 21 0 21 0
1387164600 21 0 21 0
1387162800 21 0 21 0
1387161000 21 0 21 0
1387159200 21 0 21 0
1387157400 21 0 21 0
1387155600 21 0 21 0
1387153800 21 0 21 0
1387152000 21 0 21 0
1387150200 21 0 21 0
1387148400 21 0 21 0
1387146600 21 0 21 0
1387144800 21 0 21 0
1387143000 21 0 21 0
1387141200 21 0 21 0
1387139400 21 0 21 0
1387137600 21 0 21 0
1387135800 21 0 21 0
1387134000 21 0 21 0
1387132200 21 0 21 0
1387130400 21 0 21 0
1387128600 21 0 21 0
1387126800 21 0 21 0
1387125000 21 0 21 0
1387123200 21 0 21 0
1387121400 21 0 21 0
1387119600 21 0 21 0
1387117800 21 0 21 0
1387116000 21 0 21 0
1387114200 21 0 21 0
1387112400 21 0 21 0
1387110600 21 0 21 0
1387108800 21 0 21 0
1387107000 21 0 21 0
1387105200 21 0 21 0
1387103400 21 0 21 0
1387101600 21 0 21 0
1387099800 21 0 21 0
1387098000 21 0 21 0
1387096200 21 0 21 0
1387094400 21 0 21 0
1387092600 21 0 21 0
1387090800 21 0 21 0
1387089000 21 0 21 0
1387087200 21 0 21 0
1387085400 21 0 21 0
1387083600 21 0 21 0
1387081800 21 0 21 0
1387080000 21 0 21 0
1387078200 21 0 21 0
1387076400 21 0 21 0
1387074600 21 0 21 0
1387072800 21 0 21 0
1387071000 21 0 21 0
1387069200 21 0 21 0
1387067400 21 0 21 0
1387065600 21 0 21 0
1387063800 21 0 21 0
1387062000 21 0 21 0
1387060200 21 0 21 0
1387058400 21 0 21 0
1387056600 21 0 21 0
1387054800 21 0 21 0
1387053000 21 0 21 0
1387051200 21 0 21 0
1387049400 21 0 21 0
1387047600 21 0 21 0
1387045800 21 0 21 0
1387044000 21 0 21 0
1387042200 21 0 21 0
1387040400 21 0 21 0
1387038600 21 0 21 0
1387036800 21 0 21 0
1387035000 21 0 21 0
1387033200 21 0 21 0
1387031400 21 0 21 0
1387029600 21 0 21 0
1387027800 21 0 21 0
1387026000 21 0 21 0
1387024200 21 0 21 0
1387022400 21 0 21 0
1387020600 21 0 21 0
1387018800 21 0 21 0
1387017000 21 0 21 0
1387015200 21 0 21 0
1387013400 21 0 21 0
1387011600 21 0 21 0
1387009800 21 0 21 0
1387008000 21 0 21 0
1387006200 21 0 21 0
1387004400 21 0 21 0
1387002600 21 0 21 0
1387000800 21 0 21 0
1386999000 21 0 21 0
1386997200 21 0 21 0
1386995400 21 0 21 0
1386993600 21 0 21 0
1386991800 21 0 21 0
1386990000 21 0 21 0
1386988200 21 0 21 0
1386986400 21 0 21 0
1386984600 21 0 21 0
1386982800 21 0 21 0
1386981000 21 0 21 0
1386979200 21 0 21 0
1386977400 21 0 21 0
1386975600 21 0 21 0
1386973800 21 0 21 0
1386972000 21 0 21 0
1386970200 21 0 21 0
1386968400 21 0 21 0
1386966600 21 0 21 0
1386964800 21 0 21 0
1386963000 21 0 21 0
1386961200 21 0 21 0
1386959400 21 0 21 0
1386957600 21 0 21 0
1386955800 21 0 21 0
1386954000 21 0 21 0
1386952200 21 0 21 0
1386950400 21 0 21 0
1386948600 21 0 21 0
1386946800 21 0 21 0
1386945000 21 0 21 0
1386943200 21 0 21 0
1386941400 21 0 21 0
1386939600 21 0 21 0
1386937800 21 0 21 0
1386936000 21 0 21 0
1386934200 21 0 21 0
1386932400 21 0 21 0
1386930600 21 0 21 0
1386928800 21 0 21 0
1386927000 21 0 21 0
1386925200 21 0 21 0
1386923400 21 0 21 0
1386921600 21 0 21 0
1386919800 21 0 21 0
1386918000 21 0 21 0
1386916200 21 0 21 0
1386914400 21 0 21 0
1386912600 21 0 21 0
1386910800 21 0 21 0
1386909000 21 0 21 0
1386907200 21 0 21 0
1386905400 21 0 21 0
1386903600 21 0 21 0
1386901800 21 0 21 0
1386900000 21 0 21 0
1386898200 21 0 21 0
1386896400 21 0 21 0
1386894600 21 0 21 0
1386892800 21 0 21 0
1386891000 21 0 21 0
1386889200 21 0 21 0
1386887400 21 0 21 0
1386885600 21 0 21 0
1386883800 21 0 21 0
1386878400 21 0 21 0
1386871200 21 0 21 0
1386864000 21 0 21 0
1386856800 21 0 21 0
1386849600 21 0 21 0
1386842400 21 0 21 0
1386835200 21 0 21 0
1386828000 21 0 21 0
1386820800 21 0 21 0
1386813600 21 0 21 0
1386806400 21 0 21 0
1386799200 21 0 21 0
1386792000 21 0 21 0
1386784800 21 0 21 0
1386777600 21 0 21 0
1386770400 21 0 21 0
1386763200 21 0 21 0
1386756000 21 0 21 0
1386748800 21 0 21 0
1386741600 21 0 21 0
1386734400 21 0 21 0
1386727200 21 0 21 0
1386720000 21 0 21 0
1386712800 21 0 21 0
1386705600 21 0 21 0
1386698400 21 0 21 0
1386691200 21 0 21 0
1386684000 21 0 21 0
1386676800 21 0 21 0
1386669600 21 0 21 0
1386662400 21 0 21 0
1386655200 21 0 21 0
1386648000 21 0 21 0
1386640800 21 0 21 0
1386633600 21 0 21 0
1386626400 21 0 21 0
1386619200 21 0 21 0
1386612000 21 0 21 0
1386604800 21 0 21 0
1386597600 21 0 21 0
1386590400 21 0 21 0
1386583200 21 0 21 0
1386576000 21 0 21 0
1386568800 21 0 21 0
1386561600 21 0 21 0
1386554400 21 0 21 0
1386547200 21 0 21 0
1386540000 21 0 21 0
1386532800 21 0 21 0
1386525600 21 0 21 0
1386518400 21 0 21 0
1386511200 21 0 21 0
1386504000 21 0 21 0
1386496800 21 0 21 0
1386489600 21 0 21 0
1386482400 21 0 21 0
1386475200 21 0 21 0
1386468000 21 0 21 0
1386460800 21 0 21 0
1386453600 21 0 21 0
1386446400 21 0 21 0
1386439200 21 0 21 0
1386432000 21 0 21 0
1386424800 21 0 21 0
1386417600 21 0 21 0
1386410400 21 0 21 0
1386403200 21 0 21 0
1386396000 21 0 21 0
1386388800 21 0 21 0
1386381600 21 0 21 0
1386374400 21 0 21 0
1386367200 21 0 21 0
1386360000 21 0 21 0
1386352800 21 0 21 0
1386345600 21 0 21 0
1386338400 21 0 21 0
1386331200 21 0 21 0
1386324000 21 0 21 0
1386316800 21 0 21 0
1386309600 21 0 21 0
1386302400 21 0 21 0
1386295200 21 0 21 0
1386288000 21 0 21 0
1386280800 21 0 21 0
1386273600 21 0 21 0
1386266400 21 0 21 0
1386259200 21 0 21 0
1386252000 21 0 21 0
1386244800 21 0 21 0
1386237600 21 0 21 0
1386230400 21 0 21 0
1386223200 21 0 21 0
1386216000 21 0 21 0
1386208800 21 0 21 0
1386201600 21 0 21 0
1386194400 21 0 21 0
1386187200 21 0 21 0
1386180000 21 0 21 0
1386172800 21 0 21 0
1386165600 21 0 21 0
1386158400 21 0 21 0
1386151200 21 0 21 0
1386144000 21 0 21 0
1386136800 21 0 21 0
1386129600 21 0 21 0
1386122400 21 0 21 0
1386115200 21 0 21 0
1386108000 21 0 21 0
1386100800 21 0 21 0
1386093600 21 0 21 0
1386086400 21 0 21 0
1386079200 21 0 21 0
1386072000 21 0 21 0
1386064800 21 0 21 0
1386057600 21 0 21 0
1386050400 21 0 21 0
1386043200 21 0 21 0
1386036000 21 0 21 0
1386028800 21 0 21 0
1386021600 21 0 21 0
1386014400 21 0 21 0
1386007200 21 0 21 0
1386000000 21 0 21 0
1385992800 21 0 21 0
1385985600 21 0 21 0
1385978400 21 0 21 0
1385971200 21 0 21 0
1385964000 21 0 21 0
1385956800 21 0 21 0
1385949600 21 0 21 0
1385942400 21 0 21 0
1385935200 21 0 21 0
1385928000 21 0 21 0
1385920800 21 0 21 0
1385913600 21 0 21 0
1385906400 21 0 21 0
1385899200 21 0 21 0
1385892000 21 0 21 0
1385884800 21 0 21 0
1385877600 21 0 21 0
1385870400 21 0 21 0
1385863200 21 0 21 0
1385856000 21 0 21 0
1385848800 21 0 21 0
1385841600 21 0 21 0
1385834400 21 0 21 0
1385827200 21 0 21 0
1385820000 21 0 21 0
1385812800 21 0 21 0
1385805600 21 0 21 0
1385798400 21 0 21 0
1385791200 21 0 21 0
1385784000 21 0 21 0
1385776800 21 0 21 0
1385769600 21 0 21 0
1385762400 21 0 21 0
1385755200 21 0 21 0
1385748000 21 0 21 0
1385740800 21 0 21 0
1385733600 21 0 21 0
1385726400 21 0 21 0
1385719200 21 0 21 0
1385712000 21 0 21 0
1385704800 21 0 21 0
1385697600 21 0 21 0
1385690400 21 0 21 0
1385683200 21 0 21 0
1385676000 21 0 21 0
1385668800 21 0 21 0
1385661600 21 0 21 0
1385654400 21 0 21 0
1385647200 21 0 21 0
1385640000 21 0 21 0
1385632800 21 0 21 0
1385625600 21 0 21 0
1385618400 21 0 21 0
1385611200 21 0 21 0
1385604000 21 0 21 0
1385596800 21 0 21 0
1385589600 21 0 21 0
1385582400 21 0 21 0
1385575200 21 0 21 0
1385568000 21 0 21 0
1385560800 21 0 21 0
1385553600 21 0 21 0
1385546400 21 0 21 0
1385539200 21 0 21 0
1385532000 21 0 21 0
1385524800 21 0 21 0
1385517600 21 0 21 0
1385510400 21 0 21 0
1385503200 21 0 21 0
1385496000 21 0 21 0
1385488800 21 0 21 0
1385481600 21 0 21 0
1385474400 21 0 21 0
1385467200 21 0 21 0
1385460000 21 0 21 0
1385452800 21 0 21 0
1385445600 21 0 21 0
1385438400 21 0 21 0
1385431200 21 0 21 0
1385424000 21 0 21 0
1385416800 21 0 21 0
1385409600 21 0 21 0
1385402400 21 0 21 0
1385395200 21 0 21 0
1385388000 21 0 21 0
1385380800 21 0 21 0
1385373600 21 0 21 0
1385366400 21 0 21 0
1385359200 21 0 21 0
1385352000 21 0 21 0
1385344800 21 0 21 0
1385337600 21 0 21 0
1385330400 21 0 21 0
1385323200 21 0 21 0
1385316000 21 0 21 0
1385308800 21 0 21 0
1385301600 21 0 21 0
1385294400 21 0 21 0
1385287200 21 0 21 0
1385280000 21 0 21 0
1385272800 21 0 21 0
1385265600 21 0 21 0
1385258400 21 0 21 0
1385251200 21 0 21 0
1385244000 21 0 21 0
1385236800 21 0 21 0
1385229600 21 0 21 0
1385222400 21 0 21 0
1385215200 21 0 21 0
1385208000 21 0 21 0
1385200800 21 0 21 0
1385193600 21 0 21 0
1385186400 21 0 21 0
1385179200 21 0 21 0
1385172000 21 0 21 0
1385164800 21 0 21 0
1385157600 21 0 21 0
1385150400 21 0 21 0
1385143200 21 0 21 0
1385136000 21 0 21 0
1385128800 21 0 21 0
1385121600 21 0 21 0
1385114400 21 0 21 0
1385107200 21 0 21 0
1385100000 21 0 21 0
1385092800 21 0 21 0
1385085600 21 0 21 0
1385078400 21 0 21 0
1385071200 21 0 21 0
1385064000 21 0 21 0
1385056800 21 0 21 0
1385049600 21 0 21 0
1385042400 21 0 21 0
1385035200 21 0 21 0
1385028000 21 0 21 0
1385020800 21 0 21 0
1385013600 21 0 21 0
1385006400 21 0 21 0
1384999200 21 0 21 0
1384992000 21 0 21 0
1384984800 21 0 21 0
1384977600 21 0 21 0
1384970400 21 0 21 0
1384963200 21 0 21 0
1384956000 21 0 21 0
1384948800 21 0 21 0
1384941600 21 0 21 0
1384934400 21 0 21 0
1384927200 21 0 21 0
1384920000 21 0 21 0
1384912800 21 0 21 0
1384905600 21 0 21 0
1384898400 21 0 21 0
1384891200 21 0 21 0
1384884000 21 0 21 0
1384876800 21 0 21 0
1384869600 21 0 21 0
1384862400 21 0 21 0
1384855200 21 0 21 0
1384848000 21 0 21 0
1384840800 21 0 21 0
1384833600 21 0 21 0
1384826400 21 0 21 0
1384819200 21 0 21 0
1384812000 21 0 21 0
1384804800 21 0 21 0
1384797600 21 0 21 0
1384790400 21 0 21 0
1384783200 21 0 21 0
1384776000 21 0 21 0
1384768800 21 0 21 0
1384761600 21 0 21 0
1384754400 21 0 21 0
1384747200 21 0 21 0
1384740000 21 0 21 0
1384732800 21 0 21 0
1384725600 21 0 21 0
1384718400 21 0 21 0
1384711200 21 0 21 0
1384704000 21 0 21 0
1384696800 21 0 21 0
1384689600 21 0 21 0
1384682400 21 0 21 0
1384675200 21 0 21 0
1384668000 21 0 21 0
1384660800 21 0 21 0
1384653600 21 0 21 0
1384646400 21 0 21 0
1384639200 21 0 21 0
1384632000 21 0 21 0
1384624800 21 0 21 0
1384617600 21 0 21 0
1384610400 21 0 21 0
1384603200 21 0 21 0
1384596000 21 0 21 0
1384588800 21 0 21 0
1384581600 21 0 21 0
1384574400 21 0 21 0
1384567200 21 0 21 0
1384560000 21 0 21 0
1384552800 21 0 21 0
1384545600 21 0 21 0
1384538400 21 0 21 0
1384531200 21 0 21 0
1384524000 21 0 21 0
1384516800 21 0 21 0
1384509600 21 0 21 0
1384502400 21 0 21 0
1384495200 21 0 21 0
1384488000 21 0 21 0
1384480800 21 0 21 0
1384473600 21 0 21 0
1384466400 21 0 21 0
1384459200 21 0 21 0
1384452000 21 0 21 0
1384444800 21 0 21 0
1384437600 21 0 21 0
1384430400 21 0 21 0
1384423200 21 0 21 0
1384416000 21 0 21 0
1384408800 21 0 21 0
1384401600 21 0 21 0
1384394400 21 0 21 0
1384387200 21 0 21 0
1384380000 21 0 21 0
1384372800 21 0 21 0
1384365600 21 0 21 0
1384358400 21 0 21 0
1384351200 21 0 21 0
1384344000 21 0 21 0
1384336800 21 0 21 0
1384329600 21 0 21 0
1384322400 21 0 21 0
1384315200 21 0 21 0
1384308000 21 0 21 0
1384300800 21 0 21 0
1384293600 21 0 21 0
1384286400 21 0 21 0
1384279200 21 0 21 0
1384272000 21 0 21 0
1384264800 21 0 21 0
1384257600 21 0 21 0
1384250400 21 0 21 0
1384243200 21 0 21 0
1384236000 21 0 21 0
1384228800 21 0 21 0
1384221600 21 0 21 0
1384214400 21 0 21 0
1384207200 21 0 21 0
1384200000 21 0 21 0
1384192800 21 0 21 0
1384185600 21 0 21 0
1384178400 21 0 21 0
1384171200 21 0 21 0
1384164000 21 0 21 0
1384156800 21 0 21 0
1384149600 21 0 21 0
1384142400 21 0 21 0
1384135200 21 0 21 0
1384128000 21 0 21 0
1384120800 21 0 21 0
1384113600 21 0 21 0
1384106400 21 0 21 0
1384099200 21 0 21 0
1384092000 21 0 21 0
1384084800 21 0 21 0
1384077600 21 0 21 0
1384070400 21 0 21 0
1384063200 21 0 21 0
1384056000 21 0 21 0
1384048800 21 0 21 0
1384041600 21 0 21 0
1384034400 21 0 21 0
1384027200 21 0 21 0
1384020000 21 0 21 0
1384012800 21 0 21 0
1384005600 21 0 21 0
1383998400 21 0 21 0
1383991200 21 0 21 0
1383984000 21 0 21 0
1383976800 21 0 21 0
1383969600 21 0 21 0
1383962400 21 0 21 0
1383955200 21 0 21 0
1383948000 21 0 21 0
1383940800 21 0 21 0
1383933600 21 0 21 0
1383926400 21 0 21 0
1383919200 21 0 21 0
1383912000 21 0 21 0
1383904800 21 0 21 0
1383897600 21 0 21 0
1383890400 21 0 21 0
1383883200 21 0 21 0
1383876000 21 0 21 0
1383868800 21 0 21 0
1383861600 21 0 21 0
1383854400 21 0 21 0
1383847200 21 0 21 0
1383840000 21 0 21 0
1383832800 21 0 21 0
1383825600 21 0 21 0
1383818400 21 0 21 0
1383811200 21 0 21 0
1383804000 21 0 21 0
1383796800 21 0 21 0
1383789600 21 0 21 0
1383782400 21 0 21 0
1383775200 21 0 21 0
1383768000 21 0 21 0
1383760800 21 0 21 0
1383753600 21 0 21 0
1383746400 21 0 21 0
1383739200 21 0 21 0
1383732000 21 0 21 0
1383724800 21 0 21 0
1383717600 21 0 21 0
1383710400 21 0 21 0
1383703200 21 0 21 0
1383696000 21 0 21 0
1383688800 21 0 21 0
1383681600 21 0 21 0
1383674400 21 0 21 0
1383667200 21 0 21 0
1383660000 21 0 21 0
1383652800 21 0 21 0
1383645600 21 0 21 0
1383638400 21 0 21 0
1383631200 21 0 21 0
1383624000 21 0 21 0
1383616800 21 0 21 0
1383609600 21 0 21 0
1383602400 21 0 21 0
1383595200 21 0 21 0
1383588000 21 0 21 0
1383580800 21 0 21 0
1383573600 21 0 21 0
1383566400 21 0 21 0
1383559200 21 0 21 0
1383552000 21 0 21 0
1383544800 21 0 21 0
1383537600 21 0 21 0
1383530400 21 0 21 0
1383523200 21 0 21 0
1383516000 21 0 21 0
1383508800 21 0 21 0
1383501600 21 0 21 0
1383494400 21 0 21 0
1383487200 21 0 21 0
1383480000 21 0 21 0
1383472800 21 0 21 0
1383465600 21 0 21 0
1383458400 21 0 21 0
1383451200 21 0 21 0
1383444000 21 0 21 0
1383436800 21 0 21 0
1383429600 21 0 21 0
1383422400 21 0 21 0
1383415200 21 0 21 0
1383408000 21 0 21 0
1383400800 21 0 21 0
1383393600 21 0 21 0
1383386400 21 0 21 0
1383379200 21 0 21 0
1383372000 21 0 21 0
1383364800 21 0 21 0
1383357600 21 0 21 0
1383350400 21 0 21 0
1383343200 21 0 21 0
1383336000 21 0 21 0
1383328800 21 0 21 0
1383321600 21 0 21 0
1383314400 21 0 21 0
1383307200 21 0 21 0
1383300000 21 0 21 0
1383292800 21 0 21 0
1383285600 21 0 21 0
1383278400 21 0 21 0
1383271200 21 0 21 0
1383264000 21 0 21 0
1383256800 21 0 21 0
1383249600 21 0 21 0
1383242400 21 0 21 0
1383235200 21 0 21 0
1383228000 21 0 21 0
1383220800 21 0 21 0
1383213600 21 0 21 0
1383206400 21 0 21 0
1383199200 21 0 21 0
1383192000 21 0 21 0
1383184800 21 0 21 0
1383177600 21 0 21 0
1383170400 21 0 21 0
1383163200 21 0 21 0
1383156000 21 0 21 0
1383148800 21 0 21 0
1383141600 21 0 21 0
1383134400 21 0 21 0
1383127200 21 0 21 0
1383120000 21 0 21 0
1383112800 21 0 21 0
1383105600 21 0 21 0
1383098400 21 0 21 0
1383091200 21 0 21 0
1383084000 21 0 21 0
1383076800 21 0 21 0
1383069600 21 0 21 0
1383062400 21 0 21 0
1383055200 21 0 21 0
1383048000 21 0 21 0
1383040800 21 0 21 0
1383033600 21 0 21 0
1383026400 21 0 21 0
1383019200 21 0 21 0
1383012000 21 0 21 0
1383004800 21 0 21 0
1382997600 21 0 21 0
1382990400 21 0 21 0
1382983200 21 0 21 0
1382976000 21 0 21 0
1382968800 21 0 21 0
1382961600 21 0 21 0
1382954400 21 0 21 0
1382947200 21 0 21 0
1382940000 21 0 21 0
1382932800 21 0 21 0
1382925600 21 0 21 0
1382918400 21 0 21 0
1382911200 21 0 21 0
1382904000 21 0 21 0
1382896800 21 0 21 0
1382889600 21 0 21 0
1382882400 21 0 21 0
1382875200 21 0 21 0
1382868000 21 0 21 0
1382860800 21 0 21 0
1382853600 21 0 21 0
1382846400 21 0 21 0
1382839200 21 0 21 0
1382832000 21 0 21 0
1382824800 21 0 21 0
1382817600 21 0 21 0
1382810400 21 0 21 0
1382803200 21 0 21 0
1382796000 21 0 21 0
1382788800 21 0 21 0
1382781600 21 0 21 0
1382774400 21 0 21 0
1382767200 21 0 21 0
1382760000 21 0 21 0
1382752800 21 0 21 0
1382745600 21 0 21 0
1382738400 21 0 21 0
1382731200 21 0 21 0
1382724000 21 0 21 0
1382716800 21 0 21 0
1382709600 21 0 21 0
1382702400 21 0 21 0
1382695200 21 0 21 0
1382688000 21 0 21 0
1382680800 21 0 21 0
1382673600 21 0 21 0
1382666400 21 0 21 0
1382659200 21 0 21 0
1382652000 21 0 21 0
1382644800 21 0 21 0
1382637600 21 0 21 0
1382630400 21 0 21 0
1382623200 21 0 21 0
1382616000 21 0 21 0
1382608800 21 0 21 0
1382601600 21 0 21 0
1382594400 21 0 21 0
1382587200 21 0 21 0
1382580000 21 0 21 0
1382572800 21 0 21 0
1382565600 21 0 21 0
1382558400 21 0 21 0
1382486400 21 0 21 0
1382400000 21 0 21 0
1382313600 21 0 21 0
1382227200 21 0 21 0
1382140800 21 0 21 0
1382054400 21 0 21 0
1381968000 21 0 21 0
1381881600 21 0 21 0
1381795200 21 0 21 0
1381708800 21 0 21 0
1381622400 21 0 21 0
1381536000 21 0 21 0
1381449600 21 0 21 0
1381363200 21 0 21 0
1381276800 21 0 21 0
1381190400 21 0 21 0
1381104000 21 0 21 0
1381017600 21 0 21 0
1380931200 21 0 21 0
1380844800 21 0 21 0
1380758400 21 0 21 0
1380672000 21 0 21 0
1380585600 21 0 21 0
1380499200 21 0 21 0
1380412800 21 0 21 0
1380326400 21 0 21 0
1380240000 21 0 21 0
1380153600 21 0 21 0
1380067200 21 0 21 0
1379980800 21 0 21 0
1379894400 21 0 21 0
1379808000 21 0 21 0
1379721600 21 0 21 0
1379635200 21 0 21 0
1379548800 21 0 21 0
1379462400 21 0 21 0
1379376000 21 0 21 0
1379289600 21 0 21 0
1379203200 21 0 21 0
1379116800 21 0 21 0
1379030400 21 0 21 0
1378944000 21 0 21 0
1378857600 21 0 21 0
1378771200 21 0 21 0
1378684800 21 0 21 0
1378598400 21 0 21 0
1378512000 21 0 21 0
1378425600 21 0 21 0
1378339200 21 0 21 0
1378252800 21 0 21 0
1378166400 21 0 21 0
1378080000 21 0 21 0
1377993600 21 0 21 0
1377907200 21 0 21 0
1377820800 21 0 21 0
1377734400 21 0 21 0
1377648000 21 0 21 0
1377561600 21 0 21 0
1377475200 21 0 21 0
1377388800 21 0 21 0
1377302400 21 0 21 0
1377216000 21 0 21 0
1377129600 21 0 21 0
1377043200 21 0 21 0
1376956800 21 0 21 0
1376870400 21 0 21 0
1376784000 21 0 21 0
1376697600 21 0 21 0
1376611200 21 0 21 0
1376524800 21 0 21 0
1376438400 21 0 21 0
1376352000 21 0 21 0
1376265600 21 0 21 0
1376179200 21 0 21 0
1376092800 21 0 21 0
1376006400 21 0 21 0
1375920000 21 0 21 0
1375833600 21 0 21 0
1375747200 21 0 21 0
1375660800 21 0 21 0
1375574400 21 0 21 0
1375488000 21 0 21 0
1375401600 21 0 21 0
1375315200 21 0 21 0
1375228800 21 0 21 0
1375142400 21 0 21 0
1375056000 21 0 21 0
1374969600 21 0 21 0
1374883200 21 0 21 0
1374796800 21 0 21 0
1374710400 21 0 21 0
1374624000 21 0 21 0
1374537600 21 0 21 0
1374451200 21 0 21 0
1374364800 21 0 21 0
1374278400 21 0 21 0
1374192000 21 0 21 0
1374105600 21 0 21 0
1374019200 21 0 21 0
1373932800 21 0 21 0
1373846400 21 0 21 0
1373760000 21 0 21 0
1373673600 21 0 21 0
1373587200 21 0 21 0
1373500800 21 0 21 0
1373414400 21 0 21 0
1373328000 21 0 21 0
1373241600 21 0 21 0
1373155200 21 0 21 0
1373068800 21 0 21 0
1372982400 21 0 21 0
1372896000 21 0 21 0
1372809600 21 0 21 0
1372723200 21 0 21 0
1372636800 21 0 21 0
1372550400 21 0 21 0
1372464000 21 0 21 0
1372377600 21 0 21 0
1372291200 21 0 21 0
1372204800 21 0 21 0
1372118400 21 0 21 0
1372032000 21 0 21 0
1371945600 21 0 21 0
1371859200 21 0 21 0
1371772800 21 0 21 0
1371686400 21 0 21 0
1371600000 21 0 21 0
1371513600 21 0 21 0
1371427200 21 0 21 0
1371340800 21 0 21 0
1371254400 21 0 21 0
1371168000 21 0 21 0
1371081600 21 0 21 0
1370995200 21 0 21 0
1370908800 21 0 21 0
1370822400 21 0 21 0
1370736000 21 0 21 0
1370649600 21 0 21 0
1370563200 21 0 21 0
1370476800 21 0 21 0
1370390400 21 0 21 0
1370304000 21 0 21 0
1370217600 21 0 21 0
1370131200 21 0 21 0
1370044800 21 0 21 0
1369958400 21 0 21 0
1369872000 21 0 21 0
1369785600 21 0 21 0
1369699200 21 0 21 0
1369612800 21 0 21 0
1369526400 21 0 21 0
1369440000 21 0 21 0
1369353600 21 0 21 0
1369267200 21 0 21 0
1369180800 21 0 21 0
1369094400 21 0 21 0
1369008000 21 0 21 0
1368921600 21 0 21 0
1368835200 21 0 21 0
1368748800 21 0 21 0
1368662400 21 0 21 0
1368576000 21 0 21 0
1368489600 21 0 21 0
1368403200 21 0 21 0
1368316800 21 0 21 0
1368230400 21 0 21 0
1368144000 21 0 21 0
1368057600 21 0 21 0
1367971200 21 0 21 0
1367884800 21 0 21 0
1367798400 21 0 21 0
1367712000 21 0 21 0
1367625600 21 0 21 0
1367539200 21 0 21 0
1367452800 21 0 21 0
1367366400 21 0 21 0
1367280000 21 0 21 0
1367193600 21 0 21 0
1367107200 21 0 21 0
1367020800 21 0 21 0
1366934400 21 0 21 0
1366848000 21 0 21 0
1366761600 21 0 21 0
1366675200 21 0 21 0
1366588800 21 0 21 0
1366502400 21 0 21 0
1366416000 21 0 21 0
1366329600 21 0 21 0
1366243200 21 0 21 0
1366156800 21 0 21 0
1366070400 21 0 21 0
1365984000 21 0 21 0
1365897600 21 0 21 0
1365811200 21 0 21 0
1365724800 21 0 21 0
1365638400 21 0 21 0
1365552000 21 0 21 0
1365465600 21 0 21 0
1365379200 21 0 21 0
1365292800 21 0 21 0
1365206400 21 0 21 0
1365120000 21 0 21 0
1365033600 21 0 21 0
1364947200 21 0 21 0
1364860800 21 0 21 0
1364774400 21 0 21 0
1364688000 21 0 21 0
1364601600 21 0 21 0
1364515200 21 0 21 0
1364428800 21 0 21 0
1364342400 21 0 21 0
1364256000 21 0 21 0
1364169600 21 0 21 0
1364083200 21 0 21 0
1363996800 21 0 21 0
1363910400 21 0 21 0
1363824000 21 0 21 0
1363737600 21 0 21 0
1363651200 21 0 21 0
1363564800 21 0 21 0
1363478400 21 0 21 0
1363392000 21 0 21 0
1363305600 21 0 21 0
1363219200 21 0 21 0
1363132800 21 0 21 0
1363046400 21 0 21 0
1362960000 21 0 21 0
1362873600 21 0 21 0
1362787200 21 0 21 0
1362700800 21 0 21 0
1362614400 21 0 21 0
1362528000 21 0 21 0
1362441600 21 0 21 0
1362355200 21 0 21 0
1362268800 21 0 21 0
1362182400 21 0 21 0
1362096000 21 0 21 0
1362009600 21 0 21 0
1361923200 21 0 21 0
1361836800 21 0 21 0
1361750400 21 0 21 0
1361664000 21 0 21 0
1361577600 21 0 21 0
1361491200 21 0 21 0
1361404800 21 0 21 0
1361318400 21 0 21 0
1361232000 21 0 21 0
1361145600 21 0 21 0
1361059200 21 0 21 0
1360972800 21 0 21 0
1360886400 21 0 21 0
1360800000 21 0 21 0
1360713600 21 0 21 0
1360627200 21 0 21 0
1360540800 21 0 21 0
1360454400 21 0 21 0
1360368000 21 0 21 0
1360281600 21 0 21 0
1360195200 21 0 21 0
1360108800 21 0 21 0
1360022400 21 0 21 0
1359936000 21 0 21 0
1359849600 21 0 21 0
1359763200 21 0 21 0
1359676800 21 0 21 0
1359590400 21 0 21 0
1359504000 21 0 21 0
1359417600 21 0 21 0
1359331200 21 0 21 0
1359244800 21 0 21 0
1359158400 21 0 21 0
1359072000 21 0 21 0
1358985600 21 0 21 0
1358899200 21 0 21 0
1358812800 21 0 21 0
1358726400 21 0 21 0
1358640000 21 0 21 0
1358553600 21 0 21 0
1358467200 21 0 21 0
1358380800 21 0 21 0
1358294400 21 0 21 0
1358208000 21 0 21 0
1358121600 21 0 21 0
1358035200 21 0 21 0
1357948800 21 0 21 0
1357862400 21 0 21 0
1357776000 21 0 21 0
1357689600 21 0 21 0
1357603200 21 0 21 0
1357516800 21 0 21 0
1357430400 21 0 21 0
1357344000 21 0 21 0
1357257600 21 0 21 0
1357171200 21 0 21 0
1357084800 21 0 21 0
1356998400 21 0 21 0
1356912000 21 0 21 0
1356825600 21 0 21 0
1356739200 21 0 21 0
1356652800 21 0 21 0
1356566400 21 0 21 0
1356480000 21 0 21 0
1356393600 21 0 21 0
1356307200 21 0 21 0
1356220800 21 0 21 0
1356134400 21 0 21 0
1356048000 21 0 21 0
1355961600 21 0 21 0
1355875200 21 0 21 0
1355788800 21 0 21 0
1355702400 21 0 21 0
1355616000 21 0 21 0
1355529600 21 0 21 0
1355443200 21 0 21 0
1355356800 21 0 21 0
1355270400 21 0 21 0
1355184000 21 0 21 0
1355097600 21 0 21 0
1355011200 21 0 21 0
1354924800 21 0 21 0
1354838400 21 0 21 0
1354752000 21 0 21 0
1354665600 21 0 21 0
1354579200 21 0 21 0
1354492800 21 0 21 0
1354406400 21 0 21 0
1354320000 21 0 21 0
1354233600 21 0 21 0
1354147200 21 0 21 0
1354060800 21 0 21 0
1353974400 21 0 21 0
1353888000 21 0 21 0
1353801600 21 0 21 0
1353715200 21 0 21 0
1353628800 21 0 21 0
1353542400 21 0 21 0
1353456000 21 0 21 0
1353369600 21 0 21 0
1353283200 21 0 21 0
1353196800 21 0 21 0
1353110400 21 0 21 0
1353024000 21 0 21 0
1352937600 21 0 21 0
1352851200 21 0 21 0
1352764800 21 0 21 0
1352678400 21 0 21 0
1352592000 21 0 21 0
1352505600 21 0 21 0
1352419200 21 0 21 0
1352332800 21 0 21 0
1352246400 21 0 21 0
1352160000 21 0 21 0
1352073600 21 0 21 0
1351987200 21 0 21 0
1351900800 21 0 21 0
1351814400 21 0 21 0
1351728000 21 0 21 0
1351641600 21 0 21 0
1351555200 21 0 21 0
1351468800 19 0 25 0
1351382400 14 0 23 0
1351296000 14 0 29 0
1351209600 17 0 30 0
1351123200 19 0 28 0
1351036800 18 0 27 0
1350950400 17 0 28 0
1350864000 17 0 24 0
1350777600 16 0 30 0
1350691200 19 0 31 0
1350604800 17 0 28 0
1350518400 19 0 29 0
1350432000 23 0 36 0
1350345600 28 0 37 0
1350259200 23 0 30 0
1350172800 20 0 27 0
1350086400 20 0 27 0
1350000000 21 0 30 0
1349913600 24 0 30 0
1349827200 18 0 25 0
1349740800 20 0 26 0
1349654400 19 0 29 0
1349568000 23 0 28 0
1349481600 23 0 33 0
1349395200 25 0 33 0
1349308800 25 0 32 0
1349222400 21 0 30 0
1349136000 17 0 22 0
1349049600 16 0 21 0
1348963200 15 0 24 0
1348876800 17 0 27 0
1348790400 21 0 28 0
1348704000 24 0 33 0
1348617600 25 0 33 0
1348531200 20 0 27 0
1348444800 22 0 30 0
1348358400 21 0 27 0
1348272000 24 0 31 0
1348185600 24 0 33 0
1348099200 27 0 33 0
1348012800 21 0 34 0
1347926400 13 0 32 0
1347840000 25 0 31 0
1347753600 21 0 28 0
1347667200 2 0 31 0
1347580800 20 0 25 0
1347494400 15 0 29 0
1347408000 20 0 28 0
1347321600 20 0 26 0
1347235200 17 0 27 0
1347148800 20 0 28 0
1347062400 20 0 26 0
1346976000 20 0 26 0
1346889600 19 0 26 0
1346803200 15 0 22 0
1346716800 17 0 24 0
1346630400 19 0 30 0
1346544000 20 0 29 0
1346457600 26 0 30 0
1346371200 22 0 26 0
1346284800 20 0 26 0
1346198400 16 0 26 0
1346112000 13 0 21 0
1346025600 7 0 13 0
1345939200 11 0 23 0
1345852800 9 0 32 0
1345766400 0 0 0 0
1345680000 0 0 0 0
1345593600 0 0 0 0
1345507200 0 0 0 0
1345420800 0 0 0 0
1345334400 0 0 0 0
1345248000 0 0 0 0
1345161600 0 0 0 0
1345075200 0 0 0 0
1344988800 0 0 0 0
1344902400 0 0 0 0
1344816000 0 0 0 0
1344729600 0 0 0 0
1344643200 0 0 0 0
1344556800 0 0 0 0
1344470400 0 0 0 0
1344384000 0 0 0 0
1344297600 0 0 0 0
1344211200 0 0 0 0
1344124800 0 0 0 0
1344038400 0 0 0 0
1343952000 0 0 0 0
1343865600 0 0 0 0
1343779200 0 0 0 0
1343692800 0 0 0 0
1343606400 0 0 0 0
1343520000 0 0 0 0
1343433600 0 0 0 0
1343347200 0 0 0 0
1343260800 0 0 0 0
1343174400 0 0 0 0
1343088000 0 0 0 0
1343001600 0 0 0 0
1342915200 0 0 0 0
1342828800 0 0 0 0
1342742400 0 0 0 0
1342656000 0 0 0 0
1342569600 0 0 0 0
1342483200 0 0 0 0
1342396800 0 0 0 0
1342310400 0 0 0 0
1342224000 0 0 0 0
1342137600 0 0 0 0
1342051200 0 0 0 0
1341964800 0 0 0 0
1341878400 0 0 0 0
1341792000 0 0 0 0
1341705600 0 0 0 0
1341619200 0 0 0 0
1341532800 0 0 0 0
1341446400 0 0 0 0
1341360000 0 0 0 0
1341273600 0 0 0 0
1341187200 0 0 0 0
1341100800 0 0 0 0
1341014400 0 0 0 0
1340928000 0 0 0 0
1340841600 0 0 0 0
1340755200 0 0 0 0
1340668800 0 0 0 0
1340582400 0 0 0 0
1340496000 0 0 0 0
1340409600 0 0 0 0
1340323200 0 0 0 0
1340236800 0 0 0 0
1340150400 0 0 0 0
1340064000 0 0 0 0
1339977600 0 0 0 0
1339891200 0 0 0 0
1339804800 0 0 0 0
1339718400 0 0 0 0
1339632000 0 0 0 0
1339545600 0 0 0 0
1339459200 0 0 0 0
1339372800 0 0 0 0
1339286400 0 0 0 0
1339200000 0 0 0 0
1339113600 0 0 0 0
1339027200 0 0 0 0
1338940800 0 0 0 0
1338854400 0 0 0 0
1338768000 0 0 0 0
1338681600 0 0 0 0
1338595200 0 0 0 0
1338508800 0 0 0 0
1338422400 0 0 0 0
1338336000 0 0 0 0
1338249600 0 0 0 0
1338163200 0 0 0 0
1338076800 0 0 0 0
1337990400 0 0 0 0
1337904000 0 0 0 0
1337817600 0 0 0 0
1337731200 0 0 0 0
1337644800 0 0 0 0
1337558400 0 0 0 0
1337472000 0 0 0 0
1337385600 0 0 0 0
1337299200 0 0 0 0
1337212800 0 0 0 0
1337126400 0 0 0 0
1337040000 0 0 0 0
1336953600 0 0 0 0
1336867200 0 0 0 0
1336780800 0 0 0 0
1336694400 0 0 0 0
1336608000 0 0 0 0
1336521600 0 0 0 0
1336435200 0 0 0 0
1336348800 0 0 0 0
1336262400 0 0 0 0
1336176000 0 0 0 0
1336089600 0 0 0 0
1336003200 0 0 0 0
1335916800 0 0 0 0
1335830400 0 0 0 0
1335744000 0 0 0 0
1335657600 0 0 0 0
1335571200 0 0 0 0
1335484800 0 0 0 0
1335398400 0 0 0 0
1335312000 0 0 0 0
1335225600 0 0 0 0
1335139200 0 0 0 0
1335052800 0 0 0 0
1334966400 0 0 0 0
1334880000 0 0 0 0
1334793600 0 0 0 0
1334707200 0 0 0 0
1334620800 0 0 0 0
1334534400 0 0 0 0
1334448000 0 0 0 0
1334361600 0 0 0 0
1334275200 0 0 0 0
1334188800 0 0 0 0
1334102400 0 0 0 0
1334016000 0 0 0 0
1333929600 0 0 0 0
1333843200 0 0 0 0
1333756800 0 0 0 0
1333670400 0 0 0 0
1333584000 0 0 0 0
1333497600 0 0 0 0
1333411200 0 0 0 0
1333324800 0 0 0 0
1333238400 0 0 0 0
1333152000 0 0 0 0
1333065600 0 0 0 0
1332979200 0 0 0 0
1332892800 0 0 0 0
1332806400 0 0 0 0
1332720000 0 0 0 0
1332633600 0 0 0 0
1332547200 0 0 0 0
1332460800 0 0 0 0
1332374400 0 0 0 0
1332288000 0 0 0 0
1332201600 0 0 0 0
1332115200 0 0 0 0
1332028800 0 0 0 0
1331942400 0 0 0 0
1331856000 0 0 0 0
1331769600 0 0 0 0
1331683200 0 0 0 0
1331596800 0 0 0 0
1331510400 0 0 0 0
1331424000 0 0 0 0
1331337600 0 0 0 0
1331251200 0 0 0 0
1331164800 0 0 0 0
1331078400 0 0 0 0
1330992000 0 0 0 0
1330905600 0 0 0 0
1330819200 0 0 0 0
1330732800 0 0 0 0
1330646400 0 0 0 0
1330560000 0 0 0 0
1330473600 0 0 0 0
1330387200 0 0 0 0
1330300800 0 0 0 0
1330214400 0 0 0 0
1330128000 0 0 0 0
1330041600 0 0 0 0
1329955200 0 0 0 0
1329868800 0 0 0 0
1329782400 0 0 0 0
1329696000 0 0 0 0
1329609600 0 0 0 0
1329523200 0 0 0 0
1329436800 0 0 0 0
1329350400 0 0 0 0
1329264000 0 0 0 0
1329177600 0 0 0 0
1329091200 0 0 0 0
1329004800 0 0 0 0
1328918400 0 0 0 0
1328832000 0 0 0 0
1328745600 0 0 0 0
1328659200 0 0 0 0
1328572800 0 0 0 0
1328486400 0 0 0 0
1328400000 0 0 0 0
1328313600 0 0 0 0
1328227200 0 0 0 0
1328140800 0 0 0 0
1328054400 0 0 0 0
1327968000 0 0 0 0
1327881600 0 0 0 0
1327795200 0 0 0 0
1327708800 0 0 0 0
1327622400 0 0 0 0
1327536000 0 0 0 0
1327449600 0 0 0 0
1327363200 0 0 0 0
1327276800 0 0 0 0
1327190400 0 0 0 0
1327104000 0 0 0 0
1327017600 0 0 0 0
1326931200 0 0 0 0
1326844800 0 0 0 0
1326758400 0 0 0 0
1326672000 0 0 0 0
1326585600 0 0 0 0
1326499200 0 0 0 0
1326412800 0 0 0 0
1326326400 0 0 0 0
1326240000 0 0 0 0
1326153600 0 0 0 0
1326067200 0 0 0 0
1325980800 0 0 0 0
1325894400 0 0 0 0
1325808000 0 0 0 0
1325721600 0 0 0 0
1325635200 0 0 0 0
1325548800 0 0 0 0
1325462400 0 0 0 0
1325376000 0 0 0 0
1325289600 0 0 0 0
1325203200 0 0 0 0
1325116800 0 0 0 0
1325030400 0 0 0 0
1324944000 0 0 0 0
1324857600 0 0 0 0
1324771200 0 0 0 0
1324684800 0 0 0 0
1324598400 0 0 0 0
1324512000 0 0 0 0
1324425600 0 0 0 0
1324339200 0 0 0 0
1324252800 0 0 0 0
1324166400 0 0 0 0
1324080000 0 0 0 0
1323993600 0 0 0 0
1323907200 0 0 0 0
1323820800 0 0 0 0
1323734400 0 0 0 0
1323648000 0 0 0 0
1323561600 0 0 0 0
1323475200 0 0 0 0
1323388800 0 0 0 0
1323302400 0 0 0 0
1323216000 0 0 0 0
1323129600 0 0 0 0
1323043200 0 0 0 0
1322956800 0 0 0 0
1322870400 0 0 0 0
1322784000 0 0 0 0
1322697600 0 0 0 0
1322611200 0 0 0 0
1322524800 0 0 0 0
1322438400 0 0 0 0
1322352000 0 0 0 0
1322265600 0 0 0 0
1322179200 0 0 0 0
1322092800 0 0 0 0
1322006400 0 0 0 0
1321920000 0 0 0 0
1321833600 0 0 0 0
1321747200 0 0 0 0
1321660800 0 0 0 0
1321574400 0 0 0 0
1321488000 0 0 0 0
1321401600 0 0 0 0
1321315200 0 0 0 0
1321228800 0 0 0 0
1321142400 0 0 0 0
1321056000 0 0 0 0
1320969600 0 0 0 0
1320883200 0 0 0 0
1320796800 0 0 0 0
1320710400 0 0 0 0
1320624000 0 0 0 0
1320537600 0 0 0 0
1320451200 0 0 0 0
1320364800 0 0 0 0
1320278400 0 0 0 0
1320192000 0 0 0 0
1320105600 0 0 0 0
1320019200 0 0 0 0
1319932800 0 0 0 0
1319846400 0 0 0 0
1319760000 0 0 0 0
1319673600 0 0 0 0
1319587200 0 0 0 0
1319500800 0 0 0 0
1319414400 0 0 0 0
1319328000 0 0 0 0
