
<---书剑江湖: MudOs v22pre11 (by wwj,Jan  1 1999) startup on Microsoft Windows NT at Fri Feb 17 14:11:52 2017

using config file: D:\MUD\shujian3\mudos\config.txt
Connected to address server on 127.0.0.1 port 4012
]simul_efun loaded successfully.

Loading preloaded files ...
Initializations complete.

Accepting connections on port 3000.
Initializing internal tables....

<---书剑江湖: MudOs v22pre11 (by wwj,Jan  1 1999) startup on Microsoft Windows NT at Fri Feb 17 14:13:15 2017

using config file: D:\MUD\shujian3\mudos\config.txt
Connected to address server on 127.0.0.1 port 4012
]simul_efun loaded successfully.

Loading preloaded files ...
Initializations complete.

Accepting connections on port 3000.
Initializing internal tables....

<---书剑江湖: MudOs v22pre11 (by wwj,Jan  1 1999) startup on Microsoft Windows NT at Sun Feb 19 04:02:10 2017

using config file: D:\MUD\shujian3\mudos\config.txt
Connected to address server on 127.0.0.1 port 4012
]simul_efun loaded successfully.

Loading preloaded files ...
Initializations complete.

Accepting connections on port 3000.
Initializing internal tables....

<---书剑江湖: MudOs v22pre11 (by wwj,Jan  1 1999) startup on Microsoft Windows NT at Sun Feb 19 04:24:55 2017

using config file: D:\MUD\shujian3\mudos\config.txt
Connected to address server on 127.0.0.1 port 4012
]simul_efun loaded successfully.

Loading preloaded files ...
Initializations complete.

Accepting connections on port 3000.
Initializing internal tables....

<---书剑江湖: MudOs v22pre11 (by wwj,Jan  1 1999) startup on Microsoft Windows NT at Sun Feb 19 04:26:58 2017

using config file: D:\MUD\shujian3\mudos\config.txt
Connected to address server on 127.0.0.1 port 4012
]simul_efun loaded successfully.

Loading preloaded files ...
Initializations complete.

Accepting connections on port 3000.
Initializing internal tables....

<---书剑江湖: MudOs v22pre11 (by wwj,Jan  1 1999) startup on Microsoft Windows NT at Sun Feb 19 04:29:14 2017

using config file: D:\MUD\shujian3\mudos\config.txt
Connected to address server on 127.0.0.1 port 4012
]simul_efun loaded successfully.

Loading preloaded files ...
Initializations complete.

Accepting connections on port 3000.
Initializing internal tables....

<---书剑江湖: MudOs v22pre11 (by wwj,Jan  1 1999) startup on Microsoft Windows NT at Sun Feb 19 04:34:11 2017

using config file: D:\MUD\shujian3\mudos\config.txt
Connected to address server on 127.0.0.1 port 4012
]simul_efun loaded successfully.

Loading preloaded files ...
Initializations complete.

Accepting connections on port 3000.
Initializing internal tables....

<---书剑江湖: MudOs v22pre11 (by wwj,Jan  1 1999) startup on Microsoft Windows NT at Sun Feb 19 04:34:25 2017

using config file: D:\MUD\shujian3\mudos\config.txt
Connected to address server on 127.0.0.1 port 4012
]simul_efun loaded successfully.

Loading preloaded files ...
Initializations complete.

Accepting connections on port 3000.
错误
执行时段错误：*Error in loading object '/cmds/std/inventory'

程式：feature/command.c 第 67 行
物件: clone/user/user#1 ("阿大声道(Qweasd)")
对象：clone/user/user#1 ("阿大声道(Qweasd)")
呼叫来自：feature/command.c 的 command_hook() 第 67 行，物件： clone/user/user#1 ("阿大声道(Qweasd)")
错误
执行时段错误：*Error in loading object '/cmds/std/inventory'

程式：feature/command.c 第 67 行
物件: clone/user/user#1 ("阿大声道(Qweasd)")
对象：clone/user/user#1 ("阿大声道(Qweasd)")
呼叫来自：feature/command.c 的 command_hook() 第 67 行，物件： clone/user/user#1 ("阿大声道(Qweasd)")
错误
执行时段错误：*Error in loading object '/cmds/std/inventory'

程式：feature/command.c 第 67 行
物件: clone/user/user#1 ("阿大声道(Qweasd)")
对象：clone/user/user#1 ("阿大声道(Qweasd)")
呼叫来自：feature/command.c 的 command_hook() 第 67 行，物件： clone/user/user#1 ("阿大声道(Qweasd)")
错误
执行时段错误：*Error in loading object '/cmds/std/inventory'

程式：feature/command.c 第 67 行
物件: clone/user/user#1 ("阿大声道(Qweasd)")
对象：clone/user/user#1 ("阿大声道(Qweasd)")
呼叫来自：feature/command.c 的 command_hook() 第 67 行，物件： clone/user/user#1 ("阿大声道(Qweasd)")
错误
执行时段错误：*Error in loading object '/cmds/std/inventory'

程式：feature/command.c 第 67 行
物件: clone/user/user#1 ("阿大声道(Qweasd)")
对象：clone/user/user#1 ("阿大声道(Qweasd)")
呼叫来自：feature/command.c 的 command_hook() 第 67 行，物件： clone/user/user#1 ("阿大声道(Qweasd)")
错误
执行时段错误：*Error in loading object '/cmds/std/inventory'

程式：feature/command.c 第 67 行
物件: clone/user/user#1 ("阿大声道(Qweasd)")
对象：clone/user/user#1 ("阿大声道(Qweasd)")
呼叫来自：feature/command.c 的 command_hook() 第 67 行，物件： clone/user/user#1 ("阿大声道(Qweasd)")
错误
执行时段错误：*Error in loading object '/cmds/std/inventory'

程式：feature/command.c 第 67 行
物件: clone/user/user#1 ("阿大声道(Qweasd)")
对象：clone/user/user#1 ("阿大声道(Qweasd)")
呼叫来自：feature/command.c 的 command_hook() 第 67 行，物件： clone/user/user#1 ("阿大声道(Qweasd)")
错误
执行时段错误：*Error in loading object '/cmds/std/inventory'

程式：feature/command.c 第 67 行
物件: clone/user/user#1 ("阿大声道(Qweasd)")
对象：clone/user/user#1 ("阿大声道(Qweasd)")
呼叫来自：feature/command.c 的 command_hook() 第 67 行，物件： clone/user/user#1 ("阿大声道(Qweasd)")
错误
执行时段错误：*Error in loading object '/cmds/std/inventory'

程式：feature/command.c 第 67 行
物件: clone/user/user#1 ("阿大声道(Qweasd)")
对象：clone/user/user#1 ("阿大声道(Qweasd)")
呼叫来自：feature/command.c 的 command_hook() 第 67 行，物件： clone/user/user#1 ("阿大声道(Qweasd)")
错误
执行时段错误：*Error in loading object '/cmds/std/inventory'

程式：feature/command.c 第 67 行
物件: clone/user/user#1 ("阿大声道(Qweasd)")
对象：clone/user/user#1 ("阿大声道(Qweasd)")
呼叫来自：feature/command.c 的 command_hook() 第 67 行，物件： clone/user/user#1 ("阿大声道(Qweasd)")
错误
执行时段错误：*Error in loading object '/cmds/std/inventory'

程式：feature/command.c 第 67 行
物件: clone/user/user#1 ("阿大声道(Qweasd)")
对象：clone/user/user#1 ("阿大声道(Qweasd)")
呼叫来自：feature/command.c 的 command_hook() 第 67 行，物件： clone/user/user#1 ("阿大声道(Qweasd)")
错误
执行时段错误：*Error in loading object '/cmds/std/inventory'

程式：feature/command.c 第 67 行
物件: clone/user/user#1 ("阿大声道(Qweasd)")
对象：clone/user/user#1 ("阿大声道(Qweasd)")
呼叫来自：feature/command.c 的 command_hook() 第 67 行，物件： clone/user/user#1 ("阿大声道(Qweasd)")
错误
执行时段错误：*Error in loading object '/cmds/std/inventory'

程式：feature/command.c 第 67 行
物件: clone/user/user#1 ("阿大声道(Qweasd)")
对象：clone/user/user#1 ("阿大声道(Qweasd)")
呼叫来自：feature/command.c 的 command_hook() 第 67 行，物件： clone/user/user#1 ("阿大声道(Qweasd)")
错误
执行时段错误：*Error in loading object '/cmds/std/inventory'

程式：feature/command.c 第 67 行
物件: clone/user/user#1 ("阿大声道(Qweasd)")
对象：clone/user/user#1 ("阿大声道(Qweasd)")
呼叫来自：feature/command.c 的 command_hook() 第 67 行，物件： clone/user/user#1 ("阿大声道(Qweasd)")
错误
执行时段错误：*Error in loading object '/cmds/std/inventory'

程式：feature/command.c 第 67 行
物件: clone/user/user#1 ("阿大声道(Qweasd)")
对象：clone/user/user#1 ("阿大声道(Qweasd)")
呼叫来自：feature/command.c 的 command_hook() 第 67 行，物件： clone/user/user#1 ("阿大声道(Qweasd)")
错误
执行时段错误：*Error in loading object '/cmds/std/inventory'

程式：feature/command.c 第 67 行
物件: clone/user/user#1 ("阿大声道(Qweasd)")
对象：clone/user/user#1 ("阿大声道(Qweasd)")
呼叫来自：feature/command.c 的 command_hook() 第 67 行，物件： clone/user/user#1 ("阿大声道(Qweasd)")
错误
执行时段错误：*Error in loading object '/cmds/std/inventory'

程式：feature/command.c 第 67 行
物件: clone/user/user#1 ("阿大声道(Qweasd)")
对象：clone/user/user#1 ("阿大声道(Qweasd)")
呼叫来自：feature/command.c 的 command_hook() 第 67 行，物件： clone/user/user#1 ("阿大声道(Qweasd)")
Initializing internal tables....

<---书剑江湖: MudOs v22pre11 (by wwj,Jan  1 1999) startup on Microsoft Windows NT at Sun Feb 19 04:35:46 2017

using config file: D:\MUD\shujian3\mudos\config.txt
Connected to address server on 127.0.0.1 port 4012
]simul_efun loaded successfully.

Loading preloaded files ...
Initializations complete.

Accepting connections on port 3000.
错误
执行时段错误：*Bad argument 1 to sscanf
Expected: string Got: 0.

程式：cmds/std/inventory.c 第 117 行
物件: cmds/std/inventory ("0(0)")
对象：clone/user/user#1 ("阿大声道(Qweasd)")
呼叫来自：feature/command.c 的 command_hook() 第 67 行，物件： clone/user/user#1 ("阿大声道(Qweasd)")
呼叫来自：cmds/std/inventory.c 的 main() 第 117 行，物件： cmds/std/inventory ("0(0)")
Initializing internal tables....

<---书剑江湖: MudOs v22pre11 (by wwj,Jan  1 1999) startup on Microsoft Windows NT at Sun Feb 19 04:36:46 2017

using config file: D:\MUD\shujian3\mudos\config.txt
Connected to address server on 127.0.0.1 port 4012
]simul_efun loaded successfully.

Loading preloaded files ...
Initializations complete.

Accepting connections on port 3000.
Initializing internal tables....

<---书剑江湖: MudOs v22pre11 (by wwj,Jan  1 1999) startup on Microsoft Windows NT at Tue Feb 21 10:57:12 2017

using config file: D:\MUD\shujian3\mudos\config.txt
Connected to address server on 127.0.0.1 port 4012
]simul_efun loaded successfully.

Loading preloaded files ...
Initializations complete.

Accepting connections on port 3000.
Initializing internal tables....

<---书剑江湖: MudOs v22pre11 (by wwj,Jan  1 1999) startup on Microsoft Windows NT at Tue Feb 21 11:05:32 2017

using config file: D:\MUD\shujian3\mudos\config.txt
Connected to address server on 127.0.0.1 port 4012
]simul_efun loaded successfully.

Loading preloaded files ...
Initializations complete.

Accepting connections on port 3000.
Initializing internal tables....

<---书剑江湖: MudOs v22pre11 (by wwj,Jan  1 1999) startup on Microsoft Windows NT at Tue Feb 21 11:27:37 2017

using config file: D:\MUD\shujian3\mudos\config.txt
Connected to address server on 127.0.0.1 port 4012
]simul_efun loaded successfully.

Loading preloaded files ...
Initializations complete.

Accepting connections on port 3000.
Initializing internal tables....

<---书剑江湖: MudOs v22pre11 (by wwj,Jan  1 1999) startup on Microsoft Windows NT at Tue Feb 21 11:28:19 2017

using config file: D:\MUD\shujian3\mudos\config.txt
Connected to address server on 127.0.0.1 port 4012
]simul_efun loaded successfully.

Loading preloaded files ...
Initializations complete.

Accepting connections on port 3000.
Initializing internal tables....

<---书剑江湖: MudOs v22pre11 (by wwj,Jan  1 1999) startup on Microsoft Windows NT at Tue Feb 21 11:30:46 2017

using config file: D:\MUD\shujian3\mudos\config.txt
Connected to address server on 127.0.0.1 port 4012
]simul_efun loaded successfully.

Loading preloaded files ...
Initializations complete.

Accepting connections on port 3000.
Initializing internal tables....

<---书剑江湖: MudOs v22pre11 (by wwj,Jan  1 1999) startup on Microsoft Windows NT at Tue Feb 21 11:43:21 2017

using config file: D:\MUD\shujian3\mudos\config.txt
Connected to address server on 127.0.0.1 port 4012
]simul_efun loaded successfully.

Loading preloaded files ...
Initializations complete.

Accepting connections on port 3000.
Initializing internal tables....

<---书剑江湖: MudOs v22pre11 (by wwj,Jan  1 1999) startup on Microsoft Windows NT at Tue Feb 21 11:46:14 2017

using config file: D:\MUD\shujian3\mudos\config.txt
Connected to address server on 127.0.0.1 port 4012
]simul_efun loaded successfully.

Loading preloaded files ...
Initializations complete.

Accepting connections on port 3000.
Initializing internal tables....

<---书剑江湖: MudOs v22pre11 (by wwj,Jan  1 1999) startup on Microsoft Windows NT at Tue Feb 21 11:46:56 2017

using config file: D:\MUD\shujian3\mudos\config.txt
Connected to address server on 127.0.0.1 port 4012
]simul_efun loaded successfully.

Loading preloaded files ...
Initializations complete.

Accepting connections on port 3000.
Initializing internal tables....

<---书剑江湖: MudOs v22pre11 (by wwj,Jan  1 1999) startup on Microsoft Windows NT at Mon Feb 27 22:52:07 2017

using config file: D:\MUD\shujian3\mudos\config.txt
Connected to address server on 127.0.0.1 port 4012
]simul_efun loaded successfully.

Loading preloaded files ...
Initializations complete.

Accepting connections on port 3000.
Initializing internal tables....

<---书剑江湖: MudOs v22pre11 (by wwj,Jan  1 1999) startup on Microsoft Windows NT at Mon Feb 27 22:59:07 2017

using config file: D:\MUD\shujian3\mudos\config.txt
Connected to address server on 127.0.0.1 port 4012
]simul_efun loaded successfully.

Loading preloaded files ...
Initializations complete.

Accepting connections on port 3000.
Initializing internal tables....

<---书剑江湖: MudOs v22pre11 (by wwj,Jan  1 1999) startup on Microsoft Windows NT at Mon Feb 27 23:01:16 2017

using config file: D:\MUD\shujian3\mudos\config.txt
Connected to address server on 127.0.0.1 port 4012
]simul_efun loaded successfully.

Loading preloaded files ...
Initializations complete.

Accepting connections on port 3000.
Initializing internal tables....

<---书剑江湖: MudOs v22pre11 (by wwj,Jan  1 1999) startup on Microsoft Windows NT at Mon Feb 27 23:02:11 2017

using config file: D:\MUD\shujian3\mudos\config.txt
Connected to address server on 127.0.0.1 port 4012
]simul_efun loaded successfully.

Loading preloaded files ...
Initializations complete.

Accepting connections on port 3000.
Initializing internal tables....

<---书剑江湖: MudOs v22pre11 (by wwj,Jan  1 1999) startup on Microsoft Windows NT at Mon Feb 27 23:04:33 2017

using config file: D:\MUD\shujian3\mudos\config.txt
Connected to address server on 127.0.0.1 port 4012
]simul_efun loaded successfully.

Loading preloaded files ...
Initializations complete.

Accepting connections on port 3000.
Initializing internal tables....

<---书剑江湖: MudOs v22pre11 (by wwj,Jan  1 1999) startup on Microsoft Windows NT at Mon Feb 27 23:06:42 2017

using config file: D:\MUD\shujian3\mudos\config.txt
Connected to address server on 127.0.0.1 port 4012
]simul_efun loaded successfully.

Loading preloaded files ...
Initializations complete.

Accepting connections on port 3000.
Initializing internal tables....

<---书剑江湖: MudOs v22pre11 (by wwj,Jan  1 1999) startup on Microsoft Windows NT at Mon Feb 27 23:07:11 2017

using config file: D:\MUD\shujian3\mudos\config.txt
Connected to address server on 127.0.0.1 port 4012
]simul_efun loaded successfully.

Loading preloaded files ...
Initializations complete.

Accepting connections on port 3000.
错误
执行时段错误：*Error in loading object '/d/city/npc/zhu'

程式：adm/single/simul_efun.c 第 77 行
物件: adm/single/simul_efun ("0(0)")
对象：clone/user/user#1 ("果子(Guozi)")
呼叫来自：feature/command.c 的 command_hook() 第 67 行，物件： clone/user/user#1 ("果子(Guozi)")
呼叫来自：cmds/imm/goto.c 的 main() 第 27 行，物件： cmds/imm/goto ("0(0)")
呼叫来自：d/city/zhubaodian.c 的 create() 第 36 行，物件： d/city/zhubaodian ("0(0)")
呼叫来自：inherit/room/room.c 的 setup() 第 244 行，物件： d/city/zhubaodian ("0(0)")
呼叫来自：inherit/room/room.c 的 reset() 第 69 行，物件： d/city/zhubaodian ("0(0)")
呼叫来自：inherit/room/room.c 的 make_inventory() 第 21 行，物件： d/city/zhubaodian ("0(0)")
呼叫来自：adm/single/simul_efun.c 的 unew() 第 77 行，物件： adm/single/simul_efun ("0(0)")
Initializing internal tables....
