///     Level 2     --- Barrier Reef's Surface
_______________________________________________________________________________
   |  A    B    C    D    E    F    G    H    I    J    K    L    M
_______________________________________________________________________________
 1 |                [ ]                           [ ]
   |               /    \                        /    \
 2 |           [ ]       [ ]            [u]- [ ]       [ ]   
   |          /    \    /    \             /     \   /     \ 
 3 |      [ ]       [ ]       [ ]       [ ]       [ ]       [ ]
   |     /    \    /    \    /    \    /    \    /   \     /   \ 
 4 | [ ]       [ ]       [ ]       [ ]       [ ]       [ ]      [ ] 
   |     \    /    \    /    \    /    \    /    \   /     \   / 
 5 |      [ ]       [ ]       [ ]       [ ]       [ ]       [ ]
   |          \    /    \    /             \     /   \     / 
 6 |           [ ]       [ ] -[d]            [ ]       [ ]   
   |               \    /                        \   /      
 7 |                [ ]                           [ ] 
===============================================================

 u = up
  d= down

     again the rooms will be indexed room- (level)(x)(y)
       ex--- the room with the exit down to level 3 is room_2f6.c
