99.03.15 09:45 B f:\mirror1\kungfu\condition\bandaged.c --> www1.yn.cninfo.net /mudcctx/mudlib/kungfu/condition bandaged.c
99.03.15 09:45 B f:\mirror1\kungfu\condition\bonze_drug.c --> www1.yn.cninfo.net /mudcctx/mudlib/kungfu/condition bonze_drug.c
99.03.15 09:45 B f:\mirror1\kungfu\condition\bonze_jail.c --> www1.yn.cninfo.net /mudcctx/mudlib/kungfu/condition bonze_jail.c
99.03.15 09:45 B f:\mirror1\kungfu\condition\drunk.c --> www1.yn.cninfo.net /mudcctx/mudlib/kungfu/condition drunk.c
99.03.15 09:45 B f:\mirror1\kungfu\condition\flower_poison.c --> www1.yn.cninfo.net /mudcctx/mudlib/kungfu/condition flower_poison.c
99.03.15 09:45 B f:\mirror1\kungfu\condition\gvmt_jail.c --> www1.yn.cninfo.net /mudcctx/mudlib/kungfu/condition gvmt_jail.c
99.03.15 09:45 B f:\mirror1\kungfu\condition\ice_poison.c --> www1.yn.cninfo.net /mudcctx/mudlib/kungfu/condition ice_poison.c
99.03.15 09:45 B f:\mirror1\kungfu\condition\iceshock.c --> www1.yn.cninfo.net /mudcctx/mudlib/kungfu/condition iceshock.c
99.03.15 09:45 B f:\mirror1\kungfu\condition\jing_curing.c --> www1.yn.cninfo.net /mudcctx/mudlib/kungfu/condition jing_curing.c
99.03.15 09:45 B f:\mirror1\kungfu\condition\jy_poison.c --> www1.yn.cninfo.net /mudcctx/mudlib/kungfu/condition jy_poison.c
99.03.15 09:45 B f:\mirror1\kungfu\condition\killer.c --> www1.yn.cninfo.net /mudcctx/mudlib/kungfu/condition killer.c
99.03.15 09:45 B f:\mirror1\kungfu\condition\poison.c --> www1.yn.cninfo.net /mudcctx/mudlib/kungfu/condition poison.c
99.03.15 09:45 B f:\mirror1\kungfu\condition\rose_poison.c --> www1.yn.cninfo.net /mudcctx/mudlib/kungfu/condition rose_poison.c
99.03.15 09:45 B f:\mirror1\kungfu\condition\slumber_drug.c --> www1.yn.cninfo.net /mudcctx/mudlib/kungfu/condition slumber_drug.c
99.03.15 09:45 B f:\mirror1\kungfu\condition\snake_poison.c --> www1.yn.cninfo.net /mudcctx/mudlib/kungfu/condition snake_poison.c
99.03.15 09:45 B f:\mirror1\kungfu\condition\ss_poison.c --> www1.yn.cninfo.net /mudcctx/mudlib/kungfu/condition ss_poison.c
99.03.15 09:45 B f:\mirror1\kungfu\condition\vote_clear.c --> www1.yn.cninfo.net /mudcctx/mudlib/kungfu/condition vote_clear.c
99.03.15 09:45 B f:\mirror1\kungfu\condition\vote_suspension.c --> www1.yn.cninfo.net /mudcctx/mudlib/kungfu/condition vote_suspension.c
99.03.15 09:45 B f:\mirror1\kungfu\condition\wudu_poison.c --> www1.yn.cninfo.net /mudcctx/mudlib/kungfu/condition wudu_poison.c
99.03.15 09:45 B f:\mirror1\kungfu\condition\xx_poison.c --> www1.yn.cninfo.net /mudcctx/mudlib/kungfu/condition xx_poison.c
99.03.15 09:45 B f:\mirror1\kungfu\condition\zhua_poison.c --> www1.yn.cninfo.net /mudcctx/mudlib/kungfu/condition zhua_poison.c
99.03.15 09:45 B f:\mirror1\kungfu\condition\zm_poison.c --> www1.yn.cninfo.net /mudcctx/mudlib/kungfu/condition zm_poison.c
