Tue Dec 26 15:59:30 CST 2000
using config file: config.cfg
----------------------------------------------------------------------------
随缘洗剑录 (MudOS v22.1b22) starting up on Linux - Tue Dec 26 15:59:30 2000


Can't find "./driver", ignoring old binaries.
Try invoking the driver using the full pathname.
Connection to address server (localhost 6669) refused.
]simul_efun loaded successfully.

Loading preloaded files ...
Initializations complete.

Accepting connections on port 5555.
Accepting connections on port 4000.
get_user_data: read on fd 12
System Error: get_user_data: read:Connection reset by peer
执行时段错误: *Bad argument 1 to call_other()
Expected: string or array or object Got: 0.
程式: u/bsd/snow_pao.c:346
物件: /u/bsd/snow_pao#23 ("[1;37m雪白金袍[2;37;0m")
函数呼叫回溯:
auto_save()               adm/daemons/autosaved.c:53
save()                    clone/user/user.c:50
save_autoload()           feature/autoload.c:35
query_autoload()          u/bsd/snow_pao.c:346

执行时段错误: *Value being indexed is zero.
程式: adm/daemons/network/services/rwho_q.c:50
物件: /adm/daemons/network/services/rwho_q
函数呼叫回溯:
read_callback()           adm/daemons/network/dns_master.c:242
incoming_request()        adm/daemons/network/services/rwho_q.c:50

执行时段错误: *Value being indexed is zero.
程式: adm/daemons/network/services/rwho_q.c:50
物件: /adm/daemons/network/services/rwho_q
函数呼叫回溯:
read_callback()           adm/daemons/network/dns_master.c:242
incoming_request()        adm/daemons/network/services/rwho_q.c:50

执行时段错误: *Value being indexed is zero.
程式: adm/daemons/network/services/rwho_q.c:50
物件: /adm/daemons/network/services/rwho_q
函数呼叫回溯:
read_callback()           adm/daemons/network/dns_master.c:242
incoming_request()        adm/daemons/network/services/rwho_q.c:50

执行时段错误: *Value being indexed is zero.
程式: adm/daemons/network/services/rwho_q.c:50
物件: /adm/daemons/network/services/rwho_q
函数呼叫回溯:
read_callback()           adm/daemons/network/dns_master.c:242
incoming_request()        adm/daemons/network/services/rwho_q.c:50

执行时段错误: *Value being indexed is zero.
程式: adm/daemons/network/services/rwho_q.c:50
物件: /adm/daemons/network/services/rwho_q
函数呼叫回溯:
read_callback()           adm/daemons/network/dns_master.c:242
incoming_request()        adm/daemons/network/services/rwho_q.c:50

执行时段错误: *Value being indexed is zero.
程式: adm/daemons/network/services/rwho_q.c:50
物件: /adm/daemons/network/services/rwho_q
函数呼叫回溯:
read_callback()           adm/daemons/network/dns_master.c:242
incoming_request()        adm/daemons/network/services/rwho_q.c:50

get_user_data: read on fd 21
System Error: get_user_data: read:Connection reset by peer
get_user_data: read on fd 15
System Error: get_user_data: read:Connection reset by peer
执行时段错误: *Bad argument 1 to capitalize()
Expected: string Got: 0.
程式: cmds/usr/top.c:30
物件: /cmds/usr/top
函数呼叫回溯:
command_hook()            feature/command.c:58
main()                    cmds/usr/top.c:30

执行时段错误: *Bad argument 1 to capitalize()
Expected: string Got: 0.
程式: cmds/usr/top.c:30
物件: /cmds/usr/top
函数呼叫回溯:
command_hook()            feature/command.c:58
main()                    cmds/usr/top.c:30

执行时段错误: *Bad argument 1 to capitalize()
Expected: string Got: 0.
程式: cmds/usr/top.c:30
物件: /cmds/usr/top
函数呼叫回溯:
command_hook()            feature/command.c:58
main()                    cmds/usr/top.c:30

执行时段错误: *Bad argument 1 to capitalize()
Expected: string Got: 0.
程式: cmds/usr/top.c:30
物件: /cmds/usr/top
函数呼叫回溯:
command_hook()            feature/command.c:58
main()                    cmds/usr/top.c:30

执行时段错误: *Bad argument 1 to capitalize()
Expected: string Got: 0.
程式: cmds/usr/top.c:30
物件: /cmds/usr/top
函数呼叫回溯:
command_hook()            feature/command.c:58
main()                    cmds/usr/top.c:30

执行时段错误: *Bad argument 1 to capitalize()
Expected: string Got: 0.
程式: cmds/usr/top.c:30
物件: /cmds/usr/top
函数呼叫回溯:
command_hook()            feature/command.c:58
main()                    cmds/usr/top.c:30

执行时段错误: *Bad argument 1 to capitalize()
Expected: string Got: 0.
程式: cmds/usr/top.c:30
物件: /cmds/usr/top
函数呼叫回溯:
command_hook()            feature/command.c:58
main()                    cmds/usr/top.c:30

get_user_data: read on fd 20
System Error: get_user_data: read:Connection reset by peer
get_user_data: read on fd 10
System Error: get_user_data: read:Broken pipe
执行时段错误: *set_leader: Cannot set this_object() as leader.
程式: feature/team.c:12
物件: /u/bsd/quest/yingzhua2#3156 ("大内鹰爪")
函数呼叫回溯:
heart_beat()              inherit/char/char.c:99
chat()                    inherit/char/npc.c:206
<function>()              (<function>):0
random_move()             inherit/char/npc.c:234
command_hook()            feature/command.c:58
main()                    cmds/std/go.c:115
valid_leave()             d/city2/xiyuan.c:79
set_leader()              feature/team.c:12

Heart beat in /u/bsd/quest/yingzhua2#3156 turned off.
执行时段错误: *set_leader: Cannot set this_object() as leader.
程式: feature/team.c:12
物件: /d/huanhua/npc/yiren#3093 ("任易")
函数呼叫回溯:
heart_beat()              inherit/char/char.c:99
chat()                    inherit/char/npc.c:206
<function>()              (<function>):0
random_move()             inherit/char/npc.c:234
command_hook()            feature/command.c:58
main()                    cmds/std/go.c:115
valid_leave()             d/city2/xiyuan.c:79
set_leader()              feature/team.c:12

Heart beat in /d/huanhua/npc/yiren#3093 turned off.
get_user_data: read on fd 22
System Error: get_user_data: read:Connection reset by peer
执行时段错误: *Array index out of bounds.
程式: inherit/char/npc.c:200
物件: /d/quanzhen/npc/muren#3816 ("木人")
函数呼叫回溯:
heart_beat()              inherit/char/char.c:99
chat()                    inherit/char/npc.c:200

Heart beat in /d/quanzhen/npc/muren#3816 turned off.
执行时段错误: *Array index out of bounds.
程式: inherit/char/npc.c:200
物件: /d/quanzhen/npc/muren#3817 ("木人")
函数呼叫回溯:
heart_beat()              inherit/char/char.c:99
chat()                    inherit/char/npc.c:200

Heart beat in /d/quanzhen/npc/muren#3817 turned off.
执行时段错误: *Array index out of bounds.
程式: inherit/char/npc.c:200
物件: /d/quanzhen/npc/muren#3818 ("木人")
函数呼叫回溯:
heart_beat()              inherit/char/char.c:99
chat()                    inherit/char/npc.c:200

Heart beat in /d/quanzhen/npc/muren#3818 turned off.
get_user_data: read on fd 29
System Error: get_user_data: read:Connection reset by peer
执行时段错误: *Bad argument 3 to message()
Expected: string or array or object Got: 0.
程式: adm/simul_efun/message.c(adm/obj/simul_efun.c):28
物件: /adm/obj/simul_efun
函数呼叫回溯:
confirm_relogin()         adm/daemons/logind.c:475
reconnect()               adm/daemons/logind.c:956
message_vision()          adm/simul_efun/message.c(adm/obj/simul_efun.c):28

执行时段错误: *Bad argument 3 to message()
Expected: string or array or object Got: 0.
程式: adm/simul_efun/message.c(adm/obj/simul_efun.c):28
物件: /adm/obj/simul_efun
函数呼叫回溯:
heart_beat()              inherit/char/char.c:112
heal_up()                 feature/damage.c:244
message_vision()          adm/simul_efun/message.c(adm/obj/simul_efun.c):28

Heart beat in /clone/user/user#3259 turned off.
执行时段错误: *Bad argument 3 to message()
Expected: string or array or object Got: 0.
程式: adm/simul_efun/message.c(adm/obj/simul_efun.c):28
物件: /adm/obj/simul_efun
函数呼叫回溯:
confirm_relogin()         adm/daemons/logind.c:475
reconnect()               adm/daemons/logind.c:956
message_vision()          adm/simul_efun/message.c(adm/obj/simul_efun.c):28

执行时段错误: *Bad argument 3 to message()
Expected: string or array or object Got: 0.
程式: adm/simul_efun/message.c(adm/obj/simul_efun.c):28
物件: /adm/obj/simul_efun
函数呼叫回溯:
heart_beat()              inherit/char/char.c:112
heal_up()                 feature/damage.c:244
message_vision()          adm/simul_efun/message.c(adm/obj/simul_efun.c):28

Heart beat in /clone/user/user#3259 turned off.
get_user_data: read on fd 21
System Error: get_user_data: read:Broken pipe
执行时段错误: *Error in loading object '/kungfu/skill/taiji-quan/zhensd'
程式: inherit/skill/skill.c:193
物件: /kungfu/skill/taiji-quan
函数呼叫回溯:
command_hook()            feature/command.c:58
main()                    cmds/skill/perform.c:126
perform_action()          inherit/skill/skill.c:193

执行时段错误: *Bad argument 3 to message()
Expected: string or array or object Got: 0.
程式: adm/simul_efun/message.c(adm/obj/simul_efun.c):28
物件: /adm/obj/simul_efun
函数呼叫回溯:
get_passwd()              adm/daemons/logind.c:408
reconnect()               adm/daemons/logind.c:956
message_vision()          adm/simul_efun/message.c(adm/obj/simul_efun.c):28

执行时段错误: *Bad argument 3 to message()
Expected: string or array or object Got: 0.
程式: adm/simul_efun/message.c(adm/obj/simul_efun.c):28
物件: /adm/obj/simul_efun
函数呼叫回溯:
heart_beat()              inherit/char/char.c:112
heal_up()                 feature/damage.c:244
message_vision()          adm/simul_efun/message.c(adm/obj/simul_efun.c):28

Heart beat in /clone/user/user#3259 turned off.
get_user_data: read on fd 24
System Error: get_user_data: read:Broken pipe
执行时段错误: *Bad argument 1 to call_other()
Expected: string or array or object Got: 0.
程式: inherit/room/room.c:20
物件: /d/xiangyang/majiu
函数呼叫回溯:
heart_beat()              inherit/char/char.c:99
chat()                    inherit/char/npc.c:206
<function>()              (<function>):0
random_move()             inherit/char/npc.c:234
command_hook()            feature/command.c:58
main()                    cmds/std/go.c:96
create()                  d/xiangyang/majiu.c:37
setup()                   inherit/room/room.c:213
reset()                   inherit/room/room.c:64
make_inventory()          inherit/room/room.c:20

Heart beat in /d/xiangyang/npc/poorman#3341 turned off.
执行时段错误: *Bad argument 3 to message()
Expected: string or array or object Got: 0.
程式: adm/simul_efun/message.c(adm/obj/simul_efun.c):28
物件: /adm/obj/simul_efun
函数呼叫回溯:
get_passwd()              adm/daemons/logind.c:408
reconnect()               adm/daemons/logind.c:956
message_vision()          adm/simul_efun/message.c(adm/obj/simul_efun.c):28

get_user_data: read on fd 9
System Error: get_user_data: read:Connection reset by peer
执行时段错误: *Bad argument 3 to message()
Expected: string or array or object Got: 0.
程式: adm/simul_efun/message.c(adm/obj/simul_efun.c):28
物件: /adm/obj/simul_efun
函数呼叫回溯:
heart_beat()              inherit/char/char.c:112
heal_up()                 feature/damage.c:244
message_vision()          adm/simul_efun/message.c(adm/obj/simul_efun.c):28

Heart beat in /clone/user/user#3259 turned off.
执行时段错误: *Bad argument 3 to message()
Expected: string or array or object Got: 0.
程式: adm/simul_efun/message.c(adm/obj/simul_efun.c):28
物件: /adm/obj/simul_efun
函数呼叫回溯:
get_passwd()              adm/daemons/logind.c:408
reconnect()               adm/daemons/logind.c:956
message_vision()          adm/simul_efun/message.c(adm/obj/simul_efun.c):28

执行时段错误: *Bad argument 3 to message()
Expected: string or array or object Got: 0.
程式: adm/simul_efun/message.c(adm/obj/simul_efun.c):28
物件: /adm/obj/simul_efun
函数呼叫回溯:
heart_beat()              inherit/char/char.c:112
heal_up()                 feature/damage.c:244
message_vision()          adm/simul_efun/message.c(adm/obj/simul_efun.c):28

Heart beat in /clone/user/user#3259 turned off.
get_user_data: read on fd 16
System Error: get_user_data: read:Connection reset by peer
执行时段错误: *Bad argument 1 to call_other()
Expected: string or array or object Got: 0.
程式: inherit/room/room.c:20
物件: /d/xiangyang/majiu
函数呼叫回溯:
reset()                   inherit/room/room.c:64
make_inventory()          inherit/room/room.c:20

get_user_data: read on fd 15
System Error: get_user_data: read:Connection reset by peer
执行时段错误: *F_SKILL: No such skill (juehu-shou)
程式: feature/skill.c:39
物件: /u/zzt/npc/robber2#5038 ("[1;37m劫匪[2;37;0m")
函数呼叫回溯:
to_rob()                  feature/cart.c:182
do_change()               u/zzt/npc/robber2.c:67
set_skill()               feature/skill.c:39

执行时段错误: *F_SKILL: No such skill (juehu-shou)
程式: feature/skill.c:39
物件: /u/zzt/npc/robber2#5077 ("[1;37m劫匪[2;37;0m")
函数呼叫回溯:
to_rob()                  feature/cart.c:182
do_change()               u/zzt/npc/robber2.c:67
set_skill()               feature/skill.c:39

执行时段错误: *F_SKILL: No such skill (juehu-shou)
程式: feature/skill.c:39
物件: /u/zzt/npc/robber2#5086 ("[1;37m劫匪[2;37;0m")
函数呼叫回溯:
to_rob()                  feature/cart.c:182
do_change()               u/zzt/npc/robber2.c:67
set_skill()               feature/skill.c:39

执行时段错误: *F_SKILL: No such skill (zhaixingshu)
程式: feature/skill.c:39
物件: /u/zzt/npc/robber3#5094 ("[1;37m劫匪[2;37;0m")
函数呼叫回溯:
to_rob()                  feature/cart.c:182
do_change()               u/zzt/npc/robber3.c:71
set_skill()               feature/skill.c:39

执行时段错误: *F_SKILL: No such skill (zhaixingshu)
程式: feature/skill.c:39
物件: /u/zzt/npc/robber3#5105 ("[1;37m劫匪[2;37;0m")
函数呼叫回溯:
to_rob()                  feature/cart.c:182
do_change()               u/zzt/npc/robber3.c:71
set_skill()               feature/skill.c:39

System Error: flush_message: write:Broken pipe
System Error: flush_message: write:Broken pipe
]您要将另一个连线中的相同人物赶出去，取而代之吗？(y/n)]鵖ystem Error: flush_message: write:Broken pipe
System Error: flush_message: write:Broken pipe
System Error: flush_message: write:Broken pipe
System Error: flush_message: write:Broken pipe
System Error: flush_message: write:Broken pipe
System Error: flush_message: write:Broken pipe
System Error: flush_message: write:Broken pipe
System Error: flush_message: write:Broken pipe
System Error: flush_message: write:Broken pipe
System Error: flush_message: write:Broken pipe
System Error: flush_message: write:Broken pipe
System Error: flush_message: write:Broken pipe
System Error: flush_message: write:Broken pipe
System Error: flush_message: write:Broken pipe
