2003.06.15 10:42 B F:\user\y\yagami.o <-- www.vmud.com /lonely/mudlib/data/user/y yagami.o
2003.06.15 10:42 B F:\user\y\yamaki.o <-- www.vmud.com /lonely/mudlib/data/user/y yamaki.o
2003.06.15 10:42 B F:\user\y\yamato.o <-- www.vmud.com /lonely/mudlib/data/user/y yamato.o
2003.06.15 10:42 B F:\user\y\yangjun.o <-- www.vmud.com /lonely/mudlib/data/user/y yangjun.o
2003.06.15 10:42 B F:\user\y\yanyu.o <-- www.vmud.com /lonely/mudlib/data/user/y yanyu.o
2003.06.15 10:42 B F:\user\y\yao.o <-- www.vmud.com /lonely/mudlib/data/user/y yao.o
2003.06.15 10:42 B F:\user\y\yaoer.o <-- www.vmud.com /lonely/mudlib/data/user/y yaoer.o
2003.06.15 10:42 B F:\user\y\yaolinke.o <-- www.vmud.com /lonely/mudlib/data/user/y yaolinke.o
2003.06.15 10:42 B F:\user\y\ycsf.o <-- www.vmud.com /lonely/mudlib/data/user/y ycsf.o
2003.06.15 10:42 B F:\user\y\ydd.o <-- www.vmud.com /lonely/mudlib/data/user/y ydd.o
2003.06.15 10:42 B F:\user\y\ydfq.o <-- www.vmud.com /lonely/mudlib/data/user/y ydfq.o
2003.06.15 10:42 B F:\user\y\yeah.o <-- www.vmud.com /lonely/mudlib/data/user/y yeah.o
2003.06.15 10:42 B F:\user\y\yes.o <-- www.vmud.com /lonely/mudlib/data/user/y yes.o
2003.06.15 10:42 B F:\user\y\yhq.o <-- www.vmud.com /lonely/mudlib/data/user/y yhq.o
2003.06.15 10:42 B F:\user\y\yida.o <-- www.vmud.com /lonely/mudlib/data/user/y yida.o
2003.06.15 10:42 B F:\user\y\yiner.o <-- www.vmud.com /lonely/mudlib/data/user/y yiner.o
2003.06.15 10:42 B F:\user\y\yinhusi.o <-- www.vmud.com /lonely/mudlib/data/user/y yinhusi.o
2003.06.15 10:42 B F:\user\y\yinxian.o <-- www.vmud.com /lonely/mudlib/data/user/y yinxian.o
2003.06.15 10:42 B F:\user\y\yling.o <-- www.vmud.com /lonely/mudlib/data/user/y yling.o
2003.06.15 10:42 B F:\user\y\ymmm.o <-- www.vmud.com /lonely/mudlib/data/user/y ymmm.o
2003.06.15 10:42 B F:\user\y\youhua.o <-- www.vmud.com /lonely/mudlib/data/user/y youhua.o
2003.06.15 10:42 B F:\user\y\youran.o <-- www.vmud.com /lonely/mudlib/data/user/y youran.o
2003.06.15 10:42 B F:\user\y\yrl.o <-- www.vmud.com /lonely/mudlib/data/user/y yrl.o
2003.06.15 10:42 B F:\user\y\yuanlu.o <-- www.vmud.com /lonely/mudlib/data/user/y yuanlu.o
2003.06.15 10:42 B F:\user\y\yueyaer.o <-- www.vmud.com /lonely/mudlib/data/user/y yueyaer.o
2003.06.15 10:42 B F:\user\y\yuna.o <-- www.vmud.com /lonely/mudlib/data/user/y yuna.o
2003.06.15 10:42 B F:\user\y\yunlong.o <-- www.vmud.com /lonely/mudlib/data/user/y yunlong.o
2003.06.15 10:42 B F:\user\y\yuxiao.o <-- www.vmud.com /lonely/mudlib/data/user/y yuxiao.o
2003.06.15 10:42 B F:\user\y\yvette.o <-- www.vmud.com /lonely/mudlib/data/user/y yvette.o
2003.06.15 10:42 B F:\user\y\yzf.o <-- www.vmud.com /lonely/mudlib/data/user/y yzf.o
2003.06.15 10:42 B F:\user\y\yzhang.o <-- www.vmud.com /lonely/mudlib/data/user/y yzhang.o
