
<---Mudos v22pre11 for WIN95/NT (by wwj,May 18 1998) Config:【雄霸天下】(江苏总站) startup at Mon Nov 27 00:25:08 2000

using config file: d:\fy\config.fy3
----------------------------------------------------------------------------
【雄霸天下】(江苏总站) (MudOS v22pre11) starting up on Microsoft Windows 95 - Mon Nov 27 00:25:09 2000


Can't find "mudos", ignoring old binaries.
Try invoking the driver using the full pathname.
System Error: init_addr_server: connect:unknow error 10061
]simul_efun loaded successfully.

Loading preloaded files ...
Initializations complete.

Accepting connections on port 3333.
Initializing internal tables....

<---Mudos v22pre11 for WIN95/NT (by wwj,May 18 1998) Config:【雄霸天下】(江苏总站) startup at Mon Nov 27 00:26:42 2000

using config file: d:\fy\config.fy3
----------------------------------------------------------------------------
【雄霸天下】(江苏总站) (MudOS v22pre11) starting up on Microsoft Windows 95 - Mon Nov 27 00:26:42 2000


Can't find "mudos", ignoring old binaries.
Try invoking the driver using the full pathname.
System Error: init_addr_server: connect:unknow error 10061
]simul_efun loaded successfully.

Loading preloaded files ...
Initializations complete.

Accepting connections on port 3333.

执行时段错误：*call_other() couldn't find object

程式：adm/daemons/cron.c 第 50 行
物件: /adm/daemons/cron
呼叫来自：adm/daemons/cron.c 的 init_cron() 第 50 行，物件： adm/daemons/cron

执行时段错误：*call_other() couldn't find object

程式：cmds/std/go.c 第 106 行
物件: /cmds/std/go
呼叫来自：feature/command.c 的 command_hook() 第 39 行，物件： obj/user#326 ("快乐")
呼叫来自：cmds/std/go.c 的 main() 第 106 行，物件： cmds/std/go

执行时段错误：*Bad argument 1 to call_other()
Expected: string or array or object Got: 0.

程式：std/room.c 第 20 行
物件: /u/xinj/mian
呼叫来自：feature/command.c 的 command_hook() 第 39 行，物件： obj/user#326 ("快乐")
呼叫来自：cmds/std/go.c 的 main() 第 106 行，物件： cmds/std/go
呼叫来自：u/xinj/mian.c 的 create() 第 22 行，物件： u/xinj/mian
呼叫来自：std/room.c 的 setup() 第 215 行，物件： u/xinj/mian
呼叫来自：std/room.c 的 reset() 第 66 行，物件： u/xinj/mian
呼叫来自：std/room.c 的 make_inventory() 第 20 行，物件： u/xinj/mian

执行时段错误：*call_other() couldn't find object

程式：cmds/std/go.c 第 106 行
物件: /cmds/std/go
呼叫来自：feature/command.c 的 command_hook() 第 39 行，物件： obj/user#326 ("快乐")
呼叫来自：cmds/std/go.c 的 main() 第 106 行，物件： cmds/std/go
closed external ports
Initializing internal tables....

<---Mudos v22pre11 for WIN95/NT (by wwj,May 18 1998) Config:【雄霸天下】(江苏总站) shutdown at Mon Nov 27 01:44:58 2000




<---Mudos v22pre11 for WIN95/NT (by wwj,May 18 1998) Config:【雄霸天下】(江苏总站) startup at Mon Nov 27 01:44:58 2000

using config file: d:\fy\config.fy3
----------------------------------------------------------------------------
【雄霸天下】(江苏总站) (MudOS v22pre11) starting up on Microsoft Windows 95 - Mon Nov 27 01:44:58 2000


Can't find "mudos", ignoring old binaries.
Try invoking the driver using the full pathname.
System Error: init_addr_server: connect:unknow error 10061
]simul_efun loaded successfully.

Loading preloaded files ...
错误讯息被拦截: 
执行时段错误：*call_other() couldn't find object

程式：adm/daemons/cron.c 第 50 行
物件: /adm/daemons/cron
呼叫来自：adm/obj/master.c 的 preload() 第 75 行，物件： adm/obj/master
呼叫来自：adm/obj/master.c 的 CATCH() 第 75 行，物件： adm/obj/master
呼叫来自：adm/daemons/questd.c 的 create() 第 22 行，物件： adm/daemons/questd
呼叫来自：adm/daemons/cron.c 的 create() 第 16 行，物件： adm/daemons/cron
呼叫来自：adm/daemons/cron.c 的 init_cron() 第 50 行，物件： adm/daemons/cron
Initializations complete.

Accepting connections on port 3333.
closed external ports
Initializing internal tables....

<---Mudos v22pre11 for WIN95/NT (by wwj,May 18 1998) Config:【雄霸天下】(江苏总站) shutdown at Mon Nov 27 01:48:55 2000




<---Mudos v22pre11 for WIN95/NT (by wwj,May 18 1998) Config:【雄霸天下】(江苏总站) startup at Mon Nov 27 01:48:55 2000

using config file: d:\fy\config.fy3
----------------------------------------------------------------------------
【雄霸天下】(江苏总站) (MudOS v22pre11) starting up on Microsoft Windows 95 - Mon Nov 27 01:48:55 2000


Can't find "mudos", ignoring old binaries.
Try invoking the driver using the full pathname.
System Error: init_addr_server: connect:unknow error 10061
]simul_efun loaded successfully.

Loading preloaded files ...
Initializations complete.

Accepting connections on port 3333.
Initializing internal tables....

<---Mudos v22pre11 for WIN95/NT (by wwj,May 18 1998) Config:【雄霸天下】(江苏总站) startup at Mon Nov 27 01:49:50 2000

using config file: d:\fy\config.fy3
----------------------------------------------------------------------------
【雄霸天下】(江苏总站) (MudOS v22pre11) starting up on Microsoft Windows 95 - Mon Nov 27 01:49:50 2000


Can't find "mudos", ignoring old binaries.
Try invoking the driver using the full pathname.
System Error: init_addr_server: connect:unknow error 10061
]simul_efun loaded successfully.

Loading preloaded files ...
Initializations complete.

Accepting connections on port 3333.

执行时段错误：*call_other() couldn't find object

程式：adm/daemons/cron.c 第 50 行
物件: /adm/daemons/cron
呼叫来自：adm/daemons/cron.c 的 init_cron() 第 50 行，物件： adm/daemons/cron
][1;34m【系统】快乐(Sky)：断线了。
[2;37;0m
执行时段错误：*Bad argument 1 to call_other()
Expected: string or array or object Got: 0.

程式：adm/daemons/questd.c 第 110 行
物件: /adm/daemons/questd
呼叫来自：feature/command.c 的 command_hook() 第 43 行，物件： obj/user#655 ("[23m快乐[0m")
呼叫来自：cmds/std/task.c 的 main() 第 11 行，物件： cmds/std/task
呼叫来自：adm/daemons/questd.c 的 dyn_quest_list() 第 110 行，物件： adm/daemons/questd

执行时段错误：*Bad argument 1 to call_other()
Expected: string or array or object Got: 0.

程式：adm/daemons/questd.c 第 110 行
物件: /adm/daemons/questd
呼叫来自：feature/command.c 的 command_hook() 第 43 行，物件： obj/user#655 ("[23m快乐[0m")
呼叫来自：cmds/std/task.c 的 main() 第 11 行，物件： cmds/std/task
呼叫来自：adm/daemons/questd.c 的 dyn_quest_list() 第 110 行，物件： adm/daemons/questd

执行时段错误：*Bad argument 1 to call_other()
Expected: string or array or object Got: 0.

程式：adm/daemons/questd.c 第 110 行
物件: /adm/daemons/questd
呼叫来自：feature/command.c 的 command_hook() 第 43 行，物件： obj/user#655 ("[23m快乐[0m")
呼叫来自：cmds/std/task.c 的 main() 第 11 行，物件： cmds/std/task
呼叫来自：adm/daemons/questd.c 的 dyn_quest_list() 第 110 行，物件： adm/daemons/questd
closed external ports
Initializing internal tables....

<---Mudos v22pre11 for WIN95/NT (by wwj,May 18 1998) Config:【雄霸天下】(江苏总站) shutdown at Mon Nov 27 02:24:31 2000




<---Mudos v22pre11 for WIN95/NT (by wwj,May 18 1998) Config:【雄霸天下】(江苏总站) startup at Mon Nov 27 02:24:31 2000

using config file: d:\fy\config.fy3
----------------------------------------------------------------------------
【雄霸天下】(江苏总站) (MudOS v22pre11) starting up on Microsoft Windows 95 - Mon Nov 27 02:24:31 2000


Can't find "mudos", ignoring old binaries.
Try invoking the driver using the full pathname.
System Error: init_addr_server: connect:unknow error 10061
]simul_efun loaded successfully.

Loading preloaded files ...
Initializations complete.

Accepting connections on port 3333.

执行时段错误：*Bad argument 1 to call_other()
Expected: string or array or object Got: 0.

程式：adm/daemons/questd.c 第 112 行
物件: /adm/daemons/questd
呼叫来自：feature/command.c 的 command_hook() 第 43 行，物件： obj/user#576 ("[23m快乐[0m")
呼叫来自：cmds/std/task.c 的 main() 第 11 行，物件： cmds/std/task
呼叫来自：adm/daemons/questd.c 的 dyn_quest_list() 第 112 行，物件： adm/daemons/questd

执行时段错误：*Bad argument 1 to call_other()
Expected: string or array or object Got: 0.

程式：adm/daemons/questd.c 第 112 行
物件: /adm/daemons/questd
呼叫来自：feature/command.c 的 command_hook() 第 43 行，物件： obj/user#576 ("[23m快乐[0m")
呼叫来自：cmds/std/task.c 的 main() 第 11 行，物件： cmds/std/task
呼叫来自：adm/daemons/questd.c 的 dyn_quest_list() 第 112 行，物件： adm/daemons/questd

执行时段错误：*call_other() couldn't find object

程式：adm/daemons/cron.c 第 50 行
物件: /adm/daemons/cron
呼叫来自：adm/daemons/cron.c 的 init_cron() 第 50 行，物件： adm/daemons/cron
Error in error handler: *Bad argument 1 to file_name()
Expected: object Got: 0.
program: /adm/obj/master.c, object: /adm/obj/master, file: /adm/obj/master.c:164
'  error_handler' in '    adm/obj/master.c' ('      adm/obj/master') /adm/obj/master.c:179
arguments were (([ /* sizeof() == 4 */
  "trace" : ({ }),
  "file" : "",
  "error" : "*Function for verb 'list' not found.
",
  "line" : 0,
]),0)
' standard_trace' in '    adm/obj/master.c' ('      adm/obj/master') /adm/obj/master.c:164
arguments were (([ /* sizeof() == 4 */
  "trace" : ({ }),
  "file" : "",
  "error" : "*Function for verb 'list' not found.
",
  "line" : 0,
]),0)
locals were: 0,0,""
Error in error handler: *Bad argument 1 to file_name()
Expected: object Got: 0.
program: /adm/obj/master.c, object: /adm/obj/master, file: /adm/obj/master.c:164
'  error_handler' in '    adm/obj/master.c' ('      adm/obj/master') /adm/obj/master.c:179
arguments were (([ /* sizeof() == 4 */
  "trace" : ({ }),
  "file" : "",
  "error" : "*Function for verb 'list' not found.
",
  "line" : 0,
]),0)
' standard_trace' in '    adm/obj/master.c' ('      adm/obj/master') /adm/obj/master.c:164
arguments were (([ /* sizeof() == 4 */
  "trace" : ({ }),
  "file" : "",
  "error" : "*Function for verb 'list' not found.
",
  "line" : 0,
]),0)
locals were: 0,0,""
Error in error handler: *Bad argument 1 to file_name()
Expected: object Got: 0.
program: /adm/obj/master.c, object: /adm/obj/master, file: /adm/obj/master.c:164
'  error_handler' in '    adm/obj/master.c' ('      adm/obj/master') /adm/obj/master.c:179
arguments were (([ /* sizeof() == 4 */
  "trace" : ({ }),
  "file" : "",
  "error" : "*Function for verb 'list' not found.
",
  "line" : 0,
]),0)
' standard_trace' in '    adm/obj/master.c' ('      adm/obj/master') /adm/obj/master.c:164
arguments were (([ /* sizeof() == 4 */
  "trace" : ({ }),
  "file" : "",
  "error" : "*Function for verb 'list' not found.
",
  "line" : 0,
]),0)
locals were: 0,0,""
Initializing internal tables....

<---Mudos v22pre11 for WIN95/NT (by wwj,May 18 1998) Config:【雄霸天下】(江苏总站) startup at Mon Nov 27 03:32:15 2000

using config file: d:\fy\config.fy3
----------------------------------------------------------------------------
【雄霸天下】(江苏总站) (MudOS v22pre11) starting up on Microsoft Windows 95 - Mon Nov 27 03:32:15 2000


Can't find "mudos", ignoring old binaries.
Try invoking the driver using the full pathname.
System Error: init_addr_server: connect:unknow error 10061
]simul_efun loaded successfully.

Loading preloaded files ...
Initializations complete.

Accepting connections on port 3333.
Initializing internal tables....

<---Mudos v22pre11 for WIN95/NT (by wwj,May 18 1998) Config:【雄霸天下】(江苏总站) startup at Mon Nov 27 03:37:23 2000

using config file: d:\fy\config.fy3
----------------------------------------------------------------------------
【雄霸天下】(江苏总站) (MudOS v22pre11) starting up on Microsoft Windows 95 - Mon Nov 27 03:37:23 2000


Can't find "mudos", ignoring old binaries.
Try invoking the driver using the full pathname.
System Error: init_addr_server: connect:unknow error 10061
]simul_efun loaded successfully.

Loading preloaded files ...
错误讯息被拦截: 
执行时段错误：*Bad argument 1 to call_other()
Expected: string or array or object Got: 0.

程式：d/dali/npc/yahuan.c 第 36 行
物件: /d/dali/npc/yahuan
呼叫来自：adm/obj/master.c 的 preload() 第 75 行，物件： adm/obj/master
呼叫来自：adm/obj/master.c 的 CATCH() 第 75 行，物件： adm/obj/master
呼叫来自：adm/daemons/questd.c 的 create() 第 23 行，物件： adm/daemons/questd
呼叫来自：adm/daemons/questd.c 的 init_dynamic_quest() 第 54 行，物件： adm/daemons/questd
呼叫来自：adm/daemons/questd.c 的 spread_quest() 第 74 行，物件： adm/daemons/questd
呼叫来自：d/dali/wfhuating.c 的 create() 第 24 行，物件： d/dali/wfhuating
呼叫来自：std/room.c 的 setup() 第 215 行，物件： d/dali/wfhuating
呼叫来自：std/room.c 的 reset() 第 77 行，物件： d/dali/wfhuating
呼叫来自：std/room.c 的 make_inventory() 第 19 行，物件： d/dali/wfhuating
呼叫来自：d/dali/npc/yahuan.c 的 create() 第 36 行，物件： d/dali/npc/yahuan ("王府丫鬟")
Initializations complete.

Accepting connections on port 3333.
错误讯息被拦截: 
执行时段错误：*Error in loading object '/adm/daemons/logind'

程式：cmds/arch/update.c 第 54 行
物件: /cmds/arch/update
呼叫来自：feature/command.c 的 command_hook() 第 43 行，物件： obj/user#330 ("[23m快乐[0m")
呼叫来自：cmds/arch/update.c 的 main() 第 54 行，物件： cmds/arch/update
呼叫来自：cmds/arch/update.c 的 CATCH() 第 54 行，物件： cmds/arch/update
错误讯息被拦截: 
执行时段错误：*Error in loading object '/adm/daemons/logind'

程式：cmds/arch/update.c 第 54 行
物件: /cmds/arch/update
呼叫来自：feature/command.c 的 command_hook() 第 43 行，物件： obj/user#330 ("[23m快乐[0m")
呼叫来自：cmds/arch/update.c 的 main() 第 54 行，物件： cmds/arch/update
呼叫来自：cmds/arch/update.c 的 CATCH() 第 54 行，物件： cmds/arch/update

执行时段错误：*call_other() couldn't find object

程式：adm/daemons/cron.c 第 50 行
物件: /adm/daemons/cron
呼叫来自：adm/daemons/cron.c 的 init_cron() 第 50 行，物件： adm/daemons/cron

执行时段错误：*Bad argument 1 to call_other()
Expected: string or array or object Got: 0.

程式：adm/daemons/questd.c 第 110 行
物件: /adm/daemons/questd
呼叫来自：feature/command.c 的 command_hook() 第 43 行，物件： obj/user#330 ("[23m快乐[0m")
呼叫来自：cmds/std/task.c 的 main() 第 11 行，物件： cmds/std/task
呼叫来自：adm/daemons/questd.c 的 dyn_quest_list() 第 110 行，物件： adm/daemons/questd

执行时段错误：*Bad argument 1 to sscanf
Expected: string Got: 0.

程式：cmds/adm/coordinate.c 第 9 行
物件: /cmds/adm/coordinate
呼叫来自：feature/command.c 的 command_hook() 第 43 行，物件： obj/user#330 ("[23m快乐[0m")
呼叫来自：cmds/adm/coordinate.c 的 main() 第 9 行，物件： cmds/adm/coordinate

执行时段错误：*Bad argument 1 to sscanf
Expected: string Got: 0.

程式：cmds/adm/coordinate.c 第 9 行
物件: /cmds/adm/coordinate
呼叫来自：feature/command.c 的 command_hook() 第 43 行，物件： obj/user#330 ("[23m快乐[0m")
呼叫来自：cmds/adm/coordinate.c 的 main() 第 9 行，物件： cmds/adm/coordinate

执行时段错误：*Bad argument 1 to sscanf
Expected: string Got: 0.

程式：cmds/adm/coordinate.c 第 9 行
物件: /cmds/adm/coordinate
呼叫来自：feature/command.c 的 command_hook() 第 43 行，物件： obj/user#330 ("[23m快乐[0m")
呼叫来自：cmds/adm/coordinate.c 的 main() 第 9 行，物件： cmds/adm/coordinate

执行时段错误：*Bad argument 1 to call_other()
Expected: string or array or object Got: 0.

程式：d/dali/npc/yahuan.c 第 36 行
物件: /d/dali/npc/yahuan#407
呼叫来自：std/room.c 的 reset() 第 77 行，物件： d/dali/wfhuating
呼叫来自：std/room.c 的 make_inventory() 第 19 行，物件： d/dali/wfhuating
呼叫来自：d/dali/npc/yahuan.c 的 create() 第 36 行，物件： d/dali/npc/yahuan#407 ("王府丫鬟")

执行时段错误：*Bad argument 1 to call_other()
Expected: string or array or object Got: 0.

程式：d/dali/npc/weishi1.c 第 37 行
物件: /d/dali/npc/weishi1
呼叫来自：std/char.c 的 heart_beat() 第 114 行，物件： d/fy/npc/badguy#425 ("山西土匪")
呼叫来自：std/char/npc.c 的 chat() 第 116 行，物件： d/fy/npc/badguy#425 ("山西土匪")
呼叫来自：<function> 的 <function>() 第 0 行，物件： d/fy/npc/badguy#425 ("山西土匪")
呼叫来自：std/char/npc.c 的 random_move() 第 130 行，物件： d/fy/npc/badguy#425 ("山西土匪")
呼叫来自：feature/command.c 的 command_hook() 第 43 行，物件： d/fy/npc/badguy#425 ("山西土匪")
呼叫来自：cmds/std/go.c 的 main() 第 106 行，物件： cmds/std/go
呼叫来自：d/dali/wfdoor.c 的 create() 第 25 行，物件： d/dali/wfdoor
呼叫来自：std/room.c 的 setup() 第 215 行，物件： d/dali/wfdoor
呼叫来自：std/room.c 的 reset() 第 77 行，物件： d/dali/wfdoor
呼叫来自：std/room.c 的 make_inventory() 第 19 行，物件： d/dali/wfdoor
呼叫来自：d/dali/npc/weishi1.c 的 create() 第 37 行，物件： d/dali/npc/weishi1 ("[33m王府卫士[2;37;0m")
Heart beat in d/fy/npc/badguy#425 turned off.

执行时段错误：*Bad argument 1 to call_other()
Expected: string or array or object Got: 0.

程式：d/dali/npc/yahuan.c 第 36 行
物件: /d/dali/npc/yahuan#521
呼叫来自：std/room.c 的 reset() 第 77 行，物件： d/dali/wfhuating
呼叫来自：std/room.c 的 make_inventory() 第 19 行，物件： d/dali/wfhuating
呼叫来自：d/dali/npc/yahuan.c 的 create() 第 36 行，物件： d/dali/npc/yahuan#521 ("王府丫鬟")
错误讯息被拦截: 
执行时段错误：*F_SKILL: No such skill (stick)

程式：feature/skill.c 第 17 行
物件: /obj/npc/demogorgon
呼叫来自：feature/command.c 的 command_hook() 第 43 行，物件： obj/user#501 ("[23m快乐[0m")
呼叫来自：cmds/arch/update.c 的 main() 第 54 行，物件： cmds/arch/update
呼叫来自：cmds/arch/update.c 的 CATCH() 第 54 行，物件： cmds/arch/update
呼叫来自：obj/npc/demogorgon.c 的 create() 第 41 行，物件： obj/npc/demogorgon ("[1;37m孙悟空[2;37;0m")
呼叫来自：feature/skill.c 的 set_skill() 第 17 行，物件： obj/npc/demogorgon ("[1;37m孙悟空[2;37;0m")
closed external ports
Initializing internal tables....

<---Mudos v22pre11 for WIN95/NT (by wwj,May 18 1998) Config:【雄霸天下】(江苏总站) shutdown at Mon Nov 27 04:19:26 2000




<---Mudos v22pre11 for WIN95/NT (by wwj,May 18 1998) Config:【雄霸天下】(江苏总站) startup at Mon Nov 27 04:19:27 2000

using config file: d:\fy\config.fy3
----------------------------------------------------------------------------
【雄霸天下】(江苏总站) (MudOS v22pre11) starting up on Microsoft Windows 95 - Mon Nov 27 04:19:27 2000


Can't find "mudos", ignoring old binaries.
Try invoking the driver using the full pathname.
System Error: init_addr_server: connect:unknow error 10061
]simul_efun loaded successfully.

Loading preloaded files ...
Initializations complete.

Accepting connections on port 3333.

执行时段错误：*call_other() couldn't find object

程式：adm/daemons/cron.c 第 50 行
物件: /adm/daemons/cron
呼叫来自：adm/daemons/cron.c 的 init_cron() 第 50 行，物件： adm/daemons/cron

执行时段错误：*Bad argument 1 to call_other()
Expected: string or array or object Got: 0.

程式：adm/daemons/questd.c 第 112 行
物件: /adm/daemons/questd
呼叫来自：feature/command.c 的 command_hook() 第 43 行，物件： obj/user#343 ("[23m快乐[0m")
呼叫来自：cmds/std/task.c 的 main() 第 11 行，物件： cmds/std/task
呼叫来自：adm/daemons/questd.c 的 dyn_quest_list() 第 112 行，物件： adm/daemons/questd
closed external ports
Initializing internal tables....

<---Mudos v22pre11 for WIN95/NT (by wwj,May 18 1998) Config:【雄霸天下】(江苏总站) shutdown at Mon Nov 27 04:40:07 2000




<---Mudos v22pre11 for WIN95/NT (by wwj,May 18 1998) Config:【雄霸天下】(江苏总站) startup at Mon Nov 27 04:40:08 2000

using config file: d:\fy\config.fy3
----------------------------------------------------------------------------
【雄霸天下】(江苏总站) (MudOS v22pre11) starting up on Microsoft Windows 95 - Mon Nov 27 04:40:08 2000


Can't find "mudos", ignoring old binaries.
Try invoking the driver using the full pathname.
System Error: init_addr_server: connect:unknow error 10061
]simul_efun loaded successfully.

Loading preloaded files ...
Initializations complete.

Accepting connections on port 3333.

执行时段错误：*Bad argument 1 to call_other()
Expected: string or array or object Got: 0.

程式：adm/daemons/questd.c 第 112 行
物件: /adm/daemons/questd
呼叫来自：feature/command.c 的 command_hook() 第 43 行，物件： obj/user#329 ("[23m快乐[0m")
呼叫来自：cmds/std/task.c 的 main() 第 11 行，物件： cmds/std/task
呼叫来自：adm/daemons/questd.c 的 dyn_quest_list() 第 112 行，物件： adm/daemons/questd

执行时段错误：*call_other() couldn't find object

程式：adm/daemons/cron.c 第 50 行
物件: /adm/daemons/cron
呼叫来自：adm/daemons/cron.c 的 init_cron() 第 50 行，物件： adm/daemons/cron
Initializing internal tables....
][1;34m【系统】[23m快乐[0m(Sky)：断线了。
[2;37;0m
<---Mudos v22pre11 for WIN95/NT (by wwj,May 18 1998) Config:【雄霸天下】(江苏总站) startup at Mon Nov 27 20:18:31 2000

using config file: d:\fy\config.fy3
----------------------------------------------------------------------------
【雄霸天下】(江苏总站) (MudOS v22pre11) starting up on Microsoft Windows 95 - Mon Nov 27 20:18:31 2000


Can't find "mudos", ignoring old binaries.
Try invoking the driver using the full pathname.
System Error: init_addr_server: connect:unknow error 10061
]simul_efun loaded successfully.

Loading preloaded files ...
错误讯息被拦截: 
执行时段错误：*Bad argument 1 to call_other()
Expected: string or array or object Got: 0.

程式：d/dali/npc/yahuan.c 第 36 行
物件: /d/dali/npc/yahuan
呼叫来自：adm/obj/master.c 的 preload() 第 75 行，物件： adm/obj/master
呼叫来自：adm/obj/master.c 的 CATCH() 第 75 行，物件： adm/obj/master
呼叫来自：adm/daemons/questd.c 的 create() 第 23 行，物件： adm/daemons/questd
呼叫来自：adm/daemons/questd.c 的 init_dynamic_quest() 第 54 行，物件： adm/daemons/questd
呼叫来自：adm/daemons/questd.c 的 spread_quest() 第 74 行，物件： adm/daemons/questd
呼叫来自：d/dali/wfhuating.c 的 create() 第 24 行，物件： d/dali/wfhuating
呼叫来自：std/room.c 的 setup() 第 215 行，物件： d/dali/wfhuating
呼叫来自：std/room.c 的 reset() 第 77 行，物件： d/dali/wfhuating
呼叫来自：std/room.c 的 make_inventory() 第 19 行，物件： d/dali/wfhuating
呼叫来自：d/dali/npc/yahuan.c 的 create() 第 36 行，物件： d/dali/npc/yahuan ("王府丫鬟")
Initializations complete.

Accepting connections on port 3333.

执行时段错误：*Bad argument 1 to call_other()
Expected: string or array or object Got: 0.

程式：adm/daemons/questd.c 第 112 行
物件: /adm/daemons/questd
呼叫来自：feature/command.c 的 command_hook() 第 43 行，物件： obj/user#277 ("[23m快乐[0m")
呼叫来自：cmds/std/task.c 的 main() 第 11 行，物件： cmds/std/task
呼叫来自：adm/daemons/questd.c 的 dyn_quest_list() 第 112 行，物件： adm/daemons/questd

执行时段错误：*Bad argument 1 to call_other()
Expected: string or array or object Got: 0.

程式：adm/daemons/questd.c 第 112 行
物件: /adm/daemons/questd
呼叫来自：feature/command.c 的 command_hook() 第 43 行，物件： obj/user#277 ("[23m快乐[0m")
呼叫来自：cmds/std/task.c 的 main() 第 11 行，物件： cmds/std/task
呼叫来自：adm/daemons/questd.c 的 dyn_quest_list() 第 112 行，物件： adm/daemons/questd

执行时段错误：*Bad argument 1 to call_other()
Expected: string or array or object Got: 0.

程式：adm/daemons/questd.c 第 110 行
物件: /adm/daemons/questd
呼叫来自：feature/command.c 的 command_hook() 第 43 行，物件： obj/user#277 ("[23m快乐[0m")
呼叫来自：cmds/std/task.c 的 main() 第 11 行，物件： cmds/std/task
呼叫来自：adm/daemons/questd.c 的 dyn_quest_list() 第 110 行，物件： adm/daemons/questd

执行时段错误：*Bad argument 1 to call_other()
Expected: string or array or object Got: 0.

程式：adm/daemons/questd.c 第 112 行
物件: /adm/daemons/questd
呼叫来自：feature/command.c 的 command_hook() 第 43 行，物件： obj/user#277 ("[23m快乐[0m")
呼叫来自：cmds/std/task.c 的 main() 第 11 行，物件： cmds/std/task
呼叫来自：adm/daemons/questd.c 的 dyn_quest_list() 第 112 行，物件： adm/daemons/questd
closed external ports
Initializing internal tables....

<---Mudos v22pre11 for WIN95/NT (by wwj,May 18 1998) Config:【雄霸天下】(江苏总站) shutdown at Mon Nov 27 20:26:15 2000




<---Mudos v22pre11 for WIN95/NT (by wwj,May 18 1998) Config:【雄霸天下】(江苏总站) startup at Mon Nov 27 20:26:16 2000

using config file: d:\fy\config.fy3
----------------------------------------------------------------------------
【雄霸天下】(江苏总站) (MudOS v22pre11) starting up on Microsoft Windows 95 - Mon Nov 27 20:26:16 2000


Can't find "mudos", ignoring old binaries.
Try invoking the driver using the full pathname.
Connected to address server on localhost port 4444
]simul_efun loaded successfully.

Loading preloaded files ...
Initializations complete.

Accepting connections on port 3333.

执行时段错误：*Bad argument 1 to call_other()
Expected: string or array or object Got: 0.

程式：adm/daemons/questd.c 第 110 行
物件: /adm/daemons/questd
呼叫来自：feature/command.c 的 command_hook() 第 43 行，物件： obj/user#348 ("[23m快乐[0m")
呼叫来自：cmds/std/task.c 的 main() 第 11 行，物件： cmds/std/task
呼叫来自：adm/daemons/questd.c 的 dyn_quest_list() 第 110 行，物件： adm/daemons/questd

执行时段错误：*Bad argument 1 to call_other()
Expected: string or array or object Got: 0.

程式：adm/daemons/questd.c 第 112 行
物件: /adm/daemons/questd
呼叫来自：feature/command.c 的 command_hook() 第 43 行，物件： obj/user#348 ("[23m快乐[0m")
呼叫来自：cmds/std/task.c 的 main() 第 11 行，物件： cmds/std/task
呼叫来自：adm/daemons/questd.c 的 dyn_quest_list() 第 112 行，物件： adm/daemons/questd
closed external ports
Initializing internal tables....

<---Mudos v22pre11 for WIN95/NT (by wwj,May 18 1998) Config:【雄霸天下】(江苏总站) shutdown at Mon Nov 27 20:28:21 2000




<---Mudos v22pre11 for WIN95/NT (by wwj,May 18 1998) Config:【雄霸天下】(江苏总站) startup at Mon Nov 27 20:28:22 2000

using config file: d:\fy\config.fy3
----------------------------------------------------------------------------
【雄霸天下】(江苏总站) (MudOS v22pre11) starting up on Microsoft Windows 95 - Mon Nov 27 20:28:22 2000


Can't find "mudos", ignoring old binaries.
Try invoking the driver using the full pathname.
Connected to address server on localhost port 4444
]simul_efun loaded successfully.

Loading preloaded files ...
Initializations complete.

Accepting connections on port 3333.

执行时段错误：*Bad argument 1 to call_other()
Expected: string or array or object Got: 0.

程式：adm/daemons/questd.c 第 112 行
物件: /adm/daemons/questd
呼叫来自：feature/command.c 的 command_hook() 第 43 行，物件： obj/user#306 ("[23m快乐[0m")
呼叫来自：cmds/std/task.c 的 main() 第 11 行，物件： cmds/std/task
呼叫来自：adm/daemons/questd.c 的 dyn_quest_list() 第 112 行，物件： adm/daemons/questd

执行时段错误：*call_other() couldn't find object

程式：adm/daemons/cron.c 第 50 行
物件: /adm/daemons/cron
呼叫来自：adm/daemons/cron.c 的 init_cron() 第 50 行，物件： adm/daemons/cron
closed external ports
Initializing internal tables....

<---Mudos v22pre11 for WIN95/NT (by wwj,May 18 1998) Config:【雄霸天下】(江苏总站) shutdown at Mon Nov 27 20:30:34 2000




<---Mudos v22pre11 for WIN95/NT (by wwj,May 18 1998) Config:【雄霸天下】(江苏总站) startup at Mon Nov 27 20:30:34 2000

using config file: d:\fy\config.fy3
----------------------------------------------------------------------------
【雄霸天下】(江苏总站) (MudOS v22pre11) starting up on Microsoft Windows 95 - Mon Nov 27 20:30:34 2000


Can't find "mudos", ignoring old binaries.
Try invoking the driver using the full pathname.
Connected to address server on localhost port 4444
]simul_efun loaded successfully.

Loading preloaded files ...
错误讯息被拦截: 
执行时段错误：*call_other() couldn't find object

程式：adm/daemons/cron.c 第 50 行
物件: /adm/daemons/cron
呼叫来自：adm/obj/master.c 的 preload() 第 75 行，物件： adm/obj/master
呼叫来自：adm/obj/master.c 的 CATCH() 第 75 行，物件： adm/obj/master
呼叫来自：adm/daemons/questd.c 的 create() 第 22 行，物件： adm/daemons/questd
呼叫来自：adm/daemons/cron.c 的 create() 第 16 行，物件： adm/daemons/cron
呼叫来自：adm/daemons/cron.c 的 init_cron() 第 50 行，物件： adm/daemons/cron
Initializations complete.

Accepting connections on port 3333.

执行时段错误：*Bad argument 1 to read_file()
Expected: string Got: 0.

程式：cmds/adm/sball.c 第 13 行
物件: /cmds/adm/sball
呼叫来自：feature/command.c 的 command_hook() 第 43 行，物件： obj/user#41 ("[23m快乐[0m")
呼叫来自：cmds/adm/sball.c 的 main() 第 13 行，物件： cmds/adm/sball
hname_handler: read on fd 164
System Error: hname_handler: read:操作已成功完成。

Initializing internal tables....

<---Mudos v22pre11 for WIN95/NT (by wwj,May 18 1998) Config:【雄霸天下】(江苏总站) startup at Mon Nov 27 20:42:42 2000

using config file: d:\fy\config.fy3
----------------------------------------------------------------------------
【雄霸天下】(江苏总站) (MudOS v22pre11) starting up on Microsoft Windows 95 - Mon Nov 27 20:42:42 2000


Can't find "mudos", ignoring old binaries.
Try invoking the driver using the full pathname.
System Error: init_addr_server: connect:unknow error 10061
]simul_efun loaded successfully.

Loading preloaded files ...
Initializations complete.

Accepting connections on port 3333.

执行时段错误：*call_other() couldn't find object

程式：adm/daemons/cron.c 第 50 行
物件: /adm/daemons/cron
呼叫来自：adm/daemons/cron.c 的 init_cron() 第 50 行，物件： adm/daemons/cron
错误讯息被拦截: 
执行时段错误：*Error in loading object '/cmds/std/task'

程式：cmds/arch/update.c 第 54 行
物件: /cmds/arch/update
呼叫来自：feature/command.c 的 command_hook() 第 43 行，物件： obj/user#319 ("泥巴开发者")
呼叫来自：cmds/arch/update.c 的 main() 第 54 行，物件： cmds/arch/update
呼叫来自：cmds/arch/update.c 的 CATCH() 第 54 行，物件： cmds/arch/update
错误讯息被拦截: 
执行时段错误：*Bad argument 1 to call_other()
Expected: string or array or object Got: 0.

程式：d/dali/npc/yahuan.c 第 36 行
物件: /d/dali/npc/yahuan
呼叫来自：feature/command.c 的 command_hook() 第 43 行，物件： obj/user#319 ("泥巴开发者")
呼叫来自：cmds/arch/update.c 的 main() 第 54 行，物件： cmds/arch/update
呼叫来自：cmds/arch/update.c 的 CATCH() 第 54 行，物件： cmds/arch/update
呼叫来自：adm/daemons/questd.c 的 create() 第 23 行，物件： adm/daemons/questd
呼叫来自：adm/daemons/questd.c 的 init_dynamic_quest() 第 54 行，物件： adm/daemons/questd
呼叫来自：adm/daemons/questd.c 的 spread_quest() 第 74 行，物件： adm/daemons/questd
呼叫来自：d/dali/wfhuayuan.c 的 create() 第 25 行，物件： d/dali/wfhuayuan
呼叫来自：std/room.c 的 setup() 第 215 行，物件： d/dali/wfhuayuan
呼叫来自：std/room.c 的 reset() 第 66 行，物件： d/dali/wfhuayuan
呼叫来自：std/room.c 的 make_inventory() 第 19 行，物件： d/dali/wfhuayuan
呼叫来自：d/dali/npc/yahuan.c 的 create() 第 36 行，物件： d/dali/npc/yahuan ("王府丫鬟")
错误讯息被拦截: 
执行时段错误：*Bad argument 1 to call_other()
Expected: string or array or object Got: 0.

程式：d/dali/npc/weishi.c 第 40 行
物件: /d/dali/npc/weishi
呼叫来自：feature/command.c 的 command_hook() 第 43 行，物件： obj/user#319 ("泥巴开发者")
呼叫来自：cmds/arch/update.c 的 main() 第 54 行，物件： cmds/arch/update
呼叫来自：cmds/arch/update.c 的 CATCH() 第 54 行，物件： cmds/arch/update
呼叫来自：adm/daemons/questd.c 的 create() 第 23 行，物件： adm/daemons/questd
呼叫来自：adm/daemons/questd.c 的 init_dynamic_quest() 第 54 行，物件： adm/daemons/questd
呼叫来自：adm/daemons/questd.c 的 spread_quest() 第 74 行，物件： adm/daemons/questd
呼叫来自：d/dali/paifang.c 的 create() 第 22 行，物件： d/dali/paifang
呼叫来自：std/room.c 的 setup() 第 215 行，物件： d/dali/paifang
呼叫来自：std/room.c 的 reset() 第 77 行，物件： d/dali/paifang
呼叫来自：std/room.c 的 make_inventory() 第 19 行，物件： d/dali/paifang
呼叫来自：d/dali/npc/weishi.c 的 create() 第 40 行，物件： d/dali/npc/weishi ("[1;33m金甲卫士[2;37;0m")
][1;34m【系统】泥巴开发者(Mudadm)：断线了。
[2;37;0m错误讯息被拦截: 
执行时段错误：*Bad argument 1 to call_other()
Expected: string or array or object Got: 0.

程式：d/dali/npc/yahuan.c 第 36 行
物件: /d/dali/npc/yahuan#3086
呼叫来自：feature/command.c 的 command_hook() 第 43 行，物件： obj/user#319 ("泥巴开发者")
呼叫来自：cmds/arch/update.c 的 main() 第 54 行，物件： cmds/arch/update
呼叫来自：cmds/arch/update.c 的 CATCH() 第 54 行，物件： cmds/arch/update
呼叫来自：adm/daemons/questd.c 的 create() 第 23 行，物件： adm/daemons/questd
呼叫来自：adm/daemons/questd.c 的 init_dynamic_quest() 第 54 行，物件： adm/daemons/questd
呼叫来自：adm/daemons/questd.c 的 spread_quest() 第 72 行，物件： adm/daemons/questd
呼叫来自：std/room.c 的 reset() 第 66 行，物件： d/dali/wfhuayuan
呼叫来自：std/room.c 的 make_inventory() 第 19 行，物件： d/dali/wfhuayuan
呼叫来自：d/dali/npc/yahuan.c 的 create() 第 36 行，物件： d/dali/npc/yahuan#3086 ("王府丫鬟")

执行时段错误：*Bad argument 1 to call_other()
Expected: string or array or object Got: 0.

程式：d/dali/npc/yahuan.c 第 36 行
物件: /d/dali/npc/yahuan#3438
呼叫来自：std/room.c 的 reset() 第 66 行，物件： d/dali/wfhuayuan
呼叫来自：std/room.c 的 make_inventory() 第 19 行，物件： d/dali/wfhuayuan
呼叫来自：d/dali/npc/yahuan.c 的 create() 第 36 行，物件： d/dali/npc/yahuan#3438 ("王府丫鬟")
Initializing internal tables....

<---Mudos v22pre11 for WIN95/NT (by wwj,May 18 1998) Config:【雄霸天下】(江苏总站) startup at Tue Nov 28 15:43:03 2000

using config file: d:\fy\config.fy3
----------------------------------------------------------------------------
【雄霸天下】(江苏总站) (MudOS v22pre11) starting up on Microsoft Windows 95 - Tue Nov 28 15:43:04 2000


Can't find "mudos", ignoring old binaries.
Try invoking the driver using the full pathname.
System Error: init_addr_server: connect:unknow error 10061
]simul_efun loaded successfully.

Loading preloaded files ...
错误讯息被拦截: 
执行时段错误：*Bad argument 1 to call_other()
Expected: string or array or object Got: 0.

程式：u/moon/npc/cook.c 第 21 行
物件: /u/moon/npc/cook
呼叫来自：adm/obj/master.c 的 preload() 第 75 行，物件： adm/obj/master
呼叫来自：adm/obj/master.c 的 CATCH() 第 75 行，物件： adm/obj/master
呼叫来自：adm/daemons/questd.c 的 create() 第 24 行，物件： adm/daemons/questd
呼叫来自：adm/daemons/questd.c 的 init_dynamic_quest() 第 55 行，物件： adm/daemons/questd
呼叫来自：adm/daemons/questd.c 的 spread_quest() 第 75 行，物件： adm/daemons/questd
呼叫来自：u/moon/cookroom.c 的 create() 第 23 行，物件： u/moon/cookroom
呼叫来自：std/room.c 的 setup() 第 215 行，物件： u/moon/cookroom
呼叫来自：std/room.c 的 reset() 第 66 行，物件： u/moon/cookroom
呼叫来自：std/room.c 的 make_inventory() 第 19 行，物件： u/moon/cookroom
呼叫来自：u/moon/npc/cook.c 的 create() 第 21 行，物件： u/moon/npc/cook ("厨师")
Initializations complete.

Accepting connections on port 3333.

执行时段错误：*call_other() couldn't find object

程式：adm/daemons/cron.c 第 50 行
物件: /adm/daemons/cron
呼叫来自：adm/daemons/cron.c 的 init_cron() 第 50 行，物件： adm/daemons/cron

执行时段错误：*Bad argument 1 to call_other()
Expected: string or array or object Got: 0.

程式：u/moon/npc/cook.c 第 21 行
物件: /u/moon/npc/cook#679
呼叫来自：std/room.c 的 reset() 第 66 行，物件： u/moon/cookroom
呼叫来自：std/room.c 的 make_inventory() 第 19 行，物件： u/moon/cookroom
呼叫来自：u/moon/npc/cook.c 的 create() 第 21 行，物件： u/moon/npc/cook#679 ("厨师")

执行时段错误：*Bad argument 1 to call_other()
Expected: string or array or object Got: 0.

程式：u/moon/npc/cook.c 第 21 行
物件: /u/moon/npc/cook#801
呼叫来自：std/room.c 的 reset() 第 66 行，物件： u/moon/cookroom
呼叫来自：std/room.c 的 make_inventory() 第 19 行，物件： u/moon/cookroom
呼叫来自：u/moon/npc/cook.c 的 create() 第 21 行，物件： u/moon/npc/cook#801 ("厨师")
Initializing internal tables....

<---Mudos v22pre11 for WIN95/NT (by wwj,May 18 1998) Config:【雄霸天下】(江苏总站) startup at Tue Nov 28 16:43:51 2000

using config file: d:\fy\config.fy3
----------------------------------------------------------------------------
【雄霸天下】(江苏总站) (MudOS v22pre11) starting up on Microsoft Windows 95 - Tue Nov 28 16:43:51 2000


Can't find "mudos", ignoring old binaries.
Try invoking the driver using the full pathname.
System Error: init_addr_server: connect:unknow error 10061
]simul_efun loaded successfully.

Loading preloaded files ...
错误讯息被拦截: 
执行时段错误：*Bad argument 1 to call_other()
Expected: string or array or object Got: 0.

程式：d/dali/npc/yahuan.c 第 36 行
物件: /d/dali/npc/yahuan
呼叫来自：adm/obj/master.c 的 preload() 第 75 行，物件： adm/obj/master
呼叫来自：adm/obj/master.c 的 CATCH() 第 75 行，物件： adm/obj/master
呼叫来自：adm/daemons/questd.c 的 create() 第 24 行，物件： adm/daemons/questd
呼叫来自：adm/daemons/questd.c 的 init_dynamic_quest() 第 55 行，物件： adm/daemons/questd
呼叫来自：adm/daemons/questd.c 的 spread_quest() 第 75 行，物件： adm/daemons/questd
呼叫来自：d/dali/wfhuayuan.c 的 create() 第 25 行，物件： d/dali/wfhuayuan
呼叫来自：std/room.c 的 setup() 第 215 行，物件： d/dali/wfhuayuan
呼叫来自：std/room.c 的 reset() 第 66 行，物件： d/dali/wfhuayuan
呼叫来自：std/room.c 的 make_inventory() 第 19 行，物件： d/dali/wfhuayuan
呼叫来自：d/dali/npc/yahuan.c 的 create() 第 36 行，物件： d/dali/npc/yahuan ("王府丫鬟")
Initializations complete.

Accepting connections on port 3333.
Initializing internal tables....

<---Mudos v22pre11 for WIN95/NT (by wwj,May 18 1998) Config:【雄霸天下】(江苏总站) startup at Wed Nov 29 14:39:45 2000

using config file: d:\fy\config.fy3
----------------------------------------------------------------------------
【雄霸天下】(江苏总站) (MudOS v22pre11) starting up on Microsoft Windows 95 - Wed Nov 29 14:39:45 2000


Can't find "mudos", ignoring old binaries.
Try invoking the driver using the full pathname.
System Error: init_addr_server: connect:unknow error 10061
]simul_efun loaded successfully.

Loading preloaded files ...
Initializations complete.

Accepting connections on port 3333.

执行时段错误：*F_SKILL: No such skill (shuaijiao)

程式：feature/skill.c 第 17 行
物件: /u/xj/npc/trader
呼叫来自：std/char.c 的 heart_beat() 第 114 行，物件： u/xj/npc/police1#341 ("阿里木")
呼叫来自：std/char/npc.c 的 chat() 第 116 行，物件： u/xj/npc/police1#341 ("阿里木")
呼叫来自：<function> 的 <function>() 第 0 行，物件： u/xj/npc/police1#341 ("阿里木")
呼叫来自：std/char/npc.c 的 random_move() 第 130 行，物件： u/xj/npc/police1#341 ("阿里木")
呼叫来自：feature/command.c 的 command_hook() 第 43 行，物件： u/xj/npc/police1#341 ("阿里木")
呼叫来自：cmds/std/go.c 的 main() 第 106 行，物件： cmds/std/go
呼叫来自：u/xj/sichou4.c 的 create() 第 26 行，物件： u/xj/sichou4
呼叫来自：std/room.c 的 setup() 第 215 行，物件： u/xj/sichou4
呼叫来自：std/room.c 的 reset() 第 77 行，物件： u/xj/sichou4
呼叫来自：std/room.c 的 make_inventory() 第 19 行，物件： u/xj/sichou4
呼叫来自：u/xj/npc/trader.c 的 create() 第 14 行，物件： u/xj/npc/trader ("吐鲁番商人")
呼叫来自：feature/skill.c 的 set_skill() 第 17 行，物件： u/xj/npc/trader ("吐鲁番商人")
Heart beat in u/xj/npc/police1#341 turned off.

执行时段错误：*F_SKILL: No such skill (shuaijiao)

程式：feature/skill.c 第 17 行
物件: /u/xj/npc/trader2
呼叫来自：feature/command.c 的 command_hook() 第 39 行，物件： obj/user#270 ("快乐")
呼叫来自：cmds/std/go.c 的 main() 第 106 行，物件： cmds/std/go
呼叫来自：u/xj/sichou2.c 的 create() 第 26 行，物件： u/xj/sichou2
呼叫来自：std/room.c 的 setup() 第 215 行，物件： u/xj/sichou2
呼叫来自：std/room.c 的 reset() 第 77 行，物件： u/xj/sichou2
呼叫来自：std/room.c 的 make_inventory() 第 19 行，物件： u/xj/sichou2
呼叫来自：u/xj/npc/trader2.c 的 create() 第 13 行，物件： u/xj/npc/trader2 ("乌拉泊商人")
呼叫来自：feature/skill.c 的 set_skill() 第 17 行，物件： u/xj/npc/trader2 ("乌拉泊商人")

执行时段错误：*call_other() couldn't find object

程式：adm/daemons/cron.c 第 50 行
物件: /adm/daemons/cron
呼叫来自：adm/daemons/cron.c 的 init_cron() 第 50 行，物件： adm/daemons/cron

执行时段错误：*Bad argument 1 to call_other()
Expected: string or array or object Got: 0.

程式：d/dali/npc/jinyi.c 第 32 行
物件: /d/dali/npc/jinyi
呼叫来自：feature/command.c 的 command_hook() 第 43 行，物件： obj/user#642 ("快乐")
呼叫来自：cmds/adm/checkdup.c 的 main() 第 31 行，物件： cmds/adm/checkdup
呼叫来自：d/dali/chengdedian.c 的 create() 第 24 行，物件： d/dali/chengdedian
呼叫来自：std/room.c 的 setup() 第 215 行，物件： d/dali/chengdedian
呼叫来自：std/room.c 的 reset() 第 77 行，物件： d/dali/chengdedian
呼叫来自：std/room.c 的 make_inventory() 第 19 行，物件： d/dali/chengdedian
呼叫来自：d/dali/npc/jinyi.c 的 create() 第 32 行，物件： d/dali/npc/jinyi ("[1;37m锦衣卫士[2;37;0m")

执行时段错误：*Bad argument 1 to call_other()
Expected: string or array or object Got: 0.

程式：std/room.c 第 20 行
物件: /u/beijing/nanjie3
呼叫来自：feature/command.c 的 command_hook() 第 43 行，物件： obj/user#642 ("快乐")
呼叫来自：cmds/adm/checkdup.c 的 main() 第 31 行，物件： cmds/adm/checkdup
呼叫来自：u/beijing/nanjie3.c 的 create() 第 25 行，物件： u/beijing/nanjie3
呼叫来自：std/room.c 的 setup() 第 215 行，物件： u/beijing/nanjie3
呼叫来自：std/room.c 的 reset() 第 77 行，物件： u/beijing/nanjie3
呼叫来自：std/room.c 的 make_inventory() 第 20 行，物件： u/beijing/nanjie3
错误讯息被拦截: 
执行时段错误：*Bad argument 1 to call_other()
Expected: string or array or object Got: 0.

程式：std/room.c 第 20 行
物件: /u/beijing/nanjie3
呼叫来自：feature/command.c 的 command_hook() 第 43 行，物件： obj/user#642 ("快乐")
呼叫来自：cmds/arch/update.c 的 main() 第 54 行，物件： cmds/arch/update
呼叫来自：cmds/arch/update.c 的 CATCH() 第 54 行，物件： cmds/arch/update
呼叫来自：u/beijing/nanjie3.c 的 create() 第 25 行，物件： u/beijing/nanjie3
呼叫来自：std/room.c 的 setup() 第 215 行，物件： u/beijing/nanjie3
呼叫来自：std/room.c 的 reset() 第 77 行，物件： u/beijing/nanjie3
呼叫来自：std/room.c 的 make_inventory() 第 20 行，物件： u/beijing/nanjie3

执行时段错误：*Bad argument 1 to call_other()
Expected: string or array or object Got: 0.

程式：u/moon/npc/cook.c 第 21 行
物件: /u/moon/npc/cook
呼叫来自：feature/command.c 的 command_hook() 第 43 行，物件： obj/user#642 ("快乐")
呼叫来自：cmds/adm/checkdup.c 的 main() 第 31 行，物件： cmds/adm/checkdup
呼叫来自：u/moon/cookroom.c 的 create() 第 23 行，物件： u/moon/cookroom
呼叫来自：std/room.c 的 setup() 第 215 行，物件： u/moon/cookroom
呼叫来自：std/room.c 的 reset() 第 66 行，物件： u/moon/cookroom
呼叫来自：std/room.c 的 make_inventory() 第 19 行，物件： u/moon/cookroom
呼叫来自：u/moon/npc/cook.c 的 create() 第 21 行，物件： u/moon/npc/cook ("厨师")

执行时段错误：*Bad argument 1 to call_other()
Expected: string or array or object Got: 0.

程式：u/moon/npc/liu.c 第 32 行
物件: /u/moon/npc/liu
呼叫来自：feature/command.c 的 command_hook() 第 43 行，物件： obj/user#642 ("快乐")
呼叫来自：cmds/adm/checkdup.c 的 main() 第 31 行，物件： cmds/adm/checkdup
呼叫来自：u/moon/gaden.c 的 create() 第 26 行，物件： u/moon/gaden
呼叫来自：std/room.c 的 setup() 第 215 行，物件： u/moon/gaden
呼叫来自：std/room.c 的 reset() 第 66 行，物件： u/moon/gaden
呼叫来自：std/room.c 的 make_inventory() 第 19 行，物件： u/moon/gaden
呼叫来自：u/moon/npc/liu.c 的 create() 第 32 行，物件： u/moon/npc/liu ("柳若松")

执行时段错误：*F_SKILL: No such skill (yunu-sword)

程式：feature/skill.c 第 17 行
物件: /u/qingrengu/npc/master1
呼叫来自：feature/command.c 的 command_hook() 第 43 行，物件： obj/user#642 ("快乐")
呼叫来自：cmds/adm/checkdup.c 的 main() 第 31 行，物件： cmds/adm/checkdup
呼叫来自：u/qingrengu/guzhong.c 的 create() 第 24 行，物件： u/qingrengu/guzhong
呼叫来自：std/room.c 的 setup() 第 215 行，物件： u/qingrengu/guzhong
呼叫来自：std/room.c 的 reset() 第 66 行，物件： u/qingrengu/guzhong
呼叫来自：std/room.c 的 make_inventory() 第 19 行，物件： u/qingrengu/guzhong
呼叫来自：u/qingrengu/npc/master1.c 的 create() 第 52 行，物件： u/qingrengu/npc/master1 ("杨敏")
呼叫来自：feature/skill.c 的 set_skill() 第 17 行，物件： u/qingrengu/npc/master1 ("杨敏")

执行时段错误：*call_other() couldn't find object

程式：cmds/std/go.c 第 106 行
物件: /cmds/std/go
呼叫来自：feature/command.c 的 command_hook() 第 39 行，物件： obj/user#642 ("快乐")
呼叫来自：cmds/std/go.c 的 main() 第 106 行，物件： cmds/std/go

执行时段错误：*Bad argument 1 to call_other()
Expected: string or array or object Got: 0.

程式：u/moon/npc/cook.c 第 21 行
物件: /u/moon/npc/cook#10575
呼叫来自：std/room.c 的 reset() 第 66 行，物件： u/moon/cookroom
呼叫来自：std/room.c 的 make_inventory() 第 19 行，物件： u/moon/cookroom
呼叫来自：u/moon/npc/cook.c 的 create() 第 21 行，物件： u/moon/npc/cook#10575 ("厨师")
closed external ports
Initializing internal tables....

<---Mudos v22pre11 for WIN95/NT (by wwj,May 18 1998) Config:【雄霸天下】(江苏总站) shutdown at Wed Nov 29 15:52:25 2000




<---Mudos v22pre11 for WIN95/NT (by wwj,May 18 1998) Config:【雄霸天下】(江苏总站) startup at Wed Nov 29 15:52:26 2000

using config file: d:\fy\config.fy3
----------------------------------------------------------------------------
【雄霸天下】(江苏总站) (MudOS v22pre11) starting up on Microsoft Windows 95 - Wed Nov 29 15:52:26 2000


Can't find "mudos", ignoring old binaries.
Try invoking the driver using the full pathname.
System Error: init_addr_server: connect:unknow error 10061
]simul_efun loaded successfully.

Loading preloaded files ...
Initializations complete.

Accepting connections on port 3333.

执行时段错误：*Bad argument 1 to capitalize()
Expected: string Got: 0.

程式：adm/daemons/channeld.c 第 72 行
物件: /adm/daemons/channeld
呼叫来自：feature/command.c 的 command_hook() 第 43 行，物件： obj/user#342 ("快乐")
呼叫来自：cmds/adm/edit.c 的 main() 第 18 行，物件： cmds/adm/edit
呼叫来自：adm/daemons/channeld.c 的 do_channel() 第 72 行，物件： adm/daemons/channeld

执行时段错误：*Bad argument 1 to capitalize()
Expected: string Got: 0.

程式：adm/daemons/channeld.c 第 72 行
物件: /adm/daemons/channeld
呼叫来自：feature/command.c 的 command_hook() 第 43 行，物件： obj/user#342 ("快乐")
呼叫来自：cmds/adm/promote.c 的 main() 第 39 行，物件： cmds/adm/promote
呼叫来自：adm/daemons/channeld.c 的 do_channel() 第 72 行，物件： adm/daemons/channeld

执行时段错误：*Bad argument 1 to capitalize()
Expected: string Got: 0.

程式：adm/daemons/channeld.c 第 72 行
物件: /adm/daemons/channeld
呼叫来自：feature/command.c 的 command_hook() 第 43 行，物件： obj/user#342 ("快乐")
呼叫来自：cmds/adm/edit.c 的 main() 第 18 行，物件： cmds/adm/edit
呼叫来自：adm/daemons/channeld.c 的 do_channel() 第 72 行，物件： adm/daemons/channeld

执行时段错误：*call_other() couldn't find object

程式：adm/daemons/cron.c 第 50 行
物件: /adm/daemons/cron
呼叫来自：adm/daemons/cron.c 的 init_cron() 第 50 行，物件： adm/daemons/cron
get_user_data: read on fd 172
System Error: get_user_data: read:操作已成功完成。

Initializing internal tables....
][1;34m【系统】毛九(Mudadm)：断线了。
[2;37;0m
<---Mudos v22pre11 for WIN95/NT (by wwj,May 18 1998) Config:【雄霸天下】(江苏总站) startup at Fri Dec 01 19:34:24 2000

using config file: d:\fy\config.fy3
----------------------------------------------------------------------------
【雄霸天下】(江苏总站) (MudOS v22pre11) starting up on Microsoft Windows 95 - Fri Dec 01 19:34:24 2000


Can't find "mudos", ignoring old binaries.
Try invoking the driver using the full pathname.
System Error: init_addr_server: connect:unknow error 10061
]simul_efun loaded successfully.

Loading preloaded files ...
Initializations complete.

Accepting connections on port 3333.
Initializing internal tables....
][1;34m【系统】毛九(Mudadm)：断线了。
[2;37;0m
<---Mudos v22pre11 for WIN95/NT (by wwj,May 18 1998) Config:【雄霸天下】(江苏总站) startup at Fri Dec 01 19:45:25 2000

using config file: d:\fy\config.fy3
----------------------------------------------------------------------------
【雄霸天下】(江苏总站) (MudOS v22pre11) starting up on Microsoft Windows 95 - Fri Dec 01 19:45:26 2000


Can't find "mudos", ignoring old binaries.
Try invoking the driver using the full pathname.
System Error: init_addr_server: connect:unknow error 10061
]simul_efun loaded successfully.

Loading preloaded files ...
错误讯息被拦截: 
执行时段错误：*call_other() couldn't find object

程式：adm/daemons/cron.c 第 50 行
物件: /adm/daemons/cron
呼叫来自：adm/obj/master.c 的 preload() 第 75 行，物件： adm/obj/master
呼叫来自：adm/obj/master.c 的 CATCH() 第 75 行，物件： adm/obj/master
呼叫来自：adm/daemons/questd.c 的 create() 第 23 行，物件： adm/daemons/questd
呼叫来自：adm/daemons/cron.c 的 create() 第 16 行，物件： adm/daemons/cron
呼叫来自：adm/daemons/cron.c 的 init_cron() 第 50 行，物件： adm/daemons/cron
Initializations complete.

Accepting connections on port 3333.

执行时段错误：*Illegal to move or destruct an object defining actions from a verb function which returns zero.

程式：std/char/npc.c 第 130 行
物件: /d/fy/npc/zhu#70
呼叫来自：std/char.c 的 heart_beat() 第 114 行，物件： d/fy/npc/zhu#70 ("青竹先生")
呼叫来自：std/char/npc.c 的 chat() 第 116 行，物件： d/fy/npc/zhu#70 ("青竹先生")
呼叫来自：<function> 的 <function>() 第 0 行，物件： d/fy/npc/zhu#70 ("青竹先生")
呼叫来自：std/char/npc.c 的 random_move() 第 130 行，物件： d/fy/npc/zhu#70 ("青竹先生")
Heart beat in d/fy/npc/zhu#70 turned off.
get_user_data: read on fd 172
System Error: get_user_data: read:操作已成功完成。

Initializing internal tables....

<---Mudos v22pre11 for WIN95/NT (by wwj,May 18 1998) Config:【雄霸天下】(江苏总站) startup at Wed Dec 06 00:26:53 2000

using config file: d:\fy\config.fy3
----------------------------------------------------------------------------
【雄霸天下】(江苏总站) (MudOS v22pre11) starting up on Microsoft Windows 95 - Wed Dec 06 00:26:54 2000


Can't find "mudos", ignoring old binaries.
Try invoking the driver using the full pathname.
System Error: init_addr_server: connect:unknow error 10061
]simul_efun loaded successfully.

Loading preloaded files ...
Initializations complete.

Accepting connections on port 3333.
Initializing internal tables....

<---Mudos v22pre11 for WIN95/NT (by wwj,May 18 1998) Config:【雄霸天下】(江苏总站) startup at Wed Dec 06 00:52:05 2000

using config file: d:\fy\config.fy3
----------------------------------------------------------------------------
【雄霸天下】(江苏总站) (MudOS v22pre11) starting up on Microsoft Windows 95 - Wed Dec 06 00:52:05 2000


Can't find "mudos", ignoring old binaries.
Try invoking the driver using the full pathname.
System Error: init_addr_server: connect:unknow error 10061
]simul_efun loaded successfully.

Loading preloaded files ...
Initializations complete.

Accepting connections on port 3333.

执行时段错误：*call_other() couldn't find object

程式：adm/daemons/logind.c 第 525 行
物件: /adm/daemons/logind
呼叫来自：adm/daemons/logind.c 的 get_passwd() 第 179 行，物件： adm/daemons/logind
呼叫来自：adm/daemons/logind.c 的 enter_world() 第 525 行，物件： adm/daemons/logind

执行时段错误：*Error in loading object '/cmds/std/topten'

程式：feature/command.c 第 43 行
物件: /obj/user#292
呼叫来自：feature/command.c 的 command_hook() 第 43 行，物件： obj/user#292 ("快乐")
closed external ports
Initializing internal tables....

<---Mudos v22pre11 for WIN95/NT (by wwj,May 18 1998) Config:【雄霸天下】(江苏总站) shutdown at Wed Dec 06 00:53:32 2000




<---Mudos v22pre11 for WIN95/NT (by wwj,May 18 1998) Config:【雄霸天下】(江苏总站) startup at Wed Dec 06 00:53:33 2000

using config file: d:\fy\config.fy3
----------------------------------------------------------------------------
【雄霸天下】(江苏总站) (MudOS v22pre11) starting up on Microsoft Windows 95 - Wed Dec 06 00:53:33 2000


Can't find "mudos", ignoring old binaries.
Try invoking the driver using the full pathname.
System Error: init_addr_server: connect:unknow error 10061
]simul_efun loaded successfully.

Loading preloaded files ...
Initializations complete.

Accepting connections on port 3333.

执行时段错误：*Error in loading object '/adm/daemons/toptend'

程式：adm/daemons/logind.c 第 525 行
物件: /adm/daemons/logind
呼叫来自：adm/daemons/logind.c 的 get_passwd() 第 179 行，物件： adm/daemons/logind
呼叫来自：adm/daemons/logind.c 的 enter_world() 第 525 行，物件： adm/daemons/logind

执行时段错误：*Error in loading object '/cmds/std/topten'

程式：feature/command.c 第 43 行
物件: /obj/user#320
呼叫来自：feature/command.c 的 command_hook() 第 43 行，物件： obj/user#320 ("快乐")
closed external ports
Initializing internal tables....

<---Mudos v22pre11 for WIN95/NT (by wwj,May 18 1998) Config:【雄霸天下】(江苏总站) shutdown at Wed Dec 06 00:56:03 2000




<---Mudos v22pre11 for WIN95/NT (by wwj,May 18 1998) Config:【雄霸天下】(江苏总站) startup at Wed Dec 06 00:56:04 2000

using config file: d:\fy\config.fy3
----------------------------------------------------------------------------
【雄霸天下】(江苏总站) (MudOS v22pre11) starting up on Microsoft Windows 95 - Wed Dec 06 00:56:04 2000


Can't find "mudos", ignoring old binaries.
Try invoking the driver using the full pathname.
System Error: init_addr_server: connect:unknow error 10061
]simul_efun loaded successfully.

Loading preloaded files ...
Initializations complete.

Accepting connections on port 3333.

执行时段错误：*Error in loading object '/adm/daemons/toptend'

程式：adm/daemons/logind.c 第 525 行
物件: /adm/daemons/logind
呼叫来自：adm/daemons/logind.c 的 get_passwd() 第 179 行，物件： adm/daemons/logind
呼叫来自：adm/daemons/logind.c 的 enter_world() 第 525 行，物件： adm/daemons/logind

执行时段错误：*Error in loading object '/cmds/std/topten'

程式：feature/command.c 第 43 行
物件: /obj/user#331
呼叫来自：feature/command.c 的 command_hook() 第 43 行，物件： obj/user#331 ("快乐")
Initializing internal tables....

<---Mudos v22pre11 for WIN95/NT (by wwj,May 18 1998) Config:【雄霸天下】(江苏总站) startup at Wed Dec 06 01:04:27 2000

using config file: d:\fy\config.fy3
----------------------------------------------------------------------------
【雄霸天下】(江苏总站) (MudOS v22pre11) starting up on Microsoft Windows 95 - Wed Dec 06 01:04:27 2000


Can't find "mudos", ignoring old binaries.
Try invoking the driver using the full pathname.
System Error: init_addr_server: connect:unknow error 10061
]simul_efun loaded successfully.

Loading preloaded files ...
Initializations complete.

Accepting connections on port 3333.
Initializing internal tables....

<---Mudos v22pre11 for WIN95/NT (by wwj,May 18 1998) Config:【雄霸天下】(江苏总站) startup at Wed Dec 06 01:09:22 2000

using config file: d:\fy\config.fy3
----------------------------------------------------------------------------
【雄霸天下】(江苏总站) (MudOS v22pre11) starting up on Microsoft Windows 95 - Wed Dec 06 01:09:22 2000


Can't find "mudos", ignoring old binaries.
Try invoking the driver using the full pathname.
System Error: init_addr_server: connect:unknow error 10061
]simul_efun loaded successfully.

Loading preloaded files ...
Initializations complete.

Accepting connections on port 3333.

执行时段错误：*call_other() couldn't find object

程式：adm/daemons/cron.c 第 50 行
物件: /adm/daemons/cron
呼叫来自：adm/daemons/cron.c 的 init_cron() 第 50 行，物件： adm/daemons/cron
closed external ports
Initializing internal tables....

<---Mudos v22pre11 for WIN95/NT (by wwj,May 18 1998) Config:【雄霸天下】(江苏总站) shutdown at Wed Dec 06 01:18:16 2000




<---Mudos v22pre11 for WIN95/NT (by wwj,May 18 1998) Config:【雄霸天下】(江苏总站) startup at Wed Dec 06 01:18:17 2000

using config file: d:\fy\config.fy3
----------------------------------------------------------------------------
【雄霸天下】(江苏总站) (MudOS v22pre11) starting up on Microsoft Windows 95 - Wed Dec 06 01:18:17 2000


Can't find "mudos", ignoring old binaries.
Try invoking the driver using the full pathname.
System Error: init_addr_server: connect:unknow error 10061
]simul_efun loaded successfully.

Loading preloaded files ...
Initializations complete.

Accepting connections on port 3333.
Initializing internal tables....

<---Mudos v22pre11 for WIN95/NT (by wwj,May 18 1998) Config:【雄霸天下】(江苏总站) startup at Wed Dec 06 01:54:27 2000

using config file: d:\fy\config.fy3
----------------------------------------------------------------------------
【雄霸天下】(江苏总站) (MudOS v22pre11) starting up on Microsoft Windows 95 - Wed Dec 06 01:54:27 2000


Can't find "mudos", ignoring old binaries.
Try invoking the driver using the full pathname.
System Error: init_addr_server: connect:unknow error 10061
]simul_efun loaded successfully.

Loading preloaded files ...
Initializations complete.

Accepting connections on port 3333.

执行时段错误：*Error in loading object '/cmds/usr/hp'

程式：feature/command.c 第 43 行
物件: /obj/user#284
呼叫来自：feature/command.c 的 command_hook() 第 43 行，物件： obj/user#284 ("华六")

执行时段错误：*Error in loading object '/cmds/usr/scmore'

程式：feature/command.c 第 43 行
物件: /obj/user#284
呼叫来自：feature/command.c 的 command_hook() 第 43 行，物件： obj/user#284 ("华六")

执行时段错误：*call_other() couldn't find object

程式：adm/daemons/cron.c 第 50 行
物件: /adm/daemons/cron
呼叫来自：adm/daemons/cron.c 的 init_cron() 第 50 行，物件： adm/daemons/cron

执行时段错误：*Error in loading object '/cmds/usr/scmore'

程式：feature/command.c 第 43 行
物件: /obj/user#333
呼叫来自：feature/command.c 的 command_hook() 第 43 行，物件： obj/user#333 ("快乐")
错误讯息被拦截: 
执行时段错误：*Error in loading object '/cmds/usr/scmore'

程式：cmds/arch/update.c 第 54 行
物件: /cmds/arch/update
呼叫来自：feature/command.c 的 command_hook() 第 43 行，物件： obj/user#333 ("快乐")
呼叫来自：cmds/arch/update.c 的 main() 第 54 行，物件： cmds/arch/update
呼叫来自：cmds/arch/update.c 的 CATCH() 第 54 行，物件： cmds/arch/update

执行时段错误：*call_other() couldn't find object

程式：feature/command.c 第 43 行
物件: /obj/user#333
呼叫来自：feature/command.c 的 command_hook() 第 43 行，物件： obj/user#333 ("快乐")

执行时段错误：*call_other() couldn't find object

程式：feature/command.c 第 43 行
物件: /obj/user#333
呼叫来自：feature/command.c 的 command_hook() 第 43 行，物件： obj/user#333 ("快乐")

执行时段错误：*call_other() couldn't find object

程式：feature/command.c 第 43 行
物件: /obj/user#284
呼叫来自：feature/command.c 的 command_hook() 第 43 行，物件： obj/user#284 ("华六")
closed external ports
Initializing internal tables....

<---Mudos v22pre11 for WIN95/NT (by wwj,May 18 1998) Config:【雄霸天下】(江苏总站) shutdown at Wed Dec 06 02:14:31 2000




<---Mudos v22pre11 for WIN95/NT (by wwj,May 18 1998) Config:【雄霸天下】(江苏总站) startup at Wed Dec 06 02:14:32 2000

using config file: d:\fy\config.fy3
----------------------------------------------------------------------------
【雄霸天下】(江苏总站) (MudOS v22pre11) starting up on Microsoft Windows 95 - Wed Dec 06 02:14:32 2000


Can't find "mudos", ignoring old binaries.
Try invoking the driver using the full pathname.
System Error: init_addr_server: connect:unknow error 10061
]simul_efun loaded successfully.

Loading preloaded files ...
Initializations complete.

Accepting connections on port 3333.

执行时段错误：*call_other() couldn't find object

程式：adm/daemons/cron.c 第 50 行
物件: /adm/daemons/cron
呼叫来自：adm/daemons/cron.c 的 init_cron() 第 50 行，物件： adm/daemons/cron

执行时段错误：*Error in loading object '/cmds/adm/rmhir'

程式：feature/command.c 第 43 行
物件: /obj/user#318
呼叫来自：feature/command.c 的 command_hook() 第 43 行，物件： obj/user#318 ("快乐")
错误讯息被拦截: 
执行时段错误：*Error in loading object '/cmds/adm/rmhir'

程式：cmds/arch/update.c 第 54 行
物件: /cmds/arch/update
呼叫来自：feature/command.c 的 command_hook() 第 43 行，物件： obj/user#318 ("快乐")
呼叫来自：cmds/arch/update.c 的 main() 第 54 行，物件： cmds/arch/update
呼叫来自：cmds/arch/update.c 的 CATCH() 第 54 行，物件： cmds/arch/update
错误讯息被拦截: 
执行时段错误：*Error in loading object '/cmds/adm/gm'

程式：cmds/arch/update.c 第 54 行
物件: /cmds/arch/update
呼叫来自：feature/command.c 的 command_hook() 第 43 行，物件： obj/user#318 ("快乐")
呼叫来自：cmds/arch/update.c 的 main() 第 54 行，物件： cmds/arch/update
呼叫来自：cmds/arch/update.c 的 CATCH() 第 54 行，物件： cmds/arch/update
错误讯息被拦截: 
执行时段错误：*Error in loading object '/cmds/adm/gm'

程式：cmds/arch/update.c 第 54 行
物件: /cmds/arch/update
呼叫来自：feature/command.c 的 command_hook() 第 43 行，物件： obj/user#318 ("快乐")
呼叫来自：cmds/arch/update.c 的 main() 第 54 行，物件： cmds/arch/update
呼叫来自：cmds/arch/update.c 的 CATCH() 第 54 行，物件： cmds/arch/update
错误讯息被拦截: 
执行时段错误：*Error in loading object '/cmds/adm/gm'

程式：cmds/arch/update.c 第 54 行
物件: /cmds/arch/update
呼叫来自：feature/command.c 的 command_hook() 第 43 行，物件： obj/user#318 ("快乐")
呼叫来自：cmds/arch/update.c 的 main() 第 54 行，物件： cmds/arch/update
呼叫来自：cmds/arch/update.c 的 CATCH() 第 54 行，物件： cmds/arch/update
错误讯息被拦截: 
执行时段错误：*Error in loading object '/cmds/adm/gm'

程式：cmds/arch/update.c 第 54 行
物件: /cmds/arch/update
呼叫来自：feature/command.c 的 command_hook() 第 43 行，物件： obj/user#318 ("快乐")
呼叫来自：cmds/arch/update.c 的 main() 第 54 行，物件： cmds/arch/update
呼叫来自：cmds/arch/update.c 的 CATCH() 第 54 行，物件： cmds/arch/update
错误讯息被拦截: 
执行时段错误：*Error in loading object '/cmds/adm/setexp'

程式：cmds/arch/update.c 第 54 行
物件: /cmds/arch/update
呼叫来自：feature/command.c 的 command_hook() 第 43 行，物件： obj/user#318 ("快乐")
呼叫来自：cmds/arch/update.c 的 main() 第 54 行，物件： cmds/arch/update
呼叫来自：cmds/arch/update.c 的 CATCH() 第 54 行，物件： cmds/arch/update

执行时段错误：*Wrong permissions for opening file /log/cmds/xrm.log for append.
"No such file or directory"

程式：adm/obj/simul_efun.c 第 10 行
物件: /adm/obj/simul_efun
呼叫来自：feature/command.c 的 command_hook() 第 43 行，物件： obj/user#318 ("快乐")
呼叫来自：cmds/adm/xrm.c 的 main() 第 20 行，物件： cmds/adm/xrm
呼叫来自：adm/obj/simul_efun.c 的 log_file() 第 10 行，物件： adm/obj/simul_efun

执行时段错误：*Wrong permissions for opening file /log/cmds/xrm.log for append.
"No such file or directory"

程式：adm/obj/simul_efun.c 第 10 行
物件: /adm/obj/simul_efun
呼叫来自：feature/command.c 的 command_hook() 第 43 行，物件： obj/user#318 ("快乐")
呼叫来自：cmds/adm/xrm.c 的 main() 第 20 行，物件： cmds/adm/xrm
呼叫来自：adm/obj/simul_efun.c 的 log_file() 第 10 行，物件： adm/obj/simul_efun

执行时段错误：*Wrong permissions for opening file /log/cmds/xrm.log for append.
"No such file or directory"

程式：adm/obj/simul_efun.c 第 10 行
物件: /adm/obj/simul_efun
呼叫来自：feature/command.c 的 command_hook() 第 43 行，物件： obj/user#318 ("快乐")
呼叫来自：cmds/adm/xrm.c 的 main() 第 20 行，物件： cmds/adm/xrm
呼叫来自：adm/obj/simul_efun.c 的 log_file() 第 10 行，物件： adm/obj/simul_efun

执行时段错误：*Wrong permissions for opening file /log/cmds/xrm.log for append.
"No such file or directory"

程式：adm/obj/simul_efun.c 第 10 行
物件: /adm/obj/simul_efun
呼叫来自：feature/command.c 的 command_hook() 第 43 行，物件： obj/user#318 ("快乐")
呼叫来自：cmds/adm/xrm.c 的 main() 第 20 行，物件： cmds/adm/xrm
呼叫来自：adm/obj/simul_efun.c 的 log_file() 第 10 行，物件： adm/obj/simul_efun

执行时段错误：*Wrong permissions for opening file /log/cmds/xrm.log for append.
"No such file or directory"

程式：adm/obj/simul_efun.c 第 10 行
物件: /adm/obj/simul_efun
呼叫来自：feature/command.c 的 command_hook() 第 43 行，物件： obj/user#318 ("快乐")
呼叫来自：cmds/adm/xrm.c 的 main() 第 19 行，物件： cmds/adm/xrm
呼叫来自：adm/obj/simul_efun.c 的 log_file() 第 10 行，物件： adm/obj/simul_efun

执行时段错误：*Wrong permissions for opening file /log/cmds/xrm.log for append.
"No such file or directory"

程式：adm/obj/simul_efun.c 第 10 行
物件: /adm/obj/simul_efun
呼叫来自：feature/command.c 的 command_hook() 第 43 行，物件： obj/user#318 ("快乐")
呼叫来自：cmds/adm/xrm.c 的 main() 第 19 行，物件： cmds/adm/xrm
呼叫来自：adm/obj/simul_efun.c 的 log_file() 第 10 行，物件： adm/obj/simul_efun
错误讯息被拦截: 
执行时段错误：*Error in loading object '/cmds/adm/xrm'

程式：cmds/arch/update.c 第 54 行
物件: /cmds/arch/update
呼叫来自：feature/command.c 的 command_hook() 第 43 行，物件： obj/user#318 ("快乐")
呼叫来自：cmds/arch/update.c 的 main() 第 54 行，物件： cmds/arch/update
呼叫来自：cmds/arch/update.c 的 CATCH() 第 54 行，物件： cmds/arch/update

执行时段错误：*Wrong permissions for opening file /log/cmds/xrm.log for append.
"No such file or directory"

程式：adm/obj/simul_efun.c 第 10 行
物件: /adm/obj/simul_efun
呼叫来自：feature/command.c 的 command_hook() 第 43 行，物件： obj/user#318 ("快乐")
呼叫来自：cmds/adm/xrm.c 的 main() 第 19 行，物件： cmds/adm/xrm
呼叫来自：adm/obj/simul_efun.c 的 log_file() 第 10 行，物件： adm/obj/simul_efun

执行时段错误：*Left hand side of += is a number (or zero); right side is not a number.

程式：p/fystreet/npc/builder.c 第 116 行
物件: /p/fystreet/npc/builder#482
呼叫来自：p/fystreet/npc/builder.c 的 do_sign() 第 79 行，物件： p/fystreet/npc/builder#482 ("鲁班")
呼叫来自：p/fystreet/npc/builder.c 的 fileoperate() 第 116 行，物件： p/fystreet/npc/builder#482 ("鲁班")

执行时段错误：*Left hand side of += is a number (or zero); right side is not a number.

程式：p/fystreet/npc/builder.c 第 116 行
物件: /p/fystreet/npc/builder#482
呼叫来自：p/fystreet/npc/builder.c 的 do_sign() 第 79 行，物件： p/fystreet/npc/builder#482 ("鲁班")
呼叫来自：p/fystreet/npc/builder.c 的 fileoperate() 第 116 行，物件： p/fystreet/npc/builder#482 ("鲁班")

执行时段错误：*Left hand side of += is a number (or zero); right side is not a number.

程式：p/fystreet/npc/builder.c 第 116 行
物件: /p/fystreet/npc/builder#482
呼叫来自：p/fystreet/npc/builder.c 的 do_sign() 第 79 行，物件： p/fystreet/npc/builder#482 ("鲁班")
呼叫来自：p/fystreet/npc/builder.c 的 fileoperate() 第 116 行，物件： p/fystreet/npc/builder#482 ("鲁班")
closed external ports
Initializing internal tables....

<---Mudos v22pre11 for WIN95/NT (by wwj,May 18 1998) Config:【雄霸天下】(江苏总站) shutdown at Wed Dec 06 03:06:07 2000




<---Mudos v22pre11 for WIN95/NT (by wwj,May 18 1998) Config:【雄霸天下】(江苏总站) startup at Wed Dec 06 03:06:08 2000

using config file: d:\fy\config.fy3
----------------------------------------------------------------------------
【雄霸天下】(江苏总站) (MudOS v22pre11) starting up on Microsoft Windows 95 - Wed Dec 06 03:06:08 2000


Can't find "mudos", ignoring old binaries.
Try invoking the driver using the full pathname.
System Error: init_addr_server: connect:unknow error 10061
]simul_efun loaded successfully.

Loading preloaded files ...
Initializations complete.

Accepting connections on port 3333.
Initializing internal tables....

<---Mudos v22pre11 for WIN95/NT (by wwj,May 18 1998) Config:【雄霸天下】(江苏总站) startup at Wed Dec 06 04:00:59 2000


<---Mudos v22pre11 for WIN95/NT (by wwj,May 18 1998) Config:【雄霸天下】(江苏总站) startup at Wed Dec 06 04:37:37 2000

using config file: d:\fy\config.fy3
----------------------------------------------------------------------------
【雄霸天下】(江苏总站) (MudOS v22pre11) starting up on Microsoft Windows 95 - Wed Dec 06 04:37:37 2000


Can't find "mudos", ignoring old binaries.
Try invoking the driver using the full pathname.
System Error: init_addr_server: connect:unknow error 10061
]simul_efun loaded successfully.

Loading preloaded files ...
Initializations complete.

Accepting connections on port 3333.
错误讯息被拦截: 
执行时段错误：*Error in loading object '/d/wiz/sku/obj/sku'

程式：cmds/arch/update.c 第 54 行
物件: /cmds/arch/update
呼叫来自：feature/command.c 的 command_hook() 第 43 行，物件： obj/user#281 ("快乐")
呼叫来自：cmds/arch/update.c 的 main() 第 54 行，物件： cmds/arch/update
呼叫来自：cmds/arch/update.c 的 CATCH() 第 54 行，物件： cmds/arch/update

执行时段错误：*call_other() couldn't find object

程式：adm/daemons/cron.c 第 50 行
物件: /adm/daemons/cron
呼叫来自：adm/daemons/cron.c 的 init_cron() 第 50 行，物件： adm/daemons/cron
Initializing internal tables....
][1;34m【系统】快乐(Sku)：断线了。
[2;37;0m
<---Mudos v22pre11 for WIN95/NT (by wwj,May 18 1998) Config:【雄霸天下】(江苏总站) startup at Fri Dec 08 15:56:17 2000

using config file: d:\fy\config.fy3
----------------------------------------------------------------------------
【雄霸天下】(江苏总站) (MudOS v22pre11) starting up on Microsoft Windows 95 - Fri Dec 08 15:56:18 2000


Can't find "mudos", ignoring old binaries.
Try invoking the driver using the full pathname.
System Error: init_addr_server: connect:unknow error 10061
]simul_efun loaded successfully.

Loading preloaded files ...
Initializations complete.

Accepting connections on port 3333.

执行时段错误：*call_other() couldn't find object

程式：adm/daemons/cron.c 第 50 行
物件: /adm/daemons/cron
呼叫来自：adm/daemons/cron.c 的 init_cron() 第 50 行，物件： adm/daemons/cron
closed external ports
Initializing internal tables....

<---Mudos v22pre11 for WIN95/NT (by wwj,May 18 1998) Config:【雄霸天下】(江苏总站) shutdown at Fri Dec 08 16:05:27 2000




<---Mudos v22pre11 for WIN95/NT (by wwj,May 18 1998) Config:【雄霸天下】(江苏总站) startup at Fri Dec 08 16:05:28 2000

using config file: d:\fy\config.fy3
----------------------------------------------------------------------------
【雄霸天下】(江苏总站) (MudOS v22pre11) starting up on Microsoft Windows 95 - Fri Dec 08 16:05:28 2000


Can't find "mudos", ignoring old binaries.
Try invoking the driver using the full pathname.
System Error: init_addr_server: connect:unknow error 10061
]simul_efun loaded successfully.

Loading preloaded files ...
Initializations complete.

Accepting connections on port 3333.
closed external ports
Initializing internal tables....

<---Mudos v22pre11 for WIN95/NT (by wwj,May 18 1998) Config:【雄霸天下】(江苏总站) shutdown at Fri Dec 08 16:07:56 2000




<---Mudos v22pre11 for WIN95/NT (by wwj,May 18 1998) Config:【雄霸天下】(江苏总站) startup at Fri Dec 08 16:07:57 2000

using config file: d:\fy\config.fy3
----------------------------------------------------------------------------
【雄霸天下】(江苏总站) (MudOS v22pre11) starting up on Microsoft Windows 95 - Fri Dec 08 16:07:57 2000


Can't find "mudos", ignoring old binaries.
Try invoking the driver using the full pathname.
System Error: init_addr_server: connect:unknow error 10061
]simul_efun loaded successfully.

Loading preloaded files ...
Initializations complete.

Accepting connections on port 3333.
closed external ports
Initializing internal tables....

<---Mudos v22pre11 for WIN95/NT (by wwj,May 18 1998) Config:【雄霸天下】(江苏总站) shutdown at Fri Dec 08 16:09:15 2000




<---Mudos v22pre11 for WIN95/NT (by wwj,May 18 1998) Config:【雄霸天下】(江苏总站) startup at Fri Dec 08 16:09:15 2000

using config file: d:\fy\config.fy3
----------------------------------------------------------------------------
【雄霸天下】(江苏总站) (MudOS v22pre11) starting up on Microsoft Windows 95 - Fri Dec 08 16:09:15 2000


Can't find "mudos", ignoring old binaries.
Try invoking the driver using the full pathname.
System Error: init_addr_server: connect:unknow error 10061
]simul_efun loaded successfully.

Loading preloaded files ...
Initializations complete.

Accepting connections on port 3333.
Initializing internal tables....

<---Mudos v22pre11 for WIN95/NT (by wwj,May 18 1998) Config:【雄霸天下】(江苏总站) startup at Fri Dec 08 16:16:58 2000

using config file: d:\fy\config.fy3
----------------------------------------------------------------------------
【雄霸天下】(江苏总站) (MudOS v22pre11) starting up on Microsoft Windows 95 - Fri Dec 08 16:16:58 2000


Can't find "mudos", ignoring old binaries.
Try invoking the driver using the full pathname.
System Error: init_addr_server: connect:unknow error 10061
]simul_efun loaded successfully.

Loading preloaded files ...
Initializations complete.

Accepting connections on port 3333.
Initializing internal tables....

<---Mudos v22pre11 for WIN95/NT (by wwj,May 18 1998) Config:【雄霸天下】(江苏总站) startup at Sun Dec 10 09:28:31 2000

using config file: ./config.fy3
----------------------------------------------------------------------------
【雄霸天下】(江苏总站) (MudOS v22pre11) starting up on Microsoft Windows 95 - Sun Dec 10 09:28:31 2000


Can't find "mudos", ignoring old binaries.
Try invoking the driver using the full pathname.
Connected to address server on localhost port 3990
]simul_efun loaded successfully.

Loading preloaded files ...
Initializations complete.

Accepting connections on port 8888.

执行时段错误：*call_other() couldn't find object

程式：adm/daemons/cron.c 第 50 行
物件: /adm/daemons/cron
呼叫来自：adm/daemons/cron.c 的 init_cron() 第 50 行，物件： adm/daemons/cron

<---Mudos v22pre11 for WIN95/NT (by wwj,May 18 1998) Config: 模拟华附 startup at Sun Dec 10 09:32:11 2000

Initializing internal tables....
using config file: config.cfg
Bad mudlib directory: c:\vrhf

<---Mudos v22pre11 for WIN95/NT (by wwj,May 18 1998) Config: 模拟华附 shutdown at Sun Dec 10 09:32:11 2000




<---Mudos v22pre11 for WIN95/NT (by wwj,May 18 1998) Config: 模拟华附 startup at Sun Dec 10 09:32:44 2000

using config file: config.cfg
----------------------------------------------------------------------------
模拟华附 (MudOS v22pre11) starting up on Microsoft Windows 95 - Sun Dec 10 09:32:44 2000


Can't find "mudos", ignoring old binaries.
Try invoking the driver using the full pathname.
Connected to address server on localhost port 3990
]simul_efun 装载成功.

Loading preloaded files ...
Initializations complete.

Accepting connections on port 8888.
Initializing internal tables....
