/d/4world/aolai
/d/4world/center
/d/4world/cuixiang
/d/4world/east1
/d/4world/east2
/d/4world/entrance
/d/4world/flowerfruit
/d/4world/guchang
/d/4world/houshan1
/d/4world/houshan2
/d/4world/houshan3  
/d/4world/houshan4
/d/4world/huofang   	
/d/4world/north1    
/d/4world/north2
/d/4world/pownshop
/d/4world/room1
/d/4world/room2     
/d/4world/shiwu
/d/4world/shuyuan
/d/4world/storage
/d/4world/tudi      
/d/4world/up1
/d/4world/up2
/d/4world/west1
/d/4world/west2
/d/4world/zhaiyuan  
/d/changan/aolaiws
/d/changan/bridge
/d/changan/broadway1
/d/changan/broadway2
/d/changan/broadway3
/d/changan/broadway4
/d/changan/broadway5  
/d/changan/eastseashore
/d/changan/eside1
/d/changan/eside2
/d/changan/eside3
/d/changan/eside4    
/d/changan/eside5
/d/changan/fendui
/d/changan/inwater
/d/changan/mufa
/d/changan/nanchengkou  
/d/changan/nanyue
/d/changan/nbridge
/d/changan/seashore1
/d/changan/seashore
/d/changan/southseashore
/d/changan/wside1
/d/changan/wside2
/d/changan/wside3
/d/changan/wside4
/d/changan/wside5    
/d/changan/xiaoqiu
/d/changan/zhongnan  	 	    	         
/d/city/baihu-w1
/d/city/baihu-w2
/d/city/baihu-w3        	
/d/city/baodian   	
/d/city/baozipu   	
/d/city/beiyin1   
/d/city/beiyin2   	
/d/city/beiyin3   	
/d/city/beiyin4   	
/d/city/beiyin5   	
/d/city/biaoju    
/d/city/bingqipu  	
/d/city/bookstore  	
/d/city/buzhuang  	
/d/city/caotang   	
/d/city/chenghuang  
/d/city/club      	
/d/city/dangpu    
/d/city/datang    	
/d/city/dongmen   	
/d/city/fangzhang  	
/d/city/gudongdian  
/d/city/gulou     
/d/city/guozi     
/d/city/guozijian  	
/d/city/huashengsi  	
/d/city/jiuguan   	
/d/city/junying   
/d/city/kezhanup  
/d/city/liangdian  
/d/city/maohuo    
/d/city/muqi      	
/d/city/piggy     	
/d/city/qinglong-e1  
/d/city/qinglong-e2  
/d/city/qinglong-e3  
/d/city/qinglong-e4  
/d/city/qingxuguan  	
/d/city/sanhua    	  
/d/city/sleep     	
/d/city/tianjiantai  
/d/city/tiejiangpu  	
/d/city/wailiu1   
/d/city/wailiu2   	
/d/city/wailiu3   	
/d/city/wuguan    	
/d/city/wuguan  	
/d/city/xiemao    
/d/city/xifuhui   	
/d/city/ximen     	
/d/city/wuguanzhong  
/d/city/xuanwu-n1  
/d/city/xuanwu-n2  
/d/city/xuanwu-n3  	
/d/city/xuanwu-n4
/d/city/yaopu     	
/d/city/zahuohang  	
/d/city/zahuopu   	
/d/city/zhongdu   
/d/city/zhongguan2  	
/d/city/zhongguan
/d/city/zhuque-s1  
/d/city/zhubao    		
/d/city/zhuque-s2
/d/city/zhuque-s3 
/d/city/zhuque-s4 
/d/city/ziyanglou 	
/d/city/nanchengkou  	   			         
/d/death/bidouya 
/d/death/cuiyun    
/d/death/emptyroom  
/d/death/gate      	
/d/death/gateway   	
/d/death/guidaomen
/d/death/huang     
/d/death/huangwai  
/d/death/inn1      
/d/death/inn2      
/d/death/naiheqiao  
/d/death/new-jimie  
/d/death/new-lunhui  
/d/death/new-walk1  
/d/death/new-walk2  
/d/death/new-walk3
/d/death/new-walk4
/d/death/new-walk5  
/d/death/new-yinsi1 
/d/death/new-yinsi2  
/d/death/new-yinyangta
/d/death/new-zhaopo  
/d/death/out       
/d/death/pingyang  
/d/death/road1     
/d/death/road2     
/d/death/road3     
/d/death/room5     
/d/death/sifang    
/d/death/zhengtang  
/d/eastway/beilin1 
/d/eastway/beilin2
/d/eastway/bingma    
/d/eastway/ciensi  
/d/eastway/ciensiw
/d/eastway/dyt    
/d/eastway/dyt1  
/d/eastway/dyt2      
/d/eastway/dyt3  
/d/eastway/dyt4  
/d/eastway/dyt5  
/d/eastway/dyt6  
/d/eastway/dyt7      
/d/eastway/guandao1
/d/eastway/guandao2
/d/eastway/guandao3  
/d/eastway/huaqing   
/d/eastway/huohang   
/d/eastway/jinshi
/d/eastway/map-east 
/d/eastway/shihuang  
/d/eastway/wangnan1 
/d/eastway/wangnan2  
/d/eastway/wangnan3
/d/eastway/wangnan4
/d/eastway/wangnan5
/d/eastway/xianquan 
/d/eastway/xyt       
/d/eastway/xyt1 
/d/eastway/xyt10 
/d/eastway/xyt11  
/d/eastway/xyt12 
/d/eastway/xyt13     
/d/eastway/xyt14    
/d/eastway/xyt15 
/d/eastway/xyt2  
/d/eastway/xyt3  
/d/eastway/xyt4      
/d/eastway/xyt5    
/d/eastway/xyt6
/d/eastway/xyt7  
/d/eastway/xyt8 
/d/eastway/xyt9      
/d/erlang/guanjiang	
/d/erlang/temple    	         
/d/gao/bed_yashi
/d/gao/budian
/d/gao/cunkou    
/d/gao/daotian1  	
/d/gao/daotian2  
/d/gao/fanting   	
/d/gao/gate      	
/d/gao/guige     
/d/gao/house    
/d/gao/houyuan   
/d/gao/huayuan   
/d/gao/inn       
/d/gao/lu1       
/d/gao/lu2       
/d/gao/neishi    
/d/gao/pianfang  
/d/gao/pianting  
/d/gao/road1     
/d/gao/road2     
/d/gao/road3 
/d/gao/road4
/d/gao/room
/d/gao/shanlu    
/d/gao/tiepu  
/d/gao/tulu 
/d/gao/washing  
/d/gao/xiaolin 
/d/gao/xiaolin1  
/d/gao/xiaolu 
/d/gao/xuetang  
/d/gao/yashi   
/d/gao/zhangfang
/d/gao/zhting    
/d/gao/zhyuan    	         	        
/d/huanggong/baihu 
/d/huanggong/baiyujie 
/d/huanggong/chaoyangmen
/d/huanggong/damen
/d/huanggong/guangc~1  
/d/huanggong/qinglong 
/d/huanggong/yhy1a              
/d/jjf/bingqi_room
/d/jjf/dining_room
/d/jjf/front_yard3 
/d/jjf/front_yard 
/d/jjf/gate 
/d/jjf/guest_cabinet
/d/jjf/guest_cabinet2  
/d/jjf/guest_shufang
/d/jjf/jjf_bingqi 
/d/jjf/main_cabinet
/d/jjf/keting   
/d/jjf/kitchen   
/d/jjf/kitchen_road2 	
/d/jjf/kitchen_road1
/d/jjf/main_bedroom 
/d/jjf/main_cabinet  
/d/jjf/main_shufang 
/d/jjf/majuan  
/d/jjf/mishi   
/d/jjf/ne_garden  
/d/jjf/nw_garden 
/d/jjf/pavillion  
/d/jjf/qilin   
/d/jjf/qilin2   
/d/jjf/se_garden 
/d/jjf/side_keting  
/d/jjf/sleep-2   
/d/jjf/sleep  
/d/jjf/son_cabinet
/d/jjf/son_shufang 	
/d/jjf/stone_road 
/d/jjf/stone_road2
/d/jjf/sw_garden
/d/jjf/yingfang  
/d/jjf/zuixing  
/d/jjf/zuixing2  	         
/d/kaifeng/armor  
/d/kaifeng/autumn 
/d/kaifeng/bingqi    
/d/kaifeng/chen1   
/d/kaifeng/chen2 
/d/kaifeng/chengmen  	
/d/kaifeng/chunchun 
/d/kaifeng/cuilan    
/d/kaifeng/dangpu   
/d/kaifeng/donghu1   	
/d/kaifeng/donghu2 
/d/kaifeng/donghu3  
/d/kaifeng/donghu4   
/d/kaifeng/donghu5  
/d/kaifeng/donghu6   
/d/kaifeng/donghu7   
/d/kaifeng/donghu8   
/d/kaifeng/drug      
/d/kaifeng/east    
/d/kaifeng/east1  
/d/kaifeng/east2  
/d/kaifeng/east3     
/d/kaifeng/east4   
/d/kaifeng/east5     	
/d/kaifeng/gate   
/d/kaifeng/ground    
/d/kaifeng/ground0  
/d/kaifeng/ground1
/d/kaifeng/ground2  
/d/kaifeng/ground3   
/d/kaifeng/guting1 
/d/kaifeng/guting2 
/d/kaifeng/guting3   	
/d/kaifeng/jingxin   
/d/kaifeng/jixian   
/d/kaifeng/kuijia   
/d/kaifeng/lanting   	
/d/kaifeng/machang   
/d/kaifeng/ningxin   
/d/kaifeng/north   
/d/kaifeng/pudu  
/d/kaifeng/qili   
/d/kaifeng/qingxin   	
/d/kaifeng/sanxin   
/d/kaifeng/shuaifu  
/d/kaifeng/shuilu  
/d/kaifeng/shun1   
/d/kaifeng/shun2     
/d/kaifeng/shun3  
/d/kaifeng/shun4    
/d/kaifeng/shun5   
/d/kaifeng/south 
/d/kaifeng/spring    
/d/kaifeng/summer    
/d/kaifeng/tianpeng  	
/d/kaifeng/tieta    
/d/kaifeng/wanshou   
/d/kaifeng/weapon   
/d/kaifeng/west    
/d/kaifeng/winter  
/d/kaifeng/xianglan  
/d/kaifeng/xihu1     
/d/kaifeng/xihu2    
/d/kaifeng/xihu3  
/d/kaifeng/xihu4 
/d/kaifeng/xihu5  
/d/kaifeng/xihu6     
/d/kaifeng/xihu7 
/d/kaifeng/yangji 
/d/kaifeng/yao1      
/d/kaifeng/yao2      
/d/kaifeng/yao3      
/d/kaifeng/yao4      
/d/kaifeng/yao5      
/d/kaifeng/yulan     
/d/kaifeng/yuwang1   
/d/kaifeng/yuwang2   
/d/kaifeng/vyuwang3   
/d/kaifeng/yuxiang   
/d/kaifeng/zhong     	         	         
/d/lingtai/baixi     
/d/lingtai/baixi2    
/d/lingtai/cave1     
/d/lingtai/cave2     
/d/lingtai/forrest   
/d/lingtai/forrest2  
/d/lingtai/gate      
/d/lingtai/gate1     
/d/lingtai/guanjin   
/d/lingtai/hill      	
/d/lingtai/houlang1  	
/d/lingtai/houlang2  	
/d/lingtai/houlang3  
/d/lingtai/houlang4  	
/d/lingtai/houlang5  	
/d/lingtai/houyuan   
/d/lingtai/inside1   
/d/lingtai/inside2   
/d/lingtai/inside3   
/d/lingtai/inside4   
/d/lingtai/inside5   	
/d/lingtai/inside6   	
/d/lingtai/inside7   
/d/lingtai/inside8   
/d/lingtai/jingge    
/d/lingtai/jingtang  
/d/lingtai/lantao    
/d/lingtai/lantao1   
/d/lingtai/lantao2  
/d/lingtai/lou      
/d/lingtai/room      
/d/lingtai/sleep     
/d/lingtai/uphill1   
/d/lingtai/uphill2   
/d/lingtai/uphill3   
/d/lingtai/uphill4   
/d/lingtai/uphill5   
/d/lingtai/uphill6   
/d/lingtai/uptree
/d/meishan/cuiping   	
/d/meishan/denglong1 	
/d/meishan/denglong2 
/d/meishan/denglong3
/d/meishan/erlangmiao  
/d/meishan/erlangwai  
/d/meishan/feifeng   	
/d/meishan/fenglin1  
/d/meishan/fenglin2  
/d/meishan/guanjiang1  
/d/meishan/guanjiang2  
/d/meishan/guanjiang3 
/d/meishan/jixian    
/d/meishan/longwan   
/d/meishan/maowu     
/d/meishan/sengquan  
/d/meishan/tiezhu    
/d/meishan/xiaoyuan  
/d/meishan/zhaoyun   	         
/d/moon/backyard  
/d/moon/bed       
/d/moon/bedroom   
/d/moon/bed_moon  	
/d/moon/change_room 	
/d/moon/courtyard  	
/d/moon/eroom     	
/d/moon/fabao-road2  
/d/moon/fabao-room  
/d/moon/fabao-road1  	
/d/moon/ghg_zhengdian 
/d/moon/hudi      	
/d/moon/huilang   
/d/moon/huilang1  	
/d/moon/jiaoli    	
/d/moon/junkroom  	
/d/moon/kunlun    	
/d/moon/lotuspond  
/d/moon/neartop   	
/d/moon/nroom     
/d/moon/ontop     
/d/moon/ontop2
/d/moon/rain      
/d/moon/road1     
/d/moon/road2     
/d/moon/road3     
/d/moon/snow      
/d/moon/tree1     
/d/moon/tree2     
/d/moon/wangmu_room  
/d/moon/wroom     	
/d/moon/wulang    	
/d/moon/xiaolu1   
/d/moon/xiaolu2   
/d/moon/xiaolu3   
/d/moon/xiaoyuan 
/d/moon/ylt   
/d/moon/yltw      
/d/moon/yunu1     
/d/moon/yunu2     
/d/moon/yunu3   
/d/moon/yunu4
/d/moon/yunu5    
/d/nanhai/chanfang  	
/d/nanhai/chaoyindong 
/d/nanhai/chucangshi  
/d/nanhai/gate      
/d/nanhai/guangchang  
/d/nanhai/island    
/d/nanhai/pool      
/d/nanhai/road1 
/d/nanhai/road2     
/d/nanhai/road3     
/d/nanhai/road4     
/d/nanhai/shanglu   
/d/nanhai/shanglu2  
/d/nanhai/shuyuan   
/d/nanhai/tingjing  	
/d/nanhai/xiaoyuan  
/d/nanhai/zhaifang  	
/d/nanhai/zhulin    	
/d/nanhai/zhulin0   	
/d/nanhai/zhulin1   	
/d/nanhai/zhulin10  
/d/nanhai/zhulin11  	
/d/nanhai/zhulin12  	
/d/nanhai/zhulin13  	
/d/nanhai/zhulin14  	
/d/nanhai/zhulin15  
/d/nanhai/zhulin16  	
/d/nanhai/zhulin17  	
/d/nanhai/zhulin18  	
/d/nanhai/zhulin19  	
/d/nanhai/zhulin2   
/d/nanhai/zhulin20  	
/d/nanhai/zhulin4   
/d/nanhai/zhulin5   
/d/nanhai/zhulin6   
/d/nanhai/zhulin7   
/d/nanhai/zhulin8   
/d/nanhai/zhulin9  
/d/nanhai/zoulang
/d/nanhai/zoulang2  	         
/d/ourhome/bldg  
/d/ourhome/kedian  
/d/ourhome/kedian2   
/d/ourhome/kedian3   
/d/ourhome/kedian4 
/d/ourhome/postoffice
/d/ourhome/void  
/d/ourhome/xiaoting  
/d/ourhome/honglou
/d/penglai/baiyun    
/d/penglai/baiyun0
/d/penglai/baiyun1   
/d/penglai/baiyun10  
/d/penglai/baiyun11 
/d/penglai/baiyun12 
/d/penglai/baiyun13
/d/penglai/baiyun14  
/d/penglai/baiyun15 
/d/penglai/baiyun16 
/d/penglai/baiyun17  
/d/penglai/baiyun18
/d/penglai/baiyun19  
/d/penglai/baiyun2  
/d/penglai/baiyun3  
/d/penglai/baiyun4   
/d/penglai/baiyun5   
/d/penglai/baiyun6   
/d/penglai/baiyun7  
/d/penglai/baiyun8 
/d/penglai/baiyun9 
/d/penglai/penglai 
/d/penglai/road1     
/d/penglai/undertree 
/d/penglai/yashang 
/d/penglai/yaxia  
/d/penglai/yazhong   	         
/d/qujing/baotou/dongwai 
/d/qujing/baotou/houdong  
/d/qujing/baotou/hukou     
/d/qujing/baotou/midong1 
/d/qujing/baotou/midong2 
/d/qujing/baotou/midong3  
/d/qujing/baotou/midong4  
/d/qujing/baotou/midong5   
/d/qujing/baotou/qiandong  
/d/qujing/baotou/shanlu1  
/d/qujing/baotou/shanlu10  
/d/qujing/baotou/shanlu2   
/d/qujing/baotou/shanlu3
/d/qujing/baotou/shanlu4
/d/qujing/baotou/shanlu5 
/d/qujing/baotou/shanlu6  
/d/qujing/baotou/shanlu7   
/d/qujing/baotou/shanlu8 
/d/qujing/baotou/shanlu9   	         	         
/d/qujing/baoxiang/baoxiang    	
/d/qujing/baoxiang/bei1
/d/qujing/baoxiang/bei2      
/d/qujing/baoxiang/bei3
/d/qujing/baoxiang/bei4
/d/qujing/baoxiang/chaoxing
/d/qujing/baoxiang/dian1
/d/qujing/baoxiang/dian2     
/d/qujing/baoxiang/dian3 
/d/qujing/baoxiang/dian4
/d/qujing/baoxiang/dian5
/d/qujing/baoxiang/dian6
/d/qujing/baoxiang/dong      
/d/qujing/baoxiang/dongwai
/d/qujing/baoxiang/gong1
/d/qujing/baoxiang/gong2
/d/qujing/baoxiang/gong3
/d/qujing/baoxiang/gong4     
/d/qujing/baoxiang/gong5 
/d/qujing/baoxiang/gong6
/d/qujing/baoxiang/gongmen
/d/qujing/baoxiang/longfeng
/d/qujing/baoxiang/luochi1   
/d/qujing/baoxiang/luochi2
/d/qujing/baoxiang/mazhan
/d/qujing/baoxiang/qiao1
/d/qujing/baoxiang/qiao2
/d/qujing/baoxiang/shan1
/d/qujing/baoxiang/shan2
/d/qujing/baoxiang/shan3
/d/qujing/baoxiang/shan4
/d/qujing/baoxiang/shan5     
/d/qujing/baoxiang/shan6
/d/qujing/baoxiang/shana
/d/qujing/baoxiang/shanb
/d/qujing/baoxiang/shanc
/d/qujing/baoxiang/shanwan1  
/d/qujing/baoxiang/shanwan2
/d/qujing/baoxiang/shanwan3
/d/qujing/baoxiang/songlin
/d/qujing/baoxiang/tiandi
/d/qujing/baoxiang/west      
/d/qujing/baoxiang/xi1
/d/qujing/baoxiang/xi2
/d/qujing/baoxiang/xi3
/d/qujing/baoxiang/xi4
/d/qujing/baoxiang/xiqi      
/d/qujing/baoxiang/yangrou
/d/qujing/baoxiang/yedu
/d/qujing/baoxiang/yelu1
/d/qujing/baoxiang/yelu2
/d/qujing/baoxiang/yelu3     
/d/qujing/baoxiang/yelu4
/d/qujing/baoxiang/yelu5
/d/qujing/baoxiang/yelu6
/d/qujing/baoxiang/yelu7
/d/qujing/baoxiang/yelu8     
/d/qujing/baoxiang/yujie1
/d/qujing/baoxiang/yujie2
/d/qujing/baoxiang/yujie3
/d/qujing/baoxiang/yujie4
/d/qujing/baoxiang/yujie5    
/d/qujing/baoxiang/yujie6
/d/qujing/baoxiang/zhendong
/d/qujing/baoxiang/zuofang   	         	         
/d/qujing/bibotan/furong
/d/qujing/bibotan/gudu
/d/qujing/bibotan/hanyu     
/d/qujing/bibotan/hua_dui
/d/qujing/bibotan/hua_gong
/d/qujing/bibotan/hua_kan
/d/qujing/bibotan/hua_ken
/d/qujing/bibotan/hua_kun   
/d/qujing/bibotan/hua_li
/d/qujing/bibotan/hua_qian
/d/qujing/bibotan/hua_zhen
/d/qujing/bibotan/lengxiang
/d/qujing/bibotan/longtai1  
/d/qujing/bibotan/longtai2
/d/qujing/bibotan/luhua1
/d/qujing/bibotan/luhua2
/d/qujing/bibotan/luhua3
/d/qujing/bibotan/luhua4    
/d/qujing/bibotan/luhua5
/d/qujing/bibotan/luhua6
/d/qujing/bibotan/luhua7
/d/qujing/bibotan/luhua8
/d/qujing/bibotan/luhua9    
/d/qujing/bibotan/shigang1
/d/qujing/bibotan/shigang2
/d/qujing/bibotan/shipo1
/d/qujing/bibotan/shipo2
/d/qujing/bibotan/shipo3    
/d/qujing/bibotan/shipo4
/d/qujing/bibotan/shishan
/d/qujing/bibotan/shuangyu
/d/qujing/bibotan/shuijg
/d/qujing/bibotan/tandi1    
/d/qujing/bibotan/tandi2
/d/qujing/bibotan/tandi3
/d/qujing/bibotan/xiaolu1
/d/qujing/bibotan/xiaolu2 
/d/qujing/bibotan/xiaolu3
/d/qujing/bibotan/xiaolu4
/d/qujing/bibotan/yangchang1
/d/qujing/bibotan/yangchang2
/d/qujing/bibotan/yangchang3
/d/qujing/bibotan/yuemen    
/d/qujing/bibotan/yuetai1
/d/qujing/bibotan/yuetai2
/d/qujing/bibotan/yujie     	         	         
/d/qujing/biqiu/bao
/d/qujing/biqiu/biqiu
/d/qujing/biqiu/caipu     
/d/qujing/biqiu/da
/d/qujing/biqiu/daochang
/d/qujing/biqiu/dong
/d/qujing/biqiu/dongmen
/d/qujing/biqiu/guan      
/d/qujing/biqiu/jie1
/d/qujing/biqiu/jie10
/d/qujing/biqiu/jie11
/d/qujing/biqiu/jie12
/d/qujing/biqiu/jie2      
/d/qujing/biqiu/jie3
/d/qujing/biqiu/jie4 
/d/qujing/biqiu/jie5
/d/qujing/biqiu/jie6
/d/qujing/biqiu/jie7      
/d/qujing/biqiu/jie8
/d/qujing/biqiu/jie9
/d/qujing/biqiu/jinqi
/d/qujing/biqiu/jinting 
/d/qujing/biqiu/jiulou    
/d/qujing/biqiu/lin1
/d/qujing/biqiu/lin2 
/d/qujing/biqiu/lin3
/d/qujing/biqiu/lin4
/d/qujing/biqiu/lin5      
/d/qujing/biqiu/lin6 
/d/qujing/biqiu/lin7
/d/qujing/biqiu/liu1
/d/qujing/biqiu/liu2
/d/qujing/biqiu/liu3      
/d/qujing/biqiu/liu4  
/d/qujing/biqiu/maowu
/d/qujing/biqiu/nanmen 
/d/qujing/biqiu/niurou
/d/qujing/biqiu/xiaozi
/d/qujing/biqiu/xibei
/d/qujing/biqiu/ximen
/d/qujing/biqiu/xinan
/d/qujing/biqiu/yang1     
/d/qujing/biqiu/yang2  
/d/qujing/biqiu/yang3 
/d/qujing/biqiu/yang4 
/d/qujing/biqiu/yang5
/d/qujing/biqiu/yu        
/d/qujing/biqiu/zhai1
/d/qujing/biqiu/zhai2
/d/qujing/biqiu/zhaomen   
/d/qujing/biqiu/zhuang    	        
/d/qujing/chechi/banlu1
/d/qujing/chechi/banlu2
/d/qujing/chechi/beiyuan   
/d/qujing/chechi/caichang
/d/qujing/chechi/cangjing
/d/qujing/chechi/chechi
/d/qujing/chechi/da 
/d/qujing/chechi/damo      
/d/qujing/chechi/dianmen
/d/qujing/chechi/dong
/d/qujing/chechi/dongmen
/d/qujing/chechi/fang
/d/qujing/chechi/feng      
/d/qujing/chechi/fengyun
/d/qujing/chechi/gong1a
/d/qujing/chechi/gong1b
/d/qujing/chechi/gong1c
/d/qujing/chechi/gong1d    
/d/qujing/chechi/gong1e
/d/qujing/chechi/gong2a
/d/qujing/chechi/gong2e
/d/qujing/chechi/gong3a
/d/qujing/chechi/gong3e    
/d/qujing/chechi/gong4a
/d/qujing/chechi/gong4e  
/d/qujing/chechi/gong5a
/d/qujing/chechi/gong5b
/d/qujing/chechi/gong5d    
/d/qujing/chechi/gong5e
/d/qujing/chechi/gongmen
/d/qujing/chechi/hou
/d/qujing/chechi/houdian
/d/qujing/chechi/hougong1  
/d/qujing/chechi/hougong2
/d/qujing/chechi/hougong3
/d/qujing/chechi/jieshi1
/d/qujing/chechi/jieshi10
/d/qujing/chechi/jieshi2   
/d/qujing/chechi/jieshi3 
/d/qujing/chechi/jieshi4 
/d/qujing/chechi/jieshi5 
/d/qujing/chechi/jieshi6
/d/qujing/chechi/jieshi7   
/d/qujing/chechi/jieshi8
/d/qujing/chechi/jieshi9 
/d/qujing/chechi/jingang 
/d/qujing/chechi/jinluan 
/d/qujing/chechi/jishui    
/d/qujing/chechi/jiuguan 
/d/qujing/chechi/leiyu 
/d/qujing/chechi/long 
/d/qujing/chechi/miyuan 
/d/qujing/chechi/qiang1a   
/d/qujing/chechi/qiang1b 
/d/qujing/chechi/qiang1c
/d/qujing/chechi/qiang1d 
/d/qujing/chechi/qiang1e
/d/qujing/chechi/qiang1f   
/d/qujing/chechi/qiang1g
/d/qujing/chechi/qiang2a
/d/qujing/chechi/qiang2g
/d/qujing/chechi/qiang3a
/d/qujing/chechi/qiang3g   
/d/qujing/chechi/qiang5a
/d/qujing/chechi/qiang5g
/d/qujing/chechi/qiang6a
/d/qujing/chechi/qiang6g 
/d/qujing/chechi/qiang7a   
/d/qujing/chechi/qiang7b
/d/qujing/chechi/qiang7c 
/d/qujing/chechi/qiang7d
/d/qujing/chechi/qiang7e 
/d/qujing/chechi/qiang7f   
/d/qujing/chechi/qiang7g
/d/qujing/chechi/qiyu 
/d/qujing/chechi/ruizhao
/d/qujing/chechi/sanqing   
/d/qujing/chechi/shanlu1 
/d/qujing/chechi/shanlu2
/d/qujing/chechi/shanlu3 
/d/qujing/chechi/shanlu4  
/d/qujing/chechi/shatan1   
/d/qujing/chechi/shatan2 
/d/qujing/chechi/shatan3  
/d/qujing/chechi/shatan4 
/d/qujing/chechi/shatan5 
/d/qujing/chechi/shutang   
/d/qujing/chechi/simen  
/d/qujing/chechi/taiping 
/d/qujing/chechi/tan  
/d/qujing/chechi/tangchi 
/d/qujing/chechi/wufeng    
/d/qujing/chechi/wugu
/d/qujing/chechi/xi
/d/qujing/chechi/xiang1
/d/qujing/chechi/xiang2
/d/qujing/chechi/xiang3    
/d/qujing/chechi/xiao
/d/qujing/chechi/ximen
/d/qujing/chechi/xinshi
/d/qujing/chechi/xitai
/d/qujing/chechi/yanhua    
/d/qujing/chechi/zhai
/d/qujing/chechi/zhaifang
/d/qujing/chechi/zhaomen
/d/qujing/chechi/zheng
/d/qujing/chechi/zhong     
/d/qujing/dudi/dongkou
/d/qujing/dudi/dongting
/d/qujing/dudi/dudi        
/d/qujing/dudi/dudi1
/d/qujing/dudi/dudi2
/d/qujing/dudi/dudi3
/d/qujing/dudi/dudi4
/d/qujing/dudi/erdong    
/d/qujing/dudi/huating
/d/qujing/dudi/neigong
/d/qujing/dudi/sandong
/d/qujing/dudi/shanlu1   
/d/qujing/dudi/shanlu10
/d/qujing/dudi/shanlu2
/d/qujing/dudi/shanlu3 
/d/qujing/dudi/shanlu4 
/d/qujing/dudi/shanlu5   
/d/qujing/dudi/shanlu6
/d/qujing/dudi/shanlu7
/d/qujing/dudi/shanlu8
/d/qujing/dudi/shanlu9
/d/qujing/dudi/yidong    
/d/qujing/fengxian/dalu1
/d/qujing/fengxian/dalu2
/d/qujing/fengxian/dalu3     
/d/qujing/fengxian/dalu4 
/d/qujing/fengxian/dalu5
/d/qujing/fengxian/dalu6 
/d/qujing/fengxian/dalu7
/d/qujing/fengxian/dalu8     
/d/qujing/fengxian/dalu9
/d/qujing/fengxian/diaoqiao
/d/qujing/fengxian/fengxian
/d/qujing/fengxian/guanmao   
/d/qujing/fengxian/jiedao1
/d/qujing/fengxian/jiedao10
/d/qujing/fengxian/jiedao11
/d/qujing/fengxian/jiedao12 
/d/qujing/fengxian/jiedao13  
/d/qujing/fengxian/jiedao14 
/d/qujing/fengxian/jiedao2  
/d/qujing/fengxian/jiedao3 
/d/qujing/fengxian/jiedao4  
/d/qujing/fengxian/jiedao5   
/d/qujing/fengxian/jiedao6 
/d/qujing/fengxian/jiedao7  
/d/qujing/fengxian/jiedao8 
/d/qujing/fengxian/jiedao9  
/d/qujing/fengxian/jiuguan 
/d/qujing/fengxian/junhou   
/d/qujing/fengxian/ludian       
/d/qujing/fengxian/shang   
/d/qujing/fengxian/shantang  
/d/qujing/fengxian/shien  
/d/qujing/fengxian/shikou    
/d/qujing/fengxian/shuode 
/d/qujing/fengxian/zhaishi
/d/qujing/fengxian/zhaizhan  	         
/d/qujing/jilei/qcangku
/d/qujing/jilei/canting   	
/d/qujing/jilei/dating    
/d/qujing/jilei/jilei
/d/qujing/jilei/jilei1
/d/qujing/jilei/jilei2
/d/qujing/jilei/jilei3
/d/qujing/jilei/shan1 
/d/qujing/jilei/shan10 
/d/qujing/jilei/shan11
/d/qujing/jilei/shan2 
/d/qujing/jilei/shan3     
/d/qujing/jilei/shan4  
/d/qujing/jilei/shan5  
/d/qujing/jilei/shan6  
/d/qujing/jilei/shan7   
/d/qujing/jilei/shan8     
/d/qujing/jilei/shan9  
/d/qujing/jilei/shidong 
/d/qujing/jilei/shilang  
/d/qujing/jilei/woshi     	         
/d/qujing/jindou/dongnei1
/d/qujing/jindou/dongnei2
/d/qujing/jindou/dongnei3  
/d/qujing/jindou/dongnei4
/d/qujing/jindou/jindou 
/d/qujing/jindou/jindou1 
/d/qujing/jindou/jindou2 
/d/qujing/jindou/jindou3   
/d/qujing/jindou/jindou4
/d/qujing/jindou/shanlu1
/d/qujing/jindou/shanlu2
/d/qujing/jindou/shanlu3   
/d/qujing/jindou/shanlu4
/d/qujing/jindou/shanlu5 
/d/qujing/jindou/shanlu6  
/d/qujing/jindou/shanlu7 
/d/qujing/jindou/shanlu8   
/d/qujing/jindou/shanshi1
/d/qujing/jindou/shanshi2 
/d/qujing/jindou/shidong   	         	         
/d/qujing/jingjiling/bolin
/d/qujing/jingjiling/huilin
/d/qujing/jingjiling/jingji1   
/d/qujing/jingjiling/jingji2
/d/qujing/jingjiling/jingji3 
/d/qujing/jingjiling/jingji4
/d/qujing/jingjiling/jingji5 
/d/qujing/jingjiling/jingji6   
/d/qujing/jingjiling/jingji7
/d/qujing/jingjiling/jingji8
/d/qujing/jingjiling/jingjiling
/d/qujing/jingjiling/ping      
/d/qujing/jingjiling/shiya
/d/qujing/jingjiling/songlin
/d/qujing/jingjiling/xinglin
/d/qujing/jingjiling/yangchang1  
/d/qujing/jingjiling/zhulin    	         	          
/d/qujing/jinping/cunlu1
/d/qujing/jinping/cunlu2
/d/qujing/jinping/cunlu3    
/d/qujing/jinping/cunlu4
/d/qujing/jinping/cunlu5
/d/qujing/jinping/cunlu6
/d/qujing/jinping/cunlu7
/d/qujing/jinping/cunlu8    
/d/qujing/jinping/cunlu9 
/d/qujing/jinping/datang
/d/qujing/jinping/fumen 
/d/qujing/jinping/huayuan1
/d/qujing/jinping/huayuan2  
/d/qujing/jinping/huayuan3
/d/qujing/jinping/jimiao
/d/qujing/jinping/jinping
/d/qujing/jinping/kedian
/d/qujing/jinping/minju1    
/d/qujing/jinping/minju2
/d/qujing/jinping/minju3 
/d/qujing/jinping/minju4 
/d/qujing/jinping/qian  
/d/qujing/jinping/qiao      
/d/qujing/jinping/qiaobei
/d/qujing/jinping/qiaonan
/d/qujing/jinping/shanmen
/d/qujing/jinping/xiaojie1  
/d/qujing/jinping/xiaojie2
/d/qujing/jinping/xiaojie3 
/d/qujing/jinping/xiaojie4 
/d/qujing/jinping/xiaojie5
/d/qujing/jinping/xiaojie6  
/d/qujing/jinping/xiaojie7
/d/qujing/jinping/xiaolu 
/d/qujing/jinping/zhai  
/d/qujing/jinping/zheng     	         
/d/qujing/jisaiguo/bamboo
/d/qujing/jisaiguo/baodian
/d/qujing/jisaiguo/centermarket
/d/qujing/jisaiguo/cha
/d/qujing/jisaiguo/crosswest
/d/qujing/jisaiguo/crosseast
/d/qujing/jisaiguo/east1
/d/qujing/jisaiguo/east2     
/d/qujing/jisaiguo/east3
/d/qujing/jisaiguo/east4
/d/qujing/jisaiguo/eastgate
/d/qujing/jisaiguo/crosseast
/d/qujing/jisaiguo/gate      
/d/qujing/jisaiguo/inner1
/d/qujing/jisaiguo/inner2
/d/qujing/jisaiguo/inner3
/d/qujing/jisaiguo/jing
/d/qujing/jisaiguo/jisaiguo    
/d/qujing/jisaiguo/pingxi
/d/qujing/jisaiguo/pingxi1
/d/qujing/jisaiguo/restaurant
/d/qujing/jisaiguo/silver    
/d/qujing/jisaiguo/south1
/d/qujing/jisaiguo/south2
/d/qujing/jisaiguo/to-baoxiang1
/d/qujing/jisaiguo/to-baoxiang2
/d/qujing/jisaiguo/to-baoxiang3  
/d/qujing/jisaiguo/to-baoxiang4
/d/qujing/jisaiguo/to-baoxiang5
/d/qujing/jisaiguo/tower1
/d/qujing/jisaiguo/tower10
/d/qujing/jisaiguo/tower11   
/d/qujing/jisaiguo/tower12
/d/qujing/jisaiguo/tower13
/d/qujing/jisaiguo/tower2
/d/qujing/jisaiguo/tower3
/d/qujing/jisaiguo/tower4    
/d/qujing/jisaiguo/tower5
/d/qujing/jisaiguo/tower6
/d/qujing/jisaiguo/tower7
/d/qujing/jisaiguo/tower8
/d/qujing/jisaiguo/tower9    
/d/qujing/jisaiguo/west1 
/d/qujing/jisaiguo/west2
/d/qujing/jisaiguo/west3
/d/qujing/jisaiguo/west4
/d/qujing/jisaiguo/westgate  
/d/qujing/jisaiguo/westmarket
/d/qujing/jisaiguo/xiang
/d/qujing/jisaiguo/yaopu
/d/qujing/jisaiguo/yunqi     
/d/qujing/jisaiguo/zai       	         	         
/d/qujing/lingshan/baoge1
/d/qujing/lingshan/baoge2
/d/qujing/lingshan/dalu1     
/d/qujing/lingshan/dalu2
/d/qujing/lingshan/dalu3
/d/qujing/lingshan/daxiong
/d/qujing/lingshan/dumuqiao
/d/qujing/lingshan/ermen     
/d/qujing/lingshan/houdian
/d/qujing/lingshan/lingyun1
/d/qujing/lingshan/lingyun2
/d/qujing/lingshan/sanmen    
/d/qujing/lingshan/shandian
/d/qujing/lingshan/shanjiao
/d/qujing/lingshan/sidian11
/d/qujing/lingshan/sidian12
/d/qujing/lingshan/sidian13  
/d/qujing/lingshan/sidian15
/d/qujing/lingshan/sidian16 
/d/qujing/lingshan/sidian17
/d/qujing/lingshan/sidian21
/d/qujing/lingshan/sidian22  
/d/qujing/lingshan/sidian23 
/d/qujing/lingshan/sidian25
/d/qujing/lingshan/sidian26 
/d/qujing/lingshan/sidian27 
/d/qujing/lingshan/sidian31  
/d/qujing/lingshan/sidian32 
/d/qujing/lingshan/sidian33 
/d/qujing/lingshan/sidian35 
/d/qujing/lingshan/sidian36 
/d/qujing/lingshan/sidian37  
/d/qujing/lingshan/sidian41
/d/qujing/lingshan/sidian47
/d/qujing/lingshan/sidian51
/d/qujing/lingshan/sidian57 
/d/qujing/lingshan/sidian61  
/d/qujing/lingshan/sidian62 
/d/qujing/lingshan/sidian63 
/d/qujing/lingshan/sidian64 
/d/qujing/lingshan/sidian65 
/d/qujing/lingshan/sidian66  
/d/qujing/lingshan/sidian67  
/d/qujing/lingshan/sidian71  
/d/qujing/lingshan/sidian72  
/d/qujing/lingshan/sidian73 
/d/qujing/lingshan/sidian74  
/d/qujing/lingshan/sidian75 
/d/qujing/lingshan/sidian76 
/d/qujing/lingshan/sidian77
/d/qujing/lingshan/siqian
/d/qujing/lingshan/yang1
/d/qujing/lingshan/yang2
/d/qujing/lingshan/yang3
/d/qujing/lingshan/yang4
/d/qujing/lingshan/yimen
/d/qujing/lingshan/zhenlou1
/d/qujing/lingshan/zhenlou2  	         	         
/d/qujing/maoying/andao1
/d/qujing/maoying/andao2
/d/qujing/maoying/andao3    
/d/qujing/maoying/shanpo1
/d/qujing/maoying/shanpo10
/d/qujing/maoying/shanpo11
/d/qujing/maoying/shanpo12  
/d/qujing/maoying/shanpo13
/d/qujing/maoying/shanpo14
/d/qujing/maoying/shanpo15
/d/qujing/maoying/shanpo16  
/d/qujing/maoying/shanpo2   
/d/qujing/maoying/shanpo3
/d/qujing/maoying/shanpo4
/d/qujing/maoying/shanpo5
/d/qujing/maoying/shanpo6
/d/qujing/maoying/shanpo7   
/d/qujing/maoying/shanpo8
/d/qujing/maoying/shanpo9 
/d/qujing/maoying/shilu1
/d/qujing/maoying/shilu2  
/d/qujing/maoying/shilu3    
/d/qujing/maoying/shilu4  
/d/qujing/maoying/shilu5 
/d/qujing/maoying/tuxue1  
/d/qujing/maoying/tuxue2  
/d/qujing/maoying/tuxue3    
/d/qujing/nuerguo/annei
/d/qujing/nuerguo/changbie  
/d/qujing/nuerguo/easthall
/d/qujing/nuerguo/eastriver1
/d/qujing/nuerguo/eastriver2
/d/qujing/nuerguo/eastriver3
/d/qujing/nuerguo/end       
/d/qujing/nuerguo/entry 
/d/qujing/nuerguo/fronthal1
/d/qujing/nuerguo/greenyard
/d/qujing/nuerguo/jieyang 
/d/qujing/nuerguo/juxianan  
/d/qujing/nuerguo/maowu
/d/qujing/nuerguo/map  
/d/qujing/nuerguo/nuerguo
/d/qujing/nuerguo/outlet  
/d/qujing/nuerguo/river
/d/qujing/nuerguo/sanchalu
/d/qujing/nuerguo/shanpo 
/d/qujing/nuerguo/start
/d/qujing/nuerguo/towna1    
/d/qujing/nuerguo/towna2
/d/qujing/nuerguo/towna3
/d/qujing/nuerguo/townb1
/d/qujing/nuerguo/townb2
/d/qujing/nuerguo/townb3    
/d/qujing/nuerguo/townc1
/d/qujing/nuerguo/townc2 
/d/qujing/nuerguo/townc3  
/d/qujing/nuerguo/westhall
/d/qujing/nuerguo/westrive  
/d/qujing/nuerguo/westri~1 
/d/qujing/nuerguo/xiaolu1 
/d/qujing/nuerguo/xiaolu2 
/d/qujing/nuerguo/xiaolu3 
/d/qujing/nuerguo/xiaolu4   
/d/qujing/pansi/bixi1
/d/qujing/pansi/bixi2
/d/qujing/pansi/bixi3     
/d/qujing/pansi/bixi4 
/d/qujing/pansi/bixi5
/d/qujing/pansi/bixi6 
/d/qujing/pansi/cha 
/d/qujing/pansi/chu       
/d/qujing/pansi/chulang 
/d/qujing/pansi/dongnei
/d/qujing/pansi/huajian1 
/d/qujing/pansi/huajian2
/d/qujing/pansi/jiandi    
/d/qujing/pansi/jiandi2  
/d/qujing/pansi/jiandi3 
/d/qujing/pansi/jiandi4  
/d/qujing/pansi/jiankou1  
/d/qujing/pansi/jiankou2  
/d/qujing/pansi/ke
/d/qujing/pansi/ling1 
/d/qujing/pansi/ling2  
/d/qujing/pansi/ling3  
/d/qujing/pansi/ling4     
/d/qujing/pansi/ling5  
/d/qujing/pansi/ling6  
/d/qujing/pansi/ling7  
/d/qujing/pansi/maowu  
/d/qujing/pansi/menqian   
/d/qujing/pansi/menqiang 
/d/qujing/pansi/muxiang
/d/qujing/pansi/nanpo 
/d/qujing/pansi/pansi   
/d/qujing/pansi/pian      
/d/qujing/pansi/qianhua  
/d/qujing/pansi/qiaolin1  
/d/qujing/pansi/qiaolin2 
/d/qujing/pansi/qiaolin3 
/d/qujing/pansi/qiaolin4  
/d/qujing/pansi/qiaolin5 
/d/qujing/pansi/qiaolin6 
/d/qujing/pansi/qiaolin7  
/d/qujing/pansi/shandao1  
/d/qujing/pansi/shandao2
/d/qujing/pansi/shandao3 
/d/qujing/pansi/shandao4 
/d/qujing/pansi/shidong 
/d/qujing/pansi/shiqiao   
/d/qujing/pansi/shitou
/d/qujing/pansi/shiwu
/d/qujing/pansi/shiyuan
/d/qujing/pansi/wunei  
/d/qujing/pansi/yuannei   
/d/qujing/pansi/yuanwai 
/d/qujing/pansi/yuanwai1
/d/qujing/pansi/yuanwai2  
/d/qujing/pansi/yuanwai3
/d/qujing/pansi/yuanwai4  
/d/qujing/pansi/yuanwai5 
/d/qujing/pansi/yuanwai6
/d/qujing/pansi/zheng  
/d/qujing/pansi/zhuogou   	         
/d/qujing/pingding/beidong
/d/qujing/pingding/dating
/d/qujing/pingding/dongmen   
/d/qujing/pingding/dongwai  
/d/qujing/pingding/guatan 
/d/qujing/pingding/nandong 
/d/qujing/pingding/neidian
/d/qujing/pingding/ping1     
/d/qujing/pingding/ping2  
/d/qujing/pingding/ping3  
/d/qujing/pingding/ping4  
/d/qujing/pingding/pingding 
/d/qujing/pingding/qianting  
/d/qujing/pingding/shan1
/d/qujing/pingding/shan10
/d/qujing/pingding/shan11 
/d/qujing/pingding/shan12    
/d/qujing/pingding/shan13 
/d/qujing/pingding/shan14 
/d/qujing/pingding/shan2 
/d/qujing/pingding/shan3   
/d/qujing/pingding/shan4     
/d/qujing/pingding/shan5 
/d/qujing/pingding/shan6 
/d/qujing/pingding/shan7 
/d/qujing/pingding/shan8   
/d/qujing/pingding/shan9     
/d/qujing/pingding/shilang1 
/d/qujing/pingding/shilang2
/d/qujing/pingding/shimen  
/d/qujing/pingding/wofang1 
/d/qujing/pingding/wofang2   
/d/qujing/pingding/wulin1  
/d/qujing/pingding/wulin2  
/d/qujing/pingding/yalong1  
/d/qujing/pingding/yalong2  
/d/qujing/pingding/yalong3            	        
/d/qujing/qilin/bopi
/d/qujing/qilin/chenglei 
/d/qujing/qilin/dinglu    
/d/qujing/qilin/dongkou 
/d/qujing/qilin/dongnei  
/d/qujing/qilin/hougong 
/d/qujing/qilin/piangong  
/d/qujing/qilin/polu1     
/d/qujing/qilin/polu2  
/d/qujing/qilin/polu3  
/d/qujing/qilin/polu4   
/d/qujing/qilin/shan11    
/d/qujing/qilin/shan12 
/d/qujing/qilin/shan13  
/d/qujing/qilin/shan14 
/d/qujing/qilin/shan21 
/d/qujing/qilin/shan22    
/d/qujing/qilin/shan23
/d/qujing/qilin/shan24 
/d/qujing/qilin/shankou 
/d/qujing/qilin/shuaifu 
/d/qujing/qilin/yading    
/d/qujing/qilin/yutai     	         	         
/d/qujing/qinfa/beishi 
/d/qujing/qinfa/bupu  
/d/qujing/qinfa/dalu1     
/d/qujing/qinfa/dalu10  
/d/qujing/qinfa/dalu11  
/d/qujing/qinfa/dalu12 
/d/qujing/qinfa/dalu13 
/d/qujing/qinfa/dalu14    
/d/qujing/qinfa/dalu15 
/d/qujing/qinfa/dalu2  
/d/qujing/qinfa/dalu3  
/d/qujing/qinfa/dalu4  
/d/qujing/qinfa/dalu5     
/d/qujing/qinfa/dalu6   
/d/qujing/qinfa/dalu7  
/d/qujing/qinfa/dalu8   
/d/qujing/qinfa/dalu9  
/d/qujing/qinfa/dongmen   
/d/qujing/qinfa/fenggong 
/d/qujing/qinfa/gongmen   
/d/qujing/qinfa/guafu  
/d/qujing/qinfa/jiedao1  
/d/qujing/qinfa/jiedao2   
/d/qujing/qinfa/jiedao3 
/d/qujing/qinfa/jiedao4 
/d/qujing/qinfa/jiedao5  
/d/qujing/qinfa/jiedao6 
/d/qujing/qinfa/jiedao7   
/d/qujing/qinfa/jiedao8
/d/qujing/qinfa/jinluan 
/d/qujing/qinfa/jiupu  
/d/qujing/qinfa/junying 
/d/qujing/qinfa/longgong  
/d/qujing/qinfa/mipu   
/d/qujing/qinfa/nanmen
/d/qujing/qinfa/nanshi  
/d/qujing/qinfa/pihuopu 
/d/qujing/qinfa/qiankun   
/d/qujing/qinfa/qinfa  
/d/qujing/qinfa/qingong1 
/d/qujing/qinfa/qingong2 
/d/qujing/qinfa/tianjing  
/d/qujing/qinfa/wugu   
/d/qujing/qinfa/xiaoer 
/d/qujing/qinfa/yaopu  
/d/qujing/qinfa/zahuopu 
/d/qujing/qinfa/zhongshi  
/d/qujing/qinglong/dongkou
/d/qujing/qinfa/dongshan
/d/qujing/qinfa/dongting  
/d/qujing/qinfa/shanding
/d/qujing/qinfa/shanjian
/d/qujing/qinfa/shanlu1
/d/qujing/qinfa/shanlu2   
/d/qujing/qinfa/shanlu3  
/d/qujing/qinfa/shanlu4
/d/qujing/qinfa/shanlu5 
/d/qujing/qinfa/shanlu6  
/d/qujing/qinfa/shanlu7   
/d/qujing/qinfa/shantou 
/d/qujing/qinfa/tongdao1 
/d/qujing/qinfa/tongdao2 
/d/qujing/qinfa/wowang1 
/d/qujing/qinfa/wowang2   
/d/qujing/qinfa/wowang3   	         	         
/d/qujing/tianzhu/baijiao
/d/qujing/tianzhu/baodian 
/d/qujing/tianzhu/budao     
/d/qujing/tianzhu/budian 
/d/qujing/tianzhu/chengyi
/d/qujing/tianzhu/dalu1  
/d/qujing/tianzhu/dalu2     
/d/qujing/tianzhu/dalu3  
/d/qujing/tianzhu/dalu4 
/d/qujing/tianzhu/dalu5 
/d/qujing/tianzhu/dangpu 
/d/qujing/tianzhu/dongmen   
/d/qujing/tianzhu/fang  
/d/qujing/tianzhu/feng 
/d/qujing/tianzhu/gongyuan 
/d/qujing/tianzhu/guaguo  
/d/qujing/tianzhu/guanglu   
/d/qujing/tianzhu/guaqian 
/d/qujing/tianzhu/hou1   
/d/qujing/tianzhu/hou2 
/d/qujing/tianzhu/hou3   
/d/qujing/tianzhu/hou4      
/d/qujing/tianzhu/hou5 
/d/qujing/tianzhu/houyuan 
/d/qujing/tianzhu/huapu   
/d/qujing/tianzhu/huayi  
/d/qujing/tianzhu/jiang     
/d/qujing/tianzhu/jiedao11 
/d/qujing/tianzhu/jiedao12 
/d/qujing/tianzhu/jiedao13 
/d/qujing/tianzhu/jiedao14 
/d/qujing/tianzhu/jiedao15  
/d/qujing/tianzhu/jiedao16 
/d/qujing/tianzhu/jiedao17 
/d/qujing/tianzhu/jiedao18  
/d/qujing/tianzhu/jiedao21 
/d/qujing/tianzhu/jiedao28  
/d/qujing/tianzhu/jiedao31
/d/qujing/tianzhu/jiedao38  
/d/qujing/tianzhu/jiedao41
/d/qujing/tianzhu/jiedao45 
/d/qujing/tianzhu/jiedao48  
/d/qujing/tianzhu/jiedao52 
/d/qujing/tianzhu/jiedao53 
/d/qujing/tianzhu/jiedao56 
/d/qujing/tianzhu/jiedao57 
/d/qujing/tianzhu/jiedao61  
/d/qujing/tianzhu/jiedao65  
/d/qujing/tianzhu/jiedao68
/d/qujing/tianzhu/jiedao71 
/d/qujing/tianzhu/jiedao75
/d/qujing/tianzhu/jiedao78  
/d/qujing/tianzhu/jiedao81  
/d/qujing/tianzhu/jiedao85  	
/d/qujing/tianzhu/jiedao88 
/d/qujing/tianzhu/jiedao91  
/d/qujing/tianzhu/jiedao92  
/d/qujing/tianzhu/jiedao93  
/d/qujing/tianzhu/jiedao94  
/d/qujing/tianzhu/jiedao95  
/d/qujing/tianzhu/jiedao96  
/d/qujing/tianzhu/jiedao97  
/d/qujing/tianzhu/jiedao98
/d/qujing/tianzhu/jiming  
/d/qujing/tianzhu/jinluan 
/d/qujing/tianzhu/jiuguan 
/d/qujing/tianzhu/kedian    
/d/qujing/tianzhu/long  
/d/qujing/tianzhu/mafang 
/d/qujing/tianzhu/maodian 
/d/qujing/tianzhu/nanmen 
/d/qujing/tianzhu/pidian    
/d/qujing/tianzhu/qian   
/d/qujing/tianzhu/roupu  
/d/qujing/tianzhu/shan1 
/d/qujing/tianzhu/shan2     
/d/qujing/tianzhu/shan3   
/d/qujing/tianzhu/shan4  
/d/qujing/tianzhu/shan5   
/d/qujing/tianzhu/shanmen 
/d/qujing/tianzhu/shizi     
/d/qujing/tianzhu/shoushi  
/d/qujing/tianzhu/shucai  
/d/qujing/tianzhu/shuifang  
/d/qujing/tianzhu/shuju   
/d/qujing/tianzhu/sishu     
/d/qujing/tianzhu/siyuan  
/d/qujing/tianzhu/tianzhu    
/d/qujing/tianzhu/wumen  
/d/qujing/tianzhu/xiaochi  
/d/qujing/tianzhu/xiedian   
/d/qujing/tianzhu/ximen   
/d/qujing/tianzhu/yuhua  
/d/qujing/tianzhu/zhaifang 
/d/qujing/tianzhu/zhaoyang  
/d/qujing/tianzhu/zhuqi     	         	         
/d/qujing/tongtian/bing1
/d/qujing/tianzhu/bing2 
/d/qujing/tianzhu/bing3     
/d/qujing/tianzhu/bing4  
/d/qujing/tianzhu/chen1  
/d/qujing/tianzhu/chen2 
/d/qujing/tianzhu/chen3  
/d/qujing/tianzhu/hedi      
/d/qujing/tianzhu/hedong1 
/d/qujing/tianzhu/hedong2  
/d/qujing/tianzhu/hedong3  
/d/qujing/tianzhu/hedong4  
/d/qujing/tianzhu/hedong5   
/d/qujing/tianzhu/hedong6  
/d/qujing/tianzhu/hexi1  
/d/qujing/tianzhu/hexi2  
/d/qujing/tianzhu/hexi3 
/d/qujing/tianzhu/hexi4     
/d/qujing/tianzhu/hexi5
/d/qujing/tianzhu/hexi6 
/d/qujing/tianzhu/minju1
/d/qujing/tianzhu/minju2  
/d/qujing/tianzhu/minju3    
/d/qujing/tianzhu/minju4
/d/qujing/tianzhu/minju5 
/d/qujing/tianzhu/minju6  
/d/qujing/tianzhu/tongtian    
/d/qujing/tianzhu/xiaolu1
/d/qujing/tianzhu/xiaolu2 
/d/qujing/tianzhu/xiaolu3 
/d/qujing/tianzhu/xiaolu4   	         
/d/qujing/wudidong/bedroom-gate
/d/qujing/wudidong/bedroom
/d/qujing/wudidong/book-cave1  
/d/qujing/wudidong/book-c~2
/d/qujing/wudidong/cave1 
/d/qujing/wudidong/cave2 
/d/qujing/wudidong/dong      	
/d/qujing/wudidong/dong1
/d/qujing/wudidong/dong2  
/d/qujing/wudidong/dragon-room
/d/qujing/wudidong/entrance  
/d/qujing/wudidong/exit
/d/qujing/wudidong/firemount-wudidong1
/d/qujing/wudidong/firemount-wudidong2
/d/qujing/wudidong/firemount-wudidong3
/d/qujing/wudidong/gongshi   
/d/qujing/wudidong/guanjia
/d/qujing/wudidong/houdong
/d/qujing/wudidong/houyuan
/d/qujing/wudidong/inner-bedroom
/d/qujing/wudidong/inner-tang2  
/d/qujing/wudidong/jail 
/d/qujing/wudidong/kefang
/d/qujing/wudidong/kitchen 
/d/qujing/wudidong/lock 
/d/qujing/wudidong/mishi     
/d/qujing/wudidong/monk 
/d/qujing/wudidong/punish  
/d/qujing/wudidong/road1
/d/qujing/wudidong/road2     
/d/qujing/wudidong/road3 
/d/qujing/wudidong/shanlu1 
/d/qujing/wudidong/shanlu2 
/d/qujing/wudidong/shanlu3 
/d/qujing/wudidong/shanlu4   
/d/qujing/wudidong/shop  
/d/qujing/wudidong/smithy  
/d/qujing/wudidong/square2 
/d/qujing/wudidong/steamer 
/d/qujing/wudidong/tang-gate  
/d/qujing/wudidong/temple-houdian
/d/qujing/wudidong/temple-qiandian
/d/qujing/wudidong/trap 
/d/qujing/wudidong/wdd_bedroom  
/d/qujing/wudidong/weaponry 
/d/qujing/wudidong/well   
/d/qujing/wudidong/wudidong
/d/qujing/wudidong/xuetang
/d/qujing/wudidong/zhanghome           	        
/d/qujing/wuji/backyard
/d/qujing/wuji/bedroom
/d/qujing/wuji/east      
/d/qujing/wuji/eastgate 
/d/qujing/wuji/eastroom 
/d/qujing/wuji/estreet  
/d/qujing/wuji/estreet2  
/d/qujing/wuji/fruit     
/d/qujing/wuji/garden    	
/d/qujing/wuji/hilltop 
/d/qujing/wuji/house    
/d/qujing/wuji/huilang 
/d/qujing/wuji/huilang2  
/d/qujing/wuji/hzm   
/d/qujing/wuji/jxt   
/d/qujing/wuji/nstreet  
/d/qujing/wuji/nstreet2  
/d/qujing/wuji/palace  
/d/qujing/wuji/piandian
/d/qujing/wuji/qiyutan  
/d/qujing/wuji/road1     
/d/qujing/wuji/road2   
/d/qujing/wuji/road3    
/d/qujing/wuji/road4   
/d/qujing/wuji/road5   
/d/qujing/wuji/road6     
/d/qujing/wuji/road7  
/d/qujing/wuji/rxg   
/d/qujing/wuji/shandao1  
/d/qujing/wuji/shandao2  
/d/qujing/wuji/shandao3  
/d/qujing/wuji/shandao4  	
/d/qujing/wuji/shandao5  
/d/qujing/wuji/shufang 
/d/qujing/wuji/shuijing  
/d/qujing/wuji/square    
/d/qujing/wuji/stable   
/d/qujing/wuji/street1   
/d/qujing/wuji/street2  
/d/qujing/wuji/temple 
/d/qujing/wuji/up        
/d/qujing/wuji/wall 
/d/qujing/wuji/wall2  
/d/qujing/wuji/wall3
/d/qujing/wuji/well    
/d/qujing/wuji/westree   
/d/qujing/wuji/westroom  
/d/qujing/wuji/wuji   
/d/qujing/wuji/yuhua   
/d/qujing/wuji/zheng  
/d/qujing/wuji/ziyun     
/d/qujing/wuji/zym    
/d/qujing/wuzhuang/anshi 
/d/qujing/wuzhuang/baicaidi  	
/d/qujing/wuzhuang/chengyun  
/d/qujing/wuzhuang/eastway1  
/d/qujing/wuzhuang/eastway2  
/d/qujing/wuzhuang/eastway3 
/d/qujing/wuzhuang/eastway4 
/d/qujing/wuzhuang/eastway5  
/d/qujing/wuzhuang/eastway6
/d/qujing/wuzhuang/epiandian
/d/qujing/wuzhuang/gate     
/d/qujing/wuzhuang/guangchang  
/d/qujing/wuzhuang/guge      
/d/qujing/wuzhuang/houdian
/d/qujing/wuzhuang/houyuan
/d/qujing/wuzhuang/huangguadi 
/d/qujing/wuzhuang/huludi  
/d/qujing/wuzhuang/inpool    
/d/qujing/wuzhuang/jiangjing
/d/qujing/wuzhuang/juyuan 
/d/qujing/wuzhuang/linkway  
/d/qujing/wuzhuang/linyin1  
/d/qujing/wuzhuang/linyin2   
/d/qujing/wuzhuang/luobodi 
/d/qujing/wuzhuang/map   
/d/qujing/wuzhuang/mudanting
/d/qujing/wuzhuang/northpool
/d/qujing/wuzhuang/qiezidi   
/d/qujing/wuzhuang/renshenguo-yuan
/d/qujing/wuzhuang/secondgate 
/d/qujing/wuzhuang/shanlu1 
/d/qujing/wuzhuang/shanlu2 
/d/qujing/wuzhuang/shaoxiang
/d/qujing/wuzhuang/shuofa 
/d/qujing/wuzhuang/shuoyaopu
/d/qujing/wuzhuang/sleep
/d/qujing/wuzhuang/southpool
/d/qujing/wuzhuang/wangxian  
/d/qujing/wuzhuang/westway1
/d/qujing/wuzhuang/westway2
/d/qujing/wuzhuang/westway3 
/d/qujing/wuzhuang/westway4 
/d/qujing/wuzhuang/westway5  
/d/qujing/wuzhuang/westway6 
/d/qujing/wuzhuang/wpiandian  
/d/qujing/wuzhuang/wuzhuang
/d/qujing/wuzhuang/wzgmaze1
/d/qujing/wuzhuang/wzgmaze2  
/d/qujing/wuzhuang/wzgmaze3
/d/qujing/wuzhuang/wzgmaze4
/d/qujing/wuzhuang/wzgmaze5 
/d/qujing/wuzhuang/wzgmaze6
/d/qujing/wuzhuang/wzgmaze7  
/d/qujing/wuzhuang/wzgmaze8 
/d/qujing/wuzhuang/xiguadi 
/d/qujing/wuzhuang/xunzhen 
/d/qujing/wuzhuang/yanzhen 
/d/qujing/wuzhuang/zaifang   
/d/qujing/wuzhuang/zhengdian  	
/d/qujing/wuzhuang/zongge    	         	         
/d/qujing/xiaoxitian/baoge
/d/qujing/xiaoxitian/caiyuan
/d/qujing/xiaoxitian/chanfang  
/d/qujing/xiaoxitian/daxiong
/d/qujing/xiaoxitian/houdian 
/d/qujing/xiaoxitian/lindao1 
/d/qujing/xiaoxitian/lindao10
/d/qujing/xiaoxitian/lindao11  
/d/qujing/xiaoxitian/lindao2 
/d/qujing/xiaoxitian/lindao3 
/d/qujing/xiaoxitian/lindao4 
/d/qujing/xiaoxitian/lindao5 
/d/qujing/xiaoxitian/lindao6   
/d/qujing/xiaoxitian/lindao7  
/d/qujing/xiaoxitian/lindao8  
/d/qujing/xiaoxitian/lindao9 
/d/qujing/xiaoxitian/simen
/d/qujing/xiaoxitian/siyuan
/d/qujing/xiaoxitian/xiguadi
/d/qujing/xiaoxitian/zhenlou   	         	         
/d/qujing/yinwu/caopo1 
/d/qujing/yinwu/caopo2    
/d/qujing/yinwu/caopo3 
/d/qujing/yinwu/caopo4  
/d/qujing/yinwu/caopo5 
/d/qujing/yinwu/houyuan 
/d/qujing/yinwu/huangye1  
/d/qujing/yinwu/huangye2
/d/qujing/yinwu/huangye3  
/d/qujing/yinwu/huangye4 
/d/qujing/yinwu/huangye5
/d/qujing/yinwu/huangye6  
/d/qujing/yinwu/huangye7 
/d/qujing/yinwu/huangye8 
/d/qujing/yinwu/jiankou1  
/d/qujing/yinwu/jiankou2 
/d/qujing/yinwu/lukou     
/d/qujing/yinwu/maowu
/d/qujing/yinwu/pian 
/d/qujing/yinwu/rouku 
/d/qujing/yinwu/shanmen   
/d/qujing/yinwu/tianjing
/d/qujing/yinwu/xuanya1 
/d/qujing/yinwu/xuanya2  
/d/qujing/yinwu/xuanya3 
/d/qujing/yinwu/xuanya4   
/d/qujing/yinwu/xuanya5 
/d/qujing/yinwu/xuanya6  
/d/qujing/yinwu/xuanya7 
/d/qujing/yinwu/xuanya8  
/d/qujing/yinwu/yinwu       
/d/qujing/yinwu/zhong     	         	         
/d/qujing/yuhua/changshi
/d/qujing/yuhua/da 
/d/qujing/yuhua/daike     
/d/qujing/yuhua/dayuan 
/d/qujing/yuhua/dianshan
/d/qujing/yuhua/er   
/d/qujing/yuhua/fumen 
/d/qujing/yuhua/geguan    
/d/qujing/yuhua/jiulou 
/d/qujing/yuhua/menlou 
/d/qujing/yuhua/shaoying
/d/qujing/yuhua/shenli    
/d/qujing/yuhua/shi1 
/d/qujing/yuhua/shi2 
/d/qujing/yuhua/shi3 
/d/qujing/yuhua/shi4  
/d/qujing/yuhua/tiejiang  
/d/qujing/yuhua/ting  
/d/qujing/yuhua/xiao  
/d/qujing/yuhua/xiaojie1 
/d/qujing/yuhua/xiaojie2 
/d/qujing/yuhua/xiaojie3  
/d/qujing/yuhua/xiaojie4  	
/d/qujing/yuhua/xiaojie5 
/d/qujing/yuhua/xiaojie6  
/d/qujing/yuhua/xiaojie7 
/d/qujing/yuhua/xiaojie8  
/d/qujing/yuhua/xiaojie9 
/d/qujing/yuhua/xiaolu1  
/d/qujing/yuhua/xiaolu10 
/d/qujing/yuhua/xiaolu11  
/d/qujing/yuhua/xiaolu2   
/d/qujing/yuhua/xiaolu3  
/d/qujing/yuhua/xiaolu4   
/d/qujing/yuhua/xiaolu5 
/d/qujing/yuhua/xiaolu6  
/d/qujing/yuhua/xiaolu7   
/d/qujing/yuhua/xiaolu8 
/d/qujing/yuhua/xiaolu9   
/d/qujing/yuhua/yuhua   
/d/qujing/yuhua/zheng     	         
/d/qujing/zhujie/can
/d/qujing/zhujie/cang
/d/qujing/zhujie/da        
/d/qujing/zhujie/guo 
/d/qujing/zhujie/nei  
/d/qujing/zhujie/pian 
/d/qujing/zhujie/shanlu1   
/d/qujing/zhujie/shanlu10
/d/qujing/zhujie/shanlu11 
/d/qujing/zhujie/shanlu12
/d/qujing/zhujie/shanlu13
/d/qujing/zhujie/shanlu14  
/d/qujing/zhujie/shanlu15 
/d/qujing/zhujie/shanlu16 
/d/qujing/zhujie/shanlu17
/d/qujing/zhujie/shanlu18  
/d/qujing/zhujie/shanlu2   
/d/qujing/zhujie/shanlu3 
/d/qujing/zhujie/shanlu4  
/d/qujing/zhujie/shanlu5
/d/qujing/zhujie/shanlu6 
/d/qujing/zhujie/shanlu7   
/d/qujing/zhujie/shanlu8 
/d/qujing/zhujie/shanlu9 
/d/qujing/zhujie/shi 
/d/qujing/zhujie/shimen 
/d/qujing/zhujie/wai       
/d/qujing/zhujie/zhong   
/d/qujing/zhujie/zou       	         	         
/d/qujing/zhuzi/beixia1
/d/qujing/zhuzi/beixia2 
/d/qujing/zhuzi/beixia3   
/d/qujing/zhuzi/beixia4 
/d/qujing/zhuzi/beixia5
/d/qujing/zhuzi/beixia6 
/d/qujing/zhuzi/bingying
/d/qujing/zhuzi/chafang   
/d/qujing/zhuzi/chu   
/d/qujing/zhuzi/dalu1  
/d/qujing/zhuzi/dalu2  
/d/qujing/zhuzi/douxi  
/d/qujing/zhuzi/fanlou    
/d/qujing/zhuzi/gongmen 
/d/qujing/zhuzi/gulou   
/d/qujing/zhuzi/housan 
/d/qujing/zhuzi/hugong1  
/d/qujing/zhuzi/hugong2   
/d/qujing/zhuzi/huitong  
/d/qujing/zhuzi/jiekou   
/d/qujing/zhuzi/jiudian   
/d/qujing/zhuzi/lin1  
/d/qujing/zhuzi/lin2      
/d/qujing/zhuzi/lin3   
/d/qujing/zhuzi/lin4  
/d/qujing/zhuzi/lin5   
/d/qujing/zhuzi/lin6   
/d/qujing/zhuzi/mazhan    
/d/qujing/zhuzi/mianguan
/d/qujing/zhuzi/mipu   
/d/qujing/zhuzi/nei   
/d/qujing/zhuzi/neiyuan  
/d/qujing/zhuzi/qian      
/d/qujing/zhuzi/tian1
/d/qujing/zhuzi/tian2
/d/qujing/zhuzi/tian3
/d/qujing/zhuzi/tian4     
/d/qujing/zhuzi/xi1
/d/qujing/zhuzi/xi2 
/d/qujing/zhuzi/xi3
/d/qujing/zhuzi/xi4 
/d/qujing/zhuzi/xiang     
/d/qujing/zhuzi/yaopu 
/d/qujing/zhuzi/yuhua 
/d/qujing/zhuzi/zahuo 
/d/qujing/zhuzi/zhaoyang
/d/qujing/zhuzi/zheng     
/d/qujing/zhuzi/zhuzi  
/d/qujing/zhuzi/zhuzi1 
/d/qujing/zhuzi/zhuzi2  
/d/qujing/zhuzi/zhuzi3  
/d/qujing/zhuzi/zhuzi4    
/d/qujing/zhuzi/zhuzi5    	         	         
/d/sea/boy1
/d/sea/boy2   
/d/sea/boy3      
/d/sea/boy4  
/d/sea/food   
/d/sea/gate
/d/sea/girl1
/d/sea/girl2     
/d/sea/girl3  
/d/sea/girl4 
/d/sea/huayuan 
/d/sea/huayuan1 
/d/sea/huayuan2  
/d/sea/huayuan3 
/d/sea/huayuan4
/d/sea/huayuan5 
/d/sea/huayuan6 
/d/sea/huayuan7  
/d/sea/huayuan8 
/d/sea/huayuan9
/d/sea/huilang1  
/d/sea/huilang2
/d/sea/huilang3  
/d/sea/huilang4 
/d/sea/huilang5
/d/sea/huilang6  
/d/sea/huilang7 
/d/sea/huilang8  
/d/sea/inside1  
/d/sea/inside2  
/d/sea/inside3 
/d/sea/inside4  
/d/sea/inside5   
/d/sea/inside6  
/d/sea/jiashan1
/d/sea/jiashan2  
/d/sea/jingxing 
/d/sea/maze0     
/d/sea/maze1     	
/d/sea/maze2  
/d/sea/maze3  
/d/sea/maze4  
/d/sea/maze5     
/d/sea/maze6    
/d/sea/maze7  
/d/sea/maze8  
/d/sea/maze9  
/d/sea/mishi1    
/d/sea/mishi2  
/d/sea/mulang1
/d/sea/mulang2   
/d/sea/qingxin 
/d/sea/shanhua   
/d/sea/shiwu   
/d/sea/sleep  
/d/sea/under1  
/d/sea/under2 
/d/sea/under3    
/d/sea/under4
/d/sea/wolongrest
/d/sea/wunei 
/d/sea/xizhen  
/d/sea/yidao     
/d/sea/yujie1
/d/sea/yujie2  
/d/sea/yujie3    	         	         