1422762432 0 0
1422762432 73 0 73 0
1415263677 73 0 73 0
1415263500 73 0 73 0
1415263200 73 0 73 0
1415262900 73 0 75 0
1415262600 75 0 75 0
1415262300 75 0 75 0
1415262000 75 0 75 0
1415261700 75 0 75 0
1415261400 75 0 75 0
1415261100 75 0 75 0
1415260800 75 0 75 0
1415260500 75 0 76 0
1415260200 76 0 76 0
1415259900 76 0 76 0
1415259600 76 0 76 0
1415259300 76 0 76 0
1415259000 76 0 76 0
1415258700 75 0 76 0
1415258400 75 0 75 0
1415258100 74 0 75 0
1415257800 74 0 74 0
1415257500 74 0 74 0
1415257200 74 0 74 0
1415256900 74 0 74 0
1415256600 74 0 74 0
1415256300 74 0 74 0
1415256000 74 0 74 0
1415255700 74 0 74 0
1415255400 74 0 74 0
1415255100 74 0 74 0
1415254800 74 0 74 0
1415254500 74 0 74 0
1415254200 74 0 74 0
1415253900 74 0 74 0
1415253600 74 0 74 0
1415253300 74 0 74 0
1415253000 74 0 74 0
1415252700 74 0 74 0
1415252400 74 0 74 0
1415252100 74 0 74 0
1415251800 74 0 74 0
1415251500 74 0 74 0
1415251200 74 0 74 0
1415250900 74 0 74 0
1415250600 74 0 74 0
1415250300 74 0 74 0
1415250000 74 0 74 0
1415249700 74 0 74 0
1415249400 74 0 74 0
1415249100 74 0 74 0
1415248800 74 0 74 0
1415248500 74 0 74 0
1415248200 105 0 111 0
1415247900 111 0 111 0
1415247600 111 0 111 0
1415247300 111 0 111 0
1415247000 111 0 111 0
1415246700 111 0 111 0
1415246400 111 0 111 0
1415246100 111 0 111 0
1415245800 111 0 111 0
1415245500 111 0 111 0
1415245200 111 0 111 0
1415244900 111 0 111 0
1415244600 111 0 111 0
1415244300 111 0 111 0
1415244000 111 0 111 0
1415243700 111 0 111 0
1415243400 111 0 111 0
1415243100 111 0 111 0
1415242800 111 0 111 0
1415242500 111 0 111 0
1415242200 111 0 111 0
1415241900 111 0 111 0
1415241600 111 0 111 0
1415241300 111 0 111 0
1415241000 111 0 111 0
1415240700 111 0 111 0
1415240400 111 0 111 0
1415240100 111 0 111 0
1415239800 111 0 111 0
1415239500 111 0 111 0
1415239200 111 0 111 0
1415238900 111 0 111 0
1415238600 111 0 111 0
1415238300 111 0 111 0
1415238000 111 0 111 0
1415237700 111 0 111 0
1415237400 111 0 111 0
1415237100 111 0 111 0
1415236800 111 0 111 0
1415236500 111 0 111 0
1415236200 111 0 111 0
1415235900 111 0 111 0
1415235600 111 0 111 0
1415235300 111 0 111 0
1415235000 111 0 111 0
1415234700 111 0 111 0
1415234400 111 0 111 0
1415234100 111 0 111 0
1415233800 111 0 111 0
1415233500 111 0 111 0
1415233200 111 0 111 0
1415232900 111 0 111 0
1415232600 111 0 111 0
1415232300 111 0 111 0
1415232000 111 0 111 0
1415231700 111 0 111 0
1415231400 111 0 111 0
1415231100 111 0 111 0
1415230800 111 0 111 0
1415230500 111 0 111 0
1415230200 111 0 111 0
1415229900 111 0 111 0
1415229600 111 0 111 0
1415229300 111 0 111 0
1415229000 111 0 111 0
1415228700 111 0 111 0
1415228400 111 0 111 0
1415228100 111 0 111 0
1415227800 111 0 111 0
1415227500 111 0 111 0
1415227200 111 0 111 0
1415226900 111 0 111 0
1415226600 111 0 111 0
1415226300 111 0 111 0
1415226000 111 0 111 0
1415225700 111 0 111 0
1415225400 111 0 111 0
1415225100 111 0 111 0
1415224800 111 0 111 0
1415224500 111 0 111 0
1415224200 111 0 111 0
1415223900 111 0 111 0
1415223600 111 0 111 0
1415223300 111 0 111 0
1415223000 111 0 111 0
1415222700 111 0 111 0
1415222400 111 0 111 0
1415222100 111 0 111 0
1415221800 111 0 111 0
1415221500 111 0 111 0
1415221200 111 0 111 0
1415220900 111 0 111 0
1415220600 111 0 111 0
1415220300 111 0 111 0
1415220000 111 0 111 0
1415219700 111 0 111 0
1415219400 111 0 111 0
1415219100 111 0 111 0
1415218800 111 0 111 0
1415218500 111 0 111 0
1415218200 111 0 111 0
1415217900 111 0 111 0
1415217600 111 0 111 0
1415217300 111 0 111 0
1415217000 111 0 111 0
1415216700 111 0 111 0
1415216400 111 0 111 0
1415216100 111 0 111 0
1415215800 111 0 111 0
1415215500 111 0 111 0
1415215200 111 0 111 0
1415214900 111 0 111 0
1415214600 111 0 111 0
1415214300 111 0 111 0
1415214000 111 0 111 0
1415213700 111 0 111 0
1415213400 111 0 111 0
1415213100 111 0 111 0
1415212800 111 0 111 0
1415212500 111 0 111 0
1415212200 111 0 111 0
1415211900 111 0 111 0
1415211600 111 0 111 0
1415211300 111 0 111 0
1415211000 111 0 111 0
1415210700 111 0 111 0
1415210400 111 0 111 0
1415210100 111 0 111 0
1415209800 111 0 111 0
1415209500 111 0 111 0
1415209200 111 0 111 0
1415208900 111 0 111 0
1415208600 111 0 111 0
1415208300 111 0 111 0
1415208000 111 0 111 0
1415207700 111 0 111 0
1415207400 111 0 111 0
1415207100 111 0 111 0
1415206800 111 0 111 0
1415206500 111 0 111 0
1415206200 111 0 111 0
1415205900 111 0 111 0
1415205600 111 0 111 0
1415205300 111 0 111 0
1415205000 111 0 111 0
1415204700 111 0 111 0
1415204400 111 0 111 0
1415204100 111 0 111 0
1415203800 111 0 111 0
1415203500 111 0 111 0
1415203200 111 0 111 0
1415202900 111 0 111 0
1415202600 111 0 111 0
1415202300 111 0 111 0
1415202000 111 0 111 0
1415201700 111 0 111 0
1415201400 111 0 111 0
1415201100 111 0 111 0
1415200800 111 0 111 0
1415200500 111 0 111 0
1415200200 111 0 111 0
1415199900 111 0 111 0
1415199600 111 0 111 0
1415199300 111 0 111 0
1415199000 111 0 111 0
1415198700 111 0 111 0
1415198400 111 0 111 0
1415198100 111 0 111 0
1415197800 111 0 111 0
1415197500 111 0 111 0
1415197200 111 0 111 0
1415196900 111 0 111 0
1415196600 111 0 111 0
1415196300 111 0 111 0
1415196000 111 0 111 0
1415195700 110 0 111 0
1415195400 110 0 110 0
1415195100 110 0 110 0
1415194800 110 0 110 0
1415194500 110 0 110 0
1415194200 110 0 110 0
1415193900 109 0 110 0
1415193600 108 0 108 0
1415193300 108 0 108 0
1415193000 96 0 108 0
1415192700 96 0 96 0
1415192400 96 0 96 0
1415192100 96 0 96 0
1415191800 96 0 96 0
1415191500 96 0 96 0
1415191200 96 0 96 0
1415190900 96 0 96 0
1415190600 96 0 96 0
1415190300 96 0 96 0
1415190000 96 0 96 0
1415189700 96 0 96 0
1415189400 96 0 96 0
1415189100 96 0 96 0
1415188800 96 0 96 0
1415188500 96 0 96 0
1415188200 96 0 96 0
1415187900 96 0 96 0
1415187600 96 0 96 0
1415187300 96 0 96 0
1415187000 96 0 96 0
1415186700 96 0 96 0
1415186400 96 0 96 0
1415186100 96 0 96 0
1415185800 96 0 96 0
1415185500 96 0 96 0
1415185200 96 0 96 0
1415184900 96 0 96 0
1415184600 96 0 96 0
1415184300 96 0 96 0
1415184000 96 0 96 0
1415183700 96 0 96 0
1415183400 96 0 96 0
1415183100 96 0 96 0
1415182800 96 0 96 0
1415182500 96 0 96 0
1415182200 96 0 96 0
1415181900 96 0 96 0
1415181600 96 0 96 0
1415181300 96 0 96 0
1415181000 96 0 96 0
1415180700 96 0 96 0
1415180400 96 0 96 0
1415180100 96 0 96 0
1415179800 96 0 96 0
1415179500 96 0 96 0
1415179200 96 0 96 0
1415178900 96 0 96 0
1415178600 96 0 96 0
1415178300 96 0 96 0
1415178000 96 0 96 0
1415177700 96 0 96 0
1415177400 96 0 96 0
1415177100 96 0 96 0
1415176800 96 0 96 0
1415176500 96 0 96 0
1415176200 96 0 96 0
1415175900 96 0 96 0
1415175600 96 0 96 0
1415175300 96 0 96 0
1415175000 96 0 96 0
1415174700 96 0 96 0
1415174400 96 0 96 0
1415174100 96 0 96 0
1415173800 96 0 96 0
1415173500 96 0 96 0
1415173200 96 0 96 0
1415172900 96 0 96 0
1415172600 96 0 96 0
1415172300 96 0 96 0
1415172000 96 0 96 0
1415171700 96 0 96 0
1415171400 96 0 96 0
1415171100 96 0 96 0
1415170800 96 0 96 0
1415170500 96 0 96 0
1415170200 96 0 96 0
1415169900 96 0 96 0
1415169600 96 0 96 0
1415169300 96 0 96 0
1415169000 96 0 96 0
1415168700 96 0 96 0
1415168400 96 0 96 0
1415168100 96 0 96 0
1415167800 96 0 96 0
1415167500 96 0 96 0
1415167200 96 0 96 0
1415166900 96 0 96 0
1415166600 96 0 96 0
1415166300 96 0 96 0
1415166000 96 0 96 0
1415165700 96 0 96 0
1415165400 96 0 96 0
1415165100 96 0 96 0
1415164800 96 0 96 0
1415164500 96 0 96 0
1415164200 96 0 96 0
1415163900 96 0 96 0
1415163600 96 0 96 0
1415163300 96 0 96 0
1415163000 96 0 96 0
1415162700 96 0 96 0
1415162400 96 0 96 0
1415162100 96 0 96 0
1415161800 96 0 96 0
1415161500 96 0 96 0
1415161200 96 0 96 0
1415160900 96 0 96 0
1415160600 96 0 96 0
1415160300 96 0 96 0
1415160000 96 0 96 0
1415159700 96 0 96 0
1415159400 96 0 96 0
1415159100 96 0 96 0
1415158800 96 0 96 0
1415158500 96 0 96 0
1415158200 96 0 96 0
1415157900 96 0 96 0
1415157600 96 0 96 0
1415157300 96 0 96 0
1415157000 96 0 96 0
1415156700 96 0 96 0
1415156400 96 0 96 0
1415156100 96 0 96 0
1415155800 96 0 96 0
1415155500 96 0 96 0
1415155200 96 0 96 0
1415154900 96 0 96 0
1415154600 96 0 96 0
1415154300 96 0 96 0
1415154000 96 0 96 0
1415153700 96 0 96 0
1415153400 96 0 96 0
1415153100 96 0 96 0
1415152800 96 0 96 0
1415152500 96 0 96 0
1415152200 96 0 96 0
1415151900 96 0 96 0
1415151600 96 0 96 0
1415151300 96 0 96 0
1415151000 96 0 96 0
1415150700 96 0 96 0
1415150400 96 0 96 0
1415150100 96 0 96 0
1415149800 96 0 96 0
1415149500 96 0 96 0
1415149200 96 0 96 0
1415148900 96 0 96 0
1415148600 96 0 96 0
1415148300 96 0 96 0
1415148000 96 0 96 0
1415147700 96 0 96 0
1415147400 96 0 96 0
1415147100 96 0 96 0
1415146800 96 0 96 0
1415146500 96 0 96 0
1415146200 96 0 96 0
1415145900 96 0 96 0
1415145600 96 0 96 0
1415145300 96 0 96 0
1415145000 96 0 96 0
1415144700 96 0 96 0
1415144400 96 0 96 0
1415144100 96 0 96 0
1415143800 96 0 96 0
1415143500 96 0 96 0
1415143200 96 0 96 0
1415142900 96 0 96 0
1415142600 96 0 96 0
1415142300 96 0 96 0
1415142000 96 0 96 0
1415141700 96 0 96 0
1415141400 96 0 96 0
1415141100 96 0 96 0
1415140800 96 0 96 0
1415140500 96 0 96 0
1415140200 96 0 96 0
1415139900 96 0 96 0
1415139600 96 0 96 0
1415139300 96 0 96 0
1415139000 96 0 96 0
1415138700 96 0 96 0
1415138400 96 0 96 0
1415138100 96 0 96 0
1415137800 96 0 96 0
1415137500 96 0 96 0
1415137200 96 0 96 0
1415136900 96 0 96 0
1415136600 96 0 96 0
1415136300 96 0 96 0
1415136000 96 0 96 0
1415135700 96 0 96 0
1415135400 96 0 96 0
1415135100 96 0 96 0
1415134800 96 0 96 0
1415134500 96 0 96 0
1415134200 96 0 96 0
1415133900 96 0 96 0
1415133600 96 0 96 0
1415133300 96 0 96 0
1415133000 96 0 96 0
1415132700 96 0 96 0
1415132400 96 0 96 0
1415132100 96 0 96 0
1415131800 96 0 96 0
1415131500 96 0 96 0
1415131200 96 0 96 0
1415130900 96 0 96 0
1415130600 96 0 96 0
1415130300 96 0 96 0
1415130000 96 0 96 0
1415129700 96 0 96 0
1415129400 96 0 96 0
1415129100 96 0 96 0
1415128800 96 0 96 0
1415128500 96 0 96 0
1415128200 96 0 96 0
1415127900 96 0 96 0
1415127600 96 0 96 0
1415127300 96 0 96 0
1415127000 96 0 96 0
1415126700 96 0 96 0
1415126400 96 0 96 0
1415126100 96 0 96 0
1415125800 96 0 96 0
1415125500 96 0 96 0
1415125200 96 0 96 0
1415124900 96 0 96 0
1415124600 96 0 96 0
1415124300 96 0 96 0
1415124000 96 0 96 0
1415123700 96 0 96 0
1415123400 96 0 96 0
1415123100 96 0 96 0
1415122800 96 0 96 0
1415122500 96 0 96 0
1415122200 96 0 96 0
1415121900 96 0 96 0
1415121600 96 0 96 0
1415121300 96 0 96 0
1415121000 96 0 96 0
1415120700 96 0 96 0
1415120400 96 0 96 0
1415120100 96 0 96 0
1415119800 96 0 96 0
1415119500 96 0 96 0
1415119200 96 0 96 0
1415118900 96 0 96 0
1415118600 96 0 96 0
1415118300 96 0 96 0
1415118000 96 0 96 0
1415117700 96 0 96 0
1415117400 96 0 96 0
1415117100 96 0 96 0
1415116800 96 0 96 0
1415116500 96 0 96 0
1415116200 96 0 96 0
1415115900 96 0 96 0
1415115600 96 0 96 0
1415115300 96 0 96 0
1415115000 96 0 96 0
1415114700 96 0 96 0
1415114400 96 0 96 0
1415114100 96 0 96 0
1415113800 96 0 96 0
1415113500 96 0 96 0
1415113200 96 0 96 0
1415112900 96 0 96 0
1415112600 96 0 96 0
1415112300 96 0 96 0
1415112000 96 0 96 0
1415111700 96 0 96 0
1415111400 96 0 96 0
1415111100 96 0 96 0
1415110800 96 0 96 0
1415110500 96 0 96 0
1415110200 96 0 96 0
1415109900 96 0 96 0
1415109600 96 0 96 0
1415109300 96 0 96 0
1415109000 96 0 96 0
1415108700 96 0 96 0
1415108400 96 0 96 0
1415108100 96 0 96 0
1415107800 96 0 96 0
1415107500 96 0 96 0
1415107200 96 0 96 0
1415106900 96 0 96 0
1415106600 96 0 96 0
1415106300 96 0 96 0
1415106000 96 0 96 0
1415105700 96 0 96 0
1415105400 96 0 96 0
1415105100 96 0 96 0
1415104800 96 0 96 0
1415104500 96 0 96 0
1415104200 96 0 96 0
1415103900 96 0 96 0
1415103600 96 0 96 0
1415103300 96 0 96 0
1415103000 96 0 96 0
1415102700 96 0 96 0
1415102400 96 0 96 0
1415102100 96 0 96 0
1415101800 96 0 96 0
1415101500 96 0 96 0
1415101200 96 0 96 0
1415100900 96 0 96 0
1415100600 96 0 96 0
1415100300 96 0 96 0
1415100000 96 0 96 0
1415099700 96 0 96 0
1415099400 96 0 96 0
1415099100 96 0 96 0
1415098800 96 0 96 0
1415098500 96 0 96 0
1415098200 96 0 96 0
1415097900 96 0 96 0
1415097600 96 0 96 0
1415097300 96 0 96 0
1415097000 96 0 96 0
1415096700 96 0 96 0
1415096400 96 0 96 0
1415096100 96 0 96 0
1415095800 96 0 96 0
1415095500 96 0 96 0
1415095200 96 0 96 0
1415094900 96 0 96 0
1415094600 96 0 96 0
1415094300 96 0 96 0
1415094000 96 0 96 0
1415093700 96 0 96 0
1415093400 96 0 96 0
1415093100 96 0 96 0
1415092800 96 0 96 0
1415092500 96 0 96 0
1415092200 96 0 96 0
1415091900 96 0 96 0
1415091600 96 0 96 0
1415091300 96 0 96 0
1415091000 96 0 96 0
1415090700 96 0 96 0
1415090400 96 0 96 0
1415090100 96 0 96 0
1415089800 96 0 96 0
1415089500 96 0 96 0
1415089200 96 0 96 0
1415088900 96 0 96 0
1415088600 96 0 96 0
1415088300 96 0 96 0
1415088000 96 0 96 0
1415087700 96 0 96 0
1415087400 96 0 96 0
1415087100 96 0 96 0
1415086800 96 0 96 0
1415086500 96 0 96 0
1415086200 96 0 96 0
1415085900 96 0 96 0
1415085600 96 0 96 0
1415085300 96 0 96 0
1415085000 96 0 96 0
1415084700 96 0 96 0
1415084400 96 0 96 0
1415084100 96 0 96 0
1415083800 96 0 96 0
1415082600 96 0 96 0
1415080800 96 0 96 0
1415079000 96 0 96 0
1415077200 96 0 96 0
1415075400 96 0 96 0
1415073600 96 0 96 0
1415071800 96 0 96 0
1415070000 96 0 96 0
1415068200 96 0 96 0
1415066400 96 0 96 0
1415064600 96 0 96 0
1415062800 96 0 96 0
1415061000 96 0 96 0
1415059200 96 0 96 0
1415057400 96 0 96 0
1415055600 96 0 96 0
1415053800 96 0 96 0
1415052000 96 0 96 0
1415050200 96 0 96 0
1415048400 96 0 96 0
1415046600 96 0 96 0
1415044800 96 0 96 0
1415043000 96 0 96 0
1415041200 96 0 96 0
1415039400 96 0 96 0
1415037600 96 0 96 0
1415035800 96 0 96 0
1415034000 96 0 96 0
1415032200 96 0 96 0
1415030400 96 0 96 0
1415028600 96 0 96 0
1415026800 96 0 96 0
1415025000 96 0 96 0
1415023200 96 0 96 0
1415021400 96 0 96 0
1415019600 96 0 96 0
1415017800 96 0 96 0
1415016000 96 0 96 0
1415014200 96 0 96 0
1415012400 96 0 96 0
1415010600 96 0 96 0
1415008800 96 0 96 0
1415007000 96 0 96 0
1415005200 96 0 96 0
1415003400 96 0 96 0
1415001600 96 0 96 0
1414999800 96 0 96 0
1414998000 96 0 96 0
1414996200 96 0 96 0
1414994400 96 0 96 0
1414992600 96 0 96 0
1414990800 96 0 96 0
1414989000 96 0 96 0
1414987200 96 0 96 0
1414985400 96 0 96 0
1414983600 96 0 96 0
1414981800 96 0 96 0
1414980000 96 0 96 0
1414978200 96 0 96 0
1414976400 96 0 96 0
1414974600 96 0 96 0
1414972800 96 0 96 0
1414971000 96 0 96 0
1414969200 96 0 96 0
1414967400 96 0 96 0
1414965600 96 0 96 0
1414963800 96 0 96 0
1414962000 96 0 96 0
1414960200 96 0 96 0
1414958400 96 0 96 0
1414956600 96 0 96 0
1414954800 96 0 96 0
1414953000 96 0 96 0
1414951200 96 0 96 0
1414949400 96 0 96 0
1414947600 96 0 96 0
1414945800 96 0 96 0
1414944000 96 0 96 0
1414942200 96 0 96 0
1414940400 96 0 96 0
1414938600 96 0 96 0
1414936800 96 0 96 0
1414935000 96 0 96 0
1414933200 96 0 96 0
1414931400 96 0 96 0
1414929600 96 0 96 0
1414927800 96 0 96 0
1414926000 96 0 96 0
1414924200 96 0 96 0
1414922400 96 0 96 0
1414920600 96 0 96 0
1414918800 96 0 96 0
1414917000 96 0 96 0
1414915200 96 0 96 0
1414913400 96 0 96 0
1414911600 96 0 96 0
1414909800 96 0 96 0
1414908000 96 0 96 0
1414906200 96 0 96 0
1414904400 96 0 96 0
1414902600 96 0 96 0
1414900800 96 0 96 0
1414899000 96 0 96 0
1414897200 96 0 96 0
1414895400 96 0 96 0
1414893600 96 0 96 0
1414891800 96 0 96 0
1414890000 96 0 96 0
1414888200 96 0 96 0
1414886400 96 0 96 0
1414884600 96 0 96 0
1414882800 96 0 96 0
1414881000 96 0 96 0
1414879200 96 0 96 0
1414877400 96 0 96 0
1414875600 96 0 96 0
1414873800 96 0 96 0
1414872000 96 0 96 0
1414870200 96 0 96 0
1414868400 96 0 96 0
1414866600 96 0 96 0
1414864800 96 0 96 0
1414863000 96 0 96 0
1414861200 96 0 96 0
1414859400 96 0 96 0
1414857600 96 0 96 0
1414855800 96 0 96 0
1414854000 96 0 96 0
1414852200 96 0 96 0
1414850400 96 0 96 0
1414848600 96 0 96 0
1414846800 96 0 96 0
1414845000 96 0 96 0
1414843200 96 0 96 0
1414841400 96 0 96 0
1414839600 96 0 96 0
1414837800 96 0 96 0
1414836000 96 0 96 0
1414834200 96 0 96 0
1414832400 96 0 96 0
1414830600 96 0 96 0
1414828800 96 0 96 0
1414827000 96 0 96 0
1414825200 96 0 96 0
1414823400 96 0 96 0
1414821600 96 0 96 0
1414819800 96 0 96 0
1414818000 96 0 96 0
1414816200 96 0 96 0
1414814400 96 0 96 0
1414812600 96 0 96 0
1414810800 96 0 96 0
1414809000 96 0 96 0
1414807200 96 0 96 0
1414805400 96 0 96 0
1414803600 96 0 96 0
1414801800 96 0 96 0
1414800000 96 0 96 0
1414798200 96 0 96 0
1414796400 96 0 96 0
1414794600 96 0 96 0
1414792800 96 0 96 0
1414791000 96 0 96 0
1414789200 96 0 96 0
1414787400 96 0 96 0
1414785600 96 0 96 0
1414783800 96 0 96 0
1414782000 96 0 96 0
1414780200 96 0 96 0
1414778400 96 0 96 0
1414776600 96 0 96 0
1414774800 96 0 96 0
1414773000 96 0 96 0
1414771200 96 0 96 0
1414769400 96 0 96 0
1414767600 96 0 96 0
1414765800 96 0 96 0
1414764000 96 0 96 0
1414762200 96 0 96 0
1414760400 96 0 96 0
1414758600 96 0 96 0
1414756800 96 0 96 0
1414755000 96 0 96 0
1414753200 96 0 96 0
1414751400 96 0 96 0
1414749600 96 0 96 0
1414747800 96 0 96 0
1414746000 96 0 96 0
1414744200 96 0 96 0
1414742400 96 0 96 0
1414740600 96 0 96 0
1414738800 96 0 96 0
1414737000 96 0 96 0
1414735200 96 0 96 0
1414733400 96 0 96 0
1414731600 96 0 96 0
1414729800 96 0 96 0
1414728000 96 0 96 0
1414726200 96 0 96 0
1414724400 96 0 96 0
1414722600 96 0 96 0
1414720800 96 0 96 0
1414719000 96 0 96 0
1414717200 96 0 96 0
1414715400 96 0 96 0
1414713600 96 0 96 0
1414711800 96 0 96 0
1414710000 96 0 96 0
1414708200 96 0 96 0
1414706400 96 0 96 0
1414704600 96 0 96 0
1414702800 96 0 96 0
1414701000 96 0 96 0
1414699200 96 0 96 0
1414697400 96 0 96 0
1414695600 96 0 96 0
1414693800 96 0 96 0
1414692000 96 0 96 0
1414690200 96 0 96 0
1414688400 96 0 96 0
1414686600 96 0 96 0
1414684800 96 0 96 0
1414683000 96 0 96 0
1414681200 96 0 96 0
1414679400 96 0 96 0
1414677600 96 0 96 0
1414675800 96 0 96 0
1414674000 96 0 96 0
1414672200 96 0 96 0
1414670400 96 0 96 0
1414668600 96 0 96 0
1414666800 96 0 96 0
1414665000 96 0 96 0
1414663200 96 0 96 0
1414661400 96 0 96 0
1414659600 96 0 96 0
1414657800 96 0 96 0
1414656000 96 0 96 0
1414654200 96 0 96 0
1414652400 96 0 96 0
1414650600 96 0 96 0
1414648800 96 0 96 0
1414647000 96 0 96 0
1414645200 96 0 96 0
1414643400 96 0 96 0
1414641600 96 0 96 0
1414639800 96 0 96 0
1414638000 96 0 96 0
1414636200 96 0 96 0
1414634400 96 0 96 0
1414632600 96 0 96 0
1414630800 96 0 96 0
1414629000 96 0 96 0
1414627200 96 0 96 0
1414625400 96 0 96 0
1414623600 96 0 96 0
1414621800 96 0 96 0
1414620000 96 0 96 0
1414618200 96 0 96 0
1414616400 96 0 96 0
1414614600 96 0 96 0
1414612800 96 0 96 0
1414611000 96 0 96 0
1414609200 96 0 96 0
1414607400 96 0 96 0
1414605600 96 0 96 0
1414603800 96 0 96 0
1414602000 96 0 96 0
1414600200 96 0 96 0
1414598400 96 0 96 0
1414596600 96 0 96 0
1414594800 96 0 96 0
1414593000 96 0 96 0
1414591200 96 0 96 0
1414589400 96 0 96 0
1414587600 96 0 96 0
1414585800 96 0 96 0
1414584000 96 0 96 0
1414582200 96 0 96 0
1414580400 96 0 96 0
1414578600 96 0 96 0
1414576800 96 0 96 0
1414575000 96 0 96 0
1414573200 96 0 96 0
1414571400 96 0 96 0
1414569600 96 0 96 0
1414567800 96 0 96 0
1414566000 96 0 96 0
1414564200 96 0 96 0
1414562400 96 0 96 0
1414560600 96 0 96 0
1414558800 96 0 96 0
1414557000 96 0 96 0
1414555200 96 0 96 0
1414553400 96 0 96 0
1414551600 96 0 96 0
1414549800 96 0 96 0
1414548000 96 0 96 0
1414546200 96 0 96 0
1414544400 96 0 96 0
1414542600 96 0 96 0
1414540800 96 0 96 0
1414539000 96 0 96 0
1414537200 96 0 96 0
1414535400 96 0 96 0
1414533600 96 0 96 0
1414531800 96 0 96 0
1414530000 96 0 96 0
1414528200 96 0 96 0
1414526400 96 0 96 0
1414524600 96 0 96 0
1414522800 96 0 96 0
1414521000 96 0 96 0
1414519200 96 0 96 0
1414517400 96 0 96 0
1414515600 96 0 96 0
1414513800 96 0 96 0
1414512000 96 0 96 0
1414510200 96 0 96 0
1414508400 96 0 96 0
1414506600 96 0 96 0
1414504800 96 0 96 0
1414503000 96 0 96 0
1414501200 96 0 96 0
1414499400 96 0 96 0
1414497600 96 0 96 0
1414495800 96 0 96 0
1414494000 96 0 96 0
1414492200 96 0 96 0
1414490400 96 0 96 0
1414488600 96 0 96 0
1414486800 96 0 96 0
1414485000 96 0 96 0
1414483200 96 0 96 0
1414481400 96 0 96 0
1414479600 96 0 96 0
1414477800 96 0 96 0
1414476000 96 0 96 0
1414474200 96 0 96 0
1414472400 96 0 96 0
1414470600 96 0 96 0
1414468800 96 0 96 0
1414467000 96 0 96 0
1414465200 96 0 96 0
1414463400 96 0 96 0
1414461600 96 0 96 0
1414459800 96 0 96 0
1414458000 96 0 96 0
1414456200 96 0 96 0
1414454400 96 0 96 0
1414452600 96 0 96 0
1414450800 96 0 96 0
1414449000 96 0 97 0
1414447200 97 0 103 0
1414445400 102 0 103 0
1414443600 101 0 104 0
1414441800 103 0 104 0
1414440000 101 0 105 0
1414438200 105 0 105 0
1414436400 105 0 105 0
1414434600 105 0 105 0
1414432800 105 0 114 0
1414431000 113 0 114 0
1414429200 111 0 116 0
1414427400 116 0 117 0
1414425600 117 0 117 0
1414423800 116 0 117 0
1414422000 114 0 115 0
1414420200 111 0 112 0
1414418400 110 0 113 0
1414416600 113 0 113 0
1414414800 113 0 113 0
1414413000 113 0 120 0
1414411200 120 0 122 0
1414409400 121 0 122 0
1414407600 116 0 117 0
1414405800 116 0 116 0
1414404000 116 0 116 0
1414402200 115 0 116 0
1414400400 114 0 116 0
1414398600 116 0 116 0
1414396800 115 0 116 0
1414395000 115 0 115 0
1414393200 115 0 116 0
1414391400 115 0 116 0
1414389600 112 0 116 0
1414387800 116 0 116 0
1414386000 115 0 116 0
1414384200 113 0 114 0
1414382400 106 0 107 0
1414380600 103 0 104 0
1414378800 104 0 105 0
1414377000 105 0 105 0
1414375200 105 0 105 0
1414373400 105 0 105 0
1414371600 105 0 105 0
1414369800 104 0 105 0
1414368000 103 0 103 0
1414366200 103 0 104 0
1414364400 104 0 104 0
1414362600 103 0 104 0
1414360800 103 0 104 0
1414359000 104 0 105 0
1414357200 104 0 105 0
1414355400 103 0 104 0
1414353600 102 0 104 0
1414351800 104 0 105 0
1414350000 104 0 105 0
1414348200 103 0 104 0
1414346400 101 0 103 0
1414344600 103 0 103 0
1414342800 102 0 103 0
1414341000 102 0 108 0
1414339200 108 0 109 0
1414337400 108 0 109 0
1414335600 106 0 107 0
1414333800 107 0 108 0
1414332000 108 0 110 0
1414330200 109 0 110 0
1414328400 107 0 108 0
1414326600 107 0 108 0
1414324800 106 0 107 0
1414323000 106 0 106 0
1414321200 106 0 106 0
1414319400 106 0 106 0
1414317600 105 0 106 0
1414315800 105 0 108 0
1414314000 107 0 108 0
1414312200 107 0 110 0
1414310400 110 0 110 0
1414308600 109 0 110 0
1414306800 107 0 108 0
1414305000 106 0 107 0
1414303200 107 0 110 0
1414301400 109 0 110 0
1414299600 105 0 107 0
1414297800 107 0 107 0
1414296000 106 0 107 0
1414294200 103 0 104 0
1414292400 104 0 109 0
1414290600 108 0 109 0
1414288800 108 0 108 0
1414287000 108 0 109 0
1414285200 109 0 109 0
1414283400 109 0 109 0
1414281600 109 0 110 0
1414279800 109 0 110 0
1414278000 109 0 109 0
1414276200 109 0 110 0
1414274400 110 0 111 0
1414272600 111 0 111 0
1414270800 110 0 111 0
1414269000 110 0 110 0
1414267200 110 0 112 0
1414265400 112 0 112 0
1414263600 111 0 112 0
1414261800 111 0 113 0
1414260000 113 0 114 0
1414258200 114 0 115 0
1414256400 115 0 121 0
1414254600 120 0 121 0
1414252800 119 0 119 0
1414251000 118 0 119 0
1414249200 117 0 118 0
1414247400 117 0 118 0
1414245600 118 0 118 0
1414243800 118 0 118 0
1414242000 118 0 118 0
1414240200 117 0 118 0
1414238400 117 0 117 0
1414236600 117 0 123 0
1414234800 122 0 123 0
1414233000 120 0 121 0
1414231200 119 0 120 0
1414229400 117 0 118 0
1414227600 116 0 117 0
1414225800 116 0 117 0
1414224000 114 0 115 0
1414222200 113 0 114 0
1414220400 112 0 112 0
1414218600 111 0 112 0
1414216800 110 0 111 0
1414215000 110 0 112 0
1414213200 111 0 112 0
1414211400 111 0 111 0
1414209600 111 0 115 0
1414207800 115 0 116 0
1414206000 115 0 116 0
1414204200 108 0 111 0
1414202400 110 0 111 0
1414200600 109 0 110 0
1414198800 108 0 109 0
1414197000 108 0 109 0
1414195200 104 0 105 0
1414193400 100 0 101 0
1414191600 101 0 106 0
1414189800 106 0 107 0
1414188000 106 0 107 0
1414186200 106 0 109 0
1414184400 109 0 111 0
1414182600 111 0 111 0
1414180800 111 0 113 0
1414179000 113 0 113 0
1414177200 113 0 114 0
1414175400 113 0 114 0
1414173600 113 0 114 0
1414171800 114 0 115 0
1414170000 114 0 115 0
1414168200 114 0 114 0
1414166400 113 0 114 0
1414164600 113 0 114 0
1414162800 113 0 114 0
1414161000 107 0 108 0
1414159200 106 0 107 0
1414157400 106 0 107 0
1414155600 102 0 103 0
1414153800 101 0 102 0
1414152000 101 0 104 0
1414150200 103 0 104 0
1414148400 100 0 102 0
1414146600 102 0 103 0
1414144800 103 0 105 0
1414143000 105 0 105 0
1414141200 105 0 105 0
1414139400 105 0 105 0
1414137600 105 0 105 0
1414135800 104 0 105 0
1414134000 103 0 104 0
1414132200 103 0 104 0
1414130400 103 0 104 0
1414128600 102 0 103 0
1414126800 100 0 101 0
1414125000 99 0 100 0
1414123200 99 0 100 0
1414121400 96 0 96 0
1414119600 96 0 101 0
1414117800 100 0 101 0
1414116000 97 0 98 0
1414114200 96 0 98 0
1414112400 97 0 98 0
1414110600 93 0 94 0
1414108800 93 0 93 0
1414107000 93 0 93 0
1414105200 92 0 93 0
1414103400 92 0 94 0
1414101600 94 0 94 0
1414099800 94 0 94 0
1414098000 94 0 94 0
1414096200 94 0 96 0
1414094400 95 0 96 0
1414092600 95 0 96 0
1414090800 96 0 98 0
1414089000 98 0 101 0
1414087200 100 0 101 0
1414085400 100 0 102 0
1414083600 102 0 102 0
1414081800 101 0 102 0
1414080000 98 0 99 0
1414078200 94 0 99 0
1414076400 98 0 99 0
1414074600 97 0 97 0
1414072800 96 0 97 0
1414071000 96 0 97 0
1414069200 97 0 98 0
1414067400 97 0 98 0
1414065600 96 0 96 0
1414063800 96 0 102 0
1414062000 102 0 103 0
1414060200 103 0 103 0
1414058400 103 0 103 0
1414056600 103 0 104 0
1414054800 103 0 104 0
1414053000 103 0 104 0
1414051200 104 0 104 0
1414049400 103 0 104 0
1414047600 102 0 102 0
1414045800 101 0 102 0
1414044000 100 0 101 0
1414042200 95 0 96 0
1414040400 95 0 95 0
1414038600 94 0 95 0
1414036800 94 0 94 0
1414035000 94 0 95 0
1414033200 94 0 95 0
1414031400 92 0 92 0
1414029600 92 0 92 0
1414027800 91 0 92 0
1414026000 89 0 91 0
1414024200 91 0 92 0
1414022400 91 0 92 0
1414020600 90 0 91 0
1414018800 91 0 91 0
1414017000 91 0 93 0
1414015200 93 0 93 0
1414013400 93 0 93 0
1414011600 93 0 93 0
1414009800 93 0 93 0
1414008000 93 0 95 0
1414006200 94 0 95 0
1414004400 93 0 93 0
1414002600 93 0 93 0
1414000800 92 0 95 0
1413993600 97 0 102 0
1413986400 100 0 102 0
1413979200 101 0 102 0
1413972000 102 0 104 0
1413964800 104 0 107 0
1413957600 102 0 105 0
1413950400 97 0 99 0
1413943200 90 0 95 0
1413936000 86 0 87 0
1413928800 89 0 91 0
1413921600 91 0 96 0
1413914400 96 0 98 0
1413907200 96 0 102 0
1413900000 102 0 104 0
1413892800 100 0 104 0
1413885600 100 0 102 0
1413878400 101 0 103 0
1413871200 92 0 100 0
1413864000 87 0 93 0
1413856800 90 0 95 0
1413849600 91 0 95 0
1413842400 92 0 96 0
1413835200 96 0 98 0
1413828000 94 0 98 0
1413820800 96 0 102 0
1413813600 95 0 99 0
1413806400 89 0 90 0
1413799200 88 0 90 0
1413792000 89 0 90 0
1413784800 88 0 90 0
1413777600 87 0 89 0
1413770400 88 0 89 0
1413763200 89 0 92 0
1413756000 92 0 95 0
1413748800 94 0 95 0
1413741600 96 0 101 0
1413734400 100 0 105 0
1413727200 101 0 105 0
1413720000 99 0 102 0
1413712800 96 0 98 0
1413705600 94 0 95 0
1413698400 95 0 98 0
1413691200 94 0 98 0
1413684000 90 0 92 0
1413676800 87 0 90 0
1413669600 92 0 100 0
1413662400 99 0 101 0
1413655200 101 0 110 0
1413648000 103 0 110 0
1413640800 97 0 99 0
1413633600 96 0 98 0
1413626400 95 0 98 0
1413619200 98 0 101 0
1413612000 99 0 101 0
1413604800 99 0 105 0
1413597600 102 0 105 0
1413590400 99 0 101 0
1413583200 98 0 100 0
1413576000 98 0 100 0
1413568800 97 0 101 0
1413561600 100 0 104 0
1413554400 96 0 102 0
1413547200 86 0 88 0
1413540000 83 0 86 0
1413532800 87 0 91 0
1413525600 88 0 90 0
1413518400 86 0 87 0
1413511200 83 0 87 0
1413504000 85 0 87 0
1413496800 84 0 85 0
1413489600 87 0 91 0
1413482400 90 0 92 0
1413475200 90 0 93 0
1413468000 84 0 88 0
1413460800 87 0 93 0
1413453600 97 0 99 0
1413446400 98 0 99 0
1413439200 96 0 102 0
1413432000 93 0 96 0
1413424800 90 0 96 0
1413417600 81 0 85 0
1413410400 87 0 91 0
1413403200 97 0 103 0
1413396000 103 0 108 0
1413388800 107 0 110 0
1413381600 103 0 110 0
1413374400 103 0 105 0
1413367200 103 0 106 0
1413360000 102 0 103 0
1413352800 99 0 102 0
1413345600 101 0 103 0
1413338400 100 0 102 0
1413331200 98 0 98 0
1413324000 98 0 99 0
1413316800 98 0 99 0
1413309600 101 0 103 0
1413302400 104 0 109 0
1413295200 103 0 104 0
1413288000 100 0 104 0
1413280800 100 0 103 0
1413273600 98 0 101 0
1413266400 99 0 101 0
1413259200 94 0 96 0
1413252000 93 0 95 0
1413244800 89 0 94 0
1413237600 90 0 92 0
1413230400 91 0 92 0
1413223200 98 0 102 0
1413216000 99 0 102 0
1413208800 94 0 95 0
1413201600 90 0 92 0
1413194400 89 0 90 0
1413187200 87 0 89 0
1413180000 85 0 87 0
1413172800 83 0 85 0
1413165600 78 0 79 0
1413158400 72 0 74 0
1413151200 76 0 84 0
1413144000 83 0 84 0
1413136800 84 0 91 0
1413129600 97 0 101 0
1413122400 88 0 93 0
1413115200 80 0 87 0
1413108000 76 0 81 0
1413100800 78 0 81 0
1413093600 75 0 78 0
1413086400 73 0 78 0
1413079200 69 0 70 0
1413072000 73 0 76 0
1413064800 71 0 74 0
1413057600 75 0 78 0
1413050400 71 0 80 0
1413043200 84 0 109 0
1413036000 106 0 109 0
1413028800 104 0 107 0
1413021600 97 0 101 0
1413014400 97 0 101 0
1413007200 94 0 95 0
1413000000 93 0 95 0
1412992800 90 0 94 0
1412985600 87 0 89 0
1412978400 85 0 88 0
1412971200 84 0 85 0
1412964000 84 0 87 0
1412956800 92 0 96 0
1412949600 96 0 98 0
1412942400 98 0 103 0
1412935200 102 0 104 0
1412928000 101 0 103 0
1412920800 98 0 101 0
1412913600 98 0 101 0
1412906400 87 0 97 0
1412899200 80 0 84 0
1412892000 85 0 90 0
1412884800 90 0 93 0
1412877600 91 0 93 0
1412870400 95 0 101 0
1412863200 90 0 92 0
1412856000 91 0 93 0
1412848800 91 0 93 0
1412841600 90 0 92 0
1412834400 85 0 91 0
1412827200 80 0 84 0
1412820000 82 0 83 0
1412812800 82 0 85 0
1412805600 82 0 85 0
1412798400 85 0 87 0
1412791200 89 0 95 0
1412784000 98 0 102 0
1412776800 98 0 102 0
1412769600 94 0 97 0
1412762400 94 0 95 0
1412755200 94 0 98 0
1412748000 92 0 95 0
1412740800 87 0 89 0
1412733600 87 0 89 0
1412726400 85 0 89 0
1412719200 86 0 88 0
1412712000 87 0 89 0
1412704800 88 0 89 0
1412697600 92 0 96 0
1412690400 97 0 101 0
1412683200 100 0 102 0
1412676000 98 0 102 0
1412668800 97 0 98 0
1412661600 92 0 95 0
1412654400 87 0 91 0
1412647200 80 0 85 0
1412640000 79 0 82 0
1412632800 83 0 85 0
1412625600 84 0 88 0
1412618400 90 0 98 0
1412611200 97 0 100 0
1412604000 93 0 98 0
1412596800 97 0 98 0
1412589600 94 0 97 0
1412582400 90 0 93 0
1412575200 89 0 92 0
1412568000 84 0 87 0
1412560800 83 0 85 0
1412553600 82 0 84 0
1412546400 83 0 90 0
1412539200 90 0 91 0
1412532000 90 0 96 0
1412524800 95 0 99 0
1412517600 86 0 91 0
1412510400 85 0 86 0
1412503200 85 0 86 0
1412496000 86 0 87 0
1412488800 90 0 97 0
1412481600 92 0 97 0
1412474400 76 0 78 0
1412467200 77 0 79 0
1412460000 78 0 81 0
1412452800 78 0 82 0
1412445600 82 0 85 0
1412438400 87 0 90 0
1412431200 85 0 89 0
1412424000 84 0 85 0
1412416800 84 0 90 0
1412409600 87 0 90 0
1412402400 80 0 84 0
1412395200 80 0 83 0
1412388000 67 0 76 0
1412380800 63 0 65 0
1412373600 65 0 73 0
1412366400 73 0 74 0
1412359200 77 0 84 0
1412352000 73 0 78 0
1412344800 73 0 80 0
1412337600 77 0 79 0
1412330400 78 0 79 0
1412323200 75 0 78 0
1412316000 75 0 78 0
1412308800 69 0 73 0
1412301600 68 0 72 0
1412294400 71 0 72 0
1412287200 72 0 74 0
1412280000 74 0 78 0
1412272800 76 0 78 0
1412265600 75 0 79 0
1412258400 80 0 85 0
1412251200 79 0 83 0
1412244000 80 0 83 0
1412236800 76 0 82 0
1412229600 82 0 86 0
1412222400 70 0 78 0
1412215200 66 0 69 0
1412208000 65 0 66 0
1412200800 66 0 68 0
1412193600 68 0 71 0
1412186400 74 0 89 0
1412179200 92 0 99 0
1412172000 84 0 88 0
1412164800 82 0 85 0
1412157600 78 0 81 0
1412150400 76 0 80 0
1412143200 68 0 71 0
1412136000 60 0 64 0
1412128800 60 0 65 0
1412121600 61 0 65 0
1412114400 67 0 70 0
1412107200 70 0 72 0
1412100000 68 0 72 0
1412092800 71 0 78 0
1412085600 66 0 70 0
1412078400 63 0 67 0
1412071200 61 0 64 0
1412064000 61 0 62 0
1412056800 59 0 63 0
1412049600 50 0 57 0
1412042400 58 0 63 0
1412035200 63 0 64 0
1412028000 63 0 64 0
1412020800 61 0 64 0
1412013600 62 0 74 0
1412006400 70 0 75 0
1411999200 74 0 76 0
1411992000 74 0 76 0
1411984800 74 0 77 0
1411977600 74 0 77 0
1411970400 59 0 64 0
1411963200 57 0 58 0
1411956000 58 0 62 0
1411948800 59 0 62 0
1411941600 59 0 59 0
1411934400 61 0 70 0
1411927200 70 0 74 0
1411920000 69 0 74 0
1411912800 67 0 68 0
1411905600 65 0 68 0
1411898400 60 0 63 0
1411891200 57 0 60 0
1411884000 59 0 66 0
1411876800 62 0 66 0
1411869600 58 0 64 0
1411862400 54 0 56 0
1411855200 58 0 61 0
1411848000 59 0 65 0
1411840800 68 0 86 0
1411833600 85 0 89 0
1411826400 88 0 91 0
1411819200 90 0 92 0
1411812000 91 0 94 0
1411804800 89 0 94 0
1411797600 80 0 83 0
1411790400 80 0 84 0
1411783200 80 0 84 0
1411776000 75 0 80 0
1411768800 72 0 72 0
1411761600 72 0 75 0
1411754400 76 0 88 0
1411747200 86 0 90 0
1411740000 82 0 84 0
1411732800 69 0 75 0
1411725600 62 0 66 0
1411718400 63 0 65 0
1411711200 45 0 64 0
1411704000 56 0 57 0
1411696800 56 0 57 0
1411689600 60 0 63 0
1411682400 62 0 63 0
1411675200 63 0 68 0
1411668000 68 0 74 0
1411660800 76 0 80 0
1411653600 77 0 80 0
1411646400 65 0 71 0
1411639200 67 0 68 0
1411632000 67 0 67 0
1411624800 64 0 68 0
1411617600 61 0 63 0
1411610400 60 0 61 0
1411603200 56 0 60 0
1411596000 58 0 62 0
1411588800 62 0 65 0
1411581600 63 0 71 0
1411574400 70 0 75 0
1411567200 48 0 58 0
1411560000 39 0 43 0
1411552800 39 0 41 0
1411545600 34 0 38 0
1411538400 26 0 31 0
1411531200 21 0 25 0
1411524000 8 0 18 0
1411516800 0 0 0 0
1411509600 0 0 0 0
1411502400 0 0 0 0
1411495200 0 0 0 0
1411488000 0 0 0 0
1411480800 0 0 0 0
1411473600 0 0 0 0
1411466400 0 0 0 0
1411459200 0 0 0 0
1411452000 0 0 0 0
1411444800 0 0 0 0
1411437600 0 0 0 0
1411430400 0 0 0 0
1411423200 0 0 0 0
1411416000 0 0 0 0
1411408800 0 0 0 0
1411401600 0 0 0 0
1411394400 0 0 0 0
1411387200 0 0 0 0
1411380000 0 0 0 0
1411372800 0 0 0 0
1411365600 0 0 0 0
1411358400 0 0 0 0
1411351200 0 0 0 0
1411344000 0 0 0 0
1411336800 0 0 0 0
1411329600 0 0 0 0
1411322400 0 0 0 0
1411315200 0 0 0 0
1411308000 0 0 0 0
1411300800 0 0 0 0
1411293600 0 0 0 0
1411286400 0 0 0 0
1411279200 0 0 0 0
1411272000 0 0 0 0
1411264800 0 0 0 0
1411257600 0 0 0 0
1411250400 0 0 0 0
1411243200 0 0 0 0
1411236000 0 0 0 0
1411228800 0 0 0 0
1411221600 0 0 0 0
1411214400 0 0 0 0
1411207200 0 0 0 0
1411200000 0 0 0 0
1411192800 0 0 0 0
1411185600 0 0 0 0
1411178400 0 0 0 0
1411171200 0 0 0 0
1411164000 0 0 0 0
1411156800 0 0 0 0
1411149600 0 0 0 0
1411142400 0 0 0 0
1411135200 0 0 0 0
1411128000 0 0 0 0
1411120800 0 0 0 0
1411113600 0 0 0 0
1411106400 0 0 0 0
1411099200 0 0 0 0
1411092000 0 0 0 0
1411084800 0 0 0 0
1411077600 0 0 0 0
1411070400 0 0 0 0
1411063200 22 0 101 0
1411056000 104 0 107 0
1411048800 106 0 111 0
1411041600 102 0 106 0
1411034400 100 0 101 0
1411027200 101 0 103 0
1411020000 93 0 100 0
1411012800 80 0 86 0
1411005600 77 0 81 0
1410998400 80 0 82 0
1410991200 81 0 81 0
1410984000 83 0 87 0
1410976800 90 0 93 0
1410969600 96 0 101 0
1410962400 100 0 112 0
1410955200 112 0 115 0
1410948000 113 0 116 0
1410940800 108 0 110 0
1410933600 104 0 110 0
1410926400 95 0 99 0
1410919200 86 0 93 0
1410912000 81 0 82 0
1410904800 81 0 81 0
1410897600 80 0 85 0
1410890400 84 0 97 0
1410883200 90 0 97 0
1410876000 83 0 85 0
1410868800 83 0 84 0
1410861600 83 0 84 0
1410854400 83 0 84 0
1410847200 79 0 84 0
1410840000 77 0 81 0
1410832800 81 0 81 0
1410825600 79 0 81 0
1410818400 79 0 80 0
1410811200 80 0 83 0
1410804000 85 0 97 0
1410796800 93 0 97 0
1410789600 88 0 92 0
1410782400 86 0 91 0
1410775200 82 0 85 0
1410768000 77 0 81 0
1410760800 71 0 74 0
1410753600 66 0 68 0
1410746400 66 0 79 0
1410739200 78 0 79 0
1410732000 78 0 80 0
1410724800 79 0 81 0
1410717600 83 0 88 0
1410710400 90 0 98 0
1410703200 96 0 99 0
1410696000 95 0 99 0
1410688800 88 0 92 0
1410681600 89 0 91 0
1410674400 91 0 95 0
1410667200 92 0 95 0
1410660000 89 0 92 0
1410652800 87 0 90 0
1410645600 90 0 90 0
1410638400 90 0 92 0
1410631200 92 0 94 0
1410624000 94 0 97 0
1410616800 94 0 97 0
1410609600 91 0 95 0
1410602400 85 0 91 0
1410595200 82 0 85 0
1410588000 82 0 85 0
1410580800 80 0 84 0
1410573600 80 0 85 0
1410566400 82 0 85 0
1410559200 82 0 84 0
1410552000 86 0 91 0
1410544800 86 0 100 0
1410537600 99 0 100 0
1410530400 99 0 99 0
1410523200 97 0 99 0
1410516000 94 0 97 0
1410508800 95 0 96 0
1410501600 87 0 96 0
1410494400 77 0 80 0
1410487200 70 0 77 0
1410480000 73 0 75 0
1410472800 73 0 80 0
1410465600 80 0 84 0
1410458400 87 0 102 0
1410451200 106 0 111 0
1410444000 107 0 112 0
1410436800 99 0 103 0
1410429600 97 0 99 0
1410422400 98 0 99 0
1410415200 95 0 99 0
1410408000 83 0 88 0
1410400800 80 0 82 0
1410393600 80 0 80 0
1410386400 79 0 80 0
1410379200 84 0 87 0
1410372000 87 0 90 0
1410364800 87 0 89 0
1410357600 89 0 91 0
1410350400 88 0 91 0
1410343200 97 0 103 0
1410336000 100 0 101 0
1410328800 90 0 101 0
1410321600 83 0 85 0
1410314400 81 0 83 0
1410307200 78 0 80 0
1410300000 76 0 79 0
1410292800 60 0 83 0
1410285600 87 0 99 0
1410278400 92 0 97 0
1410271200 90 0 95 0
1410264000 89 0 95 0
1410256800 88 0 89 0
1410249600 87 0 88 0
1410242400 82 0 88 0
1410235200 66 0 71 0
1410228000 43 0 60 0
1410220800 58 0 63 0
1410213600 66 0 70 0
1410206400 69 0 71 0
1410199200 74 0 78 0
1410192000 79 0 84 0
1410184800 81 0 85 0
1410177600 84 0 86 0
1410170400 81 0 86 0
1410163200 77 0 79 0
1410156000 76 0 80 0
1410148800 71 0 72 0
1410141600 71 0 73 0
1410134400 72 0 72 0
1410127200 72 0 74 0
1410120000 72 0 75 0
1410112800 73 0 81 0
1410105600 87 0 92 0
1410098400 87 0 92 0
1410091200 85 0 86 0
1410084000 86 0 88 0
1410076800 82 0 88 0
1410069600 78 0 80 0
1410062400 78 0 80 0
1410055200 77 0 79 0
1410048000 77 0 78 0
1410040800 78 0 81 0
1410033600 80 0 81 0
1410026400 83 0 96 0
1410019200 100 0 105 0
1410012000 99 0 103 0
1410004800 100 0 103 0
1409997600 103 0 106 0
1409990400 99 0 105 0
1409983200 86 0 89 0
1409976000 85 0 88 0
1409968800 86 0 92 0
1409961600 83 0 88 0
1409954400 85 0 90 0
1409947200 86 0 90 0
1409940000 89 0 100 0
1409932800 99 0 104 0
1409925600 95 0 97 0
1409918400 92 0 97 0
1409911200 95 0 97 0
1409904000 92 0 96 0
1409896800 81 0 87 0
1409889600 82 0 84 0
1409882400 73 0 82 0
1409875200 76 0 78 0
1409868000 76 0 80 0
1409860800 80 0 85 0
1409853600 86 0 90 0
1409846400 91 0 97 0
1409839200 90 0 95 0
1409832000 83 0 87 0
1409824800 83 0 84 0
1409817600 86 0 92 0
1409810400 87 0 91 0
1409803200 79 0 81 0
1409796000 76 0 79 0
1409788800 70 0 73 0
1409781600 71 0 73 0
1409774400 71 0 74 0
1409767200 74 0 82 0
1409760000 91 0 97 0
1409752800 96 0 99 0
1409745600 97 0 99 0
1409738400 98 0 101 0
1409731200 98 0 104 0
1409724000 88 0 95 0
1409716800 85 0 87 0
1409709600 77 0 87 0
1409702400 71 0 73 0
1409695200 74 0 76 0
1409688000 76 0 78 0
1409680800 76 0 89 0
1409616000 80 0 98 0
1409529600 89 0 105 0
1409443200 93 0 111 0
1409356800 88 0 108 0
1409270400 91 0 109 0
1409184000 91 0 105 0
1409097600 95 0 110 0
1409011200 88 0 104 0
1408924800 82 0 97 0
1408838400 76 0 89 0
1408752000 77 0 95 0
1408665600 78 0 95 0
1408579200 71 0 98 0
1408492800 86 0 105 0
1408406400 89 0 105 0
1408320000 88 0 100 0
1408233600 87 0 103 0
1408147200 81 0 93 0
1408060800 75 0 95 0
1407974400 74 0 89 0
1407888000 76 0 91 0
1407801600 66 0 87 0
1407715200 73 0 90 0
1407628800 63 0 82 0
1407542400 65 0 83 0
1407456000 67 0 89 0
1407369600 68 0 75 0
1407283200 66 0 87 0
1407196800 59 0 70 0
1407110400 51 0 70 0
1407024000 58 0 77 0
1406937600 54 0 72 0
1406851200 72 0 88 0
1406764800 67 0 86 0
1406678400 72 0 85 0
1406592000 59 0 74 0
1406505600 59 0 77 0
1406419200 57 0 69 0
1406332800 57 0 69 0
1406246400 55 0 71 0
1406160000 69 0 87 0
1406073600 67 0 82 0
1405987200 70 0 84 0
1405900800 71 0 87 0
1405814400 72 0 81 0
1405728000 68 0 82 0
1405641600 66 0 76 0
1405555200 65 0 81 0
1405468800 59 0 80 0
1405382400 58 0 74 0
1405296000 55 0 66 0
1405209600 53 0 65 0
1405123200 53 0 74 0
1405036800 56 0 68 0
1404950400 61 0 79 0
1404864000 63 0 79 0
1404777600 64 0 81 0
1404691200 72 0 84 0
1404604800 70 0 84 0
1404518400 63 0 74 0
1404432000 71 0 85 0
1404345600 68 0 79 0
1404259200 71 0 80 0
1404172800 69 0 83 0
1404086400 68 0 82 0
1404000000 72 0 82 0
1403913600 60 0 74 0
1403827200 54 0 68 0
1403740800 54 0 65 0
1403654400 59 0 75 0
1403568000 48 0 66 0
1403481600 39 0 58 0
1403395200 17 0 43 0
1403308800 0 0 0 0
1403222400 0 0 0 0
1403136000 0 0 0 0
1403049600 0 0 0 0
1402963200 0 0 0 0
1402876800 0 0 0 0
1402790400 0 0 0 0
1402704000 0 0 0 0
1402617600 0 0 0 0
1402531200 0 0 0 0
1402444800 0 0 0 0
1402358400 0 0 0 0
1402272000 0 0 0 0
1402185600 0 0 0 0
1402099200 0 0 0 0
1402012800 0 0 0 0
1401926400 0 0 0 0
1401840000 0 0 0 0
1401753600 91 0 115 0
1401667200 96 0 108 0
1401580800 96 0 113 0
1401494400 88 0 105 0
1401408000 81 0 99 0
1401321600 36 0 76 0
1401235200 0 0 0 0
1401148800 0 0 0 0
1401062400 0 0 0 0
1400976000 94 0 129 0
1400889600 114 0 137 0
1400803200 111 0 129 0
1400716800 106 0 122 0
1400630400 110 0 128 0
1400544000 105 0 125 0
1400457600 106 0 123 0
1400371200 109 0 127 0
1400284800 59 0 124 0
1400198400 0 0 0 0
1400112000 0 0 0 0
1400025600 0 0 0 0
1399939200 0 0 0 0
1399852800 0 0 0 0
1399766400 0 0 0 0
1399680000 0 0 0 0
1399593600 45 0 113 0
1399507200 94 0 110 0
1399420800 92 0 104 0
1399334400 98 0 119 0
1399248000 99 0 116 0
1399161600 107 0 122 0
1399075200 100 0 115 0
1398988800 106 0 122 0
1398902400 97 0 124 0
1398816000 103 0 121 0
1398729600 116 0 135 0
1398643200 104 0 120 0
1398556800 108 0 121 0
1398470400 103 0 116 0
1398384000 100 0 114 0
1398297600 98 0 117 0
1398211200 102 0 119 0
1398124800 103 0 121 0
1398038400 108 0 124 0
1397952000 114 0 130 0
1397865600 113 0 127 0
1397779200 109 0 119 0
1397692800 112 0 132 0
1397606400 120 0 137 0
1397520000 113 0 131 0
1397433600 117 0 130 0
1397347200 118 0 130 0
1397260800 108 0 123 0
1397174400 101 0 113 0
1397088000 103 0 119 0
1397001600 104 0 133 0
1396915200 116 0 129 0
1396828800 116 0 129 0
1396742400 114 0 127 0
1396656000 110 0 127 0
1396569600 109 0 123 0
1396483200 115 0 129 0
1396396800 106 0 119 0
1396310400 91 0 117 0
1396224000 113 0 125 0
1396137600 114 0 132 0
1396051200 105 0 117 0
1395964800 103 0 115 0
1395878400 107 0 119 0
1395792000 101 0 116 0
1395705600 108 0 122 0
1395619200 117 0 137 0
1395532800 116 0 126 0
1395446400 107 0 119 0
1395360000 102 0 117 0
1395273600 97 0 111 0
1395187200 103 0 116 0
1395100800 109 0 124 0
1395014400 114 0 128 0
1394928000 114 0 126 0
1394841600 109 0 120 0
1394755200 106 0 119 0
1394668800 113 0 130 0
1394582400 112 0 127 0
1394496000 99 0 119 0
1394409600 104 0 118 0
1394323200 100 0 117 0
1394236800 89 0 107 0
1394150400 103 0 117 0
1394064000 101 0 112 0
1393977600 99 0 118 0
1393891200 86 0 102 0
1393804800 90 0 106 0
1393718400 88 0 105 0
1393632000 94 0 114 0
1393545600 97 0 111 0
1393459200 102 0 113 0
1393372800 96 0 108 0
1393286400 91 0 101 0
1393200000 101 0 109 0
1393113600 101 0 114 0
1393027200 90 0 107 0
1392940800 92 0 103 0
1392854400 95 0 106 0
1392768000 102 0 113 0
1392681600 99 0 109 0
1392595200 97 0 105 0
1392508800 100 0 111 0
1392422400 92 0 104 0
1392336000 93 0 105 0
1392249600 90 0 100 0
1392163200 87 0 98 0
1392076800 94 0 102 0
1391990400 101 0 113 0
1391904000 104 0 116 0
1391817600 92 0 103 0
1391731200 97 0 110 0
1391644800 90 0 102 0
1391558400 89 0 101 0
1391472000 86 0 97 0
1391385600 85 0 93 0
1391299200 74 0 84 0
1391212800 65 0 79 0
1391126400 77 0 85 0
1391040000 63 0 77 0
1390953600 64 0 71 0
1390867200 65 0 76 0
1390780800 67 0 76 0
1390694400 65 0 76 0
1390608000 58 0 70 0
1390521600 58 0 71 0
1390435200 66 0 78 0
1390348800 60 0 72 0
1390262400 63 0 74 0
1390176000 62 0 72 0
1390089600 63 0 72 0
1390003200 57 0 73 0
1389916800 48 0 68 0
1389830400 53 0 65 0
1389744000 49 0 63 0
1389657600 49 0 59 0
1389571200 28 0 54 0
1389484800 0 0 2 0
1389398400 0 0 0 0
1389312000 0 0 0 0
1389225600 0 0 0 0
1389139200 0 0 0 0
1389052800 0 0 0 0
1388966400 0 0 0 0
1388880000 0 0 0 0
1388793600 0 0 0 0
1388707200 0 0 0 0
1388620800 0 0 0 0
1388534400 0 0 0 0
1388448000 0 0 0 0
1388361600 0 0 0 0
1388275200 0 0 0 0
1388188800 0 0 0 0
1388102400 0 0 0 0
1388016000 0 0 0 0
1387929600 0 0 0 0
1387843200 0 0 0 0
1387756800 0 0 0 0
1387670400 0 0 0 0
1387584000 0 0 0 0
1387497600 0 0 0 0
1387411200 0 0 0 0
1387324800 0 0 0 0
1387238400 0 0 0 0
1387152000 0 0 0 0
1387065600 0 0 0 0
1386979200 0 0 0 0
1386892800 0 0 0 0
1386806400 0 0 0 0
1386720000 0 0 0 0
1386633600 0 0 0 0
1386547200 0 0 0 0
1386460800 0 0 0 0
1386374400 0 0 0 0
1386288000 0 0 0 0
1386201600 0 0 0 0
1386115200 0 0 0 0
1386028800 0 0 0 0
1385942400 0 0 0 0
1385856000 0 0 0 0
1385769600 0 0 0 0
1385683200 0 0 0 0
1385596800 0 0 0 0
1385510400 0 0 0 0
1385424000 0 0 0 0
1385337600 0 0 0 0
1385251200 0 0 0 0
1385164800 0 0 0 0
1385078400 0 0 0 0
1384992000 0 0 0 0
1384905600 0 0 0 0
1384819200 0 0 0 0
1384732800 0 0 0 0
1384646400 0 0 0 0
1384560000 0 0 0 0
1384473600 0 0 0 0
1384387200 0 0 0 0
1384300800 0 0 0 0
1384214400 0 0 0 0
1384128000 0 0 0 0
1384041600 0 0 0 0
1383955200 0 0 0 0
1383868800 0 0 0 0
1383782400 0 0 0 0
1383696000 0 0 0 0
1383609600 0 0 0 0
1383523200 0 0 0 0
1383436800 0 0 0 0
1383350400 0 0 0 0
1383264000 0 0 0 0
1383177600 0 0 0 0
1383091200 0 0 0 0
1383004800 0 0 0 0
1382918400 0 0 0 0
1382832000 0 0 0 0
1382745600 0 0 0 0
1382659200 0 0 0 0
1382572800 0 0 0 0
1382486400 0 0 0 0
1382400000 0 0 0 0
1382313600 0 0 0 0
1382227200 0 0 0 0
1382140800 0 0 0 0
1382054400 0 0 0 0
1381968000 0 0 0 0
1381881600 0 0 0 0
1381795200 0 0 0 0
1381708800 0 0 0 0
1381622400 0 0 0 0
1381536000 0 0 0 0
1381449600 0 0 0 0
1381363200 0 0 0 0
1381276800 0 0 0 0
1381190400 0 0 0 0
1381104000 0 0 0 0
1381017600 0 0 0 0
1380931200 0 0 0 0
1380844800 0 0 0 0
1380758400 0 0 0 0
1380672000 0 0 0 0
1380585600 0 0 0 0
1380499200 0 0 0 0
1380412800 0 0 0 0
1380326400 0 0 0 0
1380240000 0 0 0 0
1380153600 0 0 0 0
1380067200 0 0 0 0
1379980800 0 0 0 0
1379894400 0 0 0 0
1379808000 0 0 0 0
1379721600 0 0 0 0
1379635200 0 0 0 0
1379548800 0 0 0 0
1379462400 0 0 0 0
1379376000 0 0 0 0
1379289600 0 0 0 0
1379203200 0 0 0 0
1379116800 0 0 0 0
1379030400 0 0 0 0
1378944000 0 0 0 0
1378857600 0 0 0 0
1378771200 0 0 0 0
1378684800 0 0 0 0
1378598400 0 0 0 0
1378512000 0 0 0 0
1378425600 0 0 0 0
1378339200 0 0 0 0
1378252800 0 0 0 0
1378166400 0 0 0 0
1378080000 0 0 0 0
1377993600 0 0 0 0
1377907200 0 0 0 0
1377820800 0 0 0 0
1377734400 0 0 0 0
1377648000 0 0 0 0
1377561600 0 0 0 0
1377475200 0 0 0 0
1377388800 0 0 0 0
1377302400 0 0 0 0
1377216000 0 0 0 0
1377129600 0 0 0 0
1377043200 0 0 0 0
1376956800 0 0 0 0
1376870400 0 0 0 0
1376784000 0 0 0 0
1376697600 0 0 0 0
1376611200 0 0 0 0
1376524800 0 0 0 0
1376438400 0 0 0 0
1376352000 0 0 0 0
1376265600 0 0 0 0
1376179200 0 0 0 0
1376092800 0 0 0 0
1376006400 0 0 0 0
1375920000 0 0 0 0
1375833600 0 0 0 0
1375747200 0 0 0 0
1375660800 0 0 0 0
1375574400 0 0 0 0
1375488000 0 0 0 0
1375401600 0 0 0 0
1375315200 0 0 0 0
1375228800 0 0 0 0
1375142400 0 0 0 0
1375056000 0 0 0 0
1374969600 0 0 0 0
1374883200 0 0 0 0
1374796800 0 0 0 0
1374710400 0 0 0 0
1374624000 0 0 0 0
1374537600 0 0 0 0
1374451200 0 0 0 0
1374364800 0 0 0 0
1374278400 0 0 0 0
1374192000 0 0 0 0
1374105600 0 0 0 0
1374019200 0 0 0 0
1373932800 0 0 0 0
1373846400 0 0 0 0
1373760000 0 0 0 0
1373673600 0 0 0 0
1373587200 0 0 0 0
1373500800 0 0 0 0
1373414400 0 0 0 0
1373328000 0 0 0 0
1373241600 0 0 0 0
1373155200 0 0 0 0
1373068800 0 0 0 0
1372982400 0 0 0 0
1372896000 0 0 0 0
1372809600 0 0 0 0
1372723200 0 0 0 0
1372636800 0 0 0 0
1372550400 0 0 0 0
1372464000 0 0 0 0
1372377600 0 0 0 0
1372291200 0 0 0 0
1372204800 0 0 0 0
1372118400 0 0 0 0
1372032000 0 0 0 0
1371945600 0 0 0 0
1371859200 0 0 0 0
1371772800 0 0 0 0
1371686400 0 0 0 0
1371600000 0 0 0 0
1371513600 0 0 0 0
1371427200 0 0 0 0
1371340800 0 0 0 0
1371254400 0 0 0 0
1371168000 0 0 0 0
1371081600 0 0 0 0
1370995200 0 0 0 0
1370908800 0 0 0 0
1370822400 0 0 0 0
1370736000 0 0 0 0
1370649600 0 0 0 0
1370563200 0 0 0 0
1370476800 0 0 0 0
1370390400 0 0 0 0
1370304000 0 0 0 0
1370217600 0 0 0 0
1370131200 0 0 0 0
1370044800 0 0 0 0
1369958400 0 0 0 0
1369872000 0 0 0 0
1369785600 0 0 0 0
1369699200 0 0 0 0
1369612800 0 0 0 0
1369526400 0 0 0 0
1369440000 0 0 0 0
1369353600 0 0 0 0
1369267200 0 0 0 0
1369180800 0 0 0 0
1369094400 0 0 0 0
1369008000 0 0 0 0
1368921600 0 0 0 0
1368835200 0 0 0 0
1368748800 0 0 0 0
1368662400 0 0 0 0
1368576000 0 0 0 0
1368489600 0 0 0 0
1368403200 0 0 0 0
1368316800 0 0 0 0
1368230400 0 0 0 0
1368144000 0 0 0 0
1368057600 0 0 0 0
1367971200 0 0 0 0
1367884800 0 0 0 0
1367798400 0 0 0 0
1367712000 0 0 0 0
1367625600 0 0 0 0
1367539200 0 0 0 0
1367452800 0 0 0 0
1367366400 0 0 0 0
1367280000 0 0 0 0
1367193600 0 0 0 0
1367107200 0 0 0 0
1367020800 0 0 0 0
1366934400 0 0 0 0
1366848000 0 0 0 0
1366761600 0 0 0 0
1366675200 0 0 0 0
1366588800 0 0 0 0
1366502400 0 0 0 0
1366416000 0 0 0 0
1366329600 0 0 0 0
1366243200 0 0 0 0
1366156800 0 0 0 0
1366070400 0 0 0 0
1365984000 0 0 0 0
1365897600 0 0 0 0
1365811200 0 0 0 0
1365724800 0 0 0 0
1365638400 0 0 0 0
1365552000 0 0 0 0
1365465600 0 0 0 0
1365379200 0 0 0 0
1365292800 0 0 0 0
1365206400 0 0 0 0
1365120000 0 0 0 0
1365033600 0 0 0 0
1364947200 0 0 0 0
1364860800 0 0 0 0
1364774400 0 0 0 0
1364688000 0 0 0 0
1364601600 0 0 0 0
1364515200 0 0 0 0
1364428800 0 0 0 0
1364342400 0 0 0 0
1364256000 0 0 0 0
1364169600 0 0 0 0
1364083200 0 0 0 0
1363996800 0 0 0 0
1363910400 0 0 0 0
1363824000 0 0 0 0
1363737600 0 0 0 0
1363651200 0 0 0 0
1363564800 0 0 0 0
1363478400 0 0 0 0
1363392000 0 0 0 0
1363305600 0 0 0 0
1363219200 0 0 0 0
1363132800 0 0 0 0
1363046400 0 0 0 0
1362960000 0 0 0 0
1362873600 0 0 0 0
1362787200 0 0 0 0
1362700800 0 0 0 0
1362614400 0 0 0 0
1362528000 0 0 0 0
1362441600 0 0 0 0
1362355200 0 0 0 0
1362268800 0 0 0 0
1362182400 0 0 0 0
1362096000 0 0 0 0
1362009600 0 0 0 0
1361923200 0 0 0 0
1361836800 0 0 0 0
1361750400 0 0 0 0
1361664000 0 0 0 0
1361577600 0 0 0 0
1361491200 0 0 0 0
1361404800 0 0 0 0
1361318400 0 0 0 0
1361232000 0 0 0 0
1361145600 0 0 0 0
1361059200 0 0 0 0
1360972800 0 0 0 0
1360886400 0 0 0 0
1360800000 0 0 0 0
1360713600 0 0 0 0
1360627200 0 0 0 0
1360540800 0 0 0 0
1360454400 0 0 0 0
1360368000 0 0 0 0
1360281600 0 0 0 0
1360195200 0 0 0 0
1360108800 0 0 0 0
1360022400 0 0 0 0
1359936000 0 0 0 0
1359849600 0 0 0 0
1359763200 0 0 0 0
1359676800 0 0 0 0
1359590400 0 0 0 0
1359504000 0 0 0 0
1359417600 0 0 0 0
1359331200 0 0 0 0
1359244800 0 0 0 0
1359158400 0 0 0 0
1359072000 0 0 0 0
1358985600 0 0 0 0
1358899200 0 0 0 0
1358812800 0 0 0 0
1358726400 0 0 0 0
1358640000 0 0 0 0
1358553600 0 0 0 0
1358467200 0 0 0 0
1358380800 0 0 0 0
1358294400 0 0 0 0
1358208000 0 0 0 0
1358121600 0 0 0 0
1358035200 0 0 0 0
1357948800 0 0 0 0
1357862400 0 0 0 0
1357776000 0 0 0 0
1357689600 0 0 0 0
1357603200 0 0 0 0
1357516800 0 0 0 0
1357430400 0 0 0 0
1357344000 0 0 0 0
1357257600 0 0 0 0
1357171200 0 0 0 0
1357084800 0 0 0 0
1356998400 0 0 0 0
1356912000 0 0 0 0
1356825600 0 0 0 0
1356739200 0 0 0 0
1356652800 0 0 0 0
1356566400 0 0 0 0
1356480000 0 0 0 0
1356393600 0 0 0 0
1356307200 0 0 0 0
1356220800 0 0 0 0
1356134400 0 0 0 0
1356048000 0 0 0 0
1355961600 0 0 0 0
1355875200 0 0 0 0
1355788800 0 0 0 0
1355702400 0 0 0 0
1355616000 0 0 0 0
1355529600 0 0 0 0
1355443200 0 0 0 0
1355356800 0 0 0 0
1355270400 0 0 0 0
1355184000 0 0 0 0
1355097600 0 0 0 0
1355011200 0 0 0 0
1354924800 0 0 0 0
1354838400 0 0 0 0
1354752000 0 0 0 0
1354665600 0 0 0 0
1354579200 0 0 0 0
1354492800 0 0 0 0
1354406400 0 0 0 0
1354320000 0 0 0 0
1354233600 0 0 0 0
1354147200 0 0 0 0
1354060800 0 0 0 0
1353974400 0 0 0 0
1353888000 0 0 0 0
1353801600 0 0 0 0
1353715200 0 0 0 0
1353628800 0 0 0 0
1353542400 0 0 0 0
1353456000 0 0 0 0
1353369600 0 0 0 0
1353283200 0 0 0 0
1353196800 0 0 0 0
1353110400 0 0 0 0
1353024000 0 0 0 0
1352937600 0 0 0 0
1352851200 0 0 0 0
1352764800 0 0 0 0
1352678400 0 0 0 0
1352592000 0 0 0 0
1352505600 0 0 0 0
1352419200 0 0 0 0
1352332800 0 0 0 0
1352246400 0 0 0 0
1352160000 0 0 0 0
1352073600 0 0 0 0
1351987200 0 0 0 0
1351900800 0 0 0 0
1351814400 0 0 0 0
1351728000 0 0 0 0
1351641600 0 0 0 0
1351555200 0 0 0 0
1351468800 0 0 0 0
1351382400 0 0 0 0
1351296000 0 0 0 0
1351209600 0 0 0 0
1351123200 0 0 0 0
1351036800 0 0 0 0
1350950400 0 0 0 0
1350864000 0 0 0 0
1350777600 0 0 0 0
1350691200 0 0 0 0
1350604800 0 0 0 0
1350518400 0 0 0 0
1350432000 0 0 0 0
1350345600 0 0 0 0
1350259200 0 0 0 0
1350172800 0 0 0 0
1350086400 0 0 0 0
1350000000 0 0 0 0
1349913600 0 0 0 0
1349827200 0 0 0 0
1349740800 0 0 0 0
1349654400 0 0 0 0
1349568000 0 0 0 0
1349481600 0 0 0 0
1349395200 0 0 0 0
1349308800 0 0 0 0
1349222400 0 0 0 0
1349136000 0 0 0 0
1349049600 0 0 0 0
1348963200 0 0 0 0
1348876800 0 0 0 0
1348790400 0 0 0 0
1348704000 0 0 0 0
1348617600 0 0 0 0
1348531200 0 0 0 0
1348444800 0 0 0 0
1348358400 0 0 0 0
1348272000 0 0 0 0
1348185600 0 0 0 0
1348099200 0 0 0 0
1348012800 0 0 0 0
1347926400 0 0 0 0
1347840000 0 0 0 0
1347753600 0 0 0 0
1347667200 0 0 0 0
1347580800 0 0 0 0
1347494400 0 0 0 0
1347408000 0 0 0 0
1347321600 0 0 0 0
1347235200 0 0 0 0
1347148800 0 0 0 0
1347062400 0 0 0 0
1346976000 0 0 0 0
1346889600 0 0 0 0
1346803200 0 0 0 0
1346716800 0 0 0 0
1346630400 0 0 0 0
1346544000 0 0 0 0
1346457600 0 0 0 0
