room=1
short=洞穴入口
long=往前走就是一个阴森冷酷的山洞了。现在回头还来得及。
exits=north:2

room=2
short=洞穴第一层
long=到处都是阴暗潮湿的空气，脚步声在你周围回响。是你自己的脚步声吗？你不禁怀疑起世界上到底有没有鬼怪了。
npcs=1:1,3:3
exits=south:1,west:3

room=3
short=地下暗河
long=趟过浅浅的地下暗河，河水冰冷刺骨，你感觉越发的心惊胆颤了。往前走还是回头？回头也许还来得及。但是前方似乎有亮光！
npcs=1:2,3:1
exits=east:2,west:4

room=4
short=地下暗河
long=趟过浅浅的地下暗河，河水冰冷刺骨，你感觉越发的心惊胆颤了。往前走还是回头？回头也许还来得及。顺着水流还可以往西走，不过周围的空间越来越狭小。
npcs=2:1,3:3
exits=east:3,west:5

room=5
short=地下暗河
long=趟过浅浅的地下暗河，河水冰冷刺骨，你感觉越发的心惊胆颤了。往前走还是回头？回头也许还来得及。暗河就发源自这里，冰冷的水从上面倾泻下来，汇集成了暗河。透过水帘，依稀可以看到岩壁上有一个仅容一人的洞口，要继续往前吗？
npcs=2:1,3:4
exits=east:4,west:6

room=6
short=溶洞
long=穿过岩壁上的小洞，你发现了一个巨大的溶洞，脚步声在四周回荡，地上有一个大洞，似乎可以通道下面。
npcs=2:1,3:1
exits=east:5,down:10

room=10
short=洞穴第二层
long=随着深入到洞穴的第二层，你惊讶的发现居然开始暖和了起来，虽然还是有一点潮湿，但是阴冷的感觉似乎远离了你。
npcs=2:3,3:3
exits=up:4,west:11

room=11
short=二层溶洞
long=这里是一个溶洞，有一个斜向上的洞，似乎可以上去。
exits=east:10,eastup:21
npcs=4:1,3:6
room=21
short=洞穴出口
long=终于看到出口了，阳光通过洞口照射进来，你不禁有一种重生的感觉。活着真好！
exits=eastdown:11
out_fuben=1
