2003.06.15 10:23 B F:\login\t\taaff.o <-- www.vmud.com /lonely/mudlib/data/login/t taaff.o
2003.06.15 10:23 B F:\login\t\taikou.o <-- www.vmud.com /lonely/mudlib/data/login/t taikou.o
2003.06.15 10:23 B F:\login\t\takumi.o <-- www.vmud.com /lonely/mudlib/data/login/t takumi.o
2003.06.15 10:23 B F:\login\t\tang.o <-- www.vmud.com /lonely/mudlib/data/login/t tang.o
2003.06.15 10:23 B F:\login\t\tangfang.o <-- www.vmud.com /lonely/mudlib/data/login/t tangfang.o
2003.06.15 10:23 B F:\login\t\tangseng.o <-- www.vmud.com /lonely/mudlib/data/login/t tangseng.o
2003.06.15 10:23 B F:\login\t\tanzi.o <-- www.vmud.com /lonely/mudlib/data/login/t tanzi.o
2003.06.15 10:23 B F:\login\t\taoo.o <-- www.vmud.com /lonely/mudlib/data/login/t taoo.o
2003.06.15 10:23 B F:\login\t\tasky.o <-- www.vmud.com /lonely/mudlib/data/login/t tasky.o
2003.06.15 10:23 B F:\login\t\tdj.o <-- www.vmud.com /lonely/mudlib/data/login/t tdj.o
2003.06.15 10:23 B F:\login\t\tdjto.o <-- www.vmud.com /lonely/mudlib/data/login/t tdjto.o
2003.06.15 10:23 B F:\login\t\tears.o <-- www.vmud.com /lonely/mudlib/data/login/t tears.o
2003.06.15 10:23 B F:\login\t\teme.o <-- www.vmud.com /lonely/mudlib/data/login/t teme.o
2003.06.15 10:23 B F:\login\t\temp.o <-- www.vmud.com /lonely/mudlib/data/login/t temp.o
2003.06.15 10:23 B F:\login\t\test.o <-- www.vmud.com /lonely/mudlib/data/login/t test.o
2003.06.15 10:23 B F:\login\t\tester.o <-- www.vmud.com /lonely/mudlib/data/login/t tester.o
2003.06.15 10:23 B F:\login\t\testone.o <-- www.vmud.com /lonely/mudlib/data/login/t testone.o
2003.06.15 10:23 B F:\login\t\testtwo.o <-- www.vmud.com /lonely/mudlib/data/login/t testtwo.o
2003.06.15 10:23 B F:\login\t\thbb.o <-- www.vmud.com /lonely/mudlib/data/login/t thbb.o
2003.06.15 10:23 B F:\login\t\thesword.o <-- www.vmud.com /lonely/mudlib/data/login/t thesword.o
2003.06.15 10:23 B F:\login\t\thger.o <-- www.vmud.com /lonely/mudlib/data/login/t thger.o
2003.06.15 10:23 B F:\login\t\thief.o <-- www.vmud.com /lonely/mudlib/data/login/t thief.o
2003.06.15 10:23 B F:\login\t\thier.o <-- www.vmud.com /lonely/mudlib/data/login/t thier.o
2003.06.15 10:23 B F:\login\t\thm.o <-- www.vmud.com /lonely/mudlib/data/login/t thm.o
2003.06.15 10:23 B F:\login\t\thunder.o <-- www.vmud.com /lonely/mudlib/data/login/t thunder.o
2003.06.15 10:23 B F:\login\t\tianhe.o <-- www.vmud.com /lonely/mudlib/data/login/t tianhe.o
2003.06.15 10:23 B F:\login\t\tianwu.o <-- www.vmud.com /lonely/mudlib/data/login/t tianwu.o
2003.06.15 10:23 B F:\login\t\tide.o <-- www.vmud.com /lonely/mudlib/data/login/t tide.o
2003.06.15 10:23 B F:\login\t\tiger.o <-- www.vmud.com /lonely/mudlib/data/login/t tiger.o
2003.06.15 10:23 B F:\login\t\tigerking.o <-- www.vmud.com /lonely/mudlib/data/login/t tigerking.o
2003.06.15 10:23 B F:\login\t\tjfish.o <-- www.vmud.com /lonely/mudlib/data/login/t tjfish.o
2003.06.15 10:23 B F:\login\t\tod.o <-- www.vmud.com /lonely/mudlib/data/login/t tod.o
2003.06.15 10:23 B F:\login\t\today.o <-- www.vmud.com /lonely/mudlib/data/login/t today.o
2003.06.15 10:24 B F:\login\t\todman.o <-- www.vmud.com /lonely/mudlib/data/login/t todman.o
2003.06.15 10:24 B F:\login\t\tokey.o <-- www.vmud.com /lonely/mudlib/data/login/t tokey.o
2003.06.15 10:24 B F:\login\t\tomk.o <-- www.vmud.com /lonely/mudlib/data/login/t tomk.o
2003.06.15 10:24 B F:\login\t\toti.o <-- www.vmud.com /lonely/mudlib/data/login/t toti.o
2003.06.15 10:24 B F:\login\t\toto.o <-- www.vmud.com /lonely/mudlib/data/login/t toto.o
2003.06.15 10:24 B F:\login\t\toyota.o <-- www.vmud.com /lonely/mudlib/data/login/t toyota.o
2003.06.15 10:24 B F:\login\t\tqq.o <-- www.vmud.com /lonely/mudlib/data/login/t tqq.o
2003.06.15 10:24 B F:\login\t\travishxc.o <-- www.vmud.com /lonely/mudlib/data/login/t travishxc.o
2003.06.15 10:24 B F:\login\t\trewq.o <-- www.vmud.com /lonely/mudlib/data/login/t trewq.o
2003.06.15 10:24 B F:\login\t\trick.o <-- www.vmud.com /lonely/mudlib/data/login/t trick.o
2003.06.15 10:24 B F:\login\t\truelove.o <-- www.vmud.com /lonely/mudlib/data/login/t truelove.o
2003.06.15 10:24 B F:\login\t\ttj.o <-- www.vmud.com /lonely/mudlib/data/login/t ttj.o
2003.06.15 10:24 B F:\login\t\ttt.o <-- www.vmud.com /lonely/mudlib/data/login/t ttt.o
2003.06.15 10:24 B F:\login\t\ttu.o <-- www.vmud.com /lonely/mudlib/data/login/t ttu.o
2003.06.15 10:24 B F:\login\t\tuzi.o <-- www.vmud.com /lonely/mudlib/data/login/t tuzi.o
2003.06.15 10:24 B F:\login\t\twfx.o <-- www.vmud.com /lonely/mudlib/data/login/t twfx.o
2003.06.15 10:24 B F:\login\t\txds.o <-- www.vmud.com /lonely/mudlib/data/login/t txds.o
2003.06.15 10:24 B F:\login\t\txe.o <-- www.vmud.com /lonely/mudlib/data/login/t txe.o
2003.06.15 10:24 B F:\login\t\txer.o <-- www.vmud.com /lonely/mudlib/data/login/t txer.o
2003.06.15 10:24 B F:\login\t\txws.o <-- www.vmud.com /lonely/mudlib/data/login/t txws.o
2003.06.15 10:24 B F:\login\t\txzr.o <-- www.vmud.com /lonely/mudlib/data/login/t txzr.o
2003.06.15 10:24 B F:\login\t\tyrant.o <-- www.vmud.com /lonely/mudlib/data/login/t tyrant.o
2003.06.15 10:24 B F:\login\t\tzarstar.o <-- www.vmud.com /lonely/mudlib/data/login/t tzarstar.o
2003.06.15 10:24 B F:\login\t\tzlz.o <-- www.vmud.com /lonely/mudlib/data/login/t tzlz.o
2003.06.15 10:24 B F:\login\t\tzz.o <-- www.vmud.com /lonely/mudlib/data/login/t tzz.o
