***  Installation Started 10/02/98 2:19  ***
Title: CuteFTP Installation
Source: C:\WINDOWS\DESKTOP\CUTE2632.EXE
Made Dir: C:\Program Files\CuteFTP
File Copy: C:\Program Files\CuteFTP\cuteftp.key
File Copy: C:\Program Files\CuteFTP\CUTFTP32.EXE
RegDB Key: SOFTWARE\GlobalSCAPE Inc.\CuteFTP\ver 2.6 beta
RegDB Val: 
RegDB Root: 2
File Copy: C:\Program Files\CuteFTP\COMMANDS.DAT
File Copy: C:\Program Files\CuteFTP\NOTES.TXT
File Copy: C:\Program Files\CuteFTP\UNWISE32.EXE
File Copy: C:\Program Files\CuteFTP\smdata.dat
File Copy: C:\Program Files\CuteFTP\CUTEFTP.ini
File Copy: C:\Program Files\CuteFTP\CUTEFTP.cnt
File Copy: C:\Program Files\CuteFTP\CUTEFTP.HLP
RegDB Key: Software\Microsoft\Windows\CurrentVersion\Uninstall\CuteFTP
RegDB Val: CuteFTP
RegDB Name: DisplayName
RegDB Root: 2
RegDB Key: Software\Microsoft\Windows\CurrentVersion\Uninstall\CuteFTP
RegDB Val: C:\PROGRA~1\CUTEFTP\UNWISE32.EXE C:\PROGRA~1\CUTEFTP\INSTALL.LOG
RegDB Name: UninstallString
RegDB Root: 2
Icon Group: CuteFTP
Icon Name: CuteFTP
Icon Cmd: C:\PROGRA~1\CUTEFTP\CUTFTP32.EXE
Icon Group: CuteFTP
Icon Name: Uninstall CuteFTP
Icon Cmd: C:\PROGRA~1\CUTEFTP\UNWISE32.EXE C:\PROGRA~1\CUTEFTP\INSTALL.LOG
Icon Group: CuteFTP
Icon Name: CuteFTP Help
Icon Cmd: C:\PROGRA~1\CUTEFTP\cuteftp.hlp C:\PROGRA~1\CUTEFTP\INSTALL.LOG
Icon Group: CuteFTP
Icon Name: Release Notes
Icon Cmd: C:\PROGRA~1\CUTEFTP\Notes.txt C:\PROGRA~1\CUTEFTP\INSTALL.LOG
File Copy: C:\PROGRA~1\CUTEFTP\comctl32.old
