99.03.14 12:40 B f:\mirror1\d\baituo\npc\baitu.c --> www1.yn.cninfo.net /mudcctx/mudlib/d/baituo/npc baitu.c
99.03.14 12:40 B f:\mirror1\d\baituo\npc\caihuashe.c --> www1.yn.cninfo.net /mudcctx/mudlib/d/baituo/npc caihuashe.c
99.03.14 12:40 B f:\mirror1\d\baituo\npc\cungu.c --> www1.yn.cninfo.net /mudcctx/mudlib/d/baituo/npc cungu.c
99.03.14 12:40 B f:\mirror1\d\baituo\npc\feifei.c --> www1.yn.cninfo.net /mudcctx/mudlib/d/baituo/npc feifei.c
99.03.14 12:40 B f:\mirror1\d\baituo\npc\guafu.c --> www1.yn.cninfo.net /mudcctx/mudlib/d/baituo/npc guafu.c
99.03.14 12:40 B f:\mirror1\d\baituo\npc\guanjia.c --> www1.yn.cninfo.net /mudcctx/mudlib/d/baituo/npc guanjia.c
99.03.14 12:40 B f:\mirror1\d\baituo\npc\jinhua.c --> www1.yn.cninfo.net /mudcctx/mudlib/d/baituo/npc jinhua.c
99.03.14 12:40 B f:\mirror1\d\baituo\npc\jinshe.c --> www1.yn.cninfo.net /mudcctx/mudlib/d/baituo/npc jinshe.c
99.03.14 12:40 B f:\mirror1\d\baituo\npc\kid.c --> www1.yn.cninfo.net /mudcctx/mudlib/d/baituo/npc kid.c
99.03.14 12:40 B f:\mirror1\d\baituo\npc\laocai.c --> www1.yn.cninfo.net /mudcctx/mudlib/d/baituo/npc laocai.c
99.03.14 12:40 B f:\mirror1\d\baituo\npc\li.c --> www1.yn.cninfo.net /mudcctx/mudlib/d/baituo/npc li.c
99.03.14 12:40 B f:\mirror1\d\baituo\npc\man.c --> www1.yn.cninfo.net /mudcctx/mudlib/d/baituo/npc man.c
99.03.14 12:40 B f:\mirror1\d\baituo\npc\mangshe.c --> www1.yn.cninfo.net /mudcctx/mudlib/d/baituo/npc mangshe.c
99.03.14 12:40 B f:\mirror1\d\baituo\npc\menwei.c --> www1.yn.cninfo.net /mudcctx/mudlib/d/baituo/npc menwei.c
99.03.14 12:40 B f:\mirror1\d\baituo\npc\playboy.c --> www1.yn.cninfo.net /mudcctx/mudlib/d/baituo/npc playboy.c
99.03.14 12:40 B f:\mirror1\d\baituo\npc\qiaofu.c --> www1.yn.cninfo.net /mudcctx/mudlib/d/baituo/npc qiaofu.c
99.03.14 12:40 B f:\mirror1\d\baituo\npc\qingshe.c --> www1.yn.cninfo.net /mudcctx/mudlib/d/baituo/npc qingshe.c
99.03.14 12:40 B f:\mirror1\d\baituo\npc\shanzei1.c --> www1.yn.cninfo.net /mudcctx/mudlib/d/baituo/npc shanzei1.c
99.03.14 12:40 B f:\mirror1\d\baituo\npc\shanzei2.c --> www1.yn.cninfo.net /mudcctx/mudlib/d/baituo/npc shanzei2.c
99.03.14 12:40 B f:\mirror1\d\baituo\npc\shanzei3.c --> www1.yn.cninfo.net /mudcctx/mudlib/d/baituo/npc shanzei3.c
99.03.14 12:40 B f:\mirror1\d\baituo\npc\shiwei.c --> www1.yn.cninfo.net /mudcctx/mudlib/d/baituo/npc shiwei.c
99.03.14 12:40 B f:\mirror1\d\baituo\npc\smith.c --> www1.yn.cninfo.net /mudcctx/mudlib/d/baituo/npc smith.c
99.03.14 12:40 B f:\mirror1\d\baituo\npc\snake.c --> www1.yn.cninfo.net /mudcctx/mudlib/d/baituo/npc snake.c
99.03.14 12:40 B f:\mirror1\d\baituo\npc\snaker.c --> www1.yn.cninfo.net /mudcctx/mudlib/d/baituo/npc snaker.c
99.03.14 12:40 B f:\mirror1\d\baituo\npc\tongzi.c --> www1.yn.cninfo.net /mudcctx/mudlib/d/baituo/npc tongzi.c
99.03.14 12:40 B f:\mirror1\d\baituo\npc\trainer.c --> www1.yn.cninfo.net /mudcctx/mudlib/d/baituo/npc trainer.c
99.03.14 12:40 B f:\mirror1\d\baituo\npc\whitelady.c --> www1.yn.cninfo.net /mudcctx/mudlib/d/baituo/npc whitelady.c
99.03.14 12:40 B f:\mirror1\d\baituo\npc\woman.c --> www1.yn.cninfo.net /mudcctx/mudlib/d/baituo/npc woman.c
99.03.14 12:41 B f:\mirror1\d\baituo\npc\xiaoer.c --> www1.yn.cninfo.net /mudcctx/mudlib/d/baituo/npc xiaoer.c
99.03.14 12:41 B f:\mirror1\d\baituo\npc\xiaoqing.c --> www1.yn.cninfo.net /mudcctx/mudlib/d/baituo/npc xiaoqing.c
99.03.14 12:41 B f:\mirror1\d\baituo\npc\yahuan.c --> www1.yn.cninfo.net /mudcctx/mudlib/d/baituo/npc yahuan.c
99.03.14 12:41 B f:\mirror1\d\baituo\npc\zhangma.c --> www1.yn.cninfo.net /mudcctx/mudlib/d/baituo/npc zhangma.c
99.03.15 17:26 B f:\mirror1\d\baituo\npc\smith.c --> www1.yn.cninfo.net /mudlab/mudlib/d/baituo/npc smith.c
99.03.15 17:26 B f:\mirror1\d\baituo\npc\snake.c --> www1.yn.cninfo.net /mudlab/mudlib/d/baituo/npc snake.c
99.03.15 17:26 B f:\mirror1\d\baituo\npc\snaker.c --> www1.yn.cninfo.net /mudlab/mudlib/d/baituo/npc snaker.c
99.03.15 17:26 B f:\mirror1\d\baituo\npc\xiaoer.c --> www1.yn.cninfo.net /mudlab/mudlib/d/baituo/npc xiaoer.c
99.03.15 19:50 B f:\mirror1\d\baituo\npc\baitu.c --> www1.yn.cninfo.net /mudlab/mudlib/d/baituo/npc baitu.c
99.03.15 19:50 B f:\mirror1\d\baituo\npc\caihuashe.c --> www1.yn.cninfo.net /mudlab/mudlib/d/baituo/npc caihuashe.c
99.03.15 19:50 B f:\mirror1\d\baituo\npc\cungu.c --> www1.yn.cninfo.net /mudlab/mudlib/d/baituo/npc cungu.c
99.03.15 19:50 B f:\mirror1\d\baituo\npc\feifei.c --> www1.yn.cninfo.net /mudlab/mudlib/d/baituo/npc feifei.c
99.03.15 19:50 B f:\mirror1\d\baituo\npc\guafu.c --> www1.yn.cninfo.net /mudlab/mudlib/d/baituo/npc guafu.c
99.03.15 19:50 B f:\mirror1\d\baituo\npc\guanjia.c --> www1.yn.cninfo.net /mudlab/mudlib/d/baituo/npc guanjia.c
99.03.15 19:50 B f:\mirror1\d\baituo\npc\jinhua.c --> www1.yn.cninfo.net /mudlab/mudlib/d/baituo/npc jinhua.c
99.03.15 19:50 B f:\mirror1\d\baituo\npc\jinshe.c --> www1.yn.cninfo.net /mudlab/mudlib/d/baituo/npc jinshe.c
99.03.15 19:50 B f:\mirror1\d\baituo\npc\kid.c --> www1.yn.cninfo.net /mudlab/mudlib/d/baituo/npc kid.c
99.03.15 19:50 B f:\mirror1\d\baituo\npc\laocai.c --> www1.yn.cninfo.net /mudlab/mudlib/d/baituo/npc laocai.c
99.03.15 19:50 B f:\mirror1\d\baituo\npc\li.c --> www1.yn.cninfo.net /mudlab/mudlib/d/baituo/npc li.c
99.03.15 19:50 B f:\mirror1\d\baituo\npc\man.c --> www1.yn.cninfo.net /mudlab/mudlib/d/baituo/npc man.c
99.03.15 19:51 B f:\mirror1\d\baituo\npc\mangshe.c --> www1.yn.cninfo.net /mudlab/mudlib/d/baituo/npc mangshe.c
99.03.15 19:51 B f:\mirror1\d\baituo\npc\menwei.c --> www1.yn.cninfo.net /mudlab/mudlib/d/baituo/npc menwei.c
99.03.15 19:51 B f:\mirror1\d\baituo\npc\playboy.c --> www1.yn.cninfo.net /mudlab/mudlib/d/baituo/npc playboy.c
99.03.15 19:51 B f:\mirror1\d\baituo\npc\qiaofu.c --> www1.yn.cninfo.net /mudlab/mudlib/d/baituo/npc qiaofu.c
99.03.15 19:52 B f:\mirror1\d\baituo\npc\qingshe.c --> www1.yn.cninfo.net /mudlab/mudlib/d/baituo/npc qingshe.c
99.03.15 19:52 B f:\mirror1\d\baituo\npc\shanzei1.c --> www1.yn.cninfo.net /mudlab/mudlib/d/baituo/npc shanzei1.c
99.03.15 19:52 B f:\mirror1\d\baituo\npc\shanzei2.c --> www1.yn.cninfo.net /mudlab/mudlib/d/baituo/npc shanzei2.c
99.03.15 19:52 B f:\mirror1\d\baituo\npc\shanzei3.c --> www1.yn.cninfo.net /mudlab/mudlib/d/baituo/npc shanzei3.c
99.03.15 19:52 B f:\mirror1\d\baituo\npc\shiwei.c --> www1.yn.cninfo.net /mudlab/mudlib/d/baituo/npc shiwei.c
99.03.15 19:52 B f:\mirror1\d\baituo\npc\smith.c --> www1.yn.cninfo.net /mudlab/mudlib/d/baituo/npc smith.c
99.03.15 19:52 B f:\mirror1\d\baituo\npc\snake.c --> www1.yn.cninfo.net /mudlab/mudlib/d/baituo/npc snake.c
99.03.15 19:52 B f:\mirror1\d\baituo\npc\snaker.c --> www1.yn.cninfo.net /mudlab/mudlib/d/baituo/npc snaker.c
99.03.15 19:53 B f:\mirror1\d\baituo\npc\tongzi.c --> www1.yn.cninfo.net /mudlab/mudlib/d/baituo/npc tongzi.c
99.03.15 19:53 B f:\mirror1\d\baituo\npc\trainer.c --> www1.yn.cninfo.net /mudlab/mudlib/d/baituo/npc trainer.c
99.03.15 19:53 B f:\mirror1\d\baituo\npc\whitelady.c --> www1.yn.cninfo.net /mudlab/mudlib/d/baituo/npc whitelady.c
99.03.15 19:53 B f:\mirror1\d\baituo\npc\woman.c --> www1.yn.cninfo.net /mudlab/mudlib/d/baituo/npc woman.c
99.03.15 19:53 B f:\mirror1\d\baituo\npc\WS_FTP.LOG --> www1.yn.cninfo.net /mudlab/mudlib/d/baituo/npc WS_FTP.LOG
99.03.15 19:53 B f:\mirror1\d\baituo\npc\xiaoer.c --> www1.yn.cninfo.net /mudlab/mudlib/d/baituo/npc xiaoer.c
99.03.15 19:53 B f:\mirror1\d\baituo\npc\xiaoqing.c --> www1.yn.cninfo.net /mudlab/mudlib/d/baituo/npc xiaoqing.c
99.03.15 19:53 B f:\mirror1\d\baituo\npc\yahuan.c --> www1.yn.cninfo.net /mudlab/mudlib/d/baituo/npc yahuan.c
99.03.15 19:53 B f:\mirror1\d\baituo\npc\zhangma.c --> www1.yn.cninfo.net /mudlab/mudlib/d/baituo/npc zhangma.c
