2003.06.15 10:37 B F:\user\r\radish.o <-- www.vmud.com /lonely/mudlib/data/user/r radish.o
2003.06.15 10:37 B F:\user\r\radishii.o <-- www.vmud.com /lonely/mudlib/data/user/r radishii.o
2003.06.15 10:37 B F:\user\r\ragou.o <-- www.vmud.com /lonely/mudlib/data/user/r ragou.o
2003.06.15 10:37 B F:\user\r\rain.o <-- www.vmud.com /lonely/mudlib/data/user/r rain.o
2003.06.15 10:37 B F:\user\r\raken.o <-- www.vmud.com /lonely/mudlib/data/user/r raken.o
2003.06.15 10:37 B F:\user\r\rakeni.o <-- www.vmud.com /lonely/mudlib/data/user/r rakeni.o
2003.06.15 10:37 B F:\user\r\rakens.o <-- www.vmud.com /lonely/mudlib/data/user/r rakens.o
2003.06.15 10:37 B F:\user\r\rakeny.o <-- www.vmud.com /lonely/mudlib/data/user/r rakeny.o
2003.06.15 10:37 B F:\user\r\rakenz.o <-- www.vmud.com /lonely/mudlib/data/user/r rakenz.o
2003.06.15 10:37 B F:\user\r\rakuna.o <-- www.vmud.com /lonely/mudlib/data/user/r rakuna.o
2003.06.15 10:37 B F:\user\r\rakusu.o <-- www.vmud.com /lonely/mudlib/data/user/r rakusu.o
2003.06.15 10:37 B F:\user\r\rambus.o <-- www.vmud.com /lonely/mudlib/data/user/r rambus.o
2003.06.15 10:37 B F:\user\r\ranger.o <-- www.vmud.com /lonely/mudlib/data/user/r ranger.o
2003.06.15 10:37 B F:\user\r\raya.o <-- www.vmud.com /lonely/mudlib/data/user/r raya.o
2003.06.15 10:37 B F:\user\r\rcwiz.o <-- www.vmud.com /lonely/mudlib/data/user/r rcwiz.o
2003.06.15 10:37 B F:\user\r\recruit.o <-- www.vmud.com /lonely/mudlib/data/user/r recruit.o
2003.06.15 10:37 B F:\user\r\reinhard.o <-- www.vmud.com /lonely/mudlib/data/user/r reinhard.o
2003.06.15 10:37 B F:\user\r\renwu.o <-- www.vmud.com /lonely/mudlib/data/user/r renwu.o
2003.06.15 10:37 B F:\user\r\rescal.o <-- www.vmud.com /lonely/mudlib/data/user/r rescal.o
2003.06.15 10:37 B F:\user\r\ribbon.o <-- www.vmud.com /lonely/mudlib/data/user/r ribbon.o
2003.06.15 10:37 B F:\user\r\rice.o <-- www.vmud.com /lonely/mudlib/data/user/r rice.o
2003.06.15 10:37 B F:\user\r\rick.o <-- www.vmud.com /lonely/mudlib/data/user/r rick.o
2003.06.15 10:37 B F:\user\r\rid.o <-- www.vmud.com /lonely/mudlib/data/user/r rid.o
2003.06.15 10:37 B F:\user\r\rik.o <-- www.vmud.com /lonely/mudlib/data/user/r rik.o
2003.06.15 10:37 B F:\user\r\rine.o <-- www.vmud.com /lonely/mudlib/data/user/r rine.o
2003.06.15 10:37 B F:\user\r\ron.o <-- www.vmud.com /lonely/mudlib/data/user/r ron.o
2003.06.15 10:37 B F:\user\r\room.o <-- www.vmud.com /lonely/mudlib/data/user/r room.o
2003.06.15 10:37 B F:\user\r\rosalie.o <-- www.vmud.com /lonely/mudlib/data/user/r rosalie.o
2003.06.15 10:37 B F:\user\r\roses.o <-- www.vmud.com /lonely/mudlib/data/user/r roses.o
2003.06.15 10:37 B F:\user\r\rouer.o <-- www.vmud.com /lonely/mudlib/data/user/r rouer.o
2003.06.15 10:37 B F:\user\r\roujing.o <-- www.vmud.com /lonely/mudlib/data/user/r roujing.o
2003.06.15 10:37 B F:\user\r\rrrrrrr.o <-- www.vmud.com /lonely/mudlib/data/user/r rrrrrrr.o
2003.06.15 10:37 B F:\user\r\ruder.o <-- www.vmud.com /lonely/mudlib/data/user/r ruder.o
2003.06.15 10:38 B F:\user\r\ruger.o <-- www.vmud.com /lonely/mudlib/data/user/r ruger.o
2003.06.15 10:38 B F:\user\r\rumors.o <-- www.vmud.com /lonely/mudlib/data/user/r rumors.o
2003.06.15 10:38 B F:\user\r\ryosuke.o <-- www.vmud.com /lonely/mudlib/data/user/r ryosuke.o
