99.03.14 13:36 B f:\mirror1\d\tangmen\bingqiku.c --> www1.yn.cninfo.net /mudcctx/mudlib/d/tangmen bingqiku.c
99.03.14 13:36 B f:\mirror1\d\tangmen\changlang1.c --> www1.yn.cninfo.net /mudcctx/mudlib/d/tangmen changlang1.c
99.03.14 13:36 B f:\mirror1\d\tangmen\changlang10.c --> www1.yn.cninfo.net /mudcctx/mudlib/d/tangmen changlang10.c
99.03.14 13:36 B f:\mirror1\d\tangmen\changlang11.c --> www1.yn.cninfo.net /mudcctx/mudlib/d/tangmen changlang11.c
99.03.14 13:36 B f:\mirror1\d\tangmen\changlang12.c --> www1.yn.cninfo.net /mudcctx/mudlib/d/tangmen changlang12.c
99.03.14 13:36 B f:\mirror1\d\tangmen\changlang13.c --> www1.yn.cninfo.net /mudcctx/mudlib/d/tangmen changlang13.c
99.03.14 13:36 B f:\mirror1\d\tangmen\changlang14.c --> www1.yn.cninfo.net /mudcctx/mudlib/d/tangmen changlang14.c
99.03.14 13:36 B f:\mirror1\d\tangmen\changlang15.c --> www1.yn.cninfo.net /mudcctx/mudlib/d/tangmen changlang15.c
99.03.14 13:36 B f:\mirror1\d\tangmen\changlang16.c --> www1.yn.cninfo.net /mudcctx/mudlib/d/tangmen changlang16.c
99.03.14 13:36 B f:\mirror1\d\tangmen\changlang17.c --> www1.yn.cninfo.net /mudcctx/mudlib/d/tangmen changlang17.c
99.03.14 13:36 B f:\mirror1\d\tangmen\changlang18.c --> www1.yn.cninfo.net /mudcctx/mudlib/d/tangmen changlang18.c
99.03.14 13:36 B f:\mirror1\d\tangmen\changlang19.c --> www1.yn.cninfo.net /mudcctx/mudlib/d/tangmen changlang19.c
99.03.14 13:36 B f:\mirror1\d\tangmen\changlang2.c --> www1.yn.cninfo.net /mudcctx/mudlib/d/tangmen changlang2.c
99.03.14 13:36 B f:\mirror1\d\tangmen\changlang20.c --> www1.yn.cninfo.net /mudcctx/mudlib/d/tangmen changlang20.c
99.03.14 13:36 B f:\mirror1\d\tangmen\changlang21.c --> www1.yn.cninfo.net /mudcctx/mudlib/d/tangmen changlang21.c
99.03.14 13:36 B f:\mirror1\d\tangmen\changlang22.c --> www1.yn.cninfo.net /mudcctx/mudlib/d/tangmen changlang22.c
99.03.14 13:36 B f:\mirror1\d\tangmen\changlang3.c --> www1.yn.cninfo.net /mudcctx/mudlib/d/tangmen changlang3.c
99.03.14 13:36 B f:\mirror1\d\tangmen\changlang4.c --> www1.yn.cninfo.net /mudcctx/mudlib/d/tangmen changlang4.c
99.03.14 13:36 B f:\mirror1\d\tangmen\changlang8.c --> www1.yn.cninfo.net /mudcctx/mudlib/d/tangmen changlang8.c
99.03.14 13:36 B f:\mirror1\d\tangmen\changlang9.c --> www1.yn.cninfo.net /mudcctx/mudlib/d/tangmen changlang9.c
99.03.14 13:36 B f:\mirror1\d\tangmen\chapu.c --> www1.yn.cninfo.net /mudcctx/mudlib/d/tangmen chapu.c
99.03.14 13:36 B f:\mirror1\d\tangmen\chashi.c --> www1.yn.cninfo.net /mudcctx/mudlib/d/tangmen chashi.c
99.03.14 13:36 B f:\mirror1\d\tangmen\chufang.c --> www1.yn.cninfo.net /mudcctx/mudlib/d/tangmen chufang.c
99.03.14 13:36 B f:\mirror1\d\tangmen\damen.c --> www1.yn.cninfo.net /mudcctx/mudlib/d/tangmen damen.c
99.03.14 13:36 B f:\mirror1\d\tangmen\danqingge.c --> www1.yn.cninfo.net /mudcctx/mudlib/d/tangmen danqingge.c
99.03.14 13:36 B f:\mirror1\d\tangmen\dating.c --> www1.yn.cninfo.net /mudcctx/mudlib/d/tangmen dating.c
99.03.14 13:36 B f:\mirror1\d\tangmen\duanmuting.c --> www1.yn.cninfo.net /mudcctx/mudlib/d/tangmen duanmuting.c
99.03.14 13:36 B f:\mirror1\d\tangmen\feicui.c --> www1.yn.cninfo.net /mudcctx/mudlib/d/tangmen feicui.c
99.03.14 13:36 B f:\mirror1\d\tangmen\fufeng.c --> www1.yn.cninfo.net /mudcctx/mudlib/d/tangmen fufeng.c
99.03.14 13:36 B f:\mirror1\d\tangmen\guajiantang.c --> www1.yn.cninfo.net /mudcctx/mudlib/d/tangmen guajiantang.c
99.03.14 13:36 B f:\mirror1\d\tangmen\huafang.c --> www1.yn.cninfo.net /mudcctx/mudlib/d/tangmen huafang.c
99.03.14 13:36 B f:\mirror1\d\tangmen\huayuan.c --> www1.yn.cninfo.net /mudcctx/mudlib/d/tangmen huayuan.c
99.03.14 13:36 B f:\mirror1\d\tangmen\huayuan1.c --> www1.yn.cninfo.net /mudcctx/mudlib/d/tangmen huayuan1.c
99.03.14 13:36 B f:\mirror1\d\tangmen\huayuan10.c --> www1.yn.cninfo.net /mudcctx/mudlib/d/tangmen huayuan10.c
99.03.14 13:36 B f:\mirror1\d\tangmen\huayuan11.c --> www1.yn.cninfo.net /mudcctx/mudlib/d/tangmen huayuan11.c
99.03.14 13:36 B f:\mirror1\d\tangmen\huayuan12.c --> www1.yn.cninfo.net /mudcctx/mudlib/d/tangmen huayuan12.c
99.03.14 13:36 B f:\mirror1\d\tangmen\huayuan2.c --> www1.yn.cninfo.net /mudcctx/mudlib/d/tangmen huayuan2.c
99.03.14 13:36 B f:\mirror1\d\tangmen\huayuan3.c --> www1.yn.cninfo.net /mudcctx/mudlib/d/tangmen huayuan3.c
99.03.14 13:36 B f:\mirror1\d\tangmen\huayuan4.c --> www1.yn.cninfo.net /mudcctx/mudlib/d/tangmen huayuan4.c
99.03.14 13:36 B f:\mirror1\d\tangmen\huayuan5.c --> www1.yn.cninfo.net /mudcctx/mudlib/d/tangmen huayuan5.c
99.03.14 13:36 B f:\mirror1\d\tangmen\huayuan6.c --> www1.yn.cninfo.net /mudcctx/mudlib/d/tangmen huayuan6.c
99.03.14 13:36 B f:\mirror1\d\tangmen\huayuan7.c --> www1.yn.cninfo.net /mudcctx/mudlib/d/tangmen huayuan7.c
99.03.14 13:36 B f:\mirror1\d\tangmen\huayuan8.c --> www1.yn.cninfo.net /mudcctx/mudlib/d/tangmen huayuan8.c
99.03.14 13:36 B f:\mirror1\d\tangmen\huayuan9.c --> www1.yn.cninfo.net /mudcctx/mudlib/d/tangmen huayuan9.c
99.03.14 13:36 B f:\mirror1\d\tangmen\jiaolou1.c --> www1.yn.cninfo.net /mudcctx/mudlib/d/tangmen jiaolou1.c
99.03.14 13:36 B f:\mirror1\d\tangmen\jiaolou2.c --> www1.yn.cninfo.net /mudcctx/mudlib/d/tangmen jiaolou2.c
99.03.14 13:36 B f:\mirror1\d\tangmen\jiaolou3.c --> www1.yn.cninfo.net /mudcctx/mudlib/d/tangmen jiaolou3.c
99.03.14 13:36 B f:\mirror1\d\tangmen\jiaolou4.c --> www1.yn.cninfo.net /mudcctx/mudlib/d/tangmen jiaolou4.c
99.03.14 13:36 B f:\mirror1\d\tangmen\jiaolou5.c --> www1.yn.cninfo.net /mudcctx/mudlib/d/tangmen jiaolou5.c
99.03.14 13:36 B f:\mirror1\d\tangmen\jiaolou6.c --> www1.yn.cninfo.net /mudcctx/mudlib/d/tangmen jiaolou6.c
99.03.14 13:36 B f:\mirror1\d\tangmen\jiaolou7.c --> www1.yn.cninfo.net /mudcctx/mudlib/d/tangmen jiaolou7.c
99.03.14 13:36 B f:\mirror1\d\tangmen\jingyitang.c --> www1.yn.cninfo.net /mudcctx/mudlib/d/tangmen jingyitang.c
99.03.14 13:37 B f:\mirror1\d\tangmen\jizuting.c --> www1.yn.cninfo.net /mudcctx/mudlib/d/tangmen jizuting.c
99.03.14 13:37 B f:\mirror1\d\tangmen\kefang.c --> www1.yn.cninfo.net /mudcctx/mudlib/d/tangmen kefang.c
99.03.14 13:37 B f:\mirror1\d\tangmen\kuixinlou.c --> www1.yn.cninfo.net /mudcctx/mudlib/d/tangmen kuixinlou.c
99.03.14 13:37 B f:\mirror1\d\tangmen\kuixinlou2.c --> www1.yn.cninfo.net /mudcctx/mudlib/d/tangmen kuixinlou2.c
99.03.14 13:37 B f:\mirror1\d\tangmen\kuixinlou3.c --> www1.yn.cninfo.net /mudcctx/mudlib/d/tangmen kuixinlou3.c
99.03.14 13:37 B f:\mirror1\d\tangmen\lianwuchang.c --> www1.yn.cninfo.net /mudcctx/mudlib/d/tangmen lianwuchang.c
99.03.14 13:37 B f:\mirror1\d\tangmen\liujiantang.c --> www1.yn.cninfo.net /mudcctx/mudlib/d/tangmen liujiantang.c
99.03.14 13:37 B f:\mirror1\d\tangmen\map.lqs --> www1.yn.cninfo.net /mudcctx/mudlib/d/tangmen map.lqs
99.03.14 13:37 B f:\mirror1\d\tangmen\map.tm --> www1.yn.cninfo.net /mudcctx/mudlib/d/tangmen map.tm
99.03.14 13:37 B f:\mirror1\d\tangmen\meiyuan1.c --> www1.yn.cninfo.net /mudcctx/mudlib/d/tangmen meiyuan1.c
99.03.14 13:37 B f:\mirror1\d\tangmen\meiyuan2.c --> www1.yn.cninfo.net /mudcctx/mudlib/d/tangmen meiyuan2.c
99.03.14 13:37 B f:\mirror1\d\tangmen\mochi.c --> www1.yn.cninfo.net /mudcctx/mudlib/d/tangmen mochi.c
99.03.14 13:37 B f:\mirror1\d\tangmen\mubian.c --> www1.yn.cninfo.net /mudcctx/mudlib/d/tangmen mubian.c
99.03.14 13:37 B f:\mirror1\d\tangmen\ouxiang.c --> www1.yn.cninfo.net /mudcctx/mudlib/d/tangmen ouxiang.c
99.03.14 13:37 B f:\mirror1\d\tangmen\paifang.c --> www1.yn.cninfo.net /mudcctx/mudlib/d/tangmen paifang.c
99.03.14 13:37 B f:\mirror1\d\tangmen\qianliju.c --> www1.yn.cninfo.net /mudcctx/mudlib/d/tangmen qianliju.c
99.03.14 13:37 B f:\mirror1\d\tangmen\qiushi.c --> www1.yn.cninfo.net /mudcctx/mudlib/d/tangmen qiushi.c
99.03.14 13:37 B f:\mirror1\d\tangmen\qulang1.c --> www1.yn.cninfo.net /mudcctx/mudlib/d/tangmen qulang1.c
99.03.14 13:37 B f:\mirror1\d\tangmen\qulang2.c --> www1.yn.cninfo.net /mudcctx/mudlib/d/tangmen qulang2.c
99.03.14 13:37 B f:\mirror1\d\tangmen\qulang3.c --> www1.yn.cninfo.net /mudcctx/mudlib/d/tangmen qulang3.c
99.03.14 13:37 B f:\mirror1\d\tangmen\qulang4.c --> www1.yn.cninfo.net /mudcctx/mudlib/d/tangmen qulang4.c
99.03.14 13:37 B f:\mirror1\d\tangmen\qulang5.c --> www1.yn.cninfo.net /mudcctx/mudlib/d/tangmen qulang5.c
99.03.14 13:37 B f:\mirror1\d\tangmen\qulang6.c --> www1.yn.cninfo.net /mudcctx/mudlib/d/tangmen qulang6.c
99.03.14 13:37 B f:\mirror1\d\tangmen\throwbook.c --> www1.yn.cninfo.net /mudcctx/mudlib/d/tangmen throwbook.c
99.03.14 13:37 B f:\mirror1\d\tangmen\tianjing.c --> www1.yn.cninfo.net /mudcctx/mudlib/d/tangmen tianjing.c
99.03.14 13:37 B f:\mirror1\d\tangmen\tianxingting.c --> www1.yn.cninfo.net /mudcctx/mudlib/d/tangmen tianxingting.c
99.03.14 13:37 B f:\mirror1\d\tangmen\wumiange.c --> www1.yn.cninfo.net /mudcctx/mudlib/d/tangmen wumiange.c
99.03.14 13:37 B f:\mirror1\d\tangmen\xiaoxiao-lou.c --> www1.yn.cninfo.net /mudcctx/mudlib/d/tangmen xiaoxiao-lou.c
99.03.14 13:37 B f:\mirror1\d\tangmen\xingtang.c --> www1.yn.cninfo.net /mudcctx/mudlib/d/tangmen xingtang.c
99.03.14 13:37 B f:\mirror1\d\tangmen\xinyitang.c --> www1.yn.cninfo.net /mudcctx/mudlib/d/tangmen xinyitang.c
99.03.14 13:37 B f:\mirror1\d\tangmen\xiouxishi.c --> www1.yn.cninfo.net /mudcctx/mudlib/d/tangmen xiouxishi.c
99.03.14 13:37 B f:\mirror1\d\tangmen\zhanmeige.c --> www1.yn.cninfo.net /mudcctx/mudlib/d/tangmen zhanmeige.c
99.03.14 13:37 B f:\mirror1\d\tangmen\zhaobi.c --> www1.yn.cninfo.net /mudcctx/mudlib/d/tangmen zhaobi.c
99.03.14 13:37 B f:\mirror1\d\tangmen\zhawujian.c --> www1.yn.cninfo.net /mudcctx/mudlib/d/tangmen zhawujian.c
99.03.14 13:37 B f:\mirror1\d\tangmen\zhulin.c --> www1.yn.cninfo.net /mudcctx/mudlib/d/tangmen zhulin.c
