========================================================================
Full Command Line: /home/sunyc/src/fluffos/build-debug/src/driver config.fluffos 
Boot Time: Thu Jul 30 21:32:13 2026
Version: fluffos 20260721-25c87bbc (Linux/x86-64)
Jemalloc is disabled, this is not suitable for production.
ICU Version: 70.1
Backtrace support: libdw.
Core Dump: No, Max FD: 65535.
========================================================================
Final Debug Level: 0
Processing config file: config.fluffos
maximum local variables: invalid new value, resetting to default.
living hash table size: invalid new value, resetting to default.
New Debug log location: "log/debug.log".
Execution root: /home/sunyc/src/mudlib/libs/sjsh/work
Initializing internal stuff ....
Event backend in use: epoll
==== Runtime Config Table ====
time to clean up : 50000 # default: 600
time to reset : 1200 # default: 900
time to swap : 10000 # default: 300
evaluator stack size : 1000 # default: 65536
inherit chain size : 60 # default: 30
maximum evaluation cost : 700000 # default: 30000000
maximum local variables : 64
maximum call depth : 30 # default: 150
maximum array size : 25000 # default: 15000
maximum buffer size : 600000 # default: 1048576
maximum mapping size : 25000 # default: 150000
maximum string length : 300000 # default: 1048576
maximum bits in a bitfield : 1200 # default: 12000
maximum byte transfer : 20000 # default: 262144
maximum read file size : 300000 # default: 262144
hash table size : 8192 # default: 65536
object table size : 1501 # default: 4096
living hash table size : 256
gametick msec : 1000
heartbeat interval msec : 1000
sane explode string : 1
reversible explode string : 0
sane sorting : 1
call other type check : 0
call other warn : 0
mudlib error handler : 1
no resets : 0
lazy resets : 0
randomized resets : 1
no ansi : 1
strip before process input : 1
this_player in call_out : 1
trace : 1
trace code : 0
interactive catch tell : 0
receive snoop : 1
snoop shadowed : 0
reverse defer : 0
has console : 1
noninteractive stderr write : 0
trap crashes : 1
old type behavior : 0
old range behavior : 0
warn old range behavior : 1
suppress argument warnings : 1
enable_commands call init : 1
sprintf add_justified ignore ANSI colors : 1
call_out(0) nest level : 1000
trace lpc execution context : 0
trace lpc instructions : 0
display preload progress : 1
enable mxp : 0
enable gmcp : 0
enable zmp : 0
enable mssp : 1
enable msp : 1
enable msdp : 0
==============================
==== LPC Predefines ====
#define FLUFFOS 
#define HAS_DEBUG_LEVEL 
#define HAS_ED 
#define HAS_PRINTF 
#define MAX_FLOAT 179769313486231570814527423731704356798070567525844996598917476803157260780028538760589558632766878171540458953514382464234321326889464182768467546703537516986049910576551282076245490090389328944075868508455133942304583236903222948165808559332123348274797826204144723168738177180919299881250404026184124858368.000000
#define MAX_INT 9223372036854775807
#define MIN_FLOAT 0.000000
#define MIN_INT -9223372036854775808
#define MUDOS 
#define MUD_NAME "sjsh"
#define SIZEOFINT 8
#define __ARCH__ "Linux/x86-64"
#define __ARGUMENTS_IN_TRACEBACK__ 
#define __ARRAY_STATS__ 
#define __AUTO_SETEUID__ 
#define __CACHE_STATS__ 
#define __CALLOUT_HANDLES__ 
#define __CFG_COMPILER_STACK_SIZE__ 600
#define __CFG_EVALUATOR_STACK_SIZE__ 65536
#define __CFG_MAX_CALL_DEPTH__ 150
#define __CFG_MAX_GLOBAL_VARIABLES__ 65536
#define __CHECK_MEMORY__ 
#define __CLASS_STATS__ 
#define __COMMAND_BUF_SIZE__ 2000
#define __COMPILER__ "/usr/bin/c++"
#define __CXXFLAGS__ "Broken"
#define __DEBUGMALLOC_EXTENSIONS__ 
#define __DEBUGMALLOC__ 
#define __DEBUG_MACRO__ 
#define __DEBUG__ 
#define __DEFAULT_DB__ 1
#define __DEFAULT_PRAGMAS__ PRAGMA_WARNINGS + PRAGMA_SAVE_TYPES + PRAGMA_ERROR_CONTEXT + PRAGMA_OPTIMIZE
#define __DSLIB__ 
#define __ED_INDENT_SPACES__ 4
#define __ED_TAB_WIDTH__ 8
#define __GET_CHAR_IS_BUFFERED__ 
#define __HAS_CONSOLE__ 
#define __HAVE_DIRENT_H__ 1
#define __HAVE_SIGNAL_H__ 1
#define __HAVE_SYS_RESOURCE_H__ 1
#define __HAVE_SYS_STAT_H__ 1
#define __HAVE_SYS_TIME_H__ 1
#define __HAVE_TIME_H__ 1
#define __LARGEST_PRINTABLE_STRING__ 65535
#define __LARGE_STRING_SIZE__ 1000
#define __LOCALS_IN_TRACEBACK__ 
#define __MAX_SAVE_SVALUE_DEPTH__ 100
#define __MUDLIB_ERROR_HANDLER__ 
#define __OLD_ED__ 
#define __PACKAGES_PACKAGES_H__ 
#define __PACKAGE_ASYNC__ 
#define __PACKAGE_COMPRESS__ 
#define __PACKAGE_CONTRIB__ 
#define __PACKAGE_CORE__ 
#define __PACKAGE_CRYPTO__ 
#define __PACKAGE_DB__ 
#define __PACKAGE_DEVELOP__ 
#define __PACKAGE_EXTERNAL__ 
#define __PACKAGE_FFI__ 
#define __PACKAGE_MATH__ 
#define __PACKAGE_MATRIX__ 
#define __PACKAGE_MUDLIB_STATS__ 
#define __PACKAGE_OPS__ 
#define __PACKAGE_PARSER__ 
#define __PACKAGE_PCRE__ 
#define __PACKAGE_SHA1__ 
#define __PACKAGE_SOCKETS__ 
#define __PACKAGE_TRIM__ 
#define __PACKAGE_UIDS__ 
#define __PARSE_DEBUG__ 
#define __PORT__ 40141
#define __PRIVS__ 
#define __PROJECT_VERSION__ "fluffos 20260721-25c87bbc"
#define __RANDOMIZED_RESETS__ 
#define __RECEIVE_SNOOP__ 
#define __REF_RESERVED_WORD__ 
#define __RESTRICTED_ED__ 
#define __SANE_EXPLODE_STRING__ 
#define __SANE_SORTING__ 
#define __SAVE_EXTENSION__ ".o"
#define __SAVE_GZ_EXTENSION__ ".o.gz"
#define __SENSIBLE_MODIFIERS__ 
#define __SMALL_STRING_SIZE__ 100
#define __STRING_STATS__ 
#define __STRUCT_CLASS__ 
#define __STRUCT_STRUCT__ 
#define __SUPPRESS_ARGUMENT_WARNINGS__ 
#define __THIS_PLAYER_IN_CALL_OUT__ 
#define __TIME_WITH_SYS_TIME__ 1
#define __TRACE__ 
#define __TRAP_CRASHES__ 
#define __USE_32BIT_ADDRESSES__ 
#define __USE_MYSQL__ 1
#define __VERSION__ "fluffos 20260721-25c87bbc"
#define __WARN_OLD_RANGE_BEHAVIOR__ 
========================
Loading simul_efun file : /adm/obj/simul_efun
In file included from /adm/obj/simul_efun.lpc:0:
/include/globals.h:7: warning: Unknown #pragma, ignored.
In file included from /adm/obj/simul_efun.lpc:7:
/adm/simul_efun/path.lpc:49:1: warning: Unused local variable 't2'
   49 | }
      | ^
In file included from /adm/obj/simul_efun.lpc:7:
/adm/simul_efun/path.lpc:49:1: warning: Unused local variable 't3'
   49 | }
      | ^
In file included from /adm/obj/simul_efun.lpc:7:
/adm/simul_efun/path.lpc:49:1: warning: Unused local variable 't4'
   49 | }
      | ^
Loading master file: /adm/obj/master
In file included from /adm/obj/master.lpc:0:
/include/globals.h:7: warning: Unknown #pragma, ignored.
/adm/obj/master.lpc:41:18: warning: Illegal to declare nosave function.
   41 | nosave void crash(string error, object command_giver, object current_object)
      |                  ^
/adm/obj/master.lpc:60:27: warning: Illegal to declare nosave function.
   60 | nosave string *update_file(string file)
      |                           ^
*Warning: unable to open stat file domain_stats for reading.
*Warning: unable to open stat file author_stats for reading.

Loading preload files ...
/adm/daemons/securityd...
In file included from /adm/daemons/securityd.lpc:0:
/include/globals.h:7: warning: Unknown #pragma, ignored.
/adm/daemons/band...
In file included from /adm/daemons/band.lpc:0:
/include/globals.h:7: warning: Unknown #pragma, ignored.
In file included from /feature/dbase.lpc:0:
/include/globals.h:7: warning: Unknown #pragma, ignored.
  note: while loading '/feature/dbase' inherited by '/adm/daemons/band'
In file included from /feature/treemap.lpc:0:
/include/globals.h:7: warning: Unknown #pragma, ignored.
  note: while loading '/feature/treemap' inherited by '/feature/dbase'
/feature/treemap.lpc:1: warning: Unknown #pragma, ignored.
  note: while loading '/feature/treemap' inherited by '/feature/dbase'
/feature/treemap.lpc:14:27: warning: Illegal to declare nosave function.
   14 | nosave nomask mixed _query( mapping map, string *parts )
      |                           ^
  note: while loading '/feature/treemap' inherited by '/feature/dbase'
/feature/treemap.lpc:31:26: warning: Illegal to declare nosave function.
   31 | nosave nomask int _delete( mapping map, string *parts )
      |                          ^
  note: while loading '/feature/treemap' inherited by '/feature/dbase'
/feature/treemap.lpc:43:26: warning: Illegal to declare nosave function.
   43 | nosave nomask  mixed _set( mapping map, string *parts, mixed value )
      |                          ^
  note: while loading '/feature/treemap' inherited by '/feature/dbase'
In file included from /feature/dbase.lpc:0:
/include/globals.h:7: warning: Unknown #pragma, ignored.
In file included from /adm/daemons/band.lpc:0:
/include/globals.h:7: warning: Unknown #pragma, ignored.
/adm/daemons/band.lpc:18:24: warning: Number of arguments to 'add' disagrees with previous definition.
   18 | void add(string pattern);
      |                        ^
/adm/daemons/band.lpc:222:1: warning: Unused local variable 'i'
  222 | }
      | ^
/adm/daemons/band.lpc:222:1: warning: Unused local variable 'patten'
  222 | }
      | ^
/adm/daemons/band.lpc:286:21: warning: Number of arguments to 'add' disagrees with previous definition.
  286 | void add(string site)
      |                     ^
/adm/daemons/band.lpc:292:1: warning: Unused local variable 'i'
  292 | }
      | ^
/adm/daemons/band.lpc:300:1: warning: Unused local variable 'i'
  300 | }
      | ^
/adm/daemons/band.lpc:308:1: warning: Unused local variable 'i'
  308 | }
      | ^
/adm/daemons/band.lpc:323:1: warning: Unused local variable 'i'
  323 | }
      | ^
/adm/daemons/virtuald...
In file included from /adm/daemons/virtuald.lpc:0:
/include/globals.h:7: warning: Unknown #pragma, ignored.
/adm/daemons/logind...
In file included from /adm/daemons/logind.lpc:0:
/include/globals.h:7: warning: Unknown #pragma, ignored.
/adm/daemons/logind.lpc:64:1: warning: Unused local variable 'j'
   64 | }
      | ^
/adm/daemons/logind.lpc:64:1: warning: Unused local variable 'name'
   64 | }
      | ^
/adm/daemons/logind.lpc:64:1: warning: Unused local variable 'info'
   64 | }
      | ^
/adm/daemons/logind.lpc:124:1: warning: Unused local variable 'hacker'
  124 | }
      | ^
/adm/daemons/logind.lpc:237:1: warning: Unused local variable 'ttl_cnt'
  237 | }
      | ^
/adm/daemons/logind.lpc:673:1: warning: Unused local variable 'user'
  673 | }
      | ^
/adm/daemons/logind.lpc:738:1: warning: Unused local variable 'n'
  738 | }
      | ^
/adm/daemons/logind.lpc:779:1: warning: Unused local variable 'n'
  779 | }
      | ^
/adm/daemons/logind.lpc:779:1: warning: Unused local variable 'a'
  779 | }
      | ^
/adm/daemons/logind.lpc:779:1: warning: Unused local variable 'b'
  779 | }
      | ^
/adm/daemons/logind.lpc:896:1: warning: Unused local variable 'cloth'
  896 | }
      | ^
/adm/daemons/logind.lpc:896:1: warning: Unused local variable 'room'
  896 | }
      | ^
/adm/daemons/logind.lpc:896:1: warning: Unused local variable 'bjtime'
  896 | }
      | ^
/adm/daemons/logind.lpc:896:1: warning: Unused local variable 'js'
  896 | }
      | ^
/adm/daemons/logind.lpc:896:1: warning: Unused local variable 'js2'
  896 | }
      | ^
/adm/daemons/cmd_d...
In file included from /adm/daemons/cmd_d.lpc:0:
/include/globals.h:7: warning: Unknown #pragma, ignored.
/adm/daemons/chinesed...
In file included from /adm/daemons/chinesed.lpc:0:
/include/globals.h:7: warning: Unknown #pragma, ignored.
In file included from /feature/save.lpc:0:
/include/globals.h:7: warning: Unknown #pragma, ignored.
  note: while loading '/feature/save' inherited by '/adm/daemons/chinesed'
In file included from /adm/daemons/chinesed.lpc:0:
/include/globals.h:7: warning: Unknown #pragma, ignored.
/adm/daemons/convertd...
In file included from /adm/daemons/convertd.lpc:0:
/include/globals.h:7: warning: Unknown #pragma, ignored.
/adm/daemons/convertd.lpc:258:2: error: Illegal character 0xce
  258 | "β",
      |  ^
/adm/daemons/convertd.lpc:258:2: error: syntax error, unexpected invalid token
  258 | "β",
      |  ^
/adm/daemons/convertd.lpc:258:3: error: Illegal character 0xb2
  258 | "β",
      |   ^
/adm/daemons/convertd.lpc:258:4: error: Illegal character 0xee
  258 | "β",
      |    ^
/adm/daemons/convertd.lpc:258:5: error: Illegal character 0x96
  258 | "β",
      |     ^
/adm/daemons/convertd.lpc:258:6: error: Illegal character 0xa3
  258 | "β",
      |      ^
错误讯息被拦截: 
执行时段错误：*No program in object '/adm/daemons/convertd'!

程式：/adm/obj/master.lpc 第 99 行
物件: /adm/obj/master
呼叫来自：/adm/obj/master.lpc 的 preload() 第 99 行，物件： /adm/obj/master
呼叫来自：/adm/obj/master.lpc 的 CATCH() 第 99 行，物件： /adm/obj/master
/adm/daemons/emoted...
In file included from /adm/daemons/emoted.lpc:0:
/include/globals.h:7: warning: Unknown #pragma, ignored.
错误讯息被拦截: 
执行时段错误：*restore_object(): Illegal mapping format while restoring emote.

程式：/feature/save.lpc 第 19 行
物件: /adm/daemons/emoted
呼叫来自：/adm/obj/master.lpc 的 preload() 第 99 行，物件： /adm/obj/master
呼叫来自：/adm/obj/master.lpc 的 CATCH() 第 99 行，物件： /adm/obj/master
呼叫来自：/adm/daemons/emoted.lpc 的 create() 第 48 行，物件： /adm/daemons/emoted
呼叫来自：/feature/save.lpc 的 restore() 第 19 行，物件： /adm/daemons/emoted
/adm/daemons/aliasd...
In file included from /adm/daemons/aliasd.lpc:0:
/include/globals.h:7: warning: Unknown #pragma, ignored.
/adm/daemons/fingerd...
In file included from /adm/daemons/fingerd.lpc:0:
/include/globals.h:7: warning: Unknown #pragma, ignored.
/adm/daemons/fingerd.lpc:63:1: warning: Unused local variable 'fip'
   63 | }
      | ^
/adm/daemons/channeld...
In file included from /adm/daemons/channeld.lpc:0:
/include/globals.h:7: warning: Unknown #pragma, ignored.
/adm/daemons/channeld.lpc:367:1: warning: Unused local variable 'target'
  367 | }
      | ^
/adm/daemons/channeld.lpc:367:1: warning: Unused local variable 'i'
  367 | }
      | ^
/adm/daemons/channeld.lpc:367:1: warning: Unused local variable 'ob_id'
  367 | }
      | ^
/adm/daemons/channeld.lpc:466:1: warning: Unused local variable 'msg'
  466 | }
      | ^
/adm/daemons/channeld.lpc:476:1: warning: Unused local variable 'msg'
  476 | }
      | ^
/adm/daemons/monitord...
In file included from /adm/daemons/monitord.lpc:0:
/include/globals.h:7: warning: Unknown #pragma, ignored.
/adm/daemons/natured...
In file included from /adm/daemons/natured.lpc:0:
/include/globals.h:7: warning: Unknown #pragma, ignored.
/adm/daemons/natured.lpc:228:8: warning: Expression has no side effects, and the value is unused
  228 |        }
      |        ^
/adm/daemons/auto_cleard...
In file included from /adm/daemons/auto_cleard.lpc:0:
/include/globals.h:7: warning: Unknown #pragma, ignored.
/adm/daemons/auto_cleard.lpc:2: warning: Unknown #pragma, ignored.
/adm/daemons/auto_cleard.lpc:40:1: warning: Unused local variable 'i'
   40 | }
      | ^
/adm/daemons/auto_cleard.lpc:40:1: warning: Unused local variable 'mem'
   40 | }
      | ^
/adm/daemons/auto_cleard.lpc:40:1: warning: Unused local variable 'ob'
   40 | }
      | ^
/adm/daemons/auto_cleard.lpc:40:1: warning: Unused local variable 'link_ob'
   40 | }
      | ^
/adm/daemons/auto_cleard.lpc:40:1: warning: Unused local variable 'id'
   40 | }
      | ^
/adm/daemons/weapond...
In file included from /adm/daemons/weapond.lpc:0:
/include/globals.h:7: warning: Unknown #pragma, ignored.
/adm/daemons/weapond.lpc:122:1: warning: Unused local variable 'me'
  122 | }
      | ^
/adm/daemons/weapond.lpc:122:1: warning: Unused local variable 'wp1'
  122 | }
      | ^
/adm/daemons/weapond.lpc:122:1: warning: Unused local variable 'wp2'
  122 | }
      | ^
/adm/daemons/weapond.lpc:137:1: warning: Unused local variable 'me'
  137 | }
      | ^
/adm/daemons/weapond.lpc:137:1: warning: Unused local variable 'wp1'
  137 | }
      | ^
/adm/daemons/weapond.lpc:137:1: warning: Unused local variable 'wp2'
  137 | }
      | ^
/adm/daemons/rankd...
In file included from /adm/daemons/rankd.lpc:0:
/include/globals.h:7: warning: Unknown #pragma, ignored.
/adm/daemons/combatd...
In file included from /adm/daemons/combatd.lpc:0:
/include/globals.h:7: warning: Unknown #pragma, ignored.
/adm/daemons/combatd.lpc:1273:12: warning: Unused local variable 'i'
 1273 |            }
      |            ^
/adm/daemons/combatd.lpc:1323:1: warning: Unused local variable 'gain1'
 1323 | }
      | ^
/adm/daemons/combatd.lpc:1713:1: warning: Unused local variable 'victim_action'
 1713 | }
      | ^
/adm/daemons/combatd.lpc:1713:1: warning: Unused local variable 'dodge_skill'
 1713 | }
      | ^
/adm/daemons/combatd.lpc:1713:1: warning: Unused local variable 'parry_skill'
 1713 | }
      | ^
/adm/daemons/miscd...
In file included from /adm/daemons/miscd.lpc:0:
/include/globals.h:7: warning: Unknown #pragma, ignored.
/adm/daemons/miscd.lpc:100:1: warning: Unused local variable 'msg'
  100 | }
      | ^
/adm/daemons/spelld...
In file included from /adm/daemons/spelld.lpc:0:
/include/globals.h:7: warning: Unknown #pragma, ignored.
/adm/daemons/obstacled...
In file included from /adm/daemons/obstacled.lpc:0:
/include/globals.h:7: warning: Unknown #pragma, ignored.
/adm/daemons/obstacled.lpc:177:1: warning: Unused local variable 'choose_number'
  177 | }
      | ^
/adm/daemons/storyd...
In file included from /adm/daemons/storyd.lpc:0:
/include/globals.h:7: warning: Unknown #pragma, ignored.
/adm/daemons/colord...
In file included from /adm/daemons/colord.lpc:0:
/include/globals.h:7: warning: Unknown #pragma, ignored.
/adm/daemons/cron...
In file included from /adm/daemons/cron.lpc:0:
/include/globals.h:7: warning: Unknown #pragma, ignored.
In file included from /adm/daemons/cron.lpc:6:
/include/globals.h:7: warning: Unknown #pragma, ignored.
/adm/daemons/cron.lpc:244:11: warning: Expression has no side effects, and the value is unused
  244 |           for(i=0;i<sizeof(user);i++)
      |           ^
/adm/daemons/cron.lpc:251:1: warning: Unused local variable 'number'
  251 | }
      | ^
/adm/daemons/disasterd...
In file included from /adm/daemons/disasterd.lpc:0:
/include/globals.h:7: warning: Unknown #pragma, ignored.
/adm/daemons/disasterd.lpc:136:1: warning: Unused local variable 'exp'
  136 | }
      | ^
/adm/daemons/disasterd.lpc:136:1: warning: Unused local variable 'skill'
  136 | }
      | ^
/d/npc/choose...
In file included from /d/npc/choose.lpc:0:
/include/globals.h:7: warning: Unknown #pragma, ignored.
/d/npc/choose.lpc:121:1: warning: Unused local variable 'str'
  121 | }
      | ^
/d/npc/qujing...
In file included from /d/npc/qujing.lpc:0:
/include/globals.h:7: warning: Unknown #pragma, ignored.
/d/npc/qujing.lpc:48:1: warning: Unused local variable 'i'
   48 | }
      | ^
/d/npc/qujing.lpc:48:1: warning: Unused local variable 'j'
   48 | }
      | ^
/d/npc/qujing.lpc:48:1: warning: Unused local variable 'ppl'
   48 | }
      | ^
/d/npc/qujing.lpc:48:1: warning: Unused local variable 'list'
   48 | }
      | ^
/d/npc/qujing.lpc:48:1: warning: Unused local variable 'newob'
   48 | }
      | ^
/d/npc/qujing.lpc:48:1: warning: Unused local variable 'str'
   48 | }
      | ^
/d/npc/qujing.lpc:48:1: warning: Unused local variable 'swk'
   48 | }
      | ^
/d/npc/qujing.lpc:48:1: warning: Unused local variable 'zbj'
   48 | }
      | ^
/d/npc/qujing.lpc:48:1: warning: Unused local variable 'shs'
   48 | }
      | ^
/d/npc/feizei...
In file included from /d/npc/feizei.lpc:0:
/include/globals.h:7: warning: Unknown #pragma, ignored.
/d/npc/feizei.lpc:144:1: warning: Unused local variable 'i'
  144 | }
      | ^
/d/npc/feizei.lpc:144:1: warning: Unused local variable 'ppl'
  144 | }
      | ^
/d/npc/feizei.lpc:144:1: warning: Unused local variable 'list'
  144 | }
      | ^
/d/npc/feizei.lpc:144:1: warning: Unused local variable 'str'
  144 | }
      | ^
/d/wiz/qiushi...
In file included from /d/wiz/qiushi.lpc:0:
/include/globals.h:7: warning: Unknown #pragma, ignored.
In file included from /std/room.lpc:0:
/include/globals.h:7: warning: Unknown #pragma, ignored.
  note: while loading '/std/room' inherited by '/d/wiz/qiushi'
/std/room.lpc:1: warning: Unknown #pragma, ignored.
  note: while loading '/std/room' inherited by '/d/wiz/qiushi'
In file included from /feature/clean_up.lpc:0:
/include/globals.h:7: warning: Unknown #pragma, ignored.
  note: while loading '/feature/clean_up' inherited by '/std/room'
In file included from /std/room.lpc:0:
/include/globals.h:7: warning: Unknown #pragma, ignored.
/std/room.lpc:1: warning: Unknown #pragma, ignored.
/std/room.lpc:190:1: warning: Unused local variable 'item_desc'
  190 | }
      | ^
In file included from /d/wiz/qiushi.lpc:0:
/include/globals.h:7: warning: Unknown #pragma, ignored.
/d/wiz/qiushi.lpc:80:1: warning: Unused local variable 'mudage'
   80 | }
      | ^
/d/wiz/qiushi.lpc:152:1: warning: Unused local variable 'yuzu'
  152 | }
      | ^
In file included from /d/wiz/npc/yuzu.lpc:0:
/include/globals.h:7: warning: Unknown #pragma, ignored.
In file included from /std/char/npc.lpc:0:
/include/globals.h:7: warning: Unknown #pragma, ignored.
  note: while loading '/std/char/npc' inherited by '/d/wiz/npc/yuzu'
In file included from /std/char.lpc:0:
/include/globals.h:7: warning: Unknown #pragma, ignored.
  note: while loading '/std/char' inherited by '/std/char/npc'
/std/char.lpc:4: warning: Unknown #pragma, ignored.
  note: while loading '/std/char' inherited by '/std/char/npc'
In file included from /feature/action.lpc:0:
/include/globals.h:7: warning: Unknown #pragma, ignored.
  note: while loading '/feature/action' inherited by '/std/char'
In file included from /std/char.lpc:0:
/include/globals.h:7: warning: Unknown #pragma, ignored.
/std/char.lpc:4: warning: Unknown #pragma, ignored.
In file included from /feature/alias.lpc:0:
/include/globals.h:7: warning: Unknown #pragma, ignored.
  note: while loading '/feature/alias' inherited by '/std/char'
/feature/alias.lpc:119:1: warning: Unused local variable 'count'
  119 | }
      | ^
  note: while loading '/feature/alias' inherited by '/std/char'
In file included from /std/char.lpc:0:
/include/globals.h:7: warning: Unknown #pragma, ignored.
/std/char.lpc:4: warning: Unknown #pragma, ignored.
In file included from /feature/apprentice.lpc:0:
/include/globals.h:7: warning: Unknown #pragma, ignored.
  note: while loading '/feature/apprentice' inherited by '/std/char'
In file included from /std/char.lpc:0:
/include/globals.h:7: warning: Unknown #pragma, ignored.
/std/char.lpc:4: warning: Unknown #pragma, ignored.
In file included from /feature/attack.lpc:0:
/include/globals.h:7: warning: Unknown #pragma, ignored.
  note: while loading '/feature/attack' inherited by '/std/char'
In file included from /std/char.lpc:0:
/include/globals.h:7: warning: Unknown #pragma, ignored.
/std/char.lpc:4: warning: Unknown #pragma, ignored.
In file included from /feature/attribute.lpc:0:
/include/globals.h:7: warning: Unknown #pragma, ignored.
  note: while loading '/feature/attribute' inherited by '/std/char'
In file included from /std/char.lpc:0:
/include/globals.h:7: warning: Unknown #pragma, ignored.
/std/char.lpc:4: warning: Unknown #pragma, ignored.
In file included from /feature/command.lpc:0:
/include/globals.h:7: warning: Unknown #pragma, ignored.
  note: while loading '/feature/command' inherited by '/std/char'
In file included from /std/char.lpc:0:
/include/globals.h:7: warning: Unknown #pragma, ignored.
/std/char.lpc:4: warning: Unknown #pragma, ignored.
In file included from /feature/condition.lpc:0:
/include/globals.h:7: warning: Unknown #pragma, ignored.
  note: while loading '/feature/condition' inherited by '/std/char'
In file included from /std/char.lpc:0:
/include/globals.h:7: warning: Unknown #pragma, ignored.
/std/char.lpc:4: warning: Unknown #pragma, ignored.
In file included from /feature/damage.lpc:0:
/include/globals.h:7: warning: Unknown #pragma, ignored.
  note: while loading '/feature/damage' inherited by '/std/char'
/feature/damage.lpc:34:1: warning: Unused local variable 'link_ob'
   34 | }
      | ^
  note: while loading '/feature/damage' inherited by '/std/char'
/feature/damage.lpc:507:1: warning: Unused local variable 'i'
  507 | }
      | ^
  note: while loading '/feature/damage' inherited by '/std/char'
In file included from /std/char.lpc:0:
/include/globals.h:7: warning: Unknown #pragma, ignored.
/std/char.lpc:4: warning: Unknown #pragma, ignored.
In file included from /feature/edit.lpc:0:
/include/globals.h:7: warning: Unknown #pragma, ignored.
  note: while loading '/feature/edit' inherited by '/std/char'
In file included from /std/char.lpc:0:
/include/globals.h:7: warning: Unknown #pragma, ignored.
/std/char.lpc:4: warning: Unknown #pragma, ignored.
In file included from /feature/finance.lpc:0:
/include/globals.h:7: warning: Unknown #pragma, ignored.
  note: while loading '/feature/finance' inherited by '/std/char'
In file included from /std/char.lpc:0:
/include/globals.h:7: warning: Unknown #pragma, ignored.
/std/char.lpc:4: warning: Unknown #pragma, ignored.
In file included from /feature/message.lpc:0:
/include/globals.h:7: warning: Unknown #pragma, ignored.
  note: while loading '/feature/message' inherited by '/std/char'
In file included from /std/char.lpc:0:
/include/globals.h:7: warning: Unknown #pragma, ignored.
/std/char.lpc:4: warning: Unknown #pragma, ignored.
In file included from /feature/more.lpc:0:
/include/globals.h:7: warning: Unknown #pragma, ignored.
  note: while loading '/feature/more' inherited by '/std/char'
/feature/more.lpc:29:1: warning: Unused local variable 'j'
   29 | }
      | ^
  note: while loading '/feature/more' inherited by '/std/char'
In file included from /std/char.lpc:0:
/include/globals.h:7: warning: Unknown #pragma, ignored.
/std/char.lpc:4: warning: Unknown #pragma, ignored.
In file included from /feature/move.lpc:0:
/include/globals.h:7: warning: Unknown #pragma, ignored.
  note: while loading '/feature/move' inherited by '/std/char'
/feature/move.lpc:322:1: warning: Unused local variable 'ridemsg'
  322 | }
      | ^
  note: while loading '/feature/move' inherited by '/std/char'
In file included from /std/char.lpc:0:
/include/globals.h:7: warning: Unknown #pragma, ignored.
/std/char.lpc:4: warning: Unknown #pragma, ignored.
In file included from /feature/name.lpc:0:
/include/globals.h:7: warning: Unknown #pragma, ignored.
  note: while loading '/feature/name' inherited by '/std/char'
In file included from /std/char.lpc:0:
/include/globals.h:7: warning: Unknown #pragma, ignored.
/std/char.lpc:4: warning: Unknown #pragma, ignored.
In file included from /feature/skill.lpc:0:
/include/globals.h:7: warning: Unknown #pragma, ignored.
  note: while loading '/feature/skill' inherited by '/std/char'
/feature/skill.lpc:81:1: warning: Unused local variable 'bonus'
   81 | }
      | ^
  note: while loading '/feature/skill' inherited by '/std/char'
/feature/skill.lpc:97:1: warning: Unused local variable 'bonus'
   97 | }
      | ^
  note: while loading '/feature/skill' inherited by '/std/char'
In file included from /std/char.lpc:0:
/include/globals.h:7: warning: Unknown #pragma, ignored.
/std/char.lpc:4: warning: Unknown #pragma, ignored.
In file included from /feature/team.lpc:0:
/include/globals.h:7: warning: Unknown #pragma, ignored.
  note: while loading '/feature/team' inherited by '/std/char'
In file included from /std/char.lpc:0:
/include/globals.h:7: warning: Unknown #pragma, ignored.
/std/char.lpc:4: warning: Unknown #pragma, ignored.
/std/char.lpc:186:1: warning: Unused local variable 'lvl'
  186 | }
      | ^
In file included from /std/char/npc.lpc:0:
/include/globals.h:7: warning: Unknown #pragma, ignored.
In file included from /d/wiz/npc/yuzu.lpc:0:
/include/globals.h:7: warning: Unknown #pragma, ignored.
In file included from /adm/daemons/chard.lpc:0:
/include/globals.h:7: warning: Unknown #pragma, ignored.
In file included from /adm/daemons/race/human.lpc:0:
/include/globals.h:7: warning: Unknown #pragma, ignored.
In file included from /obj/board/heiban_b.lpc:0:
/include/globals.h:7: warning: Unknown #pragma, ignored.
In file included from /std/bboard.lpc:0:
/include/globals.h:7: warning: Unknown #pragma, ignored.
  note: while loading '/std/bboard' inherited by '/obj/board/heiban_b'
In file included from /std/item.lpc:0:
/include/globals.h:7: warning: Unknown #pragma, ignored.
  note: while loading '/std/item' inherited by '/std/bboard'
In file included from /std/bboard.lpc:0:
/include/globals.h:7: warning: Unknown #pragma, ignored.
/std/bboard.lpc:100:1: warning: Unused local variable 'myid'
  100 | }
      | ^
/std/bboard.lpc:236:1: warning: Unused local variable 'me'
  236 | }
      | ^
In file included from /obj/board/heiban_b.lpc:0:
/include/globals.h:7: warning: Unknown #pragma, ignored.
Accepting telnet connections on 0.0.0.0:40141.
Initializations complete.

In file included from /d/npc/fei-pansi.lpc:0:
/include/globals.h:7: warning: Unknown #pragma, ignored.
In file included from /d/npc/fei.lpc:0:
/include/globals.h:7: warning: Unknown #pragma, ignored.
  note: while loading '/d/npc/fei' inherited by '/d/npc/fei-pansi'
/d/npc/fei.lpc:83:1: warning: Unused local variable 'me'
   83 | }
      | ^
  note: while loading '/d/npc/fei' inherited by '/d/npc/fei-pansi'
/d/npc/fei.lpc:83:1: warning: Unused local variable 'type'
   83 | }
      | ^
  note: while loading '/d/npc/fei' inherited by '/d/npc/fei-pansi'
/d/npc/fei.lpc:151:1: warning: Unused local variable 'inv'
  151 | }
      | ^
  note: while loading '/d/npc/fei' inherited by '/d/npc/fei-pansi'
/d/npc/fei.lpc:151:1: warning: Unused local variable 'skill_status'
  151 | }
      | ^
  note: while loading '/d/npc/fei' inherited by '/d/npc/fei-pansi'
/d/npc/fei.lpc:151:1: warning: Unused local variable 'map_status'
  151 | }
      | ^
  note: while loading '/d/npc/fei' inherited by '/d/npc/fei-pansi'
/d/npc/fei.lpc:151:1: warning: Unused local variable 'sname'
  151 | }
      | ^
  note: while loading '/d/npc/fei' inherited by '/d/npc/fei-pansi'
/d/npc/fei.lpc:151:1: warning: Unused local variable 'mname'
  151 | }
      | ^
  note: while loading '/d/npc/fei' inherited by '/d/npc/fei-pansi'
/d/npc/fei.lpc:151:1: warning: Unused local variable 'i'
  151 | }
      | ^
  note: while loading '/d/npc/fei' inherited by '/d/npc/fei-pansi'
/d/npc/fei.lpc:151:1: warning: Unused local variable 'eff_dx'
  151 | }
      | ^
  note: while loading '/d/npc/fei' inherited by '/d/npc/fei-pansi'
/d/npc/fei.lpc:151:1: warning: Unused local variable 'nk_factor'
  151 | }
      | ^
  note: while loading '/d/npc/fei' inherited by '/d/npc/fei-pansi'
In file included from /d/obj/drug/jinchuang.lpc:0:
/include/globals.h:7: warning: Unknown #pragma, ignored.
In file included from /std/item/combined.lpc:0:
/include/globals.h:7: warning: Unknown #pragma, ignored.
  note: while loading '/std/item/combined' inherited by '/d/obj/drug/jinchuang'
In file included from /d/obj/drug/jinchuang.lpc:0:
/include/globals.h:7: warning: Unknown #pragma, ignored.
In file included from /obj/money/gold.lpc:0:
/include/globals.h:7: warning: Unknown #pragma, ignored.
In file included from /std/money.lpc:0:
/include/globals.h:7: warning: Unknown #pragma, ignored.
  note: while loading '/std/money' inherited by '/obj/money/gold'
In file included from /obj/money/gold.lpc:0:
/include/globals.h:7: warning: Unknown #pragma, ignored.
In file included from /d/npc/fei-pansi.lpc:0:
/include/globals.h:7: warning: Unknown #pragma, ignored.
In file included from /d/qujing/jindou/obj/boots.lpc:0:
/include/globals.h:7: warning: Unknown #pragma, ignored.
In file included from /std/armor/boots.lpc:0:
/include/globals.h:7: warning: Unknown #pragma, ignored.
  note: while loading '/std/armor/boots' inherited by '/d/qujing/jindou/obj/boots'
In file included from /std/equip.lpc:0:
/include/globals.h:7: warning: Unknown #pragma, ignored.
  note: while loading '/std/equip' inherited by '/std/armor/boots'
In file included from /feature/equip.lpc:0:
/include/globals.h:7: warning: Unknown #pragma, ignored.
  note: while loading '/feature/equip' inherited by '/std/equip'
/feature/equip.lpc:115:1: warning: Unused local variable 'type'
  115 | }
      | ^
  note: while loading '/feature/equip' inherited by '/std/equip'
In file included from /std/equip.lpc:0:
/include/globals.h:7: warning: Unknown #pragma, ignored.
In file included from /std/armor/boots.lpc:0:
/include/globals.h:7: warning: Unknown #pragma, ignored.
In file included from /d/qujing/jindou/obj/boots.lpc:0:
/include/globals.h:7: warning: Unknown #pragma, ignored.
In file included from /d/qujing/jindou/obj/finger.lpc:0:
/include/globals.h:7: warning: Unknown #pragma, ignored.
In file included from /std/armor/finger.lpc:0:
/include/globals.h:7: warning: Unknown #pragma, ignored.
  note: while loading '/std/armor/finger' inherited by '/d/qujing/jindou/obj/finger'
In file included from /d/qujing/jindou/obj/finger.lpc:0:
/include/globals.h:7: warning: Unknown #pragma, ignored.
In file included from /d/qujing/jindou/obj/hands.lpc:0:
/include/globals.h:7: warning: Unknown #pragma, ignored.
In file included from /std/armor/hands.lpc:0:
/include/globals.h:7: warning: Unknown #pragma, ignored.
  note: while loading '/std/armor/hands' inherited by '/d/qujing/jindou/obj/hands'
In file included from /d/qujing/jindou/obj/hands.lpc:0:
/include/globals.h:7: warning: Unknown #pragma, ignored.
In file included from /d/qujing/jindou/obj/head.lpc:0:
/include/globals.h:7: warning: Unknown #pragma, ignored.
In file included from /std/armor/head.lpc:0:
/include/globals.h:7: warning: Unknown #pragma, ignored.
  note: while loading '/std/armor/head' inherited by '/d/qujing/jindou/obj/head'
In file included from /d/qujing/jindou/obj/head.lpc:0:
/include/globals.h:7: warning: Unknown #pragma, ignored.
In file included from /d/sea/obj/dragonwhip.lpc:0:
/include/globals.h:7: warning: Unknown #pragma, ignored.
In file included from /std/weapon/whip.lpc:0:
/include/globals.h:7: warning: Unknown #pragma, ignored.
  note: while loading '/std/weapon/whip' inherited by '/d/sea/obj/dragonwhip'
In file included from /d/sea/obj/dragonwhip.lpc:0:
/include/globals.h:7: warning: Unknown #pragma, ignored.
In file included from /cmds/std/wield.lpc:0:
/include/globals.h:7: warning: Unknown #pragma, ignored.
In file included from /adm/daemons/convertd.lpc:0:
/include/globals.h:7: warning: Unknown #pragma, ignored.
/adm/daemons/convertd.lpc:258:2: error: Illegal character 0xce
  258 | "β",
      |  ^
/adm/daemons/convertd.lpc:258:2: error: syntax error, unexpected invalid token
  258 | "β",
      |  ^
/adm/daemons/convertd.lpc:258:3: error: Illegal character 0xb2
  258 | "β",
      |   ^
/adm/daemons/convertd.lpc:258:4: error: Illegal character 0xee
  258 | "β",
      |    ^
/adm/daemons/convertd.lpc:258:5: error: Illegal character 0x96
  258 | "β",
      |     ^
/adm/daemons/convertd.lpc:258:6: error: Illegal character 0xa3
  258 | "β",
      |      ^

执行时段错误：*No program in object '/adm/daemons/convertd'!

程式：/feature/message.lpc 第 25 行
物件: /d/npc/fei-pansi#15
呼叫来自：/d/npc/feizei.lpc 的 choose_npc() 第 52 行，物件： /d/npc/feizei
呼叫来自：/d/npc/fei.lpc 的 invocation() 第 156 行，物件： /d/npc/fei-pansi#15 ("飞贼")
呼叫来自：/d/npc/fei.lpc 的 copy_status() 第 147 行，物件： /d/npc/fei-pansi#15 ("飞贼")
呼叫来自：/d/npc/fei-pansi.lpc 的 set_skills() 第 45 行，物件： /d/npc/fei-pansi#15 ("飞贼")
呼叫来自：/std/char.lpc 的 command() 第 228 行，物件： /d/npc/fei-pansi#15 ("飞贼")
呼叫来自：/feature/command.lpc 的 command_hook() 第 83 行，物件： /d/npc/fei-pansi#15 ("飞贼")
呼叫来自：/cmds/std/wield.lpc 的 main() 第 18 行，物件： /cmds/std/wield
呼叫来自：/cmds/std/wield.lpc 的 do_wield() 第 48 行，物件： /cmds/std/wield
呼叫来自：/adm/obj/simul_efun.lpc 的 message_vision() 第 32 行，物件： /adm/obj/simul_efun
呼叫来自：/feature/message.lpc 的 receive_message() 第 25 行，物件： /d/npc/fei-pansi#15 ("飞贼")
In file included from /cmds/std/surrender.lpc:0:
/include/globals.h:7: warning: Unknown #pragma, ignored.
In file included from /adm/daemons/convertd.lpc:0:
/include/globals.h:7: warning: Unknown #pragma, ignored.
/adm/daemons/convertd.lpc:258:2: error: Illegal character 0xce
  258 | "β",
      |  ^
/adm/daemons/convertd.lpc:258:2: error: syntax error, unexpected invalid token
  258 | "β",
      |  ^
/adm/daemons/convertd.lpc:258:3: error: Illegal character 0xb2
  258 | "β",
      |   ^
/adm/daemons/convertd.lpc:258:4: error: Illegal character 0xee
  258 | "β",
      |    ^
/adm/daemons/convertd.lpc:258:5: error: Illegal character 0x96
  258 | "β",
      |     ^
/adm/daemons/convertd.lpc:258:6: error: Illegal character 0xa3
  258 | "β",
      |      ^

执行时段错误：*No program in object '/adm/daemons/convertd'!

程式：/adm/obj/simul_efun.lpc 第 102 行
物件: /adm/obj/simul_efun
呼叫来自：/d/npc/fei.lpc 的 heart_beat() 第 256 行，物件： /d/npc/fei-pansi#15 ("飞贼")
呼叫来自：/std/char.lpc 的 command() 第 228 行，物件： /d/npc/fei-pansi#15 ("飞贼")
呼叫来自：/feature/command.lpc 的 command_hook() 第 83 行，物件： /d/npc/fei-pansi#15 ("飞贼")
呼叫来自：/cmds/std/surrender.lpc 的 main() 第 19 行，物件： /cmds/std/surrender
呼叫来自：/adm/obj/simul_efun.lpc 的 notify_fail() 第 102 行，物件： /adm/obj/simul_efun
Stack trace (most recent call last):
#14   Object "", at 0xffffffffffffffff, in 
#13   Object "/home/sunyc/src/fluffos/build-debug/src/driver", at 0x5640332320f4, in _start
#12   Object "/usr/lib/x86_64-linux-gnu/libc.so.6", at 0x7f8e939f9e3f, in __libc_start_main@@GLIBC_2.34
      Source "../csu/libc-start.c", line 392, in __libc_start_main_impl [0x7f8e939f9e3f]
#11   Object "/usr/lib/x86_64-linux-gnu/libc.so.6", at 0x7f8e939f9d8f, in __libc_start_call_main
      Source "../sysdeps/nptl/libc_start_call_main.h", line 58, in __libc_start_call_main [0x7f8e939f9d8f]
#10   Object "/home/sunyc/src/fluffos/build-debug/src/driver", at 0x5640332321eb, in main
      Source "/home/sunyc/src/fluffos/src/main.cc", line 5, in main [0x5640332321eb]
          2: extern "C" {
          3: int driver_main(int argc, char** argv);
          4: }
      >   5: int main(int argc, char** argv) { driver_main(argc, argv); }
#9    Object "/home/sunyc/src/fluffos/build-debug/src/driver", at 0x56403324a1fc, in driver_main
      Source "/home/sunyc/src/fluffos/src/mainlib.cc", line 430, in driver_main [0x56403324a1fc]
        428:   debug_message("Initializations complete.\n\n");
        429:   setup_signal_handlers();
      > 430:   backend(base);
        431: 
        432:   return 0;
        433: }
#8    Object "/home/sunyc/src/fluffos/build-debug/src/driver", at 0x564033327407, in backend(event_base*)
      Source "/home/sunyc/src/fluffos/src/backend_libevent.cc", line 127, in backend [0x564033327407]
        124:   event_add(g_ev_tick, &t);
        125: 
        126:   try {
      > 127:     event_base_loop(base, 0);
        128:   } catch (...) {  // catch everything
        129:     fatal("BUG: jumped out of event loop!");
        130:   }
#7    Object "/home/sunyc/src/fluffos/build-debug/src/driver", at 0x56403355762a, in event_base_loop
      Source "/home/sunyc/src/fluffos/src/thirdparty/libevent/event.c", line 2046, in event_base_loop [0x56403355762a]
       2044: 		clear_time_cache(base);
       2045: 
      >2046: 		res = evsel->dispatch(base, tv_p);
       2047: 
       2048: 		if (res == -1) {
       2049: 			event_debug(("%s: dispatch returned unsuccessfully.",
#6    Object "/home/sunyc/src/fluffos/build-debug/src/driver", at 0x56403356c3cc, in epoll_dispatch
      Source "/home/sunyc/src/fluffos/src/thirdparty/libevent/epoll.c", line 517, in epoll_dispatch [0x56403356c3cc]
        514: 	EVBASE_RELEASE_LOCK(base, th_base_lock);
        515: 
        516: #if defined(EVENT__HAVE_EPOLL_PWAIT2)
      > 517: 	res = epoll_pwait2(epollop->epfd, events, epollop->nevents, tv ? &ts : NULL, NULL);
        518: #else /* no epoll_pwait2() */
        519: 	res = epoll_wait(epollop->epfd, events, epollop->nevents, timeout);
        520: #endif /* EVENT__HAVE_EPOLL_PWAIT2 */
#5    Object "/usr/lib/x86_64-linux-gnu/libc.so.6", at 0x7f8e93af5c60, in epoll_pwait2
      Source "../sysdeps/unix/sysv/linux/epoll_pwait2.c", line 27, in epoll_pwait2 [0x7f8e93af5c60]
#4    Object "/usr/lib/x86_64-linux-gnu/libc.so.6", at 0x7f8e93a1251f, in 
#3    Object "/home/sunyc/src/fluffos/build-debug/src/driver", at 0x5640332493e4, in (anonymous namespace)::attempt_shutdown(int)
      Source "/home/sunyc/src/fluffos/src/mainlib.cc", line 169, in attempt_shutdown [0x5640332493e4]
        166:   signal(SIGINT, SIG_DFL);
        167: 
        168:   // Print backtrace
      > 169:   print_native_stacktrace();
        170: 
        171:   // Attempt to call crash()
        172:   fatal(msg);
#2    Object "/home/sunyc/src/fluffos/build-debug/src/driver", at 0x56403332e9a8, in print_native_stacktrace()
      Source "/home/sunyc/src/fluffos/src/base/internal/crash_handler.cc", line 37, in print_native_stacktrace [0x56403332e9a8]
         34:   static StackTrace st;
         35:   static Printer p;
         36: 
      >  37:   st.load_here(64);
         38:   p.object = true;
         39:   p.color_mode = ColorMode::automatic;
         40:   p.address = true;
#1    Object "/home/sunyc/src/fluffos/build-debug/src/driver", at 0x564033233769, in backward::StackTraceImpl<backward::system_tag::linux_tag>::load_here(unsigned long, void*, void*)
      Source "/home/sunyc/src/fluffos/src/thirdparty/backward-cpp/backward.hpp", line 882, in load_here [0x564033233769]
        879:       return 0;
        880:     }
        881:     _stacktrace.resize(depth);
      > 882:     size_t trace_cnt = details::unwind(callback(*this), depth);
        883:     _stacktrace.resize(trace_cnt);
        884:     skip_n_firsts(0);
        885:     return size();
#0    Object "/home/sunyc/src/fluffos/build-debug/src/driver", at 0x564033238308, in unsigned long backward::details::unwind<backward::StackTraceImpl<backward::system_tag::linux_tag>::callback>(backward::StackTraceImpl<backward::system_tag::linux_tag>::callback, unsigned long)
      Source "/home/sunyc/src/fluffos/src/thirdparty/backward-cpp/backward.hpp", line 864, in unwind<backward::StackTraceImpl<backward::system_tag::linux_tag>::callback> [0x564033238308]
        862: template <typename F> size_t unwind(F f, size_t depth) {
        863:   Unwinder<F> unwinder;
      > 864:   return unwinder(f, depth);
        865: }
        866: 
        867: } // namespace details
******** FATAL ERROR: SIGTERM: Process terminated
