99.03.14 13:06 B f:\mirror1\d\dali\tianlongsi\banruotai.c --> www1.yn.cninfo.net /mudcctx/mudlib/d/dali/tianlongsi banruotai.c
99.03.14 13:06 B f:\mirror1\d\dali\tianlongsi\baodian.c --> www1.yn.cninfo.net /mudcctx/mudlib/d/dali/tianlongsi baodian.c
99.03.14 13:06 B f:\mirror1\d\dali\tianlongsi\cibeiyuan.c --> www1.yn.cninfo.net /mudcctx/mudlib/d/dali/tianlongsi cibeiyuan.c
99.03.14 13:06 B f:\mirror1\d\dali\tianlongsi\damen.c --> www1.yn.cninfo.net /mudcctx/mudlib/d/dali/tianlongsi damen.c
99.03.14 13:06 B f:\mirror1\d\dali\tianlongsi\doumugong.c --> www1.yn.cninfo.net /mudcctx/mudlib/d/dali/tianlongsi doumugong.c
99.03.14 13:06 B f:\mirror1\d\dali\tianlongsi\doushuai.c --> www1.yn.cninfo.net /mudcctx/mudlib/d/dali/tianlongsi doushuai.c
99.03.14 13:06 B f:\mirror1\d\dali\tianlongsi\huangtianmen.c --> www1.yn.cninfo.net /mudcctx/mudlib/d/dali/tianlongsi huangtianmen.c
99.03.14 13:06 B f:\mirror1\d\dali\tianlongsi\lianwuchang1.c --> www1.yn.cninfo.net /mudcctx/mudlib/d/dali/tianlongsi lianwuchang1.c
99.03.14 13:06 B f:\mirror1\d\dali\tianlongsi\munitang.c --> www1.yn.cninfo.net /mudcctx/mudlib/d/dali/tianlongsi munitang.c
99.03.14 13:06 B f:\mirror1\d\dali\tianlongsi\qingxinge.c --> www1.yn.cninfo.net /mudcctx/mudlib/d/dali/tianlongsi qingxinge.c
99.03.14 13:06 B f:\mirror1\d\dali\tianlongsi\ruihemen.c --> www1.yn.cninfo.net /mudcctx/mudlib/d/dali/tianlongsi ruihemen.c
99.03.14 13:06 B f:\mirror1\d\dali\tianlongsi\sanwugong.c --> www1.yn.cninfo.net /mudcctx/mudlib/d/dali/tianlongsi sanwugong.c
99.03.14 13:06 B f:\mirror1\d\dali\tianlongsi\ta1.c --> www1.yn.cninfo.net /mudcctx/mudlib/d/dali/tianlongsi ta1.c
99.03.14 13:06 B f:\mirror1\d\dali\tianlongsi\ta2.c --> www1.yn.cninfo.net /mudcctx/mudlib/d/dali/tianlongsi ta2.c
99.03.14 13:06 B f:\mirror1\d\dali\tianlongsi\ta3.c --> www1.yn.cninfo.net /mudcctx/mudlib/d/dali/tianlongsi ta3.c
99.03.14 13:06 B f:\mirror1\d\dali\tianlongsi\tading.c --> www1.yn.cninfo.net /mudcctx/mudlib/d/dali/tianlongsi tading.c
99.03.14 13:06 B f:\mirror1\d\dali\tianlongsi\talin.c --> www1.yn.cninfo.net /mudcctx/mudlib/d/dali/tianlongsi talin.c
99.03.14 13:06 B f:\mirror1\d\dali\tianlongsi\wuchangge.c --> www1.yn.cninfo.net /mudcctx/mudlib/d/dali/tianlongsi wuchangge.c
99.03.14 13:06 B f:\mirror1\d\dali\tianlongsi\wujingge.c --> www1.yn.cninfo.net /mudcctx/mudlib/d/dali/tianlongsi wujingge.c
99.03.14 13:06 B f:\mirror1\d\dali\tianlongsi\wulege.c --> www1.yn.cninfo.net /mudcctx/mudlib/d/dali/tianlongsi wulege.c
99.03.14 13:06 B f:\mirror1\d\dali\tianlongsi\wuwoge.c --> www1.yn.cninfo.net /mudcctx/mudlib/d/dali/tianlongsi wuwoge.c
99.03.14 13:06 B f:\mirror1\d\dali\tianlongsi\wuwujing.c --> www1.yn.cninfo.net /mudcctx/mudlib/d/dali/tianlongsi wuwujing.c
99.03.14 13:06 B f:\mirror1\d\dali\tianlongsi\xianghemen.c --> www1.yn.cninfo.net /mudcctx/mudlib/d/dali/tianlongsi xianghemen.c
99.03.14 13:06 B f:\mirror1\d\dali\tianlongsi\yaotai.c --> www1.yn.cninfo.net /mudcctx/mudlib/d/dali/tianlongsi yaotai.c
99.03.14 13:06 B f:\mirror1\d\dali\tianlongsi\yuhuayuan.c --> www1.yn.cninfo.net /mudcctx/mudlib/d/dali/tianlongsi yuhuayuan.c
99.03.14 13:06 B f:\mirror1\d\dali\tianlongsi\zhaobi.c --> www1.yn.cninfo.net /mudcctx/mudlib/d/dali/tianlongsi zhaobi.c
