----------------------------------------------------------------------------
书剑2002 (MudOS v22pre11) starting up on Microsoft Windows NT - Mon Jun 11 16:49:42 2007


Connected to address server on localhost port 3990

Loading preloaded files ...
Initializations complete.

Accepting connections on port 5555.
Accepting connections on port 2000.
Accepting connections on port 2002.
Accepting connections on port 2003.
Accepting connections on port 2004.
错误
执行时段错误：*Bad argument 1 to capitalize()
Expected: string Got: 0.

程式：adm/daemons/channeld.c 第 265 行
物件: adm/daemons/channeld ("0(0)")
对象：clone/user/user#1 ("玄飞(Fyws)")
呼叫来自：adm/daemons/logind.c 的 get_passwd() 第 285 行，物件： adm/daemons/logind ("0(0)")
呼叫来自：adm/daemons/logind.c 的 enter_world() 第 701 行，物件： adm/daemons/logind ("0(0)")
呼叫来自：adm/daemons/channeld.c 的 do_channel() 第 265 行，物件： adm/daemons/channeld ("0(0)")
错误
执行时段错误：*Bad argument 1 to capitalize()
Expected: string Got: 0.

程式：adm/daemons/channeld.c 第 265 行
物件: adm/daemons/channeld ("0(0)")
对象：0
呼叫来自：clone/user/user.c 的 net_dead() 第 197 行，物件： clone/user/user#1 ("玄飞(Fyws)")
呼叫来自：adm/daemons/channeld.c 的 do_channel() 第 265 行，物件： adm/daemons/channeld ("0(0)")
