错误讯息被拦截：
执行时段错误：*call_other() couldn't find object '/adm/daemons/event/emei.l'.

程式：/adm/daemons/eventd.lpc 第 56 行
物件：/adm/daemons/eventd
呼叫来自：/adm/single/master.lpc 的 preload() 第 182 行，物件： /adm/single/master
呼叫来自：/adm/single/master.lpc 的 CATCH() 第 182 行，物件： /adm/single/master
呼叫来自：/adm/daemons/eventd.lpc 的 create() 第 31 行，物件： /adm/daemons/eventd
呼叫来自：/adm/daemons/eventd.lpc 的 collect_all_event() 第 56 行，物件： /adm/daemons/eventd
错误讯息被拦截：
执行时段错误：*No program in object '/adm/daemons/timed'!

程式：/adm/single/master.lpc 第 182 行
物件：/adm/single/master
呼叫来自：/adm/single/master.lpc 的 preload() 第 182 行，物件： /adm/single/master
呼叫来自：/adm/single/master.lpc 的 CATCH() 第 182 行，物件： /adm/single/master
错误讯息被拦截：
执行时段错误：*call_other() couldn't find object '/adm/daemons/event/emei.l'.

程式：/adm/daemons/eventd.lpc 第 56 行
物件：/adm/daemons/eventd
呼叫来自：/adm/single/master.lpc 的 preload() 第 182 行，物件： /adm/single/master
呼叫来自：/adm/single/master.lpc 的 CATCH() 第 182 行，物件： /adm/single/master
呼叫来自：/adm/daemons/eventd.lpc 的 create() 第 31 行，物件： /adm/daemons/eventd
呼叫来自：/adm/daemons/eventd.lpc 的 collect_all_event() 第 56 行，物件： /adm/daemons/eventd

执行时段错误：*No program in object '/clone/quest/capture'!

程式：/adm/daemons/quest/capture.lpc 第 22 行
物件：/adm/daemons/quest/capture
呼叫来自：/adm/daemons/quest/capture.lpc 的 heart_beat() 第 35 行，物件： /adm/daemons/quest/capture
呼叫来自：/adm/daemons/quest/capture.lpc 的 start_quest() 第 22 行，物件： /adm/daemons/quest/capture

执行时段错误：*No program in object '/clone/quest/capture'!

程式：/adm/daemons/quest/capture.lpc 第 22 行
物件：/adm/daemons/quest/capture
呼叫来自：/adm/daemons/quest/capture.lpc 的 heart_beat() 第 35 行，物件： /adm/daemons/quest/capture
呼叫来自：/adm/daemons/quest/capture.lpc 的 start_quest() 第 22 行，物件： /adm/daemons/quest/capture

执行时段错误：*No program in object '/clone/quest/capture'!

程式：/adm/daemons/quest/capture.lpc 第 22 行
物件：/adm/daemons/quest/capture
呼叫来自：/adm/daemons/quest/capture.lpc 的 heart_beat() 第 35 行，物件： /adm/daemons/quest/capture
呼叫来自：/adm/daemons/quest/capture.lpc 的 start_quest() 第 22 行，物件： /adm/daemons/quest/capture

执行时段错误：*No program in object '/clone/quest/explore'!

程式：/adm/daemons/quest/explore.lpc 第 111 行
物件：/adm/daemons/quest/explore
呼叫来自：/adm/daemons/quest/explore.lpc 的 heart_beat() 第 129 行，物件： /adm/daemons/quest/explore
呼叫来自：/adm/daemons/quest/explore.lpc 的 start_quest() 第 111 行，物件： /adm/daemons/quest/explore

执行时段错误：*No program in object '/clone/quest/capture'!

程式：/adm/daemons/quest/capture.lpc 第 22 行
物件：/adm/daemons/quest/capture
呼叫来自：/adm/daemons/quest/capture.lpc 的 heart_beat() 第 35 行，物件： /adm/daemons/quest/capture
呼叫来自：/adm/daemons/quest/capture.lpc 的 start_quest() 第 22 行，物件： /adm/daemons/quest/capture

执行时段错误：*No program in object '/clone/quest/deliver'!

程式：/adm/daemons/quest/deliver.lpc 第 39 行
物件：/adm/daemons/quest/deliver
呼叫来自：/adm/daemons/quest/deliver.lpc 的 heart_beat() 第 54 行，物件： /adm/daemons/quest/deliver
呼叫来自：/adm/daemons/quest/deliver.lpc 的 start_quest() 第 39 行，物件： /adm/daemons/quest/deliver

执行时段错误：*No program in object '/clone/quest/capture'!

程式：/adm/daemons/quest/capture.lpc 第 22 行
物件：/adm/daemons/quest/capture
呼叫来自：/adm/daemons/quest/capture.lpc 的 heart_beat() 第 35 行，物件： /adm/daemons/quest/capture
呼叫来自：/adm/daemons/quest/capture.lpc 的 start_quest() 第 22 行，物件： /adm/daemons/quest/capture

执行时段错误：*No program in object '/clone/quest/supply'!

程式：/adm/daemons/quest/supply.lpc 第 100 行
物件：/adm/daemons/quest/supply
呼叫来自：/adm/daemons/quest/supply.lpc 的 heart_beat() 第 118 行，物件： /adm/daemons/quest/supply
呼叫来自：/adm/daemons/quest/supply.lpc 的 start_quest() 第 100 行，物件： /adm/daemons/quest/supply

执行时段错误：*No program in object '/clone/quest/capture'!

程式：/adm/daemons/quest/capture.lpc 第 22 行
物件：/adm/daemons/quest/capture
呼叫来自：/adm/daemons/quest/capture.lpc 的 heart_beat() 第 35 行，物件： /adm/daemons/quest/capture
呼叫来自：/adm/daemons/quest/capture.lpc 的 start_quest() 第 22 行，物件： /adm/daemons/quest/capture

执行时段错误：*No program in object '/clone/quest/search'!

程式：/adm/daemons/quest/search.lpc 第 52 行
物件：/adm/daemons/quest/search
呼叫来自：/adm/daemons/quest/search.lpc 的 heart_beat() 第 66 行，物件： /adm/daemons/quest/search
呼叫来自：/adm/daemons/quest/search.lpc 的 start_quest() 第 52 行，物件： /adm/daemons/quest/search

执行时段错误：*No program in object '/clone/quest/trace'!

程式：/adm/daemons/quest/trace.lpc 第 22 行
物件：/adm/daemons/quest/trace
呼叫来自：/adm/daemons/quest/trace.lpc 的 heart_beat() 第 35 行，物件： /adm/daemons/quest/trace
呼叫来自：/adm/daemons/quest/trace.lpc 的 start_quest() 第 22 行，物件： /adm/daemons/quest/trace

执行时段错误：*No program in object '/clone/quest/capture'!

程式：/adm/daemons/quest/capture.lpc 第 22 行
物件：/adm/daemons/quest/capture
呼叫来自：/adm/daemons/quest/capture.lpc 的 heart_beat() 第 35 行，物件： /adm/daemons/quest/capture
呼叫来自：/adm/daemons/quest/capture.lpc 的 start_quest() 第 22 行，物件： /adm/daemons/quest/capture

执行时段错误：*No program in object '/clone/quest/explore'!

程式：/adm/daemons/quest/explore.lpc 第 111 行
物件：/adm/daemons/quest/explore
呼叫来自：/adm/daemons/quest/explore.lpc 的 heart_beat() 第 129 行，物件： /adm/daemons/quest/explore
呼叫来自：/adm/daemons/quest/explore.lpc 的 start_quest() 第 111 行，物件： /adm/daemons/quest/explore

执行时段错误：*No program in object '/clone/quest/capture'!

程式：/adm/daemons/quest/capture.lpc 第 22 行
物件：/adm/daemons/quest/capture
呼叫来自：/adm/daemons/quest/capture.lpc 的 heart_beat() 第 35 行，物件： /adm/daemons/quest/capture
呼叫来自：/adm/daemons/quest/capture.lpc 的 start_quest() 第 22 行，物件： /adm/daemons/quest/capture

执行时段错误：*No program in object '/clone/quest/capture'!

程式：/adm/daemons/quest/capture.lpc 第 22 行
物件：/adm/daemons/quest/capture
呼叫来自：/adm/daemons/quest/capture.lpc 的 heart_beat() 第 35 行，物件： /adm/daemons/quest/capture
呼叫来自：/adm/daemons/quest/capture.lpc 的 start_quest() 第 22 行，物件： /adm/daemons/quest/capture

执行时段错误：*No program in object '/clone/quest/deliver'!

程式：/adm/daemons/quest/deliver.lpc 第 39 行
物件：/adm/daemons/quest/deliver
呼叫来自：/adm/daemons/quest/deliver.lpc 的 heart_beat() 第 54 行，物件： /adm/daemons/quest/deliver
呼叫来自：/adm/daemons/quest/deliver.lpc 的 start_quest() 第 39 行，物件： /adm/daemons/quest/deliver

执行时段错误：*No program in object '/clone/quest/capture'!

程式：/adm/daemons/quest/capture.lpc 第 22 行
物件：/adm/daemons/quest/capture
呼叫来自：/adm/daemons/quest/capture.lpc 的 heart_beat() 第 35 行，物件： /adm/daemons/quest/capture
呼叫来自：/adm/daemons/quest/capture.lpc 的 start_quest() 第 22 行，物件： /adm/daemons/quest/capture

执行时段错误：*No program in object '/clone/quest/shen'!

程式：/adm/daemons/quest/shen.lpc 第 24 行
物件：/adm/daemons/quest/shen
呼叫来自：/adm/daemons/quest/shen.lpc 的 heart_beat() 第 37 行，物件： /adm/daemons/quest/shen
呼叫来自：/adm/daemons/quest/shen.lpc 的 start_quest() 第 24 行，物件： /adm/daemons/quest/shen

执行时段错误：*No program in object '/clone/quest/supply'!

程式：/adm/daemons/quest/supply.lpc 第 100 行
物件：/adm/daemons/quest/supply
呼叫来自：/adm/daemons/quest/supply.lpc 的 heart_beat() 第 118 行，物件： /adm/daemons/quest/supply
呼叫来自：/adm/daemons/quest/supply.lpc 的 start_quest() 第 100 行，物件： /adm/daemons/quest/supply

执行时段错误：*No program in object '/clone/quest/explore'!

程式：/adm/daemons/quest/explore.lpc 第 111 行
物件：/adm/daemons/quest/explore
呼叫来自：/adm/daemons/quest/explore.lpc 的 heart_beat() 第 129 行，物件： /adm/daemons/quest/explore
呼叫来自：/adm/daemons/quest/explore.lpc 的 start_quest() 第 111 行，物件： /adm/daemons/quest/explore

执行时段错误：*No program in object '/clone/quest/capture'!

程式：/adm/daemons/quest/capture.lpc 第 22 行
物件：/adm/daemons/quest/capture
呼叫来自：/adm/daemons/quest/capture.lpc 的 heart_beat() 第 35 行，物件： /adm/daemons/quest/capture
呼叫来自：/adm/daemons/quest/capture.lpc 的 start_quest() 第 22 行，物件： /adm/daemons/quest/capture

执行时段错误：*No program in object '/clone/quest/judge'!

程式：/adm/daemons/quest/judge.lpc 第 22 行
物件：/adm/daemons/quest/judge
呼叫来自：/adm/daemons/quest/judge.lpc 的 heart_beat() 第 35 行，物件： /adm/daemons/quest/judge
呼叫来自：/adm/daemons/quest/judge.lpc 的 start_quest() 第 22 行，物件： /adm/daemons/quest/judge

执行时段错误：*No program in object '/clone/quest/capture'!

程式：/adm/daemons/quest/capture.lpc 第 22 行
物件：/adm/daemons/quest/capture
呼叫来自：/adm/daemons/quest/capture.lpc 的 heart_beat() 第 35 行，物件： /adm/daemons/quest/capture
呼叫来自：/adm/daemons/quest/capture.lpc 的 start_quest() 第 22 行，物件： /adm/daemons/quest/capture

执行时段错误：*No program in object '/clone/quest/search'!

程式：/adm/daemons/quest/search.lpc 第 52 行
物件：/adm/daemons/quest/search
呼叫来自：/adm/daemons/quest/search.lpc 的 heart_beat() 第 66 行，物件： /adm/daemons/quest/search
呼叫来自：/adm/daemons/quest/search.lpc 的 start_quest() 第 52 行，物件： /adm/daemons/quest/search

执行时段错误：*No program in object '/clone/quest/trace'!

程式：/adm/daemons/quest/trace.lpc 第 22 行
物件：/adm/daemons/quest/trace
呼叫来自：/adm/daemons/quest/trace.lpc 的 heart_beat() 第 35 行，物件： /adm/daemons/quest/trace
呼叫来自：/adm/daemons/quest/trace.lpc 的 start_quest() 第 22 行，物件： /adm/daemons/quest/trace

执行时段错误：*No program in object '/clone/quest/capture'!

程式：/adm/daemons/quest/capture.lpc 第 22 行
物件：/adm/daemons/quest/capture
呼叫来自：/adm/daemons/quest/capture.lpc 的 heart_beat() 第 35 行，物件： /adm/daemons/quest/capture
呼叫来自：/adm/daemons/quest/capture.lpc 的 start_quest() 第 22 行，物件： /adm/daemons/quest/capture

执行时段错误：*No program in object '/clone/quest/deliver'!

程式：/adm/daemons/quest/deliver.lpc 第 39 行
物件：/adm/daemons/quest/deliver
呼叫来自：/adm/daemons/quest/deliver.lpc 的 heart_beat() 第 54 行，物件： /adm/daemons/quest/deliver
呼叫来自：/adm/daemons/quest/deliver.lpc 的 start_quest() 第 39 行，物件： /adm/daemons/quest/deliver

执行时段错误：*No program in object '/clone/quest/capture'!

程式：/adm/daemons/quest/capture.lpc 第 22 行
物件：/adm/daemons/quest/capture
呼叫来自：/adm/daemons/quest/capture.lpc 的 heart_beat() 第 35 行，物件： /adm/daemons/quest/capture
呼叫来自：/adm/daemons/quest/capture.lpc 的 start_quest() 第 22 行，物件： /adm/daemons/quest/capture

执行时段错误：*No program in object '/clone/quest/explore'!

程式：/adm/daemons/quest/explore.lpc 第 111 行
物件：/adm/daemons/quest/explore
呼叫来自：/adm/daemons/quest/explore.lpc 的 heart_beat() 第 129 行，物件： /adm/daemons/quest/explore
呼叫来自：/adm/daemons/quest/explore.lpc 的 start_quest() 第 111 行，物件： /adm/daemons/quest/explore

执行时段错误：*No program in object '/clone/quest/capture'!

程式：/adm/daemons/quest/capture.lpc 第 22 行
物件：/adm/daemons/quest/capture
呼叫来自：/adm/daemons/quest/capture.lpc 的 heart_beat() 第 35 行，物件： /adm/daemons/quest/capture
呼叫来自：/adm/daemons/quest/capture.lpc 的 start_quest() 第 22 行，物件： /adm/daemons/quest/capture

执行时段错误：*No program in object '/clone/quest/supply'!

程式：/adm/daemons/quest/supply.lpc 第 100 行
物件：/adm/daemons/quest/supply
呼叫来自：/adm/daemons/quest/supply.lpc 的 heart_beat() 第 118 行，物件： /adm/daemons/quest/supply
呼叫来自：/adm/daemons/quest/supply.lpc 的 start_quest() 第 100 行，物件： /adm/daemons/quest/supply

执行时段错误：*No program in object '/clone/quest/capture'!

程式：/adm/daemons/quest/capture.lpc 第 22 行
物件：/adm/daemons/quest/capture
呼叫来自：/adm/daemons/quest/capture.lpc 的 heart_beat() 第 35 行，物件： /adm/daemons/quest/capture
呼叫来自：/adm/daemons/quest/capture.lpc 的 start_quest() 第 22 行，物件： /adm/daemons/quest/capture

执行时段错误：*No program in object '/clone/quest/capture'!

程式：/adm/daemons/quest/capture.lpc 第 22 行
物件：/adm/daemons/quest/capture
呼叫来自：/adm/daemons/quest/capture.lpc 的 heart_beat() 第 35 行，物件： /adm/daemons/quest/capture
呼叫来自：/adm/daemons/quest/capture.lpc 的 start_quest() 第 22 行，物件： /adm/daemons/quest/capture

执行时段错误：*No program in object '/clone/quest/capture'!

程式：/adm/daemons/quest/capture.lpc 第 22 行
物件：/adm/daemons/quest/capture
呼叫来自：/adm/daemons/quest/capture.lpc 的 heart_beat() 第 35 行，物件： /adm/daemons/quest/capture
呼叫来自：/adm/daemons/quest/capture.lpc 的 start_quest() 第 22 行，物件： /adm/daemons/quest/capture

执行时段错误：*No program in object '/clone/quest/explore'!

程式：/adm/daemons/quest/explore.lpc 第 111 行
物件：/adm/daemons/quest/explore
呼叫来自：/adm/daemons/quest/explore.lpc 的 heart_beat() 第 129 行，物件： /adm/daemons/quest/explore
呼叫来自：/adm/daemons/quest/explore.lpc 的 start_quest() 第 111 行，物件： /adm/daemons/quest/explore

执行时段错误：*No program in object '/clone/quest/deliver'!

程式：/adm/daemons/quest/deliver.lpc 第 39 行
物件：/adm/daemons/quest/deliver
呼叫来自：/adm/daemons/quest/deliver.lpc 的 heart_beat() 第 54 行，物件： /adm/daemons/quest/deliver
呼叫来自：/adm/daemons/quest/deliver.lpc 的 start_quest() 第 39 行，物件： /adm/daemons/quest/deliver

执行时段错误：*No program in object '/clone/quest/search'!

程式：/adm/daemons/quest/search.lpc 第 52 行
物件：/adm/daemons/quest/search
呼叫来自：/adm/daemons/quest/search.lpc 的 heart_beat() 第 66 行，物件： /adm/daemons/quest/search
呼叫来自：/adm/daemons/quest/search.lpc 的 start_quest() 第 52 行，物件： /adm/daemons/quest/search

执行时段错误：*No program in object '/clone/quest/trace'!

程式：/adm/daemons/quest/trace.lpc 第 22 行
物件：/adm/daemons/quest/trace
呼叫来自：/adm/daemons/quest/trace.lpc 的 heart_beat() 第 35 行，物件： /adm/daemons/quest/trace
呼叫来自：/adm/daemons/quest/trace.lpc 的 start_quest() 第 22 行，物件： /adm/daemons/quest/trace

执行时段错误：*No program in object '/clone/quest/capture'!

程式：/adm/daemons/quest/capture.lpc 第 22 行
物件：/adm/daemons/quest/capture
呼叫来自：/adm/daemons/quest/capture.lpc 的 heart_beat() 第 35 行，物件： /adm/daemons/quest/capture
呼叫来自：/adm/daemons/quest/capture.lpc 的 start_quest() 第 22 行，物件： /adm/daemons/quest/capture

执行时段错误：*No program in object '/clone/quest/capture'!

程式：/adm/daemons/quest/capture.lpc 第 22 行
物件：/adm/daemons/quest/capture
呼叫来自：/adm/daemons/quest/capture.lpc 的 heart_beat() 第 35 行，物件： /adm/daemons/quest/capture
呼叫来自：/adm/daemons/quest/capture.lpc 的 start_quest() 第 22 行，物件： /adm/daemons/quest/capture

执行时段错误：*No program in object '/clone/quest/shen'!

程式：/adm/daemons/quest/shen.lpc 第 24 行
物件：/adm/daemons/quest/shen
呼叫来自：/adm/daemons/quest/shen.lpc 的 heart_beat() 第 37 行，物件： /adm/daemons/quest/shen
呼叫来自：/adm/daemons/quest/shen.lpc 的 start_quest() 第 24 行，物件： /adm/daemons/quest/shen

执行时段错误：*No program in object '/clone/quest/capture'!

程式：/adm/daemons/quest/capture.lpc 第 22 行
物件：/adm/daemons/quest/capture
呼叫来自：/adm/daemons/quest/capture.lpc 的 heart_beat() 第 35 行，物件： /adm/daemons/quest/capture
呼叫来自：/adm/daemons/quest/capture.lpc 的 start_quest() 第 22 行，物件： /adm/daemons/quest/capture

执行时段错误：*No program in object '/clone/quest/supply'!

程式：/adm/daemons/quest/supply.lpc 第 100 行
物件：/adm/daemons/quest/supply
呼叫来自：/adm/daemons/quest/supply.lpc 的 heart_beat() 第 118 行，物件： /adm/daemons/quest/supply
呼叫来自：/adm/daemons/quest/supply.lpc 的 start_quest() 第 100 行，物件： /adm/daemons/quest/supply

执行时段错误：*No program in object '/clone/quest/explore'!

程式：/adm/daemons/quest/explore.lpc 第 111 行
物件：/adm/daemons/quest/explore
呼叫来自：/adm/daemons/quest/explore.lpc 的 heart_beat() 第 129 行，物件： /adm/daemons/quest/explore
呼叫来自：/adm/daemons/quest/explore.lpc 的 start_quest() 第 111 行，物件： /adm/daemons/quest/explore

执行时段错误：*No program in object '/clone/quest/capture'!

程式：/adm/daemons/quest/capture.lpc 第 22 行
物件：/adm/daemons/quest/capture
呼叫来自：/adm/daemons/quest/capture.lpc 的 heart_beat() 第 35 行，物件： /adm/daemons/quest/capture
呼叫来自：/adm/daemons/quest/capture.lpc 的 start_quest() 第 22 行，物件： /adm/daemons/quest/capture

执行时段错误：*No program in object '/clone/quest/capture'!

程式：/adm/daemons/quest/capture.lpc 第 22 行
物件：/adm/daemons/quest/capture
呼叫来自：/adm/daemons/quest/capture.lpc 的 heart_beat() 第 35 行，物件： /adm/daemons/quest/capture
呼叫来自：/adm/daemons/quest/capture.lpc 的 start_quest() 第 22 行，物件： /adm/daemons/quest/capture

执行时段错误：*No program in object '/clone/quest/judge'!

程式：/adm/daemons/quest/judge.lpc 第 22 行
物件：/adm/daemons/quest/judge
呼叫来自：/adm/daemons/quest/judge.lpc 的 heart_beat() 第 35 行，物件： /adm/daemons/quest/judge
呼叫来自：/adm/daemons/quest/judge.lpc 的 start_quest() 第 22 行，物件： /adm/daemons/quest/judge

执行时段错误：*No program in object '/clone/quest/deliver'!

程式：/adm/daemons/quest/deliver.lpc 第 39 行
物件：/adm/daemons/quest/deliver
呼叫来自：/adm/daemons/quest/deliver.lpc 的 heart_beat() 第 54 行，物件： /adm/daemons/quest/deliver
呼叫来自：/adm/daemons/quest/deliver.lpc 的 start_quest() 第 39 行，物件： /adm/daemons/quest/deliver

执行时段错误：*No program in object '/clone/quest/capture'!

程式：/adm/daemons/quest/capture.lpc 第 22 行
物件：/adm/daemons/quest/capture
呼叫来自：/adm/daemons/quest/capture.lpc 的 heart_beat() 第 35 行，物件： /adm/daemons/quest/capture
呼叫来自：/adm/daemons/quest/capture.lpc 的 start_quest() 第 22 行，物件： /adm/daemons/quest/capture

执行时段错误：*No program in object '/clone/quest/capture'!

程式：/adm/daemons/quest/capture.lpc 第 22 行
物件：/adm/daemons/quest/capture
呼叫来自：/adm/daemons/quest/capture.lpc 的 heart_beat() 第 35 行，物件： /adm/daemons/quest/capture
呼叫来自：/adm/daemons/quest/capture.lpc 的 start_quest() 第 22 行，物件： /adm/daemons/quest/capture
错误讯息被拦截：
执行时段错误：*call_other() couldn't find object '/adm/daemons/event/emei.l'.

程式：/adm/daemons/eventd.lpc 第 56 行
物件：/adm/daemons/eventd
呼叫来自：/adm/single/master.lpc 的 preload() 第 182 行，物件： /adm/single/master
呼叫来自：/adm/single/master.lpc 的 CATCH() 第 182 行，物件： /adm/single/master
呼叫来自：/adm/daemons/eventd.lpc 的 create() 第 31 行，物件： /adm/daemons/eventd
呼叫来自：/adm/daemons/eventd.lpc 的 collect_all_event() 第 56 行，物件： /adm/daemons/eventd

执行时段错误：*No program in object '/d/city/npc/gongzi'!

程式：/inherit/room/room.lpc 第 33 行
物件：/d/city/xidajie3
呼叫来自：/inherit/char/char.lpc 的 heart_beat() 第 191 行，物件： /kungfu/class/generate/capturenpc3#1463 ("王芄")
呼叫来自：/inherit/char/npc.lpc 的 scan() 第 440 行，物件： /kungfu/class/generate/capturenpc3#1463 ("王芄")
呼叫来自：/inherit/char/npc.lpc 的 chat() 第 532 行，物件： /kungfu/class/generate/capturenpc3#1463 ("王芄")
呼叫来自：/<driver> 的 <fake>() 第 0 行，物件： /kungfu/class/generate/capturenpc3#1463 ("王芄")
呼叫来自：/kungfu/class/generate/capturenpc3.lpc 的 random_move() 第 71 行，物件： /kungfu/class/generate/capturenpc3#1463 ("王芄")
呼叫来自：/adm/daemons/npcd.lpc 的 random_move() 第 359 行，物件： /adm/daemons/npcd
呼叫来自：/adm/single/simul_efun.lpc 的 get_object() 第 165 行，物件： /adm/single/simul_efun
呼叫来自：/d/city/xidajie3.lpc 的 create() 第 29 行，物件： /d/city/xidajie3
呼叫来自：/inherit/room/room.lpc 的 setup() 第 270 行，物件： /d/city/xidajie3
呼叫来自：/inherit/room/room.lpc 的 reset() 第 102 行，物件： /d/city/xidajie3
呼叫来自：/inherit/room/room.lpc 的 make_inventory() 第 33 行，物件： /d/city/xidajie3

执行时段错误：*No program in object '/d/city/npc/gongzi'!

程式：/inherit/room/room.lpc 第 33 行
物件：/d/city/xidajie3
呼叫来自：/inherit/char/char.lpc 的 heart_beat() 第 191 行，物件： /kungfu/class/generate/capturenpc3#2187 ("汪步不健")
呼叫来自：/inherit/char/npc.lpc 的 scan() 第 440 行，物件： /kungfu/class/generate/capturenpc3#2187 ("汪步不健")
呼叫来自：/inherit/char/npc.lpc 的 chat() 第 532 行，物件： /kungfu/class/generate/capturenpc3#2187 ("汪步不健")
呼叫来自：/<driver> 的 <fake>() 第 0 行，物件： /kungfu/class/generate/capturenpc3#2187 ("汪步不健")
呼叫来自：/kungfu/class/generate/capturenpc3.lpc 的 random_move() 第 71 行，物件： /kungfu/class/generate/capturenpc3#2187 ("汪步不健")
呼叫来自：/adm/daemons/npcd.lpc 的 random_move() 第 359 行，物件： /adm/daemons/npcd
呼叫来自：/adm/single/simul_efun.lpc 的 get_object() 第 165 行，物件： /adm/single/simul_efun
呼叫来自：/d/city/xidajie3.lpc 的 create() 第 29 行，物件： /d/city/xidajie3
呼叫来自：/inherit/room/room.lpc 的 setup() 第 270 行，物件： /d/city/xidajie3
呼叫来自：/inherit/room/room.lpc 的 reset() 第 102 行，物件： /d/city/xidajie3
呼叫来自：/inherit/room/room.lpc 的 make_inventory() 第 33 行，物件： /d/city/xidajie3

执行时段错误：*No program in object '/clone/user/user'!

程式：/adm/daemons/logind.lpc 第 1153 行
物件：/adm/daemons/logind
呼叫来自：/adm/daemons/logind.lpc 的 get_gender() 第 1110 行，物件： /adm/daemons/logind
呼叫来自：/adm/daemons/logind.lpc 的 make_body() 第 1153 行，物件： /adm/daemons/logind

执行时段错误：*No program in object '/d/city/npc/paimaishi'!

程式：0 第 0 行
物件：/adm/single/master
