99.03.14 13:49 B f:\mirror1\d\xuedao\bingqitang.c --> www1.yn.cninfo.net /mudcctx/mudlib/d/xuedao bingqitang.c
99.03.14 13:49 B f:\mirror1\d\xuedao\biwutang.c --> www1.yn.cninfo.net /mudcctx/mudlib/d/xuedao biwutang.c
99.03.14 13:49 B f:\mirror1\d\xuedao\chufang.c --> www1.yn.cninfo.net /mudcctx/mudlib/d/xuedao chufang.c
99.03.14 13:49 B f:\mirror1\d\xuedao\clang1.c --> www1.yn.cninfo.net /mudcctx/mudlib/d/xuedao clang1.c
99.03.14 13:49 B f:\mirror1\d\xuedao\clang2.c --> www1.yn.cninfo.net /mudcctx/mudlib/d/xuedao clang2.c
99.03.14 13:49 B f:\mirror1\d\xuedao\damen.c --> www1.yn.cninfo.net /mudcctx/mudlib/d/xuedao damen.c
99.03.14 13:49 B f:\mirror1\d\xuedao\daotang.c --> www1.yn.cninfo.net /mudcctx/mudlib/d/xuedao daotang.c
99.03.14 13:49 B f:\mirror1\d\xuedao\dong.c --> www1.yn.cninfo.net /mudcctx/mudlib/d/xuedao dong.c
99.03.14 13:49 B f:\mirror1\d\xuedao\gudi.c --> www1.yn.cninfo.net /mudcctx/mudlib/d/xuedao gudi.c
99.03.14 13:49 B f:\mirror1\d\xuedao\gudidong.c --> www1.yn.cninfo.net /mudcctx/mudlib/d/xuedao gudidong.c
99.03.14 13:49 B f:\mirror1\d\xuedao\houshan.c --> www1.yn.cninfo.net /mudcctx/mudlib/d/xuedao houshan.c
99.03.14 13:49 B f:\mirror1\d\xuedao\jitai.c --> www1.yn.cninfo.net /mudcctx/mudlib/d/xuedao jitai.c
99.03.14 13:49 B f:\mirror1\d\xuedao\lang1.c --> www1.yn.cninfo.net /mudcctx/mudlib/d/xuedao lang1.c
99.03.14 13:49 B f:\mirror1\d\xuedao\lang2.c --> www1.yn.cninfo.net /mudcctx/mudlib/d/xuedao lang2.c
99.03.14 13:49 B f:\mirror1\d\xuedao\lang3.c --> www1.yn.cninfo.net /mudcctx/mudlib/d/xuedao lang3.c
99.03.14 13:49 B f:\mirror1\d\xuedao\lang4.c --> www1.yn.cninfo.net /mudcctx/mudlib/d/xuedao lang4.c
99.03.14 13:49 B f:\mirror1\d\xuedao\lianhua.c --> www1.yn.cninfo.net /mudcctx/mudlib/d/xuedao lianhua.c
99.03.14 13:49 B f:\mirror1\d\xuedao\lianyaotang.c --> www1.yn.cninfo.net /mudcctx/mudlib/d/xuedao lianyaotang.c
99.03.14 13:49 B f:\mirror1\d\xuedao\luanwu.c --> www1.yn.cninfo.net /mudcctx/mudlib/d/xuedao luanwu.c
99.03.14 13:49 B f:\mirror1\d\xuedao\restroom.c --> www1.yn.cninfo.net /mudcctx/mudlib/d/xuedao restroom.c
99.03.14 13:49 B f:\mirror1\d\xuedao\restroom1.c --> www1.yn.cninfo.net /mudcctx/mudlib/d/xuedao restroom1.c
99.03.14 13:49 B f:\mirror1\d\xuedao\restroom2.c --> www1.yn.cninfo.net /mudcctx/mudlib/d/xuedao restroom2.c
99.03.14 13:49 B f:\mirror1\d\xuedao\restroom3.c --> www1.yn.cninfo.net /mudcctx/mudlib/d/xuedao restroom3.c
99.03.14 13:49 B f:\mirror1\d\xuedao\road1.c --> www1.yn.cninfo.net /mudcctx/mudlib/d/xuedao road1.c
99.03.14 13:49 B f:\mirror1\d\xuedao\road2.c --> www1.yn.cninfo.net /mudcctx/mudlib/d/xuedao road2.c
99.03.14 13:49 B f:\mirror1\d\xuedao\road3.c --> www1.yn.cninfo.net /mudcctx/mudlib/d/xuedao road3.c
99.03.14 13:49 B f:\mirror1\d\xuedao\road4.c --> www1.yn.cninfo.net /mudcctx/mudlib/d/xuedao road4.c
99.03.14 13:49 B f:\mirror1\d\xuedao\shanlu1.c --> www1.yn.cninfo.net /mudcctx/mudlib/d/xuedao shanlu1.c
99.03.14 13:49 B f:\mirror1\d\xuedao\shanlu2.c --> www1.yn.cninfo.net /mudcctx/mudlib/d/xuedao shanlu2.c
99.03.14 13:49 B f:\mirror1\d\xuedao\shanlu3.c --> www1.yn.cninfo.net /mudcctx/mudlib/d/xuedao shanlu3.c
99.03.14 13:49 B f:\mirror1\d\xuedao\tianditang.c --> www1.yn.cninfo.net /mudcctx/mudlib/d/xuedao tianditang.c
99.03.14 13:49 B f:\mirror1\d\xuedao\tzfang.c --> www1.yn.cninfo.net /mudcctx/mudlib/d/xuedao tzfang.c
99.03.14 13:49 B f:\mirror1\d\xuedao\xuechi.c --> www1.yn.cninfo.net /mudcctx/mudlib/d/xuedao xuechi.c
99.03.14 13:49 B f:\mirror1\d\xuedao\xuedao_b.c --> www1.yn.cninfo.net /mudcctx/mudlib/d/xuedao xuedao_b.c
99.03.14 13:49 B f:\mirror1\d\xuedao\zawujian.c --> www1.yn.cninfo.net /mudcctx/mudlib/d/xuedao zawujian.c
99.03.14 13:49 B f:\mirror1\d\xuedao\zhujuan.c --> www1.yn.cninfo.net /mudcctx/mudlib/d/xuedao zhujuan.c
99.03.14 13:49 B f:\mirror1\d\xuedao\zlang1.c --> www1.yn.cninfo.net /mudcctx/mudlib/d/xuedao zlang1.c
99.03.14 13:49 B f:\mirror1\d\xuedao\zlang2.c --> www1.yn.cninfo.net /mudcctx/mudlib/d/xuedao zlang2.c
