
<---Mudos v22pre11 for WIN95/NT (by wwj,Aug 15 1998) Config: 侠客行三 startup at Sat Aug 15 14:24:58 1998

Initializing internal tables....
using config file: d:\xkx3\config.xkx
open log/debug.log file failed.

<---Mudos v22pre11 for WIN95/NT (by wwj,Aug 15 1998) Config: 侠客行三 shutdown at Sat Aug 15 14:24:58 1998




<---Mudos v22pre11 for WIN95/NT (by wwj,Aug 15 1998) Config: 侠客行三 startup at Sat Aug 15 14:25:27 1998

using config file: d:\xkx3\config.xkx
----------------------------------------------------------------------------
侠客行三 (MudOS v22pre11) starting up on Microsoft Windows 95 - Sat Aug 15 14:25:27 1998


Can't find "mudos", ignoring old binaries.
Try invoking the driver using the full pathname.
Connected to address server on localhost port 3990
]simul_efun loaded successfully.

Loading preloaded files ...
Initializations complete.

Accepting connections on port 4444.
Initializing internal tables....

<---Mudos v22pre11 for WIN95/NT (by wwj,Aug 15 1998) Config: 侠客行三 startup at Sat Aug 15 14:27:05 1998

using config file: d:\xkx3\config.xkx
----------------------------------------------------------------------------
侠客行三 (MudOS v22pre11) starting up on Microsoft Windows 95 - Sat Aug 15 14:27:05 1998


Can't find "mudos", ignoring old binaries.
Try invoking the driver using the full pathname.
Connected to address server on localhost port 3990
]simul_efun loaded successfully.

Loading preloaded files ...
Initializations complete.

Accepting connections on port 4444.

执行时段错误：*Array index out of bounds.

程式：cmds/arch/callouts.c 第 18 行
物件: /cmds/arch/callouts
呼叫来自：feature/command.c 的 command_hook() 第 56 行，物件： clone/user/user#1 ("老猫")
呼叫来自：cmds/arch/callouts.c 的 main() 第 18 行，物件： cmds/arch/callouts
错误讯息被拦截: 
执行时段错误：*Error in loading object '/adm/daemons/network/services/mudlist_a'

程式：adm/daemons/network/dns_master.c 第 811 行
物件: /adm/daemons/network/dns_master
呼叫来自：feature/command.c 的 command_hook() 第 56 行，物件： clone/user/user#1 ("老猫")
呼叫来自：cmds/wiz/update.c 的 main() 第 52 行，物件： cmds/wiz/update
呼叫来自：cmds/wiz/update.c 的 CATCH() 第 52 行，物件： cmds/wiz/update
呼叫来自：adm/daemons/network/dns_master.c 的 create() 第 811 行，物件： adm/daemons/network/dns_master

执行时段错误：*Bad type argument to +. Had int and mapping

程式：adm/daemons/network/dns_master.c 第 618 行
物件: /adm/daemons/network/dns_master
呼叫来自：feature/command.c 的 command_hook() 第 56 行，物件： clone/user/user#1 ("老猫")
呼叫来自：cmds/wiz/mudlist.c 的 main() 第 22 行，物件： cmds/wiz/mudlist
呼叫来自：adm/daemons/network/dns_master.c 的 query_muds() 第 618 行，物件： adm/daemons/network/dns_master
Initializing internal tables....

<---Mudos v22pre11 for WIN95/NT (by wwj,Aug 15 1998) Config: 侠客行三 startup at Sat Aug 15 14:30:47 1998

using config file: d:\xkx3\config.xkx
----------------------------------------------------------------------------
侠客行三 (MudOS v22pre11) starting up on Microsoft Windows 95 - Sat Aug 15 14:30:47 1998


Can't find "mudos", ignoring old binaries.
Try invoking the driver using the full pathname.
Connected to address server on localhost port 3990
]simul_efun loaded successfully.

Loading preloaded files ...
Initializations complete.

Accepting connections on port 4444.

执行时段错误：*Array index out of bounds.

程式：cmds/arch/callouts.c 第 18 行
物件: /cmds/arch/callouts
呼叫来自：feature/command.c 的 command_hook() 第 56 行，物件： clone/user/user#1 ("老猫")
呼叫来自：cmds/arch/callouts.c 的 main() 第 18 行，物件： cmds/arch/callouts
Initializing internal tables....

<---Mudos v22pre11 for WIN95/NT (by wwj,Aug 15 1998) Config: 侠客行三 startup at Sat Aug 15 14:35:28 1998

using config file: d:\xkx3\config.xkx
----------------------------------------------------------------------------
侠客行三 (MudOS v22pre11) starting up on Microsoft Windows 95 - Sat Aug 15 14:35:28 1998


Can't find "mudos", ignoring old binaries.
Try invoking the driver using the full pathname.
Connected to address server on localhost port 3990
]simul_efun loaded successfully.

Loading preloaded files ...
Initializations complete.

Accepting connections on port 4444.
Initializing internal tables....

<---Mudos v22pre11 for WIN95/NT (by wwj,Aug 15 1998) Config: 侠客行三 startup at Sat Aug 15 14:36:48 1998

using config file: d:\xkx3\config.xkx
----------------------------------------------------------------------------
侠客行三 (MudOS v22pre11) starting up on Microsoft Windows 95 - Sat Aug 15 14:36:48 1998


Can't find "mudos", ignoring old binaries.
Try invoking the driver using the full pathname.
Connected to address server on localhost port 3990
]simul_efun loaded successfully.

Loading preloaded files ...
Initializations complete.

Accepting connections on port 4444.
Initializing internal tables....
