
<---东方故事(蓝天): MudOs v22pre11 (by wwj,Jan  1 1999) startup on Microsoft Windows 98 at Wed May 23 22:39:45 2001

using config file: F:\es1\config.cfg
Can't find "mudos", ignoring old binaries.
Try invoking the driver using the full pathname.
System Error: init_addr_server: connect: WSAECONNREFUSED

Loading preloaded files ...
Initializations complete.

Accepting connections on port 8888.

执行时段错误：*Bad argument 1 to sscanf
Expected: string Got: 0.

程式：adm/obj/simul_efun.c 第 12 行
物件: /adm/obj/simul_efun
呼叫来自：std/npc.c 的 heart_beat() 第 302 行，物件： d/noden/farwind/monster/crazy_rat#114
呼叫来自：std/body/attack.c 的 continue_attack() 第 931 行，物件： d/noden/farwind/monster/crazy_rat#114
呼叫来自：std/body/attack.c 的 execute_attack() 第 836 行，物件： d/noden/farwind/monster/crazy_rat#114
呼叫来自：std/living/stats.c 的 gain_experience() 第 234 行，物件： d/noden/farwind/monster/crazy_rat#114
呼叫来自：adm/obj/simul_efun.c 的 base_name() 第 12 行，物件： adm/obj/simul_efun
Heart beat in d/noden/farwind/monster/crazy_rat#114 turned off.
Initializing internal tables....

<---东方故事(蓝天): MudOs v22pre11 (by wwj,Jan  1 1999) startup on Microsoft Windows 98 at Sat May 26 19:18:46 2001

using config file: F:\es1\config.cfg
Can't find "mudos", ignoring old binaries.
Try invoking the driver using the full pathname.
System Error: init_addr_server: connect: WSAECONNREFUSED

Loading preloaded files ...
Initializations complete.

Accepting connections on port 8888.

执行时段错误：*Bad argument 1 to sscanf
Expected: string Got: 0.

程式：adm/obj/simul_efun.c 第 12 行
物件: /adm/obj/simul_efun
呼叫来自：std/npc.c 的 heart_beat() 第 302 行，物件： d/noden/farwind/monster/crazy_rat#93
呼叫来自：std/body/attack.c 的 continue_attack() 第 931 行，物件： d/noden/farwind/monster/crazy_rat#93
呼叫来自：std/body/attack.c 的 execute_attack() 第 836 行，物件： d/noden/farwind/monster/crazy_rat#93
呼叫来自：std/living/stats.c 的 gain_experience() 第 234 行，物件： d/noden/farwind/monster/crazy_rat#93
呼叫来自：adm/obj/simul_efun.c 的 base_name() 第 12 行，物件： adm/obj/simul_efun
Heart beat in d/noden/farwind/monster/crazy_rat#93 turned off.
Initializing internal tables....

<---东方故事(蓝天): MudOs v22pre11 (by wwj,Jan  1 1999) startup on Microsoft Windows 98 at Sat May 26 19:45:22 2001

using config file: F:\es1\config.cfg
Can't find "mudos", ignoring old binaries.
Try invoking the driver using the full pathname.
System Error: init_addr_server: connect: WSAECONNREFUSED

Loading preloaded files ...
Initializations complete.

Accepting connections on port 8888.

执行时段错误：*Bad argument 1 to sscanf
Expected: string Got: 0.

程式：adm/obj/simul_efun.c 第 12 行
物件: /adm/obj/simul_efun
呼叫来自：std/npc.c 的 heart_beat() 第 302 行，物件： d/noden/farwind/monster/crazy_rat#63
呼叫来自：std/body/attack.c 的 continue_attack() 第 932 行，物件： d/noden/farwind/monster/crazy_rat#63
呼叫来自：std/body/attack.c 的 execute_attack() 第 837 行，物件： d/noden/farwind/monster/crazy_rat#63
呼叫来自：std/living/stats.c 的 gain_experience() 第 234 行，物件： d/noden/farwind/monster/crazy_rat#63
呼叫来自：adm/obj/simul_efun.c 的 base_name() 第 12 行，物件： adm/obj/simul_efun
Heart beat in d/noden/farwind/monster/crazy_rat#63 turned off.
Initializing internal tables....

<---东方故事(蓝天): MudOs v22pre11 (by wwj,Jan  1 1999) startup on Microsoft Windows 98 at Sat May 26 23:39:45 2001

using config file: F:\es1\config.cfg
Can't find "mudos", ignoring old binaries.
Try invoking the driver using the full pathname.
System Error: init_addr_server: connect: WSAECONNREFUSED

Loading preloaded files ...
Initializations complete.

Accepting connections on port 8888.

执行时段错误：*Bad argument 1 to sscanf
Expected: string Got: 0.

程式：adm/obj/simul_efun.c 第 12 行
物件: /adm/obj/simul_efun
呼叫来自：std/npc.c 的 heart_beat() 第 302 行，物件： d/noden/farwind/monster/crazy_rat#59
呼叫来自：std/body/attack.c 的 continue_attack() 第 933 行，物件： d/noden/farwind/monster/crazy_rat#59
呼叫来自：std/body/attack.c 的 execute_attack() 第 838 行，物件： d/noden/farwind/monster/crazy_rat#59
呼叫来自：std/living/stats.c 的 gain_experience() 第 234 行，物件： d/noden/farwind/monster/crazy_rat#59
呼叫来自：adm/obj/simul_efun.c 的 base_name() 第 12 行，物件： adm/obj/simul_efun
Heart beat in d/noden/farwind/monster/crazy_rat#59 turned off.

执行时段错误：*Bad argument 1 to sscanf
Expected: string Got: 0.

程式：adm/obj/simul_efun.c 第 12 行
物件: /adm/obj/simul_efun
呼叫来自：std/npc.c 的 heart_beat() 第 302 行，物件： d/noden/farwind/monster/crazy_rat#66
呼叫来自：std/body/attack.c 的 continue_attack() 第 933 行，物件： d/noden/farwind/monster/crazy_rat#66
呼叫来自：std/body/attack.c 的 execute_attack() 第 838 行，物件： d/noden/farwind/monster/crazy_rat#66
呼叫来自：std/living/stats.c 的 gain_experience() 第 234 行，物件： d/noden/farwind/monster/crazy_rat#66
呼叫来自：adm/obj/simul_efun.c 的 base_name() 第 12 行，物件： adm/obj/simul_efun
Heart beat in d/noden/farwind/monster/crazy_rat#66 turned off.
Initializing internal tables....

<---东方故事(蓝天): MudOs v22pre11 (by wwj,Jan  1 1999) startup on Microsoft Windows 98 at Sun May 27 00:21:49 2001

using config file: F:\es1\config.cfg
Can't find "mudos", ignoring old binaries.
Try invoking the driver using the full pathname.
System Error: init_addr_server: connect: WSAECONNREFUSED

Loading preloaded files ...
Initializations complete.

Accepting connections on port 8888.
Initializing internal tables....

<---东方故事(蓝天): MudOs v22pre11 (by wwj,Jan  1 1999) startup on Microsoft Windows 98 at Sun May 27 00:26:11 2001

using config file: F:\es1\config.cfg
Can't find "mudos", ignoring old binaries.
Try invoking the driver using the full pathname.
System Error: init_addr_server: connect: WSAECONNREFUSED

Loading preloaded files ...
Initializations complete.

Accepting connections on port 8888.

执行时段错误：*Bad argument 1 to sscanf
Expected: string Got: 0.

程式：adm/obj/simul_efun.c 第 12 行
物件: /adm/obj/simul_efun
呼叫来自：std/npc.c 的 heart_beat() 第 302 行，物件： d/noden/farwind/monster/crazy_rat#59
呼叫来自：std/body/attack.c 的 continue_attack() 第 934 行，物件： d/noden/farwind/monster/crazy_rat#59
呼叫来自：std/body/attack.c 的 execute_attack() 第 839 行，物件： d/noden/farwind/monster/crazy_rat#59
呼叫来自：std/living/stats.c 的 gain_experience() 第 234 行，物件： d/noden/farwind/monster/crazy_rat#59
呼叫来自：adm/obj/simul_efun.c 的 base_name() 第 12 行，物件： adm/obj/simul_efun
Heart beat in d/noden/farwind/monster/crazy_rat#59 turned off.
Initializing internal tables....

<---东方故事(蓝天): MudOs v22pre11 (by wwj,Jan  1 1999) startup on Microsoft Windows 98 at Sun May 27 19:31:56 2001

using config file: F:\es1\config.cfg
Can't find "mudos", ignoring old binaries.
Try invoking the driver using the full pathname.
System Error: init_addr_server: connect: WSAECONNREFUSED

Loading preloaded files ...
Initializations complete.

Accepting connections on port 8888.
Initializing internal tables....

<---东方故事(蓝天): MudOs v22pre11 (by wwj,Jan  1 1999) startup on Microsoft Windows 98 at Sun May 27 19:37:44 2001

using config file: F:\es1\config.cfg
Can't find "mudos", ignoring old binaries.
Try invoking the driver using the full pathname.
System Error: init_addr_server: connect: WSAECONNREFUSED

Loading preloaded files ...
Initializations complete.

Accepting connections on port 8888.

执行时段错误：*Bad argument 1 to sscanf
Expected: string Got: 0.

程式：adm/obj/simul_efun.c 第 12 行
物件: /adm/obj/simul_efun
呼叫来自：std/npc.c 的 heart_beat() 第 302 行，物件： d/noden/farwind/monster/crazy_rat#57
呼叫来自：std/body/attack.c 的 continue_attack() 第 934 行，物件： d/noden/farwind/monster/crazy_rat#57
呼叫来自：std/body/attack.c 的 execute_attack() 第 839 行，物件： d/noden/farwind/monster/crazy_rat#57
呼叫来自：std/living/stats.c 的 gain_experience() 第 234 行，物件： d/noden/farwind/monster/crazy_rat#57
呼叫来自：adm/obj/simul_efun.c 的 base_name() 第 12 行，物件： adm/obj/simul_efun
Heart beat in d/noden/farwind/monster/crazy_rat#57 turned off.

执行时段错误：*Error in loading object '/adm/daemons/network/services/gchannel'

程式：adm/daemons/channeld.c 第 95 行
物件: /adm/daemons/channeld
呼叫来自：std/user.c 的 heart_beat() 第 818 行，物件： std/user_ob/elf#1
呼叫来自：std/user.c 的 run_cmds() 第 802 行，物件： std/user_ob/elf#1
呼叫来自：std/user.c 的 cmd_hook() 第 148 行，物件： std/user_ob/elf#1
呼叫来自：adm/daemons/channeld.c 的 do_channel() 第 95 行，物件： adm/daemons/channeld
Heart beat in std/user_ob/elf#1 turned off.

执行时段错误：*Error in loading object '/adm/daemons/network/services/gchannel'

程式：adm/daemons/channeld.c 第 95 行
物件: /adm/daemons/channeld
呼叫来自：std/user.c 的 heart_beat() 第 818 行，物件： std/user_ob/elf#1
呼叫来自：std/user.c 的 run_cmds() 第 802 行，物件： std/user_ob/elf#1
呼叫来自：std/user.c 的 cmd_hook() 第 148 行，物件： std/user_ob/elf#1
呼叫来自：adm/daemons/channeld.c 的 do_channel() 第 95 行，物件： adm/daemons/channeld
Heart beat in std/user_ob/elf#1 turned off.

执行时段错误：*Error in loading object '/adm/daemons/network/services/gchannel'

程式：adm/daemons/channeld.c 第 95 行
物件: /adm/daemons/channeld
呼叫来自：std/user.c 的 heart_beat() 第 818 行，物件： std/user_ob/elf#1
呼叫来自：std/user.c 的 run_cmds() 第 802 行，物件： std/user_ob/elf#1
呼叫来自：std/user.c 的 cmd_hook() 第 148 行，物件： std/user_ob/elf#1
呼叫来自：adm/daemons/channeld.c 的 do_channel() 第 95 行，物件： adm/daemons/channeld
Heart beat in std/user_ob/elf#1 turned off.

执行时段错误：*Error in loading object '/adm/daemons/network/services/gchannel'

程式：adm/daemons/channeld.c 第 95 行
物件: /adm/daemons/channeld
呼叫来自：std/user.c 的 heart_beat() 第 818 行，物件： std/user_ob/orc#64
呼叫来自：std/user.c 的 run_cmds() 第 802 行，物件： std/user_ob/orc#64
呼叫来自：std/user.c 的 cmd_hook() 第 148 行，物件： std/user_ob/orc#64
呼叫来自：adm/daemons/channeld.c 的 do_channel() 第 95 行，物件： adm/daemons/channeld
Heart beat in std/user_ob/orc#64 turned off.
Initializing internal tables....

<---东方故事(蓝天): MudOs v22pre11 (by wwj,Jan  1 1999) startup on Microsoft Windows 98 at Sun May 27 20:18:17 2001

using config file: F:\es1\config.cfg
Can't find "mudos", ignoring old binaries.
Try invoking the driver using the full pathname.
System Error: init_addr_server: connect: WSAECONNREFUSED

Loading preloaded files ...
Initializations complete.

Accepting connections on port 8888.

执行时段错误：*Bad argument 1 to sscanf
Expected: string Got: 0.

程式：adm/obj/simul_efun.c 第 12 行
物件: /adm/obj/simul_efun
呼叫来自：std/npc.c 的 heart_beat() 第 302 行，物件： d/noden/farwind/monster/crazy_rat#61
呼叫来自：std/body/attack.c 的 continue_attack() 第 934 行，物件： d/noden/farwind/monster/crazy_rat#61
呼叫来自：std/body/attack.c 的 execute_attack() 第 839 行，物件： d/noden/farwind/monster/crazy_rat#61
呼叫来自：std/living/stats.c 的 gain_experience() 第 234 行，物件： d/noden/farwind/monster/crazy_rat#61
呼叫来自：adm/obj/simul_efun.c 的 base_name() 第 12 行，物件： adm/obj/simul_efun
Heart beat in d/noden/farwind/monster/crazy_rat#61 turned off.
Initializing internal tables....

<---东方故事(蓝天): MudOs v22pre11 (by wwj,Jan  1 1999) startup on Microsoft Windows 98 at Sun May 27 20:29:56 2001

using config file: F:\es1\config.cfg
Can't find "mudos", ignoring old binaries.
Try invoking the driver using the full pathname.
System Error: init_addr_server: connect: WSAECONNREFUSED

Loading preloaded files ...
Initializations complete.

Accepting connections on port 8888.

执行时段错误：*Bad argument 1 to sscanf
Expected: string Got: 0.

程式：adm/obj/simul_efun.c 第 12 行
物件: /adm/obj/simul_efun
呼叫来自：std/npc.c 的 heart_beat() 第 302 行，物件： d/noden/farwind/monster/crazy_rat#67
呼叫来自：std/body/attack.c 的 continue_attack() 第 934 行，物件： d/noden/farwind/monster/crazy_rat#67
呼叫来自：std/body/attack.c 的 execute_attack() 第 839 行，物件： d/noden/farwind/monster/crazy_rat#67
呼叫来自：std/living/stats.c 的 gain_experience() 第 234 行，物件： d/noden/farwind/monster/crazy_rat#67
呼叫来自：adm/obj/simul_efun.c 的 base_name() 第 12 行，物件： adm/obj/simul_efun
Heart beat in d/noden/farwind/monster/crazy_rat#67 turned off.
错误讯息被拦截: 
执行时段错误：*Error in loading object '/d/noden/farwind/monster/crazy_rat'

程式：cmds/open/_update.c 第 132 行
物件: /cmds/open/_update
呼叫来自：std/user.c 的 heart_beat() 第 818 行，物件： std/user_ob/orc#115
呼叫来自：std/user.c 的 run_cmds() 第 802 行，物件： std/user_ob/orc#115
呼叫来自：std/user.c 的 cmd_hook() 第 125 行，物件： std/user_ob/orc#115
呼叫来自：cmds/open/_update.c 的 cmd_update() 第 132 行，物件： cmds/open/_update
呼叫来自：cmds/open/_update.c 的 CATCH() 第 132 行，物件： cmds/open/_update
Initializing internal tables....

<---东方故事(蓝天): MudOs v22pre11 (by wwj,Jan  1 1999) startup on Microsoft Windows 98 at Sun May 27 21:04:02 2001

using config file: F:\es1\config.cfg
Can't find "mudos", ignoring old binaries.
Try invoking the driver using the full pathname.
System Error: init_addr_server: connect: WSAECONNREFUSED

Loading preloaded files ...
Initializations complete.

Accepting connections on port 8888.

执行时段错误：*Bad argument 1 to sscanf
Expected: string Got: 0.

程式：adm/obj/simul_efun.c 第 12 行
物件: /adm/obj/simul_efun
呼叫来自：std/npc.c 的 heart_beat() 第 302 行，物件： d/noden/farwind/monster/crazy_rat#185
呼叫来自：std/body/attack.c 的 continue_attack() 第 934 行，物件： d/noden/farwind/monster/crazy_rat#185
呼叫来自：std/body/attack.c 的 execute_attack() 第 839 行，物件： d/noden/farwind/monster/crazy_rat#185
呼叫来自：std/living/stats.c 的 gain_experience() 第 234 行，物件： d/noden/farwind/monster/crazy_rat#185
呼叫来自：adm/obj/simul_efun.c 的 base_name() 第 12 行，物件： adm/obj/simul_efun
Heart beat in d/noden/farwind/monster/crazy_rat#185 turned off.

执行时段错误：*Bad argument 1 to sscanf
Expected: string Got: 0.

程式：adm/obj/simul_efun.c 第 12 行
物件: /adm/obj/simul_efun
呼叫来自：std/npc.c 的 heart_beat() 第 302 行，物件： d/noden/farwind/monster/crazy_rat#666
呼叫来自：std/body/attack.c 的 continue_attack() 第 934 行，物件： d/noden/farwind/monster/crazy_rat#666
呼叫来自：std/body/attack.c 的 execute_attack() 第 839 行，物件： d/noden/farwind/monster/crazy_rat#666
呼叫来自：std/living/stats.c 的 gain_experience() 第 234 行，物件： d/noden/farwind/monster/crazy_rat#666
呼叫来自：adm/obj/simul_efun.c 的 base_name() 第 12 行，物件： adm/obj/simul_efun
Heart beat in d/noden/farwind/monster/crazy_rat#666 turned off.
Initializing internal tables....

<---东方故事(蓝天): MudOs v22pre11 (by wwj,Jan  1 1999) startup on Microsoft Windows 98 at Sun May 27 23:54:40 2001

using config file: F:\es1\config.cfg
Can't find "mudos", ignoring old binaries.
Try invoking the driver using the full pathname.
System Error: init_addr_server: connect: WSAECONNREFUSED

Loading preloaded files ...
Initializations complete.

Accepting connections on port 8888.
Initializing internal tables....

<---东方故事(蓝天): MudOs v22pre11 (by wwj,Jan  1 1999) startup on Microsoft Windows 98 at Sun May 27 23:59:29 2001

using config file: F:\es1\config.cfg
Can't find "mudos", ignoring old binaries.
Try invoking the driver using the full pathname.
System Error: init_addr_server: connect: WSAECONNREFUSED

Loading preloaded files ...
Initializations complete.

Accepting connections on port 8888.

执行时段错误：*Bad argument 1 to sscanf
Expected: string Got: 0.

程式：adm/obj/simul_efun.c 第 12 行
物件: /adm/obj/simul_efun
呼叫来自：std/npc.c 的 heart_beat() 第 302 行，物件： d/noden/farwind/monster/crazy_rat#69
呼叫来自：std/body/attack.c 的 continue_attack() 第 934 行，物件： d/noden/farwind/monster/crazy_rat#69
呼叫来自：std/body/attack.c 的 execute_attack() 第 839 行，物件： d/noden/farwind/monster/crazy_rat#69
呼叫来自：std/living/stats.c 的 gain_experience() 第 234 行，物件： d/noden/farwind/monster/crazy_rat#69
呼叫来自：adm/obj/simul_efun.c 的 base_name() 第 12 行，物件： adm/obj/simul_efun
Heart beat in d/noden/farwind/monster/crazy_rat#69 turned off.
Initializing internal tables....

<---东方故事(蓝天): MudOs v22pre11 (by wwj,Jan  1 1999) startup on Microsoft Windows 98 at Mon May 28 01:00:32 2001

using config file: F:\es1\config.cfg
Can't find "mudos", ignoring old binaries.
Try invoking the driver using the full pathname.
System Error: init_addr_server: connect: WSAECONNREFUSED

Loading preloaded files ...
Initializations complete.

Accepting connections on port 8888.

执行时段错误：*Bad argument 1 to sscanf
Expected: string Got: 0.

程式：adm/obj/simul_efun.c 第 12 行
物件: /adm/obj/simul_efun
呼叫来自：std/npc.c 的 heart_beat() 第 302 行，物件： d/noden/farwind/monster/crazy_rat#64
呼叫来自：std/body/attack.c 的 continue_attack() 第 934 行，物件： d/noden/farwind/monster/crazy_rat#64
呼叫来自：std/body/attack.c 的 execute_attack() 第 839 行，物件： d/noden/farwind/monster/crazy_rat#64
呼叫来自：std/living/stats.c 的 gain_experience() 第 234 行，物件： d/noden/farwind/monster/crazy_rat#64
呼叫来自：adm/obj/simul_efun.c 的 base_name() 第 12 行，物件： adm/obj/simul_efun
Heart beat in d/noden/farwind/monster/crazy_rat#64 turned off.

执行时段错误：*Bad argument 1 to sscanf
Expected: string Got: 0.

程式：adm/obj/simul_efun.c 第 12 行
物件: /adm/obj/simul_efun
呼叫来自：std/npc.c 的 heart_beat() 第 302 行，物件： d/noden/farwind/monster/crazy_rat#71
呼叫来自：std/body/attack.c 的 continue_attack() 第 934 行，物件： d/noden/farwind/monster/crazy_rat#71
呼叫来自：std/body/attack.c 的 execute_attack() 第 839 行，物件： d/noden/farwind/monster/crazy_rat#71
呼叫来自：std/living/stats.c 的 gain_experience() 第 234 行，物件： d/noden/farwind/monster/crazy_rat#71
呼叫来自：adm/obj/simul_efun.c 的 base_name() 第 12 行，物件： adm/obj/simul_efun
Heart beat in d/noden/farwind/monster/crazy_rat#71 turned off.

执行时段错误：*Bad argument 1 to sscanf
Expected: string Got: 0.

程式：adm/obj/simul_efun.c 第 12 行
物件: /adm/obj/simul_efun
呼叫来自：std/npc.c 的 heart_beat() 第 302 行，物件： d/noden/farwind/monster/crazy_rat#77
呼叫来自：std/body/attack.c 的 continue_attack() 第 934 行，物件： d/noden/farwind/monster/crazy_rat#77
呼叫来自：std/body/attack.c 的 execute_attack() 第 839 行，物件： d/noden/farwind/monster/crazy_rat#77
呼叫来自：std/living/stats.c 的 gain_experience() 第 234 行，物件： d/noden/farwind/monster/crazy_rat#77
呼叫来自：adm/obj/simul_efun.c 的 base_name() 第 12 行，物件： adm/obj/simul_efun
Heart beat in d/noden/farwind/monster/crazy_rat#77 turned off.
Initializing internal tables....

<---东方故事(蓝天): MudOs v22pre11 (by wwj,Jan  1 1999) startup on Microsoft Windows 98 at Mon May 28 19:00:35 2001

using config file: F:\es1\config.cfg
Can't find "mudos", ignoring old binaries.
Try invoking the driver using the full pathname.
System Error: init_addr_server: connect: WSAECONNREFUSED

Loading preloaded files ...
Initializations complete.

Accepting connections on port 8888.
