== copying libs/hy5/raw/海洋5/hy5 -> libs/hy5/work
== encoding: GB18030 -> UTF-8 for every text file
  progress 200/73254
  progress 400/73254
  progress 600/73254
  progress 800/73254
  progress 1000/73254
  progress 1200/73254
  progress 1400/73254
  progress 1600/73254
  progress 1800/73254
  progress 2000/73254
  progress 2200/73254
  progress 2400/73254
  progress 2600/73254
  progress 2800/73254
  progress 3000/73254
  progress 3200/73254
  progress 3400/73254
  progress 3600/73254
  progress 3800/73254
  progress 4000/73254
  progress 4200/73254
  progress 4400/73254
  progress 4600/73254
  progress 4800/73254
  progress 5000/73254
  progress 5200/73254
  progress 5400/73254
  progress 5600/73254
  progress 5800/73254
  progress 6000/73254
  progress 6200/73254
  progress 6400/73254
  progress 6600/73254
  progress 6800/73254
  progress 7000/73254
  progress 7200/73254
  progress 7400/73254
  progress 7600/73254
  progress 7800/73254
  progress 8000/73254
  progress 8200/73254
  progress 8400/73254
  progress 8600/73254
  progress 8800/73254
  progress 9000/73254
  progress 9200/73254
  progress 9400/73254
  progress 9600/73254
  progress 9800/73254
  progress 10000/73254
  progress 10200/73254
  progress 10400/73254
  progress 10600/73254
  progress 10800/73254
  progress 11000/73254
  progress 11200/73254
  progress 11400/73254
  progress 11600/73254
  progress 11800/73254
  progress 12000/73254
  progress 12200/73254
  progress 12400/73254
  progress 12600/73254
  progress 12800/73254
  progress 13000/73254
  progress 13200/73254
  progress 13400/73254
  progress 13600/73254
  progress 13800/73254
  progress 14000/73254
  progress 14200/73254
  progress 14400/73254
  progress 14600/73254
  progress 14800/73254
  progress 15000/73254
  progress 15200/73254
  progress 15400/73254
  progress 15600/73254
  progress 15800/73254
  LOSSY conversion (invalid bytes dropped): libs/hy5/work/doc/board/xkx17
  LOSSY conversion (invalid bytes dropped): libs/hy5/work/doc/board/yb032
  progress 16000/73254
  LOSSY conversion (invalid bytes dropped): libs/hy5/work/doc/map/tiezhang
  LOSSY conversion (invalid bytes dropped): libs/hy5/work/doc/map/wudujiao
  LOSSY conversion (invalid bytes dropped): libs/hy5/work/doc/map/dali
  LOSSY conversion (invalid bytes dropped): libs/hy5/work/doc/map/allmap
  LOSSY conversion (invalid bytes dropped): libs/hy5/work/doc/map/china.map
  progress 16200/73254
  progress 16400/73254
  LOSSY conversion (invalid bytes dropped): libs/hy5/work/doc/help/wiz1
  LOSSY conversion (invalid bytes dropped): libs/hy5/work/doc/help/emoteg
  LOSSY conversion (invalid bytes dropped): libs/hy5/work/doc/help/emotef
  progress 16600/73254
  LOSSY conversion (invalid bytes dropped): libs/hy5/work/doc/help/yangzhou
  LOSSY conversion (invalid bytes dropped): libs/hy5/work/doc/help/emotec
  LOSSY conversion (invalid bytes dropped): libs/hy5/work/doc/help/emoteb
  LOSSY conversion (invalid bytes dropped): libs/hy5/work/doc/help/wlmm5
  LOSSY conversion (invalid bytes dropped): libs/hy5/work/doc/help/emotei
  LOSSY conversion (invalid bytes dropped): libs/hy5/work/doc/help/wudujiao
  LOSSY conversion (invalid bytes dropped): libs/hy5/work/doc/help/emotea
  progress 16800/73254
  LOSSY conversion (invalid bytes dropped): libs/hy5/work/doc/help/spskill
  LOSSY conversion (invalid bytes dropped): libs/hy5/work/doc/help/emotee
  LOSSY conversion (invalid bytes dropped): libs/hy5/work/doc/help/tasks
  LOSSY conversion (invalid bytes dropped): libs/hy5/work/doc/help/emoteh
  progress 17000/73254
  LOSSY conversion (invalid bytes dropped): libs/hy5/work/doc/help/riyuejiao
  LOSSY conversion (invalid bytes dropped): libs/hy5/work/doc/legend/xkx23
  LOSSY conversion (invalid bytes dropped): libs/hy5/work/doc/legend/xkx20
  LOSSY conversion (invalid bytes dropped): libs/hy5/work/doc/legend/xkx21
  LOSSY conversion (invalid bytes dropped): libs/hy5/work/doc/legend/xkx22
  LOSSY conversion (invalid bytes dropped): libs/hy5/work/doc/legend/xkx36
  LOSSY conversion (invalid bytes dropped): libs/hy5/work/doc/legend/xkx35
  progress 17200/73254
  progress 17400/73254
  progress 17600/73254
  LOSSY conversion (invalid bytes dropped): libs/hy5/work/kungfu/class/taohua/huang.c
  progress 17800/73254
  LOSSY conversion (invalid bytes dropped): libs/hy5/work/kungfu/skill/qxxy-shou.c
  progress 18000/73254
  progress 18200/73254
  progress 18400/73254
  LOSSY conversion (invalid bytes dropped): libs/hy5/work/kungfu/skill/wudu-goufa.c
  LOSSY conversion (invalid bytes dropped): libs/hy5/work/kungfu/skill/qingyi-jian.c
  progress 18600/73254
  LOSSY conversion (invalid bytes dropped): libs/hy5/work/kungfu/skill/duanjia-sword.c
  LOSSY conversion (invalid bytes dropped): libs/hy5/work/kungfu/skill/five-avoid.c
  LOSSY conversion (invalid bytes dropped): libs/hy5/work/kungfu/skill/duanyun-fu/hongtianza.c
  LOSSY conversion (invalid bytes dropped): libs/hy5/work/kungfu/skill/duanjia-jianfa.c
  progress 18800/73254
  LOSSY conversion (invalid bytes dropped): libs/hy5/work/kungfu/skill/mantian-xing.c
  LOSSY conversion (invalid bytes dropped): libs/hy5/work/kungfu/skill/shedao-qigong.c
  progress 19000/73254
  LOSSY conversion (invalid bytes dropped): libs/hy5/work/kungfu/skill/kunlun-zhang.c
  progress 19200/73254
  LOSSY conversion (invalid bytes dropped): libs/hy5/work/kungfu/skill/zhuihun-biao.c
  progress 19400/73254
  LOSSY conversion (invalid bytes dropped): libs/hy5/work/kungfu/skill/bashi-shentong/heart_sense.c
  progress 19600/73254
  LOSSY conversion (invalid bytes dropped): libs/hy5/work/kungfu/skill/huanhe-dao.c
  LOSSY conversion (invalid bytes dropped): libs/hy5/work/kungfu/skill/feixing-shu.c
  LOSSY conversion (invalid bytes dropped): libs/hy5/work/kungfu/skill/feitian-sword.c
  progress 19800/73254
  LOSSY conversion (invalid bytes dropped): libs/hy5/work/kungfu/skill/diwangquan.c
  progress 20000/73254
  progress 20200/73254
  progress 20400/73254
  progress 20600/73254
  LOSSY conversion (invalid bytes dropped): libs/hy5/work/quest/menpaijob/tiezhang/quest.c.bak
  LOSSY conversion (invalid bytes dropped): libs/hy5/work/quest/menpaijob/tiezhang/quest.c
  LOSSY conversion (invalid bytes dropped): libs/hy5/work/quest/menpaijob/mingjiao/zhangwuji.c
  progress 20800/73254
  LOSSY conversion (invalid bytes dropped): libs/hy5/work/quest/menpaijob/dali/quest.c.bak
  LOSSY conversion (invalid bytes dropped): libs/hy5/work/quest/menpaijob/dali/quest.c
  LOSSY conversion (invalid bytes dropped): libs/hy5/work/quest/menpaijob/xiaoyao/newjob/qupu.c
  progress 21000/73254
  progress 21200/73254
  LOSSY conversion (invalid bytes dropped): libs/hy5/work/quest/newbie/qiandao/lagjobold.c
  LOSSY conversion (invalid bytes dropped): libs/hy5/work/quest/songhuo/quest.c
  progress 21400/73254
  progress 21600/73254
  progress 21800/73254
  LOSSY conversion (invalid bytes dropped): libs/hy5/work/kfedit/skill/duanyun-fu/hongtianza.c
  progress 22000/73254
  progress 22200/73254
  progress 22400/73254
  LOSSY conversion (invalid bytes dropped): libs/hy5/work/kfedit/skill/bashi-shentong/heart_sense.c
  progress 22600/73254
  progress 22800/73254
  progress 23000/73254
  progress 23200/73254
  progress 23400/73254
  progress 23600/73254
  LOSSY conversion (invalid bytes dropped): libs/hy5/work/clone/guard/baoer.c.bak
  LOSSY conversion (invalid bytes dropped): libs/hy5/work/clone/guard/baoer.c
  progress 23800/73254
  progress 24000/73254
  LOSSY conversion (invalid bytes dropped): libs/hy5/work/clone/master/spskill
  progress 24200/73254
  progress 24400/73254
  progress 24600/73254
  progress 24800/73254
  progress 25000/73254
  progress 25200/73254
  progress 25400/73254
  progress 25600/73254
  progress 25800/73254
  progress 26000/73254
  progress 26200/73254
  progress 26400/73254
  progress 26600/73254
  progress 26800/73254
  progress 27000/73254
  progress 27200/73254
  progress 27400/73254
  progress 27600/73254
  progress 27800/73254
  progress 28000/73254
  progress 28200/73254
  progress 28400/73254
  progress 28600/73254
  progress 28800/73254
  progress 29000/73254
  progress 29200/73254
  progress 29400/73254
  progress 29600/73254
  progress 29800/73254
  progress 30000/73254
  progress 30200/73254
  progress 30400/73254
  progress 30600/73254
  progress 30800/73254
  progress 31000/73254
  progress 31200/73254
  progress 31400/73254
  progress 31600/73254
  progress 31800/73254
  LOSSY conversion (invalid bytes dropped): libs/hy5/work/data/board/gaibang_r.o
  LOSSY conversion (invalid bytes dropped): libs/hy5/work/data/board/lingjiu_b.o
  LOSSY conversion (invalid bytes dropped): libs/hy5/work/data/board/wudang_b.o
  LOSSY conversion (invalid bytes dropped): libs/hy5/work/data/board/kunlun_b.o
  LOSSY conversion (invalid bytes dropped): libs/hy5/work/data/board/henshan_b.o
  LOSSY conversion (invalid bytes dropped): libs/hy5/work/data/board/soo_b.o
  LOSSY conversion (invalid bytes dropped): libs/hy5/work/data/board/bonze_b.o
  LOSSY conversion (invalid bytes dropped): libs/hy5/work/data/board/kedian_b.o
  progress 32000/73254
  progress 32200/73254
  progress 32400/73254
  LOSSY conversion (invalid bytes dropped): libs/hy5/work/data/user/h/hxsd.o
  progress 32600/73254
  progress 32800/73254
  progress 33000/73254
  progress 33200/73254
  LOSSY conversion (invalid bytes dropped): libs/hy5/work/data/mail/b/beachboy.o
  LOSSY conversion (invalid bytes dropped): libs/hy5/work/data/mail/m/mmxnet.o
  LOSSY conversion (invalid bytes dropped): libs/hy5/work/data/mail/m/mikle.o
  LOSSY conversion (invalid bytes dropped): libs/hy5/work/data/mail/l/loveyyj.o
  progress 33400/73254
  LOSSY conversion (invalid bytes dropped): libs/hy5/work/data/mail/f/flow.o
  progress 33600/73254
  progress 33800/73254
  progress 34000/73254
  progress 34200/73254
  progress 34400/73254
  progress 34600/73254
  progress 34800/73254
  progress 35000/73254
  progress 35200/73254
  progress 35400/73254
  progress 35600/73254
  progress 35800/73254
  progress 36000/73254
  progress 36200/73254
  progress 36400/73254
  progress 36600/73254
  LOSSY conversion (invalid bytes dropped): libs/hy5/work/d/kaifeng/npc/obj/goldblade.c
  progress 36800/73254
  progress 37000/73254
  progress 37200/73254
  progress 37400/73254
  progress 37600/73254
  progress 37800/73254
  progress 38000/73254
  progress 38200/73254
  progress 38400/73254
  progress 38600/73254
  progress 38800/73254
  progress 39000/73254
  progress 39200/73254
  progress 39400/73254
  progress 39600/73254
  progress 39800/73254
  progress 40000/73254
  progress 40200/73254
  progress 40400/73254
  progress 40600/73254
  LOSSY conversion (invalid bytes dropped): libs/hy5/work/d/migong/lev17/dong70.c
  progress 40800/73254
  progress 41000/73254
  progress 41200/73254
  progress 41400/73254
  LOSSY conversion (invalid bytes dropped): libs/hy5/work/d/migong/dntg/sky/npc/jianguan.c
  LOSSY conversion (invalid bytes dropped): libs/hy5/work/d/migong/dntg/sky/npc/dianbu.c
  LOSSY conversion (invalid bytes dropped): libs/hy5/work/d/migong/dntg/sky/npc/smallhorse.c
  LOSSY conversion (invalid bytes dropped): libs/hy5/work/d/migong/dntg/sky/npc/dianmu.c
  LOSSY conversion (invalid bytes dropped): libs/hy5/work/d/migong/dntg/sky/npc/shenbing.c
  LOSSY conversion (invalid bytes dropped): libs/hy5/work/d/migong/dntg/sky/npc/autumn-gongcao.c
  LOSSY conversion (invalid bytes dropped): libs/hy5/work/d/migong/dntg/sky/npc/leigong.c
  LOSSY conversion (invalid bytes dropped): libs/hy5/work/d/migong/dntg/sky/npc/horsebaby.c
  LOSSY conversion (invalid bytes dropped): libs/hy5/work/d/migong/dntg/sky/npc/announcer.c
  LOSSY conversion (invalid bytes dropped): libs/hy5/work/d/migong/dntg/sky/npc/yuntong.c
  LOSSY conversion (invalid bytes dropped): libs/hy5/work/d/migong/dntg/sky/npc/jiancheng.c
  LOSSY conversion (invalid bytes dropped): libs/hy5/work/d/migong/dntg/sky/npc/fengpo.c
  LOSSY conversion (invalid bytes dropped): libs/hy5/work/d/migong/dntg/sky/npc/summer-gongcao.c
  progress 41600/73254
  LOSSY conversion (invalid bytes dropped): libs/hy5/work/d/migong/dntg/pantao/npc/lishi1.c
  LOSSY conversion (invalid bytes dropped): libs/hy5/work/d/migong/dntg/pantao/npc/lishi3.c
  LOSSY conversion (invalid bytes dropped): libs/hy5/work/d/migong/dntg/pantao/npc/lishi4.c
  LOSSY conversion (invalid bytes dropped): libs/hy5/work/d/migong/dntg/pantao/npc/lishi6.c
  LOSSY conversion (invalid bytes dropped): libs/hy5/work/d/migong/dntg/pantao/npc/lishi7.c
  LOSSY conversion (invalid bytes dropped): libs/hy5/work/d/migong/dntg/pantao/npc/lishi5.c
  LOSSY conversion (invalid bytes dropped): libs/hy5/work/d/migong/dntg/pantao/npc/lishi2.c
  LOSSY conversion (invalid bytes dropped): libs/hy5/work/d/migong/dntg/pantao/npc/tudi.c
  LOSSY conversion (invalid bytes dropped): libs/hy5/work/d/migong/dntg/pantao/npc/xiannu.c
  progress 41800/73254
  progress 42000/73254
  progress 42200/73254
  progress 42400/73254
  progress 42600/73254
  progress 42800/73254
  LOSSY conversion (invalid bytes dropped): libs/hy5/work/d/yandang/tieqiao3.c
  progress 43000/73254
  progress 43200/73254
  LOSSY conversion (invalid bytes dropped): libs/hy5/work/d/city4/poem/poem238
  progress 43400/73254
  LOSSY conversion (invalid bytes dropped): libs/hy5/work/d/city4/poem/poem244
  progress 43600/73254
  progress 43800/73254
  progress 44000/73254
  progress 44200/73254
  progress 44400/73254
  progress 44600/73254
  LOSSY conversion (invalid bytes dropped): libs/hy5/work/d/xinan/cunzi/npc/woman.c
  progress 44800/73254
  progress 45000/73254
  progress 45200/73254
  progress 45400/73254
  progress 45600/73254
  progress 45800/73254
  LOSSY conversion (invalid bytes dropped): libs/hy5/work/d/yueyang/npc/chaboshi.c
  progress 46000/73254
  progress 46200/73254
  progress 46400/73254
  progress 46600/73254
  progress 46800/73254
  progress 47000/73254
  progress 47200/73254
  progress 47400/73254
  progress 47600/73254
  progress 47800/73254
  progress 48000/73254
  progress 48200/73254
  progress 48400/73254
  progress 48600/73254
  LOSSY conversion (invalid bytes dropped): libs/hy5/work/d/zhongyuan/chuzhou/hanxin_ci.c
  LOSSY conversion (invalid bytes dropped): libs/hy5/work/d/zhongyuan/chuzhou/shangqinggong.c
  LOSSY conversion (invalid bytes dropped): libs/hy5/work/d/zhongyuan/chuzhou/npc/zhou_yuanwai.c
  LOSSY conversion (invalid bytes dropped): libs/hy5/work/d/zhongyuan/chuzhou/npc/gaoli_shangren.c
  LOSSY conversion (invalid bytes dropped): libs/hy5/work/d/zhongyuan/chuzhou/npc/kuli.c
  LOSSY conversion (invalid bytes dropped): libs/hy5/work/d/zhongyuan/chuzhou/npc/chake.c
  progress 48800/73254
  progress 49000/73254
  progress 49200/73254
  progress 49400/73254
  progress 49600/73254
  progress 49800/73254
  progress 50000/73254
  LOSSY conversion (invalid bytes dropped): libs/hy5/work/d/fugui/npc/clothlady.c
  progress 50200/73254
  progress 50400/73254
  LOSSY conversion (invalid bytes dropped): libs/hy5/work/d/tiezhang/trdx.c
  LOSSY conversion (invalid bytes dropped): libs/hy5/work/d/tiezhang/taijie-2.c
  progress 50600/73254
  progress 50800/73254
  progress 51000/73254
  progress 51200/73254
  progress 51400/73254
  progress 51600/73254
  progress 51800/73254
  progress 52000/73254
  progress 52200/73254
  LOSSY conversion (invalid bytes dropped): libs/hy5/work/d/xiyou/nanhai/npc/bonze.c
  LOSSY conversion (invalid bytes dropped): libs/hy5/work/d/xiyou/nanhai/npc/zhike.c
  LOSSY conversion (invalid bytes dropped): libs/hy5/work/d/xiyou/nanhai/npc/zhangchu.c
  LOSSY conversion (invalid bytes dropped): libs/hy5/work/d/xiyou/nanhai/npc/shami.c
  LOSSY conversion (invalid bytes dropped): libs/hy5/work/d/xiyou/nanhai/npc/xingzhe.c
  LOSSY conversion (invalid bytes dropped): libs/hy5/work/d/xiyou/nanhai/npc/shizhe.c
  LOSSY conversion (invalid bytes dropped): libs/hy5/work/d/xiyou/sanjie/npc/zhutong.c
  LOSSY conversion (invalid bytes dropped): libs/hy5/work/d/xiyou/sanjie/npc/tiejiang.c
  progress 52400/73254
  LOSSY conversion (invalid bytes dropped): libs/hy5/work/d/xiyou/sanjie/npc/canhun.c
  LOSSY conversion (invalid bytes dropped): libs/hy5/work/d/xiyou/sanjie/npc/yanjiumei.c
  LOSSY conversion (invalid bytes dropped): libs/hy5/work/d/xiyou/sanjie/npc/linggui.c
  LOSSY conversion (invalid bytes dropped): libs/hy5/work/d/xiyou/xueshan/npc/xunshi.c
  LOSSY conversion (invalid bytes dropped): libs/hy5/work/d/xiyou/xueshan/npc/yingwu-guai.c
  LOSSY conversion (invalid bytes dropped): libs/hy5/work/d/xiyou/xueshan/npc/xunshi-out.c
  LOSSY conversion (invalid bytes dropped): libs/hy5/work/d/xiyou/wudidong/README.TXT
  progress 52600/73254
  LOSSY conversion (invalid bytes dropped): libs/hy5/work/d/xiyou/wudidong/npc/ward.c
  LOSSY conversion (invalid bytes dropped): libs/hy5/work/d/xiyou/wudidong/npc/kanmen.c
  LOSSY conversion (invalid bytes dropped): libs/hy5/work/d/xiyou/wudidong/npc/fangzhang-temple.c
  LOSSY conversion (invalid bytes dropped): libs/hy5/work/d/xiyou/wudidong/npc/huwei.c
  LOSSY conversion (invalid bytes dropped): libs/hy5/work/d/xiyou/wudidong/npc/hudian.c
  FAILED to convert (left as-is, check encoding manually): libs/hy5/work/d/xiyou/sea/npc/beast1.c
  LOSSY conversion (invalid bytes dropped): libs/hy5/work/d/xiyou/sea/npc/lizongbing.c
  LOSSY conversion (invalid bytes dropped): libs/hy5/work/d/xiyou/sea/npc/beast2.c
  LOSSY conversion (invalid bytes dropped): libs/hy5/work/d/xiyou/sea/npc/haima.c
  LOSSY conversion (invalid bytes dropped): libs/hy5/work/d/xiyou/sea/npc/beast.c
  progress 52800/73254
  LOSSY conversion (invalid bytes dropped): libs/hy5/work/d/xiyou/kusong/npc/xiaoyao.c
  LOSSY conversion (invalid bytes dropped): libs/hy5/work/d/xiyou/kusong/npc/xing.c
  LOSSY conversion (invalid bytes dropped): libs/hy5/work/d/xiyou/kusong/npc/mahuang.c
  LOSSY conversion (invalid bytes dropped): libs/hy5/work/d/xiyou/kusong/npc/bianfu.c
  LOSSY conversion (invalid bytes dropped): libs/hy5/work/d/xiyou/kusong/npc/xian.c
  LOSSY conversion (invalid bytes dropped): libs/hy5/work/d/xiyou/kusong/npc/kuairufeng.c
  LOSSY conversion (invalid bytes dropped): libs/hy5/work/d/xiyou/kusong/npc/yao1.c
  LOSSY conversion (invalid bytes dropped): libs/hy5/work/d/xiyou/kusong/npc/shanyao.c
  progress 53000/73254
  LOSSY conversion (invalid bytes dropped): libs/hy5/work/d/xiyou/pansi/npc/girl3.c
  LOSSY conversion (invalid bytes dropped): libs/hy5/work/d/xiyou/pansi/npc/daogu.c
  LOSSY conversion (invalid bytes dropped): libs/hy5/work/d/xiyou/pansi/npc/girl7.c
  LOSSY conversion (invalid bytes dropped): libs/hy5/work/d/xiyou/pansi/npc/girl1.c
  LOSSY conversion (invalid bytes dropped): libs/hy5/work/d/xiyou/pansi/npc/son6.c
  LOSSY conversion (invalid bytes dropped): libs/hy5/work/d/xiyou/pansi/npc/shuizhi.c
  LOSSY conversion (invalid bytes dropped): libs/hy5/work/d/xiyou/pansi/npc/son2.c
  LOSSY conversion (invalid bytes dropped): libs/hy5/work/d/xiyou/pansi/npc/son4.c
  LOSSY conversion (invalid bytes dropped): libs/hy5/work/d/xiyou/pansi/npc/girl5.c
  LOSSY conversion (invalid bytes dropped): libs/hy5/work/d/xiyou/pansi/npc/girl6.c
  LOSSY conversion (invalid bytes dropped): libs/hy5/work/d/xiyou/pansi/npc/son7.c
  LOSSY conversion (invalid bytes dropped): libs/hy5/work/d/xiyou/pansi/npc/son5.c
  LOSSY conversion (invalid bytes dropped): libs/hy5/work/d/xiyou/pansi/npc/son3.c
  LOSSY conversion (invalid bytes dropped): libs/hy5/work/d/xiyou/pansi/npc/son1.c
  LOSSY conversion (invalid bytes dropped): libs/hy5/work/d/xiyou/pansi/npc/girl4.c
  LOSSY conversion (invalid bytes dropped): libs/hy5/work/d/xiyou/pansi/npc/dao.c
  LOSSY conversion (invalid bytes dropped): libs/hy5/work/d/xiyou/lingtai/npc/guangyun.c
  LOSSY conversion (invalid bytes dropped): libs/hy5/work/d/xiyou/lingtai/npc/yunxiao.c
  LOSSY conversion (invalid bytes dropped): libs/hy5/work/d/xiyou/death/npc/songdiwang.c
  LOSSY conversion (invalid bytes dropped): libs/hy5/work/d/xiyou/death/npc/suoming.c
  LOSSY conversion (invalid bytes dropped): libs/hy5/work/d/xiyou/death/npc/heiwuchang.c
  LOSSY conversion (invalid bytes dropped): libs/hy5/work/d/xiyou/death/npc/shentu.c
  LOSSY conversion (invalid bytes dropped): libs/hy5/work/d/xiyou/death/npc/taishanwang.c
  progress 53200/73254
  LOSSY conversion (invalid bytes dropped): libs/hy5/work/d/xiyou/death/npc/qinggui.c
  LOSSY conversion (invalid bytes dropped): libs/hy5/work/d/xiyou/death/npc/lunzhuanwang.c
  LOSSY conversion (invalid bytes dropped): libs/hy5/work/d/xiyou/death/npc/qinguangwang.c
  LOSSY conversion (invalid bytes dropped): libs/hy5/work/d/xiyou/death/npc/bgargoyle.c
  LOSSY conversion (invalid bytes dropped): libs/hy5/work/d/xiyou/death/npc/wgargoyle.c
  LOSSY conversion (invalid bytes dropped): libs/hy5/work/d/xiyou/death/npc/panguan.c
  LOSSY conversion (invalid bytes dropped): libs/hy5/work/d/xiyou/death/npc/duanzhu.c
  LOSSY conversion (invalid bytes dropped): libs/hy5/work/d/xiyou/death/npc/pingdengwang.c
  LOSSY conversion (invalid bytes dropped): libs/hy5/work/d/xiyou/death/npc/wangfangping.c
  LOSSY conversion (invalid bytes dropped): libs/hy5/work/d/xiyou/death/npc/baiwuchang.c
  LOSSY conversion (invalid bytes dropped): libs/hy5/work/d/xiyou/death/npc/yinchangsheng.c
  LOSSY conversion (invalid bytes dropped): libs/hy5/work/d/xiyou/death/npc/dushiwang.c
  progress 53400/73254
  progress 53600/73254
  progress 53800/73254
  progress 54000/73254
  LOSSY conversion (invalid bytes dropped): libs/hy5/work/d/mingjiao/gebitan1.c
  progress 54200/73254
  progress 54400/73254
  progress 54600/73254
  LOSSY conversion (invalid bytes dropped): libs/hy5/work/d/bwdh/sjsz/obj/dulong-bian.c
  progress 54800/73254
  progress 55000/73254
  progress 55200/73254
  progress 55400/73254
  progress 55600/73254
  LOSSY conversion (invalid bytes dropped): libs/hy5/work/d/pk/sjsz/obj/dulong-bian.c
  progress 55800/73254
  LOSSY conversion (invalid bytes dropped): libs/hy5/work/d/nanshaolin/putiyuan.c
  progress 56000/73254
  progress 56200/73254
  progress 56400/73254
  progress 56600/73254
  progress 56800/73254
  progress 57000/73254
  progress 57200/73254
  LOSSY conversion (invalid bytes dropped): libs/hy5/work/d/jingzhou/npc/if(
  progress 57400/73254
  LOSSY conversion (invalid bytes dropped): libs/hy5/work/d/fuzhou/wuxiang.c
  progress 57600/73254
  LOSSY conversion (invalid bytes dropped): libs/hy5/work/d/xingxiu/npc/afanti.c
  LOSSY conversion (invalid bytes dropped): libs/hy5/work/d/xingxiu/npc/afanti.java
  progress 57800/73254
  progress 58000/73254
  progress 58200/73254
  progress 58400/73254
  progress 58600/73254
  LOSSY conversion (invalid bytes dropped): libs/hy5/work/d/llszhuang/yongdao3.c
  progress 58800/73254
  progress 59000/73254
  progress 59200/73254
  progress 59400/73254
  progress 59600/73254
  progress 59800/73254
  progress 60000/73254
  LOSSY conversion (invalid bytes dropped): libs/hy5/work/d/wudang/donglang2.c
  progress 60200/73254
  progress 60400/73254
  progress 60600/73254
  progress 60800/73254
  LOSSY conversion (invalid bytes dropped): libs/hy5/work/d/dali/yuxu/yuxuguanmen.c
  LOSSY conversion (invalid bytes dropped): libs/hy5/work/d/dali/yuxu/shuifang.c
  progress 61000/73254
  LOSSY conversion (invalid bytes dropped): libs/hy5/work/d/dali/dalimap
  progress 61200/73254
  LOSSY conversion (invalid bytes dropped): libs/hy5/work/d/dali/wuliang/shanlin-5.c
  LOSSY conversion (invalid bytes dropped): libs/hy5/work/d/dali/wuliang/shanlin-3.c
  LOSSY conversion (invalid bytes dropped): libs/hy5/work/d/dali/wuliang/shanlin-4.c
  LOSSY conversion (invalid bytes dropped): libs/hy5/work/d/dali/wuliang/muwu2.c
  progress 61400/73254
  progress 61600/73254
  progress 61800/73254
  progress 62000/73254
  progress 62200/73254
  progress 62400/73254
  progress 62600/73254
  progress 62800/73254
  progress 63000/73254
  LOSSY conversion (invalid bytes dropped): libs/hy5/work/d/xiakedao/npc/lisi.c
  LOSSY conversion (invalid bytes dropped): libs/hy5/work/d/xiakedao/npc/lisi.fj
  progress 63200/73254
  progress 63400/73254
  progress 63600/73254
  progress 63800/73254
  progress 64000/73254
  progress 64200/73254
  progress 64400/73254
  progress 64600/73254
  progress 64800/73254
  progress 65000/73254
  progress 65200/73254
  progress 65400/73254
  progress 65600/73254
  LOSSY conversion (invalid bytes dropped): libs/hy5/work/d/gaibang/mishi.c
  progress 65800/73254
  progress 66000/73254
  progress 66200/73254
  LOSSY conversion (invalid bytes dropped): libs/hy5/work/d/gaochang/obj/map.c
  LOSSY conversion (invalid bytes dropped): libs/hy5/work/d/gaochang/obj/wenbook01.c
  LOSSY conversion (invalid bytes dropped): libs/hy5/work/d/gaochang/obj/fake_map.c
  LOSSY conversion (invalid bytes dropped): libs/hy5/work/d/gaochang/npc/obj/map.c
  progress 66400/73254
  progress 66600/73254
  progress 66800/73254
  progress 67000/73254
  progress 67200/73254
  progress 67400/73254
  progress 67600/73254
  LOSSY conversion (invalid bytes dropped): libs/hy5/work/d/qujing/jingjiling/npc/zhu.c
  LOSSY conversion (invalid bytes dropped): libs/hy5/work/d/qujing/yinwu/npc/xiaoyao.c
  LOSSY conversion (invalid bytes dropped): libs/hy5/work/d/qujing/yinwu/npc/laoshu.c
  LOSSY conversion (invalid bytes dropped): libs/hy5/work/d/qujing/yinwu/npc/feimayi.c
  LOSSY conversion (invalid bytes dropped): libs/hy5/work/d/qujing/biqiu/npc/yao.c
  progress 67800/73254
  LOSSY conversion (invalid bytes dropped): libs/hy5/work/d/qujing/baotou/npc/ggdz.c
  LOSSY conversion (invalid bytes dropped): libs/hy5/work/d/qujing/dudi/npc/xiezi.c
  LOSSY conversion (invalid bytes dropped): libs/hy5/work/d/qujing/village/npc/test.c
  LOSSY conversion (invalid bytes dropped): libs/hy5/work/d/qujing/wudidong/README.TXT
  LOSSY conversion (invalid bytes dropped): libs/hy5/work/d/qujing/wudidong/npc/ward.c
  LOSSY conversion (invalid bytes dropped): libs/hy5/work/d/qujing/wudidong/npc/yanshu.c
  LOSSY conversion (invalid bytes dropped): libs/hy5/work/d/qujing/wudidong/npc/kanmen.c
  LOSSY conversion (invalid bytes dropped): libs/hy5/work/d/qujing/wudidong/npc/fangzhang-temple.c
  LOSSY conversion (invalid bytes dropped): libs/hy5/work/d/qujing/wudidong/npc/huwei.c
  LOSSY conversion (invalid bytes dropped): libs/hy5/work/d/qujing/wudidong/npc/hudian.c
  progress 68000/73254
  LOSSY conversion (invalid bytes dropped): libs/hy5/work/d/qujing/chechi/npc/jz1.c
  LOSSY conversion (invalid bytes dropped): libs/hy5/work/d/qujing/chechi/npc/daoshi.c
  LOSSY conversion (invalid bytes dropped): libs/hy5/work/d/qujing/chechi/npc/king.c
  LOSSY conversion (invalid bytes dropped): libs/hy5/work/d/qujing/chechi/npc/daotong.c
  LOSSY conversion (invalid bytes dropped): libs/hy5/work/d/qujing/chechi/npc/luli.c
  LOSSY conversion (invalid bytes dropped): libs/hy5/work/d/qujing/chechi/npc/jz2.c
  LOSSY conversion (invalid bytes dropped): libs/hy5/work/d/qujing/chechi/npc/daozhang.c
  progress 68200/73254
  LOSSY conversion (invalid bytes dropped): libs/hy5/work/d/qujing/zhuzi/npc/king.c
  LOSSY conversion (invalid bytes dropped): libs/hy5/work/d/qujing/bibotan/README
  LOSSY conversion (invalid bytes dropped): libs/hy5/work/d/qujing/bibotan/npc/changtui.c
  LOSSY conversion (invalid bytes dropped): libs/hy5/work/d/qujing/bibotan/npc/shitoujing.c
  LOSSY conversion (invalid bytes dropped): libs/hy5/work/d/qujing/bibotan/npc/longwang.c
  LOSSY conversion (invalid bytes dropped): libs/hy5/work/d/qujing/bibotan/npc/qingshan.c
  LOSSY conversion (invalid bytes dropped): libs/hy5/work/d/qujing/bibotan/npc/dragon.c
  progress 68400/73254
  LOSSY conversion (invalid bytes dropped): libs/hy5/work/d/qujing/bibotan/npc/shuiguai.c
  LOSSY conversion (invalid bytes dropped): libs/hy5/work/d/qujing/bibotan/npc/fuma.o
  LOSSY conversion (invalid bytes dropped): libs/hy5/work/d/qujing/bibotan/npc/shanyao.c
  LOSSY conversion (invalid bytes dropped): libs/hy5/work/d/qujing/bibotan/npc/dadu.c
  LOSSY conversion (invalid bytes dropped): libs/hy5/work/d/qujing/bibotan/npc/shujing.c
  LOSSY conversion (invalid bytes dropped): libs/hy5/work/d/qujing/bibotan/npc/niqiu.c
  LOSSY conversion (invalid bytes dropped): libs/hy5/work/d/qujing/bibotan/npc/bie.c
  LOSSY conversion (invalid bytes dropped): libs/hy5/work/d/qujing/fengxian/npc/fashi.c
  LOSSY conversion (invalid bytes dropped): libs/hy5/work/d/qujing/fengxian/npc/jiguan.c
  LOSSY conversion (invalid bytes dropped): libs/hy5/work/d/qujing/fengxian/npc/miaozhu.c
  progress 68600/73254
  LOSSY conversion (invalid bytes dropped): libs/hy5/work/d/qujing/qinglong/npc/pi2.c
  LOSSY conversion (invalid bytes dropped): libs/hy5/work/d/qujing/qinglong/npc/pi1.c
  LOSSY conversion (invalid bytes dropped): libs/hy5/work/d/qujing/qinglong/npc/pi3.c
  LOSSY conversion (invalid bytes dropped): libs/hy5/work/d/qujing/qinglong/npc/xiniu.c
  LOSSY conversion (invalid bytes dropped): libs/hy5/work/d/qujing/qinglong/npc/yao.c
  LOSSY conversion (invalid bytes dropped): libs/hy5/work/d/qujing/yuhua/npc/prince2.c
  LOSSY conversion (invalid bytes dropped): libs/hy5/work/d/qujing/yuhua/npc/prince3.c
  LOSSY conversion (invalid bytes dropped): libs/hy5/work/d/qujing/yuhua/npc/prince1.c
  LOSSY conversion (invalid bytes dropped): libs/hy5/work/d/qujing/tongtian/huashen.c
  LOSSY conversion (invalid bytes dropped): libs/hy5/work/d/qujing/tongtian/npc/chen.c
  LOSSY conversion (invalid bytes dropped): libs/hy5/work/d/qujing/tongtian/npc/jinyu.c
  progress 68800/73254
  LOSSY conversion (invalid bytes dropped): libs/hy5/work/d/qujing/tianzhu/npc/hou.c
  LOSSY conversion (invalid bytes dropped): libs/hy5/work/d/qujing/tianzhu/npc/bing.c
  LOSSY conversion (invalid bytes dropped): libs/hy5/work/d/qujing/tianzhu/npc/fakegirl.c
  LOSSY conversion (invalid bytes dropped): libs/hy5/work/d/qujing/tianzhu/npc/fang.c
  LOSSY conversion (invalid bytes dropped): libs/hy5/work/d/qujing/jilei/npc/niumo.o
  progress 69000/73254
  LOSSY conversion (invalid bytes dropped): libs/hy5/work/d/qujing/kusong/npc/xiaoyao.c
  LOSSY conversion (invalid bytes dropped): libs/hy5/work/d/qujing/kusong/npc/xing.c
  LOSSY conversion (invalid bytes dropped): libs/hy5/work/d/qujing/kusong/npc/mahuang.c
  LOSSY conversion (invalid bytes dropped): libs/hy5/work/d/qujing/kusong/npc/bianfu.c
  LOSSY conversion (invalid bytes dropped): libs/hy5/work/d/qujing/kusong/npc/xian.c
  LOSSY conversion (invalid bytes dropped): libs/hy5/work/d/qujing/kusong/npc/kuairufeng.c
  LOSSY conversion (invalid bytes dropped): libs/hy5/work/d/qujing/kusong/npc/yao1.c
  LOSSY conversion (invalid bytes dropped): libs/hy5/work/d/qujing/kusong/npc/shanyao.c
  LOSSY conversion (invalid bytes dropped): libs/hy5/work/d/qujing/pingding/npc/jinjiao.c
  LOSSY conversion (invalid bytes dropped): libs/hy5/work/d/qujing/pingding/npc/yao1.c
  LOSSY conversion (invalid bytes dropped): libs/hy5/work/d/qujing/pingding/npc/yao2.c
  LOSSY conversion (invalid bytes dropped): libs/hy5/work/d/qujing/pingding/npc/yinjiao.c
  LOSSY conversion (invalid bytes dropped): libs/hy5/work/d/qujing/pingding/npc/long.c
  progress 69200/73254
  LOSSY conversion (invalid bytes dropped): libs/hy5/work/d/qujing/qinfa/npc/queen.c
  progress 69400/73254
  LOSSY conversion (invalid bytes dropped): libs/hy5/work/d/qujing/wuji/npc/shanji.c
  LOSSY conversion (invalid bytes dropped): libs/hy5/work/d/qujing/wuji/npc/longwang.c
  LOSSY conversion (invalid bytes dropped): libs/hy5/work/d/qujing/wuji/npc/monk2.c
  LOSSY conversion (invalid bytes dropped): libs/hy5/work/d/qujing/jindou/npc/lilao.c
  progress 69600/73254
  LOSSY conversion (invalid bytes dropped): libs/hy5/work/d/qujing/jindou/npc/yao.c
  LOSSY conversion (invalid bytes dropped): libs/hy5/work/d/qujing/gao/npc/teacher.c
  LOSSY conversion (invalid bytes dropped): libs/hy5/work/d/qujing/xiaoxitian/npc/xiaotong.c
  LOSSY conversion (invalid bytes dropped): libs/hy5/work/d/qujing/zhujie/npc/shi.c
  LOSSY conversion (invalid bytes dropped): libs/hy5/work/d/qujing/zhujie/npc/yao.c
  LOSSY conversion (invalid bytes dropped): libs/hy5/work/d/qujing/baoxiang/README.TXT
  progress 69800/73254
  LOSSY conversion (invalid bytes dropped): libs/hy5/work/d/qujing/baoxiang/npc/huangpao.c
  LOSSY conversion (invalid bytes dropped): libs/hy5/work/d/qujing/firemount/npc/bajiaoq.c
  LOSSY conversion (invalid bytes dropped): libs/hy5/work/d/qujing/firemount/npc/bajiao.c
  LOSSY conversion (invalid bytes dropped): libs/hy5/work/d/qujing/firemount/npc/bajiaow.c
  LOSSY conversion (invalid bytes dropped): libs/hy5/work/d/qujing/firemount/npc/tudi.c
  LOSSY conversion (invalid bytes dropped): libs/hy5/work/d/qujing/firemount/npc/bajiaob.c
  LOSSY conversion (invalid bytes dropped): libs/hy5/work/d/qujing/firemount/npc/fog.c
  LOSSY conversion (invalid bytes dropped): libs/hy5/work/d/qujing/pansi/npc/girl3.c
  LOSSY conversion (invalid bytes dropped): libs/hy5/work/d/qujing/pansi/npc/daogu.c
  LOSSY conversion (invalid bytes dropped): libs/hy5/work/d/qujing/pansi/npc/girl7.c
  LOSSY conversion (invalid bytes dropped): libs/hy5/work/d/qujing/pansi/npc/girl1.c
  LOSSY conversion (invalid bytes dropped): libs/hy5/work/d/qujing/pansi/npc/son6.c
  LOSSY conversion (invalid bytes dropped): libs/hy5/work/d/qujing/pansi/npc/shuizhi.c
  LOSSY conversion (invalid bytes dropped): libs/hy5/work/d/qujing/pansi/npc/son2.c
  LOSSY conversion (invalid bytes dropped): libs/hy5/work/d/qujing/pansi/npc/son4.c
  LOSSY conversion (invalid bytes dropped): libs/hy5/work/d/qujing/pansi/npc/girl5.c
  LOSSY conversion (invalid bytes dropped): libs/hy5/work/d/qujing/pansi/npc/girl6.c
  LOSSY conversion (invalid bytes dropped): libs/hy5/work/d/qujing/pansi/npc/son7.c
  LOSSY conversion (invalid bytes dropped): libs/hy5/work/d/qujing/pansi/npc/son5.c
  LOSSY conversion (invalid bytes dropped): libs/hy5/work/d/qujing/pansi/npc/son3.c
  LOSSY conversion (invalid bytes dropped): libs/hy5/work/d/qujing/pansi/npc/son1.c
  LOSSY conversion (invalid bytes dropped): libs/hy5/work/d/qujing/pansi/npc/girl4.c
  LOSSY conversion (invalid bytes dropped): libs/hy5/work/d/qujing/pansi/npc/dao.c
  progress 70000/73254
  LOSSY conversion (invalid bytes dropped): libs/hy5/work/d/qujing/nuerguo/npc/daoshi.c
  LOSSY conversion (invalid bytes dropped): libs/hy5/work/d/qujing/nuerguo/npc/queen.c
  LOSSY conversion (invalid bytes dropped): libs/hy5/work/d/qujing/qilin/npc/nanyao.c
  LOSSY conversion (invalid bytes dropped): libs/hy5/work/d/qujing/qilin/npc/nuyao.c
  LOSSY conversion (invalid bytes dropped): libs/hy5/work/d/qujing/hgs/npc/beng.c
  LOSSY conversion (invalid bytes dropped): libs/hy5/work/d/qujing/hgs/npc/hou.c
  LOSSY conversion (invalid bytes dropped): libs/hy5/work/d/qujing/hgs/npc/pianjiang.c
  LOSSY conversion (invalid bytes dropped): libs/hy5/work/d/qujing/hgs/npc/monkey2.c
  LOSSY conversion (invalid bytes dropped): libs/hy5/work/d/qujing/hgs/npc/jiaotou.c
  LOSSY conversion (invalid bytes dropped): libs/hy5/work/d/qujing/hgs/npc/wushi.c
  LOSSY conversion (invalid bytes dropped): libs/hy5/work/d/qujing/hgs/npc/ma.c
  LOSSY conversion (invalid bytes dropped): libs/hy5/work/d/qujing/hgs/npc/hou1.c
  LOSSY conversion (invalid bytes dropped): libs/hy5/work/d/qujing/hgs/npc/mowang.c
  LOSSY conversion (invalid bytes dropped): libs/hy5/work/d/qujing/hgs/npc/monk.c
  LOSSY conversion (invalid bytes dropped): libs/hy5/work/d/qujing/hgs/npc/ba.c
  progress 70200/73254
  LOSSY conversion (invalid bytes dropped): libs/hy5/work/d/qujing/hgs/npc/monkey1.c
  LOSSY conversion (invalid bytes dropped): libs/hy5/work/d/qujing/jisaiguo/npc/heshang.c
  LOSSY conversion (invalid bytes dropped): libs/hy5/work/d/qujing/jisaiguo/npc/kusu.c
  LOSSY conversion (invalid bytes dropped): libs/hy5/work/d/qujing/jisaiguo/npc/baben.c
  LOSSY conversion (invalid bytes dropped): libs/hy5/work/d/qujing/jisaiguo/npc/shaodi.c
  LOSSY conversion (invalid bytes dropped): libs/hy5/work/d/qujing/jisaiguo/npc/benba.c
  LOSSY conversion (invalid bytes dropped): libs/hy5/work/d/qujing/jisaiguo/npc/lingxuzi.c
  progress 70400/73254
  LOSSY conversion (invalid bytes dropped): libs/hy5/work/d/qujing/lingshan/npc/baixiong.c
  LOSSY conversion (invalid bytes dropped): libs/hy5/work/d/qujing/lingshan/npc/pusa.c
  LOSSY conversion (invalid bytes dropped): libs/hy5/work/d/qujing/lingshan/npc/jingang.c
  LOSSY conversion (invalid bytes dropped): libs/hy5/work/d/qujing/lingshan/npc/jinding.c
  LOSSY conversion (invalid bytes dropped): libs/hy5/work/d/qujing/lingshan/npc/jieyin.c
  LOSSY conversion (invalid bytes dropped): libs/hy5/work/d/qujing/lingshan/npc/monk.c
  LOSSY conversion (invalid bytes dropped): libs/hy5/work/d/qujing/lingshan/npc/xiantong.c
  LOSSY conversion (invalid bytes dropped): libs/hy5/work/d/qujing/lingshan/npc/biqiu.c
  progress 70600/73254
  progress 70800/73254
  progress 71000/73254
  progress 71200/73254
  progress 71400/73254
  LOSSY conversion (invalid bytes dropped): libs/hy5/work/d/tianshui/zahuopu.c
  LOSSY conversion (invalid bytes dropped): libs/hy5/work/d/tianshui/yidao1.c
  progress 71600/73254
  LOSSY conversion (invalid bytes dropped): libs/hy5/work/d/yanjing/biwu/mu.c
  progress 71800/73254
  progress 72000/73254
  LOSSY conversion (invalid bytes dropped): libs/hy5/work/u/yaodm/skill/qingyi-jian.c
  LOSSY conversion (invalid bytes dropped): libs/hy5/work/u/yaodm/skill/readme
  LOSSY conversion (invalid bytes dropped): libs/hy5/work/u/hxsd/tangmen/skill/zhuihun-biao.c
  progress 72200/73254
  LOSSY conversion (invalid bytes dropped): libs/hy5/work/u/hxsd/skill/qingyi-jian.c
  LOSSY conversion (invalid bytes dropped): libs/hy5/work/u/hxsd/skill/readme
  progress 72400/73254
  progress 72600/73254
  progress 72800/73254
  LOSSY conversion (invalid bytes dropped): libs/hy5/work/cmds/imm/hpt.c
  progress 73000/73254
  LOSSY conversion (invalid bytes dropped): libs/hy5/work/cmds/arch/recover.c
  LOSSY conversion (invalid bytes dropped): libs/hy5/work/cmds/adm/adup.c
  progress 73200/73254
  encoding: already_utf8=2177 converted=63245 lossy=344 skipped_binary=7487
== renaming .c -> .lpc
mv: cannot stat 'libs/hy5/work/u/spraydew/teamjob.c/teamjob.c': No such file or directory
mv: cannot stat 'libs/hy5/work/u/hxsd/workrom.c/workroom.c': No such file or directory
mv: cannot stat 'libs/hy5/work/u/hxsd/taskd.c/taskd.c': No such file or directory
  now 58623 .lpc files
== fixing literal .c" references (.lpc + .h)
  fixed 5197 refs, 0 remain (inspect manually -- see AGENTS.md §2)
== fixing #include <....c> references (angle-bracket form)
  fixed 18 refs, 0 remain
== converting local #include <x.lpc> to "x.lpc" (angle brackets only search
   the configured include path, never the including file's own directory --
   see AGENTS.md §8d; safe/additive since quotes ALSO fall back to the
   include path, so this never breaks a genuinely-global include)
