
<---天涯&碧血江湖: MudOs v22pre11 (by wwj,Jan  1 1999) startup on Microsoft Windows NT at Mon Jun 05 15:20:33 2006

Initializing internal tables....
using config file: D:\mud-server\ty\config.ty2
Bad mudlib directory: ./ty

<---天涯&碧血江湖: MudOs v22pre11 (by wwj,Jan  1 1999) shutdown at Mon Jun 05 15:20:33 2006




<---天涯&碧血江湖: MudOs v22pre11 (by wwj,Jan  1 1999) startup on Microsoft Windows NT at Mon Jun 05 15:23:36 2006

using config file: D:\mud-server\ty\config.ty2
Can't find "mudos", ignoring old binaries.
Try invoking the driver using the full pathname.
Connected to address server on localhost port 3990
]simul_efun 成功加载.

Loading preloaded files ...
Initializations complete.

Accepting connections on port 4000.
Accepting connections on port 2001.
Accepting connections on port 8080.
Accepting connections on port 5555.
Accepting connections on port 8888.
Initializing internal tables....

<---天涯&碧血江湖: MudOs v22pre11 (by wwj,Jan  1 1999) startup on Microsoft Windows NT at Mon Oct 06 11:03:51 2008

using config file: F:\KJH_DOC\ty\config.ty2
Can't find "mudos", ignoring old binaries.
Try invoking the driver using the full pathname.
Connected to address server on localhost port 3990
]simul_efun 成功加载.

Loading preloaded files ...
Initializations complete.

Accepting connections on port 4000.
Accepting connections on port 2001.
Accepting connections on port 8080.
Accepting connections on port 5555.
Accepting connections on port 8888.
Initializing internal tables....
