Can't find "mudos", ignoring old binaries.
Try invoking the driver using the full pathname.
System Error: init_addr_server: connect: WSAECONNREFUSED

Loading preloaded files ...
Initializations complete.

Accepting connections on port 4000.
执行时段错误: *Wrong permissions for opening file /log/clan/13_luck/BANK-Dec for append.
"No such file or directory"
程式: adm/simul_efun/file.c(adm/obj/simul_efun.c):29
物件: adm/obj/simul_efun
函数呼叫回溯:
clan()                    adm/daemons/natured.c:237
clan_log()                adm/daemons/clanvd.c:42
log_file()                adm/simul_efun/file.c(adm/obj/simul_efun.c):29

error time is Mon Dec 16 22:05:34 2002
执行时段错误: *Bad argument 1 to call_other()
Expected: string or array or object Got: 0.
程式: open/killer/obj/k_ring.c:111
物件: open/killer/obj/k_ring#57 ("杀意魔戒")
函数呼叫回溯:
heart_beat()              open/killer/obj/k_ring.c:111

error time is Mon Dec 16 22:06:20 2002
Heart beat in open/killer/obj/k_ring#57 turned off.
执行时段错误: *Bad argument 1 to call_other()
Expected: string or array or object Got: 0.
程式: open/killer/obj/k_ring.c:111
物件: open/killer/obj/k_ring#57 ("杀意魔戒")
函数呼叫回溯:
heart_beat()              open/killer/obj/k_ring.c:111

error time is Mon Dec 16 22:07:11 2002
Heart beat in open/killer/obj/k_ring#57 turned off.
执行时段错误: *Bad argument 1 to call_other()
Expected: string or array or object Got: 0.
程式: open/evil-area/npc/bug5.c:50
物件: open/evil-area/npc/bug5#64 ("[0;34m千针[0m")
函数呼叫回溯:
heart_beat()              open/evil-area/npc/bug5.c:50

error time is Mon Dec 16 22:09:43 2002
Heart beat in open/evil-area/npc/bug5#64 turned off.
执行时段错误: *Bad argument 1 to call_other()
Expected: string or array or object Got: 0.
程式: open/evil-area/npc/bug9.c:47
物件: open/evil-area/npc/bug9#66 ("飞魑")
函数呼叫回溯:
heart_beat()              open/evil-area/npc/bug9.c:47

error time is Mon Dec 16 22:10:15 2002
Heart beat in open/evil-area/npc/bug9#66 turned off.
执行时段错误: *F_SKILL: No such skill (spells)
程式: feature/skill.c:31
物件: obj/user#23 ("妹")
函数呼叫回溯:
command_hook()            feature/command.c:91
do_command()              feature/command.c:66
main()                    cmds/wiz/call.c:88
set_skill()               feature/skill.c:31

error time is Mon Dec 16 22:10:55 2002
执行时段错误: *Bad argument 1 to call_other()
Expected: string or array or object Got: 0.
程式: open/evil-area/npc/bug8.c:50
物件: open/evil-area/npc/bug8#70 ("[0;33m飞蜘蛛[0m")
函数呼叫回溯:
heart_beat()              open/evil-area/npc/bug8.c:50

error time is Mon Dec 16 22:10:58 2002
Heart beat in open/evil-area/npc/bug8#70 turned off.
执行时段错误: *Bad argument 1 to call_other()
Expected: string or array or object Got: 0.
程式: open/evil-area/npc/bug8.c:50
物件: open/evil-area/npc/bug8#72 ("[0;33m飞蜘蛛[0m")
函数呼叫回溯:
heart_beat()              open/evil-area/npc/bug8.c:50

error time is Mon Dec 16 22:11:01 2002
Heart beat in open/evil-area/npc/bug8#72 turned off.
执行时段错误: *Bad argument 1 to call_other()
Expected: string or array or object Got: 0.
程式: open/evil-area/npc/bug5.c:50
物件: open/evil-area/npc/bug5#71 ("[0;34m千针[0m")
函数呼叫回溯:
heart_beat()              open/evil-area/npc/bug5.c:50

error time is Mon Dec 16 22:11:02 2002
Heart beat in open/evil-area/npc/bug5#71 turned off.
执行时段错误: *Bad argument 1 to call_other()
Expected: string or array or object Got: 0.
程式: open/evil-area/npc/bug8.c:50
物件: open/evil-area/npc/bug8#73 ("[0;33m飞蜘蛛[0m")
函数呼叫回溯:
heart_beat()              open/evil-area/npc/bug8.c:50

error time is Mon Dec 16 22:11:04 2002
Heart beat in open/evil-area/npc/bug8#73 turned off.
执行时段错误: *F_SKILL: No such skill (archery)
程式: feature/skill.c:31
物件: open/marksman/npc/chang-sen ("张三")
函数呼叫回溯:
command_hook()            feature/command.c:91
do_command()              feature/command.c:66
main()                    cmds/std/go.c:49
create()                  open/marksman/room/room1-5.c:24
setup()                   std/room.c:290
reset()                   std/room.c:65
make_inventory()          std/room.c:19
create()                  open/marksman/npc/chang-sen.c:17
set_skill()               feature/skill.c:31

error time is Mon Dec 16 22:13:28 2002
执行时段错误: *F_SKILL: No such skill (hammer)
程式: feature/skill.c:31
物件: open/gsword/mob/sells2 ("小贩")
函数呼叫回溯:
command_hook()            feature/command.c:91
do_command()              feature/command.c:66
main()                    cmds/std/go.c:49
create()                  open/marksman/room/room1-9.c:25
setup()                   std/room.c:290
reset()                   std/room.c:65
make_inventory()          std/room.c:19
create()                  open/gsword/mob/sells2.c:17
set_skill()               feature/skill.c:31

error time is Mon Dec 16 22:13:41 2002
执行时段错误: *F_SKILL: No such skill (archery)
程式: feature/skill.c:31
物件: open/marksman/npc/guard ("守卫军")
函数呼叫回溯:
command_hook()            feature/command.c:91
do_command()              feature/command.c:66
main()                    cmds/std/go.c:49
create()                  open/marksman/room/room1-22.c:28
setup()                   std/room.c:290
reset()                   std/room.c:79
make_inventory()          std/room.c:19
create()                  open/marksman/npc/guard.c:14
set_skill()               feature/skill.c:31

error time is Mon Dec 16 22:13:47 2002
执行时段错误: *F_SKILL: No such skill (iceforce)
程式: feature/skill.c:31
物件: open/marksman/npc/marker ("龙云飞")
函数呼叫回溯:
command_hook()            feature/command.c:92
do_command()              feature/command.c:59
main()                    cmds/std/go.c:49
create()                  open/marksman/room/room1-23.c:29
setup()                   std/room.c:290
reset()                   std/room.c:65
make_inventory()          std/room.c:19
create()                  open/marksman/npc/marker.c:20
set_skill()               feature/skill.c:31

error time is Mon Dec 16 22:14:06 2002
执行时段错误: *F_SKILL: No such skill (archery)
程式: feature/skill.c:31
物件: open/marksman/npc/master_t ("李广")
函数呼叫回溯:
command_hook()            feature/command.c:91
do_command()              feature/command.c:66
main()                    cmds/std/go.c:49
create()                  open/marksman/room/room1-31.c:29
setup()                   std/room.c:290
reset()                   std/room.c:65
make_inventory()          std/room.c:19
create()                  open/marksman/npc/master_t.c:35
set_skill()               feature/skill.c:31

error time is Mon Dec 16 22:14:24 2002
执行时段错误: *F_SKILL: No such skill (dremagic)
程式: feature/skill.c:31
物件: obj/user#23 ("妹")
函数呼叫回溯:
command_hook()            feature/command.c:91
do_command()              feature/command.c:66
main()                    cmds/wiz/call.c:88
set_skill()               feature/skill.c:31

error time is Mon Dec 16 22:24:50 2002
执行时段错误: *F_SKILL: No such skill (dremagic)
程式: feature/skill.c:31
物件: obj/user#23 ("妹")
函数呼叫回溯:
command_hook()            feature/command.c:91
do_command()              feature/command.c:66
main()                    cmds/wiz/call.c:88
set_skill()               feature/skill.c:31

error time is Mon Dec 16 22:25:06 2002
执行时段错误: *F_SKILL: No such skill (dremagic)
程式: feature/skill.c:31
物件: obj/user#23 ("妹")
函数呼叫回溯:
command_hook()            feature/command.c:91
do_command()              feature/command.c:66
main()                    cmds/wiz/call.c:88
set_skill()               feature/skill.c:31

error time is Mon Dec 16 22:25:07 2002
执行时段错误: *F_SKILL: No such skill (dremagic)
程式: feature/skill.c:31
物件: obj/user#23 ("妹")
函数呼叫回溯:
command_hook()            feature/command.c:91
do_command()              feature/command.c:66
main()                    cmds/wiz/call.c:88
set_skill()               feature/skill.c:31

error time is Mon Dec 16 22:25:14 2002
执行时段错误: *F_SKILL: No such skill (dremagic)
程式: feature/skill.c:31
物件: obj/user#23 ("妹")
函数呼叫回溯:
command_hook()            feature/command.c:91
do_command()              feature/command.c:66
main()                    cmds/wiz/call.c:88
set_skill()               feature/skill.c:31

error time is Mon Dec 16 22:25:41 2002
执行时段错误: *F_SKILL: No such skill (dremagic)
程式: feature/skill.c:31
物件: obj/user#23 ("妹")
函数呼叫回溯:
command_hook()            feature/command.c:91
do_command()              feature/command.c:66
main()                    cmds/wiz/call.c:88
set_skill()               feature/skill.c:31

error time is Mon Dec 16 22:30:53 2002
执行时段错误: *F_SKILL: No such skill (blade)
程式: feature/skill.c:31
物件: open/gblade/npc/s-guardian ("银刀护院")
函数呼叫回溯:
command_hook()            feature/command.c:91
do_command()              feature/command.c:66
main()                    cmds/std/go.c:49
create()                  open/gblade/room/g1-4.c:32
setup()                   std/room.c:290
reset()                   std/room.c:79
make_inventory()          std/room.c:19
create()                  open/gblade/npc/s-guardian.c:15
set_skill()               feature/skill.c:31

error time is Mon Dec 16 22:36:09 2002
执行时段错误: *该区域有问题, 请找巫师解决。
程式: cmds/std/go.c:50
物件: cmds/std/go
函数呼叫回溯:
command_hook()            feature/command.c:91
do_command()              feature/command.c:66
main()                    cmds/std/go.c:50

error time is Mon Dec 16 22:39:01 2002
执行时段错误: *该区域有问题, 请找巫师解决。
程式: cmds/std/go.c:50
物件: cmds/std/go
函数呼叫回溯:
command_hook()            feature/command.c:91
do_command()              feature/command.c:66
main()                    cmds/std/go.c:50

error time is Mon Dec 16 22:39:07 2002
执行时段错误: *move : error loading /open/heaven/castle/room/sky_gate.c:
*Error in loading object '/open/heaven/castle/room/sky_gate'
程式: feature/move.c:63
物件: obj/user#186 ("妹")
函数呼叫回溯:
command_hook()            feature/command.c:91
do_command()              feature/command.c:66
main()                    cmds/imm/goto.c:29
move()                    feature/move.c:63

error time is Mon Dec 16 22:39:17 2002
执行时段错误: *该区域有问题, 请找巫师解决。
程式: cmds/std/go.c:50
物件: cmds/std/go
函数呼叫回溯:
command_hook()            feature/command.c:91
do_command()              feature/command.c:66
main()                    cmds/std/go.c:50

error time is Mon Dec 16 22:39:34 2002
执行时段错误: *该区域有问题, 请找巫师解决。
程式: cmds/std/go.c:50
物件: cmds/std/go
函数呼叫回溯:
command_hook()            feature/command.c:91
do_command()              feature/command.c:66
main()                    cmds/std/go.c:50

error time is Mon Dec 16 22:39:35 2002
执行时段错误: *该区域有问题, 请找巫师解决。
程式: cmds/std/go.c:50
物件: cmds/std/go
函数呼叫回溯:
command_hook()            feature/command.c:91
do_command()              feature/command.c:66
main()                    cmds/std/go.c:50

error time is Mon Dec 16 22:39:36 2002
