
<---Mudos v22pre11 for WIN95/NT (by wwj,May 18 1998) Config: 侠客英雄传 startup at Thu May 03 20:15:01 2001

using config file: config.cfg
----------------------------------------------------------------------------
侠客英雄传 (MudOS v22pre11) starting up on Microsoft Windows 95 - Thu May 03 20:15:01 2001


System Error: init_addr_server: connect:unknow error 10061
]simul_efun loaded successfully.
adm/obj/master.c line 9: Warning: redefinition of #define SECURITY_D


Loading preloaded files ...
Initializations complete.

Accepting connections on port 6666.
Initializing internal tables....

<---Mudos v22pre11 for WIN95/NT (by wwj,May 18 1998) Config: 侠客英雄传 startup at Thu May 03 20:59:50 2001

using config file: config.cfg
----------------------------------------------------------------------------
侠客英雄传 (MudOS v22pre11) starting up on Microsoft Windows 95 - Thu May 03 20:59:50 2001


System Error: init_addr_server: connect:unknow error 10061
]simul_efun loaded successfully.
adm/obj/master.c line 9: Warning: redefinition of #define SECURITY_D


Loading preloaded files ...
Initializations complete.

Accepting connections on port 6666.
3
closed external ports
Initializing internal tables....

<---Mudos v22pre11 for WIN95/NT (by wwj,May 18 1998) Config: 侠客英雄传 shutdown at Thu May 03 21:05:07 2001




<---Mudos v22pre11 for WIN95/NT (by wwj,May 18 1998) Config: 侠客英雄传 startup at Thu May 03 21:05:08 2001

using config file: config.cfg
----------------------------------------------------------------------------
侠客英雄传 (MudOS v22pre11) starting up on Microsoft Windows 95 - Thu May 03 21:05:08 2001


System Error: init_addr_server: connect:unknow error 10061
]simul_efun loaded successfully.
adm/obj/master.c line 9: Warning: redefinition of #define SECURITY_D


Loading preloaded files ...
Initializations complete.

Accepting connections on port 6666.
3
Initializing internal tables....

<---Mudos v22pre11 for WIN95/NT (by wwj,May 18 1998) Config: 侠客英雄传 startup at Tue Feb 26 03:44:38 2002

using config file: config.cfg
----------------------------------------------------------------------------
侠客英雄传 (MudOS v22pre11) starting up on Microsoft Windows 95 - Tue Feb 26 03:44:39 2002


System Error: init_addr_server: connect:unknow error 10061
adm/simul_efun/message.c line 328: Undefined function all_interactive
No error handler for error: *Error in loading object '/adm/obj/simul_efun'
program: (none), object: (none), file: (none)
The simul_efun (/adm/obj/simul_efun) and master (/adm/obj/master) objects must be loadable.
Initializing internal tables....

<---Mudos v22pre11 for WIN95/NT (by wwj,May 18 1998) Config: 侠客英雄传 shutdown at Tue Feb 26 03:44:41 2002




<---Mudos v22pre11 for WIN95/NT (by wwj,May 18 1998) Config: 侠客英雄传 startup at Tue Feb 26 03:47:13 2002

using config file: config.cfg
----------------------------------------------------------------------------
侠客英雄传 (MudOS v22pre11) starting up on Microsoft Windows 95 - Tue Feb 26 03:47:14 2002


System Error: init_addr_server: connect:unknow error 10061
adm/simul_efun/message.c line 81: Undefined variable 'PRISON_ROOM'
No error handler for error: *Error in loading object '/adm/obj/simul_efun'
program: (none), object: (none), file: (none)
The simul_efun (/adm/obj/simul_efun) and master (/adm/obj/master) objects must be loadable.
Initializing internal tables....

<---Mudos v22pre11 for WIN95/NT (by wwj,May 18 1998) Config: 侠客英雄传 shutdown at Tue Feb 26 03:47:40 2002




<---Mudos v22pre11 for WIN95/NT (by wwj,May 18 1998) Config: 侠客英雄传 startup at Tue Feb 26 03:50:02 2002

using config file: config.cfg
----------------------------------------------------------------------------
侠客英雄传 (MudOS v22pre11) starting up on Microsoft Windows 95 - Tue Feb 26 03:50:03 2002


System Error: init_addr_server: connect:unknow error 10061
adm/simul_efun/message.c line 81: Undefined variable 'PRISON_ROOM'
No error handler for error: *Error in loading object '/adm/obj/simul_efun'
program: (none), object: (none), file: (none)
The simul_efun (/adm/obj/simul_efun) and master (/adm/obj/master) objects must be loadable.
Initializing internal tables....

<---Mudos v22pre11 for WIN95/NT (by wwj,May 18 1998) Config: 侠客英雄传 shutdown at Tue Feb 26 03:50:05 2002




<---Mudos v22pre11 for WIN95/NT (by wwj,May 18 1998) Config: 天下无敌 startup at Sun Mar 03 01:32:46 2002

using config file: config.cfg
----------------------------------------------------------------------------
天下无敌 (MudOS v22pre11) starting up on Microsoft Windows 95 - Sun Mar 03 01:32:46 2002


System Error: init_addr_server: connect:unknow error 10061
]simul_efun loaded successfully.

Loading preloaded files ...
Initializations complete.

Accepting connections on port 6666.

执行时段错误：*Bad argument 2 to <=
Expected: int or float Got: ([ /* sizeof() == 1 */
  0 : 1013379526,
]).

程式：cmds/usr/news.c 第 159 行
物件: /cmds/usr/news
呼叫来自：feature/action.c 的 eval_function() 第 71 行，物件： obj/user#292 ("长孙无情")
呼叫来自：<function> 的 <function>() 第 0 行，物件： cmds/usr/news ("郑州风云新闻")
呼叫来自：cmds/usr/news.c 的 auto_notice() 第 159 行，物件： cmds/usr/news ("郑州风云新闻")
closed external ports
Initializing internal tables....

<---Mudos v22pre11 for WIN95/NT (by wwj,May 18 1998) Config: 天下无敌 shutdown at Sun Mar 03 01:48:19 2002




<---Mudos v22pre11 for WIN95/NT (by wwj,May 18 1998) Config: 天下无敌 startup at Sun Mar 03 01:48:21 2002

using config file: config.cfg
----------------------------------------------------------------------------
天下无敌 (MudOS v22pre11) starting up on Microsoft Windows 95 - Sun Mar 03 01:48:21 2002


System Error: init_addr_server: connect:unknow error 10061
]simul_efun loaded successfully.

Loading preloaded files ...
Initializations complete.

Accepting connections on port 6666.

执行时段错误：*Bad argument 2 to <=
Expected: int or float Got: ([ /* sizeof() == 1 */
  0 : 1013379526,
]).

程式：cmds/usr/news.c 第 159 行
物件: /cmds/usr/news
呼叫来自：feature/action.c 的 eval_function() 第 71 行，物件： obj/user#660 ("长孙无情")
呼叫来自：<function> 的 <function>() 第 0 行，物件： cmds/usr/news ("郑州风云新闻")
呼叫来自：cmds/usr/news.c 的 auto_notice() 第 159 行，物件： cmds/usr/news ("郑州风云新闻")

执行时段错误：*Bad argument 2 to <=
Expected: int or float Got: ([ /* sizeof() == 1 */
  0 : 1013379526,
]).

程式：cmds/usr/news.c 第 159 行
物件: /cmds/usr/news
呼叫来自：feature/action.c 的 eval_function() 第 71 行，物件： obj/user#785 ("长孙无情")
呼叫来自：<function> 的 <function>() 第 0 行，物件： cmds/usr/news ("郑州风云新闻")
呼叫来自：cmds/usr/news.c 的 auto_notice() 第 159 行，物件： cmds/usr/news ("郑州风云新闻")

执行时段错误：*Bad argument 2 to <=
Expected: int or float Got: ([ /* sizeof() == 1 */
  0 : 1013379526,
]).

程式：cmds/usr/news.c 第 159 行
物件: /cmds/usr/news
呼叫来自：feature/action.c 的 eval_function() 第 71 行，物件： obj/user#795 ("长孙无情")
呼叫来自：<function> 的 <function>() 第 0 行，物件： cmds/usr/news ("郑州风云新闻")
呼叫来自：cmds/usr/news.c 的 auto_notice() 第 159 行，物件： cmds/usr/news ("郑州风云新闻")

执行时段错误：*call_other() couldn't find object

程式：cmds/std/go.c 第 129 行
物件: /cmds/std/go
呼叫来自：std/char.c 的 heart_beat() 第 129 行，物件： d/fy/npc/mei#807 ("寒梅先生")
呼叫来自：std/char/npc.c 的 chat() 第 113 行，物件： d/fy/npc/mei#807 ("寒梅先生")
呼叫来自：<function> 的 <function>() 第 0 行，物件： d/fy/npc/mei#807 ("寒梅先生")
呼叫来自：std/char/npc.c 的 random_move() 第 127 行，物件： d/fy/npc/mei#807 ("寒梅先生")
呼叫来自：feature/command.c 的 command_hook() 第 41 行，物件： d/fy/npc/mei#807 ("寒梅先生")
呼叫来自：cmds/std/go.c 的 main() 第 129 行，物件： cmds/std/go
Heart beat in d/fy/npc/mei#807 turned off.
Initializing internal tables....

<---Mudos v22pre11 for WIN95/NT (by wwj,May 18 1998) Config: 天下无敌 startup at Mon Mar 04 12:16:11 2002

using config file: config.cfg
----------------------------------------------------------------------------
天下无敌 (MudOS v22pre11) starting up on Microsoft Windows 95 - Mon Mar 04 12:16:11 2002


System Error: init_addr_server: connect:unknow error 10061
]simul_efun loaded successfully.

Loading preloaded files ...
Initializations complete.

Accepting connections on port 6666.

执行时段错误：*Bad argument 2 to <=
Expected: int or float Got: ([ /* sizeof() == 1 */
  0 : 1013379526,
]).

程式：cmds/usr/news.c 第 159 行
物件: /cmds/usr/news
呼叫来自：feature/action.c 的 eval_function() 第 71 行，物件： obj/user#316 ("长孙无情")
呼叫来自：<function> 的 <function>() 第 0 行，物件： cmds/usr/news ("郑州风云新闻")
呼叫来自：cmds/usr/news.c 的 auto_notice() 第 159 行，物件： cmds/usr/news ("郑州风云新闻")
错误讯息被拦截: 
执行时段错误：*call_other() couldn't find object

程式：feature/condition.c 第 30 行
物件: /obj/user#316
呼叫来自：std/char.c 的 heart_beat() 第 137 行，物件： obj/user#316 ("长孙无情")
呼叫来自：feature/condition.c 的 update_condition() 第 30 行，物件： obj/user#316 ("长孙无情")
呼叫来自：feature/condition.c 的 CATCH() 第 30 行，物件： obj/user#316 ("长孙无情")
错误讯息被拦截: 
执行时段错误：*call_other() couldn't find object

程式：feature/condition.c 第 30 行
物件: /obj/user#316
呼叫来自：std/char.c 的 heart_beat() 第 137 行，物件： obj/user#316 ("长孙无情")
呼叫来自：feature/condition.c 的 update_condition() 第 30 行，物件： obj/user#316 ("长孙无情")
呼叫来自：feature/condition.c 的 CATCH() 第 30 行，物件： obj/user#316 ("长孙无情")
错误讯息被拦截: 
执行时段错误：*call_other() couldn't find object

程式：feature/condition.c 第 30 行
物件: /obj/user#316
呼叫来自：std/char.c 的 heart_beat() 第 137 行，物件： obj/user#316 ("长孙无情")
呼叫来自：feature/condition.c 的 update_condition() 第 30 行，物件： obj/user#316 ("长孙无情")
呼叫来自：feature/condition.c 的 CATCH() 第 30 行，物件： obj/user#316 ("长孙无情")
错误讯息被拦截: 
执行时段错误：*call_other() couldn't find object

程式：feature/condition.c 第 30 行
物件: /obj/user#316
呼叫来自：std/char.c 的 heart_beat() 第 137 行，物件： obj/user#316 ("长孙无情")
呼叫来自：feature/condition.c 的 update_condition() 第 30 行，物件： obj/user#316 ("长孙无情")
呼叫来自：feature/condition.c 的 CATCH() 第 30 行，物件： obj/user#316 ("长孙无情")
错误讯息被拦截: 
执行时段错误：*call_other() couldn't find object

程式：feature/condition.c 第 30 行
物件: /obj/user#316
呼叫来自：std/char.c 的 heart_beat() 第 137 行，物件： obj/user#316 ("长孙无情")
呼叫来自：feature/condition.c 的 update_condition() 第 30 行，物件： obj/user#316 ("长孙无情")
呼叫来自：feature/condition.c 的 CATCH() 第 30 行，物件： obj/user#316 ("长孙无情")
错误讯息被拦截: 
执行时段错误：*call_other() couldn't find object

程式：feature/condition.c 第 30 行
物件: /obj/user#316
呼叫来自：std/char.c 的 heart_beat() 第 137 行，物件： obj/user#316 ("长孙无情")
呼叫来自：feature/condition.c 的 update_condition() 第 30 行，物件： obj/user#316 ("长孙无情")
呼叫来自：feature/condition.c 的 CATCH() 第 30 行，物件： obj/user#316 ("长孙无情")
错误讯息被拦截: 
执行时段错误：*call_other() couldn't find object

程式：feature/condition.c 第 30 行
物件: /obj/user#316
呼叫来自：std/char.c 的 heart_beat() 第 137 行，物件： obj/user#316 ("长孙无情")
呼叫来自：feature/condition.c 的 update_condition() 第 30 行，物件： obj/user#316 ("长孙无情")
呼叫来自：feature/condition.c 的 CATCH() 第 30 行，物件： obj/user#316 ("长孙无情")
错误讯息被拦截: 
执行时段错误：*call_other() couldn't find object

程式：feature/condition.c 第 30 行
物件: /obj/user#316
呼叫来自：std/char.c 的 heart_beat() 第 137 行，物件： obj/user#316 ("长孙无情")
呼叫来自：feature/condition.c 的 update_condition() 第 30 行，物件： obj/user#316 ("长孙无情")
呼叫来自：feature/condition.c 的 CATCH() 第 30 行，物件： obj/user#316 ("长孙无情")
错误讯息被拦截: 
执行时段错误：*call_other() couldn't find object

程式：feature/condition.c 第 30 行
物件: /obj/user#316
呼叫来自：std/char.c 的 heart_beat() 第 137 行，物件： obj/user#316 ("长孙无情")
呼叫来自：feature/condition.c 的 update_condition() 第 30 行，物件： obj/user#316 ("长孙无情")
呼叫来自：feature/condition.c 的 CATCH() 第 30 行，物件： obj/user#316 ("长孙无情")
错误讯息被拦截: 
执行时段错误：*call_other() couldn't find object

程式：feature/condition.c 第 30 行
物件: /obj/user#316
呼叫来自：std/char.c 的 heart_beat() 第 137 行，物件： obj/user#316 ("长孙无情")
呼叫来自：feature/condition.c 的 update_condition() 第 30 行，物件： obj/user#316 ("长孙无情")
呼叫来自：feature/condition.c 的 CATCH() 第 30 行，物件： obj/user#316 ("长孙无情")
错误讯息被拦截: 
执行时段错误：*call_other() couldn't find object

程式：feature/condition.c 第 30 行
物件: /obj/user#316
呼叫来自：std/char.c 的 heart_beat() 第 137 行，物件： obj/user#316 ("长孙无情")
呼叫来自：feature/condition.c 的 update_condition() 第 30 行，物件： obj/user#316 ("长孙无情")
呼叫来自：feature/condition.c 的 CATCH() 第 30 行，物件： obj/user#316 ("长孙无情")
错误讯息被拦截: 
执行时段错误：*call_other() couldn't find object

程式：feature/condition.c 第 30 行
物件: /obj/user#316
呼叫来自：std/char.c 的 heart_beat() 第 137 行，物件： obj/user#316 ("长孙无情")
呼叫来自：feature/condition.c 的 update_condition() 第 30 行，物件： obj/user#316 ("长孙无情")
呼叫来自：feature/condition.c 的 CATCH() 第 30 行，物件： obj/user#316 ("长孙无情")
错误讯息被拦截: 
执行时段错误：*call_other() couldn't find object

程式：feature/condition.c 第 30 行
物件: /obj/user#316
呼叫来自：std/char.c 的 heart_beat() 第 137 行，物件： obj/user#316 ("长孙无情")
呼叫来自：feature/condition.c 的 update_condition() 第 30 行，物件： obj/user#316 ("长孙无情")
呼叫来自：feature/condition.c 的 CATCH() 第 30 行，物件： obj/user#316 ("长孙无情")
错误讯息被拦截: 
执行时段错误：*call_other() couldn't find object

程式：feature/condition.c 第 30 行
物件: /obj/user#316
呼叫来自：std/char.c 的 heart_beat() 第 137 行，物件： obj/user#316 ("长孙无情")
呼叫来自：feature/condition.c 的 update_condition() 第 30 行，物件： obj/user#316 ("长孙无情")
呼叫来自：feature/condition.c 的 CATCH() 第 30 行，物件： obj/user#316 ("长孙无情")
错误讯息被拦截: 
执行时段错误：*call_other() couldn't find object

程式：feature/condition.c 第 30 行
物件: /obj/user#316
呼叫来自：std/char.c 的 heart_beat() 第 137 行，物件： obj/user#316 ("长孙无情")
呼叫来自：feature/condition.c 的 update_condition() 第 30 行，物件： obj/user#316 ("长孙无情")
呼叫来自：feature/condition.c 的 CATCH() 第 30 行，物件： obj/user#316 ("长孙无情")
错误讯息被拦截: 
执行时段错误：*call_other() couldn't find object

程式：feature/condition.c 第 30 行
物件: /obj/user#316
呼叫来自：std/char.c 的 heart_beat() 第 137 行，物件： obj/user#316 ("长孙无情")
呼叫来自：feature/condition.c 的 update_condition() 第 30 行，物件： obj/user#316 ("长孙无情")
呼叫来自：feature/condition.c 的 CATCH() 第 30 行，物件： obj/user#316 ("长孙无情")
closed external ports
Initializing internal tables....

<---Mudos v22pre11 for WIN95/NT (by wwj,May 18 1998) Config: 天下无敌 shutdown at Mon Mar 04 13:25:50 2002




<---Mudos v22pre11 for WIN95/NT (by wwj,May 18 1998) Config: 天下无敌 startup at Mon Mar 04 13:25:51 2002

using config file: config.cfg
----------------------------------------------------------------------------
天下无敌 (MudOS v22pre11) starting up on Microsoft Windows 95 - Mon Mar 04 13:25:51 2002


System Error: init_addr_server: connect:unknow error 10061
]simul_efun loaded successfully.

Loading preloaded files ...
Initializations complete.

Accepting connections on port 6666.
Error in error handler: *Too deep recursion.
program: /adm/daemons/chinesed.c, object: /adm/daemons/chinesed, file: /adm/daemons/chinesed.c:64
'     get_passwd' in 'adm/daemons/logind.c' ('  adm/daemons/logind') /adm/daemons/logind.c:276
arguments were ("Chen00",obj/login#337)
locals were: "bx2vcpNb4thf.",obj/user#338
'    enter_world' in 'adm/daemons/logind.c' ('  adm/daemons/logind') /adm/daemons/logind.c:661
arguments were (obj/login#337,obj/user#338,0)
locals were: obj/cloth#339,0,"/d/wiz/hall",0,"xgchen","/data/mail/x/xgchen.o",0
'     check_user' in 'adm/daemons/updated.c' (' adm/daemons/updated') /adm/daemons/updated.c:34
arguments were (obj/user#338)
locals were: ([ /* sizeof() == 60 */
  "actions" : (: call_other,     "/daemon/skill/changquan",     "query_action" :),
  "default_actions" : (: call_other,     "/adm/daemons/race/human.c",     "query_action" :),
  "cwf" : "/cmds/std/bid.c",
  "birthday" : 1015009035,
  "channels" : ({ /* sizeof() == 8 */
      "chat",
      "fy",
      "new",
      "rumor",
      "gab",
      "sys",
      "sale",
      "wiz"
    }),
  "per" : 30,
  "last_read_news" : ([ /* sizeof() == 1 */
      0 : 1013379526,
    ]),
  "mud_age" : 14010040,
  "race" : "人类",
  "name" : "长孙无情",
  "postover" : 1015091198,
  "con" : 19,
  "gender" : "男性",
  "startroom" : "/d/wiz/hall",
  "combat_exp" : 100000000,
  "KILLED" : 1,
  "gift_points" : 5,
  "level" : 11,
  "board_last_read" : ([ /* sizeof() == 1 */
      "fysquare_b" : 1015091198,
    ]),
  "national" : "汉族",
  "potential" : 776817,
  "eff_gin" : 194,
  "score" : 200000,
  "eff_sen" : 574,
  "kar" : 10,
  "cps" : 30,
  "id" : "xgchen",
  "agi" : 10,
  "LastReadNews" : 153,
  "mapover" : 1015072601,
  "deposit" : 1215672192,
  "force" : 15000,
  "max_gin" : 194,
  "dur" : 2,
  "title" : "普通百姓",
  "max_sen" : 574,
  "gin" : 194,
  "sen" : 574,
  "str" : 30,
  "fle" : 10,
  "eff_kee" : 15414,
  "quit_time" : 1015075315,
  "water" : 26018,
  "int" : 30,
  "food" : 26018,
  "tol" : 5,
  "atman" : 0,
  "cor" : 5,
  "mana" : 0,
  "bellicosity" : 0,
  "max_atman" : 0,
  "env" : ([ /* sizeof() == 2 */
      "prompt" : "time",
      "wimpy" : 50,
    ]),
  "max_mana" : 0,
  "qianminglong" : "",
  "spi" : 12,
  "age" : 64,
  "kee" : 15414,
  "max_kee" : 15414,
  "killren" : 1,
  "max_force" : 15000,
])
' chinese_number' in 'adm/obj/simul_efun.c' ('  adm/obj/simul_efun') /adm/simul_efun/chinese.c:4
arguments were (1161672192)
' chinese_number' in 'adm/daemons/chinesed.c' ('adm/daemons/chinesed') /adm/daemons/chinesed.c:64
arguments were (1161672192)
' chinese_number' in 'adm/daemons/chinesed.c' ('adm/daemons/chinesed') /adm/daemons/chinesed.c:64
arguments were (434292224)
' chinese_number' in 'adm/daemons/chinesed.c' ('adm/daemons/chinesed') /adm/daemons/chinesed.c:64
arguments were (434292224)
' chinese_number' in 'adm/daemons/chinesed.c' ('adm/daemons/chinesed') /adm/daemons/chinesed.c:64
arguments were (434292224)
' chinese_number' in 'adm/daemons/chinesed.c' ('adm/daemons/chinesed') /adm/daemons/chinesed.c:64
arguments were (434292224)
' chinese_number' in 'adm/daemons/chinesed.c' ('adm/daemons/chinesed') /adm/daemons/chinesed.c:64
arguments were (434292224)
' chinese_number' in 'adm/daemons/chinesed.c' ('adm/daemons/chinesed') /adm/daemons/chinesed.c:64
arguments were (434292224)
' chinese_number' in 'adm/daemons/chinesed.c' ('adm/daemons/chinesed') /adm/daemons/chinesed.c:64
arguments were (434292224)
' chinese_number' in 'adm/daemons/chinesed.c' ('adm/daemons/chinesed') /adm/daemons/chinesed.c:64
arguments were (434292224)
' chinese_number' in 'adm/daemons/chinesed.c' ('adm/daemons/chinesed') /adm/daemons/chinesed.c:64
arguments were (434292224)
' chinese_number' in 'adm/daemons/chinesed.c' ('adm/daemons/chinesed') /adm/daemons/chinesed.c:64
arguments were (434292224)
' chinese_number' in 'adm/daemons/chinesed.c' ('adm/daemons/chinesed') /adm/daemons/chinesed.c:64
arguments were (434292224)
' chinese_number' in 'adm/daemons/chinesed.c' ('adm/daemons/chinesed') /adm/daemons/chinesed.c:64
arguments were (434292224)
' chinese_number' in 'adm/daemons/chinesed.c' ('adm/daemons/chinesed') /adm/daemons/chinesed.c:64
arguments were (434292224)
' chinese_number' in 'adm/daemons/chinesed.c' ('adm/daemons/chinesed') /adm/daemons/chinesed.c:64
arguments were (434292224)
' chinese_number' in 'adm/daemons/chinesed.c' ('adm/daemons/chinesed') /adm/daemons/chinesed.c:64
arguments were (434292224)
' chinese_number' in 'adm/daemons/chinesed.c' ('adm/daemons/chinesed') /adm/daemons/chinesed.c:64
arguments were (434292224)
' chinese_number' in 'adm/daemons/chinesed.c' ('adm/daemons/chinesed') /adm/daemons/chinesed.c:64
arguments were (434292224)
' chinese_number' in 'adm/daemons/chinesed.c' ('adm/daemons/chinesed') /adm/daemons/chinesed.c:64
arguments were (434292224)
' chinese_number' in 'adm/daemons/chinesed.c' ('adm/daemons/chinesed') /adm/daemons/chinesed.c:64
arguments were (434292224)
' chinese_number' in 'adm/daemons/chinesed.c' ('adm/daemons/chinesed') /adm/daemons/chinesed.c:64
arguments were (434292224)
' chinese_number' in 'adm/daemons/chinesed.c' ('adm/daemons/chinesed') /adm/daemons/chinesed.c:64
arguments were (434292224)
' chinese_number' in 'adm/daemons/chinesed.c' ('adm/daemons/chinesed') /adm/daemons/chinesed.c:64
arguments were (434292224)
' chinese_number' in 'adm/daemons/chinesed.c' ('adm/daemons/chinesed') /adm/daemons/chinesed.c:64
arguments were (434292224)
' chinese_number' in 'adm/daemons/chinesed.c' ('adm/daemons/chinesed') /adm/daemons/chinesed.c:64
arguments were (434292224)
' chinese_number' in 'adm/daemons/chinesed.c' ('adm/daemons/chinesed') /adm/daemons/chinesed.c:64
arguments were (434292224)
' chinese_number' in 'adm/daemons/chinesed.c' ('adm/daemons/chinesed') /adm/daemons/chinesed.c:64
arguments were (434292224)
' chinese_number' in 'adm/daemons/chinesed.c' ('adm/daemons/chinesed') /adm/daemons/chinesed.c:64
arguments were (434292224)
' chinese_number' in 'adm/daemons/chinesed.c' ('adm/daemons/chinesed') /adm/daemons/chinesed.c:64
arguments were (434292224)
' chinese_number' in 'adm/daemons/chinesed.c' ('adm/daemons/chinesed') /adm/daemons/chinesed.c:64
arguments were (434292224)
' chinese_number' in 'adm/daemons/chinesed.c' ('adm/daemons/chinesed') /adm/daemons/chinesed.c:64
arguments were (434292224)
' chinese_number' in 'adm/daemons/chinesed.c' ('adm/daemons/chinesed') /adm/daemons/chinesed.c:64
arguments were (434292224)
' chinese_number' in 'adm/daemons/chinesed.c' ('adm/daemons/chinesed') /adm/daemons/chinesed.c:64
arguments were (434292224)
' chinese_number' in 'adm/daemons/chinesed.c' ('adm/daemons/chinesed') /adm/daemons/chinesed.c:64
arguments were (434292224)
' chinese_number' in 'adm/daemons/chinesed.c' ('adm/daemons/chinesed') /adm/daemons/chinesed.c:64
arguments were (434292224)
' chinese_number' in 'adm/daemons/chinesed.c' ('adm/daemons/chinesed') /adm/daemons/chinesed.c:64
arguments were (434292224)
' chinese_number' in 'adm/daemons/chinesed.c' ('adm/daemons/chinesed') /adm/daemons/chinesed.c:64
arguments were (434292224)
' chinese_number' in 'adm/daemons/chinesed.c' ('adm/daemons/chinesed') /adm/daemons/chinesed.c:64
arguments were (434292224)
' chinese_number' in 'adm/daemons/chinesed.c' ('adm/daemons/chinesed') /adm/daemons/chinesed.c:64
arguments were (434292224)
' chinese_number' in 'adm/daemons/chinesed.c' ('adm/daemons/chinesed') /adm/daemons/chinesed.c:64
arguments were (434292224)
' chinese_number' in 'adm/daemons/chinesed.c' ('adm/daemons/chinesed') /adm/daemons/chinesed.c:64
arguments were (434292224)
' chinese_number' in 'adm/daemons/chinesed.c' ('adm/daemons/chinesed') /adm/daemons/chinesed.c:64
arguments were (434292224)
' chinese_number' in 'adm/daemons/chinesed.c' ('adm/daemons/chinesed') /adm/daemons/chinesed.c:64
arguments were (434292224)
' chinese_number' in 'adm/daemons/chinesed.c' ('adm/daemons/chinesed') /adm/daemons/chinesed.c:64
arguments were (434292224)
' chinese_number' in 'adm/daemons/chinesed.c' ('adm/daemons/chinesed') /adm/daemons/chinesed.c:64
arguments were (434292224)
' chinese_number' in 'adm/daemons/chinesed.c' ('adm/daemons/chinesed') /adm/daemons/chinesed.c:64
arguments were (434292224)

执行时段错误：*call_other() couldn't find object

程式：cmds/std/go.c 第 129 行
物件: /cmds/std/go
呼叫来自：std/char.c 的 heart_beat() 第 129 行，物件： d/fy/npc/mei#380 ("寒梅先生")
呼叫来自：std/char/npc.c 的 chat() 第 113 行，物件： d/fy/npc/mei#380 ("寒梅先生")
呼叫来自：<function> 的 <function>() 第 0 行，物件： d/fy/npc/mei#380 ("寒梅先生")
呼叫来自：std/char/npc.c 的 random_move() 第 127 行，物件： d/fy/npc/mei#380 ("寒梅先生")
呼叫来自：feature/command.c 的 command_hook() 第 41 行，物件： d/fy/npc/mei#380 ("寒梅先生")
呼叫来自：cmds/std/go.c 的 main() 第 129 行，物件： cmds/std/go
Heart beat in d/fy/npc/mei#380 turned off.

执行时段错误：*Bad argument 2 to present()
Expected: object Got: 0.

程式：cmds/std/bid.c 第 32 行
物件: /cmds/std/bid
呼叫来自：feature/command.c 的 command_hook() 第 41 行，物件： obj/user#338 ("长孙无情")
呼叫来自：cmds/std/bid.c 的 main() 第 32 行，物件： cmds/std/bid
错误讯息被拦截: 
执行时段错误：*call_other() couldn't find object

程式：feature/condition.c 第 30 行
物件: /obj/user#338
呼叫来自：std/char.c 的 heart_beat() 第 137 行，物件： obj/user#338 ("长孙无情")
呼叫来自：feature/condition.c 的 update_condition() 第 30 行，物件： obj/user#338 ("长孙无情")
呼叫来自：feature/condition.c 的 CATCH() 第 30 行，物件： obj/user#338 ("长孙无情")

执行时段错误：*Bad argument 2 to present()
Expected: object Got: 0.

程式：cmds/std/bid.c 第 32 行
物件: /cmds/std/bid
呼叫来自：feature/command.c 的 command_hook() 第 41 行，物件： obj/user#338 ("长孙无情")
呼叫来自：cmds/std/bid.c 的 main() 第 32 行，物件： cmds/std/bid
错误讯息被拦截: 
执行时段错误：*call_other() couldn't find object

程式：feature/condition.c 第 30 行
物件: /obj/user#338
呼叫来自：std/char.c 的 heart_beat() 第 137 行，物件： obj/user#338 ("长孙无情")
呼叫来自：feature/condition.c 的 update_condition() 第 30 行，物件： obj/user#338 ("长孙无情")
呼叫来自：feature/condition.c 的 CATCH() 第 30 行，物件： obj/user#338 ("长孙无情")

执行时段错误：*Bad argument 2 to present()
Expected: object Got: 0.

程式：cmds/std/bid.c 第 32 行
物件: /cmds/std/bid
呼叫来自：feature/command.c 的 command_hook() 第 41 行，物件： obj/user#338 ("长孙无情")
呼叫来自：cmds/std/bid.c 的 main() 第 32 行，物件： cmds/std/bid
错误讯息被拦截: 
执行时段错误：*call_other() couldn't find object

程式：feature/condition.c 第 30 行
物件: /obj/user#338
呼叫来自：std/char.c 的 heart_beat() 第 137 行，物件： obj/user#338 ("长孙无情")
呼叫来自：feature/condition.c 的 update_condition() 第 30 行，物件： obj/user#338 ("长孙无情")
呼叫来自：feature/condition.c 的 CATCH() 第 30 行，物件： obj/user#338 ("长孙无情")
错误讯息被拦截: 
执行时段错误：*call_other() couldn't find object

程式：feature/condition.c 第 30 行
物件: /obj/user#338
呼叫来自：std/char.c 的 heart_beat() 第 137 行，物件： obj/user#338 ("长孙无情")
呼叫来自：feature/condition.c 的 update_condition() 第 30 行，物件： obj/user#338 ("长孙无情")
呼叫来自：feature/condition.c 的 CATCH() 第 30 行，物件： obj/user#338 ("长孙无情")
错误讯息被拦截: 
执行时段错误：*call_other() couldn't find object

程式：feature/condition.c 第 30 行
物件: /obj/user#397
呼叫来自：std/char.c 的 heart_beat() 第 137 行，物件： obj/user#397 ("长孙无")
呼叫来自：feature/condition.c 的 update_condition() 第 30 行，物件： obj/user#397 ("长孙无")
呼叫来自：feature/condition.c 的 CATCH() 第 30 行，物件： obj/user#397 ("长孙无")
错误讯息被拦截: 
执行时段错误：*call_other() couldn't find object

程式：feature/condition.c 第 30 行
物件: /obj/user#397
呼叫来自：std/char.c 的 heart_beat() 第 137 行，物件： obj/user#397 ("长孙无")
呼叫来自：feature/condition.c 的 update_condition() 第 30 行，物件： obj/user#397 ("长孙无")
呼叫来自：feature/condition.c 的 CATCH() 第 30 行，物件： obj/user#397 ("长孙无")
错误讯息被拦截: 
执行时段错误：*call_other() couldn't find object

程式：feature/condition.c 第 30 行
物件: /obj/user#397
呼叫来自：std/char.c 的 heart_beat() 第 137 行，物件： obj/user#397 ("长孙无")
呼叫来自：feature/condition.c 的 update_condition() 第 30 行，物件： obj/user#397 ("长孙无")
呼叫来自：feature/condition.c 的 CATCH() 第 30 行，物件： obj/user#397 ("长孙无")
错误讯息被拦截: 
执行时段错误：*call_other() couldn't find object

程式：feature/condition.c 第 30 行
物件: /obj/user#338
呼叫来自：std/char.c 的 heart_beat() 第 137 行，物件： obj/user#338 ("长孙无情")
呼叫来自：feature/condition.c 的 update_condition() 第 30 行，物件： obj/user#338 ("长孙无情")
呼叫来自：feature/condition.c 的 CATCH() 第 30 行，物件： obj/user#338 ("长孙无情")

执行时段错误：*Bad argument 2 to <=
Expected: int or float Got: ([ /* sizeof() == 1 */
  0 : 1013379526,
]).

程式：cmds/usr/news.c 第 159 行
物件: /cmds/usr/news
呼叫来自：feature/action.c 的 eval_function() 第 71 行，物件： obj/user#397 ("长孙无")
呼叫来自：<function> 的 <function>() 第 0 行，物件： cmds/usr/news ("郑州风云新闻")
呼叫来自：cmds/usr/news.c 的 auto_notice() 第 159 行，物件： cmds/usr/news ("郑州风云新闻")
错误讯息被拦截: 
执行时段错误：*call_other() couldn't find object

程式：feature/condition.c 第 30 行
物件: /obj/user#397
呼叫来自：std/char.c 的 heart_beat() 第 137 行，物件： obj/user#397 ("长孙无")
呼叫来自：feature/condition.c 的 update_condition() 第 30 行，物件： obj/user#397 ("长孙无")
呼叫来自：feature/condition.c 的 CATCH() 第 30 行，物件： obj/user#397 ("长孙无")
错误讯息被拦截: 
执行时段错误：*call_other() couldn't find object

程式：feature/condition.c 第 30 行
物件: /obj/user#338
呼叫来自：std/char.c 的 heart_beat() 第 137 行，物件： obj/user#338 ("长孙无情")
呼叫来自：feature/condition.c 的 update_condition() 第 30 行，物件： obj/user#338 ("长孙无情")
呼叫来自：feature/condition.c 的 CATCH() 第 30 行，物件： obj/user#338 ("长孙无情")
错误讯息被拦截: 
执行时段错误：*call_other() couldn't find object

程式：feature/condition.c 第 30 行
物件: /obj/user#397
呼叫来自：std/char.c 的 heart_beat() 第 137 行，物件： obj/user#397 ("长孙无")
呼叫来自：feature/condition.c 的 update_condition() 第 30 行，物件： obj/user#397 ("长孙无")
呼叫来自：feature/condition.c 的 CATCH() 第 30 行，物件： obj/user#397 ("长孙无")
错误讯息被拦截: 
执行时段错误：*call_other() couldn't find object

程式：feature/condition.c 第 30 行
物件: /obj/user#338
呼叫来自：std/char.c 的 heart_beat() 第 137 行，物件： obj/user#338 ("长孙无情")
呼叫来自：feature/condition.c 的 update_condition() 第 30 行，物件： obj/user#338 ("长孙无情")
呼叫来自：feature/condition.c 的 CATCH() 第 30 行，物件： obj/user#338 ("长孙无情")
错误讯息被拦截: 
执行时段错误：*call_other() couldn't find object

程式：feature/condition.c 第 30 行
物件: /obj/user#397
呼叫来自：std/char.c 的 heart_beat() 第 137 行，物件： obj/user#397 ("长孙无")
呼叫来自：feature/condition.c 的 update_condition() 第 30 行，物件： obj/user#397 ("长孙无")
呼叫来自：feature/condition.c 的 CATCH() 第 30 行，物件： obj/user#397 ("长孙无")
错误讯息被拦截: 
执行时段错误：*call_other() couldn't find object

程式：feature/condition.c 第 30 行
物件: /obj/user#338
呼叫来自：std/char.c 的 heart_beat() 第 137 行，物件： obj/user#338 ("长孙无情")
呼叫来自：feature/condition.c 的 update_condition() 第 30 行，物件： obj/user#338 ("长孙无情")
呼叫来自：feature/condition.c 的 CATCH() 第 30 行，物件： obj/user#338 ("长孙无情")
错误讯息被拦截: 
执行时段错误：*call_other() couldn't find object

程式：feature/condition.c 第 30 行
物件: /obj/user#397
呼叫来自：std/char.c 的 heart_beat() 第 137 行，物件： obj/user#397 ("长孙无")
呼叫来自：feature/condition.c 的 update_condition() 第 30 行，物件： obj/user#397 ("长孙无")
呼叫来自：feature/condition.c 的 CATCH() 第 30 行，物件： obj/user#397 ("长孙无")
错误讯息被拦截: 
执行时段错误：*Error in loading object '/d/fy/npc/paimaishi'

程式：cmds/wiz/update.c 第 53 行
物件: /cmds/wiz/update
呼叫来自：feature/command.c 的 command_hook() 第 41 行，物件： obj/user#338 ("长孙无情")
呼叫来自：cmds/wiz/update.c 的 main() 第 53 行，物件： cmds/wiz/update
呼叫来自：cmds/wiz/update.c 的 CATCH() 第 53 行，物件： cmds/wiz/update
错误讯息被拦截: 
执行时段错误：*Error in loading object '/d/fy/npc/paimaishi'

程式：cmds/wiz/update.c 第 53 行
物件: /cmds/wiz/update
呼叫来自：feature/command.c 的 command_hook() 第 41 行，物件： obj/user#338 ("长孙无情")
呼叫来自：cmds/wiz/update.c 的 main() 第 53 行，物件： cmds/wiz/update
呼叫来自：cmds/wiz/update.c 的 CATCH() 第 53 行，物件： cmds/wiz/update
错误讯息被拦截: 
执行时段错误：*call_other() couldn't find object

程式：feature/condition.c 第 30 行
物件: /obj/user#338
呼叫来自：std/char.c 的 heart_beat() 第 137 行，物件： obj/user#338 ("长孙无情")
呼叫来自：feature/condition.c 的 update_condition() 第 30 行，物件： obj/user#338 ("长孙无情")
呼叫来自：feature/condition.c 的 CATCH() 第 30 行，物件： obj/user#338 ("长孙无情")
错误讯息被拦截: 
执行时段错误：*call_other() couldn't find object

程式：feature/condition.c 第 30 行
物件: /obj/user#397
呼叫来自：std/char.c 的 heart_beat() 第 137 行，物件： obj/user#397 ("长孙无")
呼叫来自：feature/condition.c 的 update_condition() 第 30 行，物件： obj/user#397 ("长孙无")
呼叫来自：feature/condition.c 的 CATCH() 第 30 行，物件： obj/user#397 ("长孙无")
错误讯息被拦截: 
执行时段错误：*call_other() couldn't find object

程式：feature/condition.c 第 30 行
物件: /obj/user#338
呼叫来自：std/char.c 的 heart_beat() 第 137 行，物件： obj/user#338 ("长孙无情")
呼叫来自：feature/condition.c 的 update_condition() 第 30 行，物件： obj/user#338 ("长孙无情")
呼叫来自：feature/condition.c 的 CATCH() 第 30 行，物件： obj/user#338 ("长孙无情")
Initializing internal tables....
