2003.06.15 13:39 A F:\mudlib\d\beijing\npc\obj\baojia.c <-- www.vmud.com /lonely/mudlib/d/beijing/npc/obj baojia.c
2003.06.15 13:39 A F:\mudlib\d\beijing\npc\obj\baojian.c <-- www.vmud.com /lonely/mudlib/d/beijing/npc/obj baojian.c
2003.06.15 13:39 A F:\mudlib\d\beijing\npc\obj\bishou.c <-- www.vmud.com /lonely/mudlib/d/beijing/npc/obj bishou.c
2003.06.15 13:39 A F:\mudlib\d\beijing\npc\obj\blade1.c <-- www.vmud.com /lonely/mudlib/d/beijing/npc/obj blade1.c
2003.06.15 13:39 A F:\mudlib\d\beijing\npc\obj\blade2.c <-- www.vmud.com /lonely/mudlib/d/beijing/npc/obj blade2.c
2003.06.15 13:39 A F:\mudlib\d\beijing\npc\obj\blade3.c <-- www.vmud.com /lonely/mudlib/d/beijing/npc/obj blade3.c
2003.06.15 13:39 A F:\mudlib\d\beijing\npc\obj\cloth.c <-- www.vmud.com /lonely/mudlib/d/beijing/npc/obj cloth.c
2003.06.15 13:39 A F:\mudlib\d\beijing\npc\obj\cloth1.c <-- www.vmud.com /lonely/mudlib/d/beijing/npc/obj cloth1.c
2003.06.15 13:39 A F:\mudlib\d\beijing\npc\obj\cloth2.c <-- www.vmud.com /lonely/mudlib/d/beijing/npc/obj cloth2.c
2003.06.15 13:39 A F:\mudlib\d\beijing\npc\obj\cloth3.c <-- www.vmud.com /lonely/mudlib/d/beijing/npc/obj cloth3.c
2003.06.15 13:39 A F:\mudlib\d\beijing\npc\obj\cloth4.c <-- www.vmud.com /lonely/mudlib/d/beijing/npc/obj cloth4.c
2003.06.15 13:39 A F:\mudlib\d\beijing\npc\obj\cloth5.c <-- www.vmud.com /lonely/mudlib/d/beijing/npc/obj cloth5.c
2003.06.15 13:39 A F:\mudlib\d\beijing\npc\obj\cloth6.c <-- www.vmud.com /lonely/mudlib/d/beijing/npc/obj cloth6.c
2003.06.15 13:39 A F:\mudlib\d\beijing\npc\obj\diaoqiu.c <-- www.vmud.com /lonely/mudlib/d/beijing/npc/obj diaoqiu.c
2003.06.15 13:39 A F:\mudlib\d\beijing\npc\obj\fuchen.c <-- www.vmud.com /lonely/mudlib/d/beijing/npc/obj fuchen.c
2003.06.15 13:39 A F:\mudlib\d\beijing\npc\obj\goldcloth1.c <-- www.vmud.com /lonely/mudlib/d/beijing/npc/obj goldcloth1.c
2003.06.15 13:39 A F:\mudlib\d\beijing\npc\obj\goldcloth2.c <-- www.vmud.com /lonely/mudlib/d/beijing/npc/obj goldcloth2.c
2003.06.15 13:39 A F:\mudlib\d\beijing\npc\obj\guanfu1.c <-- www.vmud.com /lonely/mudlib/d/beijing/npc/obj guanfu1.c
2003.06.15 13:39 A F:\mudlib\d\beijing\npc\obj\guanfu2.c <-- www.vmud.com /lonely/mudlib/d/beijing/npc/obj guanfu2.c
2003.06.15 13:39 A F:\mudlib\d\beijing\npc\obj\guanfu3.c <-- www.vmud.com /lonely/mudlib/d/beijing/npc/obj guanfu3.c
2003.06.15 13:39 A F:\mudlib\d\beijing\npc\obj\guanfu4.c <-- www.vmud.com /lonely/mudlib/d/beijing/npc/obj guanfu4.c
2003.06.15 13:39 A F:\mudlib\d\beijing\npc\obj\guanfu5.c <-- www.vmud.com /lonely/mudlib/d/beijing/npc/obj guanfu5.c
2003.06.15 13:39 A F:\mudlib\d\beijing\npc\obj\guanfu6.c <-- www.vmud.com /lonely/mudlib/d/beijing/npc/obj guanfu6.c
2003.06.15 13:39 A F:\mudlib\d\beijing\npc\obj\hammer.c <-- www.vmud.com /lonely/mudlib/d/beijing/npc/obj hammer.c
2003.06.15 13:39 A F:\mudlib\d\beijing\npc\obj\hat.c <-- www.vmud.com /lonely/mudlib/d/beijing/npc/obj hat.c
2003.06.15 13:39 A F:\mudlib\d\beijing\npc\obj\hupi.c <-- www.vmud.com /lonely/mudlib/d/beijing/npc/obj hupi.c
2003.06.15 13:39 A F:\mudlib\d\beijing\npc\obj\jiasha.c <-- www.vmud.com /lonely/mudlib/d/beijing/npc/obj jiasha.c
2003.06.15 13:39 A F:\mudlib\d\beijing\npc\obj\jinvcloth.c <-- www.vmud.com /lonely/mudlib/d/beijing/npc/obj jinvcloth.c
2003.06.15 13:39 A F:\mudlib\d\beijing\npc\obj\nvcloth.c <-- www.vmud.com /lonely/mudlib/d/beijing/npc/obj nvcloth.c
2003.06.15 13:39 A F:\mudlib\d\beijing\npc\obj\sword1.c <-- www.vmud.com /lonely/mudlib/d/beijing/npc/obj sword1.c
2003.06.15 13:40 A F:\mudlib\d\beijing\npc\obj\sword2.c <-- www.vmud.com /lonely/mudlib/d/beijing/npc/obj sword2.c
2003.06.15 13:40 A F:\mudlib\d\beijing\npc\obj\sword3.c <-- www.vmud.com /lonely/mudlib/d/beijing/npc/obj sword3.c
2003.06.15 13:40 A F:\mudlib\d\beijing\npc\obj\sword4.c <-- www.vmud.com /lonely/mudlib/d/beijing/npc/obj sword4.c
2003.06.15 13:40 A F:\mudlib\d\beijing\npc\obj\sword5.c <-- www.vmud.com /lonely/mudlib/d/beijing/npc/obj sword5.c
