2003.06.15 10:19 B F:\login\n\namco.o <-- www.vmud.com /lonely/mudlib/data/login/n namco.o
2003.06.15 10:19 B F:\login\n\nan.o <-- www.vmud.com /lonely/mudlib/data/login/n nan.o
2003.06.15 10:19 B F:\login\n\nana.o <-- www.vmud.com /lonely/mudlib/data/login/n nana.o
2003.06.15 10:19 B F:\login\n\nann.o <-- www.vmud.com /lonely/mudlib/data/login/n nann.o
2003.06.15 10:19 B F:\login\n\naraku.o <-- www.vmud.com /lonely/mudlib/data/login/n naraku.o
2003.06.15 10:19 B F:\login\n\nbuser.o <-- www.vmud.com /lonely/mudlib/data/login/n nbuser.o
2003.06.15 10:19 B F:\login\n\neko.o <-- www.vmud.com /lonely/mudlib/data/login/n neko.o
2003.06.15 10:20 B F:\login\n\new.o <-- www.vmud.com /lonely/mudlib/data/login/n new.o
2003.06.15 10:20 B F:\login\n\newbie.o <-- www.vmud.com /lonely/mudlib/data/login/n newbie.o
2003.06.15 10:20 B F:\login\n\newid.o <-- www.vmud.com /lonely/mudlib/data/login/n newid.o
2003.06.15 10:20 B F:\login\n\news.o <-- www.vmud.com /lonely/mudlib/data/login/n news.o
2003.06.15 10:20 B F:\login\n\newsun.o <-- www.vmud.com /lonely/mudlib/data/login/n newsun.o
2003.06.15 10:20 B F:\login\n\nghippl.o <-- www.vmud.com /lonely/mudlib/data/login/n nghippl.o
2003.06.15 10:20 B F:\login\n\nian.o <-- www.vmud.com /lonely/mudlib/data/login/n nian.o
2003.06.15 10:20 B F:\login\n\niba.o <-- www.vmud.com /lonely/mudlib/data/login/n niba.o
2003.06.15 10:20 B F:\login\n\nibaa.o <-- www.vmud.com /lonely/mudlib/data/login/n nibaa.o
2003.06.15 10:20 B F:\login\n\nice.o <-- www.vmud.com /lonely/mudlib/data/login/n nice.o
2003.06.15 10:20 B F:\login\n\nicholas.o <-- www.vmud.com /lonely/mudlib/data/login/n nicholas.o
2003.06.15 10:20 B F:\login\n\nike.o <-- www.vmud.com /lonely/mudlib/data/login/n nike.o
2003.06.15 10:20 B F:\login\n\nima.o <-- www.vmud.com /lonely/mudlib/data/login/n nima.o
2003.06.15 10:20 B F:\login\n\nimama.o <-- www.vmud.com /lonely/mudlib/data/login/n nimama.o
2003.06.15 10:20 B F:\login\n\nimamaheba.o <-- www.vmud.com /lonely/mudlib/data/login/n nimamaheba.o
2003.06.15 10:20 B F:\login\n\nimu.o <-- www.vmud.com /lonely/mudlib/data/login/n nimu.o
2003.06.15 10:20 B F:\login\n\nitan.o <-- www.vmud.com /lonely/mudlib/data/login/n nitan.o
2003.06.15 10:20 B F:\login\n\niua.o <-- www.vmud.com /lonely/mudlib/data/login/n niua.o
2003.06.15 10:20 B F:\login\n\niub.o <-- www.vmud.com /lonely/mudlib/data/login/n niub.o
2003.06.15 10:20 B F:\login\n\nke.o <-- www.vmud.com /lonely/mudlib/data/login/n nke.o
2003.06.15 10:20 B F:\login\n\nogg.o <-- www.vmud.com /lonely/mudlib/data/login/n nogg.o
2003.06.15 10:20 B F:\login\n\nokia.o <-- www.vmud.com /lonely/mudlib/data/login/n nokia.o
2003.06.15 10:20 B F:\login\n\none.o <-- www.vmud.com /lonely/mudlib/data/login/n none.o
2003.06.15 10:20 B F:\login\n\north.o <-- www.vmud.com /lonely/mudlib/data/login/n north.o
2003.06.15 10:20 B F:\login\n\northover.o <-- www.vmud.com /lonely/mudlib/data/login/n northover.o
2003.06.15 10:20 B F:\login\n\nosoul.o <-- www.vmud.com /lonely/mudlib/data/login/n nosoul.o
2003.06.15 10:20 B F:\login\n\notme.o <-- www.vmud.com /lonely/mudlib/data/login/n notme.o
2003.06.15 10:20 B F:\login\n\ntboy.o <-- www.vmud.com /lonely/mudlib/data/login/n ntboy.o
