99.03.14 13:48 B f:\mirror1\d\xingsu\obj\bian.c --> www1.yn.cninfo.net /mudcctx/mudlib/d/xingsu/obj bian.c
99.03.14 13:48 B f:\mirror1\d\xingsu\obj\changbian.c --> www1.yn.cninfo.net /mudcctx/mudlib/d/xingsu/obj changbian.c
99.03.14 13:48 B f:\mirror1\d\xingsu\obj\changpao.c --> www1.yn.cninfo.net /mudcctx/mudlib/d/xingsu/obj changpao.c
99.03.14 13:48 B f:\mirror1\d\xingsu\obj\dongbula.c --> www1.yn.cninfo.net /mudcctx/mudlib/d/xingsu/obj dongbula.c
99.03.14 13:48 B f:\mirror1\d\xingsu\obj\donkey.c --> www1.yn.cninfo.net /mudcctx/mudlib/d/xingsu/obj donkey.c
99.03.14 13:48 B f:\mirror1\d\xingsu\obj\dujing_1.c --> www1.yn.cninfo.net /mudcctx/mudlib/d/xingsu/obj dujing_1.c
99.03.14 13:48 B f:\mirror1\d\xingsu\obj\fire.c --> www1.yn.cninfo.net /mudcctx/mudlib/d/xingsu/obj fire.c
99.03.14 13:48 B f:\mirror1\d\xingsu\obj\gangdao.c --> www1.yn.cninfo.net /mudcctx/mudlib/d/xingsu/obj gangdao.c
99.03.14 13:48 B f:\mirror1\d\xingsu\obj\gangjian.c --> www1.yn.cninfo.net /mudcctx/mudlib/d/xingsu/obj gangjian.c
99.03.14 13:48 B f:\mirror1\d\xingsu\obj\gangzhang.c --> www1.yn.cninfo.net /mudcctx/mudlib/d/xingsu/obj gangzhang.c
99.03.14 13:48 B f:\mirror1\d\xingsu\obj\hamigua.c --> www1.yn.cninfo.net /mudcctx/mudlib/d/xingsu/obj hamigua.c
99.03.14 13:48 B f:\mirror1\d\xingsu\obj\horse.c --> www1.yn.cninfo.net /mudcctx/mudlib/d/xingsu/obj horse.c
99.03.14 13:48 B f:\mirror1\d\xingsu\obj\hu.c --> www1.yn.cninfo.net /mudcctx/mudlib/d/xingsu/obj hu.c
99.03.14 13:48 B f:\mirror1\d\xingsu\obj\hulu.c --> www1.yn.cninfo.net /mudcctx/mudlib/d/xingsu/obj hulu.c
99.03.14 13:48 B f:\mirror1\d\xingsu\obj\junfu.c --> www1.yn.cninfo.net /mudcctx/mudlib/d/xingsu/obj junfu.c
99.03.14 13:48 B f:\mirror1\d\xingsu\obj\menghan_yao.c --> www1.yn.cninfo.net /mudcctx/mudlib/d/xingsu/obj menghan_yao.c
99.03.14 13:48 B f:\mirror1\d\xingsu\obj\muzhang.c --> www1.yn.cninfo.net /mudcctx/mudlib/d/xingsu/obj muzhang.c
99.03.14 13:48 B f:\mirror1\d\xingsu\obj\nang.c --> www1.yn.cninfo.net /mudcctx/mudlib/d/xingsu/obj nang.c
99.03.14 13:48 B f:\mirror1\d\xingsu\obj\shedan.c --> www1.yn.cninfo.net /mudcctx/mudlib/d/xingsu/obj shedan.c
99.03.14 13:48 B f:\mirror1\d\xingsu\obj\tiegun.c --> www1.yn.cninfo.net /mudcctx/mudlib/d/xingsu/obj tiegun.c
99.03.14 13:48 B f:\mirror1\d\xingsu\obj\tiejia.c --> www1.yn.cninfo.net /mudcctx/mudlib/d/xingsu/obj tiejia.c
99.03.14 13:48 B f:\mirror1\d\xingsu\obj\tongbo.c --> www1.yn.cninfo.net /mudcctx/mudlib/d/xingsu/obj tongbo.c
99.03.14 13:48 B f:\mirror1\d\xingsu\obj\tonggu.c --> www1.yn.cninfo.net /mudcctx/mudlib/d/xingsu/obj tonggu.c
99.03.14 13:48 B f:\mirror1\d\xingsu\obj\tonghao.c --> www1.yn.cninfo.net /mudcctx/mudlib/d/xingsu/obj tonghao.c
99.03.14 13:48 B f:\mirror1\d\xingsu\obj\wandao.c --> www1.yn.cninfo.net /mudcctx/mudlib/d/xingsu/obj wandao.c
99.03.14 13:48 B f:\mirror1\d\xingsu\obj\wcloth.c --> www1.yn.cninfo.net /mudcctx/mudlib/d/xingsu/obj wcloth.c
99.03.14 13:48 B f:\mirror1\d\xingsu\obj\xuelian.c --> www1.yn.cninfo.net /mudcctx/mudlib/d/xingsu/obj xuelian.c
99.03.14 13:48 B f:\mirror1\d\xingsu\obj\xxjiudai.c --> www1.yn.cninfo.net /mudcctx/mudlib/d/xingsu/obj xxjiudai.c
99.03.14 13:48 B f:\mirror1\d\xingsu\obj\xxqingxin-san.c --> www1.yn.cninfo.net /mudcctx/mudlib/d/xingsu/obj xxqingxin-san.c
99.03.14 13:48 B f:\mirror1\d\xingsu\obj\yangrou.c --> www1.yn.cninfo.net /mudcctx/mudlib/d/xingsu/obj yangrou.c
99.03.14 13:48 B f:\mirror1\d\xingsu\obj\yaochu.c --> www1.yn.cninfo.net /mudcctx/mudlib/d/xingsu/obj yaochu.c
