2003.06.15 10:39 B F:\user\t\taaff.o <-- www.vmud.com /lonely/mudlib/data/user/t taaff.o
2003.06.15 10:39 B F:\user\t\taikou.o <-- www.vmud.com /lonely/mudlib/data/user/t taikou.o
2003.06.15 10:39 B F:\user\t\takumi.o <-- www.vmud.com /lonely/mudlib/data/user/t takumi.o
2003.06.15 10:39 B F:\user\t\tang.o <-- www.vmud.com /lonely/mudlib/data/user/t tang.o
2003.06.15 10:39 B F:\user\t\tangfang.o <-- www.vmud.com /lonely/mudlib/data/user/t tangfang.o
2003.06.15 10:39 B F:\user\t\tangseng.o <-- www.vmud.com /lonely/mudlib/data/user/t tangseng.o
2003.06.15 10:39 B F:\user\t\tanzi.o <-- www.vmud.com /lonely/mudlib/data/user/t tanzi.o
2003.06.15 10:39 B F:\user\t\taoo.o <-- www.vmud.com /lonely/mudlib/data/user/t taoo.o
2003.06.15 10:39 B F:\user\t\tasky.o <-- www.vmud.com /lonely/mudlib/data/user/t tasky.o
2003.06.15 10:39 B F:\user\t\tdj.o <-- www.vmud.com /lonely/mudlib/data/user/t tdj.o
2003.06.15 10:39 B F:\user\t\tdjto.o <-- www.vmud.com /lonely/mudlib/data/user/t tdjto.o
2003.06.15 10:39 B F:\user\t\tears.o <-- www.vmud.com /lonely/mudlib/data/user/t tears.o
2003.06.15 10:40 B F:\user\t\teme.o <-- www.vmud.com /lonely/mudlib/data/user/t teme.o
2003.06.15 10:40 B F:\user\t\temp.o <-- www.vmud.com /lonely/mudlib/data/user/t temp.o
2003.06.15 10:40 B F:\user\t\test.o <-- www.vmud.com /lonely/mudlib/data/user/t test.o
2003.06.15 10:40 B F:\user\t\tester.o <-- www.vmud.com /lonely/mudlib/data/user/t tester.o
2003.06.15 10:40 B F:\user\t\testone.o <-- www.vmud.com /lonely/mudlib/data/user/t testone.o
2003.06.15 10:40 B F:\user\t\testtwo.o <-- www.vmud.com /lonely/mudlib/data/user/t testtwo.o
2003.06.15 10:40 B F:\user\t\thbb.o <-- www.vmud.com /lonely/mudlib/data/user/t thbb.o
2003.06.15 10:40 B F:\user\t\thesword.o <-- www.vmud.com /lonely/mudlib/data/user/t thesword.o
2003.06.15 10:40 B F:\user\t\thger.o <-- www.vmud.com /lonely/mudlib/data/user/t thger.o
2003.06.15 10:40 B F:\user\t\thief.o <-- www.vmud.com /lonely/mudlib/data/user/t thief.o
2003.06.15 10:40 B F:\user\t\thier.o <-- www.vmud.com /lonely/mudlib/data/user/t thier.o
2003.06.15 10:40 B F:\user\t\thm.o <-- www.vmud.com /lonely/mudlib/data/user/t thm.o
2003.06.15 10:40 B F:\user\t\thunder.o <-- www.vmud.com /lonely/mudlib/data/user/t thunder.o
2003.06.15 10:40 B F:\user\t\tianhe.o <-- www.vmud.com /lonely/mudlib/data/user/t tianhe.o
2003.06.15 10:40 B F:\user\t\tianwu.o <-- www.vmud.com /lonely/mudlib/data/user/t tianwu.o
2003.06.15 10:40 B F:\user\t\tide.o <-- www.vmud.com /lonely/mudlib/data/user/t tide.o
2003.06.15 10:40 B F:\user\t\tiger.o <-- www.vmud.com /lonely/mudlib/data/user/t tiger.o
2003.06.15 10:40 B F:\user\t\tigerking.o <-- www.vmud.com /lonely/mudlib/data/user/t tigerking.o
2003.06.15 10:40 B F:\user\t\tjfish.o <-- www.vmud.com /lonely/mudlib/data/user/t tjfish.o
2003.06.15 10:40 B F:\user\t\tod.o <-- www.vmud.com /lonely/mudlib/data/user/t tod.o
2003.06.15 10:40 B F:\user\t\today.o <-- www.vmud.com /lonely/mudlib/data/user/t today.o
2003.06.15 10:40 B F:\user\t\todman.o <-- www.vmud.com /lonely/mudlib/data/user/t todman.o
2003.06.15 10:40 B F:\user\t\tokey.o <-- www.vmud.com /lonely/mudlib/data/user/t tokey.o
2003.06.15 10:40 B F:\user\t\tomk.o <-- www.vmud.com /lonely/mudlib/data/user/t tomk.o
2003.06.15 10:40 B F:\user\t\toti.o <-- www.vmud.com /lonely/mudlib/data/user/t toti.o
2003.06.15 10:40 B F:\user\t\toto.o <-- www.vmud.com /lonely/mudlib/data/user/t toto.o
2003.06.15 10:40 B F:\user\t\toyota.o <-- www.vmud.com /lonely/mudlib/data/user/t toyota.o
2003.06.15 10:40 B F:\user\t\tqq.o <-- www.vmud.com /lonely/mudlib/data/user/t tqq.o
2003.06.15 10:40 B F:\user\t\travishxc.o <-- www.vmud.com /lonely/mudlib/data/user/t travishxc.o
2003.06.15 10:40 B F:\user\t\trewq.o <-- www.vmud.com /lonely/mudlib/data/user/t trewq.o
2003.06.15 10:40 B F:\user\t\trick.o <-- www.vmud.com /lonely/mudlib/data/user/t trick.o
2003.06.15 10:40 B F:\user\t\truelove.o <-- www.vmud.com /lonely/mudlib/data/user/t truelove.o
2003.06.15 10:40 B F:\user\t\ttj.o <-- www.vmud.com /lonely/mudlib/data/user/t ttj.o
2003.06.15 10:40 B F:\user\t\ttt.o <-- www.vmud.com /lonely/mudlib/data/user/t ttt.o
2003.06.15 10:40 B F:\user\t\ttu.o <-- www.vmud.com /lonely/mudlib/data/user/t ttu.o
2003.06.15 10:40 B F:\user\t\tuzi.o <-- www.vmud.com /lonely/mudlib/data/user/t tuzi.o
2003.06.15 10:40 B F:\user\t\twfx.o <-- www.vmud.com /lonely/mudlib/data/user/t twfx.o
2003.06.15 10:40 B F:\user\t\txds.o <-- www.vmud.com /lonely/mudlib/data/user/t txds.o
2003.06.15 10:40 B F:\user\t\txe.o <-- www.vmud.com /lonely/mudlib/data/user/t txe.o
2003.06.15 10:40 B F:\user\t\txer.o <-- www.vmud.com /lonely/mudlib/data/user/t txer.o
2003.06.15 10:40 B F:\user\t\txws.o <-- www.vmud.com /lonely/mudlib/data/user/t txws.o
2003.06.15 10:40 B F:\user\t\txzr.o <-- www.vmud.com /lonely/mudlib/data/user/t txzr.o
2003.06.15 10:40 B F:\user\t\tyrant.o <-- www.vmud.com /lonely/mudlib/data/user/t tyrant.o
2003.06.15 10:40 B F:\user\t\tzarstar.o <-- www.vmud.com /lonely/mudlib/data/user/t tzarstar.o
2003.06.15 10:40 B F:\user\t\tzlz.o <-- www.vmud.com /lonely/mudlib/data/user/t tzlz.o
2003.06.15 10:40 B F:\user\t\tzz.o <-- www.vmud.com /lonely/mudlib/data/user/t tzz.o
