
<---Test BBS: MudOs v22pre11 (by wwj,Dec 25 1998) startup on Microsoft Windows 98 at Sat Dec 26 12:26:48 1998

Initializing internal tables....
using config file: G:\wwj\1226\BBS\LPC\BIN\Config.bbs
Bad mudlib directory: d:\wwj\vc\bbs\lpc

<---Test BBS: MudOs v22pre11 (by wwj,Dec 25 1998) shutdown at Sat Dec 26 12:26:48 1998




<---Test BBS: MudOs v22pre11 (by wwj,Dec 25 1998) startup on Microsoft Windows 98 at Sat Dec 26 12:28:22 1998

Initializing internal tables....
using config file: G:\wwj\1226\BBS\LPC\BIN\Config.bbs
open log/debug.log file failed.

<---Test BBS: MudOs v22pre11 (by wwj,Dec 25 1998) shutdown at Sat Dec 26 12:28:22 1998




<---Test BBS: MudOs v22pre11 (by wwj,Dec 25 1998) startup on Microsoft Windows 98 at Sat Dec 26 12:29:17 1998

using config file: G:\wwj\1226\BBS\LPC\BIN\Config.bbs
Can't find "mudos", ignoring old binaries.
Try invoking the driver using the full pathname.
System Error: init_addr_server: connect: WSAECONNREFUSED
]simul_efun loaded successfully.
]master: loaded successfully.

Loading preloaded files ...
Initializations complete.

Accepting connections on port 23.
get_user_data: read on fd 128
System Error: get_user_data: read: 操作已成功完成。

Initializing internal tables....

<---Test BBS: MudOs v22pre11 (by wwj,Dec 25 1998) startup on Microsoft Windows 98 at Fri Jan 01 01:09:09 1999

using config file: G:\wwj\1226\BBS\LPC\BIN\Config.bbs
Can't find "mudos", ignoring old binaries.
Try invoking the driver using the full pathname.
System Error: init_addr_server: connect: WSAECONNREFUSED
]simul_efun loaded successfully.
]master: loaded successfully.

Loading preloaded files ...
Initializations complete.

Accepting connections on port 23.
Initializing internal tables....

<---新东方故事Ⅱ: MudOs v22pre11 (by wwj,Dec 25 1998) startup on Microsoft Windows 98 at Fri Jan 01 01:10:00 1999

Initializing internal tables....
using config file: D:\study\zl\work\mudlib\es2\config.es2
Bad mudlib directory: e:\study\zl\mudlib\es2

<---新东方故事Ⅱ: MudOs v22pre11 (by wwj,Dec 25 1998) shutdown at Fri Jan 01 01:10:00 1999




<---新东方故事Ⅱ: MudOs v22pre11 (by wwj,Dec 25 1998) startup on Microsoft Windows 98 at Fri Jan 01 01:10:09 1999

Initializing internal tables....
using config file: D:\study\zl\work\mudlib\es2\config.es2
Bad mudlib directory: e:\study\zl\mudlib\es2

<---新东方故事Ⅱ: MudOs v22pre11 (by wwj,Dec 25 1998) shutdown at Fri Jan 01 01:10:09 1999




<---新东方故事Ⅱ: MudOs v22pre11 (by wwj,Dec 25 1998) startup on Microsoft Windows 98 at Fri Jan 01 01:10:39 1999

Initializing internal tables....
using config file: D:\study\zl\work\mudlib\es2\config.es2
Bad mudlib directory: e:\study\zl\work\mudlib\es2

<---新东方故事Ⅱ: MudOs v22pre11 (by wwj,Dec 25 1998) shutdown at Fri Jan 01 01:10:39 1999




<---新东方故事Ⅱ: MudOs v22pre11 (by wwj,Dec 25 1998) startup on Microsoft Windows 98 at Fri Jan 01 01:10:50 1999

using config file: D:\study\zl\work\mudlib\es2\config.es2
Can't find "mudos", ignoring old binaries.
Try invoking the driver using the full pathname.
System Error: init_addr_server: gethostbyname: unknown error 11004
Initializing internal tables....
]simul_efun loaded successfully.
error access violation read at FFFFFFFF ,IP=0045fa51 trying to restart

<---新东方故事Ⅱ: MudOs v22pre11 (by wwj,Dec 25 1998) shutdown at Fri Jan 01 01:10:54 1999




<---新东方故事Ⅱ: MudOs v22pre11 (by wwj,Jan  1 1999) startup on Microsoft Windows 98 at Fri Jan 01 03:11:22 1999

using config file: D:\study\zl\work\mudlib\es2\config.es2
Can't find "mudos", ignoring old binaries.
Try invoking the driver using the full pathname.
System Error: init_addr_server: gethostbyname: unknown error 11004
]simul_efun loaded successfully.

Loading preloaded files ...
Initializations complete.

Accepting connections on port 4000.
Initializing internal tables....

<---风云三（本地）: MudOs v22pre11 (by wwj,Jan  1 1999) startup on Microsoft Windows 95 at Fri Apr 21 19:27:46 2000

using config file: D:\txjh\config.fy3
Can't find "mudos", ignoring old binaries.
Try invoking the driver using the full pathname.
System Error: init_addr_server: connect: Bad address
]simul_efun loaded successfully.

Loading preloaded files ...
Initializations complete.

Accepting connections on port 5555.
Initializing internal tables....
conn_data_handler: unknown message type 0a0d0a0d
conn_data_handler: unknown message type 6c0a0d0a
conn_data_handler: unknown message type 0d6c0a0d
conn_data_handler: unknown message type 0a0d6c0a
conn_data_handler: unknown message type 6c0a0d6c
conn_data_handler: unknown message type 0d6c0a0d
conn_data_handler: unknown message type 0a0d6c0a
conn_data_handler: unknown message type 6c0a0d6c
conn_data_handler: unknown message type 0d6c0a0d
conn_data_handler: unknown message type 0a0d6c0a
conn_data_handler: unknown message type 6c0a0d6c
conn_data_handler: unknown message type 0d6c0a0d
conn_data_handler: unknown message type 0a0d6c0a
conn_data_handler: unknown message type 6c0a0d6c
conn_data_handler: unknown message type 0d6c0a0d
conn_data_handler: unknown message type 0a0d6c0a
conn_data_handler: unknown message type 6c0a0d6c
conn_data_handler: unknown message type 0d6c0a0d
conn_data_handler: unknown message type 0a0d6c0a
conn_data_handler: unknown message type 6c0a0d6c
conn_data_handler: unknown message type 0d6c0a0d
open log/debug.log file failed.

<---风云三（本地）: MudOs v22pre11 (by wwj,Jan  1 1999) shutdown at Fri Apr 21 19:39:08 2000




<---风云三（本地）: MudOs v22pre11 (by wwj,Jan  1 1999) startup on Microsoft Windows 95 at Fri Apr 21 19:39:08 2000

using config file: D:\txjh\config.fy3
Can't find "mudos", ignoring old binaries.
Try invoking the driver using the full pathname.
System Error: init_addr_server: connect: Bad address
]simul_efun loaded successfully.

Loading preloaded files ...
Initializations complete.

Accepting connections on port 5555.
Initializing internal tables....

<---风云三（本地）: MudOs v22pre11 (by wwj,Jan  1 1999) startup on Microsoft Windows 95 at Fri Apr 21 19:54:18 2000

using config file: D:\txjh\config.fy3
Can't find "mudos", ignoring old binaries.
Try invoking the driver using the full pathname.
System Error: init_addr_server: connect: Bad address
]simul_efun loaded successfully.

Loading preloaded files ...
Initializations complete.

Accepting connections on port 5555.
Initializing internal tables....

<---风云三（本地）: MudOs v22pre11 (by wwj,Jan  1 1999) startup on Microsoft Windows 95 at Mon Apr 24 12:48:33 2000

using config file: D:\txjh\config.fy3
Can't find "mudos", ignoring old binaries.
Try invoking the driver using the full pathname.
System Error: init_addr_server: connect: Bad address
]simul_efun loaded successfully.

Loading preloaded files ...
Initializations complete.

Accepting connections on port 5555.
Initializing internal tables....

<---风云三（本地）: MudOs v22pre11 (by wwj,Jan  1 1999) startup on Microsoft Windows 95 at Mon Apr 24 12:51:22 2000

Initializing internal tables....
using config file: D:\txjh\config.cfg
Bad mudlib directory: ../txjh/export/mudlib

<---风云三（本地）: MudOs v22pre11 (by wwj,Jan  1 1999) shutdown at Mon Apr 24 12:51:22 2000




<---风云三（本地）: MudOs v22pre11 (by wwj,Jan  1 1999) startup on Microsoft Windows 95 at Mon Apr 24 12:52:33 2000

Initializing internal tables....
using config file: D:\txjh\config.cfg
Bad mudlib directory: /export/mudlib

<---风云三（本地）: MudOs v22pre11 (by wwj,Jan  1 1999) shutdown at Mon Apr 24 12:52:33 2000




<---风云三（本地）: MudOs v22pre11 (by wwj,Jan  1 1999) startup on Microsoft Windows 95 at Mon Apr 24 12:53:14 2000

using config file: D:\txjh\config.cfg
Can't find "mudos", ignoring old binaries.
Try invoking the driver using the full pathname.
System Error: init_addr_server: connect: Bad address
]simul_efun loaded successfully.

Loading preloaded files ...
Initializations complete.

Accepting connections on port 5555.
Initializing internal tables....

<---风云三（本地）: MudOs v22pre11 (by wwj,Jan  1 1999) startup on Microsoft Windows 95 at Mon Apr 24 12:53:34 2000

using config file: D:\txjh\config.cfg
Can't find "mudos", ignoring old binaries.
Try invoking the driver using the full pathname.
System Error: init_addr_server: connect: Bad address
]simul_efun loaded successfully.

Loading preloaded files ...
Initializations complete.

Accepting connections on port 5555.
Initializing internal tables....

<---风云三（本地）: MudOs v22pre11 (by wwj,Jan  1 1999) startup on Microsoft Windows 95 at Mon Apr 24 12:54:51 2000

Initializing internal tables....
using config file: D:\txjh\config.cfg
Bad mudlib directory: ../txjh/export/mudlib

<---风云三（本地）: MudOs v22pre11 (by wwj,Jan  1 1999) shutdown at Mon Apr 24 12:54:51 2000




<---风云三（本地）: MudOs v22pre11 (by wwj,Jan  1 1999) startup on Microsoft Windows 95 at Mon Apr 24 12:56:38 2000

using config file: D:\txjh\export\mudlib\config.cfg
Can't find "mudos", ignoring old binaries.
Try invoking the driver using the full pathname.
System Error: init_addr_server: connect: Bad address
]simul_efun loaded successfully.

Loading preloaded files ...
Initializations complete.

Accepting connections on port 5555.
Initializing internal tables....

<---风云三（本地）: MudOs v22pre11 (by wwj,Jan  1 1999) startup on Microsoft Windows 95 at Mon Apr 24 12:57:38 2000

using config file: D:\txjh\export\mudlib\config.cfg
Can't find "mudos", ignoring old binaries.
Try invoking the driver using the full pathname.
System Error: init_addr_server: connect: Bad address
]simul_efun loaded successfully.

Loading preloaded files ...
Initializations complete.

Accepting connections on port 5555.
Initializing internal tables....

<---风云三（本地）: MudOs v22pre11 (by wwj,Jan  1 1999) startup on Microsoft Windows 95 at Mon Apr 24 12:58:14 2000

using config file: D:\txjh\export\mudlib\config.cfg
*Error in config file.  Missing line:
	mudlib directory 

<---风云三（本地）: MudOs v22pre11 (by wwj,Jan  1 1999) shutdown at Mon Apr 24 12:58:14 2000




<---风云三（本地）: MudOs v22pre11 (by wwj,Jan  1 1999) startup on Microsoft Windows 95 at Mon Apr 24 12:58:50 2000

Initializing internal tables....
using config file: D:\txjh\export\mudlib\config.cfg
open log/debug.log file failed.

<---风云三（本地）: MudOs v22pre11 (by wwj,Jan  1 1999) shutdown at Mon Apr 24 12:58:57 2000




<---风云三（本地）: MudOs v22pre11 (by wwj,Jan  1 1999) startup on Microsoft Windows 95 at Mon Apr 24 13:00:28 2000

using config file: D:\txjh\export\mudlib\config.cfg
Can't find "mudos", ignoring old binaries.
Try invoking the driver using the full pathname.
System Error: init_addr_server: connect: Bad address
]simul_efun loaded successfully.

Loading preloaded files ...
Initializations complete.

Accepting connections on port 5555.
Initializing internal tables....
][1;34m【系统】处理器(Cpu)：断线了。
[2;37;0m][1;34m【系统】笑。云(Cyj)：断线了。
[2;37;0m
<---风云三（本地）: MudOs v22pre11 (by wwj,Jan  1 1999) startup on Microsoft Windows 95 at Mon Apr 24 15:19:37 2000

using config file: D:\txjh\export\mudlib\config.cfg
Can't find "mudos", ignoring old binaries.
Try invoking the driver using the full pathname.
System Error: init_addr_server: connect: Bad address
]simul_efun loaded successfully.

Loading preloaded files ...
Initializations complete.

Accepting connections on port 5555.
Initializing internal tables....

<---风云三（本地）: MudOs v22pre11 (by wwj,Jan  1 1999) startup on Microsoft Windows 95 at Mon Apr 24 17:55:35 2000

using config file: D:\txjh\export\mudlib\config.cfg
Can't find "mudos", ignoring old binaries.
Try invoking the driver using the full pathname.
System Error: init_addr_server: connect: Bad address
]simul_efun loaded successfully.

Loading preloaded files ...
Initializations complete.

Accepting connections on port 5555.
Initializing internal tables....

<---风云三（本地）: MudOs v22pre11 (by wwj,Jan  1 1999) startup on Microsoft Windows 95 at Sat Apr 29 15:38:02 2000

using config file: D:\txjh\export\mudlib\config.cfg
Can't find "mudos", ignoring old binaries.
Try invoking the driver using the full pathname.
System Error: init_addr_server: connect: Bad address
]simul_efun loaded successfully.

Loading preloaded files ...
Initializations complete.

Accepting connections on port 5555.
Initializing internal tables....

<---风云三（本地）: MudOs v22pre11 (by wwj,Jan  1 1999) startup on Microsoft Windows 95 at Sat Apr 29 15:38:10 2000

using config file: D:\txjh\export\mudlib\config.cfg
Can't find "mudos", ignoring old binaries.
Try invoking the driver using the full pathname.
System Error: init_addr_server: connect: Bad address
]simul_efun loaded successfully.

Loading preloaded files ...
Initializations complete.

Accepting connections on port 5555.
Initializing internal tables....

<---风云三（本地）: MudOs v22pre11 (by wwj,Jan  1 1999) startup on Microsoft Windows 95 at Sat Apr 29 15:38:39 2000

using config file: D:\txjh\export\mudlib\config.cfg
Can't find "mudos", ignoring old binaries.
Try invoking the driver using the full pathname.
System Error: init_addr_server: connect: Bad address
]simul_efun loaded successfully.

Loading preloaded files ...
Initializations complete.

Accepting connections on port 5555.
closed external ports
Initializing internal tables....

<---风云三（本地）: MudOs v22pre11 (by wwj,Jan  1 1999) shutdown at Sat Apr 29 16:06:29 2000




<---风云三（本地）: MudOs v22pre11 (by wwj,Jan  1 1999) startup on Microsoft Windows 95 at Sat Apr 29 16:06:31 2000

using config file: D:\txjh\export\mudlib\config.cfg
Can't find "mudos", ignoring old binaries.
Try invoking the driver using the full pathname.
System Error: init_addr_server: connect: Bad address
]simul_efun loaded successfully.

Loading preloaded files ...
Initializations complete.

Accepting connections on port 5555.
Initializing internal tables....

<---铁血江湖: MudOs v22pre11 (by wwj,Jan  1 1999) startup on Microsoft Windows 95 at Mon May 01 13:05:38 2000

Initializing internal tables....
using config file: D:\txjh\config.cfg
open log/debug.log file failed.

<---铁血江湖: MudOs v22pre11 (by wwj,Jan  1 1999) shutdown at Mon May 01 13:05:38 2000



conn_data_handler: unknown message type 0a0d0a0d
conn_data_handler: unknown message type 0d0a0d0a

<---铁血江湖: MudOs v22pre11 (by wwj,Jan  1 1999) startup on Microsoft Windows 95 at Mon May 01 13:05:50 2000

Initializing internal tables....
using config file: D:\txjh\config.cfg
open log/debug.log file failed.

<---铁血江湖: MudOs v22pre11 (by wwj,Jan  1 1999) shutdown at Mon May 01 13:05:50 2000




<---风云三（本地）: MudOs v22pre11 (by wwj,Jan  1 1999) startup on Microsoft Windows 95 at Wed May 03 16:04:47 2000

using config file: D:\txjh\export\mudlib\config.cfg
Can't find "mudos", ignoring old binaries.
Try invoking the driver using the full pathname.
System Error: init_addr_server: connect: Bad address
]simul_efun loaded successfully.

Loading preloaded files ...
Initializations complete.

Accepting connections on port 5555.
Initializing internal tables....

<---风云三（本地）: MudOs v22pre11 (by wwj,Jan  1 1999) startup on Microsoft Windows 95 at Wed May 03 16:05:14 2000

using config file: D:\txjh\export\mudlib\config.cfg
Can't find "mudos", ignoring old binaries.
Try invoking the driver using the full pathname.
System Error: init_addr_server: connect: Bad address
]simul_efun loaded successfully.

Loading preloaded files ...
Initializations complete.

Accepting connections on port 5555.

执行时段错误：*Division by zero

程式：d/thd/music_hole.c 第 51 行
物件: /d/thd/music_hole
呼叫来自：d/thd/music_hole.c 的 do_sing() 第 51 行，物件： d/thd/music_hole

执行时段错误：*F_SKILL: No such skill (suiyu-force)

程式：feature/skill.c 第 17 行
物件: /d/thd/npc/hyaoshi
呼叫来自：feature/command.c 的 command_hook() 第 43 行，物件： obj/user#1 ("中央处理器")
呼叫来自：cmds/std/go.c 的 main() 第 58 行，物件： cmds/std/go
呼叫来自：d/thd/bookroom.c 的 create() 第 30 行，物件： d/thd/bookroom
呼叫来自：std/room.c 的 setup() 第 228 行，物件： d/thd/bookroom
呼叫来自：std/room.c 的 reset() 第 54 行，物件： d/thd/bookroom
呼叫来自：std/room.c 的 make_inventory() 第 19 行，物件： d/thd/bookroom
呼叫来自：d/thd/npc/hyaoshi.c 的 create() 第 67 行，物件： d/thd/npc/hyaoshi ("黄药师")
呼叫来自：feature/skill.c 的 set_skill() 第 17 行，物件： d/thd/npc/hyaoshi ("黄药师")
错误讯息被拦截: 
执行时段错误：*F_SKILL: No such skill (suiyu-force)

程式：feature/skill.c 第 17 行
物件: /d/thd/npc/hyaoshi#63
呼叫来自：feature/command.c 的 command_hook() 第 43 行，物件： obj/user#1 ("中央处理器")
呼叫来自：cmds/app/update.c 的 main() 第 53 行，物件： cmds/app/update
呼叫来自：cmds/app/update.c 的 CATCH() 第 53 行，物件： cmds/app/update
呼叫来自：d/thd/bookroom.c 的 create() 第 30 行，物件： d/thd/bookroom
呼叫来自：std/room.c 的 setup() 第 228 行，物件： d/thd/bookroom
呼叫来自：std/room.c 的 reset() 第 54 行，物件： d/thd/bookroom
呼叫来自：std/room.c 的 make_inventory() 第 19 行，物件： d/thd/bookroom
呼叫来自：d/thd/npc/hyaoshi.c 的 create() 第 67 行，物件： d/thd/npc/hyaoshi#63 ("黄药师")
呼叫来自：feature/skill.c 的 set_skill() 第 17 行，物件： d/thd/npc/hyaoshi#63 ("黄药师")
Initializing internal tables....
][1;34m【系统】中央处理器(Cpu)：断线了。
[2;37;0m
<---风云三（本地）: MudOs v22pre11 (by wwj,Jan  1 1999) startup on Microsoft Windows 95 at Sat May 20 08:47:22 2000

using config file: D:\txjh\export\mudlib\config.cfg
Can't find "mudos", ignoring old binaries.
Try invoking the driver using the full pathname.
System Error: init_addr_server: connect: Bad address
]simul_efun loaded successfully.

Loading preloaded files ...
Initializations complete.

Accepting connections on port 5555.
Initializing internal tables....

<---风云三（本地）: MudOs v22pre11 (by wwj,Jan  1 1999) startup on Microsoft Windows 95 at Sat May 20 08:48:08 2000

using config file: D:\txjh\export\mudlib\config.cfg
Can't find "mudos", ignoring old binaries.
Try invoking the driver using the full pathname.
System Error: init_addr_server: connect: Bad address
]simul_efun loaded successfully.

Loading preloaded files ...
Initializations complete.

Accepting connections on port 5555.
closed external ports
Initializing internal tables....

<---风云三（本地）: MudOs v22pre11 (by wwj,Jan  1 1999) shutdown at Sat May 20 08:58:05 2000




<---风云三（本地）: MudOs v22pre11 (by wwj,Jan  1 1999) startup on Microsoft Windows 95 at Sat May 20 08:58:06 2000

using config file: D:\txjh\export\mudlib\config.cfg
Can't find "mudos", ignoring old binaries.
Try invoking the driver using the full pathname.
System Error: init_addr_server: connect: Bad address
]simul_efun loaded successfully.

Loading preloaded files ...
Initializations complete.

Accepting connections on port 5555.

执行时段错误：*call_other() couldn't find object

程式：cmds/std/go.c 第 58 行
物件: /cmds/std/go
呼叫来自：feature/command.c 的 command_hook() 第 43 行，物件： obj/user#1 ("中央处理器")
呼叫来自：cmds/std/go.c 的 main() 第 58 行，物件： cmds/std/go
closed external ports
Initializing internal tables....

<---风云三（本地）: MudOs v22pre11 (by wwj,Jan  1 1999) shutdown at Sat May 20 09:06:41 2000




<---风云三（本地）: MudOs v22pre11 (by wwj,Jan  1 1999) startup on Microsoft Windows 95 at Sat May 20 09:06:41 2000

using config file: D:\txjh\export\mudlib\config.cfg
Can't find "mudos", ignoring old binaries.
Try invoking the driver using the full pathname.
System Error: init_addr_server: connect: Bad address
]simul_efun loaded successfully.

Loading preloaded files ...
Initializations complete.

Accepting connections on port 5555.
Initializing internal tables....

<---风云三（本地）: MudOs v22pre11 (by wwj,Jan  1 1999) startup on Microsoft Windows 95 at Sat May 20 09:07:13 2000

using config file: D:\txjh\export\mudlib\config.cfg
Can't find "mudos", ignoring old binaries.
Try invoking the driver using the full pathname.
System Error: init_addr_server: connect: Bad address
]simul_efun loaded successfully.

Loading preloaded files ...
Initializations complete.

Accepting connections on port 5555.
Initializing internal tables....

<---风云三（本地）: MudOs v22pre11 (by wwj,Jan  1 1999) startup on Microsoft Windows 95 at Sat May 20 09:11:27 2000

using config file: D:\txjh\export\mudlib\config.cfg
Can't find "mudos", ignoring old binaries.
Try invoking the driver using the full pathname.
System Error: init_addr_server: connect: Bad address
]simul_efun loaded successfully.

Loading preloaded files ...
Initializations complete.

Accepting connections on port 5555.
Initializing internal tables....

<---风云三（本地）: MudOs v22pre11 (by wwj,Jan  1 1999) startup on Microsoft Windows 95 at Sat May 20 09:11:35 2000

using config file: D:\txjh\export\mudlib\config.cfg
Can't find "mudos", ignoring old binaries.
Try invoking the driver using the full pathname.
System Error: init_addr_server: connect: Bad address
]simul_efun loaded successfully.

Loading preloaded files ...
Initializations complete.

Accepting connections on port 5555.
Initializing internal tables....

<---风云三（本地）: MudOs v22pre11 (by wwj,Jan  1 1999) startup on Microsoft Windows 95 at Sat May 20 09:13:10 2000

using config file: D:\txjh\export\mudlib\config.cfg
Can't find "mudos", ignoring old binaries.
Try invoking the driver using the full pathname.
System Error: init_addr_server: connect: Bad address
]simul_efun loaded successfully.

Loading preloaded files ...
Initializations complete.

Accepting connections on port 5555.
Initializing internal tables....

<---风云三（本地）: MudOs v22pre11 (by wwj,Jan  1 1999) startup on Microsoft Windows 95 at Sat May 20 09:13:20 2000

using config file: D:\txjh\export\mudlib\config.cfg
Can't find "mudos", ignoring old binaries.
Try invoking the driver using the full pathname.
System Error: init_addr_server: connect: Bad address
]simul_efun loaded successfully.

Loading preloaded files ...
Initializations complete.

Accepting connections on port 5555.
Initializing internal tables....

<---风云三（本地）: MudOs v22pre11 (by wwj,Jan  1 1999) startup on Microsoft Windows 95 at Sat May 20 09:13:29 2000

using config file: D:\txjh\export\mudlib\config.cfg
Can't find "mudos", ignoring old binaries.
Try invoking the driver using the full pathname.
System Error: init_addr_server: connect: Bad address
]simul_efun loaded successfully.

Loading preloaded files ...
Initializations complete.

Accepting connections on port 5555.
Initializing internal tables....

<---风云三（本地）: MudOs v22pre11 (by wwj,Jan  1 1999) startup on Microsoft Windows 95 at Sat May 20 09:14:11 2000

using config file: D:\txjh\export\mudlib\config.cfg
Can't find "mudos", ignoring old binaries.
Try invoking the driver using the full pathname.
System Error: init_addr_server: connect: Bad address
]simul_efun loaded successfully.

Loading preloaded files ...
Initializations complete.

Accepting connections on port 5555.
Initializing internal tables....

<---风云三（本地）: MudOs v22pre11 (by wwj,Jan  1 1999) startup on Microsoft Windows 95 at Sat May 20 09:14:21 2000

using config file: D:\txjh\export\mudlib\config.cfg
Can't find "mudos", ignoring old binaries.
Try invoking the driver using the full pathname.
System Error: init_addr_server: connect: Bad address
]simul_efun loaded successfully.

Loading preloaded files ...
Initializations complete.

Accepting connections on port 5555.
Initializing internal tables....

<---风云三（本地）: MudOs v22pre11 (by wwj,Jan  1 1999) startup on Microsoft Windows 95 at Sat May 20 09:16:52 2000

using config file: D:\txjh\export\mudlib\config.cfg
Can't find "mudos", ignoring old binaries.
Try invoking the driver using the full pathname.
System Error: init_addr_server: connect: Bad address
]simul_efun loaded successfully.

Loading preloaded files ...
Initializations complete.

Accepting connections on port 5555.
Initializing internal tables....

<---风云三（本地）: MudOs v22pre11 (by wwj,Jan  1 1999) startup on Microsoft Windows 95 at Sat May 20 09:17:01 2000

using config file: D:\txjh\export\mudlib\config.cfg
Can't find "mudos", ignoring old binaries.
Try invoking the driver using the full pathname.
System Error: init_addr_server: connect: Bad address
]simul_efun loaded successfully.

Loading preloaded files ...
Initializations complete.

Accepting connections on port 5555.
Initializing internal tables....

<---风云三（本地）: MudOs v22pre11 (by wwj,Jan  1 1999) startup on Microsoft Windows 95 at Sat May 20 09:17:11 2000

using config file: D:\txjh\export\mudlib\config.cfg
Can't find "mudos", ignoring old binaries.
Try invoking the driver using the full pathname.
System Error: init_addr_server: connect: Bad address
]simul_efun loaded successfully.

Loading preloaded files ...
Initializations complete.

Accepting connections on port 5555.
Initializing internal tables....
