99.03.14 13:38 B f:\mirror1\d\taohua\bingqi.c --> www1.yn.cninfo.net /mudcctx/mudlib/d/taohua bingqi.c
99.03.14 13:38 B f:\mirror1\d\taohua\caifang.c --> www1.yn.cninfo.net /mudcctx/mudlib/d/taohua caifang.c
99.03.14 13:38 B f:\mirror1\d\taohua\chufang.c --> www1.yn.cninfo.net /mudcctx/mudlib/d/taohua chufang.c
99.03.14 13:38 B f:\mirror1\d\taohua\chufang1.c --> www1.yn.cninfo.net /mudcctx/mudlib/d/taohua chufang1.c
99.03.14 13:38 B f:\mirror1\d\taohua\cxf.c --> www1.yn.cninfo.net /mudcctx/mudlib/d/taohua cxf.c
99.03.14 13:38 B f:\mirror1\d\taohua\dahai.c --> www1.yn.cninfo.net /mudcctx/mudlib/d/taohua dahai.c
99.03.14 13:38 B f:\mirror1\d\taohua\damen.c --> www1.yn.cninfo.net /mudcctx/mudlib/d/taohua damen.c
99.03.14 13:38 B f:\mirror1\d\taohua\dating.c --> www1.yn.cninfo.net /mudcctx/mudlib/d/taohua dating.c
99.03.14 13:38 B f:\mirror1\d\taohua\dong.c --> www1.yn.cninfo.net /mudcctx/mudlib/d/taohua dong.c
99.03.14 13:38 B f:\mirror1\d\taohua\fmf.c --> www1.yn.cninfo.net /mudcctx/mudlib/d/taohua fmf.c
99.03.14 13:38 B f:\mirror1\d\taohua\gui-in.c --> www1.yn.cninfo.net /mudcctx/mudlib/d/taohua gui-in.c
99.03.14 13:38 B f:\mirror1\d\taohua\gui-out.c --> www1.yn.cninfo.net /mudcctx/mudlib/d/taohua gui-out.c
99.03.14 13:38 B f:\mirror1\d\taohua\gui0.c --> www1.yn.cninfo.net /mudcctx/mudlib/d/taohua gui0.c
99.03.14 13:38 B f:\mirror1\d\taohua\haitan.c --> www1.yn.cninfo.net /mudcctx/mudlib/d/taohua haitan.c
99.03.14 13:38 B f:\mirror1\d\taohua\hehuachi.c --> www1.yn.cninfo.net /mudcctx/mudlib/d/taohua hehuachi.c
99.03.14 13:38 B f:\mirror1\d\taohua\houting.c --> www1.yn.cninfo.net /mudcctx/mudlib/d/taohua houting.c
99.03.14 13:38 B f:\mirror1\d\taohua\houyuan.c --> www1.yn.cninfo.net /mudcctx/mudlib/d/taohua houyuan.c
99.03.14 13:38 B f:\mirror1\d\taohua\huangr.c --> www1.yn.cninfo.net /mudcctx/mudlib/d/taohua huangr.c
99.03.14 13:38 B f:\mirror1\d\taohua\hubinlu.c --> www1.yn.cninfo.net /mudcctx/mudlib/d/taohua hubinlu.c
99.03.14 13:38 B f:\mirror1\d\taohua\hubinlu1.c --> www1.yn.cninfo.net /mudcctx/mudlib/d/taohua hubinlu1.c
99.03.14 13:38 B f:\mirror1\d\taohua\jcting.c --> www1.yn.cninfo.net /mudcctx/mudlib/d/taohua jcting.c
99.03.14 13:38 B f:\mirror1\d\taohua\kefang.c --> www1.yn.cninfo.net /mudcctx/mudlib/d/taohua kefang.c
99.03.14 13:38 B f:\mirror1\d\taohua\lantian.c --> www1.yn.cninfo.net /mudcctx/mudlib/d/taohua lantian.c
99.03.14 13:38 B f:\mirror1\d\taohua\lcf.c --> www1.yn.cninfo.net /mudcctx/mudlib/d/taohua lcf.c
99.03.14 13:38 B f:\mirror1\d\taohua\liandan.c --> www1.yn.cninfo.net /mudcctx/mudlib/d/taohua liandan.c
99.03.14 13:38 B f:\mirror1\d\taohua\liangong1.c --> www1.yn.cninfo.net /mudcctx/mudlib/d/taohua liangong1.c
99.03.14 13:38 B f:\mirror1\d\taohua\liangong2.c --> www1.yn.cninfo.net /mudcctx/mudlib/d/taohua liangong2.c
99.03.14 13:38 B f:\mirror1\d\taohua\liangong3.c --> www1.yn.cninfo.net /mudcctx/mudlib/d/taohua liangong3.c
99.03.14 13:38 B f:\mirror1\d\taohua\liangong4.c --> www1.yn.cninfo.net /mudcctx/mudlib/d/taohua liangong4.c
99.03.14 13:38 B f:\mirror1\d\taohua\mcf.c --> www1.yn.cninfo.net /mudcctx/mudlib/d/taohua mcf.c
99.03.14 13:38 B f:\mirror1\d\taohua\midao.c --> www1.yn.cninfo.net /mudcctx/mudlib/d/taohua midao.c
99.03.14 13:38 B f:\mirror1\d\taohua\mishi.c --> www1.yn.cninfo.net /mudcctx/mudlib/d/taohua mishi.c
99.03.14 13:38 B f:\mirror1\d\taohua\mudao.c --> www1.yn.cninfo.net /mudcctx/mudlib/d/taohua mudao.c
99.03.14 13:38 B f:\mirror1\d\taohua\mudi.c --> www1.yn.cninfo.net /mudcctx/mudlib/d/taohua mudi.c
99.03.14 13:38 B f:\mirror1\d\taohua\mushi.c --> www1.yn.cninfo.net /mudcctx/mudlib/d/taohua mushi.c
99.03.14 13:38 B f:\mirror1\d\taohua\qianyuan.c --> www1.yn.cninfo.net /mudcctx/mudlib/d/taohua qianyuan.c
99.03.14 13:38 B f:\mirror1\d\taohua\qianyuan1.c --> www1.yn.cninfo.net /mudcctx/mudlib/d/taohua qianyuan1.c
99.03.14 13:38 B f:\mirror1\d\taohua\qlf.c --> www1.yn.cninfo.net /mudcctx/mudlib/d/taohua qlf.c
99.03.14 13:38 B f:\mirror1\d\taohua\road1.c --> www1.yn.cninfo.net /mudcctx/mudlib/d/taohua road1.c
99.03.14 13:38 B f:\mirror1\d\taohua\road2.c --> www1.yn.cninfo.net /mudcctx/mudlib/d/taohua road2.c
99.03.14 13:38 B f:\mirror1\d\taohua\road3.c --> www1.yn.cninfo.net /mudcctx/mudlib/d/taohua road3.c
99.03.14 13:38 B f:\mirror1\d\taohua\road4.c --> www1.yn.cninfo.net /mudcctx/mudlib/d/taohua road4.c
99.03.14 13:38 B f:\mirror1\d\taohua\road5.c --> www1.yn.cninfo.net /mudcctx/mudlib/d/taohua road5.c
99.03.14 13:38 B f:\mirror1\d\taohua\shanlu.c --> www1.yn.cninfo.net /mudcctx/mudlib/d/taohua shanlu.c
99.03.14 13:38 B f:\mirror1\d\taohua\shiqiao.c --> www1.yn.cninfo.net /mudcctx/mudlib/d/taohua shiqiao.c
99.03.14 13:38 B f:\mirror1\d\taohua\shufang.c --> www1.yn.cninfo.net /mudcctx/mudlib/d/taohua shufang.c
99.03.14 13:38 B f:\mirror1\d\taohua\shufang1.c --> www1.yn.cninfo.net /mudcctx/mudlib/d/taohua shufang1.c
99.03.14 13:38 B f:\mirror1\d\taohua\siguoshi.c --> www1.yn.cninfo.net /mudcctx/mudlib/d/taohua siguoshi.c
99.03.14 13:38 B f:\mirror1\d\taohua\taihu.c --> www1.yn.cninfo.net /mudcctx/mudlib/d/taohua taihu.c
99.03.14 13:38 B f:\mirror1\d\taohua\tanzhi.c --> www1.yn.cninfo.net /mudcctx/mudlib/d/taohua tanzhi.c
99.03.14 13:38 B f:\mirror1\d\taohua\tanzhi1.c --> www1.yn.cninfo.net /mudcctx/mudlib/d/taohua tanzhi1.c
99.03.14 13:38 B f:\mirror1\d\taohua\tao0.c --> www1.yn.cninfo.net /mudcctx/mudlib/d/taohua tao0.c
99.03.14 13:38 B f:\mirror1\d\taohua\tao_in.c --> www1.yn.cninfo.net /mudcctx/mudlib/d/taohua tao_in.c
99.03.14 13:38 B f:\mirror1\d\taohua\tao_out.c --> www1.yn.cninfo.net /mudcctx/mudlib/d/taohua tao_out.c
99.03.14 13:38 B f:\mirror1\d\taohua\taohua_b.c --> www1.yn.cninfo.net /mudcctx/mudlib/d/taohua taohua_b.c
99.03.14 13:38 B f:\mirror1\d\taohua\taohuaxuan.c --> www1.yn.cninfo.net /mudcctx/mudlib/d/taohua taohuaxuan.c
99.03.14 13:38 B f:\mirror1\d\taohua\taohuaxuan0.c --> www1.yn.cninfo.net /mudcctx/mudlib/d/taohua taohuaxuan0.c
99.03.14 13:38 B f:\mirror1\d\taohua\taohuaxuan2.c --> www1.yn.cninfo.net /mudcctx/mudlib/d/taohua taohuaxuan2.c
99.03.14 13:38 B f:\mirror1\d\taohua\taohuaxuan3.c --> www1.yn.cninfo.net /mudcctx/mudlib/d/taohua taohuaxuan3.c
99.03.14 13:38 B f:\mirror1\d\taohua\tingzi.c --> www1.yn.cninfo.net /mudcctx/mudlib/d/taohua tingzi.c
99.03.14 13:38 B f:\mirror1\d\taohua\tingzi2.c --> www1.yn.cninfo.net /mudcctx/mudlib/d/taohua tingzi2.c
99.03.14 13:38 B f:\mirror1\d\taohua\xiaowu.c --> www1.yn.cninfo.net /mudcctx/mudlib/d/taohua xiaowu.c
99.03.14 13:38 B f:\mirror1\d\taohua\xiaoyuan.c --> www1.yn.cninfo.net /mudcctx/mudlib/d/taohua xiaoyuan.c
99.03.14 13:38 B f:\mirror1\d\taohua\xiuxishi.c --> www1.yn.cninfo.net /mudcctx/mudlib/d/taohua xiuxishi.c
99.03.14 13:38 B f:\mirror1\d\taohua\yaofang.c --> www1.yn.cninfo.net /mudcctx/mudlib/d/taohua yaofang.c
99.03.14 13:38 B f:\mirror1\d\taohua\zhangqian.c --> www1.yn.cninfo.net /mudcctx/mudlib/d/taohua zhangqian.c
99.03.14 13:38 B f:\mirror1\d\taohua\zhulou.c --> www1.yn.cninfo.net /mudcctx/mudlib/d/taohua zhulou.c
99.03.14 13:38 B f:\mirror1\d\taohua\zhulou2.c --> www1.yn.cninfo.net /mudcctx/mudlib/d/taohua zhulou2.c
99.03.14 13:38 B f:\mirror1\d\taohua\zoulang1.c --> www1.yn.cninfo.net /mudcctx/mudlib/d/taohua zoulang1.c
99.03.14 13:38 B f:\mirror1\d\taohua\zoulang2.c --> www1.yn.cninfo.net /mudcctx/mudlib/d/taohua zoulang2.c
99.03.14 13:38 B f:\mirror1\d\taohua\zoulang3.c --> www1.yn.cninfo.net /mudcctx/mudlib/d/taohua zoulang3.c
99.03.14 13:38 B f:\mirror1\d\taohua\zoulang4.c --> www1.yn.cninfo.net /mudcctx/mudlib/d/taohua zoulang4.c
99.03.14 13:38 B f:\mirror1\d\taohua\zoulang5.c --> www1.yn.cninfo.net /mudcctx/mudlib/d/taohua zoulang5.c
99.03.14 13:38 B f:\mirror1\d\taohua\zoulang6.c --> www1.yn.cninfo.net /mudcctx/mudlib/d/taohua zoulang6.c
