99.03.14 13:27 B f:\mirror1\d\shaolin\npc\obj\allow-letter.c --> www1.yn.cninfo.net /mudcctx/mudlib/d/shaolin/npc/obj allow-letter.c
99.03.14 13:27 B f:\mirror1\d\shaolin\npc\obj\basi-shanyao.c --> www1.yn.cninfo.net /mudcctx/mudlib/d/shaolin/npc/obj basi-shanyao.c
99.03.14 13:27 B f:\mirror1\d\shaolin\npc\obj\beixin.c --> www1.yn.cninfo.net /mudcctx/mudlib/d/shaolin/npc/obj beixin.c
99.03.14 13:27 B f:\mirror1\d\shaolin\npc\obj\bocai-fentiao.c --> www1.yn.cninfo.net /mudcctx/mudlib/d/shaolin/npc/obj bocai-fentiao.c
99.03.14 13:27 B f:\mirror1\d\shaolin\npc\obj\book-bamboo.c --> www1.yn.cninfo.net /mudcctx/mudlib/d/shaolin/npc/obj book-bamboo.c
99.03.14 13:27 B f:\mirror1\d\shaolin\npc\obj\book-iron.c --> www1.yn.cninfo.net /mudcctx/mudlib/d/shaolin/npc/obj book-iron.c
99.03.14 13:27 B f:\mirror1\d\shaolin\npc\obj\book-paper.c --> www1.yn.cninfo.net /mudcctx/mudlib/d/shaolin/npc/obj book-paper.c
99.03.14 13:27 B f:\mirror1\d\shaolin\npc\obj\book-silk.c --> www1.yn.cninfo.net /mudcctx/mudlib/d/shaolin/npc/obj book-silk.c
99.03.14 13:27 B f:\mirror1\d\shaolin\npc\obj\book-stone.c --> www1.yn.cninfo.net /mudcctx/mudlib/d/shaolin/npc/obj book-stone.c
99.03.14 13:27 B f:\mirror1\d\shaolin\npc\obj\changbian.c --> www1.yn.cninfo.net /mudcctx/mudlib/d/shaolin/npc/obj changbian.c
99.03.14 13:27 B f:\mirror1\d\shaolin\npc\obj\changjian.c --> www1.yn.cninfo.net /mudcctx/mudlib/d/shaolin/npc/obj changjian.c
99.03.14 13:27 B f:\mirror1\d\shaolin\npc\obj\chanzhang.c --> www1.yn.cninfo.net /mudcctx/mudlib/d/shaolin/npc/obj chanzhang.c
99.03.14 13:28 B f:\mirror1\d\shaolin\npc\obj\cheng-cloth.c --> www1.yn.cninfo.net /mudcctx/mudlib/d/shaolin/npc/obj cheng-cloth.c
99.03.14 13:28 B f:\mirror1\d\shaolin\npc\obj\cloth.c --> www1.yn.cninfo.net /mudcctx/mudlib/d/shaolin/npc/obj cloth.c
99.03.14 13:28 B f:\mirror1\d\shaolin\npc\obj\dahuan-dan.c --> www1.yn.cninfo.net /mudcctx/mudlib/d/shaolin/npc/obj dahuan-dan.c
99.03.14 13:28 B f:\mirror1\d\shaolin\npc\obj\damo-ling.c --> www1.yn.cninfo.net /mudcctx/mudlib/d/shaolin/npc/obj damo-ling.c
99.03.14 13:28 B f:\mirror1\d\shaolin\npc\obj\dao-cloth.c --> www1.yn.cninfo.net /mudcctx/mudlib/d/shaolin/npc/obj dao-cloth.c
99.03.14 13:28 B f:\mirror1\d\shaolin\npc\obj\fake-gold.c --> www1.yn.cninfo.net /mudcctx/mudlib/d/shaolin/npc/obj fake-gold.c
99.03.14 13:28 B f:\mirror1\d\shaolin\npc\obj\fojing10.c --> www1.yn.cninfo.net /mudcctx/mudlib/d/shaolin/npc/obj fojing10.c
99.03.14 13:28 B f:\mirror1\d\shaolin\npc\obj\fojing11.c --> www1.yn.cninfo.net /mudcctx/mudlib/d/shaolin/npc/obj fojing11.c
99.03.14 13:28 B f:\mirror1\d\shaolin\npc\obj\fojing20.c --> www1.yn.cninfo.net /mudcctx/mudlib/d/shaolin/npc/obj fojing20.c
99.03.14 13:28 B f:\mirror1\d\shaolin\npc\obj\fojing21.c --> www1.yn.cninfo.net /mudcctx/mudlib/d/shaolin/npc/obj fojing21.c
99.03.14 13:28 B f:\mirror1\d\shaolin\npc\obj\fumo-dao.c --> www1.yn.cninfo.net /mudcctx/mudlib/d/shaolin/npc/obj fumo-dao.c
99.03.14 13:28 B f:\mirror1\d\shaolin\npc\obj\furong-huagu.c --> www1.yn.cninfo.net /mudcctx/mudlib/d/shaolin/npc/obj furong-huagu.c
99.03.14 13:28 B f:\mirror1\d\shaolin\npc\obj\guide.c --> www1.yn.cninfo.net /mudcctx/mudlib/d/shaolin/npc/obj guide.c
99.03.14 13:28 B f:\mirror1\d\shaolin\npc\obj\hui-cloth.c --> www1.yn.cninfo.net /mudcctx/mudlib/d/shaolin/npc/obj hui-cloth.c
99.03.14 13:28 B f:\mirror1\d\shaolin\npc\obj\hulu.c --> www1.yn.cninfo.net /mudcctx/mudlib/d/shaolin/npc/obj hulu.c
99.03.14 13:28 B f:\mirror1\d\shaolin\npc\obj\huwan.c --> www1.yn.cninfo.net /mudcctx/mudlib/d/shaolin/npc/obj huwan.c
99.03.14 13:28 B f:\mirror1\d\shaolin\npc\obj\huyao.c --> www1.yn.cninfo.net /mudcctx/mudlib/d/shaolin/npc/obj huyao.c
99.03.14 13:28 B f:\mirror1\d\shaolin\npc\obj\jiaxin-biji.c --> www1.yn.cninfo.net /mudcctx/mudlib/d/shaolin/npc/obj jiaxin-biji.c
99.03.14 13:28 B f:\mirror1\d\shaolin\npc\obj\jiedao.c --> www1.yn.cninfo.net /mudcctx/mudlib/d/shaolin/npc/obj jiedao.c
99.03.14 13:28 B f:\mirror1\d\shaolin\npc\obj\jinchuang-yao.c --> www1.yn.cninfo.net /mudcctx/mudlib/d/shaolin/npc/obj jinchuang-yao.c
99.03.14 13:28 B f:\mirror1\d\shaolin\npc\obj\jingang-zhao.c --> www1.yn.cninfo.net /mudcctx/mudlib/d/shaolin/npc/obj jingang-zhao.c
99.03.14 13:28 B f:\mirror1\d\shaolin\npc\obj\kat.o --> www1.yn.cninfo.net /mudcctx/mudlib/d/shaolin/npc/obj kat.o
99.03.14 13:28 B f:\mirror1\d\shaolin\npc\obj\liuli-qiezi.c --> www1.yn.cninfo.net /mudcctx/mudlib/d/shaolin/npc/obj liuli-qiezi.c
99.03.14 13:28 B f:\mirror1\d\shaolin\npc\obj\mala-doufu.c --> www1.yn.cninfo.net /mudcctx/mudlib/d/shaolin/npc/obj mala-doufu.c
99.03.14 13:28 B f:\mirror1\d\shaolin\npc\obj\map.c --> www1.yn.cninfo.net /mudcctx/mudlib/d/shaolin/npc/obj map.c
99.03.14 13:28 B f:\mirror1\d\shaolin\npc\obj\mizhi-tianou.c --> www1.yn.cninfo.net /mudcctx/mudlib/d/shaolin/npc/obj mizhi-tianou.c
99.03.14 13:28 B f:\mirror1\d\shaolin\npc\obj\mu-ren.c --> www1.yn.cninfo.net /mudcctx/mudlib/d/shaolin/npc/obj mu-ren.c
99.03.14 13:28 B f:\mirror1\d\shaolin\npc\obj\muchui.c --> www1.yn.cninfo.net /mudcctx/mudlib/d/shaolin/npc/obj muchui.c
99.03.14 13:28 B f:\mirror1\d\shaolin\npc\obj\mudao.c --> www1.yn.cninfo.net /mudcctx/mudlib/d/shaolin/npc/obj mudao.c
99.03.14 13:28 B f:\mirror1\d\shaolin\npc\obj\putao.c --> www1.yn.cninfo.net /mudcctx/mudlib/d/shaolin/npc/obj putao.c
99.03.14 13:28 B f:\mirror1\d\shaolin\npc\obj\puti-zi.c --> www1.yn.cninfo.net /mudcctx/mudlib/d/shaolin/npc/obj puti-zi.c
99.03.14 13:28 B f:\mirror1\d\shaolin\npc\obj\qimeigun.c --> www1.yn.cninfo.net /mudcctx/mudlib/d/shaolin/npc/obj qimeigun.c
99.03.14 13:28 B f:\mirror1\d\shaolin\npc\obj\qing-cloth.c --> www1.yn.cninfo.net /mudcctx/mudlib/d/shaolin/npc/obj qing-cloth.c
99.03.14 13:28 B f:\mirror1\d\shaolin\npc\obj\qingshui-hulu.c --> www1.yn.cninfo.net /mudcctx/mudlib/d/shaolin/npc/obj qingshui-hulu.c
99.03.14 13:28 B f:\mirror1\d\shaolin\npc\obj\rentou.c --> www1.yn.cninfo.net /mudcctx/mudlib/d/shaolin/npc/obj rentou.c
99.03.14 13:28 B f:\mirror1\d\shaolin\npc\obj\sengxie.c --> www1.yn.cninfo.net /mudcctx/mudlib/d/shaolin/npc/obj sengxie.c
99.03.14 13:28 B f:\mirror1\d\shaolin\npc\obj\shanhu-baicai.c --> www1.yn.cninfo.net /mudcctx/mudlib/d/shaolin/npc/obj shanhu-baicai.c
99.03.14 13:28 B f:\mirror1\d\shaolin\npc\obj\shoutao.c --> www1.yn.cninfo.net /mudcctx/mudlib/d/shaolin/npc/obj shoutao.c
99.03.14 13:28 B f:\mirror1\d\shaolin\npc\obj\suji.c --> www1.yn.cninfo.net /mudcctx/mudlib/d/shaolin/npc/obj suji.c
99.03.14 13:28 B f:\mirror1\d\shaolin\npc\obj\suya.c --> www1.yn.cninfo.net /mudcctx/mudlib/d/shaolin/npc/obj suya.c
99.03.14 13:28 B f:\mirror1\d\shaolin\npc\obj\test.c --> www1.yn.cninfo.net /mudcctx/mudlib/d/shaolin/npc/obj test.c
99.03.14 13:28 B f:\mirror1\d\shaolin\npc\obj\tie-ling.c --> www1.yn.cninfo.net /mudcctx/mudlib/d/shaolin/npc/obj tie-ling.c
99.03.14 13:28 B f:\mirror1\d\shaolin\npc\obj\tieshou.c --> www1.yn.cninfo.net /mudcctx/mudlib/d/shaolin/npc/obj tieshou.c
99.03.14 13:28 B f:\mirror1\d\shaolin\npc\obj\toukui.c --> www1.yn.cninfo.net /mudcctx/mudlib/d/shaolin/npc/obj toukui.c
99.03.14 13:28 B f:\mirror1\d\shaolin\npc\obj\tuijianxin-1.c --> www1.yn.cninfo.net /mudcctx/mudlib/d/shaolin/npc/obj tuijianxin-1.c
99.03.14 13:28 B f:\mirror1\d\shaolin\npc\obj\tuijianxin-2.c --> www1.yn.cninfo.net /mudcctx/mudlib/d/shaolin/npc/obj tuijianxin-2.c
99.03.14 13:28 B f:\mirror1\d\shaolin\npc\obj\tuijianxin-3.c --> www1.yn.cninfo.net /mudcctx/mudlib/d/shaolin/npc/obj tuijianxin-3.c
99.03.14 13:28 B f:\mirror1\d\shaolin\npc\obj\tuijianxin-4.c --> www1.yn.cninfo.net /mudcctx/mudlib/d/shaolin/npc/obj tuijianxin-4.c
99.03.14 13:28 B f:\mirror1\d\shaolin\npc\obj\weibo.c --> www1.yn.cninfo.net /mudcctx/mudlib/d/shaolin/npc/obj weibo.c
99.03.14 13:28 B f:\mirror1\d\shaolin\npc\obj\wuji1.c --> www1.yn.cninfo.net /mudcctx/mudlib/d/shaolin/npc/obj wuji1.c
99.03.14 13:28 B f:\mirror1\d\shaolin\npc\obj\wuji2.c --> www1.yn.cninfo.net /mudcctx/mudlib/d/shaolin/npc/obj wuji2.c
99.03.14 13:28 B f:\mirror1\d\shaolin\npc\obj\wuji3.c --> www1.yn.cninfo.net /mudcctx/mudlib/d/shaolin/npc/obj wuji3.c
99.03.14 13:28 B f:\mirror1\d\shaolin\npc\obj\xiaohuan-dan.c --> www1.yn.cninfo.net /mudcctx/mudlib/d/shaolin/npc/obj xiaohuan-dan.c
99.03.14 13:28 B f:\mirror1\d\shaolin\npc\obj\xu-cloth.c --> www1.yn.cninfo.net /mudcctx/mudlib/d/shaolin/npc/obj xu-cloth.c
99.03.14 13:28 B f:\mirror1\d\shaolin\npc\obj\xuan-cloth.c --> www1.yn.cninfo.net /mudcctx/mudlib/d/shaolin/npc/obj xuan-cloth.c
99.03.14 13:28 B f:\mirror1\d\shaolin\npc\obj\yaodai.c --> www1.yn.cninfo.net /mudcctx/mudlib/d/shaolin/npc/obj yaodai.c
99.03.14 13:28 B f:\mirror1\d\shaolin\npc\obj\zhitao.c --> www1.yn.cninfo.net /mudcctx/mudlib/d/shaolin/npc/obj zhitao.c
99.03.14 13:28 B f:\mirror1\d\shaolin\npc\obj\zhujian.c --> www1.yn.cninfo.net /mudcctx/mudlib/d/shaolin/npc/obj zhujian.c
