
<---Mudos v22pre11 for WIN95/NT (by wwj,Aug 15 1998) Config: 风云再起III startup at Sun Aug 16 23:29:49 1998

using config file: d:\fy3\config.FY3
----------------------------------------------------------------------------
风云再起III (MudOS v22pre11) starting up on Microsoft Windows 95 - Sun Aug 16 23:29:49 1998


Can't find "mudos", ignoring old binaries.
Try invoking the driver using the full pathname.
Connected to address server on localhost port 3990
]simul_efun loaded successfully.

Loading preloaded files ...
Initializations complete.

Accepting connections on port 3333.
Initializing internal tables....

<---Mudos v22pre11 for WIN95/NT (by wwj,Aug 15 1998) Config: 风云再起III startup at Sun Aug 16 23:42:09 1998

using config file: d:\fy3\config.FY3
----------------------------------------------------------------------------
风云再起III (MudOS v22pre11) starting up on Microsoft Windows 95 - Sun Aug 16 23:42:09 1998


Can't find "mudos", ignoring old binaries.
Try invoking the driver using the full pathname.
Connected to address server on localhost port 3990
]simul_efun loaded successfully.

Loading preloaded files ...
Initializations complete.

Accepting connections on port 3333.
Initializing internal tables....

<---Mudos v22pre11 for WIN95/NT (by wwj,Aug 15 1998) Config: 风云再起III startup at Sun Aug 16 23:45:14 1998

using config file: d:\fy3\config.FY3
----------------------------------------------------------------------------
风云再起III (MudOS v22pre11) starting up on Microsoft Windows 95 - Sun Aug 16 23:45:14 1998


Can't find "mudos", ignoring old binaries.
Try invoking the driver using the full pathname.
Connected to address server on localhost port 3990
]simul_efun loaded successfully.

Loading preloaded files ...
Initializing internal tables....

<---Mudos v22pre11 for WIN95/NT (by wwj,Aug 15 1998) Config: 风云再起III startup at Sun Aug 16 23:45:22 1998

using config file: d:\fy3\config.FY3
----------------------------------------------------------------------------
风云再起III (MudOS v22pre11) starting up on Microsoft Windows 95 - Sun Aug 16 23:45:22 1998


Can't find "mudos", ignoring old binaries.
Try invoking the driver using the full pathname.
Connected to address server on localhost port 3990
]simul_efun loaded successfully.

Loading preloaded files ...
Initializations complete.

Accepting connections on port 3333.
Initializing internal tables....

<---Mudos v22pre11 for WIN95/NT (by wwj,Aug 15 1998) Config: 风云再起III startup at Sun Aug 16 23:46:38 1998

using config file: d:\fy3\config.FY3
----------------------------------------------------------------------------
风云再起III (MudOS v22pre11) starting up on Microsoft Windows 95 - Sun Aug 16 23:46:38 1998


Can't find "mudos", ignoring old binaries.
Try invoking the driver using the full pathname.
Connected to address server on localhost port 3990
]simul_efun loaded successfully.

Loading preloaded files ...
Initializations complete.

Accepting connections on port 3333.
Initializing internal tables....

<---Mudos v22pre11 for WIN95/NT (by wwj,Aug 15 1998) Config: 风云再起III startup at Mon Aug 17 00:08:17 1998

using config file: d:\fy3\config.FY3
----------------------------------------------------------------------------
风云再起III (MudOS v22pre11) starting up on Microsoft Windows 95 - Mon Aug 17 00:08:17 1998


Can't find "mudos", ignoring old binaries.
Try invoking the driver using the full pathname.
Connected to address server on localhost port 3990
]simul_efun loaded successfully.

Loading preloaded files ...
Initializations complete.

Accepting connections on port 3333.
closed external ports
Initializing internal tables....

<---Mudos v22pre11 for WIN95/NT (by wwj,Aug 15 1998) Config: 风云再起III shutdown at Mon Aug 17 00:15:00 1998




<---Mudos v22pre11 for WIN95/NT (by wwj,Aug 15 1998) Config: 风云再起III startup at Mon Aug 17 00:15:02 1998

using config file: d:\fy3\config.FY3
----------------------------------------------------------------------------
风云再起III (MudOS v22pre11) starting up on Microsoft Windows 95 - Mon Aug 17 00:15:02 1998


Can't find "mudos", ignoring old binaries.
Try invoking the driver using the full pathname.
Connected to address server on localhost port 3990
]simul_efun loaded successfully.

Loading preloaded files ...
Initializations complete.

Accepting connections on port 3333.
closed external ports
Initializing internal tables....

<---Mudos v22pre11 for WIN95/NT (by wwj,Aug 15 1998) Config: 风云再起III shutdown at Mon Aug 17 00:26:20 1998




<---Mudos v22pre11 for WIN95/NT (by wwj,Aug 15 1998) Config: 风云再起III startup at Mon Aug 17 00:26:20 1998

using config file: d:\fy3\config.FY3
----------------------------------------------------------------------------
风云再起III (MudOS v22pre11) starting up on Microsoft Windows 95 - Mon Aug 17 00:26:20 1998


Can't find "mudos", ignoring old binaries.
Try invoking the driver using the full pathname.
Connected to address server on localhost port 3990
]simul_efun loaded successfully.

Loading preloaded files ...
Initializing internal tables....
