99.03.14 13:50 B f:\mirror1\d\xueshan\bieyuan.c --> www1.yn.cninfo.net /mudcctx/mudlib/d/xueshan bieyuan.c
99.03.14 13:50 B f:\mirror1\d\xueshan\cangjing.c --> www1.yn.cninfo.net /mudcctx/mudlib/d/xueshan cangjing.c
99.03.14 13:50 B f:\mirror1\d\xueshan\cangjingge.c --> www1.yn.cninfo.net /mudcctx/mudlib/d/xueshan cangjingge.c
99.03.14 13:50 B f:\mirror1\d\xueshan\caoyuan.c --> www1.yn.cninfo.net /mudcctx/mudlib/d/xueshan caoyuan.c
99.03.14 13:50 B f:\mirror1\d\xueshan\cedian1.c --> www1.yn.cninfo.net /mudcctx/mudlib/d/xueshan cedian1.c
99.03.14 13:50 B f:\mirror1\d\xueshan\cedian2.c --> www1.yn.cninfo.net /mudcctx/mudlib/d/xueshan cedian2.c
99.03.14 13:50 B f:\mirror1\d\xueshan\chang.c --> www1.yn.cninfo.net /mudcctx/mudlib/d/xueshan chang.c
99.03.14 13:50 B f:\mirror1\d\xueshan\chanshi.c --> www1.yn.cninfo.net /mudcctx/mudlib/d/xueshan chanshi.c
99.03.14 13:50 B f:\mirror1\d\xueshan\chufang.c --> www1.yn.cninfo.net /mudcctx/mudlib/d/xueshan chufang.c
99.03.14 13:50 B f:\mirror1\d\xueshan\dadian.c --> www1.yn.cninfo.net /mudcctx/mudlib/d/xueshan dadian.c
99.03.14 13:50 B f:\mirror1\d\xueshan\dating.c --> www1.yn.cninfo.net /mudcctx/mudlib/d/xueshan dating.c
99.03.14 13:50 B f:\mirror1\d\xueshan\dilao.c --> www1.yn.cninfo.net /mudcctx/mudlib/d/xueshan dilao.c
99.03.14 13:50 B f:\mirror1\d\xueshan\guangcha.c --> www1.yn.cninfo.net /mudcctx/mudlib/d/xueshan guangcha.c
99.03.14 13:50 B f:\mirror1\d\xueshan\guangchang.c --> www1.yn.cninfo.net /mudcctx/mudlib/d/xueshan guangchang.c
99.03.14 13:50 B f:\mirror1\d\xueshan\houmen.c --> www1.yn.cninfo.net /mudcctx/mudlib/d/xueshan houmen.c
99.03.14 13:50 B f:\mirror1\d\xueshan\houyuan.c --> www1.yn.cninfo.net /mudcctx/mudlib/d/xueshan houyuan.c
99.03.14 13:50 B f:\mirror1\d\xueshan\hubian1.c --> www1.yn.cninfo.net /mudcctx/mudlib/d/xueshan hubian1.c
99.03.14 13:50 B f:\mirror1\d\xueshan\hubian2.c --> www1.yn.cninfo.net /mudcctx/mudlib/d/xueshan hubian2.c
99.03.14 13:50 B f:\mirror1\d\xueshan\hubian3.c --> www1.yn.cninfo.net /mudcctx/mudlib/d/xueshan hubian3.c
99.03.14 13:50 B f:\mirror1\d\xueshan\hubian4.c --> www1.yn.cninfo.net /mudcctx/mudlib/d/xueshan hubian4.c
99.03.14 13:50 B f:\mirror1\d\xueshan\kedian.c --> www1.yn.cninfo.net /mudcctx/mudlib/d/xueshan kedian.c
99.03.14 13:50 B f:\mirror1\d\xueshan\kufang.c --> www1.yn.cninfo.net /mudcctx/mudlib/d/xueshan kufang.c
99.03.14 13:50 B f:\mirror1\d\xueshan\midao.c --> www1.yn.cninfo.net /mudcctx/mudlib/d/xueshan midao.c
99.03.14 13:50 B f:\mirror1\d\xueshan\mishi.c --> www1.yn.cninfo.net /mudcctx/mudlib/d/xueshan mishi.c
99.03.14 13:50 B f:\mirror1\d\xueshan\neidian.c --> www1.yn.cninfo.net /mudcctx/mudlib/d/xueshan neidian.c
99.03.14 13:50 B f:\mirror1\d\xueshan\shanjiao.c --> www1.yn.cninfo.net /mudcctx/mudlib/d/xueshan shanjiao.c
99.03.14 13:50 B f:\mirror1\d\xueshan\shanlu1.c --> www1.yn.cninfo.net /mudcctx/mudlib/d/xueshan shanlu1.c
99.03.14 13:50 B f:\mirror1\d\xueshan\shanlu2.c --> www1.yn.cninfo.net /mudcctx/mudlib/d/xueshan shanlu2.c
99.03.14 13:50 B f:\mirror1\d\xueshan\shanmen.c --> www1.yn.cninfo.net /mudcctx/mudlib/d/xueshan shanmen.c
99.03.14 13:50 B f:\mirror1\d\xueshan\shenghu.c --> www1.yn.cninfo.net /mudcctx/mudlib/d/xueshan shenghu.c
99.03.14 13:50 B f:\mirror1\d\xueshan\tiantai.c --> www1.yn.cninfo.net /mudcctx/mudlib/d/xueshan tiantai.c
99.03.14 13:50 B f:\mirror1\d\xueshan\tulu1.c --> www1.yn.cninfo.net /mudcctx/mudlib/d/xueshan tulu1.c
99.03.14 13:50 B f:\mirror1\d\xueshan\tulu2.c --> www1.yn.cninfo.net /mudcctx/mudlib/d/xueshan tulu2.c
99.03.14 13:50 B f:\mirror1\d\xueshan\tulu3.c --> www1.yn.cninfo.net /mudcctx/mudlib/d/xueshan tulu3.c
99.03.14 13:50 B f:\mirror1\d\xueshan\xiaoyuan.c --> www1.yn.cninfo.net /mudcctx/mudlib/d/xueshan xiaoyuan.c
99.03.14 13:50 B f:\mirror1\d\xueshan\zoulang1.c --> www1.yn.cninfo.net /mudcctx/mudlib/d/xueshan zoulang1.c
99.03.14 13:50 B f:\mirror1\d\xueshan\zoulang2.c --> www1.yn.cninfo.net /mudcctx/mudlib/d/xueshan zoulang2.c
99.03.14 13:50 B f:\mirror1\d\xueshan\zoulang3.c --> www1.yn.cninfo.net /mudcctx/mudlib/d/xueshan zoulang3.c
