99.03.14 13:25 B f:\mirror1\d\npc\arnzh.c --> www1.yn.cninfo.net /mudcctx/mudlib/d/npc arnzh.c
99.03.14 13:25 B f:\mirror1\d\npc\basic.c --> www1.yn.cninfo.net /mudcctx/mudlib/d/npc basic.c
99.03.14 13:25 B f:\mirror1\d\npc\bing.c --> www1.yn.cninfo.net /mudcctx/mudlib/d/npc bing.c
99.03.14 13:26 B f:\mirror1\d\npc\bukuai.c --> www1.yn.cninfo.net /mudcctx/mudlib/d/npc bukuai.c
99.03.14 13:26 B f:\mirror1\d\npc\cheng.c --> www1.yn.cninfo.net /mudcctx/mudlib/d/npc cheng.c
99.03.14 13:26 B f:\mirror1\d\npc\doll.c --> www1.yn.cninfo.net /mudcctx/mudlib/d/npc doll.c
99.03.14 13:26 B f:\mirror1\d\npc\duanyanqing.c --> www1.yn.cninfo.net /mudcctx/mudlib/d/npc duanyanqing.c
99.03.14 13:26 B f:\mirror1\d\npc\duanyu.c --> www1.yn.cninfo.net /mudcctx/mudlib/d/npc duanyu.c
99.03.14 13:26 B f:\mirror1\d\npc\fcxy.c --> www1.yn.cninfo.net /mudcctx/mudlib/d/npc fcxy.c
99.03.14 13:26 B f:\mirror1\d\npc\five.c --> www1.yn.cninfo.net /mudcctx/mudlib/d/npc five.c
99.03.14 13:26 B f:\mirror1\d\npc\goose.c --> www1.yn.cninfo.net /mudcctx/mudlib/d/npc goose.c
99.03.14 13:26 B f:\mirror1\d\npc\guojing.c --> www1.yn.cninfo.net /mudcctx/mudlib/d/npc guojing.c
99.03.14 13:26 B f:\mirror1\d\npc\hufei.c --> www1.yn.cninfo.net /mudcctx/mudlib/d/npc hufei.c
99.03.14 13:26 B f:\mirror1\d\npc\icom.c --> www1.yn.cninfo.net /mudcctx/mudlib/d/npc icom.c
99.03.14 13:26 B f:\mirror1\d\npc\jungu.c --> www1.yn.cninfo.net /mudcctx/mudlib/d/npc jungu.c
99.03.14 13:26 B f:\mirror1\d\npc\killer-e.c --> www1.yn.cninfo.net /mudcctx/mudlib/d/npc killer-e.c
99.03.14 13:26 B f:\mirror1\d\npc\killer-n.c --> www1.yn.cninfo.net /mudcctx/mudlib/d/npc killer-n.c
99.03.14 13:26 B f:\mirror1\d\npc\killer-s.c --> www1.yn.cninfo.net /mudcctx/mudlib/d/npc killer-s.c
99.03.14 13:26 B f:\mirror1\d\npc\killer-w.c --> www1.yn.cninfo.net /mudcctx/mudlib/d/npc killer-w.c
99.03.14 13:26 B f:\mirror1\d\npc\oscar.c --> www1.yn.cninfo.net /mudcctx/mudlib/d/npc oscar.c
99.03.14 13:26 B f:\mirror1\d\npc\peter.c --> www1.yn.cninfo.net /mudcctx/mudlib/d/npc peter.c
99.03.14 13:26 B f:\mirror1\d\npc\rew.c --> www1.yn.cninfo.net /mudcctx/mudlib/d/npc rew.c
99.03.14 13:26 B f:\mirror1\d\npc\rose.c --> www1.yn.cninfo.net /mudcctx/mudlib/d/npc rose.c
99.03.14 13:26 B f:\mirror1\d\npc\sasa.c --> www1.yn.cninfo.net /mudcctx/mudlib/d/npc sasa.c
99.03.14 13:26 B f:\mirror1\d\npc\sboy.c --> www1.yn.cninfo.net /mudcctx/mudlib/d/npc sboy.c
99.03.14 13:26 B f:\mirror1\d\npc\sgirl.c --> www1.yn.cninfo.net /mudcctx/mudlib/d/npc sgirl.c
99.03.14 13:26 B f:\mirror1\d\npc\swh.c --> www1.yn.cninfo.net /mudcctx/mudlib/d/npc swh.c
99.03.14 13:26 B f:\mirror1\d\npc\wind.c --> www1.yn.cninfo.net /mudcctx/mudlib/d/npc wind.c
99.03.14 13:26 B f:\mirror1\d\npc\wwl.c --> www1.yn.cninfo.net /mudcctx/mudlib/d/npc wwl.c
99.03.14 13:26 B f:\mirror1\d\npc\xiaofeng.c --> www1.yn.cninfo.net /mudcctx/mudlib/d/npc xiaofeng.c
99.03.14 13:26 B f:\mirror1\d\npc\yzuo.c --> www1.yn.cninfo.net /mudcctx/mudlib/d/npc yzuo.c
