99.03.14 12:47 B f:\mirror1\d\city\obj\baozi.c --> www1.yn.cninfo.net /mudcctx/mudlib/d/city/obj baozi.c
99.03.14 12:47 B f:\mirror1\d\city\obj\beixin.c --> www1.yn.cninfo.net /mudcctx/mudlib/d/city/obj beixin.c
99.03.14 12:47 B f:\mirror1\d\city\obj\box.c --> www1.yn.cninfo.net /mudcctx/mudlib/d/city/obj box.c
99.03.14 12:47 B f:\mirror1\d\city\obj\caoxie.c --> www1.yn.cninfo.net /mudcctx/mudlib/d/city/obj caoxie.c
99.03.14 12:47 B f:\mirror1\d\city\obj\changjian.c --> www1.yn.cninfo.net /mudcctx/mudlib/d/city/obj changjian.c
99.03.14 12:47 B f:\mirror1\d\city\obj\cloth.c --> www1.yn.cninfo.net /mudcctx/mudlib/d/city/obj cloth.c
99.03.14 12:47 B f:\mirror1\d\city\obj\cycle.c --> www1.yn.cninfo.net /mudcctx/mudlib/d/city/obj cycle.c
99.03.14 12:47 B f:\mirror1\d\city\obj\dagger.c --> www1.yn.cninfo.net /mudcctx/mudlib/d/city/obj dagger.c
99.03.14 12:47 B f:\mirror1\d\city\obj\duanjian.c --> www1.yn.cninfo.net /mudcctx/mudlib/d/city/obj duanjian.c
99.03.14 12:47 B f:\mirror1\d\city\obj\fake-zi.c --> www1.yn.cninfo.net /mudcctx/mudlib/d/city/obj fake-zi.c
99.03.14 12:47 B f:\mirror1\d\city\obj\flower_shoe.c --> www1.yn.cninfo.net /mudcctx/mudlib/d/city/obj flower_shoe.c
99.03.14 12:47 B f:\mirror1\d\city\obj\gangdao.c --> www1.yn.cninfo.net /mudcctx/mudlib/d/city/obj gangdao.c
99.03.14 12:47 B f:\mirror1\d\city\obj\gangjian.c --> www1.yn.cninfo.net /mudcctx/mudlib/d/city/obj gangjian.c
99.03.14 12:47 B f:\mirror1\d\city\obj\goldring.c --> www1.yn.cninfo.net /mudcctx/mudlib/d/city/obj goldring.c
99.03.14 12:47 B f:\mirror1\d\city\obj\goupi.c --> www1.yn.cninfo.net /mudcctx/mudlib/d/city/obj goupi.c
99.03.14 12:47 B f:\mirror1\d\city\obj\gourou.c --> www1.yn.cninfo.net /mudcctx/mudlib/d/city/obj gourou.c
99.03.14 12:47 B f:\mirror1\d\city\obj\guiyuan.c --> www1.yn.cninfo.net /mudcctx/mudlib/d/city/obj guiyuan.c
99.03.14 12:47 B f:\mirror1\d\city\obj\hammer.c --> www1.yn.cninfo.net /mudcctx/mudlib/d/city/obj hammer.c
99.03.14 12:47 B f:\mirror1\d\city\obj\hdjiudai.c --> www1.yn.cninfo.net /mudcctx/mudlib/d/city/obj hdjiudai.c
99.03.14 12:47 B f:\mirror1\d\city\obj\huwan.c --> www1.yn.cninfo.net /mudcctx/mudlib/d/city/obj huwan.c
99.03.14 12:47 B f:\mirror1\d\city\obj\huyao.c --> www1.yn.cninfo.net /mudcctx/mudlib/d/city/obj huyao.c
99.03.14 12:47 B f:\mirror1\d\city\obj\jiaohuaji.c --> www1.yn.cninfo.net /mudcctx/mudlib/d/city/obj jiaohuaji.c
99.03.14 12:47 B f:\mirror1\d\city\obj\jinchuang.c --> www1.yn.cninfo.net /mudcctx/mudlib/d/city/obj jinchuang.c
99.03.14 12:47 B f:\mirror1\d\city\obj\jitui.c --> www1.yn.cninfo.net /mudcctx/mudlib/d/city/obj jitui.c
99.03.14 12:47 B f:\mirror1\d\city\obj\jiudai.c --> www1.yn.cninfo.net /mudcctx/mudlib/d/city/obj jiudai.c
99.03.14 12:48 B f:\mirror1\d\city\obj\junfu.c --> www1.yn.cninfo.net /mudcctx/mudlib/d/city/obj junfu.c
99.03.14 12:48 B f:\mirror1\d\city\obj\kaoya.c --> www1.yn.cninfo.net /mudcctx/mudlib/d/city/obj kaoya.c
99.03.14 12:48 B f:\mirror1\d\city\obj\mabudai.c --> www1.yn.cninfo.net /mudcctx/mudlib/d/city/obj mabudai.c
99.03.14 12:48 B f:\mirror1\d\city\obj\mian.c --> www1.yn.cninfo.net /mudcctx/mudlib/d/city/obj mian.c
99.03.14 12:51 B f:\mirror1\d\city\obj\mianju.c --> www1.yn.cninfo.net /mudcctx/mudlib/d/city/obj mianju.c
99.03.14 12:51 B f:\mirror1\d\city\obj\necklace.c --> www1.yn.cninfo.net /mudcctx/mudlib/d/city/obj necklace.c
99.03.14 12:51 B f:\mirror1\d\city\obj\peanut.c --> www1.yn.cninfo.net /mudcctx/mudlib/d/city/obj peanut.c
99.03.14 12:51 B f:\mirror1\d\city\obj\pink_cloth.c --> www1.yn.cninfo.net /mudcctx/mudlib/d/city/obj pink_cloth.c
99.03.14 12:51 B f:\mirror1\d\city\obj\pixue.c --> www1.yn.cninfo.net /mudcctx/mudlib/d/city/obj pixue.c
99.03.14 12:51 B f:\mirror1\d\city\obj\shanshen.c --> www1.yn.cninfo.net /mudcctx/mudlib/d/city/obj shanshen.c
99.03.14 12:51 B f:\mirror1\d\city\obj\shield.c --> www1.yn.cninfo.net /mudcctx/mudlib/d/city/obj shield.c
99.03.14 12:51 B f:\mirror1\d\city\obj\shoutao.c --> www1.yn.cninfo.net /mudcctx/mudlib/d/city/obj shoutao.c
99.03.14 12:51 B f:\mirror1\d\city\obj\shouwu.c --> www1.yn.cninfo.net /mudcctx/mudlib/d/city/obj shouwu.c
99.03.14 12:51 B f:\mirror1\d\city\obj\sleepbag.c --> www1.yn.cninfo.net /mudcctx/mudlib/d/city/obj sleepbag.c
99.03.14 12:51 B f:\mirror1\d\city\obj\surcoat.c --> www1.yn.cninfo.net /mudcctx/mudlib/d/city/obj surcoat.c
99.03.14 12:51 B f:\mirror1\d\city\obj\tiejia.c --> www1.yn.cninfo.net /mudcctx/mudlib/d/city/obj tiejia.c
99.03.14 12:51 B f:\mirror1\d\city\obj\tieshou.c --> www1.yn.cninfo.net /mudcctx/mudlib/d/city/obj tieshou.c
99.03.14 12:51 B f:\mirror1\d\city\obj\tofu.c --> www1.yn.cninfo.net /mudcctx/mudlib/d/city/obj tofu.c
99.03.14 12:51 B f:\mirror1\d\city\obj\toukui.c --> www1.yn.cninfo.net /mudcctx/mudlib/d/city/obj toukui.c
99.03.14 12:51 B f:\mirror1\d\city\obj\yang.c --> www1.yn.cninfo.net /mudcctx/mudlib/d/city/obj yang.c
99.03.14 12:51 B f:\mirror1\d\city\obj\yangjing.c --> www1.yn.cninfo.net /mudcctx/mudlib/d/city/obj yangjing.c
99.03.14 12:51 B f:\mirror1\d\city\obj\yangxin.c --> www1.yn.cninfo.net /mudcctx/mudlib/d/city/obj yangxin.c
99.03.14 12:51 B f:\mirror1\d\city\obj\yaoshi.c --> www1.yn.cninfo.net /mudcctx/mudlib/d/city/obj yaoshi.c
99.03.14 12:51 B f:\mirror1\d\city\obj\yayifu.c --> www1.yn.cninfo.net /mudcctx/mudlib/d/city/obj yayifu.c
99.03.14 12:51 B f:\mirror1\d\city\obj\zaisheng.c --> www1.yn.cninfo.net /mudcctx/mudlib/d/city/obj zaisheng.c
99.03.14 12:51 B f:\mirror1\d\city\obj\zhitao.c --> www1.yn.cninfo.net /mudcctx/mudlib/d/city/obj zhitao.c
99.03.14 12:51 B f:\mirror1\d\city\obj\zhubang.c --> www1.yn.cninfo.net /mudcctx/mudlib/d/city/obj zhubang.c
99.03.15 19:37 B f:\mirror1\d\city\obj\yang.c --> www1.yn.cninfo.net /mudlab/mudlib/d/city/obj yang.c
