99.03.14 13:28 B f:\mirror1\d\shaolin\npc\ad-laoshu.c --> www1.yn.cninfo.net /mudcctx/mudlib/d/shaolin/npc ad-laoshu.c
99.03.14 13:28 B f:\mirror1\d\shaolin\npc\bg-laoshu.c --> www1.yn.cninfo.net /mudcctx/mudlib/d/shaolin/npc bg-laoshu.c
99.03.14 13:28 B f:\mirror1\d\shaolin\npc\da-shou.c --> www1.yn.cninfo.net /mudcctx/mudlib/d/shaolin/npc da-shou.c
99.03.14 13:28 B f:\mirror1\d\shaolin\npc\datie-seng.c --> www1.yn.cninfo.net /mudcctx/mudlib/d/shaolin/npc datie-seng.c
99.03.14 13:28 B f:\mirror1\d\shaolin\npc\kanshou.c --> www1.yn.cninfo.net /mudcctx/mudlib/d/shaolin/npc kanshou.c
99.03.14 13:28 B f:\mirror1\d\shaolin\npc\kuli.c --> www1.yn.cninfo.net /mudcctx/mudlib/d/shaolin/npc kuli.c
99.03.14 13:28 B f:\mirror1\d\shaolin\npc\lao-qiao.c --> www1.yn.cninfo.net /mudcctx/mudlib/d/shaolin/npc lao-qiao.c
99.03.14 13:28 B f:\mirror1\d\shaolin\npc\lao-shu.c --> www1.yn.cninfo.net /mudcctx/mudlib/d/shaolin/npc lao-shu.c
99.03.14 13:28 B f:\mirror1\d\shaolin\npc\mei_po.c --> www1.yn.cninfo.net /mudcctx/mudlib/d/shaolin/npc mei_po.c
99.03.14 13:28 B f:\mirror1\d\shaolin\npc\mu-ren.c --> www1.yn.cninfo.net /mudcctx/mudlib/d/shaolin/npc mu-ren.c
99.03.14 13:28 B f:\mirror1\d\shaolin\npc\saodi-seng.c --> www1.yn.cninfo.net /mudcctx/mudlib/d/shaolin/npc saodi-seng.c
99.03.14 13:28 B f:\mirror1\d\shaolin\npc\seng-bing1.c --> www1.yn.cninfo.net /mudcctx/mudlib/d/shaolin/npc seng-bing1.c
99.03.14 13:28 B f:\mirror1\d\shaolin\npc\seng-bing2.c --> www1.yn.cninfo.net /mudcctx/mudlib/d/shaolin/npc seng-bing2.c
99.03.14 13:28 B f:\mirror1\d\shaolin\npc\seng-bing3.c --> www1.yn.cninfo.net /mudcctx/mudlib/d/shaolin/npc seng-bing3.c
99.03.14 13:28 B f:\mirror1\d\shaolin\npc\shaofan-seng.c --> www1.yn.cninfo.net /mudcctx/mudlib/d/shaolin/npc shaofan-seng.c
99.03.14 13:28 B f:\mirror1\d\shaolin\npc\shuji.c --> www1.yn.cninfo.net /mudcctx/mudlib/d/shaolin/npc shuji.c
99.03.14 13:28 B f:\mirror1\d\shaolin\npc\shurou.c --> www1.yn.cninfo.net /mudcctx/mudlib/d/shaolin/npc shurou.c
99.03.14 13:28 B f:\mirror1\d\shaolin\npc\tiao-fu.c --> www1.yn.cninfo.net /mudcctx/mudlib/d/shaolin/npc tiao-fu.c
99.03.14 13:28 B f:\mirror1\d\shaolin\npc\xiang-ke.c --> www1.yn.cninfo.net /mudcctx/mudlib/d/shaolin/npc xiang-ke.c
99.03.14 13:28 B f:\mirror1\d\shaolin\npc\xiao-bei.c --> www1.yn.cninfo.net /mudcctx/mudlib/d/shaolin/npc xiao-bei.c
99.03.14 13:28 B f:\mirror1\d\shaolin\npc\xiao-ci.c --> www1.yn.cninfo.net /mudcctx/mudlib/d/shaolin/npc xiao-ci.c
99.03.14 13:28 B f:\mirror1\d\shaolin\npc\xiao-er.c --> www1.yn.cninfo.net /mudcctx/mudlib/d/shaolin/npc xiao-er.c
99.03.14 13:28 B f:\mirror1\d\shaolin\npc\xiao-fan.c --> www1.yn.cninfo.net /mudcctx/mudlib/d/shaolin/npc xiao-fan.c
99.03.14 13:28 B f:\mirror1\d\shaolin\npc\xiao-hai.c --> www1.yn.cninfo.net /mudcctx/mudlib/d/shaolin/npc xiao-hai.c
99.03.14 13:28 B f:\mirror1\d\shaolin\npc\xiao-ku.c --> www1.yn.cninfo.net /mudcctx/mudlib/d/shaolin/npc xiao-ku.c
99.03.14 13:28 B f:\mirror1\d\shaolin\npc\xiao-nan.c --> www1.yn.cninfo.net /mudcctx/mudlib/d/shaolin/npc xiao-nan.c
99.03.14 13:28 B f:\mirror1\d\shaolin\npc\xiao-tong.c --> www1.yn.cninfo.net /mudcctx/mudlib/d/shaolin/npc xiao-tong.c
99.03.14 13:28 B f:\mirror1\d\shaolin\npc\xingzhe.c --> www1.yn.cninfo.net /mudcctx/mudlib/d/shaolin/npc xingzhe.c
99.03.14 13:28 B f:\mirror1\d\shaolin\npc\xuanfeng.c --> www1.yn.cninfo.net /mudcctx/mudlib/d/shaolin/npc xuanfeng.c
99.03.14 13:28 B f:\mirror1\d\shaolin\npc\yu-zu.c --> www1.yn.cninfo.net /mudcctx/mudlib/d/shaolin/npc yu-zu.c
99.03.14 13:28 B f:\mirror1\d\shaolin\npc\yu-zu2.c --> www1.yn.cninfo.net /mudcctx/mudlib/d/shaolin/npc yu-zu2.c
