99.03.14 12:42 B f:\mirror1\d\changan\npc\baobiao.c --> www1.yn.cninfo.net /mudcctx/mudlib/d/changan/npc baobiao.c
99.03.14 12:42 B f:\mirror1\d\changan\npc\biaoshi.c --> www1.yn.cninfo.net /mudcctx/mudlib/d/changan/npc biaoshi.c
99.03.14 12:42 B f:\mirror1\d\changan\npc\bing.c --> www1.yn.cninfo.net /mudcctx/mudlib/d/changan/npc bing.c
99.03.14 12:42 B f:\mirror1\d\changan\npc\c-furen.c --> www1.yn.cninfo.net /mudcctx/mudlib/d/changan/npc c-furen.c
99.03.14 12:42 B f:\mirror1\d\changan\npc\chaboshi.c --> www1.yn.cninfo.net /mudcctx/mudlib/d/changan/npc chaboshi.c
99.03.14 12:42 B f:\mirror1\d\changan\npc\chang.c --> www1.yn.cninfo.net /mudcctx/mudlib/d/changan/npc chang.c
99.03.14 12:42 B f:\mirror1\d\changan\npc\chaofeng.c --> www1.yn.cninfo.net /mudcctx/mudlib/d/changan/npc chaofeng.c
99.03.14 12:42 B f:\mirror1\d\changan\npc\cheng.c --> www1.yn.cninfo.net /mudcctx/mudlib/d/changan/npc cheng.c
99.03.14 12:42 B f:\mirror1\d\changan\npc\doctor.c --> www1.yn.cninfo.net /mudcctx/mudlib/d/changan/npc doctor.c
99.03.14 12:42 B f:\mirror1\d\changan\npc\fujiang.c --> www1.yn.cninfo.net /mudcctx/mudlib/d/changan/npc fujiang.c
99.03.14 12:42 B f:\mirror1\d\changan\npc\fushan.c --> www1.yn.cninfo.net /mudcctx/mudlib/d/changan/npc fushan.c
99.03.14 12:42 B f:\mirror1\d\changan\npc\fushan1.c --> www1.yn.cninfo.net /mudcctx/mudlib/d/changan/npc fushan1.c
99.03.14 12:42 B f:\mirror1\d\changan\npc\fushang.c --> www1.yn.cninfo.net /mudcctx/mudlib/d/changan/npc fushang.c
99.03.14 12:42 B f:\mirror1\d\changan\npc\huizhang.c --> www1.yn.cninfo.net /mudcctx/mudlib/d/changan/npc huizhang.c
99.03.14 12:42 B f:\mirror1\d\changan\npc\huoji.c --> www1.yn.cninfo.net /mudcctx/mudlib/d/changan/npc huoji.c
99.03.14 12:42 B f:\mirror1\d\changan\npc\huoji2.c --> www1.yn.cninfo.net /mudcctx/mudlib/d/changan/npc huoji2.c
99.03.14 12:42 B f:\mirror1\d\changan\npc\jian-ke.c --> www1.yn.cninfo.net /mudcctx/mudlib/d/changan/npc jian-ke.c
99.03.14 12:42 B f:\mirror1\d\changan\npc\jiaotou.c --> www1.yn.cninfo.net /mudcctx/mudlib/d/changan/npc jiaotou.c
99.03.14 12:42 B f:\mirror1\d\changan\npc\laobao.c --> www1.yn.cninfo.net /mudcctx/mudlib/d/changan/npc laobao.c
99.03.14 12:42 B f:\mirror1\d\changan\npc\oldwomen.c --> www1.yn.cninfo.net /mudcctx/mudlib/d/changan/npc oldwomen.c
99.03.14 12:42 B f:\mirror1\d\changan\npc\piaofan.c --> www1.yn.cninfo.net /mudcctx/mudlib/d/changan/npc piaofan.c
99.03.14 12:42 B f:\mirror1\d\changan\npc\shangren1.c --> www1.yn.cninfo.net /mudcctx/mudlib/d/changan/npc shangren1.c
99.03.14 12:42 B f:\mirror1\d\changan\npc\sun.c --> www1.yn.cninfo.net /mudcctx/mudlib/d/changan/npc sun.c
99.03.14 12:42 B f:\mirror1\d\changan\npc\tangzishou.c --> www1.yn.cninfo.net /mudcctx/mudlib/d/changan/npc tangzishou.c
99.03.14 12:42 B f:\mirror1\d\changan\npc\tiaofu.c --> www1.yn.cninfo.net /mudcctx/mudlib/d/changan/npc tiaofu.c
99.03.14 12:42 B f:\mirror1\d\changan\npc\tiejiang.c --> www1.yn.cninfo.net /mudcctx/mudlib/d/changan/npc tiejiang.c
99.03.14 12:42 B f:\mirror1\d\changan\npc\tufei1.c --> www1.yn.cninfo.net /mudcctx/mudlib/d/changan/npc tufei1.c
99.03.14 12:42 B f:\mirror1\d\changan\npc\tufei2.c --> www1.yn.cninfo.net /mudcctx/mudlib/d/changan/npc tufei2.c
99.03.14 12:42 B f:\mirror1\d\changan\npc\tufeitou.c --> www1.yn.cninfo.net /mudcctx/mudlib/d/changan/npc tufeitou.c
99.03.14 12:42 B f:\mirror1\d\changan\npc\wanghu.c --> www1.yn.cninfo.net /mudcctx/mudlib/d/changan/npc wanghu.c
99.03.14 12:42 B f:\mirror1\d\changan\npc\wei.c --> www1.yn.cninfo.net /mudcctx/mudlib/d/changan/npc wei.c
99.03.14 12:42 B f:\mirror1\d\changan\npc\wg-dizi.c --> www1.yn.cninfo.net /mudcctx/mudlib/d/changan/npc wg-dizi.c
99.03.14 12:42 B f:\mirror1\d\changan\npc\wuhuo.c --> www1.yn.cninfo.net /mudcctx/mudlib/d/changan/npc wuhuo.c
99.03.14 12:42 B f:\mirror1\d\changan\npc\wujiang.c --> www1.yn.cninfo.net /mudcctx/mudlib/d/changan/npc wujiang.c
99.03.14 12:42 B f:\mirror1\d\changan\npc\xiaoer.c --> www1.yn.cninfo.net /mudcctx/mudlib/d/changan/npc xiaoer.c
99.03.14 12:42 B f:\mirror1\d\changan\npc\xiaoer2.c --> www1.yn.cninfo.net /mudcctx/mudlib/d/changan/npc xiaoer2.c
99.03.14 12:42 B f:\mirror1\d\changan\npc\xiaofan.c --> www1.yn.cninfo.net /mudcctx/mudlib/d/changan/npc xiaofan.c
99.03.14 12:42 B f:\mirror1\d\changan\npc\xiaolan.c --> www1.yn.cninfo.net /mudcctx/mudlib/d/changan/npc xiaolan.c
99.03.14 12:42 B f:\mirror1\d\changan\npc\yahuan.c --> www1.yn.cninfo.net /mudcctx/mudlib/d/changan/npc yahuan.c
99.03.14 12:42 B f:\mirror1\d\changan\npc\zhangba.c --> www1.yn.cninfo.net /mudcctx/mudlib/d/changan/npc zhangba.c
99.03.14 12:42 B f:\mirror1\d\changan\npc\zhangsan.c --> www1.yn.cninfo.net /mudcctx/mudlib/d/changan/npc zhangsan.c
99.03.14 12:42 B f:\mirror1\d\changan\npc\zhao.c --> www1.yn.cninfo.net /mudcctx/mudlib/d/changan/npc zhao.c
99.03.15 17:34 B f:\mirror1\d\changan\npc\chaboshi.c --> www1.yn.cninfo.net /mudlab/mudlib/d/changan/npc chaboshi.c
99.03.15 17:34 B f:\mirror1\d\changan\npc\doctor.c --> www1.yn.cninfo.net /mudlab/mudlib/d/changan/npc doctor.c
99.03.15 17:34 B f:\mirror1\d\changan\npc\fushan.c --> www1.yn.cninfo.net /mudlab/mudlib/d/changan/npc fushan.c
99.03.15 17:34 B f:\mirror1\d\changan\npc\fushan1.c --> www1.yn.cninfo.net /mudlab/mudlib/d/changan/npc fushan1.c
99.03.15 17:34 B f:\mirror1\d\changan\npc\fushang.c --> www1.yn.cninfo.net /mudlab/mudlib/d/changan/npc fushang.c
99.03.15 17:34 B f:\mirror1\d\changan\npc\huoji.c --> www1.yn.cninfo.net /mudlab/mudlib/d/changan/npc huoji.c
99.03.15 17:34 B f:\mirror1\d\changan\npc\huoji2.c --> www1.yn.cninfo.net /mudlab/mudlib/d/changan/npc huoji2.c
99.03.15 17:34 B f:\mirror1\d\changan\npc\shangren1.c --> www1.yn.cninfo.net /mudlab/mudlib/d/changan/npc shangren1.c
99.03.15 17:34 B f:\mirror1\d\changan\npc\sun.c --> www1.yn.cninfo.net /mudlab/mudlib/d/changan/npc sun.c
99.03.15 17:34 B f:\mirror1\d\changan\npc\tiejiang.c --> www1.yn.cninfo.net /mudlab/mudlib/d/changan/npc tiejiang.c
99.03.15 17:34 B f:\mirror1\d\changan\npc\xiaoer.c --> www1.yn.cninfo.net /mudlab/mudlib/d/changan/npc xiaoer.c
99.03.15 17:34 B f:\mirror1\d\changan\npc\xiaoer2.c --> www1.yn.cninfo.net /mudlab/mudlib/d/changan/npc xiaoer2.c
99.03.15 17:34 B f:\mirror1\d\changan\npc\xiaofan.c --> www1.yn.cninfo.net /mudlab/mudlib/d/changan/npc xiaofan.c
99.03.15 17:34 B f:\mirror1\d\changan\npc\xiaolan.c --> www1.yn.cninfo.net /mudlab/mudlib/d/changan/npc xiaolan.c
99.03.15 17:34 B f:\mirror1\d\changan\npc\zhao.c --> www1.yn.cninfo.net /mudlab/mudlib/d/changan/npc zhao.c
