99.03.14 12:44 B f:\mirror1\d\chengdu\npc\bing.c --> www1.yn.cninfo.net /mudcctx/mudlib/d/chengdu/npc bing.c
99.03.14 12:44 B f:\mirror1\d\chengdu\npc\bing2.c --> www1.yn.cninfo.net /mudcctx/mudlib/d/chengdu/npc bing2.c
99.03.14 12:44 B f:\mirror1\d\chengdu\npc\boy.c --> www1.yn.cninfo.net /mudcctx/mudlib/d/chengdu/npc boy.c
99.03.14 12:44 B f:\mirror1\d\chengdu\npc\chakebing.c --> www1.yn.cninfo.net /mudcctx/mudlib/d/chengdu/npc chakebing.c
99.03.14 12:44 B f:\mirror1\d\chengdu\npc\chakeding.c --> www1.yn.cninfo.net /mudcctx/mudlib/d/chengdu/npc chakeding.c
99.03.14 12:44 B f:\mirror1\d\chengdu\npc\chakejia.c --> www1.yn.cninfo.net /mudcctx/mudlib/d/chengdu/npc chakejia.c
99.03.14 12:44 B f:\mirror1\d\chengdu\npc\chakeyi.c --> www1.yn.cninfo.net /mudcctx/mudlib/d/chengdu/npc chakeyi.c
99.03.14 12:44 B f:\mirror1\d\chengdu\npc\chaofeng.c --> www1.yn.cninfo.net /mudcctx/mudlib/d/chengdu/npc chaofeng.c
99.03.14 12:44 B f:\mirror1\d\chengdu\npc\chengke.c --> www1.yn.cninfo.net /mudcctx/mudlib/d/chengdu/npc chengke.c
99.03.14 12:44 B f:\mirror1\d\chengdu\npc\chuanfu.c --> www1.yn.cninfo.net /mudcctx/mudlib/d/chengdu/npc chuanfu.c
99.03.14 12:44 B f:\mirror1\d\chengdu\npc\cui.c --> www1.yn.cninfo.net /mudcctx/mudlib/d/chengdu/npc cui.c
99.03.14 12:44 B f:\mirror1\d\chengdu\npc\daye.c --> www1.yn.cninfo.net /mudcctx/mudlib/d/chengdu/npc daye.c
99.03.14 12:44 B f:\mirror1\d\chengdu\npc\dog.c --> www1.yn.cninfo.net /mudcctx/mudlib/d/chengdu/npc dog.c
99.03.14 12:44 B f:\mirror1\d\chengdu\npc\girl.c --> www1.yn.cninfo.net /mudcctx/mudlib/d/chengdu/npc girl.c
99.03.14 12:44 B f:\mirror1\d\chengdu\npc\gong.c --> www1.yn.cninfo.net /mudcctx/mudlib/d/chengdu/npc gong.c
99.03.14 12:44 B f:\mirror1\d\chengdu\npc\guke.c --> www1.yn.cninfo.net /mudcctx/mudlib/d/chengdu/npc guke.c
99.03.14 12:44 B f:\mirror1\d\chengdu\npc\haoke.c --> www1.yn.cninfo.net /mudcctx/mudlib/d/chengdu/npc haoke.c
99.03.14 12:44 B f:\mirror1\d\chengdu\npc\huoji.c --> www1.yn.cninfo.net /mudcctx/mudlib/d/chengdu/npc huoji.c
99.03.14 12:44 B f:\mirror1\d\chengdu\npc\huoji2.c --> www1.yn.cninfo.net /mudcctx/mudlib/d/chengdu/npc huoji2.c
99.03.14 12:44 B f:\mirror1\d\chengdu\npc\huoji3.c --> www1.yn.cninfo.net /mudcctx/mudlib/d/chengdu/npc huoji3.c
99.03.14 12:44 B f:\mirror1\d\chengdu\npc\huyuan.c --> www1.yn.cninfo.net /mudcctx/mudlib/d/chengdu/npc huyuan.c
99.03.14 12:44 B f:\mirror1\d\chengdu\npc\kid.c --> www1.yn.cninfo.net /mudcctx/mudlib/d/chengdu/npc kid.c
99.03.14 12:44 B f:\mirror1\d\chengdu\npc\laoban.c --> www1.yn.cninfo.net /mudcctx/mudlib/d/chengdu/npc laoban.c
99.03.14 12:44 B f:\mirror1\d\chengdu\npc\liumang.c --> www1.yn.cninfo.net /mudcctx/mudlib/d/chengdu/npc liumang.c
99.03.14 12:44 B f:\mirror1\d\chengdu\npc\liumangtou.c --> www1.yn.cninfo.net /mudcctx/mudlib/d/chengdu/npc liumangtou.c
99.03.14 12:44 B f:\mirror1\d\chengdu\npc\machunhua.c --> www1.yn.cninfo.net /mudcctx/mudlib/d/chengdu/npc machunhua.c
99.03.14 12:44 B f:\mirror1\d\chengdu\npc\mafujiading.c --> www1.yn.cninfo.net /mudcctx/mudlib/d/chengdu/npc mafujiading.c
99.03.14 12:44 B f:\mirror1\d\chengdu\npc\mafulanggou.c --> www1.yn.cninfo.net /mudcctx/mudlib/d/chengdu/npc mafulanggou.c
99.03.14 12:44 B f:\mirror1\d\chengdu\npc\maxingkong.c --> www1.yn.cninfo.net /mudcctx/mudlib/d/chengdu/npc maxingkong.c
99.03.14 12:44 B f:\mirror1\d\chengdu\npc\niufujiading.c --> www1.yn.cninfo.net /mudcctx/mudlib/d/chengdu/npc niufujiading.c
99.03.14 12:44 B f:\mirror1\d\chengdu\npc\niufulanggou.c --> www1.yn.cninfo.net /mudcctx/mudlib/d/chengdu/npc niufulanggou.c
99.03.14 12:44 B f:\mirror1\d\chengdu\npc\niumuren.c --> www1.yn.cninfo.net /mudcctx/mudlib/d/chengdu/npc niumuren.c
99.03.14 12:44 B f:\mirror1\d\chengdu\npc\oldwoman.c --> www1.yn.cninfo.net /mudcctx/mudlib/d/chengdu/npc oldwoman.c
99.03.14 12:44 B f:\mirror1\d\chengdu\npc\pangtong.c --> www1.yn.cninfo.net /mudcctx/mudlib/d/chengdu/npc pangtong.c
99.03.14 12:44 B f:\mirror1\d\chengdu\npc\piaoke.c --> www1.yn.cninfo.net /mudcctx/mudlib/d/chengdu/npc piaoke.c
99.03.14 12:44 B f:\mirror1\d\chengdu\npc\poorman.c --> www1.yn.cninfo.net /mudcctx/mudlib/d/chengdu/npc poorman.c
99.03.14 12:44 B f:\mirror1\d\chengdu\npc\puyi.c --> www1.yn.cninfo.net /mudcctx/mudlib/d/chengdu/npc puyi.c
99.03.14 12:44 B f:\mirror1\d\chengdu\npc\shangren.c --> www1.yn.cninfo.net /mudcctx/mudlib/d/chengdu/npc shangren.c
99.03.14 12:44 B f:\mirror1\d\chengdu\npc\shenni.c --> www1.yn.cninfo.net /mudcctx/mudlib/d/chengdu/npc shenni.c
99.03.14 12:44 B f:\mirror1\d\chengdu\npc\tangwuwei.c --> www1.yn.cninfo.net /mudcctx/mudlib/d/chengdu/npc tangwuwei.c
99.03.14 12:44 B f:\mirror1\d\chengdu\npc\tiejiang.c --> www1.yn.cninfo.net /mudcctx/mudlib/d/chengdu/npc tiejiang.c
99.03.14 12:44 B f:\mirror1\d\chengdu\npc\wujiang.c --> www1.yn.cninfo.net /mudcctx/mudlib/d/chengdu/npc wujiang.c
99.03.14 12:44 B f:\mirror1\d\chengdu\npc\wulinren.c --> www1.yn.cninfo.net /mudcctx/mudlib/d/chengdu/npc wulinren.c
99.03.14 12:44 B f:\mirror1\d\chengdu\npc\xiaoer.c --> www1.yn.cninfo.net /mudcctx/mudlib/d/chengdu/npc xiaoer.c
99.03.14 12:44 B f:\mirror1\d\chengdu\npc\xiaoer1.c --> www1.yn.cninfo.net /mudcctx/mudlib/d/chengdu/npc xiaoer1.c
99.03.14 12:44 B f:\mirror1\d\chengdu\npc\xiaoer2.c --> www1.yn.cninfo.net /mudcctx/mudlib/d/chengdu/npc xiaoer2.c
99.03.14 12:44 B f:\mirror1\d\chengdu\npc\xiaoer4.c --> www1.yn.cninfo.net /mudcctx/mudlib/d/chengdu/npc xiaoer4.c
99.03.14 12:44 B f:\mirror1\d\chengdu\npc\xiaoer5.c --> www1.yn.cninfo.net /mudcctx/mudlib/d/chengdu/npc xiaoer5.c
99.03.14 12:44 B f:\mirror1\d\chengdu\npc\xingren.c --> www1.yn.cninfo.net /mudcctx/mudlib/d/chengdu/npc xingren.c
99.03.14 12:44 B f:\mirror1\d\chengdu\npc\xuzheng.c --> www1.yn.cninfo.net /mudcctx/mudlib/d/chengdu/npc xuzheng.c
99.03.14 12:44 B f:\mirror1\d\chengdu\npc\yahuan.c --> www1.yn.cninfo.net /mudcctx/mudlib/d/chengdu/npc yahuan.c
99.03.14 12:44 B f:\mirror1\d\chengdu\npc\yan.c --> www1.yn.cninfo.net /mudcctx/mudlib/d/chengdu/npc yan.c
99.03.14 12:44 B f:\mirror1\d\chengdu\npc\yinghua.c --> www1.yn.cninfo.net /mudcctx/mudlib/d/chengdu/npc yinghua.c
99.03.14 12:44 B f:\mirror1\d\chengdu\npc\yiren.c --> www1.yn.cninfo.net /mudcctx/mudlib/d/chengdu/npc yiren.c
99.03.14 12:44 B f:\mirror1\d\chengdu\npc\youke.c --> www1.yn.cninfo.net /mudcctx/mudlib/d/chengdu/npc youke.c
99.03.15 18:00 B f:\mirror1\d\chengdu\npc\daye.c --> www1.yn.cninfo.net /mudlab/mudlib/d/chengdu/npc daye.c
99.03.15 18:00 B f:\mirror1\d\chengdu\npc\huoji.c --> www1.yn.cninfo.net /mudlab/mudlib/d/chengdu/npc huoji.c
99.03.15 18:00 B f:\mirror1\d\chengdu\npc\huoji2.c --> www1.yn.cninfo.net /mudlab/mudlib/d/chengdu/npc huoji2.c
99.03.15 18:00 B f:\mirror1\d\chengdu\npc\huoji3.c --> www1.yn.cninfo.net /mudlab/mudlib/d/chengdu/npc huoji3.c
99.03.15 18:00 B f:\mirror1\d\chengdu\npc\laoban.c --> www1.yn.cninfo.net /mudlab/mudlib/d/chengdu/npc laoban.c
99.03.15 18:00 B f:\mirror1\d\chengdu\npc\tangwuwei.c --> www1.yn.cninfo.net /mudlab/mudlib/d/chengdu/npc tangwuwei.c
99.03.15 18:00 B f:\mirror1\d\chengdu\npc\tiejiang.c --> www1.yn.cninfo.net /mudlab/mudlib/d/chengdu/npc tiejiang.c
99.03.15 18:00 B f:\mirror1\d\chengdu\npc\xiaoer1.c --> www1.yn.cninfo.net /mudlab/mudlib/d/chengdu/npc xiaoer1.c
99.03.15 18:00 B f:\mirror1\d\chengdu\npc\xiaoer2.c --> www1.yn.cninfo.net /mudlab/mudlib/d/chengdu/npc xiaoer2.c
99.03.15 18:00 B f:\mirror1\d\chengdu\npc\xiaoer4.c --> www1.yn.cninfo.net /mudlab/mudlib/d/chengdu/npc xiaoer4.c
99.03.15 18:00 B f:\mirror1\d\chengdu\npc\xiaoer5.c --> www1.yn.cninfo.net /mudlab/mudlib/d/chengdu/npc xiaoer5.c
99.03.15 18:00 B f:\mirror1\d\chengdu\npc\yan.c --> www1.yn.cninfo.net /mudlab/mudlib/d/chengdu/npc yan.c
