99.03.14 12:58 B f:\mirror1\d\city2\obj\anmenkey.c --> www1.yn.cninfo.net /mudcctx/mudlib/d/city2/obj anmenkey.c
99.03.14 12:58 B f:\mirror1\d\city2\obj\baojia.c --> www1.yn.cninfo.net /mudcctx/mudlib/d/city2/obj baojia.c
99.03.14 12:58 B f:\mirror1\d\city2\obj\bishou.c --> www1.yn.cninfo.net /mudcctx/mudlib/d/city2/obj bishou.c
99.03.14 12:58 B f:\mirror1\d\city2\obj\book14_1.c --> www1.yn.cninfo.net /mudcctx/mudlib/d/city2/obj book14_1.c
99.03.14 12:58 B f:\mirror1\d\city2\obj\book14_2.c --> www1.yn.cninfo.net /mudcctx/mudlib/d/city2/obj book14_2.c
99.03.14 12:58 B f:\mirror1\d\city2\obj\book14_3.c --> www1.yn.cninfo.net /mudcctx/mudlib/d/city2/obj book14_3.c
99.03.14 12:58 B f:\mirror1\d\city2\obj\book14_4.c --> www1.yn.cninfo.net /mudcctx/mudlib/d/city2/obj book14_4.c
99.03.14 12:58 B f:\mirror1\d\city2\obj\book14_5.c --> www1.yn.cninfo.net /mudcctx/mudlib/d/city2/obj book14_5.c
99.03.14 12:58 B f:\mirror1\d\city2\obj\book14_6.c --> www1.yn.cninfo.net /mudcctx/mudlib/d/city2/obj book14_6.c
99.03.14 12:58 B f:\mirror1\d\city2\obj\book14_7.c --> www1.yn.cninfo.net /mudcctx/mudlib/d/city2/obj book14_7.c
99.03.14 12:58 B f:\mirror1\d\city2\obj\book14_8.c --> www1.yn.cninfo.net /mudcctx/mudlib/d/city2/obj book14_8.c
99.03.14 12:58 B f:\mirror1\d\city2\obj\bookming.c --> www1.yn.cninfo.net /mudcctx/mudlib/d/city2/obj bookming.c
99.03.14 12:58 B f:\mirror1\d\city2\obj\crystal.c --> www1.yn.cninfo.net /mudcctx/mudlib/d/city2/obj crystal.c
99.03.14 12:58 B f:\mirror1\d\city2\obj\dadao.c --> www1.yn.cninfo.net /mudcctx/mudlib/d/city2/obj dadao.c
99.03.14 12:58 B f:\mirror1\d\city2\obj\diaopi.c --> www1.yn.cninfo.net /mudcctx/mudlib/d/city2/obj diaopi.c
99.03.14 12:58 B f:\mirror1\d\city2\obj\door.c --> www1.yn.cninfo.net /mudcctx/mudlib/d/city2/obj door.c
99.03.14 12:58 B f:\mirror1\d\city2\obj\fuchen.c --> www1.yn.cninfo.net /mudcctx/mudlib/d/city2/obj fuchen.c
99.03.14 12:58 B f:\mirror1\d\city2\obj\gaoyao.c --> www1.yn.cninfo.net /mudcctx/mudlib/d/city2/obj gaoyao.c
99.03.14 12:58 B f:\mirror1\d\city2\obj\goldleaf.c --> www1.yn.cninfo.net /mudcctx/mudlib/d/city2/obj goldleaf.c
99.03.14 12:58 B f:\mirror1\d\city2\obj\hlbian.c --> www1.yn.cninfo.net /mudcctx/mudlib/d/city2/obj hlbian.c
99.03.14 12:58 B f:\mirror1\d\city2\obj\hole.c --> www1.yn.cninfo.net /mudcctx/mudlib/d/city2/obj hole.c
99.03.14 12:58 B f:\mirror1\d\city2\obj\jinduan.c --> www1.yn.cninfo.net /mudcctx/mudlib/d/city2/obj jinduan.c
99.03.14 12:58 B f:\mirror1\d\city2\obj\jinyaos.c --> www1.yn.cninfo.net /mudcctx/mudlib/d/city2/obj jinyaos.c
99.03.14 12:58 B f:\mirror1\d\city2\obj\luguanji.c --> www1.yn.cninfo.net /mudcctx/mudlib/d/city2/obj luguanji.c
99.03.14 12:58 B f:\mirror1\d\city2\obj\majia.c --> www1.yn.cninfo.net /mudcctx/mudlib/d/city2/obj majia.c
99.03.14 12:58 B f:\mirror1\d\city2\obj\mian.c --> www1.yn.cninfo.net /mudcctx/mudlib/d/city2/obj mian.c
99.03.14 12:58 B f:\mirror1\d\city2\obj\picture.c --> www1.yn.cninfo.net /mudcctx/mudlib/d/city2/obj picture.c
99.03.14 12:58 B f:\mirror1\d\city2\obj\ring.c --> www1.yn.cninfo.net /mudcctx/mudlib/d/city2/obj ring.c
99.03.14 12:58 B f:\mirror1\d\city2\obj\shouzhuo.c --> www1.yn.cninfo.net /mudcctx/mudlib/d/city2/obj shouzhuo.c
99.03.14 12:58 B f:\mirror1\d\city2\obj\table.c --> www1.yn.cninfo.net /mudcctx/mudlib/d/city2/obj table.c
99.03.14 12:58 B f:\mirror1\d\city2\obj\tan.c --> www1.yn.cninfo.net /mudcctx/mudlib/d/city2/obj tan.c
99.03.14 12:58 B f:\mirror1\d\city2\obj\tang.c --> www1.yn.cninfo.net /mudcctx/mudlib/d/city2/obj tang.c
99.03.14 12:58 B f:\mirror1\d\city2\obj\tanghulu.c --> www1.yn.cninfo.net /mudcctx/mudlib/d/city2/obj tanghulu.c
99.03.14 12:58 B f:\mirror1\d\city2\obj\tudao.c --> www1.yn.cninfo.net /mudcctx/mudlib/d/city2/obj tudao.c
99.03.14 12:59 B f:\mirror1\d\city2\obj\xiongzhang.c --> www1.yn.cninfo.net /mudcctx/mudlib/d/city2/obj xiongzhang.c
99.03.14 12:59 B f:\mirror1\d\city2\obj\yaodai.c --> www1.yn.cninfo.net /mudcctx/mudlib/d/city2/obj yaodai.c
99.03.14 12:59 B f:\mirror1\d\city2\obj\yaofen.c --> www1.yn.cninfo.net /mudcctx/mudlib/d/city2/obj yaofen.c
99.03.14 12:59 B f:\mirror1\d\city2\obj\yaoshi.c --> www1.yn.cninfo.net /mudcctx/mudlib/d/city2/obj yaoshi.c
99.03.14 12:59 B f:\mirror1\d\city2\obj\ylbian.c --> www1.yn.cninfo.net /mudcctx/mudlib/d/city2/obj ylbian.c
99.03.14 12:59 B f:\mirror1\d\city2\obj\yljian.c --> www1.yn.cninfo.net /mudcctx/mudlib/d/city2/obj yljian.c
99.03.14 12:59 B f:\mirror1\d\city2\obj\yljianpu.c --> www1.yn.cninfo.net /mudcctx/mudlib/d/city2/obj yljianpu.c
99.03.14 12:59 B f:\mirror1\d\city2\obj\yljing.c --> www1.yn.cninfo.net /mudcctx/mudlib/d/city2/obj yljing.c
99.03.14 12:59 B f:\mirror1\d\city2\obj\yljing1.c --> www1.yn.cninfo.net /mudcctx/mudlib/d/city2/obj yljing1.c
99.03.14 12:59 B f:\mirror1\d\city2\obj\yljing2.c --> www1.yn.cninfo.net /mudcctx/mudlib/d/city2/obj yljing2.c
99.03.14 12:59 B f:\mirror1\d\city2\obj\yupei.c --> www1.yn.cninfo.net /mudcctx/mudlib/d/city2/obj yupei.c
