99.03.14 13:04 B f:\mirror1\d\dali\huanggong\npc\obj\axe.c --> www1.yn.cninfo.net /mudcctx/mudlib/d/dali/huanggong/npc/obj axe.c
99.03.14 13:04 B f:\mirror1\d\dali\huanggong\npc\obj\baipao.c --> www1.yn.cninfo.net /mudcctx/mudlib/d/dali/huanggong/npc/obj baipao.c
99.03.14 13:04 B f:\mirror1\d\dali\huanggong\npc\obj\dan.c --> www1.yn.cninfo.net /mudcctx/mudlib/d/dali/huanggong/npc/obj dan.c
99.03.14 13:04 B f:\mirror1\d\dali\huanggong\npc\obj\gangdao.c --> www1.yn.cninfo.net /mudcctx/mudlib/d/dali/huanggong/npc/obj gangdao.c
99.03.14 13:04 B f:\mirror1\d\dali\huanggong\npc\obj\gangjian.c --> www1.yn.cninfo.net /mudcctx/mudlib/d/dali/huanggong/npc/obj gangjian.c
99.03.14 13:04 B f:\mirror1\d\dali\huanggong\npc\obj\huajian.c --> www1.yn.cninfo.net /mudcctx/mudlib/d/dali/huanggong/npc/obj huajian.c
99.03.14 13:04 B f:\mirror1\d\dali\huanggong\npc\obj\huangpao.c --> www1.yn.cninfo.net /mudcctx/mudlib/d/dali/huanggong/npc/obj huangpao.c
99.03.14 13:04 B f:\mirror1\d\dali\huanggong\npc\obj\jiezhi.c --> www1.yn.cninfo.net /mudcctx/mudlib/d/dali/huanggong/npc/obj jiezhi.c
99.03.14 13:04 B f:\mirror1\d\dali\huanggong\npc\obj\jincai.c --> www1.yn.cninfo.net /mudcctx/mudlib/d/dali/huanggong/npc/obj jincai.c
99.03.14 13:04 B f:\mirror1\d\dali\huanggong\npc\obj\jinyi.c --> www1.yn.cninfo.net /mudcctx/mudlib/d/dali/huanggong/npc/obj jinyi.c
99.03.14 13:04 B f:\mirror1\d\dali\huanggong\npc\obj\junfu.c --> www1.yn.cninfo.net /mudcctx/mudlib/d/dali/huanggong/npc/obj junfu.c
99.03.14 13:04 B f:\mirror1\d\dali\huanggong\npc\obj\kettle.c --> www1.yn.cninfo.net /mudcctx/mudlib/d/dali/huanggong/npc/obj kettle.c
99.03.14 13:04 B f:\mirror1\d\dali\huanggong\npc\obj\necklace.c --> www1.yn.cninfo.net /mudcctx/mudlib/d/dali/huanggong/npc/obj necklace.c
99.03.14 13:04 B f:\mirror1\d\dali\huanggong\npc\obj\shouzhuo.c --> www1.yn.cninfo.net /mudcctx/mudlib/d/dali/huanggong/npc/obj shouzhuo.c
99.03.14 13:04 B f:\mirror1\d\dali\huanggong\npc\obj\silk-cloth.c --> www1.yn.cninfo.net /mudcctx/mudlib/d/dali/huanggong/npc/obj silk-cloth.c
99.03.14 13:04 B f:\mirror1\d\dali\huanggong\npc\obj\taijian-cloth.c --> www1.yn.cninfo.net /mudcctx/mudlib/d/dali/huanggong/npc/obj taijian-cloth.c
99.03.14 13:04 B f:\mirror1\d\dali\huanggong\npc\obj\tengjia.c --> www1.yn.cninfo.net /mudcctx/mudlib/d/dali/huanggong/npc/obj tengjia.c
99.03.14 13:04 B f:\mirror1\d\dali\huanggong\npc\obj\tiegun.c --> www1.yn.cninfo.net /mudcctx/mudlib/d/dali/huanggong/npc/obj tiegun.c
99.03.14 13:04 B f:\mirror1\d\dali\huanggong\npc\obj\whip.c --> www1.yn.cninfo.net /mudcctx/mudlib/d/dali/huanggong/npc/obj whip.c
99.03.14 13:04 B f:\mirror1\d\dali\huanggong\npc\obj\wuzhen-kuai.c --> www1.yn.cninfo.net /mudcctx/mudlib/d/dali/huanggong/npc/obj wuzhen-kuai.c
99.03.14 13:04 B f:\mirror1\d\dali\huanggong\npc\obj\youlong.c --> www1.yn.cninfo.net /mudcctx/mudlib/d/dali/huanggong/npc/obj youlong.c
