2003.06.15 10:36 B F:\user\p\pain.o <-- www.vmud.com /lonely/mudlib/data/user/p pain.o
2003.06.15 10:36 B F:\user\p\pan.o <-- www.vmud.com /lonely/mudlib/data/user/p pan.o
2003.06.15 10:36 B F:\user\p\panrui.o <-- www.vmud.com /lonely/mudlib/data/user/p panrui.o
2003.06.15 10:36 B F:\user\p\pao.o <-- www.vmud.com /lonely/mudlib/data/user/p pao.o
2003.06.15 10:36 B F:\user\p\pascal.o <-- www.vmud.com /lonely/mudlib/data/user/p pascal.o
2003.06.15 10:36 B F:\user\p\passion.o <-- www.vmud.com /lonely/mudlib/data/user/p passion.o
2003.06.15 10:36 B F:\user\p\pawn.o <-- www.vmud.com /lonely/mudlib/data/user/p pawn.o
2003.06.15 10:36 B F:\user\p\pcb.o <-- www.vmud.com /lonely/mudlib/data/user/p pcb.o
2003.06.15 10:36 B F:\user\p\pds.o <-- www.vmud.com /lonely/mudlib/data/user/p pds.o
2003.06.15 10:36 B F:\user\p\pei.o <-- www.vmud.com /lonely/mudlib/data/user/p pei.o
2003.06.15 10:36 B F:\user\p\peipei.o <-- www.vmud.com /lonely/mudlib/data/user/p peipei.o
2003.06.15 10:36 B F:\user\p\pepper.o <-- www.vmud.com /lonely/mudlib/data/user/p pepper.o
2003.06.15 10:36 B F:\user\p\perwoman.o <-- www.vmud.com /lonely/mudlib/data/user/p perwoman.o
2003.06.15 10:36 B F:\user\p\pet.o <-- www.vmud.com /lonely/mudlib/data/user/p pet.o
2003.06.15 10:36 B F:\user\p\phantom.o <-- www.vmud.com /lonely/mudlib/data/user/p phantom.o
2003.06.15 10:36 B F:\user\p\phoebe.o <-- www.vmud.com /lonely/mudlib/data/user/p phoebe.o
2003.06.15 10:36 B F:\user\p\pig.o <-- www.vmud.com /lonely/mudlib/data/user/p pig.o
2003.06.15 10:36 B F:\user\p\pigking.o <-- www.vmud.com /lonely/mudlib/data/user/p pigking.o
2003.06.15 10:36 B F:\user\p\ping.o <-- www.vmud.com /lonely/mudlib/data/user/p ping.o
2003.06.15 10:36 B F:\user\p\pinger.o <-- www.vmud.com /lonely/mudlib/data/user/p pinger.o
2003.06.15 10:36 B F:\user\p\pingll.o <-- www.vmud.com /lonely/mudlib/data/user/p pingll.o
2003.06.15 10:36 B F:\user\p\pinglll.o <-- www.vmud.com /lonely/mudlib/data/user/p pinglll.o
2003.06.15 10:36 B F:\user\p\pingllll.o <-- www.vmud.com /lonely/mudlib/data/user/p pingllll.o
2003.06.15 10:36 B F:\user\p\pinglllll.o <-- www.vmud.com /lonely/mudlib/data/user/p pinglllll.o
2003.06.15 10:36 B F:\user\p\pingllllll.o <-- www.vmud.com /lonely/mudlib/data/user/p pingllllll.o
2003.06.15 10:36 B F:\user\p\pinhan.o <-- www.vmud.com /lonely/mudlib/data/user/p pinhan.o
2003.06.15 10:36 B F:\user\p\pink.o <-- www.vmud.com /lonely/mudlib/data/user/p pink.o
2003.06.15 10:36 B F:\user\p\pip.o <-- www.vmud.com /lonely/mudlib/data/user/p pip.o
2003.06.15 10:36 B F:\user\p\pipip.o <-- www.vmud.com /lonely/mudlib/data/user/p pipip.o
2003.06.15 10:36 B F:\user\p\pirate.o <-- www.vmud.com /lonely/mudlib/data/user/p pirate.o
2003.06.15 10:36 B F:\user\p\pixie.o <-- www.vmud.com /lonely/mudlib/data/user/p pixie.o
2003.06.15 10:36 B F:\user\p\pkall.o <-- www.vmud.com /lonely/mudlib/data/user/p pkall.o
2003.06.15 10:36 B F:\user\p\pker.o <-- www.vmud.com /lonely/mudlib/data/user/p pker.o
2003.06.15 10:36 B F:\user\p\pkpk.o <-- www.vmud.com /lonely/mudlib/data/user/p pkpk.o
2003.06.15 10:36 B F:\user\p\pkyou.o <-- www.vmud.com /lonely/mudlib/data/user/p pkyou.o
2003.06.15 10:36 B F:\user\p\plmm.o <-- www.vmud.com /lonely/mudlib/data/user/p plmm.o
2003.06.15 10:37 B F:\user\p\poison.o <-- www.vmud.com /lonely/mudlib/data/user/p poison.o
2003.06.15 10:37 B F:\user\p\pol.o <-- www.vmud.com /lonely/mudlib/data/user/p pol.o
2003.06.15 10:37 B F:\user\p\poor.o <-- www.vmud.com /lonely/mudlib/data/user/p poor.o
2003.06.15 10:37 B F:\user\p\popo.o <-- www.vmud.com /lonely/mudlib/data/user/p popo.o
2003.06.15 10:37 B F:\user\p\pott.o <-- www.vmud.com /lonely/mudlib/data/user/p pott.o
2003.06.15 10:37 B F:\user\p\power.o <-- www.vmud.com /lonely/mudlib/data/user/p power.o
2003.06.15 10:37 B F:\user\p\powerup.o <-- www.vmud.com /lonely/mudlib/data/user/p powerup.o
2003.06.15 10:37 B F:\user\p\ppclark.o <-- www.vmud.com /lonely/mudlib/data/user/p ppclark.o
2003.06.15 10:37 B F:\user\p\ppk.o <-- www.vmud.com /lonely/mudlib/data/user/p ppk.o
2003.06.15 10:37 B F:\user\p\pplfe.o <-- www.vmud.com /lonely/mudlib/data/user/p pplfe.o
2003.06.15 10:37 B F:\user\p\ppp.o <-- www.vmud.com /lonely/mudlib/data/user/p ppp.o
2003.06.15 10:37 B F:\user\p\pppppp.o <-- www.vmud.com /lonely/mudlib/data/user/p pppppp.o
2003.06.15 10:37 B F:\user\p\probe.o <-- www.vmud.com /lonely/mudlib/data/user/p probe.o
2003.06.15 10:37 B F:\user\p\push.o <-- www.vmud.com /lonely/mudlib/data/user/p push.o
2003.06.15 10:37 B F:\user\p\pwj.o <-- www.vmud.com /lonely/mudlib/data/user/p pwj.o
