2003.06.15 10:13 B F:\login\e\east.o <-- www.vmud.com /lonely/mudlib/data/login/e east.o
2003.06.15 10:13 B F:\login\e\eastover.o <-- www.vmud.com /lonely/mudlib/data/login/e eastover.o
2003.06.15 10:13 B F:\login\e\eclipse.o <-- www.vmud.com /lonely/mudlib/data/login/e eclipse.o
2003.06.15 10:13 B F:\login\e\eda.o <-- www.vmud.com /lonely/mudlib/data/login/e eda.o
2003.06.15 10:13 B F:\login\e\edwina.o <-- www.vmud.com /lonely/mudlib/data/login/e edwina.o
2003.06.15 10:13 B F:\login\e\eee.o <-- www.vmud.com /lonely/mudlib/data/login/e eee.o
2003.06.15 10:13 B F:\login\e\ehy.o <-- www.vmud.com /lonely/mudlib/data/login/e ehy.o
2003.06.15 10:13 B F:\login\e\eino.o <-- www.vmud.com /lonely/mudlib/data/login/e eino.o
2003.06.15 10:13 B F:\login\e\elf.o <-- www.vmud.com /lonely/mudlib/data/login/e elf.o
2003.06.15 10:13 B F:\login\e\elva.o <-- www.vmud.com /lonely/mudlib/data/login/e elva.o
2003.06.15 10:13 B F:\login\e\emei.o <-- www.vmud.com /lonely/mudlib/data/login/e emei.o
2003.06.15 10:14 B F:\login\e\eminem.o <-- www.vmud.com /lonely/mudlib/data/login/e eminem.o
2003.06.15 10:14 B F:\login\e\emotion.o <-- www.vmud.com /lonely/mudlib/data/login/e emotion.o
2003.06.15 10:14 B F:\login\e\ems.o <-- www.vmud.com /lonely/mudlib/data/login/e ems.o
2003.06.15 10:14 B F:\login\e\emsems.o <-- www.vmud.com /lonely/mudlib/data/login/e emsems.o
2003.06.15 10:14 B F:\login\e\emsflymice.o <-- www.vmud.com /lonely/mudlib/data/login/e emsflymice.o
2003.06.15 10:14 B F:\login\e\emshimmmm.o <-- www.vmud.com /lonely/mudlib/data/login/e emshimmmm.o
2003.06.15 10:14 B F:\login\e\emsjoytony.o <-- www.vmud.com /lonely/mudlib/data/login/e emsjoytony.o
2003.06.15 10:14 B F:\login\e\emsloveatp.o <-- www.vmud.com /lonely/mudlib/data/login/e emsloveatp.o
2003.06.15 10:14 B F:\login\e\emsqian.o <-- www.vmud.com /lonely/mudlib/data/login/e emsqian.o
2003.06.15 10:14 B F:\login\e\end.o <-- www.vmud.com /lonely/mudlib/data/login/e end.o
2003.06.15 10:14 B F:\login\e\evil.o <-- www.vmud.com /lonely/mudlib/data/login/e evil.o
2003.06.15 10:14 B F:\login\e\evilsing.o <-- www.vmud.com /lonely/mudlib/data/login/e evilsing.o
2003.06.15 10:14 B F:\login\e\ewq.o <-- www.vmud.com /lonely/mudlib/data/login/e ewq.o
