1388145001 229 0
1388145001 229 0 229 0
1388144701 229 0 229 0
1388144700 229 0 229 0
1388144400 229 0 229 0
1388144100 229 0 229 0
1388143800 229 0 229 0
1388143500 229 0 229 0
1388143200 229 0 229 0
1388142900 229 0 229 0
1388142600 229 0 229 0
1388142300 229 0 229 0
1388142000 229 0 229 0
1388141700 229 0 229 0
1388141400 229 0 229 0
1388141100 229 0 229 0
1388140800 229 0 229 0
1388140500 229 0 229 0
1388140200 229 0 229 0
1388139900 229 0 229 0
1388139600 229 0 229 0
1388139300 229 0 229 0
1388139000 229 0 229 0
1388138700 229 0 229 0
1388138400 229 0 229 0
1388138100 229 0 229 0
1388137800 229 0 229 0
1388137500 229 0 229 0
1388137200 229 0 229 0
1388136900 229 0 229 0
1388136600 229 0 229 0
1388136300 229 0 229 0
1388136000 229 0 229 0
1388135700 229 0 229 0
1388135400 229 0 229 0
1388135100 229 0 229 0
1388134800 229 0 229 0
1388134500 229 0 229 0
1388134200 229 0 229 0
1388133900 229 0 229 0
1388133600 229 0 229 0
1388133300 229 0 229 0
1388133000 229 0 229 0
1388132700 229 0 229 0
1388132400 229 0 229 0
1388132100 229 0 229 0
1388131800 229 0 229 0
1388131500 229 0 229 0
1388131200 229 0 229 0
1388130900 229 0 229 0
1388130600 229 0 229 0
1388130300 229 0 229 0
1388130000 229 0 229 0
1388129700 229 0 229 0
1388129400 229 0 229 0
1388129100 229 0 229 0
1388128800 229 0 229 0
1388128500 229 0 229 0
1388128200 229 0 229 0
1388127900 229 0 229 0
1388127600 229 0 229 0
1388127300 229 0 229 0
1388127000 229 0 229 0
1388126700 229 0 229 0
1388126400 229 0 229 0
1388126100 229 0 229 0
1388125800 229 0 229 0
1388125500 229 0 229 0
1388125200 229 0 229 0
1388124900 229 0 229 0
1388124600 229 0 229 0
1388124300 229 0 229 0
1388124000 229 0 229 0
1388123700 229 0 229 0
1388123400 229 0 229 0
1388123100 229 0 229 0
1388122800 229 0 229 0
1388122500 229 0 229 0
1388122200 229 0 229 0
1388121900 229 0 229 0
1388121600 229 0 229 0
1388121300 229 0 229 0
1388121000 229 0 229 0
1388120700 229 0 229 0
1388120400 229 0 229 0
1388120100 229 0 229 0
1388119800 229 0 229 0
1388119500 229 0 229 0
1388119200 229 0 229 0
1388118900 229 0 229 0
1388118600 229 0 229 0
1388118300 229 0 229 0
1388118000 229 0 229 0
1388117700 229 0 229 0
1388117400 229 0 229 0
1388117100 229 0 229 0
1388116800 229 0 229 0
1388116500 229 0 229 0
1388116200 229 0 229 0
1388115900 229 0 229 0
1388115600 229 0 229 0
1388115300 229 0 229 0
1388115000 229 0 229 0
1388114700 229 0 229 0
1388114400 229 0 229 0
1388114100 229 0 229 0
1388113800 229 0 229 0
1388113500 229 0 229 0
1388113200 229 0 229 0
1388112900 229 0 229 0
1388112600 229 0 229 0
1388112300 229 0 229 0
1388112000 229 0 229 0
1388111700 229 0 229 0
1388111400 229 0 229 0
1388111100 229 0 229 0
1388110800 229 0 229 0
1388110500 229 0 229 0
1388110200 229 0 229 0
1388109900 229 0 229 0
1388109600 229 0 229 0
1388109300 229 0 229 0
1388109000 229 0 229 0
1388108700 229 0 229 0
1388108400 229 0 229 0
1388108100 229 0 229 0
1388107800 229 0 229 0
1388107500 229 0 229 0
1388107200 229 0 229 0
1388106900 229 0 229 0
1388106600 229 0 229 0
1388106300 229 0 229 0
1388106000 229 0 229 0
1388105700 229 0 229 0
1388105400 229 0 229 0
1388105100 229 0 229 0
1388104800 229 0 229 0
1388104500 229 0 229 0
1388104200 229 0 229 0
1388103900 229 0 229 0
1388103600 229 0 229 0
1388103300 229 0 229 0
1388103000 229 0 229 0
1388102700 229 0 229 0
1388102400 229 0 229 0
1388102100 229 0 229 0
1388101800 229 0 229 0
1388101500 229 0 229 0
1388101200 229 0 229 0
1388100900 229 0 229 0
1388100600 229 0 229 0
1388100300 229 0 229 0
1388100000 229 0 229 0
1388099700 229 0 229 0
1388099400 229 0 229 0
1388099100 229 0 229 0
1388098800 229 0 229 0
1388098500 229 0 229 0
1388098200 229 0 229 0
1388097900 229 0 229 0
1388097600 229 0 229 0
1388097300 229 0 229 0
1388097000 229 0 229 0
1388096700 229 0 229 0
1388096400 229 0 229 0
1388096100 229 0 229 0
1388095800 229 0 229 0
1388095500 229 0 229 0
1388095200 229 0 229 0
1388094900 229 0 229 0
1388094600 229 0 229 0
1388094300 229 0 229 0
1388094000 229 0 229 0
1388093700 229 0 229 0
1388093400 229 0 229 0
1388093100 229 0 229 0
1388092800 229 0 229 0
1388092500 229 0 229 0
1388092200 229 0 229 0
1388091900 229 0 229 0
1388091600 229 0 229 0
1388091300 229 0 229 0
1388091000 229 0 229 0
1388090700 229 0 229 0
1388090400 229 0 229 0
1388090100 229 0 229 0
1388089800 229 0 229 0
1388089500 229 0 229 0
1388089200 229 0 229 0
1388088900 229 0 229 0
1388088600 229 0 229 0
1388088300 229 0 229 0
1388088000 229 0 229 0
1388087700 229 0 229 0
1388087400 229 0 229 0
1388087100 229 0 229 0
1388086800 229 0 229 0
1388086500 229 0 229 0
1388086200 229 0 229 0
1388085900 229 0 229 0
1388085600 229 0 229 0
1388085300 229 0 229 0
1388085000 229 0 229 0
1388084700 229 0 229 0
1388084400 229 0 229 0
1388084100 229 0 229 0
1388083800 229 0 229 0
1388083500 229 0 229 0
1388083200 229 0 229 0
1388082900 229 0 229 0
1388082600 229 0 229 0
1388082300 229 0 229 0
1388082000 229 0 229 0
1388081700 229 0 229 0
1388081400 229 0 229 0
1388081100 229 0 229 0
1388080800 229 0 229 0
1388080500 229 0 229 0
1388080200 229 0 229 0
1388079900 229 0 229 0
1388079600 229 0 229 0
1388079300 229 0 229 0
1388079000 229 0 229 0
1388078700 229 0 229 0
1388078400 229 0 229 0
1388078100 229 0 229 0
1388077800 229 0 229 0
1388077500 229 0 229 0
1388077200 229 0 229 0
1388076900 229 0 229 0
1388076600 229 0 229 0
1388076300 229 0 229 0
1388076000 229 0 229 0
1388075700 229 0 229 0
1388075400 229 0 229 0
1388075100 229 0 229 0
1388074800 229 0 229 0
1388074500 229 0 229 0
1388074200 229 0 229 0
1388073900 229 0 229 0
1388073600 229 0 229 0
1388073300 229 0 229 0
1388073000 229 0 229 0
1388072700 229 0 229 0
1388072400 229 0 229 0
1388072100 229 0 229 0
1388071800 229 0 229 0
1388071500 229 0 229 0
1388071200 229 0 229 0
1388070900 229 0 229 0
1388070600 229 0 229 0
1388070300 229 0 229 0
1388070000 229 0 229 0
1388069700 229 0 229 0
1388069400 229 0 229 0
1388069100 229 0 229 0
1388068800 229 0 229 0
1388068500 229 0 229 0
1388068200 229 0 229 0
1388067900 229 0 229 0
1388067600 229 0 229 0
1388067300 229 0 229 0
1388067000 229 0 229 0
1388066700 229 0 229 0
1388066400 229 0 229 0
1388066100 229 0 229 0
1388065800 229 0 229 0
1388065500 229 0 229 0
1388065200 229 0 229 0
1388064900 229 0 229 0
1388064600 229 0 229 0
1388064300 229 0 229 0
1388064000 229 0 229 0
1388063700 229 0 229 0
1388063400 229 0 229 0
1388063100 229 0 229 0
1388062800 229 0 229 0
1388062500 229 0 229 0
1388062200 229 0 229 0
1388061900 229 0 229 0
1388061600 229 0 229 0
1388061300 229 0 229 0
1388061000 229 0 229 0
1388060700 229 0 229 0
1388060400 229 0 229 0
1388060100 229 0 229 0
1388059800 229 0 229 0
1388059500 229 0 229 0
1388059200 229 0 229 0
1388058900 229 0 229 0
1388058600 229 0 229 0
1388058300 229 0 229 0
1388058000 229 0 229 0
1388057700 229 0 229 0
1388057400 229 0 229 0
1388057100 229 0 229 0
1388056800 229 0 229 0
1388056500 229 0 229 0
1388056200 229 0 229 0
1388055900 229 0 229 0
1388055600 229 0 229 0
1388055300 229 0 229 0
1388055000 229 0 229 0
1388054700 229 0 229 0
1388054400 229 0 229 0
1388054100 229 0 229 0
1388053800 229 0 229 0
1388053500 229 0 229 0
1388053200 229 0 229 0
1388052900 229 0 229 0
1388052600 229 0 229 0
1388052300 229 0 229 0
1388052000 229 0 229 0
1388051700 229 0 229 0
1388051400 229 0 229 0
1388051100 229 0 229 0
1388050800 229 0 229 0
1388050500 229 0 229 0
1388050200 229 0 229 0
1388049900 229 0 229 0
1388049600 229 0 229 0
1388049300 229 0 229 0
1388049000 229 0 229 0
1388048700 229 0 229 0
1388048400 229 0 229 0
1388048100 229 0 229 0
1388047800 229 0 229 0
1388047500 229 0 229 0
1388047200 229 0 229 0
1388046900 229 0 229 0
1388046600 229 0 229 0
1388046300 229 0 229 0
1388046000 229 0 229 0
1388045700 229 0 229 0
1388045400 229 0 229 0
1388045100 229 0 229 0
1388044800 229 0 229 0
1388044500 229 0 229 0
1388044200 229 0 229 0
1388043900 229 0 229 0
1388043600 229 0 229 0
1388043300 229 0 229 0
1388043000 229 0 229 0
1388042700 229 0 229 0
1388042400 229 0 229 0
1388042100 229 0 229 0
1388041800 229 0 229 0
1388041500 229 0 229 0
1388041200 229 0 229 0
1388040900 229 0 229 0
1388040600 229 0 229 0
1388040300 229 0 229 0
1388040000 229 0 229 0
1388039700 229 0 229 0
1388039400 229 0 229 0
1388039100 229 0 229 0
1388038800 229 0 229 0
1388038500 229 0 229 0
1388038200 229 0 229 0
1388037900 229 0 229 0
1388037600 229 0 229 0
1388037300 229 0 229 0
1388037000 229 0 229 0
1388036700 229 0 229 0
1388036400 229 0 229 0
1388036100 229 0 229 0
1388035800 229 0 229 0
1388035500 229 0 229 0
1388035200 229 0 229 0
1388034900 229 0 229 0
1388034600 229 0 229 0
1388034300 229 0 229 0
1388034000 229 0 229 0
1388033700 229 0 229 0
1388033400 229 0 229 0
1388033100 229 0 229 0
1388032800 229 0 229 0
1388032500 229 0 229 0
1388032200 229 0 229 0
1388031900 229 0 229 0
1388031600 229 0 229 0
1388031300 229 0 229 0
1388031000 229 0 229 0
1388030700 229 0 229 0
1388030400 229 0 229 0
1388030100 229 0 229 0
1388029800 229 0 229 0
1388029500 229 0 229 0
1388029200 229 0 229 0
1388028900 229 0 229 0
1388028600 229 0 229 0
1388028300 229 0 229 0
1388028000 229 0 229 0
1388027700 229 0 229 0
1388027400 229 0 229 0
1388027100 229 0 229 0
1388026800 229 0 229 0
1388026500 229 0 229 0
1388026200 229 0 229 0
1388025900 229 0 229 0
1388025600 229 0 229 0
1388025300 229 0 229 0
1388025000 229 0 229 0
1388024700 229 0 229 0
1388024400 229 0 229 0
1388024100 229 0 229 0
1388023800 229 0 229 0
1388023500 229 0 229 0
1388023200 229 0 229 0
1388022900 229 0 229 0
1388022600 229 0 229 0
1388022300 229 0 229 0
1388022000 229 0 229 0
1388021700 229 0 229 0
1388021400 229 0 229 0
1388021100 229 0 229 0
1388020800 229 0 229 0
1388020500 229 0 229 0
1388020200 229 0 229 0
1388019900 229 0 229 0
1388019600 229 0 229 0
1388019300 229 0 229 0
1388019000 229 0 229 0
1388018700 229 0 229 0
1388018400 229 0 229 0
1388018100 229 0 229 0
1388017800 229 0 229 0
1388017500 229 0 229 0
1388017200 229 0 229 0
1388016900 229 0 229 0
1388016600 229 0 229 0
1388016300 229 0 229 0
1388016000 229 0 229 0
1388015700 229 0 229 0
1388015400 229 0 229 0
1388015100 229 0 229 0
1388014800 229 0 229 0
1388014500 229 0 229 0
1388014200 229 0 229 0
1388013900 229 0 229 0
1388013600 229 0 229 0
1388013300 229 0 229 0
1388013000 229 0 229 0
1388012700 229 0 229 0
1388012400 229 0 229 0
1388012100 229 0 229 0
1388011800 229 0 229 0
1388011500 229 0 229 0
1388011200 229 0 229 0
1388010900 229 0 229 0
1388010600 229 0 229 0
1388010300 229 0 229 0
1388010000 229 0 229 0
1388009700 229 0 229 0
1388009400 229 0 229 0
1388009100 229 0 229 0
1388008800 229 0 229 0
1388008500 229 0 229 0
1388008200 229 0 229 0
1388007900 229 0 229 0
1388007600 229 0 229 0
1388007300 229 0 229 0
1388007000 229 0 229 0
1388006700 229 0 229 0
1388006400 229 0 229 0
1388006100 229 0 229 0
1388005800 229 0 229 0
1388005500 229 0 229 0
1388005200 229 0 229 0
1388004900 229 0 229 0
1388004600 229 0 229 0
1388004300 229 0 229 0
1388004000 229 0 229 0
1388003700 229 0 229 0
1388003400 229 0 229 0
1388003100 229 0 229 0
1388002800 229 0 229 0
1388002500 229 0 229 0
1388002200 229 0 229 0
1388001900 229 0 229 0
1388001600 229 0 229 0
1388001300 229 0 229 0
1388001000 229 0 229 0
1388000700 229 0 229 0
1388000400 229 0 229 0
1388000100 229 0 229 0
1387999800 229 0 229 0
1387999500 229 0 229 0
1387999200 229 0 229 0
1387998900 229 0 229 0
1387998600 229 0 229 0
1387998300 229 0 229 0
1387998000 229 0 229 0
1387997700 229 0 229 0
1387997400 229 0 229 0
1387997100 229 0 229 0
1387996800 229 0 229 0
1387996500 229 0 229 0
1387996200 229 0 229 0
1387995900 229 0 229 0
1387995600 229 0 229 0
1387995300 229 0 229 0
1387995000 229 0 229 0
1387994700 229 0 229 0
1387994400 229 0 229 0
1387994100 229 0 229 0
1387993800 229 0 229 0
1387993500 229 0 229 0
1387993200 229 0 229 0
1387992900 229 0 229 0
1387992600 229 0 229 0
1387992300 229 0 229 0
1387992000 229 0 229 0
1387991700 229 0 229 0
1387991400 229 0 229 0
1387991100 229 0 229 0
1387990800 229 0 229 0
1387990500 229 0 229 0
1387990200 229 0 229 0
1387989900 229 0 229 0
1387989600 229 0 229 0
1387989300 229 0 229 0
1387989000 229 0 229 0
1387988700 229 0 229 0
1387988400 229 0 229 0
1387988100 229 0 229 0
1387987800 229 0 229 0
1387987500 229 0 229 0
1387987200 229 0 229 0
1387986900 229 0 229 0
1387986600 229 0 229 0
1387986300 229 0 229 0
1387986000 229 0 229 0
1387985700 229 0 229 0
1387985400 229 0 229 0
1387985100 229 0 229 0
1387984800 229 0 229 0
1387984500 229 0 229 0
1387984200 229 0 229 0
1387983900 229 0 229 0
1387983600 229 0 229 0
1387983300 229 0 229 0
1387983000 229 0 229 0
1387982700 229 0 229 0
1387982400 229 0 229 0
1387982100 229 0 229 0
1387981800 229 0 229 0
1387981500 229 0 229 0
1387981200 229 0 229 0
1387980900 229 0 229 0
1387980600 229 0 229 0
1387980300 229 0 229 0
1387980000 229 0 229 0
1387979700 229 0 229 0
1387979400 229 0 229 0
1387979100 229 0 229 0
1387978800 229 0 229 0
1387978500 229 0 229 0
1387978200 229 0 229 0
1387977900 229 0 229 0
1387977600 229 0 229 0
1387977300 229 0 229 0
1387977000 229 0 229 0
1387976700 229 0 229 0
1387976400 229 0 229 0
1387976100 229 0 229 0
1387975800 229 0 229 0
1387975500 229 0 229 0
1387975200 229 0 229 0
1387974900 229 0 229 0
1387974600 229 0 229 0
1387974300 229 0 229 0
1387974000 229 0 229 0
1387973700 229 0 229 0
1387973400 229 0 229 0
1387973100 229 0 229 0
1387972800 229 0 229 0
1387972500 229 0 229 0
1387972200 229 0 229 0
1387971900 229 0 229 0
1387971600 229 0 229 0
1387971300 229 0 229 0
1387971000 229 0 229 0
1387970700 229 0 229 0
1387970400 229 0 229 0
1387970100 229 0 229 0
1387969800 229 0 229 0
1387969500 229 0 229 0
1387969200 229 0 229 0
1387968900 229 0 229 0
1387968600 229 0 229 0
1387968300 229 0 229 0
1387968000 229 0 229 0
1387967700 229 0 229 0
1387967400 229 0 229 0
1387967100 229 0 229 0
1387966800 229 0 229 0
1387966500 229 0 229 0
1387966200 229 0 229 0
1387965900 229 0 229 0
1387965600 229 0 229 0
1387965300 229 0 229 0
1387965000 229 0 229 0
1387963800 229 0 229 0
1387962000 229 0 229 0
1387960200 229 0 229 0
1387958400 229 0 229 0
1387956600 229 0 229 0
1387954800 229 0 229 0
1387953000 229 0 229 0
1387951200 229 0 229 0
1387949400 229 0 229 0
1387947600 229 0 229 0
1387945800 229 0 229 0
1387944000 229 0 229 0
1387942200 229 0 229 0
1387940400 229 0 229 0
1387938600 229 0 229 0
1387936800 229 0 229 0
1387935000 229 0 229 0
1387933200 229 0 229 0
1387931400 229 0 229 0
1387929600 229 0 229 0
1387927800 229 0 229 0
1387926000 229 0 229 0
1387924200 229 0 229 0
1387922400 229 0 229 0
1387920600 229 0 229 0
1387918800 229 0 229 0
1387917000 229 0 229 0
1387915200 229 0 229 0
1387913400 229 0 229 0
1387911600 229 0 229 0
1387909800 229 0 229 0
1387908000 229 0 229 0
1387906200 229 0 229 0
1387904400 229 0 229 0
1387902600 229 0 229 0
1387900800 229 0 229 0
1387899000 229 0 229 0
1387897200 229 0 229 0
1387895400 229 0 229 0
1387893600 229 0 229 0
1387891800 229 0 229 0
1387890000 229 0 229 0
1387888200 229 0 229 0
1387886400 229 0 229 0
1387884600 229 0 229 0
1387882800 229 0 229 0
1387881000 229 0 229 0
1387879200 229 0 229 0
1387877400 229 0 229 0
1387875600 229 0 229 0
1387873800 229 0 229 0
1387872000 229 0 229 0
1387870200 229 0 229 0
1387868400 229 0 229 0
1387866600 229 0 229 0
1387864800 229 0 229 0
1387863000 229 0 229 0
1387861200 229 0 229 0
1387859400 229 0 229 0
1387857600 229 0 229 0
1387855800 229 0 229 0
1387854000 229 0 229 0
1387852200 229 0 229 0
1387850400 229 0 229 0
1387848600 229 0 229 0
1387846800 229 0 229 0
1387845000 229 0 229 0
1387843200 229 0 229 0
1387841400 229 0 229 0
1387839600 229 0 229 0
1387837800 229 0 229 0
1387836000 229 0 229 0
1387834200 229 0 229 0
1387832400 229 0 229 0
1387830600 229 0 229 0
1387828800 229 0 229 0
1387827000 229 0 229 0
1387825200 229 0 229 0
1387823400 229 0 229 0
1387821600 229 0 229 0
1387819800 229 0 229 0
1387818000 229 0 229 0
1387816200 229 0 229 0
1387814400 229 0 229 0
1387812600 229 0 229 0
1387810800 229 0 229 0
1387809000 229 0 229 0
1387807200 229 0 229 0
1387805400 229 0 229 0
1387803600 229 0 229 0
1387801800 229 0 229 0
1387800000 229 0 229 0
1387798200 229 0 229 0
1387796400 229 0 229 0
1387794600 229 0 229 0
1387792800 229 0 229 0
1387791000 229 0 229 0
1387789200 229 0 229 0
1387787400 229 0 229 0
1387785600 229 0 229 0
1387783800 229 0 229 0
1387782000 229 0 229 0
1387780200 229 0 229 0
1387778400 229 0 229 0
1387776600 229 0 229 0
1387774800 229 0 229 0
1387773000 229 0 229 0
1387771200 229 0 229 0
1387769400 229 0 229 0
1387767600 229 0 229 0
1387765800 229 0 229 0
1387764000 229 0 229 0
1387762200 229 0 229 0
1387760400 229 0 229 0
1387758600 229 0 229 0
1387756800 229 0 229 0
1387755000 229 0 229 0
1387753200 229 0 229 0
1387751400 229 0 229 0
1387749600 229 0 229 0
1387747800 229 0 229 0
1387746000 229 0 229 0
1387744200 229 0 229 0
1387742400 229 0 229 0
1387740600 229 0 229 0
1387738800 229 0 229 0
1387737000 229 0 229 0
1387735200 229 0 229 0
1387733400 229 0 229 0
1387731600 229 0 229 0
1387729800 229 0 229 0
1387728000 229 0 229 0
1387726200 229 0 229 0
1387724400 229 0 229 0
1387722600 229 0 229 0
1387720800 229 0 229 0
1387719000 229 0 229 0
1387717200 229 0 229 0
1387715400 229 0 229 0
1387713600 229 0 229 0
1387711800 229 0 229 0
1387710000 229 0 229 0
1387708200 229 0 229 0
1387706400 229 0 229 0
1387704600 229 0 229 0
1387702800 229 0 229 0
1387701000 229 0 229 0
1387699200 229 0 229 0
1387697400 229 0 229 0
1387695600 229 0 229 0
1387693800 229 0 229 0
1387692000 229 0 229 0
1387690200 229 0 229 0
1387688400 229 0 229 0
1387686600 229 0 229 0
1387684800 229 0 229 0
1387683000 229 0 229 0
1387681200 229 0 229 0
1387679400 229 0 229 0
1387677600 229 0 229 0
1387675800 229 0 229 0
1387674000 229 0 229 0
1387672200 229 0 229 0
1387670400 229 0 229 0
1387668600 229 0 229 0
1387666800 229 0 229 0
1387665000 229 0 229 0
1387663200 229 0 229 0
1387661400 229 0 229 0
1387659600 229 0 229 0
1387657800 229 0 229 0
1387656000 229 0 229 0
1387654200 229 0 229 0
1387652400 229 0 229 0
1387650600 229 0 229 0
1387648800 229 0 229 0
1387647000 229 0 229 0
1387645200 229 0 229 0
1387643400 229 0 229 0
1387641600 229 0 229 0
1387639800 229 0 229 0
1387638000 229 0 229 0
1387636200 229 0 229 0
1387634400 229 0 229 0
1387632600 229 0 229 0
1387630800 229 0 229 0
1387629000 229 0 229 0
1387627200 229 0 229 0
1387625400 229 0 229 0
1387623600 229 0 229 0
1387621800 229 0 229 0
1387620000 229 0 229 0
1387618200 229 0 229 0
1387616400 229 0 229 0
1387614600 229 0 229 0
1387612800 229 0 229 0
1387611000 229 0 229 0
1387609200 229 0 229 0
1387607400 229 0 229 0
1387605600 229 0 229 0
1387603800 229 0 229 0
1387602000 229 0 229 0
1387600200 229 0 229 0
1387598400 229 0 229 0
1387596600 229 0 229 0
1387594800 229 0 229 0
1387593000 229 0 229 0
1387591200 229 0 229 0
1387589400 229 0 229 0
1387587600 229 0 229 0
1387585800 229 0 229 0
1387584000 229 0 229 0
1387582200 229 0 229 0
1387580400 229 0 229 0
1387578600 229 0 229 0
1387576800 229 0 229 0
1387575000 229 0 229 0
1387573200 229 0 229 0
1387571400 229 0 229 0
1387569600 229 0 229 0
1387567800 229 0 229 0
1387566000 229 0 229 0
1387564200 229 0 229 0
1387562400 229 0 229 0
1387560600 229 0 229 0
1387558800 229 0 229 0
1387557000 229 0 229 0
1387555200 229 0 229 0
1387553400 229 0 229 0
1387551600 229 0 229 0
1387549800 229 0 229 0
1387548000 229 0 229 0
1387546200 229 0 229 0
1387544400 229 0 229 0
1387542600 229 0 229 0
1387540800 229 0 229 0
1387539000 229 0 229 0
1387537200 229 0 229 0
1387535400 229 0 229 0
1387533600 229 0 229 0
1387531800 229 0 229 0
1387530000 229 0 229 0
1387528200 229 0 229 0
1387526400 229 0 229 0
1387524600 229 0 229 0
1387522800 229 0 229 0
1387521000 229 0 229 0
1387519200 229 0 229 0
1387517400 229 0 229 0
1387515600 229 0 229 0
1387513800 229 0 229 0
1387512000 229 0 229 0
1387510200 229 0 229 0
1387508400 229 0 229 0
1387506600 229 0 229 0
1387504800 229 0 229 0
1387503000 229 0 229 0
1387501200 229 0 229 0
1387499400 229 0 229 0
1387497600 229 0 229 0
1387495800 229 0 229 0
1387494000 229 0 229 0
1387492200 229 0 229 0
1387490400 229 0 229 0
1387488600 229 0 229 0
1387486800 229 0 229 0
1387485000 229 0 229 0
1387483200 229 0 229 0
1387481400 229 0 229 0
1387479600 229 0 229 0
1387477800 229 0 229 0
1387476000 229 0 229 0
1387474200 229 0 229 0
1387472400 229 0 229 0
1387470600 229 0 229 0
1387468800 229 0 229 0
1387467000 229 0 229 0
1387465200 229 0 229 0
1387463400 229 0 229 0
1387461600 229 0 229 0
1387459800 229 0 229 0
1387458000 229 0 229 0
1387456200 229 0 229 0
1387454400 229 0 229 0
1387452600 229 0 229 0
1387450800 229 0 229 0
1387449000 229 0 229 0
1387447200 229 0 229 0
1387445400 229 0 229 0
1387443600 229 0 229 0
1387441800 229 0 229 0
1387440000 229 0 229 0
1387438200 229 0 229 0
1387436400 229 0 229 0
1387434600 229 0 229 0
1387432800 229 0 229 0
1387431000 229 0 229 0
1387429200 229 0 229 0
1387427400 229 0 229 0
1387425600 229 0 229 0
1387423800 229 0 229 0
1387422000 229 0 229 0
1387420200 229 0 229 0
1387418400 229 0 229 0
1387416600 229 0 229 0
1387414800 229 0 229 0
1387413000 229 0 229 0
1387411200 229 0 229 0
1387409400 229 0 229 0
1387407600 229 0 229 0
1387405800 229 0 229 0
1387404000 229 0 229 0
1387402200 229 0 229 0
1387400400 229 0 229 0
1387398600 229 0 229 0
1387396800 229 0 229 0
1387395000 229 0 229 0
1387393200 229 0 229 0
1387391400 229 0 229 0
1387389600 229 0 229 0
1387387800 229 0 229 0
1387386000 229 0 229 0
1387384200 229 0 229 0
1387382400 229 0 229 0
1387380600 229 0 229 0
1387378800 229 0 229 0
1387377000 229 0 229 0
1387375200 229 0 229 0
1387373400 229 0 229 0
1387371600 229 0 229 0
1387369800 229 0 229 0
1387368000 229 0 229 0
1387366200 229 0 229 0
1387364400 229 0 229 0
1387362600 229 0 229 0
1387360800 229 0 229 0
1387359000 229 0 229 0
1387357200 229 0 229 0
1387355400 229 0 229 0
1387353600 229 0 229 0
1387351800 229 0 229 0
1387350000 229 0 229 0
1387348200 229 0 229 0
1387346400 229 0 229 0
1387344600 229 0 229 0
1387342800 229 0 229 0
1387341000 229 0 229 0
1387339200 229 0 229 0
1387337400 229 0 229 0
1387335600 229 0 229 0
1387333800 229 0 229 0
1387332000 229 0 229 0
1387330200 229 0 229 0
1387328400 229 0 229 0
1387326600 229 0 229 0
1387324800 229 0 229 0
1387323000 229 0 229 0
1387321200 229 0 229 0
1387319400 229 0 229 0
1387317600 229 0 229 0
1387315800 229 0 229 0
1387314000 229 0 229 0
1387312200 229 0 229 0
1387310400 229 0 229 0
1387308600 229 0 229 0
1387306800 229 0 229 0
1387305000 229 0 229 0
1387303200 229 0 229 0
1387301400 229 0 229 0
1387299600 229 0 229 0
1387297800 229 0 229 0
1387296000 229 0 229 0
1387294200 229 0 229 0
1387292400 229 0 229 0
1387290600 229 0 229 0
1387288800 229 0 229 0
1387287000 229 0 229 0
1387285200 229 0 229 0
1387283400 229 0 229 0
1387281600 229 0 229 0
1387279800 229 0 229 0
1387278000 229 0 229 0
1387276200 229 0 229 0
1387274400 229 0 229 0
1387272600 229 0 229 0
1387270800 229 0 229 0
1387269000 229 0 229 0
1387267200 229 0 229 0
1387265400 229 0 229 0
1387263600 229 0 229 0
1387261800 229 0 229 0
1387260000 229 0 229 0
1387258200 229 0 229 0
1387256400 229 0 229 0
1387254600 229 0 229 0
1387252800 229 0 229 0
1387251000 229 0 229 0
1387249200 229 0 229 0
1387247400 229 0 229 0
1387245600 229 0 229 0
1387243800 229 0 229 0
1387242000 229 0 229 0
1387240200 229 0 229 0
1387238400 229 0 229 0
1387236600 229 0 229 0
1387234800 229 0 229 0
1387233000 229 0 229 0
1387231200 229 0 229 0
1387229400 229 0 229 0
1387227600 229 0 229 0
1387225800 229 0 229 0
1387224000 229 0 229 0
1387222200 229 0 229 0
1387220400 229 0 229 0
1387218600 229 0 229 0
1387216800 229 0 229 0
1387215000 229 0 229 0
1387213200 229 0 229 0
1387211400 229 0 229 0
1387209600 229 0 229 0
1387207800 229 0 229 0
1387206000 229 0 229 0
1387204200 229 0 229 0
1387202400 229 0 229 0
1387200600 229 0 229 0
1387198800 229 0 229 0
1387197000 229 0 229 0
1387195200 229 0 229 0
1387193400 229 0 229 0
1387191600 229 0 229 0
1387189800 229 0 229 0
1387188000 229 0 229 0
1387186200 229 0 229 0
1387184400 229 0 229 0
1387182600 229 0 229 0
1387180800 229 0 229 0
1387179000 229 0 229 0
1387177200 229 0 229 0
1387175400 229 0 229 0
1387173600 229 0 229 0
1387171800 229 0 229 0
1387170000 229 0 229 0
1387168200 229 0 229 0
1387166400 229 0 229 0
1387164600 229 0 229 0
1387162800 229 0 229 0
1387161000 229 0 229 0
1387159200 229 0 229 0
1387157400 229 0 229 0
1387155600 229 0 229 0
1387153800 229 0 229 0
1387152000 229 0 229 0
1387150200 229 0 229 0
1387148400 229 0 229 0
1387146600 229 0 229 0
1387144800 229 0 229 0
1387143000 229 0 229 0
1387141200 229 0 229 0
1387139400 229 0 229 0
1387137600 229 0 229 0
1387135800 229 0 229 0
1387134000 229 0 229 0
1387132200 229 0 229 0
1387130400 229 0 229 0
1387128600 229 0 229 0
1387126800 229 0 229 0
1387125000 229 0 229 0
1387123200 229 0 229 0
1387121400 229 0 229 0
1387119600 229 0 229 0
1387117800 229 0 229 0
1387116000 229 0 229 0
1387114200 229 0 229 0
1387112400 229 0 229 0
1387110600 229 0 229 0
1387108800 229 0 229 0
1387107000 229 0 229 0
1387105200 229 0 229 0
1387103400 229 0 229 0
1387101600 229 0 229 0
1387099800 229 0 229 0
1387098000 229 0 229 0
1387096200 229 0 229 0
1387094400 229 0 229 0
1387092600 229 0 229 0
1387090800 229 0 229 0
1387089000 229 0 229 0
1387087200 229 0 229 0
1387085400 229 0 229 0
1387083600 229 0 229 0
1387081800 229 0 229 0
1387080000 229 0 229 0
1387078200 229 0 229 0
1387076400 229 0 229 0
1387074600 229 0 229 0
1387072800 229 0 229 0
1387071000 229 0 229 0
1387069200 229 0 229 0
1387067400 229 0 229 0
1387065600 229 0 229 0
1387063800 229 0 229 0
1387062000 229 0 229 0
1387060200 229 0 229 0
1387058400 229 0 229 0
1387056600 229 0 229 0
1387054800 229 0 229 0
1387053000 229 0 229 0
1387051200 229 0 229 0
1387049400 229 0 229 0
1387047600 229 0 229 0
1387045800 229 0 229 0
1387044000 229 0 229 0
1387042200 229 0 229 0
1387040400 229 0 229 0
1387038600 229 0 229 0
1387036800 229 0 229 0
1387035000 229 0 229 0
1387033200 229 0 229 0
1387031400 229 0 229 0
1387029600 229 0 229 0
1387027800 229 0 229 0
1387026000 229 0 229 0
1387024200 229 0 229 0
1387022400 229 0 229 0
1387020600 229 0 229 0
1387018800 229 0 229 0
1387017000 229 0 229 0
1387015200 229 0 229 0
1387013400 229 0 229 0
1387011600 229 0 229 0
1387009800 229 0 229 0
1387008000 229 0 229 0
1387006200 229 0 229 0
1387004400 229 0 229 0
1387002600 229 0 229 0
1387000800 229 0 229 0
1386999000 229 0 229 0
1386997200 229 0 229 0
1386995400 229 0 229 0
1386993600 229 0 229 0
1386991800 229 0 229 0
1386990000 229 0 229 0
1386988200 229 0 229 0
1386986400 229 0 229 0
1386984600 229 0 229 0
1386982800 229 0 229 0
1386981000 229 0 229 0
1386979200 229 0 229 0
1386977400 229 0 229 0
1386975600 229 0 229 0
1386973800 229 0 229 0
1386972000 229 0 229 0
1386970200 229 0 229 0
1386968400 229 0 229 0
1386966600 229 0 229 0
1386964800 229 0 229 0
1386963000 229 0 229 0
1386961200 229 0 229 0
1386959400 229 0 229 0
1386957600 229 0 229 0
1386955800 229 0 229 0
1386954000 229 0 229 0
1386952200 229 0 229 0
1386950400 229 0 229 0
1386948600 229 0 229 0
1386946800 229 0 229 0
1386945000 229 0 229 0
1386943200 229 0 229 0
1386941400 229 0 229 0
1386939600 229 0 229 0
1386937800 229 0 229 0
1386936000 229 0 229 0
1386934200 229 0 229 0
1386932400 229 0 229 0
1386930600 229 0 229 0
1386928800 229 0 229 0
1386927000 229 0 229 0
1386925200 229 0 229 0
1386923400 229 0 229 0
1386921600 229 0 229 0
1386919800 229 0 229 0
1386918000 229 0 229 0
1386916200 229 0 229 0
1386914400 229 0 229 0
1386912600 229 0 229 0
1386910800 229 0 229 0
1386909000 229 0 229 0
1386907200 229 0 229 0
1386905400 229 0 229 0
1386903600 229 0 229 0
1386901800 229 0 229 0
1386900000 229 0 229 0
1386898200 229 0 229 0
1386896400 229 0 229 0
1386894600 229 0 229 0
1386892800 229 0 229 0
1386891000 229 0 229 0
1386889200 229 0 229 0
1386887400 229 0 229 0
1386885600 229 0 229 0
1386883800 229 0 229 0
1386878400 229 0 229 0
1386871200 229 0 229 0
1386864000 229 0 229 0
1386856800 229 0 229 0
1386849600 229 0 229 0
1386842400 229 0 229 0
1386835200 229 0 229 0
1386828000 229 0 229 0
1386820800 229 0 229 0
1386813600 229 0 229 0
1386806400 229 0 229 0
1386799200 229 0 229 0
1386792000 229 0 229 0
1386784800 229 0 229 0
1386777600 229 0 229 0
1386770400 229 0 229 0
1386763200 229 0 229 0
1386756000 229 0 229 0
1386748800 229 0 229 0
1386741600 229 0 229 0
1386734400 229 0 229 0
1386727200 229 0 229 0
1386720000 229 0 229 0
1386712800 229 0 229 0
1386705600 229 0 229 0
1386698400 229 0 229 0
1386691200 229 0 229 0
1386684000 229 0 229 0
1386676800 229 0 229 0
1386669600 229 0 229 0
1386662400 229 0 229 0
1386655200 229 0 229 0
1386648000 229 0 229 0
1386640800 229 0 229 0
1386633600 229 0 229 0
1386626400 229 0 229 0
1386619200 229 0 229 0
1386612000 229 0 229 0
1386604800 229 0 229 0
1386597600 229 0 229 0
1386590400 229 0 229 0
1386583200 229 0 229 0
1386576000 229 0 229 0
1386568800 229 0 229 0
1386561600 229 0 229 0
1386554400 229 0 229 0
1386547200 229 0 229 0
1386540000 229 0 229 0
1386532800 229 0 229 0
1386525600 229 0 229 0
1386518400 229 0 229 0
1386511200 229 0 229 0
1386504000 229 0 229 0
1386496800 229 0 229 0
1386489600 229 0 229 0
1386482400 229 0 229 0
1386475200 229 0 229 0
1386468000 229 0 229 0
1386460800 229 0 229 0
1386453600 229 0 229 0
1386446400 229 0 229 0
1386439200 229 0 229 0
1386432000 229 0 229 0
1386424800 229 0 229 0
1386417600 229 0 229 0
1386410400 229 0 229 0
1386403200 229 0 229 0
1386396000 229 0 229 0
1386388800 229 0 229 0
1386381600 229 0 229 0
1386374400 229 0 229 0
1386367200 229 0 229 0
1386360000 229 0 229 0
1386352800 229 0 229 0
1386345600 229 0 229 0
1386338400 229 0 229 0
1386331200 229 0 229 0
1386324000 229 0 229 0
1386316800 229 0 229 0
1386309600 229 0 229 0
1386302400 229 0 229 0
1386295200 229 0 229 0
1386288000 229 0 229 0
1386280800 229 0 229 0
1386273600 229 0 229 0
1386266400 229 0 229 0
1386259200 229 0 229 0
1386252000 229 0 229 0
1386244800 229 0 229 0
1386237600 229 0 229 0
1386230400 229 0 229 0
1386223200 229 0 229 0
1386216000 229 0 229 0
1386208800 229 0 229 0
1386201600 229 0 229 0
1386194400 229 0 229 0
1386187200 229 0 229 0
1386180000 229 0 229 0
1386172800 229 0 229 0
1386165600 229 0 229 0
1386158400 229 0 229 0
1386151200 229 0 229 0
1386144000 229 0 229 0
1386136800 229 0 229 0
1386129600 229 0 229 0
1386122400 229 0 229 0
1386115200 229 0 229 0
1386108000 229 0 229 0
1386100800 229 0 229 0
1386093600 229 0 229 0
1386086400 229 0 229 0
1386079200 229 0 229 0
1386072000 229 0 229 0
1386064800 229 0 229 0
1386057600 229 0 229 0
1386050400 229 0 229 0
1386043200 229 0 229 0
1386036000 229 0 229 0
1386028800 229 0 229 0
1386021600 229 0 229 0
1386014400 229 0 229 0
1386007200 229 0 229 0
1386000000 229 0 229 0
1385992800 229 0 229 0
1385985600 229 0 229 0
1385978400 229 0 229 0
1385971200 229 0 229 0
1385964000 229 0 229 0
1385956800 229 0 229 0
1385949600 229 0 229 0
1385942400 229 0 229 0
1385935200 229 0 229 0
1385928000 229 0 229 0
1385920800 229 0 229 0
1385913600 229 0 229 0
1385906400 229 0 229 0
1385899200 229 0 229 0
1385892000 229 0 229 0
1385884800 229 0 229 0
1385877600 229 0 229 0
1385870400 229 0 229 0
1385863200 229 0 229 0
1385856000 229 0 229 0
1385848800 229 0 229 0
1385841600 229 0 229 0
1385834400 229 0 229 0
1385827200 229 0 229 0
1385820000 229 0 229 0
1385812800 229 0 229 0
1385805600 229 0 229 0
1385798400 229 0 229 0
1385791200 229 0 229 0
1385784000 229 0 229 0
1385776800 229 0 229 0
1385769600 229 0 229 0
1385762400 229 0 229 0
1385755200 229 0 229 0
1385748000 229 0 229 0
1385740800 229 0 229 0
1385733600 229 0 229 0
1385726400 229 0 229 0
1385719200 229 0 229 0
1385712000 229 0 229 0
1385704800 229 0 229 0
1385697600 229 0 229 0
1385690400 229 0 229 0
1385683200 229 0 229 0
1385676000 229 0 229 0
1385668800 229 0 229 0
1385661600 229 0 229 0
1385654400 229 0 229 0
1385647200 229 0 229 0
1385640000 229 0 229 0
1385632800 229 0 229 0
1385625600 229 0 229 0
1385618400 229 0 229 0
1385611200 229 0 229 0
1385604000 229 0 229 0
1385596800 229 0 229 0
1385589600 229 0 229 0
1385582400 229 0 229 0
1385575200 229 0 229 0
1385568000 229 0 229 0
1385560800 229 0 229 0
1385553600 229 0 229 0
1385546400 229 0 229 0
1385539200 229 0 229 0
1385532000 229 0 229 0
1385524800 229 0 229 0
1385517600 229 0 229 0
1385510400 229 0 229 0
1385503200 229 0 229 0
1385496000 229 0 229 0
1385488800 229 0 229 0
1385481600 229 0 229 0
1385474400 229 0 229 0
1385467200 229 0 229 0
1385460000 229 0 229 0
1385452800 229 0 229 0
1385445600 229 0 229 0
1385438400 229 0 229 0
1385431200 229 0 229 0
1385424000 229 0 229 0
1385416800 229 0 229 0
1385409600 229 0 229 0
1385402400 229 0 229 0
1385395200 229 0 229 0
1385388000 229 0 229 0
1385380800 229 0 229 0
1385373600 229 0 229 0
1385366400 229 0 229 0
1385359200 229 0 229 0
1385352000 229 0 229 0
1385344800 229 0 229 0
1385337600 229 0 229 0
1385330400 229 0 229 0
1385323200 229 0 229 0
1385316000 229 0 229 0
1385308800 229 0 229 0
1385301600 229 0 229 0
1385294400 229 0 229 0
1385287200 229 0 229 0
1385280000 229 0 229 0
1385272800 229 0 229 0
1385265600 229 0 229 0
1385258400 229 0 229 0
1385251200 229 0 229 0
1385244000 229 0 229 0
1385236800 229 0 229 0
1385229600 229 0 229 0
1385222400 229 0 229 0
1385215200 229 0 229 0
1385208000 229 0 229 0
1385200800 229 0 229 0
1385193600 229 0 229 0
1385186400 229 0 229 0
1385179200 229 0 229 0
1385172000 229 0 229 0
1385164800 229 0 229 0
1385157600 229 0 229 0
1385150400 229 0 229 0
1385143200 229 0 229 0
1385136000 229 0 229 0
1385128800 229 0 229 0
1385121600 229 0 229 0
1385114400 229 0 229 0
1385107200 229 0 229 0
1385100000 229 0 229 0
1385092800 229 0 229 0
1385085600 229 0 229 0
1385078400 229 0 229 0
1385071200 229 0 229 0
1385064000 229 0 229 0
1385056800 229 0 229 0
1385049600 229 0 229 0
1385042400 229 0 229 0
1385035200 229 0 229 0
1385028000 229 0 229 0
1385020800 229 0 229 0
1385013600 229 0 229 0
1385006400 229 0 229 0
1384999200 229 0 229 0
1384992000 229 0 229 0
1384984800 229 0 229 0
1384977600 229 0 229 0
1384970400 229 0 229 0
1384963200 229 0 229 0
1384956000 229 0 229 0
1384948800 229 0 229 0
1384941600 229 0 229 0
1384934400 229 0 229 0
1384927200 229 0 229 0
1384920000 229 0 229 0
1384912800 229 0 229 0
1384905600 229 0 229 0
1384898400 229 0 229 0
1384891200 229 0 229 0
1384884000 229 0 229 0
1384876800 229 0 229 0
1384869600 229 0 229 0
1384862400 229 0 229 0
1384855200 229 0 229 0
1384848000 229 0 229 0
1384840800 229 0 229 0
1384833600 229 0 229 0
1384826400 229 0 229 0
1384819200 229 0 229 0
1384812000 229 0 229 0
1384804800 229 0 229 0
1384797600 229 0 229 0
1384790400 229 0 229 0
1384783200 229 0 229 0
1384776000 229 0 229 0
1384768800 229 0 229 0
1384761600 229 0 229 0
1384754400 229 0 229 0
1384747200 229 0 229 0
1384740000 229 0 229 0
1384732800 229 0 229 0
1384725600 229 0 229 0
1384718400 229 0 229 0
1384711200 229 0 229 0
1384704000 229 0 229 0
1384696800 229 0 229 0
1384689600 229 0 229 0
1384682400 229 0 229 0
1384675200 229 0 229 0
1384668000 229 0 229 0
1384660800 229 0 229 0
1384653600 229 0 229 0
1384646400 229 0 229 0
1384639200 229 0 229 0
1384632000 229 0 229 0
1384624800 229 0 229 0
1384617600 229 0 229 0
1384610400 229 0 229 0
1384603200 229 0 229 0
1384596000 229 0 229 0
1384588800 229 0 229 0
1384581600 229 0 229 0
1384574400 229 0 229 0
1384567200 229 0 229 0
1384560000 229 0 229 0
1384552800 229 0 229 0
1384545600 229 0 229 0
1384538400 229 0 229 0
1384531200 229 0 229 0
1384524000 229 0 229 0
1384516800 229 0 229 0
1384509600 229 0 229 0
1384502400 229 0 229 0
1384495200 229 0 229 0
1384488000 229 0 229 0
1384480800 229 0 229 0
1384473600 229 0 229 0
1384466400 229 0 229 0
1384459200 229 0 229 0
1384452000 229 0 229 0
1384444800 229 0 229 0
1384437600 229 0 229 0
1384430400 229 0 229 0
1384423200 229 0 229 0
1384416000 229 0 229 0
1384408800 229 0 229 0
1384401600 229 0 229 0
1384394400 229 0 229 0
1384387200 229 0 229 0
1384380000 229 0 229 0
1384372800 229 0 229 0
1384365600 229 0 229 0
1384358400 229 0 229 0
1384351200 229 0 229 0
1384344000 229 0 229 0
1384336800 229 0 229 0
1384329600 229 0 229 0
1384322400 229 0 229 0
1384315200 229 0 229 0
1384308000 229 0 229 0
1384300800 229 0 229 0
1384293600 229 0 229 0
1384286400 229 0 229 0
1384279200 229 0 229 0
1384272000 229 0 229 0
1384264800 229 0 229 0
1384257600 229 0 229 0
1384250400 229 0 229 0
1384243200 229 0 229 0
1384236000 229 0 229 0
1384228800 229 0 229 0
1384221600 229 0 229 0
1384214400 229 0 229 0
1384207200 229 0 229 0
1384200000 229 0 229 0
1384192800 229 0 229 0
1384185600 229 0 229 0
1384178400 229 0 229 0
1384171200 229 0 229 0
1384164000 229 0 229 0
1384156800 229 0 229 0
1384149600 229 0 229 0
1384142400 229 0 229 0
1384135200 229 0 229 0
1384128000 229 0 229 0
1384120800 229 0 229 0
1384113600 229 0 229 0
1384106400 229 0 229 0
1384099200 229 0 229 0
1384092000 229 0 229 0
1384084800 229 0 229 0
1384077600 229 0 229 0
1384070400 229 0 229 0
1384063200 229 0 229 0
1384056000 229 0 229 0
1384048800 229 0 229 0
1384041600 229 0 229 0
1384034400 229 0 229 0
1384027200 229 0 229 0
1384020000 229 0 229 0
1384012800 229 0 229 0
1384005600 229 0 229 0
1383998400 229 0 229 0
1383991200 229 0 229 0
1383984000 229 0 229 0
1383976800 229 0 229 0
1383969600 229 0 229 0
1383962400 229 0 229 0
1383955200 229 0 229 0
1383948000 229 0 229 0
1383940800 229 0 229 0
1383933600 229 0 229 0
1383926400 229 0 229 0
1383919200 229 0 229 0
1383912000 229 0 229 0
1383904800 229 0 229 0
1383897600 229 0 229 0
1383890400 229 0 229 0
1383883200 229 0 229 0
1383876000 229 0 229 0
1383868800 229 0 229 0
1383861600 229 0 229 0
1383854400 229 0 229 0
1383847200 229 0 229 0
1383840000 229 0 229 0
1383832800 229 0 229 0
1383825600 229 0 229 0
1383818400 229 0 229 0
1383811200 229 0 229 0
1383804000 229 0 229 0
1383796800 229 0 229 0
1383789600 229 0 229 0
1383782400 229 0 229 0
1383775200 229 0 229 0
1383768000 229 0 229 0
1383760800 229 0 229 0
1383753600 229 0 229 0
1383746400 229 0 229 0
1383739200 229 0 229 0
1383732000 229 0 229 0
1383724800 229 0 229 0
1383717600 229 0 229 0
1383710400 229 0 229 0
1383703200 229 0 229 0
1383696000 229 0 229 0
1383688800 229 0 229 0
1383681600 229 0 229 0
1383674400 229 0 229 0
1383667200 229 0 229 0
1383660000 229 0 229 0
1383652800 229 0 229 0
1383645600 229 0 229 0
1383638400 229 0 229 0
1383631200 229 0 229 0
1383624000 229 0 229 0
1383616800 229 0 229 0
1383609600 229 0 229 0
1383602400 229 0 229 0
1383595200 229 0 229 0
1383588000 229 0 229 0
1383580800 229 0 229 0
1383573600 229 0 229 0
1383566400 229 0 229 0
1383559200 229 0 229 0
1383552000 229 0 229 0
1383544800 229 0 229 0
1383537600 229 0 229 0
1383530400 229 0 229 0
1383523200 229 0 229 0
1383516000 229 0 229 0
1383508800 229 0 229 0
1383501600 229 0 229 0
1383494400 229 0 229 0
1383487200 229 0 229 0
1383480000 229 0 229 0
1383472800 229 0 229 0
1383465600 229 0 229 0
1383458400 229 0 229 0
1383451200 229 0 229 0
1383444000 229 0 229 0
1383436800 229 0 229 0
1383429600 229 0 229 0
1383422400 229 0 229 0
1383415200 229 0 229 0
1383408000 229 0 229 0
1383400800 229 0 229 0
1383393600 229 0 229 0
1383386400 229 0 229 0
1383379200 229 0 229 0
1383372000 229 0 229 0
1383364800 229 0 229 0
1383357600 229 0 229 0
1383350400 229 0 229 0
1383343200 229 0 229 0
1383336000 229 0 229 0
1383328800 229 0 229 0
1383321600 229 0 229 0
1383314400 229 0 229 0
1383307200 229 0 229 0
1383300000 229 0 229 0
1383292800 229 0 229 0
1383285600 229 0 229 0
1383278400 229 0 229 0
1383271200 229 0 229 0
1383264000 229 0 229 0
1383256800 229 0 229 0
1383249600 229 0 229 0
1383242400 229 0 229 0
1383235200 229 0 229 0
1383228000 229 0 229 0
1383220800 229 0 229 0
1383213600 229 0 229 0
1383206400 229 0 229 0
1383199200 229 0 229 0
1383192000 229 0 229 0
1383184800 229 0 229 0
1383177600 229 0 229 0
1383170400 229 0 229 0
1383163200 229 0 229 0
1383156000 229 0 229 0
1383148800 229 0 229 0
1383141600 229 0 229 0
1383134400 229 0 229 0
1383127200 229 0 229 0
1383120000 229 0 229 0
1383112800 229 0 229 0
1383105600 229 0 229 0
1383098400 229 0 229 0
1383091200 229 0 229 0
1383084000 229 0 229 0
1383076800 229 0 229 0
1383069600 229 0 229 0
1383062400 229 0 229 0
1383055200 229 0 229 0
1383048000 229 0 229 0
1383040800 229 0 229 0
1383033600 229 0 229 0
1383026400 229 0 229 0
1383019200 229 0 229 0
1383012000 229 0 229 0
1383004800 229 0 229 0
1382997600 229 0 229 0
1382990400 229 0 229 0
1382983200 229 0 229 0
1382976000 229 0 229 0
1382968800 229 0 229 0
1382961600 229 0 229 0
1382954400 229 0 229 0
1382947200 229 0 229 0
1382940000 229 0 229 0
1382932800 229 0 229 0
1382925600 229 0 229 0
1382918400 229 0 229 0
1382911200 229 0 229 0
1382904000 229 0 229 0
1382896800 229 0 229 0
1382889600 229 0 229 0
1382882400 229 0 229 0
1382875200 229 0 229 0
1382868000 229 0 229 0
1382860800 229 0 229 0
1382853600 229 0 229 0
1382846400 229 0 229 0
1382839200 229 0 229 0
1382832000 229 0 229 0
1382824800 229 0 229 0
1382817600 229 0 229 0
1382810400 229 0 229 0
1382803200 229 0 229 0
1382796000 229 0 229 0
1382788800 229 0 229 0
1382781600 229 0 229 0
1382774400 229 0 229 0
1382767200 229 0 229 0
1382760000 229 0 229 0
1382752800 229 0 229 0
1382745600 229 0 229 0
1382738400 229 0 229 0
1382731200 229 0 229 0
1382724000 229 0 229 0
1382716800 229 0 229 0
1382709600 229 0 229 0
1382702400 229 0 229 0
1382695200 229 0 229 0
1382688000 229 0 229 0
1382680800 229 0 229 0
1382673600 229 0 229 0
1382666400 229 0 229 0
1382659200 229 0 229 0
1382652000 229 0 229 0
1382644800 229 0 229 0
1382637600 229 0 229 0
1382630400 229 0 229 0
1382623200 229 0 229 0
1382616000 229 0 229 0
1382608800 229 0 229 0
1382601600 229 0 229 0
1382594400 229 0 229 0
1382587200 229 0 229 0
1382580000 229 0 229 0
1382572800 229 0 229 0
1382565600 229 0 229 0
1382558400 229 0 229 0
1382486400 229 0 229 0
1382400000 229 0 229 0
1382313600 229 0 229 0
1382227200 229 0 229 0
1382140800 229 0 229 0
1382054400 229 0 229 0
1381968000 229 0 229 0
1381881600 229 0 229 0
1381795200 229 0 229 0
1381708800 229 0 229 0
1381622400 229 0 229 0
1381536000 229 0 229 0
1381449600 229 0 229 0
1381363200 229 0 229 0
1381276800 229 0 229 0
1381190400 229 0 229 0
1381104000 229 0 229 0
1381017600 229 0 229 0
1380931200 229 0 229 0
1380844800 229 0 229 0
1380758400 229 0 229 0
1380672000 229 0 229 0
1380585600 229 0 229 0
1380499200 229 0 229 0
1380412800 229 0 229 0
1380326400 229 0 229 0
1380240000 229 0 229 0
1380153600 229 0 229 0
1380067200 229 0 229 0
1379980800 229 0 229 0
1379894400 229 0 229 0
1379808000 229 0 229 0
1379721600 229 0 229 0
1379635200 229 0 229 0
1379548800 229 0 229 0
1379462400 229 0 229 0
1379376000 229 0 229 0
1379289600 229 0 229 0
1379203200 229 0 229 0
1379116800 229 0 229 0
1379030400 229 0 229 0
1378944000 229 0 229 0
1378857600 229 0 229 0
1378771200 229 0 229 0
1378684800 229 0 229 0
1378598400 229 0 229 0
1378512000 229 0 229 0
1378425600 229 0 229 0
1378339200 229 0 229 0
1378252800 229 0 229 0
1378166400 229 0 229 0
1378080000 229 0 229 0
1377993600 229 0 229 0
1377907200 229 0 229 0
1377820800 229 0 229 0
1377734400 229 0 229 0
1377648000 229 0 229 0
1377561600 229 0 229 0
1377475200 229 0 229 0
1377388800 229 0 229 0
1377302400 229 0 229 0
1377216000 229 0 229 0
1377129600 229 0 229 0
1377043200 229 0 229 0
1376956800 229 0 229 0
1376870400 229 0 229 0
1376784000 229 0 229 0
1376697600 229 0 229 0
1376611200 229 0 229 0
1376524800 229 0 229 0
1376438400 229 0 229 0
1376352000 229 0 229 0
1376265600 229 0 229 0
1376179200 229 0 229 0
1376092800 229 0 229 0
1376006400 229 0 229 0
1375920000 229 0 229 0
1375833600 229 0 229 0
1375747200 229 0 229 0
1375660800 229 0 229 0
1375574400 229 0 229 0
1375488000 229 0 229 0
1375401600 229 0 229 0
1375315200 229 0 229 0
1375228800 229 0 229 0
1375142400 229 0 229 0
1375056000 229 0 229 0
1374969600 229 0 229 0
1374883200 229 0 229 0
1374796800 229 0 229 0
1374710400 229 0 229 0
1374624000 229 0 229 0
1374537600 229 0 229 0
1374451200 229 0 229 0
1374364800 229 0 229 0
1374278400 229 0 229 0
1374192000 229 0 229 0
1374105600 229 0 229 0
1374019200 229 0 229 0
1373932800 229 0 229 0
1373846400 229 0 229 0
1373760000 229 0 229 0
1373673600 229 0 229 0
1373587200 229 0 229 0
1373500800 229 0 229 0
1373414400 229 0 229 0
1373328000 229 0 229 0
1373241600 229 0 229 0
1373155200 229 0 229 0
1373068800 229 0 229 0
1372982400 229 0 229 0
1372896000 229 0 229 0
1372809600 229 0 229 0
1372723200 229 0 229 0
1372636800 229 0 229 0
1372550400 229 0 229 0
1372464000 229 0 229 0
1372377600 229 0 229 0
1372291200 229 0 229 0
1372204800 229 0 229 0
1372118400 229 0 229 0
1372032000 229 0 229 0
1371945600 229 0 229 0
1371859200 229 0 229 0
1371772800 229 0 229 0
1371686400 229 0 229 0
1371600000 229 0 229 0
1371513600 229 0 229 0
1371427200 229 0 229 0
1371340800 229 0 229 0
1371254400 229 0 229 0
1371168000 229 0 229 0
1371081600 229 0 229 0
1370995200 229 0 229 0
1370908800 229 0 229 0
1370822400 229 0 229 0
1370736000 229 0 229 0
1370649600 229 0 229 0
1370563200 229 0 229 0
1370476800 229 0 229 0
1370390400 229 0 229 0
1370304000 229 0 229 0
1370217600 229 0 229 0
1370131200 229 0 229 0
1370044800 229 0 229 0
1369958400 229 0 229 0
1369872000 229 0 229 0
1369785600 229 0 229 0
1369699200 229 0 229 0
1369612800 229 0 229 0
1369526400 229 0 229 0
1369440000 229 0 229 0
1369353600 229 0 229 0
1369267200 229 0 229 0
1369180800 229 0 229 0
1369094400 229 0 229 0
1369008000 229 0 229 0
1368921600 229 0 229 0
1368835200 229 0 229 0
1368748800 229 0 229 0
1368662400 229 0 229 0
1368576000 229 0 229 0
1368489600 229 0 229 0
1368403200 229 0 229 0
1368316800 229 0 229 0
1368230400 229 0 229 0
1368144000 229 0 229 0
1368057600 229 0 229 0
1367971200 229 0 229 0
1367884800 229 0 229 0
1367798400 229 0 229 0
1367712000 229 0 229 0
1367625600 229 0 229 0
1367539200 229 0 229 0
1367452800 229 0 229 0
1367366400 229 0 229 0
1367280000 229 0 229 0
1367193600 229 0 229 0
1367107200 229 0 229 0
1367020800 229 0 229 0
1366934400 229 0 229 0
1366848000 229 0 229 0
1366761600 229 0 229 0
1366675200 229 0 229 0
1366588800 229 0 229 0
1366502400 229 0 229 0
1366416000 229 0 229 0
1366329600 229 0 229 0
1366243200 229 0 229 0
1366156800 229 0 229 0
1366070400 229 0 229 0
1365984000 229 0 229 0
1365897600 229 0 229 0
1365811200 229 0 229 0
1365724800 229 0 229 0
1365638400 229 0 229 0
1365552000 229 0 229 0
1365465600 229 0 229 0
1365379200 229 0 229 0
1365292800 229 0 229 0
1365206400 229 0 229 0
1365120000 229 0 229 0
1365033600 229 0 229 0
1364947200 229 0 229 0
1364860800 229 0 229 0
1364774400 229 0 229 0
1364688000 229 0 229 0
1364601600 229 0 229 0
1364515200 229 0 229 0
1364428800 229 0 229 0
1364342400 229 0 229 0
1364256000 229 0 229 0
1364169600 229 0 229 0
1364083200 229 0 229 0
1363996800 229 0 229 0
1363910400 229 0 229 0
1363824000 229 0 229 0
1363737600 229 0 229 0
1363651200 229 0 229 0
1363564800 229 0 229 0
1363478400 229 0 229 0
1363392000 229 0 229 0
1363305600 229 0 229 0
1363219200 229 0 229 0
1363132800 229 0 229 0
1363046400 229 0 229 0
1362960000 229 0 229 0
1362873600 229 0 229 0
1362787200 229 0 229 0
1362700800 229 0 229 0
1362614400 229 0 229 0
1362528000 229 0 229 0
1362441600 229 0 229 0
1362355200 229 0 229 0
1362268800 229 0 229 0
1362182400 229 0 229 0
1362096000 229 0 229 0
1362009600 229 0 229 0
1361923200 229 0 229 0
1361836800 229 0 229 0
1361750400 229 0 229 0
1361664000 229 0 229 0
1361577600 229 0 229 0
1361491200 229 0 229 0
1361404800 229 0 229 0
1361318400 229 0 229 0
1361232000 229 0 229 0
1361145600 229 0 229 0
1361059200 229 0 229 0
1360972800 229 0 229 0
1360886400 229 0 229 0
1360800000 229 0 229 0
1360713600 229 0 229 0
1360627200 229 0 229 0
1360540800 229 0 229 0
1360454400 229 0 229 0
1360368000 229 0 229 0
1360281600 229 0 229 0
1360195200 229 0 229 0
1360108800 229 0 229 0
1360022400 229 0 229 0
1359936000 229 0 229 0
1359849600 229 0 229 0
1359763200 229 0 229 0
1359676800 229 0 229 0
1359590400 229 0 229 0
1359504000 229 0 229 0
1359417600 229 0 229 0
1359331200 229 0 229 0
1359244800 229 0 229 0
1359158400 229 0 229 0
1359072000 229 0 229 0
1358985600 229 0 229 0
1358899200 229 0 229 0
1358812800 229 0 229 0
1358726400 229 0 229 0
1358640000 229 0 229 0
1358553600 229 0 229 0
1358467200 229 0 229 0
1358380800 229 0 229 0
1358294400 229 0 229 0
1358208000 229 0 229 0
1358121600 229 0 229 0
1358035200 229 0 229 0
1357948800 229 0 229 0
1357862400 229 0 229 0
1357776000 229 0 229 0
1357689600 229 0 229 0
1357603200 229 0 229 0
1357516800 229 0 229 0
1357430400 229 0 229 0
1357344000 229 0 229 0
1357257600 229 0 229 0
1357171200 229 0 229 0
1357084800 229 0 229 0
1356998400 229 0 229 0
1356912000 229 0 229 0
1356825600 229 0 229 0
1356739200 229 0 229 0
1356652800 229 0 229 0
1356566400 229 0 229 0
1356480000 229 0 229 0
1356393600 229 0 229 0
1356307200 229 0 229 0
1356220800 229 0 229 0
1356134400 229 0 229 0
1356048000 229 0 229 0
1355961600 229 0 229 0
1355875200 229 0 229 0
1355788800 229 0 229 0
1355702400 229 0 229 0
1355616000 229 0 229 0
1355529600 229 0 229 0
1355443200 229 0 229 0
1355356800 229 0 229 0
1355270400 229 0 229 0
1355184000 229 0 229 0
1355097600 229 0 229 0
1355011200 229 0 229 0
1354924800 229 0 229 0
1354838400 229 0 229 0
1354752000 229 0 229 0
1354665600 229 0 229 0
1354579200 229 0 229 0
1354492800 229 0 229 0
1354406400 229 0 229 0
1354320000 229 0 229 0
1354233600 229 0 229 0
1354147200 229 0 229 0
1354060800 229 0 229 0
1353974400 229 0 229 0
1353888000 229 0 229 0
1353801600 229 0 229 0
1353715200 229 0 229 0
1353628800 229 0 229 0
1353542400 229 0 229 0
1353456000 229 0 229 0
1353369600 229 0 229 0
1353283200 229 0 229 0
1353196800 229 0 229 0
1353110400 229 0 229 0
1353024000 229 0 229 0
1352937600 229 0 229 0
1352851200 229 0 229 0
1352764800 229 0 229 0
1352678400 229 0 229 0
1352592000 229 0 229 0
1352505600 229 0 229 0
1352419200 229 0 229 0
1352332800 229 0 229 0
1352246400 229 0 229 0
1352160000 229 0 229 0
1352073600 229 0 229 0
1351987200 229 0 229 0
1351900800 229 0 229 0
1351814400 229 0 229 0
1351728000 229 0 229 0
1351641600 229 0 229 0
1351555200 229 0 229 0
1351468800 229 0 229 0
1351382400 229 0 229 0
1351296000 229 0 229 0
1351209600 229 0 229 0
1351123200 229 0 229 0
1351036800 229 0 229 0
1350950400 229 0 229 0
1350864000 229 0 229 0
1350777600 229 0 229 0
1350691200 229 0 229 0
1350604800 229 0 229 0
1350518400 229 0 229 0
1350432000 229 0 229 0
1350345600 229 0 229 0
1350259200 229 0 229 0
1350172800 229 0 229 0
1350086400 229 0 229 0
1350000000 229 0 229 0
1349913600 229 0 229 0
1349827200 229 0 229 0
1349740800 229 0 229 0
1349654400 229 0 229 0
1349568000 229 0 229 0
1349481600 229 0 229 0
1349395200 229 0 229 0
1349308800 229 0 229 0
1349222400 229 0 229 0
1349136000 229 0 229 0
1349049600 229 0 229 0
1348963200 229 0 229 0
1348876800 229 0 229 0
1348790400 229 0 229 0
1348704000 229 0 229 0
1348617600 229 0 229 0
1348531200 229 0 229 0
1348444800 229 0 229 0
1348358400 229 0 229 0
1348272000 229 0 229 0
1348185600 229 0 229 0
1348099200 229 0 229 0
1348012800 229 0 229 0
1347926400 229 0 229 0
1347840000 229 0 229 0
1347753600 229 0 229 0
1347667200 229 0 229 0
1347580800 229 0 229 0
1347494400 229 0 229 0
1347408000 229 0 229 0
1347321600 229 0 229 0
1347235200 229 0 229 0
1347148800 229 0 229 0
1347062400 229 0 229 0
1346976000 229 0 229 0
1346889600 229 0 229 0
1346803200 229 0 229 0
1346716800 229 0 229 0
1346630400 229 0 229 0
1346544000 229 0 229 0
1346457600 229 0 229 0
1346371200 229 0 229 0
1346284800 229 0 229 0
1346198400 229 0 229 0
1346112000 229 0 229 0
1346025600 229 0 229 0
1345939200 229 0 229 0
1345852800 229 0 229 0
1345766400 229 0 229 0
1345680000 229 0 229 0
1345593600 229 0 229 0
1345507200 227 0 229 0
1345420800 231 0 247 0
1345334400 234 0 249 0
1345248000 230 0 242 0
1345161600 229 0 229 0
1345075200 229 0 229 0
1344988800 195 0 229 0
1344902400 0 0 0 0
1344816000 0 0 0 0
1344729600 0 0 0 0
1344643200 0 0 0 0
1344556800 0 0 0 0
1344470400 0 0 0 0
1344384000 0 0 0 0
1344297600 0 0 0 0
1344211200 0 0 0 0
1344124800 0 0 0 0
1344038400 0 0 0 0
1343952000 0 0 0 0
1343865600 0 0 0 0
1343779200 0 0 0 0
1343692800 0 0 0 0
1343606400 0 0 0 0
1343520000 0 0 0 0
1343433600 0 0 0 0
1343347200 0 0 0 0
1343260800 0 0 0 0
1343174400 0 0 0 0
1343088000 0 0 0 0
1343001600 0 0 0 0
1342915200 0 0 0 0
1342828800 0 0 0 0
1342742400 0 0 0 0
1342656000 0 0 0 0
1342569600 0 0 0 0
1342483200 0 0 0 0
1342396800 0 0 0 0
1342310400 0 0 0 0
1342224000 0 0 0 0
1342137600 0 0 0 0
1342051200 0 0 0 0
1341964800 0 0 0 0
1341878400 0 0 0 0
1341792000 0 0 0 0
1341705600 0 0 0 0
1341619200 0 0 0 0
1341532800 0 0 0 0
1341446400 0 0 0 0
1341360000 0 0 0 0
1341273600 0 0 0 0
1341187200 0 0 0 0
1341100800 0 0 0 0
1341014400 0 0 0 0
1340928000 0 0 0 0
1340841600 0 0 0 0
1340755200 0 0 0 0
1340668800 0 0 0 0
1340582400 0 0 0 0
1340496000 0 0 0 0
1340409600 0 0 0 0
1340323200 0 0 0 0
1340236800 0 0 0 0
1340150400 0 0 0 0
1340064000 0 0 0 0
1339977600 0 0 0 0
1339891200 0 0 0 0
1339804800 0 0 0 0
1339718400 0 0 0 0
1339632000 0 0 0 0
1339545600 0 0 0 0
1339459200 0 0 0 0
1339372800 0 0 0 0
1339286400 0 0 0 0
1339200000 0 0 0 0
1339113600 0 0 0 0
1339027200 0 0 0 0
1338940800 0 0 0 0
1338854400 0 0 0 0
1338768000 0 0 0 0
1338681600 0 0 0 0
1338595200 0 0 0 0
1338508800 0 0 0 0
1338422400 0 0 0 0
1338336000 0 0 0 0
1338249600 0 0 0 0
1338163200 0 0 0 0
1338076800 0 0 0 0
1337990400 0 0 0 0
1337904000 0 0 0 0
1337817600 0 0 0 0
1337731200 0 0 0 0
1337644800 0 0 0 0
1337558400 0 0 0 0
1337472000 0 0 0 0
1337385600 0 0 0 0
1337299200 0 0 0 0
1337212800 0 0 0 0
1337126400 0 0 0 0
1337040000 0 0 0 0
1336953600 0 0 0 0
1336867200 0 0 0 0
1336780800 0 0 0 0
1336694400 0 0 0 0
1336608000 0 0 0 0
1336521600 0 0 0 0
1336435200 0 0 0 0
1336348800 0 0 0 0
1336262400 0 0 0 0
1336176000 0 0 0 0
1336089600 0 0 0 0
1336003200 0 0 0 0
1335916800 0 0 0 0
1335830400 0 0 0 0
1335744000 0 0 0 0
1335657600 0 0 0 0
1335571200 0 0 0 0
1335484800 0 0 0 0
1335398400 0 0 0 0
1335312000 0 0 0 0
1335225600 0 0 0 0
1335139200 0 0 0 0
1335052800 0 0 0 0
1334966400 0 0 0 0
1334880000 0 0 0 0
1334793600 0 0 0 0
1334707200 0 0 0 0
1334620800 0 0 0 0
1334534400 0 0 0 0
1334448000 0 0 0 0
1334361600 0 0 0 0
1334275200 0 0 0 0
1334188800 0 0 0 0
1334102400 0 0 0 0
1334016000 0 0 0 0
1333929600 0 0 0 0
1333843200 0 0 0 0
1333756800 0 0 0 0
1333670400 0 0 0 0
1333584000 0 0 0 0
1333497600 0 0 0 0
1333411200 0 0 0 0
1333324800 0 0 0 0
1333238400 0 0 0 0
1333152000 0 0 0 0
1333065600 0 0 0 0
1332979200 0 0 0 0
1332892800 0 0 0 0
1332806400 0 0 0 0
1332720000 0 0 0 0
1332633600 0 0 0 0
1332547200 0 0 0 0
1332460800 0 0 0 0
1332374400 0 0 0 0
1332288000 0 0 0 0
1332201600 0 0 0 0
1332115200 0 0 0 0
1332028800 0 0 0 0
1331942400 0 0 0 0
1331856000 0 0 0 0
1331769600 0 0 0 0
1331683200 0 0 0 0
1331596800 0 0 0 0
1331510400 0 0 0 0
1331424000 0 0 0 0
1331337600 0 0 0 0
1331251200 0 0 0 0
1331164800 0 0 0 0
1331078400 0 0 0 0
1330992000 0 0 0 0
1330905600 0 0 0 0
1330819200 0 0 0 0
1330732800 0 0 0 0
1330646400 0 0 0 0
1330560000 0 0 0 0
1330473600 0 0 0 0
1330387200 0 0 0 0
1330300800 0 0 0 0
1330214400 0 0 0 0
1330128000 0 0 0 0
1330041600 0 0 0 0
1329955200 0 0 0 0
1329868800 0 0 0 0
1329782400 0 0 0 0
1329696000 0 0 0 0
1329609600 0 0 0 0
1329523200 0 0 0 0
1329436800 0 0 0 0
1329350400 0 0 0 0
1329264000 0 0 0 0
1329177600 0 0 0 0
1329091200 0 0 0 0
1329004800 0 0 0 0
1328918400 0 0 0 0
1328832000 0 0 0 0
1328745600 0 0 0 0
1328659200 0 0 0 0
1328572800 0 0 0 0
1328486400 0 0 0 0
1328400000 0 0 0 0
1328313600 0 0 0 0
1328227200 0 0 0 0
1328140800 0 0 0 0
1328054400 0 0 0 0
1327968000 0 0 0 0
1327881600 0 0 0 0
1327795200 0 0 0 0
1327708800 0 0 0 0
1327622400 0 0 0 0
1327536000 0 0 0 0
1327449600 0 0 0 0
1327363200 0 0 0 0
1327276800 0 0 0 0
1327190400 0 0 0 0
1327104000 0 0 0 0
1327017600 0 0 0 0
1326931200 0 0 0 0
1326844800 0 0 0 0
1326758400 0 0 0 0
1326672000 0 0 0 0
1326585600 0 0 0 0
1326499200 0 0 0 0
1326412800 0 0 0 0
1326326400 0 0 0 0
1326240000 0 0 0 0
1326153600 0 0 0 0
1326067200 0 0 0 0
1325980800 0 0 0 0
1325894400 0 0 0 0
1325808000 0 0 0 0
1325721600 0 0 0 0
1325635200 0 0 0 0
1325548800 0 0 0 0
1325462400 0 0 0 0
1325376000 0 0 0 0
1325289600 0 0 0 0
1325203200 0 0 0 0
1325116800 0 0 0 0
1325030400 0 0 0 0
1324944000 0 0 0 0
1324857600 0 0 0 0
1324771200 0 0 0 0
1324684800 0 0 0 0
1324598400 0 0 0 0
1324512000 0 0 0 0
1324425600 0 0 0 0
1324339200 0 0 0 0
1324252800 0 0 0 0
1324166400 0 0 0 0
1324080000 0 0 0 0
1323993600 0 0 0 0
1323907200 0 0 0 0
1323820800 0 0 0 0
1323734400 0 0 0 0
1323648000 0 0 0 0
1323561600 0 0 0 0
1323475200 0 0 0 0
1323388800 0 0 0 0
1323302400 0 0 0 0
1323216000 0 0 0 0
1323129600 0 0 0 0
1323043200 0 0 0 0
1322956800 0 0 0 0
1322870400 0 0 0 0
1322784000 0 0 0 0
1322697600 0 0 0 0
1322611200 0 0 0 0
1322524800 0 0 0 0
1322438400 0 0 0 0
1322352000 0 0 0 0
1322265600 0 0 0 0
1322179200 0 0 0 0
1322092800 0 0 0 0
1322006400 0 0 0 0
1321920000 0 0 0 0
1321833600 0 0 0 0
1321747200 0 0 0 0
1321660800 0 0 0 0
1321574400 0 0 0 0
1321488000 0 0 0 0
1321401600 0 0 0 0
1321315200 0 0 0 0
1321228800 0 0 0 0
1321142400 0 0 0 0
1321056000 0 0 0 0
1320969600 0 0 0 0
1320883200 0 0 0 0
1320796800 0 0 0 0
1320710400 0 0 0 0
1320624000 0 0 0 0
1320537600 0 0 0 0
1320451200 0 0 0 0
1320364800 0 0 0 0
1320278400 0 0 0 0
1320192000 0 0 0 0
1320105600 0 0 0 0
1320019200 0 0 0 0
1319932800 0 0 0 0
1319846400 0 0 0 0
1319760000 0 0 0 0
1319673600 0 0 0 0
1319587200 0 0 0 0
1319500800 0 0 0 0
1319414400 0 0 0 0
1319328000 0 0 0 0
