
<---[1;37m《风云再现》[0;37;0m: MudOs v22pre11 (by wwj,Nov 22 2001) startup on Microsoft Windows 98 at Fri Jan 21 12:35:09 2000

using config file: F:\fy\mudos\config.fy3
System Error: init_addr_server: gethostbyname: unknown error 11004
]simul_efun loaded successfully.

Loading preloaded files ...
Initializations complete.

Accepting connections on port 3333.
closed external ports
Initializing internal tables....

<---[1;37m《风云再现》[0;37;0m: MudOs v22pre11 (by wwj,Nov 22 2001) shutdown at Fri Jan 21 13:29:53 2000




<---[1;37m《风云再现》[0;37;0m: MudOs v22pre11 (by wwj,Nov 22 2001) startup on Microsoft Windows 98 at Fri Jan 21 13:29:53 2000

using config file: F:\fy\mudos\config.fy3
System Error: init_addr_server: gethostbyname: unknown error 11004
]simul_efun loaded successfully.

Loading preloaded files ...
Initializations complete.

Accepting connections on port 3333.
错误
执行时段错误：*Bad argument 1 to all_inventory()
Expected: object Got: 0.

程式：adm/obj/simul_efun.c 第 111 行
物件：/adm/obj/simul_efun
呼叫来自：std/char/char.c 的 heart_beat() 第 170 行，物件： obj/npc/pet ("宠物(pet)")
呼叫来自：obj/npc/pet.c 的 heal_up() 第 100 行，物件： obj/npc/pet ("宠物(pet)")
呼叫来自：adm/obj/simul_efun.c 的 message_vision() 第 111 行，物件： adm/obj/simul_efun ("0(0)")
Heart beat in obj/npc/pet turned off.
错误讯息被拦截: 
执行时段错误：*Error in loading object '/adm/simul_efun/object'

程式：cmds/wiz/update.c 第 65 行
物件：/cmds/wiz/update
呼叫来自：feature/command.c 的 command_hook() 第 78 行，物件： obj/user/user#229 ("蓝天(island)")
呼叫来自：cmds/wiz/update.c 的 main() 第 65 行，物件： cmds/wiz/update ("0(0)")
呼叫来自：cmds/wiz/update.c 的 CATCH() 第 65 行，物件： cmds/wiz/update ("0(0)")
closed external ports
Initializing internal tables....

<---[1;37m《风云再现》[0;37;0m: MudOs v22pre11 (by wwj,Nov 22 2001) shutdown at Fri Jan 21 13:37:36 2000




<---[1;37m《风云再现》[0;37;0m: MudOs v22pre11 (by wwj,Nov 22 2001) startup on Microsoft Windows 98 at Fri Jan 21 13:37:37 2000

using config file: F:\fy\mudos\config.fy3
System Error: init_addr_server: gethostbyname: unknown error 11004
]simul_efun loaded successfully.

Loading preloaded files ...
Initializations complete.

Accepting connections on port 3333.
错误讯息被拦截: 
执行时段错误：*Error in loading object '/adm/obj/simul_efun1'

程式：cmds/adm/updateall.c 第 156 行
物件：/cmds/adm/updateall
呼叫来自：feature/command.c 的 command_hook() 第 78 行，物件： obj/user/user#227 ("蓝天(island)")
呼叫来自：cmds/adm/updateall.c 的 main() 第 44 行，物件： cmds/adm/updateall ("0(0)")
呼叫来自：cmds/adm/updateall.c 的 update_dir() 第 116 行，物件： cmds/adm/updateall ("0(0)")
呼叫来自：cmds/adm/updateall.c 的 update_dir() 第 93 行，物件： cmds/adm/updateall ("0(0)")
呼叫来自：cmds/adm/updateall.c 的 update_file() 第 156 行，物件： cmds/adm/updateall ("0(0)")
呼叫来自：cmds/adm/updateall.c 的 CATCH() 第 156 行，物件： cmds/adm/updateall ("0(0)")
错误
执行时段错误：*Bad argument 1 to all_inventory()
Expected: object Got: 0.

程式：adm/obj/simul_efun.c 第 111 行
物件：/adm/obj/simul_efun
呼叫来自：std/char/char.c 的 heart_beat() 第 170 行，物件： obj/npc/pet ("宠物(pet)")
呼叫来自：obj/npc/pet.c 的 heal_up() 第 100 行，物件： obj/npc/pet ("宠物(pet)")
呼叫来自：adm/obj/simul_efun.c 的 message_vision() 第 111 行，物件： adm/obj/simul_efun ("0(0)")
Heart beat in obj/npc/pet turned off.
错误讯息被拦截: 
执行时段错误：*Error in loading object '/adm/obj/simul_efun1'

程式：cmds/wiz/update.c 第 65 行
物件：/cmds/wiz/update
呼叫来自：feature/command.c 的 command_hook() 第 78 行，物件： obj/user/user#227 ("蓝天(island)")
呼叫来自：cmds/wiz/update.c 的 main() 第 65 行，物件： cmds/wiz/update ("0(0)")
呼叫来自：cmds/wiz/update.c 的 CATCH() 第 65 行，物件： cmds/wiz/update ("0(0)")
错误
执行时段错误：*Bad argument 1 to all_inventory()
Expected: object Got: 0.

程式：adm/obj/simul_efun.c 第 111 行
物件：/adm/obj/simul_efun
呼叫来自：std/char/char.c 的 heart_beat() 第 170 行，物件： obj/npc/pet ("宠物(pet)")
呼叫来自：obj/npc/pet.c 的 heal_up() 第 100 行，物件： obj/npc/pet ("宠物(pet)")
呼叫来自：adm/obj/simul_efun.c 的 message_vision() 第 111 行，物件： adm/obj/simul_efun ("0(0)")
Heart beat in obj/npc/pet turned off.
closed external ports
Initializing internal tables....

<---[1;37m《风云再现》[0;37;0m: MudOs v22pre11 (by wwj,Nov 22 2001) shutdown at Fri Jan 21 13:44:01 2000




<---[1;37m《风云再现》[0;37;0m: MudOs v22pre11 (by wwj,Nov 22 2001) startup on Microsoft Windows 98 at Fri Jan 21 13:44:02 2000

using config file: F:\fy\mudos\config.fy3
System Error: init_addr_server: gethostbyname: unknown error 11004
]simul_efun loaded successfully.

Loading preloaded files ...
Initializations complete.

Accepting connections on port 3333.
get_user_data: read on fd 116
System Error: get_user_data: read: 操作已成功完成。

][256D[K[1;31m【系统】蓝天[1;31m[Island][1;31m：断线了。
[2;37;0m[1;33m> [2;37;0mget_user_data: read on fd 116
System Error: get_user_data: read: 操作已成功完成。

][256D[K[1;31m【系统】蓝天[1;31m[Island][1;31m：断线了。
[2;37;0m[1;33m> [2;37;0m错误
执行时段错误：*Bad argument 1 to all_inventory()
Expected: object Got: 0.

程式：adm/obj/simul_efun.c 第 111 行
物件：/adm/obj/simul_efun
呼叫来自：std/char/char.c 的 heart_beat() 第 170 行，物件： obj/npc/pet ("宠物(pet)")
呼叫来自：obj/npc/pet.c 的 heal_up() 第 100 行，物件： obj/npc/pet ("宠物(pet)")
呼叫来自：adm/obj/simul_efun.c 的 message_vision() 第 111 行，物件： adm/obj/simul_efun ("0(0)")
Heart beat in obj/npc/pet turned off.
closed external ports
Initializing internal tables....

<---[1;37m《风云再现》[0;37;0m: MudOs v22pre11 (by wwj,Nov 22 2001) shutdown at Fri Jan 21 13:54:05 2000




<---[1;37m《风云再现》[0;37;0m: MudOs v22pre11 (by wwj,Nov 22 2001) startup on Microsoft Windows 98 at Fri Jan 21 13:54:06 2000

using config file: F:\fy\mudos\config.fy3
System Error: init_addr_server: gethostbyname: unknown error 11004
]simul_efun loaded successfully.

Loading preloaded files ...
Initializations complete.

Accepting connections on port 3333.
错误
执行时段错误：*Bad argument 1 to call_other()
Expected: string or array or object Got: 0.

程式：adm/obj/simul_efun.c 第 105 行
物件：/adm/obj/simul_efun
呼叫来自：adm/daemons/cron.c 的 heart_beat() 第 58 行，物件： adm/daemons/cron ("0(0)")
呼叫来自：adm/daemons/questd.c 的 init_dynamic_quest() 第 56 行，物件： adm/daemons/questd ("0(0)")
呼叫来自：adm/daemons/questd.c 的 spread_quest() 第 76 行，物件： adm/daemons/questd ("0(0)")
呼叫来自：d/qianfo/zhonggu.c 的 create() 第 23 行，物件： d/qianfo/zhonggu ("0(0)")
呼叫来自：std/room/room.c 的 setup() 第 267 行，物件： d/qianfo/zhonggu ("0(0)")
呼叫来自：std/room/room.c 的 reset() 第 100 行，物件： d/qianfo/zhonggu ("0(0)")
呼叫来自：std/room/room.c 的 make_inventory() 第 31 行，物件： d/qianfo/zhonggu ("0(0)")
呼叫来自：d/qianfo/npc/bonze6.c 的 create() 第 32 行，物件： d/qianfo/npc/bonze6 ("云空(yunkong)")
呼叫来自：std/char/npc.c 的 carry_object() 第 17 行，物件： d/qianfo/npc/bonze6 ("云空(yunkong)")
呼叫来自：adm/obj/simul_efun.c 的 unew() 第 105 行，物件： adm/obj/simul_efun ("0(0)")
Heart beat in adm/daemons/cron turned off.
错误讯息被拦截: 
执行时段错误：*Bad argument 1 to call_other()
Expected: string or array or object Got: 0.

程式：adm/obj/simul_efun.c 第 105 行
物件：/adm/obj/simul_efun
呼叫来自：feature/command.c 的 command_hook() 第 78 行，物件： obj/user/user#281 ("蓝天(island)")
呼叫来自：cmds/wiz/update.c 的 main() 第 65 行，物件： cmds/wiz/update ("0(0)")
呼叫来自：cmds/wiz/update.c 的 CATCH() 第 65 行，物件： cmds/wiz/update ("0(0)")
呼叫来自：d/qianfo/zhonggu.c 的 create() 第 23 行，物件： d/qianfo/zhonggu ("0(0)")
呼叫来自：std/room/room.c 的 setup() 第 267 行，物件： d/qianfo/zhonggu ("0(0)")
呼叫来自：std/room/room.c 的 reset() 第 100 行，物件： d/qianfo/zhonggu ("0(0)")
呼叫来自：std/room/room.c 的 make_inventory() 第 31 行，物件： d/qianfo/zhonggu ("0(0)")
呼叫来自：d/qianfo/npc/bonze6.c 的 create() 第 32 行，物件： d/qianfo/npc/bonze6#472 ("云空(yunkong)")
呼叫来自：std/char/npc.c 的 carry_object() 第 17 行，物件： d/qianfo/npc/bonze6#472 ("云空(yunkong)")
呼叫来自：adm/obj/simul_efun.c 的 unew() 第 105 行，物件： adm/obj/simul_efun ("0(0)")
错误讯息被拦截: 
执行时段错误：*Bad argument 1 to call_other()
Expected: string or array or object Got: 0.

程式：adm/obj/simul_efun.c 第 105 行
物件：/adm/obj/simul_efun
呼叫来自：feature/command.c 的 command_hook() 第 78 行，物件： obj/user/user#281 ("蓝天(island)")
呼叫来自：cmds/wiz/update.c 的 main() 第 65 行，物件： cmds/wiz/update ("0(0)")
呼叫来自：cmds/wiz/update.c 的 CATCH() 第 65 行，物件： cmds/wiz/update ("0(0)")
呼叫来自：d/qianfo/npc/bonze6.c 的 create() 第 32 行，物件： d/qianfo/npc/bonze6 ("云空(yunkong)")
呼叫来自：std/char/npc.c 的 carry_object() 第 17 行，物件： d/qianfo/npc/bonze6 ("云空(yunkong)")
呼叫来自：adm/obj/simul_efun.c 的 unew() 第 105 行，物件： adm/obj/simul_efun ("0(0)")
错误讯息被拦截: 
执行时段错误：*Error in loading object '/std/char/char'

程式：cmds/wiz/update.c 第 65 行
物件：/cmds/wiz/update
呼叫来自：feature/command.c 的 command_hook() 第 78 行，物件： obj/user/user#281 ("蓝天(island)")
呼叫来自：cmds/wiz/update.c 的 main() 第 65 行，物件： cmds/wiz/update ("0(0)")
呼叫来自：cmds/wiz/update.c 的 CATCH() 第 65 行，物件： cmds/wiz/update ("0(0)")
错误讯息被拦截: 
执行时段错误：*Error in loading object '/std/char/char'

程式：cmds/wiz/update.c 第 65 行
物件：/cmds/wiz/update
呼叫来自：feature/command.c 的 command_hook() 第 78 行，物件： obj/user/user#281 ("蓝天(island)")
呼叫来自：cmds/wiz/update.c 的 main() 第 65 行，物件： cmds/wiz/update ("0(0)")
呼叫来自：cmds/wiz/update.c 的 CATCH() 第 65 行，物件： cmds/wiz/update ("0(0)")
closed external ports
Initializing internal tables....

<---[1;37m《风云再现》[0;37;0m: MudOs v22pre11 (by wwj,Nov 22 2001) shutdown at Fri Jan 21 14:34:32 2000




<---[1;37m《风云再现》[0;37;0m: MudOs v22pre11 (by wwj,Nov 22 2001) startup on Microsoft Windows 98 at Fri Jan 21 14:34:32 2000

using config file: F:\fy\mudos\config.fy3
System Error: init_addr_server: gethostbyname: unknown error 11004
]simul_efun loaded successfully.

Loading preloaded files ...
错误讯息被拦截: 
执行时段错误：*Bad argument 1 to call_other()
Expected: string or array or object Got: 0.

程式：feature/equip.c 第 13 行
物件：/d/huangshan/npc/obj/yellowcloth#6
呼叫来自：adm/obj/master.c 的 preload() 第 133 行，物件： adm/obj/master ("0(0)")
呼叫来自：adm/obj/master.c 的 CATCH() 第 133 行，物件： adm/obj/master ("0(0)")
呼叫来自：adm/daemons/questd.c 的 create() 第 25 行，物件： adm/daemons/questd ("0(0)")
呼叫来自：adm/daemons/questd.c 的 init_dynamic_quest() 第 56 行，物件： adm/daemons/questd ("0(0)")
呼叫来自：adm/daemons/questd.c 的 spread_quest() 第 76 行，物件： adm/daemons/questd ("0(0)")
呼叫来自：d/huangshan/huangshan.c 的 create() 第 28 行，物件： d/huangshan/huangshan ("0(0)")
呼叫来自：std/room/room.c 的 setup() 第 267 行，物件： d/huangshan/huangshan ("0(0)")
呼叫来自：d/huangshan/huangshan.c 的 reset() 第 37 行，物件： d/huangshan/huangshan ("0(0)")
呼叫来自：std/room/room.c 的 reset() 第 100 行，物件： d/huangshan/huangshan ("0(0)")
呼叫来自：std/room/room.c 的 make_inventory() 第 31 行，物件： d/huangshan/huangshan ("0(0)")
呼叫来自：d/huangshan/npc/mas2.c 的 create() 第 60 行，物件： d/huangshan/npc/mas2 ("柳无眉(master liu)")
呼叫来自：feature/equip.c 的 wear() 第 13 行，物件： d/huangshan/npc/obj/yellowcloth#6 ("[1;32m拥翠裙[2;37;0m(cloth)")
Initializations complete.

Accepting connections on port 3333.
错误讯息被拦截: 
执行时段错误：*Bad argument 1 to call_other()
Expected: string or array or object Got: 0.

程式：feature/equip.c 第 13 行
物件：/d/qianfo/npc/obj/monk_cloth#15
呼叫来自：feature/command.c 的 command_hook() 第 78 行，物件： obj/user/user#11 ("蓝天(island)")
呼叫来自：cmds/wiz/update.c 的 main() 第 65 行，物件： cmds/wiz/update ("0(0)")
呼叫来自：cmds/wiz/update.c 的 CATCH() 第 65 行，物件： cmds/wiz/update ("0(0)")
呼叫来自：d/qianfo/zhonggu.c 的 create() 第 23 行，物件： d/qianfo/zhonggu ("0(0)")
呼叫来自：std/room/room.c 的 setup() 第 267 行，物件： d/qianfo/zhonggu ("0(0)")
呼叫来自：std/room/room.c 的 reset() 第 100 行，物件： d/qianfo/zhonggu ("0(0)")
呼叫来自：std/room/room.c 的 make_inventory() 第 31 行，物件： d/qianfo/zhonggu ("0(0)")
呼叫来自：d/qianfo/npc/bonze6.c 的 create() 第 31 行，物件： d/qianfo/npc/bonze6 ("云空(yunkong)")
呼叫来自：feature/equip.c 的 wear() 第 13 行，物件： d/qianfo/npc/obj/monk_cloth#15 ("灰布僧衣(cloth)")
错误
执行时段错误：*Bad argument 1 to call_other()
Expected: string or array or object Got: 0.

程式：feature/equip.c 第 13 行
物件：/obj/cloth#28
呼叫来自：adm/daemons/cron.c 的 heart_beat() 第 58 行，物件： adm/daemons/cron ("0(0)")
呼叫来自：adm/daemons/questd.c 的 init_dynamic_quest() 第 56 行，物件： adm/daemons/questd ("0(0)")
呼叫来自：adm/daemons/questd.c 的 spread_quest() 第 76 行，物件： adm/daemons/questd ("0(0)")
呼叫来自：d/shaolin/ent.c 的 create() 第 26 行，物件： d/shaolin/ent ("0(0)")
呼叫来自：std/room/room.c 的 setup() 第 267 行，物件： d/shaolin/ent ("0(0)")
呼叫来自：std/room/room.c 的 reset() 第 100 行，物件： d/shaolin/ent ("0(0)")
呼叫来自：std/room/room.c 的 make_inventory() 第 31 行，物件： d/shaolin/ent ("0(0)")
呼叫来自：d/shaolin/npc/xiangke.c 的 create() 第 26 行，物件： d/shaolin/npc/xiangke ("香客(xiang ke)")
呼叫来自：feature/equip.c 的 wear() 第 13 行，物件： obj/cloth#28 ("布衣(cloth)")
Heart beat in adm/daemons/cron turned off.
错误
执行时段错误：*Bad argument 1 to call_other()
Expected: string or array or object Got: 0.

程式：feature/equip.c 第 13 行
物件：/d/fy/npc/obj/wch_skirt#29
呼叫来自：feature/command.c 的 command_hook() 第 78 行，物件： obj/user/user#11 ("蓝天(island)")
呼叫来自：cmds/std/task.c 的 main() 第 21 行，物件： cmds/std/task ("0(0)")
呼叫来自：adm/daemons/questd.c 的 dyn_quest_list() 第 106 行，物件： adm/daemons/questd ("0(0)")
呼叫来自：d/fy/npc/makeupseller.c 的 create() 第 25 行，物件： d/fy/npc/makeupseller ("芳儿(fang)")
呼叫来自：feature/equip.c 的 wear() 第 13 行，物件： d/fy/npc/obj/wch_skirt#29 ("[1;33m五[1;31m彩[2;37;0m紧身裙(miniskirt)")
错误讯息被拦截: 
执行时段错误：*Bad argument 1 to call_other()
Expected: string or array or object Got: 0.

程式：feature/equip.c 第 13 行
物件：/obj/cloth#37
呼叫来自：feature/command.c 的 command_hook() 第 78 行，物件： obj/user/user#11 ("蓝天(island)")
呼叫来自：cmds/wiz/update.c 的 main() 第 65 行，物件： cmds/wiz/update ("0(0)")
呼叫来自：cmds/wiz/update.c 的 CATCH() 第 65 行，物件： cmds/wiz/update ("0(0)")
呼叫来自：adm/daemons/questd.c 的 create() 第 25 行，物件： adm/daemons/questd ("0(0)")
呼叫来自：adm/daemons/questd.c 的 init_dynamic_quest() 第 56 行，物件： adm/daemons/questd ("0(0)")
呼叫来自：adm/daemons/questd.c 的 spread_quest() 第 76 行，物件： adm/daemons/questd ("0(0)")
呼叫来自：d/taishan/wangmu.c 的 create() 第 26 行，物件： d/taishan/wangmu ("0(0)")
呼叫来自：std/room/room.c 的 setup() 第 267 行，物件： d/taishan/wangmu ("0(0)")
呼叫来自：std/room/room.c 的 reset() 第 100 行，物件： d/taishan/wangmu ("0(0)")
呼叫来自：std/room/room.c 的 make_inventory() 第 31 行，物件： d/taishan/wangmu ("0(0)")
呼叫来自：d/taishan/npc/liu2.c 的 create() 第 24 行，物件： d/taishan/npc/liu2 ("柳夫人(mrs liu)")
呼叫来自：feature/equip.c 的 wear() 第 13 行，物件： obj/cloth#37 ("布衣(cloth)")
错误
执行时段错误：*Bad argument 1 to call_other()
Expected: string or array or object Got: 0.

程式：feature/equip.c 第 13 行
物件：/obj/cloth#47
呼叫来自：adm/daemons/natured.c 的 update_day_phase() 第 232 行，物件： adm/daemons/natured ("0(0)")
呼叫来自：adm/daemons/natured.c 的 event_evening() 第 397 行，物件： adm/daemons/natured ("0(0)")
呼叫来自：d/qianjin/qianjin.c 的 create() 第 46 行，物件： d/qianjin/qianjin ("0(0)")
呼叫来自：std/room/room.c 的 setup() 第 267 行，物件： d/qianjin/qianjin ("0(0)")
呼叫来自：std/room/room.c 的 reset() 第 114 行，物件： d/qianjin/qianjin ("0(0)")
呼叫来自：std/room/room.c 的 make_inventory() 第 31 行，物件： d/qianjin/qianjin ("0(0)")
呼叫来自：d/qianjin/npc/guinu.c 的 create() 第 31 行，物件： d/qianjin/npc/guinu ("龟奴(guinu)")
呼叫来自：feature/equip.c 的 wear() 第 13 行，物件： obj/cloth#47 ("布衣(cloth)")
错误
执行时段错误：*Bad argument 1 to call_other()
Expected: string or array or object Got: 0.

程式：feature/equip.c 第 13 行
物件：/d/huangshan/npc/obj/greencloth#53
呼叫来自：d/huangshan/huangshan.c 的 reset() 第 37 行，物件： d/huangshan/huangshan ("0(0)")
呼叫来自：std/room/room.c 的 reset() 第 100 行，物件： d/huangshan/huangshan ("0(0)")
呼叫来自：std/room/room.c 的 make_inventory() 第 31 行，物件： d/huangshan/huangshan ("0(0)")
呼叫来自：d/huangshan/npc/mas1.c 的 create() 第 54 行，物件： d/huangshan/npc/mas1 ("李玉函(master li)")
呼叫来自：feature/equip.c 的 wear() 第 13 行，物件： d/huangshan/npc/obj/greencloth#53 ("[1;32m拥翠袍[2;37;0m(cloth)")
错误
执行时段错误：*Bad argument 1 to call_other()
Expected: string or array or object Got: 0.

程式：feature/equip.c 第 13 行
物件：/obj/cloth#55
呼叫来自：adm/daemons/natured.c 的 update_day_phase() 第 232 行，物件： adm/daemons/natured ("0(0)")
呼叫来自：adm/daemons/natured.c 的 event_midnight() 第 333 行，物件： adm/daemons/natured ("0(0)")
呼叫来自：d/chenxiang/cxcenter.c 的 create() 第 31 行，物件： d/chenxiang/cxcenter ("0(0)")
呼叫来自：std/room/room.c 的 setup() 第 267 行，物件： d/chenxiang/cxcenter ("0(0)")
呼叫来自：std/room/room.c 的 reset() 第 114 行，物件： d/chenxiang/cxcenter ("0(0)")
呼叫来自：std/room/room.c 的 make_inventory() 第 31 行，物件： d/chenxiang/cxcenter ("0(0)")
呼叫来自：d/chenxiang/npc/ditou.c 的 create() 第 23 行，物件： d/chenxiang/npc/ditou ("沉香镇的地头蛇(gangster)")
呼叫来自：feature/equip.c 的 wear() 第 13 行，物件： obj/cloth#55 ("布衣(cloth)")
closed external ports
Initializing internal tables....

<---[1;37m《风云再现》[0;37;0m: MudOs v22pre11 (by wwj,Nov 22 2001) shutdown at Fri Jan 21 14:53:02 2000




<---[1;37m《风云再现》[0;37;0m: MudOs v22pre11 (by wwj,Nov 22 2001) startup on Microsoft Windows 98 at Fri Jan 21 14:53:03 2000

using config file: F:\fy\mudos\config.fy3
System Error: init_addr_server: connect: WSAECONNREFUSED
]simul_efun loaded successfully.

Loading preloaded files ...
Initializations complete.

Accepting connections on port 3333.
错误
执行时段错误：*Bad argument 1 to call_other()
Expected: string or array or object Got: 0.

程式：adm/daemons/questd.c 第 121 行
物件：/adm/daemons/questd
呼叫来自：feature/command.c 的 command_hook() 第 78 行，物件： obj/user/user#146 ("蓝天(island)")
呼叫来自：cmds/std/task.c 的 main() 第 21 行，物件： cmds/std/task ("0(0)")
呼叫来自：adm/daemons/questd.c 的 dyn_quest_list() 第 121 行，物件： adm/daemons/questd ("0(0)")
错误
执行时段错误：*Bad argument 1 to call_other()
Expected: string or array or object Got: 0.

程式：adm/daemons/questd.c 第 121 行
物件：/adm/daemons/questd
呼叫来自：feature/command.c 的 command_hook() 第 78 行，物件： obj/user/user#146 ("蓝天(island)")
呼叫来自：cmds/std/task.c 的 main() 第 21 行，物件： cmds/std/task ("0(0)")
呼叫来自：adm/daemons/questd.c 的 dyn_quest_list() 第 121 行，物件： adm/daemons/questd ("0(0)")
错误
执行时段错误：*Bad argument 1 to call_other()
Expected: string or array or object Got: 0.

程式：adm/daemons/questd.c 第 119 行
物件：/adm/daemons/questd
呼叫来自：feature/command.c 的 command_hook() 第 78 行，物件： obj/user/user#146 ("蓝天(island)")
呼叫来自：cmds/std/task.c 的 main() 第 21 行，物件： cmds/std/task ("0(0)")
呼叫来自：adm/daemons/questd.c 的 dyn_quest_list() 第 119 行，物件： adm/daemons/questd ("0(0)")
closed external ports
Initializing internal tables....

<---[1;37m《风云再现》[0;37;0m: MudOs v22pre11 (by wwj,Nov 22 2001) shutdown at Fri Jan 21 15:02:56 2000




<---[1;37m《风云再现》[0;37;0m: MudOs v22pre11 (by wwj,Nov 22 2001) startup on Microsoft Windows 98 at Fri Jan 21 15:02:57 2000

using config file: F:\fy\mudos\config.fy3
System Error: init_addr_server: connect: WSAECONNREFUSED
]simul_efun loaded successfully.

Loading preloaded files ...
Initializations complete.

Accepting connections on port 3333.
closed external ports
Initializing internal tables....

<---[1;37m《风云再现》[0;37;0m: MudOs v22pre11 (by wwj,Nov 22 2001) shutdown at Fri Jan 21 15:05:19 2000




<---[1;37m《风云再现》[0;37;0m: MudOs v22pre11 (by wwj,Nov 22 2001) startup on Microsoft Windows 98 at Fri Jan 21 15:05:20 2000

using config file: F:\fy\mudos\config.fy3
System Error: init_addr_server: connect: WSAECONNREFUSED
]simul_efun loaded successfully.

Loading preloaded files ...
错误讯息被拦截: 
执行时段错误：*Bad argument 1 to call_other()
Expected: string or array or object Got: 0.

程式：feature/equip.c 第 13 行
物件：/d/shaolin/npc/obj/monk_cloth#6
呼叫来自：adm/obj/master.c 的 preload() 第 133 行，物件： adm/obj/master ("0(0)")
呼叫来自：adm/obj/master.c 的 CATCH() 第 133 行，物件： adm/obj/master ("0(0)")
呼叫来自：adm/daemons/questd.c 的 create() 第 25 行，物件： adm/daemons/questd ("0(0)")
呼叫来自：adm/daemons/questd.c 的 init_dynamic_quest() 第 56 行，物件： adm/daemons/questd ("0(0)")
呼叫来自：adm/daemons/questd.c 的 spread_quest() 第 76 行，物件： adm/daemons/questd ("0(0)")
呼叫来自：d/shaolin/yibo.c 的 create() 第 21 行，物件： d/shaolin/yibo ("0(0)")
呼叫来自：std/room/room.c 的 setup() 第 267 行，物件： d/shaolin/yibo ("0(0)")
呼叫来自：std/room/room.c 的 reset() 第 114 行，物件： d/shaolin/yibo ("0(0)")
呼叫来自：std/room/room.c 的 make_inventory() 第 31 行，物件： d/shaolin/yibo ("0(0)")
呼叫来自：d/shaolin/npc/clothmonk.c 的 create() 第 37 行，物件： d/shaolin/npc/clothmonk ("空拼(shaolin monk)")
呼叫来自：feature/equip.c 的 wear() 第 13 行，物件： d/shaolin/npc/obj/monk_cloth#6 ("青布少林僧衣(monk clothes)")
Initializations complete.

Accepting connections on port 3333.
错误讯息被拦截: 
执行时段错误：*Bad argument 1 to call_other()
Expected: string or array or object Got: 0.

程式：feature/equip.c 第 13 行
物件：/d/shaolin/npc/obj/monk_cloth#18
呼叫来自：feature/command.c 的 command_hook() 第 78 行，物件： obj/user/user#10 ("蓝天(island)")
呼叫来自：cmds/adm/updateall.c 的 main() 第 44 行，物件： cmds/adm/updateall ("0(0)")
呼叫来自：cmds/adm/updateall.c 的 update_dir() 第 93 行，物件： cmds/adm/updateall ("0(0)")
呼叫来自：cmds/adm/updateall.c 的 update_file() 第 156 行，物件： cmds/adm/updateall ("0(0)")
呼叫来自：cmds/adm/updateall.c 的 CATCH() 第 156 行，物件： cmds/adm/updateall ("0(0)")
呼叫来自：d/shaolin/yonglu2.c 的 create() 第 23 行，物件： d/shaolin/yonglu2 ("0(0)")
呼叫来自：std/room/room.c 的 setup() 第 267 行，物件： d/shaolin/yonglu2 ("0(0)")
呼叫来自：d/shaolin/yonglu2.c 的 reset() 第 41 行，物件： d/shaolin/yonglu2 ("0(0)")
呼叫来自：std/room/room.c 的 reset() 第 114 行，物件： d/shaolin/yonglu2 ("0(0)")
呼叫来自：std/room/room.c 的 make_inventory() 第 31 行，物件： d/shaolin/yonglu2 ("0(0)")
呼叫来自：d/shaolin/npc/monk.c 的 create() 第 29 行，物件： d/shaolin/npc/monk ("和尚(shaolin monk)")
呼叫来自：feature/equip.c 的 wear() 第 13 行，物件： d/shaolin/npc/obj/monk_cloth#18 ("棉布少林僧衣(monk clothes)")
错误讯息被拦截: 
执行时段错误：*Bad argument 1 to call_other()
Expected: string or array or object Got: 0.

程式：feature/equip.c 第 13 行
物件：/d/shaolin/npc/obj/qingcloth#52
呼叫来自：feature/command.c 的 command_hook() 第 78 行，物件： obj/user/user#10 ("蓝天(island)")
呼叫来自：cmds/adm/updateall.c 的 main() 第 44 行，物件： cmds/adm/updateall ("0(0)")
呼叫来自：cmds/adm/updateall.c 的 update_dir() 第 93 行，物件： cmds/adm/updateall ("0(0)")
呼叫来自：cmds/adm/updateall.c 的 update_file() 第 156 行，物件： cmds/adm/updateall ("0(0)")
呼叫来自：cmds/adm/updateall.c 的 CATCH() 第 156 行，物件： cmds/adm/updateall ("0(0)")
呼叫来自：d/shaolin/yinshi.c 的 create() 第 22 行，物件： d/shaolin/yinshi ("0(0)")
呼叫来自：std/room/room.c 的 setup() 第 267 行，物件： d/shaolin/yinshi ("0(0)")
呼叫来自：std/room/room.c 的 reset() 第 100 行，物件： d/shaolin/yinshi ("0(0)")
呼叫来自：std/room/room.c 的 make_inventory() 第 31 行，物件： d/shaolin/yinshi ("0(0)")
呼叫来自：d/shaolin/npc/master_xie.c 的 create() 第 49 行，物件： d/shaolin/npc/master_xie ("谢晓峰(master xie)")
呼叫来自：feature/equip.c 的 wear() 第 13 行，物件： d/shaolin/npc/obj/qingcloth#52 ("青色长衫(cloth)")
closed external ports
Initializing internal tables....

<---[1;37m《风云再现》[0;37;0m: MudOs v22pre11 (by wwj,Nov 22 2001) shutdown at Fri Jan 21 15:06:21 2000




<---[1;37m《风云再现》[0;37;0m: MudOs v22pre11 (by wwj,Nov 22 2001) startup on Microsoft Windows 98 at Fri Jan 21 15:06:21 2000

using config file: F:\fy\mudos\config.fy3
System Error: init_addr_server: connect: WSAECONNREFUSED
]simul_efun loaded successfully.

Loading preloaded files ...
Initializations complete.

Accepting connections on port 3333.
closed external ports
Initializing internal tables....

<---[1;37m《风云再现》[0;37;0m: MudOs v22pre11 (by wwj,Nov 22 2001) shutdown at Fri Jan 21 15:13:56 2000




<---[1;37m《风云再现》[0;37;0m: MudOs v22pre11 (by wwj,Nov 22 2001) startup on Microsoft Windows 98 at Fri Jan 21 15:13:57 2000

using config file: F:\fy\mudos\config.fy3
System Error: init_addr_server: connect: WSAECONNREFUSED
]simul_efun loaded successfully.

Loading preloaded files ...
Initializations complete.

Accepting connections on port 3333.
错误
执行时段错误：*Bad argument 1 to call_other()
Expected: string or array or object Got: 0.

程式：adm/daemons/questd.c 第 114 行
物件：/adm/daemons/questd
呼叫来自：feature/command.c 的 command_hook() 第 78 行，物件： obj/user/user#158 ("蓝天(island)")
呼叫来自：cmds/std/task.c 的 main() 第 21 行，物件： cmds/std/task ("0(0)")
呼叫来自：adm/daemons/questd.c 的 dyn_quest_list() 第 114 行，物件： adm/daemons/questd ("0(0)")
错误
执行时段错误：*Bad argument 1 to call_other()
Expected: string or array or object Got: 0.

程式：adm/daemons/questd.c 第 114 行
物件：/adm/daemons/questd
呼叫来自：feature/command.c 的 command_hook() 第 78 行，物件： obj/user/user#158 ("蓝天(island)")
呼叫来自：cmds/std/task.c 的 main() 第 21 行，物件： cmds/std/task ("0(0)")
呼叫来自：adm/daemons/questd.c 的 dyn_quest_list() 第 114 行，物件： adm/daemons/questd ("0(0)")
错误讯息被拦截: 
执行时段错误：*Bad argument 1 to explode()
Expected: string Got: 0.

程式：adm/daemons/questd.c 第 277 行
物件：/adm/daemons/questd
呼叫来自：feature/command.c 的 command_hook() 第 78 行，物件： obj/user/user#158 ("蓝天(island)")
呼叫来自：cmds/wiz/update.c 的 main() 第 65 行，物件： cmds/wiz/update ("0(0)")
呼叫来自：cmds/wiz/update.c 的 CATCH() 第 65 行，物件： cmds/wiz/update ("0(0)")
呼叫来自：adm/daemons/questd.c 的 create() 第 21 行，物件： adm/daemons/questd ("0(0)")
呼叫来自：adm/daemons/questd.c 的 read_table() 第 277 行，物件： adm/daemons/questd ("0(0)")
错误讯息被拦截: 
执行时段错误：*Bad argument 1 to explode()
Expected: string Got: 0.

程式：adm/daemons/questd.c 第 277 行
物件：/adm/daemons/questd
呼叫来自：feature/command.c 的 command_hook() 第 78 行，物件： obj/user/user#158 ("蓝天(island)")
呼叫来自：cmds/wiz/update.c 的 main() 第 65 行，物件： cmds/wiz/update ("0(0)")
呼叫来自：cmds/wiz/update.c 的 CATCH() 第 65 行，物件： cmds/wiz/update ("0(0)")
呼叫来自：adm/daemons/questd.c 的 create() 第 21 行，物件： adm/daemons/questd ("0(0)")
呼叫来自：adm/daemons/questd.c 的 read_table() 第 277 行，物件： adm/daemons/questd ("0(0)")
错误讯息被拦截: 
执行时段错误：*Bad argument 1 to explode()
Expected: string Got: 0.

程式：adm/daemons/questd.c 第 277 行
物件：/adm/daemons/questd
呼叫来自：feature/command.c 的 command_hook() 第 78 行，物件： obj/user/user#158 ("蓝天(island)")
呼叫来自：cmds/wiz/update.c 的 main() 第 65 行，物件： cmds/wiz/update ("0(0)")
呼叫来自：cmds/wiz/update.c 的 CATCH() 第 65 行，物件： cmds/wiz/update ("0(0)")
呼叫来自：adm/daemons/questd.c 的 create() 第 21 行，物件： adm/daemons/questd ("0(0)")
呼叫来自：adm/daemons/questd.c 的 read_table() 第 277 行，物件： adm/daemons/questd ("0(0)")
错误讯息被拦截: 
执行时段错误：*Bad argument 1 to explode()
Expected: string Got: 0.

程式：adm/daemons/questd.c 第 277 行
物件：/adm/daemons/questd
呼叫来自：feature/command.c 的 command_hook() 第 78 行，物件： obj/user/user#158 ("蓝天(island)")
呼叫来自：cmds/wiz/update.c 的 main() 第 65 行，物件： cmds/wiz/update ("0(0)")
呼叫来自：cmds/wiz/update.c 的 CATCH() 第 65 行，物件： cmds/wiz/update ("0(0)")
呼叫来自：adm/daemons/questd.c 的 create() 第 21 行，物件： adm/daemons/questd ("0(0)")
呼叫来自：adm/daemons/questd.c 的 read_table() 第 277 行，物件： adm/daemons/questd ("0(0)")
closed external ports
Initializing internal tables....

<---[1;37m《风云再现》[0;37;0m: MudOs v22pre11 (by wwj,Nov 22 2001) shutdown at Fri Jan 21 15:17:25 2000




<---[1;37m《风云再现》[0;37;0m: MudOs v22pre11 (by wwj,Nov 22 2001) startup on Microsoft Windows 98 at Fri Jan 21 15:17:26 2000

using config file: F:\fy\mudos\config.fy3
System Error: init_addr_server: connect: WSAECONNREFUSED
]simul_efun loaded successfully.

Loading preloaded files ...
错误讯息被拦截: 
执行时段错误：*Bad argument 1 to explode()
Expected: string Got: 0.

程式：adm/daemons/questd.c 第 277 行
物件：/adm/daemons/questd
呼叫来自：adm/obj/master.c 的 preload() 第 133 行，物件： adm/obj/master ("0(0)")
呼叫来自：adm/obj/master.c 的 CATCH() 第 133 行，物件： adm/obj/master ("0(0)")
呼叫来自：adm/daemons/questd.c 的 create() 第 21 行，物件： adm/daemons/questd ("0(0)")
呼叫来自：adm/daemons/questd.c 的 read_table() 第 277 行，物件： adm/daemons/questd ("0(0)")
Initializations complete.

Accepting connections on port 3333.
错误讯息被拦截: 
执行时段错误：*Bad argument 1 to explode()
Expected: string Got: 0.

程式：adm/daemons/questd.c 第 277 行
物件：/adm/daemons/questd
呼叫来自：feature/command.c 的 command_hook() 第 78 行，物件： obj/user/user#2 ("蓝天(island)")
呼叫来自：cmds/wiz/update.c 的 main() 第 65 行，物件： cmds/wiz/update ("0(0)")
呼叫来自：cmds/wiz/update.c 的 CATCH() 第 65 行，物件： cmds/wiz/update ("0(0)")
呼叫来自：adm/daemons/questd.c 的 create() 第 21 行，物件： adm/daemons/questd ("0(0)")
呼叫来自：adm/daemons/questd.c 的 read_table() 第 277 行，物件： adm/daemons/questd ("0(0)")
错误
执行时段错误：*Denied read permission in restore_object().

程式：data/login/i/island/islandjbpodsh.c 第 54 行
物件：/data/login/i/island/islandjbpodsh#756
呼叫来自：feature/command.c 的 command_hook() 第 78 行，物件： 0
呼叫来自：cmds/wiz/update.c 的 main() 第 31 行，物件： cmds/wiz/update ("0(0)")
呼叫来自：cmds/wiz/update.c 的 update_player() 第 137 行，物件： cmds/wiz/update ("0(0)")
呼叫来自：adm/daemons/logind.c 的 enter_world() 第 959 行，物件： adm/daemons/logind ("0(0)")
呼叫来自：adm/daemons/updated.c 的 check_user() 第 15 行，物件： adm/daemons/updated ("0(0)")
呼叫来自：adm/daemons/updated.c 的 loadall() 第 84 行，物件： adm/daemons/updated ("0(0)")
呼叫来自：data/login/i/island/islandjbpodsh.c 的 restore() 第 54 行，物件： data/login/i/island/islandjbpodsh#756 ("[1;37m五天[2;37;0m(wutian)")
错误
执行时段错误：*Bad argument 1 to all_inventory()
Expected: object Got: 0.

程式：adm/obj/simul_efun.c 第 111 行
物件：/adm/obj/simul_efun
呼叫来自：feature/command.c 的 command_hook() 第 78 行，物件： obj/user/user#755 ("蓝天(island)")
呼叫来自：cmds/std/wield.c 的 main() 第 18 行，物件： cmds/std/wield ("0(0)")
呼叫来自：cmds/std/wield.c 的 do_wield() 第 40 行，物件： cmds/std/wield ("0(0)")
呼叫来自：adm/obj/simul_efun.c 的 message_vision() 第 111 行，物件： adm/obj/simul_efun ("0(0)")
错误
执行时段错误：*Bad argument 1 to all_inventory()
Expected: object Got: 0.

程式：adm/obj/simul_efun.c 第 111 行
物件：/adm/obj/simul_efun
呼叫来自：feature/command.c 的 command_hook() 第 78 行，物件： obj/user/user#755 ("蓝天(island)")
呼叫来自：cmds/std/unwield.c 的 main() 第 22 行，物件： cmds/std/unwield ("0(0)")
呼叫来自：adm/obj/simul_efun.c 的 message_vision() 第 111 行，物件： adm/obj/simul_efun ("0(0)")
错误
执行时段错误：*Bad argument 2 to present()
Expected: object Got: 0.

程式：cmds/wiz/update.c 第 27 行
物件：/cmds/wiz/update
呼叫来自：feature/command.c 的 command_hook() 第 78 行，物件： obj/user/user#755 ("蓝天(island)")
呼叫来自：cmds/wiz/update.c 的 main() 第 27 行，物件： cmds/wiz/update ("0(0)")
错误
执行时段错误：*Bad argument 2 to present()
Expected: object Got: 0.

程式：cmds/wiz/update.c 第 27 行
物件：/cmds/wiz/update
呼叫来自：feature/command.c 的 command_hook() 第 78 行，物件： obj/user/user#755 ("蓝天(island)")
呼叫来自：cmds/wiz/update.c 的 main() 第 27 行，物件： cmds/wiz/update ("0(0)")
错误
执行时段错误：*Bad argument 2 to present()
Expected: object Got: 0.

程式：cmds/wiz/update.c 第 27 行
物件：/cmds/wiz/update
呼叫来自：feature/command.c 的 command_hook() 第 78 行，物件： obj/user/user#755 ("蓝天(island)")
呼叫来自：cmds/wiz/update.c 的 main() 第 27 行，物件： cmds/wiz/update ("0(0)")
错误
执行时段错误：*Bad argument 1 to all_inventory()
Expected: object Got: 0.

程式：adm/obj/simul_efun.c 第 111 行
物件：/adm/obj/simul_efun
呼叫来自：feature/command.c 的 command_hook() 第 78 行，物件： obj/user/user#755 ("蓝天(island)")
呼叫来自：cmds/std/wield.c 的 main() 第 30 行，物件： cmds/std/wield ("0(0)")
呼叫来自：cmds/std/wield.c 的 do_wield() 第 40 行，物件： cmds/std/wield ("0(0)")
呼叫来自：adm/obj/simul_efun.c 的 message_vision() 第 111 行，物件： adm/obj/simul_efun ("0(0)")
错误
执行时段错误：*Bad argument 1 to all_inventory()
Expected: object Got: 0.

程式：adm/obj/simul_efun.c 第 111 行
物件：/adm/obj/simul_efun
呼叫来自：feature/command.c 的 command_hook() 第 78 行，物件： obj/user/user#755 ("蓝天(island)")
呼叫来自：cmds/std/unwield.c 的 main() 第 22 行，物件： cmds/std/unwield ("0(0)")
呼叫来自：adm/obj/simul_efun.c 的 message_vision() 第 111 行，物件： adm/obj/simul_efun ("0(0)")
错误
执行时段错误：*Bad argument 2 to present()
Expected: object Got: 0.

程式：cmds/arch/call.c 第 40 行
物件：/cmds/arch/call
呼叫来自：feature/command.c 的 command_hook() 第 78 行，物件： obj/user/user#755 ("蓝天(island)")
呼叫来自：cmds/arch/call.c 的 main() 第 40 行，物件： cmds/arch/call ("0(0)")
错误
执行时段错误：*Bad argument 2 to present()
Expected: object Got: 0.

程式：cmds/arch/call.c 第 40 行
物件：/cmds/arch/call
呼叫来自：feature/command.c 的 command_hook() 第 78 行，物件： obj/user/user#755 ("蓝天(island)")
呼叫来自：cmds/arch/call.c 的 main() 第 40 行，物件： cmds/arch/call ("0(0)")
错误
执行时段错误：*Bad argument 1 to all_inventory()
Expected: object Got: 0.

程式：adm/obj/simul_efun.c 第 111 行
物件：/adm/obj/simul_efun
呼叫来自：feature/command.c 的 command_hook() 第 78 行，物件： obj/user/user#755 ("蓝天(island)")
呼叫来自：cmds/std/wield.c 的 main() 第 18 行，物件： cmds/std/wield ("0(0)")
呼叫来自：cmds/std/wield.c 的 do_wield() 第 40 行，物件： cmds/std/wield ("0(0)")
呼叫来自：adm/obj/simul_efun.c 的 message_vision() 第 111 行，物件： adm/obj/simul_efun ("0(0)")
错误
执行时段错误：*Bad argument 2 to present()
Expected: object Got: 0.

程式：cmds/wiz/update.c 第 27 行
物件：/cmds/wiz/update
呼叫来自：feature/command.c 的 command_hook() 第 78 行，物件： obj/user/user#755 ("蓝天(island)")
呼叫来自：cmds/wiz/update.c 的 main() 第 27 行，物件： cmds/wiz/update ("0(0)")
错误
执行时段错误：*Bad argument 2 to present()
Expected: object Got: 0.

程式：cmds/wiz/update.c 第 27 行
物件：/cmds/wiz/update
呼叫来自：feature/command.c 的 command_hook() 第 78 行，物件： obj/user/user#755 ("蓝天(island)")
呼叫来自：cmds/wiz/update.c 的 main() 第 27 行，物件： cmds/wiz/update ("0(0)")
closed external ports
Initializing internal tables....

<---[1;37m《风云再现》[0;37;0m: MudOs v22pre11 (by wwj,Nov 22 2001) shutdown at Fri Jan 21 15:34:46 2000




<---[1;37m《风云再现》[0;37;0m: MudOs v22pre11 (by wwj,Nov 22 2001) startup on Microsoft Windows 98 at Fri Jan 21 15:34:48 2000

using config file: F:\fy\mudos\config.fy3
System Error: init_addr_server: connect: WSAECONNREFUSED
]simul_efun loaded successfully.

Loading preloaded files ...
Initializations complete.

Accepting connections on port 3333.
错误讯息被拦截: 
执行时段错误：*Denied read permission in restore_object().

程式：data/login/i/island/islandjbpodsh.c 第 54 行
物件：/data/login/i/island/islandjbpodsh#292
呼叫来自：adm/daemons/logind.c 的 get_passwd() 第 291 行，物件： adm/daemons/logind ("0(0)")
呼叫来自：adm/daemons/logind.c 的 check_ok() 第 417 行，物件： adm/daemons/logind ("0(0)")
呼叫来自：adm/daemons/logind.c 的 CATCH() 第 417 行，物件： adm/daemons/logind ("0(0)")
呼叫来自：adm/daemons/logind.c 的 enter_world() 第 959 行，物件： adm/daemons/logind ("0(0)")
呼叫来自：adm/daemons/updated.c 的 check_user() 第 15 行，物件： adm/daemons/updated ("0(0)")
呼叫来自：adm/daemons/updated.c 的 loadall() 第 84 行，物件： adm/daemons/updated ("0(0)")
呼叫来自：data/login/i/island/islandjbpodsh.c 的 restore() 第 54 行，物件： data/login/i/island/islandjbpodsh#292 ("[1;37m五天[2;37;0m(wutian)")
错误讯息被拦截: 
执行时段错误：*Denied read permission in restore_object().

程式：data/login/i/island/islandjbpodsh.c 第 54 行
物件：/data/login/i/island/islandjbpodsh#313
呼叫来自：adm/daemons/logind.c 的 get_passwd() 第 291 行，物件： adm/daemons/logind ("0(0)")
呼叫来自：adm/daemons/logind.c 的 check_ok() 第 417 行，物件： adm/daemons/logind ("0(0)")
呼叫来自：adm/daemons/logind.c 的 CATCH() 第 417 行，物件： adm/daemons/logind ("0(0)")
呼叫来自：adm/daemons/logind.c 的 enter_world() 第 959 行，物件： adm/daemons/logind ("0(0)")
呼叫来自：adm/daemons/updated.c 的 check_user() 第 15 行，物件： adm/daemons/updated ("0(0)")
呼叫来自：adm/daemons/updated.c 的 loadall() 第 84 行，物件： adm/daemons/updated ("0(0)")
呼叫来自：data/login/i/island/islandjbpodsh.c 的 restore() 第 54 行，物件： data/login/i/island/islandjbpodsh#313 ("[1;37m五天[2;37;0m(wutian)")
错误
执行时段错误：*Error in loading object '/d/fy/npc/prince'

程式：std/room/room.c 第 31 行
物件：/d/fy/poemp
呼叫来自：std/char/char.c 的 heart_beat() 第 166 行，物件： d/fy/npc/badguy#351 ("山西土匪(tufei)")
呼叫来自：std/char/npc.c 的 scan() 第 108 行，物件： d/fy/npc/badguy#351 ("山西土匪(tufei)")
呼叫来自：std/char/npc.c 的 chat() 第 143 行，物件： d/fy/npc/badguy#351 ("山西土匪(tufei)")
呼叫来自：<function> 的 <function>() 第 0 行，物件： d/fy/npc/badguy#351 ("山西土匪(tufei)")
呼叫来自：std/char/npc.c 的 random_move() 第 162 行，物件： d/fy/npc/badguy#351 ("山西土匪(tufei)")
呼叫来自：feature/command.c 的 command_hook() 第 78 行，物件： d/fy/npc/badguy#351 ("山西土匪(tufei)")
呼叫来自：cmds/std/go.c 的 main() 第 182 行，物件： cmds/std/go ("0(0)")
呼叫来自：d/fy/poemp.c 的 create() 第 29 行，物件： d/fy/poemp ("0(0)")
呼叫来自：std/room/room.c 的 setup() 第 267 行，物件： d/fy/poemp ("0(0)")
呼叫来自：std/room/room.c 的 reset() 第 100 行，物件： d/fy/poemp ("0(0)")
呼叫来自：std/room/room.c 的 make_inventory() 第 31 行，物件： d/fy/poemp ("0(0)")
Heart beat in d/fy/npc/badguy#351 turned off.
错误
执行时段错误：*Error in loading object '/d/fy/npc/prince'

程式：std/room/room.c 第 31 行
物件：/d/fy/poemp
呼叫来自：std/room/room.c 的 reset() 第 100 行，物件： d/fy/poemp ("0(0)")
呼叫来自：std/room/room.c 的 make_inventory() 第 31 行，物件： d/fy/poemp ("0(0)")
closed external ports
Initializing internal tables....

<---[1;37m《风云再现》[0;37;0m: MudOs v22pre11 (by wwj,Nov 22 2001) shutdown at Fri Jan 21 16:16:08 2000




<---[1;37m《风云再现》[0;37;0m: MudOs v22pre11 (by wwj,Nov 22 2001) startup on Microsoft Windows 98 at Fri Jan 21 16:16:09 2000

using config file: F:\fy\mudos\config.fy3
System Error: init_addr_server: gethostbyname: unknown error 11004
]simul_efun loaded successfully.

Loading preloaded files ...
Initializations complete.

Accepting connections on port 3333.
closed external ports
Initializing internal tables....

<---[1;37m《风云再现》[0;37;0m: MudOs v22pre11 (by wwj,Nov 22 2001) shutdown at Fri Jan 21 16:29:53 2000




<---[1;37m《风云再现》[0;37;0m: MudOs v22pre11 (by wwj,Nov 22 2001) startup on Microsoft Windows 98 at Fri Jan 21 16:29:54 2000

using config file: F:\fy\mudos\config.fy3
System Error: init_addr_server: gethostbyname: unknown error 11004
]simul_efun loaded successfully.

Loading preloaded files ...
Initializations complete.

Accepting connections on port 3333.
Initializing internal tables....

<---[1;37m《风云再现》[0;37;0m: MudOs v22pre11 (by wwj,Nov 22 2001) startup on Microsoft Windows 98 at Fri Jan 21 16:30:32 2000

using config file: F:\fy\mudos\config.fy3
System Error: init_addr_server: gethostbyname: unknown error 11004
]simul_efun loaded successfully.

Loading preloaded files ...
Initializations complete.

Accepting connections on port 3333.
错误
执行时段错误：*Bad argument 1 to call_other()
Expected: string or array or object Got: 0.

程式：adm/obj/simul_efun.c 第 46 行
物件：/adm/obj/simul_efun
呼叫来自：adm/daemons/logind.c 的 get_passwd() 第 291 行，物件： adm/daemons/logind ("0(0)")
呼叫来自：adm/daemons/logind.c 的 check_ok() 第 367 行，物件： adm/daemons/logind ("0(0)")
呼叫来自：adm/daemons/logind.c 的 find_body() 第 1122 行，物件： adm/daemons/logind ("0(0)")
呼叫来自：adm/obj/simul_efun.c 的 find_player() 第 46 行，物件： adm/obj/simul_efun ("0(0)")
错误
执行时段错误：*Bad argument 1 to call_other()
Expected: string or array or object Got: 0.

程式：adm/obj/simul_efun.c 第 46 行
物件：/adm/obj/simul_efun
呼叫来自：adm/daemons/logind.c 的 get_passwd() 第 291 行，物件： adm/daemons/logind ("0(0)")
呼叫来自：adm/daemons/logind.c 的 check_ok() 第 367 行，物件： adm/daemons/logind ("0(0)")
呼叫来自：adm/daemons/logind.c 的 find_body() 第 1122 行，物件： adm/daemons/logind ("0(0)")
呼叫来自：adm/obj/simul_efun.c 的 find_player() 第 46 行，物件： adm/obj/simul_efun ("0(0)")
Initializing internal tables....

<---[1;37m《风云再现》[0;37;0m: MudOs v22pre11 (by wwj,Nov 22 2001) startup on Microsoft Windows 98 at Fri Jan 21 16:31:38 2000

using config file: F:\fy\mudos\config.fy3
System Error: init_addr_server: gethostbyname: unknown error 11004
]simul_efun loaded successfully.

Loading preloaded files ...
Initializations complete.

Accepting connections on port 3333.
错误
执行时段错误：*Bad argument 1 to call_other()
Expected: string or array or object Got: 0.

程式：adm/obj/simul_efun.c 第 43 行
物件：/adm/obj/simul_efun
呼叫来自：adm/daemons/logind.c 的 get_passwd() 第 291 行，物件： adm/daemons/logind ("0(0)")
呼叫来自：adm/daemons/logind.c 的 check_ok() 第 367 行，物件： adm/daemons/logind ("0(0)")
呼叫来自：adm/daemons/logind.c 的 find_body() 第 1122 行，物件： adm/daemons/logind ("0(0)")
呼叫来自：adm/obj/simul_efun.c 的 find_player() 第 43 行，物件： adm/obj/simul_efun ("0(0)")
错误
执行时段错误：*Bad argument 1 to call_other()
Expected: string or array or object Got: 0.

程式：adm/obj/simul_efun.c 第 43 行
物件：/adm/obj/simul_efun
呼叫来自：adm/daemons/logind.c 的 get_passwd() 第 291 行，物件： adm/daemons/logind ("0(0)")
呼叫来自：adm/daemons/logind.c 的 check_ok() 第 367 行，物件： adm/daemons/logind ("0(0)")
呼叫来自：adm/daemons/logind.c 的 find_body() 第 1122 行，物件： adm/daemons/logind ("0(0)")
呼叫来自：adm/obj/simul_efun.c 的 find_player() 第 43 行，物件： adm/obj/simul_efun ("0(0)")
Initializing internal tables....

<---[1;37m《风云再现》[0;37;0m: MudOs v22pre11 (by wwj,Nov 22 2001) startup on Microsoft Windows 98 at Fri Jan 21 16:32:39 2000

using config file: F:\fy\mudos\config.fy3
System Error: init_addr_server: gethostbyname: unknown error 11004
]simul_efun loaded successfully.

Loading preloaded files ...
Initializations complete.

Accepting connections on port 3333.
closed external ports
Initializing internal tables....

<---[1;37m《风云再现》[0;37;0m: MudOs v22pre11 (by wwj,Nov 22 2001) shutdown at Fri Jan 21 16:36:19 2000




<---[1;37m《风云再现》[0;37;0m: MudOs v22pre11 (by wwj,Nov 22 2001) startup on Microsoft Windows 98 at Fri Jan 21 16:36:21 2000

using config file: F:\fy\mudos\config.fy3
System Error: init_addr_server: gethostbyname: unknown error 11004
]simul_efun loaded successfully.

Loading preloaded files ...
Initializations complete.

Accepting connections on port 3333.
错误
执行时段错误：*Error in loading object '/d/fy/npc/prince'

程式：std/room/room.c 第 31 行
物件：/d/fy/poemp
呼叫来自：std/char/char.c 的 heart_beat() 第 166 行，物件： d/fy/npc/badguy#294 ("山西土匪(tufei)")
呼叫来自：std/char/npc.c 的 scan() 第 108 行，物件： d/fy/npc/badguy#294 ("山西土匪(tufei)")
呼叫来自：std/char/npc.c 的 chat() 第 143 行，物件： d/fy/npc/badguy#294 ("山西土匪(tufei)")
呼叫来自：<function> 的 <function>() 第 0 行，物件： d/fy/npc/badguy#294 ("山西土匪(tufei)")
呼叫来自：std/char/npc.c 的 random_move() 第 162 行，物件： d/fy/npc/badguy#294 ("山西土匪(tufei)")
呼叫来自：feature/command.c 的 command_hook() 第 78 行，物件： d/fy/npc/badguy#294 ("山西土匪(tufei)")
呼叫来自：cmds/std/go.c 的 main() 第 182 行，物件： cmds/std/go ("0(0)")
呼叫来自：d/fy/poemp.c 的 create() 第 29 行，物件： d/fy/poemp ("0(0)")
呼叫来自：std/room/room.c 的 setup() 第 267 行，物件： d/fy/poemp ("0(0)")
呼叫来自：std/room/room.c 的 reset() 第 100 行，物件： d/fy/poemp ("0(0)")
呼叫来自：std/room/room.c 的 make_inventory() 第 31 行，物件： d/fy/poemp ("0(0)")
Heart beat in d/fy/npc/badguy#294 turned off.
错误
执行时段错误：*Error in loading object '/d/fy/npc/prince'

程式：std/room/room.c 第 31 行
物件：/d/fy/poemp
呼叫来自：std/room/room.c 的 reset() 第 100 行，物件： d/fy/poemp ("0(0)")
呼叫来自：std/room/room.c 的 make_inventory() 第 31 行，物件： d/fy/poemp ("0(0)")
closed external ports
Initializing internal tables....

<---[1;37m《风云再现》[0;37;0m: MudOs v22pre11 (by wwj,Nov 22 2001) shutdown at Fri Jan 21 17:10:34 2000




<---[1;37m《风云再现》[0;37;0m: MudOs v22pre11 (by wwj,Nov 22 2001) startup on Microsoft Windows 98 at Fri Jan 21 17:10:34 2000

using config file: F:\fy\mudos\config.fy3
System Error: init_addr_server: gethostbyname: unknown error 11004
]simul_efun loaded successfully.

Loading preloaded files ...
Initializations complete.

Accepting connections on port 3333.
错误讯息被拦截: 
执行时段错误：*Error in loading object '/cmds/std/give'

程式：cmds/wiz/update.c 第 65 行
物件：/cmds/wiz/update
呼叫来自：feature/command.c 的 command_hook() 第 78 行，物件： obj/user/user#377 ("蓝天(island)")
呼叫来自：cmds/wiz/update.c 的 main() 第 65 行，物件： cmds/wiz/update ("0(0)")
呼叫来自：cmds/wiz/update.c 的 CATCH() 第 65 行，物件： cmds/wiz/update ("0(0)")
错误讯息被拦截: 
执行时段错误：*Error in loading object '/cmds/std/give'

程式：cmds/wiz/update.c 第 65 行
物件：/cmds/wiz/update
呼叫来自：feature/command.c 的 command_hook() 第 78 行，物件： obj/user/user#377 ("蓝天(island)")
呼叫来自：cmds/wiz/update.c 的 main() 第 65 行，物件： cmds/wiz/update ("0(0)")
呼叫来自：cmds/wiz/update.c 的 CATCH() 第 65 行，物件： cmds/wiz/update ("0(0)")
错误讯息被拦截: 
执行时段错误：*Error in loading object '/cmds/std/give'

程式：cmds/wiz/update.c 第 65 行
物件：/cmds/wiz/update
呼叫来自：feature/command.c 的 command_hook() 第 78 行，物件： obj/user/user#377 ("蓝天(island)")
呼叫来自：cmds/wiz/update.c 的 main() 第 65 行，物件： cmds/wiz/update ("0(0)")
呼叫来自：cmds/wiz/update.c 的 CATCH() 第 65 行，物件： cmds/wiz/update ("0(0)")
错误讯息被拦截: 
执行时段错误：*Error in loading object '/cmds/std/drop'

程式：cmds/wiz/update.c 第 65 行
物件：/cmds/wiz/update
呼叫来自：feature/command.c 的 command_hook() 第 78 行，物件： obj/user/user#605 ("无我(cloud)")
呼叫来自：cmds/wiz/update.c 的 main() 第 65 行，物件： cmds/wiz/update ("0(0)")
呼叫来自：cmds/wiz/update.c 的 CATCH() 第 65 行，物件： cmds/wiz/update ("0(0)")
错误讯息被拦截: 
执行时段错误：*Error in loading object '/cmds/std/drop'

程式：cmds/wiz/update.c 第 65 行
物件：/cmds/wiz/update
呼叫来自：feature/command.c 的 command_hook() 第 78 行，物件： obj/user/user#605 ("无我(cloud)")
呼叫来自：cmds/wiz/update.c 的 main() 第 65 行，物件： cmds/wiz/update ("0(0)")
呼叫来自：cmds/wiz/update.c 的 CATCH() 第 65 行，物件： cmds/wiz/update ("0(0)")
错误讯息被拦截: 
执行时段错误：*Error in loading object '/cmds/std/drop'

程式：cmds/wiz/update.c 第 65 行
物件：/cmds/wiz/update
呼叫来自：feature/command.c 的 command_hook() 第 78 行，物件： obj/user/user#605 ("无我(cloud)")
呼叫来自：cmds/wiz/update.c 的 main() 第 65 行，物件： cmds/wiz/update ("0(0)")
呼叫来自：cmds/wiz/update.c 的 CATCH() 第 65 行，物件： cmds/wiz/update ("0(0)")
错误讯息被拦截: 
执行时段错误：*Error in loading object '/cmds/std/drop'

程式：cmds/wiz/update.c 第 65 行
物件：/cmds/wiz/update
呼叫来自：feature/command.c 的 command_hook() 第 78 行，物件： obj/user/user#605 ("无我(cloud)")
呼叫来自：cmds/wiz/update.c 的 main() 第 65 行，物件： cmds/wiz/update ("0(0)")
呼叫来自：cmds/wiz/update.c 的 CATCH() 第 65 行，物件： cmds/wiz/update ("0(0)")
错误
执行时段错误：*Error in loading object '/d/fy/npc/prince'

程式：std/room/room.c 第 31 行
物件：/d/fy/poemp
呼叫来自：std/char/char.c 的 heart_beat() 第 166 行，物件： d/fy/npc/badguy#985 ("山西土匪(tufei)")
呼叫来自：std/char/npc.c 的 scan() 第 108 行，物件： d/fy/npc/badguy#985 ("山西土匪(tufei)")
呼叫来自：std/char/npc.c 的 chat() 第 143 行，物件： d/fy/npc/badguy#985 ("山西土匪(tufei)")
呼叫来自：<function> 的 <function>() 第 0 行，物件： d/fy/npc/badguy#985 ("山西土匪(tufei)")
呼叫来自：std/char/npc.c 的 random_move() 第 162 行，物件： d/fy/npc/badguy#985 ("山西土匪(tufei)")
呼叫来自：feature/command.c 的 command_hook() 第 78 行，物件： d/fy/npc/badguy#985 ("山西土匪(tufei)")
呼叫来自：cmds/std/go.c 的 main() 第 184 行，物件： cmds/std/go ("0(0)")
呼叫来自：d/fy/poemp.c 的 create() 第 29 行，物件： d/fy/poemp ("0(0)")
呼叫来自：std/room/room.c 的 setup() 第 267 行，物件： d/fy/poemp ("0(0)")
呼叫来自：std/room/room.c 的 reset() 第 100 行，物件： d/fy/poemp ("0(0)")
呼叫来自：std/room/room.c 的 make_inventory() 第 31 行，物件： d/fy/poemp ("0(0)")
Heart beat in d/fy/npc/badguy#985 turned off.
错误讯息被拦截: 
执行时段错误：*Error in loading object '/cmds/std/put'

程式：cmds/wiz/update.c 第 65 行
物件：/cmds/wiz/update
呼叫来自：feature/command.c 的 command_hook() 第 78 行，物件： obj/user/user#605 ("无我(cloud)")
呼叫来自：cmds/wiz/update.c 的 main() 第 65 行，物件： cmds/wiz/update ("0(0)")
呼叫来自：cmds/wiz/update.c 的 CATCH() 第 65 行，物件： cmds/wiz/update ("0(0)")
错误讯息被拦截: 
执行时段错误：*Error in loading object '/cmds/std/put'

程式：cmds/wiz/update.c 第 65 行
物件：/cmds/wiz/update
呼叫来自：feature/command.c 的 command_hook() 第 78 行，物件： obj/user/user#605 ("无我(cloud)")
呼叫来自：cmds/wiz/update.c 的 main() 第 65 行，物件： cmds/wiz/update ("0(0)")
呼叫来自：cmds/wiz/update.c 的 CATCH() 第 65 行，物件： cmds/wiz/update ("0(0)")
错误
执行时段错误：*Error in loading object '/d/fy/npc/prince'

程式：std/room/room.c 第 31 行
物件：/d/fy/poemp
呼叫来自：std/room/room.c 的 reset() 第 100 行，物件： d/fy/poemp ("0(0)")
呼叫来自：std/room/room.c 的 make_inventory() 第 31 行，物件： d/fy/poemp ("0(0)")
错误讯息被拦截: 
执行时段错误：*Error in loading object '/cmds/std/makelove'

程式：cmds/adm/updateall.c 第 156 行
物件：/cmds/adm/updateall
呼叫来自：feature/command.c 的 command_hook() 第 78 行，物件： obj/user/user#605 ("无我(cloud)")
呼叫来自：cmds/adm/updateall.c 的 main() 第 44 行，物件： cmds/adm/updateall ("0(0)")
呼叫来自：cmds/adm/updateall.c 的 update_dir() 第 93 行，物件： cmds/adm/updateall ("0(0)")
呼叫来自：cmds/adm/updateall.c 的 update_file() 第 156 行，物件： cmds/adm/updateall ("0(0)")
呼叫来自：cmds/adm/updateall.c 的 CATCH() 第 156 行，物件： cmds/adm/updateall ("0(0)")
错误
执行时段错误：*Error in loading object '/d/fy/npc/prince'

程式：std/room/room.c 第 31 行
物件：/d/fy/poemp
呼叫来自：std/room/room.c 的 reset() 第 100 行，物件： d/fy/poemp ("0(0)")
呼叫来自：std/room/room.c 的 make_inventory() 第 31 行，物件： d/fy/poemp ("0(0)")
错误讯息被拦截: 
执行时段错误：*Error in loading object '/cmds/usr/mudlist'

程式：cmds/adm/updateall.c 第 156 行
物件：/cmds/adm/updateall
呼叫来自：feature/command.c 的 command_hook() 第 78 行，物件： obj/user/user#605 ("无我(cloud)")
呼叫来自：cmds/adm/updateall.c 的 main() 第 44 行，物件： cmds/adm/updateall ("0(0)")
呼叫来自：cmds/adm/updateall.c 的 update_dir() 第 93 行，物件： cmds/adm/updateall ("0(0)")
呼叫来自：cmds/adm/updateall.c 的 update_file() 第 156 行，物件： cmds/adm/updateall ("0(0)")
呼叫来自：cmds/adm/updateall.c 的 CATCH() 第 156 行，物件： cmds/adm/updateall ("0(0)")
错误讯息被拦截: 
执行时段错误：*Error in loading object '/cmds/usr/mudlist'

程式：adm/daemons/logind.c 第 82 行
物件：/adm/daemons/logind
呼叫来自：obj/user/login.c 的 logon() 第 27 行，物件： obj/user/login#1903 ("0(0)")
呼叫来自：adm/daemons/logind.c 的 logon() 第 82 行，物件： adm/daemons/logind ("0(0)")
呼叫来自：adm/daemons/logind.c 的 CATCH() 第 82 行，物件： adm/daemons/logind ("0(0)")
错误讯息被拦截: 
执行时段错误：*Error in loading object '/cmds/usr/mudlist'

程式：cmds/adm/updateall.c 第 156 行
物件：/cmds/adm/updateall
呼叫来自：feature/command.c 的 command_hook() 第 78 行，物件： obj/user/user#605 ("无我(cloud)")
呼叫来自：cmds/adm/updateall.c 的 main() 第 44 行，物件： cmds/adm/updateall ("0(0)")
呼叫来自：cmds/adm/updateall.c 的 update_dir() 第 93 行，物件： cmds/adm/updateall ("0(0)")
呼叫来自：cmds/adm/updateall.c 的 update_file() 第 156 行，物件： cmds/adm/updateall ("0(0)")
呼叫来自：cmds/adm/updateall.c 的 CATCH() 第 156 行，物件： cmds/adm/updateall ("0(0)")
错误讯息被拦截: 
执行时段错误：*Error in loading object '/cmds/usr/mail'

程式：cmds/adm/updateall.c 第 156 行
物件：/cmds/adm/updateall
呼叫来自：feature/command.c 的 command_hook() 第 78 行，物件： obj/user/user#605 ("无我(cloud)")
呼叫来自：cmds/adm/updateall.c 的 main() 第 44 行，物件： cmds/adm/updateall ("0(0)")
呼叫来自：cmds/adm/updateall.c 的 update_dir() 第 93 行，物件： cmds/adm/updateall ("0(0)")
呼叫来自：cmds/adm/updateall.c 的 update_file() 第 156 行，物件： cmds/adm/updateall ("0(0)")
呼叫来自：cmds/adm/updateall.c 的 CATCH() 第 156 行，物件： cmds/adm/updateall ("0(0)")
错误
执行时段错误：*Error in loading object '/d/fy/npc/prince'

程式：std/room/room.c 第 31 行
物件：/d/fy/poemp
呼叫来自：std/room/room.c 的 reset() 第 100 行，物件： d/fy/poemp ("0(0)")
呼叫来自：std/room/room.c 的 make_inventory() 第 31 行，物件： d/fy/poemp ("0(0)")
错误讯息被拦截: 
执行时段错误：*call_other() couldn't find object

程式：adm/daemons/logind.c 第 82 行
物件：/adm/daemons/logind
呼叫来自：obj/user/login.c 的 logon() 第 27 行，物件： obj/user/login#2039 ("0(0)")
呼叫来自：adm/daemons/logind.c 的 logon() 第 82 行，物件： adm/daemons/logind ("0(0)")
呼叫来自：adm/daemons/logind.c 的 CATCH() 第 82 行，物件： adm/daemons/logind ("0(0)")
错误
执行时段错误：*Wrong permissions for opening file /u/npc/log for append.
"No such file or directory"

程式：adm/obj/master.c 第 150 行
物件：/adm/obj/master
呼叫来自：feature/command.c 的 command_hook() 第 78 行，物件： obj/user/user#377 ("蓝天(island)")
呼叫来自：cmds/adm/updateall.c 的 main() 第 44 行，物件： cmds/adm/updateall ("0(0)")
呼叫来自：cmds/adm/updateall.c 的 update_dir() 第 116 行，物件： cmds/adm/updateall ("0(0)")
呼叫来自：cmds/adm/updateall.c 的 update_dir() 第 116 行，物件： cmds/adm/updateall ("0(0)")
呼叫来自：cmds/adm/updateall.c 的 update_dir() 第 116 行，物件： cmds/adm/updateall ("0(0)")
呼叫来自：cmds/adm/updateall.c 的 update_dir() 第 93 行，物件： cmds/adm/updateall ("0(0)")
呼叫来自：cmds/adm/updateall.c 的 update_file() 第 156 行，物件： cmds/adm/updateall ("0(0)")
呼叫来自：cmds/adm/updateall.c 的 CATCH() 第 156 行，物件： cmds/adm/updateall ("0(0)")
呼叫来自：adm/obj/master.c 的 log_error() 第 150 行，物件： adm/obj/master ("0(0)")
u/tangmen/npc/fang.c line 30: Undefined variable 'ccommand'
错误
执行时段错误：*Wrong permissions for opening file /u/npc/log for append.
"No such file or directory"

程式：adm/obj/master.c 第 150 行
物件：/adm/obj/master
呼叫来自：feature/command.c 的 command_hook() 第 78 行，物件： obj/user/user#377 ("蓝天(island)")
呼叫来自：cmds/adm/updateall.c 的 main() 第 44 行，物件： cmds/adm/updateall ("0(0)")
呼叫来自：cmds/adm/updateall.c 的 update_dir() 第 116 行，物件： cmds/adm/updateall ("0(0)")
呼叫来自：cmds/adm/updateall.c 的 update_dir() 第 116 行，物件： cmds/adm/updateall ("0(0)")
呼叫来自：cmds/adm/updateall.c 的 update_dir() 第 116 行，物件： cmds/adm/updateall ("0(0)")
呼叫来自：cmds/adm/updateall.c 的 update_dir() 第 93 行，物件： cmds/adm/updateall ("0(0)")
呼叫来自：cmds/adm/updateall.c 的 update_file() 第 156 行，物件： cmds/adm/updateall ("0(0)")
呼叫来自：cmds/adm/updateall.c 的 CATCH() 第 156 行，物件： cmds/adm/updateall ("0(0)")
呼叫来自：adm/obj/master.c 的 log_error() 第 150 行，物件： adm/obj/master ("0(0)")
u/tangmen/npc/fang.c line 30: parse error
错误
执行时段错误：*Wrong permissions for opening file /u/npc/log for append.
"No such file or directory"

程式：adm/obj/master.c 第 150 行
物件：/adm/obj/master
呼叫来自：feature/command.c 的 command_hook() 第 78 行，物件： obj/user/user#377 ("蓝天(island)")
呼叫来自：cmds/adm/updateall.c 的 main() 第 44 行，物件： cmds/adm/updateall ("0(0)")
呼叫来自：cmds/adm/updateall.c 的 update_dir() 第 116 行，物件： cmds/adm/updateall ("0(0)")
呼叫来自：cmds/adm/updateall.c 的 update_dir() 第 116 行，物件： cmds/adm/updateall ("0(0)")
呼叫来自：cmds/adm/updateall.c 的 update_dir() 第 116 行，物件： cmds/adm/updateall ("0(0)")
呼叫来自：cmds/adm/updateall.c 的 update_dir() 第 93 行，物件： cmds/adm/updateall ("0(0)")
呼叫来自：cmds/adm/updateall.c 的 update_file() 第 156 行，物件： cmds/adm/updateall ("0(0)")
呼叫来自：cmds/adm/updateall.c 的 CATCH() 第 156 行，物件： cmds/adm/updateall ("0(0)")
呼叫来自：adm/obj/master.c 的 log_error() 第 150 行，物件： adm/obj/master ("0(0)")
u/tangmen/npc/fang.c line 67: Illegal LHS
错误
执行时段错误：*Wrong permissions for opening file /u/npc/log for append.
"No such file or directory"

程式：adm/obj/master.c 第 150 行
物件：/adm/obj/master
呼叫来自：feature/command.c 的 command_hook() 第 78 行，物件： obj/user/user#377 ("蓝天(island)")
呼叫来自：cmds/adm/updateall.c 的 main() 第 44 行，物件： cmds/adm/updateall ("0(0)")
呼叫来自：cmds/adm/updateall.c 的 update_dir() 第 116 行，物件： cmds/adm/updateall ("0(0)")
呼叫来自：cmds/adm/updateall.c 的 update_dir() 第 116 行，物件： cmds/adm/updateall ("0(0)")
呼叫来自：cmds/adm/updateall.c 的 update_dir() 第 116 行，物件： cmds/adm/updateall ("0(0)")
呼叫来自：cmds/adm/updateall.c 的 update_dir() 第 93 行，物件： cmds/adm/updateall ("0(0)")
呼叫来自：cmds/adm/updateall.c 的 update_file() 第 156 行，物件： cmds/adm/updateall ("0(0)")
呼叫来自：cmds/adm/updateall.c 的 CATCH() 第 156 行，物件： cmds/adm/updateall ("0(0)")
呼叫来自：adm/obj/master.c 的 log_error() 第 150 行，物件： adm/obj/master ("0(0)")
u/tangmen/npc/fang.c line 67: parse error
错误
执行时段错误：*Wrong permissions for opening file /u/npc/log for append.
"No such file or directory"

程式：adm/obj/master.c 第 150 行
物件：/adm/obj/master
呼叫来自：feature/command.c 的 command_hook() 第 78 行，物件： obj/user/user#377 ("蓝天(island)")
呼叫来自：cmds/adm/updateall.c 的 main() 第 44 行，物件： cmds/adm/updateall ("0(0)")
呼叫来自：cmds/adm/updateall.c 的 update_dir() 第 116 行，物件： cmds/adm/updateall ("0(0)")
呼叫来自：cmds/adm/updateall.c 的 update_dir() 第 116 行，物件： cmds/adm/updateall ("0(0)")
呼叫来自：cmds/adm/updateall.c 的 update_dir() 第 116 行，物件： cmds/adm/updateall ("0(0)")
呼叫来自：cmds/adm/updateall.c 的 update_dir() 第 93 行，物件： cmds/adm/updateall ("0(0)")
呼叫来自：cmds/adm/updateall.c 的 update_file() 第 156 行，物件： cmds/adm/updateall ("0(0)")
呼叫来自：cmds/adm/updateall.c 的 CATCH() 第 156 行，物件： cmds/adm/updateall ("0(0)")
呼叫来自：adm/obj/master.c 的 log_error() 第 150 行，物件： adm/obj/master ("0(0)")
u/tangmen/npc/fang.c line 70: Illegal LHS
错误
执行时段错误：*Wrong permissions for opening file /u/npc/log for append.
"No such file or directory"

程式：adm/obj/master.c 第 150 行
物件：/adm/obj/master
呼叫来自：feature/command.c 的 command_hook() 第 78 行，物件： obj/user/user#377 ("蓝天(island)")
呼叫来自：cmds/adm/updateall.c 的 main() 第 44 行，物件： cmds/adm/updateall ("0(0)")
呼叫来自：cmds/adm/updateall.c 的 update_dir() 第 116 行，物件： cmds/adm/updateall ("0(0)")
呼叫来自：cmds/adm/updateall.c 的 update_dir() 第 116 行，物件： cmds/adm/updateall ("0(0)")
呼叫来自：cmds/adm/updateall.c 的 update_dir() 第 116 行，物件： cmds/adm/updateall ("0(0)")
呼叫来自：cmds/adm/updateall.c 的 update_dir() 第 93 行，物件： cmds/adm/updateall ("0(0)")
呼叫来自：cmds/adm/updateall.c 的 update_file() 第 156 行，物件： cmds/adm/updateall ("0(0)")
呼叫来自：cmds/adm/updateall.c 的 CATCH() 第 156 行，物件： cmds/adm/updateall ("0(0)")
呼叫来自：adm/obj/master.c 的 log_error() 第 150 行，物件： adm/obj/master ("0(0)")
u/tangmen/npc/fang.c line 70: parse error
错误讯息被拦截: 
执行时段错误：*Error in loading object '/u/tangmen/npc/fang'

程式：cmds/adm/updateall.c 第 156 行
物件：/cmds/adm/updateall
呼叫来自：feature/command.c 的 command_hook() 第 78 行，物件： obj/user/user#377 ("蓝天(island)")
呼叫来自：cmds/adm/updateall.c 的 main() 第 44 行，物件： cmds/adm/updateall ("0(0)")
呼叫来自：cmds/adm/updateall.c 的 update_dir() 第 116 行，物件： cmds/adm/updateall ("0(0)")
呼叫来自：cmds/adm/updateall.c 的 update_dir() 第 116 行，物件： cmds/adm/updateall ("0(0)")
呼叫来自：cmds/adm/updateall.c 的 update_dir() 第 116 行，物件： cmds/adm/updateall ("0(0)")
呼叫来自：cmds/adm/updateall.c 的 update_dir() 第 93 行，物件： cmds/adm/updateall ("0(0)")
呼叫来自：cmds/adm/updateall.c 的 update_file() 第 156 行，物件： cmds/adm/updateall ("0(0)")
呼叫来自：cmds/adm/updateall.c 的 CATCH() 第 156 行，物件： cmds/adm/updateall ("0(0)")
错误讯息被拦截: 
执行时段错误：*Error in loading object '/adm/updated'

程式：cmds/wiz/update.c 第 65 行
物件：/cmds/wiz/update
呼叫来自：feature/command.c 的 command_hook() 第 78 行，物件： obj/user/user#605 ("无我(cloud)")
呼叫来自：cmds/wiz/update.c 的 main() 第 65 行，物件： cmds/wiz/update ("0(0)")
呼叫来自：cmds/wiz/update.c 的 CATCH() 第 65 行，物件： cmds/wiz/update ("0(0)")
错误讯息被拦截: 
执行时段错误：*Error in loading object '/adm/updated'

程式：cmds/wiz/update.c 第 65 行
物件：/cmds/wiz/update
呼叫来自：feature/command.c 的 command_hook() 第 78 行，物件： obj/user/user#605 ("无我(cloud)")
呼叫来自：cmds/wiz/update.c 的 main() 第 65 行，物件： cmds/wiz/update ("0(0)")
呼叫来自：cmds/wiz/update.c 的 CATCH() 第 65 行，物件： cmds/wiz/update ("0(0)")
错误讯息被拦截: 
执行时段错误：*Error in loading object '/adm/daemons/logind'

程式：cmds/wiz/update.c 第 65 行
物件：/cmds/wiz/update
呼叫来自：feature/command.c 的 command_hook() 第 78 行，物件： obj/user/user#2702 ("蓝天(island)")
呼叫来自：cmds/wiz/update.c 的 main() 第 65 行，物件： cmds/wiz/update ("0(0)")
呼叫来自：cmds/wiz/update.c 的 CATCH() 第 65 行，物件： cmds/wiz/update ("0(0)")
错误
执行时段错误：*Error in loading object '/d/fy/npc/prince'

程式：std/room/room.c 第 31 行
物件：/d/fy/poemp
呼叫来自：std/room/room.c 的 reset() 第 100 行，物件： d/fy/poemp ("0(0)")
呼叫来自：std/room/room.c 的 make_inventory() 第 31 行，物件： d/fy/poemp ("0(0)")
错误讯息被拦截: 
执行时段错误：*Error in loading object '/adm/daemons/updated'

程式：cmds/wiz/update.c 第 65 行
物件：/cmds/wiz/update
呼叫来自：feature/command.c 的 command_hook() 第 78 行，物件： obj/user/user#2767 ("蓝天(island)")
呼叫来自：cmds/wiz/update.c 的 main() 第 65 行，物件： cmds/wiz/update ("0(0)")
呼叫来自：cmds/wiz/update.c 的 CATCH() 第 65 行，物件： cmds/wiz/update ("0(0)")
错误
执行时段错误：*Error in loading object '/d/fy/npc/prince'

程式：std/room/room.c 第 31 行
物件：/d/fy/poemp
呼叫来自：std/room/room.c 的 reset() 第 100 行，物件： d/fy/poemp ("0(0)")
呼叫来自：std/room/room.c 的 make_inventory() 第 31 行，物件： d/fy/poemp ("0(0)")
closed external ports
Initializing internal tables....

<---[1;37m《风云再现》[0;37;0m: MudOs v22pre11 (by wwj,Nov 22 2001) shutdown at Fri Jan 21 20:15:28 2000




<---[1;37m《风云再现》[0;37;0m: MudOs v22pre11 (by wwj,Nov 22 2001) startup on Microsoft Windows 98 at Fri Jan 21 20:15:28 2000

using config file: F:\fy\mudos\config.fy3
System Error: init_addr_server: gethostbyname: unknown error 11004
]simul_efun loaded successfully.

Loading preloaded files ...
Initializations complete.

Accepting connections on port 3333.
错误
执行时段错误：*call_other() couldn't find object

程式：cmds/wiz/summon.c 第 32 行
物件：/cmds/wiz/summon
呼叫来自：feature/command.c 的 command_hook() 第 78 行，物件： obj/user/user#249 ("蓝天(island)")
呼叫来自：cmds/wiz/summon.c 的 main() 第 32 行，物件： cmds/wiz/summon ("0(0)")
错误讯息被拦截: 
执行时段错误：*Error in loading object '/cmds/wiz/unchblk'

程式：cmds/adm/updateall.c 第 156 行
物件：/cmds/adm/updateall
呼叫来自：feature/command.c 的 command_hook() 第 78 行，物件： obj/user/user#249 ("蓝天(island)")
呼叫来自：cmds/adm/updateall.c 的 main() 第 44 行，物件： cmds/adm/updateall ("0(0)")
呼叫来自：cmds/adm/updateall.c 的 update_dir() 第 116 行，物件： cmds/adm/updateall ("0(0)")
呼叫来自：cmds/adm/updateall.c 的 update_dir() 第 93 行，物件： cmds/adm/updateall ("0(0)")
呼叫来自：cmds/adm/updateall.c 的 update_file() 第 156 行，物件： cmds/adm/updateall ("0(0)")
呼叫来自：cmds/adm/updateall.c 的 CATCH() 第 156 行，物件： cmds/adm/updateall ("0(0)")
错误
执行时段错误：*Denied read permission in restore_object().

程式：data/login/i/island/islandcooamck.c 第 54 行
物件：/data/login/i/island/islandcooamck#1450
呼叫来自：feature/command.c 的 command_hook() 第 78 行，物件： 0
呼叫来自：cmds/wiz/update.c 的 main() 第 31 行，物件： cmds/wiz/update ("0(0)")
呼叫来自：cmds/wiz/update.c 的 update_player() 第 137 行，物件： cmds/wiz/update ("0(0)")
呼叫来自：adm/daemons/logind.c 的 enter_world() 第 959 行，物件： adm/daemons/logind ("0(0)")
呼叫来自：adm/daemons/updated.c 的 check_user() 第 44 行，物件： adm/daemons/updated ("0(0)")
呼叫来自：adm/daemons/updated.c 的 loadall() 第 127 行，物件： adm/daemons/updated ("0(0)")
呼叫来自：data/login/i/island/islandcooamck.c 的 restore() 第 54 行，物件： data/login/i/island/islandcooamck#1450 ("[1;37m第一[2;37;0m(noasf)")
错误
执行时段错误：*Bad argument 2 to present()
Expected: object Got: 0.

程式：cmds/wiz/update.c 第 27 行
物件：/cmds/wiz/update
呼叫来自：feature/command.c 的 command_hook() 第 78 行，物件： obj/user/user#1449 ("蓝天(island)")
呼叫来自：cmds/wiz/update.c 的 main() 第 27 行，物件： cmds/wiz/update ("0(0)")
错误
执行时段错误：*Denied read permission in restore_object().

程式：data/login/i/island/islandcooamck.c 第 54 行
物件：/data/login/i/island/islandcooamck#1460
呼叫来自：feature/command.c 的 command_hook() 第 78 行，物件： 0
呼叫来自：cmds/wiz/update.c 的 main() 第 31 行，物件： cmds/wiz/update ("0(0)")
呼叫来自：cmds/wiz/update.c 的 update_player() 第 137 行，物件： cmds/wiz/update ("0(0)")
呼叫来自：adm/daemons/logind.c 的 enter_world() 第 959 行，物件： adm/daemons/logind ("0(0)")
呼叫来自：adm/daemons/updated.c 的 check_user() 第 44 行，物件： adm/daemons/updated ("0(0)")
呼叫来自：adm/daemons/updated.c 的 loadall() 第 127 行，物件： adm/daemons/updated ("0(0)")
呼叫来自：data/login/i/island/islandcooamck.c 的 restore() 第 54 行，物件： data/login/i/island/islandcooamck#1460 ("[1;37m第一[2;37;0m(noasf)")
Initializing internal tables....
][256D[K[1;31m【系统】蓝天[1;31m[Island][1;31m：断线了。
[2;37;0m[1;33m> [2;37;0m
<---[1;37m《风云再现》[0;37;0m: MudOs v22pre11 (by wwj,Nov 22 2001) startup on Microsoft Windows 98 at Fri Jan 21 20:49:04 2000

using config file: F:\fy\mudos\config.fy3
System Error: init_addr_server: gethostbyname: unknown error 11004
]simul_efun loaded successfully.

Loading preloaded files ...
Initializations complete.

Accepting connections on port 3333.
Initializing internal tables....

<---[1;37m《风云再现》[0;37;0m: MudOs v22pre11 (by wwj,Nov 22 2001) startup on Microsoft Windows 98 at Fri Jan 21 20:50:36 2000

using config file: F:\fy\mudos\config.fy3
System Error: init_addr_server: gethostbyname: unknown error 11004
]simul_efun loaded successfully.

Loading preloaded files ...
Initializations complete.

Accepting connections on port 3333.
Initializing internal tables....

<---[1;37m《风云再现》[0;37;0m: MudOs v22pre11 (by wwj,Nov 22 2001) startup on Microsoft Windows 98 at Fri Jan 21 20:51:56 2000

using config file: F:\fy\mudos\config.fy3
System Error: init_addr_server: gethostbyname: unknown error 11004
]simul_efun loaded successfully.

Loading preloaded files ...
Initializations complete.

Accepting connections on port 3333.
错误
执行时段错误：*Error in loading object '/adm/daemons/updated'

程式：adm/daemons/logind.c 第 959 行
物件：/adm/daemons/logind
呼叫来自：adm/daemons/logind.c 的 get_gender() 第 854 行，物件： adm/daemons/logind ("0(0)")
呼叫来自：adm/daemons/logind.c 的 enter_world() 第 959 行，物件： adm/daemons/logind ("0(0)")
错误讯息被拦截: 
执行时段错误：*Error in loading object '/u/island/workroom'

程式：cmds/wiz/update.c 第 65 行
物件：/cmds/wiz/update
呼叫来自：feature/command.c 的 command_hook() 第 78 行，物件： obj/user/user#402 ("蓝天(island)")
呼叫来自：cmds/wiz/update.c 的 main() 第 65 行，物件： cmds/wiz/update ("0(0)")
呼叫来自：cmds/wiz/update.c 的 CATCH() 第 65 行，物件： cmds/wiz/update ("0(0)")
错误
执行时段错误：*Error in loading object '/adm/daemons/updated'

程式：adm/daemons/logind.c 第 959 行
物件：/adm/daemons/logind
呼叫来自：feature/command.c 的 command_hook() 第 78 行，物件： 0
呼叫来自：cmds/wiz/update.c 的 main() 第 31 行，物件： cmds/wiz/update ("0(0)")
呼叫来自：cmds/wiz/update.c 的 update_player() 第 137 行，物件： cmds/wiz/update ("0(0)")
呼叫来自：adm/daemons/logind.c 的 enter_world() 第 959 行，物件： adm/daemons/logind ("0(0)")
错误讯息被拦截: 
执行时段错误：*Undefined function: loadall

程式：adm/daemons/updated.c 第 44 行
物件：/adm/daemons/updated
呼叫来自：adm/daemons/logind.c 的 get_passwd() 第 291 行，物件： adm/daemons/logind ("0(0)")
呼叫来自：adm/daemons/logind.c 的 check_ok() 第 417 行，物件： adm/daemons/logind ("0(0)")
呼叫来自：adm/daemons/logind.c 的 CATCH() 第 417 行，物件： adm/daemons/logind ("0(0)")
呼叫来自：adm/daemons/logind.c 的 enter_world() 第 959 行，物件： adm/daemons/logind ("0(0)")
呼叫来自：adm/daemons/updated.c 的 check_user() 第 44 行，物件： adm/daemons/updated ("0(0)")
Initializing internal tables....

<---[1;37m《风云再现》[0;37;0m: MudOs v22pre11 (by wwj,Nov 22 2001) startup on Microsoft Windows 98 at Fri Jan 21 20:58:01 2000

using config file: F:\fy\mudos\config.fy3
System Error: init_addr_server: gethostbyname: unknown error 11004
]simul_efun loaded successfully.

Loading preloaded files ...
Initializations complete.

Accepting connections on port 3333.
错误
执行时段错误：*Undefined function: loadall

程式：adm/daemons/updated.c 第 44 行
物件：/adm/daemons/updated
呼叫来自：adm/daemons/logind.c 的 get_gender() 第 854 行，物件： adm/daemons/logind ("0(0)")
呼叫来自：adm/daemons/logind.c 的 enter_world() 第 959 行，物件： adm/daemons/logind ("0(0)")
呼叫来自：adm/daemons/updated.c 的 check_user() 第 44 行，物件： adm/daemons/updated ("0(0)")
错误
执行时段错误：*Undefined function: loadall

程式：adm/daemons/updated.c 第 44 行
物件：/adm/daemons/updated
呼叫来自：feature/command.c 的 command_hook() 第 78 行，物件： 0
呼叫来自：cmds/wiz/update.c 的 main() 第 31 行，物件： cmds/wiz/update ("0(0)")
呼叫来自：cmds/wiz/update.c 的 update_player() 第 137 行，物件： cmds/wiz/update ("0(0)")
呼叫来自：adm/daemons/logind.c 的 enter_world() 第 959 行，物件： adm/daemons/logind ("0(0)")
呼叫来自：adm/daemons/updated.c 的 check_user() 第 44 行，物件： adm/daemons/updated ("0(0)")
Initializing internal tables....

<---[1;37m《风云再现》[0;37;0m: MudOs v22pre11 (by wwj,Nov 22 2001) startup on Microsoft Windows 98 at Fri Jan 21 21:06:19 2000

using config file: F:\fy\mudos\config.fy3
System Error: init_addr_server: gethostbyname: unknown error 11004
]simul_efun loaded successfully.

Loading preloaded files ...
Initializations complete.

Accepting connections on port 3333.
错误讯息被拦截: 
执行时段错误：*Error in loading object '/feature/move'

程式：cmds/wiz/update.c 第 65 行
物件：/cmds/wiz/update
呼叫来自：feature/command.c 的 command_hook() 第 78 行，物件： obj/user/user#328 ("蓝天(island)")
呼叫来自：cmds/wiz/update.c 的 main() 第 65 行，物件： cmds/wiz/update ("0(0)")
呼叫来自：cmds/wiz/update.c 的 CATCH() 第 65 行，物件： cmds/wiz/update ("0(0)")
错误讯息被拦截: 
执行时段错误：*Error in loading object '/feature/move'

程式：cmds/wiz/update.c 第 65 行
物件：/cmds/wiz/update
呼叫来自：feature/command.c 的 command_hook() 第 78 行，物件： obj/user/user#328 ("蓝天(island)")
呼叫来自：cmds/wiz/update.c 的 main() 第 65 行，物件： cmds/wiz/update ("0(0)")
呼叫来自：cmds/wiz/update.c 的 CATCH() 第 65 行，物件： cmds/wiz/update ("0(0)")
错误讯息被拦截: 
执行时段错误：*Error in loading object '/adm/daemons/combatd'

程式：cmds/wiz/update.c 第 65 行
物件：/cmds/wiz/update
呼叫来自：feature/command.c 的 command_hook() 第 78 行，物件： obj/user/user#328 ("蓝天(island)")
呼叫来自：cmds/wiz/update.c 的 main() 第 65 行，物件： cmds/wiz/update ("0(0)")
呼叫来自：cmds/wiz/update.c 的 CATCH() 第 65 行，物件： cmds/wiz/update ("0(0)")
错误讯息被拦截: 
执行时段错误：*Error in loading object '/adm/daemons/combatd'

程式：cmds/wiz/update.c 第 65 行
物件：/cmds/wiz/update
呼叫来自：feature/command.c 的 command_hook() 第 78 行，物件： obj/user/user#328 ("蓝天(island)")
呼叫来自：cmds/wiz/update.c 的 main() 第 65 行，物件： cmds/wiz/update ("0(0)")
呼叫来自：cmds/wiz/update.c 的 CATCH() 第 65 行，物件： cmds/wiz/update ("0(0)")
错误
执行时段错误：*Error in loading object '/adm/daemons/combatd'

程式：feature/attack.c 第 167 行
物件：/d/fy/npc/badguy#951
呼叫来自：std/char/char.c 的 heart_beat() 第 155 行，物件： d/fy/npc/badguy#951 ("山西土匪(tufei)")
呼叫来自：feature/attack.c 的 attack() 第 167 行，物件： d/fy/npc/badguy#951 ("山西土匪(tufei)")
Heart beat in d/fy/npc/badguy#951 turned off.
错误
执行时段错误：*Error in loading object '/adm/daemons/combatd'

程式：feature/attack.c 第 167 行
物件：/d/fy/npc/badguy#945
呼叫来自：std/char/char.c 的 heart_beat() 第 155 行，物件： d/fy/npc/badguy#945 ("山西土匪(tufei)")
呼叫来自：feature/attack.c 的 attack() 第 167 行，物件： d/fy/npc/badguy#945 ("山西土匪(tufei)")
Heart beat in d/fy/npc/badguy#945 turned off.
错误讯息被拦截: 
执行时段错误：*Bad argument 1 to call_other()
Expected: string or array or object Got: 0.

程式：adm/obj/simul_efun.c 第 123 行
物件：/adm/obj/simul_efun
呼叫来自：feature/command.c 的 command_hook() 第 78 行，物件： obj/user/user#328 ("蓝天(island)")
呼叫来自：cmds/adm/updateall.c 的 main() 第 44 行，物件： cmds/adm/updateall ("0(0)")
呼叫来自：cmds/adm/updateall.c 的 update_dir() 第 116 行，物件： cmds/adm/updateall ("0(0)")
呼叫来自：cmds/adm/updateall.c 的 update_dir() 第 93 行，物件： cmds/adm/updateall ("0(0)")
呼叫来自：cmds/adm/updateall.c 的 update_file() 第 156 行，物件： cmds/adm/updateall ("0(0)")
呼叫来自：cmds/adm/updateall.c 的 CATCH() 第 156 行，物件： cmds/adm/updateall ("0(0)")
呼叫来自：adm/daemons/questd.c 的 create() 第 27 行，物件： adm/daemons/questd ("0(0)")
呼叫来自：adm/daemons/questd.c 的 init_dynamic_quest() 第 58 行，物件： adm/daemons/questd ("0(0)")
呼叫来自：adm/daemons/questd.c 的 spread_quest() 第 78 行，物件： adm/daemons/questd ("0(0)")
呼叫来自：d/dali/bank1.c 的 create() 第 38 行，物件： d/dali/bank1 ("0(0)")
呼叫来自：std/room/room.c 的 setup() 第 267 行，物件： d/dali/bank1 ("0(0)")
呼叫来自：std/room/room.c 的 reset() 第 100 行，物件： d/dali/bank1 ("0(0)")
呼叫来自：std/room/room.c 的 make_inventory() 第 31 行，物件： d/dali/bank1 ("0(0)")
呼叫来自：d/dali/npc/shisi.c 的 create() 第 68 行，物件： d/dali/npc/shisi ("南宫十四郎(shisi)")
呼叫来自：std/char/npc.c 的 carry_object() 第 17 行，物件： d/dali/npc/shisi ("南宫十四郎(shisi)")
呼叫来自：adm/obj/simul_efun.c 的 unew() 第 123 行，物件： adm/obj/simul_efun ("0(0)")
Initializing internal tables....
