2003.06.15 10:24 B F:\login\w\wadefly.o <-- www.vmud.com /lonely/mudlib/data/login/w wadefly.o
2003.06.15 10:24 B F:\login\w\wait.o <-- www.vmud.com /lonely/mudlib/data/login/w wait.o
2003.06.15 10:24 B F:\login\w\wake.o <-- www.vmud.com /lonely/mudlib/data/login/w wake.o
2003.06.15 10:24 B F:\login\w\wakeup.o <-- www.vmud.com /lonely/mudlib/data/login/w wakeup.o
2003.06.15 10:24 B F:\login\w\walile.o <-- www.vmud.com /lonely/mudlib/data/login/w walile.o
2003.06.15 10:24 B F:\login\w\walilele.o <-- www.vmud.com /lonely/mudlib/data/login/w walilele.o
2003.06.15 10:24 B F:\login\w\walk.o <-- www.vmud.com /lonely/mudlib/data/login/w walk.o
2003.06.15 10:24 B F:\login\w\wanbo.o <-- www.vmud.com /lonely/mudlib/data/login/w wanbo.o
2003.06.15 10:24 B F:\login\w\wang.o <-- www.vmud.com /lonely/mudlib/data/login/w wang.o
2003.06.15 10:24 B F:\login\w\wanggang.o <-- www.vmud.com /lonely/mudlib/data/login/w wanggang.o
2003.06.15 10:24 B F:\login\w\wangwwh.o <-- www.vmud.com /lonely/mudlib/data/login/w wangwwh.o
2003.06.15 10:24 B F:\login\w\wanyan.o <-- www.vmud.com /lonely/mudlib/data/login/w wanyan.o
2003.06.15 10:24 B F:\login\w\watergenie.o <-- www.vmud.com /lonely/mudlib/data/login/w watergenie.o
2003.06.15 10:24 B F:\login\w\watermoon.o <-- www.vmud.com /lonely/mudlib/data/login/w watermoon.o
2003.06.15 10:24 B F:\login\w\waterspirt.o <-- www.vmud.com /lonely/mudlib/data/login/w waterspirt.o
2003.06.15 10:24 B F:\login\w\wayne.o <-- www.vmud.com /lonely/mudlib/data/login/w wayne.o
2003.06.15 10:24 B F:\login\w\wcw.o <-- www.vmud.com /lonely/mudlib/data/login/w wcw.o
2003.06.15 10:24 B F:\login\w\wei.o <-- www.vmud.com /lonely/mudlib/data/login/w wei.o
2003.06.15 10:24 B F:\login\w\weii.o <-- www.vmud.com /lonely/mudlib/data/login/w weii.o
2003.06.15 10:24 B F:\login\w\wench.o <-- www.vmud.com /lonely/mudlib/data/login/w wench.o
2003.06.15 10:24 B F:\login\w\west.o <-- www.vmud.com /lonely/mudlib/data/login/w west.o
2003.06.15 10:24 B F:\login\w\westover.o <-- www.vmud.com /lonely/mudlib/data/login/w westover.o
2003.06.15 10:24 B F:\login\w\wewe.o <-- www.vmud.com /lonely/mudlib/data/login/w wewe.o
2003.06.15 10:24 B F:\login\w\wgdl.o <-- www.vmud.com /lonely/mudlib/data/login/w wgdl.o
2003.06.15 10:24 B F:\login\w\wglryfwxy.o <-- www.vmud.com /lonely/mudlib/data/login/w wglryfwxy.o
2003.06.15 10:24 B F:\login\w\wgpj.o <-- www.vmud.com /lonely/mudlib/data/login/w wgpj.o
2003.06.15 10:24 B F:\login\w\wgpjjj.o <-- www.vmud.com /lonely/mudlib/data/login/w wgpjjj.o
2003.06.15 10:24 B F:\login\w\wgxs.o <-- www.vmud.com /lonely/mudlib/data/login/w wgxs.o
2003.06.15 10:24 B F:\login\w\when.o <-- www.vmud.com /lonely/mudlib/data/login/w when.o
2003.06.15 10:24 B F:\login\w\white.o <-- www.vmud.com /lonely/mudlib/data/login/w white.o
2003.06.15 10:24 B F:\login\w\who.o <-- www.vmud.com /lonely/mudlib/data/login/w who.o
2003.06.15 10:24 B F:\login\w\whz.o <-- www.vmud.com /lonely/mudlib/data/login/w whz.o
2003.06.15 10:24 B F:\login\w\wiltong.o <-- www.vmud.com /lonely/mudlib/data/login/w wiltong.o
2003.06.15 10:24 B F:\login\w\wind.o <-- www.vmud.com /lonely/mudlib/data/login/w wind.o
2003.06.15 10:24 B F:\login\w\windforce.o <-- www.vmud.com /lonely/mudlib/data/login/w windforce.o
2003.06.15 10:24 B F:\login\w\winds.o <-- www.vmud.com /lonely/mudlib/data/login/w winds.o
2003.06.15 10:25 B F:\login\w\windsc.o <-- www.vmud.com /lonely/mudlib/data/login/w windsc.o
2003.06.15 10:25 B F:\login\w\windsmile.o <-- www.vmud.com /lonely/mudlib/data/login/w windsmile.o
2003.06.15 10:25 B F:\login\w\wink.o <-- www.vmud.com /lonely/mudlib/data/login/w wink.o
2003.06.15 10:25 B F:\login\w\wint.o <-- www.vmud.com /lonely/mudlib/data/login/w wint.o
2003.06.15 10:25 B F:\login\w\winter.o <-- www.vmud.com /lonely/mudlib/data/login/w winter.o
2003.06.15 10:25 B F:\login\w\wisely.o <-- www.vmud.com /lonely/mudlib/data/login/w wisely.o
2003.06.15 10:25 B F:\login\w\wit.o <-- www.vmud.com /lonely/mudlib/data/login/w wit.o
2003.06.15 10:25 B F:\login\w\wizzle.o <-- www.vmud.com /lonely/mudlib/data/login/w wizzle.o
2003.06.15 10:25 B F:\login\w\wmkj.o <-- www.vmud.com /lonely/mudlib/data/login/w wmkj.o
2003.06.15 10:25 B F:\login\w\wnw.o <-- www.vmud.com /lonely/mudlib/data/login/w wnw.o
2003.06.15 10:25 B F:\login\w\woaini.o <-- www.vmud.com /lonely/mudlib/data/login/w woaini.o
2003.06.15 10:25 B F:\login\w\woainia.o <-- www.vmud.com /lonely/mudlib/data/login/w woainia.o
2003.06.15 10:25 B F:\login\w\wodao.o <-- www.vmud.com /lonely/mudlib/data/login/w wodao.o
2003.06.15 10:25 B F:\login\w\wolf.o <-- www.vmud.com /lonely/mudlib/data/login/w wolf.o
2003.06.15 10:25 B F:\login\w\wolfwood.o <-- www.vmud.com /lonely/mudlib/data/login/w wolfwood.o
2003.06.15 10:25 B F:\login\w\wolow.o <-- www.vmud.com /lonely/mudlib/data/login/w wolow.o
2003.06.15 10:25 B F:\login\w\wolverine.o <-- www.vmud.com /lonely/mudlib/data/login/w wolverine.o
2003.06.15 10:25 B F:\login\w\wolves.o <-- www.vmud.com /lonely/mudlib/data/login/w wolves.o
2003.06.15 10:25 B F:\login\w\woods.o <-- www.vmud.com /lonely/mudlib/data/login/w woods.o
2003.06.15 10:25 B F:\login\w\wsdw.o <-- www.vmud.com /lonely/mudlib/data/login/w wsdw.o
2003.06.15 10:25 B F:\login\w\wship.o <-- www.vmud.com /lonely/mudlib/data/login/w wship.o
2003.06.15 10:25 B F:\login\w\wuaiming.o <-- www.vmud.com /lonely/mudlib/data/login/w wuaiming.o
2003.06.15 10:25 B F:\login\w\wudang.o <-- www.vmud.com /lonely/mudlib/data/login/w wudang.o
2003.06.15 10:25 B F:\login\w\wudu.o <-- www.vmud.com /lonely/mudlib/data/login/w wudu.o
2003.06.15 10:25 B F:\login\w\wugui.o <-- www.vmud.com /lonely/mudlib/data/login/w wugui.o
2003.06.15 10:25 B F:\login\w\wuji.o <-- www.vmud.com /lonely/mudlib/data/login/w wuji.o
2003.06.15 10:25 B F:\login\w\wuliao.o <-- www.vmud.com /lonely/mudlib/data/login/w wuliao.o
2003.06.15 10:25 B F:\login\w\wumi.o <-- www.vmud.com /lonely/mudlib/data/login/w wumi.o
2003.06.15 10:25 B F:\login\w\wuwei.o <-- www.vmud.com /lonely/mudlib/data/login/w wuwei.o
2003.06.15 10:25 B F:\login\w\wuwumimi.o <-- www.vmud.com /lonely/mudlib/data/login/w wuwumimi.o
2003.06.15 10:25 B F:\login\w\wuxin.o <-- www.vmud.com /lonely/mudlib/data/login/w wuxin.o
2003.06.15 10:25 B F:\login\w\wuy.o <-- www.vmud.com /lonely/mudlib/data/login/w wuy.o
2003.06.15 10:25 B F:\login\w\wwwttt.o <-- www.vmud.com /lonely/mudlib/data/login/w wwwttt.o
2003.06.15 10:25 B F:\login\w\wwwww.o <-- www.vmud.com /lonely/mudlib/data/login/w wwwww.o
2003.06.15 10:25 B F:\login\w\wxt.o <-- www.vmud.com /lonely/mudlib/data/login/w wxt.o
2003.06.15 10:25 B F:\login\w\wxy.o <-- www.vmud.com /lonely/mudlib/data/login/w wxy.o
2003.06.15 10:25 B F:\login\w\wzw.o <-- www.vmud.com /lonely/mudlib/data/login/w wzw.o
