[44;1m[1;37mㄣ(nye) 來到星空彩繪於 Tue Jun 12 18:37:00 2001 。
[2;37;0m[44;1m[1;37mㄣ(nye) 來到星空彩繪於 Tue Jun 12 18:37:00 2001 。
[2;37;0m[44;1m[1;37mβ半成品(cominging) 來到星空彩繪於 Fri Jul  6 16:23:50 2001 。
[2;37;0m[44;1m[1;37mㄣ(nye) 來到星空彩繪於 Sat Jul 14 20:55:03 2001 。
[2;37;0m遊龍俠(kkeenn) 來到星空彩繪於 Fri Jul 20 14:06:32 2001 。
[2;37;0m可拉(kula) 來到星空彩繪於 Wed Jul 25 23:37:23 2001 。
[2;37;0m可拉(kula) 來到星空彩繪於 Thu Jul 26 01:36:28 2001 。
[2;37;0m可拉(kula) 來到星空彩繪於 Thu Jul 26 14:24:50 2001 。
[2;37;0m可拉(kula) 來到星空彩繪於 Thu Jul 26 14:52:51 2001 。
[2;37;0m遊龍俠(kkeenn) 來到星空彩繪於 Thu Jul 26 17:55:55 2001 。
[2;37;0m可拉(kula) 來到星空彩繪於 Wed Aug  1 03:27:20 2001 。
[2;37;0m可拉(kula) 來到星空彩繪於 Thu Aug  2 09:52:45 2001 。
[2;37;0m遊龍俠(kkeenn) 來到星空彩繪於 Sat Aug 11 18:10:36 2001 。
[2;37;0m遊龍俠(kkeenn) 來到星空彩繪於 Wed Aug 22 12:19:21 2001 。
[2;37;0m卯起來賣ㄚ伯的章魚燒(sasa) 來到星空彩繪於 Tue Sep 11 23:20:14 2001 。
[2;37;0m卯起來賣ㄚ伯的章魚燒(sasa) 來到星空彩繪於 Tue Sep 11 23:21:16 2001 。
[2;37;0m卯起來賣ㄚ伯的章魚燒(sasa) 來到星空彩繪於 Tue Sep 11 23:21:24 2001 。
[2;37;0m[44;1m[1;37mθ失敗品(acme) 來到星空彩繪於 Thu Sep 20 09:20:16 2001 。
[2;37;0m風清揚(truewind) 來到星空彩繪於 Fri Sep 28 04:46:48 2001 。
[2;37;0m風清揚(truewind) 來到星空彩繪於 Fri Sep 28 05:27:56 2001 。
[2;37;0m風清揚(truewind) 來到星空彩繪於 Fri Sep 28 05:29:57 2001 。
[2;37;0m風清揚(truewind) 來到星空彩繪於 Mon Oct  1 12:43:02 2001 。
[2;37;0m歐薩瑪．賓．拉登(macs) 來到星空彩繪於 Sun Oct  7 22:22:35 2001 。
[2;37;0m歐薩瑪．賓．拉登(macs) 來到星空彩繪於 Sun Oct  7 22:27:51 2001 。
[2;37;0m[44;1m[1;37mㄣ(nye) 來到星空彩繪於 Sun Oct 14 13:26:04 2001 。
[2;37;0m歐薩瑪．賓．拉登(macs) 來到星空彩繪於 Wed Oct 17 19:47:22 2001 。
[2;37;0m[1;33m養樂多[0m(moonhide) 來到星空彩繪於 Sat Oct 20 08:25:41 2001 。
[2;37;0m◆ＭＡＣＳ◆(macs) 來到星空彩繪於 Thu Nov  8 10:29:11 2001 。
[2;37;0m◆ＭＡＣＳ◆(macs) 來到星空彩繪於 Thu Nov  8 10:31:08 2001 。
[2;37;0m◆ＭＡＣＳ◆(macs) 來到星空彩繪於 Thu Nov  8 10:32:04 2001 。
[2;37;0m遊龍俠(kkeenn) 來到星空彩繪於 Sun Dec 30 12:47:01 2001 。
[2;37;0m遊龍俠(kkeenn) 來到星空彩繪於 Tue Jan  8 20:11:43 2002 。
[2;37;0m野狼１２５(macs) 來到星空彩繪於 Fri Mar  1 18:33:23 2002 。
[2;37;0m野狼１２５(macs) 來到星空彩繪於 Fri Mar  1 18:35:48 2002 。
[2;37;0m遊龍俠(kkeenn) 來到星空彩繪於 Sun Mar  3 13:02:24 2002 。
[2;37;0m[44;1m[1;37m可愛的小凱(alickyuen) 來到星空彩繪於 Tue May 14 01:58:34 2002 。
[2;37;0m豬肉貢丸(truewind) 來到星空彩繪於 Tue May 14 02:49:22 2002 。
[2;37;0m遊龍俠(kkeenn) 來到星空彩繪於 Tue May 14 13:42:11 2002 。
[2;37;0m電車痴漢(macs) 來到星空彩繪於 Tue May 14 16:57:22 2002 。
[2;37;0m電車痴漢(macs) 來到星空彩繪於 Tue May 14 16:59:33 2002 。
[2;37;0m電車痴漢(macs) 來到星空彩繪於 Tue May 14 17:04:56 2002 。
[2;37;0m大江翻瀾(truewind) 來到星空彩繪於 Tue May 14 17:08:58 2002 。
[2;37;0m小悟刀(anfernee) 來到星空彩繪於 Tue May 14 17:13:07 2002 。
[2;37;0m小悟刀(anfernee) 來到星空彩繪於 Tue May 14 17:15:01 2002 。
[2;37;0m唧唧(truewind) 來到星空彩繪於 Tue May 14 17:35:48 2002 。
[2;37;0m唧唧(truewind) 來到星空彩繪於 Tue May 14 17:35:50 2002 。
[2;37;0m唧唧(truewind) 來到星空彩繪於 Tue May 14 17:46:47 2002 。
[2;37;0m橆月(moon) 來到星空彩繪於 Tue May 14 17:47:19 2002 。
[2;37;0m橆月(moon) 來到星空彩繪於 Tue May 14 17:48:53 2002 。
[2;37;0m[44;1m[1;37m可愛的小凱(alickyuen) 來到星空彩繪於 Tue May 14 18:24:52 2002 。
[2;37;0m橆月(moon) 來到星空彩繪於 Tue May 14 18:47:43 2002 。
[2;37;0m莉莉(lily) 來到星空彩繪於 Tue May 14 18:51:56 2002 。
[2;37;0m莉莉(lily) 來到星空彩繪於 Tue May 14 18:52:06 2002 。
[2;37;0m橆月(moon) 來到星空彩繪於 Tue May 14 22:00:53 2002 。
[2;37;0m橆月(moon) 來到星空彩繪於 Wed May 15 14:49:17 2002 。
[2;37;0m瀧(sdo) 來到星空彩繪於 Wed May 15 17:22:27 2002 。
[2;37;0m唧唧(truewind) 來到星空彩繪於 Wed May 15 21:48:59 2002 。
[2;37;0m唧唧(truewind) 來到星空彩繪於 Wed May 15 22:36:01 2002 。
[2;37;0m『C』 程語‧鑽研中(moon) 來到星空彩繪於 Thu May 16 16:19:57 2002 。
[2;37;0m『C』 程語‧鑽研中(moon) 來到星空彩繪於 Thu May 16 16:42:33 2002 。
[2;37;0m『C』 程語‧鑽研中(moon) 來到星空彩繪於 Thu May 16 18:21:29 2002 。
[2;37;0m遊龍俠(kkeenn) 來到星空彩繪於 Sat May 18 11:38:15 2002 。
[2;37;0m電車痴漢(macs) 來到星空彩繪於 Sun May 19 10:44:07 2002 。
[2;37;0m唧唧(truewind) 來到星空彩繪於 Sun May 19 16:44:50 2002 。
[2;37;0m唧唧(truewind) 來到星空彩繪於 Sun May 19 16:58:38 2002 。
[2;37;0m唧唧(truewind) 來到星空彩繪於 Sun May 19 19:07:19 2002 。
[2;37;0m『C』邏輯‧判斷中(moon) 來到星空彩繪於 Sun May 19 19:42:35 2002 。
[2;37;0m唧唧(truewind) 來到星空彩繪於 Sun May 19 19:53:00 2002 。
[2;37;0m[44;1m[1;37m I am Doing the Pastpaper!(alickyuen) 來到星空彩繪於 Sun May 19 23:07:33 2002 。
[2;37;0m遊龍俠(kkeenn) 來到星空彩繪於 Mon May 20 00:33:10 2002 。
[2;37;0m阿不思●鄧不利多(piliykt) 來到星空彩繪於 Mon May 20 10:25:05 2002 。
[2;37;0m可拉(kula) 來到星空彩繪於 Mon May 20 11:03:39 2002 。
[2;37;0m瀧(sdo) 來到星空彩繪於 Mon May 20 23:29:30 2002 。
[2;37;0m可拉(kula) 來到星空彩繪於 Tue May 21 00:35:15 2002 。
[2;37;0m電車痴漢(macs) 來到星空彩繪於 Tue May 21 07:29:18 2002 。
[2;37;0m悟空(truewind) 來到星空彩繪於 Wed May 22 16:11:35 2002 。
[2;37;0m遊龍俠(kkeenn) 來到星空彩繪於 Thu May 23 20:33:19 2002 。
[2;37;0m電車痴漢(macs) 來到星空彩繪於 Sun May 26 10:38:59 2002 。
[2;37;0m遊龍俠(kkeenn) 來到星空彩繪於 Sun May 26 14:39:56 2002 。
[2;37;0m瀧(sdo) 來到星空彩繪於 Sun May 26 14:41:25 2002 。
[2;37;0m瀧(sdo) 來到星空彩繪於 Sun May 26 14:42:31 2002 。
[2;37;0m上官憐兒(muder) 來到星空彩繪於 Sun May 26 20:25:28 2002 。
[2;37;0m瀧(sdo) 來到星空彩繪於 Mon May 27 12:36:42 2002 。
[2;37;0m悟空(truewind) 來到星空彩繪於 Tue May 28 14:19:19 2002 。
[2;37;0m悟空(truewind) 來到星空彩繪於 Sat Jun  1 00:53:51 2002 。
[2;37;0m[44;1m[1;37m流影(acme) 來到星空彩繪於 Sat Jun  1 03:24:16 2002 。
[2;37;0m悟空(truewind) 來到星空彩繪於 Sat Jun  1 12:08:39 2002 。
[2;37;0m橆月(moon) 來到星空彩繪於 Sat Jun  1 22:35:07 2002 。
[2;37;0m遊龍俠(kkeenn) 來到星空彩繪於 Sat Jun  1 23:34:17 2002 。
[2;37;0m悟空(truewind) 來到星空彩繪於 Sun Jun  2 02:42:33 2002 。
[2;37;0m悟空(truewind) 來到星空彩繪於 Sun Jun  2 03:05:00 2002 。
[2;37;0m瀧(sdo) 來到星空彩繪於 Sun Jun  2 04:16:35 2002 。
[2;37;0m悟空(truewind) 來到星空彩繪於 Sun Jun  2 15:09:53 2002 。
[2;37;0m金色龍皇(kkeenn) 來到星空彩繪於 Sun Jun  2 15:26:24 2002 。
[2;37;0m悟空(truewind) 來到星空彩繪於 Mon Jun  3 01:45:52 2002 。
[2;37;0m小祖(formation) 來到星空彩繪於 Mon Jun  3 15:01:32 2002 。
[2;37;0m小祖(formation) 來到星空彩繪於 Wed Jun  5 21:39:21 2002 。
[2;37;0m悟空(truewind) 來到星空彩繪於 Thu Jun  6 12:53:54 2002 。
[2;37;0m築夢(etlin) 來到星空彩繪於 Thu Jun  6 15:50:49 2002 。
[2;37;0m橆月(moon) 來到星空彩繪於 Thu Jun  6 16:32:04 2002 。
[2;37;0m悟空(truewind) 來到星空彩繪於 Thu Jun  6 17:01:38 2002 。
[2;37;0m上官憐兒(muder) 來到星空彩繪於 Fri Jun  7 06:58:44 2002 。
[2;37;0m哈利未夠班，哈比好棒啊(baal) 來到星空彩繪於 Fri Jun  7 18:19:49 2002 。
[2;37;0m悟空(truewind) 來到星空彩繪於 Fri Jun  7 19:50:14 2002 。
[2;37;0m悟空(truewind) 來到星空彩繪於 Sat Jun  8 02:40:37 2002 。
[2;37;0m悟空(truewind) 來到星空彩繪於 Sat Jun  8 12:34:00 2002 。
[2;37;0m上官憐兒(muder) 來到星空彩繪於 Sun Jun  9 03:16:07 2002 。
[2;37;0m悟空(truewind) 來到星空彩繪於 Sun Jun  9 03:48:42 2002 。
[2;37;0m悟空(truewind) 來到星空彩繪於 Sun Jun  9 10:12:14 2002 。
[2;37;0m遊龍俠(kkeenn) 來到星空彩繪於 Sun Jun  9 16:03:09 2002 。
[2;37;0m阿不思●鄧不利多(piliykt) 來到星空彩繪於 Sun Jun  9 16:22:31 2002 。
[2;37;0m※橆月※(moon) 來到星空彩繪於 Sun Jun  9 17:26:14 2002 。
[2;37;0mㄣ(nye) 來到星空彩繪於 Sun Jun  9 18:27:10 2002 。
[2;37;0m※橆月※(moon) 來到星空彩繪於 Sun Jun  9 22:07:26 2002 。
[2;37;0m悟空(truewind) 來到星空彩繪於 Sun Jun  9 22:14:20 2002 。
[2;37;0m築夢(etlin) 來到星空彩繪於 Mon Jun 10 14:01:06 2002 。
[2;37;0m電車痴漢(macs) 來到星空彩繪於 Mon Jun 10 16:40:32 2002 。
[2;37;0m悟空(truewind) 來到星空彩繪於 Wed Jun 12 00:00:46 2002 。
[2;37;0m悟空(truewind) 來到星空彩繪於 Wed Jun 12 13:14:45 2002 。
[2;37;0m悟空(truewind) 來到星空彩繪於 Thu Jun 13 07:10:55 2002 。
[2;37;0m遊龍俠(kkeenn) 來到星空彩繪於 Thu Jun 13 22:35:25 2002 。
[2;37;0m來一客。方[ˍＯˍ|||](muder) 來到星空彩繪於 Fri Jun 14 06:52:12 2002 。
[2;37;0m悟空(truewind) 來到星空彩繪於 Sat Jun 15 18:54:29 2002 。
[2;37;0m遊龍俠(kkeenn) 來到星空彩繪於 Sun Jun 16 00:15:50 2002 。
[2;37;0m白爛神。悟空[==.==|||](truewind) 來到星空彩繪於 Sun Jun 16 15:41:21 2002 。
[2;37;0m遊龍俠(kkeenn) 來到星空彩繪於 Sun Jun 16 18:58:17 2002 。
[2;37;0m白爛神。悟空[==.==|||](truewind) 來到星空彩繪於 Sun Jun 16 22:31:21 2002 。
[2;37;0m來一客。方[ˍＯˍ|||](muder) 來到星空彩繪於 Tue Jun 18 07:05:21 2002 。
[2;37;0m電車痴漢(macs) 來到星空彩繪於 Tue Jun 18 15:37:44 2002 。
[2;37;0m遊龍俠(kkeenn) 來到星空彩繪於 Sun Jun 23 13:23:19 2002 。
[2;37;0m[1;37m路人[0m(moon) 來到星空彩繪於 Mon Jun 24 07:44:38 2002 。
[2;37;0m遊龍俠(kkeenn) 來到星空彩繪於 Mon Jun 24 20:03:15 2002 。
[2;37;0m遊龍俠(kkeenn) 來到星空彩繪於 Mon Jun 24 20:03:19 2002 。
[2;37;0m來一客。方[ˍＯˍ|||](muder) 來到星空彩繪於 Sat Jun 29 15:40:14 2002 。
[2;37;0m遊龍俠(kkeenn) 來到星空彩繪於 Sun Jun 30 22:44:47 2002 。
[2;37;0m遊龍俠(kkeenn) 來到星空彩繪於 Wed Jul  3 00:23:02 2002 。
[2;37;0m[44;1m[1;37m藍藍的下雨天(acme) 來到星空彩繪於 Wed Jul  3 19:28:33 2002 。
[2;37;0m遊龍俠(kkeenn) 來到星空彩繪於 Thu Jul  4 19:09:25 2002 。
[2;37;0m來一客。方[ˍＯˍ|||](muder) 來到星空彩繪於 Sun Jul  7 17:48:21 2002 。
[2;37;0m來一客。方[ˍＯˍ|||](muder) 來到星空彩繪於 Mon Jul  8 20:16:44 2002 。
[2;37;0m來一客。方[ˍＯˍ|||](muder) 來到星空彩繪於 Mon Jul  8 20:51:13 2002 。
[2;37;0m[44;1m[1;37m藍藍的下雨天(acme) 來到星空彩繪於 Wed Jul 10 00:45:48 2002 。
[2;37;0m遊龍俠(kkeenn) 來到星空彩繪於 Wed Jul 10 00:46:26 2002 。
[2;37;0m變臉《奮發中》(faceoff) 來到星空彩繪於 Thu Jul 11 15:16:22 2002 。
[2;37;0m悟空(truewind) 來到星空彩繪於 Thu Jul 11 19:36:30 2002 。
[2;37;0m悟空(truewind) 來到星空彩繪於 Thu Jul 11 23:43:23 2002 。
[2;37;0m來一客。方[－Ｏ－|||](muder) 來到星空彩繪於 Fri Jul 12 17:58:15 2002 。
[2;37;0m來一客。方[－Ｏ－|||](muder) 來到星空彩繪於 Fri Jul 12 22:18:53 2002 。
[2;37;0m悟空(truewind) 來到星空彩繪於 Fri Jul 12 23:39:26 2002 。
[2;37;0m悟空(truewind) 來到星空彩繪於 Fri Jul 12 23:42:39 2002 。
[2;37;0m悟空(truewind) 來到星空彩繪於 Sat Jul 13 18:05:27 2002 。
[2;37;0m遊龍俠(kkeenn) 來到星空彩繪於 Sat Jul 13 18:19:31 2002 。
[2;37;0mㄚ豪(moon) 來到星空彩繪於 Sat Jul 13 19:04:06 2002 。
[2;37;0m悟空(truewind) 來到星空彩繪於 Sat Jul 13 19:22:04 2002 。
[2;37;0m悟空(truewind) 來到星空彩繪於 Sat Jul 13 23:12:25 2002 。
[2;37;0m悟空(truewind) 來到星空彩繪於 Sun Jul 14 00:57:29 2002 。
[2;37;0m窮人(moon) 來到星空彩繪於 Sun Jul 14 19:04:59 2002 。
[2;37;0m〥完全品(release) 來到星空彩繪於 Mon Jul 15 22:02:53 2002 。
[2;37;0m亞洲岩燒集團(macs) 來到星空彩繪於 Tue Jul 16 14:57:06 2002 。
[2;37;0m悟空(truewind) 來到星空彩繪於 Tue Jul 16 22:52:33 2002 。
[2;37;0m不裝酒的杯子(truewind) 來到星空彩繪於 Wed Jul 17 23:04:32 2002 。
[2;37;0m遊龍俠(kkeenn) 來到星空彩繪於 Wed Jul 17 23:53:03 2002 。
[2;37;0m愛推倒的怪叔叔(truewind) 來到星空彩繪於 Thu Jul 18 00:38:26 2002 。
[2;37;0m愛推倒的怪叔叔(truewind) 來到星空彩繪於 Thu Jul 18 00:39:57 2002 。
[2;37;0m小悟刀(anfernee) 來到星空彩繪於 Thu Jul 18 08:50:52 2002 。
[2;37;0m愛推倒的怪叔叔(truewind) 來到星空彩繪於 Thu Jul 18 13:53:01 2002 。
[2;37;0m愛推倒的怪叔叔(truewind) 來到星空彩繪於 Thu Jul 18 14:00:22 2002 。
[2;37;0m愛推倒的怪叔叔(truewind) 來到星空彩繪於 Thu Jul 18 14:00:28 2002 。
[2;37;0m愛推倒的怪叔叔(truewind) 來到星空彩繪於 Thu Jul 18 14:38:05 2002 。
[2;37;0m愛推倒的怪叔叔(truewind) 來到星空彩繪於 Thu Jul 18 15:19:49 2002 。
[2;37;0m遊龍俠(kkeenn) 來到星空彩繪於 Thu Jul 18 18:18:17 2002 。
[2;37;0m愛推倒的怪叔叔(truewind) 來到星空彩繪於 Thu Jul 18 19:57:01 2002 。
[2;37;0m愛推倒的怪叔叔(truewind) 來到星空彩繪於 Thu Jul 18 19:57:37 2002 。
[2;37;0m遊龍俠(kkeenn) 來到星空彩繪於 Thu Jul 18 23:26:38 2002 。
[2;37;0m愛推倒的怪叔叔(truewind) 來到星空彩繪於 Thu Jul 18 23:59:00 2002 。
[2;37;0m愛推倒的怪叔叔(truewind) 來到星空彩繪於 Fri Jul 19 11:02:07 2002 。
[2;37;0m愛推倒的怪叔叔(truewind) 來到星空彩繪於 Fri Jul 19 11:03:00 2002 。
[2;37;0m愛推倒的怪叔叔(truewind) 來到星空彩繪於 Fri Jul 19 16:40:54 2002 。
[2;37;0m愛推倒的怪叔叔(truewind) 來到星空彩繪於 Sat Jul 20 00:10:31 2002 。
[2;37;0m愛推倒的怪叔叔(truewind) 來到星空彩繪於 Sat Jul 20 00:26:24 2002 。
[2;37;0m愛推倒的怪叔叔(truewind) 來到星空彩繪於 Tue Jul 23 11:39:07 2002 。
[2;37;0m[44;1m[1;37m嗶巴你個隆地咚[￣▽￣|||](alickyuen) 來到星空彩繪於 Tue Jul 23 12:43:19 2002 。
[2;37;0m愛推倒的怪叔叔(truewind) 來到星空彩繪於 Tue Jul 23 22:56:37 2002 。
[2;37;0m愛推倒的怪叔叔(truewind) 來到星空彩繪於 Wed Jul 24 01:59:40 2002 。
[2;37;0m愛推倒的怪叔叔(truewind) 來到星空彩繪於 Wed Jul 24 09:48:52 2002 。
[2;37;0m愛推倒的怪叔叔(truewind) 來到星空彩繪於 Wed Jul 24 12:09:43 2002 。
[2;37;0m愛推倒的怪叔叔(truewind) 來到星空彩繪於 Wed Jul 24 14:26:56 2002 。
[2;37;0m愛推倒的怪叔叔(truewind) 來到星空彩繪於 Thu Jul 25 10:55:03 2002 。
[2;37;0m來一客。方[－Ｏ－|||](muder) 來到星空彩繪於 Sat Jul 27 05:43:25 2002 。
[2;37;0m遊龍俠(kkeenn) 來到星空彩繪於 Mon Jul 29 19:18:03 2002 。
[2;37;0m愛推倒的怪叔叔(truewind) 來到星空彩繪於 Tue Jul 30 01:26:04 2002 。
[2;37;0m愛推倒的怪叔叔(truewind) 來到星空彩繪於 Tue Jul 30 02:32:10 2002 。
[2;37;0m愛推倒的怪叔叔(truewind) 來到星空彩繪於 Tue Jul 30 13:17:38 2002 。
[2;37;0m愛推倒的怪叔叔(truewind) 來到星空彩繪於 Tue Jul 30 13:37:54 2002 。
[2;37;0m愛推倒的怪叔叔(truewind) 來到星空彩繪於 Tue Jul 30 16:41:53 2002 。
[2;37;0m愛推倒的怪叔叔(truewind) 來到星空彩繪於 Tue Jul 30 20:39:52 2002 。
[2;37;0m遊龍俠(kkeenn) 來到星空彩繪於 Tue Jul 30 23:24:03 2002 。
[2;37;0m無力感加重(muder) 來到星空彩繪於 Thu Aug  1 17:40:25 2002 。
[2;37;0m[44;1m[1;37m藍藍的天(shengsan) 來到星空彩繪於 Fri Aug  2 12:25:08 2002 。
[2;37;0m[44;1m[1;37m藍藍的天(shengsan) 來到星空彩繪於 Fri Aug  2 16:57:37 2002 。
[2;37;0m動感超人(macs) 來到星空彩繪於 Sun Aug  4 12:38:50 2002 。
[2;37;0m梅菲斯特(hiko) 來到星空彩繪於 Sun Aug 11 14:41:15 2002 。
[2;37;0m梅菲斯特(hiko) 來到星空彩繪於 Sun Aug 11 14:51:32 2002 。
[2;37;0m梅菲斯特(hiko) 來到星空彩繪於 Sun Aug 11 14:57:12 2002 。
[2;37;0m梅菲斯特(hiko) 來到星空彩繪於 Sun Aug 11 14:58:08 2002 。
[2;37;0m[44;1m[1;37m奇(tmr) 來到星空彩繪於 Sun Aug 11 15:00:11 2002 。
[2;37;0m孤塚(frank) 來到星空彩繪於 Sun Aug 11 22:25:09 2002 。
[2;37;0m裸體小精靈(truewind) 來到星空彩繪於 Wed Aug 14 14:48:47 2002 。
[2;37;0m[44;1m[1;37m流影(acme) 來到星空彩繪於 Wed Aug 14 21:54:40 2002 。
[2;37;0m野蠻水餃(truewind) 來到星空彩繪於 Thu Aug 15 16:57:51 2002 。
[2;37;0m野蠻水餃(truewind) 來到星空彩繪於 Thu Aug 15 16:57:57 2002 。
[2;37;0m孤塚(frank) 來到星空彩繪於 Fri Aug 16 10:59:01 2002 。
[2;37;0m遊龍俠(kkeenn) 來到星空彩繪於 Sun Aug 25 01:10:45 2002 。
[2;37;0m遊龍俠(kkeenn) 來到星空彩繪於 Sun Aug 25 01:10:53 2002 。
[2;37;0m動感超人(macs) 來到星空彩繪於 Fri Sep  6 23:08:46 2002 。
[2;37;0m梅菲斯特(hiko) 來到星空彩繪於 Sat Sep  7 15:57:42 2002 。
[2;37;0m梅菲斯特(hiko) 來到星空彩繪於 Sat Sep  7 17:09:36 2002 。
[2;37;0m悠閒過日子(jangshow) 來到星空彩繪於 Sat Sep  7 18:21:13 2002 。
[2;37;0m梅菲斯特(hiko) 來到星空彩繪於 Sat Sep  7 19:13:01 2002 。
[2;37;0m野蠻水餃(truewind) 來到星空彩繪於 Sat Sep  7 19:13:37 2002 。
[2;37;0m丫～看破了啦(macs) 來到星空彩繪於 Thu Sep 19 16:12:07 2002 。
[2;37;0m遊龍俠(kkeenn) 來到星空彩繪於 Sat Sep 21 13:55:58 2002 。
[2;37;0m野蠻水餃(truewind) 來到星空彩繪於 Tue Sep 24 23:26:22 2002 。
[2;37;0m野蠻水餃(truewind) 來到星空彩繪於 Wed Sep 25 11:15:14 2002 。
[2;37;0m野蠻水餃(truewind) 來到星空彩繪於 Wed Sep 25 16:41:06 2002 。
[2;37;0m梅菲斯特(hiko) 來到星空彩繪於 Wed Sep 25 20:44:34 2002 。
[2;37;0m梅菲斯特(hiko) 來到星空彩繪於 Sun Oct  6 15:14:10 2002 。
[2;37;0m小悟刀(anfernee) 來到星空彩繪於 Thu Oct 17 20:17:22 2002 。
[2;37;0m小悟刀(anfernee) 來到星空彩繪於 Fri Oct 18 01:29:11 2002 。
[2;37;0m[44;1m[1;37m流影(acme) 來到星空彩繪於 Sat Oct 19 12:01:39 2002 。
[2;37;0m遊龍俠(kkeenn) 來到星空彩繪於 Sun Oct 27 00:52:59 2002 。
[2;37;0m梅菲斯特(hiko) 來到星空彩繪於 Fri Nov  8 19:20:57 2002 。
[2;37;0m梅菲斯特(hiko) 來到星空彩繪於 Fri Nov  8 19:40:25 2002 。
[2;37;0m梅菲斯特(hiko) 來到星空彩繪於 Tue Nov 19 21:07:34 2002 。
[2;37;0m梅菲斯特(hiko) 來到星空彩繪於 Wed Dec 11 23:12:07 2002 。
[2;37;0m梅菲斯特(hiko) 來到星空彩繪於 Thu Dec 12 18:25:39 2002 。
[2;37;0m梅菲斯特(hiko) 來到星空彩繪於 Sat Dec 14 22:13:24 2002 。
[2;37;0m千山樵老(ksj) 來到星空彩繪於 Sun Dec 15 15:46:14 2002 。
[2;37;0m梅菲斯特(hiko) 來到星空彩繪於 Fri Dec 20 19:58:16 2002 。
[2;37;0m瀧(sdo) 來到星空彩繪於 Sat Dec 21 02:37:47 2002 。
[2;37;0m梅菲斯特(hiko) 來到星空彩繪於 Sun Dec 22 11:18:42 2002 。
[2;37;0m梅菲斯特(hiko) 來到星空彩繪於 Wed Dec 25 20:28:16 2002 。
[2;37;0m千山樵老(ksj) 來到星空彩繪於 Tue Jan  7 12:43:57 2003 。
[2;37;0m梅菲斯特(hiko) 來到星空彩繪於 Wed Jan  8 19:13:48 2003 。
[2;37;0m千山樵老(ksj) 來到星空彩繪於 Sun Jan 12 11:29:21 2003 。
[2;37;0m千山樵老(ksj) 來到星空彩繪於 Sun Jan 12 14:30:20 2003 。
[2;37;0m遊龍俠(kkeenn) 來到星空彩繪於 Sun Jan 12 23:12:20 2003 。
[2;37;0m千山樵老(ksj) 來到星空彩繪於 Mon Jan 13 08:24:28 2003 。
[2;37;0m千山樵老(ksj) 來到星空彩繪於 Wed Jan 15 08:44:42 2003 。
[2;37;0m千山樵老(ksj) 來到星空彩繪於 Thu Jan 16 12:48:11 2003 。
[2;37;0m藍的喵(kenshin) 來到星空彩繪於 Sat Jan 18 17:04:31 2003 。
[2;37;0m梅菲斯特(hiko) 來到星空彩繪於 Thu Jan 23 20:27:10 2003 。
[2;37;0m千山樵老(ksj) 來到星空彩繪於 Fri Jan 24 11:20:07 2003 。
[2;37;0m梅菲斯特(hiko) 來到星空彩繪於 Wed Jan 29 10:55:47 2003 。
[2;37;0m梅菲斯特(hiko) 來到星空彩繪於 Sun Feb  2 01:15:15 2003 。
[2;37;0m遊龍俠(kkeenn) 來到星空彩繪於 Tue Feb  4 15:30:15 2003 。
[2;37;0m千山樵老(ksj) 來到星空彩繪於 Mon Feb 10 08:51:21 2003 。
[2;37;0m遊龍俠(kkeenn) 來到星空彩繪於 Sun Mar  2 15:42:09 2003 。
[2;37;0m梅菲斯特(hiko) 來到星空彩繪於 Thu Mar  6 20:09:08 2003 。
[2;37;0m遊龍俠(kkeenn) 來到星空彩繪於 Fri Mar  7 14:26:17 2003 。
[2;37;0m遊龍俠(kkeenn) 來到星空彩繪於 Sat Mar 15 00:04:40 2003 。
[2;37;0m遊龍俠(kkeenn) 來到星空彩繪於 Sat Mar 15 21:07:35 2003 。
[2;37;0m梅菲斯特(hiko) 來到星空彩繪於 Mon Mar 17 21:53:18 2003 。
[2;37;0m千山樵老(ksj) 來到星空彩繪於 Fri Mar 21 12:46:47 2003 。
[2;37;0m遊龍俠(kkeenn) 來到星空彩繪於 Mon Mar 24 16:15:32 2003 。
[2;37;0m藍的喵(kenshin) 來到星空彩繪於 Tue Mar 25 19:04:34 2003 。
[2;37;0m遊龍俠(kkeenn) 來到星空彩繪於 Sun Mar 30 23:59:26 2003 。
[2;37;0m遊龍俠(kkeenn) 來到星空彩繪於 Sat Apr  5 16:18:55 2003 。
[2;37;0m遊龍俠(kkeenn) 來到星空彩繪於 Sun Apr 20 01:36:43 2003 。
[2;37;0m遊龍俠(kkeenn) 來到星空彩繪於 Thu Apr 24 20:17:58 2003 。
[2;37;0m遊龍俠(kkeenn) 來到星空彩繪於 Sat Apr 26 16:27:13 2003 。
[2;37;0m梅菲斯特(hiko) 來到星空彩繪於 Mon Apr 28 22:53:57 2003 。
[2;37;0m梅菲斯特(hiko) 來到星空彩繪於 Tue Apr 29 16:10:40 2003 。
[2;37;0m梅菲斯特(hiko) 來到星空彩繪於 Wed Apr 30 21:33:51 2003 。
[2;37;0m遊龍俠(kkeenn) 來到星空彩繪於 Thu May  1 21:21:48 2003 。
[2;37;0m梅菲斯特(hiko) 來到星空彩繪於 Sun May  4 02:00:42 2003 。
[2;37;0m梅菲斯特(hiko) 來到星空彩繪於 Sun May  4 10:36:23 2003 。
[2;37;0m遊龍俠(kkeenn) 來到星空彩繪於 Sat May 10 09:04:38 2003 。
[2;37;0m遊龍俠(kkeenn) 來到星空彩繪於 Mon May 12 23:26:17 2003 。
[2;37;0m千山樵老(ksj) 來到星空彩繪於 Fri May 16 13:06:02 2003 。
[2;37;0m梅菲斯特(hiko) 來到星空彩繪於 Fri May 16 22:12:01 2003 。
[2;37;0m遊龍俠(kkeenn) 來到星空彩繪於 Fri May 16 23:22:45 2003 。
[2;37;0m千山樵老(ksj) 來到星空彩繪於 Mon May 26 08:23:18 2003 。
[2;37;0m千山樵老(ksj) 來到星空彩繪於 Tue May 27 08:14:40 2003 。
[2;37;0m梅菲斯特(hiko) 來到星空彩繪於 Sun Jun  1 22:37:17 2003 。
[2;37;0m遊龍俠(kkeenn) 來到星空彩繪於 Mon Jun  2 21:46:12 2003 。
[2;37;0m遊龍俠(kkeenn) 來到星空彩繪於 Sun Jun 15 03:13:11 2003 。
[2;37;0m梅菲斯特(hiko) 來到星空彩繪於 Mon Jun 16 18:44:40 2003 。
[2;37;0m[44;1m[1;37m藍藍的天(shengsan) 來到星空彩繪於 Mon Jun 16 22:21:52 2003 。
[2;37;0m梅菲斯特(hiko) 來到星空彩繪於 Wed Jun 25 18:22:05 2003 。
[2;37;0m神(piliykt) 來到星空彩繪於 Fri Jul  4 16:16:57 2003 。
[2;37;0m梅菲斯特(hiko) 來到星空彩繪於 Sat Jul  5 19:05:05 2003 。
[2;37;0m梅菲斯特(hiko) 來到星空彩繪於 Sat Jul  5 20:33:44 2003 。
[2;37;0m梅菲斯特(hiko) 來到星空彩繪於 Sat Jul  5 20:33:52 2003 。
[2;37;0m梅菲斯特(hiko) 來到星空彩繪於 Sun Jul  6 00:33:54 2003 。
[2;37;0m梅菲斯特(hiko) 來到星空彩繪於 Sun Jul  6 00:41:14 2003 。
[2;37;0m梅菲斯特(hiko) 來到星空彩繪於 Sun Jul  6 00:53:08 2003 。
[2;37;0m梅菲斯特(hiko) 來到星空彩繪於 Sun Jul  6 12:36:00 2003 。
[2;37;0m梅菲斯特(hiko) 來到星空彩繪於 Tue Jul  8 19:40:48 2003 。
[2;37;0m梅菲斯特(hiko) 來到星空彩繪於 Tue Jul  8 20:12:56 2003 。
[2;37;0m梅菲斯特(hiko) 來到星空彩繪於 Fri Jul 11 09:54:03 2003 。
[2;37;0m梅菲斯特(hiko) 來到星空彩繪於 Tue Jul 15 23:31:52 2003 。
[2;37;0m梅菲斯特(hiko) 來到星空彩繪於 Wed Jul 16 21:32:13 2003 。
[2;37;0m梅菲斯特(hiko) 來到星空彩繪於 Sat Jul 19 13:17:20 2003 。
[2;37;0mNothing(promise) 來到星空彩繪於 Sat Nov 22 10:08:23 2003 。
[2;37;0m加蛋‧豬排飯(whoami) 來到星空彩繪於 Sat Aug  7 19:44:57 2004 。
[2;37;0m殘殘倒瓜(fedex) 來到星空彩繪於 Sun Aug  8 13:34:17 2004 。
[2;37;0m火腿‧蛋炒飯(whoami) 來到星空彩繪於 Tue Aug 10 14:42:35 2004 。
[2;37;0m火腿‧蛋炒飯(whoami) 來到星空彩繪於 Tue Aug 10 14:59:38 2004 。
[2;37;0m米虫一號(whoami) 來到星空彩繪於 Sat Sep  4 13:33:38 2004 。
[2;37;0m殘殘倒瓜(fedex) 來到星空彩繪於 Fri Sep 24 08:17:02 2004 。
[2;37;0m殘殘倒瓜(fedex) 來到星空彩繪於 Fri Sep 24 08:17:20 2004 。
[2;37;0m殘殘倒瓜(fedex) 來到星空彩繪於 Fri Sep 24 08:18:16 2004 。
[2;37;0m殘殘倒瓜(fedex) 來到星空彩繪於 Fri Sep 24 08:28:59 2004 。
[2;37;0m殘殘倒瓜(fedex) 來到星空彩繪於 Fri Sep 24 08:29:09 2004 。
[2;37;0m殘殘倒瓜(fedex) 來到星空彩繪於 Fri Sep 24 21:54:24 2004 。
[2;37;0m殘殘倒瓜(fedex) 來到星空彩繪於 Fri Sep 24 22:16:12 2004 。
[2;37;0m殘殘倒瓜(fedex) 來到星空彩繪於 Fri Sep 24 23:05:27 2004 。
[2;37;0m殘殘倒瓜(fedex) 來到星空彩繪於 Mon Nov  8 13:26:21 2004 。
[2;37;0m殘殘倒瓜(fedex) 來到星空彩繪於 Mon Nov  8 13:27:23 2004 。
[2;37;0m殘殘倒瓜(fedex) 來到星空彩繪於 Mon Nov  8 13:28:00 2004 。
[2;37;0m可拉(kula) 來到星空彩繪於 Thu Nov 18 15:25:55 2004 。
[2;37;0m可拉(kula) 來到星空彩繪於 Thu Nov 18 15:34:07 2004 。
[2;37;0m繽紛樂(fedex) 來到星空彩繪於 Fri Nov 26 15:12:52 2004 。
[2;37;0m繽紛樂(fedex) 來到星空彩繪於 Thu Dec 16 15:29:21 2004 。
[2;37;0m呂秀蓮(fedex) 來到星空彩繪於 Sat Jan 29 19:56:18 2005 。
[2;37;0m呂秀蓮(fedex) 來到星空彩繪於 Sat Jan 29 19:57:24 2005 。
[2;37;0m呂秀蓮(fedex) 來到星空彩繪於 Mon Jan 31 03:28:27 2005 。
[2;37;0m繽紛樂(fedex) 來到星空彩繪於 Sat Feb 12 19:57:52 2005 。
[2;37;0m繽紛樂(fedex) 來到星空彩繪於 Thu Feb 17 14:07:11 2005 。
[2;37;0m繽紛樂(fedex) 來到星空彩繪於 Fri Mar 11 23:53:41 2005 。
[2;37;0m繽紛樂(fedex) 來到星空彩繪於 Fri Mar 11 23:54:35 2005 。
[2;37;0m繽紛樂(fedex) 來到星空彩繪於 Mon Mar 14 20:22:21 2005 。
[2;37;0m繽紛樂(fedex) 來到星空彩繪於 Wed Mar 16 03:34:41 2005 。
[2;37;0m繽紛樂(fedex) 來到星空彩繪於 Wed Mar 16 03:37:02 2005 。
[2;37;0m老漢推車(www) 來到星空彩繪於 Sun Apr 24 13:34:54 2005 。
[2;37;0m令伊(orzer) 來到星空彩繪於 Fri May  6 19:19:30 2005 。
[2;37;0m令伊(orzer) 來到星空彩繪於 Fri May 13 14:02:19 2005 。
[2;37;0m令伊(orzer) 來到星空彩繪於 Tue Feb  7 04:46:26 2006 。
[2;37;0m令伊(orzer) 來到星空彩繪於 Tue Feb  7 04:48:21 2006 。
[2;37;0m令伊(orzer) 來到星空彩繪於 Sun Mar 19 16:49:06 2006 。
[2;37;0m天道總司(whoami) 來到星空彩繪於 Wed Jan 24 15:10:29 2007 。
[2;37;0m