99.03.14 13:10 B f:\mirror1\d\gaibang\chuchang.c --> www1.yn.cninfo.net /mudcctx/mudlib/d/gaibang chuchang.c
99.03.14 13:10 B f:\mirror1\d\gaibang\hsandao1.c --> www1.yn.cninfo.net /mudcctx/mudlib/d/gaibang hsandao1.c
99.03.14 13:10 B f:\mirror1\d\gaibang\hsandao2.c --> www1.yn.cninfo.net /mudcctx/mudlib/d/gaibang hsandao2.c
99.03.14 13:10 B f:\mirror1\d\gaibang\inhole.c --> www1.yn.cninfo.net /mudcctx/mudlib/d/gaibang inhole.c
99.03.14 13:10 B f:\mirror1\d\gaibang\mishi.c --> www1.yn.cninfo.net /mudcctx/mudlib/d/gaibang mishi.c
99.03.14 13:10 B f:\mirror1\d\gaibang\qzandao1.c --> www1.yn.cninfo.net /mudcctx/mudlib/d/gaibang qzandao1.c
99.03.14 13:10 B f:\mirror1\d\gaibang\qzandao2.c --> www1.yn.cninfo.net /mudcctx/mudlib/d/gaibang qzandao2.c
99.03.14 13:10 B f:\mirror1\d\gaibang\slandao1.c --> www1.yn.cninfo.net /mudcctx/mudlib/d/gaibang slandao1.c
99.03.14 13:10 B f:\mirror1\d\gaibang\slandao2.c --> www1.yn.cninfo.net /mudcctx/mudlib/d/gaibang slandao2.c
99.03.14 13:10 B f:\mirror1\d\gaibang\undergb.c --> www1.yn.cninfo.net /mudcctx/mudlib/d/gaibang undergb.c
99.03.14 13:10 B f:\mirror1\d\gaibang\underhs.c --> www1.yn.cninfo.net /mudcctx/mudlib/d/gaibang underhs.c
99.03.14 13:10 B f:\mirror1\d\gaibang\underqz.c --> www1.yn.cninfo.net /mudcctx/mudlib/d/gaibang underqz.c
99.03.14 13:10 B f:\mirror1\d\gaibang\undersl.c --> www1.yn.cninfo.net /mudcctx/mudlib/d/gaibang undersl.c
99.03.14 13:10 B f:\mirror1\d\gaibang\undertre.c --> www1.yn.cninfo.net /mudcctx/mudlib/d/gaibang undertre.c
99.03.14 13:10 B f:\mirror1\d\gaibang\underwd.c --> www1.yn.cninfo.net /mudcctx/mudlib/d/gaibang underwd.c
99.03.14 13:10 B f:\mirror1\d\gaibang\underxc.c --> www1.yn.cninfo.net /mudcctx/mudlib/d/gaibang underxc.c
99.03.14 13:10 B f:\mirror1\d\gaibang\underxx.c --> www1.yn.cninfo.net /mudcctx/mudlib/d/gaibang underxx.c
99.03.14 13:10 B f:\mirror1\d\gaibang\wdandao1.c --> www1.yn.cninfo.net /mudcctx/mudlib/d/gaibang wdandao1.c
99.03.14 13:10 B f:\mirror1\d\gaibang\wdandao2.c --> www1.yn.cninfo.net /mudcctx/mudlib/d/gaibang wdandao2.c
99.03.14 13:10 B f:\mirror1\d\gaibang\xcandao1.c --> www1.yn.cninfo.net /mudcctx/mudlib/d/gaibang xcandao1.c
99.03.14 13:10 B f:\mirror1\d\gaibang\xcandao2.c --> www1.yn.cninfo.net /mudcctx/mudlib/d/gaibang xcandao2.c
99.03.14 13:10 B f:\mirror1\d\gaibang\xxandao1.c --> www1.yn.cninfo.net /mudcctx/mudlib/d/gaibang xxandao1.c
99.03.14 13:10 B f:\mirror1\d\gaibang\xxandao2.c --> www1.yn.cninfo.net /mudcctx/mudlib/d/gaibang xxandao2.c
99.03.14 13:10 B f:\mirror1\d\gaibang\zlandao1.c --> www1.yn.cninfo.net /mudcctx/mudlib/d/gaibang zlandao1.c
99.03.14 13:10 B f:\mirror1\d\gaibang\zlandao2.c --> www1.yn.cninfo.net /mudcctx/mudlib/d/gaibang zlandao2.c
