//        This is a index of the rooms for level 1 (The Ocean's Surf)
//
//
//         A     B     C     D     E     F      G
// ---------------------------------------------------
//  1 |   [ ] -- [ ] - [ ] - [ ] - [ ] - [ ] - [ ]
//    |    |  \   |     |     |     |     |     |
//  2 |   [ ] -- [ ] - [ ] - [ ] - [ ] - [ ] - [ ]
//    |    |      | \   |     |     |  /  |     |
//  3 |   [ ] -- [ ] - [ ] - [ ] - [ ] - [ ] - [ ]
//    |    |      |     |  \  |  /  |     |     |
//  4 |   [ ] -- [ ] - [ ] - [ ] - [ ] - [ ] - [ ]
//    |    |      |     |  /  |  \  |     |     |
//  5 |   [ ] -- [ ] - [ ] - [ ] - [ ] - [ ] - [ ]
//    |    |      |  /  |     |     |  \  |     |
//  6 |   [ ] -- [ ] - [ ] - [ ] - [ ] - [ ] - [ ]
//    |    |   /  |     |     |     |     |  \  |
//  7 |   [ ] -- [ ] - [ ] - [ ] - [ ] - [ ] - [ ]
//
//
//     the rooms files will be coded in the following
//          format room-(level)(x)(y).c
//
//  The exit to level 2 is "swim reef" located in room-1e7
