1422762432 515 0
1422762432 581 0 581 0
1415263677 581 0 581 0
1415263500 581 0 581 0
1415263200 581 0 581 0
1415262900 580 0 581 0
1415262600 579 0 579 0
1415262300 579 0 579 0
1415262000 579 0 579 0
1415261700 579 0 579 0
1415261400 579 0 579 0
1415261100 578 0 579 0
1415260800 578 0 578 0
1415260500 578 0 578 0
1415260200 578 0 578 0
1415259900 578 0 578 0
1415259600 578 0 578 0
1415259300 578 0 578 0
1415259000 578 0 578 0
1415258700 578 0 580 0
1415258400 580 0 580 0
1415258100 580 0 581 0
1415257800 581 0 581 0
1415257500 581 0 581 0
1415257200 581 0 581 0
1415256900 581 0 581 0
1415256600 581 0 581 0
1415256300 581 0 581 0
1415256000 581 0 581 0
1415255700 581 0 581 0
1415255400 581 0 581 0
1415255100 581 0 581 0
1415254800 581 0 581 0
1415254500 581 0 581 0
1415254200 581 0 581 0
1415253900 581 0 581 0
1415253600 581 0 581 0
1415253300 581 0 581 0
1415253000 581 0 581 0
1415252700 581 0 581 0
1415252400 581 0 581 0
1415252100 581 0 581 0
1415251800 581 0 581 0
1415251500 581 0 581 0
1415251200 581 0 581 0
1415250900 581 0 581 0
1415250600 581 0 581 0
1415250300 581 0 581 0
1415250000 581 0 581 0
1415249700 581 0 581 0
1415249400 581 0 581 0
1415249100 581 0 581 0
1415248800 581 0 581 0
1415248500 581 0 581 0
1415248200 569 0 581 0
1415247900 568 0 568 0
1415247600 568 0 568 0
1415247300 568 0 568 0
1415247000 568 0 568 0
1415246700 568 0 568 0
1415246400 568 0 568 0
1415246100 568 0 568 0
1415245800 568 0 568 0
1415245500 568 0 568 0
1415245200 568 0 568 0
1415244900 568 0 568 0
1415244600 568 0 568 0
1415244300 568 0 568 0
1415244000 568 0 568 0
1415243700 568 0 568 0
1415243400 568 0 568 0
1415243100 568 0 568 0
1415242800 568 0 568 0
1415242500 568 0 568 0
1415242200 568 0 568 0
1415241900 568 0 568 0
1415241600 568 0 568 0
1415241300 568 0 568 0
1415241000 568 0 568 0
1415240700 568 0 568 0
1415240400 568 0 568 0
1415240100 568 0 568 0
1415239800 568 0 568 0
1415239500 568 0 568 0
1415239200 568 0 568 0
1415238900 568 0 568 0
1415238600 568 0 568 0
1415238300 568 0 568 0
1415238000 568 0 568 0
1415237700 568 0 568 0
1415237400 568 0 568 0
1415237100 568 0 568 0
1415236800 568 0 568 0
1415236500 568 0 568 0
1415236200 568 0 568 0
1415235900 568 0 568 0
1415235600 568 0 568 0
1415235300 568 0 568 0
1415235000 568 0 568 0
1415234700 568 0 568 0
1415234400 568 0 568 0
1415234100 568 0 568 0
1415233800 568 0 568 0
1415233500 568 0 568 0
1415233200 568 0 568 0
1415232900 568 0 568 0
1415232600 568 0 568 0
1415232300 568 0 568 0
1415232000 568 0 568 0
1415231700 568 0 568 0
1415231400 568 0 568 0
1415231100 568 0 568 0
1415230800 568 0 568 0
1415230500 568 0 568 0
1415230200 568 0 568 0
1415229900 568 0 568 0
1415229600 568 0 568 0
1415229300 568 0 568 0
1415229000 568 0 568 0
1415228700 568 0 568 0
1415228400 568 0 568 0
1415228100 568 0 568 0
1415227800 568 0 568 0
1415227500 568 0 568 0
1415227200 568 0 568 0
1415226900 568 0 568 0
1415226600 568 0 568 0
1415226300 568 0 568 0
1415226000 568 0 568 0
1415225700 568 0 568 0
1415225400 568 0 568 0
1415225100 568 0 568 0
1415224800 568 0 568 0
1415224500 568 0 568 0
1415224200 568 0 568 0
1415223900 568 0 568 0
1415223600 568 0 568 0
1415223300 568 0 568 0
1415223000 568 0 568 0
1415222700 568 0 568 0
1415222400 568 0 568 0
1415222100 568 0 568 0
1415221800 568 0 568 0
1415221500 568 0 568 0
1415221200 568 0 568 0
1415220900 568 0 568 0
1415220600 568 0 568 0
1415220300 568 0 568 0
1415220000 568 0 568 0
1415219700 568 0 568 0
1415219400 568 0 568 0
1415219100 568 0 568 0
1415218800 568 0 568 0
1415218500 568 0 568 0
1415218200 568 0 568 0
1415217900 568 0 568 0
1415217600 568 0 568 0
1415217300 568 0 568 0
1415217000 568 0 568 0
1415216700 568 0 568 0
1415216400 568 0 568 0
1415216100 568 0 568 0
1415215800 568 0 568 0
1415215500 568 0 568 0
1415215200 568 0 568 0
1415214900 568 0 568 0
1415214600 568 0 568 0
1415214300 568 0 568 0
1415214000 568 0 568 0
1415213700 568 0 568 0
1415213400 568 0 568 0
1415213100 568 0 568 0
1415212800 568 0 568 0
1415212500 568 0 568 0
1415212200 568 0 568 0
1415211900 568 0 568 0
1415211600 568 0 568 0
1415211300 568 0 568 0
1415211000 568 0 568 0
1415210700 568 0 568 0
1415210400 568 0 568 0
1415210100 568 0 568 0
1415209800 568 0 568 0
1415209500 568 0 568 0
1415209200 568 0 568 0
1415208900 568 0 568 0
1415208600 568 0 568 0
1415208300 568 0 568 0
1415208000 568 0 568 0
1415207700 568 0 568 0
1415207400 568 0 568 0
1415207100 568 0 568 0
1415206800 568 0 568 0
1415206500 568 0 568 0
1415206200 568 0 568 0
1415205900 568 0 568 0
1415205600 568 0 568 0
1415205300 568 0 568 0
1415205000 568 0 568 0
1415204700 568 0 568 0
1415204400 568 0 568 0
1415204100 568 0 568 0
1415203800 568 0 568 0
1415203500 568 0 568 0
1415203200 568 0 568 0
1415202900 568 0 568 0
1415202600 568 0 568 0
1415202300 568 0 568 0
1415202000 568 0 568 0
1415201700 568 0 568 0
1415201400 568 0 568 0
1415201100 568 0 568 0
1415200800 568 0 568 0
1415200500 568 0 568 0
1415200200 568 0 568 0
1415199900 568 0 568 0
1415199600 568 0 568 0
1415199300 568 0 568 0
1415199000 567 0 568 0
1415198700 567 0 567 0
1415198400 567 0 567 0
1415198100 567 0 567 0
1415197800 575 0 577 0
1415197500 577 0 577 0
1415197200 577 0 577 0
1415196900 577 0 577 0
1415196600 577 0 577 0
1415196300 577 0 577 0
1415196000 577 0 577 0
1415195700 577 0 578 0
1415195400 578 0 578 0
1415195100 578 0 578 0
1415194800 578 0 578 0
1415194500 578 0 578 0
1415194200 578 0 578 0
1415193900 578 0 580 0
1415193600 580 0 580 0
1415193300 580 0 580 0
1415193000 509 0 580 0
1415192700 509 0 509 0
1415192400 509 0 509 0
1415192100 509 0 509 0
1415191800 509 0 509 0
1415191500 509 0 509 0
1415191200 509 0 509 0
1415190900 509 0 509 0
1415190600 509 0 509 0
1415190300 509 0 509 0
1415190000 509 0 509 0
1415189700 509 0 509 0
1415189400 509 0 509 0
1415189100 509 0 509 0
1415188800 509 0 509 0
1415188500 509 0 509 0
1415188200 509 0 509 0
1415187900 509 0 509 0
1415187600 509 0 509 0
1415187300 509 0 509 0
1415187000 509 0 509 0
1415186700 509 0 509 0
1415186400 509 0 509 0
1415186100 509 0 509 0
1415185800 509 0 509 0
1415185500 509 0 509 0
1415185200 509 0 509 0
1415184900 509 0 509 0
1415184600 509 0 509 0
1415184300 509 0 509 0
1415184000 509 0 509 0
1415183700 509 0 509 0
1415183400 509 0 509 0
1415183100 509 0 509 0
1415182800 509 0 509 0
1415182500 509 0 509 0
1415182200 509 0 509 0
1415181900 509 0 509 0
1415181600 509 0 509 0
1415181300 509 0 509 0
1415181000 509 0 509 0
1415180700 509 0 509 0
1415180400 509 0 509 0
1415180100 509 0 509 0
1415179800 509 0 509 0
1415179500 509 0 509 0
1415179200 509 0 509 0
1415178900 509 0 509 0
1415178600 509 0 509 0
1415178300 509 0 509 0
1415178000 509 0 509 0
1415177700 509 0 509 0
1415177400 509 0 509 0
1415177100 509 0 509 0
1415176800 509 0 509 0
1415176500 509 0 509 0
1415176200 509 0 509 0
1415175900 509 0 509 0
1415175600 509 0 509 0
1415175300 509 0 509 0
1415175000 509 0 509 0
1415174700 509 0 509 0
1415174400 509 0 509 0
1415174100 509 0 509 0
1415173800 509 0 509 0
1415173500 509 0 509 0
1415173200 509 0 509 0
1415172900 509 0 509 0
1415172600 509 0 509 0
1415172300 509 0 509 0
1415172000 509 0 509 0
1415171700 509 0 509 0
1415171400 509 0 509 0
1415171100 509 0 509 0
1415170800 509 0 509 0
1415170500 509 0 509 0
1415170200 509 0 509 0
1415169900 509 0 509 0
1415169600 509 0 509 0
1415169300 509 0 509 0
1415169000 509 0 509 0
1415168700 509 0 509 0
1415168400 509 0 509 0
1415168100 509 0 509 0
1415167800 509 0 509 0
1415167500 509 0 509 0
1415167200 509 0 509 0
1415166900 509 0 509 0
1415166600 509 0 509 0
1415166300 509 0 509 0
1415166000 509 0 509 0
1415165700 509 0 509 0
1415165400 509 0 509 0
1415165100 509 0 509 0
1415164800 509 0 509 0
1415164500 509 0 509 0
1415164200 509 0 509 0
1415163900 509 0 509 0
1415163600 509 0 509 0
1415163300 509 0 509 0
1415163000 509 0 509 0
1415162700 509 0 509 0
1415162400 509 0 509 0
1415162100 509 0 509 0
1415161800 509 0 509 0
1415161500 509 0 509 0
1415161200 509 0 509 0
1415160900 509 0 509 0
1415160600 509 0 509 0
1415160300 509 0 509 0
1415160000 509 0 509 0
1415159700 509 0 509 0
1415159400 509 0 509 0
1415159100 509 0 509 0
1415158800 509 0 509 0
1415158500 509 0 509 0
1415158200 509 0 509 0
1415157900 509 0 509 0
1415157600 509 0 509 0
1415157300 509 0 509 0
1415157000 509 0 509 0
1415156700 509 0 509 0
1415156400 509 0 509 0
1415156100 509 0 509 0
1415155800 509 0 509 0
1415155500 509 0 509 0
1415155200 509 0 509 0
1415154900 509 0 509 0
1415154600 509 0 509 0
1415154300 509 0 509 0
1415154000 509 0 509 0
1415153700 509 0 509 0
1415153400 509 0 509 0
1415153100 509 0 509 0
1415152800 509 0 509 0
1415152500 509 0 509 0
1415152200 509 0 509 0
1415151900 509 0 509 0
1415151600 509 0 509 0
1415151300 509 0 509 0
1415151000 509 0 509 0
1415150700 509 0 509 0
1415150400 509 0 509 0
1415150100 509 0 509 0
1415149800 509 0 509 0
1415149500 509 0 509 0
1415149200 509 0 509 0
1415148900 509 0 509 0
1415148600 509 0 509 0
1415148300 509 0 509 0
1415148000 509 0 509 0
1415147700 509 0 509 0
1415147400 509 0 509 0
1415147100 509 0 509 0
1415146800 509 0 509 0
1415146500 509 0 509 0
1415146200 509 0 509 0
1415145900 509 0 509 0
1415145600 509 0 509 0
1415145300 509 0 509 0
1415145000 509 0 509 0
1415144700 509 0 509 0
1415144400 509 0 509 0
1415144100 509 0 509 0
1415143800 509 0 509 0
1415143500 509 0 509 0
1415143200 509 0 509 0
1415142900 509 0 509 0
1415142600 509 0 509 0
1415142300 509 0 509 0
1415142000 509 0 509 0
1415141700 509 0 509 0
1415141400 509 0 509 0
1415141100 509 0 509 0
1415140800 509 0 509 0
1415140500 509 0 509 0
1415140200 509 0 509 0
1415139900 509 0 509 0
1415139600 509 0 509 0
1415139300 509 0 509 0
1415139000 509 0 509 0
1415138700 509 0 509 0
1415138400 509 0 509 0
1415138100 509 0 509 0
1415137800 509 0 509 0
1415137500 509 0 509 0
1415137200 509 0 509 0
1415136900 509 0 509 0
1415136600 509 0 509 0
1415136300 509 0 509 0
1415136000 509 0 509 0
1415135700 509 0 509 0
1415135400 509 0 509 0
1415135100 509 0 509 0
1415134800 509 0 509 0
1415134500 509 0 509 0
1415134200 509 0 509 0
1415133900 509 0 509 0
1415133600 509 0 509 0
1415133300 509 0 509 0
1415133000 509 0 509 0
1415132700 509 0 509 0
1415132400 509 0 509 0
1415132100 509 0 509 0
1415131800 509 0 509 0
1415131500 509 0 509 0
1415131200 509 0 509 0
1415130900 509 0 509 0
1415130600 509 0 509 0
1415130300 509 0 509 0
1415130000 509 0 509 0
1415129700 509 0 509 0
1415129400 509 0 509 0
1415129100 509 0 509 0
1415128800 509 0 509 0
1415128500 509 0 509 0
1415128200 509 0 509 0
1415127900 509 0 509 0
1415127600 509 0 509 0
1415127300 509 0 509 0
1415127000 509 0 509 0
1415126700 509 0 509 0
1415126400 509 0 509 0
1415126100 509 0 509 0
1415125800 509 0 509 0
1415125500 509 0 509 0
1415125200 509 0 509 0
1415124900 509 0 509 0
1415124600 509 0 509 0
1415124300 509 0 509 0
1415124000 509 0 509 0
1415123700 509 0 509 0
1415123400 509 0 509 0
1415123100 509 0 509 0
1415122800 509 0 509 0
1415122500 509 0 509 0
1415122200 509 0 509 0
1415121900 509 0 509 0
1415121600 509 0 509 0
1415121300 509 0 509 0
1415121000 509 0 509 0
1415120700 509 0 509 0
1415120400 509 0 509 0
1415120100 509 0 509 0
1415119800 509 0 509 0
1415119500 509 0 509 0
1415119200 509 0 509 0
1415118900 509 0 509 0
1415118600 509 0 509 0
1415118300 509 0 509 0
1415118000 509 0 509 0
1415117700 509 0 509 0
1415117400 509 0 509 0
1415117100 509 0 509 0
1415116800 509 0 509 0
1415116500 509 0 509 0
1415116200 509 0 509 0
1415115900 509 0 509 0
1415115600 509 0 509 0
1415115300 509 0 509 0
1415115000 509 0 509 0
1415114700 509 0 509 0
1415114400 509 0 509 0
1415114100 509 0 509 0
1415113800 509 0 509 0
1415113500 509 0 509 0
1415113200 509 0 509 0
1415112900 509 0 509 0
1415112600 509 0 509 0
1415112300 509 0 509 0
1415112000 509 0 509 0
1415111700 509 0 509 0
1415111400 509 0 509 0
1415111100 509 0 509 0
1415110800 509 0 509 0
1415110500 509 0 509 0
1415110200 509 0 509 0
1415109900 509 0 509 0
1415109600 509 0 509 0
1415109300 509 0 509 0
1415109000 509 0 509 0
1415108700 509 0 509 0
1415108400 509 0 509 0
1415108100 509 0 509 0
1415107800 509 0 509 0
1415107500 509 0 509 0
1415107200 509 0 509 0
1415106900 509 0 509 0
1415106600 509 0 509 0
1415106300 509 0 509 0
1415106000 509 0 509 0
1415105700 509 0 509 0
1415105400 509 0 509 0
1415105100 509 0 509 0
1415104800 509 0 509 0
1415104500 509 0 509 0
1415104200 509 0 509 0
1415103900 509 0 509 0
1415103600 509 0 509 0
1415103300 509 0 509 0
1415103000 509 0 509 0
1415102700 509 0 509 0
1415102400 509 0 509 0
1415102100 509 0 509 0
1415101800 509 0 509 0
1415101500 509 0 509 0
1415101200 509 0 509 0
1415100900 509 0 509 0
1415100600 509 0 509 0
1415100300 509 0 509 0
1415100000 509 0 509 0
1415099700 509 0 509 0
1415099400 509 0 509 0
1415099100 509 0 509 0
1415098800 509 0 509 0
1415098500 509 0 509 0
1415098200 509 0 509 0
1415097900 509 0 509 0
1415097600 509 0 509 0
1415097300 509 0 509 0
1415097000 509 0 509 0
1415096700 509 0 509 0
1415096400 509 0 509 0
1415096100 509 0 509 0
1415095800 509 0 509 0
1415095500 509 0 509 0
1415095200 509 0 509 0
1415094900 509 0 509 0
1415094600 509 0 509 0
1415094300 509 0 509 0
1415094000 509 0 509 0
1415093700 509 0 509 0
1415093400 509 0 509 0
1415093100 509 0 509 0
1415092800 509 0 509 0
1415092500 509 0 509 0
1415092200 509 0 509 0
1415091900 509 0 509 0
1415091600 509 0 509 0
1415091300 509 0 509 0
1415091000 509 0 509 0
1415090700 509 0 509 0
1415090400 509 0 509 0
1415090100 509 0 509 0
1415089800 509 0 509 0
1415089500 509 0 509 0
1415089200 509 0 509 0
1415088900 509 0 509 0
1415088600 509 0 509 0
1415088300 509 0 509 0
1415088000 509 0 509 0
1415087700 509 0 509 0
1415087400 509 0 509 0
1415087100 509 0 509 0
1415086800 509 0 509 0
1415086500 509 0 509 0
1415086200 509 0 509 0
1415085900 509 0 509 0
1415085600 509 0 509 0
1415085300 509 0 509 0
1415085000 509 0 509 0
1415084700 509 0 509 0
1415084400 509 0 509 0
1415084100 509 0 509 0
1415083800 509 0 509 0
1415082600 509 0 509 0
1415080800 509 0 509 0
1415079000 509 0 509 0
1415077200 509 0 509 0
1415075400 509 0 509 0
1415073600 509 0 509 0
1415071800 509 0 509 0
1415070000 509 0 509 0
1415068200 509 0 509 0
1415066400 509 0 509 0
1415064600 509 0 509 0
1415062800 509 0 509 0
1415061000 509 0 509 0
1415059200 509 0 509 0
1415057400 509 0 509 0
1415055600 509 0 509 0
1415053800 509 0 509 0
1415052000 509 0 509 0
1415050200 509 0 509 0
1415048400 509 0 509 0
1415046600 509 0 509 0
1415044800 509 0 509 0
1415043000 509 0 509 0
1415041200 509 0 509 0
1415039400 509 0 509 0
1415037600 509 0 509 0
1415035800 509 0 509 0
1415034000 509 0 509 0
1415032200 509 0 509 0
1415030400 509 0 509 0
1415028600 509 0 509 0
1415026800 509 0 509 0
1415025000 509 0 509 0
1415023200 509 0 509 0
1415021400 509 0 509 0
1415019600 509 0 509 0
1415017800 509 0 509 0
1415016000 509 0 509 0
1415014200 509 0 509 0
1415012400 509 0 509 0
1415010600 509 0 509 0
1415008800 509 0 509 0
1415007000 509 0 509 0
1415005200 509 0 509 0
1415003400 509 0 509 0
1415001600 509 0 509 0
1414999800 509 0 509 0
1414998000 509 0 509 0
1414996200 509 0 509 0
1414994400 509 0 509 0
1414992600 509 0 509 0
1414990800 509 0 509 0
1414989000 509 0 509 0
1414987200 509 0 509 0
1414985400 509 0 509 0
1414983600 509 0 509 0
1414981800 509 0 509 0
1414980000 509 0 509 0
1414978200 509 0 509 0
1414976400 509 0 509 0
1414974600 509 0 509 0
1414972800 509 0 509 0
1414971000 509 0 509 0
1414969200 509 0 509 0
1414967400 509 0 509 0
1414965600 509 0 509 0
1414963800 509 0 509 0
1414962000 509 0 509 0
1414960200 509 0 509 0
1414958400 509 0 509 0
1414956600 509 0 509 0
1414954800 509 0 509 0
1414953000 509 0 509 0
1414951200 509 0 509 0
1414949400 509 0 509 0
1414947600 509 0 509 0
1414945800 509 0 509 0
1414944000 509 0 509 0
1414942200 509 0 509 0
1414940400 509 0 509 0
1414938600 509 0 509 0
1414936800 509 0 509 0
1414935000 509 0 509 0
1414933200 509 0 509 0
1414931400 509 0 509 0
1414929600 509 0 509 0
1414927800 509 0 509 0
1414926000 509 0 509 0
1414924200 509 0 509 0
1414922400 509 0 509 0
1414920600 509 0 509 0
1414918800 509 0 509 0
1414917000 509 0 509 0
1414915200 509 0 509 0
1414913400 509 0 509 0
1414911600 509 0 509 0
1414909800 509 0 509 0
1414908000 509 0 509 0
1414906200 509 0 509 0
1414904400 509 0 509 0
1414902600 509 0 509 0
1414900800 509 0 509 0
1414899000 509 0 509 0
1414897200 509 0 509 0
1414895400 509 0 509 0
1414893600 509 0 509 0
1414891800 509 0 509 0
1414890000 509 0 509 0
1414888200 509 0 509 0
1414886400 509 0 509 0
1414884600 509 0 509 0
1414882800 509 0 509 0
1414881000 509 0 509 0
1414879200 509 0 509 0
1414877400 509 0 509 0
1414875600 509 0 509 0
1414873800 509 0 509 0
1414872000 509 0 509 0
1414870200 509 0 509 0
1414868400 509 0 509 0
1414866600 509 0 509 0
1414864800 509 0 509 0
1414863000 509 0 509 0
1414861200 509 0 509 0
1414859400 509 0 509 0
1414857600 509 0 509 0
1414855800 509 0 509 0
1414854000 509 0 509 0
1414852200 509 0 509 0
1414850400 509 0 509 0
1414848600 509 0 509 0
1414846800 509 0 509 0
1414845000 509 0 509 0
1414843200 509 0 509 0
1414841400 509 0 509 0
1414839600 509 0 509 0
1414837800 509 0 509 0
1414836000 509 0 509 0
1414834200 509 0 509 0
1414832400 509 0 509 0
1414830600 509 0 509 0
1414828800 509 0 509 0
1414827000 509 0 509 0
1414825200 509 0 509 0
1414823400 509 0 509 0
1414821600 509 0 509 0
1414819800 509 0 509 0
1414818000 509 0 509 0
1414816200 509 0 509 0
1414814400 509 0 509 0
1414812600 509 0 509 0
1414810800 509 0 509 0
1414809000 509 0 509 0
1414807200 509 0 509 0
1414805400 509 0 509 0
1414803600 509 0 509 0
1414801800 509 0 509 0
1414800000 509 0 509 0
1414798200 509 0 509 0
1414796400 509 0 509 0
1414794600 509 0 509 0
1414792800 509 0 509 0
1414791000 509 0 509 0
1414789200 509 0 509 0
1414787400 509 0 509 0
1414785600 509 0 509 0
1414783800 509 0 509 0
1414782000 509 0 509 0
1414780200 509 0 509 0
1414778400 509 0 509 0
1414776600 509 0 509 0
1414774800 509 0 509 0
1414773000 509 0 509 0
1414771200 509 0 509 0
1414769400 509 0 509 0
1414767600 509 0 509 0
1414765800 509 0 509 0
1414764000 509 0 509 0
1414762200 509 0 509 0
1414760400 509 0 509 0
1414758600 509 0 509 0
1414756800 509 0 509 0
1414755000 509 0 509 0
1414753200 509 0 509 0
1414751400 509 0 509 0
1414749600 509 0 509 0
1414747800 509 0 509 0
1414746000 509 0 509 0
1414744200 509 0 509 0
1414742400 509 0 509 0
1414740600 509 0 509 0
1414738800 509 0 509 0
1414737000 509 0 509 0
1414735200 509 0 509 0
1414733400 509 0 509 0
1414731600 509 0 509 0
1414729800 509 0 509 0
1414728000 509 0 509 0
1414726200 509 0 509 0
1414724400 509 0 509 0
1414722600 509 0 509 0
1414720800 509 0 509 0
1414719000 509 0 509 0
1414717200 509 0 509 0
1414715400 509 0 509 0
1414713600 509 0 509 0
1414711800 509 0 509 0
1414710000 509 0 509 0
1414708200 509 0 509 0
1414706400 509 0 509 0
1414704600 509 0 509 0
1414702800 509 0 509 0
1414701000 509 0 509 0
1414699200 509 0 509 0
1414697400 509 0 509 0
1414695600 509 0 509 0
1414693800 509 0 509 0
1414692000 509 0 509 0
1414690200 509 0 509 0
1414688400 509 0 509 0
1414686600 509 0 509 0
1414684800 509 0 509 0
1414683000 509 0 509 0
1414681200 509 0 509 0
1414679400 509 0 509 0
1414677600 509 0 509 0
1414675800 509 0 509 0
1414674000 509 0 509 0
1414672200 509 0 509 0
1414670400 509 0 509 0
1414668600 509 0 509 0
1414666800 509 0 509 0
1414665000 509 0 509 0
1414663200 509 0 509 0
1414661400 509 0 509 0
1414659600 509 0 509 0
1414657800 509 0 509 0
1414656000 509 0 509 0
1414654200 509 0 509 0
1414652400 509 0 509 0
1414650600 509 0 509 0
1414648800 509 0 509 0
1414647000 509 0 509 0
1414645200 509 0 509 0
1414643400 509 0 509 0
1414641600 509 0 509 0
1414639800 509 0 509 0
1414638000 509 0 509 0
1414636200 509 0 509 0
1414634400 509 0 509 0
1414632600 509 0 509 0
1414630800 509 0 509 0
1414629000 509 0 509 0
1414627200 509 0 509 0
1414625400 509 0 509 0
1414623600 509 0 509 0
1414621800 509 0 509 0
1414620000 509 0 509 0
1414618200 509 0 509 0
1414616400 509 0 509 0
1414614600 509 0 509 0
1414612800 509 0 509 0
1414611000 509 0 509 0
1414609200 509 0 509 0
1414607400 509 0 509 0
1414605600 509 0 509 0
1414603800 509 0 509 0
1414602000 509 0 509 0
1414600200 509 0 509 0
1414598400 509 0 509 0
1414596600 509 0 509 0
1414594800 509 0 509 0
1414593000 509 0 509 0
1414591200 509 0 509 0
1414589400 509 0 509 0
1414587600 509 0 509 0
1414585800 509 0 509 0
1414584000 509 0 509 0
1414582200 509 0 509 0
1414580400 509 0 509 0
1414578600 509 0 509 0
1414576800 509 0 509 0
1414575000 509 0 509 0
1414573200 509 0 509 0
1414571400 509 0 509 0
1414569600 509 0 509 0
1414567800 509 0 509 0
1414566000 509 0 509 0
1414564200 509 0 509 0
1414562400 509 0 509 0
1414560600 509 0 509 0
1414558800 509 0 509 0
1414557000 509 0 509 0
1414555200 509 0 509 0
1414553400 509 0 509 0
1414551600 509 0 509 0
1414549800 509 0 509 0
1414548000 509 0 509 0
1414546200 509 0 509 0
1414544400 509 0 509 0
1414542600 509 0 509 0
1414540800 509 0 509 0
1414539000 509 0 509 0
1414537200 509 0 509 0
1414535400 509 0 509 0
1414533600 509 0 509 0
1414531800 509 0 509 0
1414530000 509 0 509 0
1414528200 509 0 509 0
1414526400 509 0 509 0
1414524600 509 0 509 0
1414522800 509 0 509 0
1414521000 509 0 509 0
1414519200 509 0 509 0
1414517400 509 0 509 0
1414515600 509 0 509 0
1414513800 509 0 509 0
1414512000 509 0 509 0
1414510200 509 0 509 0
1414508400 509 0 509 0
1414506600 509 0 509 0
1414504800 509 0 509 0
1414503000 509 0 509 0
1414501200 509 0 509 0
1414499400 509 0 509 0
1414497600 509 0 509 0
1414495800 509 0 509 0
1414494000 509 0 509 0
1414492200 509 0 509 0
1414490400 509 0 509 0
1414488600 509 0 509 0
1414486800 509 0 509 0
1414485000 509 0 509 0
1414483200 509 0 509 0
1414481400 509 0 509 0
1414479600 509 0 509 0
1414477800 509 0 509 0
1414476000 509 0 509 0
1414474200 509 0 509 0
1414472400 509 0 509 0
1414470600 509 0 509 0
1414468800 509 0 509 0
1414467000 509 0 509 0
1414465200 509 0 509 0
1414463400 509 0 509 0
1414461600 509 0 509 0
1414459800 509 0 509 0
1414458000 509 0 509 0
1414456200 509 0 509 0
1414454400 509 0 509 0
1414452600 509 0 509 0
1414450800 509 0 509 0
1414449000 509 0 509 0
1414447200 509 0 510 0
1414445400 510 0 510 0
1414443600 510 0 510 0
1414441800 510 0 511 0
1414440000 511 0 513 0
1414438200 513 0 514 0
1414436400 514 0 514 0
1414434600 514 0 517 0
1414432800 516 0 517 0
1414431000 516 0 526 0
1414429200 526 0 527 0
1414427400 527 0 532 0
1414425600 532 0 533 0
1414423800 533 0 548 0
1414422000 548 0 550 0
1414420200 549 0 550 0
1414418400 543 0 544 0
1414416600 540 0 541 0
1414414800 535 0 535 0
1414413000 534 0 535 0
1414411200 523 0 527 0
1414409400 526 0 527 0
1414407600 524 0 529 0
1414405800 529 0 532 0
1414404000 531 0 532 0
1414402200 530 0 531 0
1414400400 519 0 520 0
1414398600 519 0 520 0
1414396800 508 0 553 0
1414395000 553 0 565 0
1414393200 564 0 565 0
1414391400 562 0 563 0
1414389600 563 0 564 0
1414387800 564 0 568 0
1414386000 567 0 568 0
1414384200 563 0 566 0
1414382400 565 0 566 0
1414380600 560 0 561 0
1414378800 556 0 557 0
1414377000 544 0 545 0
1414375200 530 0 534 0
1414373400 533 0 534 0
1414371600 527 0 528 0
1414369800 525 0 526 0
1414368000 520 0 521 0
1414366200 518 0 519 0
1414364400 519 0 520 0
1414362600 520 0 522 0
1414360800 522 0 524 0
1414359000 524 0 528 0
1414357200 527 0 528 0
1414355400 525 0 528 0
1414353600 528 0 528 0
1414351800 527 0 528 0
1414350000 526 0 529 0
1414348200 529 0 536 0
1414346400 536 0 540 0
1414344600 540 0 541 0
1414342800 541 0 548 0
1414341000 548 0 562 0
1414339200 562 0 569 0
1414337400 568 0 569 0
1414335600 562 0 563 0
1414333800 561 0 562 0
1414332000 561 0 562 0
1414330200 561 0 562 0
1414328400 551 0 552 0
1414326600 552 0 552 0
1414324800 551 0 552 0
1414323000 549 0 550 0
1414321200 540 0 542 0
1414319400 541 0 542 0
1414317600 541 0 543 0
1414315800 542 0 543 0
1414314000 538 0 542 0
1414312200 541 0 542 0
1414310400 537 0 538 0
1414308600 537 0 538 0
1414306800 535 0 539 0
1414305000 539 0 541 0
1414303200 540 0 541 0
1414301400 538 0 542 0
1414299600 542 0 549 0
1414297800 548 0 549 0
1414296000 547 0 548 0
1414294200 543 0 544 0
1414292400 537 0 541 0
1414290600 540 0 541 0
1414288800 537 0 538 0
1414287000 536 0 537 0
1414285200 523 0 524 0
1414283400 521 0 522 0
1414281600 522 0 522 0
1414279800 522 0 530 0
1414278000 530 0 532 0
1414276200 532 0 532 0
1414274400 532 0 541 0
1414272600 541 0 542 0
1414270800 542 0 543 0
1414269000 543 0 544 0
1414267200 543 0 544 0
1414265400 542 0 543 0
1414263600 542 0 548 0
1414261800 547 0 548 0
1414260000 547 0 549 0
1414258200 549 0 554 0
1414256400 554 0 564 0
1414254600 564 0 564 0
1414252800 564 0 574 0
1414251000 573 0 574 0
1414249200 569 0 570 0
1414247400 564 0 568 0
1414245600 567 0 568 0
1414243800 564 0 565 0
1414242000 559 0 562 0
1414240200 561 0 562 0
1414238400 559 0 562 0
1414236600 561 0 562 0
1414234800 556 0 557 0
1414233000 555 0 565 0
1414231200 565 0 570 0
1414229400 570 0 571 0
1414227600 571 0 574 0
1414225800 573 0 574 0
1414224000 572 0 573 0
1414222200 567 0 568 0
1414220400 567 0 568 0
1414218600 564 0 565 0
1414216800 560 0 562 0
1414215000 561 0 562 0
1414213200 552 0 553 0
1414211400 553 0 553 0
1414209600 552 0 553 0
1414207800 544 0 544 0
1414206000 543 0 544 0
1414204200 538 0 539 0
1414202400 538 0 539 0
1414200600 531 0 532 0
1414198800 530 0 534 0
1414197000 533 0 534 0
1414195200 529 0 530 0
1414193400 529 0 534 0
1414191600 534 0 536 0
1414189800 536 0 539 0
1414188000 539 0 544 0
1414186200 543 0 544 0
1414184400 543 0 543 0
1414182600 542 0 543 0
1414180800 540 0 541 0
1414179000 541 0 546 0
1414177200 546 0 548 0
1414175400 547 0 548 0
1414173600 545 0 551 0
1414171800 551 0 554 0
1414170000 554 0 559 0
1414168200 559 0 561 0
1414166400 561 0 561 0
1414164600 560 0 561 0
1414162800 559 0 560 0
1414161000 558 0 559 0
1414159200 553 0 553 0
1414157400 553 0 556 0
1414155600 555 0 556 0
1414153800 552 0 553 0
1414152000 552 0 559 0
1414150200 558 0 559 0
1414148400 554 0 557 0
1414146600 557 0 560 0
1414144800 560 0 567 0
1414143000 567 0 575 0
1414141200 574 0 575 0
1414139400 568 0 569 0
1414137600 563 0 564 0
1414135800 554 0 555 0
1414134000 552 0 553 0
1414132200 552 0 552 0
1414130400 551 0 552 0
1414128600 551 0 556 0
1414126800 556 0 556 0
1414125000 556 0 556 0
1414123200 555 0 556 0
1414121400 552 0 553 0
1414119600 548 0 550 0
1414117800 549 0 550 0
1414116000 548 0 549 0
1414114200 548 0 549 0
1414112400 539 0 540 0
1414110600 532 0 539 0
1414108800 538 0 539 0
1414107000 536 0 537 0
1414105200 536 0 536 0
1414103400 535 0 536 0
1414101600 535 0 536 0
1414099800 536 0 536 0
1414098000 535 0 536 0
1414096200 533 0 534 0
1414094400 533 0 534 0
1414092600 533 0 539 0
1414090800 538 0 539 0
1414089000 536 0 538 0
1414087200 538 0 548 0
1414085400 548 0 560 0
1414083600 560 0 561 0
1414081800 561 0 566 0
1414080000 566 0 571 0
1414078200 571 0 573 0
1414076400 573 0 580 0
1414074600 580 0 590 0
1414072800 589 0 590 0
1414071000 585 0 586 0
1414069200 576 0 577 0
1414067400 569 0 569 0
1414065600 568 0 569 0
1414063800 563 0 564 0
1414062000 557 0 565 0
1414060200 565 0 573 0
1414058400 572 0 573 0
1414056600 570 0 571 0
1414054800 568 0 570 0
1414053000 570 0 577 0
1414051200 577 0 584 0
1414049400 583 0 584 0
1414047600 575 0 576 0
1414045800 572 0 579 0
1414044000 579 0 580 0
1414042200 579 0 580 0
1414040400 570 0 571 0
1414038600 569 0 575 0
1414036800 574 0 575 0
1414035000 572 0 573 0
1414033200 568 0 569 0
1414031400 567 0 568 0
1414029600 563 0 564 0
1414027800 561 0 562 0
1414026000 554 0 555 0
1414024200 548 0 549 0
1414022400 541 0 542 0
1414020600 538 0 546 0
1414018800 545 0 546 0
1414017000 544 0 544 0
1414015200 543 0 544 0
1414013400 541 0 542 0
1414011600 536 0 549 0
1414009800 549 0 549 0
1414008000 549 0 549 0
1414006200 549 0 552 0
1414004400 552 0 554 0
1414002600 554 0 554 0
1414000800 560 0 571 0
1413993600 578 0 587 0
1413986400 572 0 580 0
1413979200 556 0 564 0
1413972000 562 0 566 0
1413964800 568 0 578 0
1413957600 576 0 581 0
1413950400 574 0 579 0
1413943200 553 0 569 0
1413936000 538 0 540 0
1413928800 539 0 546 0
1413921600 550 0 559 0
1413914400 563 0 577 0
1413907200 579 0 583 0
1413900000 575 0 583 0
1413892800 565 0 572 0
1413885600 572 0 576 0
1413878400 569 0 576 0
1413871200 567 0 573 0
1413864000 554 0 561 0
1413856800 530 0 545 0
1413849600 522 0 523 0
1413842400 525 0 529 0
1413835200 532 0 539 0
1413828000 543 0 547 0
1413820800 548 0 555 0
1413813600 538 0 548 0
1413806400 516 0 525 0
1413799200 355 0 508 0
1413792000 418 0 564 0
1413784800 572 0 585 0
1413777600 566 0 569 0
1413770400 548 0 562 0
1413763200 530 0 534 0
1413756000 535 0 555 0
1413748800 554 0 558 0
1413741600 561 0 579 0
1413734400 588 0 595 0
1413727200 585 0 589 0
1413720000 573 0 582 0
1413712800 571 0 576 0
1413705600 573 0 577 0
1413698400 576 0 578 0
1413691200 565 0 573 0
1413684000 546 0 555 0
1413676800 551 0 554 0
1413669600 551 0 560 0
1413662400 565 0 574 0
1413655200 572 0 579 0
1413648000 582 0 589 0
1413640800 584 0 589 0
1413633600 579 0 586 0
1413626400 582 0 586 0
1413619200 573 0 577 0
1413612000 569 0 580 0
1413604800 558 0 580 0
1413597600 535 0 540 0
1413590400 525 0 530 0
1413583200 528 0 535 0
1413576000 542 0 550 0
1413568800 554 0 561 0
1413561600 559 0 561 0
1413554400 538 0 549 0
1413547200 526 0 538 0
1413540000 541 0 556 0
1413532800 557 0 561 0
1413525600 565 0 580 0
1413518400 574 0 580 0
1413511200 555 0 563 0
1413504000 546 0 548 0
1413496800 545 0 553 0
1413489600 557 0 563 0
1413482400 566 0 585 0
1413475200 586 0 590 0
1413468000 580 0 585 0
1413460800 566 0 574 0
1413453600 577 0 585 0
1413446400 587 0 590 0
1413439200 582 0 587 0
1413432000 572 0 579 0
1413424800 547 0 573 0
1413417600 528 0 532 0
1413410400 527 0 534 0
1413403200 535 0 541 0
1413396000 545 0 559 0
1413388800 572 0 583 0
1413381600 569 0 578 0
1413374400 556 0 566 0
1413367200 566 0 573 0
1413360000 572 0 574 0
1413352800 569 0 571 0
1413345600 563 0 571 0
1413338400 550 0 556 0
1413331200 545 0 548 0
1413324000 546 0 548 0
1413316800 549 0 553 0
1413309600 555 0 571 0
1413302400 573 0 580 0
1413295200 566 0 580 0
1413288000 543 0 551 0
1413280800 557 0 567 0
1413273600 570 0 573 0
1413266400 559 0 569 0
1413259200 556 0 560 0
1413252000 536 0 541 0
1413244800 529 0 537 0
1413237600 525 0 530 0
1413230400 527 0 531 0
1413223200 534 0 545 0
1413216000 547 0 556 0
1413208800 532 0 550 0
1413201600 507 0 516 0
1413194400 509 0 516 0
1413187200 547 0 569 0
1413180000 566 0 569 0
1413172800 547 0 557 0
1413165600 528 0 550 0
1413158400 513 0 520 0
1413151200 521 0 528 0
1413144000 528 0 530 0
1413136800 535 0 554 0
1413129600 569 0 589 0
1413122400 579 0 589 0
1413115200 561 0 564 0
1413108000 566 0 570 0
1413100800 566 0 576 0
1413093600 560 0 565 0
1413086400 560 0 568 0
1413079200 539 0 552 0
1413072000 550 0 554 0
1413064800 556 0 560 0
1413057600 563 0 568 0
1413050400 567 0 580 0
1413043200 588 0 600 0
1413036000 587 0 595 0
1413028800 572 0 575 0
1413021600 573 0 591 0
1413014400 590 0 592 0
1413007200 590 0 595 0
1413000000 578 0 584 0
1412992800 566 0 571 0
1412985600 561 0 566 0
1412978400 562 0 565 0
1412971200 563 0 568 0
1412964000 570 0 579 0
1412956800 584 0 596 0
1412949600 586 0 590 0
1412942400 574 0 580 0
1412935200 575 0 578 0
1412928000 580 0 583 0
1412920800 580 0 584 0
1412913600 579 0 584 0
1412906400 557 0 572 0
1412899200 540 0 547 0
1412892000 548 0 553 0
1412884800 554 0 559 0
1412877600 557 0 564 0
1412870400 563 0 571 0
1412863200 564 0 571 0
1412856000 553 0 561 0
1412848800 564 0 568 0
1412841600 564 0 568 0
1412834400 561 0 567 0
1412827200 553 0 562 0
1412820000 528 0 540 0
1412812800 507 0 510 0
1412805600 513 0 520 0
1412798400 522 0 527 0
1412791200 529 0 537 0
1412784000 538 0 543 0
1412776800 529 0 539 0
1412769600 526 0 544 0
1412762400 545 0 549 0
1412755200 545 0 551 0
1412748000 540 0 544 0
1412740800 525 0 535 0
1412733600 518 0 523 0
1412726400 517 0 519 0
1412719200 519 0 526 0
1412712000 523 0 526 0
1412704800 520 0 529 0
1412697600 528 0 535 0
1412690400 527 0 537 0
1412683200 530 0 537 0
1412676000 527 0 530 0
1412668800 522 0 528 0
1412661600 523 0 529 0
1412654400 519 0 525 0
1412647200 505 0 511 0
1412640000 501 0 504 0
1412632800 502 0 504 0
1412625600 504 0 507 0
1412618400 505 0 510 0
1412611200 510 0 520 0
1412604000 501 0 508 0
1412596800 489 0 493 0
1412589600 473 0 485 0
1412582400 485 0 500 0
1412575200 498 0 501 0
1412568000 497 0 507 0
1412560800 483 0 489 0
1412553600 476 0 479 0
1412546400 475 0 477 0
1412539200 477 0 479 0
1412532000 483 0 491 0
1412524800 496 0 502 0
1412517600 499 0 502 0
1412510400 501 0 504 0
1412503200 508 0 515 0
1412496000 514 0 520 0
1412488800 522 0 527 0
1412481600 520 0 524 0
1412474400 519 0 524 0
1412467200 501 0 509 0
1412460000 502 0 502 0
1412452800 503 0 508 0
1412445600 510 0 523 0
1412438400 526 0 533 0
1412431200 531 0 540 0
1412424000 530 0 533 0
1412416800 525 0 528 0
1412409600 516 0 521 0
1412402400 513 0 518 0
1412395200 515 0 521 0
1412388000 509 0 521 0
1412380800 498 0 502 0
1412373600 500 0 504 0
1412366400 504 0 506 0
1412359200 519 0 535 0
1412352000 535 0 538 0
1412344800 537 0 543 0
1412337600 528 0 533 0
1412330400 531 0 534 0
1412323200 520 0 527 0
1412316000 523 0 525 0
1412308800 522 0 525 0
1412301600 514 0 521 0
1412294400 502 0 505 0
1412287200 503 0 510 0
1412280000 509 0 515 0
1412272800 510 0 515 0
1412265600 517 0 527 0
1412258400 520 0 527 0
1412251200 521 0 528 0
1412244000 513 0 522 0
1412236800 504 0 506 0
1412229600 510 0 513 0
1412222400 514 0 518 0
1412215200 500 0 509 0
1412208000 503 0 515 0
1412200800 510 0 514 0
1412193600 518 0 525 0
1412186400 522 0 532 0
1412179200 534 0 536 0
1412172000 531 0 535 0
1412164800 522 0 526 0
1412157600 517 0 519 0
1412150400 514 0 518 0
1412143200 516 0 520 0
1412136000 512 0 517 0
1412128800 512 0 522 0
1412121600 501 0 504 0
1412114400 501 0 507 0
1412107200 511 0 516 0
1412100000 515 0 524 0
1412092800 525 0 531 0
1412085600 520 0 531 0
1412078400 517 0 534 0
1412071200 540 0 549 0
1412064000 542 0 548 0
1412056800 548 0 552 0
1412049600 540 0 552 0
1412042400 520 0 527 0
1412035200 504 0 506 0
1412028000 508 0 513 0
1412020800 516 0 521 0
1412013600 525 0 538 0
1412006400 538 0 541 0
1411999200 526 0 539 0
1411992000 509 0 517 0
1411984800 512 0 518 0
1411977600 528 0 542 0
1411970400 538 0 542 0
1411963200 532 0 540 0
1411956000 519 0 528 0
1411948800 507 0 511 0
1411941600 509 0 513 0
1411934400 513 0 519 0
1411927200 522 0 541 0
1411920000 538 0 546 0
1411912800 531 0 536 0
1411905600 529 0 544 0
1411898400 550 0 557 0
1411891200 544 0 551 0
1411884000 542 0 543 0
1411876800 533 0 542 0
1411869600 503 0 509 0
1411862400 495 0 498 0
1411855200 495 0 498 0
1411848000 500 0 510 0
1411840800 515 0 523 0
1411833600 525 0 533 0
1411826400 533 0 541 0
1411819200 529 0 536 0
1411812000 526 0 529 0
1411804800 524 0 528 0
1411797600 526 0 529 0
1411790400 534 0 543 0
1411783200 538 0 543 0
1411776000 529 0 532 0
1411768800 534 0 545 0
1411761600 545 0 549 0
1411754400 550 0 560 0
1411747200 557 0 561 0
1411740000 552 0 560 0
1411732800 543 0 550 0
1411725600 548 0 554 0
1411718400 549 0 552 0
1411711200 547 0 550 0
1411704000 537 0 541 0
1411696800 527 0 534 0
1411689600 509 0 519 0
1411682400 503 0 506 0
1411675200 506 0 508 0
1411668000 509 0 522 0
1411660800 527 0 531 0
1411653600 522 0 526 0
1411646400 517 0 526 0
1411639200 526 0 539 0
1411632000 532 0 539 0
1411624800 526 0 529 0
1411617600 520 0 525 0
1411610400 514 0 525 0
1411603200 510 0 513 0
1411596000 509 0 513 0
1411588800 515 0 518 0
1411581600 518 0 534 0
1411574400 535 0 542 0
1411567200 533 0 540 0
1411560000 524 0 530 0
1411552800 529 0 533 0
1411545600 535 0 542 0
1411538400 538 0 545 0
1411531200 535 0 539 0
1411524000 527 0 538 0
1411516800 526 0 528 0
1411509600 519 0 522 0
1411502400 521 0 528 0
1411495200 535 0 545 0
1411488000 553 0 560 0
1411480800 554 0 560 0
1411473600 526 0 534 0
1411466400 531 0 536 0
1411459200 533 0 536 0
1411452000 534 0 536 0
1411444800 530 0 535 0
1411437600 510 0 523 0
1411430400 496 0 503 0
1411423200 500 0 507 0
1411416000 509 0 512 0
1411408800 513 0 525 0
1411401600 528 0 536 0
1411394400 515 0 524 0
1411387200 504 0 516 0
1411380000 509 0 516 0
1411372800 535 0 557 0
1411365600 559 0 567 0
1411358400 564 0 568 0
1411351200 546 0 560 0
1411344000 530 0 536 0
1411336800 533 0 539 0
1411329600 542 0 552 0
1411322400 554 0 561 0
1411315200 562 0 566 0
1411308000 566 0 574 0
1411300800 562 0 571 0
1411293600 571 0 577 0
1411286400 573 0 576 0
1411279200 569 0 573 0
1411272000 567 0 573 0
1411264800 551 0 564 0
1411257600 538 0 542 0
1411250400 543 0 548 0
1411243200 550 0 562 0
1411236000 565 0 572 0
1411228800 568 0 574 0
1411221600 574 0 575 0
1411214400 574 0 577 0
1411207200 569 0 571 0
1411200000 565 0 571 0
1411192800 562 0 564 0
1411185600 552 0 559 0
1411178400 536 0 550 0
1411171200 531 0 534 0
1411164000 536 0 542 0
1411156800 541 0 545 0
1411149600 545 0 549 0
1411142400 547 0 562 0
1411135200 556 0 563 0
1411128000 540 0 549 0
1411120800 551 0 557 0
1411113600 553 0 557 0
1411106400 552 0 559 0
1411099200 556 0 559 0
1411092000 534 0 545 0
1411084800 521 0 525 0
1411077600 524 0 530 0
1411070400 535 0 548 0
1411063200 552 0 566 0
1411056000 566 0 571 0
1411048800 562 0 567 0
1411041600 548 0 564 0
1411034400 553 0 558 0
1411027200 546 0 552 0
1411020000 552 0 556 0
1411012800 544 0 553 0
1411005600 521 0 530 0
1410998400 503 0 505 0
1410991200 504 0 505 0
1410984000 511 0 520 0
1410976800 524 0 535 0
1410969600 540 0 551 0
1410962400 532 0 549 0
1410955200 520 0 527 0
1410948000 545 0 561 0
1410940800 558 0 562 0
1410933600 558 0 562 0
1410926400 554 0 561 0
1410919200 533 0 550 0
1410912000 515 0 517 0
1410904800 517 0 524 0
1410897600 526 0 531 0
1410890400 535 0 539 0
1410883200 543 0 551 0
1410876000 537 0 544 0
1410868800 530 0 536 0
1410861600 539 0 548 0
1410854400 542 0 549 0
1410847200 536 0 541 0
1410840000 536 0 540 0
1410832800 527 0 539 0
1410825600 519 0 524 0
1410818400 522 0 532 0
1410811200 534 0 537 0
1410804000 537 0 551 0
1410796800 546 0 551 0
1410789600 543 0 552 0
1410782400 525 0 532 0
1410775200 514 0 528 0
1410768000 531 0 552 0
1410760800 549 0 552 0
1410753600 550 0 555 0
1410746400 531 0 541 0
1410739200 528 0 533 0
1410732000 533 0 537 0
1410724800 538 0 549 0
1410717600 553 0 565 0
1410710400 570 0 576 0
1410703200 570 0 574 0
1410696000 566 0 568 0
1410688800 574 0 582 0
1410681600 575 0 581 0
1410674400 578 0 580 0
1410667200 576 0 580 0
1410660000 565 0 576 0
1410652800 553 0 560 0
1410645600 550 0 551 0
1410638400 550 0 553 0
1410631200 553 0 559 0
1410624000 565 0 573 0
1410616800 555 0 559 0
1410609600 548 0 560 0
1410602400 563 0 569 0
1410595200 558 0 564 0
1410588000 554 0 560 0
1410580800 548 0 553 0
1410573600 539 0 543 0
1410566400 536 0 541 0
1410559200 537 0 541 0
1410552000 539 0 542 0
1410544800 542 0 550 0
1410537600 553 0 556 0
1410530400 544 0 555 0
1410523200 528 0 539 0
1410516000 539 0 543 0
1410508800 547 0 553 0
1410501600 548 0 556 0
1410494400 539 0 541 0
1410487200 529 0 541 0
1410480000 529 0 534 0
1410472800 528 0 530 0
1410465600 527 0 531 0
1410458400 532 0 547 0
1410451200 549 0 555 0
1410444000 544 0 547 0
1410436800 540 0 544 0
1410429600 544 0 549 0
1410422400 540 0 547 0
1410415200 543 0 548 0
1410408000 536 0 540 0
1410400800 520 0 534 0
1410393600 516 0 524 0
1410386400 524 0 527 0
1410379200 523 0 527 0
1410372000 525 0 531 0
1410364800 537 0 545 0
1410357600 532 0 535 0
1410350400 524 0 535 0
1410343200 539 0 544 0
1410336000 545 0 550 0
1410328800 543 0 548 0
1410321600 534 0 543 0
1410314400 509 0 523 0
1410307200 513 0 518 0
1410300000 513 0 519 0
1410292800 519 0 521 0
1410285600 523 0 532 0
1410278400 531 0 537 0
1410271200 528 0 534 0
1410264000 520 0 540 0
1410256800 538 0 540 0
1410249600 535 0 540 0
1410242400 526 0 530 0
1410235200 529 0 534 0
1410228000 510 0 522 0
1410220800 503 0 508 0
1410213600 501 0 504 0
1410206400 503 0 505 0
1410199200 503 0 521 0
1410192000 524 0 527 0
1410184800 513 0 519 0
1410177600 510 0 514 0
1410170400 496 0 508 0
1410163200 511 0 529 0
1410156000 529 0 534 0
1410148800 524 0 533 0
1410141600 520 0 525 0
1410134400 513 0 517 0
1410127200 516 0 517 0
1410120000 516 0 522 0
1410112800 522 0 531 0
1410105600 530 0 534 0
1410098400 530 0 534 0
1410091200 525 0 532 0
1410084000 531 0 537 0
1410076800 534 0 537 0
1410069600 531 0 538 0
1410062400 537 0 540 0
1410055200 521 0 528 0
1410048000 509 0 516 0
1410040800 515 0 516 0
1410033600 514 0 517 0
1410026400 516 0 523 0
1410019200 526 0 532 0
1410012000 529 0 534 0
1410004800 531 0 537 0
1409997600 531 0 536 0
1409990400 533 0 539 0
1409983200 542 0 545 0
1409976000 538 0 545 0
1409968800 521 0 530 0
1409961600 510 0 514 0
1409954400 509 0 512 0
1409947200 513 0 520 0
1409940000 518 0 528 0
1409932800 523 0 529 0
1409925600 523 0 530 0
1409918400 506 0 516 0
1409911200 519 0 525 0
1409904000 522 0 529 0
1409896800 528 0 533 0
1409889600 529 0 533 0
1409882400 513 0 523 0
1409875200 508 0 513 0
1409868000 502 0 506 0
1409860800 504 0 510 0
1409853600 509 0 514 0
1409846400 521 0 533 0
1409839200 529 0 534 0
1409832000 513 0 520 0
1409824800 526 0 535 0
1409817600 532 0 535 0
1409810400 535 0 539 0
1409803200 531 0 538 0
1409796000 522 0 529 0
1409788800 511 0 515 0
1409781600 511 0 513 0
1409774400 512 0 515 0
1409767200 515 0 531 0
1409760000 527 0 531 0
1409752800 517 0 526 0
1409745600 504 0 509 0
1409738400 505 0 509 0
1409731200 502 0 505 0
1409724000 506 0 513 0
1409716800 509 0 516 0
1409709600 490 0 503 0
1409702400 484 0 487 0
1409695200 488 0 502 0
1409688000 497 0 502 0
1409680800 518 0 538 0
1409616000 505 0 529 0
1409529600 506 0 532 0
1409443200 495 0 515 0
1409356800 484 0 517 0
1409270400 509 0 527 0
1409184000 493 0 516 0
1409097600 491 0 515 0
1409011200 483 0 517 0
1408924800 501 0 522 0
1408838400 507 0 529 0
1408752000 514 0 547 0
1408665600 514 0 539 0
1408579200 525 0 560 0
1408492800 523 0 549 0
1408406400 517 0 547 0
1408320000 515 0 547 0
1408233600 516 0 540 0
1408147200 512 0 543 0
1408060800 500 0 528 0
1407974400 497 0 531 0
1407888000 505 0 533 0
1407801600 493 0 522 0
1407715200 508 0 544 0
1407628800 506 0 523 0
1407542400 503 0 525 0
1407456000 505 0 524 0
1407369600 506 0 528 0
1407283200 510 0 539 0
1407196800 513 0 557 0
1407110400 553 0 592 0
1407024000 547 0 563 0
1406937600 535 0 557 0
1406851200 533 0 555 0
1406764800 530 0 552 0
1406678400 510 0 547 0
1406592000 481 0 546 0
1406505600 540 0 575 0
1406419200 539 0 557 0
1406332800 537 0 564 0
1406246400 530 0 556 0
1406160000 520 0 548 0
1406073600 505 0 552 0
1405987200 527 0 558 0
1405900800 537 0 561 0
1405814400 536 0 564 0
1405728000 527 0 553 0
1405641600 524 0 548 0
1405555200 512 0 537 0
1405468800 510 0 539 0
1405382400 508 0 568 0
1405296000 543 0 581 0
1405209600 527 0 557 0
1405123200 542 0 568 0
1405036800 544 0 570 0
1404950400 540 0 558 0
1404864000 541 0 568 0
1404777600 531 0 567 0
1404691200 540 0 577 0
1404604800 545 0 572 0
1404518400 547 0 572 0
1404432000 549 0 577 0
1404345600 546 0 568 0
1404259200 543 0 560 0
1404172800 535 0 558 0
1404086400 548 0 571 0
1404000000 562 0 582 0
1403913600 546 0 581 0
1403827200 528 0 560 0
1403740800 508 0 536 0
1403654400 531 0 557 0
1403568000 551 0 589 0
1403481600 562 0 597 0
1403395200 566 0 596 0
1403308800 550 0 594 0
1403222400 542 0 576 0
1403136000 533 0 555 0
1403049600 522 0 549 0
1402963200 511 0 546 0
1402876800 547 0 580 0
1402790400 545 0 574 0
1402704000 528 0 557 0
1402617600 521 0 547 0
1402531200 530 0 558 0
1402444800 529 0 572 0
1402358400 524 0 551 0
1402272000 561 0 595 0
1402185600 555 0 594 0
1402099200 538 0 565 0
1402012800 548 0 571 0
1401926400 561 0 593 0
1401840000 550 0 579 0
1401753600 544 0 586 0
1401667200 576 0 602 0
1401580800 587 0 618 0
1401494400 561 0 593 0
1401408000 538 0 571 0
1401321600 561 0 590 0
1401235200 554 0 584 0
1401148800 542 0 574 0
1401062400 557 0 586 0
1400976000 574 0 606 0
1400889600 540 0 572 0
1400803200 529 0 556 0
1400716800 540 0 569 0
1400630400 547 0 579 0
1400544000 534 0 560 0
1400457600 540 0 574 0
1400371200 559 0 590 0
1400284800 560 0 583 0
1400198400 554 0 587 0
1400112000 545 0 583 0
1400025600 565 0 592 0
1399939200 554 0 595 0
1399852800 584 0 611 0
1399766400 588 0 613 0
1399680000 561 0 591 0
1399593600 546 0 585 0
1399507200 543 0 576 0
1399420800 551 0 574 0
1399334400 547 0 581 0
1399248000 563 0 598 0
1399161600 560 0 589 0
1399075200 550 0 582 0
1398988800 555 0 576 0
1398902400 554 0 583 0
1398816000 543 0 593 0
1398729600 531 0 578 0
1398643200 535 0 573 0
1398556800 558 0 583 0
1398470400 546 0 572 0
1398384000 553 0 584 0
1398297600 543 0 565 0
1398211200 541 0 575 0
1398124800 523 0 578 0
1398038400 553 0 571 0
1397952000 545 0 572 0
1397865600 535 0 568 0
1397779200 533 0 565 0
1397692800 528 0 555 0
1397606400 538 0 570 0
1397520000 529 0 588 0
1397433600 575 0 602 0
1397347200 584 0 618 0
1397260800 577 0 603 0
1397174400 562 0 587 0
1397088000 540 0 582 0
1397001600 512 0 580 0
1396915200 538 0 576 0
1396828800 571 0 612 0
1396742400 570 0 595 0
1396656000 585 0 612 0
1396569600 592 0 619 0
1396483200 591 0 624 0
1396396800 560 0 594 0
1396310400 559 0 601 0
1396224000 574 0 603 0
1396137600 570 0 606 0
1396051200 562 0 587 0
1395964800 568 0 603 0
1395878400 567 0 600 0
1395792000 578 0 616 0
1395705600 559 0 592 0
1395619200 589 0 619 0
1395532800 584 0 603 0
1395446400 572 0 602 0
1395360000 544 0 572 0
1395273600 554 0 573 0
1395187200 562 0 592 0
1395100800 538 0 577 0
1395014400 573 0 599 0
1394928000 564 0 593 0
1394841600 556 0 580 0
1394755200 572 0 597 0
1394668800 566 0 598 0
1394582400 575 0 608 0
1394496000 548 0 578 0
1394409600 566 0 593 0
1394323200 565 0 590 0
1394236800 546 0 576 0
1394150400 550 0 571 0
1394064000 546 0 575 0
1393977600 551 0 571 0
1393891200 539 0 574 0
1393804800 552 0 580 0
1393718400 551 0 579 0
1393632000 527 0 573 0
1393545600 534 0 558 0
1393459200 536 0 560 0
1393372800 550 0 573 0
1393286400 534 0 566 0
1393200000 538 0 559 0
1393113600 533 0 565 0
1393027200 541 0 570 0
1392940800 542 0 569 0
1392854400 543 0 563 0
1392768000 530 0 550 0
1392681600 534 0 571 0
1392595200 560 0 586 0
1392508800 566 0 588 0
1392422400 567 0 595 0
1392336000 557 0 585 0
1392249600 549 0 587 0
1392163200 547 0 584 0
1392076800 521 0 546 0
1391990400 522 0 551 0
1391904000 540 0 566 0
1391817600 516 0 552 0
1391731200 488 0 500 0
1391644800 496 0 519 0
1391558400 484 0 513 0
1391472000 423 0 517 0
1391385600 510 0 528 0
1391299200 518 0 534 0
1391212800 506 0 531 0
1391126400 523 0 542 0
1391040000 527 0 546 0
1390953600 529 0 559 0
1390867200 510 0 533 0
1390780800 540 0 564 0
1390694400 545 0 568 0
1390608000 533 0 557 0
1390521600 521 0 556 0
1390435200 543 0 573 0
1390348800 532 0 559 0
1390262400 536 0 571 0
1390176000 543 0 570 0
1390089600 535 0 558 0
1390003200 519 0 546 0
1389916800 516 0 547 0
1389830400 503 0 528 0
1389744000 505 0 529 0
1389657600 486 0 512 0
1389571200 505 0 536 0
1389484800 509 0 532 0
1389398400 501 0 522 0
1389312000 504 0 533 0
1389225600 506 0 528 0
1389139200 487 0 511 0
1389052800 480 0 510 0
1388966400 505 0 533 0
1388880000 510 0 529 0
1388793600 482 0 507 0
1388707200 473 0 498 0
1388620800 470 0 499 0
1388534400 472 0 494 0
1388448000 450 0 500 0
1388361600 492 0 522 0
1388275200 483 0 501 0
1388188800 451 0 505 0
1388102400 409 0 409 0
1388016000 409 0 409 0
1387929600 409 0 409 0
1387843200 409 0 409 0
1387756800 409 0 409 0
1387670400 409 0 409 0
1387584000 409 0 409 0
1387497600 409 0 409 0
1387411200 409 0 409 0
1387324800 409 0 409 0
1387238400 409 0 409 0
1387152000 409 0 409 0
1387065600 409 0 409 0
1386979200 409 0 409 0
1386892800 409 0 409 0
1386806400 409 0 409 0
1386720000 409 0 409 0
1386633600 409 0 409 0
1386547200 409 0 409 0
1386460800 409 0 409 0
1386374400 409 0 409 0
1386288000 409 0 409 0
1386201600 409 0 409 0
1386115200 409 0 409 0
1386028800 409 0 409 0
1385942400 409 0 409 0
1385856000 409 0 409 0
1385769600 409 0 409 0
1385683200 409 0 409 0
1385596800 409 0 409 0
1385510400 409 0 409 0
1385424000 409 0 409 0
1385337600 409 0 409 0
1385251200 409 0 409 0
1385164800 409 0 409 0
1385078400 409 0 409 0
1384992000 409 0 409 0
1384905600 409 0 409 0
1384819200 409 0 409 0
1384732800 409 0 409 0
1384646400 409 0 409 0
1384560000 409 0 409 0
1384473600 409 0 409 0
1384387200 409 0 409 0
1384300800 409 0 409 0
1384214400 409 0 409 0
1384128000 409 0 409 0
1384041600 409 0 409 0
1383955200 409 0 409 0
1383868800 409 0 409 0
1383782400 409 0 409 0
1383696000 409 0 409 0
1383609600 409 0 409 0
1383523200 409 0 409 0
1383436800 409 0 409 0
1383350400 409 0 409 0
1383264000 409 0 409 0
1383177600 409 0 409 0
1383091200 409 0 409 0
1383004800 409 0 409 0
1382918400 409 0 409 0
1382832000 409 0 409 0
1382745600 409 0 409 0
1382659200 409 0 409 0
1382572800 409 0 409 0
1382486400 409 0 409 0
1382400000 409 0 409 0
1382313600 409 0 409 0
1382227200 409 0 409 0
1382140800 409 0 409 0
1382054400 409 0 409 0
1381968000 409 0 409 0
1381881600 409 0 409 0
1381795200 409 0 409 0
1381708800 409 0 409 0
1381622400 409 0 409 0
1381536000 409 0 409 0
1381449600 409 0 409 0
1381363200 409 0 409 0
1381276800 409 0 409 0
1381190400 409 0 409 0
1381104000 409 0 409 0
1381017600 409 0 409 0
1380931200 409 0 409 0
1380844800 409 0 409 0
1380758400 409 0 409 0
1380672000 409 0 409 0
1380585600 409 0 409 0
1380499200 409 0 409 0
1380412800 409 0 409 0
1380326400 409 0 409 0
1380240000 409 0 409 0
1380153600 409 0 409 0
1380067200 409 0 409 0
1379980800 409 0 409 0
1379894400 409 0 409 0
1379808000 409 0 409 0
1379721600 409 0 409 0
1379635200 409 0 409 0
1379548800 409 0 409 0
1379462400 409 0 409 0
1379376000 409 0 409 0
1379289600 409 0 409 0
1379203200 409 0 409 0
1379116800 409 0 409 0
1379030400 409 0 409 0
1378944000 409 0 409 0
1378857600 409 0 409 0
1378771200 409 0 409 0
1378684800 409 0 409 0
1378598400 409 0 409 0
1378512000 409 0 409 0
1378425600 409 0 409 0
1378339200 409 0 409 0
1378252800 409 0 409 0
1378166400 409 0 409 0
1378080000 409 0 409 0
1377993600 409 0 409 0
1377907200 409 0 409 0
1377820800 409 0 409 0
1377734400 409 0 409 0
1377648000 409 0 409 0
1377561600 409 0 409 0
1377475200 409 0 409 0
1377388800 409 0 409 0
1377302400 409 0 409 0
1377216000 409 0 409 0
1377129600 409 0 409 0
1377043200 409 0 409 0
1376956800 409 0 409 0
1376870400 409 0 409 0
1376784000 409 0 409 0
1376697600 409 0 409 0
1376611200 409 0 409 0
1376524800 409 0 409 0
1376438400 409 0 409 0
1376352000 409 0 409 0
1376265600 409 0 409 0
1376179200 409 0 409 0
1376092800 409 0 409 0
1376006400 409 0 409 0
1375920000 409 0 409 0
1375833600 409 0 409 0
1375747200 409 0 409 0
1375660800 409 0 409 0
1375574400 409 0 409 0
1375488000 409 0 409 0
1375401600 409 0 409 0
1375315200 409 0 409 0
1375228800 409 0 409 0
1375142400 409 0 409 0
1375056000 409 0 409 0
1374969600 409 0 409 0
1374883200 409 0 409 0
1374796800 409 0 409 0
1374710400 409 0 409 0
1374624000 409 0 409 0
1374537600 409 0 409 0
1374451200 409 0 409 0
1374364800 409 0 409 0
1374278400 409 0 409 0
1374192000 409 0 409 0
1374105600 409 0 409 0
1374019200 409 0 409 0
1373932800 409 0 409 0
1373846400 409 0 409 0
1373760000 409 0 409 0
1373673600 409 0 409 0
1373587200 409 0 409 0
1373500800 409 0 409 0
1373414400 409 0 409 0
1373328000 409 0 409 0
1373241600 409 0 409 0
1373155200 409 0 409 0
1373068800 409 0 409 0
1372982400 409 0 409 0
1372896000 409 0 409 0
1372809600 409 0 409 0
1372723200 409 0 409 0
1372636800 409 0 409 0
1372550400 409 0 409 0
1372464000 409 0 409 0
1372377600 409 0 409 0
1372291200 409 0 409 0
1372204800 409 0 409 0
1372118400 409 0 409 0
1372032000 409 0 409 0
1371945600 409 0 409 0
1371859200 409 0 409 0
1371772800 409 0 409 0
1371686400 409 0 409 0
1371600000 409 0 409 0
1371513600 409 0 409 0
1371427200 409 0 409 0
1371340800 409 0 409 0
1371254400 409 0 409 0
1371168000 409 0 409 0
1371081600 409 0 409 0
1370995200 409 0 409 0
1370908800 409 0 409 0
1370822400 409 0 409 0
1370736000 409 0 409 0
1370649600 409 0 409 0
1370563200 409 0 409 0
1370476800 409 0 409 0
1370390400 409 0 409 0
1370304000 409 0 409 0
1370217600 409 0 409 0
1370131200 409 0 409 0
1370044800 409 0 409 0
1369958400 409 0 409 0
1369872000 409 0 409 0
1369785600 409 0 409 0
1369699200 409 0 409 0
1369612800 409 0 409 0
1369526400 409 0 409 0
1369440000 409 0 409 0
1369353600 409 0 409 0
1369267200 409 0 409 0
1369180800 409 0 409 0
1369094400 409 0 409 0
1369008000 409 0 409 0
1368921600 409 0 409 0
1368835200 409 0 409 0
1368748800 409 0 409 0
1368662400 409 0 409 0
1368576000 409 0 409 0
1368489600 409 0 409 0
1368403200 409 0 409 0
1368316800 409 0 409 0
1368230400 409 0 409 0
1368144000 409 0 409 0
1368057600 409 0 409 0
1367971200 409 0 409 0
1367884800 409 0 409 0
1367798400 409 0 409 0
1367712000 409 0 409 0
1367625600 409 0 409 0
1367539200 409 0 409 0
1367452800 409 0 409 0
1367366400 409 0 409 0
1367280000 409 0 409 0
1367193600 409 0 409 0
1367107200 409 0 409 0
1367020800 409 0 409 0
1366934400 409 0 409 0
1366848000 409 0 409 0
1366761600 409 0 409 0
1366675200 409 0 409 0
1366588800 409 0 409 0
1366502400 409 0 409 0
1366416000 409 0 409 0
1366329600 409 0 409 0
1366243200 409 0 409 0
1366156800 409 0 409 0
1366070400 409 0 409 0
1365984000 409 0 409 0
1365897600 409 0 409 0
1365811200 409 0 409 0
1365724800 409 0 409 0
1365638400 409 0 409 0
1365552000 409 0 409 0
1365465600 409 0 409 0
1365379200 409 0 409 0
1365292800 409 0 409 0
1365206400 409 0 409 0
1365120000 409 0 409 0
1365033600 409 0 409 0
1364947200 409 0 409 0
1364860800 409 0 409 0
1364774400 409 0 409 0
1364688000 409 0 409 0
1364601600 409 0 409 0
1364515200 409 0 409 0
1364428800 409 0 409 0
1364342400 409 0 409 0
1364256000 409 0 409 0
1364169600 409 0 409 0
1364083200 409 0 409 0
1363996800 409 0 409 0
1363910400 409 0 409 0
1363824000 409 0 409 0
1363737600 409 0 409 0
1363651200 409 0 409 0
1363564800 409 0 409 0
1363478400 409 0 409 0
1363392000 409 0 409 0
1363305600 409 0 409 0
1363219200 409 0 409 0
1363132800 409 0 409 0
1363046400 409 0 409 0
1362960000 409 0 409 0
1362873600 409 0 409 0
1362787200 409 0 409 0
1362700800 409 0 409 0
1362614400 409 0 409 0
1362528000 409 0 409 0
1362441600 409 0 409 0
1362355200 409 0 409 0
1362268800 409 0 409 0
1362182400 409 0 409 0
1362096000 409 0 409 0
1362009600 409 0 409 0
1361923200 409 0 409 0
1361836800 409 0 409 0
1361750400 409 0 409 0
1361664000 409 0 409 0
1361577600 409 0 409 0
1361491200 409 0 409 0
1361404800 409 0 409 0
1361318400 409 0 409 0
1361232000 409 0 409 0
1361145600 409 0 409 0
1361059200 409 0 409 0
1360972800 409 0 409 0
1360886400 409 0 409 0
1360800000 409 0 409 0
1360713600 409 0 409 0
1360627200 409 0 409 0
1360540800 409 0 409 0
1360454400 409 0 409 0
1360368000 409 0 409 0
1360281600 409 0 409 0
1360195200 409 0 409 0
1360108800 409 0 409 0
1360022400 409 0 409 0
1359936000 409 0 409 0
1359849600 409 0 409 0
1359763200 409 0 409 0
1359676800 409 0 409 0
1359590400 409 0 409 0
1359504000 409 0 409 0
1359417600 409 0 409 0
1359331200 409 0 409 0
1359244800 409 0 409 0
1359158400 409 0 409 0
1359072000 409 0 409 0
1358985600 409 0 409 0
1358899200 409 0 409 0
1358812800 409 0 409 0
1358726400 409 0 409 0
1358640000 409 0 409 0
1358553600 409 0 409 0
1358467200 409 0 409 0
1358380800 409 0 409 0
1358294400 409 0 409 0
1358208000 409 0 409 0
1358121600 409 0 409 0
1358035200 409 0 409 0
1357948800 409 0 409 0
1357862400 409 0 409 0
1357776000 409 0 409 0
1357689600 409 0 409 0
1357603200 409 0 409 0
1357516800 409 0 409 0
1357430400 409 0 409 0
1357344000 409 0 409 0
1357257600 409 0 409 0
1357171200 409 0 409 0
1357084800 409 0 409 0
1356998400 409 0 409 0
1356912000 409 0 409 0
1356825600 409 0 409 0
1356739200 409 0 409 0
1356652800 409 0 409 0
1356566400 409 0 409 0
1356480000 409 0 409 0
1356393600 409 0 409 0
1356307200 409 0 409 0
1356220800 409 0 409 0
1356134400 409 0 409 0
1356048000 409 0 409 0
1355961600 409 0 409 0
1355875200 409 0 409 0
1355788800 409 0 409 0
1355702400 409 0 409 0
1355616000 409 0 409 0
1355529600 409 0 409 0
1355443200 409 0 409 0
1355356800 409 0 409 0
1355270400 409 0 409 0
1355184000 409 0 409 0
1355097600 409 0 409 0
1355011200 409 0 409 0
1354924800 409 0 409 0
1354838400 409 0 409 0
1354752000 409 0 409 0
1354665600 409 0 409 0
1354579200 409 0 409 0
1354492800 409 0 409 0
1354406400 409 0 409 0
1354320000 409 0 409 0
1354233600 409 0 409 0
1354147200 409 0 409 0
1354060800 409 0 409 0
1353974400 409 0 409 0
1353888000 409 0 409 0
1353801600 409 0 409 0
1353715200 409 0 409 0
1353628800 409 0 409 0
1353542400 409 0 409 0
1353456000 409 0 409 0
1353369600 409 0 409 0
1353283200 409 0 409 0
1353196800 409 0 409 0
1353110400 409 0 409 0
1353024000 409 0 409 0
1352937600 409 0 409 0
1352851200 409 0 409 0
1352764800 409 0 409 0
1352678400 409 0 409 0
1352592000 409 0 409 0
1352505600 409 0 409 0
1352419200 409 0 409 0
1352332800 409 0 409 0
1352246400 409 0 409 0
1352160000 409 0 409 0
1352073600 409 0 409 0
1351987200 409 0 409 0
1351900800 409 0 409 0
1351814400 409 0 409 0
1351728000 409 0 409 0
1351641600 409 0 409 0
1351555200 409 0 409 0
1351468800 433 0 475 0
1351382400 410 0 470 0
1351296000 316 0 462 0
1351209600 355 0 460 0
1351123200 378 0 442 0
1351036800 374 0 433 0
1350950400 369 0 435 0
1350864000 384 0 457 0
1350777600 389 0 451 0
1350691200 401 0 452 0
1350604800 384 0 446 0
1350518400 371 0 435 0
1350432000 329 0 417 0
1350345600 381 0 427 0
1350259200 412 0 439 0
1350172800 416 0 454 0
1350086400 422 0 443 0
1350000000 421 0 457 0
1349913600 400 0 455 0
1349827200 289 0 438 0
1349740800 270 0 432 0
1349654400 279 0 446 0
1349568000 302 0 467 0
1349481600 253 0 444 0
1349395200 283 0 436 0
1349308800 265 0 427 0
1349222400 302 0 426 0
1349136000 313 0 417 0
1349049600 311 0 425 0
1348963200 380 0 429 0
1348876800 380 0 437 0
1348790400 382 0 404 0
1348704000 386 0 417 0
1348617600 387 0 418 0
1348531200 381 0 413 0
1348444800 395 0 428 0
1348358400 393 0 429 0
1348272000 393 0 417 0
1348185600 378 0 412 0
1348099200 395 0 414 0
1348012800 348 0 392 0
1347926400 271 0 389 0
1347840000 374 0 407 0
1347753600 342 0 405 0
1347667200 35 0 378 0
1347580800 374 0 397 0
1347494400 309 0 405 0
1347408000 357 0 383 0
1347321600 350 0 386 0
1347235200 373 0 402 0
1347148800 384 0 412 0
1347062400 354 0 386 0
1346976000 347 0 389 0
1346889600 339 0 375 0
1346803200 333 0 367 0
1346716800 317 0 352 0
1346630400 339 0 364 0
1346544000 331 0 368 0
1346457600 334 0 365 0
