========================================================================
Full Command Line: /home/sunyc/src/fluffos/build-debug/src/driver config.fluffos 
Boot Time: Thu Jul 30 21:30:59 2026
Version: fluffos 20260721-25c87bbc (Linux/x86-64)
Jemalloc is disabled, this is not suitable for production.
ICU Version: 70.1
Backtrace support: libdw.
Core Dump: No, Max FD: 65535.
========================================================================
Final Debug Level: 0
Processing config file: config.fluffos
maximum local variables: invalid new value, resetting to default.
living hash table size: invalid new value, resetting to default.
New Debug log location: "log/debug.log".
Execution root: /home/sunyc/src/mudlib/libs/wqfy/work
Initializing internal stuff ....
Event backend in use: epoll
==== Runtime Config Table ====
time to clean up : 50000 # default: 600
time to reset : 1200 # default: 900
time to swap : 10000 # default: 300
evaluator stack size : 1000 # default: 65536
inherit chain size : 60 # default: 30
maximum evaluation cost : 700000 # default: 30000000
maximum local variables : 64
maximum call depth : 30 # default: 150
maximum array size : 25000 # default: 15000
maximum buffer size : 600000 # default: 1048576
maximum mapping size : 25000 # default: 150000
maximum string length : 300000 # default: 1048576
maximum bits in a bitfield : 1200 # default: 12000
maximum byte transfer : 20000 # default: 262144
maximum read file size : 300000 # default: 262144
hash table size : 8192 # default: 65536
object table size : 1501 # default: 4096
living hash table size : 256
gametick msec : 1000
heartbeat interval msec : 1000
sane explode string : 1
reversible explode string : 0
sane sorting : 1
call other type check : 0
call other warn : 0
mudlib error handler : 1
no resets : 0
lazy resets : 0
randomized resets : 1
no ansi : 1
strip before process input : 1
this_player in call_out : 1
trace : 1
trace code : 0
interactive catch tell : 0
receive snoop : 1
snoop shadowed : 0
reverse defer : 0
has console : 1
noninteractive stderr write : 0
trap crashes : 1
old type behavior : 0
old range behavior : 0
warn old range behavior : 1
suppress argument warnings : 1
enable_commands call init : 1
sprintf add_justified ignore ANSI colors : 1
call_out(0) nest level : 1000
trace lpc execution context : 0
trace lpc instructions : 0
display preload progress : 1
enable mxp : 0
enable gmcp : 0
enable zmp : 0
enable mssp : 1
enable msp : 1
enable msdp : 0
==============================
==== LPC Predefines ====
#define FLUFFOS 
#define HAS_DEBUG_LEVEL 
#define HAS_ED 
#define HAS_PRINTF 
#define MAX_FLOAT 179769313486231570814527423731704356798070567525844996598917476803157260780028538760589558632766878171540458953514382464234321326889464182768467546703537516986049910576551282076245490090389328944075868508455133942304583236903222948165808559332123348274797826204144723168738177180919299881250404026184124858368.000000
#define MAX_INT 9223372036854775807
#define MIN_FLOAT 0.000000
#define MIN_INT -9223372036854775808
#define MUDOS 
#define MUD_NAME "wqfy"
#define SIZEOFINT 8
#define __ARCH__ "Linux/x86-64"
#define __ARGUMENTS_IN_TRACEBACK__ 
#define __ARRAY_STATS__ 
#define __AUTO_SETEUID__ 
#define __CACHE_STATS__ 
#define __CALLOUT_HANDLES__ 
#define __CFG_COMPILER_STACK_SIZE__ 600
#define __CFG_EVALUATOR_STACK_SIZE__ 65536
#define __CFG_MAX_CALL_DEPTH__ 150
#define __CFG_MAX_GLOBAL_VARIABLES__ 65536
#define __CHECK_MEMORY__ 
#define __CLASS_STATS__ 
#define __COMMAND_BUF_SIZE__ 2000
#define __COMPILER__ "/usr/bin/c++"
#define __CXXFLAGS__ "Broken"
#define __DEBUGMALLOC_EXTENSIONS__ 
#define __DEBUGMALLOC__ 
#define __DEBUG_MACRO__ 
#define __DEBUG__ 
#define __DEFAULT_DB__ 1
#define __DEFAULT_PRAGMAS__ PRAGMA_WARNINGS + PRAGMA_SAVE_TYPES + PRAGMA_ERROR_CONTEXT + PRAGMA_OPTIMIZE
#define __DSLIB__ 
#define __ED_INDENT_SPACES__ 4
#define __ED_TAB_WIDTH__ 8
#define __GET_CHAR_IS_BUFFERED__ 
#define __HAS_CONSOLE__ 
#define __HAVE_DIRENT_H__ 1
#define __HAVE_SIGNAL_H__ 1
#define __HAVE_SYS_RESOURCE_H__ 1
#define __HAVE_SYS_STAT_H__ 1
#define __HAVE_SYS_TIME_H__ 1
#define __HAVE_TIME_H__ 1
#define __LARGEST_PRINTABLE_STRING__ 65535
#define __LARGE_STRING_SIZE__ 1000
#define __LOCALS_IN_TRACEBACK__ 
#define __MAX_SAVE_SVALUE_DEPTH__ 100
#define __MUDLIB_ERROR_HANDLER__ 
#define __OLD_ED__ 
#define __PACKAGES_PACKAGES_H__ 
#define __PACKAGE_ASYNC__ 
#define __PACKAGE_COMPRESS__ 
#define __PACKAGE_CONTRIB__ 
#define __PACKAGE_CORE__ 
#define __PACKAGE_CRYPTO__ 
#define __PACKAGE_DB__ 
#define __PACKAGE_DEVELOP__ 
#define __PACKAGE_EXTERNAL__ 
#define __PACKAGE_FFI__ 
#define __PACKAGE_MATH__ 
#define __PACKAGE_MATRIX__ 
#define __PACKAGE_MUDLIB_STATS__ 
#define __PACKAGE_OPS__ 
#define __PACKAGE_PARSER__ 
#define __PACKAGE_PCRE__ 
#define __PACKAGE_SHA1__ 
#define __PACKAGE_SOCKETS__ 
#define __PACKAGE_TRIM__ 
#define __PACKAGE_UIDS__ 
#define __PARSE_DEBUG__ 
#define __PORT__ 40124
#define __PRIVS__ 
#define __PROJECT_VERSION__ "fluffos 20260721-25c87bbc"
#define __RANDOMIZED_RESETS__ 
#define __RECEIVE_SNOOP__ 
#define __REF_RESERVED_WORD__ 
#define __RESTRICTED_ED__ 
#define __SANE_EXPLODE_STRING__ 
#define __SANE_SORTING__ 
#define __SAVE_EXTENSION__ ".o"
#define __SAVE_GZ_EXTENSION__ ".o.gz"
#define __SENSIBLE_MODIFIERS__ 
#define __SMALL_STRING_SIZE__ 100
#define __STRING_STATS__ 
#define __STRUCT_CLASS__ 
#define __STRUCT_STRUCT__ 
#define __SUPPRESS_ARGUMENT_WARNINGS__ 
#define __THIS_PLAYER_IN_CALL_OUT__ 
#define __TIME_WITH_SYS_TIME__ 1
#define __TRACE__ 
#define __TRAP_CRASHES__ 
#define __USE_32BIT_ADDRESSES__ 
#define __USE_MYSQL__ 1
#define __VERSION__ "fluffos 20260721-25c87bbc"
#define __WARN_OLD_RANGE_BEHAVIOR__ 
========================
Loading simul_efun file : /adm/obj/simul_efun
In file included from /adm/obj/simul_efun.lpc:8:
/adm/simul_efun/path.lpc:48:1: warning: Unused local variable 't2'
   48 | }
      | ^
In file included from /adm/obj/simul_efun.lpc:8:
/adm/simul_efun/path.lpc:48:1: warning: Unused local variable 't3'
   48 | }
      | ^
In file included from /adm/obj/simul_efun.lpc:8:
/adm/simul_efun/path.lpc:48:1: warning: Unused local variable 't4'
   48 | }
      | ^
In file included from /adm/obj/simul_efun.lpc:12:
/adm/simul_efun/message.lpc:74:1: warning: Unused local variable 't'
   74 | }
      | ^
Loading master file: /adm/obj/master
/adm/obj/master.lpc:7: warning: Unknown #pragma, ignored.
/adm/obj/master.lpc:39:18: warning: Illegal to declare nosave function.
   39 | nosave void crash(string error, object command_giver, object current_object)
      |                  ^
/adm/obj/master.lpc:58:27: warning: Illegal to declare nosave function.
   58 | nosave string *update_file(string file)
      |                           ^
*Warning: unable to open stat file domain_stats for reading.
*Warning: unable to open stat file author_stats for reading.

Loading preload files ...
/adm/daemons/securityd...
/adm/daemons/securityd.lpc:186:1: warning: Unused local variable 'dir'
  186 | }
      | ^
/adm/daemons/securityd.lpc:186:1: warning: Unused local variable 'i'
  186 | }
      | ^
/adm/daemons/msgd...
/feature/treemap.lpc:1: warning: Unknown #pragma, ignored.
  note: while loading '/feature/treemap' inherited by '/feature/dbase'
/feature/treemap.lpc:13:27: warning: Illegal to declare nosave function.
   13 | nosave nomask mixed _query( mapping map, string *parts )
      |                           ^
  note: while loading '/feature/treemap' inherited by '/feature/dbase'
/feature/treemap.lpc:29:26: warning: Illegal to declare nosave function.
   29 | nosave nomask int _delete( mapping map, string *parts )
      |                          ^
  note: while loading '/feature/treemap' inherited by '/feature/dbase'
/feature/treemap.lpc:40:25: warning: Illegal to declare nosave function.
   40 | nosave nomask mixed _set( mapping map, string *parts, mixed value )
      |                         ^
  note: while loading '/feature/treemap' inherited by '/feature/dbase'
/adm/daemons/msgd.lpc:106:1: warning: Unused local variable 'me'
  106 | }
      | ^
/adm/daemons/msgd.lpc:126:1: warning: Unused local variable 'j'
  126 | }
      | ^
/adm/daemons/toptend...
/adm/daemons/toptend.lpc:271:1: warning: Unused local variable 'name'
  271 | }
      | ^
/adm/daemons/toptend.lpc:271:1: warning: Unused local variable 'id'
  271 | }
      | ^
/adm/daemons/toptend.lpc:271:1: warning: Unused local variable 'money'
  271 | }
      | ^
/adm/daemons/toptend.lpc:382:1: warning: Unused local variable 'str1'
  382 | }
      | ^
/adm/daemons/virtuald...
/adm/daemons/memoryd...
/adm/daemons/memoryd.lpc:2: warning: Unknown #pragma, ignored.
/adm/daemons/upgraded...
/adm/daemons/cmd_d...
/adm/daemons/chinesed...
/adm/daemons/emoted...
/adm/daemons/aliasd...
/adm/daemons/fingerd...
/adm/daemons/fingerd.lpc:5: warning: Unknown #pragma, ignored.
/adm/daemons/fingerd.lpc:223:1: warning: Unused local variable 'j'
  223 | }
      | ^
/adm/daemons/fingerd.lpc:223:1: warning: Unused local variable 'count'
  223 | }
      | ^
/adm/daemons/channeld...
/adm/daemons/natured...
/adm/daemons/natured.lpc:258:1: warning: Unused local variable 'skill'
  258 | }
      | ^
/adm/daemons/weapond...
/adm/daemons/weapond.lpc:2: warning: Unknown #pragma, ignored.
/adm/daemons/questd...
/adm/daemons/questd.lpc:2: warning: Unknown #pragma, ignored.
/adm/daemons/questd.lpc:92:1: warning: Unused local variable 'obj1'
   92 | }
      | ^
/adm/daemons/questd.lpc:92:1: warning: Unused local variable 'obj2'
   92 | }
      | ^
/adm/daemons/questd.lpc:92:1: warning: Unused local variable 'obj3'
   92 | }
      | ^
/adm/daemons/questd.lpc:92:1: warning: Unused local variable 'next_obj'
   92 | }
      | ^
/adm/daemons/questd.lpc:240:1: warning: Unused local variable 'where'
  240 | }
      | ^
/adm/daemons/cron.lpc:78:1: warning: Unused local variable 'dir'
   78 | }
      | ^
/adm/daemons/cron.lpc:78:1: warning: Unused local variable 'ppls'
   78 | }
      | ^
/adm/daemons/whod...
/adm/daemons/whod.lpc:34:1: warning: Unused local variable 'me'
   34 | }
      | ^
/adm/daemons/whod.lpc:163:1: warning: Unused local variable 'ppl_cnt'
  163 | }
      | ^
/adm/daemons/whod.lpc:201:1: warning: Unused local variable 'j'
  201 | }
      | ^
/adm/daemons/cron...
/adm/daemons/logind...
/adm/daemons/logind.lpc:420:1: warning: Unused local variable 'name'
  420 | }
      | ^
/adm/daemons/logind.lpc:546:1: warning: Unused local variable 'n'
  546 | }
      | ^
/adm/daemons/logind.lpc:671:9: warning: Unused local variable 'room'
  671 |         }
      |         ^
/adm/daemons/logind.lpc:788:1: warning: Unused local variable 'number'
  788 | }
      | ^
/adm/daemons/voted...
/adm/daemons/autorebootd...
/obj/void...
/std/room.lpc:3: warning: Unknown #pragma, ignored.
  note: while loading '/std/room' inherited by '/obj/void'
/std/room.lpc:192:1: warning: Unused local variable 'item_desc'
  192 | }
      | ^
  note: while loading '/std/room' inherited by '/obj/void'
/d/wiz/qiushi...
/d/wiz/qiushi.lpc:85:1: warning: Unused local variable 'mudage'
   85 | }
      | ^
/d/wiz/qiushi.lpc:156:1: warning: Unused local variable 'yuzu'
  156 | }
      | ^
/std/char.lpc:3: warning: Unknown #pragma, ignored.
  note: while loading '/std/char' inherited by '/std/char/npc'
/std/char.lpc:3: warning: Unknown #pragma, ignored.
/std/char.lpc:3: warning: Unknown #pragma, ignored.
/std/char.lpc:3: warning: Unknown #pragma, ignored.
/std/char.lpc:3: warning: Unknown #pragma, ignored.
/std/char.lpc:3: warning: Unknown #pragma, ignored.
/std/char.lpc:3: warning: Unknown #pragma, ignored.
/std/char.lpc:3: warning: Unknown #pragma, ignored.
/std/char.lpc:3: warning: Unknown #pragma, ignored.
/feature/damage.lpc:173:1: warning: Unused local variable 'i'
  173 | }
      | ^
  note: while loading '/feature/damage' inherited by '/std/char'
/std/char.lpc:3: warning: Unknown #pragma, ignored.
/std/char.lpc:3: warning: Unknown #pragma, ignored.
/std/char.lpc:3: warning: Unknown #pragma, ignored.
/std/char.lpc:3: warning: Unknown #pragma, ignored.
/feature/more.lpc:53:1: warning: Unused local variable 'j'
   53 | }
      | ^
  note: while loading '/feature/more' inherited by '/std/char'
/std/char.lpc:3: warning: Unknown #pragma, ignored.
/feature/skill.lpc:183:1: warning: Unused local variable 'spi'
  183 | }
      | ^
  note: while loading '/feature/skill' inherited by '/std/char'
/feature/skill.lpc:209:1: warning: Unused local variable 'weak_mode'
  209 | }
      | ^
  note: while loading '/feature/skill' inherited by '/std/char'
/std/char.lpc:3: warning: Unknown #pragma, ignored.
/std/char.lpc:3: warning: Unknown #pragma, ignored.
/std/char/npc.lpc:95:1: warning: Unused local variable 'enc'
   95 | }
      | ^
/std/char/npc.lpc:95:1: warning: Unused local variable 'max'
   95 | }
      | ^
/std/char/npc.lpc:95:1: warning: Unused local variable 'inv'
   95 | }
      | ^
/std/char/npc.lpc:161:1: warning: Unused local variable 'weapon'
  161 | }
      | ^
/std/bboard.lpc:103:1: warning: Unused local variable 'myid'
  103 | }
      | ^
  note: while loading '/std/bboard' inherited by '/obj/board/heiban_b'
/std/bboard.lpc:252:1: warning: Unused local variable 'me'
  252 | }
      | ^
  note: while loading '/std/bboard' inherited by '/obj/board/heiban_b'
/std/bboard.lpc:570:1: warning: Unused local variable 'verb'
  570 | }
      | ^
  note: while loading '/std/bboard' inherited by '/obj/board/heiban_b'
/std/bboard.lpc:588:1: warning: Unused local variable 'verb'
  588 | }
      | ^
  note: while loading '/std/bboard' inherited by '/obj/board/heiban_b'
/d/wiz/outjail.lpc:121:1: warning: Unused local variable 'd'
  121 | }                                        
      | ^
/d/wiz/outjail.lpc:121:1: warning: Unused local variable 'h'
  121 | }                                        
      | ^
Accepting telnet connections on 0.0.0.0:40124.
Initializations complete.

Stack trace (most recent call last):
#14   Object "", at 0xffffffffffffffff, in 
#13   Object "/home/sunyc/src/fluffos/build-debug/src/driver", at 0x555e0d5880f4, in _start
#12   Object "/usr/lib/x86_64-linux-gnu/libc.so.6", at 0x7f8cc6565e3f, in __libc_start_main@@GLIBC_2.34
      Source "../csu/libc-start.c", line 392, in __libc_start_main_impl [0x7f8cc6565e3f]
#11   Object "/usr/lib/x86_64-linux-gnu/libc.so.6", at 0x7f8cc6565d8f, in __libc_start_call_main
      Source "../sysdeps/nptl/libc_start_call_main.h", line 58, in __libc_start_call_main [0x7f8cc6565d8f]
#10   Object "/home/sunyc/src/fluffos/build-debug/src/driver", at 0x555e0d5881eb, in main
      Source "/home/sunyc/src/fluffos/src/main.cc", line 5, in main [0x555e0d5881eb]
          2: extern "C" {
          3: int driver_main(int argc, char** argv);
          4: }
      >   5: int main(int argc, char** argv) { driver_main(argc, argv); }
#9    Object "/home/sunyc/src/fluffos/build-debug/src/driver", at 0x555e0d5a01fc, in driver_main
      Source "/home/sunyc/src/fluffos/src/mainlib.cc", line 430, in driver_main [0x555e0d5a01fc]
        428:   debug_message("Initializations complete.\n\n");
        429:   setup_signal_handlers();
      > 430:   backend(base);
        431: 
        432:   return 0;
        433: }
#8    Object "/home/sunyc/src/fluffos/build-debug/src/driver", at 0x555e0d67d407, in backend(event_base*)
      Source "/home/sunyc/src/fluffos/src/backend_libevent.cc", line 127, in backend [0x555e0d67d407]
        124:   event_add(g_ev_tick, &t);
        125: 
        126:   try {
      > 127:     event_base_loop(base, 0);
        128:   } catch (...) {  // catch everything
        129:     fatal("BUG: jumped out of event loop!");
        130:   }
#7    Object "/home/sunyc/src/fluffos/build-debug/src/driver", at 0x555e0d8ad62a, in event_base_loop
      Source "/home/sunyc/src/fluffos/src/thirdparty/libevent/event.c", line 2046, in event_base_loop [0x555e0d8ad62a]
       2044: 		clear_time_cache(base);
       2045: 
      >2046: 		res = evsel->dispatch(base, tv_p);
       2047: 
       2048: 		if (res == -1) {
       2049: 			event_debug(("%s: dispatch returned unsuccessfully.",
#6    Object "/home/sunyc/src/fluffos/build-debug/src/driver", at 0x555e0d8c23cc, in epoll_dispatch
      Source "/home/sunyc/src/fluffos/src/thirdparty/libevent/epoll.c", line 517, in epoll_dispatch [0x555e0d8c23cc]
        514: 	EVBASE_RELEASE_LOCK(base, th_base_lock);
        515: 
        516: #if defined(EVENT__HAVE_EPOLL_PWAIT2)
      > 517: 	res = epoll_pwait2(epollop->epfd, events, epollop->nevents, tv ? &ts : NULL, NULL);
        518: #else /* no epoll_pwait2() */
        519: 	res = epoll_wait(epollop->epfd, events, epollop->nevents, timeout);
        520: #endif /* EVENT__HAVE_EPOLL_PWAIT2 */
#5    Object "/usr/lib/x86_64-linux-gnu/libc.so.6", at 0x7f8cc6661c60, in epoll_pwait2
      Source "../sysdeps/unix/sysv/linux/epoll_pwait2.c", line 27, in epoll_pwait2 [0x7f8cc6661c60]
#4    Object "/usr/lib/x86_64-linux-gnu/libc.so.6", at 0x7f8cc657e51f, in 
#3    Object "/home/sunyc/src/fluffos/build-debug/src/driver", at 0x555e0d59f3e4, in (anonymous namespace)::attempt_shutdown(int)
      Source "/home/sunyc/src/fluffos/src/mainlib.cc", line 169, in attempt_shutdown [0x555e0d59f3e4]
        166:   signal(SIGINT, SIG_DFL);
        167: 
        168:   // Print backtrace
      > 169:   print_native_stacktrace();
        170: 
        171:   // Attempt to call crash()
        172:   fatal(msg);
#2    Object "/home/sunyc/src/fluffos/build-debug/src/driver", at 0x555e0d6849a8, in print_native_stacktrace()
      Source "/home/sunyc/src/fluffos/src/base/internal/crash_handler.cc", line 37, in print_native_stacktrace [0x555e0d6849a8]
         34:   static StackTrace st;
         35:   static Printer p;
         36: 
      >  37:   st.load_here(64);
         38:   p.object = true;
         39:   p.color_mode = ColorMode::automatic;
         40:   p.address = true;
#1    Object "/home/sunyc/src/fluffos/build-debug/src/driver", at 0x555e0d589769, in backward::StackTraceImpl<backward::system_tag::linux_tag>::load_here(unsigned long, void*, void*)
      Source "/home/sunyc/src/fluffos/src/thirdparty/backward-cpp/backward.hpp", line 882, in load_here [0x555e0d589769]
        879:       return 0;
        880:     }
        881:     _stacktrace.resize(depth);
      > 882:     size_t trace_cnt = details::unwind(callback(*this), depth);
        883:     _stacktrace.resize(trace_cnt);
        884:     skip_n_firsts(0);
        885:     return size();
#0    Object "/home/sunyc/src/fluffos/build-debug/src/driver", at 0x555e0d58e308, in unsigned long backward::details::unwind<backward::StackTraceImpl<backward::system_tag::linux_tag>::callback>(backward::StackTraceImpl<backward::system_tag::linux_tag>::callback, unsigned long)
      Source "/home/sunyc/src/fluffos/src/thirdparty/backward-cpp/backward.hpp", line 864, in unwind<backward::StackTraceImpl<backward::system_tag::linux_tag>::callback> [0x555e0d58e308]
        862: template <typename F> size_t unwind(F f, size_t depth) {
        863:   Unwinder<F> unwinder;
      > 864:   return unwinder(f, depth);
        865: }
        866: 
        867: } // namespace details
******** FATAL ERROR: SIGTERM: Process terminated
