== copying libs/nt1/raw/nitan -> libs/nt1/work
== encoding: GB18030 -> UTF-8 for every text file
  LOSSY conversion (invalid bytes dropped): libs/nt1/work/doc/board/xkx17
  LOSSY conversion (invalid bytes dropped): libs/nt1/work/doc/board/yb032
  progress 200/77490
  progress 400/77490
  LOSSY conversion (invalid bytes dropped): libs/nt1/work/doc/legend/xkx23
  LOSSY conversion (invalid bytes dropped): libs/nt1/work/doc/legend/xkx20
  LOSSY conversion (invalid bytes dropped): libs/nt1/work/doc/legend/xkx21
  LOSSY conversion (invalid bytes dropped): libs/nt1/work/doc/legend/xkx22
  LOSSY conversion (invalid bytes dropped): libs/nt1/work/doc/legend/xkx36
  LOSSY conversion (invalid bytes dropped): libs/nt1/work/doc/legend/xkx35
  progress 600/77490
  progress 800/77490
  progress 1000/77490
  progress 1200/77490
  progress 1400/77490
  LOSSY conversion (invalid bytes dropped): libs/nt1/work/kungfu/skill/luowang-club.c
  progress 1600/77490
  LOSSY conversion (invalid bytes dropped): libs/nt1/work/kungfu/skill/five-avoid.c
  LOSSY conversion (invalid bytes dropped): libs/nt1/work/kungfu/skill/duanyun-fu/hong.c
  LOSSY conversion (invalid bytes dropped): libs/nt1/work/kungfu/skill/emei-jiuyang.c
  progress 1800/77490
  progress 2000/77490
  LOSSY conversion (invalid bytes dropped): libs/nt1/work/kungfu/skill/liangyi-jian.c
  progress 2200/77490
  LOSSY conversion (invalid bytes dropped): libs/nt1/work/kungfu/skill/fanliangyi-dao.c
  progress 2400/77490
  LOSSY conversion (invalid bytes dropped): libs/nt1/work/kungfu/skill/shenghuo-quan.c
  progress 2600/77490
  progress 2800/77490
  progress 3000/77490
  progress 3200/77490
  progress 3400/77490
  LOSSY conversion (invalid bytes dropped): libs/nt1/work/inherit/condition/damo.c
  progress 3600/77490
  progress 3800/77490
  progress 4000/77490
  progress 4200/77490
  progress 4400/77490
  progress 4600/77490
  progress 4800/77490
  progress 5000/77490
  progress 5200/77490
  progress 5400/77490
  progress 5600/77490
  progress 5800/77490
  progress 6000/77490
  progress 6200/77490
  progress 6400/77490
  progress 6600/77490
  progress 6800/77490
  progress 7000/77490
  progress 7200/77490
  progress 7400/77490
  progress 7600/77490
  progress 7800/77490
  progress 8000/77490
  progress 8200/77490
  progress 8400/77490
  progress 8600/77490
  progress 8800/77490
  progress 9000/77490
  progress 9200/77490
  progress 9400/77490
  progress 9600/77490
  progress 9800/77490
  progress 10000/77490
  progress 10200/77490
  progress 10400/77490
  progress 10600/77490
  progress 10800/77490
  progress 11000/77490
  progress 11200/77490
  progress 11400/77490
  progress 11600/77490
  progress 11800/77490
  progress 12000/77490
  progress 12200/77490
  progress 12400/77490
  progress 12600/77490
  progress 12800/77490
  progress 13000/77490
  progress 13200/77490
  progress 13400/77490
  progress 13600/77490
  progress 13800/77490
  progress 14000/77490
  progress 14200/77490
  progress 14400/77490
  progress 14600/77490
  progress 14800/77490
  progress 15000/77490
  progress 15200/77490
  progress 15400/77490
  progress 15600/77490
  progress 15800/77490
  progress 16000/77490
  progress 16200/77490
  progress 16400/77490
  progress 16600/77490
  progress 16800/77490
  progress 17000/77490
  progress 17200/77490
  progress 17400/77490
  progress 17600/77490
  progress 17800/77490
  progress 18000/77490
  progress 18200/77490
  progress 18400/77490
  progress 18600/77490
  progress 18800/77490
  progress 19000/77490
  progress 19200/77490
  progress 19400/77490
  progress 19600/77490
  progress 19800/77490
  progress 20000/77490
  progress 20200/77490
  progress 20400/77490
  progress 20600/77490
  progress 20800/77490
  progress 21000/77490
  progress 21200/77490
  progress 21400/77490
  progress 21600/77490
  progress 21800/77490
  progress 22000/77490
  progress 22200/77490
  progress 22400/77490
  progress 22600/77490
  progress 22800/77490
  progress 23000/77490
  progress 23200/77490
  progress 23400/77490
  progress 23600/77490
  progress 23800/77490
  progress 24000/77490
  progress 24200/77490
  progress 24400/77490
  progress 24600/77490
  progress 24800/77490
  progress 25000/77490
  progress 25200/77490
  progress 25400/77490
  progress 25600/77490
  progress 25800/77490
  progress 26000/77490
  progress 26200/77490
  progress 26400/77490
  progress 26600/77490
  progress 26800/77490
  progress 27000/77490
  progress 27200/77490
  progress 27400/77490
  progress 27600/77490
  progress 27800/77490
  progress 28000/77490
  progress 28200/77490
  progress 28400/77490
  progress 28600/77490
  progress 28800/77490
  progress 29000/77490
  progress 29200/77490
  progress 29400/77490
  progress 29600/77490
  progress 29800/77490
  progress 30000/77490
  progress 30200/77490
  progress 30400/77490
  progress 30600/77490
  progress 30800/77490
  progress 31000/77490
  progress 31200/77490
  progress 31400/77490
  progress 31600/77490
  progress 31800/77490
  progress 32000/77490
  progress 32200/77490
  progress 32400/77490
  progress 32600/77490
  progress 32800/77490
  progress 33000/77490
  progress 33200/77490
  progress 33400/77490
  progress 33600/77490
  progress 33800/77490
  progress 34000/77490
  progress 34200/77490
  progress 34400/77490
  progress 34600/77490
  progress 34800/77490
  progress 35000/77490
  progress 35200/77490
  progress 35400/77490
  progress 35600/77490
  progress 35800/77490
  progress 36000/77490
  progress 36200/77490
  progress 36400/77490
  progress 36600/77490
  LOSSY conversion (invalid bytes dropped): libs/nt1/work/data/board/guiyun_b.o
  LOSSY conversion (invalid bytes dropped): libs/nt1/work/data/board/towiz_b.o
  LOSSY conversion (invalid bytes dropped): libs/nt1/work/data/board/wiz_b.o
  LOSSY conversion (invalid bytes dropped): libs/nt1/work/data/board/chatroom_gold.o
  LOSSY conversion (invalid bytes dropped): libs/nt1/work/data/board/chatroom_hlfly.o
  LOSSY conversion (invalid bytes dropped): libs/nt1/work/data/board/lonely_b.old
  LOSSY conversion (invalid bytes dropped): libs/nt1/work/data/board/chatroom_coke.o
  LOSSY conversion (invalid bytes dropped): libs/nt1/work/data/board/chatroom_deyee.o
  LOSSY conversion (invalid bytes dropped): libs/nt1/work/data/board/chatroom_redl.old
  LOSSY conversion (invalid bytes dropped): libs/nt1/work/data/board/chatroom_ace.o
  LOSSY conversion (invalid bytes dropped): libs/nt1/work/data/board/chatroom_redl.o
  LOSSY conversion (invalid bytes dropped): libs/nt1/work/data/board/kedian_b.o
  progress 36800/77490
  progress 37000/77490
  progress 37200/77490
  progress 37400/77490
  LOSSY conversion (invalid bytes dropped): libs/nt1/work/data/pet/caicai-shuoguihuade.c
  LOSSY conversion (invalid bytes dropped): libs/nt1/work/data/pet/lsm-huol.c
  progress 37600/77490
  LOSSY conversion (invalid bytes dropped): libs/nt1/work/data/pet/lshen-shandian.c
  progress 37800/77490
  progress 38000/77490
  progress 38200/77490
  progress 38400/77490
  progress 38600/77490
  progress 38800/77490
  LOSSY conversion (invalid bytes dropped): libs/nt1/work/data/user/r/redl.o
  progress 39000/77490
  progress 39200/77490
  progress 39400/77490
  LOSSY conversion (invalid bytes dropped): libs/nt1/work/data/user/a/alr.o
  progress 39600/77490
  progress 39800/77490
  LOSSY conversion (invalid bytes dropped): libs/nt1/work/data/emoted.o
  progress 40000/77490
  progress 40200/77490
  progress 40400/77490
  progress 40600/77490
  progress 40800/77490
  progress 41000/77490
  progress 41200/77490
  progress 41400/77490
  progress 41600/77490
  progress 41800/77490
  progress 42000/77490
  progress 42200/77490
  progress 42400/77490
  progress 42600/77490
  progress 42800/77490
  progress 43000/77490
  progress 43200/77490
  progress 43400/77490
  progress 43600/77490
  progress 43800/77490
  progress 44000/77490
  progress 44200/77490
  progress 44400/77490
  progress 44600/77490
  progress 44800/77490
  progress 45000/77490
  progress 45200/77490
  LOSSY conversion (invalid bytes dropped): libs/nt1/work/data/room/shadowkwan/woshi.c
  progress 45400/77490
  progress 45600/77490
  progress 45800/77490
  progress 46000/77490
  progress 46200/77490
  progress 46400/77490
  progress 46600/77490
  progress 46800/77490
  progress 47000/77490
  progress 47200/77490
  progress 47400/77490
  progress 47600/77490
  progress 47800/77490
  progress 48000/77490
  progress 48200/77490
  progress 48400/77490
  progress 48600/77490
  progress 48800/77490
  progress 49000/77490
  progress 49200/77490
  progress 49400/77490
  progress 49600/77490
  progress 49800/77490
  progress 50000/77490
  progress 50200/77490
  progress 50400/77490
  progress 50600/77490
  progress 50800/77490
  progress 51000/77490
  progress 51200/77490
  progress 51400/77490
  progress 51600/77490
  progress 51800/77490
  progress 52000/77490
  progress 52200/77490
  progress 52400/77490
  progress 52600/77490
  LOSSY conversion (invalid bytes dropped): libs/nt1/work/data/room/god/huayuan.c
  progress 52800/77490
  progress 53000/77490
  progress 53200/77490
  progress 53400/77490
  progress 53600/77490
  progress 53800/77490
  progress 54000/77490
  progress 54200/77490
  progress 54400/77490
  LOSSY conversion (invalid bytes dropped): libs/nt1/work/data/dbased.o
  progress 54600/77490
  LOSSY conversion (invalid bytes dropped): libs/nt1/work/version/doc/board/xkx17
  LOSSY conversion (invalid bytes dropped): libs/nt1/work/version/doc/board/yb032
  progress 54800/77490
  progress 55000/77490
  LOSSY conversion (invalid bytes dropped): libs/nt1/work/version/doc/legend/xkx23
  LOSSY conversion (invalid bytes dropped): libs/nt1/work/version/doc/legend/xkx20
  LOSSY conversion (invalid bytes dropped): libs/nt1/work/version/doc/legend/xkx21
  LOSSY conversion (invalid bytes dropped): libs/nt1/work/version/doc/legend/xkx22
  LOSSY conversion (invalid bytes dropped): libs/nt1/work/version/doc/legend/xkx36
  LOSSY conversion (invalid bytes dropped): libs/nt1/work/version/doc/legend/xkx35
  progress 55200/77490
  progress 55400/77490
  progress 55600/77490
  progress 55800/77490
  progress 56000/77490
  progress 56200/77490
  progress 56400/77490
  progress 56600/77490
  progress 56800/77490
  progress 57000/77490
  progress 57200/77490
  progress 57400/77490
  progress 57600/77490
  progress 57800/77490
  progress 58000/77490
  progress 58200/77490
  progress 58400/77490
  progress 58600/77490
  progress 58800/77490
  progress 59000/77490
  progress 59200/77490
  progress 59400/77490
  progress 59600/77490
  progress 59800/77490
  progress 60000/77490
  progress 60200/77490
  progress 60400/77490
  progress 60600/77490
  progress 60800/77490
  progress 61000/77490
  progress 61200/77490
  progress 61400/77490
  progress 61600/77490
  progress 61800/77490
  progress 62000/77490
  progress 62200/77490
  progress 62400/77490
  progress 62600/77490
  progress 62800/77490
  progress 63000/77490
  progress 63200/77490
  progress 63400/77490
  progress 63600/77490
  progress 63800/77490
  progress 64000/77490
  progress 64200/77490
  progress 64400/77490
  progress 64600/77490
  progress 64800/77490
  progress 65000/77490
  progress 65200/77490
  progress 65400/77490
  progress 65600/77490
  progress 65800/77490
  progress 66000/77490
  progress 66200/77490
  progress 66400/77490
  progress 66600/77490
  progress 66800/77490
  progress 67000/77490
  progress 67200/77490
  progress 67400/77490
  progress 67600/77490
  progress 67800/77490
  progress 68000/77490
  progress 68200/77490
  progress 68400/77490
  progress 68600/77490
  LOSSY conversion (invalid bytes dropped): libs/nt1/work/version/data/emoted.o
  LOSSY conversion (invalid bytes dropped): libs/nt1/work/version/d/dali/dalimap
  progress 68800/77490
  progress 69000/77490
  LOSSY conversion (invalid bytes dropped): libs/nt1/work/version/help/taohua
  LOSSY conversion (invalid bytes dropped): libs/nt1/work/version/help/mapall
  LOSSY conversion (invalid bytes dropped): libs/nt1/work/version/cmds/skill/skills1.c.1083140483
  progress 69200/77490
  progress 69400/77490
  LOSSY conversion (invalid bytes dropped): libs/nt1/work/d/tulong/outlet.c
  LOSSY conversion (invalid bytes dropped): libs/nt1/work/d/tulong/outlet2.c
  progress 69600/77490
  progress 69800/77490
  progress 70000/77490
  progress 70200/77490
  progress 70400/77490
  progress 70600/77490
  progress 70800/77490
  progress 71000/77490
  progress 71200/77490
  progress 71400/77490
  progress 71600/77490
  progress 71800/77490
  LOSSY conversion (invalid bytes dropped): libs/nt1/work/d/quanzhou/nanhu.c
  progress 72000/77490
  progress 72200/77490
  LOSSY conversion (invalid bytes dropped): libs/nt1/work/d/fuzhou/wuxiang.c
  progress 72400/77490
  progress 72600/77490
  progress 72800/77490
  LOSSY conversion (invalid bytes dropped): libs/nt1/work/d/llszhuang/yongdao3.c
  progress 73000/77490
  LOSSY conversion (invalid bytes dropped): libs/nt1/work/d/dragon/outlet.c
  LOSSY conversion (invalid bytes dropped): libs/nt1/work/d/dragon/outlet2.c
  progress 73200/77490
  progress 73400/77490
  LOSSY conversion (invalid bytes dropped): libs/nt1/work/d/dali/dalimap
  progress 73600/77490
  progress 73800/77490
  progress 74000/77490
  LOSSY conversion (invalid bytes dropped): libs/nt1/work/d/xiakedao/npc/lisi.c
  progress 74200/77490
  progress 74400/77490
  progress 74600/77490
  progress 74800/77490
  progress 75000/77490
  progress 75200/77490
  progress 75400/77490
  progress 75600/77490
  progress 75800/77490
  progress 76000/77490
  progress 76200/77490
  progress 76400/77490
  LOSSY conversion (invalid bytes dropped): libs/nt1/work/u/jinx/workroom.bak
  LOSSY conversion (invalid bytes dropped): libs/nt1/work/u/jinx/workroom.c
  LOSSY conversion (invalid bytes dropped): libs/nt1/work/u/jinx/skill/perform.c
  progress 76600/77490
  LOSSY conversion (invalid bytes dropped): libs/nt1/work/adm/daemons/quest/capture.c
  LOSSY conversion (invalid bytes dropped): libs/nt1/work/adm/daemons/quest/deliver.c
  progress 76800/77490
  progress 77000/77490
  LOSSY conversion (invalid bytes dropped): libs/nt1/work/help/taohua
  LOSSY conversion (invalid bytes dropped): libs/nt1/work/help/mapall
  progress 77200/77490
  progress 77400/77490
  LOSSY conversion (invalid bytes dropped): libs/nt1/work/cmds/skill/skills1.c.1083140483
  encoding: already_utf8=712 converted=31340 lossy=67 skipped_binary=45371
== renaming .c -> .lpc
  now 24625 .lpc files
== fixing literal .c" references (.lpc + .h)
  fixed 634 refs, 0 remain (inspect manually -- see AGENTS.md §2)
== fixing #include <....c> references (angle-bracket form)
  fixed 10 refs, 0 remain
== converting local #include <x.lpc> to "x.lpc" (angle brackets only search
   the configured include path, never the including file's own directory --
   see AGENTS.md §8d; safe/additive since quotes ALSO fall back to the
   include path, so this never breaks a genuinely-global include)
  converted 26 local angle-bracket includes to quotes
== static -> nosave (.lpc + .h)
  files touched: 211
== done. Next: review AGENTS.md §2/§3 leftovers, check master.lpc for the §4
   load_object-during-compile recursion pattern, then boot.
