2003.06.15 10:25 B F:\login\x\xbc.o <-- www.vmud.com /lonely/mudlib/data/login/x xbc.o
2003.06.15 10:25 B F:\login\x\xbox.o <-- www.vmud.com /lonely/mudlib/data/login/x xbox.o
2003.06.15 10:25 B F:\login\x\xerxes.o <-- www.vmud.com /lonely/mudlib/data/login/x xerxes.o
2003.06.15 10:25 B F:\login\x\xgangbj.o <-- www.vmud.com /lonely/mudlib/data/login/x xgangbj.o
2003.06.15 10:25 B F:\login\x\xhan.o <-- www.vmud.com /lonely/mudlib/data/login/x xhan.o
2003.06.15 10:25 B F:\login\x\xian.o <-- www.vmud.com /lonely/mudlib/data/login/x xian.o
2003.06.15 10:25 B F:\login\x\xiang.o <-- www.vmud.com /lonely/mudlib/data/login/x xiang.o
2003.06.15 10:25 B F:\login\x\xiao.o <-- www.vmud.com /lonely/mudlib/data/login/x xiao.o
2003.06.15 10:25 B F:\login\x\xiaodu.o <-- www.vmud.com /lonely/mudlib/data/login/x xiaodu.o
2003.06.15 10:25 B F:\login\x\xiaofei.o <-- www.vmud.com /lonely/mudlib/data/login/x xiaofei.o
2003.06.15 10:25 B F:\login\x\xiaohua.o <-- www.vmud.com /lonely/mudlib/data/login/x xiaohua.o
2003.06.15 10:25 B F:\login\x\xiaolong.o <-- www.vmud.com /lonely/mudlib/data/login/x xiaolong.o
2003.06.15 10:25 B F:\login\x\xiaosa.o <-- www.vmud.com /lonely/mudlib/data/login/x xiaosa.o
2003.06.15 10:25 B F:\login\x\xiaosky.o <-- www.vmud.com /lonely/mudlib/data/login/x xiaosky.o
2003.06.15 10:25 B F:\login\x\xiaoting.o <-- www.vmud.com /lonely/mudlib/data/login/x xiaoting.o
2003.06.15 10:25 B F:\login\x\xiaoyao.o <-- www.vmud.com /lonely/mudlib/data/login/x xiaoyao.o
2003.06.15 10:25 B F:\login\x\xiaoyue.o <-- www.vmud.com /lonely/mudlib/data/login/x xiaoyue.o
2003.06.15 10:25 B F:\login\x\xibu.o <-- www.vmud.com /lonely/mudlib/data/login/x xibu.o
2003.06.15 10:25 B F:\login\x\xiha.o <-- www.vmud.com /lonely/mudlib/data/login/x xiha.o
2003.06.15 10:25 B F:\login\x\xinghe.o <-- www.vmud.com /lonely/mudlib/data/login/x xinghe.o
2003.06.15 10:25 B F:\login\x\xingss.o <-- www.vmud.com /lonely/mudlib/data/login/x xingss.o
2003.06.15 10:25 B F:\login\x\xinmi.o <-- www.vmud.com /lonely/mudlib/data/login/x xinmi.o
2003.06.15 10:25 B F:\login\x\xinsu.o <-- www.vmud.com /lonely/mudlib/data/login/x xinsu.o
2003.06.15 10:25 B F:\login\x\xiubing.o <-- www.vmud.com /lonely/mudlib/data/login/x xiubing.o
2003.06.15 10:25 B F:\login\x\xiuxian.o <-- www.vmud.com /lonely/mudlib/data/login/x xiuxian.o
2003.06.15 10:25 B F:\login\x\xixi.o <-- www.vmud.com /lonely/mudlib/data/login/x xixi.o
2003.06.15 10:25 B F:\login\x\xjs.o <-- www.vmud.com /lonely/mudlib/data/login/x xjs.o
2003.06.15 10:25 B F:\login\x\xken.o <-- www.vmud.com /lonely/mudlib/data/login/x xken.o
2003.06.15 10:25 B F:\login\x\xla.o <-- www.vmud.com /lonely/mudlib/data/login/x xla.o
2003.06.15 10:25 B F:\login\x\xliao.o <-- www.vmud.com /lonely/mudlib/data/login/x xliao.o
2003.06.15 10:25 B F:\login\x\xlx.o <-- www.vmud.com /lonely/mudlib/data/login/x xlx.o
2003.06.15 10:25 B F:\login\x\xlz.o <-- www.vmud.com /lonely/mudlib/data/login/x xlz.o
2003.06.15 10:25 B F:\login\x\xman.o <-- www.vmud.com /lonely/mudlib/data/login/x xman.o
2003.06.15 10:25 B F:\login\x\xmhehe.o <-- www.vmud.com /lonely/mudlib/data/login/x xmhehe.o
2003.06.15 10:25 B F:\login\x\xml.o <-- www.vmud.com /lonely/mudlib/data/login/x xml.o
2003.06.15 10:25 B F:\login\x\xnx.o <-- www.vmud.com /lonely/mudlib/data/login/x xnx.o
2003.06.15 10:25 B F:\login\x\xooom.o <-- www.vmud.com /lonely/mudlib/data/login/x xooom.o
2003.06.15 10:25 B F:\login\x\xrzs.o <-- www.vmud.com /lonely/mudlib/data/login/x xrzs.o
2003.06.15 10:25 B F:\login\x\xsbb.o <-- www.vmud.com /lonely/mudlib/data/login/x xsbb.o
2003.06.15 10:25 B F:\login\x\xtheonex.o <-- www.vmud.com /lonely/mudlib/data/login/x xtheonex.o
2003.06.15 10:25 B F:\login\x\xtxl.o <-- www.vmud.com /lonely/mudlib/data/login/x xtxl.o
2003.06.15 10:25 B F:\login\x\xuda.o <-- www.vmud.com /lonely/mudlib/data/login/x xuda.o
2003.06.15 10:25 B F:\login\x\xue.o <-- www.vmud.com /lonely/mudlib/data/login/x xue.o
2003.06.15 10:25 B F:\login\x\xueshan.o <-- www.vmud.com /lonely/mudlib/data/login/x xueshan.o
2003.06.15 10:25 B F:\login\x\xueyan.o <-- www.vmud.com /lonely/mudlib/data/login/x xueyan.o
2003.06.15 10:26 B F:\login\x\xuning.o <-- www.vmud.com /lonely/mudlib/data/login/x xuning.o
2003.06.15 10:26 B F:\login\x\xuzhu.o <-- www.vmud.com /lonely/mudlib/data/login/x xuzhu.o
2003.06.15 10:26 B F:\login\x\xuziling.o <-- www.vmud.com /lonely/mudlib/data/login/x xuziling.o
2003.06.15 10:26 B F:\login\x\xxf.o <-- www.vmud.com /lonely/mudlib/data/login/x xxf.o
2003.06.15 10:26 B F:\login\x\xxhan.o <-- www.vmud.com /lonely/mudlib/data/login/x xxhan.o
2003.06.15 10:26 B F:\login\x\xxin.o <-- www.vmud.com /lonely/mudlib/data/login/x xxin.o
2003.06.15 10:26 B F:\login\x\xxx.o <-- www.vmud.com /lonely/mudlib/data/login/x xxx.o
2003.06.15 10:26 B F:\login\x\xxxqi.o <-- www.vmud.com /lonely/mudlib/data/login/x xxxqi.o
2003.06.15 10:26 B F:\login\x\xyao.o <-- www.vmud.com /lonely/mudlib/data/login/x xyao.o
2003.06.15 10:26 B F:\login\x\xybb.o <-- www.vmud.com /lonely/mudlib/data/login/x xybb.o
2003.06.15 10:26 B F:\login\x\xzjxu.o <-- www.vmud.com /lonely/mudlib/data/login/x xzjxu.o
