2003.06.15 10:12 B F:\login\c\caiyao.o <-- www.vmud.com /lonely/mudlib/data/login/c caiyao.o
2003.06.15 10:12 B F:\login\c\calbee.o <-- www.vmud.com /lonely/mudlib/data/login/c calbee.o
2003.06.15 10:12 B F:\login\c\calef.o <-- www.vmud.com /lonely/mudlib/data/login/c calef.o
2003.06.15 10:12 B F:\login\c\can.o <-- www.vmud.com /lonely/mudlib/data/login/c can.o
2003.06.15 10:12 B F:\login\c\canary.o <-- www.vmud.com /lonely/mudlib/data/login/c canary.o
2003.06.15 10:12 B F:\login\c\cannavaro.o <-- www.vmud.com /lonely/mudlib/data/login/c cannavaro.o
2003.06.15 10:12 B F:\login\c\carlos.o <-- www.vmud.com /lonely/mudlib/data/login/c carlos.o
2003.06.15 10:12 B F:\login\c\cat.o <-- www.vmud.com /lonely/mudlib/data/login/c cat.o
2003.06.15 10:12 B F:\login\c\catboy.o <-- www.vmud.com /lonely/mudlib/data/login/c catboy.o
2003.06.15 10:12 B F:\login\c\catcat.o <-- www.vmud.com /lonely/mudlib/data/login/c catcat.o
2003.06.15 10:12 B F:\login\c\cathy.o <-- www.vmud.com /lonely/mudlib/data/login/c cathy.o
2003.06.15 10:12 B F:\login\c\catmod.o <-- www.vmud.com /lonely/mudlib/data/login/c catmod.o
2003.06.15 10:12 B F:\login\c\ccity.o <-- www.vmud.com /lonely/mudlib/data/login/c ccity.o
2003.06.15 10:12 B F:\login\c\cdsk.o <-- www.vmud.com /lonely/mudlib/data/login/c cdsk.o
2003.06.15 10:12 B F:\login\c\ceicei.o <-- www.vmud.com /lonely/mudlib/data/login/c ceicei.o
2003.06.15 10:12 B F:\login\c\ceo.o <-- www.vmud.com /lonely/mudlib/data/login/c ceo.o
2003.06.15 10:12 B F:\login\c\cgd.o <-- www.vmud.com /lonely/mudlib/data/login/c cgd.o
2003.06.15 10:12 B F:\login\c\cha.o <-- www.vmud.com /lonely/mudlib/data/login/c cha.o
2003.06.15 10:12 B F:\login\c\chahua.o <-- www.vmud.com /lonely/mudlib/data/login/c chahua.o
2003.06.15 10:12 B F:\login\c\checksum.o <-- www.vmud.com /lonely/mudlib/data/login/c checksum.o
2003.06.15 10:12 B F:\login\c\chenc.o <-- www.vmud.com /lonely/mudlib/data/login/c chenc.o
2003.06.15 10:12 B F:\login\c\chencc.o <-- www.vmud.com /lonely/mudlib/data/login/c chencc.o
2003.06.15 10:12 B F:\login\c\chengd.o <-- www.vmud.com /lonely/mudlib/data/login/c chengd.o
2003.06.15 10:12 B F:\login\c\chengzw.o <-- www.vmud.com /lonely/mudlib/data/login/c chengzw.o
2003.06.15 10:12 B F:\login\c\chenji.o <-- www.vmud.com /lonely/mudlib/data/login/c chenji.o
2003.06.15 10:12 B F:\login\c\chenone.o <-- www.vmud.com /lonely/mudlib/data/login/c chenone.o
2003.06.15 10:12 B F:\login\c\chicken.o <-- www.vmud.com /lonely/mudlib/data/login/c chicken.o
2003.06.15 10:12 B F:\login\c\chirty.o <-- www.vmud.com /lonely/mudlib/data/login/c chirty.o
2003.06.15 10:12 B F:\login\c\chris.o <-- www.vmud.com /lonely/mudlib/data/login/c chris.o
2003.06.15 10:12 B F:\login\c\chriskaa.o <-- www.vmud.com /lonely/mudlib/data/login/c chriskaa.o
2003.06.15 10:12 B F:\login\c\chubai.o <-- www.vmud.com /lonely/mudlib/data/login/c chubai.o
2003.06.15 10:12 B F:\login\c\cingfung.o <-- www.vmud.com /lonely/mudlib/data/login/c cingfung.o
2003.06.15 10:12 B F:\login\c\city.o <-- www.vmud.com /lonely/mudlib/data/login/c city.o
2003.06.15 10:12 B F:\login\c\citya.o <-- www.vmud.com /lonely/mudlib/data/login/c citya.o
2003.06.15 10:12 B F:\login\c\cityb.o <-- www.vmud.com /lonely/mudlib/data/login/c cityb.o
2003.06.15 10:12 B F:\login\c\cityc.o <-- www.vmud.com /lonely/mudlib/data/login/c cityc.o
2003.06.15 10:12 B F:\login\c\cjf.o <-- www.vmud.com /lonely/mudlib/data/login/c cjf.o
2003.06.15 10:12 B F:\login\c\ckild.o <-- www.vmud.com /lonely/mudlib/data/login/c ckild.o
2003.06.15 10:12 B F:\login\c\clear.o <-- www.vmud.com /lonely/mudlib/data/login/c clear.o
2003.06.15 10:12 B F:\login\c\clion.o <-- www.vmud.com /lonely/mudlib/data/login/c clion.o
2003.06.15 10:12 B F:\login\c\cloth.o <-- www.vmud.com /lonely/mudlib/data/login/c cloth.o
2003.06.15 10:12 B F:\login\c\clp.o <-- www.vmud.com /lonely/mudlib/data/login/c clp.o
2003.06.15 10:12 B F:\login\c\cly.o <-- www.vmud.com /lonely/mudlib/data/login/c cly.o
2003.06.15 10:12 B F:\login\c\cob.o <-- www.vmud.com /lonely/mudlib/data/login/c cob.o
2003.06.15 10:12 B F:\login\c\cobra.o <-- www.vmud.com /lonely/mudlib/data/login/c cobra.o
2003.06.15 10:12 B F:\login\c\cobweb.o <-- www.vmud.com /lonely/mudlib/data/login/c cobweb.o
2003.06.15 10:12 B F:\login\c\coco.o <-- www.vmud.com /lonely/mudlib/data/login/c coco.o
2003.06.15 10:12 B F:\login\c\cocobox.o <-- www.vmud.com /lonely/mudlib/data/login/c cocobox.o
2003.06.15 10:12 B F:\login\c\cocopalm.o <-- www.vmud.com /lonely/mudlib/data/login/c cocopalm.o
2003.06.15 10:12 B F:\login\c\coke.o <-- www.vmud.com /lonely/mudlib/data/login/c coke.o
2003.06.15 10:12 B F:\login\c\cola.o <-- www.vmud.com /lonely/mudlib/data/login/c cola.o
2003.06.15 10:12 B F:\login\c\computer.o <-- www.vmud.com /lonely/mudlib/data/login/c computer.o
2003.06.15 10:12 B F:\login\c\connie.o <-- www.vmud.com /lonely/mudlib/data/login/c connie.o
2003.06.15 10:12 B F:\login\c\cooky.o <-- www.vmud.com /lonely/mudlib/data/login/c cooky.o
2003.06.15 10:12 B F:\login\c\cool.o <-- www.vmud.com /lonely/mudlib/data/login/c cool.o
2003.06.15 10:12 B F:\login\c\coolgirl.o <-- www.vmud.com /lonely/mudlib/data/login/c coolgirl.o
2003.06.15 10:12 B F:\login\c\copy.o <-- www.vmud.com /lonely/mudlib/data/login/c copy.o
2003.06.15 10:12 B F:\login\c\core.o <-- www.vmud.com /lonely/mudlib/data/login/c core.o
2003.06.15 10:12 B F:\login\c\corpse.o <-- www.vmud.com /lonely/mudlib/data/login/c corpse.o
2003.06.15 10:12 B F:\login\c\crystal.o <-- www.vmud.com /lonely/mudlib/data/login/c crystal.o
2003.06.15 10:12 B F:\login\c\ctj.o <-- www.vmud.com /lonely/mudlib/data/login/c ctj.o
2003.06.15 10:12 B F:\login\c\cuckold.o <-- www.vmud.com /lonely/mudlib/data/login/c cuckold.o
2003.06.15 10:12 B F:\login\c\cunqian.o <-- www.vmud.com /lonely/mudlib/data/login/c cunqian.o
2003.06.15 10:12 B F:\login\c\cup.o <-- www.vmud.com /lonely/mudlib/data/login/c cup.o
2003.06.15 10:12 B F:\login\c\curious.o <-- www.vmud.com /lonely/mudlib/data/login/c curious.o
2003.06.15 10:12 B F:\login\c\cyeagle.o <-- www.vmud.com /lonely/mudlib/data/login/c cyeagle.o
2003.06.15 10:12 B F:\login\c\czyd.o <-- www.vmud.com /lonely/mudlib/data/login/c czyd.o
