1422762421 58 0
1422762421 68 0 68 0
1415263677 68 0 68 0
1415263500 68 0 68 0
1415263200 68 0 68 0
1415262900 67 0 68 0
1415262600 67 0 67 0
1415262300 67 0 67 0
1415262000 67 0 67 0
1415261700 67 0 67 0
1415261400 67 0 67 0
1415261100 67 0 67 0
1415260800 67 0 67 0
1415260500 67 0 68 0
1415260200 68 0 68 0
1415259900 68 0 68 0
1415259600 68 0 68 0
1415259300 68 0 68 0
1415259000 68 0 68 0
1415258700 66 0 68 0
1415258400 63 0 63 0
1415258100 64 0 65 0
1415257800 65 0 65 0
1415257500 65 0 65 0
1415257200 65 0 65 0
1415256900 65 0 65 0
1415256600 65 0 65 0
1415256300 65 0 65 0
1415256000 65 0 65 0
1415255700 65 0 65 0
1415255400 65 0 65 0
1415255100 65 0 65 0
1415254800 65 0 65 0
1415254500 65 0 65 0
1415254200 65 0 65 0
1415253900 65 0 65 0
1415253600 65 0 65 0
1415253300 65 0 65 0
1415253000 65 0 65 0
1415252700 65 0 65 0
1415252400 65 0 65 0
1415252100 65 0 65 0
1415251800 65 0 65 0
1415251500 65 0 65 0
1415251200 65 0 65 0
1415250900 65 0 65 0
1415250600 65 0 65 0
1415250300 65 0 65 0
1415250000 65 0 65 0
1415249700 65 0 65 0
1415249400 65 0 65 0
1415249100 65 0 65 0
1415248800 65 0 65 0
1415248500 65 0 65 0
1415248200 73 0 75 0
1415247900 75 0 75 0
1415247600 75 0 75 0
1415247300 75 0 75 0
1415247000 75 0 75 0
1415246700 75 0 75 0
1415246400 75 0 75 0
1415246100 75 0 75 0
1415245800 75 0 75 0
1415245500 75 0 75 0
1415245200 75 0 75 0
1415244900 75 0 75 0
1415244600 75 0 75 0
1415244300 75 0 75 0
1415244000 75 0 75 0
1415243700 75 0 75 0
1415243400 75 0 75 0
1415243100 75 0 75 0
1415242800 75 0 75 0
1415242500 75 0 75 0
1415242200 75 0 75 0
1415241900 75 0 75 0
1415241600 75 0 75 0
1415241300 75 0 75 0
1415241000 75 0 75 0
1415240700 75 0 75 0
1415240400 75 0 75 0
1415240100 75 0 75 0
1415239800 75 0 75 0
1415239500 75 0 75 0
1415239200 75 0 75 0
1415238900 75 0 75 0
1415238600 75 0 75 0
1415238300 75 0 75 0
1415238000 75 0 75 0
1415237700 75 0 75 0
1415237400 75 0 75 0
1415237100 75 0 75 0
1415236800 75 0 75 0
1415236500 75 0 75 0
1415236200 75 0 75 0
1415235900 75 0 75 0
1415235600 75 0 75 0
1415235300 75 0 75 0
1415235000 75 0 75 0
1415234700 75 0 75 0
1415234400 75 0 75 0
1415234100 75 0 75 0
1415233800 75 0 75 0
1415233500 75 0 75 0
1415233200 75 0 75 0
1415232900 75 0 75 0
1415232600 75 0 75 0
1415232300 75 0 75 0
1415232000 75 0 75 0
1415231700 75 0 75 0
1415231400 75 0 75 0
1415231100 75 0 75 0
1415230800 75 0 75 0
1415230500 75 0 75 0
1415230200 75 0 75 0
1415229900 75 0 75 0
1415229600 75 0 75 0
1415229300 75 0 75 0
1415229000 75 0 75 0
1415228700 75 0 75 0
1415228400 75 0 75 0
1415228100 75 0 75 0
1415227800 75 0 75 0
1415227500 75 0 75 0
1415227200 75 0 75 0
1415226900 75 0 75 0
1415226600 75 0 75 0
1415226300 75 0 75 0
1415226000 75 0 75 0
1415225700 75 0 75 0
1415225400 75 0 75 0
1415225100 75 0 75 0
1415224800 75 0 75 0
1415224500 75 0 75 0
1415224200 75 0 75 0
1415223900 75 0 75 0
1415223600 75 0 75 0
1415223300 75 0 75 0
1415223000 75 0 75 0
1415222700 75 0 75 0
1415222400 75 0 75 0
1415222100 75 0 75 0
1415221800 75 0 75 0
1415221500 75 0 75 0
1415221200 75 0 75 0
1415220900 75 0 75 0
1415220600 75 0 75 0
1415220300 75 0 75 0
1415220000 75 0 75 0
1415219700 75 0 75 0
1415219400 75 0 75 0
1415219100 75 0 75 0
1415218800 75 0 75 0
1415218500 75 0 75 0
1415218200 75 0 75 0
1415217900 75 0 75 0
1415217600 75 0 75 0
1415217300 75 0 75 0
1415217000 75 0 75 0
1415216700 75 0 75 0
1415216400 75 0 75 0
1415216100 75 0 75 0
1415215800 75 0 75 0
1415215500 75 0 75 0
1415215200 75 0 75 0
1415214900 75 0 75 0
1415214600 75 0 75 0
1415214300 75 0 75 0
1415214000 75 0 75 0
1415213700 75 0 75 0
1415213400 75 0 75 0
1415213100 75 0 75 0
1415212800 75 0 75 0
1415212500 75 0 75 0
1415212200 75 0 75 0
1415211900 75 0 75 0
1415211600 75 0 75 0
1415211300 75 0 75 0
1415211000 75 0 75 0
1415210700 75 0 75 0
1415210400 75 0 75 0
1415210100 75 0 75 0
1415209800 75 0 75 0
1415209500 75 0 75 0
1415209200 75 0 75 0
1415208900 75 0 75 0
1415208600 75 0 75 0
1415208300 75 0 75 0
1415208000 75 0 75 0
1415207700 75 0 75 0
1415207400 75 0 75 0
1415207100 75 0 75 0
1415206800 75 0 75 0
1415206500 75 0 75 0
1415206200 75 0 75 0
1415205900 75 0 75 0
1415205600 75 0 75 0
1415205300 75 0 75 0
1415205000 75 0 75 0
1415204700 75 0 75 0
1415204400 75 0 75 0
1415204100 75 0 75 0
1415203800 75 0 75 0
1415203500 75 0 75 0
1415203200 75 0 75 0
1415202900 75 0 75 0
1415202600 75 0 75 0
1415202300 75 0 75 0
1415202000 75 0 75 0
1415201700 75 0 75 0
1415201400 75 0 75 0
1415201100 75 0 75 0
1415200800 75 0 75 0
1415200500 75 0 75 0
1415200200 75 0 75 0
1415199900 75 0 75 0
1415199600 75 0 75 0
1415199300 75 0 75 0
1415199000 73 0 75 0
1415198700 73 0 73 0
1415198400 73 0 73 0
1415198100 73 0 73 0
1415197800 76 0 77 0
1415197500 77 0 77 0
1415197200 77 0 77 0
1415196900 77 0 77 0
1415196600 77 0 77 0
1415196300 77 0 77 0
1415196000 77 0 77 0
1415195700 78 0 79 0
1415195400 79 0 79 0
1415195100 79 0 79 0
1415194800 79 0 79 0
1415194500 79 0 79 0
1415194200 79 0 79 0
1415193900 78 0 79 0
1415193600 78 0 78 0
1415193300 78 0 78 0
1415193000 49 0 78 0
1415192700 49 0 49 0
1415192400 49 0 49 0
1415192100 49 0 49 0
1415191800 49 0 49 0
1415191500 49 0 49 0
1415191200 49 0 49 0
1415190900 49 0 49 0
1415190600 49 0 49 0
1415190300 49 0 49 0
1415190000 49 0 49 0
1415189700 49 0 49 0
1415189400 49 0 49 0
1415189100 49 0 49 0
1415188800 49 0 49 0
1415188500 49 0 49 0
1415188200 49 0 49 0
1415187900 49 0 49 0
1415187600 49 0 49 0
1415187300 49 0 49 0
1415187000 49 0 49 0
1415186700 49 0 49 0
1415186400 49 0 49 0
1415186100 49 0 49 0
1415185800 49 0 49 0
1415185500 49 0 49 0
1415185200 49 0 49 0
1415184900 49 0 49 0
1415184600 49 0 49 0
1415184300 49 0 49 0
1415184000 49 0 49 0
1415183700 49 0 49 0
1415183400 49 0 49 0
1415183100 49 0 49 0
1415182800 49 0 49 0
1415182500 49 0 49 0
1415182200 49 0 49 0
1415181900 49 0 49 0
1415181600 49 0 49 0
1415181300 49 0 49 0
1415181000 49 0 49 0
1415180700 49 0 49 0
1415180400 49 0 49 0
1415180100 49 0 49 0
1415179800 49 0 49 0
1415179500 49 0 49 0
1415179200 49 0 49 0
1415178900 49 0 49 0
1415178600 49 0 49 0
1415178300 49 0 49 0
1415178000 49 0 49 0
1415177700 49 0 49 0
1415177400 49 0 49 0
1415177100 49 0 49 0
1415176800 49 0 49 0
1415176500 49 0 49 0
1415176200 49 0 49 0
1415175900 49 0 49 0
1415175600 49 0 49 0
1415175300 49 0 49 0
1415175000 49 0 49 0
1415174700 49 0 49 0
1415174400 49 0 49 0
1415174100 49 0 49 0
1415173800 49 0 49 0
1415173500 49 0 49 0
1415173200 49 0 49 0
1415172900 49 0 49 0
1415172600 49 0 49 0
1415172300 49 0 49 0
1415172000 49 0 49 0
1415171700 49 0 49 0
1415171400 49 0 49 0
1415171100 49 0 49 0
1415170800 49 0 49 0
1415170500 49 0 49 0
1415170200 49 0 49 0
1415169900 49 0 49 0
1415169600 49 0 49 0
1415169300 49 0 49 0
1415169000 49 0 49 0
1415168700 49 0 49 0
1415168400 49 0 49 0
1415168100 49 0 49 0
1415167800 49 0 49 0
1415167500 49 0 49 0
1415167200 49 0 49 0
1415166900 49 0 49 0
1415166600 49 0 49 0
1415166300 49 0 49 0
1415166000 49 0 49 0
1415165700 49 0 49 0
1415165400 49 0 49 0
1415165100 49 0 49 0
1415164800 49 0 49 0
1415164500 49 0 49 0
1415164200 49 0 49 0
1415163900 49 0 49 0
1415163600 49 0 49 0
1415163300 49 0 49 0
1415163000 49 0 49 0
1415162700 49 0 49 0
1415162400 49 0 49 0
1415162100 49 0 49 0
1415161800 49 0 49 0
1415161500 49 0 49 0
1415161200 49 0 49 0
1415160900 49 0 49 0
1415160600 49 0 49 0
1415160300 49 0 49 0
1415160000 49 0 49 0
1415159700 49 0 49 0
1415159400 49 0 49 0
1415159100 49 0 49 0
1415158800 49 0 49 0
1415158500 49 0 49 0
1415158200 49 0 49 0
1415157900 49 0 49 0
1415157600 49 0 49 0
1415157300 49 0 49 0
1415157000 49 0 49 0
1415156700 49 0 49 0
1415156400 49 0 49 0
1415156100 49 0 49 0
1415155800 49 0 49 0
1415155500 49 0 49 0
1415155200 49 0 49 0
1415154900 49 0 49 0
1415154600 49 0 49 0
1415154300 49 0 49 0
1415154000 49 0 49 0
1415153700 49 0 49 0
1415153400 49 0 49 0
1415153100 49 0 49 0
1415152800 49 0 49 0
1415152500 49 0 49 0
1415152200 49 0 49 0
1415151900 49 0 49 0
1415151600 49 0 49 0
1415151300 49 0 49 0
1415151000 49 0 49 0
1415150700 49 0 49 0
1415150400 49 0 49 0
1415150100 49 0 49 0
1415149800 49 0 49 0
1415149500 49 0 49 0
1415149200 49 0 49 0
1415148900 49 0 49 0
1415148600 49 0 49 0
1415148300 49 0 49 0
1415148000 49 0 49 0
1415147700 49 0 49 0
1415147400 49 0 49 0
1415147100 49 0 49 0
1415146800 49 0 49 0
1415146500 49 0 49 0
1415146200 49 0 49 0
1415145900 49 0 49 0
1415145600 49 0 49 0
1415145300 49 0 49 0
1415145000 49 0 49 0
1415144700 49 0 49 0
1415144400 49 0 49 0
1415144100 49 0 49 0
1415143800 49 0 49 0
1415143500 49 0 49 0
1415143200 49 0 49 0
1415142900 49 0 49 0
1415142600 49 0 49 0
1415142300 49 0 49 0
1415142000 49 0 49 0
1415141700 49 0 49 0
1415141400 49 0 49 0
1415141100 49 0 49 0
1415140800 49 0 49 0
1415140500 49 0 49 0
1415140200 49 0 49 0
1415139900 49 0 49 0
1415139600 49 0 49 0
1415139300 49 0 49 0
1415139000 49 0 49 0
1415138700 49 0 49 0
1415138400 49 0 49 0
1415138100 49 0 49 0
1415137800 49 0 49 0
1415137500 49 0 49 0
1415137200 49 0 49 0
1415136900 49 0 49 0
1415136600 49 0 49 0
1415136300 49 0 49 0
1415136000 49 0 49 0
1415135700 49 0 49 0
1415135400 49 0 49 0
1415135100 49 0 49 0
1415134800 49 0 49 0
1415134500 49 0 49 0
1415134200 49 0 49 0
1415133900 49 0 49 0
1415133600 49 0 49 0
1415133300 49 0 49 0
1415133000 49 0 49 0
1415132700 49 0 49 0
1415132400 49 0 49 0
1415132100 49 0 49 0
1415131800 49 0 49 0
1415131500 49 0 49 0
1415131200 49 0 49 0
1415130900 49 0 49 0
1415130600 49 0 49 0
1415130300 49 0 49 0
1415130000 49 0 49 0
1415129700 49 0 49 0
1415129400 49 0 49 0
1415129100 49 0 49 0
1415128800 49 0 49 0
1415128500 49 0 49 0
1415128200 49 0 49 0
1415127900 49 0 49 0
1415127600 49 0 49 0
1415127300 49 0 49 0
1415127000 49 0 49 0
1415126700 49 0 49 0
1415126400 49 0 49 0
1415126100 49 0 49 0
1415125800 49 0 49 0
1415125500 49 0 49 0
1415125200 49 0 49 0
1415124900 49 0 49 0
1415124600 49 0 49 0
1415124300 49 0 49 0
1415124000 49 0 49 0
1415123700 49 0 49 0
1415123400 49 0 49 0
1415123100 49 0 49 0
1415122800 49 0 49 0
1415122500 49 0 49 0
1415122200 49 0 49 0
1415121900 49 0 49 0
1415121600 49 0 49 0
1415121300 49 0 49 0
1415121000 49 0 49 0
1415120700 49 0 49 0
1415120400 49 0 49 0
1415120100 49 0 49 0
1415119800 49 0 49 0
1415119500 49 0 49 0
1415119200 49 0 49 0
1415118900 49 0 49 0
1415118600 49 0 49 0
1415118300 49 0 49 0
1415118000 49 0 49 0
1415117700 49 0 49 0
1415117400 49 0 49 0
1415117100 49 0 49 0
1415116800 49 0 49 0
1415116500 49 0 49 0
1415116200 49 0 49 0
1415115900 49 0 49 0
1415115600 49 0 49 0
1415115300 49 0 49 0
1415115000 49 0 49 0
1415114700 49 0 49 0
1415114400 49 0 49 0
1415114100 49 0 49 0
1415113800 49 0 49 0
1415113500 49 0 49 0
1415113200 49 0 49 0
1415112900 49 0 49 0
1415112600 49 0 49 0
1415112300 49 0 49 0
1415112000 49 0 49 0
1415111700 49 0 49 0
1415111400 49 0 49 0
1415111100 49 0 49 0
1415110800 49 0 49 0
1415110500 49 0 49 0
1415110200 49 0 49 0
1415109900 49 0 49 0
1415109600 49 0 49 0
1415109300 49 0 49 0
1415109000 49 0 49 0
1415108700 49 0 49 0
1415108400 49 0 49 0
1415108100 49 0 49 0
1415107800 49 0 49 0
1415107500 49 0 49 0
1415107200 49 0 49 0
1415106900 49 0 49 0
1415106600 49 0 49 0
1415106300 49 0 49 0
1415106000 49 0 49 0
1415105700 49 0 49 0
1415105400 49 0 49 0
1415105100 49 0 49 0
1415104800 49 0 49 0
1415104500 49 0 49 0
1415104200 49 0 49 0
1415103900 49 0 49 0
1415103600 49 0 49 0
1415103300 49 0 49 0
1415103000 49 0 49 0
1415102700 49 0 49 0
1415102400 49 0 49 0
1415102100 49 0 49 0
1415101800 49 0 49 0
1415101500 49 0 49 0
1415101200 49 0 49 0
1415100900 49 0 49 0
1415100600 49 0 49 0
1415100300 49 0 49 0
1415100000 49 0 49 0
1415099700 49 0 49 0
1415099400 49 0 49 0
1415099100 49 0 49 0
1415098800 49 0 49 0
1415098500 49 0 49 0
1415098200 49 0 49 0
1415097900 49 0 49 0
1415097600 49 0 49 0
1415097300 49 0 49 0
1415097000 49 0 49 0
1415096700 49 0 49 0
1415096400 49 0 49 0
1415096100 49 0 49 0
1415095800 49 0 49 0
1415095500 49 0 49 0
1415095200 49 0 49 0
1415094900 49 0 49 0
1415094600 49 0 49 0
1415094300 49 0 49 0
1415094000 49 0 49 0
1415093700 49 0 49 0
1415093400 49 0 49 0
1415093100 49 0 49 0
1415092800 49 0 49 0
1415092500 49 0 49 0
1415092200 49 0 49 0
1415091900 49 0 49 0
1415091600 49 0 49 0
1415091300 49 0 49 0
1415091000 49 0 49 0
1415090700 49 0 49 0
1415090400 49 0 49 0
1415090100 49 0 49 0
1415089800 49 0 49 0
1415089500 49 0 49 0
1415089200 49 0 49 0
1415088900 49 0 49 0
1415088600 49 0 49 0
1415088300 49 0 49 0
1415088000 49 0 49 0
1415087700 49 0 49 0
1415087400 49 0 49 0
1415087100 49 0 49 0
1415086800 49 0 49 0
1415086500 49 0 49 0
1415086200 49 0 49 0
1415085900 49 0 49 0
1415085600 49 0 49 0
1415085300 49 0 49 0
1415085000 49 0 49 0
1415084700 49 0 49 0
1415084400 49 0 49 0
1415084100 49 0 49 0
1415083800 49 0 49 0
1415082600 49 0 49 0
1415080800 49 0 49 0
1415079000 49 0 49 0
1415077200 49 0 49 0
1415075400 49 0 49 0
1415073600 49 0 49 0
1415071800 49 0 49 0
1415070000 49 0 49 0
1415068200 49 0 49 0
1415066400 49 0 49 0
1415064600 49 0 49 0
1415062800 49 0 49 0
1415061000 49 0 49 0
1415059200 49 0 49 0
1415057400 49 0 49 0
1415055600 49 0 49 0
1415053800 49 0 49 0
1415052000 49 0 49 0
1415050200 49 0 49 0
1415048400 49 0 49 0
1415046600 49 0 49 0
1415044800 49 0 49 0
1415043000 49 0 49 0
1415041200 49 0 49 0
1415039400 49 0 49 0
1415037600 49 0 49 0
1415035800 49 0 49 0
1415034000 49 0 49 0
1415032200 49 0 49 0
1415030400 49 0 49 0
1415028600 49 0 49 0
1415026800 49 0 49 0
1415025000 49 0 49 0
1415023200 49 0 49 0
1415021400 49 0 49 0
1415019600 49 0 49 0
1415017800 49 0 49 0
1415016000 49 0 49 0
1415014200 49 0 49 0
1415012400 49 0 49 0
1415010600 49 0 49 0
1415008800 49 0 49 0
1415007000 49 0 49 0
1415005200 49 0 49 0
1415003400 49 0 49 0
1415001600 49 0 49 0
1414999800 49 0 49 0
1414998000 49 0 49 0
1414996200 49 0 49 0
1414994400 49 0 49 0
1414992600 49 0 49 0
1414990800 49 0 49 0
1414989000 49 0 49 0
1414987200 49 0 49 0
1414985400 49 0 49 0
1414983600 49 0 49 0
1414981800 49 0 49 0
1414980000 49 0 49 0
1414978200 49 0 49 0
1414976400 49 0 49 0
1414974600 49 0 49 0
1414972800 49 0 49 0
1414971000 49 0 49 0
1414969200 49 0 49 0
1414967400 49 0 49 0
1414965600 49 0 49 0
1414963800 49 0 49 0
1414962000 49 0 49 0
1414960200 49 0 49 0
1414958400 49 0 49 0
1414956600 49 0 49 0
1414954800 49 0 49 0
1414953000 49 0 49 0
1414951200 49 0 49 0
1414949400 49 0 49 0
1414947600 49 0 49 0
1414945800 49 0 49 0
1414944000 49 0 49 0
1414942200 49 0 49 0
1414940400 49 0 49 0
1414938600 49 0 49 0
1414936800 49 0 49 0
1414935000 49 0 49 0
1414933200 49 0 49 0
1414931400 49 0 49 0
1414929600 49 0 49 0
1414927800 49 0 49 0
1414926000 49 0 49 0
1414924200 49 0 49 0
1414922400 49 0 49 0
1414920600 49 0 49 0
1414918800 49 0 49 0
1414917000 49 0 49 0
1414915200 49 0 49 0
1414913400 49 0 49 0
1414911600 49 0 49 0
1414909800 49 0 49 0
1414908000 49 0 49 0
1414906200 49 0 49 0
1414904400 49 0 49 0
1414902600 49 0 49 0
1414900800 49 0 49 0
1414899000 49 0 49 0
1414897200 49 0 49 0
1414895400 49 0 49 0
1414893600 49 0 49 0
1414891800 49 0 49 0
1414890000 49 0 49 0
1414888200 49 0 49 0
1414886400 49 0 49 0
1414884600 49 0 49 0
1414882800 49 0 49 0
1414881000 49 0 49 0
1414879200 49 0 49 0
1414877400 49 0 49 0
1414875600 49 0 49 0
1414873800 49 0 49 0
1414872000 49 0 49 0
1414870200 49 0 49 0
1414868400 49 0 49 0
1414866600 49 0 49 0
1414864800 49 0 49 0
1414863000 49 0 49 0
1414861200 49 0 49 0
1414859400 49 0 49 0
1414857600 49 0 49 0
1414855800 49 0 49 0
1414854000 49 0 49 0
1414852200 49 0 49 0
1414850400 49 0 49 0
1414848600 49 0 49 0
1414846800 49 0 49 0
1414845000 49 0 49 0
1414843200 49 0 49 0
1414841400 49 0 49 0
1414839600 49 0 49 0
1414837800 49 0 49 0
1414836000 49 0 49 0
1414834200 49 0 49 0
1414832400 49 0 49 0
1414830600 49 0 49 0
1414828800 49 0 49 0
1414827000 49 0 49 0
1414825200 49 0 49 0
1414823400 49 0 49 0
1414821600 49 0 49 0
1414819800 49 0 49 0
1414818000 49 0 49 0
1414816200 49 0 49 0
1414814400 49 0 49 0
1414812600 49 0 49 0
1414810800 49 0 49 0
1414809000 49 0 49 0
1414807200 49 0 49 0
1414805400 49 0 49 0
1414803600 49 0 49 0
1414801800 49 0 49 0
1414800000 49 0 49 0
1414798200 49 0 49 0
1414796400 49 0 49 0
1414794600 49 0 49 0
1414792800 49 0 49 0
1414791000 49 0 49 0
1414789200 49 0 49 0
1414787400 49 0 49 0
1414785600 49 0 49 0
1414783800 49 0 49 0
1414782000 49 0 49 0
1414780200 49 0 49 0
1414778400 49 0 49 0
1414776600 49 0 49 0
1414774800 49 0 49 0
1414773000 49 0 49 0
1414771200 49 0 49 0
1414769400 49 0 49 0
1414767600 49 0 49 0
1414765800 49 0 49 0
1414764000 49 0 49 0
1414762200 49 0 49 0
1414760400 49 0 49 0
1414758600 49 0 49 0
1414756800 49 0 49 0
1414755000 49 0 49 0
1414753200 49 0 49 0
1414751400 49 0 49 0
1414749600 49 0 49 0
1414747800 49 0 49 0
1414746000 49 0 49 0
1414744200 49 0 49 0
1414742400 49 0 49 0
1414740600 49 0 49 0
1414738800 49 0 49 0
1414737000 49 0 49 0
1414735200 49 0 49 0
1414733400 49 0 49 0
1414731600 49 0 49 0
1414729800 49 0 49 0
1414728000 49 0 49 0
1414726200 49 0 49 0
1414724400 49 0 49 0
1414722600 49 0 49 0
1414720800 49 0 49 0
1414719000 49 0 49 0
1414717200 49 0 49 0
1414715400 49 0 49 0
1414713600 49 0 49 0
1414711800 49 0 49 0
1414710000 49 0 49 0
1414708200 49 0 49 0
1414706400 49 0 49 0
1414704600 49 0 49 0
1414702800 49 0 49 0
1414701000 49 0 49 0
1414699200 49 0 49 0
1414697400 49 0 49 0
1414695600 49 0 49 0
1414693800 49 0 49 0
1414692000 49 0 49 0
1414690200 49 0 49 0
1414688400 49 0 49 0
1414686600 49 0 49 0
1414684800 49 0 49 0
1414683000 49 0 49 0
1414681200 49 0 49 0
1414679400 49 0 49 0
1414677600 49 0 49 0
1414675800 49 0 49 0
1414674000 49 0 49 0
1414672200 49 0 49 0
1414670400 49 0 49 0
1414668600 49 0 49 0
1414666800 49 0 49 0
1414665000 49 0 49 0
1414663200 49 0 49 0
1414661400 49 0 49 0
1414659600 49 0 49 0
1414657800 49 0 49 0
1414656000 49 0 49 0
1414654200 49 0 49 0
1414652400 49 0 49 0
1414650600 49 0 49 0
1414648800 49 0 49 0
1414647000 49 0 49 0
1414645200 49 0 49 0
1414643400 49 0 49 0
1414641600 49 0 49 0
1414639800 49 0 49 0
1414638000 49 0 49 0
1414636200 49 0 49 0
1414634400 49 0 49 0
1414632600 49 0 49 0
1414630800 49 0 49 0
1414629000 49 0 49 0
1414627200 49 0 49 0
1414625400 49 0 49 0
1414623600 49 0 49 0
1414621800 49 0 49 0
1414620000 49 0 49 0
1414618200 49 0 49 0
1414616400 49 0 49 0
1414614600 49 0 49 0
1414612800 49 0 49 0
1414611000 49 0 49 0
1414609200 49 0 49 0
1414607400 49 0 49 0
1414605600 49 0 49 0
1414603800 49 0 49 0
1414602000 49 0 49 0
1414600200 49 0 49 0
1414598400 49 0 49 0
1414596600 49 0 49 0
1414594800 49 0 49 0
1414593000 49 0 49 0
1414591200 49 0 49 0
1414589400 49 0 49 0
1414587600 49 0 49 0
1414585800 49 0 49 0
1414584000 49 0 49 0
1414582200 49 0 49 0
1414580400 49 0 49 0
1414578600 49 0 49 0
1414576800 49 0 49 0
1414575000 49 0 49 0
1414573200 49 0 49 0
1414571400 49 0 49 0
1414569600 49 0 49 0
1414567800 49 0 49 0
1414566000 49 0 49 0
1414564200 49 0 49 0
1414562400 49 0 49 0
1414560600 49 0 49 0
1414558800 49 0 49 0
1414557000 49 0 49 0
1414555200 49 0 49 0
1414553400 49 0 49 0
1414551600 49 0 49 0
1414549800 49 0 49 0
1414548000 49 0 49 0
1414546200 49 0 49 0
1414544400 49 0 49 0
1414542600 49 0 49 0
1414540800 49 0 49 0
1414539000 49 0 49 0
1414537200 49 0 49 0
1414535400 49 0 49 0
1414533600 49 0 49 0
1414531800 49 0 49 0
1414530000 49 0 49 0
1414528200 49 0 49 0
1414526400 49 0 49 0
1414524600 49 0 49 0
1414522800 49 0 49 0
1414521000 49 0 49 0
1414519200 49 0 49 0
1414517400 49 0 49 0
1414515600 49 0 49 0
1414513800 49 0 49 0
1414512000 49 0 49 0
1414510200 49 0 49 0
1414508400 49 0 49 0
1414506600 49 0 49 0
1414504800 49 0 49 0
1414503000 49 0 49 0
1414501200 49 0 49 0
1414499400 49 0 49 0
1414497600 49 0 49 0
1414495800 49 0 49 0
1414494000 49 0 49 0
1414492200 49 0 49 0
1414490400 49 0 49 0
1414488600 49 0 49 0
1414486800 49 0 49 0
1414485000 49 0 49 0
1414483200 49 0 49 0
1414481400 49 0 49 0
1414479600 49 0 49 0
1414477800 49 0 49 0
1414476000 49 0 49 0
1414474200 49 0 49 0
1414472400 49 0 49 0
1414470600 49 0 49 0
1414468800 49 0 49 0
1414467000 49 0 49 0
1414465200 49 0 49 0
1414463400 49 0 49 0
1414461600 49 0 49 0
1414459800 49 0 49 0
1414458000 49 0 49 0
1414456200 49 0 49 0
1414454400 49 0 49 0
1414452600 49 0 49 0
1414450800 49 0 49 0
1414449000 49 0 49 0
1414447200 49 0 49 0
1414445400 49 0 51 0
1414443600 51 0 51 0
1414441800 51 0 51 0
1414440000 51 0 51 0
1414438200 51 0 51 0
1414436400 51 0 51 0
1414434600 51 0 53 0
1414432800 52 0 53 0
1414431000 52 0 52 0
1414429200 52 0 52 0
1414427400 52 0 52 0
1414425600 52 0 54 0
1414423800 54 0 55 0
1414422000 55 0 57 0
1414420200 57 0 59 0
1414418400 59 0 59 0
1414416600 59 0 60 0
1414414800 60 0 63 0
1414413000 62 0 63 0
1414411200 58 0 59 0
1414409400 56 0 57 0
1414407600 55 0 56 0
1414405800 55 0 56 0
1414404000 55 0 56 0
1414402200 55 0 55 0
1414400400 55 0 56 0
1414398600 56 0 56 0
1414396800 55 0 56 0
1414395000 55 0 55 0
1414393200 55 0 57 0
1414391400 57 0 57 0
1414389600 57 0 57 0
1414387800 57 0 57 0
1414386000 56 0 57 0
1414384200 56 0 59 0
1414382400 59 0 59 0
1414380600 58 0 59 0
1414378800 57 0 58 0
1414377000 55 0 56 0
1414375200 46 0 47 0
1414373400 45 0 53 0
1414371600 53 0 57 0
1414369800 56 0 57 0
1414368000 55 0 56 0
1414366200 54 0 67 0
1414364400 67 0 68 0
1414362600 68 0 68 0
1414360800 68 0 69 0
1414359000 69 0 69 0
1414357200 69 0 69 0
1414355400 69 0 69 0
1414353600 69 0 69 0
1414351800 69 0 69 0
1414350000 69 0 71 0
1414348200 71 0 71 0
1414346400 71 0 75 0
1414344600 75 0 75 0
1414342800 75 0 75 0
1414341000 75 0 77 0
1414339200 77 0 77 0
1414337400 77 0 77 0
1414335600 76 0 77 0
1414333800 75 0 76 0
1414332000 74 0 76 0
1414330200 76 0 76 0
1414328400 76 0 78 0
1414326600 78 0 78 0
1414324800 77 0 78 0
1414323000 75 0 76 0
1414321200 72 0 74 0
1414319400 73 0 74 0
1414317600 67 0 75 0
1414315800 74 0 75 0
1414314000 64 0 65 0
1414312200 57 0 57 0
1414310400 56 0 57 0
1414308600 55 0 56 0
1414306800 55 0 56 0
1414305000 55 0 56 0
1414303200 45 0 77 0
1414301400 76 0 77 0
1414299600 76 0 76 0
1414297800 76 0 77 0
1414296000 77 0 78 0
1414294200 77 0 78 0
1414292400 76 0 77 0
1414290600 75 0 75 0
1414288800 75 0 76 0
1414287000 75 0 76 0
1414285200 75 0 75 0
1414283400 75 0 75 0
1414281600 75 0 75 0
1414279800 74 0 75 0
1414278000 73 0 74 0
1414276200 71 0 71 0
1414274400 71 0 72 0
1414272600 71 0 72 0
1414270800 70 0 71 0
1414269000 71 0 71 0
1414267200 71 0 71 0
1414265400 71 0 71 0
1414263600 71 0 71 0
1414261800 71 0 73 0
1414260000 73 0 73 0
1414258200 73 0 75 0
1414256400 75 0 75 0
1414254600 74 0 75 0
1414252800 73 0 74 0
1414251000 72 0 72 0
1414249200 72 0 75 0
1414247400 75 0 78 0
1414245600 78 0 78 0
1414243800 78 0 78 0
1414242000 78 0 79 0
1414240200 79 0 79 0
1414238400 78 0 79 0
1414236600 73 0 73 0
1414234800 73 0 73 0
1414233000 73 0 74 0
1414231200 74 0 74 0
1414229400 73 0 74 0
1414227600 72 0 73 0
1414225800 72 0 72 0
1414224000 72 0 72 0
1414222200 72 0 72 0
1414220400 72 0 72 0
1414218600 72 0 72 0
1414216800 72 0 72 0
1414215000 71 0 72 0
1414213200 71 0 72 0
1414211400 71 0 72 0
1414209600 71 0 72 0
1414207800 72 0 72 0
1414206000 71 0 72 0
1414204200 60 0 66 0
1414202400 65 0 66 0
1414200600 65 0 66 0
1414198800 66 0 67 0
1414197000 66 0 67 0
1414195200 66 0 66 0
1414193400 66 0 66 0
1414191600 65 0 66 0
1414189800 65 0 67 0
1414188000 67 0 68 0
1414186200 67 0 68 0
1414184400 67 0 67 0
1414182600 67 0 76 0
1414180800 76 0 76 0
1414179000 76 0 76 0
1414177200 76 0 76 0
1414175400 76 0 78 0
1414173600 78 0 78 0
1414171800 78 0 79 0
1414170000 78 0 79 0
1414168200 78 0 78 0
1414166400 78 0 78 0
1414164600 77 0 78 0
1414162800 77 0 78 0
1414161000 78 0 82 0
1414159200 82 0 82 0
1414157400 81 0 82 0
1414155600 80 0 81 0
1414153800 80 0 82 0
1414152000 81 0 82 0
1414150200 77 0 78 0
1414148400 74 0 74 0
1414146600 73 0 74 0
1414144800 67 0 76 0
1414143000 76 0 78 0
1414141200 77 0 78 0
1414139400 76 0 77 0
1414137600 75 0 76 0
1414135800 75 0 75 0
1414134000 75 0 75 0
1414132200 75 0 75 0
1414130400 75 0 77 0
1414128600 76 0 77 0
1414126800 71 0 71 0
1414125000 71 0 71 0
1414123200 71 0 71 0
1414121400 71 0 71 0
1414119600 70 0 71 0
1414117800 60 0 60 0
1414116000 60 0 60 0
1414114200 60 0 60 0
1414112400 60 0 60 0
1414110600 60 0 60 0
1414108800 60 0 60 0
1414107000 60 0 60 0
1414105200 60 0 60 0
1414103400 60 0 60 0
1414101600 60 0 60 0
1414099800 60 0 60 0
1414098000 60 0 60 0
1414096200 60 0 63 0
1414094400 63 0 69 0
1414092600 69 0 69 0
1414090800 69 0 71 0
1414089000 71 0 71 0
1414087200 71 0 71 0
1414085400 70 0 71 0
1414083600 69 0 70 0
1414081800 62 0 71 0
1414080000 71 0 72 0
1414078200 72 0 74 0
1414076400 74 0 77 0
1414074600 77 0 79 0
1414072800 78 0 79 0
1414071000 77 0 78 0
1414069200 75 0 75 0
1414067400 74 0 75 0
1414065600 72 0 73 0
1414063800 69 0 72 0
1414062000 71 0 72 0
1414060200 69 0 72 0
1414058400 71 0 72 0
1414056600 71 0 74 0
1414054800 74 0 74 0
1414053000 74 0 75 0
1414051200 74 0 75 0
1414049400 74 0 74 0
1414047600 74 0 74 0
1414045800 74 0 74 0
1414044000 74 0 74 0
1414042200 73 0 74 0
1414040400 72 0 73 0
1414038600 70 0 71 0
1414036800 70 0 71 0
1414035000 70 0 70 0
1414033200 70 0 72 0
1414031400 71 0 72 0
1414029600 67 0 68 0
1414027800 60 0 61 0
1414026000 61 0 63 0
1414024200 63 0 63 0
1414022400 62 0 63 0
1414020600 56 0 68 0
1414018800 68 0 68 0
1414017000 68 0 68 0
1414015200 68 0 68 0
1414013400 68 0 68 0
1414011600 68 0 68 0
1414009800 68 0 68 0
1414008000 68 0 68 0
1414006200 68 0 68 0
1414004400 68 0 76 0
1414002600 76 0 76 0
1414000800 76 0 78 0
1413993600 80 0 88 0
1413986400 86 0 88 0
1413979200 80 0 85 0
1413972000 80 0 82 0
1413964800 80 0 81 0
1413957600 78 0 80 0
1413950400 77 0 79 0
1413943200 76 0 76 0
1413936000 76 0 78 0
1413928800 76 0 77 0
1413921600 77 0 77 0
1413914400 77 0 82 0
1413907200 81 0 83 0
1413900000 78 0 83 0
1413892800 66 0 74 0
1413885600 61 0 62 0
1413878400 67 0 72 0
1413871200 72 0 73 0
1413864000 70 0 72 0
1413856800 69 0 71 0
1413849600 71 0 71 0
1413842400 71 0 71 0
1413835200 71 0 71 0
1413828000 71 0 71 0
1413820800 72 0 74 0
1413813600 76 0 78 0
1413806400 71 0 78 0
1413799200 72 0 74 0
1413792000 74 0 77 0
1413784800 74 0 77 0
1413777600 69 0 72 0
1413770400 68 0 72 0
1413763200 73 0 74 0
1413756000 74 0 74 0
1413748800 74 0 74 0
1413741600 73 0 74 0
1413734400 74 0 76 0
1413727200 76 0 79 0
1413720000 78 0 80 0
1413712800 78 0 78 0
1413705600 78 0 87 0
1413698400 87 0 89 0
1413691200 89 0 91 0
1413684000 90 0 92 0
1413676800 85 0 90 0
1413669600 79 0 81 0
1413662400 81 0 82 0
1413655200 83 0 84 0
1413648000 85 0 90 0
1413640800 88 0 90 0
1413633600 85 0 87 0
1413626400 82 0 84 0
1413619200 82 0 83 0
1413612000 80 0 83 0
1413604800 79 0 81 0
1413597600 79 0 80 0
1413590400 75 0 79 0
1413583200 73 0 75 0
1413576000 72 0 75 0
1413568800 72 0 74 0
1413561600 75 0 77 0
1413554400 76 0 77 0
1413547200 77 0 79 0
1413540000 69 0 72 0
1413532800 72 0 73 0
1413525600 71 0 74 0
1413518400 70 0 71 0
1413511200 58 0 63 0
1413504000 49 0 51 0
1413496800 51 0 51 0
1413489600 53 0 71 0
1413482400 72 0 74 0
1413475200 76 0 79 0
1413468000 75 0 77 0
1413460800 74 0 76 0
1413453600 72 0 74 0
1413446400 69 0 71 0
1413439200 70 0 72 0
1413432000 69 0 72 0
1413424800 66 0 69 0
1413417600 66 0 67 0
1413410400 67 0 68 0
1413403200 67 0 69 0
1413396000 69 0 70 0
1413388800 70 0 72 0
1413381600 70 0 72 0
1413374400 60 0 70 0
1413367200 59 0 61 0
1413360000 60 0 62 0
1413352800 59 0 61 0
1413345600 57 0 58 0
1413338400 55 0 56 0
1413331200 55 0 56 0
1413324000 55 0 56 0
1413316800 55 0 56 0
1413309600 58 0 66 0
1413302400 64 0 67 0
1413295200 67 0 68 0
1413288000 67 0 68 0
1413280800 70 0 71 0
1413273600 71 0 71 0
1413266400 70 0 71 0
1413259200 66 0 67 0
1413252000 64 0 66 0
1413244800 62 0 62 0
1413237600 62 0 62 0
1413230400 60 0 70 0
1413223200 70 0 72 0
1413216000 70 0 74 0
1413208800 73 0 74 0
1413201600 67 0 70 0
1413194400 63 0 64 0
1413187200 64 0 65 0
1413180000 60 0 65 0
1413172800 51 0 54 0
1413165600 48 0 50 0
1413158400 50 0 52 0
1413151200 52 0 59 0
1413144000 59 0 59 0
1413136800 64 0 68 0
1413129600 68 0 70 0
1413122400 68 0 73 0
1413115200 64 0 67 0
1413108000 65 0 67 0
1413100800 66 0 67 0
1413093600 68 0 71 0
1413086400 65 0 74 0
1413079200 70 0 74 0
1413072000 68 0 72 0
1413064800 62 0 65 0
1413057600 61 0 65 0
1413050400 60 0 64 0
1413043200 62 0 66 0
1413036000 62 0 64 0
1413028800 57 0 62 0
1413021600 51 0 59 0
1413014400 58 0 59 0
1413007200 56 0 59 0
1413000000 55 0 58 0
1412992800 61 0 66 0
1412985600 64 0 64 0
1412978400 64 0 64 0
1412971200 64 0 64 0
1412964000 64 0 64 0
1412956800 64 0 68 0
1412949600 68 0 70 0
1412942400 66 0 69 0
1412935200 69 0 71 0
1412928000 71 0 72 0
1412920800 70 0 72 0
1412913600 67 0 69 0
1412906400 58 0 60 0
1412899200 60 0 63 0
1412892000 62 0 62 0
1412884800 66 0 68 0
1412877600 68 0 70 0
1412870400 69 0 75 0
1412863200 73 0 75 0
1412856000 69 0 73 0
1412848800 70 0 72 0
1412841600 69 0 69 0
1412834400 67 0 69 0
1412827200 66 0 67 0
1412820000 64 0 67 0
1412812800 66 0 67 0
1412805600 66 0 66 0
1412798400 65 0 66 0
1412791200 66 0 74 0
1412784000 72 0 78 0
1412776800 74 0 78 0
1412769600 67 0 71 0
1412762400 65 0 66 0
1412755200 65 0 66 0
1412748000 64 0 67 0
1412740800 66 0 68 0
1412733600 60 0 66 0
1412726400 61 0 66 0
1412719200 62 0 65 0
1412712000 62 0 68 0
1412704800 67 0 74 0
1412697600 72 0 75 0
1412690400 71 0 73 0
1412683200 70 0 72 0
1412676000 69 0 72 0
1412668800 69 0 72 0
1412661600 71 0 72 0
1412654400 69 0 71 0
1412647200 69 0 70 0
1412640000 64 0 67 0
1412632800 61 0 63 0
1412625600 63 0 64 0
1412618400 65 0 70 0
1412611200 70 0 77 0
1412604000 76 0 77 0
1412596800 71 0 75 0
1412589600 70 0 72 0
1412582400 72 0 72 0
1412575200 68 0 72 0
1412568000 61 0 68 0
1412560800 56 0 60 0
1412553600 49 0 54 0
1412546400 45 0 46 0
1412539200 46 0 49 0
1412532000 51 0 56 0
1412524800 60 0 67 0
1412517600 64 0 67 0
1412510400 57 0 64 0
1412503200 48 0 50 0
1412496000 44 0 48 0
1412488800 17 0 43 0
1412481600 0 0 0 0
1412474400 0 0 0 0
1412467200 0 0 0 0
1412460000 0 0 0 0
1412452800 0 0 0 0
1412445600 0 0 0 0
1412438400 0 0 0 0
1412431200 0 0 0 0
1412424000 0 0 0 0
1412416800 40 0 57 0
1412409600 49 0 51 0
1412402400 45 0 49 0
1412395200 40 0 44 0
1412388000 38 0 40 0
1412380800 39 0 40 0
1412373600 37 0 38 0
1412366400 38 0 38 0
1412359200 41 0 48 0
1412352000 47 0 49 0
1412344800 48 0 49 0
1412337600 46 0 48 0
1412330400 42 0 45 0
1412323200 38 0 41 0
1412316000 31 0 38 0
1412308800 0 0 0 0
1412301600 0 0 0 0
1412294400 0 0 0 0
1412287200 0 0 0 0
1412280000 0 0 0 0
1412272800 17 0 71 0
1412265600 70 0 72 0
1412258400 68 0 69 0
1412251200 67 0 69 0
1412244000 65 0 67 0
1412236800 62 0 64 0
1412229600 62 0 64 0
1412222400 58 0 62 0
1412215200 42 0 46 0
1412208000 41 0 43 0
1412200800 39 0 39 0
1412193600 41 0 45 0
1412186400 50 0 63 0
1412179200 62 0 65 0
1412172000 62 0 65 0
1412164800 61 0 62 0
1412157600 58 0 60 0
1412150400 57 0 60 0
1412143200 57 0 59 0
1412136000 54 0 58 0
1412128800 45 0 52 0
1412121600 46 0 57 0
1412114400 55 0 57 0
1412107200 57 0 58 0
1412100000 61 0 68 0
1412092800 69 0 72 0
1412085600 69 0 72 0
1412078400 63 0 71 0
1412071200 62 0 68 0
1412064000 67 0 68 0
1412056800 64 0 68 0
1412049600 56 0 61 0
1412042400 60 0 67 0
1412035200 65 0 68 0
1412028000 65 0 65 0
1412020800 65 0 65 0
1412013600 64 0 66 0
1412006400 67 0 71 0
1411999200 69 0 71 0
1411992000 61 0 65 0
1411984800 59 0 59 0
1411977600 58 0 60 0
1411970400 59 0 59 0
1411963200 59 0 60 0
1411956000 60 0 62 0
1411948800 62 0 65 0
1411941600 62 0 64 0
1411934400 64 0 64 0
1411927200 62 0 64 0
1411920000 62 0 66 0
1411912800 68 0 72 0
1411905600 65 0 68 0
1411898400 68 0 69 0
1411891200 68 0 68 0
1411884000 68 0 68 0
1411876800 63 0 68 0
1411869600 60 0 66 0
1411862400 61 0 66 0
1411855200 64 0 66 0
1411848000 65 0 66 0
1411840800 66 0 66 0
1411833600 66 0 70 0
1411826400 70 0 72 0
1411819200 70 0 72 0
1411812000 70 0 70 0
1411804800 68 0 70 0
1411797600 69 0 70 0
1411790400 69 0 69 0
1411783200 68 0 69 0
1411776000 66 0 68 0
1411768800 65 0 70 0
1411761600 70 0 70 0
1411754400 70 0 72 0
1411747200 71 0 76 0
1411740000 74 0 76 0
1411732800 70 0 71 0
1411725600 70 0 70 0
1411718400 69 0 70 0
1411711200 69 0 72 0
1411704000 71 0 71 0
1411696800 71 0 73 0
1411689600 70 0 73 0
1411682400 70 0 70 0
1411675200 70 0 70 0
1411668000 70 0 72 0
1411660800 71 0 73 0
1411653600 69 0 73 0
1411646400 66 0 69 0
1411639200 67 0 67 0
1411632000 67 0 67 0
1411624800 64 0 68 0
1411617600 61 0 62 0
1411610400 60 0 66 0
1411603200 66 0 68 0
1411596000 68 0 68 0
1411588800 68 0 68 0
1411581600 68 0 68 0
1411574400 69 0 71 0
1411567200 69 0 72 0
1411560000 62 0 67 0
1411552800 62 0 67 0
1411545600 64 0 67 0
1411538400 64 0 66 0
1411531200 62 0 63 0
1411524000 61 0 63 0
1411516800 63 0 68 0
1411509600 68 0 68 0
1411502400 68 0 68 0
1411495200 67 0 69 0
1411488000 70 0 74 0
1411480800 71 0 74 0
1411473600 67 0 72 0
1411466400 60 0 61 0
1411459200 59 0 61 0
1411452000 54 0 60 0
1411444800 53 0 62 0
1411437600 59 0 62 0
1411430400 59 0 61 0
1411423200 59 0 61 0
1411416000 61 0 61 0
1411408800 61 0 62 0
1411401600 63 0 65 0
1411394400 65 0 71 0
1411387200 66 0 71 0
1411380000 62 0 65 0
1411372800 61 0 63 0
1411365600 63 0 64 0
1411358400 63 0 64 0
1411351200 64 0 71 0
1411344000 64 0 66 0
1411336800 64 0 64 0
1411329600 64 0 64 0
1411322400 64 0 65 0
1411315200 63 0 68 0
1411308000 63 0 68 0
1411300800 57 0 61 0
1411293600 56 0 58 0
1411286400 57 0 58 0
1411279200 59 0 61 0
1411272000 58 0 61 0
1411264800 58 0 59 0
1411257600 56 0 59 0
1411250400 53 0 53 0
1411243200 53 0 55 0
1411236000 56 0 62 0
1411228800 62 0 63 0
1411221600 63 0 66 0
1411214400 62 0 63 0
1411207200 63 0 64 0
1411200000 62 0 64 0
1411192800 61 0 62 0
1411185600 61 0 63 0
1411178400 57 0 60 0
1411171200 57 0 58 0
1411164000 57 0 57 0
1411156800 57 0 61 0
1411149600 60 0 61 0
1411142400 60 0 64 0
1411135200 63 0 66 0
1411128000 59 0 65 0
1411120800 56 0 59 0
1411113600 57 0 59 0
1411106400 57 0 57 0
1411099200 57 0 60 0
1411092000 58 0 61 0
1411084800 59 0 60 0
1411077600 60 0 60 0
1411070400 60 0 60 0
1411063200 62 0 66 0
1411056000 66 0 69 0
1411048800 66 0 69 0
1411041600 54 0 62 0
1411034400 50 0 51 0
1411027200 53 0 56 0
1411020000 56 0 58 0
1411012800 55 0 57 0
1411005600 51 0 54 0
1410998400 56 0 61 0
1410991200 61 0 61 0
1410984000 61 0 62 0
1410976800 62 0 64 0
1410969600 64 0 66 0
1410962400 56 0 65 0
1410955200 50 0 51 0
1410948000 51 0 51 0
1410940800 50 0 57 0
1410933600 54 0 57 0
1410926400 54 0 56 0
1410919200 51 0 53 0
1410912000 52 0 54 0
1410904800 53 0 53 0
1410897600 54 0 55 0
1410890400 53 0 55 0
1410883200 48 0 52 0
1410876000 52 0 55 0
1410868800 48 0 51 0
1410861600 49 0 50 0
1410854400 49 0 50 0
1410847200 50 0 51 0
1410840000 48 0 51 0
1410832800 48 0 48 0
1410825600 48 0 48 0
1410818400 47 0 48 0
1410811200 45 0 47 0
1410804000 46 0 55 0
1410796800 53 0 58 0
1410789600 53 0 55 0
1410782400 48 0 52 0
1410775200 45 0 46 0
1410768000 43 0 51 0
1410760800 50 0 51 0
1410753600 46 0 51 0
1410746400 44 0 45 0
1410739200 43 0 44 0
1410732000 43 0 43 0
1410724800 43 0 45 0
1410717600 44 0 46 0
1410710400 46 0 49 0
1410703200 48 0 48 0
1410696000 46 0 48 0
1410688800 45 0 46 0
1410681600 44 0 47 0
1410674400 46 0 47 0
1410667200 43 0 45 0
1410660000 40 0 41 0
1410652800 38 0 40 0
1410645600 38 0 38 0
1410638400 39 0 41 0
1410631200 41 0 44 0
1410624000 45 0 49 0
1410616800 47 0 50 0
1410609600 49 0 55 0
1410602400 55 0 56 0
1410595200 55 0 56 0
1410588000 55 0 56 0
1410580800 52 0 55 0
1410573600 51 0 53 0
1410566400 49 0 51 0
1410559200 49 0 49 0
1410552000 49 0 49 0
1410544800 49 0 51 0
1410537600 52 0 54 0
1410530400 52 0 54 0
1410523200 50 0 53 0
1410516000 43 0 45 0
1410508800 47 0 49 0
1410501600 48 0 49 0
1410494400 47 0 48 0
1410487200 48 0 50 0
1410480000 50 0 51 0
1410472800 51 0 51 0
1410465600 51 0 51 0
1410458400 51 0 54 0
1410451200 52 0 54 0
1410444000 50 0 51 0
1410436800 47 0 49 0
1410429600 48 0 50 0
1410422400 47 0 50 0
1410415200 48 0 50 0
1410408000 44 0 46 0
1410400800 46 0 53 0
1410393600 53 0 54 0
1410386400 54 0 56 0
1410379200 55 0 58 0
1410372000 57 0 59 0
1410364800 57 0 62 0
1410357600 50 0 52 0
1410350400 49 0 51 0
1410343200 50 0 53 0
1410336000 49 0 53 0
1410328800 49 0 52 0
1410321600 49 0 52 0
1410314400 51 0 55 0
1410307200 54 0 55 0
1410300000 54 0 54 0
1410292800 54 0 56 0
1410285600 54 0 56 0
1410278400 57 0 61 0
1410271200 51 0 54 0
1410264000 44 0 50 0
1410256800 42 0 45 0
1410249600 47 0 52 0
1410242400 52 0 56 0
1410235200 52 0 54 0
1410228000 45 0 49 0
1410220800 49 0 49 0
1410213600 47 0 49 0
1410206400 47 0 47 0
1410199200 44 0 53 0
1410192000 52 0 55 0
1410184800 53 0 54 0
1410177600 50 0 53 0
1410170400 51 0 53 0
1410163200 48 0 51 0
1410156000 46 0 49 0
1410148800 49 0 51 0
1410141600 45 0 50 0
1410134400 44 0 45 0
1410127200 45 0 47 0
1410120000 47 0 47 0
1410112800 44 0 47 0
1410105600 44 0 48 0
1410098400 52 0 58 0
1410091200 54 0 58 0
1410084000 49 0 56 0
1410076800 56 0 57 0
1410069600 45 0 57 0
1410062400 43 0 45 0
1410055200 45 0 45 0
1410048000 43 0 45 0
1410040800 42 0 43 0
1410033600 44 0 47 0
1410026400 44 0 46 0
1410019200 43 0 47 0
1410012000 45 0 45 0
1410004800 44 0 45 0
1409997600 44 0 45 0
1409990400 44 0 44 0
1409983200 43 0 44 0
1409976000 43 0 43 0
1409968800 43 0 43 0
1409961600 41 0 43 0
1409954400 40 0 41 0
1409947200 40 0 40 0
1409940000 39 0 41 0
1409932800 42 0 51 0
1409925600 41 0 42 0
1409918400 38 0 41 0
1409911200 37 0 39 0
1409904000 39 0 40 0
1409896800 39 0 41 0
1409889600 38 0 41 0
1409882400 44 0 48 0
1409875200 48 0 49 0
1409868000 49 0 49 0
1409860800 48 0 49 0
1409853600 48 0 49 0
1409846400 44 0 48 0
1409839200 44 0 44 0
1409832000 44 0 45 0
1409824800 45 0 45 0
1409817600 43 0 45 0
1409810400 38 0 39 0
1409803200 37 0 39 0
1409796000 38 0 41 0
1409788800 41 0 41 0
1409781600 41 0 41 0
1409774400 41 0 41 0
1409767200 42 0 44 0
1409760000 42 0 45 0
1409752800 42 0 47 0
1409745600 32 0 39 0
1409738400 28 0 38 0
1409731200 38 0 38 0
1409724000 38 0 38 0
1409716800 37 0 38 0
1409709600 32 0 35 0
1409702400 33 0 33 0
1409695200 33 0 33 0
1409688000 33 0 33 0
1409680800 43 0 52 0
1409616000 51 0 63 0
1409529600 44 0 64 0
1409443200 58 0 65 0
1409356800 62 0 67 0
1409270400 53 0 64 0
1409184000 50 0 56 0
1409097600 41 0 47 0
1409011200 45 0 57 0
1408924800 43 0 67 0
1408838400 60 0 66 0
1408752000 46 0 63 0
1408665600 42 0 49 0
1408579200 56 0 62 0
1408492800 52 0 62 0
1408406400 43 0 61 0
1408320000 38 0 50 0
1408233600 42 0 61 0
1408147200 46 0 55 0
1408060800 45 0 60 0
1407974400 43 0 62 0
1407888000 38 0 52 0
1407801600 33 0 45 0
1407715200 56 0 64 0
1407628800 55 0 64 0
1407542400 43 0 48 0
1407456000 43 0 52 0
1407369600 43 0 57 0
1407283200 46 0 57 0
1407196800 40 0 54 0
1407110400 23 0 35 0
1407024000 37 0 52 0
1406937600 47 0 56 0
1406851200 47 0 56 0
1406764800 36 0 41 0
1406678400 36 0 43 0
1406592000 31 0 40 0
1406505600 39 0 46 0
1406419200 41 0 51 0
1406332800 30 0 42 0
1406246400 36 0 44 0
1406160000 29 0 37 0
1406073600 18 0 31 0
1405987200 25 0 33 0
1405900800 21 0 31 0
1405814400 21 0 25 0
1405728000 10 0 18 0
1405641600 8 0 15 0
1405555200 9 0 22 0
1405468800 19 0 23 0
1405382400 13 0 21 0
1405296000 14 0 22 0
1405209600 4 0 22 0
1405123200 0 0 0 0
1405036800 0 0 0 0
1404950400 0 0 0 0
1404864000 0 0 0 0
1404777600 0 0 0 0
1404691200 0 0 0 0
1404604800 0 0 0 0
1404518400 0 0 0 0
1404432000 0 0 0 0
1404345600 0 0 0 0
1404259200 0 0 0 0
1404172800 0 0 0 0
1404086400 0 0 0 0
1404000000 0 0 0 0
1403913600 0 0 0 0
1403827200 0 0 0 0
1403740800 0 0 0 0
1403654400 0 0 0 0
1403568000 0 0 0 0
1403481600 0 0 0 0
1403395200 0 0 0 0
1403308800 0 0 0 0
1403222400 0 0 0 0
1403136000 0 0 0 0
1403049600 0 0 0 0
1402963200 0 0 0 0
1402876800 0 0 0 0
1402790400 0 0 0 0
1402704000 0 0 0 0
1402617600 0 0 0 0
1402531200 0 0 0 0
1402444800 0 0 0 0
1402358400 0 0 0 0
1402272000 0 0 0 0
1402185600 0 0 0 0
1402099200 0 0 0 0
1402012800 0 0 0 0
1401926400 0 0 0 0
1401840000 0 0 0 0
1401753600 0 0 0 0
1401667200 0 0 0 0
1401580800 0 0 0 0
1401494400 0 0 0 0
1401408000 0 0 0 0
1401321600 0 0 0 0
1401235200 0 0 0 0
1401148800 0 0 0 0
1401062400 0 0 0 0
1400976000 0 0 0 0
1400889600 0 0 0 0
1400803200 0 0 0 0
1400716800 0 0 0 0
1400630400 0 0 0 0
1400544000 0 0 0 0
1400457600 0 0 0 0
1400371200 0 0 0 0
1400284800 0 0 0 0
1400198400 0 0 0 0
1400112000 0 0 0 0
1400025600 0 0 0 0
1399939200 0 0 0 0
1399852800 0 0 0 0
1399766400 0 0 0 0
1399680000 0 0 0 0
1399593600 0 0 0 0
1399507200 0 0 0 0
1399420800 0 0 0 0
1399334400 0 0 0 0
1399248000 0 0 0 0
1399161600 0 0 0 0
1399075200 0 0 0 0
1398988800 0 0 0 0
1398902400 0 0 0 0
1398816000 0 0 0 0
1398729600 0 0 0 0
1398643200 0 0 0 0
1398556800 0 0 0 0
1398470400 0 0 0 0
1398384000 0 0 0 0
1398297600 0 0 0 0
1398211200 0 0 0 0
1398124800 0 0 0 0
1398038400 0 0 0 0
1397952000 0 0 0 0
1397865600 0 0 0 0
1397779200 0 0 0 0
1397692800 0 0 0 0
1397606400 0 0 0 0
1397520000 15 0 34 0
1397433600 27 0 38 0
1397347200 33 0 41 0
1397260800 31 0 41 0
1397174400 23 0 42 0
1397088000 21 0 33 0
1397001600 22 0 36 0
1396915200 20 0 32 0
1396828800 11 0 17 0
1396742400 15 0 31 0
1396656000 29 0 33 0
1396569600 26 0 33 0
1396483200 26 0 35 0
1396396800 32 0 40 0
1396310400 33 0 37 0
1396224000 29 0 38 0
1396137600 29 0 38 0
1396051200 28 0 41 0
1395964800 28 0 40 0
1395878400 28 0 34 0
1395792000 12 0 31 0
1395705600 8 0 16 0
1395619200 9 0 16 0
1395532800 0 0 0 0
1395446400 0 0 0 0
1395360000 0 0 0 0
1395273600 0 0 0 0
1395187200 0 0 0 0
1395100800 0 0 0 0
1395014400 0 0 0 0
1394928000 0 0 0 0
1394841600 0 0 0 0
1394755200 0 0 0 0
1394668800 0 0 0 0
1394582400 1 0 34 0
1394496000 31 0 41 0
1394409600 29 0 36 0
1394323200 25 0 33 0
1394236800 24 0 29 0
1394150400 27 0 33 0
1394064000 26 0 34 0
1393977600 28 0 34 0
1393891200 26 0 34 0
1393804800 25 0 36 0
1393718400 17 0 23 0
1393632000 17 0 22 0
1393545600 19 0 27 0
1393459200 21 0 28 0
1393372800 20 0 28 0
1393286400 17 0 23 0
1393200000 21 0 27 0
1393113600 19 0 28 0
1393027200 17 0 25 0
1392940800 18 0 28 0
1392854400 22 0 30 0
1392768000 22 0 29 0
1392681600 19 0 29 0
1392595200 21 0 28 0
1392508800 19 0 28 0
1392422400 19 0 25 0
1392336000 15 0 25 0
1392249600 18 0 30 0
1392163200 20 0 28 0
1392076800 22 0 29 0
1391990400 17 0 30 0
1391904000 12 0 20 0
1391817600 12 0 18 0
1391731200 14 0 20 0
1391644800 11 0 18 0
1391558400 5 0 14 0
1391472000 0 0 8 0
1391385600 0 0 7 0
1391299200 1 0 9 0
1391212800 0 0 8 0
1391126400 0 0 15 0
1391040000 15 0 28 0
1390953600 24 0 29 0
1390867200 26 0 32 0
1390780800 26 0 30 0
1390694400 25 0 32 0
1390608000 22 0 33 0
1390521600 20 0 33 0
1390435200 26 0 34 0
1390348800 21 0 32 0
1390262400 19 0 26 0
1390176000 17 0 28 0
1390089600 14 0 24 0
1390003200 23 0 30 0
1389916800 20 0 34 0
1389830400 25 0 32 0
1389744000 28 0 35 0
1389657600 21 0 34 0
1389571200 23 0 34 0
1389484800 24 0 29 0
1389398400 20 0 28 0
1389312000 27 0 35 0
1389225600 25 0 38 0
1389139200 24 0 35 0
1389052800 21 0 26 0
1388966400 25 0 31 0
1388880000 25 0 32 0
1388793600 24 0 34 0
1388707200 21 0 30 0
1388620800 27 0 33 0
1388534400 30 0 32 0
1388448000 28 0 33 0
1388361600 29 0 36 0
1388275200 29 0 39 0
1388188800 22 0 45 0
1388102400 9 0 9 0
1388016000 9 0 9 0
1387929600 9 0 9 0
1387843200 9 0 9 0
1387756800 9 0 9 0
1387670400 9 0 9 0
1387584000 9 0 9 0
1387497600 9 0 9 0
1387411200 9 0 9 0
1387324800 9 0 9 0
1387238400 9 0 9 0
1387152000 9 0 9 0
1387065600 9 0 9 0
1386979200 9 0 9 0
1386892800 9 0 9 0
1386806400 9 0 9 0
1386720000 9 0 9 0
1386633600 9 0 9 0
1386547200 9 0 9 0
1386460800 9 0 9 0
1386374400 9 0 9 0
1386288000 9 0 9 0
1386201600 9 0 9 0
1386115200 9 0 9 0
1386028800 9 0 9 0
1385942400 9 0 9 0
1385856000 9 0 9 0
1385769600 9 0 9 0
1385683200 9 0 9 0
1385596800 9 0 9 0
1385510400 9 0 9 0
1385424000 9 0 9 0
1385337600 9 0 9 0
1385251200 9 0 9 0
1385164800 9 0 9 0
1385078400 9 0 9 0
1384992000 9 0 9 0
1384905600 9 0 9 0
1384819200 9 0 9 0
1384732800 9 0 9 0
1384646400 9 0 9 0
1384560000 9 0 9 0
1384473600 9 0 9 0
1384387200 9 0 9 0
1384300800 9 0 9 0
1384214400 9 0 9 0
1384128000 9 0 9 0
1384041600 9 0 9 0
1383955200 9 0 9 0
1383868800 9 0 9 0
1383782400 9 0 9 0
1383696000 9 0 9 0
1383609600 9 0 9 0
1383523200 9 0 9 0
1383436800 9 0 9 0
1383350400 9 0 9 0
1383264000 9 0 9 0
1383177600 9 0 9 0
1383091200 9 0 9 0
1383004800 9 0 9 0
1382918400 9 0 9 0
1382832000 9 0 9 0
1382745600 9 0 9 0
1382659200 9 0 9 0
1382572800 9 0 9 0
1382486400 9 0 9 0
1382400000 9 0 9 0
1382313600 9 0 9 0
1382227200 9 0 9 0
1382140800 9 0 9 0
1382054400 9 0 9 0
1381968000 9 0 9 0
1381881600 9 0 9 0
1381795200 9 0 9 0
1381708800 9 0 9 0
1381622400 9 0 9 0
1381536000 9 0 9 0
1381449600 9 0 9 0
1381363200 9 0 9 0
1381276800 9 0 9 0
1381190400 9 0 9 0
1381104000 9 0 9 0
1381017600 9 0 9 0
1380931200 9 0 9 0
1380844800 9 0 9 0
1380758400 9 0 9 0
1380672000 9 0 9 0
1380585600 9 0 9 0
1380499200 9 0 9 0
1380412800 9 0 9 0
1380326400 9 0 9 0
1380240000 9 0 9 0
1380153600 9 0 9 0
1380067200 9 0 9 0
1379980800 9 0 9 0
1379894400 9 0 9 0
1379808000 9 0 9 0
1379721600 9 0 9 0
1379635200 9 0 9 0
1379548800 9 0 9 0
1379462400 9 0 9 0
1379376000 9 0 9 0
1379289600 9 0 9 0
1379203200 9 0 9 0
1379116800 9 0 9 0
1379030400 9 0 9 0
1378944000 9 0 9 0
1378857600 9 0 9 0
1378771200 9 0 9 0
1378684800 9 0 9 0
1378598400 9 0 9 0
1378512000 9 0 9 0
1378425600 9 0 9 0
1378339200 9 0 9 0
1378252800 9 0 9 0
1378166400 9 0 9 0
1378080000 9 0 9 0
1377993600 9 0 9 0
1377907200 9 0 9 0
1377820800 9 0 9 0
1377734400 9 0 9 0
1377648000 9 0 9 0
1377561600 9 0 9 0
1377475200 9 0 9 0
1377388800 9 0 9 0
1377302400 9 0 9 0
1377216000 9 0 9 0
1377129600 9 0 9 0
1377043200 9 0 9 0
1376956800 9 0 9 0
1376870400 9 0 9 0
1376784000 9 0 9 0
1376697600 9 0 9 0
1376611200 9 0 9 0
1376524800 9 0 9 0
1376438400 9 0 9 0
1376352000 9 0 9 0
1376265600 9 0 9 0
1376179200 9 0 9 0
1376092800 9 0 9 0
1376006400 9 0 9 0
1375920000 9 0 9 0
1375833600 9 0 9 0
1375747200 9 0 9 0
1375660800 9 0 9 0
1375574400 9 0 9 0
1375488000 9 0 9 0
1375401600 9 0 9 0
1375315200 9 0 9 0
1375228800 9 0 9 0
1375142400 9 0 9 0
1375056000 9 0 9 0
1374969600 9 0 9 0
1374883200 9 0 9 0
1374796800 9 0 9 0
1374710400 9 0 9 0
1374624000 9 0 9 0
1374537600 9 0 9 0
1374451200 9 0 9 0
1374364800 9 0 9 0
1374278400 9 0 9 0
1374192000 9 0 9 0
1374105600 9 0 9 0
1374019200 9 0 9 0
1373932800 9 0 9 0
1373846400 9 0 9 0
1373760000 9 0 9 0
1373673600 9 0 9 0
1373587200 9 0 9 0
1373500800 9 0 9 0
1373414400 9 0 9 0
1373328000 9 0 9 0
1373241600 9 0 9 0
1373155200 9 0 9 0
1373068800 9 0 9 0
1372982400 9 0 9 0
1372896000 9 0 9 0
1372809600 9 0 9 0
1372723200 9 0 9 0
1372636800 9 0 9 0
1372550400 9 0 9 0
1372464000 9 0 9 0
1372377600 9 0 9 0
1372291200 9 0 9 0
1372204800 9 0 9 0
1372118400 9 0 9 0
1372032000 9 0 9 0
1371945600 9 0 9 0
1371859200 9 0 9 0
1371772800 9 0 9 0
1371686400 9 0 9 0
1371600000 9 0 9 0
1371513600 9 0 9 0
1371427200 9 0 9 0
1371340800 9 0 9 0
1371254400 9 0 9 0
1371168000 9 0 9 0
1371081600 9 0 9 0
1370995200 9 0 9 0
1370908800 9 0 9 0
1370822400 9 0 9 0
1370736000 9 0 9 0
1370649600 9 0 9 0
1370563200 9 0 9 0
1370476800 9 0 9 0
1370390400 9 0 9 0
1370304000 9 0 9 0
1370217600 9 0 9 0
1370131200 9 0 9 0
1370044800 9 0 9 0
1369958400 9 0 9 0
1369872000 9 0 9 0
1369785600 9 0 9 0
1369699200 9 0 9 0
1369612800 9 0 9 0
1369526400 9 0 9 0
1369440000 9 0 9 0
1369353600 9 0 9 0
1369267200 9 0 9 0
1369180800 9 0 9 0
1369094400 9 0 9 0
1369008000 9 0 9 0
1368921600 9 0 9 0
1368835200 9 0 9 0
1368748800 9 0 9 0
1368662400 9 0 9 0
1368576000 9 0 9 0
1368489600 9 0 9 0
1368403200 9 0 9 0
1368316800 9 0 9 0
1368230400 9 0 9 0
1368144000 9 0 9 0
1368057600 9 0 9 0
1367971200 9 0 9 0
1367884800 9 0 9 0
1367798400 9 0 9 0
1367712000 9 0 9 0
1367625600 9 0 9 0
1367539200 9 0 9 0
1367452800 9 0 9 0
1367366400 9 0 9 0
1367280000 9 0 9 0
1367193600 9 0 9 0
1367107200 9 0 9 0
1367020800 9 0 9 0
1366934400 9 0 9 0
1366848000 9 0 9 0
1366761600 9 0 9 0
1366675200 9 0 9 0
1366588800 9 0 9 0
1366502400 9 0 9 0
1366416000 9 0 9 0
1366329600 9 0 9 0
1366243200 9 0 9 0
1366156800 9 0 9 0
1366070400 9 0 9 0
1365984000 9 0 9 0
1365897600 9 0 9 0
1365811200 9 0 9 0
1365724800 9 0 9 0
1365638400 9 0 9 0
1365552000 9 0 9 0
1365465600 9 0 9 0
1365379200 9 0 9 0
1365292800 9 0 9 0
1365206400 9 0 9 0
1365120000 9 0 9 0
1365033600 9 0 9 0
1364947200 9 0 9 0
1364860800 9 0 9 0
1364774400 9 0 9 0
1364688000 9 0 9 0
1364601600 9 0 9 0
1364515200 9 0 9 0
1364428800 9 0 9 0
1364342400 9 0 9 0
1364256000 9 0 9 0
1364169600 9 0 9 0
1364083200 9 0 9 0
1363996800 9 0 9 0
1363910400 9 0 9 0
1363824000 9 0 9 0
1363737600 9 0 9 0
1363651200 9 0 9 0
1363564800 9 0 9 0
1363478400 9 0 9 0
1363392000 9 0 9 0
1363305600 9 0 9 0
1363219200 9 0 9 0
1363132800 9 0 9 0
1363046400 9 0 9 0
1362960000 9 0 9 0
1362873600 9 0 9 0
1362787200 9 0 9 0
1362700800 9 0 9 0
1362614400 9 0 9 0
1362528000 9 0 9 0
1362441600 9 0 9 0
1362355200 9 0 9 0
1362268800 9 0 9 0
1362182400 9 0 9 0
1362096000 9 0 9 0
1362009600 9 0 9 0
1361923200 9 0 9 0
1361836800 9 0 9 0
1361750400 9 0 9 0
1361664000 9 0 9 0
1361577600 9 0 9 0
1361491200 9 0 9 0
1361404800 9 0 9 0
1361318400 9 0 9 0
1361232000 9 0 9 0
1361145600 9 0 9 0
1361059200 9 0 9 0
1360972800 9 0 9 0
1360886400 9 0 9 0
1360800000 9 0 9 0
1360713600 9 0 9 0
1360627200 9 0 9 0
1360540800 9 0 9 0
1360454400 9 0 9 0
1360368000 9 0 9 0
1360281600 9 0 9 0
1360195200 9 0 9 0
1360108800 9 0 9 0
1360022400 9 0 9 0
1359936000 9 0 9 0
1359849600 9 0 9 0
1359763200 9 0 9 0
1359676800 9 0 9 0
1359590400 9 0 9 0
1359504000 9 0 9 0
1359417600 9 0 9 0
1359331200 9 0 9 0
1359244800 9 0 9 0
1359158400 9 0 9 0
1359072000 9 0 9 0
1358985600 9 0 9 0
1358899200 9 0 9 0
1358812800 9 0 9 0
1358726400 9 0 9 0
1358640000 9 0 9 0
1358553600 9 0 9 0
1358467200 9 0 9 0
1358380800 9 0 9 0
1358294400 9 0 9 0
1358208000 9 0 9 0
1358121600 9 0 9 0
1358035200 9 0 9 0
1357948800 9 0 9 0
1357862400 9 0 9 0
1357776000 9 0 9 0
1357689600 9 0 9 0
1357603200 9 0 9 0
1357516800 9 0 9 0
1357430400 9 0 9 0
1357344000 9 0 9 0
1357257600 9 0 9 0
1357171200 9 0 9 0
1357084800 9 0 9 0
1356998400 9 0 9 0
1356912000 9 0 9 0
1356825600 9 0 9 0
1356739200 9 0 9 0
1356652800 9 0 9 0
1356566400 9 0 9 0
1356480000 9 0 9 0
1356393600 9 0 9 0
1356307200 9 0 9 0
1356220800 9 0 9 0
1356134400 9 0 9 0
1356048000 9 0 9 0
1355961600 9 0 9 0
1355875200 9 0 9 0
1355788800 9 0 9 0
1355702400 9 0 9 0
1355616000 9 0 9 0
1355529600 9 0 9 0
1355443200 9 0 9 0
1355356800 9 0 9 0
1355270400 9 0 9 0
1355184000 9 0 9 0
1355097600 9 0 9 0
1355011200 9 0 9 0
1354924800 9 0 9 0
1354838400 9 0 9 0
1354752000 9 0 9 0
1354665600 9 0 9 0
1354579200 9 0 9 0
1354492800 9 0 9 0
1354406400 9 0 9 0
1354320000 9 0 9 0
1354233600 9 0 9 0
1354147200 9 0 9 0
1354060800 9 0 9 0
1353974400 9 0 9 0
1353888000 9 0 9 0
1353801600 9 0 9 0
1353715200 9 0 9 0
1353628800 9 0 9 0
1353542400 9 0 9 0
1353456000 9 0 9 0
1353369600 9 0 9 0
1353283200 9 0 9 0
1353196800 9 0 9 0
1353110400 9 0 9 0
1353024000 9 0 9 0
1352937600 9 0 9 0
1352851200 9 0 9 0
1352764800 9 0 9 0
1352678400 9 0 9 0
1352592000 9 0 9 0
1352505600 9 0 9 0
1352419200 9 0 9 0
1352332800 9 0 9 0
1352246400 9 0 9 0
1352160000 9 0 9 0
1352073600 9 0 9 0
1351987200 9 0 9 0
1351900800 9 0 9 0
1351814400 9 0 9 0
1351728000 9 0 9 0
1351641600 9 0 9 0
1351555200 9 0 9 0
1351468800 8 0 14 0
1351382400 9 0 16 0
1351296000 3 0 13 0
1351209600 0 0 0 0
1351123200 0 0 0 0
1351036800 0 0 0 0
1350950400 0 0 0 0
1350864000 0 0 0 0
1350777600 0 0 0 0
1350691200 0 0 0 0
1350604800 0 0 0 0
1350518400 0 0 0 0
1350432000 0 0 0 0
1350345600 0 0 0 0
1350259200 0 0 0 0
1350172800 0 0 0 0
1350086400 0 0 0 0
1350000000 0 0 0 0
1349913600 0 0 0 0
1349827200 0 0 0 0
1349740800 0 0 0 0
1349654400 0 0 0 0
1349568000 0 0 0 0
1349481600 0 0 0 0
1349395200 0 0 0 0
1349308800 0 0 0 0
1349222400 0 0 0 0
1349136000 0 0 0 0
1349049600 0 0 0 0
1348963200 0 0 0 0
1348876800 0 0 0 0
1348790400 0 0 0 0
1348704000 0 0 0 0
1348617600 0 0 0 0
1348531200 0 0 0 0
1348444800 0 0 0 0
1348358400 0 0 0 0
1348272000 0 0 0 0
1348185600 0 0 0 0
1348099200 0 0 0 0
1348012800 0 0 0 0
1347926400 0 0 0 0
1347840000 0 0 0 0
1347753600 0 0 0 0
1347667200 0 0 0 0
1347580800 0 0 0 0
1347494400 0 0 0 0
1347408000 0 0 0 0
1347321600 0 0 0 0
1347235200 0 0 0 0
1347148800 0 0 0 0
1347062400 0 0 0 0
1346976000 0 0 0 0
1346889600 0 0 0 0
1346803200 0 0 0 0
1346716800 0 0 0 0
1346630400 0 0 0 0
1346544000 0 0 0 0
1346457600 0 0 0 0
