2003.06.15 10:30 B F:\user\f\fairy.o <-- www.vmud.com /lonely/mudlib/data/user/f fairy.o
2003.06.15 10:30 B F:\user\f\fakljfl.o <-- www.vmud.com /lonely/mudlib/data/user/f fakljfl.o
2003.06.15 10:30 B F:\user\f\fallstar.o <-- www.vmud.com /lonely/mudlib/data/user/f fallstar.o
2003.06.15 10:30 B F:\user\f\fans.o <-- www.vmud.com /lonely/mudlib/data/user/f fans.o
2003.06.15 10:30 B F:\user\f\fashion.o <-- www.vmud.com /lonely/mudlib/data/user/f fashion.o
2003.06.15 10:30 B F:\user\f\fcnb.o <-- www.vmud.com /lonely/mudlib/data/user/f fcnb.o
2003.06.15 10:30 B F:\user\f\fdfd.o <-- www.vmud.com /lonely/mudlib/data/user/f fdfd.o
2003.06.15 10:30 B F:\user\f\fdhgngf.o <-- www.vmud.com /lonely/mudlib/data/user/f fdhgngf.o
2003.06.15 10:30 B F:\user\f\feather.o <-- www.vmud.com /lonely/mudlib/data/user/f feather.o
2003.06.15 10:30 B F:\user\f\fedex.o <-- www.vmud.com /lonely/mudlib/data/user/f fedex.o
2003.06.15 10:30 B F:\user\f\fei.o <-- www.vmud.com /lonely/mudlib/data/user/f fei.o
2003.06.15 10:30 B F:\user\f\feichui.o <-- www.vmud.com /lonely/mudlib/data/user/f feichui.o
2003.06.15 10:30 B F:\user\f\feihong.o <-- www.vmud.com /lonely/mudlib/data/user/f feihong.o
2003.06.15 10:30 B F:\user\f\feilong.o <-- www.vmud.com /lonely/mudlib/data/user/f feilong.o
2003.06.15 10:30 B F:\user\f\feisha.o <-- www.vmud.com /lonely/mudlib/data/user/f feisha.o
2003.06.15 10:30 B F:\user\f\feixue.o <-- www.vmud.com /lonely/mudlib/data/user/f feixue.o
2003.06.15 10:30 B F:\user\f\feng.o <-- www.vmud.com /lonely/mudlib/data/user/f feng.o
2003.06.15 10:30 B F:\user\f\fenger.o <-- www.vmud.com /lonely/mudlib/data/user/f fenger.o
2003.06.15 10:30 B F:\user\f\fenghuang.o <-- www.vmud.com /lonely/mudlib/data/user/f fenghuang.o
2003.06.15 10:30 B F:\user\f\fengz.o <-- www.vmud.com /lonely/mudlib/data/user/f fengz.o
2003.06.15 10:30 B F:\user\f\fengzi.o <-- www.vmud.com /lonely/mudlib/data/user/f fengzi.o
2003.06.15 10:30 B F:\user\f\fenlang.o <-- www.vmud.com /lonely/mudlib/data/user/f fenlang.o
2003.06.15 10:30 B F:\user\f\fenrir.o <-- www.vmud.com /lonely/mudlib/data/user/f fenrir.o
2003.06.15 10:30 B F:\user\f\ffc.o <-- www.vmud.com /lonely/mudlib/data/user/f ffc.o
2003.06.15 10:30 B F:\user\f\ffjj.o <-- www.vmud.com /lonely/mudlib/data/user/f ffjj.o
2003.06.15 10:30 B F:\user\f\fgtyu.o <-- www.vmud.com /lonely/mudlib/data/user/f fgtyu.o
2003.06.15 10:30 B F:\user\f\fiend.o <-- www.vmud.com /lonely/mudlib/data/user/f fiend.o
2003.06.15 10:30 B F:\user\f\fiery.o <-- www.vmud.com /lonely/mudlib/data/user/f fiery.o
2003.06.15 10:30 B F:\user\f\fifily.o <-- www.vmud.com /lonely/mudlib/data/user/f fifily.o
2003.06.15 10:30 B F:\user\f\fire.o <-- www.vmud.com /lonely/mudlib/data/user/f fire.o
2003.06.15 10:30 B F:\user\f\firefox.o <-- www.vmud.com /lonely/mudlib/data/user/f firefox.o
2003.06.15 10:30 B F:\user\f\firemen.o <-- www.vmud.com /lonely/mudlib/data/user/f firemen.o
2003.06.15 10:30 B F:\user\f\firemount.o <-- www.vmud.com /lonely/mudlib/data/user/f firemount.o
2003.06.15 10:30 B F:\user\f\fireo.o <-- www.vmud.com /lonely/mudlib/data/user/f fireo.o
2003.06.15 10:30 B F:\user\f\firerose.o <-- www.vmud.com /lonely/mudlib/data/user/f firerose.o
2003.06.15 10:30 B F:\user\f\firespirit.o <-- www.vmud.com /lonely/mudlib/data/user/f firespirit.o
2003.06.15 10:30 B F:\user\f\fireway.o <-- www.vmud.com /lonely/mudlib/data/user/f fireway.o
2003.06.15 10:30 B F:\user\f\firstdami.o <-- www.vmud.com /lonely/mudlib/data/user/f firstdami.o
2003.06.15 10:30 B F:\user\f\fjl.o <-- www.vmud.com /lonely/mudlib/data/user/f fjl.o
2003.06.15 10:30 B F:\user\f\fjxm.o <-- www.vmud.com /lonely/mudlib/data/user/f fjxm.o
2003.06.15 10:30 B F:\user\f\flame.o <-- www.vmud.com /lonely/mudlib/data/user/f flame.o
2003.06.15 10:30 B F:\user\f\flower.o <-- www.vmud.com /lonely/mudlib/data/user/f flower.o
2003.06.15 10:30 B F:\user\f\fly.o <-- www.vmud.com /lonely/mudlib/data/user/f fly.o
2003.06.15 10:30 B F:\user\f\folwodks.o <-- www.vmud.com /lonely/mudlib/data/user/f folwodks.o
2003.06.15 10:30 B F:\user\f\fong.o <-- www.vmud.com /lonely/mudlib/data/user/f fong.o
2003.06.15 10:30 B F:\user\f\foor.o <-- www.vmud.com /lonely/mudlib/data/user/f foor.o
2003.06.15 10:30 B F:\user\f\forever.o <-- www.vmud.com /lonely/mudlib/data/user/f forever.o
2003.06.15 10:30 B F:\user\f\fox.o <-- www.vmud.com /lonely/mudlib/data/user/f fox.o
2003.06.15 10:30 B F:\user\f\foxfly.o <-- www.vmud.com /lonely/mudlib/data/user/f foxfly.o
2003.06.15 10:30 B F:\user\f\foxx.o <-- www.vmud.com /lonely/mudlib/data/user/f foxx.o
2003.06.15 10:30 B F:\user\f\freefriend.o <-- www.vmud.com /lonely/mudlib/data/user/f freefriend.o
2003.06.15 10:30 B F:\user\f\fukada.o <-- www.vmud.com /lonely/mudlib/data/user/f fukada.o
2003.06.15 10:30 B F:\user\f\fun.o <-- www.vmud.com /lonely/mudlib/data/user/f fun.o
2003.06.15 10:30 B F:\user\f\furysoul.o <-- www.vmud.com /lonely/mudlib/data/user/f furysoul.o
2003.06.15 10:30 B F:\user\f\fuw.o <-- www.vmud.com /lonely/mudlib/data/user/f fuw.o
2003.06.15 10:30 B F:\user\f\fypx.o <-- www.vmud.com /lonely/mudlib/data/user/f fypx.o
2003.06.15 10:30 B F:\user\f\fyy.o <-- www.vmud.com /lonely/mudlib/data/user/f fyy.o
