99.03.14 13:48 B f:\mirror1\d\xingsu\biwuting.c --> www1.yn.cninfo.net /mudcctx/mudlib/d/xingsu biwuting.c
99.03.14 13:48 B f:\mirror1\d\xingsu\cangku.c --> www1.yn.cninfo.net /mudcctx/mudlib/d/xingsu cangku.c
99.03.14 13:48 B f:\mirror1\d\xingsu\chufang.c --> www1.yn.cninfo.net /mudcctx/mudlib/d/xingsu chufang.c
99.03.14 13:48 B f:\mirror1\d\xingsu\dating.c --> www1.yn.cninfo.net /mudcctx/mudlib/d/xingsu dating.c
99.03.14 13:48 B f:\mirror1\d\xingsu\e_changlang1.c --> www1.yn.cninfo.net /mudcctx/mudlib/d/xingsu e_changlang1.c
99.03.14 13:48 B f:\mirror1\d\xingsu\e_changlang2.c --> www1.yn.cninfo.net /mudcctx/mudlib/d/xingsu e_changlang2.c
99.03.14 13:48 B f:\mirror1\d\xingsu\e_changlang3.c --> www1.yn.cninfo.net /mudcctx/mudlib/d/xingsu e_changlang3.c
99.03.14 13:48 B f:\mirror1\d\xingsu\guangchang.c --> www1.yn.cninfo.net /mudcctx/mudlib/d/xingsu guangchang.c
99.03.14 13:48 B f:\mirror1\d\xingsu\houyuan.c --> www1.yn.cninfo.net /mudcctx/mudlib/d/xingsu houyuan.c
99.03.14 13:48 B f:\mirror1\d\xingsu\liangongfang.c --> www1.yn.cninfo.net /mudcctx/mudlib/d/xingsu liangongfang.c
99.03.14 13:48 B f:\mirror1\d\xingsu\lianwufang.c --> www1.yn.cninfo.net /mudcctx/mudlib/d/xingsu lianwufang.c
99.03.14 13:48 B f:\mirror1\d\xingsu\qianmen.c --> www1.yn.cninfo.net /mudcctx/mudlib/d/xingsu qianmen.c
99.03.14 13:48 B f:\mirror1\d\xingsu\road1.c --> www1.yn.cninfo.net /mudcctx/mudlib/d/xingsu road1.c
99.03.14 13:48 B f:\mirror1\d\xingsu\road2.c --> www1.yn.cninfo.net /mudcctx/mudlib/d/xingsu road2.c
99.03.14 13:48 B f:\mirror1\d\xingsu\road3.c --> www1.yn.cninfo.net /mudcctx/mudlib/d/xingsu road3.c
99.03.14 13:48 B f:\mirror1\d\xingsu\road4.c --> www1.yn.cninfo.net /mudcctx/mudlib/d/xingsu road4.c
99.03.14 13:48 B f:\mirror1\d\xingsu\road5.c --> www1.yn.cninfo.net /mudcctx/mudlib/d/xingsu road5.c
99.03.14 13:48 B f:\mirror1\d\xingsu\road6.c --> www1.yn.cninfo.net /mudcctx/mudlib/d/xingsu road6.c
99.03.14 13:48 B f:\mirror1\d\xingsu\road7.c --> www1.yn.cninfo.net /mudcctx/mudlib/d/xingsu road7.c
99.03.14 13:48 B f:\mirror1\d\xingsu\road8.c --> www1.yn.cninfo.net /mudcctx/mudlib/d/xingsu road8.c
99.03.14 13:48 B f:\mirror1\d\xingsu\road9.c --> www1.yn.cninfo.net /mudcctx/mudlib/d/xingsu road9.c
99.03.14 13:48 B f:\mirror1\d\xingsu\tianroad3.c --> www1.yn.cninfo.net /mudcctx/mudlib/d/xingsu tianroad3.c
99.03.14 13:48 B f:\mirror1\d\xingsu\w_changlang1.c --> www1.yn.cninfo.net /mudcctx/mudlib/d/xingsu w_changlang1.c
99.03.14 13:48 B f:\mirror1\d\xingsu\w_changlang2.c --> www1.yn.cninfo.net /mudcctx/mudlib/d/xingsu w_changlang2.c
99.03.14 13:48 B f:\mirror1\d\xingsu\w_changlang3.c --> www1.yn.cninfo.net /mudcctx/mudlib/d/xingsu w_changlang3.c
99.03.14 13:48 B f:\mirror1\d\xingsu\xiaoyao.c --> www1.yn.cninfo.net /mudcctx/mudlib/d/xingsu xiaoyao.c
99.03.14 13:48 B f:\mirror1\d\xingsu\xiuxishi.c --> www1.yn.cninfo.net /mudcctx/mudlib/d/xingsu xiuxishi.c
99.03.14 13:48 B f:\mirror1\d\xingsu\xxroad4.c --> www1.yn.cninfo.net /mudcctx/mudlib/d/xingsu xxroad4.c
99.03.14 13:48 B f:\mirror1\d\xingsu\xxroad5.c --> www1.yn.cninfo.net /mudcctx/mudlib/d/xingsu xxroad5.c
99.03.14 13:48 B f:\mirror1\d\xingsu\xxroad6.c --> www1.yn.cninfo.net /mudcctx/mudlib/d/xingsu xxroad6.c
99.03.14 13:48 B f:\mirror1\d\xingsu\zhengdian.c --> www1.yn.cninfo.net /mudcctx/mudlib/d/xingsu zhengdian.c
