
 截止 Sun Jul 12 20:13:25 2009 错误日志如下：
Can't find "mudos", ignoring old binaries.
Try invoking the driver using the full pathname.
System Error: init_addr_server: connect: 由于目标机器积极拒绝，无法连接。Loading preloaded files ...
Initializations complete.

Accepting connections on port 6666.[执行时段错误]: *Bad argument 1 to call_other()
Expected: string or array or object Got: 0.
[程式] d/newguai/tianguan/obj/ding2.c:107
[物件]: d/newguai/tianguan/obj/ding2#460607 ("[31m祝融[33m鼎[2;37;0m")
[回溯]:
check()                   d/newguai/tianguan/obj/ding2.c  107 行，物件： d/newguai/tianguan/obj/ding2#460607 ("[31m祝融[33m鼎[2;37;0m")[执行时段错误]: *Bad argument 1 to present()
Expected: string or object Got: 0.
[程式] d/qujing/bibotan/npc/longwang.c:63
[物件]: d/qujing/bibotan/npc/longwang#646608 ("万圣龙王")
[回溯]:
heart_beat()              std/char.c  90 行，物件： d/qujing/bibotan/npc/longwang#646608 ("万圣龙王")
die()                     d/qujing/bibotan/npc/longwang.c  63 行，物件： d/qujing/bibotan/npc/longwang#646608 ("万圣龙王")

Heart beat in d/qujing/bibotan/npc/longwang#646608 turned off.

[执行时段错误]: *Bad argument 1 to call_other()
Expected: string or array or object Got: 0.
[程式] d/newguai/tianguan/obj/ding2.c:107
[物件]: d/newguai/tianguan/obj/ding2#1135376 ("[31m祝融[33m鼎[2;37;0m")
[回溯]:
check()                   d/newguai/tianguan/obj/ding2.c  107 行，物件： d/newguai/tianguan/obj/ding2#1135376 ("[31m祝融[33m鼎[2;37;0m")[执行时段错误]: *Illegal to move or destruct an object defining actions from a verb function which returns zero.
[程式] std/char.c:266
[物件]: d/meishan/npc/fisher#38823 ("渔翁")
[回溯]:
heart_beat()              std/char.c  129 行，物件： d/meishan/npc/fisher#38823 ("渔翁")
chat()                    std/char/npc.c  139 行，物件： d/meishan/npc/fisher#38823 ("渔翁")
<function>()              (<function>)  0 行，物件： d/meishan/npc/fisher#38823 ("渔翁")
random_move()             std/char/npc.c  156 行，物件： d/meishan/npc/fisher#38823 ("渔翁")
command()                 std/char.c  266 行，物件： d/meishan/npc/fisher#38823 ("渔翁")

Heart beat in d/meishan/npc/fisher#38823 turned off.
[执行时段错误]: *Bad argument 1 to call_other()
Expected: string or array or object Got: 0.
[程式] d/newguai/tianguan/obj/ding2.c:107
[物件]: d/newguai/tianguan/obj/ding2#1947490 ("[31m祝融[33m鼎[2;37;0m")
[回溯]:
check()                   d/newguai/tianguan/obj/ding2.c  107 行，物件： d/newguai/tianguan/obj/ding2#1947490 ("[31m祝融[33m鼎[2;37;0m")
