
<---风云再起Ⅱ: MudOs v22pre11 (by wwj,Jan  1 1999) startup on Microsoft Windows NT at Fri Mar 12 21:29:45 2010

using config file: G:\fy\fy\config.FY2
Can't find "mudos", ignoring old binaries.
Try invoking the driver using the full pathname.
System Error: init_addr_server: gethostbyname: 请求的名称有效并且在数据库中找到，但是它没有相关的正确的数据来被解析。

]simul_efun loaded successfully.

Loading preloaded files ...
Initializations complete.

Accepting connections on port 5555.

执行时段错误：*restore_object(): Illegal file format.

程式：feature/save.c 第 19 行
物件: /obj/board/poem_b
呼叫来自：std/char.c 的 heart_beat() 第 100 行，物件： d/fy/npc/song#226 ("孤松先生")
呼叫来自：std/char/npc.c 的 chat() 第 105 行，物件： d/fy/npc/song#226 ("孤松先生")
呼叫来自：<function> 的 <function>() 第 0 行，物件： d/fy/npc/song#226 ("孤松先生")
呼叫来自：std/char/npc.c 的 random_move() 第 119 行，物件： d/fy/npc/song#226 ("孤松先生")
呼叫来自：feature/command.c 的 command_hook() 第 43 行，物件： d/fy/npc/song#226 ("孤松先生")
呼叫来自：cmds/std/go.c 的 main() 第 106 行，物件： cmds/std/go
呼叫来自：d/fy/poemp.c 的 create() 第 25 行，物件： d/fy/poemp
呼叫来自：obj/board/poem_b.c 的 create() 第 13 行，物件： obj/board/poem_b ("/obj/board/poem_b")
呼叫来自：std/bboard.c 的 setup() 第 17 行，物件： obj/board/poem_b ("/obj/board/poem_b")
呼叫来自：feature/save.c 的 restore() 第 19 行，物件： obj/board/poem_b ("/obj/board/poem_b")
Heart beat in d/fy/npc/song#226 turned off.

执行时段错误：*Bad argument 1 to environment()
Expected: object Got: 0.

程式：u/quicksand/quicksand8.c 第 36 行
物件: /u/quicksand/quicksand8
呼叫来自：u/quicksand/quicksand8.c 的 sinking() 第 36 行，物件： u/quicksand/quicksand8
Error in error handler: *Bad argument 1 to file_name()
Expected: object Got: 0.
program: /adm/obj/master.c, object: /adm/obj/master, file: /adm/obj/master.c:214
'  error_handler' in '    adm/obj/master.c' ('      adm/obj/master') /adm/obj/master.c:232
arguments were (([ /* sizeof() == 4 */
  "file" : "",
  "line" : 0,
  "trace" : ({ }),
  "error" : "*Illegal to move or destruct an object defining actions from a verb function which returns zero.
",
]),0)
' standard_trace' in '    adm/obj/master.c' ('      adm/obj/master') /adm/obj/master.c:214
arguments were (([ /* sizeof() == 4 */
  "file" : "",
  "line" : 0,
  "trace" : ({ }),
  "error" : "*Illegal to move or destruct an object defining actions from a verb function which returns zero.
",
]),0)
locals were: 0,0,""
Initializing internal tables....

<---风云再起Ⅱ: MudOs v22pre11 (by wwj,Jan  1 1999) startup on Microsoft Windows NT at Sat Mar 13 13:56:53 2010

Initializing internal tables....
using config file: G:\fy\fy\config.FY2
Bad mudlib directory: /fy/fy

<---风云再起Ⅱ: MudOs v22pre11 (by wwj,Jan  1 1999) shutdown at Sat Mar 13 13:56:54 2010




<---风云再起Ⅱ: MudOs v22pre11 (by wwj,Jan  1 1999) startup on Microsoft Windows NT at Sat Mar 13 14:01:28 2010

Initializing internal tables....
using config file: G:\fy\fy\config.FY2
Bad mudlib directory: /fy/fy

<---风云再起Ⅱ: MudOs v22pre11 (by wwj,Jan  1 1999) shutdown at Sat Mar 13 14:01:28 2010




<---风云再起Ⅱ: MudOs v22pre11 (by wwj,Jan  1 1999) startup on Microsoft Windows NT at Sat Mar 13 14:01:49 2010

using config file: G:\fy\fy\config.FY2
Can't find "mudos", ignoring old binaries.
Try invoking the driver using the full pathname.
System Error: init_addr_server: gethostbyname: 请求的名称有效并且在数据库中找到，但是它没有相关的正确的数据来被解析。

]simul_efun loaded successfully.

Loading preloaded files ...
Initializations complete.

Accepting connections on port 5555.
Initializing internal tables....

<---风云再起Ⅱ: MudOs v22pre11 (by wwj,Jan  1 1999) startup on Microsoft Windows NT at Mon Mar 29 21:54:28 2010

using config file: G:\fy\fy\config.FY2
Can't find "mudos", ignoring old binaries.
Try invoking the driver using the full pathname.
System Error: init_addr_server: gethostbyname: 请求的名称有效并且在数据库中找到，但是它没有相关的正确的数据来被解析。

]simul_efun loaded successfully.

Loading preloaded files ...
Initializations complete.

Accepting connections on port 5555.
Initializing internal tables....
