			 长安城



		       当铺		 北门     武馆             兵器坊
	          	|		   |       |                 |
     道路 --- 道路 --- 道路 --- 道路 --- 道路 --- 道路 --- 道路 --- 道路 --- 道路	
       |       |                 |         |                |                  |
       |      妓院              赌场       |               镖局                |
       |                                   |                                   |
     道路 -- 醉仙楼             钱庄 --- 道路                       铁铺 --- 道路 -- 小酒馆
       |                                   |                      (配钥匙)     |
       |                       丞相府      |      国子监                       |
       |                         |         |        |                          |
银楼-道路              道路 --- 道路 --- 道路 --- 道路 --- 道路     布庄 --- 道路
       |                 |                 |                |                  |
     道路-汇文阁 狱神庙-道路             金水桥    水下 ~~~ 道路 - 户部        道路-学馆 
       |                 |                 |        ~       |                  |
西门-道路 --- 道路 --- 道路              皇宫 ~~~ 水下     道路 --- 道路 --- 道路-东门
       |                 |                 |                |                  |
水果铺道路   京师衙门 - 道路             金水桥             道路-凌烟阁 杂货铺-道路
       |        |        |                 |                |                  |
       |    衙门大堂  道路 --- 道路 --- 道路 --- 道路 --- 道路               道路- 大药房
       |                         |         |       |                           |
      道路-- 工部              宝象寺      |     禁卫营 - 御马房      后院     |
       |      |                            |             (弼马辒)      |       |
家具店道路   工程队           连升客栈 --- 道路 --- 湖岸        侧殿---破庙---道路
       |                                   |        |                          |
       |     比武场                        |     小镜湖                        |
       |       |                           |        |                          |
     道路 --- 道路 --- 道路 --- 道路 --- 道路 --- 道路 --- 道路 --- 道路 --- 道路
                        |                  |                         |
                      裁缝铺             南门                      骡马市



w 永泰路
n 麒祥街
e 连德街
s 华瑞街
