2003.06.15 10:14 B F:\login\g\gaebolg.o <-- www.vmud.com /lonely/mudlib/data/login/g gaebolg.o
2003.06.15 10:14 B F:\login\g\gaga.o <-- www.vmud.com /lonely/mudlib/data/login/g gaga.o
2003.06.15 10:14 B F:\login\g\gaibang.o <-- www.vmud.com /lonely/mudlib/data/login/g gaibang.o
2003.06.15 10:14 B F:\login\g\gambit.o <-- www.vmud.com /lonely/mudlib/data/login/g gambit.o
2003.06.15 10:14 B F:\login\g\gangbj.o <-- www.vmud.com /lonely/mudlib/data/login/g gangbj.o
2003.06.15 10:14 B F:\login\g\gangpj.o <-- www.vmud.com /lonely/mudlib/data/login/g gangpj.o
2003.06.15 10:14 B F:\login\g\gaoshou.o <-- www.vmud.com /lonely/mudlib/data/login/g gaoshou.o
2003.06.15 10:14 B F:\login\g\gap.o <-- www.vmud.com /lonely/mudlib/data/login/g gap.o
2003.06.15 10:14 B F:\login\g\general.o <-- www.vmud.com /lonely/mudlib/data/login/g general.o
2003.06.15 10:14 B F:\login\g\ggiant.o <-- www.vmud.com /lonely/mudlib/data/login/g ggiant.o
2003.06.15 10:14 B F:\login\g\ggo.o <-- www.vmud.com /lonely/mudlib/data/login/g ggo.o
2003.06.15 10:15 B F:\login\g\ghost.o <-- www.vmud.com /lonely/mudlib/data/login/g ghost.o
2003.06.15 10:15 B F:\login\g\gift.o <-- www.vmud.com /lonely/mudlib/data/login/g gift.o
2003.06.15 10:15 B F:\login\g\giga.o <-- www.vmud.com /lonely/mudlib/data/login/g giga.o
2003.06.15 10:15 B F:\login\g\girl.o <-- www.vmud.com /lonely/mudlib/data/login/g girl.o
2003.06.15 10:15 B F:\login\g\gladiator.o <-- www.vmud.com /lonely/mudlib/data/login/g gladiator.o
2003.06.15 10:15 B F:\login\g\gmbb.o <-- www.vmud.com /lonely/mudlib/data/login/g gmbb.o
2003.06.15 10:15 B F:\login\g\god.o <-- www.vmud.com /lonely/mudlib/data/login/g god.o
2003.06.15 10:15 B F:\login\g\godangels.o <-- www.vmud.com /lonely/mudlib/data/login/g godangels.o
2003.06.15 10:15 B F:\login\g\godastr.o <-- www.vmud.com /lonely/mudlib/data/login/g godastr.o
2003.06.15 10:15 B F:\login\g\godinin.o <-- www.vmud.com /lonely/mudlib/data/login/g godinin.o
2003.06.15 10:15 B F:\login\g\godkenny.o <-- www.vmud.com /lonely/mudlib/data/login/g godkenny.o
2003.06.15 10:15 B F:\login\g\godlysword.o <-- www.vmud.com /lonely/mudlib/data/login/g godlysword.o
2003.06.15 10:15 B F:\login\g\godmark.o <-- www.vmud.com /lonely/mudlib/data/login/g godmark.o
2003.06.15 10:15 B F:\login\g\godmonk.o <-- www.vmud.com /lonely/mudlib/data/login/g godmonk.o
2003.06.15 10:15 B F:\login\g\godrod.o <-- www.vmud.com /lonely/mudlib/data/login/g godrod.o
2003.06.15 10:15 B F:\login\g\godsnowy.o <-- www.vmud.com /lonely/mudlib/data/login/g godsnowy.o
2003.06.15 10:15 B F:\login\g\godson.o <-- www.vmud.com /lonely/mudlib/data/login/g godson.o
2003.06.15 10:15 B F:\login\g\goldstar.o <-- www.vmud.com /lonely/mudlib/data/login/g goldstar.o
2003.06.15 10:15 B F:\login\g\gongzi.o <-- www.vmud.com /lonely/mudlib/data/login/g gongzi.o
2003.06.15 10:15 B F:\login\g\good.o <-- www.vmud.com /lonely/mudlib/data/login/g good.o
2003.06.15 10:15 B F:\login\g\goodman.o <-- www.vmud.com /lonely/mudlib/data/login/g goodman.o
2003.06.15 10:15 B F:\login\g\gosh.o <-- www.vmud.com /lonely/mudlib/data/login/g gosh.o
2003.06.15 10:15 B F:\login\g\grifon.o <-- www.vmud.com /lonely/mudlib/data/login/g grifon.o
2003.06.15 10:15 B F:\login\g\guaa.o <-- www.vmud.com /lonely/mudlib/data/login/g guaa.o
2003.06.15 10:15 B F:\login\g\guest.o <-- www.vmud.com /lonely/mudlib/data/login/g guest.o
2003.06.15 10:15 B F:\login\g\gui.o <-- www.vmud.com /lonely/mudlib/data/login/g gui.o
2003.06.15 10:15 B F:\login\g\guiql.o <-- www.vmud.com /lonely/mudlib/data/login/g guiql.o
2003.06.15 10:15 B F:\login\g\gun.o <-- www.vmud.com /lonely/mudlib/data/login/g gun.o
2003.06.15 10:15 B F:\login\g\guo.o <-- www.vmud.com /lonely/mudlib/data/login/g guo.o
2003.06.15 10:15 B F:\login\g\guojin.o <-- www.vmud.com /lonely/mudlib/data/login/g guojin.o
2003.06.15 10:15 B F:\login\g\gylgw.o <-- www.vmud.com /lonely/mudlib/data/login/g gylgw.o
