//by tianlin@mhxy 2001.8.26.修改,并加以颜色
//请不要抄,谢谢.

d/death  [1;34m阴曹地府[2;37;0m
d/wiz [5m[1;33m巫师园地[2;37;0m
d/xueshan [1;37m大雪山[2;37;0m
d/ourhome [1;36m荒郊野外[2;37;0m
d/ourhome/honglou [1;36m红楼一梦[2;37;0m 
d/lingtai [1;36m方寸山[2;37;0m
d/moon [1;36m月宫[2;37;0m
d/wudang [1;36m武当山[2;37;0m
d/wudang1 [1;37m武当山[2;37;0m
d/qujing/xuanyuan [1;35m轩辕古墓[2;37;0m
d/shushan [1;36m蜀山劍派[2;37;0m
d/pansi [1;36m花果山盘丝洞[2;37;0m
d/moon/fengxue [1;36m枫雪天地[2;37;0m
d/changan [1;36m长安城外[2;37;0m
d/gao [1;36m高老庄[2;37;0m
d/dntg/hgs [1;33m傲来国[2;37;0m
d/sea [1;36m龙宫[2;37;0m
d/nanhai [1;33m普陀山[2;37;0m
d/eastway [1;36m长安城[2;37;0m
d/huaguo [33m花果山[2;37;0m
d/dntg/sky [1;36m天宫[2;37;0m
d/qujing/wuzhuang [35m五庄观[2;37;0m
d/qujing/baotou [1;36m豹头山[2;37;0m
d/qujing/baoxiang [1;36m宝象国[2;37;0m
d/qujing/bibotan [1;36m碧波潭[2;37;0m
d/qujing/biqiu [1;36m比丘国[2;37;0m
d/qujing/chechi [1;36m车迟国[2;37;0m
d/qujing/dudi [1;36m毒敌山[2;37;0m
d/qujing/fengxian [1;36m凤仙郡[2;37;0m
d/qujing/firemount [1;31m火焰山[2;37;0m
d/qujing/jilei [1;36m积雷山[2;37;0m
d/qujing/jindou [1;36m金兜山[2;37;0m
d/qujing/jingjiling [1;36m荆棘岭[2;37;0m
d/qujing/jinping [1;36m金平府[2;37;0m
d/qujing/jisaiguo [1;36m祭赛国[2;37;0m
d/qujing/lingshan [1;36m灵山[2;37;0m
d/qujing/maoying [1;36m毛颖山[2;37;0m
d/qujing/nuerguo [1;36m女儿国[2;37;0m
d/qujing/pingding [1;36m平顶山[2;37;0m
d/qujing/pansi [1;36m盘丝岭[2;37;0m
d/qujing/tongtian [1;36m通天河[2;37;0m
d/qujing/qilin [1;36m麒麟山[2;37;0m
d/qujing/qinfa [1;36m钦法国[2;37;0m
d/qujing/qinglong [1;36m青龙山[2;37;0m
d/qujing/tianzhu [1;36m天竺国[2;37;0m
d/qujing/wudidong [1;36m无底洞[2;37;0m
d/qujing/wuji [1;36m乌鸡国[2;37;0m
d/qujing/xiaoxitian [1;36m小西天[2;37;0m
d/qujing/huangfeng [1;36m黄风洞[2;37;0m
d/qujing/yingjian [1;36m鹰愁涧[2;37;0m
d/qujing/baigudong [1;36m白骨洞[2;37;0m
d/qujing/shuangcha [1;36m双叉岭[2;37;0m
d/qujing/heifeng [1;36m黑风山[2;37;0m
d/qujing/liusha [1;33m流沙河[2;37;0m
d/jz [1;33m江州[2;37;0m
d/qujing/yinwu [1;36m隐雾山[2;37;0m
d/qujing/yuhua [1;36m玉华县[2;37;0m
d/qujing/zhujie [1;36m竹节山[2;37;0m
d/qujing/zhuzi [1;36m朱紫国[2;37;0m
d/erlang [1;36m梅山[2;37;0m 
d/jjf [1;36m将军府[2;37;0m
d/penglai [1;35m蓬莱仙岛[2;37;0m
d/pantao [1;35m蟠桃园[2;37;0m
d/city [1;36m长安城[2;37;0m
d/meishan [1;35m梅山[2;37;0m
d/westway [1;33m长安城西[2;37;0m
d/huanggong [1;33m大唐皇宫[2;37;0m
d/kaifeng [1;36m开封城[2;37;0m
