------------------------------------------------------------------------------
    侠客英雄传主干图（北京城南）
                                                                    北京城
                                                                      ◎
                          黑木崖◎                                    │
                                  ＼                                大官道
                                    ＼                                │
    恒  山◎─暧泉─南安寺─太行山─白  涧                          大官道
                                        ＼                            │
                                        山  路                      大官道
                                            ＼                        │
                 ※铁狮子园※              沙砾小径                 大驿道
                      │                        ＼                    │
                    大驿道                     沙砾小径             大驿道
                      │                            ＼                │
                    大驿道                          白洋淀          大运河
                      │                                ＼            │
                    古  城                              荒  野      大运河
                      │                                    ＼        │
                   黄土大道                                 子牙河  大运河
                      │                                        ＼    │
                   黄土大道                                     ※铁狮子园※
                      │
                   黄土大道
                      │
               ※黄河北岸码头※
                 ～～～～～～
------------------------------------------------------------------------------
By Micro Liang (97-07-01)
