------------------------------------------------------------------------------
    侠客英雄传地图（侠客城－官府）
                                    后五间
                                      │                  
                                    后堂楼
                                      │                  
                            后西楼—小  院—后东楼
                                      │                  
                                    前堂楼
                                      │                  
                            花  厅—前上房—书  房
                                      │                  
                            偏  堂—三  堂—偏  堂
                                      │                  
                            膳  房—二  堂—酒  房
                                      │                  
                            西  厅—大  院—东  厅
                                      │                  
                                    二  门
                                      │                  
                            西  堂—大  堂—东  堂
                                      │                  
                                    大  院
                                      │                  
                            西  房—大  院—东  房
                                      │                  
                                    大  门
                                      │
                                  ※官  府※
------------------------------------------------------------------------------
By Micro Liang (97-07-01)
