------------------------------------------------------------------------------
    侠客英雄传地图（黑木崖）
                                                      内  室  地  道
                                                        │      │
                                                      精  舍  地  道
                 ※黑木崖顶※                           │      │
                   ————                           小花园—地  道
                   黑木崖下
                      │
                    后  厅                                小石屋
                      │                                    │
            练功房—练武场—休息室                小石屋—后花园—小石屋
                      │                                    │
                    总  坛                                后大殿
                      │                                    │
            厢  房  广  场  厨  房                        广  场
              │      │      │                            │
    厢  房—小  院—前  厅—小  院—饭  厅                成德殿
                      │                                    │
                   日月牌坊                       青龙堂—广  场—白虎堂
                      │                                    │
            黑松林—广  场—黑松林                玄武堂—广  场—风雷堂
                      │                                    │
                   盘山小路                               成德门
                      │                                    │
                   水滩北岸                               文武门
                   ～～～～                                 │
                   水滩南岸                       后偏厅  宁寿门  后偏厅
                      │                            │      │      │
                   黄土大道                       西偏厅—议事殿—东偏厅
                       ＼                                   │
                       猩猩滩                            青石大道
                           ＼                               │
                           大官道                        白玉牌楼
                               ＼                           │
                               平定州                  ※黑木崖顶※
                                   ＼
                               ※北京城南※
------------------------------------------------------------------------------
By Micro Liang (97-07-01)