------------------------------------------------------------------------------
    侠客英雄传地图（侠客城－千金楼）

                  走廊─厢房                              （第一层）
                   │
                  走廊─厢房      花  园
                   │               │
                  走廊─厢房      白石路─游廊─湖边─游廊─湖  边
                   │               │           │           │
    ※千金楼※─※大厅※─垂花门─沁芳亭        曲桥        藕香榭─歌舞厅
                   │               │           │           │
                  走廊─厢房      白石路─游廊─湖边─游廊─湖  边
                   │               │
                  走廊─厢房      花  园
                   │
                  走廊─厢房

                  走廊─厢房                              （第二层）
                   │
                  走廊─厢房
                   │       
            厢房─走廊─厢房                    注：
                   │       
                ※小厅※─厢房                  一楼大厅 上 ＝＞ 二楼小厅
                   │           
            厢房─走廊─厢房                    二楼小厅 下 ＝＞ 一楼大厅
                   │           
                  走廊─厢房    
                   │
                  走廊─厢房
------------------------------------------------------------------------------
By Micro Liang (97-07-01)
