------------------------------------------------------------------------------
    侠客英雄传地图（嵩山）
                                        ※御笔峰※
    注：                                      ＼
                                              天爷庙
    侠客城北：主 干 图                            ＼
                                                三极圣母宫
    御 笔 峰：泰山剑派                                ＼
                                                      白鹤观
                                                          ＼
                达摩洞                                    二仙洞
                  │                                      ／  ＼
                初祖庵      永泰寺            法王寺  行  宫  芦崖瀑布
                      ＼  ／      ＼          ／      ／         │
            塔  林—※少林寺※  石和尚岩  嵩岳寺  无极老姆洞   黄盖峰
                      ／              ＼      ＼  ／             │
                二祖庵                少室阙  嵩阳书院         中岳庙
                                          ＼  ／                 │
                                          封祀坛               太室阙
    少 林 寺：少 林 派                                             ＼
                                                                   观星台
                                                                     │
                                                    ※侠客城北※—嵩山山脚
------------------------------------------------------------------------------
By Micro Liang (97-07-01)