------------------------------------------------------------------------------
    侠客英雄传地图（武当山）

                        元和观—遇真宫—玄岳门—武当山脚—※侠客城南※
                          │
                        回龙观                ※天柱峰※
                          │                      │
                        磨针井          松  林—广  场—松  林
                          │                      │
                        老君堂                  仪  门
                          │                      │
                        太子坡  钟  楼—翔凤阁—广  场—飞龙阁—鼓  楼
                        ／                        │
                    剑河桥              厢  房  前  殿  厢  房
                    ／                    │      │      │
                紫霄宫          厢  房—清虚阁—广  场—紫烟阁—饭  厅
                ／                        │      │      │
            南崖宫                      厢  房  金  殿  厨  房
              │                                  │
            黄龙洞                      休息室—练武场—练功房
          ／  │  ＼                              │
    玉女峰    │    金童峰              藏经阁—后  殿—武器库
          ※天柱峰※                              │
                                        卧  室—花  园—卧  室
                                                  │
                                              竹林（迷宫）
------------------------------------------------------------------------------
By Micro Liang (97-07-01)