------------------------------------------------------------------------------
    侠客英雄传主干图（西藏城北）
                                    │     
                               ※唐古拉山※─大雪山（迷宫）─
                                    │     
                                  高  原
                                    │
                                  高  原
                                    │
                                  高  原
                                    │
                                 谷露温泉
                                    │
                                  纳木错
                                    │
                               多青唐古拉峰
                                    │
                                  大官道
                                    │
                                  大官道
                                    │
                                  大官道
                                    │
                                  大官道
                                    │
                                    ◎
                                 【西藏】 
------------------------------------------------------------------------------
By Micro Liang (97-07-01)