99.03.14 13:39 B f:\mirror1\d\village\alley1.c --> www1.yn.cninfo.net /mudcctx/mudlib/d/village alley1.c
99.03.14 13:39 B f:\mirror1\d\village\alley2.c --> www1.yn.cninfo.net /mudcctx/mudlib/d/village alley2.c
99.03.14 13:39 B f:\mirror1\d\village\bighouse1.c --> www1.yn.cninfo.net /mudcctx/mudlib/d/village bighouse1.c
99.03.14 13:39 B f:\mirror1\d\village\bighouse2.c --> www1.yn.cninfo.net /mudcctx/mudlib/d/village bighouse2.c
99.03.14 13:39 B f:\mirror1\d\village\eexit.c --> www1.yn.cninfo.net /mudcctx/mudlib/d/village eexit.c
99.03.14 13:39 B f:\mirror1\d\village\ehouse1.c --> www1.yn.cninfo.net /mudcctx/mudlib/d/village ehouse1.c
99.03.14 13:39 B f:\mirror1\d\village\ehouse2.c --> www1.yn.cninfo.net /mudcctx/mudlib/d/village ehouse2.c
99.03.14 13:39 B f:\mirror1\d\village\eroad1.c --> www1.yn.cninfo.net /mudcctx/mudlib/d/village eroad1.c
99.03.14 13:39 B f:\mirror1\d\village\eroad2.c --> www1.yn.cninfo.net /mudcctx/mudlib/d/village eroad2.c
99.03.14 13:39 B f:\mirror1\d\village\eroad3.c --> www1.yn.cninfo.net /mudcctx/mudlib/d/village eroad3.c
99.03.14 13:39 B f:\mirror1\d\village\hsroad1.c --> www1.yn.cninfo.net /mudcctx/mudlib/d/village hsroad1.c
99.03.14 13:39 B f:\mirror1\d\village\hsroad2.c --> www1.yn.cninfo.net /mudcctx/mudlib/d/village hsroad2.c
99.03.14 13:39 B f:\mirror1\d\village\hsroad3.c --> www1.yn.cninfo.net /mudcctx/mudlib/d/village hsroad3.c
99.03.14 13:39 B f:\mirror1\d\village\nwhouse.c --> www1.yn.cninfo.net /mudcctx/mudlib/d/village nwhouse.c
99.03.14 13:39 B f:\mirror1\d\village\nwroad1.c --> www1.yn.cninfo.net /mudcctx/mudlib/d/village nwroad1.c
99.03.14 13:39 B f:\mirror1\d\village\nwroad2.c --> www1.yn.cninfo.net /mudcctx/mudlib/d/village nwroad2.c
99.03.14 13:39 B f:\mirror1\d\village\sexit.c --> www1.yn.cninfo.net /mudcctx/mudlib/d/village sexit.c
99.03.14 13:39 B f:\mirror1\d\village\shack.c --> www1.yn.cninfo.net /mudcctx/mudlib/d/village shack.c
99.03.14 13:39 B f:\mirror1\d\village\shop.c --> www1.yn.cninfo.net /mudcctx/mudlib/d/village shop.c
99.03.14 13:39 B f:\mirror1\d\village\shouse.c --> www1.yn.cninfo.net /mudcctx/mudlib/d/village shouse.c
99.03.14 13:39 B f:\mirror1\d\village\smithy1.c --> www1.yn.cninfo.net /mudcctx/mudlib/d/village smithy1.c
99.03.14 13:40 B f:\mirror1\d\village\smithy2.c --> www1.yn.cninfo.net /mudcctx/mudlib/d/village smithy2.c
99.03.14 13:40 B f:\mirror1\d\village\square.c --> www1.yn.cninfo.net /mudcctx/mudlib/d/village square.c
99.03.14 13:40 B f:\mirror1\d\village\sroad1.c --> www1.yn.cninfo.net /mudcctx/mudlib/d/village sroad1.c
99.03.14 13:40 B f:\mirror1\d\village\sroad2.c --> www1.yn.cninfo.net /mudcctx/mudlib/d/village sroad2.c
99.03.14 13:40 B f:\mirror1\d\village\sroad3.c --> www1.yn.cninfo.net /mudcctx/mudlib/d/village sroad3.c
99.03.14 13:40 B f:\mirror1\d\village\sroad4.c --> www1.yn.cninfo.net /mudcctx/mudlib/d/village sroad4.c
99.03.14 13:40 B f:\mirror1\d\village\temple1.c --> www1.yn.cninfo.net /mudcctx/mudlib/d/village temple1.c
99.03.14 13:40 B f:\mirror1\d\village\temple2.c --> www1.yn.cninfo.net /mudcctx/mudlib/d/village temple2.c
99.03.14 13:41 B f:\mirror1\d\village\wexit.c --> www1.yn.cninfo.net /mudcctx/mudlib/d/village wexit.c
