1415258741 887875669 2230200434
1415258741 0 0 0 0
1415196819 79465 221234 80198 223274
1415196600 80198 223274 80198 223274
1415196300 80198 223274 80198 223274
1415196000 80198 223274 80198 223274
1415195700 80198 223274 80198 223274
1415195400 80198 223274 80198 223274
1415195100 80198 223274 80198 223274
1415194800 80198 223274 80198 223274
1415194500 80198 223274 80198 223274
1415194200 80198 223274 80198 223274
1415193900 80198 223274 80198 223274
1415193600 80198 223274 80198 223274
1415193300 80198 223274 80198 223274
1415193000 80198 223274 80198 223274
1415192700 80198 223274 80198 223274
1415192400 80198 223274 80198 223274
1415192100 80198 223274 80198 223274
1415191800 80198 223274 80198 223274
1415191500 80198 223274 80198 223274
1415191200 80198 223274 80198 223274
1415190900 80198 223274 80198 223274
1415190600 80198 223274 80198 223274
1415190300 80198 223274 80198 223274
1415190000 80198 223274 80198 223274
1415189700 80198 223274 80198 223274
1415189400 80198 223274 80198 223274
1415189100 80198 223274 80198 223274
1415188800 80198 223274 80198 223274
1415188500 80198 223274 80198 223274
1415188200 80198 223274 80198 223274
1415187900 80198 223274 80198 223274
1415187600 80198 223274 80198 223274
1415187300 80198 223274 80198 223274
1415187000 80198 223274 80198 223274
1415186700 80198 223274 80198 223274
1415186400 80198 223274 80198 223274
1415186100 80198 223274 80198 223274
1415185800 80198 223274 80198 223274
1415185500 80198 223274 80198 223274
1415185200 80198 223274 80198 223274
1415184900 80198 223274 80198 223274
1415184600 80198 223274 80198 223274
1415184300 80198 223274 80198 223274
1415184000 80198 223274 80198 223274
1415183700 80198 223274 80198 223274
1415183400 80198 223274 80198 223274
1415183100 80198 223274 80198 223274
1415182800 80198 223274 80198 223274
1415182500 80198 223274 80198 223274
1415182200 80198 223274 80198 223274
1415181900 80198 223274 80198 223274
1415181600 80198 223274 80198 223274
1415181300 80198 223274 80198 223274
1415181000 80198 223274 80198 223274
1415180700 80198 223274 80198 223274
1415180400 80198 223274 80198 223274
1415180100 80198 223274 80198 223274
1415179800 80198 223274 80198 223274
1415179500 80198 223274 80198 223274
1415179200 80198 223274 80198 223274
1415178900 80198 223274 80198 223274
1415178600 80198 223274 80198 223274
1415178300 80198 223274 80198 223274
1415178000 80198 223274 80198 223274
1415177700 80198 223274 80198 223274
1415177400 80198 223274 80198 223274
1415177100 80198 223274 80198 223274
1415176800 80198 223274 80198 223274
1415176500 80198 223274 80198 223274
1415176200 80198 223274 80198 223274
1415175900 80198 223274 80198 223274
1415175600 80198 223274 80198 223274
1415175300 80198 223274 80198 223274
1415175000 80198 223274 80198 223274
1415174700 80198 223274 80198 223274
1415174400 80198 223274 80198 223274
1415174100 80198 223274 80198 223274
1415173800 80198 223274 80198 223274
1415173500 80198 223274 80198 223274
1415173200 80198 223274 80198 223274
1415172900 80198 223274 80198 223274
1415172600 80198 223274 80198 223274
1415172300 80198 223274 80198 223274
1415172000 80198 223274 80198 223274
1415171700 80198 223274 80198 223274
1415171400 80198 223274 80198 223274
1415171100 80198 223274 80198 223274
1415170800 80198 223274 80198 223274
1415170500 80198 223274 80198 223274
1415170200 80198 223274 80198 223274
1415169900 80198 223274 80198 223274
1415169600 80198 223274 80198 223274
1415169300 80198 223274 80198 223274
1415169000 80198 223274 80198 223274
1415168700 80198 223274 80198 223274
1415168400 80198 223274 80198 223274
1415168100 80198 223274 80198 223274
1415167800 80198 223274 80198 223274
1415167500 80198 223274 80198 223274
1415167200 80198 223274 80198 223274
1415166900 80198 223274 80198 223274
1415166600 80198 223274 80198 223274
1415166300 80198 223274 80198 223274
1415166000 80198 223274 80198 223274
1415165700 80198 223274 80198 223274
1415165400 80198 223274 80198 223274
1415165100 80198 223274 80198 223274
1415164800 80198 223274 80198 223274
1415164500 80198 223274 80198 223274
1415164200 80198 223274 80198 223274
1415163900 80198 223274 80198 223274
1415163600 80198 223274 80198 223274
1415163300 80198 223274 80198 223274
1415163000 80198 223274 80198 223274
1415162700 80198 223274 80198 223274
1415162400 80198 223274 80198 223274
1415162100 80198 223274 80198 223274
1415161800 80198 223274 80198 223274
1415161500 80198 223274 80198 223274
1415161200 80198 223274 80198 223274
1415160900 80198 223274 80198 223274
1415160600 80198 223274 80198 223274
1415160300 80198 223274 80198 223274
1415160000 80198 223274 80198 223274
1415159700 80198 223274 80198 223274
1415159400 80198 223274 80198 223274
1415159100 80198 223274 80198 223274
1415158800 80198 223274 80198 223274
1415158500 80198 223274 80198 223274
1415158200 80198 223274 80198 223274
1415157900 80198 223274 80198 223274
1415157600 80198 223274 80198 223274
1415157300 80198 223274 80198 223274
1415157000 80198 223274 80198 223274
1415156700 80198 223274 80198 223274
1415156400 80198 223274 80198 223274
1415156100 80198 223274 80198 223274
1415155800 80198 223274 80198 223274
1415155500 80198 223274 80198 223274
1415155200 80198 223274 80198 223274
1415154900 80198 223274 80198 223274
1415154600 80198 223274 80198 223274
1415154300 80198 223274 80198 223274
1415154000 80198 223274 80198 223274
1415153700 80198 223274 80198 223274
1415153400 80198 223274 80198 223274
1415153100 80198 223274 80198 223274
1415152800 80198 223274 80198 223274
1415152500 80198 223274 80198 223274
1415152200 80198 223274 80198 223274
1415151900 80198 223274 80198 223274
1415151600 80198 223274 80198 223274
1415151300 80198 223274 80198 223274
1415151000 80198 223274 80198 223274
1415150700 80198 223274 80198 223274
1415150400 80198 223274 80198 223274
1415150100 80198 223274 80198 223274
1415149800 80198 223274 80198 223274
1415149500 80198 223274 80198 223274
1415149200 80198 223274 80198 223274
1415148900 80198 223274 80198 223274
1415148600 80198 223274 80198 223274
1415148300 80198 223274 80198 223274
1415148000 80198 223274 80198 223274
1415147700 80198 223274 80198 223274
1415147400 80198 223274 80198 223274
1415147100 80198 223274 80198 223274
1415146800 80198 223274 80198 223274
1415146500 80198 223274 80198 223274
1415146200 80198 223274 80198 223274
1415145900 80198 223274 80198 223274
1415145600 80198 223274 80198 223274
1415145300 80198 223274 80198 223274
1415145000 80198 223274 80198 223274
1415144700 80198 223274 80198 223274
1415144400 80198 223274 80198 223274
1415144100 80198 223274 80198 223274
1415143800 80198 223274 80198 223274
1415143500 80198 223274 80198 223274
1415143200 80198 223274 80198 223274
1415142900 80198 223274 80198 223274
1415142600 80198 223274 80198 223274
1415142300 80198 223274 80198 223274
1415142000 80198 223274 80198 223274
1415141700 80198 223274 80198 223274
1415141400 80198 223274 80198 223274
1415141100 80198 223274 80198 223274
1415140800 80198 223274 80198 223274
1415140500 80198 223274 80198 223274
1415140200 80198 223274 80198 223274
1415139900 80198 223274 80198 223274
1415139600 80198 223274 80198 223274
1415139300 80198 223274 80198 223274
1415139000 80198 223274 80198 223274
1415138700 80198 223274 80198 223274
1415138400 80198 223274 80198 223274
1415138100 80198 223274 80198 223274
1415137800 80198 223274 80198 223274
1415137500 80198 223274 80198 223274
1415137200 80198 223274 80198 223274
1415136900 80198 223274 80198 223274
1415136600 80198 223274 80198 223274
1415136300 80198 223274 80198 223274
1415136000 80198 223274 80198 223274
1415135700 80198 223274 80198 223274
1415135400 80198 223274 80198 223274
1415135100 80198 223274 80198 223274
1415134800 80198 223274 80198 223274
1415134500 80198 223274 80198 223274
1415134200 80198 223274 80198 223274
1415133900 80198 223274 80198 223274
1415133600 80198 223274 80198 223274
1415133300 80198 223274 80198 223274
1415133000 80198 223274 80198 223274
1415132700 80198 223274 80198 223274
1415132400 80198 223274 80198 223274
1415132100 80198 223274 80198 223274
1415131800 80198 223274 80198 223274
1415131500 80198 223274 80198 223274
1415131200 80198 223274 80198 223274
1415130900 80198 223274 80198 223274
1415130600 80198 223274 80198 223274
1415130300 80198 223274 80198 223274
1415130000 80198 223274 80198 223274
1415129700 80198 223274 80198 223274
1415129400 80198 223274 80198 223274
1415129100 80198 223274 80198 223274
1415128800 80198 223274 80198 223274
1415128500 80198 223274 80198 223274
1415128200 80198 223274 80198 223274
1415127900 80198 223274 80198 223274
1415127600 80198 223274 80198 223274
1415127300 80198 223274 80198 223274
1415127000 80198 223274 80198 223274
1415126700 80198 223274 80198 223274
1415126400 80198 223274 80198 223274
1415126100 80198 223274 80198 223274
1415125800 80198 223274 80198 223274
1415125500 80198 223274 80198 223274
1415125200 80198 223274 80198 223274
1415124900 80198 223274 80198 223274
1415124600 80198 223274 80198 223274
1415124300 80198 223274 80198 223274
1415124000 80198 223274 80198 223274
1415123700 80198 223274 80198 223274
1415123400 80198 223274 80198 223274
1415123100 80198 223274 80198 223274
1415122800 80198 223274 80198 223274
1415122500 80198 223274 80198 223274
1415122200 80198 223274 80198 223274
1415121900 80198 223274 80198 223274
1415121600 80198 223274 80198 223274
1415121300 80198 223274 80198 223274
1415121000 80198 223274 80198 223274
1415120700 80198 223274 80198 223274
1415120400 80198 223274 80198 223274
1415120100 80198 223274 80198 223274
1415119800 80198 223274 80198 223274
1415119500 80198 223274 80198 223274
1415119200 80198 223274 80198 223274
1415118900 80198 223274 80198 223274
1415118600 80198 223274 80198 223274
1415118300 80198 223274 80198 223274
1415118000 80198 223274 80198 223274
1415117700 80198 223274 80198 223274
1415117400 80198 223274 80198 223274
1415117100 80198 223274 80198 223274
1415116800 80198 223274 80198 223274
1415116500 80198 223274 80198 223274
1415116200 80198 223274 80198 223274
1415115900 80198 223274 80198 223274
1415115600 80198 223274 80198 223274
1415115300 80198 223274 80198 223274
1415115000 80198 223274 80198 223274
1415114700 80198 223274 80198 223274
1415114400 80198 223274 80198 223274
1415114100 80198 223274 80198 223274
1415113800 80198 223274 80198 223274
1415113500 80198 223274 80198 223274
1415113200 80198 223274 80198 223274
1415112900 80198 223274 80198 223274
1415112600 80198 223274 80198 223274
1415112300 80198 223274 80198 223274
1415112000 80198 223274 80198 223274
1415111700 80198 223274 80198 223274
1415111400 80198 223274 80198 223274
1415111100 80198 223274 80198 223274
1415110800 80198 223274 80198 223274
1415110500 80198 223274 80198 223274
1415110200 80198 223274 80198 223274
1415109900 80198 223274 80198 223274
1415109600 80198 223274 80198 223274
1415109300 80198 223274 80198 223274
1415109000 80198 223274 80198 223274
1415108700 80198 223274 80198 223274
1415108400 80198 223274 80198 223274
1415108100 80198 223274 80198 223274
1415107800 80198 223274 80198 223274
1415107500 80198 223274 80198 223274
1415107200 80198 223274 80198 223274
1415106900 80198 223274 80198 223274
1415106600 80198 223274 80198 223274
1415106300 80198 223274 80198 223274
1415106000 80198 223274 80198 223274
1415105700 80198 223274 80198 223274
1415105400 80198 223274 80198 223274
1415105100 80198 223274 80198 223274
1415104800 80198 223274 80198 223274
1415104500 80198 223274 80198 223274
1415104200 80198 223274 80198 223274
1415103900 80198 223274 80198 223274
1415103600 80198 223274 80198 223274
1415103300 80198 223274 80198 223274
1415103000 80198 223274 80198 223274
1415102700 80198 223274 80198 223274
1415102400 80198 223274 80198 223274
1415102100 80198 223274 80198 223274
1415101800 80198 223274 80198 223274
1415101500 80198 223274 80198 223274
1415101200 80198 223274 80198 223274
1415100900 80198 223274 80198 223274
1415100600 80198 223274 80198 223274
1415100300 80198 223274 80198 223274
1415100000 80198 223274 80198 223274
1415099700 80198 223274 80198 223274
1415099400 80198 223274 80198 223274
1415099100 80198 223274 80198 223274
1415098800 80198 223274 80198 223274
1415098500 80198 223274 80198 223274
1415098200 80198 223274 80198 223274
1415097900 80198 223274 80198 223274
1415097600 80198 223274 80198 223274
1415097300 80198 223274 80198 223274
1415097000 80198 223274 80198 223274
1415096700 80198 223274 80198 223274
1415096400 80198 223274 80198 223274
1415096100 80198 223274 80198 223274
1415095800 80198 223274 80198 223274
1415095500 80198 223274 80198 223274
1415095200 80198 223274 80198 223274
1415094900 80198 223274 80198 223274
1415094600 80198 223274 80198 223274
1415094300 80198 223274 80198 223274
1415094000 80198 223274 80198 223274
1415093700 80198 223274 80198 223274
1415093400 80198 223274 80198 223274
1415093100 80198 223274 80198 223274
1415092800 80198 223274 80198 223274
1415092500 80198 223274 80198 223274
1415092200 80198 223274 80198 223274
1415091900 80198 223274 80198 223274
1415091600 80198 223274 80198 223274
1415091300 80198 223274 80198 223274
1415091000 80198 223274 80198 223274
1415090700 80198 223274 80198 223274
1415090400 80198 223274 80198 223274
1415090100 80198 223274 80198 223274
1415089800 80198 223274 80198 223274
1415089500 80198 223274 80198 223274
1415089200 80198 223274 80198 223274
1415088900 80198 223274 80198 223274
1415088600 80198 223274 80198 223274
1415088300 80198 223274 80198 223274
1415088000 80198 223274 80198 223274
1415087700 80198 223274 80198 223274
1415087400 80198 223274 80198 223274
1415087100 80198 223274 80198 223274
1415086800 80198 223274 80198 223274
1415086500 80198 223274 80198 223274
1415086200 80198 223274 80198 223274
1415085900 80198 223274 80198 223274
1415085600 80198 223274 80198 223274
1415085300 80198 223274 80198 223274
1415085000 80198 223274 80198 223274
1415084700 80198 223274 80198 223274
1415084400 80198 223274 80198 223274
1415084100 80198 223274 80198 223274
1415083800 80198 223274 80198 223274
1415083500 80198 223274 80198 223274
1415083200 80198 223274 80198 223274
1415082900 80198 223274 80198 223274
1415082600 80198 223274 80198 223274
1415082300 80198 223274 80198 223274
1415082000 80198 223274 80198 223274
1415081700 80198 223274 80198 223274
1415081400 80198 223274 80198 223274
1415081100 80198 223274 80198 223274
1415080800 80198 223274 80198 223274
1415080500 80198 223274 80198 223274
1415080200 80198 223274 80198 223274
1415079900 80198 223274 80198 223274
1415079600 80198 223274 80198 223274
1415079300 80198 223274 80198 223274
1415079000 80198 223274 80198 223274
1415078700 80198 223274 80198 223274
1415078400 80198 223274 80198 223274
1415078100 80198 223274 80198 223274
1415077800 80198 223274 80198 223274
1415077500 80198 223274 80198 223274
1415077200 80198 223274 80198 223274
1415076900 80198 223274 80198 223274
1415076600 80198 223274 80198 223274
1415076300 80198 223274 80198 223274
1415076000 80198 223274 80198 223274
1415075700 80198 223274 80198 223274
1415075400 80198 223274 80198 223274
1415075100 80198 223274 80198 223274
1415074800 80198 223274 80198 223274
1415074500 80198 223274 80198 223274
1415074200 80198 223274 80198 223274
1415073900 80198 223274 80198 223274
1415073600 80198 223274 80198 223274
1415073300 80198 223274 80198 223274
1415073000 80198 223274 80198 223274
1415072700 80198 223274 80198 223274
1415072400 80198 223274 80198 223274
1415072100 80198 223274 80198 223274
1415071800 80198 223274 80198 223274
1415071500 80198 223274 80198 223274
1415071200 80198 223274 80198 223274
1415070900 80198 223274 80198 223274
1415070600 80198 223274 80198 223274
1415070300 80198 223274 80198 223274
1415070000 80198 223274 80198 223274
1415069700 80198 223274 80198 223274
1415069400 80198 223274 80198 223274
1415069100 80198 223274 80198 223274
1415068800 80198 223274 80198 223274
1415068500 80198 223274 80198 223274
1415068200 80198 223274 80198 223274
1415067900 80198 223274 80198 223274
1415067600 80198 223274 80198 223274
1415067300 80198 223274 80198 223274
1415067000 80198 223274 80198 223274
1415066700 80198 223274 80198 223274
1415066400 80198 223274 80198 223274
1415066100 80198 223274 80198 223274
1415065800 80198 223274 80198 223274
1415065500 80198 223274 80198 223274
1415065200 80198 223274 80198 223274
1415064900 80198 223274 80198 223274
1415064600 80198 223274 80198 223274
1415064300 80198 223274 80198 223274
1415064000 80198 223274 80198 223274
1415063700 80198 223274 80198 223274
1415063400 80198 223274 80198 223274
1415063100 80198 223274 80198 223274
1415062800 80198 223274 80198 223274
1415062500 80198 223274 80198 223274
1415062200 80198 223274 80198 223274
1415061900 80198 223274 80198 223274
1415061600 80198 223274 80198 223274
1415061300 80198 223274 80198 223274
1415061000 80198 223274 80198 223274
1415060700 80198 223274 80198 223274
1415060400 80198 223274 80198 223274
1415060100 80198 223274 80198 223274
1415059800 80198 223274 80198 223274
1415059500 80198 223274 80198 223274
1415059200 80198 223274 80198 223274
1415058900 80198 223274 80198 223274
1415058600 80198 223274 80198 223274
1415058300 80198 223274 80198 223274
1415058000 80198 223274 80198 223274
1415057700 80198 223274 80198 223274
1415057400 80198 223274 80198 223274
1415057100 80198 223274 80198 223274
1415056800 80198 223274 80198 223274
1415056500 80198 223274 80198 223274
1415056200 80198 223274 80198 223274
1415055900 80198 223274 80198 223274
1415055600 80198 223274 80198 223274
1415055300 80198 223274 80198 223274
1415055000 80198 223274 80198 223274
1415054700 80198 223274 80198 223274
1415054400 80198 223274 80198 223274
1415054100 80198 223274 80198 223274
1415053800 80198 223274 80198 223274
1415053500 80198 223274 80198 223274
1415053200 80198 223274 80198 223274
1415052900 80198 223274 80198 223274
1415052600 80198 223274 80198 223274
1415052300 80198 223274 80198 223274
1415052000 80198 223274 80198 223274
1415051700 80198 223274 80198 223274
1415051400 80198 223274 80198 223274
1415051100 80198 223274 80198 223274
1415050800 80198 223274 80198 223274
1415050500 80198 223274 80198 223274
1415050200 80198 223274 80198 223274
1415049900 80198 223274 80198 223274
1415049600 80198 223274 80198 223274
1415049300 80198 223274 80198 223274
1415049000 80198 223274 80198 223274
1415048700 80198 223274 80198 223274
1415048400 80198 223274 80198 223274
1415048100 80198 223274 80198 223274
1415047800 80198 223274 80198 223274
1415047500 80198 223274 80198 223274
1415047200 80198 223274 80198 223274
1415046900 80198 223274 80198 223274
1415046600 80198 223274 80198 223274
1415046300 80198 223274 80198 223274
1415046000 80198 223274 80198 223274
1415045700 80198 223274 80198 223274
1415045400 80198 223274 80198 223274
1415045100 80198 223274 80198 223274
1415044800 80198 223274 80198 223274
1415044500 80198 223274 80198 223274
1415044200 80198 223274 80198 223274
1415043900 80198 223274 80198 223274
1415043600 80198 223274 80198 223274
1415043300 80198 223274 80198 223274
1415043000 80198 223274 80198 223274
1415042700 80198 223274 80198 223274
1415042400 80198 223274 80198 223274
1415042100 80198 223274 80198 223274
1415041800 80198 223274 80198 223274
1415041500 80198 223274 80198 223274
1415041200 80198 223274 80198 223274
1415040900 80198 223274 80198 223274
1415040600 80198 223274 80198 223274
1415040300 80198 223274 80198 223274
1415040000 80198 223274 80198 223274
1415039700 80198 223274 80198 223274
1415039400 80198 223274 80198 223274
1415039100 80198 223274 80198 223274
1415038800 80198 223274 80198 223274
1415038500 80198 223274 80198 223274
1415038200 80198 223274 80198 223274
1415037900 80198 223274 80198 223274
1415037600 80198 223274 80198 223274
1415037300 80198 223274 80198 223274
1415037000 80198 223274 80198 223274
1415036700 80198 223274 80198 223274
1415036400 80198 223274 80198 223274
1415036100 80198 223274 80198 223274
1415035800 80198 223274 80198 223274
1415035500 80198 223274 80198 223274
1415035200 80198 223274 80198 223274
1415034900 80198 223274 80198 223274
1415034600 80198 223274 80198 223274
1415034300 80198 223274 80198 223274
1415034000 80198 223274 80198 223274
1415033700 80198 223274 80198 223274
1415033400 80198 223274 80198 223274
1415033100 80198 223274 80198 223274
1415032800 80198 223274 80198 223274
1415032500 80198 223274 80198 223274
1415032200 80198 223274 80198 223274
1415031900 80198 223274 80198 223274
1415031600 80198 223274 80198 223274
1415031300 80198 223274 80198 223274
1415031000 80198 223274 80198 223274
1415030700 80198 223274 80198 223274
1415030400 80198 223274 80198 223274
1415030100 80198 223274 80198 223274
1415029800 80198 223274 80198 223274
1415029500 80198 223274 80198 223274
1415029200 80198 223274 80198 223274
1415028900 80198 223274 80198 223274
1415028600 80198 223274 80198 223274
1415028300 80198 223274 80198 223274
1415028000 80198 223274 80198 223274
1415027700 80198 223274 80198 223274
1415027400 80198 223274 80198 223274
1415027100 80198 223274 80198 223274
1415026800 80198 223274 80198 223274
1415026500 80198 223274 80198 223274
1415026200 80198 223274 80198 223274
1415025900 80198 223274 80198 223274
1415025600 80198 223274 80198 223274
1415025300 80198 223274 80198 223274
1415025000 80198 223274 80198 223274
1415024700 80198 223274 80198 223274
1415024400 80198 223274 80198 223274
1415024100 80198 223274 80198 223274
1415023800 80198 223274 80198 223274
1415023500 80198 223274 80198 223274
1415023200 80198 223274 80198 223274
1415022900 80198 223274 80198 223274
1415022600 80198 223274 80198 223274
1415022300 80198 223274 80198 223274
1415022000 80198 223274 80198 223274
1415021700 80198 223274 80198 223274
1415021400 80198 223274 80198 223274
1415021100 80198 223274 80198 223274
1415020800 80198 223274 80198 223274
1415020500 80198 223274 80198 223274
1415020200 80198 223274 80198 223274
1415019900 80198 223274 80198 223274
1415019600 80198 223274 80198 223274
1415019300 80198 223274 80198 223274
1415019000 80198 223274 80198 223274
1415018700 80198 223274 80198 223274
1415018400 80198 223274 80198 223274
1415018100 80198 223274 80198 223274
1415017800 80198 223274 80198 223274
1415017500 80198 223274 80198 223274
1415017200 80198 223274 80198 223274
1415016900 80198 223274 80198 223274
1415016000 80198 223274 80198 223274
1415014200 80198 223274 80198 223274
1415012400 80198 223274 80198 223274
1415010600 80198 223274 80198 223274
1415008800 80198 223274 80198 223274
1415007000 80198 223274 80198 223274
1415005200 80198 223274 80198 223274
1415003400 80198 223274 80198 223274
1415001600 80198 223274 80198 223274
1414999800 80198 223274 80198 223274
1414998000 80198 223274 80198 223274
1414996200 80198 223274 80198 223274
1414994400 80198 223274 80198 223274
1414992600 80198 223274 80198 223274
1414990800 80198 223274 80198 223274
1414989000 80198 223274 80198 223274
1414987200 80198 223274 80198 223274
1414985400 80198 223274 80198 223274
1414983600 80198 223274 80198 223274
1414981800 80198 223274 80198 223274
1414980000 80198 223274 80198 223274
1414978200 80198 223274 80198 223274
1414976400 80198 223274 80198 223274
1414974600 80198 223274 80198 223274
1414972800 80198 223274 80198 223274
1414971000 80198 223274 80198 223274
1414969200 80198 223274 80198 223274
1414967400 78162 219434 83724 235226
1414965600 82900 230319 84811 234143
1414963800 82869 230700 85960 241934
1414962000 83070 233258 85459 241120
1414960200 82596 229581 85794 236056
1414958400 84263 234824 87336 241597
1414956600 84508 236574 86950 241759
1414954800 84373 237386 87546 244454
1414953000 85112 239258 87405 244045
1414951200 83374 230949 85130 236460
1414949400 84137 235456 85458 241540
1414947600 83963 238477 88568 257498
1414945800 86461 247488 88390 255708
1414944000 88308 260947 90330 269807
1414942200 89516 266268 91213 272391
1414940400 89430 261071 91776 268715
1414938600 85143 250707 86653 257153
1414936800 86919 252047 88924 281001
1414935000 85083 278803 87662 284575
1414933200 87518 254405 90298 263352
1414931400 85125 247171 88230 256615
1414929600 90184 259114 92964 269400
1414927800 85489 241997 88361 252659
1414926000 88339 255294 89508 258785
1414924200 88667 254356 90546 259448
1414922400 90439 256998 93268 265024
1414920600 91369 259873 94611 269488
1414918800 91289 256833 93397 266040
1414917000 89358 251745 90638 257118
1414915200 89095 247718 90932 253958
1414913400 86382 240264 88790 246475
1414911600 86119 241544 88513 245211
1414909800 86522 242594 90259 256591
1414908000 88281 250426 90412 256591
1414906200 87366 249928 90968 255929
1414904400 86405 245180 88223 249952
1414902600 85427 240561 88673 250184
1414900800 83509 232436 84275 237425
1414899000 83290 232801 84428 239663
1414897200 81897 230694 84673 237336
1414895400 78729 221250 83964 233414
1414893600 92420 535354 106622 1030245
1414891800 80493 230309 82767 236651
1414890000 82427 233368 85248 243693
1414888200 82796 230891 85611 243274
1414886400 84014 234359 85489 238119
1414884600 85709 240139 87961 249097
1414882800 85235 240705 86177 243665
1414881000 83094 232270 85906 239404
1414879200 83675 237134 87296 245026
1414877400 87000 249516 90224 257839
1414875600 87068 250438 89775 257139
1414873800 86860 249057 89538 256692
1414872000 86490 249365 89772 256321
1414870200 86181 250325 88103 256138
1414868400 86228 252103 87630 258164
1414866600 86880 254501 89030 263889
1414864800 87063 253527 89556 257918
1414863000 86490 252554 89822 262136
1414861200 87231 254844 88885 260918
1414859400 88084 252280 90538 259149
1414857600 89068 256223 89933 261545
1414855800 87651 251531 92634 265059
1414854000 84900 238284 92485 258106
1414852200 84111 242370 88161 251461
1414850400 85492 241894 88368 253781
1414848600 85949 239884 87953 246647
1414846800 85413 237744 86973 244414
1414845000 85417 244871 88176 248754
1414843200 87380 249816 88481 252336
1414841400 86173 247965 88399 255007
1414839600 85390 238478 86976 242925
1414837800 84328 237631 87217 244990
1414836000 86732 247099 88756 252671
1414834200 87623 323787 96839 589786
1414832400 83071 236506 85471 242553
1414830600 82962 238742 85526 244158
1414828800 83691 239751 87167 248513
1414827000 85883 244749 87172 248387
1414825200 86714 249099 88758 253153
1414823400 87901 254749 89498 257774
1414821600 86725 249124 87871 253653
1414819800 86938 243509 89935 252401
1414818000 86668 251749 90560 261751
1414816200 84344 243030 86182 248226
1414814400 82015 241112 82721 245174
1414812600 82187 239809 83319 245194
1414810800 81290 237637 84004 247648
1414809000 82127 236391 85665 246730
1414807200 82803 232894 83753 235721
1414805400 81587 228039 83943 236799
1414803600 80695 225685 82112 229678
1414801800 80420 221089 81844 226055
1414800000 82263 222128 85803 234103
1414798200 81759 222602 83519 228538
1414796400 81710 226689 84241 237280
1414794600 81034 222817 83430 231738
1414792800 80415 223127 82691 230491
1414791000 82495 225523 83597 229108
1414789200 81168 224831 82868 232515
1414787400 81836 229025 84960 237180
1414785600 81831 225568 83151 230103
1414783800 82582 231393 84827 239239
1414782000 82022 231293 84039 239736
1414780200 81508 231011 85242 243793
1414778400 82333 235542 83887 240406
1414776600 83837 237253 86308 242941
1414774800 85892 241757 89019 249080
1414773000 83105 236511 84005 242550
1414771200 81165 233492 82675 240072
1414769400 82212 236900 85953 246804
1414767600 84578 240463 86213 246801
1414765800 80504 229406 82827 236661
1414764000 78169 221214 79922 260722
1414762200 81077 266339 84245 274468
1414760400 79038 224606 81964 235169
1414758600 79030 231187 81744 247143
1414756800 80881 229752 83925 237729
1414755000 82294 232818 83930 236606
1414753200 80839 227905 83823 236591
1414751400 74490 205865 76607 212247
1414749600 71200 193767 74193 203300
1414747800 71748 194733 73650 200190
1414746000 70874 190239 72737 194440
1414744200 66347 180929 68478 183775
1414742400 66402 179278 68975 185922
1414740600 66994 182478 69511 192322
1414738800 65696 179822 68276 186439
1414737000 64692 177259 66860 185242
1414735200 66527 186110 88545 947992
1414733400 75191 475297 93053 1039343
1414731600 65841 184649 67455 191462
1414729800 67047 183454 68900 188007
1414728000 64530 178441 65165 181695
1414726200 62200 174771 62862 177847
1414724400 61704 172056 63267 176594
1414722600 55324 154426 58100 163442
1414720800 55584 154394 59501 166132
1414719000 56471 153979 58575 162157
1414717200 57361 154694 60343 160718
1414715400 56195 151870 57626 155332
1414713600 57317 153837 60329 162856
1414711800 58722 159208 60999 166468
1414710000 60567 166822 62826 171893
1414708200 60428 167291 62087 171816
1414706400 63758 175952 66319 181990
1414704600 64808 178509 66550 182358
1414702800 64860 180804 66523 187132
1414701000 65302 183048 67287 187747
1414699200 65476 184228 67505 190366
1414697400 66171 185470 67416 188040
1414695600 63437 175441 65357 180970
1414693800 63151 173296 65323 177888
1414692000 64452 178825 68081 189445
1414690200 65569 178713 67587 184988
1414688400 65463 174994 68004 184969
1414686600 66181 183356 68062 188167
1414684800 70139 197987 72210 206331
1414683000 69497 201899 71028 206717
1414681200 69273 200119 70487 202905
1414679400 68186 198971 69737 208129
1414677600 66367 188861 67564 197841
1414675800 62377 176503 67166 190618
1414674000 56958 162975 59016 170382
1414672200 54354 168495 66773 644713
1414670400 60613 485110 69650 644713
1414668600 44506 116189 47192 122458
1414666800 43875 115809 45983 119653
1414665000 39727 102234 41850 109578
1414663200 39457 102555 42242 109578
1414661400 28091 76032 29560 80235
1414659600 25399 71883 27508 79033
1414657800 13090 35572 19748 54674
1414656000 106608 246027 126223 291268
1414654200 126223 291268 126223 291268
1414652400 126223 291268 126223 291268
1414650600 126223 291268 126223 291268
1414648800 126223 291268 126223 291268
1414647000 126223 291268 126223 291268
1414645200 126223 291268 126223 291268
1414643400 126223 291268 126223 291268
1414641600 126223 291268 126223 291268
1414639800 126223 291268 126223 291268
1414638000 126223 291268 126223 291268
1414636200 126223 291268 126223 291268
1414634400 126223 291268 126223 291268
1414632600 126223 291268 126223 291268
1414630800 126223 291268 126223 291268
1414629000 126223 291268 126223 291268
1414627200 126223 291268 126223 291268
1414625400 126223 291268 126223 291268
1414623600 126223 291268 126223 291268
1414621800 126223 291268 126223 291268
1414620000 126223 291268 126223 291268
1414618200 126223 291268 126223 291268
1414616400 126223 291268 126223 291268
1414614600 126223 291268 126223 291268
1414612800 126223 291268 126223 291268
1414611000 126223 291268 126223 291268
1414609200 126223 291268 126223 291268
1414607400 126223 291268 126223 291268
1414605600 126223 291268 126223 291268
1414603800 126223 291268 126223 291268
1414602000 126223 291268 126223 291268
1414600200 126223 291268 126223 291268
1414598400 126223 291268 126223 291268
1414596600 126223 291268 126223 291268
1414594800 126223 291268 126223 291268
1414593000 126223 291268 126223 291268
1414591200 126223 291268 126223 291268
1414589400 126223 291268 126223 291268
1414587600 126223 291268 126223 291268
1414585800 126223 291268 126223 291268
1414584000 126223 291268 126223 291268
1414582200 126223 291268 126223 291268
1414580400 126223 291268 126223 291268
1414578600 126223 291268 126223 291268
1414576800 126223 291268 126223 291268
1414575000 126223 291268 126223 291268
1414573200 126223 291268 126223 291268
1414571400 126223 291268 126223 291268
1414569600 126223 291268 126223 291268
1414567800 126223 291268 126223 291268
1414566000 126223 291268 126223 291268
1414564200 126223 291268 126223 291268
1414562400 126223 291268 126223 291268
1414560600 126223 291268 126223 291268
1414558800 126223 291268 126223 291268
1414557000 126223 291268 126223 291268
1414555200 126223 291268 126223 291268
1414553400 126223 291268 126223 291268
1414551600 126223 291268 126223 291268
1414549800 126223 291268 126223 291268
1414548000 126223 291268 126223 291268
1414546200 126223 291268 126223 291268
1414544400 126223 291268 126223 291268
1414542600 126223 291268 126223 291268
1414540800 126223 291268 126223 291268
1414539000 126223 291268 126223 291268
1414537200 126223 291268 126223 291268
1414535400 126223 291268 126223 291268
1414533600 126223 291268 126223 291268
1414531800 126223 291268 126223 291268
1414530000 126223 291268 126223 291268
1414528200 126223 291268 126223 291268
1414526400 126223 291268 126223 291268
1414524600 126223 291268 126223 291268
1414522800 126223 291268 126223 291268
1414521000 126223 291268 126223 291268
1414519200 126223 291268 126223 291268
1414517400 126223 291268 126223 291268
1414515600 126223 291268 126223 291268
1414513800 126223 291268 126223 291268
1414512000 126223 291268 126223 291268
1414510200 126223 291268 126223 291268
1414508400 126223 291268 126223 291268
1414506600 126223 291268 126223 291268
1414504800 126223 291268 126223 291268
1414503000 126223 291268 126223 291268
1414501200 126223 291268 126223 291268
1414499400 126223 291268 126223 291268
1414497600 126223 291268 126223 291268
1414495800 126223 291268 126223 291268
1414494000 126223 291268 126223 291268
1414492200 126223 291268 126223 291268
1414490400 126223 291268 126223 291268
1414488600 126223 291268 126223 291268
1414486800 126223 291268 126223 291268
1414485000 126223 291268 126223 291268
1414483200 126223 291268 126223 291268
1414481400 126223 291268 126223 291268
1414479600 126223 291268 126223 291268
1414477800 126223 291268 126223 291268
1414476000 126223 291268 126223 291268
1414474200 126223 291268 126223 291268
1414472400 126223 291268 126223 291268
1414470600 126223 291268 126223 291268
1414468800 126223 291268 126223 291268
1414467000 126223 291268 126223 291268
1414465200 126223 291268 126223 291268
1414463400 126223 291268 126223 291268
1414461600 126223 291268 126223 291268
1414459800 126223 291268 126223 291268
1414458000 126223 291268 126223 291268
1414456200 126223 291268 126223 291268
1414454400 126223 291268 126223 291268
1414452600 126223 291268 126223 291268
1414450800 126223 291268 126223 291268
1414449000 125769 290601 128941 300097
1414447200 128349 295830 130048 300135
1414445400 128172 296695 129441 300691
1414443600 128366 296278 129308 300691
1414441800 125450 293687 130937 304134
1414440000 128025 300036 131871 316453
1414438200 128507 302908 132874 316502
1414436400 128529 307143 131127 312586
1414434600 129557 304271 132471 310371
1414432800 130522 306824 131525 310371
1414431000 132323 313554 133693 318022
1414429200 131768 311636 133422 321900
1414427400 132108 311904 134606 317989
1414425600 134041 318544 137433 327549
1414423800 132566 318878 134349 327778
1414422000 134285 323212 136253 331788
1414420200 131456 318778 133659 324439
1414418400 125419 298744 130522 311778
1414416600 128611 320718 133401 329678
1414414800 129122 318917 131949 326190
1414413000 125868 306982 129215 314829
1414411200 109791 273869 112153 279900
1414409400 111101 281189 113779 289870
1414407600 113122 282421 116233 290067
1414405800 114032 281737 116147 287127
1414404000 113218 278932 121021 297388
1414402200 109973 274375 114213 282582
1414400400 122920 297983 129489 311287
1414398600 125742 301944 129536 308869
1414396800 126432 301340 128278 305721
1414395000 126464 299254 127821 305584
1414393200 125230 296409 128433 307725
1414391400 125896 296135 128433 303499
1414389600 125303 296162 127894 303499
1414387800 127694 304976 131026 310952
1414386000 125030 296611 128746 301544
1414384200 124896 295776 126873 301044
1414382400 126538 301134 128229 306990
1414380600 126505 300548 130240 306715
1414378800 124898 293670 128090 299758
1414377000 122469 289646 124642 293464
1414375200 124894 294873 125991 299739
1414373400 124605 292399 126678 298513
1414371600 119753 279777 121799 287821
1414369800 117395 270845 120592 278526
1414368000 119169 275514 122389 284302
1414366200 120482 276493 123734 283419
1414364400 119638 274844 121397 281108
1414362600 118934 269964 123164 277451
1414360800 118662 273228 122287 280031
1414359000 120277 274794 124183 282485
1414357200 122131 275650 124613 281204
1414355400 121801 275809 124055 281067
1414353600 121532 279253 123798 284986
1414351800 120718 278385 123785 286203
1414350000 121117 282263 122962 287699
1414348200 120685 281948 123564 290410
1414346400 121397 284175 122284 290090
1414344600 123312 296174 124641 301038
1414342800 124930 306815 127825 323975
1414341000 125960 313618 129911 323794
1414339200 128314 322664 132057 330671
1414337400 126520 324117 130818 336605
1414335600 127978 330032 132852 344612
1414333800 130599 335489 132852 345717
1414332000 128024 321902 133002 378901
1414330200 130169 369984 132452 378901
1414328400 130338 338820 132598 343861
1414326600 125799 324120 129544 333223
1414324800 130189 329590 134314 337396
1414323000 130136 327599 138256 349872
1414321200 131205 330514 137794 344111
1414319400 129788 330185 133585 337693
1414317600 129122 325700 132160 332536
1414315800 130415 333164 131792 336594
1414314000 130048 324535 132564 329821
1414312200 126274 319039 130108 325732
1414310400 123366 311401 125626 321618
1414308600 123197 306720 125718 316480
1414306800 125806 312962 128571 322781
1414305000 123542 307739 125567 312518
1414303200 124431 311139 126736 319352
1414301400 121701 305420 124157 309541
1414299600 125857 313638 129429 323436
1414297800 126249 314924 128339 321757
1414296000 127808 317697 130491 323035
1414294200 127262 315804 129919 325012
1414292400 131646 323388 134299 327490
1414290600 127893 316806 129725 323074
1414288800 128143 315819 130379 320230
1414287000 127313 312380 128602 320014
1414285200 126131 308594 129189 313246
1414283400 124928 307312 126678 311766
1414281600 122624 299818 124177 307954
1414279800 119949 292131 120927 296956
1414278000 120628 293230 122532 298843
1414276200 119734 290783 121471 298883
1414274400 120307 290088 123963 298318
1414272600 119550 289085 122375 297999
1414270800 121620 294458 125009 302257
1414269000 117835 286556 122240 295943
1414267200 115858 284934 121548 297937
1414265400 119501 291469 121576 296427
1414263600 118661 291971 123190 300130
1414261800 119439 299625 122045 305573
1414260000 119374 300827 121634 305732
1414258200 119875 304741 122955 313555
1414256400 115023 295340 117295 305128
1414254600 114822 292407 120710 311374
1414252800 119380 307884 121785 312224
1414251000 119266 306234 122616 316154
1414249200 121081 309213 125718 321385
1414247400 122365 310611 125369 318933
1414245600 123443 313622 127514 322534
1414243800 126187 319124 131151 324835
1414242000 125357 320607 128893 331464
1414240200 122526 313980 124593 321358
1414238400 124875 314898 127964 324705
1414236600 124941 313542 126827 317145
1414234800 125676 317475 129005 326659
1414233000 122047 310560 128739 323851
1414231200 120854 308015 128967 328012
1414229400 118746 299732 123367 313445
1414227600 117145 295931 123453 311750
1414225800 120128 306617 123054 317127
1414224000 118526 299087 119281 304727
1414222200 118680 302605 121085 310254
1414220400 121038 307405 123984 312892
1414218600 122440 310346 124627 314328
1414216800 122140 307114 125288 314328
1414215000 124933 318025 129950 329739
1414213200 124378 315220 126468 324857
1414211400 123629 312108 126102 319979
1414209600 125479 317173 127014 325224
1414207800 122607 306167 125768 314464
1414206000 118490 290454 120350 295150
1414204200 118385 292770 123089 302620
1414202400 117312 287679 118951 291992
1414200600 111526 270373 117501 285448
1414198800 107781 264354 111043 274120
1414197000 108610 263898 112510 273368
1414195200 107089 260135 108387 266875
1414193400 111577 269112 117340 284412
1414191600 113950 274909 118060 282132
1414189800 112718 271031 116262 277414
1414188000 113365 273873 116657 282192
1414186200 116054 280017 118185 286105
1414184400 115974 283343 118356 294110
1414182600 115257 279229 118092 285191
1414180800 115277 277942 117239 283670
1414179000 115020 276528 119552 283114
1414177200 115591 277973 118266 283488
1414175400 114738 278163 117889 284633
1414173600 111506 274161 114132 279920
1414171800 111476 276643 113650 282880
1414170000 114857 286656 118388 295395
1414168200 115310 287409 118841 297981
1414166400 117413 287965 120916 297709
1414164600 119343 297064 121384 301085
1414162800 118760 300435 120730 306082
1414161000 116520 295760 121658 304911
1414159200 122324 307139 124899 366570
1414157400 124087 365214 126694 373445
1414155600 122619 310054 124983 316407
1414153800 119212 300094 122066 304621
1414152000 115156 289115 118094 299325
1414150200 121113 314968 129078 353166
1414148400 120818 310539 124984 338286
1414146600 115801 288237 120240 301630
1414144800 107915 284011 117530 296801
1414143000 115679 281100 117035 287860
1414141200 116639 277465 117806 283058
1414139400 114567 275207 116443 278118
1414137600 113014 270710 114241 274532
1414135800 114028 275150 116194 281094
1414134000 112074 270758 115416 281491
1414132200 112437 272141 115923 281983
1414130400 110178 266305 111340 269417
1414128600 111263 268008 114257 275133
1414126800 110048 264958 113562 275735
1414125000 109063 262224 113562 275735
1414123200 112848 270173 119790 285797
1414121400 111752 266801 117592 283013
1414119600 114855 276268 116692 281994
1414117800 110384 267815 115833 282079
1414116000 115004 275410 118381 281010
1414114200 118032 283904 120372 291013
1414112400 115309 273093 117527 277894
1414110600 117073 412793 126322 750180
1414108800 119620 429979 132840 824820
1414107000 116219 272151 119455 281595
1414105200 120034 285716 124019 299886
1414103400 119584 284815 125715 295465
1414101600 120098 288976 122324 295678
1414099800 120957 289830 123729 297443
1414098000 122086 291673 124133 296795
1414096200 120823 290352 124121 296528
1414094400 120140 285030 121553 291570
1414092600 118561 284439 122256 311399
1414090800 130016 526159 142609 866888
1414089000 124758 316435 127050 390169
1414087200 124297 300092 126392 307363
1414085400 124032 298460 126403 303477
1414083600 125128 303451 126068 307256
1414081800 122744 298750 127529 308981
1414080000 125678 312735 127559 321176
1414078200 122900 310489 124224 314945
1414076400 123210 311415 125530 319252
1414074600 123967 310238 128848 324665
1414072800 126311 311782 129344 317457
1414071000 121508 302422 125936 312422
1414069200 120275 301566 123610 310696
1414067400 118892 295391 122864 302078
1414065600 121833 300085 123712 311053
1414063800 118377 291593 123464 299816
1414062000 111404 282642 122727 295187
1414060200 119638 287010 121526 291517
1414058400 118640 286278 121985 291287
1414056600 107369 275941 120251 291632
1414054800 120131 296879 122743 302781
1414053000 118530 290227 120578 294122
1414051200 113811 280560 124595 294796
1414049400 97110 258130 100946 269410
1414047600 95626 253613 98839 259987
1414045800 92656 244559 95083 251329
1414044000 90964 234700 93272 244366
1414042200 90186 238460 92704 247497
1414040400 93401 246222 97570 254590
1414038600 92726 244851 95913 248787
1414036800 94253 244936 96187 253762
1414035000 91952 240683 96772 245111
1414033200 90741 239597 92233 245818
1414031400 91024 240737 95859 249057
1414029600 82299 222074 88530 231173
1414027800 81866 219938 83197 224662
1414026000 80746 210211 82920 214892
1414024200 79615 205586 81112 210291
1414022400 78136 202734 85852 225054
1414020600 84500 219670 86665 224266
1414018800 83626 220662 86736 226128
1414017000 82793 218873 86804 226128
1414015200 84283 222844 86582 227148
1414013400 85751 226580 88539 232396
1414011600 88676 232495 93290 244701
1414009800 92105 240864 95546 243759
1414008000 92736 241324 94746 246084
1414006200 92226 240358 94746 243711
1414004400 92871 243795 94624 246707
1414002600 92495 241464 94624 246040
1414000800 92532 242545 94764 245640
1413999000 92417 242239 95253 249839
1413997200 91248 240061 93144 245185
1413995400 92225 262972 103821 376704
1413993600 86690 237145 89589 243694
1413991800 81241 223955 84073 231639
1413990000 81246 227752 84073 230420
1413988200 82848 230022 85691 236410
1413986400 84745 236247 86825 240584
1413984600 83409 228940 85762 236205
1413982800 85920 231352 89373 241773
1413981000 83022 232197 86309 236518
1413979200 83012 229448 84734 233226
1413977400 81160 228710 82435 234315
1413975600 79691 224492 84753 232233
1413973800 79933 217542 84753 229911
1413972000 78747 212424 80809 218530
1413970200 88238 225914 103075 248888
1413968400 100990 245575 104468 255250
1413966600 96396 232845 104721 249261
1413964800 105469 250586 112972 266624
1413963000 106473 252356 117298 278145
1413961200 106564 258181 115909 280457
1413959400 110184 266794 115518 281669
1413957600 109943 264259 117237 279047
1413955800 106667 261162 112638 274569
1413954000 108882 261794 111181 268515
1413952200 107318 260313 111107 276717
1413950400 106394 257119 109218 262434
1413948600 108753 262203 111936 269314
1413946800 111822 265601 114072 269115
1413945000 112093 263686 114072 266603
1413943200 105632 249384 110205 263271
1413941400 103664 240768 105863 244995
1413939600 101948 238235 103904 241511
1413937800 102435 236893 105393 245207
1413936000 101161 228915 105352 243557
1413928800 107758 243203 113626 256717
1413921600 110662 249825 114324 260601
1413914400 109100 250681 112800 261514
1413907200 111478 261206 118114 283228
1413900000 113614 270243 117100 278944
1413892800 112994 257842 117708 272076
1413885600 110109 251935 114768 263243
1413878400 105313 247335 116303 263749
1413871200 97815 237541 110121 259813
1413864000 103992 239635 111688 251733
1413856800 101017 230357 108793 248500
1413849600 93793 210339 102025 224684
1413842400 103712 233809 109814 247129
1413835200 105522 244551 109739 254403
1413828000 109291 256259 115585 269642
1413820800 110392 271130 118903 288089
1413813600 114722 278632 126063 304776
1413806400 111322 260983 118121 276719
1413799200 109069 252108 113336 261606
1413792000 111777 259044 118990 274186
1413784800 111565 257074 116741 268106
1413777600 110559 256482 116878 273076
1413770400 112600 251624 118460 265318
1413763200 108739 236580 114621 245629
1413756000 110817 245956 115233 253740
1413748800 112933 253117 117219 261870
1413741600 112156 253029 117925 261769
1413734400 119320 279185 136100 323268
1413727200 125048 305099 131674 350701
1413720000 126343 295005 132123 308901
1413712800 124461 296494 130780 313078
1413705600 126711 305980 132583 324076
1413698400 120821 297485 126389 309724
1413691200 119781 302750 124905 315058
1413684000 119587 297504 128624 314743
1413676800 124585 311052 128746 326604
1413669600 130368 329033 134506 342703
1413662400 131741 331720 136700 342633
1413655200 130829 323873 137626 338939
1413648000 135827 338763 139808 350839
1413640800 136538 348655 144289 370216
1413633600 140555 357420 147171 374337
1413626400 139980 363826 143145 376220
1413619200 138153 356941 143074 375797
1413612000 138220 349583 144481 363291
1413604800 134747 333507 140439 347748
1413597600 131782 324308 135372 332982
1413590400 130996 320149 133705 327572
1413583200 134133 330178 137511 342310
1413576000 136325 337293 139049 346691
1413568800 134507 331391 137803 339820
1413561600 134889 333737 141111 345571
1413554400 130399 337144 133813 377845
1413547200 125532 313037 134445 336495
1413540000 120718 298323 134854 328448
1413532800 123988 304017 128226 315759
1413525600 124366 307814 128337 322675
1413518400 124422 308212 129013 323112
1413511200 125434 311486 128529 320254
1413504000 123979 307005 132904 326311
1413496800 125916 315031 129068 324216
1413489600 120420 298464 126229 311869
1413482400 118134 293895 123979 311791
1413475200 124562 318932 129199 336769
1413468000 120427 306845 126532 317112
1413460800 121287 298479 125718 309878
1413453600 122293 302964 129390 316031
1413446400 122582 302375 129245 323052
1413439200 125093 303143 129406 313895
1413432000 124011 293588 128174 309534
1413424800 122923 294689 128922 309006
1413417600 118859 285507 126165 308056
1413410400 120783 295049 124175 305667
1413403200 124811 311695 130218 329559
1413396000 122380 303722 126523 315989
1413388800 122261 315104 129410 335867
1413381600 121120 328094 125963 340114
1413374400 120341 320346 125898 337693
1413367200 113513 291908 119550 314144
1413360000 112071 288892 118234 299812
1413352800 114869 290809 121166 305844
1413345600 110469 276788 122445 298159
1413338400 105060 255241 108585 267882
1413331200 104941 249493 111489 267750
1413324000 111972 278026 115776 287169
1413316800 114535 285040 120069 296889
1413309600 117259 293743 121832 311086
1413302400 131982 355626 150266 410030
1413295200 144301 391766 152889 422375
1413288000 139286 369527 150113 400708
1413280800 126537 340967 143155 363143
1413273600 131689 350485 149410 393441
1413266400 135905 358939 147999 393551
1413259200 133704 349939 140466 375181
1413252000 135395 347136 144868 379404
1413244800 135123 336849 151064 382607
1413237600 141330 359412 150569 387723
1413230400 140481 365481 150272 399313
1413223200 135961 357545 151310 394058
1413216000 152038 414944 164988 455793
1413208800 152060 416138 162285 457158
1413201600 151295 413558 160954 453645
1413194400 144458 398032 156716 453310
1413187200 144337 402888 158406 509759
1413180000 141380 374481 149756 406754
1413172800 141018 373317 147294 402738
1413165600 141990 374388 149092 408819
1413158400 140635 357383 157473 414620
1413151200 150417 392083 159277 422970
1413144000 153065 396283 161889 425010
1413136800 152026 398941 162659 428782
1413129600 151721 415081 159568 457481
1413122400 148030 436004 159047 504087
1413115200 150157 428299 164596 469802
1413108000 141997 399280 162951 477776
1413100800 135560 382664 154182 453671
1413093600 151318 435777 165134 492192
1413086400 141674 408611 158694 470045
1413079200 150891 429683 165183 477976
1413072000 155590 443730 170970 496815
1413064800 164410 483278 174992 532080
1413057600 167197 491521 178334 545410
1413050400 164952 475040 177984 523366
1413043200 163771 475963 177096 536378
1413036000 158105 450746 170381 509740
1413028800 156706 429444 166643 472433
1413021600 143212 374113 161162 456933
1413014400 142552 379323 152491 419472
1413007200 152450 409066 165548 457735
1413000000 154840 409974 169275 458022
1412992800 153518 398730 166725 449671
1412985600 150682 381826 164769 426271
1412978400 157584 405970 169460 441482
1412971200 161524 424842 173899 479995
1412964000 164004 444465 174780 479179
1412956800 165239 447539 182035 506855
1412949600 158393 446463 179275 541839
1412942400 155367 416746 170392 462988
1412935200 148599 399352 165533 446855
1412928000 152232 417009 167526 462501
1412920800 151465 407201 165409 448868
1412913600 145143 372622 159643 413314
1412906400 142597 355484 157803 394413
1412899200 146181 363999 165922 423817
1412892000 157984 398092 170057 436148
1412884800 158602 404249 170946 444737
1412877600 158054 412510 172426 464393
1412870400 167857 463298 179761 502431
1412863200 162464 449758 179697 501747
1412856000 166507 452615 178610 497505
1412848800 143322 369624 162376 429663
1412841600 143432 374578 158279 414948
1412834400 149250 378352 164319 421388
1412827200 148557 377606 157875 407527
1412820000 144103 361104 160686 409383
1412812800 136918 333594 146743 361945
1412805600 141775 350775 152007 372816
1412798400 146228 363948 159463 390727
1412791200 138077 342782 147700 366378
1412784000 139774 335112 151703 356954
1412776800 124022 296078 139492 324593
1412769600 120168 293544 125790 307267
1412762400 116588 288479 123188 311971
1412755200 119229 297931 124854 313625
1412748000 121101 303946 126359 316162
1412740800 114579 269864 120632 283448
1412733600 113441 265684 116411 275062
1412726400 114950 265231 122718 282049
1412719200 125163 285990 129010 298197
1412712000 128318 292806 133853 304346
1412704800 128463 297720 132743 314635
1412697600 131735 335639 138440 537684
1412690400 138067 346524 146142 372581
1412683200 152672 416972 176348 494671
1412676000 144766 366862 165632 443093
1412668800 137202 345461 150588 607717
1412661600 127557 392264 162105 760928
1412654400 159427 883336 173830 1154619
1412647200 163830 1015000 181959 1160193
1412640000 166551 817096 189794 1058913
1412632800 178497 846354 194422 1068716
1412625600 177370 947454 188915 1111225
1412618400 175130 1016548 182479 1137903
1412611200 179689 996739 189391 1127422
1412604000 178845 898515 192585 1152987
1412596800 181038 870937 199485 1094764
1412589600 175198 965259 187396 1130111
1412582400 178598 972117 199324 1139786
1412575200 173213 772414 194416 1009011
1412568000 166204 765339 190220 1011725
1412560800 163588 792815 173491 858565
1412553600 159254 821259 176963 1020188
1412546400 160047 887936 169455 1047218
1412539200 155867 899023 164171 1086031
1412532000 149955 1057257 158800 1136406
1412524800 164412 912102 179958 1079010
1412517600 171707 895304 180894 980832
1412510400 165770 831043 179003 945306
1412503200 158540 799302 168863 864912
1412496000 159413 764876 168520 902447
1412488800 163423 823625 173275 949175
1412481600 160979 800017 168112 849959
1412474400 156914 704170 163565 775642
1412467200 156194 703744 162778 764673
1412460000 158727 706978 170105 796392
1412452800 159755 773762 164973 835845
1412445600 161936 815814 174433 919797
1412438400 165591 814311 178069 937588
1412431200 169999 892337 180191 969695
1412424000 169382 876364 183372 933760
1412416800 169459 828481 180770 939639
1412409600 168450 791975 175841 863483
1412402400 168276 781040 177258 877605
1412395200 156350 932394 173551 1100578
1412388000 149835 834118 160128 1007655
1412380800 155760 778301 170799 969833
1412373600 162374 781642 182675 982310
1412366400 165322 742512 178398 814499
1412359200 168417 796213 178481 841443
1412352000 169128 746878 176209 866251
1412344800 159159 802376 171873 972497
1412337600 162884 760847 174179 962263
1412330400 165498 755414 172278 999401
1412323200 155540 899607 163639 1038463
1412316000 158527 886945 166288 1055787
1412308800 159249 917414 169460 1074710
1412301600 152789 947028 159282 1097359
1412294400 153332 877454 164101 1073119
1412287200 152232 769242 162473 957522
1412280000 153571 797937 163793 986432
1412272800 156219 882466 165243 1063345
1412265600 161273 862451 171455 1028293
1412258400 161776 862832 179232 1045664
1412251200 170088 938757 179403 1114315
1412244000 170839 905991 177670 1110945
1412236800 167537 843720 178279 1048601
1412229600 161855 790317 173060 1021757
1412222400 150133 711326 163653 861833
1412215200 150281 808092 162414 1038617
1412208000 145981 692887 159112 870323
1412200800 148158 668281 162494 820581
1412193600 150374 713376 163293 893788
1412186400 158643 766776 174024 984253
1412179200 165406 920628 172111 1074794
1412172000 166525 940916 175298 1072212
1412164800 171841 933884 180529 1067430
1412157600 172236 872667 183184 1085565
1412150400 167265 825222 179805 999292
1412143200 163678 800196 173467 953086
1412136000 156373 766105 165281 927563
1412128800 154565 736465 167831 904358
1412121600 151503 643327 165818 827512
1412114400 153119 679207 167387 839989
1412107200 157745 713696 179783 923847
1412100000 161497 759655 173168 990942
1412092800 159040 771457 174409 951791
1412085600 159559 731242 172611 896230
1412078400 157023 687481 172166 851817
1412071200 150414 616228 163698 721627
1412064000 149386 602860 166997 738413
1412056800 151458 664346 171543 850682
1412049600 160205 728562 179581 935279
1412042400 158269 724415 175652 919932
1412035200 161063 774241 184682 1022861
1412028000 167066 731264 186629 938340
1412020800 163717 739142 183293 949609
1412013600 165933 793352 183363 1037830
1412006400 168670 923116 184940 1115107
1411999200 168503 926790 182610 1111629
1411992000 157906 740046 178247 1028735
1411984800 150367 561113 180019 862470
1411977600 148572 532925 168985 688538
1411970400 137030 482749 158305 607727
1411963200 154816 605788 170843 715047
1411956000 150816 654952 162830 915069
1411948800 152235 713670 163281 866589
1411941600 155297 709548 166517 866835
1411934400 154468 724625 163523 863531
1411927200 160561 670336 179494 814644
1411920000 169398 747603 177717 859307
1411912800 170634 820388 178279 944536
1411905600 161063 810149 170023 1087686
1411898400 154469 669758 163809 812034
1411891200 156194 717848 166286 851138
1411884000 153951 634222 164798 791170
1411876800 159468 657474 168900 790244
1411869600 155726 680796 166722 828210
1411862400 155814 680502 171069 862112
1411855200 165407 765360 175502 927982
1411848000 169412 787553 179897 945023
1411840800 168957 770191 177300 942393
1411833600 169004 704513 182848 892027
1411826400 172651 631421 179502 732392
1411819200 173505 625165 181770 674915
1411812000 171448 634007 181988 675794
1411804800 168071 629137 179780 736654
1411797600 166347 718078 178777 881415
1411790400 162595 665339 181352 832112
1411783200 156105 616550 170528 749293
1411776000 153266 615323 168612 763568
1411768800 161547 652116 174574 845622
1411761600 166545 723703 177902 892353
1411754400 162910 705660 177197 846740
1411747200 160731 691966 169154 914556
1411740000 155279 737003 167922 925267
1411732800 155777 733543 171299 997393
1411725600 143373 646613 158486 849672
1411718400 149203 667607 164319 811754
1411711200 145986 622089 159621 770000
1411704000 144496 581506 159661 730677
1411696800 139055 561318 151950 677678
1411689600 141956 558630 159264 697184
1411682400 153790 584177 172692 726829
1411675200 130791 574992 151733 684154
1411668000 124974 619964 134306 684531
1411660800 124371 603305 141592 697042
1411653600 127778 634969 156056 801259
1411646400 142178 685999 170702 867439
1411639200 124757 623791 139951 710885
1411632000 131154 606864 151455 722838
1411624800 126471 586742 134713 669390
1411617600 124199 612062 134713 741988
1411610400 126729 573021 144927 676010
1411603200 140909 582946 157270 757317
1411596000 142838 675669 156545 806911
1411588800 133926 676418 147679 797397
1411581600 146214 674453 165376 805341
1411574400 160803 681768 174974 855875
1411567200 156617 683743 173903 866746
1411560000 147240 613393 162167 796376
1411552800 150066 640642 163649 775218
1411545600 141396 585524 166159 746131
1411538400 143683 594711 166395 751160
1411531200 142618 566434 158005 691697
1411524000 146223 574559 162624 712587
1411516800 147859 568990 168816 729813
1411509600 154944 551894 169155 670182
1411502400 155668 598245 169249 768853
1411495200 154713 678605 169628 797372
1411488000 148303 677382 159027 837572
1411480800 153503 723840 174953 904045
1411473600 161684 798506 175169 994713
1411466400 157218 747161 173999 959939
1411459200 153718 734262 172751 926577
1411452000 148907 718979 168179 895033
1411444800 148627 685027 165651 880622
1411437600 140781 591560 159532 790725
1411430400 152256 723138 175935 918588
1411423200 163602 761192 180624 940208
1411416000 161587 765912 175670 965318
1411408800 162558 812791 179899 992807
1411401600 166395 806403 180610 977238
1411394400 160622 749015 173919 894140
1411387200 162614 797957 176301 1063231
1411380000 148925 696016 166635 1063231
1411372800 142476 703956 162480 888098
1411365600 137523 652614 153249 826195
1411358400 137792 568471 151249 711404
1411351200 130686 520766 151815 676004
1411344000 125039 507272 143909 637499
1411336800 136324 530184 150759 671650
1411329600 136393 521482 152376 662109
1411322400 142499 547058 163343 730932
1411315200 158520 689760 174080 900442
1411308000 161429 752102 176299 974336
1411300800 162913 757815 176698 963020
1411293600 154376 678080 174803 923100
1411286400 156040 712490 172135 881652
1411279200 166088 783060 179830 942746
1411272000 165232 787536 178430 988319
1411264800 159838 804253 179912 1013872
1411257600 151920 679096 169048 835261
1411250400 157871 771147 175465 975808
1411243200 160456 792737 175638 995472
1411236000 151964 740783 169591 935971
1411228800 164120 748110 178004 924296
1411221600 165563 800919 177123 1001854
1411214400 165569 817627 180633 1058357
1411207200 150055 605028 171360 773855
1411200000 148270 617886 171818 823350
1411192800 151913 683958 168054 853404
1411185600 144852 623142 163943 824155
1411178400 138492 542261 159279 712957
1411171200 136784 516462 160482 702433
1411164000 144541 552300 172168 757989
1411156800 155366 670198 181213 904401
1411149600 153347 672728 169616 832515
1411142400 166748 891536 179843 1087608
1411135200 164796 848209 183710 1052749
1411128000 163655 865795 178268 1041771
1411120800 152363 724457 177431 940769
1411113600 139462 645501 164788 801580
1411106400 132900 585456 152364 723167
1411099200 140224 659590 160858 866888
1411092000 131971 569263 152539 733497
1411084800 129119 512510 156622 682808
1411077600 146952 614169 166690 771257
1411070400 149666 642285 165778 782943
1411063200 144999 620222 168822 807049
1411056000 155288 655670 176104 789356
1411048800 138521 483849 161701 647036
1411041600 74707 209514 126809 480458
1411034400 102645 332854 124932 437807
1411027200 68346 271524 143731 838301
1411020000 139458 736826 155594 972998
1411012800 140785 735953 155359 904417
1411005600 137238 761809 148114 939508
1410998400 136912 690417 158713 881145
1410991200 142964 705946 159119 890490
1410984000 140686 704665 154919 875020
1410976800 141384 720865 152778 931833
1410969600 145595 801452 156581 961144
1410962400 141815 739990 151888 923968
1410955200 131921 650248 149963 807387
1410948000 119521 577302 132848 730931
1410940800 119023 580399 137109 705042
1410933600 124643 588310 136724 713415
1410926400 125204 580060 140590 728801
1410919200 121616 581935 136809 783087
1410912000 121588 608863 136224 791838
1410904800 126703 636380 144119 792658
1410897600 126810 645844 141064 813330
1410890400 130519 696561 145117 890347
1410883200 138443 800570 153940 982875
1410876000 147569 831431 159483 1007657
1410868800 145894 809283 157851 1024676
1410861600 147778 738824 165764 919320
1410854400 138148 685086 154392 857687
1410847200 136816 703881 152793 888152
1410840000 129998 677619 151836 858272
1410832800 116644 544829 139490 795077
1410825600 114345 481627 146039 697656
1410818400 128741 565359 150229 755649
1410811200 134976 583202 155536 795420
1410804000 137790 639532 161711 945279
1410796800 143460 743479 161711 1002457
1410789600 151337 829288 168900 1026323
1410782400 141616 712704 160111 1026323
1410775200 134087 626456 153354 818552
1410768000 132682 614792 156185 778393
1410760800 132767 627501 154670 786360
1410753600 140772 659689 158499 829475
1410746400 129905 592787 148152 779633
1410739200 132274 611495 160729 853728
1410732000 144881 641041 165333 827105
1410724800 149839 691608 170426 878550
1410717600 150188 708672 170426 881245
1410710400 162766 760595 189226 946416
1410703200 165875 742854 183655 895633
1410696000 171675 775492 188881 975868
1410688800 170429 769021 189384 939280
1410681600 156140 642535 183574 954236
1410674400 152409 599484 179242 860820
1410667200 163185 718242 185300 926094
1410660000 165173 797198 184085 983955
1410652800 162083 772530 185414 973825
1410645600 166306 760178 194453 950658
1410638400 174791 795491 195563 1017612
1410631200 162950 799112 189742 1027644
1410624000 159704 818785 175622 1015569
1410616800 157883 732763 179315 1011342
1410609600 160204 765012 179852 979770
1410602400 150537 668673 176507 913591
1410595200 157179 662335 177811 867204
1410588000 148839 636619 182508 874295
1410580800 136896 592498 171426 827005
1410573600 134187 550210 162045 774911
1410566400 124084 457943 155702 607952
1410559200 153336 605738 183400 813598
1410552000 158970 626899 188201 812884
1410544800 150955 586406 175990 795556
1410537600 150544 565527 176110 708902
1410530400 139905 507824 167113 676176
1410523200 118192 380339 149036 515196
1410516000 336211 887520 5674561 12367178
1410508800 140331 630619 159378 736239
1410501600 150567 691505 160795 782708
1410494400 153571 712095 161739 839234
1410487200 144596 646997 155096 792084
1410480000 150704 661593 166884 788405
1410472800 158366 711023 175224 852188
1410465600 159369 743490 168479 852517
1410458400 159686 694064 169875 852517
1410451200 160337 717424 168096 824965
1410444000 172797 694626 194664 860191
1410436800 158960 626019 171115 743580
1410429600 148899 600627 160747 686589
1410422400 145227 590470 153457 727013
1410415200 143980 611869 156558 718388
1410408000 143796 592998 155940 718856
1410400800 133032 504150 147190 632079
1410393600 130796 498180 143281 601829
1410386400 141606 563799 154070 666339
1410379200 146587 578157 156055 711791
1410372000 149212 590233 164582 705518
1410364800 163693 752146 170513 852571
1410357600 164796 742562 181662 848647
1410350400 181162 739854 199742 932843
1410343200 169932 648831 190473 786344
1410336000 155849 526108 182113 712311
1410328800 158027 588286 175718 771786
1410321600 164707 643524 183287 808579
1410314400 164038 659553 185157 949685
1410307200 171164 788826 194702 1048956
1410300000 181488 883797 195614 1061114
1410292800 181140 943235 190553 1109338
1410285600 179122 1075880 199220 1153100
1410278400 180604 1102031 191360 1159175
1410271200 175709 1070166 195355 1172374
1410264000 176003 1075262 184351 1155551
1410256800 175669 1055764 183366 1154126
1410249600 171599 1021889 180269 1140665
1410242400 170503 988715 180484 1131383
1410235200 168580 1027420 172799 1134339
1410228000 170088 981713 181177 1112003
1410220800 165602 861507 180046 1134653
1410213600 184234 936964 198284 1092144
1410206400 180506 983987 189387 1152708
1410199200 151375 697312 175390 1173611
1410192000 169590 1107327 192536 1219606
1410184800 171514 1118157 187783 1163374
1410177600 174405 1117683 191309 1180556
1410170400 174396 1100666 188325 1143117
1410163200 171766 957425 186384 1101592
1410156000 368887 1024128 4875675 1167266
1410148800 172848 1080760 185351 1167446
1410141600 169626 1097694 181918 1166303
1410134400 175880 961923 192706 1152569
1410127200 177139 902653 196318 1112040
1410120000 175538 905215 191291 1097161
1410112800 176247 928554 190210 1118856
1410105600 185155 993617 197020 1136087
1410098400 184059 1056676 198428 1167777
1410091200 180425 1079110 193287 1149267
1410084000 182868 1000151 193981 1159969
1410076800 181249 960342 200987 1136195
1410069600 179654 955914 191841 1130191
1410062400 175796 981784 192652 1122080
1410055200 175570 1013035 184000 1146462
1410048000 177624 918674 194032 1124853
1410040800 179501 871666 195778 1091373
1410033600 166310 809230 185759 1068520
1410026400 172140 840520 190687 1084853
1410019200 177320 763482 202609 1034743
1410012000 183482 839940 202385 1070475
1410004800 185965 888710 204592 1099736
1409997600 176277 794339 198023 986606
1409990400 173547 712840 191750 910441
1409983200 156259 620360 185671 841347
1409976000 160809 748353 173517 949833
1409968800 143760 805435 153708 949833
1409961600 140348 744003 152197 961034
1409954400 144644 728322 153127 961034
1409947200 158605 685124 172384 768206
1409940000 166410 730731 175526 795149
1409932800 159977 718915 171638 1017915
1409925600 152352 745102 163632 943627
1409918400 142429 748989 156341 881799
1409911200 139555 778317 151906 904137
1409904000 139183 826254 148903 976384
1409896800 134347 741326 143104 875540
1409889600 139852 767005 149774 874650
1409882400 139048 752029 149774 859000
1409875200 139817 641526 164664 798536
1409868000 156538 748423 172641 964359
1409860800 159441 894460 165515 1020493
1409853600 154268 920957 164509 1063868
1409846400 159702 788286 169764 1057140
1409839200 162399 837736 176146 1040518
1409832000 151982 840426 162426 1020865
1409824800 140662 678312 157709 876248
1409817600 130310 614979 150775 770470
1409810400 131972 626339 153414 818548
1409803200 135206 591734 148691 774538
1409796000 131530 617301 147688 799857
1409788800 140220 635632 160895 835256
1409781600 151434 724375 160775 880762
1409774400 152064 756558 164969 920023
1409767200 150389 755731 159628 936623
1409760000 150196 804559 162564 964296
1409752800 152102 814792 159912 979196
1409745600 144937 731230 164476 966276
1409738400 136982 584324 150057 706844
1409731200 132028 575772 149305 705274
1409724000 132728 571922 147796 681176
1409716800 138759 583116 151575 695694
1409709600 133568 519692 145738 648593
1409702400 131413 492763 147278 624244
1409695200 147998 579918 168042 753644
1409688000 154678 629367 175285 777704
1409680800 147951 624984 161295 795448
1409673600 146107 660261 163409 863978
1409666400 156001 707806 183513 898499
1409659200 152815 641042 170837 865810
1409652000 147297 654265 169172 865810
1409644800 143944 643528 160049 802265
1409637600 148569 690602 168640 974873
1409630400 152114 789352 168076 999125
1409623200 147387 752839 168030 963490
1409616000 161784 763301 188726 1114432
1409529600 173978 748473 201185 1145165
1409443200 173782 647401 278930 978472
1409356800 180303 761718 221710 1118901
1409270400 160438 696139 215340 1083795
1409184000 144889 612710 173197 841434
1409097600 143758 599619 173965 802697
1409011200 144328 589648 188260 867509
1408924800 145929 587911 167796 791385
1408838400 151851 641880 180854 961664
1408752000 153510 648511 176923 843532
1408665600 139300 603629 165588 803297
1408579200 134406 596298 154818 876253
1408492800 138505 633707 160706 884545
1408406400 143664 615812 171212 793453
1408320000 147708 608392 176027 926210
1408233600 152939 581387 184405 829015
1408147200 147689 590927 179564 874388
1408060800 157502 618243 198847 969913
1407974400 148609 550237 194882 872095
1407888000 134455 534759 159750 754198
1407801600 145559 583940 166417 751173
1407715200 157374 678680 187585 893739
1407628800 141384 653499 173525 841596
1407542400 139036 643634 157718 785985
1407456000 139738 623681 158791 810523
1407369600 151461 771641 179632 1106044
1407283200 158541 809433 183306 1060771
1407196800 161601 838407 189266 1076454
1407110400 174027 803972 202257 1078528
1407024000 182689 884481 260534 1175376
1406937600 181376 859458 207771 1082852
1406851200 172310 817020 217683 1077359
1406764800 161299 834794 193311 1080956
1406678400 150782 783212 184730 1083991
1406592000 144925 708052 181970 1042988
1406505600 164346 818059 189803 1089294
1406419200 157508 769060 188427 1078478
1406332800 151180 743553 185040 1051055
1406246400 145856 748330 182311 1083173
1406160000 155244 768358 185702 1077564
1406073600 162201 785048 201491 1108621
1405987200 148288 725644 197944 1047846
1405900800 139709 740913 172151 1083885
1405814400 140030 710829 175792 1062656
1405728000 137498 721124 174221 1061540
1405641600 134847 812050 160849 1076561
1405555200 143663 858888 167445 1102392
1405468800 137502 773036 165894 1088617
1405382400 136231 691314 163862 1033329
1405296000 147434 721068 179292 1024405
1405209600 147752 738671 171485 1019405
1405123200 144731 748708 176222 1054045
1405036800 145512 802559 173190 1091821
1404950400 158787 811799 189640 1105613
1404864000 148230 759503 192600 1059046
1404777600 137449 797482 162591 1087758
1404691200 140009 787686 170958 1097641
1404604800 141114 791433 170712 1101422
1404518400 132804 742374 165143 1074389
1404432000 125665 663882 161691 1061690
1404345600 132942 712573 163818 1055566
1404259200 139012 754495 174883 1057792
1404172800 136459 761541 162104 1032006
1404086400 146946 763050 175715 1063764
1404000000 151488 762135 178493 1068864
1403913600 136512 658572 162353 984544
1403827200 145201 764377 166195 1022283
1403740800 146010 719896 173340 1001030
1403654400 146435 659858 173589 1006313
1403568000 157145 636156 194621 849239
1403481600 137596 548261 189243 741082
1403395200 131411 600757 157078 910522
1403308800 144588 680215 176040 1078757
1403222400 140120 708170 171505 977444
1403136000 137720 658841 172169 938298
1403049600 143959 688253 169389 922341
1402963200 149102 702658 177292 957649
1402876800 148878 621607 186658 934546
1402790400 142489 510797 190429 923686
1402704000 138794 510987 168600 766929
1402617600 140846 582899 180725 892588
1402531200 150797 621113 191698 907857
1402444800 153625 667342 198518 931637
1402358400 123342 627846 149534 940703
1402272000 145844 719483 176659 935058
1402185600 140476 701614 177373 996120
1402099200 137110 682699 166484 892188
1402012800 138601 746873 172085 1004212
1401926400 143811 810314 167378 1050009
1401840000 139269 829951 171994 1080925
1401753600 155806 937792 179509 1150995
1401667200 164339 857730 189897 1143758
1401580800 170347 919187 192032 1122569
1401494400 164830 797321 205798 1085950
1401408000 144249 683674 189456 1016572
1401321600 131559 691257 153963 928607
1401235200 131103 666109 161524 930328
1401148800 139221 728289 164364 973118
1401062400 154099 728388 187014 923206
1400976000 164676 756771 186901 1002568
1400889600 157436 761385 182295 1061279
1400803200 148802 736562 179289 1082464
1400716800 147518 653671 176779 913152
1400630400 155423 747153 179933 1007526
1400544000 163115 747823 193678 993127
1400457600 172962 779149 202624 1033831
1400371200 161409 596471 197873 808798
1400284800 147761 605020 207474 900018
1400198400 127535 492322 155761 896810
1400112000 132877 458686 149240 596504
1400025600 136944 502896 172278 938994
1399939200 145361 541048 161737 644703
1399852800 165436 599382 192279 799389
1399766400 172302 668172 198457 856215
1399680000 146053 594477 189505 839613
1399593600 129496 556387 156943 739524
1399507200 134875 606206 161038 812299
1399420800 134547 591134 158060 791610
1399334400 132031 572765 154198 777662
1399248000 189140 635899 495678 871503
1399161600 134944 719914 161206 1047248
1399075200 144925 724893 172398 1077682
1398988800 150269 803119 177484 1110988
1398902400 172227 732174 4492988 4347759
1398816000 110719 473866 132692 664605
1398729600 117228 492007 139227 711605
1398643200 131464 512799 154257 703541
1398556800 128161 522788 150843 680769
1398470400 110824 472687 141128 618881
1398384000 207321 473850 1623247 652445
1398297600 272766 497033 1095110 666420
1398211200 113981 492663 139546 670584
1398124800 123786 514803 146987 685113
1398038400 127635 496736 151322 676208
1397952000 123635 504170 146942 736147
1397865600 139745 583300 175628 809292
1397779200 145500 604929 170230 853680
1397692800 122056 455752 173835 754679
1397606400 120662 374520 172714 578957
1397520000 104225 336787 155406 486380
1397433600 106393 383274 135013 531429
1397347200 105965 445074 129051 628318
1397260800 111510 482873 133691 631810
1397174400 107470 500368 128711 684381
1397088000 105159 443925 127859 680806
1397001600 99407 408460 134384 668965
1396915200 119192 537409 140220 709634
1396828800 121661 471911 142688 646842
1396742400 111889 435078 132835 624415
1396656000 114624 441282 151332 742727
1396569600 101318 369168 140653 611818
1396483200 105929 378142 138711 585370
1396396800 116170 405062 148768 600291
1396310400 114937 420344 149589 639952
1396224000 121586 414247 159915 603979
1396137600 134562 483861 170707 648130
1396051200 115625 432936 159594 649516
1395964800 115645 433519 152170 582840
1395878400 111115 437644 142990 619604
1395792000 110975 454692 145886 637737
1395705600 110867 426949 159296 730455
1395619200 126739 432539 177071 873156
1395532800 107610 383117 134107 534414
1395446400 107254 387893 130454 558483
1395360000 109094 387181 137175 558580
1395273600 108003 380971 142229 542789
1395187200 108759 362948 136232 513663
1395100800 121129 415069 151329 599048
1395014400 132122 495711 158317 734231
1394928000 129197 494110 155898 662337
1394841600 134011 526851 165681 712930
1394755200 122369 523275 150093 684999
1394668800 116741 530618 140181 668270
1394582400 129315 614676 156211 797530
1394496000 116784 566744 144980 779928
1394409600 124751 567800 171255 881665
1394323200 144687 657880 171907 904021
1394236800 132754 588331 171794 918941
1394150400 131395 574848 167163 861365
1394064000 133945 576080 177527 888705
1393977600 131020 514961 167943 748200
1393891200 201695 677954 263411 1041838
1393804800 255204 887640 285301 1106368
1393718400 252310 921963 282275 1177341
1393632000 242091 935110 275787 1182328
1393545600 228508 844750 254838 1032181
1393459200 225195 833897 249976 1053982
1393372800 229768 834879 256399 1055830
1393286400 242030 862285 271122 1088107
1393200000 243338 870571 278836 1082550
1393113600 240275 766215 269228 936824
1393027200 241207 776042 278631 1033426
1392940800 238680 910690 272335 1210357
1392854400 237481 861981 272885 1200616
1392768000 241973 736651 272798 1043301
1392681600 240965 657067 272179 879877
1392595200 261409 705569 298316 892383
1392508800 238300 662756 265944 806816
1392422400 236493 667780 278174 827169
1392336000 248354 691922 283801 841517
1392249600 243997 688309 269158 784598
1392163200 236281 657664 270798 756159
1392076800 226840 639639 248597 745921
1391990400 221312 648296 243672 757575
1391904000 202775 597116 224656 714523
1391817600 196049 570843 215540 678236
1391731200 209381 623065 231530 715878
1391644800 251961 724303 297381 881450
1391558400 281792 797209 303458 919331
1391472000 297638 884506 323786 1032205
1391385600 303361 869502 332381 992281
1391299200 304526 906180 333760 1016656
1391212800 269555 789124 301276 956274
1391126400 288266 822762 312446 959894
1391040000 291118 895340 332588 1056583
1390953600 300971 957604 318503 1096041
1390867200 312893 918086 333949 1009576
1390780800 308903 906405 878215 1044156
1390694400 284060 842425 305580 959794
1390608000 269687 756290 311521 1048493
1390521600 272996 766809 306475 926176
1390435200 281483 799426 310311 939193
1390348800 273397 713800 314196 844579
1390262400 277103 730033 314516 845980
1390176000 302144 802425 378212 920779
1390089600 301967 828785 334923 953783
1390003200 282709 800697 309987 939744
1389916800 285092 811492 309272 924566
1389830400 274959 729889 307337 842868
1389744000 285593 758820 321742 864047
1389657600 153690 469132 239591 885913
1389571200 0 0 0 0
1389484800 0 0 0 0
1389398400 0 0 0 0
1389312000 0 0 0 0
1389225600 0 0 0 0
1389139200 0 0 0 0
1389052800 0 0 0 0
1388966400 0 0 0 0
1388880000 0 0 0 0
1388793600 0 0 0 0
1388707200 0 0 0 0
1388620800 0 0 0 0
1388534400 0 0 0 0
1388448000 0 0 0 0
1388361600 0 0 0 0
1388275200 0 0 0 0
1388188800 0 0 0 0
1388102400 0 0 0 0
1388016000 0 0 0 0
1387929600 0 0 0 0
1387843200 0 0 0 0
1387756800 0 0 0 0
1387670400 0 0 0 0
1387584000 0 0 0 0
1387497600 0 0 0 0
1387411200 0 0 0 0
1387324800 0 0 0 0
1387238400 0 0 0 0
1387152000 0 0 0 0
1387065600 0 0 0 0
1386979200 0 0 0 0
1386892800 0 0 0 0
1386806400 0 0 0 0
1386720000 0 0 0 0
1386633600 0 0 0 0
1386547200 0 0 0 0
1386460800 0 0 0 0
1386374400 0 0 0 0
1386288000 0 0 0 0
1386201600 0 0 0 0
1386115200 0 0 0 0
1386028800 0 0 0 0
1385942400 0 0 0 0
1385856000 0 0 0 0
1385769600 0 0 0 0
1385683200 0 0 0 0
1385596800 0 0 0 0
1385510400 0 0 0 0
1385424000 0 0 0 0
1385337600 0 0 0 0
1385251200 0 0 0 0
1385164800 0 0 0 0
1385078400 0 0 0 0
1384992000 0 0 0 0
1384905600 0 0 0 0
1384819200 0 0 0 0
1384732800 0 0 0 0
1384646400 0 0 0 0
1384560000 0 0 0 0
1384473600 0 0 0 0
1384387200 0 0 0 0
1384300800 0 0 0 0
1384214400 0 0 0 0
1384128000 0 0 0 0
1384041600 0 0 0 0
1383955200 0 0 0 0
1383868800 0 0 0 0
1383782400 0 0 0 0
1383696000 0 0 0 0
1383609600 0 0 0 0
1383523200 0 0 0 0
1383436800 0 0 0 0
1383350400 0 0 0 0
1383264000 0 0 0 0
1383177600 0 0 0 0
1383091200 0 0 0 0
1383004800 0 0 0 0
1382918400 0 0 0 0
1382832000 0 0 0 0
1382745600 0 0 0 0
1382659200 0 0 0 0
1382572800 0 0 0 0
1382486400 0 0 0 0
1382400000 0 0 0 0
1382313600 0 0 0 0
1382227200 0 0 0 0
1382140800 0 0 0 0
1382054400 0 0 0 0
1381968000 0 0 0 0
1381881600 0 0 0 0
1381795200 0 0 0 0
1381708800 0 0 0 0
1381622400 0 0 0 0
1381536000 0 0 0 0
1381449600 0 0 0 0
1381363200 0 0 0 0
1381276800 0 0 0 0
1381190400 0 0 0 0
1381104000 0 0 0 0
1381017600 0 0 0 0
1380931200 0 0 0 0
1380844800 0 0 0 0
1380758400 0 0 0 0
1380672000 0 0 0 0
1380585600 0 0 0 0
1380499200 0 0 0 0
1380412800 0 0 0 0
1380326400 0 0 0 0
1380240000 0 0 0 0
1380153600 0 0 0 0
1380067200 0 0 0 0
1379980800 0 0 0 0
1379894400 0 0 0 0
1379808000 0 0 0 0
1379721600 0 0 0 0
1379635200 0 0 0 0
1379548800 0 0 0 0
1379462400 0 0 0 0
1379376000 0 0 0 0
1379289600 0 0 0 0
1379203200 0 0 0 0
1379116800 0 0 0 0
1379030400 0 0 0 0
1378944000 0 0 0 0
1378857600 0 0 0 0
1378771200 0 0 0 0
1378684800 0 0 0 0
1378598400 0 0 0 0
1378512000 0 0 0 0
1378425600 0 0 0 0
1378339200 0 0 0 0
1378252800 0 0 0 0
1378166400 0 0 0 0
1378080000 0 0 0 0
1377993600 0 0 0 0
1377907200 0 0 0 0
1377820800 0 0 0 0
1377734400 0 0 0 0
1377648000 0 0 0 0
1377561600 0 0 0 0
1377475200 0 0 0 0
1377388800 0 0 0 0
1377302400 0 0 0 0
1377216000 0 0 0 0
1377129600 0 0 0 0
1377043200 0 0 0 0
1376956800 0 0 0 0
1376870400 0 0 0 0
1376784000 0 0 0 0
1376697600 0 0 0 0
1376611200 0 0 0 0
1376524800 0 0 0 0
1376438400 0 0 0 0
1376352000 0 0 0 0
1376265600 0 0 0 0
1376179200 0 0 0 0
1376092800 0 0 0 0
1376006400 0 0 0 0
1375920000 0 0 0 0
1375833600 0 0 0 0
1375747200 0 0 0 0
1375660800 0 0 0 0
1375574400 0 0 0 0
1375488000 0 0 0 0
1375401600 0 0 0 0
1375315200 0 0 0 0
1375228800 0 0 0 0
1375142400 0 0 0 0
1375056000 0 0 0 0
1374969600 0 0 0 0
1374883200 0 0 0 0
1374796800 0 0 0 0
1374710400 0 0 0 0
1374624000 0 0 0 0
1374537600 0 0 0 0
1374451200 0 0 0 0
1374364800 0 0 0 0
1374278400 0 0 0 0
1374192000 0 0 0 0
1374105600 0 0 0 0
1374019200 0 0 0 0
1373932800 0 0 0 0
1373846400 0 0 0 0
1373760000 0 0 0 0
1373673600 0 0 0 0
1373587200 0 0 0 0
1373500800 0 0 0 0
1373414400 0 0 0 0
1373328000 0 0 0 0
1373241600 0 0 0 0
1373155200 0 0 0 0
1373068800 0 0 0 0
1372982400 0 0 0 0
1372896000 0 0 0 0
1372809600 0 0 0 0
1372723200 0 0 0 0
1372636800 0 0 0 0
1372550400 0 0 0 0
1372464000 0 0 0 0
1372377600 0 0 0 0
1372291200 0 0 0 0
1372204800 0 0 0 0
1372118400 0 0 0 0
1372032000 0 0 0 0
1371945600 0 0 0 0
1371859200 0 0 0 0
1371772800 0 0 0 0
1371686400 0 0 0 0
1371600000 0 0 0 0
1371513600 0 0 0 0
1371427200 0 0 0 0
1371340800 0 0 0 0
1371254400 0 0 0 0
1371168000 0 0 0 0
1371081600 0 0 0 0
1370995200 0 0 0 0
1370908800 0 0 0 0
1370822400 0 0 0 0
1370736000 0 0 0 0
1370649600 0 0 0 0
1370563200 0 0 0 0
1370476800 0 0 0 0
1370390400 0 0 0 0
1370304000 0 0 0 0
1370217600 0 0 0 0
1370131200 0 0 0 0
1370044800 0 0 0 0
1369958400 0 0 0 0
1369872000 0 0 0 0
1369785600 0 0 0 0
1369699200 0 0 0 0
1369612800 0 0 0 0
1369526400 0 0 0 0
1369440000 0 0 0 0
1369353600 0 0 0 0
1369267200 0 0 0 0
1369180800 0 0 0 0
1369094400 0 0 0 0
1369008000 0 0 0 0
1368921600 0 0 0 0
1368835200 0 0 0 0
1368748800 0 0 0 0
1368662400 0 0 0 0
1368576000 0 0 0 0
1368489600 0 0 0 0
1368403200 0 0 0 0
1368316800 0 0 0 0
1368230400 0 0 0 0
1368144000 0 0 0 0
1368057600 0 0 0 0
1367971200 0 0 0 0
1367884800 0 0 0 0
1367798400 0 0 0 0
1367712000 0 0 0 0
1367625600 0 0 0 0
1367539200 0 0 0 0
1367452800 0 0 0 0
1367366400 0 0 0 0
1367280000 0 0 0 0
1367193600 0 0 0 0
1367107200 0 0 0 0
1367020800 0 0 0 0
1366934400 0 0 0 0
1366848000 0 0 0 0
1366761600 0 0 0 0
1366675200 0 0 0 0
1366588800 0 0 0 0
1366502400 0 0 0 0
1366416000 0 0 0 0
1366329600 0 0 0 0
1366243200 0 0 0 0
1366156800 0 0 0 0
1366070400 0 0 0 0
1365984000 0 0 0 0
1365897600 0 0 0 0
1365811200 0 0 0 0
1365724800 0 0 0 0
1365638400 0 0 0 0
1365552000 0 0 0 0
1365465600 0 0 0 0
1365379200 0 0 0 0
1365292800 0 0 0 0
1365206400 0 0 0 0
1365120000 0 0 0 0
1365033600 0 0 0 0
1364947200 0 0 0 0
1364860800 0 0 0 0
1364774400 0 0 0 0
1364688000 0 0 0 0
1364601600 0 0 0 0
1364515200 0 0 0 0
1364428800 0 0 0 0
1364342400 0 0 0 0
1364256000 0 0 0 0
1364169600 0 0 0 0
1364083200 0 0 0 0
1363996800 0 0 0 0
1363910400 0 0 0 0
1363824000 0 0 0 0
1363737600 0 0 0 0
1363651200 0 0 0 0
1363564800 0 0 0 0
1363478400 0 0 0 0
1363392000 0 0 0 0
1363305600 0 0 0 0
1363219200 0 0 0 0
1363132800 0 0 0 0
1363046400 0 0 0 0
1362960000 0 0 0 0
1362873600 0 0 0 0
1362787200 0 0 0 0
1362700800 0 0 0 0
1362614400 0 0 0 0
1362528000 0 0 0 0
1362441600 0 0 0 0
1362355200 0 0 0 0
1362268800 0 0 0 0
1362182400 0 0 0 0
1362096000 0 0 0 0
1362009600 0 0 0 0
1361923200 0 0 0 0
1361836800 0 0 0 0
1361750400 0 0 0 0
1361664000 0 0 0 0
1361577600 0 0 0 0
1361491200 0 0 0 0
1361404800 0 0 0 0
1361318400 0 0 0 0
1361232000 0 0 0 0
1361145600 0 0 0 0
1361059200 0 0 0 0
1360972800 0 0 0 0
1360886400 0 0 0 0
1360800000 0 0 0 0
1360713600 0 0 0 0
1360627200 0 0 0 0
1360540800 0 0 0 0
1360454400 0 0 0 0
1360368000 0 0 0 0
1360281600 0 0 0 0
1360195200 0 0 0 0
1360108800 0 0 0 0
1360022400 0 0 0 0
1359936000 0 0 0 0
1359849600 0 0 0 0
1359763200 0 0 0 0
1359676800 0 0 0 0
1359590400 0 0 0 0
1359504000 0 0 0 0
1359417600 0 0 0 0
1359331200 0 0 0 0
1359244800 0 0 0 0
1359158400 0 0 0 0
1359072000 0 0 0 0
1358985600 0 0 0 0
1358899200 0 0 0 0
1358812800 0 0 0 0
1358726400 0 0 0 0
1358640000 0 0 0 0
1358553600 0 0 0 0
1358467200 0 0 0 0
1358380800 0 0 0 0
1358294400 0 0 0 0
1358208000 0 0 0 0
1358121600 0 0 0 0
1358035200 0 0 0 0
1357948800 0 0 0 0
1357862400 0 0 0 0
1357776000 0 0 0 0
1357689600 0 0 0 0
1357603200 0 0 0 0
1357516800 0 0 0 0
1357430400 0 0 0 0
1357344000 0 0 0 0
1357257600 0 0 0 0
1357171200 0 0 0 0
1357084800 0 0 0 0
1356998400 0 0 0 0
1356912000 0 0 0 0
1356825600 0 0 0 0
1356739200 0 0 0 0
1356652800 0 0 0 0
1356566400 0 0 0 0
1356480000 0 0 0 0
1356393600 0 0 0 0
1356307200 0 0 0 0
1356220800 0 0 0 0
1356134400 0 0 0 0
1356048000 0 0 0 0
1355961600 0 0 0 0
1355875200 0 0 0 0
1355788800 0 0 0 0
1355702400 0 0 0 0
1355616000 0 0 0 0
1355529600 0 0 0 0
1355443200 0 0 0 0
1355356800 0 0 0 0
1355270400 0 0 0 0
1355184000 0 0 0 0
1355097600 0 0 0 0
1355011200 0 0 0 0
1354924800 0 0 0 0
1354838400 0 0 0 0
1354752000 0 0 0 0
1354665600 0 0 0 0
1354579200 0 0 0 0
1354492800 0 0 0 0
1354406400 0 0 0 0
1354320000 0 0 0 0
1354233600 0 0 0 0
1354147200 0 0 0 0
1354060800 0 0 0 0
1353974400 0 0 0 0
1353888000 0 0 0 0
1353801600 0 0 0 0
1353715200 0 0 0 0
1353628800 0 0 0 0
1353542400 0 0 0 0
1353456000 0 0 0 0
1353369600 0 0 0 0
1353283200 0 0 0 0
1353196800 0 0 0 0
1353110400 0 0 0 0
1353024000 0 0 0 0
1352937600 0 0 0 0
1352851200 0 0 0 0
1352764800 0 0 0 0
1352678400 0 0 0 0
1352592000 0 0 0 0
1352505600 0 0 0 0
1352419200 0 0 0 0
1352332800 0 0 0 0
1352246400 0 0 0 0
1352160000 0 0 0 0
1352073600 0 0 0 0
1351987200 0 0 0 0
1351900800 0 0 0 0
1351814400 0 0 0 0
1351728000 0 0 0 0
1351641600 0 0 0 0
1351555200 0 0 0 0
1351468800 0 0 0 0
1351382400 0 0 0 0
1351296000 0 0 0 0
1351209600 0 0 0 0
1351123200 0 0 0 0
1351036800 0 0 0 0
1350950400 0 0 0 0
1350864000 0 0 0 0
1350777600 0 0 0 0
1350691200 0 0 0 0
1350604800 0 0 0 0
1350518400 0 0 0 0
1350432000 0 0 0 0
1350345600 0 0 0 0
1350259200 0 0 0 0
1350172800 0 0 0 0
1350086400 0 0 0 0
1350000000 0 0 0 0
1349913600 0 0 0 0
1349827200 0 0 0 0
1349740800 0 0 0 0
1349654400 0 0 0 0
1349568000 0 0 0 0
1349481600 0 0 0 0
1349395200 0 0 0 0
1349308800 0 0 0 0
1349222400 0 0 0 0
1349136000 0 0 0 0
1349049600 0 0 0 0
1348963200 0 0 0 0
1348876800 0 0 0 0
1348790400 0 0 0 0
1348704000 0 0 0 0
1348617600 0 0 0 0
1348531200 0 0 0 0
1348444800 0 0 0 0
1348358400 0 0 0 0
1348272000 0 0 0 0
1348185600 0 0 0 0
1348099200 0 0 0 0
1348012800 0 0 0 0
1347926400 0 0 0 0
1347840000 0 0 0 0
1347753600 0 0 0 0
1347667200 0 0 0 0
1347580800 0 0 0 0
1347494400 0 0 0 0
1347408000 0 0 0 0
1347321600 0 0 0 0
1347235200 0 0 0 0
1347148800 0 0 0 0
1347062400 0 0 0 0
1346976000 0 0 0 0
1346889600 0 0 0 0
1346803200 0 0 0 0
1346716800 0 0 0 0
1346630400 0 0 0 0
1346544000 0 0 0 0
1346457600 0 0 0 0
