
执行时段错误：*cannot bind a functional to an object with a pending replace_program()

程式：/inherit/room/room.lpc 第 70 行
物件：/clone/misc/void
呼叫来自：/d/migong/lev12/dong75.lpc 的 create() 第 20 行，物件： /d/migong/lev12/dong75
呼叫来自：/inherit/room/room.lpc 的 setup() 第 290 行，物件： /d/migong/lev12/dong75
呼叫来自：/inherit/room/room.lpc 的 reset() 第 143 行，物件： /d/migong/lev12/dong75
呼叫来自：/inherit/room/room.lpc 的 make_inventory() 第 25 行，物件： /d/migong/lev12/dong75
呼叫来自：/d/migong/lev12/npc/lev6.lpc 的 create() 第 143 行，物件： /d/migong/lev12/npc/lev6#5450 ("范昌")
呼叫来自：/inherit/char/npc.lpc 的 add_money() 第 53 行，物件： /d/migong/lev12/npc/lev6#5450 ("范昌")
呼叫来自：/inherit/item/combined.lpc 的 set_amount() 第 38 行，物件： /clone/money/gold#5453 ("[33m黄金[2;37;0m")
呼叫来自：/feature/move.lpc 的 move() 第 242 行，物件： /clone/money/gold#5453 ("[33m黄金[2;37;0m")
呼叫来自：/inherit/room/room.lpc 的 xyzx_system_clean_up() 第 70 行，物件： /clone/misc/void

执行时段错误：*cannot bind a functional to an object with a pending replace_program()

程式：/inherit/room/room.lpc 第 70 行
物件：/clone/misc/void
呼叫来自：/d/migong/lev12/dong50.lpc 的 create() 第 20 行，物件： /d/migong/lev12/dong50
呼叫来自：/inherit/room/room.lpc 的 setup() 第 290 行，物件： /d/migong/lev12/dong50
呼叫来自：/inherit/room/room.lpc 的 reset() 第 158 行，物件： /d/migong/lev12/dong50
呼叫来自：/inherit/char/npc.lpc 的 full_home_npc() 第 167 行，物件： /d/migong/lev12/npc/lev3#5462 ("花小熙")
呼叫来自：/d/migong/lev12/npc/lev3.lpc 的 create() 第 137 行，物件： /d/migong/lev12/npc/lev3#5462 ("花小熙")
呼叫来自：/inherit/char/npc.lpc 的 add_money() 第 53 行，物件： /d/migong/lev12/npc/lev3#5462 ("花小熙")
呼叫来自：/inherit/item/combined.lpc 的 set_amount() 第 38 行，物件： /clone/money/gold#5465 ("[33m黄金[2;37;0m")
呼叫来自：/feature/move.lpc 的 move() 第 242 行，物件： /clone/money/gold#5465 ("[33m黄金[2;37;0m")
呼叫来自：/inherit/room/room.lpc 的 xyzx_system_clean_up() 第 70 行，物件： /clone/misc/void

执行时段错误：*cannot bind a functional to an object with a pending replace_program()

程式：/inherit/room/room.lpc 第 70 行
物件：/clone/misc/void
呼叫来自：/d/migong/lev12/dong94.lpc 的 create() 第 20 行，物件： /d/migong/lev12/dong94
呼叫来自：/inherit/room/room.lpc 的 setup() 第 290 行，物件： /d/migong/lev12/dong94
呼叫来自：/inherit/room/room.lpc 的 reset() 第 143 行，物件： /d/migong/lev12/dong94
呼叫来自：/inherit/room/room.lpc 的 make_inventory() 第 25 行，物件： /d/migong/lev12/dong94
呼叫来自：/d/migong/lev12/npc/lev1.lpc 的 create() 第 144 行，物件： /d/migong/lev12/npc/lev1#5469 ("况晓剑")
呼叫来自：/inherit/char/npc.lpc 的 add_money() 第 53 行，物件： /d/migong/lev12/npc/lev1#5469 ("况晓剑")
呼叫来自：/inherit/item/combined.lpc 的 set_amount() 第 38 行，物件： /clone/money/gold#5472 ("[33m黄金[2;37;0m")
呼叫来自：/feature/move.lpc 的 move() 第 242 行，物件： /clone/money/gold#5472 ("[33m黄金[2;37;0m")
呼叫来自：/inherit/room/room.lpc 的 xyzx_system_clean_up() 第 70 行，物件： /clone/misc/void

执行时段错误：*cannot bind a functional to an object with a pending replace_program()

程式：/inherit/room/room.lpc 第 70 行
物件：/clone/misc/void
呼叫来自：/d/migong/lev12/dong78.lpc 的 create() 第 20 行，物件： /d/migong/lev12/dong78
呼叫来自：/inherit/room/room.lpc 的 setup() 第 290 行，物件： /d/migong/lev12/dong78
呼叫来自：/inherit/room/room.lpc 的 reset() 第 143 行，物件： /d/migong/lev12/dong78
呼叫来自：/inherit/room/room.lpc 的 make_inventory() 第 25 行，物件： /d/migong/lev12/dong78
呼叫来自：/d/migong/lev12/npc/lev1.lpc 的 create() 第 144 行，物件： /d/migong/lev12/npc/lev1#5497 ("阳铁贯")
呼叫来自：/inherit/char/npc.lpc 的 add_money() 第 53 行，物件： /d/migong/lev12/npc/lev1#5497 ("阳铁贯")
呼叫来自：/inherit/item/combined.lpc 的 set_amount() 第 38 行，物件： /clone/money/gold#5500 ("[33m黄金[2;37;0m")
呼叫来自：/feature/move.lpc 的 move() 第 242 行，物件： /clone/money/gold#5500 ("[33m黄金[2;37;0m")
呼叫来自：/inherit/room/room.lpc 的 xyzx_system_clean_up() 第 70 行，物件： /clone/misc/void

执行时段错误：*cannot bind a functional to an object with a pending replace_program()

程式：/inherit/room/room.lpc 第 70 行
物件：/clone/misc/void
呼叫来自：/d/migong/lev12/dong98.lpc 的 create() 第 21 行，物件： /d/migong/lev12/dong98
呼叫来自：/inherit/room/room.lpc 的 setup() 第 290 行，物件： /d/migong/lev12/dong98
呼叫来自：/inherit/room/room.lpc 的 reset() 第 158 行，物件： /d/migong/lev12/dong98
呼叫来自：/inherit/char/npc.lpc 的 full_home_npc() 第 167 行，物件： /d/migong/lev12/npc/lev5#5509 ("诸葛自虎")
呼叫来自：/d/migong/lev12/npc/lev5.lpc 的 create() 第 129 行，物件： /d/migong/lev12/npc/lev5#5509 ("诸葛自虎")
呼叫来自：/inherit/char/npc.lpc 的 add_money() 第 53 行，物件： /d/migong/lev12/npc/lev5#5509 ("诸葛自虎")
呼叫来自：/inherit/item/combined.lpc 的 set_amount() 第 38 行，物件： /clone/money/gold#5512 ("[33m黄金[2;37;0m")
呼叫来自：/feature/move.lpc 的 move() 第 242 行，物件： /clone/money/gold#5512 ("[33m黄金[2;37;0m")
呼叫来自：/inherit/room/room.lpc 的 xyzx_system_clean_up() 第 70 行，物件： /clone/misc/void

执行时段错误：*cannot bind a functional to an object with a pending replace_program()

程式：/inherit/room/room.lpc 第 70 行
物件：/clone/misc/void
呼叫来自：/d/migong/lev12/dong49.lpc 的 create() 第 20 行，物件： /d/migong/lev12/dong49
呼叫来自：/inherit/room/room.lpc 的 setup() 第 290 行，物件： /d/migong/lev12/dong49
呼叫来自：/inherit/room/room.lpc 的 reset() 第 143 行，物件： /d/migong/lev12/dong49
呼叫来自：/inherit/room/room.lpc 的 make_inventory() 第 25 行，物件： /d/migong/lev12/dong49
呼叫来自：/d/migong/lev12/npc/lev6.lpc 的 create() 第 143 行，物件： /d/migong/lev12/npc/lev6#5525 ("公治世羽")
呼叫来自：/inherit/char/npc.lpc 的 add_money() 第 53 行，物件： /d/migong/lev12/npc/lev6#5525 ("公治世羽")
呼叫来自：/inherit/item/combined.lpc 的 set_amount() 第 38 行，物件： /clone/money/gold#5528 ("[33m黄金[2;37;0m")
呼叫来自：/feature/move.lpc 的 move() 第 242 行，物件： /clone/money/gold#5528 ("[33m黄金[2;37;0m")
呼叫来自：/inherit/room/room.lpc 的 xyzx_system_clean_up() 第 70 行，物件： /clone/misc/void

执行时段错误：*cannot bind a functional to an object with a pending replace_program()

程式：/inherit/room/room.lpc 第 70 行
物件：/clone/misc/void
呼叫来自：/d/migong/lev12/dong30.lpc 的 create() 第 20 行，物件： /d/migong/lev12/dong30
呼叫来自：/inherit/room/room.lpc 的 setup() 第 290 行，物件： /d/migong/lev12/dong30
呼叫来自：/inherit/room/room.lpc 的 reset() 第 158 行，物件： /d/migong/lev12/dong30
呼叫来自：/inherit/char/npc.lpc 的 full_home_npc() 第 167 行，物件： /d/migong/lev12/npc/lev7#5545 ("陈可浩")
呼叫来自：/d/migong/lev12/npc/lev7.lpc 的 create() 第 136 行，物件： /d/migong/lev12/npc/lev7#5545 ("陈可浩")
呼叫来自：/inherit/char/npc.lpc 的 add_money() 第 53 行，物件： /d/migong/lev12/npc/lev7#5545 ("陈可浩")
呼叫来自：/inherit/item/combined.lpc 的 set_amount() 第 38 行，物件： /clone/money/gold#5548 ("[33m黄金[2;37;0m")
呼叫来自：/feature/move.lpc 的 move() 第 242 行，物件： /clone/money/gold#5548 ("[33m黄金[2;37;0m")
呼叫来自：/inherit/room/room.lpc 的 xyzx_system_clean_up() 第 70 行，物件： /clone/misc/void

执行时段错误：*cannot bind a functional to an object with a pending replace_program()

程式：/inherit/room/room.lpc 第 70 行
物件：/clone/misc/void
呼叫来自：/d/migong/lev12/dong45.lpc 的 create() 第 21 行，物件： /d/migong/lev12/dong45
呼叫来自：/inherit/room/room.lpc 的 setup() 第 290 行，物件： /d/migong/lev12/dong45
呼叫来自：/inherit/room/room.lpc 的 reset() 第 143 行，物件： /d/migong/lev12/dong45
呼叫来自：/inherit/room/room.lpc 的 make_inventory() 第 25 行，物件： /d/migong/lev12/dong45
呼叫来自：/d/migong/lev12/npc/lev5.lpc 的 create() 第 129 行，物件： /d/migong/lev12/npc/lev5#5560 ("康文民")
呼叫来自：/inherit/char/npc.lpc 的 add_money() 第 53 行，物件： /d/migong/lev12/npc/lev5#5560 ("康文民")
呼叫来自：/inherit/item/combined.lpc 的 set_amount() 第 38 行，物件： /clone/money/gold#5563 ("[33m黄金[2;37;0m")
呼叫来自：/feature/move.lpc 的 move() 第 242 行，物件： /clone/money/gold#5563 ("[33m黄金[2;37;0m")
呼叫来自：/inherit/room/room.lpc 的 xyzx_system_clean_up() 第 70 行，物件： /clone/misc/void

执行时段错误：*cannot bind a functional to an object with a pending replace_program()

程式：/inherit/room/room.lpc 第 70 行
物件：/clone/misc/void
呼叫来自：/d/migong/lev12/dong77.lpc 的 create() 第 20 行，物件： /d/migong/lev12/dong77
呼叫来自：/inherit/room/room.lpc 的 setup() 第 290 行，物件： /d/migong/lev12/dong77
呼叫来自：/inherit/room/room.lpc 的 reset() 第 158 行，物件： /d/migong/lev12/dong77
呼叫来自：/inherit/char/npc.lpc 的 full_home_npc() 第 167 行，物件： /d/migong/lev12/npc/lev6#5571 ("薛铁风")
呼叫来自：/d/migong/lev12/npc/lev6.lpc 的 create() 第 143 行，物件： /d/migong/lev12/npc/lev6#5571 ("薛铁风")
呼叫来自：/inherit/char/npc.lpc 的 add_money() 第 53 行，物件： /d/migong/lev12/npc/lev6#5571 ("薛铁风")
呼叫来自：/inherit/item/combined.lpc 的 set_amount() 第 38 行，物件： /clone/money/gold#5574 ("[33m黄金[2;37;0m")
呼叫来自：/feature/move.lpc 的 move() 第 242 行，物件： /clone/money/gold#5574 ("[33m黄金[2;37;0m")
呼叫来自：/inherit/room/room.lpc 的 xyzx_system_clean_up() 第 70 行，物件： /clone/misc/void

执行时段错误：*cannot bind a functional to an object with a pending replace_program()

程式：/inherit/room/room.lpc 第 70 行
物件：/clone/misc/void
呼叫来自：/d/migong/lev12/dong53.lpc 的 create() 第 20 行，物件： /d/migong/lev12/dong53
呼叫来自：/inherit/room/room.lpc 的 setup() 第 290 行，物件： /d/migong/lev12/dong53
呼叫来自：/inherit/room/room.lpc 的 reset() 第 158 行，物件： /d/migong/lev12/dong53
呼叫来自：/inherit/char/npc.lpc 的 full_home_npc() 第 167 行，物件： /d/migong/lev12/npc/lev7#5578 ("濮阳文坚")
呼叫来自：/d/migong/lev12/npc/lev7.lpc 的 create() 第 136 行，物件： /d/migong/lev12/npc/lev7#5578 ("濮阳文坚")
呼叫来自：/inherit/char/npc.lpc 的 add_money() 第 53 行，物件： /d/migong/lev12/npc/lev7#5578 ("濮阳文坚")
呼叫来自：/inherit/item/combined.lpc 的 set_amount() 第 38 行，物件： /clone/money/gold#5581 ("[33m黄金[2;37;0m")
呼叫来自：/feature/move.lpc 的 move() 第 242 行，物件： /clone/money/gold#5581 ("[33m黄金[2;37;0m")
呼叫来自：/inherit/room/room.lpc 的 xyzx_system_clean_up() 第 70 行，物件： /clone/misc/void

执行时段错误：*cannot bind a functional to an object with a pending replace_program()

程式：/inherit/room/room.lpc 第 70 行
物件：/clone/misc/void
呼叫来自：/d/migong/lev12/dong87.lpc 的 create() 第 20 行，物件： /d/migong/lev12/dong87
呼叫来自：/inherit/room/room.lpc 的 setup() 第 290 行，物件： /d/migong/lev12/dong87
呼叫来自：/inherit/room/room.lpc 的 reset() 第 143 行，物件： /d/migong/lev12/dong87
呼叫来自：/inherit/room/room.lpc 的 make_inventory() 第 25 行，物件： /d/migong/lev12/dong87
呼叫来自：/d/migong/lev12/npc/lev7.lpc 的 create() 第 136 行，物件： /d/migong/lev12/npc/lev7#5585 ("成义瑜")
呼叫来自：/inherit/char/npc.lpc 的 add_money() 第 53 行，物件： /d/migong/lev12/npc/lev7#5585 ("成义瑜")
呼叫来自：/inherit/item/combined.lpc 的 set_amount() 第 38 行，物件： /clone/money/gold#5588 ("[33m黄金[2;37;0m")
呼叫来自：/feature/move.lpc 的 move() 第 242 行，物件： /clone/money/gold#5588 ("[33m黄金[2;37;0m")
呼叫来自：/inherit/room/room.lpc 的 xyzx_system_clean_up() 第 70 行，物件： /clone/misc/void

执行时段错误：*cannot bind a functional to an object with a pending replace_program()

程式：/inherit/room/room.lpc 第 70 行
物件：/clone/misc/void
呼叫来自：/d/migong/lev12/dong71.lpc 的 create() 第 20 行，物件： /d/migong/lev12/dong71
呼叫来自：/inherit/room/room.lpc 的 setup() 第 290 行，物件： /d/migong/lev12/dong71
呼叫来自：/inherit/room/room.lpc 的 reset() 第 158 行，物件： /d/migong/lev12/dong71
呼叫来自：/inherit/char/npc.lpc 的 full_home_npc() 第 167 行，物件： /d/migong/lev12/npc/lev2#5598 ("袁进")
呼叫来自：/d/migong/lev12/npc/lev2.lpc 的 create() 第 138 行，物件： /d/migong/lev12/npc/lev2#5598 ("袁进")
呼叫来自：/inherit/char/npc.lpc 的 add_money() 第 53 行，物件： /d/migong/lev12/npc/lev2#5598 ("袁进")
呼叫来自：/inherit/item/combined.lpc 的 set_amount() 第 38 行，物件： /clone/money/gold#5601 ("[33m黄金[2;37;0m")
呼叫来自：/feature/move.lpc 的 move() 第 242 行，物件： /clone/money/gold#5601 ("[33m黄金[2;37;0m")
呼叫来自：/inherit/room/room.lpc 的 xyzx_system_clean_up() 第 70 行，物件： /clone/misc/void

执行时段错误：*cannot bind a functional to an object with a pending replace_program()

程式：/inherit/room/room.lpc 第 70 行
物件：/clone/misc/void
呼叫来自：/d/migong/lev12/dong35.lpc 的 create() 第 20 行，物件： /d/migong/lev12/dong35
呼叫来自：/inherit/room/room.lpc 的 setup() 第 290 行，物件： /d/migong/lev12/dong35
呼叫来自：/inherit/room/room.lpc 的 reset() 第 158 行，物件： /d/migong/lev12/dong35
呼叫来自：/inherit/char/npc.lpc 的 full_home_npc() 第 167 行，物件： /d/migong/lev12/npc/lev8#5605 ("祝勇旭")
呼叫来自：/d/migong/lev12/npc/lev8.lpc 的 create() 第 133 行，物件： /d/migong/lev12/npc/lev8#5605 ("祝勇旭")
呼叫来自：/inherit/char/npc.lpc 的 add_money() 第 53 行，物件： /d/migong/lev12/npc/lev8#5605 ("祝勇旭")
呼叫来自：/inherit/item/combined.lpc 的 set_amount() 第 38 行，物件： /clone/money/gold#5608 ("[33m黄金[2;37;0m")
呼叫来自：/feature/move.lpc 的 move() 第 242 行，物件： /clone/money/gold#5608 ("[33m黄金[2;37;0m")
呼叫来自：/inherit/room/room.lpc 的 xyzx_system_clean_up() 第 70 行，物件： /clone/misc/void

执行时段错误：*cannot bind a functional to an object with a pending replace_program()

程式：/inherit/room/room.lpc 第 70 行
物件：/clone/misc/void
呼叫来自：/d/migong/lev12/dong48.lpc 的 create() 第 20 行，物件： /d/migong/lev12/dong48
呼叫来自：/inherit/room/room.lpc 的 setup() 第 290 行，物件： /d/migong/lev12/dong48
呼叫来自：/inherit/room/room.lpc 的 reset() 第 143 行，物件： /d/migong/lev12/dong48
呼叫来自：/inherit/room/room.lpc 的 make_inventory() 第 25 行，物件： /d/migong/lev12/dong48
呼叫来自：/d/migong/lev12/npc/lev5.lpc 的 create() 第 129 行，物件： /d/migong/lev12/npc/lev5#5612 ("许为江")
呼叫来自：/inherit/char/npc.lpc 的 add_money() 第 53 行，物件： /d/migong/lev12/npc/lev5#5612 ("许为江")
呼叫来自：/inherit/item/combined.lpc 的 set_amount() 第 38 行，物件： /clone/money/gold#5615 ("[33m黄金[2;37;0m")
呼叫来自：/feature/move.lpc 的 move() 第 242 行，物件： /clone/money/gold#5615 ("[33m黄金[2;37;0m")
呼叫来自：/inherit/room/room.lpc 的 xyzx_system_clean_up() 第 70 行，物件： /clone/misc/void

执行时段错误：*cannot bind a functional to an object with a pending replace_program()

程式：/inherit/room/room.lpc 第 70 行
物件：/clone/misc/void
呼叫来自：/d/migong/lev12/dong69.lpc 的 create() 第 20 行，物件： /d/migong/lev12/dong69
呼叫来自：/inherit/room/room.lpc 的 setup() 第 290 行，物件： /d/migong/lev12/dong69
呼叫来自：/inherit/room/room.lpc 的 reset() 第 158 行，物件： /d/migong/lev12/dong69
呼叫来自：/inherit/char/npc.lpc 的 full_home_npc() 第 167 行，物件： /d/migong/lev12/npc/lev1#5616 ("费小羽")
呼叫来自：/d/migong/lev12/npc/lev1.lpc 的 create() 第 144 行，物件： /d/migong/lev12/npc/lev1#5616 ("费小羽")
呼叫来自：/inherit/char/npc.lpc 的 add_money() 第 53 行，物件： /d/migong/lev12/npc/lev1#5616 ("费小羽")
呼叫来自：/inherit/item/combined.lpc 的 set_amount() 第 38 行，物件： /clone/money/gold#5619 ("[33m黄金[2;37;0m")
呼叫来自：/feature/move.lpc 的 move() 第 242 行，物件： /clone/money/gold#5619 ("[33m黄金[2;37;0m")
呼叫来自：/inherit/room/room.lpc 的 xyzx_system_clean_up() 第 70 行，物件： /clone/misc/void

执行时段错误：*cannot bind a functional to an object with a pending replace_program()

程式：/inherit/room/room.lpc 第 70 行
物件：/clone/misc/void
呼叫来自：/d/migong/lev12/dong67.lpc 的 create() 第 20 行，物件： /d/migong/lev12/dong67
呼叫来自：/inherit/room/room.lpc 的 setup() 第 290 行，物件： /d/migong/lev12/dong67
呼叫来自：/inherit/room/room.lpc 的 reset() 第 143 行，物件： /d/migong/lev12/dong67
呼叫来自：/inherit/room/room.lpc 的 make_inventory() 第 25 行，物件： /d/migong/lev12/dong67
呼叫来自：/d/migong/lev12/npc/lev7.lpc 的 create() 第 136 行，物件： /d/migong/lev12/npc/lev7#5624 ("牟鼎")
呼叫来自：/inherit/char/npc.lpc 的 add_money() 第 53 行，物件： /d/migong/lev12/npc/lev7#5624 ("牟鼎")
呼叫来自：/inherit/item/combined.lpc 的 set_amount() 第 38 行，物件： /clone/money/gold#5627 ("[33m黄金[2;37;0m")
呼叫来自：/feature/move.lpc 的 move() 第 242 行，物件： /clone/money/gold#5627 ("[33m黄金[2;37;0m")
呼叫来自：/inherit/room/room.lpc 的 xyzx_system_clean_up() 第 70 行，物件： /clone/misc/void

执行时段错误：*cannot bind a functional to an object with a pending replace_program()

程式：/inherit/room/room.lpc 第 70 行
物件：/clone/misc/void
呼叫来自：/d/migong/lev7/dong101.lpc 的 create() 第 19 行，物件： /d/migong/lev7/dong101
呼叫来自：/inherit/room/room.lpc 的 setup() 第 290 行，物件： /d/migong/lev7/dong101
呼叫来自：/inherit/room/room.lpc 的 reset() 第 166 行，物件： /d/migong/lev7/dong101
呼叫来自：/inherit/room/room.lpc 的 make_inventory() 第 25 行，物件： /d/migong/lev7/dong101
呼叫来自：/d/migong/lev7/npc/boss.lpc 的 create() 第 156 行，物件： /d/migong/lev7/npc/boss#5633 ("澹台才强")
呼叫来自：/inherit/char/npc.lpc 的 add_money() 第 53 行，物件： /d/migong/lev7/npc/boss#5633 ("澹台才强")
呼叫来自：/inherit/item/combined.lpc 的 set_amount() 第 38 行，物件： /clone/money/gold#5637 ("[33m黄金[2;37;0m")
呼叫来自：/feature/move.lpc 的 move() 第 242 行，物件： /clone/money/gold#5637 ("[33m黄金[2;37;0m")
呼叫来自：/inherit/room/room.lpc 的 xyzx_system_clean_up() 第 70 行，物件： /clone/misc/void

执行时段错误：*cannot bind a functional to an object with a pending replace_program()

程式：/inherit/room/room.lpc 第 70 行
物件：/clone/misc/void
呼叫来自：/d/migong/lev7/npc/lev7.lpc 的 create() 第 132 行，物件： /d/migong/lev7/npc/lev7 ("藤福祥")
呼叫来自：/inherit/char/npc.lpc 的 add_money() 第 53 行，物件： /d/migong/lev7/npc/lev7 ("藤福祥")
呼叫来自：/inherit/item/combined.lpc 的 set_amount() 第 38 行，物件： /clone/money/gold#5644 ("[33m黄金[2;37;0m")
呼叫来自：/feature/move.lpc 的 move() 第 242 行，物件： /clone/money/gold#5644 ("[33m黄金[2;37;0m")
呼叫来自：/inherit/room/room.lpc 的 xyzx_system_clean_up() 第 70 行，物件： /clone/misc/void

执行时段错误：*cannot bind a functional to an object with a pending replace_program()

程式：/inherit/room/room.lpc 第 70 行
物件：/clone/misc/void
呼叫来自：/d/migong/lev7/npc/lev9.lpc 的 create() 第 132 行，物件： /d/migong/lev7/npc/lev9 ("朱祥")
呼叫来自：/inherit/char/npc.lpc 的 add_money() 第 53 行，物件： /d/migong/lev7/npc/lev9 ("朱祥")
呼叫来自：/inherit/item/combined.lpc 的 set_amount() 第 38 行，物件： /clone/money/gold#5653 ("[33m黄金[2;37;0m")
呼叫来自：/feature/move.lpc 的 move() 第 242 行，物件： /clone/money/gold#5653 ("[33m黄金[2;37;0m")
呼叫来自：/inherit/room/room.lpc 的 xyzx_system_clean_up() 第 70 行，物件： /clone/misc/void

执行时段错误：*cannot bind a functional to an object with a pending replace_program()

程式：/inherit/room/room.lpc 第 70 行
物件：/clone/misc/void
呼叫来自：/d/migong/lev7/npc/lev3.lpc 的 create() 第 138 行，物件： /d/migong/lev7/npc/lev3 ("仲孙大明")
呼叫来自：/inherit/char/npc.lpc 的 add_money() 第 53 行，物件： /d/migong/lev7/npc/lev3 ("仲孙大明")
呼叫来自：/inherit/item/combined.lpc 的 set_amount() 第 38 行，物件： /clone/money/gold#5660 ("[33m黄金[2;37;0m")
呼叫来自：/feature/move.lpc 的 move() 第 242 行，物件： /clone/money/gold#5660 ("[33m黄金[2;37;0m")
呼叫来自：/inherit/room/room.lpc 的 xyzx_system_clean_up() 第 70 行，物件： /clone/misc/void

执行时段错误：*cannot bind a functional to an object with a pending replace_program()

程式：/inherit/room/room.lpc 第 70 行
物件：/clone/misc/void
呼叫来自：/d/migong/lev6/npc/lev4.lpc 的 create() 第 127 行，物件： /d/migong/lev6/npc/lev4 ("澹台夫虎")
呼叫来自：/inherit/char/npc.lpc 的 add_money() 第 53 行，物件： /d/migong/lev6/npc/lev4 ("澹台夫虎")
呼叫来自：/inherit/item/combined.lpc 的 set_amount() 第 38 行，物件： /clone/money/gold#6083 ("[33m黄金[2;37;0m")
呼叫来自：/feature/move.lpc 的 move() 第 242 行，物件： /clone/money/gold#6083 ("[33m黄金[2;37;0m")
呼叫来自：/inherit/room/room.lpc 的 xyzx_system_clean_up() 第 70 行，物件： /clone/misc/void

执行时段错误：*cannot bind a functional to an object with a pending replace_program()

程式：/inherit/room/room.lpc 第 70 行
物件：/clone/misc/void
呼叫来自：/d/migong/lev6/npc/lev2.lpc 的 create() 第 135 行，物件： /d/migong/lev6/npc/lev2 ("哈光")
呼叫来自：/inherit/char/npc.lpc 的 add_money() 第 53 行，物件： /d/migong/lev6/npc/lev2 ("哈光")
呼叫来自：/inherit/item/combined.lpc 的 set_amount() 第 38 行，物件： /clone/money/gold#6089 ("[33m黄金[2;37;0m")
呼叫来自：/feature/move.lpc 的 move() 第 242 行，物件： /clone/money/gold#6089 ("[33m黄金[2;37;0m")
呼叫来自：/inherit/room/room.lpc 的 xyzx_system_clean_up() 第 70 行，物件： /clone/misc/void

执行时段错误：*cannot bind a functional to an object with a pending replace_program()

程式：/inherit/room/room.lpc 第 70 行
物件：/clone/misc/void
呼叫来自：/d/migong/lev6/npc/lev1.lpc 的 create() 第 132 行，物件： /d/migong/lev6/npc/lev1 ("薛令岳")
呼叫来自：/inherit/char/npc.lpc 的 add_money() 第 53 行，物件： /d/migong/lev6/npc/lev1 ("薛令岳")
呼叫来自：/inherit/item/combined.lpc 的 set_amount() 第 38 行，物件： /clone/money/gold#6092 ("[33m黄金[2;37;0m")
呼叫来自：/feature/move.lpc 的 move() 第 242 行，物件： /clone/money/gold#6092 ("[33m黄金[2;37;0m")
呼叫来自：/inherit/room/room.lpc 的 xyzx_system_clean_up() 第 70 行，物件： /clone/misc/void

执行时段错误：*cannot bind a functional to an object with a pending replace_program()

程式：/inherit/room/room.lpc 第 70 行
物件：/clone/misc/void
呼叫来自：/d/miwudao/dajie12.lpc 的 create() 第 28 行，物件： /d/miwudao/dajie12
呼叫来自：/inherit/room/room.lpc 的 setup() 第 290 行，物件： /d/miwudao/dajie12
呼叫来自：/inherit/room/room.lpc 的 reset() 第 158 行，物件： /d/miwudao/dajie12
呼叫来自：/inherit/char/npc.lpc 的 full_home_npc() 第 167 行，物件： /d/miwudao/npc/dog#7480 ("沙皮狗")
呼叫来自：/d/miwudao/npc/dog.lpc 的 create() 第 33 行，物件： /d/miwudao/npc/dog#7480 ("沙皮狗")
呼叫来自：/inherit/char/npc.lpc 的 add_money() 第 53 行，物件： /d/miwudao/npc/dog#7480 ("沙皮狗")
呼叫来自：/inherit/item/combined.lpc 的 set_amount() 第 38 行，物件： /clone/money/silver#7481 ("[37m银子[2;37;0m")
呼叫来自：/feature/move.lpc 的 move() 第 242 行，物件： /clone/money/silver#7481 ("[37m银子[2;37;0m")
呼叫来自：/inherit/room/room.lpc 的 xyzx_system_clean_up() 第 70 行，物件： /clone/misc/void

执行时段错误：*No program in object '/d/heimuya/shenggu'!

程式：0 第 0 行
物件：/adm/obj/master

执行时段错误：*No program in object '/d/heimuya/tang'!

程式：0 第 0 行
物件：/adm/obj/master

执行时段错误：*No program in object '/d/heimuya/npc/tang'!

程式：0 第 0 行
物件：/adm/obj/master

执行时段错误：*cannot bind a functional to an object with a pending replace_program()

程式：/inherit/room/room.lpc 第 70 行
物件：/clone/misc/void
呼叫来自：/d/city2/bingyin2.lpc 的 create() 第 20 行，物件： /d/city2/bingyin2
呼叫来自：/inherit/room/room.lpc 的 setup() 第 290 行，物件： /d/city2/bingyin2
呼叫来自：/inherit/room/room.lpc 的 reset() 第 143 行，物件： /d/city2/bingyin2
呼叫来自：/inherit/room/room.lpc 的 make_inventory() 第 25 行，物件： /d/city2/bingyin2
呼叫来自：/d/huanggon/npc/taijian.lpc 的 create() 第 19 行，物件： /d/huanggon/npc/taijian#8773 ("太监")
呼叫来自：/inherit/char/npc.lpc 的 add_money() 第 53 行，物件： /d/huanggon/npc/taijian#8773 ("太监")
呼叫来自：/inherit/item/combined.lpc 的 set_amount() 第 38 行，物件： /clone/money/silver#8774 ("[37m银子[2;37;0m")
呼叫来自：/feature/move.lpc 的 move() 第 242 行，物件： /clone/money/silver#8774 ("[37m银子[2;37;0m")
呼叫来自：/inherit/room/room.lpc 的 xyzx_system_clean_up() 第 70 行，物件： /clone/misc/void

执行时段错误：*cannot bind a functional to an object with a pending replace_program()

程式：/inherit/room/room.lpc 第 70 行
物件：/clone/misc/void
呼叫来自：/d/huanggon/qihedian.lpc 的 create() 第 19 行，物件： /d/huanggon/qihedian
呼叫来自：/inherit/room/room.lpc 的 setup() 第 290 行，物件： /d/huanggon/qihedian
呼叫来自：/inherit/room/room.lpc 的 reset() 第 143 行，物件： /d/huanggon/qihedian
呼叫来自：/inherit/room/room.lpc 的 make_inventory() 第 25 行，物件： /d/huanggon/qihedian
呼叫来自：/d/huanggon/npc/shiwei.lpc 的 create() 第 29 行，物件： /d/huanggon/npc/shiwei#11066 ("侍卫")
呼叫来自：/inherit/char/npc.lpc 的 add_money() 第 53 行，物件： /d/huanggon/npc/shiwei#11066 ("侍卫")
呼叫来自：/inherit/item/combined.lpc 的 set_amount() 第 38 行，物件： /clone/money/silver#11069 ("[37m银子[2;37;0m")
呼叫来自：/feature/move.lpc 的 move() 第 242 行，物件： /clone/money/silver#11069 ("[37m银子[2;37;0m")
呼叫来自：/inherit/room/room.lpc 的 xyzx_system_clean_up() 第 70 行，物件： /clone/misc/void

执行时段错误：*cannot bind a functional to an object with a pending replace_program()

程式：/inherit/room/room.lpc 第 70 行
物件：/clone/misc/void
呼叫来自：/d/huanggon/fang1.lpc 的 create() 第 16 行，物件： /d/huanggon/fang1
呼叫来自：/inherit/room/room.lpc 的 setup() 第 290 行，物件： /d/huanggon/fang1
呼叫来自：/inherit/room/room.lpc 的 reset() 第 158 行，物件： /d/huanggon/fang1
呼叫来自：/inherit/char/npc.lpc 的 full_home_npc() 第 167 行，物件： /d/huanggon/npc/taijian#11070 ("太监")
呼叫来自：/d/huanggon/npc/taijian.lpc 的 create() 第 19 行，物件： /d/huanggon/npc/taijian#11070 ("太监")
呼叫来自：/inherit/char/npc.lpc 的 add_money() 第 53 行，物件： /d/huanggon/npc/taijian#11070 ("太监")
呼叫来自：/inherit/item/combined.lpc 的 set_amount() 第 38 行，物件： /clone/money/silver#11071 ("[37m银子[2;37;0m")
呼叫来自：/feature/move.lpc 的 move() 第 242 行，物件： /clone/money/silver#11071 ("[37m银子[2;37;0m")
呼叫来自：/inherit/room/room.lpc 的 xyzx_system_clean_up() 第 70 行，物件： /clone/misc/void

执行时段错误：*Bad argument 1 to EFUN call_other()
Expected: object, string, array,  Got: int(0).

程式：/adm/obj/simul_efun.lpc 第 25 行
物件：/adm/obj/simul_efun
呼叫来自：/d/city3/kefang2.lpc 的 create() 第 34 行，物件： /d/city3/kefang2
呼叫来自：/inherit/room/room.lpc 的 setup() 第 290 行，物件： /d/city3/kefang2
呼叫来自：/d/city3/kefang2.lpc 的 reset() 第 306 行，物件： /d/city3/kefang2
呼叫来自：/adm/obj/simul_efun.lpc 的 message_vision() 第 25 行，物件： /adm/obj/simul_efun

执行时段错误：*Bad argument 1 to EFUN call_other()
Expected: object, string, array,  Got: int(0).

程式：/adm/obj/simul_efun.lpc 第 25 行
物件：/adm/obj/simul_efun
呼叫来自：/d/city3/kefang1.lpc 的 create() 第 34 行，物件： /d/city3/kefang1
呼叫来自：/inherit/room/room.lpc 的 setup() 第 290 行，物件： /d/city3/kefang1
呼叫来自：/d/city3/kefang1.lpc 的 reset() 第 306 行，物件： /d/city3/kefang1
呼叫来自：/adm/obj/simul_efun.lpc 的 message_vision() 第 25 行，物件： /adm/obj/simul_efun

执行时段错误：*Bad argument 1 to EFUN call_other()
Expected: object, string, array,  Got: int(0).

程式：/adm/obj/simul_efun.lpc 第 25 行
物件：/adm/obj/simul_efun
呼叫来自：/d/city3/kefang3.lpc 的 create() 第 34 行，物件： /d/city3/kefang3
呼叫来自：/inherit/room/room.lpc 的 setup() 第 290 行，物件： /d/city3/kefang3
呼叫来自：/d/city3/kefang3.lpc 的 reset() 第 306 行，物件： /d/city3/kefang3
呼叫来自：/adm/obj/simul_efun.lpc 的 message_vision() 第 25 行，物件： /adm/obj/simul_efun

执行时段错误：*Bad argument 1 to EFUN call_other()
Expected: object, string, array,  Got: int(0).

程式：/adm/obj/simul_efun.lpc 第 25 行
物件：/adm/obj/simul_efun
呼叫来自：/d/city3/kefang5.lpc 的 create() 第 34 行，物件： /d/city3/kefang5
呼叫来自：/inherit/room/room.lpc 的 setup() 第 290 行，物件： /d/city3/kefang5
呼叫来自：/d/city3/kefang5.lpc 的 reset() 第 306 行，物件： /d/city3/kefang5
呼叫来自：/adm/obj/simul_efun.lpc 的 message_vision() 第 25 行，物件： /adm/obj/simul_efun

执行时段错误：*Bad argument 1 to EFUN call_other()
Expected: object, string, array,  Got: int(0).

程式：/adm/obj/simul_efun.lpc 第 25 行
物件：/adm/obj/simul_efun
呼叫来自：/d/city3/kefang4.lpc 的 create() 第 34 行，物件： /d/city3/kefang4
呼叫来自：/inherit/room/room.lpc 的 setup() 第 290 行，物件： /d/city3/kefang4
呼叫来自：/d/city3/kefang4.lpc 的 reset() 第 306 行，物件： /d/city3/kefang4
呼叫来自：/adm/obj/simul_efun.lpc 的 message_vision() 第 25 行，物件： /adm/obj/simul_efun

执行时段错误：*Bad argument 1 to EFUN call_other()
Expected: object, string, array,  Got: int(0).

程式：/d/npc/m_weapon/weapon/m_whip.lpc 第 27 行
物件：/d/npc/m_weapon/weapon/m_whip
呼叫来自：/d/npc/m_weapon/weapon/m_whip.lpc 的 create() 第 27 行，物件： /d/npc/m_weapon/weapon/m_whip ("/d/npc/m_weapon/weapon/m_whip")

执行时段错误：*Bad argument 1 to EFUN call_other()
Expected: object, string, array,  Got: int(0).

程式：/d/npc/m_weapon/weapon/m_bian.lpc 第 28 行
物件：/d/npc/m_weapon/weapon/m_bian
呼叫来自：/d/npc/m_weapon/weapon/m_bian.lpc 的 create() 第 28 行，物件： /d/npc/m_weapon/weapon/m_bian ("[1;31m火[2;37;0m[1;33m龙[2;37;0m[1;34m鞭[2;37;0m")

执行时段错误：*Bad argument 1 to EFUN call_other()
Expected: object, string, array,  Got: int(0).

程式：/d/npc/m_weapon/weapon/m_staff.lpc 第 26 行
物件：/d/npc/m_weapon/weapon/m_staff
呼叫来自：/d/npc/m_weapon/weapon/m_staff.lpc 的 create() 第 26 行，物件： /d/npc/m_weapon/weapon/m_staff ("/d/npc/m_weapon/weapon/m_staff")

执行时段错误：*Bad argument 1 to EFUN call_other()
Expected: object, string, array,  Got: int(0).

程式：/d/quanzhen/obj/m_sword.lpc 第 57 行
物件：/d/quanzhen/obj/m_sword
呼叫来自：/d/quanzhen/obj/m_sword.lpc 的 create() 第 57 行，物件： /d/quanzhen/obj/m_sword ("/d/quanzhen/obj/m_sword")

执行时段错误：*Bad argument 1 to EFUN call_other()
Expected: object, string, array,  Got: int(0).

程式：/d/quanzhen/npc/obj/m_sword.lpc 第 29 行
物件：/d/quanzhen/npc/obj/m_sword
呼叫来自：/d/quanzhen/npc/obj/m_sword.lpc 的 create() 第 29 行，物件： /d/quanzhen/npc/obj/m_sword ("/d/quanzhen/npc/obj/m_sword")

执行时段错误：*cannot bind a functional to an object with a pending replace_program()

程式：/inherit/room/room.lpc 第 70 行
物件：/clone/misc/void
呼叫来自：/d/dali/huanggong5.lpc 的 create() 第 28 行，物件： /d/dali/huanggong5
呼叫来自：/inherit/room/room.lpc 的 setup() 第 290 行，物件： /d/dali/huanggong5
呼叫来自：/inherit/room/room.lpc 的 reset() 第 181 行，物件： /d/dali/huanggong5
呼叫来自：/inherit/char/npc.lpc 的 full_home_npc() 第 167 行，物件： /d/dali/npc/shiwei#14956 ("[1;33m金甲带刀侍卫[2;37;0m")
呼叫来自：/d/dali/npc/shiwei.lpc 的 create() 第 30 行，物件： /d/dali/npc/shiwei#14956 ("[1;33m金甲带刀侍卫[2;37;0m")
呼叫来自：/inherit/char/npc.lpc 的 add_money() 第 53 行，物件： /d/dali/npc/shiwei#14956 ("[1;33m金甲带刀侍卫[2;37;0m")
呼叫来自：/inherit/item/combined.lpc 的 set_amount() 第 38 行，物件： /clone/money/silver#14960 ("[37m银子[2;37;0m")
呼叫来自：/feature/move.lpc 的 move() 第 242 行，物件： /clone/money/silver#14960 ("[37m银子[2;37;0m")
呼叫来自：/inherit/room/room.lpc 的 xyzx_system_clean_up() 第 70 行，物件： /clone/misc/void

执行时段错误：*cannot bind a functional to an object with a pending replace_program()

程式：/inherit/room/room.lpc 第 70 行
物件：/clone/misc/void
呼叫来自：/d/dali/duan2.lpc 的 create() 第 27 行，物件： /d/dali/duan2
呼叫来自：/inherit/room/room.lpc 的 setup() 第 290 行，物件： /d/dali/duan2
呼叫来自：/inherit/room/room.lpc 的 reset() 第 166 行，物件： /d/dali/duan2
呼叫来自：/inherit/room/room.lpc 的 make_inventory() 第 25 行，物件： /d/dali/duan2
呼叫来自：/d/dali/npc/qingbing.lpc 的 create() 第 35 行，物件： /d/dali/npc/qingbing#14963 ("[1;37m王府亲兵[2;37;0m")
呼叫来自：/inherit/char/npc.lpc 的 add_money() 第 53 行，物件： /d/dali/npc/qingbing#14963 ("[1;37m王府亲兵[2;37;0m")
呼叫来自：/inherit/item/combined.lpc 的 set_amount() 第 38 行，物件： /clone/money/silver#14965 ("[37m银子[2;37;0m")
呼叫来自：/feature/move.lpc 的 move() 第 242 行，物件： /clone/money/silver#14965 ("[37m银子[2;37;0m")
呼叫来自：/inherit/room/room.lpc 的 xyzx_system_clean_up() 第 70 行，物件： /clone/misc/void

执行时段错误：*cannot bind a functional to an object with a pending replace_program()

程式：/inherit/room/room.lpc 第 106 行
物件：/d/mr/shiqiao
呼叫来自：/d/mr/shiqiao.lpc 的 create() 第 19 行，物件： /d/mr/shiqiao
呼叫来自：/inherit/room/room.lpc 的 setup() 第 290 行，物件： /d/mr/shiqiao
呼叫来自：/inherit/room/room.lpc 的 reset() 第 106 行，物件： /d/mr/shiqiao

执行时段错误：*cannot bind a functional to an object with a pending replace_program()

程式：/inherit/room/room.lpc 第 106 行
物件：/d/sdxl/linhai1
呼叫来自：/d/sdxl/linhai1.lpc 的 create() 第 27 行，物件： /d/sdxl/linhai1
呼叫来自：/inherit/room/room.lpc 的 setup() 第 290 行，物件： /d/sdxl/linhai1
呼叫来自：/inherit/room/room.lpc 的 reset() 第 106 行，物件： /d/sdxl/linhai1

执行时段错误：*No program in object '/d/baituo/obj/bowl'!

程式：0 第 0 行
物件：/adm/obj/master

执行时段错误：*No program in object '/d/baituo/npc/obj/bowl'!

程式：0 第 0 行
物件：/adm/obj/master

执行时段错误：*cannot bind a functional to an object with a pending replace_program()

程式：/inherit/room/room.lpc 第 106 行
物件：/d/jqg/hc4
呼叫来自：/d/jqg/hc4.lpc 的 create() 第 26 行，物件： /d/jqg/hc4
呼叫来自：/inherit/room/room.lpc 的 setup() 第 290 行，物件： /d/jqg/hc4
呼叫来自：/inherit/room/room.lpc 的 reset() 第 106 行，物件： /d/jqg/hc4

执行时段错误：*cannot bind a functional to an object with a pending replace_program()

程式：/inherit/room/room.lpc 第 106 行
物件：/d/jqg/hc3
呼叫来自：/d/jqg/hc3.lpc 的 create() 第 26 行，物件： /d/jqg/hc3
呼叫来自：/inherit/room/room.lpc 的 setup() 第 290 行，物件： /d/jqg/hc3
呼叫来自：/inherit/room/room.lpc 的 reset() 第 106 行，物件： /d/jqg/hc3

执行时段错误：*cannot bind a functional to an object with a pending replace_program()

程式：/inherit/room/room.lpc 第 106 行
物件：/d/jqg/hc1
呼叫来自：/d/jqg/hc1.lpc 的 create() 第 25 行，物件： /d/jqg/hc1
呼叫来自：/inherit/room/room.lpc 的 setup() 第 290 行，物件： /d/jqg/hc1
呼叫来自：/inherit/room/room.lpc 的 reset() 第 106 行，物件： /d/jqg/hc1

执行时段错误：*cannot bind a functional to an object with a pending replace_program()

程式：/inherit/room/room.lpc 第 106 行
物件：/d/jqg/hc6
呼叫来自：/d/jqg/hc6.lpc 的 create() 第 26 行，物件： /d/jqg/hc6
呼叫来自：/inherit/room/room.lpc 的 setup() 第 290 行，物件： /d/jqg/hc6
呼叫来自：/inherit/room/room.lpc 的 reset() 第 106 行，物件： /d/jqg/hc6

执行时段错误：*cannot bind a functional to an object with a pending replace_program()

程式：/inherit/room/room.lpc 第 106 行
物件：/d/jqg/hc11
呼叫来自：/d/jqg/hc11.lpc 的 create() 第 27 行，物件： /d/jqg/hc11
呼叫来自：/inherit/room/room.lpc 的 setup() 第 290 行，物件： /d/jqg/hc11
呼叫来自：/inherit/room/room.lpc 的 reset() 第 106 行，物件： /d/jqg/hc11

执行时段错误：*cannot bind a functional to an object with a pending replace_program()

程式：/inherit/room/room.lpc 第 106 行
物件：/d/jqg/hc7
呼叫来自：/d/jqg/hc7.lpc 的 create() 第 26 行，物件： /d/jqg/hc7
呼叫来自：/inherit/room/room.lpc 的 setup() 第 290 行，物件： /d/jqg/hc7
呼叫来自：/inherit/room/room.lpc 的 reset() 第 106 行，物件： /d/jqg/hc7

执行时段错误：*cannot bind a functional to an object with a pending replace_program()

程式：/inherit/room/room.lpc 第 106 行
物件：/d/jqg/hc10
呼叫来自：/d/jqg/hc10.lpc 的 create() 第 26 行，物件： /d/jqg/hc10
呼叫来自：/inherit/room/room.lpc 的 setup() 第 290 行，物件： /d/jqg/hc10
呼叫来自：/inherit/room/room.lpc 的 reset() 第 106 行，物件： /d/jqg/hc10

执行时段错误：*cannot bind a functional to an object with a pending replace_program()

程式：/inherit/room/room.lpc 第 106 行
物件：/d/jqg/hc2
呼叫来自：/d/jqg/hc2.lpc 的 create() 第 26 行，物件： /d/jqg/hc2
呼叫来自：/inherit/room/room.lpc 的 setup() 第 290 行，物件： /d/jqg/hc2
呼叫来自：/inherit/room/room.lpc 的 reset() 第 106 行，物件： /d/jqg/hc2

执行时段错误：*cannot bind a functional to an object with a pending replace_program()

程式：/inherit/room/room.lpc 第 106 行
物件：/d/jqg/hc5
呼叫来自：/d/jqg/hc5.lpc 的 create() 第 26 行，物件： /d/jqg/hc5
呼叫来自：/inherit/room/room.lpc 的 setup() 第 290 行，物件： /d/jqg/hc5
呼叫来自：/inherit/room/room.lpc 的 reset() 第 106 行，物件： /d/jqg/hc5

执行时段错误：*cannot bind a functional to an object with a pending replace_program()

程式：/inherit/room/room.lpc 第 106 行
物件：/d/jqg/hc8
呼叫来自：/d/jqg/hc8.lpc 的 create() 第 26 行，物件： /d/jqg/hc8
呼叫来自：/inherit/room/room.lpc 的 setup() 第 290 行，物件： /d/jqg/hc8
呼叫来自：/inherit/room/room.lpc 的 reset() 第 106 行，物件： /d/jqg/hc8

执行时段错误：*cannot bind a functional to an object with a pending replace_program()

程式：/inherit/room/room.lpc 第 106 行
物件：/d/jqg/hc9
呼叫来自：/d/jqg/hc9.lpc 的 create() 第 26 行，物件： /d/jqg/hc9
呼叫来自：/inherit/room/room.lpc 的 setup() 第 290 行，物件： /d/jqg/hc9
呼叫来自：/inherit/room/room.lpc 的 reset() 第 106 行，物件： /d/jqg/hc9

执行时段错误：*No program in object '/d/honghua/cloth'!

程式：/inherit/char/npc.lpc 第 16 行
物件：/d/honghua/dizi
呼叫来自：/d/honghua/damen.lpc 的 create() 第 39 行，物件： /d/honghua/damen
呼叫来自：/inherit/room/room.lpc 的 setup() 第 290 行，物件： /d/honghua/damen
呼叫来自：/inherit/room/room.lpc 的 reset() 第 166 行，物件： /d/honghua/damen
呼叫来自：/inherit/room/room.lpc 的 make_inventory() 第 25 行，物件： /d/honghua/damen
呼叫来自：/d/honghua/dizi.lpc 的 create() 第 33 行，物件： /d/honghua/dizi ("红花会弟子")
呼叫来自：/inherit/char/npc.lpc 的 carry_object() 第 16 行，物件： /d/honghua/dizi ("红花会弟子")

执行时段错误：*No program in object '/d/honghua/cloth'!

程式：/inherit/char/npc.lpc 第 16 行
物件：/d/honghua/wen-tailai
呼叫来自：/d/honghua/wen-tailai.lpc 的 create() 第 55 行，物件： /d/honghua/wen-tailai ("文泰来")
呼叫来自：/inherit/char/npc.lpc 的 carry_object() 第 16 行，物件： /d/honghua/wen-tailai ("文泰来")

执行时段错误：*No program in object '/d/honghua/cloth'!

程式：/inherit/char/npc.lpc 第 16 行
物件：/d/honghua/npc/xutianhong
呼叫来自：/d/honghua/goldroom2.lpc 的 create() 第 34 行，物件： /d/honghua/goldroom2
呼叫来自：/inherit/room/room.lpc 的 setup() 第 290 行，物件： /d/honghua/goldroom2
呼叫来自：/inherit/room/room.lpc 的 reset() 第 143 行，物件： /d/honghua/goldroom2
呼叫来自：/inherit/room/room.lpc 的 make_inventory() 第 25 行，物件： /d/honghua/goldroom2
呼叫来自：/d/honghua/npc/xutianhong.lpc 的 create() 第 54 行，物件： /d/honghua/npc/xutianhong ("徐天宏")
呼叫来自：/inherit/char/npc.lpc 的 carry_object() 第 16 行，物件： /d/honghua/npc/xutianhong ("徐天宏")

执行时段错误：*No program in object '/d/honghua/cloth'!

程式：/inherit/char/npc.lpc 第 16 行
物件：/d/honghua/dizi#16499
呼叫来自：/d/honghua/zongduo.lpc 的 create() 第 42 行，物件： /d/honghua/zongduo
呼叫来自：/inherit/room/room.lpc 的 setup() 第 290 行，物件： /d/honghua/zongduo
呼叫来自：/inherit/room/room.lpc 的 reset() 第 166 行，物件： /d/honghua/zongduo
呼叫来自：/inherit/room/room.lpc 的 make_inventory() 第 25 行，物件： /d/honghua/zongduo
呼叫来自：/d/honghua/dizi.lpc 的 create() 第 33 行，物件： /d/honghua/dizi#16499 ("红花会弟子")
呼叫来自：/inherit/char/npc.lpc 的 carry_object() 第 16 行，物件： /d/honghua/dizi#16499 ("红花会弟子")

执行时段错误：*No program in object '/d/honghua/cloth'!

程式：/inherit/char/npc.lpc 第 16 行
物件：/d/honghua/npc/zhaobanshan
呼叫来自：/d/honghua/npc/zhaobanshan.lpc 的 create() 第 55 行，物件： /d/honghua/npc/zhaobanshan ("赵半山")
呼叫来自：/inherit/char/npc.lpc 的 carry_object() 第 16 行，物件： /d/honghua/npc/zhaobanshan ("赵半山")

执行时段错误：*No program in object '/d/honghua/cloth'!

程式：/inherit/char/npc.lpc 第 16 行
物件：/d/honghua/npc/yuyutong
呼叫来自：/d/honghua/npc/yuyutong.lpc 的 create() 第 54 行，物件： /d/honghua/npc/yuyutong ("余鱼同")
呼叫来自：/inherit/char/npc.lpc 的 carry_object() 第 16 行，物件： /d/honghua/npc/yuyutong ("余鱼同")

执行时段错误：*No program in object '/d/honghua/cloth'!

程式：0 第 0 行
物件：/adm/obj/master

执行时段错误：*cannot bind a functional to an object with a pending replace_program()

程式：/inherit/room/room.lpc 第 70 行
物件：/clone/misc/void
呼叫来自：/d/automap/800.lpc 的 create() 第 24 行，物件： /d/automap/800
呼叫来自：/inherit/room/room.lpc 的 setup() 第 290 行，物件： /d/automap/800
呼叫来自：/inherit/room/room.lpc 的 reset() 第 143 行，物件： /d/automap/800
呼叫来自：/inherit/room/room.lpc 的 make_inventory() 第 25 行，物件： /d/automap/800
呼叫来自：/clone/map/npc/guai.lpc 的 create() 第 61 行，物件： /clone/map/npc/guai#16892 ("[1;32m森林贼盗[2;37;0m")
呼叫来自：/inherit/char/npc.lpc 的 add_money() 第 53 行，物件： /clone/map/npc/guai#16892 ("[1;32m森林贼盗[2;37;0m")
呼叫来自：/inherit/item/combined.lpc 的 set_amount() 第 38 行，物件： /clone/money/gold#16895 ("[33m黄金[2;37;0m")
呼叫来自：/feature/move.lpc 的 move() 第 242 行，物件： /clone/money/gold#16895 ("[33m黄金[2;37;0m")
呼叫来自：/inherit/room/room.lpc 的 xyzx_system_clean_up() 第 70 行，物件： /clone/misc/void

执行时段错误：*cannot bind a functional to an object with a pending replace_program()

程式：/inherit/room/room.lpc 第 70 行
物件：/clone/misc/void
呼叫来自：/d/automap/945.lpc 的 create() 第 23 行，物件： /d/automap/945
呼叫来自：/inherit/room/room.lpc 的 setup() 第 290 行，物件： /d/automap/945
呼叫来自：/inherit/room/room.lpc 的 reset() 第 158 行，物件： /d/automap/945
呼叫来自：/inherit/char/npc.lpc 的 full_home_npc() 第 167 行，物件： /clone/map/npc/guai#16920 ("[1;32m森林贼盗[2;37;0m")
呼叫来自：/clone/map/npc/guai.lpc 的 create() 第 61 行，物件： /clone/map/npc/guai#16920 ("[1;32m森林贼盗[2;37;0m")
呼叫来自：/inherit/char/npc.lpc 的 add_money() 第 53 行，物件： /clone/map/npc/guai#16920 ("[1;32m森林贼盗[2;37;0m")
呼叫来自：/inherit/item/combined.lpc 的 set_amount() 第 38 行，物件： /clone/money/gold#16923 ("[33m黄金[2;37;0m")
呼叫来自：/feature/move.lpc 的 move() 第 242 行，物件： /clone/money/gold#16923 ("[33m黄金[2;37;0m")
呼叫来自：/inherit/room/room.lpc 的 xyzx_system_clean_up() 第 70 行，物件： /clone/misc/void

执行时段错误：*cannot bind a functional to an object with a pending replace_program()

程式：/inherit/room/room.lpc 第 70 行
物件：/clone/misc/void
呼叫来自：/d/automap/30.lpc 的 create() 第 23 行，物件： /d/automap/30
呼叫来自：/inherit/room/room.lpc 的 setup() 第 290 行，物件： /d/automap/30
呼叫来自：/inherit/room/room.lpc 的 reset() 第 158 行，物件： /d/automap/30
呼叫来自：/inherit/char/npc.lpc 的 full_home_npc() 第 167 行，物件： /clone/map/npc/guai#16948 ("[1;32m森林贼盗[2;37;0m")
呼叫来自：/clone/map/npc/guai.lpc 的 create() 第 61 行，物件： /clone/map/npc/guai#16948 ("[1;32m森林贼盗[2;37;0m")
呼叫来自：/inherit/char/npc.lpc 的 add_money() 第 53 行，物件： /clone/map/npc/guai#16948 ("[1;32m森林贼盗[2;37;0m")
呼叫来自：/inherit/item/combined.lpc 的 set_amount() 第 38 行，物件： /clone/money/gold#16951 ("[33m黄金[2;37;0m")
呼叫来自：/feature/move.lpc 的 move() 第 242 行，物件： /clone/money/gold#16951 ("[33m黄金[2;37;0m")
呼叫来自：/inherit/room/room.lpc 的 xyzx_system_clean_up() 第 70 行，物件： /clone/misc/void

执行时段错误：*cannot bind a functional to an object with a pending replace_program()

程式：/inherit/room/room.lpc 第 70 行
物件：/clone/misc/void
呼叫来自：/d/automap/795.lpc 的 create() 第 23 行，物件： /d/automap/795
呼叫来自：/inherit/room/room.lpc 的 setup() 第 290 行，物件： /d/automap/795
呼叫来自：/inherit/room/room.lpc 的 reset() 第 158 行，物件： /d/automap/795
呼叫来自：/inherit/char/npc.lpc 的 full_home_npc() 第 167 行，物件： /clone/map/npc/guai#17166 ("[1;32m森林贼盗[2;37;0m")
呼叫来自：/clone/map/npc/guai.lpc 的 create() 第 61 行，物件： /clone/map/npc/guai#17166 ("[1;32m森林贼盗[2;37;0m")
呼叫来自：/inherit/char/npc.lpc 的 add_money() 第 53 行，物件： /clone/map/npc/guai#17166 ("[1;32m森林贼盗[2;37;0m")
呼叫来自：/inherit/item/combined.lpc 的 set_amount() 第 38 行，物件： /clone/money/gold#17169 ("[33m黄金[2;37;0m")
呼叫来自：/feature/move.lpc 的 move() 第 242 行，物件： /clone/money/gold#17169 ("[33m黄金[2;37;0m")
呼叫来自：/inherit/room/room.lpc 的 xyzx_system_clean_up() 第 70 行，物件： /clone/misc/void

执行时段错误：*cannot bind a functional to an object with a pending replace_program()

程式：/inherit/room/room.lpc 第 70 行
物件：/clone/misc/void
呼叫来自：/d/automap/290.lpc 的 create() 第 23 行，物件： /d/automap/290
呼叫来自：/inherit/room/room.lpc 的 setup() 第 290 行，物件： /d/automap/290
呼叫来自：/inherit/room/room.lpc 的 reset() 第 143 行，物件： /d/automap/290
呼叫来自：/inherit/room/room.lpc 的 make_inventory() 第 25 行，物件： /d/automap/290
呼叫来自：/clone/map/npc/guai.lpc 的 create() 第 61 行，物件： /clone/map/npc/guai#17180 ("[1;32m森林贼盗[2;37;0m")
呼叫来自：/inherit/char/npc.lpc 的 add_money() 第 53 行，物件： /clone/map/npc/guai#17180 ("[1;32m森林贼盗[2;37;0m")
呼叫来自：/inherit/item/combined.lpc 的 set_amount() 第 38 行，物件： /clone/money/gold#17183 ("[33m黄金[2;37;0m")
呼叫来自：/feature/move.lpc 的 move() 第 242 行，物件： /clone/money/gold#17183 ("[33m黄金[2;37;0m")
呼叫来自：/inherit/room/room.lpc 的 xyzx_system_clean_up() 第 70 行，物件： /clone/misc/void

执行时段错误：*cannot bind a functional to an object with a pending replace_program()

程式：/inherit/room/room.lpc 第 70 行
物件：/clone/misc/void
呼叫来自：/d/automap/680.lpc 的 create() 第 23 行，物件： /d/automap/680
呼叫来自：/inherit/room/room.lpc 的 setup() 第 290 行，物件： /d/automap/680
呼叫来自：/inherit/room/room.lpc 的 reset() 第 158 行，物件： /d/automap/680
呼叫来自：/inherit/char/npc.lpc 的 full_home_npc() 第 167 行，物件： /clone/map/npc/guai#17257 ("[1;32m森林贼盗[2;37;0m")
呼叫来自：/clone/map/npc/guai.lpc 的 create() 第 61 行，物件： /clone/map/npc/guai#17257 ("[1;32m森林贼盗[2;37;0m")
呼叫来自：/inherit/char/npc.lpc 的 add_money() 第 53 行，物件： /clone/map/npc/guai#17257 ("[1;32m森林贼盗[2;37;0m")
呼叫来自：/inherit/item/combined.lpc 的 set_amount() 第 38 行，物件： /clone/money/gold#17260 ("[33m黄金[2;37;0m")
呼叫来自：/feature/move.lpc 的 move() 第 242 行，物件： /clone/money/gold#17260 ("[33m黄金[2;37;0m")
呼叫来自：/inherit/room/room.lpc 的 xyzx_system_clean_up() 第 70 行，物件： /clone/misc/void

执行时段错误：*cannot bind a functional to an object with a pending replace_program()

程式：/inherit/room/room.lpc 第 70 行
物件：/clone/misc/void
呼叫来自：/d/automap/700.lpc 的 create() 第 24 行，物件： /d/automap/700
呼叫来自：/inherit/room/room.lpc 的 setup() 第 290 行，物件： /d/automap/700
呼叫来自：/inherit/room/room.lpc 的 reset() 第 143 行，物件： /d/automap/700
呼叫来自：/inherit/room/room.lpc 的 make_inventory() 第 25 行，物件： /d/automap/700
呼叫来自：/clone/map/npc/guai_boss.lpc 的 create() 第 79 行，物件： /clone/map/npc/guai_boss#17271 ("[1;33m贼盗头领[2;37;0m")
呼叫来自：/inherit/char/npc.lpc 的 add_money() 第 53 行，物件： /clone/map/npc/guai_boss#17271 ("[1;33m贼盗头领[2;37;0m")
呼叫来自：/inherit/item/combined.lpc 的 set_amount() 第 38 行，物件： /clone/money/gold#17274 ("[33m黄金[2;37;0m")
呼叫来自：/feature/move.lpc 的 move() 第 242 行，物件： /clone/money/gold#17274 ("[33m黄金[2;37;0m")
呼叫来自：/inherit/room/room.lpc 的 xyzx_system_clean_up() 第 70 行，物件： /clone/misc/void

执行时段错误：*cannot bind a functional to an object with a pending replace_program()

程式：/inherit/room/room.lpc 第 70 行
物件：/clone/misc/void
呼叫来自：/d/automap/555.lpc 的 create() 第 23 行，物件： /d/automap/555
呼叫来自：/inherit/room/room.lpc 的 setup() 第 290 行，物件： /d/automap/555
呼叫来自：/inherit/room/room.lpc 的 reset() 第 143 行，物件： /d/automap/555
呼叫来自：/inherit/room/room.lpc 的 make_inventory() 第 25 行，物件： /d/automap/555
呼叫来自：/clone/map/npc/guai.lpc 的 create() 第 61 行，物件： /clone/map/npc/guai#17303 ("[1;32m森林贼盗[2;37;0m")
呼叫来自：/inherit/char/npc.lpc 的 add_money() 第 53 行，物件： /clone/map/npc/guai#17303 ("[1;32m森林贼盗[2;37;0m")
呼叫来自：/inherit/item/combined.lpc 的 set_amount() 第 38 行，物件： /clone/money/gold#17306 ("[33m黄金[2;37;0m")
呼叫来自：/feature/move.lpc 的 move() 第 242 行，物件： /clone/money/gold#17306 ("[33m黄金[2;37;0m")
呼叫来自：/inherit/room/room.lpc 的 xyzx_system_clean_up() 第 70 行，物件： /clone/misc/void

执行时段错误：*cannot bind a functional to an object with a pending replace_program()

程式：/inherit/room/room.lpc 第 70 行
物件：/clone/misc/void
呼叫来自：/d/automap/245.lpc 的 create() 第 23 行，物件： /d/automap/245
呼叫来自：/inherit/room/room.lpc 的 setup() 第 290 行，物件： /d/automap/245
呼叫来自：/inherit/room/room.lpc 的 reset() 第 143 行，物件： /d/automap/245
呼叫来自：/inherit/room/room.lpc 的 make_inventory() 第 25 行，物件： /d/automap/245
呼叫来自：/clone/map/npc/guai.lpc 的 create() 第 61 行，物件： /clone/map/npc/guai#17324 ("[1;32m森林贼盗[2;37;0m")
呼叫来自：/inherit/char/npc.lpc 的 add_money() 第 53 行，物件： /clone/map/npc/guai#17324 ("[1;32m森林贼盗[2;37;0m")
呼叫来自：/inherit/item/combined.lpc 的 set_amount() 第 38 行，物件： /clone/money/gold#17327 ("[33m黄金[2;37;0m")
呼叫来自：/feature/move.lpc 的 move() 第 242 行，物件： /clone/money/gold#17327 ("[33m黄金[2;37;0m")
呼叫来自：/inherit/room/room.lpc 的 xyzx_system_clean_up() 第 70 行，物件： /clone/misc/void

执行时段错误：*cannot bind a functional to an object with a pending replace_program()

程式：/inherit/room/room.lpc 第 70 行
物件：/clone/misc/void
呼叫来自：/d/automap/615.lpc 的 create() 第 23 行，物件： /d/automap/615
呼叫来自：/inherit/room/room.lpc 的 setup() 第 290 行，物件： /d/automap/615
呼叫来自：/inherit/room/room.lpc 的 reset() 第 143 行，物件： /d/automap/615
呼叫来自：/inherit/room/room.lpc 的 make_inventory() 第 25 行，物件： /d/automap/615
呼叫来自：/clone/map/npc/guai.lpc 的 create() 第 61 行，物件： /clone/map/npc/guai#17342 ("[1;32m森林贼盗[2;37;0m")
呼叫来自：/inherit/char/npc.lpc 的 add_money() 第 53 行，物件： /clone/map/npc/guai#17342 ("[1;32m森林贼盗[2;37;0m")
呼叫来自：/inherit/item/combined.lpc 的 set_amount() 第 38 行，物件： /clone/money/gold#17345 ("[33m黄金[2;37;0m")
呼叫来自：/feature/move.lpc 的 move() 第 242 行，物件： /clone/money/gold#17345 ("[33m黄金[2;37;0m")
呼叫来自：/inherit/room/room.lpc 的 xyzx_system_clean_up() 第 70 行，物件： /clone/misc/void

执行时段错误：*cannot bind a functional to an object with a pending replace_program()

程式：/inherit/room/room.lpc 第 70 行
物件：/clone/misc/void
呼叫来自：/d/automap/620.lpc 的 create() 第 23 行，物件： /d/automap/620
呼叫来自：/inherit/room/room.lpc 的 setup() 第 290 行，物件： /d/automap/620
呼叫来自：/inherit/room/room.lpc 的 reset() 第 143 行，物件： /d/automap/620
呼叫来自：/inherit/room/room.lpc 的 make_inventory() 第 25 行，物件： /d/automap/620
呼叫来自：/clone/map/npc/guai.lpc 的 create() 第 61 行，物件： /clone/map/npc/guai#17541 ("[1;32m森林贼盗[2;37;0m")
呼叫来自：/inherit/char/npc.lpc 的 add_money() 第 53 行，物件： /clone/map/npc/guai#17541 ("[1;32m森林贼盗[2;37;0m")
呼叫来自：/inherit/item/combined.lpc 的 set_amount() 第 38 行，物件： /clone/money/gold#17544 ("[33m黄金[2;37;0m")
呼叫来自：/feature/move.lpc 的 move() 第 242 行，物件： /clone/money/gold#17544 ("[33m黄金[2;37;0m")
呼叫来自：/inherit/room/room.lpc 的 xyzx_system_clean_up() 第 70 行，物件： /clone/misc/void

执行时段错误：*cannot bind a functional to an object with a pending replace_program()

程式：/inherit/room/room.lpc 第 70 行
物件：/clone/misc/void
呼叫来自：/d/automap/435.lpc 的 create() 第 23 行，物件： /d/automap/435
呼叫来自：/inherit/room/room.lpc 的 setup() 第 290 行，物件： /d/automap/435
呼叫来自：/inherit/room/room.lpc 的 reset() 第 143 行，物件： /d/automap/435
呼叫来自：/inherit/room/room.lpc 的 make_inventory() 第 25 行，物件： /d/automap/435
呼叫来自：/clone/map/npc/guai.lpc 的 create() 第 61 行，物件： /clone/map/npc/guai#17573 ("[1;32m森林贼盗[2;37;0m")
呼叫来自：/inherit/char/npc.lpc 的 add_money() 第 53 行，物件： /clone/map/npc/guai#17573 ("[1;32m森林贼盗[2;37;0m")
呼叫来自：/inherit/item/combined.lpc 的 set_amount() 第 38 行，物件： /clone/money/gold#17576 ("[33m黄金[2;37;0m")
呼叫来自：/feature/move.lpc 的 move() 第 242 行，物件： /clone/money/gold#17576 ("[33m黄金[2;37;0m")
呼叫来自：/inherit/room/room.lpc 的 xyzx_system_clean_up() 第 70 行，物件： /clone/misc/void

执行时段错误：*cannot bind a functional to an object with a pending replace_program()

程式：/inherit/room/room.lpc 第 70 行
物件：/clone/misc/void
呼叫来自：/d/automap/395.lpc 的 create() 第 23 行，物件： /d/automap/395
呼叫来自：/inherit/room/room.lpc 的 setup() 第 290 行，物件： /d/automap/395
呼叫来自：/inherit/room/room.lpc 的 reset() 第 143 行，物件： /d/automap/395
呼叫来自：/inherit/room/room.lpc 的 make_inventory() 第 25 行，物件： /d/automap/395
呼叫来自：/clone/map/npc/guai.lpc 的 create() 第 61 行，物件： /clone/map/npc/guai#17612 ("[1;32m森林贼盗[2;37;0m")
呼叫来自：/inherit/char/npc.lpc 的 add_money() 第 53 行，物件： /clone/map/npc/guai#17612 ("[1;32m森林贼盗[2;37;0m")
呼叫来自：/inherit/item/combined.lpc 的 set_amount() 第 38 行，物件： /clone/money/gold#17615 ("[33m黄金[2;37;0m")
呼叫来自：/feature/move.lpc 的 move() 第 242 行，物件： /clone/money/gold#17615 ("[33m黄金[2;37;0m")
呼叫来自：/inherit/room/room.lpc 的 xyzx_system_clean_up() 第 70 行，物件： /clone/misc/void

执行时段错误：*cannot bind a functional to an object with a pending replace_program()

程式：/inherit/room/room.lpc 第 70 行
物件：/clone/misc/void
呼叫来自：/d/automap/930.lpc 的 create() 第 23 行，物件： /d/automap/930
呼叫来自：/inherit/room/room.lpc 的 setup() 第 290 行，物件： /d/automap/930
呼叫来自：/inherit/room/room.lpc 的 reset() 第 143 行，物件： /d/automap/930
呼叫来自：/inherit/room/room.lpc 的 make_inventory() 第 25 行，物件： /d/automap/930
呼叫来自：/clone/map/npc/guai.lpc 的 create() 第 61 行，物件： /clone/map/npc/guai#17644 ("[1;32m森林贼盗[2;37;0m")
呼叫来自：/inherit/char/npc.lpc 的 add_money() 第 53 行，物件： /clone/map/npc/guai#17644 ("[1;32m森林贼盗[2;37;0m")
呼叫来自：/inherit/item/combined.lpc 的 set_amount() 第 38 行，物件： /clone/money/gold#17647 ("[33m黄金[2;37;0m")
呼叫来自：/feature/move.lpc 的 move() 第 242 行，物件： /clone/money/gold#17647 ("[33m黄金[2;37;0m")
呼叫来自：/inherit/room/room.lpc 的 xyzx_system_clean_up() 第 70 行，物件： /clone/misc/void

执行时段错误：*cannot bind a functional to an object with a pending replace_program()

程式：/inherit/room/room.lpc 第 70 行
物件：/clone/misc/void
呼叫来自：/d/automap/745.lpc 的 create() 第 23 行，物件： /d/automap/745
呼叫来自：/inherit/room/room.lpc 的 setup() 第 290 行，物件： /d/automap/745
呼叫来自：/inherit/room/room.lpc 的 reset() 第 143 行，物件： /d/automap/745
呼叫来自：/inherit/room/room.lpc 的 make_inventory() 第 25 行，物件： /d/automap/745
呼叫来自：/clone/map/npc/guai.lpc 的 create() 第 61 行，物件： /clone/map/npc/guai#17662 ("[1;32m森林贼盗[2;37;0m")
呼叫来自：/inherit/char/npc.lpc 的 add_money() 第 53 行，物件： /clone/map/npc/guai#17662 ("[1;32m森林贼盗[2;37;0m")
呼叫来自：/inherit/item/combined.lpc 的 set_amount() 第 38 行，物件： /clone/money/gold#17665 ("[33m黄金[2;37;0m")
呼叫来自：/feature/move.lpc 的 move() 第 242 行，物件： /clone/money/gold#17665 ("[33m黄金[2;37;0m")
呼叫来自：/inherit/room/room.lpc 的 xyzx_system_clean_up() 第 70 行，物件： /clone/misc/void

执行时段错误：*cannot bind a functional to an object with a pending replace_program()

程式：/inherit/room/room.lpc 第 70 行
物件：/clone/misc/void
呼叫来自：/d/automap/120.lpc 的 create() 第 23 行，物件： /d/automap/120
呼叫来自：/inherit/room/room.lpc 的 setup() 第 290 行，物件： /d/automap/120
呼叫来自：/inherit/room/room.lpc 的 reset() 第 143 行，物件： /d/automap/120
呼叫来自：/inherit/room/room.lpc 的 make_inventory() 第 25 行，物件： /d/automap/120
呼叫来自：/clone/map/npc/guai.lpc 的 create() 第 61 行，物件： /clone/map/npc/guai#17736 ("[1;32m森林贼盗[2;37;0m")
呼叫来自：/inherit/char/npc.lpc 的 add_money() 第 53 行，物件： /clone/map/npc/guai#17736 ("[1;32m森林贼盗[2;37;0m")
呼叫来自：/inherit/item/combined.lpc 的 set_amount() 第 38 行，物件： /clone/money/gold#17739 ("[33m黄金[2;37;0m")
呼叫来自：/feature/move.lpc 的 move() 第 242 行，物件： /clone/money/gold#17739 ("[33m黄金[2;37;0m")
呼叫来自：/inherit/room/room.lpc 的 xyzx_system_clean_up() 第 70 行，物件： /clone/misc/void

执行时段错误：*cannot bind a functional to an object with a pending replace_program()

程式：/inherit/room/room.lpc 第 70 行
物件：/clone/misc/void
呼叫来自：/d/automap/770.lpc 的 create() 第 23 行，物件： /d/automap/770
呼叫来自：/inherit/room/room.lpc 的 setup() 第 290 行，物件： /d/automap/770
呼叫来自：/inherit/room/room.lpc 的 reset() 第 143 行，物件： /d/automap/770
呼叫来自：/inherit/room/room.lpc 的 make_inventory() 第 25 行，物件： /d/automap/770
呼叫来自：/clone/map/npc/guai.lpc 的 create() 第 61 行，物件： /clone/map/npc/guai#17775 ("[1;32m森林贼盗[2;37;0m")
呼叫来自：/inherit/char/npc.lpc 的 add_money() 第 53 行，物件： /clone/map/npc/guai#17775 ("[1;32m森林贼盗[2;37;0m")
呼叫来自：/inherit/item/combined.lpc 的 set_amount() 第 38 行，物件： /clone/money/gold#17778 ("[33m黄金[2;37;0m")
呼叫来自：/feature/move.lpc 的 move() 第 242 行，物件： /clone/money/gold#17778 ("[33m黄金[2;37;0m")
呼叫来自：/inherit/room/room.lpc 的 xyzx_system_clean_up() 第 70 行，物件： /clone/misc/void

执行时段错误：*cannot bind a functional to an object with a pending replace_program()

程式：/inherit/room/room.lpc 第 70 行
物件：/clone/misc/void
呼叫来自：/d/automap/1005.lpc 的 create() 第 23 行，物件： /d/automap/1005
呼叫来自：/inherit/room/room.lpc 的 setup() 第 290 行，物件： /d/automap/1005
呼叫来自：/inherit/room/room.lpc 的 reset() 第 143 行，物件： /d/automap/1005
呼叫来自：/inherit/room/room.lpc 的 make_inventory() 第 25 行，物件： /d/automap/1005
呼叫来自：/clone/map/npc/guai.lpc 的 create() 第 61 行，物件： /clone/map/npc/guai#17810 ("[1;32m森林贼盗[2;37;0m")
呼叫来自：/inherit/char/npc.lpc 的 add_money() 第 53 行，物件： /clone/map/npc/guai#17810 ("[1;32m森林贼盗[2;37;0m")
呼叫来自：/inherit/item/combined.lpc 的 set_amount() 第 38 行，物件： /clone/money/gold#17813 ("[33m黄金[2;37;0m")
呼叫来自：/feature/move.lpc 的 move() 第 242 行，物件： /clone/money/gold#17813 ("[33m黄金[2;37;0m")
呼叫来自：/inherit/room/room.lpc 的 xyzx_system_clean_up() 第 70 行，物件： /clone/misc/void

执行时段错误：*cannot bind a functional to an object with a pending replace_program()

程式：/inherit/room/room.lpc 第 70 行
物件：/clone/misc/void
呼叫来自：/d/automap/15.lpc 的 create() 第 23 行，物件： /d/automap/15
呼叫来自：/inherit/room/room.lpc 的 setup() 第 290 行，物件： /d/automap/15
呼叫来自：/inherit/room/room.lpc 的 reset() 第 143 行，物件： /d/automap/15
呼叫来自：/inherit/room/room.lpc 的 make_inventory() 第 25 行，物件： /d/automap/15
呼叫来自：/clone/map/npc/guai.lpc 的 create() 第 61 行，物件： /clone/map/npc/guai#17814 ("[1;32m森林贼盗[2;37;0m")
呼叫来自：/inherit/char/npc.lpc 的 add_money() 第 53 行，物件： /clone/map/npc/guai#17814 ("[1;32m森林贼盗[2;37;0m")
呼叫来自：/inherit/item/combined.lpc 的 set_amount() 第 38 行，物件： /clone/money/gold#17817 ("[33m黄金[2;37;0m")
呼叫来自：/feature/move.lpc 的 move() 第 242 行，物件： /clone/money/gold#17817 ("[33m黄金[2;37;0m")
呼叫来自：/inherit/room/room.lpc 的 xyzx_system_clean_up() 第 70 行，物件： /clone/misc/void

执行时段错误：*cannot bind a functional to an object with a pending replace_program()

程式：/inherit/room/room.lpc 第 70 行
物件：/clone/misc/void
呼叫来自：/d/automap/645.lpc 的 create() 第 23 行，物件： /d/automap/645
呼叫来自：/inherit/room/room.lpc 的 setup() 第 290 行，物件： /d/automap/645
呼叫来自：/inherit/room/room.lpc 的 reset() 第 158 行，物件： /d/automap/645
呼叫来自：/inherit/char/npc.lpc 的 full_home_npc() 第 167 行，物件： /clone/map/npc/guai#18092 ("[1;32m森林贼盗[2;37;0m")
呼叫来自：/clone/map/npc/guai.lpc 的 create() 第 61 行，物件： /clone/map/npc/guai#18092 ("[1;32m森林贼盗[2;37;0m")
呼叫来自：/inherit/char/npc.lpc 的 add_money() 第 53 行，物件： /clone/map/npc/guai#18092 ("[1;32m森林贼盗[2;37;0m")
呼叫来自：/inherit/item/combined.lpc 的 set_amount() 第 38 行，物件： /clone/money/gold#18095 ("[33m黄金[2;37;0m")
呼叫来自：/feature/move.lpc 的 move() 第 242 行，物件： /clone/money/gold#18095 ("[33m黄金[2;37;0m")
呼叫来自：/inherit/room/room.lpc 的 xyzx_system_clean_up() 第 70 行，物件： /clone/misc/void

执行时段错误：*cannot bind a functional to an object with a pending replace_program()

程式：/inherit/room/room.lpc 第 70 行
物件：/clone/misc/void
呼叫来自：/d/automap/860.lpc 的 create() 第 23 行，物件： /d/automap/860
呼叫来自：/inherit/room/room.lpc 的 setup() 第 290 行，物件： /d/automap/860
呼叫来自：/inherit/room/room.lpc 的 reset() 第 143 行，物件： /d/automap/860
呼叫来自：/inherit/room/room.lpc 的 make_inventory() 第 25 行，物件： /d/automap/860
呼叫来自：/clone/map/npc/guai.lpc 的 create() 第 61 行，物件： /clone/map/npc/guai#18197 ("[1;32m森林贼盗[2;37;0m")
呼叫来自：/inherit/char/npc.lpc 的 add_money() 第 53 行，物件： /clone/map/npc/guai#18197 ("[1;32m森林贼盗[2;37;0m")
呼叫来自：/inherit/item/combined.lpc 的 set_amount() 第 38 行，物件： /clone/money/gold#18200 ("[33m黄金[2;37;0m")
呼叫来自：/feature/move.lpc 的 move() 第 242 行，物件： /clone/money/gold#18200 ("[33m黄金[2;37;0m")
呼叫来自：/inherit/room/room.lpc 的 xyzx_system_clean_up() 第 70 行，物件： /clone/misc/void

执行时段错误：*cannot bind a functional to an object with a pending replace_program()

程式：/inherit/room/room.lpc 第 70 行
物件：/clone/misc/void
呼叫来自：/d/automap/915.lpc 的 create() 第 23 行，物件： /d/automap/915
呼叫来自：/inherit/room/room.lpc 的 setup() 第 290 行，物件： /d/automap/915
呼叫来自：/inherit/room/room.lpc 的 reset() 第 158 行，物件： /d/automap/915
呼叫来自：/inherit/char/npc.lpc 的 full_home_npc() 第 167 行，物件： /clone/map/npc/guai#18201 ("[1;32m森林贼盗[2;37;0m")
呼叫来自：/clone/map/npc/guai.lpc 的 create() 第 61 行，物件： /clone/map/npc/guai#18201 ("[1;32m森林贼盗[2;37;0m")
呼叫来自：/inherit/char/npc.lpc 的 add_money() 第 53 行，物件： /clone/map/npc/guai#18201 ("[1;32m森林贼盗[2;37;0m")
呼叫来自：/inherit/item/combined.lpc 的 set_amount() 第 38 行，物件： /clone/money/gold#18204 ("[33m黄金[2;37;0m")
呼叫来自：/feature/move.lpc 的 move() 第 242 行，物件： /clone/money/gold#18204 ("[33m黄金[2;37;0m")
呼叫来自：/inherit/room/room.lpc 的 xyzx_system_clean_up() 第 70 行，物件： /clone/misc/void

执行时段错误：*cannot bind a functional to an object with a pending replace_program()

程式：/inherit/room/room.lpc 第 70 行
物件：/clone/misc/void
呼叫来自：/d/automap/125.lpc 的 create() 第 23 行，物件： /d/automap/125
呼叫来自：/inherit/room/room.lpc 的 setup() 第 290 行，物件： /d/automap/125
呼叫来自：/inherit/room/room.lpc 的 reset() 第 143 行，物件： /d/automap/125
呼叫来自：/inherit/room/room.lpc 的 make_inventory() 第 25 行，物件： /d/automap/125
呼叫来自：/clone/map/npc/guai.lpc 的 create() 第 61 行，物件： /clone/map/npc/guai#18229 ("[1;32m森林贼盗[2;37;0m")
呼叫来自：/inherit/char/npc.lpc 的 add_money() 第 53 行，物件： /clone/map/npc/guai#18229 ("[1;32m森林贼盗[2;37;0m")
呼叫来自：/inherit/item/combined.lpc 的 set_amount() 第 38 行，物件： /clone/money/gold#18232 ("[33m黄金[2;37;0m")
呼叫来自：/feature/move.lpc 的 move() 第 242 行，物件： /clone/money/gold#18232 ("[33m黄金[2;37;0m")
呼叫来自：/inherit/room/room.lpc 的 xyzx_system_clean_up() 第 70 行，物件： /clone/misc/void

执行时段错误：*cannot bind a functional to an object with a pending replace_program()

程式：/inherit/room/room.lpc 第 70 行
物件：/clone/misc/void
呼叫来自：/d/automap/905.lpc 的 create() 第 23 行，物件： /d/automap/905
呼叫来自：/inherit/room/room.lpc 的 setup() 第 290 行，物件： /d/automap/905
呼叫来自：/inherit/room/room.lpc 的 reset() 第 143 行，物件： /d/automap/905
呼叫来自：/inherit/room/room.lpc 的 make_inventory() 第 25 行，物件： /d/automap/905
呼叫来自：/clone/map/npc/guai.lpc 的 create() 第 61 行，物件： /clone/map/npc/guai#18317 ("[1;32m森林贼盗[2;37;0m")
呼叫来自：/inherit/char/npc.lpc 的 add_money() 第 53 行，物件： /clone/map/npc/guai#18317 ("[1;32m森林贼盗[2;37;0m")
呼叫来自：/inherit/item/combined.lpc 的 set_amount() 第 38 行，物件： /clone/money/gold#18320 ("[33m黄金[2;37;0m")
呼叫来自：/feature/move.lpc 的 move() 第 242 行，物件： /clone/money/gold#18320 ("[33m黄金[2;37;0m")
呼叫来自：/inherit/room/room.lpc 的 xyzx_system_clean_up() 第 70 行，物件： /clone/misc/void

执行时段错误：*No program in object '/d/player/ltsh/npc/saveme'!

程式：/inherit/room/room.lpc 第 25 行
物件：/d/shaolin/hantan3
呼叫来自：/d/shaolin/hantan3.lpc 的 create() 第 17 行，物件： /d/shaolin/hantan3
呼叫来自：/inherit/room/room.lpc 的 setup() 第 290 行，物件： /d/shaolin/hantan3
呼叫来自：/inherit/room/room.lpc 的 reset() 第 143 行，物件： /d/shaolin/hantan3
呼叫来自：/inherit/room/room.lpc 的 make_inventory() 第 25 行，物件： /d/shaolin/hantan3

执行时段错误：*cannot bind a functional to an object with a pending replace_program()

程式：/inherit/room/room.lpc 第 106 行
物件：/d/xuehepai/zoulang2
呼叫来自：/d/xuehepai/zoulang2.lpc 的 create() 第 22 行，物件： /d/xuehepai/zoulang2
呼叫来自：/inherit/room/room.lpc 的 setup() 第 290 行，物件： /d/xuehepai/zoulang2
呼叫来自：/inherit/room/room.lpc 的 reset() 第 106 行，物件： /d/xuehepai/zoulang2

执行时段错误：*cannot bind a functional to an object with a pending replace_program()

程式：/inherit/room/room.lpc 第 106 行
物件：/d/xuehepai/zoulang1
呼叫来自：/d/xuehepai/zoulang1.lpc 的 create() 第 22 行，物件： /d/xuehepai/zoulang1
呼叫来自：/inherit/room/room.lpc 的 setup() 第 290 行，物件： /d/xuehepai/zoulang1
呼叫来自：/inherit/room/room.lpc 的 reset() 第 106 行，物件： /d/xuehepai/zoulang1

执行时段错误：*No program in object '/d/player/ltsh/npc/saveme'!

程式：0 第 0 行
物件：/adm/obj/master

执行时段错误：*No program in object '/d/player/ltsh/npc/saveme'!

程式：/inherit/room/room.lpc 第 25 行
物件：/d/player/ltsh/tst
呼叫来自：/d/player/ltsh/tst.lpc 的 create() 第 22 行，物件： /d/player/ltsh/tst
呼叫来自：/inherit/room/room.lpc 的 setup() 第 290 行，物件： /d/player/ltsh/tst
呼叫来自：/inherit/room/room.lpc 的 reset() 第 143 行，物件： /d/player/ltsh/tst
呼叫来自：/inherit/room/room.lpc 的 make_inventory() 第 25 行，物件： /d/player/ltsh/tst

执行时段错误：*Bad argument 1 to EFUN call_other()
Expected: object, string, array,  Got: int(0).

程式：/d/quanzhen_old/obj/m_sword.lpc 第 57 行
物件：/d/quanzhen_old/obj/m_sword
呼叫来自：/d/quanzhen_old/obj/m_sword.lpc 的 create() 第 57 行，物件： /d/quanzhen_old/obj/m_sword ("/d/quanzhen_old/obj/m_sword")

执行时段错误：*Bad argument 1 to EFUN call_other()
Expected: object, string, array,  Got: int(0).

程式：/d/quanzhen_old/npc/obj/m_sword.lpc 第 29 行
物件：/d/quanzhen_old/npc/obj/m_sword
呼叫来自：/d/quanzhen_old/npc/obj/m_sword.lpc 的 create() 第 29 行，物件： /d/quanzhen_old/npc/obj/m_sword ("/d/quanzhen_old/npc/obj/m_sword")

执行时段错误：*Wrong permissions for opening file /u/snow/log for append.
"Is a directory"

程式：/adm/obj/master.lpc 第 124 行
物件：/adm/obj/master
呼叫来自：/u/snow/wudujiao/chufang.lpc 的 create() 第 30 行，物件： /u/snow/wudujiao/chufang
呼叫来自：/inherit/room/room.lpc 的 setup() 第 290 行，物件： /u/snow/wudujiao/chufang
呼叫来自：/inherit/room/room.lpc 的 reset() 第 166 行，物件： /u/snow/wudujiao/chufang
呼叫来自：/inherit/room/room.lpc 的 make_inventory() 第 25 行，物件： /u/snow/wudujiao/chufang
呼叫来自：/adm/obj/master.lpc 的 log_error() 第 124 行，物件： /adm/obj/master

执行时段错误：*Wrong permissions for opening file /u/snow/log for append.
"Is a directory"

程式：/adm/obj/master.lpc 第 124 行
物件：/adm/obj/master
呼叫来自：/adm/obj/master.lpc 的 log_error() 第 124 行，物件： /adm/obj/master

执行时段错误：*Wrong permissions for opening file /u/snow/log for append.
"Is a directory"

程式：/adm/obj/master.lpc 第 124 行
物件：/adm/obj/master
呼叫来自：/adm/obj/master.lpc 的 log_error() 第 124 行，物件： /adm/obj/master

执行时段错误：*Wrong permissions for opening file /u/snow/log for append.
"Is a directory"

程式：/adm/obj/master.lpc 第 124 行
物件：/adm/obj/master
呼叫来自：/adm/obj/master.lpc 的 log_error() 第 124 行，物件： /adm/obj/master

执行时段错误：*Wrong permissions for opening file /u/snow/log for append.
"Is a directory"

程式：/adm/obj/master.lpc 第 124 行
物件：/adm/obj/master
呼叫来自：/adm/obj/master.lpc 的 log_error() 第 124 行，物件： /adm/obj/master

执行时段错误：*Wrong permissions for opening file /u/snow/log for append.
"Is a directory"

程式：/adm/obj/master.lpc 第 124 行
物件：/adm/obj/master
呼叫来自：/adm/obj/master.lpc 的 log_error() 第 124 行，物件： /adm/obj/master

执行时段错误：*Wrong permissions for opening file /u/snow/log for append.
"Is a directory"

程式：/adm/obj/master.lpc 第 124 行
物件：/adm/obj/master
呼叫来自：/adm/obj/master.lpc 的 log_error() 第 124 行，物件： /adm/obj/master

执行时段错误：*Wrong permissions for opening file /u/snow/log for append.
"Is a directory"

程式：/adm/obj/master.lpc 第 124 行
物件：/adm/obj/master
呼叫来自：/adm/obj/master.lpc 的 log_error() 第 124 行，物件： /adm/obj/master

执行时段错误：*Wrong permissions for opening file /u/snow/log for append.
"Is a directory"

程式：/adm/obj/master.lpc 第 124 行
物件：/adm/obj/master
呼叫来自：/adm/obj/master.lpc 的 log_error() 第 124 行，物件： /adm/obj/master

执行时段错误：*Wrong permissions for opening file /u/snow/log for append.
"Is a directory"

程式：/adm/obj/master.lpc 第 124 行
物件：/adm/obj/master
呼叫来自：/adm/obj/master.lpc 的 log_error() 第 124 行，物件： /adm/obj/master

执行时段错误：*Wrong permissions for opening file /u/snow/log for append.
"Is a directory"

程式：/adm/obj/master.lpc 第 124 行
物件：/adm/obj/master
呼叫来自：/adm/obj/master.lpc 的 log_error() 第 124 行，物件： /adm/obj/master

执行时段错误：*Wrong permissions for opening file /u/snow/log for append.
"Is a directory"

程式：/adm/obj/master.lpc 第 124 行
物件：/adm/obj/master
呼叫来自：/adm/obj/master.lpc 的 log_error() 第 124 行，物件： /adm/obj/master

执行时段错误：*Wrong permissions for opening file /u/snow/log for append.
"Is a directory"

程式：/adm/obj/master.lpc 第 124 行
物件：/adm/obj/master
呼叫来自：/adm/obj/master.lpc 的 log_error() 第 124 行，物件： /adm/obj/master

执行时段错误：*Wrong permissions for opening file /u/snow/log for append.
"Is a directory"

程式：/adm/obj/master.lpc 第 124 行
物件：/adm/obj/master
呼叫来自：/adm/obj/master.lpc 的 log_error() 第 124 行，物件： /adm/obj/master

执行时段错误：*Wrong permissions for opening file /u/snow/log for append.
"Is a directory"

程式：/adm/obj/master.lpc 第 124 行
物件：/adm/obj/master
呼叫来自：/adm/obj/master.lpc 的 log_error() 第 124 行，物件： /adm/obj/master

执行时段错误：*Wrong permissions for opening file /u/snow/log for append.
"Is a directory"

程式：/adm/obj/master.lpc 第 124 行
物件：/adm/obj/master
呼叫来自：/adm/obj/master.lpc 的 log_error() 第 124 行，物件： /adm/obj/master

执行时段错误：*Wrong permissions for opening file /u/snow/log for append.
"Is a directory"

程式：/adm/obj/master.lpc 第 124 行
物件：/adm/obj/master
呼叫来自：/adm/obj/master.lpc 的 log_error() 第 124 行，物件： /adm/obj/master

执行时段错误：*Wrong permissions for opening file /u/snow/log for append.
"Is a directory"

程式：/adm/obj/master.lpc 第 124 行
物件：/adm/obj/master
呼叫来自：/adm/obj/master.lpc 的 log_error() 第 124 行，物件： /adm/obj/master

执行时段错误：*Wrong permissions for opening file /u/snow/log for append.
"Is a directory"

程式：/adm/obj/master.lpc 第 124 行
物件：/adm/obj/master
呼叫来自：/adm/obj/master.lpc 的 log_error() 第 124 行，物件： /adm/obj/master

执行时段错误：*Wrong permissions for opening file /u/snow/log for append.
"Is a directory"

程式：/adm/obj/master.lpc 第 124 行
物件：/adm/obj/master
呼叫来自：/adm/obj/master.lpc 的 log_error() 第 124 行，物件： /adm/obj/master

执行时段错误：*Wrong permissions for opening file /u/snow/log for append.
"Is a directory"

程式：/adm/obj/master.lpc 第 124 行
物件：/adm/obj/master
呼叫来自：/adm/obj/master.lpc 的 log_error() 第 124 行，物件： /adm/obj/master

执行时段错误：*Wrong permissions for opening file /u/snow/log for append.
"Is a directory"

程式：/adm/obj/master.lpc 第 124 行
物件：/adm/obj/master
呼叫来自：/adm/obj/master.lpc 的 log_error() 第 124 行，物件： /adm/obj/master

执行时段错误：*Wrong permissions for opening file /u/snow/log for append.
"Is a directory"

程式：/adm/obj/master.lpc 第 124 行
物件：/adm/obj/master
呼叫来自：/adm/obj/master.lpc 的 log_error() 第 124 行，物件： /adm/obj/master

执行时段错误：*Wrong permissions for opening file /u/snow/log for append.
"Is a directory"

程式：/adm/obj/master.lpc 第 124 行
物件：/adm/obj/master
呼叫来自：/adm/obj/master.lpc 的 log_error() 第 124 行，物件： /adm/obj/master

执行时段错误：*Wrong permissions for opening file /u/snow/log for append.
"Is a directory"

程式：/adm/obj/master.lpc 第 124 行
物件：/adm/obj/master
呼叫来自：/adm/obj/master.lpc 的 log_error() 第 124 行，物件： /adm/obj/master

执行时段错误：*Wrong permissions for opening file /u/snow/log for append.
"Is a directory"

程式：/adm/obj/master.lpc 第 124 行
物件：/adm/obj/master
呼叫来自：/adm/obj/master.lpc 的 log_error() 第 124 行，物件： /adm/obj/master

执行时段错误：*Wrong permissions for opening file /u/snow/log for append.
"Is a directory"

程式：/adm/obj/master.lpc 第 124 行
物件：/adm/obj/master
呼叫来自：/adm/obj/master.lpc 的 log_error() 第 124 行，物件： /adm/obj/master

执行时段错误：*Wrong permissions for opening file /u/snow/log for append.
"Is a directory"

程式：/adm/obj/master.lpc 第 124 行
物件：/adm/obj/master
呼叫来自：/adm/obj/master.lpc 的 log_error() 第 124 行，物件： /adm/obj/master

执行时段错误：*Wrong permissions for opening file /u/snow/log for append.
"Is a directory"

程式：/adm/obj/master.lpc 第 124 行
物件：/adm/obj/master
呼叫来自：/adm/obj/master.lpc 的 log_error() 第 124 行，物件： /adm/obj/master

执行时段错误：*Wrong permissions for opening file /u/snow/log for append.
"Is a directory"

程式：/adm/obj/master.lpc 第 124 行
物件：/adm/obj/master
呼叫来自：/adm/obj/master.lpc 的 log_error() 第 124 行，物件： /adm/obj/master

执行时段错误：*Wrong permissions for opening file /u/snow/log for append.
"Is a directory"

程式：/adm/obj/master.lpc 第 124 行
物件：/adm/obj/master
呼叫来自：/adm/obj/master.lpc 的 log_error() 第 124 行，物件： /adm/obj/master

执行时段错误：*Wrong permissions for opening file /u/snow/log for append.
"Is a directory"

程式：/adm/obj/master.lpc 第 124 行
物件：/adm/obj/master
呼叫来自：/adm/obj/master.lpc 的 log_error() 第 124 行，物件： /adm/obj/master

执行时段错误：*Wrong permissions for opening file /u/snow/log for append.
"Is a directory"

程式：/adm/obj/master.lpc 第 124 行
物件：/adm/obj/master
呼叫来自：/adm/obj/master.lpc 的 log_error() 第 124 行，物件： /adm/obj/master

执行时段错误：*Wrong permissions for opening file /u/snow/log for append.
"Is a directory"

程式：/adm/obj/master.lpc 第 124 行
物件：/adm/obj/master
呼叫来自：/adm/obj/master.lpc 的 log_error() 第 124 行，物件： /adm/obj/master

执行时段错误：*Wrong permissions for opening file /u/snow/log for append.
"Is a directory"

程式：/adm/obj/master.lpc 第 124 行
物件：/adm/obj/master
呼叫来自：/adm/obj/master.lpc 的 log_error() 第 124 行，物件： /adm/obj/master

执行时段错误：*Wrong permissions for opening file /u/snow/log for append.
"Is a directory"

程式：/adm/obj/master.lpc 第 124 行
物件：/adm/obj/master
呼叫来自：/adm/obj/master.lpc 的 log_error() 第 124 行，物件： /adm/obj/master

执行时段错误：*Wrong permissions for opening file /u/snow/log for append.
"Is a directory"

程式：/adm/obj/master.lpc 第 124 行
物件：/adm/obj/master
呼叫来自：/adm/obj/master.lpc 的 log_error() 第 124 行，物件： /adm/obj/master

执行时段错误：*Wrong permissions for opening file /u/snow/log for append.
"Is a directory"

程式：/adm/obj/master.lpc 第 124 行
物件：/adm/obj/master
呼叫来自：/adm/obj/master.lpc 的 log_error() 第 124 行，物件： /adm/obj/master

执行时段错误：*Wrong permissions for opening file /u/snow/log for append.
"Is a directory"

程式：/adm/obj/master.lpc 第 124 行
物件：/adm/obj/master
呼叫来自：/adm/obj/master.lpc 的 log_error() 第 124 行，物件： /adm/obj/master

执行时段错误：*Wrong permissions for opening file /u/snow/log for append.
"Is a directory"

程式：/adm/obj/master.lpc 第 124 行
物件：/adm/obj/master
呼叫来自：/adm/obj/master.lpc 的 log_error() 第 124 行，物件： /adm/obj/master

执行时段错误：*Wrong permissions for opening file /u/snow/log for append.
"Is a directory"

程式：/adm/obj/master.lpc 第 124 行
物件：/adm/obj/master
呼叫来自：/adm/obj/master.lpc 的 log_error() 第 124 行，物件： /adm/obj/master

执行时段错误：*Wrong permissions for opening file /u/snow/log for append.
"Is a directory"

程式：/adm/obj/master.lpc 第 124 行
物件：/adm/obj/master
呼叫来自：/adm/obj/master.lpc 的 log_error() 第 124 行，物件： /adm/obj/master

执行时段错误：*Wrong permissions for opening file /u/snow/log for append.
"Is a directory"

程式：/adm/obj/master.lpc 第 124 行
物件：/adm/obj/master
呼叫来自：/adm/obj/master.lpc 的 log_error() 第 124 行，物件： /adm/obj/master

执行时段错误：*Wrong permissions for opening file /u/snow/log for append.
"Is a directory"

程式：/adm/obj/master.lpc 第 124 行
物件：/adm/obj/master
呼叫来自：/adm/obj/master.lpc 的 log_error() 第 124 行，物件： /adm/obj/master

执行时段错误：*Wrong permissions for opening file /u/snow/log for append.
"Is a directory"

程式：/adm/obj/master.lpc 第 124 行
物件：/adm/obj/master
呼叫来自：/adm/obj/master.lpc 的 log_error() 第 124 行，物件： /adm/obj/master

执行时段错误：*Wrong permissions for opening file /u/snow/log for append.
"Is a directory"

程式：/adm/obj/master.lpc 第 124 行
物件：/adm/obj/master
呼叫来自：/adm/obj/master.lpc 的 log_error() 第 124 行，物件： /adm/obj/master

执行时段错误：*Wrong permissions for opening file /u/snow/log for append.
"Is a directory"

程式：/adm/obj/master.lpc 第 124 行
物件：/adm/obj/master
呼叫来自：/adm/obj/master.lpc 的 log_error() 第 124 行，物件： /adm/obj/master

执行时段错误：*Wrong permissions for opening file /u/snow/log for append.
"Is a directory"

程式：/adm/obj/master.lpc 第 124 行
物件：/adm/obj/master
呼叫来自：/adm/obj/master.lpc 的 log_error() 第 124 行，物件： /adm/obj/master

执行时段错误：*Wrong permissions for opening file /u/snow/log for append.
"Is a directory"

程式：/adm/obj/master.lpc 第 124 行
物件：/adm/obj/master
呼叫来自：/adm/obj/master.lpc 的 log_error() 第 124 行，物件： /adm/obj/master

执行时段错误：*Wrong permissions for opening file /u/snow/log for append.
"Is a directory"

程式：/adm/obj/master.lpc 第 124 行
物件：/adm/obj/master
呼叫来自：/adm/obj/master.lpc 的 log_error() 第 124 行，物件： /adm/obj/master

执行时段错误：*Wrong permissions for opening file /u/snow/log for append.
"Is a directory"

程式：/adm/obj/master.lpc 第 124 行
物件：/adm/obj/master
呼叫来自：/adm/obj/master.lpc 的 log_error() 第 124 行，物件： /adm/obj/master

执行时段错误：*Wrong permissions for opening file /u/snow/log for append.
"Is a directory"

程式：/adm/obj/master.lpc 第 124 行
物件：/adm/obj/master
呼叫来自：/adm/obj/master.lpc 的 log_error() 第 124 行，物件： /adm/obj/master

执行时段错误：*Wrong permissions for opening file /u/snow/log for append.
"Is a directory"

程式：/adm/obj/master.lpc 第 124 行
物件：/adm/obj/master
呼叫来自：/adm/obj/master.lpc 的 log_error() 第 124 行，物件： /adm/obj/master

执行时段错误：*Wrong permissions for opening file /u/snow/log for append.
"Is a directory"

程式：/adm/obj/master.lpc 第 124 行
物件：/adm/obj/master
呼叫来自：/adm/obj/master.lpc 的 log_error() 第 124 行，物件： /adm/obj/master

执行时段错误：*Wrong permissions for opening file /u/snow/log for append.
"Is a directory"

程式：/adm/obj/master.lpc 第 124 行
物件：/adm/obj/master
呼叫来自：/adm/obj/master.lpc 的 log_error() 第 124 行，物件： /adm/obj/master

执行时段错误：*Wrong permissions for opening file /u/snow/log for append.
"Is a directory"

程式：/adm/obj/master.lpc 第 124 行
物件：/adm/obj/master
呼叫来自：/adm/obj/master.lpc 的 log_error() 第 124 行，物件： /adm/obj/master

执行时段错误：*Wrong permissions for opening file /u/snow/log for append.
"Is a directory"

程式：/adm/obj/master.lpc 第 124 行
物件：/adm/obj/master
呼叫来自：/adm/obj/master.lpc 的 log_error() 第 124 行，物件： /adm/obj/master

执行时段错误：*Wrong permissions for opening file /u/snow/log for append.
"Is a directory"

程式：/adm/obj/master.lpc 第 124 行
物件：/adm/obj/master
呼叫来自：/adm/obj/master.lpc 的 log_error() 第 124 行，物件： /adm/obj/master

执行时段错误：*Wrong permissions for opening file /u/snow/log for append.
"Is a directory"

程式：/adm/obj/master.lpc 第 124 行
物件：/adm/obj/master
呼叫来自：/adm/obj/master.lpc 的 log_error() 第 124 行，物件： /adm/obj/master

执行时段错误：*Wrong permissions for opening file /u/snow/log for append.
"Is a directory"

程式：/adm/obj/master.lpc 第 124 行
物件：/adm/obj/master
呼叫来自：/adm/obj/master.lpc 的 log_error() 第 124 行，物件： /adm/obj/master

执行时段错误：*Wrong permissions for opening file /u/snow/log for append.
"Is a directory"

程式：/adm/obj/master.lpc 第 124 行
物件：/adm/obj/master
呼叫来自：/adm/obj/master.lpc 的 log_error() 第 124 行，物件： /adm/obj/master

执行时段错误：*Wrong permissions for opening file /u/snow/log for append.
"Is a directory"

程式：/adm/obj/master.lpc 第 124 行
物件：/adm/obj/master
呼叫来自：/adm/obj/master.lpc 的 log_error() 第 124 行，物件： /adm/obj/master

执行时段错误：*Wrong permissions for opening file /u/snow/log for append.
"Is a directory"

程式：/adm/obj/master.lpc 第 124 行
物件：/adm/obj/master
呼叫来自：/adm/obj/master.lpc 的 log_error() 第 124 行，物件： /adm/obj/master

执行时段错误：*Wrong permissions for opening file /u/snow/log for append.
"Is a directory"

程式：/adm/obj/master.lpc 第 124 行
物件：/adm/obj/master
呼叫来自：/adm/obj/master.lpc 的 log_error() 第 124 行，物件： /adm/obj/master

执行时段错误：*Wrong permissions for opening file /u/snow/log for append.
"Is a directory"

程式：/adm/obj/master.lpc 第 124 行
物件：/adm/obj/master
呼叫来自：/adm/obj/master.lpc 的 log_error() 第 124 行，物件： /adm/obj/master

执行时段错误：*Wrong permissions for opening file /u/snow/log for append.
"Is a directory"

程式：/adm/obj/master.lpc 第 124 行
物件：/adm/obj/master
呼叫来自：/adm/obj/master.lpc 的 log_error() 第 124 行，物件： /adm/obj/master

执行时段错误：*Wrong permissions for opening file /u/snow/log for append.
"Is a directory"

程式：/adm/obj/master.lpc 第 124 行
物件：/adm/obj/master
呼叫来自：/adm/obj/master.lpc 的 log_error() 第 124 行，物件： /adm/obj/master

执行时段错误：*Wrong permissions for opening file /u/snow/log for append.
"Is a directory"

程式：/adm/obj/master.lpc 第 124 行
物件：/adm/obj/master
呼叫来自：/adm/obj/master.lpc 的 log_error() 第 124 行，物件： /adm/obj/master

执行时段错误：*Wrong permissions for opening file /u/snow/log for append.
"Is a directory"

程式：/adm/obj/master.lpc 第 124 行
物件：/adm/obj/master
呼叫来自：/adm/obj/master.lpc 的 log_error() 第 124 行，物件： /adm/obj/master

执行时段错误：*Wrong permissions for opening file /u/snow/log for append.
"Is a directory"

程式：/adm/obj/master.lpc 第 124 行
物件：/adm/obj/master
呼叫来自：/adm/obj/master.lpc 的 log_error() 第 124 行，物件： /adm/obj/master

执行时段错误：*Wrong permissions for opening file /u/snow/log for append.
"Is a directory"

程式：/adm/obj/master.lpc 第 124 行
物件：/adm/obj/master
呼叫来自：/adm/obj/master.lpc 的 log_error() 第 124 行，物件： /adm/obj/master

执行时段错误：*Wrong permissions for opening file /u/snow/log for append.
"Is a directory"

程式：/adm/obj/master.lpc 第 124 行
物件：/adm/obj/master
呼叫来自：/adm/obj/master.lpc 的 log_error() 第 124 行，物件： /adm/obj/master

执行时段错误：*Wrong permissions for opening file /u/snow/log for append.
"Is a directory"

程式：/adm/obj/master.lpc 第 124 行
物件：/adm/obj/master
呼叫来自：/adm/obj/master.lpc 的 log_error() 第 124 行，物件： /adm/obj/master

执行时段错误：*Wrong permissions for opening file /u/snow/log for append.
"Is a directory"

程式：/adm/obj/master.lpc 第 124 行
物件：/adm/obj/master
呼叫来自：/adm/obj/master.lpc 的 log_error() 第 124 行，物件： /adm/obj/master

执行时段错误：*Wrong permissions for opening file /u/snow/log for append.
"Is a directory"

程式：/adm/obj/master.lpc 第 124 行
物件：/adm/obj/master
呼叫来自：/adm/obj/master.lpc 的 log_error() 第 124 行，物件： /adm/obj/master

执行时段错误：*Wrong permissions for opening file /u/snow/log for append.
"Is a directory"

程式：/adm/obj/master.lpc 第 124 行
物件：/adm/obj/master
呼叫来自：/adm/obj/master.lpc 的 log_error() 第 124 行，物件： /adm/obj/master

执行时段错误：*Wrong permissions for opening file /u/snow/log for append.
"Is a directory"

程式：/adm/obj/master.lpc 第 124 行
物件：/adm/obj/master
呼叫来自：/adm/obj/master.lpc 的 log_error() 第 124 行，物件： /adm/obj/master

执行时段错误：*Wrong permissions for opening file /u/snow/log for append.
"Is a directory"

程式：/adm/obj/master.lpc 第 124 行
物件：/adm/obj/master
呼叫来自：/adm/obj/master.lpc 的 log_error() 第 124 行，物件： /adm/obj/master

执行时段错误：*Wrong permissions for opening file /u/snow/log for append.
"Is a directory"

程式：/adm/obj/master.lpc 第 124 行
物件：/adm/obj/master
呼叫来自：/adm/obj/master.lpc 的 log_error() 第 124 行，物件： /adm/obj/master

执行时段错误：*Bad argument 2 to socket_bind()
Expected: int Got: "".

程式：/adm/daemons/network/server_bf.lpc 第 106 行
物件：/adm/daemons/network/server_bf
呼叫来自：/adm/daemons/network/server_bf.lpc 的 create() 第 92 行，物件： /adm/daemons/network/server_bf
呼叫来自：/adm/daemons/network/server_bf.lpc 的 setup() 第 106 行，物件： /adm/daemons/network/server_bf

执行时段错误：*Bad argument 2 to socket_bind()
Expected: int Got: "".

程式：/adm/daemons/network/server.lpc 第 84 行
物件：/adm/daemons/network/server
呼叫来自：/adm/daemons/network/server.lpc 的 create() 第 70 行，物件： /adm/daemons/network/server
呼叫来自：/adm/daemons/network/server.lpc 的 setup() 第 84 行，物件： /adm/daemons/network/server

执行时段错误：*cannot bind a functional to an object with a pending replace_program()

程式：/inherit/room/room.lpc 第 106 行
物件：/d/baituo/shijie
呼叫来自：/adm/daemons/questd.lpc 的 create() 第 42 行，物件： /adm/daemons/questd
呼叫来自：/adm/daemons/questd.lpc 的 init_dynamic_quest() 第 74 行，物件： /adm/daemons/questd
呼叫来自：/adm/daemons/questd.lpc 的 spread_quest() 第 92 行，物件： /adm/daemons/questd
呼叫来自：/inherit/room/room.lpc 的 reset() 第 106 行，物件： /d/baituo/shijie

执行时段错误：*No program in object '/cmds/usr/passwd'!

程式：0 第 0 行
物件：/adm/obj/master

执行时段错误：*No program in object '/cmds/usr/quitfyup'!

程式：0 第 0 行
物件：/adm/obj/master

执行时段错误：*No program in object '/cmds/usr/jiadian'!

程式：0 第 0 行
物件：/adm/obj/master

执行时段错误：*Inherited file '/feature/skill_ob' does not exist!

程式：0 第 0 行
物件：/adm/obj/master

执行时段错误：*No program in object '/cmds/skill/abandon'!

程式：0 第 0 行
物件：/adm/obj/master

执行时段错误：*No program in object '/cmds/bos/socket2'!

程式：0 第 0 行
物件：/adm/obj/master
