
<---大话西游: MudOs v22pre11 (by wwj,Jan  1 1999) startup on Microsoft Windows NT at Mon Jul 13 01:25:54 2009

using config file: E:\dhxy\bin\config.cfg
Can't find "mudos", ignoring old binaries.
Try invoking the driver using the full pathname.
Connected to address server on 127.0.0.1 port 6666
]simul_efun loaded successfully.

Loading preloaded files ...
Initializations complete.

Accepting connections on port 8888.
Initializing internal tables....

<---大话西游: MudOs v22pre11 (by wwj,Jan  1 1999) startup on Microsoft Windows NT at Mon Jul 13 01:31:06 2009

using config file: E:\dhxy\bin\config.cfg
Can't find "mudos", ignoring old binaries.
Try invoking the driver using the full pathname.
System Error: init_addr_server: connect: 由于目标机器积极拒绝，无法连接。

]simul_efun loaded successfully.

Loading preloaded files ...
Initializations complete.

Accepting connections on port 6666.
Initializing internal tables....

<---大话西游: MudOs v22pre11 (by wwj,Jan  1 1999) startup on Microsoft Windows NT at Mon Jul 13 01:31:34 2009

using config file: E:\dhxy\bin\config.cfg
Can't find "mudos", ignoring old binaries.
Try invoking the driver using the full pathname.
System Error: init_addr_server: connect: 由于目标机器积极拒绝，无法连接。

]simul_efun loaded successfully.

Loading preloaded files ...
Initializations complete.

Accepting connections on port 5555.
Initializing internal tables....

<---大话西游: MudOs v22pre11 (by wwj,Jan  1 1999) startup on Microsoft Windows NT at Mon Jul 13 01:33:57 2009

using config file: E:\dhxy\bin\config.cfg
Can't find "mudos", ignoring old binaries.
Try invoking the driver using the full pathname.
System Error: init_addr_server: connect: 由于目标机器积极拒绝，无法连接。

]simul_efun loaded successfully.

Loading preloaded files ...
Initializations complete.

Accepting connections on port 5555.
Initializing internal tables....

<---大话西游: MudOs v22pre11 (by wwj,Jan  1 1999) startup on Microsoft Windows NT at Mon Jul 13 01:34:55 2009

using config file: E:\dhxy\bin\config.cfg
Can't find "mudos", ignoring old binaries.
Try invoking the driver using the full pathname.
System Error: init_addr_server: connect: 由于目标机器积极拒绝，无法连接。

]simul_efun loaded successfully.

Loading preloaded files ...
Initializations complete.

Accepting connections on port 8888.
Initializing internal tables....

<---大话西游: MudOs v22pre11 (by wwj,Jan  1 1999) startup on Microsoft Windows NT at Mon Jul 13 01:35:51 2009

Initializing internal tables....
using config file: E:\dhxy\bin\config.cfg
open log/debug.log file failed.

<---大话西游: MudOs v22pre11 (by wwj,Jan  1 1999) shutdown at Mon Jul 13 01:35:51 2009




<---大话西游: MudOs v22pre11 (by wwj,Jan  1 1999) startup on Microsoft Windows NT at Mon Jul 13 01:36:38 2009

Initializing internal tables....
using config file: E:\dhxy\bin\config.cfg
open log/debug.log file failed.

<---大话西游: MudOs v22pre11 (by wwj,Jan  1 1999) shutdown at Mon Jul 13 01:36:38 2009




<---大话西游: MudOs v22pre11 (by wwj,Jan  1 1999) startup on Microsoft Windows NT at Mon Jul 13 01:37:49 2009

using config file: E:\dhxy\bin\config.cfg
Can't find "mudos", ignoring old binaries.
Try invoking the driver using the full pathname.
System Error: init_addr_server: connect: 由于目标机器积极拒绝，无法连接。

]simul_efun loaded successfully.

Loading preloaded files ...
Initializations complete.

Accepting connections on port 8888.
Initializing internal tables....
