
<---三界神话: MudOs v22pre11 (by wwj,Jan  1 1999) startup on Microsoft Windows NT at Sun Feb 27 20:04:29 2005

using config file: D:\resource\lpmud\sanjie\bin\config.cfg
Can't find "mudos", ignoring old binaries.
Try invoking the driver using the full pathname.
System Error: init_addr_server: gethostbyname: 请求的名称有效并且在数据库中找到，但是它没有相关的正确的数据来被解析。

]simul_efun loaded successfully.

Loading preloaded files ...
Initializations complete.

Accepting connections on port 6666.
Initializing internal tables....

<---大话西游: MudOs v22pre11 (by wwj,Jan  1 1999) startup on Microsoft Windows NT at Sun Nov 12 19:51:54 2006

using config file: D:\dhxy\bin\config.cfg
Can't find "mudos", ignoring old binaries.
Try invoking the driver using the full pathname.
Connected to address server on 127.0.0.1 port 8888
]simul_efun loaded successfully.

Loading preloaded files ...
Initializations complete.

Accepting connections on port 6666.
Initializing internal tables....

<---大话西游: MudOs v22pre11 (by wwj,Jan  1 1999) startup on Microsoft Windows NT at Sun Nov 12 19:56:18 2006

using config file: D:\dhxy\bin\config.cfg
Can't find "mudos", ignoring old binaries.
Try invoking the driver using the full pathname.
System Error: init_addr_server: connect: 由于目标机器积极拒绝，无法连接。

]simul_efun loaded successfully.

Loading preloaded files ...
Initializations complete.

Accepting connections on port 6666.
Initializing internal tables....
