1422762432 70 0
1422762432 128 0 128 0
1415263677 128 0 128 0
1415263500 128 0 128 0
1415263200 128 0 128 0
1415262900 127 0 128 0
1415262600 123 0 123 0
1415262300 123 0 123 0
1415262000 123 0 123 0
1415261700 123 0 123 0
1415261400 123 0 123 0
1415261100 123 0 123 0
1415260800 123 0 123 0
1415260500 123 0 123 0
1415260200 123 0 123 0
1415259900 123 0 123 0
1415259600 123 0 123 0
1415259300 123 0 123 0
1415259000 123 0 123 0
1415258700 124 0 128 0
1415258400 128 0 128 0
1415258100 126 0 128 0
1415257800 126 0 126 0
1415257500 126 0 126 0
1415257200 126 0 126 0
1415256900 126 0 126 0
1415256600 126 0 126 0
1415256300 126 0 126 0
1415256000 126 0 126 0
1415255700 126 0 126 0
1415255400 126 0 126 0
1415255100 126 0 126 0
1415254800 126 0 126 0
1415254500 126 0 126 0
1415254200 126 0 126 0
1415253900 126 0 126 0
1415253600 126 0 126 0
1415253300 126 0 126 0
1415253000 126 0 126 0
1415252700 126 0 126 0
1415252400 126 0 126 0
1415252100 126 0 126 0
1415251800 126 0 126 0
1415251500 126 0 126 0
1415251200 126 0 126 0
1415250900 126 0 126 0
1415250600 126 0 126 0
1415250300 126 0 126 0
1415250000 126 0 126 0
1415249700 126 0 126 0
1415249400 126 0 126 0
1415249100 126 0 126 0
1415248800 126 0 126 0
1415248500 126 0 126 0
1415248200 130 0 131 0
1415247900 131 0 131 0
1415247600 131 0 131 0
1415247300 131 0 131 0
1415247000 131 0 131 0
1415246700 131 0 131 0
1415246400 131 0 131 0
1415246100 131 0 131 0
1415245800 131 0 131 0
1415245500 131 0 131 0
1415245200 131 0 131 0
1415244900 131 0 131 0
1415244600 131 0 131 0
1415244300 131 0 131 0
1415244000 131 0 131 0
1415243700 131 0 131 0
1415243400 131 0 131 0
1415243100 131 0 131 0
1415242800 131 0 131 0
1415242500 131 0 131 0
1415242200 131 0 131 0
1415241900 131 0 131 0
1415241600 131 0 131 0
1415241300 131 0 131 0
1415241000 131 0 131 0
1415240700 131 0 131 0
1415240400 131 0 131 0
1415240100 131 0 131 0
1415239800 131 0 131 0
1415239500 131 0 131 0
1415239200 131 0 131 0
1415238900 131 0 131 0
1415238600 131 0 131 0
1415238300 131 0 131 0
1415238000 131 0 131 0
1415237700 131 0 131 0
1415237400 131 0 131 0
1415237100 131 0 131 0
1415236800 131 0 131 0
1415236500 131 0 131 0
1415236200 131 0 131 0
1415235900 131 0 131 0
1415235600 131 0 131 0
1415235300 131 0 131 0
1415235000 131 0 131 0
1415234700 131 0 131 0
1415234400 131 0 131 0
1415234100 131 0 131 0
1415233800 131 0 131 0
1415233500 131 0 131 0
1415233200 131 0 131 0
1415232900 131 0 131 0
1415232600 131 0 131 0
1415232300 131 0 131 0
1415232000 131 0 131 0
1415231700 131 0 131 0
1415231400 131 0 131 0
1415231100 131 0 131 0
1415230800 131 0 131 0
1415230500 131 0 131 0
1415230200 131 0 131 0
1415229900 131 0 131 0
1415229600 131 0 131 0
1415229300 131 0 131 0
1415229000 131 0 131 0
1415228700 131 0 131 0
1415228400 131 0 131 0
1415228100 131 0 131 0
1415227800 131 0 131 0
1415227500 131 0 131 0
1415227200 131 0 131 0
1415226900 131 0 131 0
1415226600 131 0 131 0
1415226300 131 0 131 0
1415226000 131 0 131 0
1415225700 131 0 131 0
1415225400 131 0 131 0
1415225100 131 0 131 0
1415224800 131 0 131 0
1415224500 131 0 131 0
1415224200 131 0 131 0
1415223900 131 0 131 0
1415223600 131 0 131 0
1415223300 131 0 131 0
1415223000 131 0 131 0
1415222700 131 0 131 0
1415222400 131 0 131 0
1415222100 131 0 131 0
1415221800 131 0 131 0
1415221500 131 0 131 0
1415221200 131 0 131 0
1415220900 131 0 131 0
1415220600 131 0 131 0
1415220300 131 0 131 0
1415220000 131 0 131 0
1415219700 131 0 131 0
1415219400 131 0 131 0
1415219100 131 0 131 0
1415218800 131 0 131 0
1415218500 131 0 131 0
1415218200 131 0 131 0
1415217900 131 0 131 0
1415217600 131 0 131 0
1415217300 131 0 131 0
1415217000 131 0 131 0
1415216700 131 0 131 0
1415216400 131 0 131 0
1415216100 131 0 131 0
1415215800 131 0 131 0
1415215500 131 0 131 0
1415215200 131 0 131 0
1415214900 131 0 131 0
1415214600 131 0 131 0
1415214300 131 0 131 0
1415214000 131 0 131 0
1415213700 131 0 131 0
1415213400 131 0 131 0
1415213100 131 0 131 0
1415212800 131 0 131 0
1415212500 131 0 131 0
1415212200 131 0 131 0
1415211900 131 0 131 0
1415211600 131 0 131 0
1415211300 131 0 131 0
1415211000 131 0 131 0
1415210700 131 0 131 0
1415210400 131 0 131 0
1415210100 131 0 131 0
1415209800 131 0 131 0
1415209500 131 0 131 0
1415209200 131 0 131 0
1415208900 131 0 131 0
1415208600 131 0 131 0
1415208300 131 0 131 0
1415208000 131 0 131 0
1415207700 131 0 131 0
1415207400 131 0 131 0
1415207100 131 0 131 0
1415206800 131 0 131 0
1415206500 131 0 131 0
1415206200 131 0 131 0
1415205900 131 0 131 0
1415205600 131 0 131 0
1415205300 131 0 131 0
1415205000 131 0 131 0
1415204700 131 0 131 0
1415204400 131 0 131 0
1415204100 131 0 131 0
1415203800 131 0 131 0
1415203500 131 0 131 0
1415203200 131 0 131 0
1415202900 131 0 131 0
1415202600 131 0 131 0
1415202300 131 0 131 0
1415202000 131 0 131 0
1415201700 131 0 131 0
1415201400 131 0 131 0
1415201100 131 0 131 0
1415200800 131 0 131 0
1415200500 131 0 131 0
1415200200 131 0 131 0
1415199900 131 0 131 0
1415199600 131 0 131 0
1415199300 131 0 131 0
1415199000 111 0 131 0
1415198700 104 0 104 0
1415198400 104 0 104 0
1415198100 104 0 104 0
1415197800 104 0 104 0
1415197500 104 0 104 0
1415197200 104 0 104 0
1415196900 104 0 104 0
1415196600 104 0 104 0
1415196300 104 0 104 0
1415196000 104 0 104 0
1415195700 112 0 114 0
1415195400 114 0 114 0
1415195100 114 0 114 0
1415194800 114 0 114 0
1415194500 114 0 114 0
1415194200 114 0 114 0
1415193900 122 0 136 0
1415193600 136 0 136 0
1415193300 136 0 136 0
1415193000 136 0 137 0
1415192700 137 0 137 0
1415192400 137 0 137 0
1415192100 137 0 137 0
1415191800 137 0 137 0
1415191500 137 0 137 0
1415191200 137 0 137 0
1415190900 137 0 137 0
1415190600 137 0 137 0
1415190300 137 0 137 0
1415190000 137 0 137 0
1415189700 137 0 137 0
1415189400 137 0 137 0
1415189100 137 0 137 0
1415188800 137 0 137 0
1415188500 137 0 137 0
1415188200 137 0 137 0
1415187900 137 0 137 0
1415187600 137 0 137 0
1415187300 137 0 137 0
1415187000 137 0 137 0
1415186700 137 0 137 0
1415186400 137 0 137 0
1415186100 137 0 137 0
1415185800 137 0 137 0
1415185500 137 0 137 0
1415185200 137 0 137 0
1415184900 137 0 137 0
1415184600 137 0 137 0
1415184300 137 0 137 0
1415184000 137 0 137 0
1415183700 137 0 137 0
1415183400 137 0 137 0
1415183100 137 0 137 0
1415182800 137 0 137 0
1415182500 137 0 137 0
1415182200 137 0 137 0
1415181900 137 0 137 0
1415181600 137 0 137 0
1415181300 137 0 137 0
1415181000 137 0 137 0
1415180700 137 0 137 0
1415180400 137 0 137 0
1415180100 137 0 137 0
1415179800 137 0 137 0
1415179500 137 0 137 0
1415179200 137 0 137 0
1415178900 137 0 137 0
1415178600 137 0 137 0
1415178300 137 0 137 0
1415178000 137 0 137 0
1415177700 137 0 137 0
1415177400 137 0 137 0
1415177100 137 0 137 0
1415176800 137 0 137 0
1415176500 137 0 137 0
1415176200 137 0 137 0
1415175900 137 0 137 0
1415175600 137 0 137 0
1415175300 137 0 137 0
1415175000 137 0 137 0
1415174700 137 0 137 0
1415174400 137 0 137 0
1415174100 137 0 137 0
1415173800 137 0 137 0
1415173500 137 0 137 0
1415173200 137 0 137 0
1415172900 137 0 137 0
1415172600 137 0 137 0
1415172300 137 0 137 0
1415172000 137 0 137 0
1415171700 137 0 137 0
1415171400 137 0 137 0
1415171100 137 0 137 0
1415170800 137 0 137 0
1415170500 137 0 137 0
1415170200 137 0 137 0
1415169900 137 0 137 0
1415169600 137 0 137 0
1415169300 137 0 137 0
1415169000 137 0 137 0
1415168700 137 0 137 0
1415168400 137 0 137 0
1415168100 137 0 137 0
1415167800 137 0 137 0
1415167500 137 0 137 0
1415167200 137 0 137 0
1415166900 137 0 137 0
1415166600 137 0 137 0
1415166300 137 0 137 0
1415166000 137 0 137 0
1415165700 137 0 137 0
1415165400 137 0 137 0
1415165100 137 0 137 0
1415164800 137 0 137 0
1415164500 137 0 137 0
1415164200 137 0 137 0
1415163900 137 0 137 0
1415163600 137 0 137 0
1415163300 137 0 137 0
1415163000 137 0 137 0
1415162700 137 0 137 0
1415162400 137 0 137 0
1415162100 137 0 137 0
1415161800 137 0 137 0
1415161500 137 0 137 0
1415161200 137 0 137 0
1415160900 137 0 137 0
1415160600 137 0 137 0
1415160300 137 0 137 0
1415160000 137 0 137 0
1415159700 137 0 137 0
1415159400 137 0 137 0
1415159100 137 0 137 0
1415158800 137 0 137 0
1415158500 137 0 137 0
1415158200 137 0 137 0
1415157900 137 0 137 0
1415157600 137 0 137 0
1415157300 137 0 137 0
1415157000 137 0 137 0
1415156700 137 0 137 0
1415156400 137 0 137 0
1415156100 137 0 137 0
1415155800 137 0 137 0
1415155500 137 0 137 0
1415155200 137 0 137 0
1415154900 137 0 137 0
1415154600 137 0 137 0
1415154300 137 0 137 0
1415154000 137 0 137 0
1415153700 137 0 137 0
1415153400 137 0 137 0
1415153100 137 0 137 0
1415152800 137 0 137 0
1415152500 137 0 137 0
1415152200 137 0 137 0
1415151900 137 0 137 0
1415151600 137 0 137 0
1415151300 137 0 137 0
1415151000 137 0 137 0
1415150700 137 0 137 0
1415150400 137 0 137 0
1415150100 137 0 137 0
1415149800 137 0 137 0
1415149500 137 0 137 0
1415149200 137 0 137 0
1415148900 137 0 137 0
1415148600 137 0 137 0
1415148300 137 0 137 0
1415148000 137 0 137 0
1415147700 137 0 137 0
1415147400 137 0 137 0
1415147100 137 0 137 0
1415146800 137 0 137 0
1415146500 137 0 137 0
1415146200 137 0 137 0
1415145900 137 0 137 0
1415145600 137 0 137 0
1415145300 137 0 137 0
1415145000 137 0 137 0
1415144700 137 0 137 0
1415144400 137 0 137 0
1415144100 137 0 137 0
1415143800 137 0 137 0
1415143500 137 0 137 0
1415143200 137 0 137 0
1415142900 137 0 137 0
1415142600 137 0 137 0
1415142300 137 0 137 0
1415142000 137 0 137 0
1415141700 137 0 137 0
1415141400 137 0 137 0
1415141100 137 0 137 0
1415140800 137 0 137 0
1415140500 137 0 137 0
1415140200 137 0 137 0
1415139900 137 0 137 0
1415139600 137 0 137 0
1415139300 137 0 137 0
1415139000 137 0 137 0
1415138700 137 0 137 0
1415138400 137 0 137 0
1415138100 137 0 137 0
1415137800 137 0 137 0
1415137500 137 0 137 0
1415137200 137 0 137 0
1415136900 137 0 137 0
1415136600 137 0 137 0
1415136300 137 0 137 0
1415136000 137 0 137 0
1415135700 137 0 137 0
1415135400 137 0 137 0
1415135100 137 0 137 0
1415134800 137 0 137 0
1415134500 137 0 137 0
1415134200 137 0 137 0
1415133900 137 0 137 0
1415133600 137 0 137 0
1415133300 137 0 137 0
1415133000 137 0 137 0
1415132700 137 0 137 0
1415132400 137 0 137 0
1415132100 137 0 137 0
1415131800 137 0 137 0
1415131500 137 0 137 0
1415131200 137 0 137 0
1415130900 137 0 137 0
1415130600 137 0 137 0
1415130300 137 0 137 0
1415130000 137 0 137 0
1415129700 137 0 137 0
1415129400 137 0 137 0
1415129100 137 0 137 0
1415128800 137 0 137 0
1415128500 137 0 137 0
1415128200 137 0 137 0
1415127900 137 0 137 0
1415127600 137 0 137 0
1415127300 137 0 137 0
1415127000 137 0 137 0
1415126700 137 0 137 0
1415126400 137 0 137 0
1415126100 137 0 137 0
1415125800 137 0 137 0
1415125500 137 0 137 0
1415125200 137 0 137 0
1415124900 137 0 137 0
1415124600 137 0 137 0
1415124300 137 0 137 0
1415124000 137 0 137 0
1415123700 137 0 137 0
1415123400 137 0 137 0
1415123100 137 0 137 0
1415122800 137 0 137 0
1415122500 137 0 137 0
1415122200 137 0 137 0
1415121900 137 0 137 0
1415121600 137 0 137 0
1415121300 137 0 137 0
1415121000 137 0 137 0
1415120700 137 0 137 0
1415120400 137 0 137 0
1415120100 137 0 137 0
1415119800 137 0 137 0
1415119500 137 0 137 0
1415119200 137 0 137 0
1415118900 137 0 137 0
1415118600 137 0 137 0
1415118300 137 0 137 0
1415118000 137 0 137 0
1415117700 137 0 137 0
1415117400 137 0 137 0
1415117100 137 0 137 0
1415116800 137 0 137 0
1415116500 137 0 137 0
1415116200 137 0 137 0
1415115900 137 0 137 0
1415115600 137 0 137 0
1415115300 137 0 137 0
1415115000 137 0 137 0
1415114700 137 0 137 0
1415114400 137 0 137 0
1415114100 137 0 137 0
1415113800 137 0 137 0
1415113500 137 0 137 0
1415113200 137 0 137 0
1415112900 137 0 137 0
1415112600 137 0 137 0
1415112300 137 0 137 0
1415112000 137 0 137 0
1415111700 137 0 137 0
1415111400 137 0 137 0
1415111100 137 0 137 0
1415110800 137 0 137 0
1415110500 137 0 137 0
1415110200 137 0 137 0
1415109900 137 0 137 0
1415109600 137 0 137 0
1415109300 137 0 137 0
1415109000 137 0 137 0
1415108700 137 0 137 0
1415108400 137 0 137 0
1415108100 137 0 137 0
1415107800 137 0 137 0
1415107500 137 0 137 0
1415107200 137 0 137 0
1415106900 137 0 137 0
1415106600 137 0 137 0
1415106300 137 0 137 0
1415106000 137 0 137 0
1415105700 137 0 137 0
1415105400 137 0 137 0
1415105100 137 0 137 0
1415104800 137 0 137 0
1415104500 137 0 137 0
1415104200 137 0 137 0
1415103900 137 0 137 0
1415103600 137 0 137 0
1415103300 137 0 137 0
1415103000 137 0 137 0
1415102700 137 0 137 0
1415102400 137 0 137 0
1415102100 137 0 137 0
1415101800 137 0 137 0
1415101500 137 0 137 0
1415101200 137 0 137 0
1415100900 137 0 137 0
1415100600 137 0 137 0
1415100300 137 0 137 0
1415100000 137 0 137 0
1415099700 137 0 137 0
1415099400 137 0 137 0
1415099100 137 0 137 0
1415098800 137 0 137 0
1415098500 137 0 137 0
1415098200 137 0 137 0
1415097900 137 0 137 0
1415097600 137 0 137 0
1415097300 137 0 137 0
1415097000 137 0 137 0
1415096700 137 0 137 0
1415096400 137 0 137 0
1415096100 137 0 137 0
1415095800 137 0 137 0
1415095500 137 0 137 0
1415095200 137 0 137 0
1415094900 137 0 137 0
1415094600 137 0 137 0
1415094300 137 0 137 0
1415094000 137 0 137 0
1415093700 137 0 137 0
1415093400 137 0 137 0
1415093100 137 0 137 0
1415092800 137 0 137 0
1415092500 137 0 137 0
1415092200 137 0 137 0
1415091900 137 0 137 0
1415091600 137 0 137 0
1415091300 137 0 137 0
1415091000 137 0 137 0
1415090700 137 0 137 0
1415090400 137 0 137 0
1415090100 137 0 137 0
1415089800 137 0 137 0
1415089500 137 0 137 0
1415089200 137 0 137 0
1415088900 137 0 137 0
1415088600 137 0 137 0
1415088300 137 0 137 0
1415088000 137 0 137 0
1415087700 137 0 137 0
1415087400 137 0 137 0
1415087100 137 0 137 0
1415086800 137 0 137 0
1415086500 137 0 137 0
1415086200 137 0 137 0
1415085900 137 0 137 0
1415085600 137 0 137 0
1415085300 137 0 137 0
1415085000 137 0 137 0
1415084700 137 0 137 0
1415084400 137 0 137 0
1415084100 137 0 137 0
1415083800 137 0 137 0
1415082600 137 0 137 0
1415080800 137 0 137 0
1415079000 137 0 137 0
1415077200 137 0 137 0
1415075400 137 0 137 0
1415073600 137 0 137 0
1415071800 137 0 137 0
1415070000 137 0 137 0
1415068200 137 0 137 0
1415066400 137 0 137 0
1415064600 137 0 137 0
1415062800 137 0 137 0
1415061000 137 0 137 0
1415059200 137 0 137 0
1415057400 137 0 137 0
1415055600 137 0 137 0
1415053800 137 0 137 0
1415052000 137 0 137 0
1415050200 137 0 137 0
1415048400 137 0 137 0
1415046600 137 0 137 0
1415044800 137 0 137 0
1415043000 137 0 137 0
1415041200 137 0 137 0
1415039400 137 0 137 0
1415037600 137 0 137 0
1415035800 137 0 137 0
1415034000 137 0 137 0
1415032200 137 0 137 0
1415030400 137 0 137 0
1415028600 137 0 137 0
1415026800 137 0 137 0
1415025000 137 0 137 0
1415023200 137 0 137 0
1415021400 137 0 137 0
1415019600 137 0 137 0
1415017800 137 0 137 0
1415016000 137 0 137 0
1415014200 137 0 137 0
1415012400 137 0 137 0
1415010600 137 0 137 0
1415008800 137 0 137 0
1415007000 137 0 137 0
1415005200 137 0 137 0
1415003400 137 0 137 0
1415001600 137 0 137 0
1414999800 137 0 137 0
1414998000 137 0 137 0
1414996200 137 0 137 0
1414994400 137 0 137 0
1414992600 137 0 137 0
1414990800 137 0 137 0
1414989000 137 0 137 0
1414987200 137 0 137 0
1414985400 137 0 137 0
1414983600 137 0 137 0
1414981800 137 0 137 0
1414980000 137 0 137 0
1414978200 137 0 137 0
1414976400 137 0 137 0
1414974600 137 0 137 0
1414972800 137 0 137 0
1414971000 137 0 137 0
1414969200 137 0 137 0
1414967400 137 0 137 0
1414965600 137 0 137 0
1414963800 137 0 137 0
1414962000 137 0 137 0
1414960200 137 0 137 0
1414958400 137 0 137 0
1414956600 137 0 137 0
1414954800 137 0 137 0
1414953000 137 0 137 0
1414951200 137 0 137 0
1414949400 137 0 137 0
1414947600 137 0 137 0
1414945800 137 0 137 0
1414944000 137 0 137 0
1414942200 137 0 137 0
1414940400 137 0 137 0
1414938600 137 0 137 0
1414936800 137 0 137 0
1414935000 137 0 137 0
1414933200 137 0 137 0
1414931400 137 0 137 0
1414929600 137 0 137 0
1414927800 137 0 137 0
1414926000 137 0 137 0
1414924200 137 0 137 0
1414922400 137 0 137 0
1414920600 137 0 137 0
1414918800 137 0 137 0
1414917000 137 0 137 0
1414915200 137 0 137 0
1414913400 137 0 137 0
1414911600 137 0 137 0
1414909800 137 0 137 0
1414908000 137 0 137 0
1414906200 137 0 137 0
1414904400 137 0 137 0
1414902600 137 0 137 0
1414900800 137 0 137 0
1414899000 137 0 137 0
1414897200 137 0 137 0
1414895400 137 0 137 0
1414893600 137 0 137 0
1414891800 137 0 137 0
1414890000 137 0 137 0
1414888200 137 0 137 0
1414886400 137 0 137 0
1414884600 137 0 137 0
1414882800 137 0 137 0
1414881000 137 0 137 0
1414879200 137 0 137 0
1414877400 137 0 137 0
1414875600 137 0 137 0
1414873800 137 0 137 0
1414872000 137 0 137 0
1414870200 137 0 137 0
1414868400 137 0 137 0
1414866600 137 0 137 0
1414864800 137 0 137 0
1414863000 137 0 137 0
1414861200 137 0 137 0
1414859400 137 0 137 0
1414857600 137 0 137 0
1414855800 137 0 137 0
1414854000 137 0 137 0
1414852200 137 0 137 0
1414850400 137 0 137 0
1414848600 137 0 137 0
1414846800 137 0 137 0
1414845000 137 0 137 0
1414843200 137 0 137 0
1414841400 137 0 137 0
1414839600 137 0 137 0
1414837800 137 0 137 0
1414836000 137 0 137 0
1414834200 137 0 137 0
1414832400 137 0 137 0
1414830600 137 0 137 0
1414828800 137 0 137 0
1414827000 137 0 137 0
1414825200 137 0 137 0
1414823400 137 0 137 0
1414821600 137 0 137 0
1414819800 137 0 137 0
1414818000 137 0 137 0
1414816200 137 0 137 0
1414814400 137 0 137 0
1414812600 137 0 137 0
1414810800 137 0 137 0
1414809000 137 0 137 0
1414807200 137 0 137 0
1414805400 137 0 137 0
1414803600 137 0 137 0
1414801800 137 0 137 0
1414800000 137 0 137 0
1414798200 137 0 137 0
1414796400 137 0 137 0
1414794600 137 0 137 0
1414792800 137 0 137 0
1414791000 137 0 137 0
1414789200 137 0 137 0
1414787400 137 0 137 0
1414785600 137 0 137 0
1414783800 137 0 137 0
1414782000 137 0 137 0
1414780200 137 0 137 0
1414778400 137 0 137 0
1414776600 137 0 137 0
1414774800 137 0 137 0
1414773000 137 0 137 0
1414771200 137 0 137 0
1414769400 137 0 137 0
1414767600 137 0 137 0
1414765800 137 0 137 0
1414764000 137 0 137 0
1414762200 137 0 137 0
1414760400 137 0 137 0
1414758600 137 0 137 0
1414756800 137 0 137 0
1414755000 137 0 137 0
1414753200 137 0 137 0
1414751400 137 0 137 0
1414749600 137 0 137 0
1414747800 137 0 137 0
1414746000 137 0 137 0
1414744200 137 0 137 0
1414742400 137 0 137 0
1414740600 137 0 137 0
1414738800 137 0 137 0
1414737000 137 0 137 0
1414735200 137 0 137 0
1414733400 137 0 137 0
1414731600 137 0 137 0
1414729800 137 0 137 0
1414728000 137 0 137 0
1414726200 137 0 137 0
1414724400 137 0 137 0
1414722600 137 0 137 0
1414720800 137 0 137 0
1414719000 137 0 137 0
1414717200 137 0 137 0
1414715400 137 0 137 0
1414713600 137 0 137 0
1414711800 137 0 137 0
1414710000 137 0 137 0
1414708200 137 0 137 0
1414706400 137 0 137 0
1414704600 137 0 137 0
1414702800 137 0 137 0
1414701000 137 0 137 0
1414699200 137 0 137 0
1414697400 137 0 137 0
1414695600 137 0 137 0
1414693800 137 0 137 0
1414692000 137 0 137 0
1414690200 137 0 137 0
1414688400 137 0 137 0
1414686600 137 0 137 0
1414684800 137 0 137 0
1414683000 137 0 137 0
1414681200 137 0 137 0
1414679400 137 0 137 0
1414677600 137 0 137 0
1414675800 137 0 137 0
1414674000 137 0 137 0
1414672200 137 0 137 0
1414670400 137 0 137 0
1414668600 137 0 137 0
1414666800 137 0 137 0
1414665000 137 0 137 0
1414663200 137 0 137 0
1414661400 137 0 137 0
1414659600 137 0 137 0
1414657800 137 0 137 0
1414656000 137 0 137 0
1414654200 137 0 137 0
1414652400 137 0 137 0
1414650600 137 0 137 0
1414648800 137 0 137 0
1414647000 137 0 137 0
1414645200 137 0 137 0
1414643400 137 0 137 0
1414641600 137 0 137 0
1414639800 137 0 137 0
1414638000 137 0 137 0
1414636200 137 0 137 0
1414634400 137 0 137 0
1414632600 137 0 137 0
1414630800 137 0 137 0
1414629000 137 0 137 0
1414627200 137 0 137 0
1414625400 137 0 137 0
1414623600 137 0 137 0
1414621800 137 0 137 0
1414620000 137 0 137 0
1414618200 137 0 137 0
1414616400 137 0 137 0
1414614600 137 0 137 0
1414612800 137 0 137 0
1414611000 137 0 137 0
1414609200 137 0 137 0
1414607400 137 0 137 0
1414605600 137 0 137 0
1414603800 137 0 137 0
1414602000 137 0 137 0
1414600200 137 0 137 0
1414598400 137 0 137 0
1414596600 137 0 137 0
1414594800 137 0 137 0
1414593000 137 0 137 0
1414591200 137 0 137 0
1414589400 137 0 137 0
1414587600 137 0 137 0
1414585800 137 0 137 0
1414584000 137 0 137 0
1414582200 137 0 137 0
1414580400 137 0 137 0
1414578600 137 0 137 0
1414576800 137 0 137 0
1414575000 137 0 137 0
1414573200 137 0 137 0
1414571400 137 0 137 0
1414569600 137 0 137 0
1414567800 137 0 137 0
1414566000 137 0 137 0
1414564200 137 0 137 0
1414562400 137 0 137 0
1414560600 137 0 137 0
1414558800 137 0 137 0
1414557000 137 0 137 0
1414555200 137 0 137 0
1414553400 137 0 137 0
1414551600 137 0 137 0
1414549800 137 0 137 0
1414548000 137 0 137 0
1414546200 137 0 137 0
1414544400 137 0 137 0
1414542600 137 0 137 0
1414540800 137 0 137 0
1414539000 137 0 137 0
1414537200 137 0 137 0
1414535400 137 0 137 0
1414533600 137 0 137 0
1414531800 137 0 137 0
1414530000 137 0 137 0
1414528200 137 0 137 0
1414526400 137 0 137 0
1414524600 137 0 137 0
1414522800 137 0 137 0
1414521000 137 0 137 0
1414519200 137 0 137 0
1414517400 137 0 137 0
1414515600 137 0 137 0
1414513800 137 0 137 0
1414512000 137 0 137 0
1414510200 137 0 137 0
1414508400 137 0 137 0
1414506600 137 0 137 0
1414504800 137 0 137 0
1414503000 137 0 137 0
1414501200 137 0 137 0
1414499400 137 0 137 0
1414497600 137 0 137 0
1414495800 137 0 137 0
1414494000 137 0 137 0
1414492200 137 0 137 0
1414490400 137 0 137 0
1414488600 137 0 137 0
1414486800 137 0 137 0
1414485000 137 0 137 0
1414483200 137 0 137 0
1414481400 137 0 137 0
1414479600 137 0 137 0
1414477800 137 0 137 0
1414476000 137 0 137 0
1414474200 137 0 137 0
1414472400 137 0 137 0
1414470600 137 0 137 0
1414468800 137 0 137 0
1414467000 137 0 137 0
1414465200 137 0 137 0
1414463400 137 0 137 0
1414461600 137 0 137 0
1414459800 137 0 137 0
1414458000 137 0 137 0
1414456200 137 0 137 0
1414454400 137 0 137 0
1414452600 137 0 137 0
1414450800 137 0 137 0
1414449000 137 0 137 0
1414447200 136 0 137 0
1414445400 136 0 137 0
1414443600 137 0 137 0
1414441800 137 0 137 0
1414440000 137 0 138 0
1414438200 138 0 138 0
1414436400 138 0 138 0
1414434600 138 0 138 0
1414432800 137 0 138 0
1414431000 135 0 136 0
1414429200 127 0 130 0
1414427400 130 0 130 0
1414425600 130 0 130 0
1414423800 130 0 139 0
1414422000 139 0 140 0
1414420200 140 0 140 0
1414418400 140 0 140 0
1414416600 139 0 140 0
1414414800 131 0 131 0
1414413000 131 0 131 0
1414411200 130 0 131 0
1414409400 126 0 126 0
1414407600 125 0 126 0
1414405800 123 0 124 0
1414404000 122 0 122 0
1414402200 122 0 122 0
1414400400 122 0 124 0
1414398600 124 0 124 0
1414396800 124 0 124 0
1414395000 123 0 124 0
1414393200 122 0 124 0
1414391400 124 0 124 0
1414389600 123 0 124 0
1414387800 121 0 122 0
1414386000 119 0 120 0
1414384200 118 0 119 0
1414382400 111 0 125 0
1414380600 125 0 125 0
1414378800 124 0 125 0
1414377000 100 0 101 0
1414375200 92 0 93 0
1414373400 93 0 99 0
1414371600 99 0 99 0
1414369800 99 0 115 0
1414368000 114 0 115 0
1414366200 113 0 125 0
1414364400 125 0 126 0
1414362600 126 0 126 0
1414360800 126 0 126 0
1414359000 126 0 127 0
1414357200 127 0 127 0
1414355400 127 0 127 0
1414353600 127 0 129 0
1414351800 129 0 129 0
1414350000 129 0 130 0
1414348200 130 0 130 0
1414346400 129 0 130 0
1414344600 128 0 129 0
1414342800 129 0 131 0
1414341000 130 0 131 0
1414339200 126 0 130 0
1414337400 130 0 131 0
1414335600 131 0 133 0
1414333800 132 0 133 0
1414332000 123 0 130 0
1414330200 130 0 131 0
1414328400 130 0 131 0
1414326600 126 0 126 0
1414324800 126 0 127 0
1414323000 127 0 127 0
1414321200 127 0 127 0
1414319400 126 0 127 0
1414317600 126 0 128 0
1414315800 128 0 131 0
1414314000 130 0 131 0
1414312200 129 0 129 0
1414310400 129 0 129 0
1414308600 129 0 130 0
1414306800 129 0 130 0
1414305000 128 0 129 0
1414303200 128 0 129 0
1414301400 126 0 126 0
1414299600 125 0 126 0
1414297800 125 0 125 0
1414296000 125 0 125 0
1414294200 125 0 126 0
1414292400 125 0 126 0
1414290600 125 0 126 0
1414288800 126 0 128 0
1414287000 127 0 128 0
1414285200 126 0 127 0
1414283400 112 0 113 0
1414281600 112 0 113 0
1414279800 112 0 126 0
1414278000 125 0 126 0
1414276200 125 0 125 0
1414274400 125 0 125 0
1414272600 124 0 125 0
1414270800 124 0 125 0
1414269000 125 0 128 0
1414267200 127 0 128 0
1414265400 127 0 127 0
1414263600 126 0 127 0
1414261800 125 0 125 0
1414260000 125 0 127 0
1414258200 126 0 127 0
1414256400 126 0 128 0
1414254600 128 0 129 0
1414252800 129 0 131 0
1414251000 131 0 135 0
1414249200 134 0 135 0
1414247400 129 0 130 0
1414245600 116 0 117 0
1414243800 108 0 110 0
1414242000 109 0 110 0
1414240200 94 0 95 0
1414238400 77 0 78 0
1414236600 65 0 130 0
1414234800 129 0 130 0
1414233000 128 0 130 0
1414231200 129 0 130 0
1414229400 129 0 130 0
1414227600 130 0 131 0
1414225800 131 0 135 0
1414224000 134 0 135 0
1414222200 130 0 131 0
1414220400 126 0 128 0
1414218600 128 0 128 0
1414216800 127 0 128 0
1414215000 127 0 130 0
1414213200 129 0 130 0
1414211400 122 0 122 0
1414209600 121 0 122 0
1414207800 119 0 120 0
1414206000 111 0 112 0
1414204200 109 0 110 0
1414202400 110 0 110 0
1414200600 110 0 110 0
1414198800 110 0 111 0
1414197000 111 0 111 0
1414195200 110 0 111 0
1414193400 91 0 104 0
1414191600 103 0 104 0
1414189800 103 0 106 0
1414188000 106 0 106 0
1414186200 105 0 106 0
1414184400 103 0 104 0
1414182600 104 0 104 0
1414180800 104 0 107 0
1414179000 107 0 107 0
1414177200 106 0 107 0
1414175400 103 0 111 0
1414173600 111 0 111 0
1414171800 111 0 111 0
1414170000 110 0 111 0
1414168200 110 0 134 0
1414166400 134 0 134 0
1414164600 133 0 134 0
1414162800 129 0 130 0
1414161000 126 0 127 0
1414159200 126 0 127 0
1414157400 127 0 133 0
1414155600 132 0 133 0
1414153800 128 0 129 0
1414152000 127 0 127 0
1414150200 126 0 127 0
1414148400 126 0 128 0
1414146600 128 0 132 0
1414144800 132 0 134 0
1414143000 133 0 134 0
1414141200 129 0 129 0
1414139400 129 0 129 0
1414137600 129 0 132 0
1414135800 132 0 132 0
1414134000 132 0 132 0
1414132200 132 0 132 0
1414130400 132 0 132 0
1414128600 132 0 132 0
1414126800 131 0 132 0
1414125000 128 0 129 0
1414123200 124 0 125 0
1414121400 124 0 125 0
1414119600 125 0 126 0
1414117800 125 0 126 0
1414116000 125 0 126 0
1414114200 125 0 126 0
1414112400 124 0 125 0
1414110600 123 0 123 0
1414108800 123 0 124 0
1414107000 124 0 124 0
1414105200 123 0 124 0
1414103400 117 0 118 0
1414101600 117 0 118 0
1414099800 117 0 117 0
1414098000 117 0 122 0
1414096200 122 0 122 0
1414094400 122 0 122 0
1414092600 122 0 122 0
1414090800 122 0 122 0
1414089000 122 0 123 0
1414087200 123 0 126 0
1414085400 126 0 132 0
1414083600 132 0 132 0
1414081800 131 0 132 0
1414080000 131 0 134 0
1414078200 134 0 135 0
1414076400 134 0 135 0
1414074600 128 0 132 0
1414072800 132 0 132 0
1414071000 131 0 132 0
1414069200 121 0 121 0
1414067400 120 0 121 0
1414065600 112 0 113 0
1414063800 105 0 106 0
1414062000 104 0 104 0
1414060200 104 0 105 0
1414058400 104 0 105 0
1414056600 102 0 105 0
1414054800 105 0 105 0
1414053000 105 0 105 0
1414051200 105 0 106 0
1414049400 105 0 106 0
1414047600 105 0 105 0
1414045800 105 0 122 0
1414044000 121 0 122 0
1414042200 112 0 113 0
1414040400 109 0 110 0
1414038600 106 0 107 0
1414036800 105 0 110 0
1414035000 110 0 114 0
1414033200 114 0 125 0
1414031400 125 0 125 0
1414029600 125 0 125 0
1414027800 124 0 125 0
1414026000 124 0 125 0
1414024200 124 0 125 0
1414022400 122 0 123 0
1414020600 113 0 114 0
1414018800 112 0 112 0
1414017000 112 0 113 0
1414015200 112 0 113 0
1414013400 111 0 112 0
1414011600 112 0 112 0
1414009800 112 0 112 0
1414008000 112 0 112 0
1414006200 112 0 112 0
1414004400 112 0 113 0
1414002600 113 0 114 0
1414000800 115 0 130 0
1413993600 129 0 130 0
1413986400 128 0 130 0
1413979200 129 0 131 0
1413972000 130 0 131 0
1413964800 130 0 132 0
1413957600 128 0 130 0
1413950400 128 0 130 0
1413943200 126 0 128 0
1413936000 121 0 126 0
1413928800 126 0 126 0
1413921600 126 0 128 0
1413914400 131 0 134 0
1413907200 117 0 134 0
1413900000 92 0 100 0
1413892800 95 0 126 0
1413885600 125 0 128 0
1413878400 126 0 128 0
1413871200 125 0 126 0
1413864000 124 0 126 0
1413856800 122 0 126 0
1413849600 123 0 124 0
1413842400 124 0 125 0
1413835200 120 0 125 0
1413828000 118 0 128 0
1413820800 126 0 128 0
1413813600 119 0 126 0
1413806400 108 0 117 0
1413799200 106 0 125 0
1413792000 125 0 126 0
1413784800 122 0 125 0
1413777600 122 0 124 0
1413770400 118 0 123 0
1413763200 107 0 108 0
1413756000 107 0 108 0
1413748800 110 0 112 0
1413741600 116 0 122 0
1413734400 117 0 122 0
1413727200 115 0 116 0
1413720000 111 0 116 0
1413712800 112 0 117 0
1413705600 117 0 118 0
1413698400 116 0 117 0
1413691200 111 0 120 0
1413684000 119 0 121 0
1413676800 117 0 123 0
1413669600 120 0 123 0
1413662400 121 0 123 0
1413655200 119 0 124 0
1413648000 110 0 119 0
1413640800 113 0 119 0
1413633600 109 0 112 0
1413626400 105 0 118 0
1413619200 118 0 120 0
1413612000 104 0 119 0
1413604800 106 0 112 0
1413597600 101 0 109 0
1413590400 108 0 109 0
1413583200 107 0 108 0
1413576000 112 0 116 0
1413568800 113 0 115 0
1413561600 103 0 115 0
1413554400 91 0 96 0
1413547200 89 0 121 0
1413540000 117 0 124 0
1413532800 119 0 124 0
1413525600 101 0 105 0
1413518400 107 0 121 0
1413511200 116 0 121 0
1413504000 117 0 119 0
1413496800 116 0 119 0
1413489600 119 0 121 0
1413482400 114 0 123 0
1413475200 117 0 118 0
1413468000 112 0 118 0
1413460800 116 0 119 0
1413453600 119 0 122 0
1413446400 118 0 120 0
1413439200 111 0 119 0
1413432000 106 0 108 0
1413424800 103 0 108 0
1413417600 108 0 110 0
1413410400 108 0 110 0
1413403200 111 0 114 0
1413396000 101 0 111 0
1413388800 111 0 121 0
1413381600 118 0 121 0
1413374400 99 0 116 0
1413367200 95 0 96 0
1413360000 87 0 96 0
1413352800 81 0 83 0
1413345600 77 0 85 0
1413338400 72 0 78 0
1413331200 79 0 80 0
1413324000 76 0 80 0
1413316800 75 0 76 0
1413309600 76 0 82 0
1413302400 81 0 84 0
1413295200 79 0 95 0
1413288000 82 0 95 0
1413280800 75 0 76 0
1413273600 80 0 84 0
1413266400 76 0 84 0
1413259200 69 0 72 0
1413252000 72 0 83 0
1413244800 82 0 83 0
1413237600 83 0 86 0
1413230400 82 0 86 0
1413223200 80 0 85 0
1413216000 82 0 84 0
1413208800 57 0 65 0
1413201600 52 0 61 0
1413194400 63 0 74 0
1413187200 74 0 76 0
1413180000 82 0 92 0
1413172800 91 0 92 0
1413165600 91 0 92 0
1413158400 89 0 91 0
1413151200 88 0 89 0
1413144000 85 0 96 0
1413136800 98 0 103 0
1413129600 99 0 102 0
1413122400 95 0 99 0
1413115200 94 0 95 0
1413108000 97 0 101 0
1413100800 100 0 103 0
1413093600 94 0 103 0
1413086400 68 0 84 0
1413079200 83 0 86 0
1413072000 83 0 87 0
1413064800 86 0 106 0
1413057600 105 0 107 0
1413050400 105 0 107 0
1413043200 89 0 95 0
1413036000 88 0 91 0
1413028800 92 0 95 0
1413021600 87 0 93 0
1413014400 85 0 89 0
1413007200 86 0 89 0
1413000000 81 0 85 0
1412992800 81 0 84 0
1412985600 94 0 100 0
1412978400 100 0 101 0
1412971200 99 0 101 0
1412964000 100 0 103 0
1412956800 102 0 105 0
1412949600 103 0 105 0
1412942400 94 0 105 0
1412935200 107 0 114 0
1412928000 109 0 112 0
1412920800 109 0 112 0
1412913600 103 0 109 0
1412906400 98 0 100 0
1412899200 98 0 103 0
1412892000 101 0 102 0
1412884800 92 0 99 0
1412877600 86 0 93 0
1412870400 92 0 97 0
1412863200 74 0 91 0
1412856000 62 0 93 0
1412848800 100 0 107 0
1412841600 106 0 109 0
1412834400 99 0 103 0
1412827200 91 0 101 0
1412820000 106 0 109 0
1412812800 113 0 121 0
1412805600 119 0 122 0
1412798400 122 0 126 0
1412791200 125 0 127 0
1412784000 125 0 128 0
1412776800 119 0 128 0
1412769600 99 0 103 0
1412762400 101 0 108 0
1412755200 109 0 115 0
1412748000 108 0 115 0
1412740800 114 0 125 0
1412733600 117 0 125 0
1412726400 108 0 109 0
1412719200 111 0 115 0
1412712000 114 0 117 0
1412704800 116 0 124 0
1412697600 122 0 125 0
1412690400 124 0 128 0
1412683200 116 0 122 0
1412676000 83 0 93 0
1412668800 85 0 105 0
1412661600 105 0 107 0
1412654400 97 0 104 0
1412647200 92 0 94 0
1412640000 90 0 92 0
1412632800 97 0 105 0
1412625600 101 0 104 0
1412618400 101 0 104 0
1412611200 104 0 108 0
1412604000 100 0 107 0
1412596800 94 0 97 0
1412589600 92 0 95 0
1412582400 92 0 95 0
1412575200 93 0 96 0
1412568000 93 0 97 0
1412560800 97 0 99 0
1412553600 94 0 99 0
1412546400 96 0 98 0
1412539200 96 0 99 0
1412532000 86 0 90 0
1412524800 92 0 96 0
1412517600 87 0 95 0
1412510400 51 0 64 0
1412503200 51 0 54 0
1412496000 51 0 54 0
1412488800 68 0 74 0
1412481600 61 0 73 0
1412474400 60 0 67 0
1412467200 67 0 90 0
1412460000 89 0 90 0
1412452800 90 0 92 0
1412445600 92 0 96 0
1412438400 95 0 99 0
1412431200 88 0 95 0
1412424000 83 0 88 0
1412416800 84 0 87 0
1412409600 84 0 88 0
1412402400 84 0 88 0
1412395200 85 0 91 0
1412388000 66 0 79 0
1412380800 64 0 68 0
1412373600 73 0 86 0
1412366400 86 0 94 0
1412359200 93 0 100 0
1412352000 94 0 100 0
1412344800 84 0 96 0
1412337600 93 0 99 0
1412330400 87 0 93 0
1412323200 88 0 91 0
1412316000 87 0 91 0
1412308800 89 0 91 0
1412301600 90 0 92 0
1412294400 92 0 101 0
1412287200 103 0 107 0
1412280000 101 0 105 0
1412272800 99 0 101 0
1412265600 99 0 103 0
1412258400 100 0 103 0
1412251200 97 0 102 0
1412244000 95 0 97 0
1412236800 94 0 96 0
1412229600 85 0 95 0
1412222400 70 0 72 0
1412215200 68 0 70 0
1412208000 60 0 62 0
1412200800 63 0 88 0
1412193600 89 0 96 0
1412186400 92 0 96 0
1412179200 83 0 87 0
1412172000 72 0 77 0
1412164800 50 0 89 0
1412157600 87 0 90 0
1412150400 86 0 90 0
1412143200 82 0 87 0
1412136000 86 0 89 0
1412128800 88 0 93 0
1412121600 82 0 85 0
1412114400 85 0 87 0
1412107200 81 0 82 0
1412100000 82 0 84 0
1412092800 85 0 90 0
1412085600 80 0 87 0
1412078400 62 0 72 0
1412071200 59 0 62 0
1412064000 58 0 61 0
1412056800 64 0 73 0
1412049600 86 0 94 0
1412042400 97 0 105 0
1412035200 89 0 92 0
1412028000 89 0 93 0
1412020800 88 0 90 0
1412013600 90 0 95 0
1412006400 76 0 95 0
1411999200 66 0 78 0
1411992000 78 0 85 0
1411984800 86 0 88 0
1411977600 87 0 90 0
1411970400 83 0 88 0
1411963200 86 0 89 0
1411956000 84 0 87 0
1411948800 91 0 99 0
1411941600 100 0 102 0
1411934400 100 0 102 0
1411927200 99 0 102 0
1411920000 99 0 103 0
1411912800 99 0 103 0
1411905600 100 0 108 0
1411898400 108 0 110 0
1411891200 109 0 112 0
1411884000 94 0 110 0
1411876800 90 0 93 0
1411869600 88 0 91 0
1411862400 82 0 87 0
1411855200 81 0 88 0
1411848000 88 0 90 0
1411840800 88 0 91 0
1411833600 84 0 88 0
1411826400 78 0 81 0
1411819200 67 0 83 0
1411812000 84 0 87 0
1411804800 90 0 111 0
1411797600 104 0 109 0
1411790400 104 0 108 0
1411783200 107 0 112 0
1411776000 97 0 100 0
1411768800 97 0 101 0
1411761600 97 0 101 0
1411754400 103 0 109 0
1411747200 107 0 109 0
1411740000 107 0 109 0
1411732800 104 0 108 0
1411725600 103 0 106 0
1411718400 103 0 111 0
1411711200 111 0 113 0
1411704000 109 0 113 0
1411696800 88 0 100 0
1411689600 86 0 110 0
1411682400 110 0 114 0
1411675200 109 0 113 0
1411668000 112 0 113 0
1411660800 111 0 113 0
1411653600 112 0 114 0
1411646400 106 0 114 0
1411639200 109 0 111 0
1411632000 108 0 111 0
1411624800 111 0 115 0
1411617600 104 0 114 0
1411610400 87 0 90 0
1411603200 80 0 87 0
1411596000 90 0 115 0
1411588800 115 0 118 0
1411581600 117 0 119 0
1411574400 117 0 123 0
1411567200 117 0 123 0
1411560000 114 0 119 0
1411552800 104 0 118 0
1411545600 105 0 116 0
1411538400 115 0 118 0
1411531200 116 0 118 0
1411524000 116 0 120 0
1411516800 116 0 119 0
1411509600 115 0 118 0
1411502400 108 0 115 0
1411495200 106 0 108 0
1411488000 103 0 108 0
1411480800 92 0 104 0
1411473600 62 0 94 0
1411466400 96 0 112 0
1411459200 108 0 114 0
1411452000 105 0 111 0
1411444800 103 0 110 0
1411437600 107 0 110 0
1411430400 96 0 98 0
1411423200 95 0 100 0
1411416000 99 0 100 0
1411408800 95 0 100 0
1411401600 111 0 117 0
1411394400 113 0 116 0
1411387200 105 0 111 0
1411380000 103 0 106 0
1411372800 106 0 114 0
1411365600 103 0 112 0
1411358400 86 0 88 0
1411351200 85 0 87 0
1411344000 79 0 82 0
1411336800 79 0 82 0
1411329600 91 0 110 0
1411322400 110 0 114 0
1411315200 112 0 117 0
1411308000 108 0 113 0
1411300800 102 0 108 0
1411293600 103 0 109 0
1411286400 100 0 111 0
1411279200 111 0 116 0
1411272000 110 0 114 0
1411264800 109 0 114 0
1411257600 96 0 98 0
1411250400 96 0 98 0
1411243200 96 0 100 0
1411236000 101 0 108 0
1411228800 95 0 108 0
1411221600 99 0 110 0
1411214400 110 0 111 0
1411207200 110 0 113 0
1411200000 111 0 116 0
1411192800 108 0 111 0
1411185600 104 0 108 0
1411178400 105 0 108 0
1411171200 96 0 100 0
1411164000 94 0 98 0
1411156800 100 0 109 0
1411149600 100 0 107 0
1411142400 95 0 105 0
1411135200 69 0 77 0
1411128000 45 0 76 0
1411120800 74 0 77 0
1411113600 76 0 78 0
1411106400 89 0 113 0
1411099200 111 0 114 0
1411092000 111 0 113 0
1411084800 108 0 110 0
1411077600 106 0 110 0
1411070400 107 0 112 0
1411063200 110 0 113 0
1411056000 109 0 116 0
1411048800 111 0 115 0
1411041600 109 0 112 0
1411034400 103 0 107 0
1411027200 109 0 113 0
1411020000 112 0 115 0
1411012800 94 0 110 0
1411005600 88 0 103 0
1410998400 88 0 90 0
1410991200 90 0 91 0
1410984000 101 0 114 0
1410976800 111 0 114 0
1410969600 105 0 115 0
1410962400 94 0 108 0
1410955200 77 0 93 0
1410948000 86 0 93 0
1410940800 79 0 88 0
1410933600 90 0 94 0
1410926400 88 0 91 0
1410919200 89 0 94 0
1410912000 84 0 87 0
1410904800 85 0 87 0
1410897600 86 0 89 0
1410890400 87 0 89 0
1410883200 83 0 93 0
1410876000 89 0 93 0
1410868800 87 0 91 0
1410861600 90 0 94 0
1410854400 93 0 102 0
1410847200 91 0 109 0
1410840000 100 0 109 0
1410832800 102 0 106 0
1410825600 98 0 106 0
1410818400 105 0 105 0
1410811200 105 0 107 0
1410804000 103 0 105 0
1410796800 101 0 103 0
1410789600 97 0 102 0
1410782400 54 0 92 0
1410775200 94 0 107 0
1410768000 107 0 110 0
1410760800 85 0 99 0
1410753600 79 0 101 0
1410746400 106 0 109 0
1410739200 113 0 119 0
1410732000 119 0 123 0
1410724800 121 0 124 0
1410717600 125 0 130 0
1410710400 104 0 116 0
1410703200 122 0 133 0
1410696000 122 0 125 0
1410688800 121 0 124 0
1410681600 116 0 119 0
1410674400 114 0 122 0
1410667200 124 0 128 0
1410660000 116 0 120 0
1410652800 108 0 111 0
1410645600 108 0 112 0
1410638400 111 0 116 0
1410631200 111 0 116 0
1410624000 102 0 106 0
1410616800 98 0 106 0
1410609600 93 0 108 0
1410602400 104 0 109 0
1410595200 99 0 105 0
1410588000 100 0 111 0
1410580800 85 0 95 0
1410573600 89 0 92 0
1410566400 62 0 84 0
1410559200 95 0 104 0
1410552000 100 0 103 0
1410544800 97 0 100 0
1410537600 100 0 105 0
1410530400 98 0 103 0
1410523200 97 0 109 0
1410516000 109 0 113 0
1410508800 110 0 113 0
1410501600 91 0 109 0
1410494400 95 0 99 0
1410487200 94 0 97 0
1410480000 107 0 113 0
1410472800 95 0 98 0
1410465600 97 0 100 0
1410458400 103 0 115 0
1410451200 113 0 115 0
1410444000 104 0 113 0
1410436800 70 0 88 0
1410429600 95 0 108 0
1410422400 106 0 109 0
1410415200 108 0 109 0
1410408000 108 0 109 0
1410400800 96 0 105 0
1410393600 105 0 111 0
1410386400 108 0 111 0
1410379200 108 0 113 0
1410372000 103 0 110 0
1410364800 102 0 105 0
1410357600 101 0 105 0
1410350400 96 0 104 0
1410343200 103 0 105 0
1410336000 105 0 110 0
1410328800 105 0 112 0
1410321600 93 0 97 0
1410314400 83 0 91 0
1410307200 82 0 84 0
1410300000 87 0 100 0
1410292800 99 0 102 0
1410285600 101 0 106 0
1410278400 105 0 109 0
1410271200 101 0 107 0
1410264000 87 0 93 0
1410256800 92 0 94 0
1410249600 93 0 96 0
1410242400 94 0 95 0
1410235200 91 0 95 0
1410228000 85 0 93 0
1410220800 102 0 108 0
1410213600 106 0 108 0
1410206400 107 0 111 0
1410199200 106 0 110 0
1410192000 106 0 110 0
1410184800 107 0 109 0
1410177600 99 0 108 0
1410170400 89 0 95 0
1410163200 97 0 101 0
1410156000 95 0 103 0
1410148800 98 0 102 0
1410141600 93 0 107 0
1410134400 84 0 91 0
1410127200 90 0 94 0
1410120000 87 0 94 0
1410112800 86 0 89 0
1410105600 91 0 94 0
1410098400 88 0 98 0
1410091200 55 0 82 0
1410084000 84 0 94 0
1410076800 93 0 96 0
1410069600 88 0 93 0
1410062400 85 0 92 0
1410055200 79 0 81 0
1410048000 74 0 80 0
1410040800 83 0 89 0
1410033600 87 0 88 0
1410026400 92 0 101 0
1410019200 94 0 100 0
1410012000 96 0 104 0
1410004800 89 0 91 0
1409997600 91 0 94 0
1409990400 90 0 100 0
1409983200 84 0 100 0
1409976000 67 0 77 0
1409968800 75 0 77 0
1409961600 76 0 78 0
1409954400 77 0 79 0
1409947200 79 0 85 0
1409940000 81 0 89 0
1409932800 81 0 89 0
1409925600 78 0 82 0
1409918400 77 0 81 0
1409911200 79 0 81 0
1409904000 78 0 88 0
1409896800 88 0 91 0
1409889600 87 0 89 0
1409882400 70 0 83 0
1409875200 72 0 72 0
1409868000 72 0 74 0
1409860800 72 0 74 0
1409853600 86 0 103 0
1409846400 101 0 103 0
1409839200 90 0 100 0
1409832000 82 0 89 0
1409824800 83 0 84 0
1409817600 83 0 87 0
1409810400 81 0 89 0
1409803200 87 0 90 0
1409796000 84 0 88 0
1409788800 94 0 100 0
1409781600 96 0 100 0
1409774400 97 0 99 0
1409767200 97 0 99 0
1409760000 89 0 99 0
1409752800 69 0 85 0
1409745600 41 0 57 0
1409738400 76 0 92 0
1409731200 93 0 105 0
1409724000 105 0 105 0
1409716800 104 0 106 0
1409709600 103 0 106 0
1409702400 104 0 108 0
1409695200 108 0 108 0
1409688000 108 0 108 0
1409680800 83 0 108 0
1409616000 90 0 108 0
1409529600 87 0 98 0
1409443200 74 0 95 0
1409356800 86 0 95 0
1409270400 89 0 97 0
1409184000 88 0 102 0
1409097600 89 0 102 0
1409011200 92 0 100 0
1408924800 97 0 101 0
1408838400 92 0 101 0
1408752000 86 0 102 0
1408665600 93 0 103 0
1408579200 92 0 107 0
1408492800 98 0 117 0
1408406400 95 0 121 0
1408320000 102 0 118 0
1408233600 103 0 114 0
1408147200 100 0 113 0
1408060800 95 0 115 0
1407974400 90 0 107 0
1407888000 84 0 106 0
1407801600 105 0 113 0
1407715200 99 0 114 0
1407628800 81 0 121 0
1407542400 80 0 117 0
1407456000 107 0 125 0
1407369600 118 0 130 0
1407283200 96 0 116 0
1407196800 78 0 104 0
1407110400 105 0 121 0
1407024000 109 0 117 0
1406937600 92 0 117 0
1406851200 82 0 107 0
1406764800 91 0 113 0
1406678400 98 0 119 0
1406592000 96 0 119 0
1406505600 83 0 121 0
1406419200 105 0 123 0
1406332800 105 0 119 0
1406246400 87 0 115 0
1406160000 80 0 98 0
1406073600 73 0 93 0
1405987200 77 0 92 0
1405900800 83 0 93 0
1405814400 60 0 79 0
1405728000 64 0 80 0
1405641600 70 0 87 0
1405555200 52 0 85 0
1405468800 49 0 68 0
1405382400 66 0 81 0
1405296000 74 0 84 0
1405209600 69 0 88 0
1405123200 17 0 86 0
1405036800 65 0 80 0
1404950400 69 0 93 0
1404864000 78 0 95 0
1404777600 92 0 105 0
1404691200 88 0 98 0
1404604800 78 0 96 0
1404518400 80 0 95 0
1404432000 78 0 90 0
1404345600 81 0 114 0
1404259200 92 0 118 0
1404172800 109 0 119 0
1404086400 96 0 105 0
1404000000 95 0 108 0
1403913600 91 0 107 0
1403827200 93 0 106 0
1403740800 82 0 101 0
1403654400 82 0 96 0
1403568000 79 0 92 0
1403481600 81 0 94 0
1403395200 77 0 97 0
1403308800 81 0 94 0
1403222400 63 0 82 0
1403136000 71 0 89 0
1403049600 83 0 100 0
1402963200 81 0 99 0
1402876800 72 0 84 0
1402790400 81 0 93 0
1402704000 88 0 107 0
1402617600 77 0 94 0
1402531200 59 0 82 0
1402444800 79 0 97 0
1402358400 74 0 94 0
1402272000 71 0 85 0
1402185600 53 0 80 0
1402099200 73 0 86 0
1402012800 72 0 91 0
1401926400 76 0 88 0
1401840000 76 0 93 0
1401753600 81 0 94 0
1401667200 90 0 98 0
1401580800 78 0 89 0
1401494400 77 0 92 0
1401408000 68 0 88 0
1401321600 79 0 94 0
1401235200 70 0 85 0
1401148800 66 0 87 0
1401062400 78 0 97 0
1400976000 74 0 90 0
1400889600 84 0 103 0
1400803200 72 0 91 0
1400716800 75 0 85 0
1400630400 76 0 90 0
1400544000 67 0 82 0
1400457600 70 0 93 0
1400371200 68 0 82 0
1400284800 56 0 74 0
1400198400 65 0 80 0
1400112000 51 0 66 0
1400025600 78 0 97 0
1399939200 74 0 99 0
1399852800 77 0 94 0
1399766400 70 0 97 0
1399680000 92 0 106 0
1399593600 96 0 110 0
1399507200 77 0 93 0
1399420800 82 0 121 0
1399334400 102 0 122 0
1399248000 87 0 116 0
1399161600 97 0 110 0
1399075200 81 0 106 0
1398988800 95 0 119 0
1398902400 106 0 123 0
1398816000 103 0 114 0
1398729600 84 0 102 0
1398643200 89 0 102 0
1398556800 87 0 106 0
1398470400 75 0 91 0
1398384000 70 0 89 0
1398297600 75 0 97 0
1398211200 89 0 106 0
1398124800 85 0 112 0
1398038400 89 0 108 0
1397952000 101 0 124 0
1397865600 107 0 123 0
1397779200 105 0 131 0
1397692800 98 0 128 0
1397606400 117 0 133 0
1397520000 112 0 137 0
1397433600 90 0 117 0
1397347200 79 0 110 0
1397260800 104 0 123 0
1397174400 104 0 131 0
1397088000 94 0 118 0
1397001600 77 0 113 0
1396915200 108 0 130 0
1396828800 113 0 133 0
1396742400 100 0 112 0
1396656000 89 0 111 0
1396569600 103 0 114 0
1396483200 100 0 118 0
1396396800 102 0 125 0
1396310400 112 0 132 0
1396224000 110 0 127 0
1396137600 107 0 120 0
1396051200 114 0 139 0
1395964800 105 0 129 0
1395878400 105 0 117 0
1395792000 105 0 120 0
1395705600 93 0 114 0
1395619200 94 0 119 0
1395532800 101 0 117 0
1395446400 99 0 121 0
1395360000 98 0 116 0
1395273600 82 0 105 0
1395187200 82 0 104 0
1395100800 83 0 102 0
1395014400 83 0 101 0
1394928000 82 0 103 0
1394841600 80 0 96 0
1394755200 74 0 86 0
1394668800 74 0 88 0
1394582400 74 0 94 0
1394496000 87 0 104 0
1394409600 92 0 109 0
1394323200 76 0 99 0
1394236800 81 0 106 0
1394150400 94 0 117 0
1394064000 92 0 106 0
1393977600 82 0 105 0
1393891200 84 0 102 0
1393804800 95 0 109 0
1393718400 88 0 106 0
1393632000 77 0 91 0
1393545600 65 0 90 0
1393459200 94 0 108 0
1393372800 81 0 101 0
1393286400 79 0 101 0
1393200000 88 0 115 0
1393113600 112 0 126 0
1393027200 112 0 127 0
1392940800 116 0 127 0
1392854400 110 0 130 0
1392768000 122 0 137 0
1392681600 124 0 136 0
1392595200 121 0 139 0
1392508800 93 0 109 0
1392422400 88 0 109 0
1392336000 89 0 104 0
1392249600 95 0 116 0
1392163200 85 0 109 0
1392076800 90 0 102 0
1391990400 81 0 99 0
1391904000 69 0 86 0
1391817600 57 0 81 0
1391731200 52 0 69 0
1391644800 58 0 87 0
1391558400 70 0 92 0
1391472000 52 0 75 0
1391385600 49 0 63 0
1391299200 53 0 81 0
1391212800 60 0 78 0
1391126400 75 0 91 0
1391040000 63 0 89 0
1390953600 49 0 74 0
1390867200 66 0 83 0
1390780800 45 0 69 0
1390694400 40 0 53 0
1390608000 36 0 57 0
1390521600 55 0 71 0
1390435200 57 0 90 0
1390348800 88 0 99 0
1390262400 81 0 100 0
1390176000 99 0 116 0
1390089600 99 0 118 0
1390003200 108 0 125 0
1389916800 108 0 121 0
1389830400 114 0 132 0
1389744000 85 0 124 0
1389657600 123 0 138 0
1389571200 125 0 143 0
1389484800 128 0 142 0
1389398400 125 0 152 0
1389312000 140 0 157 0
1389225600 130 0 151 0
1389139200 123 0 150 0
1389052800 92 0 118 0
1388966400 117 0 134 0
1388880000 112 0 134 0
1388793600 118 0 136 0
1388707200 113 0 144 0
1388620800 130 0 145 0
1388534400 100 0 128 0
1388448000 107 0 123 0
1388361600 103 0 124 0
1388275200 108 0 123 0
1388188800 41 0 112 0
1388102400 0 0 0 0
1388016000 0 0 0 0
1387929600 0 0 0 0
1387843200 0 0 0 0
1387756800 0 0 0 0
1387670400 0 0 0 0
1387584000 0 0 0 0
1387497600 0 0 0 0
1387411200 0 0 0 0
1387324800 0 0 0 0
1387238400 0 0 0 0
1387152000 0 0 0 0
1387065600 0 0 0 0
1386979200 0 0 0 0
1386892800 0 0 0 0
1386806400 0 0 0 0
1386720000 0 0 0 0
1386633600 0 0 0 0
1386547200 0 0 0 0
1386460800 0 0 0 0
1386374400 0 0 0 0
1386288000 0 0 0 0
1386201600 0 0 0 0
1386115200 0 0 0 0
1386028800 0 0 0 0
1385942400 0 0 0 0
1385856000 0 0 0 0
1385769600 0 0 0 0
1385683200 0 0 0 0
1385596800 0 0 0 0
1385510400 0 0 0 0
1385424000 0 0 0 0
1385337600 0 0 0 0
1385251200 0 0 0 0
1385164800 0 0 0 0
1385078400 0 0 0 0
1384992000 0 0 0 0
1384905600 0 0 0 0
1384819200 0 0 0 0
1384732800 0 0 0 0
1384646400 0 0 0 0
1384560000 0 0 0 0
1384473600 0 0 0 0
1384387200 0 0 0 0
1384300800 0 0 0 0
1384214400 0 0 0 0
1384128000 0 0 0 0
1384041600 0 0 0 0
1383955200 0 0 0 0
1383868800 0 0 0 0
1383782400 0 0 0 0
1383696000 0 0 0 0
1383609600 0 0 0 0
1383523200 0 0 0 0
1383436800 0 0 0 0
1383350400 0 0 0 0
1383264000 0 0 0 0
1383177600 0 0 0 0
1383091200 0 0 0 0
1383004800 0 0 0 0
1382918400 0 0 0 0
1382832000 0 0 0 0
1382745600 0 0 0 0
1382659200 0 0 0 0
1382572800 0 0 0 0
1382486400 0 0 0 0
1382400000 0 0 0 0
1382313600 0 0 0 0
1382227200 0 0 0 0
1382140800 0 0 0 0
1382054400 0 0 0 0
1381968000 0 0 0 0
1381881600 0 0 0 0
1381795200 0 0 0 0
1381708800 0 0 0 0
1381622400 0 0 0 0
1381536000 0 0 0 0
1381449600 0 0 0 0
1381363200 0 0 0 0
1381276800 0 0 0 0
1381190400 0 0 0 0
1381104000 0 0 0 0
1381017600 0 0 0 0
1380931200 0 0 0 0
1380844800 0 0 0 0
1380758400 0 0 0 0
1380672000 0 0 0 0
1380585600 0 0 0 0
1380499200 0 0 0 0
1380412800 0 0 0 0
1380326400 0 0 0 0
1380240000 0 0 0 0
1380153600 0 0 0 0
1380067200 0 0 0 0
1379980800 0 0 0 0
1379894400 0 0 0 0
1379808000 0 0 0 0
1379721600 0 0 0 0
1379635200 0 0 0 0
1379548800 0 0 0 0
1379462400 0 0 0 0
1379376000 0 0 0 0
1379289600 0 0 0 0
1379203200 0 0 0 0
1379116800 0 0 0 0
1379030400 0 0 0 0
1378944000 0 0 0 0
1378857600 0 0 0 0
1378771200 0 0 0 0
1378684800 0 0 0 0
1378598400 0 0 0 0
1378512000 0 0 0 0
1378425600 0 0 0 0
1378339200 0 0 0 0
1378252800 0 0 0 0
1378166400 0 0 0 0
1378080000 0 0 0 0
1377993600 0 0 0 0
1377907200 0 0 0 0
1377820800 0 0 0 0
1377734400 0 0 0 0
1377648000 0 0 0 0
1377561600 0 0 0 0
1377475200 0 0 0 0
1377388800 0 0 0 0
1377302400 0 0 0 0
1377216000 0 0 0 0
1377129600 0 0 0 0
1377043200 0 0 0 0
1376956800 0 0 0 0
1376870400 0 0 0 0
1376784000 0 0 0 0
1376697600 0 0 0 0
1376611200 0 0 0 0
1376524800 0 0 0 0
1376438400 0 0 0 0
1376352000 0 0 0 0
1376265600 0 0 0 0
1376179200 0 0 0 0
1376092800 0 0 0 0
1376006400 0 0 0 0
1375920000 0 0 0 0
1375833600 0 0 0 0
1375747200 0 0 0 0
1375660800 0 0 0 0
1375574400 0 0 0 0
1375488000 0 0 0 0
1375401600 0 0 0 0
1375315200 0 0 0 0
1375228800 0 0 0 0
1375142400 0 0 0 0
1375056000 0 0 0 0
1374969600 0 0 0 0
1374883200 0 0 0 0
1374796800 0 0 0 0
1374710400 0 0 0 0
1374624000 0 0 0 0
1374537600 0 0 0 0
1374451200 0 0 0 0
1374364800 0 0 0 0
1374278400 0 0 0 0
1374192000 0 0 0 0
1374105600 0 0 0 0
1374019200 0 0 0 0
1373932800 0 0 0 0
1373846400 0 0 0 0
1373760000 0 0 0 0
1373673600 0 0 0 0
1373587200 0 0 0 0
1373500800 0 0 0 0
1373414400 0 0 0 0
1373328000 0 0 0 0
1373241600 0 0 0 0
1373155200 0 0 0 0
1373068800 0 0 0 0
1372982400 0 0 0 0
1372896000 0 0 0 0
1372809600 0 0 0 0
1372723200 0 0 0 0
1372636800 0 0 0 0
1372550400 0 0 0 0
1372464000 0 0 0 0
1372377600 0 0 0 0
1372291200 0 0 0 0
1372204800 0 0 0 0
1372118400 0 0 0 0
1372032000 0 0 0 0
1371945600 0 0 0 0
1371859200 0 0 0 0
1371772800 0 0 0 0
1371686400 0 0 0 0
1371600000 0 0 0 0
1371513600 0 0 0 0
1371427200 0 0 0 0
1371340800 0 0 0 0
1371254400 0 0 0 0
1371168000 0 0 0 0
1371081600 0 0 0 0
1370995200 0 0 0 0
1370908800 0 0 0 0
1370822400 0 0 0 0
1370736000 0 0 0 0
1370649600 0 0 0 0
1370563200 0 0 0 0
1370476800 0 0 0 0
1370390400 0 0 0 0
1370304000 0 0 0 0
1370217600 0 0 0 0
1370131200 0 0 0 0
1370044800 0 0 0 0
1369958400 0 0 0 0
1369872000 0 0 0 0
1369785600 0 0 0 0
1369699200 0 0 0 0
1369612800 0 0 0 0
1369526400 0 0 0 0
1369440000 0 0 0 0
1369353600 0 0 0 0
1369267200 0 0 0 0
1369180800 0 0 0 0
1369094400 0 0 0 0
1369008000 0 0 0 0
1368921600 0 0 0 0
1368835200 0 0 0 0
1368748800 0 0 0 0
1368662400 0 0 0 0
1368576000 0 0 0 0
1368489600 0 0 0 0
1368403200 0 0 0 0
1368316800 0 0 0 0
1368230400 0 0 0 0
1368144000 0 0 0 0
1368057600 0 0 0 0
1367971200 0 0 0 0
1367884800 0 0 0 0
1367798400 0 0 0 0
1367712000 0 0 0 0
1367625600 0 0 0 0
1367539200 0 0 0 0
1367452800 0 0 0 0
1367366400 0 0 0 0
1367280000 0 0 0 0
1367193600 0 0 0 0
1367107200 0 0 0 0
1367020800 0 0 0 0
1366934400 0 0 0 0
1366848000 0 0 0 0
1366761600 0 0 0 0
1366675200 0 0 0 0
1366588800 0 0 0 0
1366502400 0 0 0 0
1366416000 0 0 0 0
1366329600 0 0 0 0
1366243200 0 0 0 0
1366156800 0 0 0 0
1366070400 0 0 0 0
1365984000 0 0 0 0
1365897600 0 0 0 0
1365811200 0 0 0 0
1365724800 0 0 0 0
1365638400 0 0 0 0
1365552000 0 0 0 0
1365465600 0 0 0 0
1365379200 0 0 0 0
1365292800 0 0 0 0
1365206400 0 0 0 0
1365120000 0 0 0 0
1365033600 0 0 0 0
1364947200 0 0 0 0
1364860800 0 0 0 0
1364774400 0 0 0 0
1364688000 0 0 0 0
1364601600 0 0 0 0
1364515200 0 0 0 0
1364428800 0 0 0 0
1364342400 0 0 0 0
1364256000 0 0 0 0
1364169600 0 0 0 0
1364083200 0 0 0 0
1363996800 0 0 0 0
1363910400 0 0 0 0
1363824000 0 0 0 0
1363737600 0 0 0 0
1363651200 0 0 0 0
1363564800 0 0 0 0
1363478400 0 0 0 0
1363392000 0 0 0 0
1363305600 0 0 0 0
1363219200 0 0 0 0
1363132800 0 0 0 0
1363046400 0 0 0 0
1362960000 0 0 0 0
1362873600 0 0 0 0
1362787200 0 0 0 0
1362700800 0 0 0 0
1362614400 0 0 0 0
1362528000 0 0 0 0
1362441600 0 0 0 0
1362355200 0 0 0 0
1362268800 0 0 0 0
1362182400 0 0 0 0
1362096000 0 0 0 0
1362009600 0 0 0 0
1361923200 0 0 0 0
1361836800 0 0 0 0
1361750400 0 0 0 0
1361664000 0 0 0 0
1361577600 0 0 0 0
1361491200 0 0 0 0
1361404800 0 0 0 0
1361318400 0 0 0 0
1361232000 0 0 0 0
1361145600 0 0 0 0
1361059200 0 0 0 0
1360972800 0 0 0 0
1360886400 0 0 0 0
1360800000 0 0 0 0
1360713600 0 0 0 0
1360627200 0 0 0 0
1360540800 0 0 0 0
1360454400 0 0 0 0
1360368000 0 0 0 0
1360281600 0 0 0 0
1360195200 0 0 0 0
1360108800 0 0 0 0
1360022400 0 0 0 0
1359936000 0 0 0 0
1359849600 0 0 0 0
1359763200 0 0 0 0
1359676800 0 0 0 0
1359590400 0 0 0 0
1359504000 0 0 0 0
1359417600 0 0 0 0
1359331200 0 0 0 0
1359244800 0 0 0 0
1359158400 0 0 0 0
1359072000 0 0 0 0
1358985600 0 0 0 0
1358899200 0 0 0 0
1358812800 0 0 0 0
1358726400 0 0 0 0
1358640000 0 0 0 0
1358553600 0 0 0 0
1358467200 0 0 0 0
1358380800 0 0 0 0
1358294400 0 0 0 0
1358208000 0 0 0 0
1358121600 0 0 0 0
1358035200 0 0 0 0
1357948800 0 0 0 0
1357862400 0 0 0 0
1357776000 0 0 0 0
1357689600 0 0 0 0
1357603200 0 0 0 0
1357516800 0 0 0 0
1357430400 0 0 0 0
1357344000 0 0 0 0
1357257600 0 0 0 0
1357171200 0 0 0 0
1357084800 0 0 0 0
1356998400 0 0 0 0
1356912000 0 0 0 0
1356825600 0 0 0 0
1356739200 0 0 0 0
1356652800 0 0 0 0
1356566400 0 0 0 0
1356480000 0 0 0 0
1356393600 0 0 0 0
1356307200 0 0 0 0
1356220800 0 0 0 0
1356134400 0 0 0 0
1356048000 0 0 0 0
1355961600 0 0 0 0
1355875200 0 0 0 0
1355788800 0 0 0 0
1355702400 0 0 0 0
1355616000 0 0 0 0
1355529600 0 0 0 0
1355443200 0 0 0 0
1355356800 0 0 0 0
1355270400 0 0 0 0
1355184000 0 0 0 0
1355097600 0 0 0 0
1355011200 0 0 0 0
1354924800 0 0 0 0
1354838400 0 0 0 0
1354752000 0 0 0 0
1354665600 0 0 0 0
1354579200 0 0 0 0
1354492800 0 0 0 0
1354406400 0 0 0 0
1354320000 0 0 0 0
1354233600 0 0 0 0
1354147200 0 0 0 0
1354060800 0 0 0 0
1353974400 0 0 0 0
1353888000 0 0 0 0
1353801600 0 0 0 0
1353715200 0 0 0 0
1353628800 0 0 0 0
1353542400 0 0 0 0
1353456000 0 0 0 0
1353369600 0 0 0 0
1353283200 0 0 0 0
1353196800 0 0 0 0
1353110400 0 0 0 0
1353024000 0 0 0 0
1352937600 0 0 0 0
1352851200 0 0 0 0
1352764800 0 0 0 0
1352678400 0 0 0 0
1352592000 0 0 0 0
1352505600 0 0 0 0
1352419200 0 0 0 0
1352332800 0 0 0 0
1352246400 0 0 0 0
1352160000 0 0 0 0
1352073600 0 0 0 0
1351987200 0 0 0 0
1351900800 0 0 0 0
1351814400 0 0 0 0
1351728000 0 0 0 0
1351641600 0 0 0 0
1351555200 0 0 0 0
1351468800 0 0 0 0
1351382400 0 0 0 0
1351296000 0 0 0 0
1351209600 0 0 0 0
1351123200 0 0 0 0
1351036800 0 0 0 0
1350950400 0 0 0 0
1350864000 0 0 0 0
1350777600 0 0 0 0
1350691200 0 0 0 0
1350604800 0 0 0 0
1350518400 0 0 0 0
1350432000 0 0 0 0
1350345600 0 0 0 0
1350259200 0 0 0 0
1350172800 0 0 0 0
1350086400 0 0 0 0
1350000000 0 0 0 0
1349913600 0 0 0 0
1349827200 0 0 0 0
1349740800 0 0 0 0
1349654400 0 0 0 0
1349568000 0 0 0 0
1349481600 0 0 0 0
1349395200 0 0 0 0
1349308800 0 0 0 0
1349222400 0 0 0 0
1349136000 0 0 0 0
1349049600 0 0 0 0
1348963200 0 0 0 0
1348876800 0 0 0 0
1348790400 0 0 0 0
1348704000 0 0 0 0
1348617600 0 0 0 0
1348531200 0 0 0 0
1348444800 0 0 0 0
1348358400 0 0 0 0
1348272000 0 0 0 0
1348185600 0 0 0 0
1348099200 0 0 0 0
1348012800 0 0 0 0
1347926400 0 0 0 0
1347840000 0 0 0 0
1347753600 0 0 0 0
1347667200 0 0 0 0
1347580800 0 0 0 0
1347494400 0 0 0 0
1347408000 0 0 0 0
1347321600 0 0 0 0
1347235200 0 0 0 0
1347148800 0 0 0 0
1347062400 0 0 0 0
1346976000 0 0 0 0
1346889600 0 0 0 0
1346803200 0 0 0 0
1346716800 0 0 0 0
1346630400 0 0 0 0
1346544000 0 0 0 0
1346457600 0 0 0 0
