1388145001 330 0
1388145001 330 0 330 0
1388144701 330 0 330 0
1388144700 330 0 330 0
1388144400 330 0 330 0
1388144100 330 0 330 0
1388143800 330 0 330 0
1388143500 330 0 330 0
1388143200 330 0 330 0
1388142900 330 0 330 0
1388142600 330 0 330 0
1388142300 330 0 330 0
1388142000 330 0 330 0
1388141700 330 0 330 0
1388141400 330 0 330 0
1388141100 330 0 330 0
1388140800 330 0 330 0
1388140500 330 0 330 0
1388140200 330 0 330 0
1388139900 330 0 330 0
1388139600 330 0 330 0
1388139300 330 0 330 0
1388139000 330 0 330 0
1388138700 330 0 330 0
1388138400 330 0 330 0
1388138100 330 0 330 0
1388137800 330 0 330 0
1388137500 330 0 330 0
1388137200 330 0 330 0
1388136900 330 0 330 0
1388136600 330 0 330 0
1388136300 330 0 330 0
1388136000 330 0 330 0
1388135700 330 0 330 0
1388135400 330 0 330 0
1388135100 330 0 330 0
1388134800 330 0 330 0
1388134500 330 0 330 0
1388134200 330 0 330 0
1388133900 330 0 330 0
1388133600 330 0 330 0
1388133300 330 0 330 0
1388133000 330 0 330 0
1388132700 330 0 330 0
1388132400 330 0 330 0
1388132100 330 0 330 0
1388131800 330 0 330 0
1388131500 330 0 330 0
1388131200 330 0 330 0
1388130900 330 0 330 0
1388130600 330 0 330 0
1388130300 330 0 330 0
1388130000 330 0 330 0
1388129700 330 0 330 0
1388129400 330 0 330 0
1388129100 330 0 330 0
1388128800 330 0 330 0
1388128500 330 0 330 0
1388128200 330 0 330 0
1388127900 330 0 330 0
1388127600 330 0 330 0
1388127300 330 0 330 0
1388127000 330 0 330 0
1388126700 330 0 330 0
1388126400 330 0 330 0
1388126100 330 0 330 0
1388125800 330 0 330 0
1388125500 330 0 330 0
1388125200 330 0 330 0
1388124900 330 0 330 0
1388124600 330 0 330 0
1388124300 330 0 330 0
1388124000 330 0 330 0
1388123700 330 0 330 0
1388123400 330 0 330 0
1388123100 330 0 330 0
1388122800 330 0 330 0
1388122500 330 0 330 0
1388122200 330 0 330 0
1388121900 330 0 330 0
1388121600 330 0 330 0
1388121300 330 0 330 0
1388121000 330 0 330 0
1388120700 330 0 330 0
1388120400 330 0 330 0
1388120100 330 0 330 0
1388119800 330 0 330 0
1388119500 330 0 330 0
1388119200 330 0 330 0
1388118900 330 0 330 0
1388118600 330 0 330 0
1388118300 330 0 330 0
1388118000 330 0 330 0
1388117700 330 0 330 0
1388117400 330 0 330 0
1388117100 330 0 330 0
1388116800 330 0 330 0
1388116500 330 0 330 0
1388116200 330 0 330 0
1388115900 330 0 330 0
1388115600 330 0 330 0
1388115300 330 0 330 0
1388115000 330 0 330 0
1388114700 330 0 330 0
1388114400 330 0 330 0
1388114100 330 0 330 0
1388113800 330 0 330 0
1388113500 330 0 330 0
1388113200 330 0 330 0
1388112900 330 0 330 0
1388112600 330 0 330 0
1388112300 330 0 330 0
1388112000 330 0 330 0
1388111700 330 0 330 0
1388111400 330 0 330 0
1388111100 330 0 330 0
1388110800 330 0 330 0
1388110500 330 0 330 0
1388110200 330 0 330 0
1388109900 330 0 330 0
1388109600 330 0 330 0
1388109300 330 0 330 0
1388109000 330 0 330 0
1388108700 330 0 330 0
1388108400 330 0 330 0
1388108100 330 0 330 0
1388107800 330 0 330 0
1388107500 330 0 330 0
1388107200 330 0 330 0
1388106900 330 0 330 0
1388106600 330 0 330 0
1388106300 330 0 330 0
1388106000 330 0 330 0
1388105700 330 0 330 0
1388105400 330 0 330 0
1388105100 330 0 330 0
1388104800 330 0 330 0
1388104500 330 0 330 0
1388104200 330 0 330 0
1388103900 330 0 330 0
1388103600 330 0 330 0
1388103300 330 0 330 0
1388103000 330 0 330 0
1388102700 330 0 330 0
1388102400 330 0 330 0
1388102100 330 0 330 0
1388101800 330 0 330 0
1388101500 330 0 330 0
1388101200 330 0 330 0
1388100900 330 0 330 0
1388100600 330 0 330 0
1388100300 330 0 330 0
1388100000 330 0 330 0
1388099700 330 0 330 0
1388099400 330 0 330 0
1388099100 330 0 330 0
1388098800 330 0 330 0
1388098500 330 0 330 0
1388098200 330 0 330 0
1388097900 330 0 330 0
1388097600 330 0 330 0
1388097300 330 0 330 0
1388097000 330 0 330 0
1388096700 330 0 330 0
1388096400 330 0 330 0
1388096100 330 0 330 0
1388095800 330 0 330 0
1388095500 330 0 330 0
1388095200 330 0 330 0
1388094900 330 0 330 0
1388094600 330 0 330 0
1388094300 330 0 330 0
1388094000 330 0 330 0
1388093700 330 0 330 0
1388093400 330 0 330 0
1388093100 330 0 330 0
1388092800 330 0 330 0
1388092500 330 0 330 0
1388092200 330 0 330 0
1388091900 330 0 330 0
1388091600 330 0 330 0
1388091300 330 0 330 0
1388091000 330 0 330 0
1388090700 330 0 330 0
1388090400 330 0 330 0
1388090100 330 0 330 0
1388089800 330 0 330 0
1388089500 330 0 330 0
1388089200 330 0 330 0
1388088900 330 0 330 0
1388088600 330 0 330 0
1388088300 330 0 330 0
1388088000 330 0 330 0
1388087700 330 0 330 0
1388087400 330 0 330 0
1388087100 330 0 330 0
1388086800 330 0 330 0
1388086500 330 0 330 0
1388086200 330 0 330 0
1388085900 330 0 330 0
1388085600 330 0 330 0
1388085300 330 0 330 0
1388085000 330 0 330 0
1388084700 330 0 330 0
1388084400 330 0 330 0
1388084100 330 0 330 0
1388083800 330 0 330 0
1388083500 330 0 330 0
1388083200 330 0 330 0
1388082900 330 0 330 0
1388082600 330 0 330 0
1388082300 330 0 330 0
1388082000 330 0 330 0
1388081700 330 0 330 0
1388081400 330 0 330 0
1388081100 330 0 330 0
1388080800 330 0 330 0
1388080500 330 0 330 0
1388080200 330 0 330 0
1388079900 330 0 330 0
1388079600 330 0 330 0
1388079300 330 0 330 0
1388079000 330 0 330 0
1388078700 330 0 330 0
1388078400 330 0 330 0
1388078100 330 0 330 0
1388077800 330 0 330 0
1388077500 330 0 330 0
1388077200 330 0 330 0
1388076900 330 0 330 0
1388076600 330 0 330 0
1388076300 330 0 330 0
1388076000 330 0 330 0
1388075700 330 0 330 0
1388075400 330 0 330 0
1388075100 330 0 330 0
1388074800 330 0 330 0
1388074500 330 0 330 0
1388074200 330 0 330 0
1388073900 330 0 330 0
1388073600 330 0 330 0
1388073300 330 0 330 0
1388073000 330 0 330 0
1388072700 330 0 330 0
1388072400 330 0 330 0
1388072100 330 0 330 0
1388071800 330 0 330 0
1388071500 330 0 330 0
1388071200 330 0 330 0
1388070900 330 0 330 0
1388070600 330 0 330 0
1388070300 330 0 330 0
1388070000 330 0 330 0
1388069700 330 0 330 0
1388069400 330 0 330 0
1388069100 330 0 330 0
1388068800 330 0 330 0
1388068500 330 0 330 0
1388068200 330 0 330 0
1388067900 330 0 330 0
1388067600 330 0 330 0
1388067300 330 0 330 0
1388067000 330 0 330 0
1388066700 330 0 330 0
1388066400 330 0 330 0
1388066100 330 0 330 0
1388065800 330 0 330 0
1388065500 330 0 330 0
1388065200 330 0 330 0
1388064900 330 0 330 0
1388064600 330 0 330 0
1388064300 330 0 330 0
1388064000 330 0 330 0
1388063700 330 0 330 0
1388063400 330 0 330 0
1388063100 330 0 330 0
1388062800 330 0 330 0
1388062500 330 0 330 0
1388062200 330 0 330 0
1388061900 330 0 330 0
1388061600 330 0 330 0
1388061300 330 0 330 0
1388061000 330 0 330 0
1388060700 330 0 330 0
1388060400 330 0 330 0
1388060100 330 0 330 0
1388059800 330 0 330 0
1388059500 330 0 330 0
1388059200 330 0 330 0
1388058900 330 0 330 0
1388058600 330 0 330 0
1388058300 330 0 330 0
1388058000 330 0 330 0
1388057700 330 0 330 0
1388057400 330 0 330 0
1388057100 330 0 330 0
1388056800 330 0 330 0
1388056500 330 0 330 0
1388056200 330 0 330 0
1388055900 330 0 330 0
1388055600 330 0 330 0
1388055300 330 0 330 0
1388055000 330 0 330 0
1388054700 330 0 330 0
1388054400 330 0 330 0
1388054100 330 0 330 0
1388053800 330 0 330 0
1388053500 330 0 330 0
1388053200 330 0 330 0
1388052900 330 0 330 0
1388052600 330 0 330 0
1388052300 330 0 330 0
1388052000 330 0 330 0
1388051700 330 0 330 0
1388051400 330 0 330 0
1388051100 330 0 330 0
1388050800 330 0 330 0
1388050500 330 0 330 0
1388050200 330 0 330 0
1388049900 330 0 330 0
1388049600 330 0 330 0
1388049300 330 0 330 0
1388049000 330 0 330 0
1388048700 330 0 330 0
1388048400 330 0 330 0
1388048100 330 0 330 0
1388047800 330 0 330 0
1388047500 330 0 330 0
1388047200 330 0 330 0
1388046900 330 0 330 0
1388046600 330 0 330 0
1388046300 330 0 330 0
1388046000 330 0 330 0
1388045700 330 0 330 0
1388045400 330 0 330 0
1388045100 330 0 330 0
1388044800 330 0 330 0
1388044500 330 0 330 0
1388044200 330 0 330 0
1388043900 330 0 330 0
1388043600 330 0 330 0
1388043300 330 0 330 0
1388043000 330 0 330 0
1388042700 330 0 330 0
1388042400 330 0 330 0
1388042100 330 0 330 0
1388041800 330 0 330 0
1388041500 330 0 330 0
1388041200 330 0 330 0
1388040900 330 0 330 0
1388040600 330 0 330 0
1388040300 330 0 330 0
1388040000 330 0 330 0
1388039700 330 0 330 0
1388039400 330 0 330 0
1388039100 330 0 330 0
1388038800 330 0 330 0
1388038500 330 0 330 0
1388038200 330 0 330 0
1388037900 330 0 330 0
1388037600 330 0 330 0
1388037300 330 0 330 0
1388037000 330 0 330 0
1388036700 330 0 330 0
1388036400 330 0 330 0
1388036100 330 0 330 0
1388035800 330 0 330 0
1388035500 330 0 330 0
1388035200 330 0 330 0
1388034900 330 0 330 0
1388034600 330 0 330 0
1388034300 330 0 330 0
1388034000 330 0 330 0
1388033700 330 0 330 0
1388033400 330 0 330 0
1388033100 330 0 330 0
1388032800 330 0 330 0
1388032500 330 0 330 0
1388032200 330 0 330 0
1388031900 330 0 330 0
1388031600 330 0 330 0
1388031300 330 0 330 0
1388031000 330 0 330 0
1388030700 330 0 330 0
1388030400 330 0 330 0
1388030100 330 0 330 0
1388029800 330 0 330 0
1388029500 330 0 330 0
1388029200 330 0 330 0
1388028900 330 0 330 0
1388028600 330 0 330 0
1388028300 330 0 330 0
1388028000 330 0 330 0
1388027700 330 0 330 0
1388027400 330 0 330 0
1388027100 330 0 330 0
1388026800 330 0 330 0
1388026500 330 0 330 0
1388026200 330 0 330 0
1388025900 330 0 330 0
1388025600 330 0 330 0
1388025300 330 0 330 0
1388025000 330 0 330 0
1388024700 330 0 330 0
1388024400 330 0 330 0
1388024100 330 0 330 0
1388023800 330 0 330 0
1388023500 330 0 330 0
1388023200 330 0 330 0
1388022900 330 0 330 0
1388022600 330 0 330 0
1388022300 330 0 330 0
1388022000 330 0 330 0
1388021700 330 0 330 0
1388021400 330 0 330 0
1388021100 330 0 330 0
1388020800 330 0 330 0
1388020500 330 0 330 0
1388020200 330 0 330 0
1388019900 330 0 330 0
1388019600 330 0 330 0
1388019300 330 0 330 0
1388019000 330 0 330 0
1388018700 330 0 330 0
1388018400 330 0 330 0
1388018100 330 0 330 0
1388017800 330 0 330 0
1388017500 330 0 330 0
1388017200 330 0 330 0
1388016900 330 0 330 0
1388016600 330 0 330 0
1388016300 330 0 330 0
1388016000 330 0 330 0
1388015700 330 0 330 0
1388015400 330 0 330 0
1388015100 330 0 330 0
1388014800 330 0 330 0
1388014500 330 0 330 0
1388014200 330 0 330 0
1388013900 330 0 330 0
1388013600 330 0 330 0
1388013300 330 0 330 0
1388013000 330 0 330 0
1388012700 330 0 330 0
1388012400 330 0 330 0
1388012100 330 0 330 0
1388011800 330 0 330 0
1388011500 330 0 330 0
1388011200 330 0 330 0
1388010900 330 0 330 0
1388010600 330 0 330 0
1388010300 330 0 330 0
1388010000 330 0 330 0
1388009700 330 0 330 0
1388009400 330 0 330 0
1388009100 330 0 330 0
1388008800 330 0 330 0
1388008500 330 0 330 0
1388008200 330 0 330 0
1388007900 330 0 330 0
1388007600 330 0 330 0
1388007300 330 0 330 0
1388007000 330 0 330 0
1388006700 330 0 330 0
1388006400 330 0 330 0
1388006100 330 0 330 0
1388005800 330 0 330 0
1388005500 330 0 330 0
1388005200 330 0 330 0
1388004900 330 0 330 0
1388004600 330 0 330 0
1388004300 330 0 330 0
1388004000 330 0 330 0
1388003700 330 0 330 0
1388003400 330 0 330 0
1388003100 330 0 330 0
1388002800 330 0 330 0
1388002500 330 0 330 0
1388002200 330 0 330 0
1388001900 330 0 330 0
1388001600 330 0 330 0
1388001300 330 0 330 0
1388001000 330 0 330 0
1388000700 330 0 330 0
1388000400 330 0 330 0
1388000100 330 0 330 0
1387999800 330 0 330 0
1387999500 330 0 330 0
1387999200 330 0 330 0
1387998900 330 0 330 0
1387998600 330 0 330 0
1387998300 330 0 330 0
1387998000 330 0 330 0
1387997700 330 0 330 0
1387997400 330 0 330 0
1387997100 330 0 330 0
1387996800 330 0 330 0
1387996500 330 0 330 0
1387996200 330 0 330 0
1387995900 330 0 330 0
1387995600 330 0 330 0
1387995300 330 0 330 0
1387995000 330 0 330 0
1387994700 330 0 330 0
1387994400 330 0 330 0
1387994100 330 0 330 0
1387993800 330 0 330 0
1387993500 330 0 330 0
1387993200 330 0 330 0
1387992900 330 0 330 0
1387992600 330 0 330 0
1387992300 330 0 330 0
1387992000 330 0 330 0
1387991700 330 0 330 0
1387991400 330 0 330 0
1387991100 330 0 330 0
1387990800 330 0 330 0
1387990500 330 0 330 0
1387990200 330 0 330 0
1387989900 330 0 330 0
1387989600 330 0 330 0
1387989300 330 0 330 0
1387989000 330 0 330 0
1387988700 330 0 330 0
1387988400 330 0 330 0
1387988100 330 0 330 0
1387987800 330 0 330 0
1387987500 330 0 330 0
1387987200 330 0 330 0
1387986900 330 0 330 0
1387986600 330 0 330 0
1387986300 330 0 330 0
1387986000 330 0 330 0
1387985700 330 0 330 0
1387985400 330 0 330 0
1387985100 330 0 330 0
1387984800 330 0 330 0
1387984500 330 0 330 0
1387984200 330 0 330 0
1387983900 330 0 330 0
1387983600 330 0 330 0
1387983300 330 0 330 0
1387983000 330 0 330 0
1387982700 330 0 330 0
1387982400 330 0 330 0
1387982100 330 0 330 0
1387981800 330 0 330 0
1387981500 330 0 330 0
1387981200 330 0 330 0
1387980900 330 0 330 0
1387980600 330 0 330 0
1387980300 330 0 330 0
1387980000 330 0 330 0
1387979700 330 0 330 0
1387979400 330 0 330 0
1387979100 330 0 330 0
1387978800 330 0 330 0
1387978500 330 0 330 0
1387978200 330 0 330 0
1387977900 330 0 330 0
1387977600 330 0 330 0
1387977300 330 0 330 0
1387977000 330 0 330 0
1387976700 330 0 330 0
1387976400 330 0 330 0
1387976100 330 0 330 0
1387975800 330 0 330 0
1387975500 330 0 330 0
1387975200 330 0 330 0
1387974900 330 0 330 0
1387974600 330 0 330 0
1387974300 330 0 330 0
1387974000 330 0 330 0
1387973700 330 0 330 0
1387973400 330 0 330 0
1387973100 330 0 330 0
1387972800 330 0 330 0
1387972500 330 0 330 0
1387972200 330 0 330 0
1387971900 330 0 330 0
1387971600 330 0 330 0
1387971300 330 0 330 0
1387971000 330 0 330 0
1387970700 330 0 330 0
1387970400 330 0 330 0
1387970100 330 0 330 0
1387969800 330 0 330 0
1387969500 330 0 330 0
1387969200 330 0 330 0
1387968900 330 0 330 0
1387968600 330 0 330 0
1387968300 330 0 330 0
1387968000 330 0 330 0
1387967700 330 0 330 0
1387967400 330 0 330 0
1387967100 330 0 330 0
1387966800 330 0 330 0
1387966500 330 0 330 0
1387966200 330 0 330 0
1387965900 330 0 330 0
1387965600 330 0 330 0
1387965300 330 0 330 0
1387965000 330 0 330 0
1387963800 330 0 330 0
1387962000 330 0 330 0
1387960200 330 0 330 0
1387958400 330 0 330 0
1387956600 330 0 330 0
1387954800 330 0 330 0
1387953000 330 0 330 0
1387951200 330 0 330 0
1387949400 330 0 330 0
1387947600 330 0 330 0
1387945800 330 0 330 0
1387944000 330 0 330 0
1387942200 330 0 330 0
1387940400 330 0 330 0
1387938600 330 0 330 0
1387936800 330 0 330 0
1387935000 330 0 330 0
1387933200 330 0 330 0
1387931400 330 0 330 0
1387929600 330 0 330 0
1387927800 330 0 330 0
1387926000 330 0 330 0
1387924200 330 0 330 0
1387922400 330 0 330 0
1387920600 330 0 330 0
1387918800 330 0 330 0
1387917000 330 0 330 0
1387915200 330 0 330 0
1387913400 330 0 330 0
1387911600 330 0 330 0
1387909800 330 0 330 0
1387908000 330 0 330 0
1387906200 330 0 330 0
1387904400 330 0 330 0
1387902600 330 0 330 0
1387900800 330 0 330 0
1387899000 330 0 330 0
1387897200 330 0 330 0
1387895400 330 0 330 0
1387893600 330 0 330 0
1387891800 330 0 330 0
1387890000 330 0 330 0
1387888200 330 0 330 0
1387886400 330 0 330 0
1387884600 330 0 330 0
1387882800 330 0 330 0
1387881000 330 0 330 0
1387879200 330 0 330 0
1387877400 330 0 330 0
1387875600 330 0 330 0
1387873800 330 0 330 0
1387872000 330 0 330 0
1387870200 330 0 330 0
1387868400 330 0 330 0
1387866600 330 0 330 0
1387864800 330 0 330 0
1387863000 330 0 330 0
1387861200 330 0 330 0
1387859400 330 0 330 0
1387857600 330 0 330 0
1387855800 330 0 330 0
1387854000 330 0 330 0
1387852200 330 0 330 0
1387850400 330 0 330 0
1387848600 330 0 330 0
1387846800 330 0 330 0
1387845000 330 0 330 0
1387843200 330 0 330 0
1387841400 330 0 330 0
1387839600 330 0 330 0
1387837800 330 0 330 0
1387836000 330 0 330 0
1387834200 330 0 330 0
1387832400 330 0 330 0
1387830600 330 0 330 0
1387828800 330 0 330 0
1387827000 330 0 330 0
1387825200 330 0 330 0
1387823400 330 0 330 0
1387821600 330 0 330 0
1387819800 330 0 330 0
1387818000 330 0 330 0
1387816200 330 0 330 0
1387814400 330 0 330 0
1387812600 330 0 330 0
1387810800 330 0 330 0
1387809000 330 0 330 0
1387807200 330 0 330 0
1387805400 330 0 330 0
1387803600 330 0 330 0
1387801800 330 0 330 0
1387800000 330 0 330 0
1387798200 330 0 330 0
1387796400 330 0 330 0
1387794600 330 0 330 0
1387792800 330 0 330 0
1387791000 330 0 330 0
1387789200 330 0 330 0
1387787400 330 0 330 0
1387785600 330 0 330 0
1387783800 330 0 330 0
1387782000 330 0 330 0
1387780200 330 0 330 0
1387778400 330 0 330 0
1387776600 330 0 330 0
1387774800 330 0 330 0
1387773000 330 0 330 0
1387771200 330 0 330 0
1387769400 330 0 330 0
1387767600 330 0 330 0
1387765800 330 0 330 0
1387764000 330 0 330 0
1387762200 330 0 330 0
1387760400 330 0 330 0
1387758600 330 0 330 0
1387756800 330 0 330 0
1387755000 330 0 330 0
1387753200 330 0 330 0
1387751400 330 0 330 0
1387749600 330 0 330 0
1387747800 330 0 330 0
1387746000 330 0 330 0
1387744200 330 0 330 0
1387742400 330 0 330 0
1387740600 330 0 330 0
1387738800 330 0 330 0
1387737000 330 0 330 0
1387735200 330 0 330 0
1387733400 330 0 330 0
1387731600 330 0 330 0
1387729800 330 0 330 0
1387728000 330 0 330 0
1387726200 330 0 330 0
1387724400 330 0 330 0
1387722600 330 0 330 0
1387720800 330 0 330 0
1387719000 330 0 330 0
1387717200 330 0 330 0
1387715400 330 0 330 0
1387713600 330 0 330 0
1387711800 330 0 330 0
1387710000 330 0 330 0
1387708200 330 0 330 0
1387706400 330 0 330 0
1387704600 330 0 330 0
1387702800 330 0 330 0
1387701000 330 0 330 0
1387699200 330 0 330 0
1387697400 330 0 330 0
1387695600 330 0 330 0
1387693800 330 0 330 0
1387692000 330 0 330 0
1387690200 330 0 330 0
1387688400 330 0 330 0
1387686600 330 0 330 0
1387684800 330 0 330 0
1387683000 330 0 330 0
1387681200 330 0 330 0
1387679400 330 0 330 0
1387677600 330 0 330 0
1387675800 330 0 330 0
1387674000 330 0 330 0
1387672200 330 0 330 0
1387670400 330 0 330 0
1387668600 330 0 330 0
1387666800 330 0 330 0
1387665000 330 0 330 0
1387663200 330 0 330 0
1387661400 330 0 330 0
1387659600 330 0 330 0
1387657800 330 0 330 0
1387656000 330 0 330 0
1387654200 330 0 330 0
1387652400 330 0 330 0
1387650600 330 0 330 0
1387648800 330 0 330 0
1387647000 330 0 330 0
1387645200 330 0 330 0
1387643400 330 0 330 0
1387641600 330 0 330 0
1387639800 330 0 330 0
1387638000 330 0 330 0
1387636200 330 0 330 0
1387634400 330 0 330 0
1387632600 330 0 330 0
1387630800 330 0 330 0
1387629000 330 0 330 0
1387627200 330 0 330 0
1387625400 330 0 330 0
1387623600 330 0 330 0
1387621800 330 0 330 0
1387620000 330 0 330 0
1387618200 330 0 330 0
1387616400 330 0 330 0
1387614600 330 0 330 0
1387612800 330 0 330 0
1387611000 330 0 330 0
1387609200 330 0 330 0
1387607400 330 0 330 0
1387605600 330 0 330 0
1387603800 330 0 330 0
1387602000 330 0 330 0
1387600200 330 0 330 0
1387598400 330 0 330 0
1387596600 330 0 330 0
1387594800 330 0 330 0
1387593000 330 0 330 0
1387591200 330 0 330 0
1387589400 330 0 330 0
1387587600 330 0 330 0
1387585800 330 0 330 0
1387584000 330 0 330 0
1387582200 330 0 330 0
1387580400 330 0 330 0
1387578600 330 0 330 0
1387576800 330 0 330 0
1387575000 330 0 330 0
1387573200 330 0 330 0
1387571400 330 0 330 0
1387569600 330 0 330 0
1387567800 330 0 330 0
1387566000 330 0 330 0
1387564200 330 0 330 0
1387562400 330 0 330 0
1387560600 330 0 330 0
1387558800 330 0 330 0
1387557000 330 0 330 0
1387555200 330 0 330 0
1387553400 330 0 330 0
1387551600 330 0 330 0
1387549800 330 0 330 0
1387548000 330 0 330 0
1387546200 330 0 330 0
1387544400 330 0 330 0
1387542600 330 0 330 0
1387540800 330 0 330 0
1387539000 330 0 330 0
1387537200 330 0 330 0
1387535400 330 0 330 0
1387533600 330 0 330 0
1387531800 330 0 330 0
1387530000 330 0 330 0
1387528200 330 0 330 0
1387526400 330 0 330 0
1387524600 330 0 330 0
1387522800 330 0 330 0
1387521000 330 0 330 0
1387519200 330 0 330 0
1387517400 330 0 330 0
1387515600 330 0 330 0
1387513800 330 0 330 0
1387512000 330 0 330 0
1387510200 330 0 330 0
1387508400 330 0 330 0
1387506600 330 0 330 0
1387504800 330 0 330 0
1387503000 330 0 330 0
1387501200 330 0 330 0
1387499400 330 0 330 0
1387497600 330 0 330 0
1387495800 330 0 330 0
1387494000 330 0 330 0
1387492200 330 0 330 0
1387490400 330 0 330 0
1387488600 330 0 330 0
1387486800 330 0 330 0
1387485000 330 0 330 0
1387483200 330 0 330 0
1387481400 330 0 330 0
1387479600 330 0 330 0
1387477800 330 0 330 0
1387476000 330 0 330 0
1387474200 330 0 330 0
1387472400 330 0 330 0
1387470600 330 0 330 0
1387468800 330 0 330 0
1387467000 330 0 330 0
1387465200 330 0 330 0
1387463400 330 0 330 0
1387461600 330 0 330 0
1387459800 330 0 330 0
1387458000 330 0 330 0
1387456200 330 0 330 0
1387454400 330 0 330 0
1387452600 330 0 330 0
1387450800 330 0 330 0
1387449000 330 0 330 0
1387447200 330 0 330 0
1387445400 330 0 330 0
1387443600 330 0 330 0
1387441800 330 0 330 0
1387440000 330 0 330 0
1387438200 330 0 330 0
1387436400 330 0 330 0
1387434600 330 0 330 0
1387432800 330 0 330 0
1387431000 330 0 330 0
1387429200 330 0 330 0
1387427400 330 0 330 0
1387425600 330 0 330 0
1387423800 330 0 330 0
1387422000 330 0 330 0
1387420200 330 0 330 0
1387418400 330 0 330 0
1387416600 330 0 330 0
1387414800 330 0 330 0
1387413000 330 0 330 0
1387411200 330 0 330 0
1387409400 330 0 330 0
1387407600 330 0 330 0
1387405800 330 0 330 0
1387404000 330 0 330 0
1387402200 330 0 330 0
1387400400 330 0 330 0
1387398600 330 0 330 0
1387396800 330 0 330 0
1387395000 330 0 330 0
1387393200 330 0 330 0
1387391400 330 0 330 0
1387389600 330 0 330 0
1387387800 330 0 330 0
1387386000 330 0 330 0
1387384200 330 0 330 0
1387382400 330 0 330 0
1387380600 330 0 330 0
1387378800 330 0 330 0
1387377000 330 0 330 0
1387375200 330 0 330 0
1387373400 330 0 330 0
1387371600 330 0 330 0
1387369800 330 0 330 0
1387368000 330 0 330 0
1387366200 330 0 330 0
1387364400 330 0 330 0
1387362600 330 0 330 0
1387360800 330 0 330 0
1387359000 330 0 330 0
1387357200 330 0 330 0
1387355400 330 0 330 0
1387353600 330 0 330 0
1387351800 330 0 330 0
1387350000 330 0 330 0
1387348200 330 0 330 0
1387346400 330 0 330 0
1387344600 330 0 330 0
1387342800 330 0 330 0
1387341000 330 0 330 0
1387339200 330 0 330 0
1387337400 330 0 330 0
1387335600 330 0 330 0
1387333800 330 0 330 0
1387332000 330 0 330 0
1387330200 330 0 330 0
1387328400 330 0 330 0
1387326600 330 0 330 0
1387324800 330 0 330 0
1387323000 330 0 330 0
1387321200 330 0 330 0
1387319400 330 0 330 0
1387317600 330 0 330 0
1387315800 330 0 330 0
1387314000 330 0 330 0
1387312200 330 0 330 0
1387310400 330 0 330 0
1387308600 330 0 330 0
1387306800 330 0 330 0
1387305000 330 0 330 0
1387303200 330 0 330 0
1387301400 330 0 330 0
1387299600 330 0 330 0
1387297800 330 0 330 0
1387296000 330 0 330 0
1387294200 330 0 330 0
1387292400 330 0 330 0
1387290600 330 0 330 0
1387288800 330 0 330 0
1387287000 330 0 330 0
1387285200 330 0 330 0
1387283400 330 0 330 0
1387281600 330 0 330 0
1387279800 330 0 330 0
1387278000 330 0 330 0
1387276200 330 0 330 0
1387274400 330 0 330 0
1387272600 330 0 330 0
1387270800 330 0 330 0
1387269000 330 0 330 0
1387267200 330 0 330 0
1387265400 330 0 330 0
1387263600 330 0 330 0
1387261800 330 0 330 0
1387260000 330 0 330 0
1387258200 330 0 330 0
1387256400 330 0 330 0
1387254600 330 0 330 0
1387252800 330 0 330 0
1387251000 330 0 330 0
1387249200 330 0 330 0
1387247400 330 0 330 0
1387245600 330 0 330 0
1387243800 330 0 330 0
1387242000 330 0 330 0
1387240200 330 0 330 0
1387238400 330 0 330 0
1387236600 330 0 330 0
1387234800 330 0 330 0
1387233000 330 0 330 0
1387231200 330 0 330 0
1387229400 330 0 330 0
1387227600 330 0 330 0
1387225800 330 0 330 0
1387224000 330 0 330 0
1387222200 330 0 330 0
1387220400 330 0 330 0
1387218600 330 0 330 0
1387216800 330 0 330 0
1387215000 330 0 330 0
1387213200 330 0 330 0
1387211400 330 0 330 0
1387209600 330 0 330 0
1387207800 330 0 330 0
1387206000 330 0 330 0
1387204200 330 0 330 0
1387202400 330 0 330 0
1387200600 330 0 330 0
1387198800 330 0 330 0
1387197000 330 0 330 0
1387195200 330 0 330 0
1387193400 330 0 330 0
1387191600 330 0 330 0
1387189800 330 0 330 0
1387188000 330 0 330 0
1387186200 330 0 330 0
1387184400 330 0 330 0
1387182600 330 0 330 0
1387180800 330 0 330 0
1387179000 330 0 330 0
1387177200 330 0 330 0
1387175400 330 0 330 0
1387173600 330 0 330 0
1387171800 330 0 330 0
1387170000 330 0 330 0
1387168200 330 0 330 0
1387166400 330 0 330 0
1387164600 330 0 330 0
1387162800 330 0 330 0
1387161000 330 0 330 0
1387159200 330 0 330 0
1387157400 330 0 330 0
1387155600 330 0 330 0
1387153800 330 0 330 0
1387152000 330 0 330 0
1387150200 330 0 330 0
1387148400 330 0 330 0
1387146600 330 0 330 0
1387144800 330 0 330 0
1387143000 330 0 330 0
1387141200 330 0 330 0
1387139400 330 0 330 0
1387137600 330 0 330 0
1387135800 330 0 330 0
1387134000 330 0 330 0
1387132200 330 0 330 0
1387130400 330 0 330 0
1387128600 330 0 330 0
1387126800 330 0 330 0
1387125000 330 0 330 0
1387123200 330 0 330 0
1387121400 330 0 330 0
1387119600 330 0 330 0
1387117800 330 0 330 0
1387116000 330 0 330 0
1387114200 330 0 330 0
1387112400 330 0 330 0
1387110600 330 0 330 0
1387108800 330 0 330 0
1387107000 330 0 330 0
1387105200 330 0 330 0
1387103400 330 0 330 0
1387101600 330 0 330 0
1387099800 330 0 330 0
1387098000 330 0 330 0
1387096200 330 0 330 0
1387094400 330 0 330 0
1387092600 330 0 330 0
1387090800 330 0 330 0
1387089000 330 0 330 0
1387087200 330 0 330 0
1387085400 330 0 330 0
1387083600 330 0 330 0
1387081800 330 0 330 0
1387080000 330 0 330 0
1387078200 330 0 330 0
1387076400 330 0 330 0
1387074600 330 0 330 0
1387072800 330 0 330 0
1387071000 330 0 330 0
1387069200 330 0 330 0
1387067400 330 0 330 0
1387065600 330 0 330 0
1387063800 330 0 330 0
1387062000 330 0 330 0
1387060200 330 0 330 0
1387058400 330 0 330 0
1387056600 330 0 330 0
1387054800 330 0 330 0
1387053000 330 0 330 0
1387051200 330 0 330 0
1387049400 330 0 330 0
1387047600 330 0 330 0
1387045800 330 0 330 0
1387044000 330 0 330 0
1387042200 330 0 330 0
1387040400 330 0 330 0
1387038600 330 0 330 0
1387036800 330 0 330 0
1387035000 330 0 330 0
1387033200 330 0 330 0
1387031400 330 0 330 0
1387029600 330 0 330 0
1387027800 330 0 330 0
1387026000 330 0 330 0
1387024200 330 0 330 0
1387022400 330 0 330 0
1387020600 330 0 330 0
1387018800 330 0 330 0
1387017000 330 0 330 0
1387015200 330 0 330 0
1387013400 330 0 330 0
1387011600 330 0 330 0
1387009800 330 0 330 0
1387008000 330 0 330 0
1387006200 330 0 330 0
1387004400 330 0 330 0
1387002600 330 0 330 0
1387000800 330 0 330 0
1386999000 330 0 330 0
1386997200 330 0 330 0
1386995400 330 0 330 0
1386993600 330 0 330 0
1386991800 330 0 330 0
1386990000 330 0 330 0
1386988200 330 0 330 0
1386986400 330 0 330 0
1386984600 330 0 330 0
1386982800 330 0 330 0
1386981000 330 0 330 0
1386979200 330 0 330 0
1386977400 330 0 330 0
1386975600 330 0 330 0
1386973800 330 0 330 0
1386972000 330 0 330 0
1386970200 330 0 330 0
1386968400 330 0 330 0
1386966600 330 0 330 0
1386964800 330 0 330 0
1386963000 330 0 330 0
1386961200 330 0 330 0
1386959400 330 0 330 0
1386957600 330 0 330 0
1386955800 330 0 330 0
1386954000 330 0 330 0
1386952200 330 0 330 0
1386950400 330 0 330 0
1386948600 330 0 330 0
1386946800 330 0 330 0
1386945000 330 0 330 0
1386943200 330 0 330 0
1386941400 330 0 330 0
1386939600 330 0 330 0
1386937800 330 0 330 0
1386936000 330 0 330 0
1386934200 330 0 330 0
1386932400 330 0 330 0
1386930600 330 0 330 0
1386928800 330 0 330 0
1386927000 330 0 330 0
1386925200 330 0 330 0
1386923400 330 0 330 0
1386921600 330 0 330 0
1386919800 330 0 330 0
1386918000 330 0 330 0
1386916200 330 0 330 0
1386914400 330 0 330 0
1386912600 330 0 330 0
1386910800 330 0 330 0
1386909000 330 0 330 0
1386907200 330 0 330 0
1386905400 330 0 330 0
1386903600 330 0 330 0
1386901800 330 0 330 0
1386900000 330 0 330 0
1386898200 330 0 330 0
1386896400 330 0 330 0
1386894600 330 0 330 0
1386892800 330 0 330 0
1386891000 330 0 330 0
1386889200 330 0 330 0
1386887400 330 0 330 0
1386885600 330 0 330 0
1386883800 330 0 330 0
1386878400 330 0 330 0
1386871200 330 0 330 0
1386864000 330 0 330 0
1386856800 330 0 330 0
1386849600 330 0 330 0
1386842400 330 0 330 0
1386835200 330 0 330 0
1386828000 330 0 330 0
1386820800 330 0 330 0
1386813600 330 0 330 0
1386806400 330 0 330 0
1386799200 330 0 330 0
1386792000 330 0 330 0
1386784800 330 0 330 0
1386777600 330 0 330 0
1386770400 330 0 330 0
1386763200 330 0 330 0
1386756000 330 0 330 0
1386748800 330 0 330 0
1386741600 330 0 330 0
1386734400 330 0 330 0
1386727200 330 0 330 0
1386720000 330 0 330 0
1386712800 330 0 330 0
1386705600 330 0 330 0
1386698400 330 0 330 0
1386691200 330 0 330 0
1386684000 330 0 330 0
1386676800 330 0 330 0
1386669600 330 0 330 0
1386662400 330 0 330 0
1386655200 330 0 330 0
1386648000 330 0 330 0
1386640800 330 0 330 0
1386633600 330 0 330 0
1386626400 330 0 330 0
1386619200 330 0 330 0
1386612000 330 0 330 0
1386604800 330 0 330 0
1386597600 330 0 330 0
1386590400 330 0 330 0
1386583200 330 0 330 0
1386576000 330 0 330 0
1386568800 330 0 330 0
1386561600 330 0 330 0
1386554400 330 0 330 0
1386547200 330 0 330 0
1386540000 330 0 330 0
1386532800 330 0 330 0
1386525600 330 0 330 0
1386518400 330 0 330 0
1386511200 330 0 330 0
1386504000 330 0 330 0
1386496800 330 0 330 0
1386489600 330 0 330 0
1386482400 330 0 330 0
1386475200 330 0 330 0
1386468000 330 0 330 0
1386460800 330 0 330 0
1386453600 330 0 330 0
1386446400 330 0 330 0
1386439200 330 0 330 0
1386432000 330 0 330 0
1386424800 330 0 330 0
1386417600 330 0 330 0
1386410400 330 0 330 0
1386403200 330 0 330 0
1386396000 330 0 330 0
1386388800 330 0 330 0
1386381600 330 0 330 0
1386374400 330 0 330 0
1386367200 330 0 330 0
1386360000 330 0 330 0
1386352800 330 0 330 0
1386345600 330 0 330 0
1386338400 330 0 330 0
1386331200 330 0 330 0
1386324000 330 0 330 0
1386316800 330 0 330 0
1386309600 330 0 330 0
1386302400 330 0 330 0
1386295200 330 0 330 0
1386288000 330 0 330 0
1386280800 330 0 330 0
1386273600 330 0 330 0
1386266400 330 0 330 0
1386259200 330 0 330 0
1386252000 330 0 330 0
1386244800 330 0 330 0
1386237600 330 0 330 0
1386230400 330 0 330 0
1386223200 330 0 330 0
1386216000 330 0 330 0
1386208800 330 0 330 0
1386201600 330 0 330 0
1386194400 330 0 330 0
1386187200 330 0 330 0
1386180000 330 0 330 0
1386172800 330 0 330 0
1386165600 330 0 330 0
1386158400 330 0 330 0
1386151200 330 0 330 0
1386144000 330 0 330 0
1386136800 330 0 330 0
1386129600 330 0 330 0
1386122400 330 0 330 0
1386115200 330 0 330 0
1386108000 330 0 330 0
1386100800 330 0 330 0
1386093600 330 0 330 0
1386086400 330 0 330 0
1386079200 330 0 330 0
1386072000 330 0 330 0
1386064800 330 0 330 0
1386057600 330 0 330 0
1386050400 330 0 330 0
1386043200 330 0 330 0
1386036000 330 0 330 0
1386028800 330 0 330 0
1386021600 330 0 330 0
1386014400 330 0 330 0
1386007200 330 0 330 0
1386000000 330 0 330 0
1385992800 330 0 330 0
1385985600 330 0 330 0
1385978400 330 0 330 0
1385971200 330 0 330 0
1385964000 330 0 330 0
1385956800 330 0 330 0
1385949600 330 0 330 0
1385942400 330 0 330 0
1385935200 330 0 330 0
1385928000 330 0 330 0
1385920800 330 0 330 0
1385913600 330 0 330 0
1385906400 330 0 330 0
1385899200 330 0 330 0
1385892000 330 0 330 0
1385884800 330 0 330 0
1385877600 330 0 330 0
1385870400 330 0 330 0
1385863200 330 0 330 0
1385856000 330 0 330 0
1385848800 330 0 330 0
1385841600 330 0 330 0
1385834400 330 0 330 0
1385827200 330 0 330 0
1385820000 330 0 330 0
1385812800 330 0 330 0
1385805600 330 0 330 0
1385798400 330 0 330 0
1385791200 330 0 330 0
1385784000 330 0 330 0
1385776800 330 0 330 0
1385769600 330 0 330 0
1385762400 330 0 330 0
1385755200 330 0 330 0
1385748000 330 0 330 0
1385740800 330 0 330 0
1385733600 330 0 330 0
1385726400 330 0 330 0
1385719200 330 0 330 0
1385712000 330 0 330 0
1385704800 330 0 330 0
1385697600 330 0 330 0
1385690400 330 0 330 0
1385683200 330 0 330 0
1385676000 330 0 330 0
1385668800 330 0 330 0
1385661600 330 0 330 0
1385654400 330 0 330 0
1385647200 330 0 330 0
1385640000 330 0 330 0
1385632800 330 0 330 0
1385625600 330 0 330 0
1385618400 330 0 330 0
1385611200 330 0 330 0
1385604000 330 0 330 0
1385596800 330 0 330 0
1385589600 330 0 330 0
1385582400 330 0 330 0
1385575200 330 0 330 0
1385568000 330 0 330 0
1385560800 330 0 330 0
1385553600 330 0 330 0
1385546400 330 0 330 0
1385539200 330 0 330 0
1385532000 330 0 330 0
1385524800 330 0 330 0
1385517600 330 0 330 0
1385510400 330 0 330 0
1385503200 330 0 330 0
1385496000 330 0 330 0
1385488800 330 0 330 0
1385481600 330 0 330 0
1385474400 330 0 330 0
1385467200 330 0 330 0
1385460000 330 0 330 0
1385452800 330 0 330 0
1385445600 330 0 330 0
1385438400 330 0 330 0
1385431200 330 0 330 0
1385424000 330 0 330 0
1385416800 330 0 330 0
1385409600 330 0 330 0
1385402400 330 0 330 0
1385395200 330 0 330 0
1385388000 330 0 330 0
1385380800 330 0 330 0
1385373600 330 0 330 0
1385366400 330 0 330 0
1385359200 330 0 330 0
1385352000 330 0 330 0
1385344800 330 0 330 0
1385337600 330 0 330 0
1385330400 330 0 330 0
1385323200 330 0 330 0
1385316000 330 0 330 0
1385308800 330 0 330 0
1385301600 330 0 330 0
1385294400 330 0 330 0
1385287200 330 0 330 0
1385280000 330 0 330 0
1385272800 330 0 330 0
1385265600 330 0 330 0
1385258400 330 0 330 0
1385251200 330 0 330 0
1385244000 330 0 330 0
1385236800 330 0 330 0
1385229600 330 0 330 0
1385222400 330 0 330 0
1385215200 330 0 330 0
1385208000 330 0 330 0
1385200800 330 0 330 0
1385193600 330 0 330 0
1385186400 330 0 330 0
1385179200 330 0 330 0
1385172000 330 0 330 0
1385164800 330 0 330 0
1385157600 330 0 330 0
1385150400 330 0 330 0
1385143200 330 0 330 0
1385136000 330 0 330 0
1385128800 330 0 330 0
1385121600 330 0 330 0
1385114400 330 0 330 0
1385107200 330 0 330 0
1385100000 330 0 330 0
1385092800 330 0 330 0
1385085600 330 0 330 0
1385078400 330 0 330 0
1385071200 330 0 330 0
1385064000 330 0 330 0
1385056800 330 0 330 0
1385049600 330 0 330 0
1385042400 330 0 330 0
1385035200 330 0 330 0
1385028000 330 0 330 0
1385020800 330 0 330 0
1385013600 330 0 330 0
1385006400 330 0 330 0
1384999200 330 0 330 0
1384992000 330 0 330 0
1384984800 330 0 330 0
1384977600 330 0 330 0
1384970400 330 0 330 0
1384963200 330 0 330 0
1384956000 330 0 330 0
1384948800 330 0 330 0
1384941600 330 0 330 0
1384934400 330 0 330 0
1384927200 330 0 330 0
1384920000 330 0 330 0
1384912800 330 0 330 0
1384905600 330 0 330 0
1384898400 330 0 330 0
1384891200 330 0 330 0
1384884000 330 0 330 0
1384876800 330 0 330 0
1384869600 330 0 330 0
1384862400 330 0 330 0
1384855200 330 0 330 0
1384848000 330 0 330 0
1384840800 330 0 330 0
1384833600 330 0 330 0
1384826400 330 0 330 0
1384819200 330 0 330 0
1384812000 330 0 330 0
1384804800 330 0 330 0
1384797600 330 0 330 0
1384790400 330 0 330 0
1384783200 330 0 330 0
1384776000 330 0 330 0
1384768800 330 0 330 0
1384761600 330 0 330 0
1384754400 330 0 330 0
1384747200 330 0 330 0
1384740000 330 0 330 0
1384732800 330 0 330 0
1384725600 330 0 330 0
1384718400 330 0 330 0
1384711200 330 0 330 0
1384704000 330 0 330 0
1384696800 330 0 330 0
1384689600 330 0 330 0
1384682400 330 0 330 0
1384675200 330 0 330 0
1384668000 330 0 330 0
1384660800 330 0 330 0
1384653600 330 0 330 0
1384646400 330 0 330 0
1384639200 330 0 330 0
1384632000 330 0 330 0
1384624800 330 0 330 0
1384617600 330 0 330 0
1384610400 330 0 330 0
1384603200 330 0 330 0
1384596000 330 0 330 0
1384588800 330 0 330 0
1384581600 330 0 330 0
1384574400 330 0 330 0
1384567200 330 0 330 0
1384560000 330 0 330 0
1384552800 330 0 330 0
1384545600 330 0 330 0
1384538400 330 0 330 0
1384531200 330 0 330 0
1384524000 330 0 330 0
1384516800 330 0 330 0
1384509600 330 0 330 0
1384502400 330 0 330 0
1384495200 330 0 330 0
1384488000 330 0 330 0
1384480800 330 0 330 0
1384473600 330 0 330 0
1384466400 330 0 330 0
1384459200 330 0 330 0
1384452000 330 0 330 0
1384444800 330 0 330 0
1384437600 330 0 330 0
1384430400 330 0 330 0
1384423200 330 0 330 0
1384416000 330 0 330 0
1384408800 330 0 330 0
1384401600 330 0 330 0
1384394400 330 0 330 0
1384387200 330 0 330 0
1384380000 330 0 330 0
1384372800 330 0 330 0
1384365600 330 0 330 0
1384358400 330 0 330 0
1384351200 330 0 330 0
1384344000 330 0 330 0
1384336800 330 0 330 0
1384329600 330 0 330 0
1384322400 330 0 330 0
1384315200 330 0 330 0
1384308000 330 0 330 0
1384300800 330 0 330 0
1384293600 330 0 330 0
1384286400 330 0 330 0
1384279200 330 0 330 0
1384272000 330 0 330 0
1384264800 330 0 330 0
1384257600 330 0 330 0
1384250400 330 0 330 0
1384243200 330 0 330 0
1384236000 330 0 330 0
1384228800 330 0 330 0
1384221600 330 0 330 0
1384214400 330 0 330 0
1384207200 330 0 330 0
1384200000 330 0 330 0
1384192800 330 0 330 0
1384185600 330 0 330 0
1384178400 330 0 330 0
1384171200 330 0 330 0
1384164000 330 0 330 0
1384156800 330 0 330 0
1384149600 330 0 330 0
1384142400 330 0 330 0
1384135200 330 0 330 0
1384128000 330 0 330 0
1384120800 330 0 330 0
1384113600 330 0 330 0
1384106400 330 0 330 0
1384099200 330 0 330 0
1384092000 330 0 330 0
1384084800 330 0 330 0
1384077600 330 0 330 0
1384070400 330 0 330 0
1384063200 330 0 330 0
1384056000 330 0 330 0
1384048800 330 0 330 0
1384041600 330 0 330 0
1384034400 330 0 330 0
1384027200 330 0 330 0
1384020000 330 0 330 0
1384012800 330 0 330 0
1384005600 330 0 330 0
1383998400 330 0 330 0
1383991200 330 0 330 0
1383984000 330 0 330 0
1383976800 330 0 330 0
1383969600 330 0 330 0
1383962400 330 0 330 0
1383955200 330 0 330 0
1383948000 330 0 330 0
1383940800 330 0 330 0
1383933600 330 0 330 0
1383926400 330 0 330 0
1383919200 330 0 330 0
1383912000 330 0 330 0
1383904800 330 0 330 0
1383897600 330 0 330 0
1383890400 330 0 330 0
1383883200 330 0 330 0
1383876000 330 0 330 0
1383868800 330 0 330 0
1383861600 330 0 330 0
1383854400 330 0 330 0
1383847200 330 0 330 0
1383840000 330 0 330 0
1383832800 330 0 330 0
1383825600 330 0 330 0
1383818400 330 0 330 0
1383811200 330 0 330 0
1383804000 330 0 330 0
1383796800 330 0 330 0
1383789600 330 0 330 0
1383782400 330 0 330 0
1383775200 330 0 330 0
1383768000 330 0 330 0
1383760800 330 0 330 0
1383753600 330 0 330 0
1383746400 330 0 330 0
1383739200 330 0 330 0
1383732000 330 0 330 0
1383724800 330 0 330 0
1383717600 330 0 330 0
1383710400 330 0 330 0
1383703200 330 0 330 0
1383696000 330 0 330 0
1383688800 330 0 330 0
1383681600 330 0 330 0
1383674400 330 0 330 0
1383667200 330 0 330 0
1383660000 330 0 330 0
1383652800 330 0 330 0
1383645600 330 0 330 0
1383638400 330 0 330 0
1383631200 330 0 330 0
1383624000 330 0 330 0
1383616800 330 0 330 0
1383609600 330 0 330 0
1383602400 330 0 330 0
1383595200 330 0 330 0
1383588000 330 0 330 0
1383580800 330 0 330 0
1383573600 330 0 330 0
1383566400 330 0 330 0
1383559200 330 0 330 0
1383552000 330 0 330 0
1383544800 330 0 330 0
1383537600 330 0 330 0
1383530400 330 0 330 0
1383523200 330 0 330 0
1383516000 330 0 330 0
1383508800 330 0 330 0
1383501600 330 0 330 0
1383494400 330 0 330 0
1383487200 330 0 330 0
1383480000 330 0 330 0
1383472800 330 0 330 0
1383465600 330 0 330 0
1383458400 330 0 330 0
1383451200 330 0 330 0
1383444000 330 0 330 0
1383436800 330 0 330 0
1383429600 330 0 330 0
1383422400 330 0 330 0
1383415200 330 0 330 0
1383408000 330 0 330 0
1383400800 330 0 330 0
1383393600 330 0 330 0
1383386400 330 0 330 0
1383379200 330 0 330 0
1383372000 330 0 330 0
1383364800 330 0 330 0
1383357600 330 0 330 0
1383350400 330 0 330 0
1383343200 330 0 330 0
1383336000 330 0 330 0
1383328800 330 0 330 0
1383321600 330 0 330 0
1383314400 330 0 330 0
1383307200 330 0 330 0
1383300000 330 0 330 0
1383292800 330 0 330 0
1383285600 330 0 330 0
1383278400 330 0 330 0
1383271200 330 0 330 0
1383264000 330 0 330 0
1383256800 330 0 330 0
1383249600 330 0 330 0
1383242400 330 0 330 0
1383235200 330 0 330 0
1383228000 330 0 330 0
1383220800 330 0 330 0
1383213600 330 0 330 0
1383206400 330 0 330 0
1383199200 330 0 330 0
1383192000 330 0 330 0
1383184800 330 0 330 0
1383177600 330 0 330 0
1383170400 330 0 330 0
1383163200 330 0 330 0
1383156000 330 0 330 0
1383148800 330 0 330 0
1383141600 330 0 330 0
1383134400 330 0 330 0
1383127200 330 0 330 0
1383120000 330 0 330 0
1383112800 330 0 330 0
1383105600 330 0 330 0
1383098400 330 0 330 0
1383091200 330 0 330 0
1383084000 330 0 330 0
1383076800 330 0 330 0
1383069600 330 0 330 0
1383062400 330 0 330 0
1383055200 330 0 330 0
1383048000 330 0 330 0
1383040800 330 0 330 0
1383033600 330 0 330 0
1383026400 330 0 330 0
1383019200 330 0 330 0
1383012000 330 0 330 0
1383004800 330 0 330 0
1382997600 330 0 330 0
1382990400 330 0 330 0
1382983200 330 0 330 0
1382976000 330 0 330 0
1382968800 330 0 330 0
1382961600 330 0 330 0
1382954400 330 0 330 0
1382947200 330 0 330 0
1382940000 330 0 330 0
1382932800 330 0 330 0
1382925600 330 0 330 0
1382918400 330 0 330 0
1382911200 330 0 330 0
1382904000 330 0 330 0
1382896800 330 0 330 0
1382889600 330 0 330 0
1382882400 330 0 330 0
1382875200 330 0 330 0
1382868000 330 0 330 0
1382860800 330 0 330 0
1382853600 330 0 330 0
1382846400 330 0 330 0
1382839200 330 0 330 0
1382832000 330 0 330 0
1382824800 330 0 330 0
1382817600 330 0 330 0
1382810400 330 0 330 0
1382803200 330 0 330 0
1382796000 330 0 330 0
1382788800 330 0 330 0
1382781600 330 0 330 0
1382774400 330 0 330 0
1382767200 330 0 330 0
1382760000 330 0 330 0
1382752800 330 0 330 0
1382745600 330 0 330 0
1382738400 330 0 330 0
1382731200 330 0 330 0
1382724000 330 0 330 0
1382716800 330 0 330 0
1382709600 330 0 330 0
1382702400 330 0 330 0
1382695200 330 0 330 0
1382688000 330 0 330 0
1382680800 330 0 330 0
1382673600 330 0 330 0
1382666400 330 0 330 0
1382659200 330 0 330 0
1382652000 330 0 330 0
1382644800 330 0 330 0
1382637600 330 0 330 0
1382630400 330 0 330 0
1382623200 330 0 330 0
1382616000 330 0 330 0
1382608800 330 0 330 0
1382601600 330 0 330 0
1382594400 330 0 330 0
1382587200 330 0 330 0
1382580000 330 0 330 0
1382572800 330 0 330 0
1382565600 330 0 330 0
1382558400 330 0 330 0
1382486400 330 0 330 0
1382400000 330 0 330 0
1382313600 330 0 330 0
1382227200 330 0 330 0
1382140800 330 0 330 0
1382054400 330 0 330 0
1381968000 330 0 330 0
1381881600 330 0 330 0
1381795200 330 0 330 0
1381708800 330 0 330 0
1381622400 330 0 330 0
1381536000 330 0 330 0
1381449600 330 0 330 0
1381363200 330 0 330 0
1381276800 330 0 330 0
1381190400 330 0 330 0
1381104000 330 0 330 0
1381017600 330 0 330 0
1380931200 330 0 330 0
1380844800 330 0 330 0
1380758400 330 0 330 0
1380672000 330 0 330 0
1380585600 330 0 330 0
1380499200 330 0 330 0
1380412800 330 0 330 0
1380326400 330 0 330 0
1380240000 330 0 330 0
1380153600 330 0 330 0
1380067200 330 0 330 0
1379980800 330 0 330 0
1379894400 330 0 330 0
1379808000 330 0 330 0
1379721600 330 0 330 0
1379635200 330 0 330 0
1379548800 330 0 330 0
1379462400 330 0 330 0
1379376000 330 0 330 0
1379289600 330 0 330 0
1379203200 330 0 330 0
1379116800 330 0 330 0
1379030400 330 0 330 0
1378944000 330 0 330 0
1378857600 330 0 330 0
1378771200 330 0 330 0
1378684800 330 0 330 0
1378598400 330 0 330 0
1378512000 330 0 330 0
1378425600 330 0 330 0
1378339200 330 0 330 0
1378252800 330 0 330 0
1378166400 330 0 330 0
1378080000 330 0 330 0
1377993600 330 0 330 0
1377907200 330 0 330 0
1377820800 330 0 330 0
1377734400 330 0 330 0
1377648000 330 0 330 0
1377561600 330 0 330 0
1377475200 330 0 330 0
1377388800 330 0 330 0
1377302400 330 0 330 0
1377216000 330 0 330 0
1377129600 330 0 330 0
1377043200 330 0 330 0
1376956800 330 0 330 0
1376870400 330 0 330 0
1376784000 330 0 330 0
1376697600 330 0 330 0
1376611200 330 0 330 0
1376524800 330 0 330 0
1376438400 330 0 330 0
1376352000 330 0 330 0
1376265600 330 0 330 0
1376179200 330 0 330 0
1376092800 330 0 330 0
1376006400 330 0 330 0
1375920000 330 0 330 0
1375833600 330 0 330 0
1375747200 330 0 330 0
1375660800 330 0 330 0
1375574400 330 0 330 0
1375488000 330 0 330 0
1375401600 330 0 330 0
1375315200 330 0 330 0
1375228800 330 0 330 0
1375142400 330 0 330 0
1375056000 330 0 330 0
1374969600 330 0 330 0
1374883200 330 0 330 0
1374796800 330 0 330 0
1374710400 330 0 330 0
1374624000 330 0 330 0
1374537600 330 0 330 0
1374451200 330 0 330 0
1374364800 330 0 330 0
1374278400 330 0 330 0
1374192000 330 0 330 0
1374105600 330 0 330 0
1374019200 330 0 330 0
1373932800 330 0 330 0
1373846400 330 0 330 0
1373760000 330 0 330 0
1373673600 330 0 330 0
1373587200 330 0 330 0
1373500800 330 0 330 0
1373414400 330 0 330 0
1373328000 330 0 330 0
1373241600 330 0 330 0
1373155200 330 0 330 0
1373068800 330 0 330 0
1372982400 330 0 330 0
1372896000 330 0 330 0
1372809600 330 0 330 0
1372723200 330 0 330 0
1372636800 330 0 330 0
1372550400 330 0 330 0
1372464000 330 0 330 0
1372377600 330 0 330 0
1372291200 330 0 330 0
1372204800 330 0 330 0
1372118400 330 0 330 0
1372032000 330 0 330 0
1371945600 330 0 330 0
1371859200 330 0 330 0
1371772800 330 0 330 0
1371686400 330 0 330 0
1371600000 330 0 330 0
1371513600 330 0 330 0
1371427200 330 0 330 0
1371340800 330 0 330 0
1371254400 330 0 330 0
1371168000 330 0 330 0
1371081600 330 0 330 0
1370995200 330 0 330 0
1370908800 330 0 330 0
1370822400 330 0 330 0
1370736000 330 0 330 0
1370649600 330 0 330 0
1370563200 330 0 330 0
1370476800 330 0 330 0
1370390400 330 0 330 0
1370304000 330 0 330 0
1370217600 330 0 330 0
1370131200 330 0 330 0
1370044800 330 0 330 0
1369958400 330 0 330 0
1369872000 330 0 330 0
1369785600 330 0 330 0
1369699200 330 0 330 0
1369612800 330 0 330 0
1369526400 330 0 330 0
1369440000 330 0 330 0
1369353600 330 0 330 0
1369267200 330 0 330 0
1369180800 330 0 330 0
1369094400 330 0 330 0
1369008000 330 0 330 0
1368921600 330 0 330 0
1368835200 330 0 330 0
1368748800 330 0 330 0
1368662400 330 0 330 0
1368576000 330 0 330 0
1368489600 330 0 330 0
1368403200 330 0 330 0
1368316800 330 0 330 0
1368230400 330 0 330 0
1368144000 330 0 330 0
1368057600 330 0 330 0
1367971200 330 0 330 0
1367884800 330 0 330 0
1367798400 330 0 330 0
1367712000 330 0 330 0
1367625600 330 0 330 0
1367539200 330 0 330 0
1367452800 330 0 330 0
1367366400 330 0 330 0
1367280000 330 0 330 0
1367193600 330 0 330 0
1367107200 330 0 330 0
1367020800 330 0 330 0
1366934400 330 0 330 0
1366848000 330 0 330 0
1366761600 330 0 330 0
1366675200 330 0 330 0
1366588800 330 0 330 0
1366502400 330 0 330 0
1366416000 330 0 330 0
1366329600 330 0 330 0
1366243200 330 0 330 0
1366156800 330 0 330 0
1366070400 330 0 330 0
1365984000 330 0 330 0
1365897600 330 0 330 0
1365811200 330 0 330 0
1365724800 330 0 330 0
1365638400 330 0 330 0
1365552000 330 0 330 0
1365465600 330 0 330 0
1365379200 330 0 330 0
1365292800 330 0 330 0
1365206400 330 0 330 0
1365120000 330 0 330 0
1365033600 330 0 330 0
1364947200 330 0 330 0
1364860800 330 0 330 0
1364774400 330 0 330 0
1364688000 330 0 330 0
1364601600 330 0 330 0
1364515200 330 0 330 0
1364428800 330 0 330 0
1364342400 330 0 330 0
1364256000 330 0 330 0
1364169600 330 0 330 0
1364083200 330 0 330 0
1363996800 330 0 330 0
1363910400 330 0 330 0
1363824000 330 0 330 0
1363737600 330 0 330 0
1363651200 330 0 330 0
1363564800 330 0 330 0
1363478400 330 0 330 0
1363392000 330 0 330 0
1363305600 330 0 330 0
1363219200 330 0 330 0
1363132800 330 0 330 0
1363046400 330 0 330 0
1362960000 330 0 330 0
1362873600 330 0 330 0
1362787200 330 0 330 0
1362700800 330 0 330 0
1362614400 330 0 330 0
1362528000 330 0 330 0
1362441600 330 0 330 0
1362355200 330 0 330 0
1362268800 330 0 330 0
1362182400 330 0 330 0
1362096000 330 0 330 0
1362009600 330 0 330 0
1361923200 330 0 330 0
1361836800 330 0 330 0
1361750400 330 0 330 0
1361664000 330 0 330 0
1361577600 330 0 330 0
1361491200 330 0 330 0
1361404800 330 0 330 0
1361318400 330 0 330 0
1361232000 330 0 330 0
1361145600 330 0 330 0
1361059200 330 0 330 0
1360972800 330 0 330 0
1360886400 330 0 330 0
1360800000 330 0 330 0
1360713600 330 0 330 0
1360627200 330 0 330 0
1360540800 330 0 330 0
1360454400 330 0 330 0
1360368000 330 0 330 0
1360281600 330 0 330 0
1360195200 330 0 330 0
1360108800 330 0 330 0
1360022400 330 0 330 0
1359936000 330 0 330 0
1359849600 330 0 330 0
1359763200 330 0 330 0
1359676800 330 0 330 0
1359590400 330 0 330 0
1359504000 330 0 330 0
1359417600 330 0 330 0
1359331200 330 0 330 0
1359244800 330 0 330 0
1359158400 330 0 330 0
1359072000 330 0 330 0
1358985600 330 0 330 0
1358899200 330 0 330 0
1358812800 330 0 330 0
1358726400 330 0 330 0
1358640000 330 0 330 0
1358553600 330 0 330 0
1358467200 330 0 330 0
1358380800 330 0 330 0
1358294400 330 0 330 0
1358208000 330 0 330 0
1358121600 330 0 330 0
1358035200 330 0 330 0
1357948800 330 0 330 0
1357862400 330 0 330 0
1357776000 330 0 330 0
1357689600 330 0 330 0
1357603200 330 0 330 0
1357516800 330 0 330 0
1357430400 330 0 330 0
1357344000 330 0 330 0
1357257600 330 0 330 0
1357171200 330 0 330 0
1357084800 330 0 330 0
1356998400 330 0 330 0
1356912000 330 0 330 0
1356825600 330 0 330 0
1356739200 330 0 330 0
1356652800 330 0 330 0
1356566400 330 0 330 0
1356480000 330 0 330 0
1356393600 330 0 330 0
1356307200 330 0 330 0
1356220800 330 0 330 0
1356134400 330 0 330 0
1356048000 330 0 330 0
1355961600 330 0 330 0
1355875200 330 0 330 0
1355788800 330 0 330 0
1355702400 330 0 330 0
1355616000 330 0 330 0
1355529600 330 0 330 0
1355443200 330 0 330 0
1355356800 330 0 330 0
1355270400 330 0 330 0
1355184000 330 0 330 0
1355097600 330 0 330 0
1355011200 330 0 330 0
1354924800 330 0 330 0
1354838400 330 0 330 0
1354752000 330 0 330 0
1354665600 330 0 330 0
1354579200 330 0 330 0
1354492800 330 0 330 0
1354406400 330 0 330 0
1354320000 330 0 330 0
1354233600 330 0 330 0
1354147200 330 0 330 0
1354060800 330 0 330 0
1353974400 330 0 330 0
1353888000 330 0 330 0
1353801600 330 0 330 0
1353715200 330 0 330 0
1353628800 330 0 330 0
1353542400 330 0 330 0
1353456000 330 0 330 0
1353369600 330 0 330 0
1353283200 330 0 330 0
1353196800 330 0 330 0
1353110400 330 0 330 0
1353024000 330 0 330 0
1352937600 330 0 330 0
1352851200 330 0 330 0
1352764800 330 0 330 0
1352678400 330 0 330 0
1352592000 330 0 330 0
1352505600 330 0 330 0
1352419200 330 0 330 0
1352332800 330 0 330 0
1352246400 330 0 330 0
1352160000 330 0 330 0
1352073600 330 0 330 0
1351987200 330 0 330 0
1351900800 330 0 330 0
1351814400 330 0 330 0
1351728000 330 0 330 0
1351641600 330 0 330 0
1351555200 330 0 330 0
1351468800 330 0 330 0
1351382400 330 0 330 0
1351296000 330 0 330 0
1351209600 330 0 330 0
1351123200 330 0 330 0
1351036800 330 0 330 0
1350950400 330 0 330 0
1350864000 330 0 330 0
1350777600 330 0 330 0
1350691200 330 0 330 0
1350604800 330 0 330 0
1350518400 330 0 330 0
1350432000 330 0 330 0
1350345600 330 0 330 0
1350259200 330 0 330 0
1350172800 330 0 330 0
1350086400 330 0 330 0
1350000000 330 0 330 0
1349913600 330 0 330 0
1349827200 330 0 330 0
1349740800 330 0 330 0
1349654400 330 0 330 0
1349568000 330 0 330 0
1349481600 330 0 330 0
1349395200 330 0 330 0
1349308800 330 0 330 0
1349222400 330 0 330 0
1349136000 330 0 330 0
1349049600 330 0 330 0
1348963200 330 0 330 0
1348876800 330 0 330 0
1348790400 330 0 330 0
1348704000 330 0 330 0
1348617600 330 0 330 0
1348531200 330 0 330 0
1348444800 330 0 330 0
1348358400 330 0 330 0
1348272000 330 0 330 0
1348185600 330 0 330 0
1348099200 330 0 330 0
1348012800 330 0 330 0
1347926400 330 0 330 0
1347840000 330 0 330 0
1347753600 330 0 330 0
1347667200 330 0 330 0
1347580800 330 0 330 0
1347494400 330 0 330 0
1347408000 330 0 330 0
1347321600 330 0 330 0
1347235200 330 0 330 0
1347148800 330 0 330 0
1347062400 330 0 330 0
1346976000 330 0 330 0
1346889600 330 0 330 0
1346803200 330 0 330 0
1346716800 330 0 330 0
1346630400 330 0 330 0
1346544000 330 0 330 0
1346457600 330 0 330 0
1346371200 330 0 330 0
1346284800 330 0 330 0
1346198400 330 0 330 0
1346112000 330 0 330 0
1346025600 330 0 330 0
1345939200 330 0 330 0
1345852800 330 0 330 0
1345766400 330 0 330 0
1345680000 330 0 330 0
1345593600 330 0 330 0
1345507200 330 0 330 0
1345420800 330 0 330 0
1345334400 330 0 330 0
1345248000 328 0 335 0
1345161600 326 0 326 0
1345075200 326 0 326 0
1344988800 278 0 326 0
1344902400 0 0 0 0
1344816000 0 0 0 0
1344729600 0 0 0 0
1344643200 0 0 0 0
1344556800 0 0 0 0
1344470400 0 0 0 0
1344384000 0 0 0 0
1344297600 0 0 0 0
1344211200 0 0 0 0
1344124800 0 0 0 0
1344038400 0 0 0 0
1343952000 0 0 0 0
1343865600 0 0 0 0
1343779200 0 0 0 0
1343692800 0 0 0 0
1343606400 0 0 0 0
1343520000 0 0 0 0
1343433600 0 0 0 0
1343347200 0 0 0 0
1343260800 0 0 0 0
1343174400 0 0 0 0
1343088000 0 0 0 0
1343001600 0 0 0 0
1342915200 0 0 0 0
1342828800 0 0 0 0
1342742400 0 0 0 0
1342656000 0 0 0 0
1342569600 0 0 0 0
1342483200 0 0 0 0
1342396800 0 0 0 0
1342310400 0 0 0 0
1342224000 0 0 0 0
1342137600 0 0 0 0
1342051200 0 0 0 0
1341964800 0 0 0 0
1341878400 0 0 0 0
1341792000 0 0 0 0
1341705600 0 0 0 0
1341619200 0 0 0 0
1341532800 0 0 0 0
1341446400 0 0 0 0
1341360000 0 0 0 0
1341273600 0 0 0 0
1341187200 0 0 0 0
1341100800 0 0 0 0
1341014400 0 0 0 0
1340928000 0 0 0 0
1340841600 0 0 0 0
1340755200 0 0 0 0
1340668800 0 0 0 0
1340582400 0 0 0 0
1340496000 0 0 0 0
1340409600 0 0 0 0
1340323200 0 0 0 0
1340236800 0 0 0 0
1340150400 0 0 0 0
1340064000 0 0 0 0
1339977600 0 0 0 0
1339891200 0 0 0 0
1339804800 0 0 0 0
1339718400 0 0 0 0
1339632000 0 0 0 0
1339545600 0 0 0 0
1339459200 0 0 0 0
1339372800 0 0 0 0
1339286400 0 0 0 0
1339200000 0 0 0 0
1339113600 0 0 0 0
1339027200 0 0 0 0
1338940800 0 0 0 0
1338854400 0 0 0 0
1338768000 0 0 0 0
1338681600 0 0 0 0
1338595200 0 0 0 0
1338508800 0 0 0 0
1338422400 0 0 0 0
1338336000 0 0 0 0
1338249600 0 0 0 0
1338163200 0 0 0 0
1338076800 0 0 0 0
1337990400 0 0 0 0
1337904000 0 0 0 0
1337817600 0 0 0 0
1337731200 0 0 0 0
1337644800 0 0 0 0
1337558400 0 0 0 0
1337472000 0 0 0 0
1337385600 0 0 0 0
1337299200 0 0 0 0
1337212800 0 0 0 0
1337126400 0 0 0 0
1337040000 0 0 0 0
1336953600 0 0 0 0
1336867200 0 0 0 0
1336780800 0 0 0 0
1336694400 0 0 0 0
1336608000 0 0 0 0
1336521600 0 0 0 0
1336435200 0 0 0 0
1336348800 0 0 0 0
1336262400 0 0 0 0
1336176000 0 0 0 0
1336089600 0 0 0 0
1336003200 0 0 0 0
1335916800 0 0 0 0
1335830400 0 0 0 0
1335744000 0 0 0 0
1335657600 0 0 0 0
1335571200 0 0 0 0
1335484800 0 0 0 0
1335398400 0 0 0 0
1335312000 0 0 0 0
1335225600 0 0 0 0
1335139200 0 0 0 0
1335052800 0 0 0 0
1334966400 0 0 0 0
1334880000 0 0 0 0
1334793600 0 0 0 0
1334707200 0 0 0 0
1334620800 0 0 0 0
1334534400 0 0 0 0
1334448000 0 0 0 0
1334361600 0 0 0 0
1334275200 0 0 0 0
1334188800 0 0 0 0
1334102400 0 0 0 0
1334016000 0 0 0 0
1333929600 0 0 0 0
1333843200 0 0 0 0
1333756800 0 0 0 0
1333670400 0 0 0 0
1333584000 0 0 0 0
1333497600 0 0 0 0
1333411200 0 0 0 0
1333324800 0 0 0 0
1333238400 0 0 0 0
1333152000 0 0 0 0
1333065600 0 0 0 0
1332979200 0 0 0 0
1332892800 0 0 0 0
1332806400 0 0 0 0
1332720000 0 0 0 0
1332633600 0 0 0 0
1332547200 0 0 0 0
1332460800 0 0 0 0
1332374400 0 0 0 0
1332288000 0 0 0 0
1332201600 0 0 0 0
1332115200 0 0 0 0
1332028800 0 0 0 0
1331942400 0 0 0 0
1331856000 0 0 0 0
1331769600 0 0 0 0
1331683200 0 0 0 0
1331596800 0 0 0 0
1331510400 0 0 0 0
1331424000 0 0 0 0
1331337600 0 0 0 0
1331251200 0 0 0 0
1331164800 0 0 0 0
1331078400 0 0 0 0
1330992000 0 0 0 0
1330905600 0 0 0 0
1330819200 0 0 0 0
1330732800 0 0 0 0
1330646400 0 0 0 0
1330560000 0 0 0 0
1330473600 0 0 0 0
1330387200 0 0 0 0
1330300800 0 0 0 0
1330214400 0 0 0 0
1330128000 0 0 0 0
1330041600 0 0 0 0
1329955200 0 0 0 0
1329868800 0 0 0 0
1329782400 0 0 0 0
1329696000 0 0 0 0
1329609600 0 0 0 0
1329523200 0 0 0 0
1329436800 0 0 0 0
1329350400 0 0 0 0
1329264000 0 0 0 0
1329177600 0 0 0 0
1329091200 0 0 0 0
1329004800 0 0 0 0
1328918400 0 0 0 0
1328832000 0 0 0 0
1328745600 0 0 0 0
1328659200 0 0 0 0
1328572800 0 0 0 0
1328486400 0 0 0 0
1328400000 0 0 0 0
1328313600 0 0 0 0
1328227200 0 0 0 0
1328140800 0 0 0 0
1328054400 0 0 0 0
1327968000 0 0 0 0
1327881600 0 0 0 0
1327795200 0 0 0 0
1327708800 0 0 0 0
1327622400 0 0 0 0
1327536000 0 0 0 0
1327449600 0 0 0 0
1327363200 0 0 0 0
1327276800 0 0 0 0
1327190400 0 0 0 0
1327104000 0 0 0 0
1327017600 0 0 0 0
1326931200 0 0 0 0
1326844800 0 0 0 0
1326758400 0 0 0 0
1326672000 0 0 0 0
1326585600 0 0 0 0
1326499200 0 0 0 0
1326412800 0 0 0 0
1326326400 0 0 0 0
1326240000 0 0 0 0
1326153600 0 0 0 0
1326067200 0 0 0 0
1325980800 0 0 0 0
1325894400 0 0 0 0
1325808000 0 0 0 0
1325721600 0 0 0 0
1325635200 0 0 0 0
1325548800 0 0 0 0
1325462400 0 0 0 0
1325376000 0 0 0 0
1325289600 0 0 0 0
1325203200 0 0 0 0
1325116800 0 0 0 0
1325030400 0 0 0 0
1324944000 0 0 0 0
1324857600 0 0 0 0
1324771200 0 0 0 0
1324684800 0 0 0 0
1324598400 0 0 0 0
1324512000 0 0 0 0
1324425600 0 0 0 0
1324339200 0 0 0 0
1324252800 0 0 0 0
1324166400 0 0 0 0
1324080000 0 0 0 0
1323993600 0 0 0 0
1323907200 0 0 0 0
1323820800 0 0 0 0
1323734400 0 0 0 0
1323648000 0 0 0 0
1323561600 0 0 0 0
1323475200 0 0 0 0
1323388800 0 0 0 0
1323302400 0 0 0 0
1323216000 0 0 0 0
1323129600 0 0 0 0
1323043200 0 0 0 0
1322956800 0 0 0 0
1322870400 0 0 0 0
1322784000 0 0 0 0
1322697600 0 0 0 0
1322611200 0 0 0 0
1322524800 0 0 0 0
1322438400 0 0 0 0
1322352000 0 0 0 0
1322265600 0 0 0 0
1322179200 0 0 0 0
1322092800 0 0 0 0
1322006400 0 0 0 0
1321920000 0 0 0 0
1321833600 0 0 0 0
1321747200 0 0 0 0
1321660800 0 0 0 0
1321574400 0 0 0 0
1321488000 0 0 0 0
1321401600 0 0 0 0
1321315200 0 0 0 0
1321228800 0 0 0 0
1321142400 0 0 0 0
1321056000 0 0 0 0
1320969600 0 0 0 0
1320883200 0 0 0 0
1320796800 0 0 0 0
1320710400 0 0 0 0
1320624000 0 0 0 0
1320537600 0 0 0 0
1320451200 0 0 0 0
1320364800 0 0 0 0
1320278400 0 0 0 0
1320192000 0 0 0 0
1320105600 0 0 0 0
1320019200 0 0 0 0
1319932800 0 0 0 0
1319846400 0 0 0 0
1319760000 0 0 0 0
1319673600 0 0 0 0
1319587200 0 0 0 0
1319500800 0 0 0 0
1319414400 0 0 0 0
1319328000 0 0 0 0
