99.03.14 12:47 B f:\mirror1\d\city\npc\aqingsao.c --> www1.yn.cninfo.net /mudcctx/mudlib/d/city/npc aqingsao.c
99.03.14 12:47 B f:\mirror1\d\city\npc\baibian.c --> www1.yn.cninfo.net /mudcctx/mudlib/d/city/npc baibian.c
99.03.14 12:47 B f:\mirror1\d\city\npc\biaotou.c --> www1.yn.cninfo.net /mudcctx/mudlib/d/city/npc biaotou.c
99.03.14 12:47 B f:\mirror1\d\city\npc\bing.c --> www1.yn.cninfo.net /mudcctx/mudlib/d/city/npc bing.c
99.03.14 12:47 B f:\mirror1\d\city\npc\cheng.c --> www1.yn.cninfo.net /mudcctx/mudlib/d/city/npc cheng.c
99.03.14 12:47 B f:\mirror1\d\city\npc\chuanfu1.c --> www1.yn.cninfo.net /mudcctx/mudlib/d/city/npc chuanfu1.c
99.03.14 12:47 B f:\mirror1\d\city\npc\chuanfu2.c --> www1.yn.cninfo.net /mudcctx/mudlib/d/city/npc chuanfu2.c
99.03.14 12:47 B f:\mirror1\d\city\npc\cui.c --> www1.yn.cninfo.net /mudcctx/mudlib/d/city/npc cui.c
99.03.14 12:47 B f:\mirror1\d\city\npc\guanjia.c --> www1.yn.cninfo.net /mudcctx/mudlib/d/city/npc guanjia.c
99.03.14 12:47 B f:\mirror1\d\city\npc\guidao.c --> www1.yn.cninfo.net /mudcctx/mudlib/d/city/npc guidao.c
99.03.14 12:47 B f:\mirror1\d\city\npc\hongniang.c --> www1.yn.cninfo.net /mudcctx/mudlib/d/city/npc hongniang.c
99.03.14 12:47 B f:\mirror1\d\city\npc\huoji.c --> www1.yn.cninfo.net /mudcctx/mudlib/d/city/npc huoji.c
99.03.14 12:47 B f:\mirror1\d\city\npc\huoji2.c --> www1.yn.cninfo.net /mudcctx/mudlib/d/city/npc huoji2.c
99.03.14 12:47 B f:\mirror1\d\city\npc\jiading.c --> www1.yn.cninfo.net /mudcctx/mudlib/d/city/npc jiading.c
99.03.14 12:47 B f:\mirror1\d\city\npc\linpingzhi.c --> www1.yn.cninfo.net /mudcctx/mudlib/d/city/npc linpingzhi.c
99.03.14 12:47 B f:\mirror1\d\city\npc\linzhennan.c --> www1.yn.cninfo.net /mudcctx/mudlib/d/city/npc linzhennan.c
99.03.14 12:47 B f:\mirror1\d\city\npc\liumang.c --> www1.yn.cninfo.net /mudcctx/mudlib/d/city/npc liumang.c
99.03.14 12:47 B f:\mirror1\d\city\npc\liumangtou.c --> www1.yn.cninfo.net /mudcctx/mudlib/d/city/npc liumangtou.c
99.03.14 12:47 B f:\mirror1\d\city\npc\old-qian.c --> www1.yn.cninfo.net /mudcctx/mudlib/d/city/npc old-qian.c
99.03.14 12:47 B f:\mirror1\d\city\npc\ping.c --> www1.yn.cninfo.net /mudcctx/mudlib/d/city/npc ping.c
99.03.14 12:47 B f:\mirror1\d\city\npc\player.c --> www1.yn.cninfo.net /mudcctx/mudlib/d/city/npc player.c
99.03.14 12:47 B f:\mirror1\d\city\npc\qian.c --> www1.yn.cninfo.net /mudcctx/mudlib/d/city/npc qian.c
99.03.14 12:47 B f:\mirror1\d\city\npc\qigai.c --> www1.yn.cninfo.net /mudcctx/mudlib/d/city/npc qigai.c
99.03.14 12:47 B f:\mirror1\d\city\npc\shi.c --> www1.yn.cninfo.net /mudcctx/mudlib/d/city/npc shi.c
99.03.14 12:47 B f:\mirror1\d\city\npc\shiye.c --> www1.yn.cninfo.net /mudcctx/mudlib/d/city/npc shiye.c
99.03.14 12:47 B f:\mirror1\d\city\npc\smith.c --> www1.yn.cninfo.net /mudcctx/mudlib/d/city/npc smith.c
99.03.14 12:47 B f:\mirror1\d\city\npc\tang.c --> www1.yn.cninfo.net /mudcctx/mudlib/d/city/npc tang.c
99.03.14 12:47 B f:\mirror1\d\city\npc\wei.c --> www1.yn.cninfo.net /mudcctx/mudlib/d/city/npc wei.c
99.03.14 12:47 B f:\mirror1\d\city\npc\wolfdog.c --> www1.yn.cninfo.net /mudcctx/mudlib/d/city/npc wolfdog.c
99.03.14 12:47 B f:\mirror1\d\city\npc\wujiang.c --> www1.yn.cninfo.net /mudcctx/mudlib/d/city/npc wujiang.c
99.03.14 12:47 B f:\mirror1\d\city\npc\xian.c --> www1.yn.cninfo.net /mudcctx/mudlib/d/city/npc xian.c
99.03.14 12:47 B f:\mirror1\d\city\npc\xiaoer.c --> www1.yn.cninfo.net /mudcctx/mudlib/d/city/npc xiaoer.c
99.03.14 12:47 B f:\mirror1\d\city\npc\xiaoer2.c --> www1.yn.cninfo.net /mudcctx/mudlib/d/city/npc xiaoer2.c
99.03.14 12:47 B f:\mirror1\d\city\npc\xiaoguiz.c --> www1.yn.cninfo.net /mudcctx/mudlib/d/city/npc xiaoguiz.c
99.03.14 12:47 B f:\mirror1\d\city\npc\yang.c --> www1.yn.cninfo.net /mudcctx/mudlib/d/city/npc yang.c
99.03.14 12:47 B f:\mirror1\d\city\npc\yayi.c --> www1.yn.cninfo.net /mudcctx/mudlib/d/city/npc yayi.c
99.03.14 12:47 B f:\mirror1\d\city\npc\yingying.c --> www1.yn.cninfo.net /mudcctx/mudlib/d/city/npc yingying.c
99.03.14 12:47 B f:\mirror1\d\city\npc\yuhuan.c --> www1.yn.cninfo.net /mudcctx/mudlib/d/city/npc yuhuan.c
