99.03.14 13:22 B f:\mirror1\d\lanzhou\beidajie1.c --> www1.yn.cninfo.net /mudcctx/mudlib/d/lanzhou beidajie1.c
99.03.14 13:22 B f:\mirror1\d\lanzhou\beidajie2.c --> www1.yn.cninfo.net /mudcctx/mudlib/d/lanzhou beidajie2.c
99.03.14 13:22 B f:\mirror1\d\lanzhou\beimen.c --> www1.yn.cninfo.net /mudcctx/mudlib/d/lanzhou beimen.c
99.03.14 13:22 B f:\mirror1\d\lanzhou\caisicang.c --> www1.yn.cninfo.net /mudcctx/mudlib/d/lanzhou caisicang.c
99.03.14 13:22 B f:\mirror1\d\lanzhou\caroad1.c --> www1.yn.cninfo.net /mudcctx/mudlib/d/lanzhou caroad1.c
99.03.14 13:22 B f:\mirror1\d\lanzhou\caroad2.c --> www1.yn.cninfo.net /mudcctx/mudlib/d/lanzhou caroad2.c
99.03.14 13:22 B f:\mirror1\d\lanzhou\caroad3.c --> www1.yn.cninfo.net /mudcctx/mudlib/d/lanzhou caroad3.c
99.03.14 13:22 B f:\mirror1\d\lanzhou\caroad4.c --> www1.yn.cninfo.net /mudcctx/mudlib/d/lanzhou caroad4.c
99.03.14 13:22 B f:\mirror1\d\lanzhou\caroad5.c --> www1.yn.cninfo.net /mudcctx/mudlib/d/lanzhou caroad5.c
99.03.14 13:22 B f:\mirror1\d\lanzhou\caroad6.c --> www1.yn.cninfo.net /mudcctx/mudlib/d/lanzhou caroad6.c
99.03.14 13:22 B f:\mirror1\d\lanzhou\caroad7.c --> www1.yn.cninfo.net /mudcctx/mudlib/d/lanzhou caroad7.c
99.03.14 13:22 B f:\mirror1\d\lanzhou\caroad8.c --> www1.yn.cninfo.net /mudcctx/mudlib/d/lanzhou caroad8.c
99.03.14 13:22 B f:\mirror1\d\lanzhou\dongdajie1.c --> www1.yn.cninfo.net /mudcctx/mudlib/d/lanzhou dongdajie1.c
99.03.14 13:22 B f:\mirror1\d\lanzhou\dongmen.c --> www1.yn.cninfo.net /mudcctx/mudlib/d/lanzhou dongmen.c
99.03.14 13:22 B f:\mirror1\d\lanzhou\duchuan.c --> www1.yn.cninfo.net /mudcctx/mudlib/d/lanzhou duchuan.c
99.03.14 13:22 B f:\mirror1\d\lanzhou\guangchang.c --> www1.yn.cninfo.net /mudcctx/mudlib/d/lanzhou guangchang.c
99.03.14 13:22 B f:\mirror1\d\lanzhou\huasen.c --> www1.yn.cninfo.net /mudcctx/mudlib/d/lanzhou huasen.c
99.03.14 13:22 B f:\mirror1\d\lanzhou\jioudian.c --> www1.yn.cninfo.net /mudcctx/mudlib/d/lanzhou jioudian.c
99.03.14 13:22 B f:\mirror1\d\lanzhou\kedian.c --> www1.yn.cninfo.net /mudcctx/mudlib/d/lanzhou kedian.c
99.03.14 13:22 B f:\mirror1\d\lanzhou\kedian2.c --> www1.yn.cninfo.net /mudcctx/mudlib/d/lanzhou kedian2.c
99.03.14 13:22 B f:\mirror1\d\lanzhou\kedian3.c --> www1.yn.cninfo.net /mudcctx/mudlib/d/lanzhou kedian3.c
99.03.14 13:22 B f:\mirror1\d\lanzhou\map.lanzhou.txt --> www1.yn.cninfo.net /mudcctx/mudlib/d/lanzhou map.lanzhou.txt
99.03.14 13:22 B f:\mirror1\d\lanzhou\nandajie1.c --> www1.yn.cninfo.net /mudcctx/mudlib/d/lanzhou nandajie1.c
99.03.14 13:22 B f:\mirror1\d\lanzhou\nandajie2.c --> www1.yn.cninfo.net /mudcctx/mudlib/d/lanzhou nandajie2.c
99.03.14 13:22 B f:\mirror1\d\lanzhou\nanmen.c --> www1.yn.cninfo.net /mudcctx/mudlib/d/lanzhou nanmen.c
99.03.14 13:22 B f:\mirror1\d\lanzhou\nroad1.c --> www1.yn.cninfo.net /mudcctx/mudlib/d/lanzhou nroad1.c
99.03.14 13:22 B f:\mirror1\d\lanzhou\nroad2.c --> www1.yn.cninfo.net /mudcctx/mudlib/d/lanzhou nroad2.c
99.03.14 13:22 B f:\mirror1\d\lanzhou\nroad3.c --> www1.yn.cninfo.net /mudcctx/mudlib/d/lanzhou nroad3.c
99.03.14 13:22 B f:\mirror1\d\lanzhou\nroad4.c --> www1.yn.cninfo.net /mudcctx/mudlib/d/lanzhou nroad4.c
99.03.14 13:22 B f:\mirror1\d\lanzhou\qianzhuang.c --> www1.yn.cninfo.net /mudcctx/mudlib/d/lanzhou qianzhuang.c
99.03.14 13:22 B f:\mirror1\d\lanzhou\river-bei.c --> www1.yn.cninfo.net /mudcctx/mudlib/d/lanzhou river-bei.c
99.03.14 13:22 B f:\mirror1\d\lanzhou\river-nan.c --> www1.yn.cninfo.net /mudcctx/mudlib/d/lanzhou river-nan.c
99.03.14 13:22 B f:\mirror1\d\lanzhou\tudimiao.c --> www1.yn.cninfo.net /mudcctx/mudlib/d/lanzhou tudimiao.c
99.03.14 13:22 B f:\mirror1\d\lanzhou\xiaochidian.c --> www1.yn.cninfo.net /mudcctx/mudlib/d/lanzhou xiaochidian.c
99.03.14 13:22 B f:\mirror1\d\lanzhou\xiaojisi.c --> www1.yn.cninfo.net /mudcctx/mudlib/d/lanzhou xiaojisi.c
99.03.14 13:22 B f:\mirror1\d\lanzhou\xidajie1.c --> www1.yn.cninfo.net /mudcctx/mudlib/d/lanzhou xidajie1.c
99.03.14 13:22 B f:\mirror1\d\lanzhou\ximen.c --> www1.yn.cninfo.net /mudcctx/mudlib/d/lanzhou ximen.c
