99.03.15 09:41 B f:\mirror1\kungfu\class\shaolin\cheng-guan.c --> www1.yn.cninfo.net /mudcctx/mudlib/kungfu/class/shaolin cheng-guan.c
99.03.15 09:41 B f:\mirror1\kungfu\class\shaolin\cheng-he.c --> www1.yn.cninfo.net /mudcctx/mudlib/kungfu/class/shaolin cheng-he.c
99.03.15 09:41 B f:\mirror1\kungfu\class\shaolin\cheng-ji.c --> www1.yn.cninfo.net /mudcctx/mudlib/kungfu/class/shaolin cheng-ji.c
99.03.15 09:41 B f:\mirror1\kungfu\class\shaolin\cheng-jian.c --> www1.yn.cninfo.net /mudcctx/mudlib/kungfu/class/shaolin cheng-jian.c
99.03.15 09:41 B f:\mirror1\kungfu\class\shaolin\cheng-jing.c --> www1.yn.cninfo.net /mudcctx/mudlib/kungfu/class/shaolin cheng-jing.c
99.03.15 09:41 B f:\mirror1\kungfu\class\shaolin\cheng-ling.c --> www1.yn.cninfo.net /mudcctx/mudlib/kungfu/class/shaolin cheng-ling.c
99.03.15 09:41 B f:\mirror1\kungfu\class\shaolin\cheng-mie.c --> www1.yn.cninfo.net /mudcctx/mudlib/kungfu/class/shaolin cheng-mie.c
99.03.15 09:41 B f:\mirror1\kungfu\class\shaolin\cheng-ming.c --> www1.yn.cninfo.net /mudcctx/mudlib/kungfu/class/shaolin cheng-ming.c
99.03.15 09:41 B f:\mirror1\kungfu\class\shaolin\cheng-shang.c --> www1.yn.cninfo.net /mudcctx/mudlib/kungfu/class/shaolin cheng-shang.c
99.03.15 09:41 B f:\mirror1\kungfu\class\shaolin\cheng-shi.c --> www1.yn.cninfo.net /mudcctx/mudlib/kungfu/class/shaolin cheng-shi.c
99.03.15 09:41 B f:\mirror1\kungfu\class\shaolin\cheng-si.c --> www1.yn.cninfo.net /mudcctx/mudlib/kungfu/class/shaolin cheng-si.c
99.03.15 09:41 B f:\mirror1\kungfu\class\shaolin\cheng-xin.c --> www1.yn.cninfo.net /mudcctx/mudlib/kungfu/class/shaolin cheng-xin.c
99.03.15 09:41 B f:\mirror1\kungfu\class\shaolin\cheng-xin2.c --> www1.yn.cninfo.net /mudcctx/mudlib/kungfu/class/shaolin cheng-xin2.c
99.03.15 09:41 B f:\mirror1\kungfu\class\shaolin\cheng-xing.c --> www1.yn.cninfo.net /mudcctx/mudlib/kungfu/class/shaolin cheng-xing.c
99.03.15 09:41 B f:\mirror1\kungfu\class\shaolin\cheng-yi.c --> www1.yn.cninfo.net /mudcctx/mudlib/kungfu/class/shaolin cheng-yi.c
99.03.15 09:41 B f:\mirror1\kungfu\class\shaolin\cheng-yu.c --> www1.yn.cninfo.net /mudcctx/mudlib/kungfu/class/shaolin cheng-yu.c
99.03.15 09:41 B f:\mirror1\kungfu\class\shaolin\cheng-zhi.c --> www1.yn.cninfo.net /mudcctx/mudlib/kungfu/class/shaolin cheng-zhi.c
99.03.15 09:41 B f:\mirror1\kungfu\class\shaolin\cheng-zhi2.c --> www1.yn.cninfo.net /mudcctx/mudlib/kungfu/class/shaolin cheng-zhi2.c
99.03.15 09:41 B f:\mirror1\kungfu\class\shaolin\cheng.h --> www1.yn.cninfo.net /mudcctx/mudlib/kungfu/class/shaolin cheng.h
99.03.15 09:41 B f:\mirror1\kungfu\class\shaolin\damo.c --> www1.yn.cninfo.net /mudcctx/mudlib/kungfu/class/shaolin damo.c
99.03.15 09:41 B f:\mirror1\kungfu\class\shaolin\dao-chen.c --> www1.yn.cninfo.net /mudcctx/mudlib/kungfu/class/shaolin dao-chen.c
99.03.15 09:41 B f:\mirror1\kungfu\class\shaolin\dao-cheng.c --> www1.yn.cninfo.net /mudcctx/mudlib/kungfu/class/shaolin dao-cheng.c
99.03.15 09:41 B f:\mirror1\kungfu\class\shaolin\dao-guo.c --> www1.yn.cninfo.net /mudcctx/mudlib/kungfu/class/shaolin dao-guo.c
99.03.15 09:42 B f:\mirror1\kungfu\class\shaolin\dao-jue.c --> www1.yn.cninfo.net /mudcctx/mudlib/kungfu/class/shaolin dao-jue.c
99.03.15 09:42 B f:\mirror1\kungfu\class\shaolin\dao-pin.c --> www1.yn.cninfo.net /mudcctx/mudlib/kungfu/class/shaolin dao-pin.c
99.03.15 09:42 B f:\mirror1\kungfu\class\shaolin\dao-xiang.c --> www1.yn.cninfo.net /mudcctx/mudlib/kungfu/class/shaolin dao-xiang.c
99.03.15 09:42 B f:\mirror1\kungfu\class\shaolin\dao-xiang2.c --> www1.yn.cninfo.net /mudcctx/mudlib/kungfu/class/shaolin dao-xiang2.c
99.03.15 09:42 B f:\mirror1\kungfu\class\shaolin\dao-yi.c --> www1.yn.cninfo.net /mudcctx/mudlib/kungfu/class/shaolin dao-yi.c
99.03.15 09:42 B f:\mirror1\kungfu\class\shaolin\dao-zheng.c --> www1.yn.cninfo.net /mudcctx/mudlib/kungfu/class/shaolin dao-zheng.c
99.03.15 09:42 B f:\mirror1\kungfu\class\shaolin\dao.h --> www1.yn.cninfo.net /mudcctx/mudlib/kungfu/class/shaolin dao.h
99.03.15 09:42 B f:\mirror1\kungfu\class\shaolin\du-e.c --> www1.yn.cninfo.net /mudcctx/mudlib/kungfu/class/shaolin du-e.c
99.03.15 09:42 B f:\mirror1\kungfu\class\shaolin\du-jie.c --> www1.yn.cninfo.net /mudcctx/mudlib/kungfu/class/shaolin du-jie.c
99.03.15 09:42 B f:\mirror1\kungfu\class\shaolin\du-nan.c --> www1.yn.cninfo.net /mudcctx/mudlib/kungfu/class/shaolin du-nan.c
99.03.15 09:42 B f:\mirror1\kungfu\class\shaolin\du.h --> www1.yn.cninfo.net /mudcctx/mudlib/kungfu/class/shaolin du.h
99.03.15 09:42 B f:\mirror1\kungfu\class\shaolin\hsyuan2.c --> www1.yn.cninfo.net /mudcctx/mudlib/kungfu/class/shaolin hsyuan2.c
99.03.15 09:42 B f:\mirror1\kungfu\class\shaolin\hui-he.c --> www1.yn.cninfo.net /mudcctx/mudlib/kungfu/class/shaolin hui-he.c
99.03.15 09:42 B f:\mirror1\kungfu\class\shaolin\hui-jie.c --> www1.yn.cninfo.net /mudcctx/mudlib/kungfu/class/shaolin hui-jie.c
99.03.15 09:42 B f:\mirror1\kungfu\class\shaolin\hui-kong.c --> www1.yn.cninfo.net /mudcctx/mudlib/kungfu/class/shaolin hui-kong.c
99.03.15 09:42 B f:\mirror1\kungfu\class\shaolin\hui-ming.c --> www1.yn.cninfo.net /mudcctx/mudlib/kungfu/class/shaolin hui-ming.c
99.03.15 09:42 B f:\mirror1\kungfu\class\shaolin\hui-ru.c --> www1.yn.cninfo.net /mudcctx/mudlib/kungfu/class/shaolin hui-ru.c
99.03.15 09:42 B f:\mirror1\kungfu\class\shaolin\hui-se.c --> www1.yn.cninfo.net /mudcctx/mudlib/kungfu/class/shaolin hui-se.c
99.03.15 09:42 B f:\mirror1\kungfu\class\shaolin\hui-xiu.c --> www1.yn.cninfo.net /mudcctx/mudlib/kungfu/class/shaolin hui-xiu.c
99.03.15 09:42 B f:\mirror1\kungfu\class\shaolin\hui-xu.c --> www1.yn.cninfo.net /mudcctx/mudlib/kungfu/class/shaolin hui-xu.c
99.03.15 09:42 B f:\mirror1\kungfu\class\shaolin\hui-zhen.c --> www1.yn.cninfo.net /mudcctx/mudlib/kungfu/class/shaolin hui-zhen.c
99.03.15 09:42 B f:\mirror1\kungfu\class\shaolin\hui.h --> www1.yn.cninfo.net /mudcctx/mudlib/kungfu/class/shaolin hui.h
99.03.15 09:42 B f:\mirror1\kungfu\class\shaolin\qing-fa.c --> www1.yn.cninfo.net /mudcctx/mudlib/kungfu/class/shaolin qing-fa.c
99.03.15 09:42 B f:\mirror1\kungfu\class\shaolin\qing-guan.c --> www1.yn.cninfo.net /mudcctx/mudlib/kungfu/class/shaolin qing-guan.c
99.03.15 09:42 B f:\mirror1\kungfu\class\shaolin\qing-le.c --> www1.yn.cninfo.net /mudcctx/mudlib/kungfu/class/shaolin qing-le.c
99.03.15 09:42 B f:\mirror1\kungfu\class\shaolin\qing-shan.c --> www1.yn.cninfo.net /mudcctx/mudlib/kungfu/class/shaolin qing-shan.c
99.03.15 09:42 B f:\mirror1\kungfu\class\shaolin\qing-wei.c --> www1.yn.cninfo.net /mudcctx/mudlib/kungfu/class/shaolin qing-wei.c
99.03.15 09:42 B f:\mirror1\kungfu\class\shaolin\qing-wen.c --> www1.yn.cninfo.net /mudcctx/mudlib/kungfu/class/shaolin qing-wen.c
99.03.15 09:42 B f:\mirror1\kungfu\class\shaolin\qing-wu.c --> www1.yn.cninfo.net /mudcctx/mudlib/kungfu/class/shaolin qing-wu.c
99.03.15 09:42 B f:\mirror1\kungfu\class\shaolin\qing-xiao.c --> www1.yn.cninfo.net /mudcctx/mudlib/kungfu/class/shaolin qing-xiao.c
99.03.15 09:42 B f:\mirror1\kungfu\class\shaolin\qing-yuan.c --> www1.yn.cninfo.net /mudcctx/mudlib/kungfu/class/shaolin qing-yuan.c
99.03.15 09:42 B f:\mirror1\kungfu\class\shaolin\qing.h --> www1.yn.cninfo.net /mudcctx/mudlib/kungfu/class/shaolin qing.h
99.03.15 09:42 B f:\mirror1\kungfu\class\shaolin\qingfa.aji --> www1.yn.cninfo.net /mudcctx/mudlib/kungfu/class/shaolin qingfa.aji
99.03.15 09:42 B f:\mirror1\kungfu\class\shaolin\tuobosen.c --> www1.yn.cninfo.net /mudcctx/mudlib/kungfu/class/shaolin tuobosen.c
99.03.15 09:42 B f:\mirror1\kungfu\class\shaolin\tuoboseng.c --> www1.yn.cninfo.net /mudcctx/mudlib/kungfu/class/shaolin tuoboseng.c
99.03.15 09:42 B f:\mirror1\kungfu\class\shaolin\wuming.c --> www1.yn.cninfo.net /mudcctx/mudlib/kungfu/class/shaolin wuming.c
99.03.15 09:42 B f:\mirror1\kungfu\class\shaolin\xingzhe.c --> www1.yn.cninfo.net /mudcctx/mudlib/kungfu/class/shaolin xingzhe.c
99.03.15 09:42 B f:\mirror1\kungfu\class\shaolin\xu-ming.c --> www1.yn.cninfo.net /mudcctx/mudlib/kungfu/class/shaolin xu-ming.c
99.03.15 09:42 B f:\mirror1\kungfu\class\shaolin\xu-tong.c --> www1.yn.cninfo.net /mudcctx/mudlib/kungfu/class/shaolin xu-tong.c
99.03.15 09:42 B f:\mirror1\kungfu\class\shaolin\xuan-bei.c --> www1.yn.cninfo.net /mudcctx/mudlib/kungfu/class/shaolin xuan-bei.c
99.03.15 09:42 B f:\mirror1\kungfu\class\shaolin\xuan-ci.c --> www1.yn.cninfo.net /mudcctx/mudlib/kungfu/class/shaolin xuan-ci.c
99.03.15 09:42 B f:\mirror1\kungfu\class\shaolin\xuan-ku.c --> www1.yn.cninfo.net /mudcctx/mudlib/kungfu/class/shaolin xuan-ku.c
99.03.15 09:42 B f:\mirror1\kungfu\class\shaolin\xuan-ku.h --> www1.yn.cninfo.net /mudcctx/mudlib/kungfu/class/shaolin xuan-ku.h
99.03.15 09:42 B f:\mirror1\kungfu\class\shaolin\xuan-nan.c --> www1.yn.cninfo.net /mudcctx/mudlib/kungfu/class/shaolin xuan-nan.c
99.03.15 09:42 B f:\mirror1\kungfu\class\shaolin\xuan-nan.h --> www1.yn.cninfo.net /mudcctx/mudlib/kungfu/class/shaolin xuan-nan.h
99.03.15 09:42 B f:\mirror1\kungfu\class\shaolin\xuan-tong.c --> www1.yn.cninfo.net /mudcctx/mudlib/kungfu/class/shaolin xuan-tong.c
99.03.15 09:42 B f:\mirror1\kungfu\class\shaolin\xuan.h --> www1.yn.cninfo.net /mudcctx/mudlib/kungfu/class/shaolin xuan.h
