99.03.14 13:04 B f:\mirror1\d\dali\huanggong\npc\bak1\bing.c --> www1.yn.cninfo.net /mudcctx/mudlib/d/dali/huanggong/npc/bak1 bing.c
99.03.14 13:04 B f:\mirror1\d\dali\huanggong\npc\bak1\cuzi.c --> www1.yn.cninfo.net /mudcctx/mudlib/d/dali/huanggong/npc/bak1 cuzi.c
99.03.14 13:04 B f:\mirror1\d\dali\huanggong\npc\bak1\dao.c --> www1.yn.cninfo.net /mudcctx/mudlib/d/dali/huanggong/npc/bak1 dao.c
99.03.14 13:04 B f:\mirror1\d\dali\huanggong\npc\bak1\duan-zhenming.c --> www1.yn.cninfo.net /mudcctx/mudlib/d/dali/huanggong/npc/bak1 duan-zhenming.c
99.03.14 13:04 B f:\mirror1\d\dali\huanggong\npc\bak1\duanyu.c --> www1.yn.cninfo.net /mudcctx/mudlib/d/dali/huanggong/npc/bak1 duanyu.c
99.03.14 13:04 B f:\mirror1\d\dali\huanggong\npc\bak1\fu.c --> www1.yn.cninfo.net /mudcctx/mudlib/d/dali/huanggong/npc/bak1 fu.c
99.03.14 13:04 B f:\mirror1\d\dali\huanggong\npc\bak1\gao.c --> www1.yn.cninfo.net /mudcctx/mudlib/d/dali/huanggong/npc/bak1 gao.c
99.03.14 13:04 B f:\mirror1\d\dali\huanggong\npc\bak1\gongnv.c --> www1.yn.cninfo.net /mudcctx/mudlib/d/dali/huanggong/npc/bak1 gongnv.c
99.03.14 13:04 B f:\mirror1\d\dali\huanggong\npc\bak1\gu.c --> www1.yn.cninfo.net /mudcctx/mudlib/d/dali/huanggong/npc/bak1 gu.c
99.03.14 13:04 B f:\mirror1\d\dali\huanggong\npc\bak1\guard.c --> www1.yn.cninfo.net /mudcctx/mudlib/d/dali/huanggong/npc/bak1 guard.c
99.03.14 13:04 B f:\mirror1\d\dali\huanggong\npc\bak1\huajiang.c --> www1.yn.cninfo.net /mudcctx/mudlib/d/dali/huanggong/npc/bak1 huajiang.c
99.03.14 13:04 B f:\mirror1\d\dali\huanggong\npc\bak1\huanghou.c --> www1.yn.cninfo.net /mudcctx/mudlib/d/dali/huanggong/npc/bak1 huanghou.c
99.03.14 13:04 B f:\mirror1\d\dali\huanggong\npc\bak1\jinyiwei.c --> www1.yn.cninfo.net /mudcctx/mudlib/d/dali/huanggong/npc/bak1 jinyiwei.c
99.03.14 13:04 B f:\mirror1\d\dali\huanggong\npc\bak1\qingbing.c --> www1.yn.cninfo.net /mudcctx/mudlib/d/dali/huanggong/npc/bak1 qingbing.c
99.03.14 13:04 B f:\mirror1\d\dali\huanggong\npc\bak1\shiwei.c --> www1.yn.cninfo.net /mudcctx/mudlib/d/dali/huanggong/npc/bak1 shiwei.c
99.03.14 13:04 B f:\mirror1\d\dali\huanggong\npc\bak1\taijian.c --> www1.yn.cninfo.net /mudcctx/mudlib/d/dali/huanggong/npc/bak1 taijian.c
99.03.14 13:04 B f:\mirror1\d\dali\huanggong\npc\bak1\taijian1.c --> www1.yn.cninfo.net /mudcctx/mudlib/d/dali/huanggong/npc/bak1 taijian1.c
99.03.14 13:04 B f:\mirror1\d\dali\huanggong\npc\bak1\taijian2.c --> www1.yn.cninfo.net /mudcctx/mudlib/d/dali/huanggong/npc/bak1 taijian2.c
99.03.14 13:04 B f:\mirror1\d\dali\huanggong\npc\bak1\tong-ren.c --> www1.yn.cninfo.net /mudcctx/mudlib/d/dali/huanggong/npc/bak1 tong-ren.c
99.03.14 13:04 B f:\mirror1\d\dali\huanggong\npc\bak1\wujiang.c --> www1.yn.cninfo.net /mudcctx/mudlib/d/dali/huanggong/npc/bak1 wujiang.c
99.03.14 13:04 B f:\mirror1\d\dali\huanggong\npc\bak1\wushi.c --> www1.yn.cninfo.net /mudcctx/mudlib/d/dali/huanggong/npc/bak1 wushi.c
99.03.14 13:04 B f:\mirror1\d\dali\huanggong\npc\bak1\zhu.c --> www1.yn.cninfo.net /mudcctx/mudlib/d/dali/huanggong/npc/bak1 zhu.c
