Broken connection during add_message.
get_user_data: read on fd 1036
System Error: get_user_data: read: 当文件已存在时，无法创建该文件。

Initializing internal tables....

<---紫藤西游: MudOs v22pre11 (by wwj,Jan  1 1999) startup on Microsoft Windows NT at Wed May 15 18:13:57 2013

using config file: D:\dtxy\config.cfg
Can't find "mudos", ignoring old binaries.
Try invoking the driver using the full pathname.
Connected to address server on localhost port 6666
]simul_efun loaded successfully.

Loading preloaded files ...
Initializations complete.

Accepting connections on port 6666.
Initializing internal tables....

<---紫藤西游: MudOs v22pre11 (by wwj,Jan  1 1999) startup on Microsoft Windows NT at Wed May 15 18:14:55 2013

using config file: E:\dtxy\config.cfg
Can't find "mudos", ignoring old binaries.
Try invoking the driver using the full pathname.
Connected to address server on localhost port 6666
]simul_efun loaded successfully.

Loading preloaded files ...
Initializations complete.

Accepting connections on port 6666.
Initializing internal tables....

<---紫藤西游: MudOs v22pre11 (by wwj,Jan  1 1999) startup on Microsoft Windows NT at Wed May 15 18:15:27 2013

using config file: E:\dtxy\config.cfg
Can't find "mudos", ignoring old binaries.
Try invoking the driver using the full pathname.
Connected to address server on localhost port 6666
]simul_efun loaded successfully.

Loading preloaded files ...
Initializations complete.

Accepting connections on port 6666.
Initializing internal tables....

<---紫藤西游: MudOs v22pre11 (by wwj,Jan  1 1999) startup on Microsoft Windows NT at Wed May 15 18:15:56 2013

using config file: E:\dtxy\config.cfg
Can't find "mudos", ignoring old binaries.
Try invoking the driver using the full pathname.
Connected to address server on localhost port 6666
]simul_efun loaded successfully.

Loading preloaded files ...
Initializations complete.

Accepting connections on port 6666.
Initializing internal tables....
][33m【[1;32m系统[2;37;0m[33m】叶子[2;37;0m[33m(Leaf)[2;37;0m[33m：断线了。
[2;37;0m
<---紫藤西游: MudOs v22pre11 (by wwj,Jan  1 1999) startup on Microsoft Windows NT at Thu May 16 11:52:23 2013

using config file: E:\dtxy\config.cfg
Can't find "mudos", ignoring old binaries.
Try invoking the driver using the full pathname.
Connected to address server on localhost port 6666
]simul_efun loaded successfully.

Loading preloaded files ...
Initializations complete.

Accepting connections on port 6666.
Initializing internal tables....

<---紫藤西游: MudOs v22pre11 (by wwj,Jan  1 1999) startup on Microsoft Windows NT at Thu May 16 12:00:31 2013

using config file: E:\dtxy\config.cfg
Can't find "mudos", ignoring old binaries.
Try invoking the driver using the full pathname.
Connected to address server on localhost port 6666
]simul_efun loaded successfully.

Loading preloaded files ...
Initializations complete.

Accepting connections on port 6666.
Initializing internal tables....

<---紫藤西游: MudOs v22pre11 (by wwj,Jan  1 1999) startup on Microsoft Windows NT at Thu May 16 12:16:51 2013

using config file: E:\dtxy\config.cfg
Can't find "mudos", ignoring old binaries.
Try invoking the driver using the full pathname.
Connected to address server on localhost port 6666
]simul_efun loaded successfully.

Loading preloaded files ...
Initializations complete.

Accepting connections on port 6666.
Initializing internal tables....

<---紫藤西游: MudOs v22pre11 (by wwj,Jan  1 1999) startup on Microsoft Windows NT at Thu May 16 12:19:39 2013

using config file: E:\dtxy\config.cfg
Can't find "mudos", ignoring old binaries.
Try invoking the driver using the full pathname.
Connected to address server on localhost port 6666
]simul_efun loaded successfully.

Loading preloaded files ...
Initializations complete.

Accepting connections on port 6666.
Initializing internal tables....

<---紫藤西游: MudOs v22pre11 (by wwj,Jan  1 1999) startup on Microsoft Windows NT at Thu May 16 12:20:28 2013

using config file: E:\dtxy\config.cfg
Can't find "mudos", ignoring old binaries.
Try invoking the driver using the full pathname.
Connected to address server on localhost port 6666
]simul_efun loaded successfully.

Loading preloaded files ...
Initializations complete.

Accepting connections on port 6666.
Initializing internal tables....

<---紫藤西游: MudOs v22pre11 (by wwj,Jan  1 1999) startup on Microsoft Windows NT at Thu May 16 12:21:02 2013

using config file: E:\dtxy\config.cfg
Can't find "mudos", ignoring old binaries.
Try invoking the driver using the full pathname.
Connected to address server on localhost port 6666
]simul_efun loaded successfully.

Loading preloaded files ...
Initializations complete.

Accepting connections on port 6666.
Initializing internal tables....

<---紫藤西游: MudOs v22pre11 (by wwj,Jan  1 1999) startup on Microsoft Windows NT at Thu May 16 12:16:37 2013

using config file: E:\dtxy\config.cfg
Can't find "mudos", ignoring old binaries.
Try invoking the driver using the full pathname.
Connected to address server on localhost port 6666
]simul_efun loaded successfully.

Loading preloaded files ...
Initializations complete.

Accepting connections on port 6666.
Initializing internal tables....

<---紫藤西游: MudOs v22pre11 (by wwj,Jan  1 1999) startup on Microsoft Windows NT at Thu May 16 12:17:20 2013

using config file: E:\dtxy\config.cfg
Can't find "mudos", ignoring old binaries.
Try invoking the driver using the full pathname.
Connected to address server on localhost port 6666
]simul_efun loaded successfully.

Loading preloaded files ...
Initializations complete.

Accepting connections on port 6666.
Initializing internal tables....

<---紫藤西游: MudOs v22pre11 (by wwj,Jan  1 1999) startup on Microsoft Windows NT at Thu May 16 12:17:58 2013

using config file: E:\dtxy\config.cfg
Can't find "mudos", ignoring old binaries.
Try invoking the driver using the full pathname.
Connected to address server on localhost port 6666
]simul_efun loaded successfully.

Loading preloaded files ...
Initializations complete.

Accepting connections on port 6666.
Initializing internal tables....

<---紫藤西游: MudOs v22pre11 (by wwj,Jan  1 1999) startup on Microsoft Windows NT at Thu May 16 12:19:29 2013

using config file: E:\dtxy\config.cfg
Can't find "mudos", ignoring old binaries.
Try invoking the driver using the full pathname.
Connected to address server on localhost port 6666
]simul_efun loaded successfully.

Loading preloaded files ...
Initializations complete.

Accepting connections on port 6666.
Initializing internal tables....

<---紫藤西游: MudOs v22pre11 (by wwj,Jan  1 1999) startup on Microsoft Windows NT at Thu May 16 12:20:53 2013

using config file: E:\dtxy\config.cfg
Can't find "mudos", ignoring old binaries.
Try invoking the driver using the full pathname.
Connected to address server on localhost port 6666
]simul_efun loaded successfully.

Loading preloaded files ...
Initializations complete.

Accepting connections on port 6666.
Initializing internal tables....

<---紫藤西游: MudOs v22pre11 (by wwj,Jan  1 1999) startup on Microsoft Windows NT at Thu May 16 12:22:41 2013

using config file: E:\dtxy\config.cfg
Can't find "mudos", ignoring old binaries.
Try invoking the driver using the full pathname.
Connected to address server on localhost port 6666
]simul_efun loaded successfully.

Loading preloaded files ...
Initializations complete.

Accepting connections on port 6666.
Initializing internal tables....

<---紫藤西游: MudOs v22pre11 (by wwj,Jan  1 1999) startup on Microsoft Windows NT at Thu May 16 12:23:37 2013

using config file: E:\dtxy\config.cfg
Can't find "mudos", ignoring old binaries.
Try invoking the driver using the full pathname.
Connected to address server on localhost port 6666
]simul_efun loaded successfully.

Loading preloaded files ...
Initializations complete.

Accepting connections on port 6666.
Initializing internal tables....

<---紫藤西游: MudOs v22pre11 (by wwj,Jan  1 1999) startup on Microsoft Windows NT at Thu May 16 12:25:29 2013

using config file: E:\dtxy\config.cfg
Can't find "mudos", ignoring old binaries.
Try invoking the driver using the full pathname.
Connected to address server on localhost port 6666
]simul_efun loaded successfully.

Loading preloaded files ...
Initializations complete.

Accepting connections on port 6666.
Initializing internal tables....

<---紫藤西游: MudOs v22pre11 (by wwj,Jan  1 1999) startup on Microsoft Windows NT at Thu May 16 12:27:28 2013

using config file: E:\dtxy\config.cfg
Can't find "mudos", ignoring old binaries.
Try invoking the driver using the full pathname.
Connected to address server on localhost port 6666
]simul_efun loaded successfully.

Loading preloaded files ...
Initializations complete.

Accepting connections on port 6666.
Initializing internal tables....

<---紫藤西游: MudOs v22pre11 (by wwj,Jan  1 1999) startup on Microsoft Windows NT at Thu May 16 12:28:31 2013

using config file: E:\dtxy\config.cfg
Can't find "mudos", ignoring old binaries.
Try invoking the driver using the full pathname.
Connected to address server on localhost port 6666
]simul_efun loaded successfully.

Loading preloaded files ...
Initializations complete.

Accepting connections on port 6666.
Initializing internal tables....

<---紫藤西游: MudOs v22pre11 (by wwj,Jan  1 1999) startup on Microsoft Windows NT at Thu May 16 12:28:59 2013

using config file: E:\dtxy\config.cfg
Can't find "mudos", ignoring old binaries.
Try invoking the driver using the full pathname.
Connected to address server on localhost port 6666
]simul_efun loaded successfully.

Loading preloaded files ...
Initializations complete.

Accepting connections on port 6666.
Initializing internal tables....

<---紫藤西游: MudOs v22pre11 (by wwj,Jan  1 1999) startup on Microsoft Windows NT at Thu May 16 12:29:43 2013

using config file: E:\dtxy\config.cfg
Can't find "mudos", ignoring old binaries.
Try invoking the driver using the full pathname.
Connected to address server on localhost port 6666
]simul_efun loaded successfully.

Loading preloaded files ...
Initializations complete.

Accepting connections on port 6666.
Initializing internal tables....

<---紫藤西游: MudOs v22pre11 (by wwj,Jan  1 1999) startup on Microsoft Windows NT at Thu May 16 12:30:58 2013

using config file: E:\dtxy\config.cfg
Can't find "mudos", ignoring old binaries.
Try invoking the driver using the full pathname.
Connected to address server on localhost port 6666
]simul_efun loaded successfully.

Loading preloaded files ...
Initializations complete.

Accepting connections on port 6666.
Initializing internal tables....

<---紫藤西游: MudOs v22pre11 (by wwj,Jan  1 1999) startup on Microsoft Windows NT at Thu May 16 12:31:35 2013

using config file: E:\dtxy\config.cfg
Can't find "mudos", ignoring old binaries.
Try invoking the driver using the full pathname.
Connected to address server on localhost port 6666
]simul_efun loaded successfully.

Loading preloaded files ...
Initializations complete.

Accepting connections on port 6666.
Initializing internal tables....

<---紫藤西游: MudOs v22pre11 (by wwj,Jan  1 1999) startup on Microsoft Windows NT at Thu May 16 12:33:15 2013

using config file: E:\dtxy\config.cfg
Can't find "mudos", ignoring old binaries.
Try invoking the driver using the full pathname.
Connected to address server on localhost port 6666
]simul_efun loaded successfully.

Loading preloaded files ...
Initializations complete.

Accepting connections on port 6666.
Initializing internal tables....

<---紫藤西游: MudOs v22pre11 (by wwj,Jan  1 1999) startup on Microsoft Windows NT at Thu May 16 12:33:54 2013

using config file: E:\dtxy\config.cfg
Can't find "mudos", ignoring old binaries.
Try invoking the driver using the full pathname.
Connected to address server on localhost port 6666
]simul_efun loaded successfully.

Loading preloaded files ...
Initializations complete.

Accepting connections on port 6666.
Initializing internal tables....

<---紫藤西游: MudOs v22pre11 (by wwj,Jan  1 1999) startup on Microsoft Windows NT at Thu May 16 12:34:20 2013

using config file: E:\dtxy\config.cfg
Can't find "mudos", ignoring old binaries.
Try invoking the driver using the full pathname.
Connected to address server on localhost port 6666
]simul_efun loaded successfully.

Loading preloaded files ...
Initializations complete.

Accepting connections on port 6666.
Initializing internal tables....

<---紫藤西游: MudOs v22pre11 (by wwj,Jan  1 1999) startup on Microsoft Windows NT at Thu May 16 12:35:31 2013

using config file: E:\dtxy\config.cfg
Can't find "mudos", ignoring old binaries.
Try invoking the driver using the full pathname.
Connected to address server on localhost port 6666
]simul_efun loaded successfully.

Loading preloaded files ...
Initializations complete.

Accepting connections on port 6666.
Initializing internal tables....

<---紫藤西游: MudOs v22pre11 (by wwj,Jan  1 1999) startup on Microsoft Windows NT at Thu May 16 12:35:56 2013

using config file: E:\dtxy\config.cfg
Can't find "mudos", ignoring old binaries.
Try invoking the driver using the full pathname.
Connected to address server on localhost port 6666
]simul_efun loaded successfully.

Loading preloaded files ...
Initializations complete.

Accepting connections on port 6666.
Initializing internal tables....

<---紫藤西游: MudOs v22pre11 (by wwj,Jan  1 1999) startup on Microsoft Windows NT at Thu May 16 12:36:26 2013

using config file: E:\dtxy\config.cfg
Can't find "mudos", ignoring old binaries.
Try invoking the driver using the full pathname.
Connected to address server on localhost port 6666
]simul_efun loaded successfully.

Loading preloaded files ...
Initializations complete.

Accepting connections on port 6666.
Initializing internal tables....

<---紫藤西游: MudOs v22pre11 (by wwj,Jan  1 1999) startup on Microsoft Windows NT at Thu May 16 14:57:01 2013

using config file: E:\dtxy\config.cfg
Can't find "mudos", ignoring old binaries.
Try invoking the driver using the full pathname.
Connected to address server on localhost port 6666
]simul_efun loaded successfully.

Loading preloaded files ...
Initializations complete.

Accepting connections on port 6666.
Initializing internal tables....

<---紫藤西游: MudOs v22pre11 (by wwj,Jan  1 1999) startup on Microsoft Windows NT at Thu May 16 14:57:37 2013

using config file: E:\dtxy\config.cfg
Can't find "mudos", ignoring old binaries.
Try invoking the driver using the full pathname.
Connected to address server on localhost port 6666
]simul_efun loaded successfully.

Loading preloaded files ...
Initializations complete.

Accepting connections on port 6666.
Initializing internal tables....

<---紫藤西游: MudOs v22pre11 (by wwj,Jan  1 1999) startup on Microsoft Windows NT at Thu May 16 14:58:06 2013

using config file: E:\dtxy\config.cfg
Can't find "mudos", ignoring old binaries.
Try invoking the driver using the full pathname.
Connected to address server on localhost port 6666
]simul_efun loaded successfully.

Loading preloaded files ...
Initializations complete.

Accepting connections on port 6666.
Initializing internal tables....

<---紫藤西游: MudOs v22pre11 (by wwj,Jan  1 1999) startup on Microsoft Windows NT at Thu May 16 14:58:26 2013

using config file: E:\dtxy\config.cfg
Can't find "mudos", ignoring old binaries.
Try invoking the driver using the full pathname.
Connected to address server on localhost port 6666
]simul_efun loaded successfully.

Loading preloaded files ...
Initializations complete.

Accepting connections on port 6666.
Initializing internal tables....

<---紫藤西游: MudOs v22pre11 (by wwj,Jan  1 1999) startup on Microsoft Windows NT at Thu May 16 14:59:10 2013

using config file: E:\dtxy\config.cfg
Can't find "mudos", ignoring old binaries.
Try invoking the driver using the full pathname.
Connected to address server on localhost port 6666
]simul_efun loaded successfully.

Loading preloaded files ...
Initializations complete.

Accepting connections on port 6666.
Initializing internal tables....

<---紫藤西游: MudOs v22pre11 (by wwj,Jan  1 1999) startup on Microsoft Windows NT at Thu May 16 14:59:37 2013

using config file: E:\dtxy\config.cfg
Can't find "mudos", ignoring old binaries.
Try invoking the driver using the full pathname.
Connected to address server on localhost port 6666
]simul_efun loaded successfully.

Loading preloaded files ...
Initializations complete.

Accepting connections on port 6666.
Initializing internal tables....

<---紫藤西游: MudOs v22pre11 (by wwj,Jan  1 1999) startup on Microsoft Windows NT at Thu May 16 15:00:02 2013

using config file: E:\dtxy\config.cfg
Can't find "mudos", ignoring old binaries.
Try invoking the driver using the full pathname.
Connected to address server on localhost port 6666
]simul_efun loaded successfully.

Loading preloaded files ...
Initializations complete.

Accepting connections on port 6666.
Initializing internal tables....

<---紫藤西游: MudOs v22pre11 (by wwj,Jan  1 1999) startup on Microsoft Windows NT at Thu May 16 15:03:54 2013

using config file: E:\dtxy\config.cfg
Can't find "mudos", ignoring old binaries.
Try invoking the driver using the full pathname.
Connected to address server on localhost port 6666
]simul_efun loaded successfully.

Loading preloaded files ...
Initializations complete.

Accepting connections on port 6666.
get_user_data: read on fd 372
System Error: get_user_data: read: 当文件已存在时，无法创建该文件。

get_user_data: read on fd 372
System Error: get_user_data: read: 当文件已存在时，无法创建该文件。

get_user_data: read on fd 372
System Error: get_user_data: read: 当文件已存在时，无法创建该文件。

get_user_data: read on fd 372
System Error: get_user_data: read: 当文件已存在时，无法创建该文件。

get_user_data: read on fd 372
System Error: get_user_data: read: 当文件已存在时，无法创建该文件。

Initializing internal tables....

<---紫藤西游: MudOs v22pre11 (by wwj,Jan  1 1999) startup on Microsoft Windows NT at Thu May 16 15:10:12 2013

using config file: E:\dtxy\config.cfg
Can't find "mudos", ignoring old binaries.
Try invoking the driver using the full pathname.
Connected to address server on localhost port 6666
]simul_efun loaded successfully.

Loading preloaded files ...
Initializations complete.

Accepting connections on port 6666.
Initializing internal tables....

<---紫藤西游: MudOs v22pre11 (by wwj,Jan  1 1999) startup on Microsoft Windows NT at Thu May 16 15:13:01 2013

using config file: E:\dtxy\config.cfg
Can't find "mudos", ignoring old binaries.
Try invoking the driver using the full pathname.
Connected to address server on localhost port 6666
]simul_efun loaded successfully.

Loading preloaded files ...
Initializations complete.

Accepting connections on port 6666.
Initializing internal tables....

<---紫藤西游: MudOs v22pre11 (by wwj,Jan  1 1999) startup on Microsoft Windows NT at Thu May 16 15:13:42 2013

using config file: E:\dtxy\config.cfg
Can't find "mudos", ignoring old binaries.
Try invoking the driver using the full pathname.
Connected to address server on localhost port 6666
]simul_efun loaded successfully.

Loading preloaded files ...
Initializations complete.

Accepting connections on port 6666.
Initializing internal tables....

<---紫藤西游: MudOs v22pre11 (by wwj,Jan  1 1999) startup on Microsoft Windows NT at Thu May 16 15:19:41 2013

using config file: E:\dtxy\config.cfg
Can't find "mudos", ignoring old binaries.
Try invoking the driver using the full pathname.
Connected to address server on localhost port 6666
]simul_efun loaded successfully.

Loading preloaded files ...
Initializations complete.

Accepting connections on port 6666.
Initializing internal tables....

<---紫藤西游: MudOs v22pre11 (by wwj,Jan  1 1999) startup on Microsoft Windows NT at Sun May 19 12:38:34 2013

using config file: E:\dtxy\config.cfg
Can't find "mudos", ignoring old binaries.
Try invoking the driver using the full pathname.
Connected to address server on localhost port 6666
]simul_efun loaded successfully.

Loading preloaded files ...
Initializations complete.

Accepting connections on port 6666.
Initializing internal tables....

<---紫藤西游: MudOs v22pre11 (by wwj,Jan  1 1999) startup on Microsoft Windows NT at Sun May 19 12:45:22 2013

using config file: E:\dtxy\config.cfg
Can't find "mudos", ignoring old binaries.
Try invoking the driver using the full pathname.
Connected to address server on localhost port 6666
]simul_efun loaded successfully.

Loading preloaded files ...
Initializations complete.

Accepting connections on port 6666.
Initializing internal tables....

<---紫藤西游: MudOs v22pre11 (by wwj,Jan  1 1999) startup on Microsoft Windows NT at Wed May 22 15:11:38 2013

using config file: E:\dtxy\config.cfg
Can't find "mudos", ignoring old binaries.
Try invoking the driver using the full pathname.
Connected to address server on localhost port 6666
include/globals.h line 202: Warning: redefinition of #define __ON__

]simul_efun loaded successfully.
include/globals.h line 202: Warning: redefinition of #define __ON__


Loading preloaded files ...
错误讯息被拦截：
执行时段错误：*Error in loading object '/adm/daemons/virtuald'

程序：adm/obj/master.c 第 126 行
物件：/adm/obj/master
呼叫来自：adm/obj/master.c 的 preload() 第 126 行，物件： adm/obj/master
调用参数：preload("/adm/daemons/virtuald")
局部变量：1369206698, NULL
呼叫来自：adm/obj/master.c 的 CATCH() 第 126 行，物件： adm/obj/master
调用参数：CATCH()
局部变量：
previous_object(0): adm/obj/master
+----------------------------------------------------------------------+

Initializations complete.

Accepting connections on port 6666.
Initializing internal tables....

<---紫藤西游: MudOs v22pre11 (by wwj,Jan  1 1999) startup on Microsoft Windows NT at Wed May 22 15:12:15 2013

using config file: E:\dtxy\config.cfg
Can't find "mudos", ignoring old binaries.
Try invoking the driver using the full pathname.
Connected to address server on localhost port 6666
include/globals.h line 202: Warning: redefinition of #define __ON__

]simul_efun loaded successfully.
include/globals.h line 202: Warning: redefinition of #define __ON__


Loading preloaded files ...
错误讯息被拦截：
执行时段错误：*Error in loading object '/adm/daemons/virtuald'

程序：adm/obj/master.c 第 126 行
物件：/adm/obj/master
呼叫来自：adm/obj/master.c 的 preload() 第 126 行，物件： adm/obj/master
调用参数：preload("/adm/daemons/virtuald")
局部变量：1369206735, NULL
呼叫来自：adm/obj/master.c 的 CATCH() 第 126 行，物件： adm/obj/master
调用参数：CATCH()
局部变量：
previous_object(0): adm/obj/master
+----------------------------------------------------------------------+

Initializations complete.

Accepting connections on port 6666.
Initializing internal tables....

<---紫藤西游: MudOs v22pre11 (by wwj,Jan  1 1999) startup on Microsoft Windows NT at Wed May 22 15:13:05 2013

using config file: E:\dtxy\config.cfg
Can't find "mudos", ignoring old binaries.
Try invoking the driver using the full pathname.
Connected to address server on localhost port 6666
include/globals.h line 202: Warning: redefinition of #define __ON__

]simul_efun loaded successfully.
include/globals.h line 202: Warning: redefinition of #define __ON__


Loading preloaded files ...
错误讯息被拦截：
执行时段错误：*Error in loading object '/adm/daemons/virtuald'

程序：adm/obj/master.c 第 126 行
物件：/adm/obj/master
呼叫来自：adm/obj/master.c 的 preload() 第 126 行，物件： adm/obj/master
调用参数：preload("/adm/daemons/virtuald")
局部变量：1369206785, NULL
呼叫来自：adm/obj/master.c 的 CATCH() 第 126 行，物件： adm/obj/master
调用参数：CATCH()
局部变量：
previous_object(0): adm/obj/master
+----------------------------------------------------------------------+

Initializations complete.

Accepting connections on port 6868.
Initializing internal tables....

<---紫藤西游: MudOs v22pre11 (by wwj,Jan  1 1999) startup on Microsoft Windows NT at Wed May 22 15:13:31 2013

using config file: E:\dtxy\config.cfg
Can't find "mudos", ignoring old binaries.
Try invoking the driver using the full pathname.
Connected to address server on localhost port 6666
include/globals.h line 202: Warning: redefinition of #define __ON__

]simul_efun loaded successfully.
include/globals.h line 202: Warning: redefinition of #define __ON__


Loading preloaded files ...
错误讯息被拦截：
执行时段错误：*Error in loading object '/adm/daemons/virtuald'

程序：adm/obj/master.c 第 126 行
物件：/adm/obj/master
呼叫来自：adm/obj/master.c 的 preload() 第 126 行，物件： adm/obj/master
调用参数：preload("/adm/daemons/virtuald")
局部变量：1369206811, NULL
呼叫来自：adm/obj/master.c 的 CATCH() 第 126 行，物件： adm/obj/master
调用参数：CATCH()
局部变量：
previous_object(0): adm/obj/master
+----------------------------------------------------------------------+

Initializations complete.

Accepting connections on port 6868.
Initializing internal tables....

<---紫藤西游: MudOs v22pre11 (by wwj,Jan  1 1999) startup on Microsoft Windows NT at Wed May 22 15:13:59 2013

using config file: E:\dtxy\config.cfg
Can't find "mudos", ignoring old binaries.
Try invoking the driver using the full pathname.
Connected to address server on localhost port 6666
include/globals.h line 202: Warning: redefinition of #define __ON__

]simul_efun loaded successfully.
include/globals.h line 202: Warning: redefinition of #define __ON__


Loading preloaded files ...
错误讯息被拦截：
执行时段错误：*Error in loading object '/adm/daemons/virtuald'

程序：adm/obj/master.c 第 126 行
物件：/adm/obj/master
呼叫来自：adm/obj/master.c 的 preload() 第 126 行，物件： adm/obj/master
调用参数：preload("/adm/daemons/virtuald")
局部变量：1369206839, NULL
呼叫来自：adm/obj/master.c 的 CATCH() 第 126 行，物件： adm/obj/master
调用参数：CATCH()
局部变量：
previous_object(0): adm/obj/master
+----------------------------------------------------------------------+

Initializations complete.

Accepting connections on port 6868.
Initializing internal tables....

<---紫藤西游: MudOs v22pre11 (by wwj,Jan  1 1999) startup on Microsoft Windows NT at Wed May 22 15:14:32 2013

using config file: E:\dtxy\config.cfg
Can't find "mudos", ignoring old binaries.
Try invoking the driver using the full pathname.
Connected to address server on localhost port 6666
include/globals.h line 202: Warning: redefinition of #define __ON__

]simul_efun loaded successfully.
include/globals.h line 202: Warning: redefinition of #define __ON__


Loading preloaded files ...
错误讯息被拦截：
执行时段错误：*Error in loading object '/adm/daemons/virtuald'

程序：adm/obj/master.c 第 126 行
物件：/adm/obj/master
呼叫来自：adm/obj/master.c 的 preload() 第 126 行，物件： adm/obj/master
调用参数：preload("/adm/daemons/virtuald")
局部变量：1369206872, NULL
呼叫来自：adm/obj/master.c 的 CATCH() 第 126 行，物件： adm/obj/master
调用参数：CATCH()
局部变量：
previous_object(0): adm/obj/master
+----------------------------------------------------------------------+

Initializations complete.

Accepting connections on port 6868.
Initializing internal tables....

<---紫藤西游: MudOs v22pre11 (by wwj,Jan  1 1999) startup on Microsoft Windows NT at Wed May 22 15:15:07 2013

using config file: E:\dtxy\config.cfg
Can't find "mudos", ignoring old binaries.
Try invoking the driver using the full pathname.
Connected to address server on localhost port 6666
include/globals.h line 202: Warning: redefinition of #define __ON__

]simul_efun loaded successfully.
include/globals.h line 202: Warning: redefinition of #define __ON__


Loading preloaded files ...
错误讯息被拦截：
执行时段错误：*Error in loading object '/adm/daemons/virtuald'

程序：adm/obj/master.c 第 126 行
物件：/adm/obj/master
呼叫来自：adm/obj/master.c 的 preload() 第 126 行，物件： adm/obj/master
调用参数：preload("/adm/daemons/virtuald")
局部变量：1369206907, NULL
呼叫来自：adm/obj/master.c 的 CATCH() 第 126 行，物件： adm/obj/master
调用参数：CATCH()
局部变量：
previous_object(0): adm/obj/master
+----------------------------------------------------------------------+

Initializations complete.

Accepting connections on port 6868.
Initializing internal tables....

<---紫藤西游: MudOs v22pre11 (by wwj,Jan  1 1999) startup on Microsoft Windows NT at Wed May 22 15:15:43 2013

using config file: E:\dtxy\config.cfg
Can't find "mudos", ignoring old binaries.
Try invoking the driver using the full pathname.
Connected to address server on localhost port 6666
include/globals.h line 202: Warning: redefinition of #define __ON__

]simul_efun loaded successfully.
include/globals.h line 202: Warning: redefinition of #define __ON__


Loading preloaded files ...
错误讯息被拦截：
执行时段错误：*Error in loading object '/adm/daemons/virtuald'

程序：adm/obj/master.c 第 126 行
物件：/adm/obj/master
呼叫来自：adm/obj/master.c 的 preload() 第 126 行，物件： adm/obj/master
调用参数：preload("/adm/daemons/virtuald")
局部变量：1369206943, NULL
呼叫来自：adm/obj/master.c 的 CATCH() 第 126 行，物件： adm/obj/master
调用参数：CATCH()
局部变量：
previous_object(0): adm/obj/master
+----------------------------------------------------------------------+

Initializations complete.

Accepting connections on port 6868.
Initializing internal tables....

<---紫藤西游: MudOs v22pre11 (by wwj,Jan  1 1999) startup on Microsoft Windows NT at Wed May 22 15:16:36 2013

using config file: E:\dtxy\config.cfg
Can't find "mudos", ignoring old binaries.
Try invoking the driver using the full pathname.
Connected to address server on localhost port 6666
include/globals.h line 202: Warning: redefinition of #define __ON__

]simul_efun loaded successfully.
include/globals.h line 202: Warning: redefinition of #define __ON__


Loading preloaded files ...
错误讯息被拦截：
执行时段错误：*Error in loading object '/adm/daemons/virtuald'

程序：adm/obj/master.c 第 126 行
物件：/adm/obj/master
呼叫来自：adm/obj/master.c 的 preload() 第 126 行，物件： adm/obj/master
调用参数：preload("/adm/daemons/virtuald")
局部变量：1369206996, NULL
呼叫来自：adm/obj/master.c 的 CATCH() 第 126 行，物件： adm/obj/master
调用参数：CATCH()
局部变量：
previous_object(0): adm/obj/master
+----------------------------------------------------------------------+

Initializations complete.

Accepting connections on port 6666.
Initializing internal tables....

<---紫藤西游: MudOs v22pre11 (by wwj,Jan  1 1999) startup on Microsoft Windows NT at Wed May 22 15:17:29 2013

using config file: E:\dtxy\config.cfg
Can't find "mudos", ignoring old binaries.
Try invoking the driver using the full pathname.
Connected to address server on localhost port 6666
include/globals.h line 202: Warning: redefinition of #define __ON__

]simul_efun loaded successfully.
include/globals.h line 202: Warning: redefinition of #define __ON__


Loading preloaded files ...
错误讯息被拦截：
执行时段错误：*Error in loading object '/adm/daemons/virtuald'

程序：adm/obj/master.c 第 126 行
物件：/adm/obj/master
呼叫来自：adm/obj/master.c 的 preload() 第 126 行，物件： adm/obj/master
调用参数：preload("/adm/daemons/virtuald")
局部变量：1369207049, NULL
呼叫来自：adm/obj/master.c 的 CATCH() 第 126 行，物件： adm/obj/master
调用参数：CATCH()
局部变量：
previous_object(0): adm/obj/master
+----------------------------------------------------------------------+

Initializations complete.

Accepting connections on port 6666.
Initializing internal tables....

<---紫藤西游: MudOs v22pre11 (by wwj,Jan  1 1999) startup on Microsoft Windows NT at Wed May 22 15:55:01 2013

using config file: E:\dtxy\config.cfg
Can't find "mudos", ignoring old binaries.
Try invoking the driver using the full pathname.
Connected to address server on localhost port 6666
include/globals.h line 202: Warning: redefinition of #define __ON__

]simul_efun loaded successfully.
include/globals.h line 202: Warning: redefinition of #define __ON__


Loading preloaded files ...
错误讯息被拦截：
执行时段错误：*Error in loading object '/adm/daemons/virtuald'

程序：adm/obj/master.c 第 126 行
物件：/adm/obj/master
呼叫来自：adm/obj/master.c 的 preload() 第 126 行，物件： adm/obj/master
调用参数：preload("/adm/daemons/virtuald")
局部变量：1369209303, NULL
呼叫来自：adm/obj/master.c 的 CATCH() 第 126 行，物件： adm/obj/master
调用参数：CATCH()
局部变量：
previous_object(0): adm/obj/master
+----------------------------------------------------------------------+

Initializations complete.

Accepting connections on port 6666.

执行时段错误：*Error in loading object '/d/southern/wutai/guandao3'

程序：cmds/std/go.c 第 61 行
物件：/cmds/std/go
呼叫来自：feature/command.c 的 command_hook() 第 83 行，物件： obj/user#3 ("叶子")
调用参数：command_hook("east")
局部变量："go", "/cmds/std/go"
呼叫来自：cmds/std/go.c 的 main() 第 61 行，物件： cmds/std/go
调用参数：main("east", NULL)
局部变量："/d/southern/wutai/guandao3", NULL, NULL, ([ ... ]), NULL, NULL, NULL, NULL
this_player: obj/user#3 ("叶子")
          <- d/kaifeng/tieta
previous_object(0): cmds/std/go
previous_object(1): obj/user#3 ("叶子")
+----------------------------------------------------------------------+


执行时段错误：*Error in loading object '/d/southern/wutai/guandao3'

程序：cmds/std/go.c 第 61 行
物件：/cmds/std/go
呼叫来自：feature/command.c 的 command_hook() 第 83 行，物件： obj/user#3 ("叶子")
调用参数：command_hook("east")
局部变量："go", "/cmds/std/go"
呼叫来自：cmds/std/go.c 的 main() 第 61 行，物件： cmds/std/go
调用参数：main("east", NULL)
局部变量："/d/southern/wutai/guandao3", NULL, NULL, ([ ... ]), NULL, NULL, NULL, NULL
this_player: obj/user#3 ("叶子")
          <- d/kaifeng/tieta
previous_object(0): cmds/std/go
previous_object(1): obj/user#3 ("叶子")
+----------------------------------------------------------------------+


执行时段错误：*Error in loading object '/d/dntg/sky/dadao1'

程序：cmds/std/go.c 第 61 行
物件：/cmds/std/go
呼叫来自：feature/command.c 的 command_hook() 第 83 行，物件： obj/user#3 ("叶子")
调用参数：command_hook("south")
局部变量："go", "/cmds/std/go"
呼叫来自：cmds/std/go.c 的 main() 第 61 行，物件： cmds/std/go
调用参数：main("south", NULL)
局部变量："/d/dntg/sky/dadao1", NULL, NULL, ([ ... ]), NULL, NULL, NULL, NULL
this_player: obj/user#3 ("叶子")
          <- d/dntg/sky/dadao2
previous_object(0): cmds/std/go
previous_object(1): obj/user#3 ("叶子")
+----------------------------------------------------------------------+


执行时段错误：*Error in loading object '/d/dntg/sky/dadao1'

程序：cmds/std/go.c 第 61 行
物件：/cmds/std/go
呼叫来自：feature/command.c 的 command_hook() 第 83 行，物件： obj/user#3 ("叶子")
调用参数：command_hook("south")
局部变量："go", "/cmds/std/go"
呼叫来自：cmds/std/go.c 的 main() 第 61 行，物件： cmds/std/go
调用参数：main("south", NULL)
局部变量："/d/dntg/sky/dadao1", NULL, NULL, ([ ... ]), NULL, NULL, NULL, NULL
this_player: obj/user#3 ("叶子")
          <- d/dntg/sky/dadao2
previous_object(0): cmds/std/go
previous_object(1): obj/user#3 ("叶子")
+----------------------------------------------------------------------+


<---紫藤西游: MudOs v22pre11 (by wwj,Jan  1 1999) startup on Microsoft Windows NT at Wed May 22 16:46:54 2013

using config file: E:\dtxy\config.cfg
Can't find "mudos", ignoring old binaries.
Try invoking the driver using the full pathname.
Connected to address server on localhost port 6666
]simul_efun loaded successfully.

Loading preloaded files ...
错误讯息被拦截：
执行时段错误：*Error in loading object '/adm/daemons/virtuald'

程序：adm/obj/master.c 第 126 行
物件：/adm/obj/master
呼叫来自：adm/obj/master.c 的 preload() 第 126 行，物件： adm/obj/master
调用参数：preload("/adm/daemons/virtuald")
局部变量：1369212422, NULL
呼叫来自：adm/obj/master.c 的 CATCH() 第 126 行，物件： adm/obj/master
调用参数：CATCH()
局部变量：
previous_object(0): adm/obj/master
+----------------------------------------------------------------------+

Initializations complete.

Accepting connections on port 6666.
Initializing internal tables....

<---紫藤西游: MudOs v22pre11 (by wwj,Jan  1 1999) startup on Microsoft Windows NT at Wed May 22 17:01:58 2013

using config file: E:\dtxy\config.cfg
Can't find "mudos", ignoring old binaries.
Try invoking the driver using the full pathname.
Connected to address server on localhost port 6666
]simul_efun loaded successfully.

Loading preloaded files ...
错误讯息被拦截：
执行时段错误：*Error in loading object '/adm/daemons/virtuald'

程序：adm/obj/master.c 第 126 行
物件：/adm/obj/master
呼叫来自：adm/obj/master.c 的 preload() 第 126 行，物件： adm/obj/master
调用参数：preload("/adm/daemons/virtuald")
局部变量：1369213318, NULL
呼叫来自：adm/obj/master.c 的 CATCH() 第 126 行，物件： adm/obj/master
调用参数：CATCH()
局部变量：
previous_object(0): adm/obj/master
+----------------------------------------------------------------------+

Initializations complete.

Accepting connections on port 6666.
Initializing internal tables....

<---紫藤西游: MudOs v22pre11 (by wwj,Jan  1 1999) startup on Microsoft Windows NT at Wed May 22 17:08:36 2013

using config file: E:\dtxy\config.cfg
Can't find "mudos", ignoring old binaries.
Try invoking the driver using the full pathname.
Connected to address server on localhost port 6666
]simul_efun loaded successfully.

Loading preloaded files ...
错误讯息被拦截：
执行时段错误：*Error in loading object '/adm/daemons/virtuald'

程序：adm/obj/master.c 第 126 行
物件：/adm/obj/master
呼叫来自：adm/obj/master.c 的 preload() 第 126 行，物件： adm/obj/master
调用参数：preload("/adm/daemons/virtuald")
局部变量：1369213716, NULL
呼叫来自：adm/obj/master.c 的 CATCH() 第 126 行，物件： adm/obj/master
调用参数：CATCH()
局部变量：
previous_object(0): adm/obj/master
+----------------------------------------------------------------------+

Initializations complete.

Accepting connections on port 6666.

执行时段错误：*Error in loading object '/d/dntg/sky/dadao1'

程序：cmds/std/go.c 第 61 行
物件：/cmds/std/go
呼叫来自：feature/command.c 的 command_hook() 第 83 行，物件： obj/user#2 ("叶子")
调用参数：command_hook("south")
局部变量："go", "/cmds/std/go"
呼叫来自：cmds/std/go.c 的 main() 第 61 行，物件： cmds/std/go
调用参数：main("south", NULL)
局部变量："/d/dntg/sky/dadao1", NULL, NULL, ([ ... ]), NULL, NULL, NULL, NULL
this_player: obj/user#2 ("叶子")
          <- d/dntg/sky/dadao2
previous_object(0): cmds/std/go
previous_object(1): obj/user#2 ("叶子")
+----------------------------------------------------------------------+

][33m【[1;32m系统[2;37;0m[33m】叶子[2;37;0m[33m(Leaf)[2;37;0m[33m：断线了。
[2;37;0m
执行时段错误：*Error in loading object '/d/dntg/sky/dadao1'

程序：cmds/std/go.c 第 61 行
物件：/cmds/std/go
呼叫来自：feature/command.c 的 command_hook() 第 83 行，物件： obj/user#751 ("叶子")
调用参数：command_hook("south")
局部变量："go", "/cmds/std/go"
呼叫来自：cmds/std/go.c 的 main() 第 61 行，物件： cmds/std/go
调用参数：main("south", NULL)
局部变量："/d/dntg/sky/dadao1", NULL, NULL, ([ ... ]), NULL, NULL, NULL, NULL
this_player: obj/user#751 ("叶子")
          <- d/dntg/sky/dadao2
previous_object(0): cmds/std/go
previous_object(1): obj/user#751 ("叶子")
+----------------------------------------------------------------------+

Initializing internal tables....

<---紫藤西游: MudOs v22pre11 (by wwj,Jan  1 1999) startup on Microsoft Windows NT at Thu May 23 09:19:41 2013

using config file: E:\dtxy\config.cfg
Can't find "mudos", ignoring old binaries.
Try invoking the driver using the full pathname.
Connected to address server on localhost port 6666
]simul_efun loaded successfully.

Loading preloaded files ...
错误讯息被拦截：
执行时段错误：*Error in loading object '/adm/daemons/virtuald'

程序：adm/obj/master.c 第 126 行
物件：/adm/obj/master
呼叫来自：adm/obj/master.c 的 preload() 第 126 行，物件： adm/obj/master
调用参数：preload("/adm/daemons/virtuald")
局部变量：1369271982, NULL
呼叫来自：adm/obj/master.c 的 CATCH() 第 126 行，物件： adm/obj/master
调用参数：CATCH()
局部变量：
previous_object(0): adm/obj/master
+----------------------------------------------------------------------+

Initializations complete.

Accepting connections on port 6666.
错误讯息被拦截：
执行时段错误：*Error in loading object '/adm/daemons/virtuald'

程序：cmds/eld/update.c 第 56 行
物件：/cmds/eld/update
呼叫来自：feature/command.c 的 command_hook() 第 83 行，物件： obj/user#2 ("叶子")
调用参数：command_hook("adm/daemons/virtuald.c")
局部变量："update", "/cmds/eld/update"
呼叫来自：cmds/eld/update.c 的 main() 第 56 行，物件： cmds/eld/update
调用参数：main("/adm/daemons/virtuald.c")
局部变量：NULL, 0, NULL, NULL
呼叫来自：cmds/eld/update.c 的 CATCH() 第 56 行，物件： cmds/eld/update
调用参数：CATCH()
局部变量：
this_player: obj/user#2 ("叶子")
          <- d/southern/wutai/guandao3
previous_object(0): cmds/eld/update
previous_object(1): obj/user#2 ("叶子")
+----------------------------------------------------------------------+

错误讯息被拦截：
执行时段错误：*Error in loading object '/adm/daemons/virtuald'

程序：cmds/eld/update.c 第 56 行
物件：/cmds/eld/update
呼叫来自：feature/command.c 的 command_hook() 第 83 行，物件： obj/user#2 ("叶子")
调用参数：command_hook("adm/daemons/virtuald.c")
局部变量："update", "/cmds/eld/update"
呼叫来自：cmds/eld/update.c 的 main() 第 56 行，物件： cmds/eld/update
调用参数：main("/adm/daemons/virtuald.c")
局部变量：NULL, 0, NULL, NULL
呼叫来自：cmds/eld/update.c 的 CATCH() 第 56 行，物件： cmds/eld/update
调用参数：CATCH()
局部变量：
this_player: obj/user#2 ("叶子")
          <- d/southern/wutai/guandao3
previous_object(0): cmds/eld/update
previous_object(1): obj/user#2 ("叶子")
+----------------------------------------------------------------------+

Initializing internal tables....

<---紫藤西游: MudOs v22pre11 (by wwj,Jan  1 1999) startup on Microsoft Windows NT at Thu May 23 17:36:46 2013

using config file: E:\dtxy\config.cfg
Can't find "mudos", ignoring old binaries.
Try invoking the driver using the full pathname.
Connected to address server on localhost port 6666
]simul_efun loaded successfully.

Loading preloaded files ...
Initializations complete.

Accepting connections on port 6666.
Initializing internal tables....

<---紫藤西游: MudOs v22pre11 (by wwj,Jan  1 1999) startup on Microsoft Windows NT at Thu May 23 17:37:09 2013

using config file: E:\dtxy\config.cfg
Can't find "mudos", ignoring old binaries.
Try invoking the driver using the full pathname.
Connected to address server on localhost port 6666
]simul_efun loaded successfully.

Loading preloaded files ...
Initializations complete.

Accepting connections on port 6666.
Initializing internal tables....

<---紫藤西游: MudOs v22pre11 (by wwj,Jan  1 1999) startup on Microsoft Windows NT at Thu May 23 17:39:22 2013

using config file: E:\dtxy\config.cfg
Can't find "mudos", ignoring old binaries.
Try invoking the driver using the full pathname.
Connected to address server on localhost port 6666
]simul_efun loaded successfully.

Loading preloaded files ...
Initializations complete.

Accepting connections on port 6666.
Initializing internal tables....

<---紫藤西游: MudOs v22pre11 (by wwj,Jan  1 1999) startup on Microsoft Windows NT at Thu May 23 17:39:59 2013

using config file: E:\dtxy\config.cfg
Can't find "mudos", ignoring old binaries.
Try invoking the driver using the full pathname.
Connected to address server on localhost port 6666
]simul_efun loaded successfully.

Loading preloaded files ...
Initializations complete.

Accepting connections on port 6666.
Initializing internal tables....

<---紫藤西游: MudOs v22pre11 (by wwj,Jan  1 1999) startup on Microsoft Windows NT at Thu May 23 17:41:16 2013

using config file: E:\dtxy\config.cfg
Can't find "mudos", ignoring old binaries.
Try invoking the driver using the full pathname.
Connected to address server on localhost port 6666
]simul_efun loaded successfully.

Loading preloaded files ...
Initializations complete.

Accepting connections on port 6666.

执行时段错误：*Bad argument 1 to call_other()
Expected: string or array or object Got: 0.

程序：d/npc/vr_room/0501/guard.c 第 191 行
物件：/d/npc/vr_room/0501/guard#42
呼叫来自：feature/command.c 的 command_hook() 第 83 行，物件： obj/user#2 ("叶子")
调用参数：command_hook("jumang jing")
局部变量："smash", "/cmds/imm/smash"
呼叫来自：cmds/imm/smash.c 的 main() 第 38 行，物件： cmds/imm/smash
调用参数：main("jumang jing")
局部变量："叶子", "[1;34m巨蟒精[2;37;0m"
呼叫来自：d/npc/vr_room/0501/guard.c 的 die() 第 191 行，物件： d/npc/vr_room/0501/guard#42 ("[1;34m巨蟒精[2;37;0m")
调用参数：die()
局部变量：NULL, NULL, NULL, NULL, NULL, NULL, 184, 138, 61
this_player: obj/user#2 ("叶子")
          <- d/room/vr_room/VRM_0501/entry
previous_object(0): d/npc/vr_room/0501/guard#42 ("[1;34m巨蟒精[2;37;0m")
previous_object(1): cmds/imm/smash
previous_object(2): obj/user#2 ("叶子")
+----------------------------------------------------------------------+

Initializing internal tables....
][33m【[1;32m系统[2;37;0m[33m】叶子[2;37;0m[33m(Leaf)[2;37;0m[33m：断线了。
[2;37;0m
<---紫藤西游: MudOs v22pre11 (by wwj,Jan  1 1999) startup on Microsoft Windows NT at Fri May 24 10:54:19 2013

using config file: E:\dtxy\config.cfg
Can't find "mudos", ignoring old binaries.
Try invoking the driver using the full pathname.
Connected to address server on localhost port 6666
]simul_efun loaded successfully.

Loading preloaded files ...
Initializations complete.

Accepting connections on port 6666.
Initializing internal tables....

<---紫藤西游: MudOs v22pre11 (by wwj,Jan  1 1999) startup on Microsoft Windows NT at Fri May 24 10:54:33 2013

using config file: E:\dtxy\config.cfg
Can't find "mudos", ignoring old binaries.
Try invoking the driver using the full pathname.
Connected to address server on localhost port 6666
]simul_efun loaded successfully.

Loading preloaded files ...
Initializations complete.

Accepting connections on port 6666.
Initializing internal tables....

<---紫藤西游: MudOs v22pre11 (by wwj,Jan  1 1999) startup on Microsoft Windows NT at Fri May 24 10:59:38 2013

using config file: E:\dtxy\config.cfg
Can't find "mudos", ignoring old binaries.
Try invoking the driver using the full pathname.
Connected to address server on localhost port 6666
]simul_efun loaded successfully.

Loading preloaded files ...
Initializations complete.

Accepting connections on port 6666.
Initializing internal tables....

<---紫藤西游: MudOs v22pre11 (by wwj,Jan  1 1999) startup on Microsoft Windows NT at Fri May 24 11:00:00 2013

using config file: E:\dtxy\config.cfg
Can't find "mudos", ignoring old binaries.
Try invoking the driver using the full pathname.
Connected to address server on localhost port 6666
]simul_efun loaded successfully.

Loading preloaded files ...
Initializations complete.

Accepting connections on port 6666.

执行时段错误：*call_other() couldn't find object

程序：feature/command.c 第 83 行
物件：/obj/user#2
呼叫来自：feature/command.c 的 command_hook() 第 83 行，物件： obj/user#2 ("叶子")
调用参数：command_hook(NULL)
局部变量："learn2", "/cmds/std/learn2"
this_player: obj/user#2 ("叶子")
          <- d/wiz/entrance
previous_object(0): obj/user#2 ("叶子")
+----------------------------------------------------------------------+


<---紫藤西游: MudOs v22pre11 (by wwj,Jan  1 1999) startup on Microsoft Windows NT at Fri May 24 13:08:15 2013

using config file: E:\dtxy\config.cfg
Can't find "mudos", ignoring old binaries.
Try invoking the driver using the full pathname.
Connected to address server on localhost port 6666
]simul_efun loaded successfully.

Loading preloaded files ...
Initializations complete.

Accepting connections on port 6666.

<---紫藤西游: MudOs v22pre11 (by wwj,Jan  1 1999) startup on Microsoft Windows NT at Fri May 24 14:33:58 2013

Initializing internal tables....
using config file: C:\Documents and Settings\Administrator\桌面\ztxy2013\config.cfg
Bad mudlib directory: /ztxy2013

<---紫藤西游: MudOs v22pre11 (by wwj,Jan  1 1999) shutdown at Fri May 24 14:33:58 2013




<---紫藤西游: MudOs v22pre11 (by wwj,Jan  1 1999) startup on Microsoft Windows NT at Fri May 24 14:34:35 2013

Initializing internal tables....
using config file: C:\Documents and Settings\Administrator\桌面\ztxy2013\config.cfg
Bad mudlib directory: /ztxy2013

<---紫藤西游: MudOs v22pre11 (by wwj,Jan  1 1999) shutdown at Fri May 24 14:34:35 2013




<---紫藤西游: MudOs v22pre11 (by wwj,Jan  1 1999) startup on Microsoft Windows NT at Fri May 24 14:39:31 2013

using config file: E:\ztxy2013\config.cfg
Can't find "mudos", ignoring old binaries.
Try invoking the driver using the full pathname.
Connected to address server on localhost port 6666
]simul_efun loaded successfully.

Loading preloaded files ...
Initializations complete.

Accepting connections on port 6666.
Initializing internal tables....

<---紫藤西游: MudOs v22pre11 (by wwj,Jan  1 1999) startup on Microsoft Windows NT at Fri May 24 14:39:59 2013

using config file: E:\ztxy2013\config.cfg
Can't find "mudos", ignoring old binaries.
Try invoking the driver using the full pathname.
Connected to address server on localhost port 6666
]simul_efun loaded successfully.

Loading preloaded files ...
Initializations complete.

Accepting connections on port 6666.

<---紫藤西游: MudOs v22pre11 (by wwj,Jan  1 1999) startup on Microsoft Windows NT at Fri May 24 15:27:00 2013

using config file: E:\ztxy2013\config.cfg
Can't find "mudos", ignoring old binaries.
Try invoking the driver using the full pathname.
Connected to address server on localhost port 6666
]simul_efun loaded successfully.

Loading preloaded files ...
Initializations complete.

Accepting connections on port 6666.

<---紫藤西游: MudOs v22pre11 (by wwj,Jan  1 1999) startup on Microsoft Windows NT at Mon Nov 18 21:01:57 2013

using config file: D:\ztxy2013\config.cfg
Can't find "mudos", ignoring old binaries.
Try invoking the driver using the full pathname.
Connected to address server on localhost port 6666
]simul_efun loaded successfully.

Loading preloaded files ...
Initializations complete.

Accepting connections on port 6666.
Initializing internal tables....

<---紫藤西游: MudOs v22pre11 (by wwj,Jan  1 1999) startup on Microsoft Windows NT at Mon Nov 18 21:03:28 2013

using config file: D:\ztxy2013\config.cfg
Can't find "mudos", ignoring old binaries.
Try invoking the driver using the full pathname.
Connected to address server on localhost port 6666
]simul_efun loaded successfully.

Loading preloaded files ...
Initializations complete.

Accepting connections on port 6666.
Initializing internal tables....

<---紫藤西游: MudOs v22pre11 (by wwj,Jan  1 1999) startup on Microsoft Windows NT at Mon Nov 18 21:06:06 2013

using config file: D:\ztxy2013\config.cfg
Can't find "mudos", ignoring old binaries.
Try invoking the driver using the full pathname.
Connected to address server on localhost port 6666
]simul_efun loaded successfully.

Loading preloaded files ...
Initializations complete.

Accepting connections on port 6666.
Initializing internal tables....

<---紫藤西游: MudOs v22pre11 (by wwj,Jan  1 1999) startup on Microsoft Windows NT at Thu Nov 21 10:54:48 2013

Initializing internal tables....
using config file: D:\ztxy2013\config.cfg
Bad mudlib directory: /ztxy2013

<---紫藤西游: MudOs v22pre11 (by wwj,Jan  1 1999) shutdown at Thu Nov 21 10:54:48 2013




<---紫藤西游: MudOs v22pre11 (by wwj,Jan  1 1999) startup on Microsoft Windows NT at Thu Nov 21 14:39:30 2013

Initializing internal tables....
using config file: D:\ztxy2013\config.cfg
Bad mudlib directory: /ztxy2013

<---紫藤西游: MudOs v22pre11 (by wwj,Jan  1 1999) shutdown at Thu Nov 21 14:39:30 2013




<---紫藤西游: MudOs v22pre11 (by wwj,Jan  1 1999) startup on Microsoft Windows NT at Thu Nov 21 15:18:16 2013

Initializing internal tables....
using config file: D:\ztxy2013\config.cfg
Bad mudlib directory: /ztxy2013

<---紫藤西游: MudOs v22pre11 (by wwj,Jan  1 1999) shutdown at Thu Nov 21 15:18:16 2013




<---紫藤西游: MudOs v22pre11 (by wwj,Jan  1 1999) startup on Microsoft Windows NT at Fri Nov 29 13:04:21 2013

Initializing internal tables....
using config file: D:\ztxy2013\config.cfg
Bad mudlib directory: /ztxy2013

<---紫藤西游: MudOs v22pre11 (by wwj,Jan  1 1999) shutdown at Fri Nov 29 13:04:21 2013




<---紫藤西游: MudOs v22pre11 (by wwj,Jan  1 1999) startup on Microsoft Windows NT at Fri Nov 29 13:54:55 2013

Initializing internal tables....
using config file: D:\ztxy2013\config.cfg
Bad mudlib directory: /ztxy2013

<---紫藤西游: MudOs v22pre11 (by wwj,Jan  1 1999) shutdown at Fri Nov 29 13:54:55 2013




<---紫藤西游: MudOs v22pre11 (by wwj,Jan  1 1999) startup on Microsoft Windows NT at Sat Nov 30 12:19:34 2013

Initializing internal tables....
using config file: D:\ztxy2013\config.cfg
Bad mudlib directory: /ztxy2013

<---紫藤西游: MudOs v22pre11 (by wwj,Jan  1 1999) shutdown at Sat Nov 30 12:19:34 2013




<---紫藤西游: MudOs v22pre11 (by wwj,Jan  1 1999) startup on Microsoft Windows NT at Thu Dec 05 15:52:41 2013

Initializing internal tables....
using config file: D:\ztxy2013\config.cfg
Bad mudlib directory: /ztxy2013

<---紫藤西游: MudOs v22pre11 (by wwj,Jan  1 1999) shutdown at Thu Dec 05 15:52:41 2013




<---紫藤西游: MudOs v22pre11 (by wwj,Jan  1 1999) startup on Microsoft Windows NT at Fri Dec 06 11:37:44 2013

Initializing internal tables....
using config file: D:\ztxy2013\config.cfg
Bad mudlib directory: /ztxy2013

<---紫藤西游: MudOs v22pre11 (by wwj,Jan  1 1999) shutdown at Fri Dec 06 11:37:44 2013




<---紫藤西游: MudOs v22pre11 (by wwj,Jan  1 1999) startup on Microsoft Windows NT at Sat Dec 07 16:57:01 2013

Initializing internal tables....
using config file: D:\ztxy2013\config.cfg
Bad mudlib directory: /ztxy2013

<---紫藤西游: MudOs v22pre11 (by wwj,Jan  1 1999) shutdown at Sat Dec 07 16:57:01 2013




<---紫藤西游: MudOs v22pre11 (by wwj,Jan  1 1999) startup on Microsoft Windows NT at Sun Jan 12 19:38:15 2014

Initializing internal tables....
using config file: D:\ztxy2013\config.cfg
Bad mudlib directory: /ztxy2013

<---紫藤西游: MudOs v22pre11 (by wwj,Jan  1 1999) shutdown at Sun Jan 12 19:38:15 2014




<---紫藤西游: MudOs v22pre11 (by wwj,Jan  1 1999) startup on Microsoft Windows NT at Mon Feb 03 11:15:07 2014

Initializing internal tables....
using config file: D:\ztxy2013\config.cfg
Bad mudlib directory: /ztxy2013

<---紫藤西游: MudOs v22pre11 (by wwj,Jan  1 1999) shutdown at Mon Feb 03 11:15:07 2014




<---紫藤西游: MudOs v22pre11 (by wwj,Jan  1 1999) startup on Microsoft Windows NT at Mon Feb 24 10:53:33 2014

Initializing internal tables....
using config file: D:\ztxy2013\config.cfg
Bad mudlib directory: /ztxy2013

<---紫藤西游: MudOs v22pre11 (by wwj,Jan  1 1999) shutdown at Mon Feb 24 10:53:33 2014



