99.03.14 13:46 B f:\mirror1\d\wudu\caofang.c --> www1.yn.cninfo.net /mudcctx/mudlib/d/wudu caofang.c
99.03.14 13:46 B f:\mirror1\d\wudu\caofang1.c --> www1.yn.cninfo.net /mudcctx/mudlib/d/wudu caofang1.c
99.03.14 13:46 B f:\mirror1\d\wudu\chanchutang.c --> www1.yn.cninfo.net /mudcctx/mudlib/d/wudu chanchutang.c
99.03.14 13:46 B f:\mirror1\d\wudu\chufang.c --> www1.yn.cninfo.net /mudcctx/mudlib/d/wudu chufang.c
99.03.14 13:46 B f:\mirror1\d\wudu\daguanlou.c --> www1.yn.cninfo.net /mudcctx/mudlib/d/wudu daguanlou.c
99.03.14 13:46 B f:\mirror1\d\wudu\dating.c --> www1.yn.cninfo.net /mudcctx/mudlib/d/wudu dating.c
99.03.14 13:46 B f:\mirror1\d\wudu\duchuan.c --> www1.yn.cninfo.net /mudcctx/mudlib/d/wudu duchuan.c
99.03.14 13:46 B f:\mirror1\d\wudu\dulongdong1.c --> www1.yn.cninfo.net /mudcctx/mudlib/d/wudu dulongdong1.c
99.03.14 13:46 B f:\mirror1\d\wudu\dulongdong2.c --> www1.yn.cninfo.net /mudcctx/mudlib/d/wudu dulongdong2.c
99.03.14 13:46 B f:\mirror1\d\wudu\heixietang.c --> www1.yn.cninfo.net /mudcctx/mudlib/d/wudu heixietang.c
99.03.14 13:46 B f:\mirror1\d\wudu\houyuan.c --> www1.yn.cninfo.net /mudcctx/mudlib/d/wudu houyuan.c
99.03.14 13:46 B f:\mirror1\d\wudu\hsonglin1.c --> www1.yn.cninfo.net /mudcctx/mudlib/d/wudu hsonglin1.c
99.03.14 13:46 B f:\mirror1\d\wudu\hsonglin2.c --> www1.yn.cninfo.net /mudcctx/mudlib/d/wudu hsonglin2.c
99.03.14 13:46 B f:\mirror1\d\wudu\hsonglin3.c --> www1.yn.cninfo.net /mudcctx/mudlib/d/wudu hsonglin3.c
99.03.14 13:46 B f:\mirror1\d\wudu\hsonglin4.c --> www1.yn.cninfo.net /mudcctx/mudlib/d/wudu hsonglin4.c
99.03.14 13:46 B f:\mirror1\d\wudu\hsonglin5.c --> www1.yn.cninfo.net /mudcctx/mudlib/d/wudu hsonglin5.c
99.03.14 13:46 B f:\mirror1\d\wudu\jinshetang.c --> www1.yn.cninfo.net /mudcctx/mudlib/d/wudu jinshetang.c
99.03.14 13:47 B f:\mirror1\d\wudu\liangongfang.c --> www1.yn.cninfo.net /mudcctx/mudlib/d/wudu liangongfang.c
99.03.14 13:47 B f:\mirror1\d\wudu\midao1.c --> www1.yn.cninfo.net /mudcctx/mudlib/d/wudu midao1.c
99.03.14 13:47 B f:\mirror1\d\wudu\midao2.c --> www1.yn.cninfo.net /mudcctx/mudlib/d/wudu midao2.c
99.03.14 13:47 B f:\mirror1\d\wudu\midao3.c --> www1.yn.cninfo.net /mudcctx/mudlib/d/wudu midao3.c
99.03.14 13:47 B f:\mirror1\d\wudu\midao4.c --> www1.yn.cninfo.net /mudcctx/mudlib/d/wudu midao4.c
99.03.14 13:47 B f:\mirror1\d\wudu\milin1.c --> www1.yn.cninfo.net /mudcctx/mudlib/d/wudu milin1.c
99.03.14 13:47 B f:\mirror1\d\wudu\milin2.c --> www1.yn.cninfo.net /mudcctx/mudlib/d/wudu milin2.c
99.03.14 13:47 B f:\mirror1\d\wudu\milin3.c --> www1.yn.cninfo.net /mudcctx/mudlib/d/wudu milin3.c
99.03.14 13:47 B f:\mirror1\d\wudu\milin4.c --> www1.yn.cninfo.net /mudcctx/mudlib/d/wudu milin4.c
99.03.14 13:47 B f:\mirror1\d\wudu\milin5.c --> www1.yn.cninfo.net /mudcctx/mudlib/d/wudu milin5.c
99.03.14 13:47 B f:\mirror1\d\wudu\milin6.c --> www1.yn.cninfo.net /mudcctx/mudlib/d/wudu milin6.c
99.03.14 13:47 B f:\mirror1\d\wudu\milin7.c --> www1.yn.cninfo.net /mudcctx/mudlib/d/wudu milin7.c
99.03.14 13:47 B f:\mirror1\d\wudu\milin8.c --> www1.yn.cninfo.net /mudcctx/mudlib/d/wudu milin8.c
99.03.14 13:47 B f:\mirror1\d\wudu\qianting.c --> www1.yn.cninfo.net /mudcctx/mudlib/d/wudu qianting.c
99.03.14 13:47 B f:\mirror1\d\wudu\qiaobi1.c --> www1.yn.cninfo.net /mudcctx/mudlib/d/wudu qiaobi1.c
99.03.14 13:47 B f:\mirror1\d\wudu\qiaobi2.c --> www1.yn.cninfo.net /mudcctx/mudlib/d/wudu qiaobi2.c
99.03.14 13:47 B f:\mirror1\d\wudu\qiaobi3.c --> www1.yn.cninfo.net /mudcctx/mudlib/d/wudu qiaobi3.c
99.03.14 13:47 B f:\mirror1\d\wudu\qiaobi4.c --> www1.yn.cninfo.net /mudcctx/mudlib/d/wudu qiaobi4.c
99.03.14 13:47 B f:\mirror1\d\wudu\qiaobi5.c --> www1.yn.cninfo.net /mudcctx/mudlib/d/wudu qiaobi5.c
99.03.14 13:47 B f:\mirror1\d\wudu\road1.c --> www1.yn.cninfo.net /mudcctx/mudlib/d/wudu road1.c
99.03.14 13:47 B f:\mirror1\d\wudu\road2.c --> www1.yn.cninfo.net /mudcctx/mudlib/d/wudu road2.c
99.03.14 13:47 B f:\mirror1\d\wudu\road3.c --> www1.yn.cninfo.net /mudcctx/mudlib/d/wudu road3.c
99.03.14 13:47 B f:\mirror1\d\wudu\road4.c --> www1.yn.cninfo.net /mudcctx/mudlib/d/wudu road4.c
99.03.14 13:47 B f:\mirror1\d\wudu\road5.c --> www1.yn.cninfo.net /mudcctx/mudlib/d/wudu road5.c
99.03.14 13:47 B f:\mirror1\d\wudu\road6.c --> www1.yn.cninfo.net /mudcctx/mudlib/d/wudu road6.c
99.03.14 13:47 B f:\mirror1\d\wudu\road7.c --> www1.yn.cninfo.net /mudcctx/mudlib/d/wudu road7.c
99.03.14 13:47 B f:\mirror1\d\wudu\shalu1.c --> www1.yn.cninfo.net /mudcctx/mudlib/d/wudu shalu1.c
99.03.14 13:47 B f:\mirror1\d\wudu\shalu2.c --> www1.yn.cninfo.net /mudcctx/mudlib/d/wudu shalu2.c
99.03.14 13:47 B f:\mirror1\d\wudu\taijie.c --> www1.yn.cninfo.net /mudcctx/mudlib/d/wudu taijie.c
99.03.14 13:47 B f:\mirror1\d\wudu\woshi.c --> www1.yn.cninfo.net /mudcctx/mudlib/d/wudu woshi.c
99.03.14 13:47 B f:\mirror1\d\wudu\wugongtang.c --> www1.yn.cninfo.net /mudcctx/mudlib/d/wudu wugongtang.c
99.03.14 13:47 B f:\mirror1\d\wudu\xiaolu.c --> www1.yn.cninfo.net /mudcctx/mudlib/d/wudu xiaolu.c
99.03.14 13:47 B f:\mirror1\d\wudu\xiaolu1.c --> www1.yn.cninfo.net /mudcctx/mudlib/d/wudu xiaolu1.c
99.03.14 13:47 B f:\mirror1\d\wudu\xiuxishi.c --> www1.yn.cninfo.net /mudcctx/mudlib/d/wudu xiuxishi.c
99.03.14 13:47 B f:\mirror1\d\wudu\youxianfang.c --> www1.yn.cninfo.net /mudcctx/mudlib/d/wudu youxianfang.c
99.03.14 13:47 B f:\mirror1\d\wudu\zhizhutang.c --> www1.yn.cninfo.net /mudcctx/mudlib/d/wudu zhizhutang.c
99.03.14 13:47 B f:\mirror1\d\wudu\zoulang.c --> www1.yn.cninfo.net /mudcctx/mudlib/d/wudu zoulang.c
99.03.14 13:47 B f:\mirror1\d\wudu\zoulang1.c --> www1.yn.cninfo.net /mudcctx/mudlib/d/wudu zoulang1.c
99.03.14 13:47 B f:\mirror1\d\wudu\zoulang2.c --> www1.yn.cninfo.net /mudcctx/mudlib/d/wudu zoulang2.c
99.03.14 13:47 B f:\mirror1\d\wudu\zoulang3.c --> www1.yn.cninfo.net /mudcctx/mudlib/d/wudu zoulang3.c
99.03.14 13:47 B f:\mirror1\d\wudu\zoulang4.c --> www1.yn.cninfo.net /mudcctx/mudlib/d/wudu zoulang4.c
99.03.14 13:47 B f:\mirror1\d\wudu\zoulang5.c --> www1.yn.cninfo.net /mudcctx/mudlib/d/wudu zoulang5.c
99.03.14 13:47 B f:\mirror1\d\wudu\zuoxianfang.c --> www1.yn.cninfo.net /mudcctx/mudlib/d/wudu zuoxianfang.c
