== copying libs/sgzmudsgz/raw/sgz/sgzmud/lib -> libs/sgzmudsgz/work
== encoding: GB18030 -> UTF-8 for every text file
  progress 200/1916
  progress 400/1916
  progress 600/1916
  progress 800/1916
  progress 1000/1916
  progress 1200/1916
  progress 1400/1916
  progress 1600/1916
  progress 1800/1916
  encoding: already_utf8=1910 converted=0 lossy=0 skipped_binary=6
== renaming .c -> .lpc
  now 923 .lpc files
== fixing literal .c" references (.lpc + .h)
  fixed 92 refs, 0 remain (inspect manually -- see AGENTS.md §2)
== fixing #include <....c> references (angle-bracket form)
  fixed 0 refs, 0 remain
== converting local #include <x.lpc> to "x.lpc" (angle brackets only search
   the configured include path, never the including file's own directory --
   see AGENTS.md §8d; safe/additive since quotes ALSO fall back to the
   include path, so this never breaks a genuinely-global include)
  converted 11 local angle-bracket includes to quotes
== static -> nosave (.lpc + .h)
  files touched: 5
== done. Next: review AGENTS.md §2/§3 leftovers, check master.lpc for the §4
   load_object-during-compile recursion pattern, then boot.
