99.03.14 12:47 B f:\mirror1\d\city\npc\obj\baozi.c --> www1.yn.cninfo.net /mudcctx/mudlib/d/city/npc/obj baozi.c
99.03.14 12:47 B f:\mirror1\d\city\npc\obj\beixin.c --> www1.yn.cninfo.net /mudcctx/mudlib/d/city/npc/obj beixin.c
99.03.14 12:47 B f:\mirror1\d\city\npc\obj\box.c --> www1.yn.cninfo.net /mudcctx/mudlib/d/city/npc/obj box.c
99.03.14 12:47 B f:\mirror1\d\city\npc\obj\caoxie.c --> www1.yn.cninfo.net /mudcctx/mudlib/d/city/npc/obj caoxie.c
99.03.14 12:47 B f:\mirror1\d\city\npc\obj\changjian.c --> www1.yn.cninfo.net /mudcctx/mudlib/d/city/npc/obj changjian.c
99.03.14 12:47 B f:\mirror1\d\city\npc\obj\cloth.c --> www1.yn.cninfo.net /mudcctx/mudlib/d/city/npc/obj cloth.c
99.03.14 12:47 B f:\mirror1\d\city\npc\obj\cycle.c --> www1.yn.cninfo.net /mudcctx/mudlib/d/city/npc/obj cycle.c
99.03.14 12:47 B f:\mirror1\d\city\npc\obj\dagger.c --> www1.yn.cninfo.net /mudcctx/mudlib/d/city/npc/obj dagger.c
99.03.14 12:47 B f:\mirror1\d\city\npc\obj\duanjian.c --> www1.yn.cninfo.net /mudcctx/mudlib/d/city/npc/obj duanjian.c
99.03.14 12:47 B f:\mirror1\d\city\npc\obj\fake-zi.c --> www1.yn.cninfo.net /mudcctx/mudlib/d/city/npc/obj fake-zi.c
99.03.14 12:47 B f:\mirror1\d\city\npc\obj\flower_shoe.c --> www1.yn.cninfo.net /mudcctx/mudlib/d/city/npc/obj flower_shoe.c
99.03.14 12:47 B f:\mirror1\d\city\npc\obj\gangdao.c --> www1.yn.cninfo.net /mudcctx/mudlib/d/city/npc/obj gangdao.c
99.03.14 12:47 B f:\mirror1\d\city\npc\obj\gangjian.c --> www1.yn.cninfo.net /mudcctx/mudlib/d/city/npc/obj gangjian.c
99.03.14 12:47 B f:\mirror1\d\city\npc\obj\goldring.c --> www1.yn.cninfo.net /mudcctx/mudlib/d/city/npc/obj goldring.c
99.03.14 12:47 B f:\mirror1\d\city\npc\obj\goupi.c --> www1.yn.cninfo.net /mudcctx/mudlib/d/city/npc/obj goupi.c
99.03.14 12:47 B f:\mirror1\d\city\npc\obj\gourou.c --> www1.yn.cninfo.net /mudcctx/mudlib/d/city/npc/obj gourou.c
99.03.14 12:47 B f:\mirror1\d\city\npc\obj\guiyuan.c --> www1.yn.cninfo.net /mudcctx/mudlib/d/city/npc/obj guiyuan.c
99.03.14 12:47 B f:\mirror1\d\city\npc\obj\hammer.c --> www1.yn.cninfo.net /mudcctx/mudlib/d/city/npc/obj hammer.c
99.03.14 12:47 B f:\mirror1\d\city\npc\obj\hdjiudai.c --> www1.yn.cninfo.net /mudcctx/mudlib/d/city/npc/obj hdjiudai.c
99.03.14 12:47 B f:\mirror1\d\city\npc\obj\huwan.c --> www1.yn.cninfo.net /mudcctx/mudlib/d/city/npc/obj huwan.c
99.03.14 12:47 B f:\mirror1\d\city\npc\obj\huyao.c --> www1.yn.cninfo.net /mudcctx/mudlib/d/city/npc/obj huyao.c
99.03.14 12:47 B f:\mirror1\d\city\npc\obj\jiaohuaji.c --> www1.yn.cninfo.net /mudcctx/mudlib/d/city/npc/obj jiaohuaji.c
99.03.14 12:47 B f:\mirror1\d\city\npc\obj\jinchuang.c --> www1.yn.cninfo.net /mudcctx/mudlib/d/city/npc/obj jinchuang.c
99.03.14 12:47 B f:\mirror1\d\city\npc\obj\jitui.c --> www1.yn.cninfo.net /mudcctx/mudlib/d/city/npc/obj jitui.c
99.03.14 12:47 B f:\mirror1\d\city\npc\obj\jiudai.c --> www1.yn.cninfo.net /mudcctx/mudlib/d/city/npc/obj jiudai.c
99.03.14 12:47 B f:\mirror1\d\city\npc\obj\junfu.c --> www1.yn.cninfo.net /mudcctx/mudlib/d/city/npc/obj junfu.c
99.03.14 12:47 B f:\mirror1\d\city\npc\obj\kaoya.c --> www1.yn.cninfo.net /mudcctx/mudlib/d/city/npc/obj kaoya.c
99.03.14 12:47 B f:\mirror1\d\city\npc\obj\mabudai.c --> www1.yn.cninfo.net /mudcctx/mudlib/d/city/npc/obj mabudai.c
99.03.14 12:47 B f:\mirror1\d\city\npc\obj\mian.c --> www1.yn.cninfo.net /mudcctx/mudlib/d/city/npc/obj mian.c
99.03.14 12:47 B f:\mirror1\d\city\npc\obj\mianju.c --> www1.yn.cninfo.net /mudcctx/mudlib/d/city/npc/obj mianju.c
99.03.14 12:47 B f:\mirror1\d\city\npc\obj\necklace.c --> www1.yn.cninfo.net /mudcctx/mudlib/d/city/npc/obj necklace.c
99.03.14 12:47 B f:\mirror1\d\city\npc\obj\peanut.c --> www1.yn.cninfo.net /mudcctx/mudlib/d/city/npc/obj peanut.c
99.03.14 12:47 B f:\mirror1\d\city\npc\obj\pink_cloth.c --> www1.yn.cninfo.net /mudcctx/mudlib/d/city/npc/obj pink_cloth.c
99.03.14 12:47 B f:\mirror1\d\city\npc\obj\pixue.c --> www1.yn.cninfo.net /mudcctx/mudlib/d/city/npc/obj pixue.c
99.03.14 12:47 B f:\mirror1\d\city\npc\obj\shanshen.c --> www1.yn.cninfo.net /mudcctx/mudlib/d/city/npc/obj shanshen.c
99.03.14 12:47 B f:\mirror1\d\city\npc\obj\shield.c --> www1.yn.cninfo.net /mudcctx/mudlib/d/city/npc/obj shield.c
99.03.14 12:47 B f:\mirror1\d\city\npc\obj\shoutao.c --> www1.yn.cninfo.net /mudcctx/mudlib/d/city/npc/obj shoutao.c
99.03.14 12:47 B f:\mirror1\d\city\npc\obj\shouwu.c --> www1.yn.cninfo.net /mudcctx/mudlib/d/city/npc/obj shouwu.c
99.03.14 12:47 B f:\mirror1\d\city\npc\obj\surcoat.c --> www1.yn.cninfo.net /mudcctx/mudlib/d/city/npc/obj surcoat.c
99.03.14 12:47 B f:\mirror1\d\city\npc\obj\tiejia.c --> www1.yn.cninfo.net /mudcctx/mudlib/d/city/npc/obj tiejia.c
99.03.14 12:47 B f:\mirror1\d\city\npc\obj\tieshou.c --> www1.yn.cninfo.net /mudcctx/mudlib/d/city/npc/obj tieshou.c
99.03.14 12:47 B f:\mirror1\d\city\npc\obj\tofu.c --> www1.yn.cninfo.net /mudcctx/mudlib/d/city/npc/obj tofu.c
99.03.14 12:47 B f:\mirror1\d\city\npc\obj\toukui.c --> www1.yn.cninfo.net /mudcctx/mudlib/d/city/npc/obj toukui.c
99.03.14 12:47 B f:\mirror1\d\city\npc\obj\yang.c --> www1.yn.cninfo.net /mudcctx/mudlib/d/city/npc/obj yang.c
99.03.14 12:47 B f:\mirror1\d\city\npc\obj\yangjing.c --> www1.yn.cninfo.net /mudcctx/mudlib/d/city/npc/obj yangjing.c
99.03.14 12:47 B f:\mirror1\d\city\npc\obj\yangxin.c --> www1.yn.cninfo.net /mudcctx/mudlib/d/city/npc/obj yangxin.c
99.03.14 12:47 B f:\mirror1\d\city\npc\obj\yaoshi.c --> www1.yn.cninfo.net /mudcctx/mudlib/d/city/npc/obj yaoshi.c
99.03.14 12:47 B f:\mirror1\d\city\npc\obj\yayifu.c --> www1.yn.cninfo.net /mudcctx/mudlib/d/city/npc/obj yayifu.c
99.03.14 12:47 B f:\mirror1\d\city\npc\obj\zaisheng.c --> www1.yn.cninfo.net /mudcctx/mudlib/d/city/npc/obj zaisheng.c
99.03.14 12:47 B f:\mirror1\d\city\npc\obj\zhitao.c --> www1.yn.cninfo.net /mudcctx/mudlib/d/city/npc/obj zhitao.c
99.03.14 12:47 B f:\mirror1\d\city\npc\obj\zhubang.c --> www1.yn.cninfo.net /mudcctx/mudlib/d/city/npc/obj zhubang.c
99.03.15 19:33 B f:\mirror1\d\city\npc\obj\aqingsao.c --> www1.yn.cninfo.net /mudlab/mudlib/d/city aqingsao.c
99.03.15 19:33 B f:\mirror1\d\city\npc\obj\gangjian.c --> www1.yn.cninfo.net /mudlab/mudlib/d/city gangjian.c
99.03.15 19:33 B f:\mirror1\d\city\npc\obj\goldring.c --> www1.yn.cninfo.net /mudlab/mudlib/d/city goldring.c
99.03.15 19:34 B f:\mirror1\d\city\npc\obj\aqingsao.c --> www1.yn.cninfo.net /mudlab/mudlib/d/city/npc aqingsao.c
99.03.15 19:34 B f:\mirror1\d\city\npc\obj\gangjian.c --> www1.yn.cninfo.net /mudlab/mudlib/d/city/npc gangjian.c
99.03.15 19:34 B f:\mirror1\d\city\npc\obj\goldring.c --> www1.yn.cninfo.net /mudlab/mudlib/d/city/npc goldring.c
99.03.15 19:34 B f:\mirror1\d\city\npc\obj\huyao.c --> www1.yn.cninfo.net /mudlab/mudlib/d/city/npc huyao.c
99.03.15 19:34 B f:\mirror1\d\city\npc\obj\kaoya.c --> www1.yn.cninfo.net /mudlab/mudlib/d/city/npc kaoya.c
99.03.15 19:35 B f:\mirror1\d\city\npc\obj\mabudai.c --> www1.yn.cninfo.net /mudlab/mudlib/d/city/npc mabudai.c
99.03.15 19:35 B f:\mirror1\d\city\npc\obj\pink_cloth.c --> www1.yn.cninfo.net /mudlab/mudlib/d/city/npc pink_cloth.c
99.03.15 19:35 B f:\mirror1\d\city\npc\obj\shanshen.c --> www1.yn.cninfo.net /mudlab/mudlib/d/city/npc shanshen.c
99.03.15 19:35 B f:\mirror1\d\city\npc\obj\shoutao.c --> www1.yn.cninfo.net /mudlab/mudlib/d/city/npc shoutao.c
99.03.15 19:35 B f:\mirror1\d\city\npc\obj\yang.c --> www1.yn.cninfo.net /mudlab/mudlib/d/city/npc/obj yang.c
