2003.06.15 13:52 A F:\mudlib\d\changan\npc\baiyi.c <-- www.vmud.com /lonely/mudlib/d/changan/npc baiyi.c
2003.06.15 13:52 A F:\mudlib\d\changan\npc\bajiao.h <-- www.vmud.com /lonely/mudlib/d/changan/npc bajiao.h
2003.06.15 13:52 A F:\mudlib\d\changan\npc\baobiao.c <-- www.vmud.com /lonely/mudlib/d/changan/npc baobiao.c
2003.06.15 13:52 A F:\mudlib\d\changan\npc\biaoshi.c <-- www.vmud.com /lonely/mudlib/d/changan/npc biaoshi.c
2003.06.15 13:52 A F:\mudlib\d\changan\npc\biaotou.c <-- www.vmud.com /lonely/mudlib/d/changan/npc biaotou.c
2003.06.15 13:52 A F:\mudlib\d\changan\npc\boss-cheng.bak <-- www.vmud.com /lonely/mudlib/d/changan/npc boss-cheng.bak
2003.06.15 13:52 A F:\mudlib\d\changan\npc\butou.c <-- www.vmud.com /lonely/mudlib/d/changan/npc butou.c
2003.06.15 13:52 A F:\mudlib\d\changan\npc\chen-laoban.c <-- www.vmud.com /lonely/mudlib/d/changan/npc chen-laoban.c
2003.06.15 13:52 A F:\mudlib\d\changan\npc\dashou.c <-- www.vmud.com /lonely/mudlib/d/changan/npc dashou.c
2003.06.15 13:52 A F:\mudlib\d\changan\npc\doctor.c <-- www.vmud.com /lonely/mudlib/d/changan/npc doctor.c
2003.06.15 13:52 A F:\mudlib\d\changan\npc\fenyi.c <-- www.vmud.com /lonely/mudlib/d/changan/npc fenyi.c
2003.06.15 13:52 A F:\mudlib\d\changan\npc\fujiang.c <-- www.vmud.com /lonely/mudlib/d/changan/npc fujiang.c
2003.06.15 13:52 A F:\mudlib\d\changan\npc\girl.c <-- www.vmud.com /lonely/mudlib/d/changan/npc girl.c
2003.06.15 13:52 A F:\mudlib\d\changan\npc\guanbing.c <-- www.vmud.com /lonely/mudlib/d/changan/npc guanbing.c
2003.06.15 13:52 A F:\mudlib\d\changan\npc\guanjia.c <-- www.vmud.com /lonely/mudlib/d/changan/npc guanjia.c
2003.06.15 13:52 A F:\mudlib\d\changan\npc\hbd_chengwu.bak <-- www.vmud.com /lonely/mudlib/d/changan/npc hbd_chengwu.bak
2003.06.15 13:52 A F:\mudlib\d\changan\npc\hongyi.c <-- www.vmud.com /lonely/mudlib/d/changan/npc hongyi.c
2003.06.15 13:52 A F:\mudlib\d\changan\npc\huangyi.c <-- www.vmud.com /lonely/mudlib/d/changan/npc huangyi.c
2003.06.15 13:52 A F:\mudlib\d\changan\npc\huitong.c <-- www.vmud.com /lonely/mudlib/d/changan/npc huitong.c
2003.06.15 13:52 A F:\mudlib\d\changan\npc\huoji.c <-- www.vmud.com /lonely/mudlib/d/changan/npc huoji.c
2003.06.15 13:52 A F:\mudlib\d\changan\npc\jinfuhuan.c <-- www.vmud.com /lonely/mudlib/d/changan/npc jinfuhuan.c
2003.06.15 13:52 A F:\mudlib\d\changan\npc\jingming.c <-- www.vmud.com /lonely/mudlib/d/changan/npc jingming.c
2003.06.15 13:52 A F:\mudlib\d\changan\npc\jingxuan.c <-- www.vmud.com /lonely/mudlib/d/changan/npc jingxuan.c
2003.06.15 13:52 A F:\mudlib\d\changan\npc\jinu.c <-- www.vmud.com /lonely/mudlib/d/changan/npc jinu.c
2003.06.15 13:52 A F:\mudlib\d\changan\npc\keeper.c <-- www.vmud.com /lonely/mudlib/d/changan/npc keeper.c
2003.06.15 13:52 A F:\mudlib\d\changan\npc\lanxiang.c <-- www.vmud.com /lonely/mudlib/d/changan/npc lanxiang.c
2003.06.15 13:52 A F:\mudlib\d\changan\npc\lanyi.c <-- www.vmud.com /lonely/mudlib/d/changan/npc lanyi.c
2003.06.15 13:53 A F:\mudlib\d\changan\npc\laoren.c <-- www.vmud.com /lonely/mudlib/d/changan/npc laoren.c
2003.06.15 13:53 A F:\mudlib\d\changan\npc\laozhang.c <-- www.vmud.com /lonely/mudlib/d/changan/npc laozhang.c
2003.06.15 13:53 A F:\mudlib\d\changan\npc\liang.c <-- www.vmud.com /lonely/mudlib/d/changan/npc liang.c
2003.06.15 13:53 A F:\mudlib\d\changan\npc\lingfeixue.c <-- www.vmud.com /lonely/mudlib/d/changan/npc lingfeixue.c
2003.06.15 13:53 A F:\mudlib\d\changan\npc\liu.c <-- www.vmud.com /lonely/mudlib/d/changan/npc liu.c
2003.06.15 13:53 A F:\mudlib\d\changan\npc\luyi.c <-- www.vmud.com /lonely/mudlib/d/changan/npc luyi.c
2003.06.15 13:53 A F:\mudlib\d\changan\npc\monk.c <-- www.vmud.com /lonely/mudlib/d/changan/npc monk.c
2003.06.15 13:53 A F:\mudlib\d\changan\npc\murong-hao.c <-- www.vmud.com /lonely/mudlib/d/changan/npc murong-hao.c
2003.06.15 13:53 A F:\mudlib\d\changan\npc\noss-cheng.bak <-- www.vmud.com /lonely/mudlib/d/changan/npc noss-cheng.bak
2003.06.15 13:53 A F:\mudlib\d\changan\npc\qingyi.c <-- www.vmud.com /lonely/mudlib/d/changan/npc qingyi.c
2003.06.15 13:53 A F:\mudlib\d\changan\npc\ruhua.c <-- www.vmud.com /lonely/mudlib/d/changan/npc ruhua.c
2003.06.15 13:53 A F:\mudlib\d\changan\npc\shiwei.c <-- www.vmud.com /lonely/mudlib/d/changan/npc shiwei.c
2003.06.15 13:53 A F:\mudlib\d\changan\npc\shiye.c <-- www.vmud.com /lonely/mudlib/d/changan/npc shiye.c
2003.06.15 13:53 A F:\mudlib\d\changan\npc\shuchi.c <-- www.vmud.com /lonely/mudlib/d/changan/npc shuchi.c
2003.06.15 13:53 A F:\mudlib\d\changan\npc\tang.c <-- www.vmud.com /lonely/mudlib/d/changan/npc tang.c
2003.06.15 13:53 A F:\mudlib\d\changan\npc\teawaiter.c <-- www.vmud.com /lonely/mudlib/d/changan/npc teawaiter.c
2003.06.15 13:53 A F:\mudlib\d\changan\npc\tiegongji.c <-- www.vmud.com /lonely/mudlib/d/changan/npc tiegongji.c
2003.06.15 13:53 A F:\mudlib\d\changan\npc\tongling1.c <-- www.vmud.com /lonely/mudlib/d/changan/npc tongling1.c
2003.06.15 13:53 A F:\mudlib\d\changan\npc\tongling2.c <-- www.vmud.com /lonely/mudlib/d/changan/npc tongling2.c
2003.06.15 13:53 A F:\mudlib\d\changan\npc\wanxi.c <-- www.vmud.com /lonely/mudlib/d/changan/npc wanxi.c
2003.06.15 13:53 A F:\mudlib\d\changan\npc\wjb-guard.c <-- www.vmud.com /lonely/mudlib/d/changan/npc wjb-guard.c
2003.06.15 13:53 A F:\mudlib\d\changan\npc\worker-liu.c <-- www.vmud.com /lonely/mudlib/d/changan/npc worker-liu.c
2003.06.15 13:53 A F:\mudlib\d\changan\npc\worker-wang.c <-- www.vmud.com /lonely/mudlib/d/changan/npc worker-wang.c
2003.06.15 13:53 A F:\mudlib\d\changan\npc\wujiang.c <-- www.vmud.com /lonely/mudlib/d/changan/npc wujiang.c
2003.06.15 13:53 A F:\mudlib\d\changan\npc\xiangke.c <-- www.vmud.com /lonely/mudlib/d/changan/npc xiangke.c
2003.06.15 13:53 A F:\mudlib\d\changan\npc\xiangxiang.c <-- www.vmud.com /lonely/mudlib/d/changan/npc xiangxiang.c
2003.06.15 13:53 A F:\mudlib\d\changan\npc\xiaoer.c <-- www.vmud.com /lonely/mudlib/d/changan/npc xiaoer.c
2003.06.15 13:54 A F:\mudlib\d\changan\npc\xiaoer2.c <-- www.vmud.com /lonely/mudlib/d/changan/npc xiaoer2.c
2003.06.15 13:54 A F:\mudlib\d\changan\npc\xizi.c <-- www.vmud.com /lonely/mudlib/d/changan/npc xizi.c
2003.06.15 13:54 A F:\mudlib\d\changan\npc\xueshi.c <-- www.vmud.com /lonely/mudlib/d/changan/npc xueshi.c
2003.06.15 13:54 A F:\mudlib\d\changan\npc\xym_guard.c <-- www.vmud.com /lonely/mudlib/d/changan/npc xym_guard.c
2003.06.15 13:54 A F:\mudlib\d\changan\npc\yahuan.c <-- www.vmud.com /lonely/mudlib/d/changan/npc yahuan.c
2003.06.15 13:54 A F:\mudlib\d\changan\npc\yang-laoban.c <-- www.vmud.com /lonely/mudlib/d/changan/npc yang-laoban.c
2003.06.15 13:54 A F:\mudlib\d\changan\npc\yayi.c <-- www.vmud.com /lonely/mudlib/d/changan/npc yayi.c
2003.06.15 13:54 A F:\mudlib\d\changan\npc\yuanwai.c <-- www.vmud.com /lonely/mudlib/d/changan/npc yuanwai.c
2003.06.15 13:54 A F:\mudlib\d\changan\npc\yulinjun.c <-- www.vmud.com /lonely/mudlib/d/changan/npc yulinjun.c
2003.06.15 13:54 A F:\mudlib\d\changan\npc\zhifu.c <-- www.vmud.com /lonely/mudlib/d/changan/npc zhifu.c
2003.06.15 13:54 A F:\mudlib\d\changan\npc\zhuangjia.c <-- www.vmud.com /lonely/mudlib/d/changan/npc zhuangjia.c
2003.06.15 13:54 A F:\mudlib\d\changan\npc\ziyi.c <-- www.vmud.com /lonely/mudlib/d/changan/npc ziyi.c
2003.06.15 13:54 A F:\mudlib\d\changan\npc\zong-biaotou.c <-- www.vmud.com /lonely/mudlib/d/changan/npc zong-biaotou.c
