----------------------------------------------------------------------------
世纪(CENTURY) (MudOS v22pre11) starting up on Microsoft Windows 95 - Sat Jul 07 14:34:43 2001


Can't find "mudos", ignoring old binaries.
Try invoking the driver using the full pathname.
System Error: init_addr_server: connect:Bad address

Loading preloaded files ...
Initializations complete.

Accepting connections on port 5555.
[1;37m
执行时段错误: [2;37;0m*Bad argument 1 to call_other()
Expected: string or array or object Got: 0.
[1;37m
程式: [2;37;0madm/daemons/fingerd.c 第37行
[1;37m
物件: [2;37;0madm/daemons/fingerd
[1;37m 函数呼叫回溯:
[2;37;0m[1;32m---------------------------------------------------
[2;37;0mlater_quit()              cmds/usr/quit.c:53
online_time()             adm/daemons/fingerd.c:37
[1;32m---------------------------------------------------
[2;37;0m
