dalone((arch)) 试图越权读取 /backup//d/huang/npc/questman.c ！
xianer((wizard)) 试图越权读取 /adm ！
xianer((wizard)) 试图越权读取 /backup ！
xianer((wizard)) 试图越权读取 /binaries ！
xianer((wizard)) 试图越权读取 /cmds ！
xianer((wizard)) 试图越权读取 /data ！
xianer((wizard)) 试图越权读取 /feature ！
xianer((wizard)) 试图越权读取 /ftp ！
xianer((wizard)) 试图越权读取 /include ！
xianer((wizard)) 试图越权读取 /inherit ！
xianer((wizard)) 试图越权读取 /kungfu ！
xianer((wizard)) 试图越权读取 /lover ！
xianer((wizard)) 试图越权读取 /open ！
xianer((wizard)) 试图越权读取 /quest ！
xianer((wizard)) 试图越权读取 /备份 ！
xianer((wizard)) 试图越权读取 /adm ！
xianer((wizard)) 试图越权读取 /backup ！
xianer((wizard)) 试图越权读取 /binaries ！
xianer((wizard)) 试图越权读取 /cmds ！
xianer((wizard)) 试图越权读取 /data ！
xianer((wizard)) 试图越权读取 /feature ！
xianer((wizard)) 试图越权读取 /ftp ！
xianer((wizard)) 试图越权读取 /include ！
xianer((wizard)) 试图越权读取 /inherit ！
xianer((wizard)) 试图越权读取 /kungfu ！
xianer((wizard)) 试图越权读取 /lover ！
xianer((wizard)) 试图越权读取 /open ！
xianer((wizard)) 试图越权读取 /quest ！
xianer((wizard)) 试图越权读取 /备份 ！
dalone((arch)) 试图越权读取 /backup ！
dalone((arch)) 试图越权读取 /binaries ！
dalone((arch)) 试图越权读取 /feature ！
dalone((arch)) 试图越权读取 /ftp ！
dalone((arch)) 试图越权读取 /include ！
dalone((arch)) 试图越权读取 /inherit ！
dalone((arch)) 试图越权读取 /open ！
dalone((arch)) 试图越权读取 /备份 ！
dalone((arch)) 试图越权读取 /backup ！
dalone((arch)) 试图越权读取 /binaries ！
dalone((arch)) 试图越权读取 /feature ！
dalone((arch)) 试图越权读取 /ftp ！
dalone((arch)) 试图越权读取 /include ！
dalone((arch)) 试图越权读取 /inherit ！
dalone((arch)) 试图越权读取 /open ！
dalone((arch)) 试图越权读取 /备份 ！
dalone((arch)) 试图越权读取 /backup ！
dalone((arch)) 试图越权读取 /binaries ！
dalone((arch)) 试图越权读取 /feature ！
dalone((arch)) 试图越权读取 /ftp ！
dalone((arch)) 试图越权读取 /include ！
dalone((arch)) 试图越权读取 /inherit ！
dalone((arch)) 试图越权读取 /open ！
dalone((arch)) 试图越权读取 /备份 ！
dalone((arch)) 试图越权读取 /backup ！
dalone((arch)) 试图越权读取 /binaries ！
dalone((arch)) 试图越权读取 /feature ！
dalone((arch)) 试图越权读取 /ftp ！
dalone((arch)) 试图越权读取 /include ！
dalone((arch)) 试图越权读取 /inherit ！
dalone((arch)) 试图越权读取 /open ！
dalone((arch)) 试图越权读取 /备份 ！
dalone((arch)) 试图越权读取 /backup ！
dalone((arch)) 试图越权读取 /binaries ！
dalone((arch)) 试图越权读取 /feature ！
dalone((arch)) 试图越权读取 /ftp ！
dalone((arch)) 试图越权读取 /include ！
dalone((arch)) 试图越权读取 /inherit ！
dalone((arch)) 试图越权读取 /open ！
dalone((arch)) 试图越权读取 /备份 ！
dalone((arch)) 试图越权读取 /backup ！
dalone((arch)) 试图越权读取 /binaries ！
dalone((arch)) 试图越权读取 /feature ！
dalone((arch)) 试图越权读取 /ftp ！
dalone((arch)) 试图越权读取 /include ！
dalone((arch)) 试图越权读取 /inherit ！
dalone((arch)) 试图越权读取 /open ！
dalone((arch)) 试图越权读取 /备份 ！
dalone((arch)) 试图越权读取 /backup ！
dalone((arch)) 试图越权读取 /binaries ！
dalone((arch)) 试图越权读取 /feature ！
dalone((arch)) 试图越权读取 /ftp ！
dalone((arch)) 试图越权读取 /include ！
dalone((arch)) 试图越权读取 /inherit ！
dalone((arch)) 试图越权读取 /open ！
dalone((arch)) 试图越权读取 /备份 ！
dalone((arch)) 试图越权读取 /backup ！
dalone((arch)) 试图越权读取 /binaries ！
dalone((arch)) 试图越权读取 /feature ！
dalone((arch)) 试图越权读取 /ftp ！
dalone((arch)) 试图越权读取 /include ！
dalone((arch)) 试图越权读取 /inherit ！
dalone((arch)) 试图越权读取 /open ！
dalone((arch)) 试图越权读取 /备份 ！
dalone((arch)) 试图越权读取 /backup ！
dalone((arch)) 试图越权读取 /binaries ！
dalone((arch)) 试图越权读取 /feature ！
dalone((arch)) 试图越权读取 /ftp ！
dalone((arch)) 试图越权读取 /include ！
dalone((arch)) 试图越权读取 /inherit ！
dalone((arch)) 试图越权读取 /open ！
dalone((arch)) 试图越权读取 /备份 ！
dalone((arch)) 试图越权读取 /backup ！
dalone((arch)) 试图越权读取 /binaries ！
dalone((arch)) 试图越权读取 /feature ！
dalone((arch)) 试图越权读取 /ftp ！
dalone((arch)) 试图越权读取 /include ！
dalone((arch)) 试图越权读取 /inherit ！
dalone((arch)) 试图越权读取 /open ！
dalone((arch)) 试图越权读取 /备份 ！
dalone((arch)) 试图越权读取 /backup ！
dalone((arch)) 试图越权读取 /binaries ！
dalone((arch)) 试图越权读取 /feature ！
dalone((arch)) 试图越权读取 /ftp ！
dalone((arch)) 试图越权读取 /include ！
dalone((arch)) 试图越权读取 /inherit ！
dalone((arch)) 试图越权读取 /open ！
dalone((arch)) 试图越权读取 /备份 ！
icepoint((admin)) 试图越权读取 /backup ！
icepoint((admin)) 试图越权读取 /binaries ！
icepoint((admin)) 试图越权读取 /ftp ！
icepoint((admin)) 试图越权读取 /open ！
icepoint((admin)) 试图越权读取 /备份 ！
icepoint((admin)) 试图越权读取 /backup//d/huang/npc/questman.c ！
icepoint((admin)) 试图越权读取 /backup ！
icepoint((admin)) 试图越权读取 /binaries ！
icepoint((admin)) 试图越权读取 /ftp ！
icepoint((admin)) 试图越权读取 /open ！
icepoint((admin)) 试图越权读取 /备份 ！
icepoint((admin)) 试图越权读取 xiaotou.c ！
icepoint((admin)) 试图越权读取 dadao.c ！
icepoint((admin)) 试图越权读取 dadao.c ！
icepoint((admin)) 试图越权读取 dadao.c ！
icepoint((admin)) 试图越权读取 /backup//d/huang/npc/dadao.c ！
icepoint((admin)) 试图越权读取 questman.c ！
icepoint((admin)) 试图越权读取 dadao.c ！
icepoint((admin)) 试图越权读取 /huang/npc/questman. ！
icepoint((admin)) 试图越权读取 /huang/npc/questman.c ！
icepoint((admin)) 试图越权读取 /backup//d/huang/npc/questman.c ！
icepoint((admin)) 试图越权读取 /backup//d/huang/npc/questman.c ！
icepoint((admin)) 试图越权读取 /backup//d/huang/npc/questman.c ！
dalone((arch)) 试图越权读取 /backup ！
dalone((arch)) 试图越权读取 /binaries ！
dalone((arch)) 试图越权读取 /feature ！
dalone((arch)) 试图越权读取 /ftp ！
dalone((arch)) 试图越权读取 /include ！
dalone((arch)) 试图越权读取 /inherit ！
dalone((arch)) 试图越权读取 /open ！
dalone((arch)) 试图越权读取 /备份 ！
dalone((arch)) 试图越权读取 /backup ！
dalone((arch)) 试图越权读取 /binaries ！
dalone((arch)) 试图越权读取 /feature ！
dalone((arch)) 试图越权读取 /ftp ！
dalone((arch)) 试图越权读取 /include ！
dalone((arch)) 试图越权读取 /inherit ！
dalone((arch)) 试图越权读取 /open ！
dalone((arch)) 试图越权读取 /备份 ！
dalone((arch)) 试图越权读取 /backup ！
dalone((arch)) 试图越权读取 /binaries ！
dalone((arch)) 试图越权读取 /feature ！
dalone((arch)) 试图越权读取 /ftp ！
dalone((arch)) 试图越权读取 /include ！
dalone((arch)) 试图越权读取 /inherit ！
dalone((arch)) 试图越权读取 /open ！
dalone((arch)) 试图越权读取 /备份 ！
dalone((arch)) 试图越权读取 /backup ！
dalone((arch)) 试图越权读取 /binaries ！
dalone((arch)) 试图越权读取 /feature ！
dalone((arch)) 试图越权读取 /ftp ！
dalone((arch)) 试图越权读取 /include ！
dalone((arch)) 试图越权读取 /inherit ！
dalone((arch)) 试图越权读取 /open ！
dalone((arch)) 试图越权读取 /备份 ！
bswhm((arch)) 试图越权读取 /backup ！
bswhm((arch)) 试图越权读取 /binaries ！
bswhm((arch)) 试图越权读取 /feature ！
bswhm((arch)) 试图越权读取 /ftp ！
bswhm((arch)) 试图越权读取 /include ！
bswhm((arch)) 试图越权读取 /inherit ！
bswhm((arch)) 试图越权读取 /open ！
bswhm((arch)) 试图越权读取 /smtp ！
bswhm((arch)) 试图越权读取 /备份 ！
bswhm((arch)) 试图越权读取 /backup ！
bswhm((arch)) 试图越权读取 /binaries ！
bswhm((arch)) 试图越权读取 /feature ！
bswhm((arch)) 试图越权读取 /ftp ！
bswhm((arch)) 试图越权读取 /include ！
bswhm((arch)) 试图越权读取 /inherit ！
bswhm((arch)) 试图越权读取 /open ！
bswhm((arch)) 试图越权读取 /smtp ！
bswhm((arch)) 试图越权读取 /备份 ！
bswhm((arch)) 试图越权读取 /backup ！
bswhm((arch)) 试图越权读取 /binaries ！
bswhm((arch)) 试图越权读取 /feature ！
bswhm((arch)) 试图越权读取 /ftp ！
bswhm((arch)) 试图越权读取 /include ！
bswhm((arch)) 试图越权读取 /inherit ！
bswhm((arch)) 试图越权读取 /open ！
bswhm((arch)) 试图越权读取 /smtp ！
bswhm((arch)) 试图越权读取 /备份 ！
bswhm((arch)) 试图越权读取 /backup ！
bswhm((arch)) 试图越权读取 /binaries ！
bswhm((arch)) 试图越权读取 /feature ！
bswhm((arch)) 试图越权读取 /ftp ！
bswhm((arch)) 试图越权读取 /include ！
bswhm((arch)) 试图越权读取 /inherit ！
bswhm((arch)) 试图越权读取 /open ！
bswhm((arch)) 试图越权读取 /smtp ！
bswhm((arch)) 试图越权读取 /备份 ！
bswhm((arch)) 试图越权读取 /adm /daemons ！
bswhm((arch)) 试图越权读取 /adm /etc ！
bswhm((arch)) 试图越权读取 /adm /npc ！
bswhm((arch)) 试图越权读取 /adm /obj ！
bswhm((arch)) 试图越权读取 /adm /simul_efun ！
bswhm((arch)) 试图越权读取 /adm /single ！
bswhm((arch)) 试图越权读取 /adm /tmp ！
bswhm((arch)) 试图越权读取 /adm /daemons ！
bswhm((arch)) 试图越权读取 /adm /etc ！
bswhm((arch)) 试图越权读取 /adm /npc ！
bswhm((arch)) 试图越权读取 /adm /obj ！
bswhm((arch)) 试图越权读取 /adm /simul_efun ！
bswhm((arch)) 试图越权读取 /adm /single ！
bswhm((arch)) 试图越权读取 /adm /tmp ！
bswhm((arch)) 试图越权读取 /backup ！
bswhm((arch)) 试图越权读取 /binaries ！
bswhm((arch)) 试图越权读取 /feature ！
bswhm((arch)) 试图越权读取 /ftp ！
bswhm((arch)) 试图越权读取 /include ！
bswhm((arch)) 试图越权读取 /inherit ！
bswhm((arch)) 试图越权读取 /open ！
bswhm((arch)) 试图越权读取 /smtp ！
bswhm((arch)) 试图越权读取 /备份 ！
bswhm((arch)) 试图越权读取 /backup ！
bswhm((arch)) 试图越权读取 /binaries ！
bswhm((arch)) 试图越权读取 /feature ！
bswhm((arch)) 试图越权读取 /ftp ！
bswhm((arch)) 试图越权读取 /include ！
bswhm((arch)) 试图越权读取 /inherit ！
bswhm((arch)) 试图越权读取 /open ！
bswhm((arch)) 试图越权读取 /smtp ！
bswhm((arch)) 试图越权读取 /备份 ！
bswhm((arch)) 试图越权读取 /backup ！
bswhm((arch)) 试图越权读取 /binaries ！
bswhm((arch)) 试图越权读取 /feature ！
bswhm((arch)) 试图越权读取 /ftp ！
bswhm((arch)) 试图越权读取 /include ！
bswhm((arch)) 试图越权读取 /inherit ！
bswhm((arch)) 试图越权读取 /open ！
bswhm((arch)) 试图越权读取 /smtp ！
bswhm((arch)) 试图越权读取 /备份 ！
bswhm((arch)) 试图越权读取 /backup ！
bswhm((arch)) 试图越权读取 /binaries ！
bswhm((arch)) 试图越权读取 /feature ！
bswhm((arch)) 试图越权读取 /ftp ！
bswhm((arch)) 试图越权读取 /include ！
bswhm((arch)) 试图越权读取 /inherit ！
bswhm((arch)) 试图越权读取 /open ！
bswhm((arch)) 试图越权读取 /smtp ！
bswhm((arch)) 试图越权读取 /备份 ！
bswhm((arch)) 试图越权读取 /backup ！
bswhm((arch)) 试图越权读取 /binaries ！
bswhm((arch)) 试图越权读取 /feature ！
bswhm((arch)) 试图越权读取 /ftp ！
bswhm((arch)) 试图越权读取 /include ！
bswhm((arch)) 试图越权读取 /inherit ！
bswhm((arch)) 试图越权读取 /open ！
bswhm((arch)) 试图越权读取 /smtp ！
bswhm((arch)) 试图越权读取 /备份 ！
bswhm((arch)) 试图越权读取 /backup ！
bswhm((arch)) 试图越权读取 /binaries ！
bswhm((arch)) 试图越权读取 /feature ！
bswhm((arch)) 试图越权读取 /ftp ！
bswhm((arch)) 试图越权读取 /include ！
bswhm((arch)) 试图越权读取 /inherit ！
bswhm((arch)) 试图越权读取 /open ！
bswhm((arch)) 试图越权读取 /smtp ！
bswhm((arch)) 试图越权读取 /备份 ！
bswhm((arch)) 试图越权读取 /backup ！
bswhm((arch)) 试图越权读取 /binaries ！
bswhm((arch)) 试图越权读取 /feature ！
bswhm((arch)) 试图越权读取 /ftp ！
bswhm((arch)) 试图越权读取 /include ！
bswhm((arch)) 试图越权读取 /inherit ！
bswhm((arch)) 试图越权读取 /open ！
bswhm((arch)) 试图越权读取 /smtp ！
bswhm((arch)) 试图越权读取 /备份 ！
bswhm((arch)) 试图越权读取 /backup ！
bswhm((arch)) 试图越权读取 /binaries ！
bswhm((arch)) 试图越权读取 /feature ！
bswhm((arch)) 试图越权读取 /ftp ！
bswhm((arch)) 试图越权读取 /include ！
bswhm((arch)) 试图越权读取 /inherit ！
bswhm((arch)) 试图越权读取 /open ！
bswhm((arch)) 试图越权读取 /smtp ！
bswhm((arch)) 试图越权读取 /备份 ！
