1422762421 880 0
1422762421 774 0 774 0
1415263677 774 0 774 0
1415263500 774 0 774 0
1415263200 774 0 774 0
1415262900 773 0 774 0
1415262600 768 0 768 0
1415262300 768 0 768 0
1415262000 768 0 768 0
1415261700 768 0 768 0
1415261400 768 0 768 0
1415261100 769 0 775 0
1415260800 775 0 775 0
1415260500 775 0 775 0
1415260200 775 0 775 0
1415259900 775 0 775 0
1415259600 775 0 775 0
1415259300 775 0 775 0
1415259000 775 0 775 0
1415258700 775 0 776 0
1415258400 776 0 776 0
1415258100 683 0 776 0
1415257800 682 0 682 0
1415257500 682 0 682 0
1415257200 682 0 682 0
1415256900 682 0 682 0
1415256600 682 0 682 0
1415256300 682 0 682 0
1415256000 682 0 682 0
1415255700 682 0 682 0
1415255400 682 0 682 0
1415255100 682 0 682 0
1415254800 682 0 682 0
1415254500 682 0 682 0
1415254200 682 0 682 0
1415253900 682 0 682 0
1415253600 682 0 682 0
1415253300 682 0 682 0
1415253000 682 0 682 0
1415252700 682 0 682 0
1415252400 682 0 682 0
1415252100 682 0 682 0
1415251800 682 0 682 0
1415251500 682 0 682 0
1415251200 682 0 682 0
1415250900 682 0 682 0
1415250600 682 0 682 0
1415250300 682 0 682 0
1415250000 682 0 682 0
1415249700 682 0 682 0
1415249400 682 0 682 0
1415249100 682 0 682 0
1415248800 682 0 682 0
1415248500 682 0 682 0
1415248200 760 0 774 0
1415247900 774 0 774 0
1415247600 774 0 774 0
1415247300 774 0 774 0
1415247000 774 0 774 0
1415246700 774 0 774 0
1415246400 774 0 774 0
1415246100 774 0 774 0
1415245800 774 0 774 0
1415245500 774 0 774 0
1415245200 774 0 774 0
1415244900 774 0 774 0
1415244600 774 0 774 0
1415244300 774 0 774 0
1415244000 774 0 774 0
1415243700 774 0 774 0
1415243400 774 0 774 0
1415243100 774 0 774 0
1415242800 774 0 774 0
1415242500 774 0 774 0
1415242200 774 0 774 0
1415241900 774 0 774 0
1415241600 774 0 774 0
1415241300 774 0 774 0
1415241000 774 0 774 0
1415240700 774 0 774 0
1415240400 774 0 774 0
1415240100 774 0 774 0
1415239800 774 0 774 0
1415239500 774 0 774 0
1415239200 774 0 774 0
1415238900 774 0 774 0
1415238600 774 0 774 0
1415238300 774 0 774 0
1415238000 774 0 774 0
1415237700 774 0 774 0
1415237400 774 0 774 0
1415237100 774 0 774 0
1415236800 774 0 774 0
1415236500 774 0 774 0
1415236200 774 0 774 0
1415235900 774 0 774 0
1415235600 774 0 774 0
1415235300 774 0 774 0
1415235000 774 0 774 0
1415234700 774 0 774 0
1415234400 774 0 774 0
1415234100 774 0 774 0
1415233800 774 0 774 0
1415233500 774 0 774 0
1415233200 774 0 774 0
1415232900 774 0 774 0
1415232600 774 0 774 0
1415232300 774 0 774 0
1415232000 774 0 774 0
1415231700 774 0 774 0
1415231400 774 0 774 0
1415231100 774 0 774 0
1415230800 774 0 774 0
1415230500 774 0 774 0
1415230200 774 0 774 0
1415229900 774 0 774 0
1415229600 774 0 774 0
1415229300 774 0 774 0
1415229000 774 0 774 0
1415228700 774 0 774 0
1415228400 774 0 774 0
1415228100 774 0 774 0
1415227800 774 0 774 0
1415227500 774 0 774 0
1415227200 774 0 774 0
1415226900 774 0 774 0
1415226600 774 0 774 0
1415226300 774 0 774 0
1415226000 774 0 774 0
1415225700 774 0 774 0
1415225400 774 0 774 0
1415225100 774 0 774 0
1415224800 774 0 774 0
1415224500 774 0 774 0
1415224200 774 0 774 0
1415223900 774 0 774 0
1415223600 774 0 774 0
1415223300 774 0 774 0
1415223000 774 0 774 0
1415222700 774 0 774 0
1415222400 774 0 774 0
1415222100 774 0 774 0
1415221800 774 0 774 0
1415221500 774 0 774 0
1415221200 774 0 774 0
1415220900 774 0 774 0
1415220600 774 0 774 0
1415220300 774 0 774 0
1415220000 774 0 774 0
1415219700 774 0 774 0
1415219400 774 0 774 0
1415219100 774 0 774 0
1415218800 774 0 774 0
1415218500 774 0 774 0
1415218200 774 0 774 0
1415217900 774 0 774 0
1415217600 774 0 774 0
1415217300 774 0 774 0
1415217000 774 0 774 0
1415216700 774 0 774 0
1415216400 774 0 774 0
1415216100 774 0 774 0
1415215800 774 0 774 0
1415215500 774 0 774 0
1415215200 774 0 774 0
1415214900 774 0 774 0
1415214600 774 0 774 0
1415214300 774 0 774 0
1415214000 774 0 774 0
1415213700 774 0 774 0
1415213400 774 0 774 0
1415213100 774 0 774 0
1415212800 774 0 774 0
1415212500 774 0 774 0
1415212200 774 0 774 0
1415211900 774 0 774 0
1415211600 774 0 774 0
1415211300 774 0 774 0
1415211000 774 0 774 0
1415210700 774 0 774 0
1415210400 774 0 774 0
1415210100 774 0 774 0
1415209800 774 0 774 0
1415209500 774 0 774 0
1415209200 774 0 774 0
1415208900 774 0 774 0
1415208600 774 0 774 0
1415208300 774 0 774 0
1415208000 774 0 774 0
1415207700 774 0 774 0
1415207400 774 0 774 0
1415207100 774 0 774 0
1415206800 774 0 774 0
1415206500 774 0 774 0
1415206200 774 0 774 0
1415205900 774 0 774 0
1415205600 774 0 774 0
1415205300 774 0 774 0
1415205000 774 0 774 0
1415204700 774 0 774 0
1415204400 774 0 774 0
1415204100 774 0 774 0
1415203800 774 0 774 0
1415203500 774 0 774 0
1415203200 774 0 774 0
1415202900 774 0 774 0
1415202600 774 0 774 0
1415202300 774 0 774 0
1415202000 774 0 774 0
1415201700 774 0 774 0
1415201400 774 0 774 0
1415201100 774 0 774 0
1415200800 774 0 774 0
1415200500 774 0 774 0
1415200200 774 0 774 0
1415199900 774 0 774 0
1415199600 774 0 774 0
1415199300 774 0 774 0
1415199000 769 0 774 0
1415198700 767 0 767 0
1415198400 767 0 767 0
1415198100 767 0 767 0
1415197800 765 0 767 0
1415197500 765 0 765 0
1415197200 765 0 765 0
1415196900 765 0 765 0
1415196600 765 0 765 0
1415196300 765 0 765 0
1415196000 765 0 765 0
1415195700 754 0 765 0
1415195400 753 0 753 0
1415195100 753 0 753 0
1415194800 753 0 753 0
1415194500 753 0 753 0
1415194200 753 0 753 0
1415193900 739 0 753 0
1415193600 719 0 719 0
1415193300 719 0 719 0
1415193000 814 0 816 0
1415192700 816 0 816 0
1415192400 816 0 816 0
1415192100 816 0 816 0
1415191800 816 0 816 0
1415191500 816 0 816 0
1415191200 816 0 816 0
1415190900 816 0 816 0
1415190600 816 0 816 0
1415190300 816 0 816 0
1415190000 816 0 816 0
1415189700 816 0 816 0
1415189400 816 0 816 0
1415189100 816 0 816 0
1415188800 816 0 816 0
1415188500 816 0 816 0
1415188200 816 0 816 0
1415187900 816 0 816 0
1415187600 816 0 816 0
1415187300 816 0 816 0
1415187000 816 0 816 0
1415186700 816 0 816 0
1415186400 816 0 816 0
1415186100 816 0 816 0
1415185800 816 0 816 0
1415185500 816 0 816 0
1415185200 816 0 816 0
1415184900 816 0 816 0
1415184600 816 0 816 0
1415184300 816 0 816 0
1415184000 816 0 816 0
1415183700 816 0 816 0
1415183400 816 0 816 0
1415183100 816 0 816 0
1415182800 816 0 816 0
1415182500 816 0 816 0
1415182200 816 0 816 0
1415181900 816 0 816 0
1415181600 816 0 816 0
1415181300 816 0 816 0
1415181000 816 0 816 0
1415180700 816 0 816 0
1415180400 816 0 816 0
1415180100 816 0 816 0
1415179800 816 0 816 0
1415179500 816 0 816 0
1415179200 816 0 816 0
1415178900 816 0 816 0
1415178600 816 0 816 0
1415178300 816 0 816 0
1415178000 816 0 816 0
1415177700 816 0 816 0
1415177400 816 0 816 0
1415177100 816 0 816 0
1415176800 816 0 816 0
1415176500 816 0 816 0
1415176200 816 0 816 0
1415175900 816 0 816 0
1415175600 816 0 816 0
1415175300 816 0 816 0
1415175000 816 0 816 0
1415174700 816 0 816 0
1415174400 816 0 816 0
1415174100 816 0 816 0
1415173800 816 0 816 0
1415173500 816 0 816 0
1415173200 816 0 816 0
1415172900 816 0 816 0
1415172600 816 0 816 0
1415172300 816 0 816 0
1415172000 816 0 816 0
1415171700 816 0 816 0
1415171400 816 0 816 0
1415171100 816 0 816 0
1415170800 816 0 816 0
1415170500 816 0 816 0
1415170200 816 0 816 0
1415169900 816 0 816 0
1415169600 816 0 816 0
1415169300 816 0 816 0
1415169000 816 0 816 0
1415168700 816 0 816 0
1415168400 816 0 816 0
1415168100 816 0 816 0
1415167800 816 0 816 0
1415167500 816 0 816 0
1415167200 816 0 816 0
1415166900 816 0 816 0
1415166600 816 0 816 0
1415166300 816 0 816 0
1415166000 816 0 816 0
1415165700 816 0 816 0
1415165400 816 0 816 0
1415165100 816 0 816 0
1415164800 816 0 816 0
1415164500 816 0 816 0
1415164200 816 0 816 0
1415163900 816 0 816 0
1415163600 816 0 816 0
1415163300 816 0 816 0
1415163000 816 0 816 0
1415162700 816 0 816 0
1415162400 816 0 816 0
1415162100 816 0 816 0
1415161800 816 0 816 0
1415161500 816 0 816 0
1415161200 816 0 816 0
1415160900 816 0 816 0
1415160600 816 0 816 0
1415160300 816 0 816 0
1415160000 816 0 816 0
1415159700 816 0 816 0
1415159400 816 0 816 0
1415159100 816 0 816 0
1415158800 816 0 816 0
1415158500 816 0 816 0
1415158200 816 0 816 0
1415157900 816 0 816 0
1415157600 816 0 816 0
1415157300 816 0 816 0
1415157000 816 0 816 0
1415156700 816 0 816 0
1415156400 816 0 816 0
1415156100 816 0 816 0
1415155800 816 0 816 0
1415155500 816 0 816 0
1415155200 816 0 816 0
1415154900 816 0 816 0
1415154600 816 0 816 0
1415154300 816 0 816 0
1415154000 816 0 816 0
1415153700 816 0 816 0
1415153400 816 0 816 0
1415153100 816 0 816 0
1415152800 816 0 816 0
1415152500 816 0 816 0
1415152200 816 0 816 0
1415151900 816 0 816 0
1415151600 816 0 816 0
1415151300 816 0 816 0
1415151000 816 0 816 0
1415150700 816 0 816 0
1415150400 816 0 816 0
1415150100 816 0 816 0
1415149800 816 0 816 0
1415149500 816 0 816 0
1415149200 816 0 816 0
1415148900 816 0 816 0
1415148600 816 0 816 0
1415148300 816 0 816 0
1415148000 816 0 816 0
1415147700 816 0 816 0
1415147400 816 0 816 0
1415147100 816 0 816 0
1415146800 816 0 816 0
1415146500 816 0 816 0
1415146200 816 0 816 0
1415145900 816 0 816 0
1415145600 816 0 816 0
1415145300 816 0 816 0
1415145000 816 0 816 0
1415144700 816 0 816 0
1415144400 816 0 816 0
1415144100 816 0 816 0
1415143800 816 0 816 0
1415143500 816 0 816 0
1415143200 816 0 816 0
1415142900 816 0 816 0
1415142600 816 0 816 0
1415142300 816 0 816 0
1415142000 816 0 816 0
1415141700 816 0 816 0
1415141400 816 0 816 0
1415141100 816 0 816 0
1415140800 816 0 816 0
1415140500 816 0 816 0
1415140200 816 0 816 0
1415139900 816 0 816 0
1415139600 816 0 816 0
1415139300 816 0 816 0
1415139000 816 0 816 0
1415138700 816 0 816 0
1415138400 816 0 816 0
1415138100 816 0 816 0
1415137800 816 0 816 0
1415137500 816 0 816 0
1415137200 816 0 816 0
1415136900 816 0 816 0
1415136600 816 0 816 0
1415136300 816 0 816 0
1415136000 816 0 816 0
1415135700 816 0 816 0
1415135400 816 0 816 0
1415135100 816 0 816 0
1415134800 816 0 816 0
1415134500 816 0 816 0
1415134200 816 0 816 0
1415133900 816 0 816 0
1415133600 816 0 816 0
1415133300 816 0 816 0
1415133000 816 0 816 0
1415132700 816 0 816 0
1415132400 816 0 816 0
1415132100 816 0 816 0
1415131800 816 0 816 0
1415131500 816 0 816 0
1415131200 816 0 816 0
1415130900 816 0 816 0
1415130600 816 0 816 0
1415130300 816 0 816 0
1415130000 816 0 816 0
1415129700 816 0 816 0
1415129400 816 0 816 0
1415129100 816 0 816 0
1415128800 816 0 816 0
1415128500 816 0 816 0
1415128200 816 0 816 0
1415127900 816 0 816 0
1415127600 816 0 816 0
1415127300 816 0 816 0
1415127000 816 0 816 0
1415126700 816 0 816 0
1415126400 816 0 816 0
1415126100 816 0 816 0
1415125800 816 0 816 0
1415125500 816 0 816 0
1415125200 816 0 816 0
1415124900 816 0 816 0
1415124600 816 0 816 0
1415124300 816 0 816 0
1415124000 816 0 816 0
1415123700 816 0 816 0
1415123400 816 0 816 0
1415123100 816 0 816 0
1415122800 816 0 816 0
1415122500 816 0 816 0
1415122200 816 0 816 0
1415121900 816 0 816 0
1415121600 816 0 816 0
1415121300 816 0 816 0
1415121000 816 0 816 0
1415120700 816 0 816 0
1415120400 816 0 816 0
1415120100 816 0 816 0
1415119800 816 0 816 0
1415119500 816 0 816 0
1415119200 816 0 816 0
1415118900 816 0 816 0
1415118600 816 0 816 0
1415118300 816 0 816 0
1415118000 816 0 816 0
1415117700 816 0 816 0
1415117400 816 0 816 0
1415117100 816 0 816 0
1415116800 816 0 816 0
1415116500 816 0 816 0
1415116200 816 0 816 0
1415115900 816 0 816 0
1415115600 816 0 816 0
1415115300 816 0 816 0
1415115000 816 0 816 0
1415114700 816 0 816 0
1415114400 816 0 816 0
1415114100 816 0 816 0
1415113800 816 0 816 0
1415113500 816 0 816 0
1415113200 816 0 816 0
1415112900 816 0 816 0
1415112600 816 0 816 0
1415112300 816 0 816 0
1415112000 816 0 816 0
1415111700 816 0 816 0
1415111400 816 0 816 0
1415111100 816 0 816 0
1415110800 816 0 816 0
1415110500 816 0 816 0
1415110200 816 0 816 0
1415109900 816 0 816 0
1415109600 816 0 816 0
1415109300 816 0 816 0
1415109000 816 0 816 0
1415108700 816 0 816 0
1415108400 816 0 816 0
1415108100 816 0 816 0
1415107800 816 0 816 0
1415107500 816 0 816 0
1415107200 816 0 816 0
1415106900 816 0 816 0
1415106600 816 0 816 0
1415106300 816 0 816 0
1415106000 816 0 816 0
1415105700 816 0 816 0
1415105400 816 0 816 0
1415105100 816 0 816 0
1415104800 816 0 816 0
1415104500 816 0 816 0
1415104200 816 0 816 0
1415103900 816 0 816 0
1415103600 816 0 816 0
1415103300 816 0 816 0
1415103000 816 0 816 0
1415102700 816 0 816 0
1415102400 816 0 816 0
1415102100 816 0 816 0
1415101800 816 0 816 0
1415101500 816 0 816 0
1415101200 816 0 816 0
1415100900 816 0 816 0
1415100600 816 0 816 0
1415100300 816 0 816 0
1415100000 816 0 816 0
1415099700 816 0 816 0
1415099400 816 0 816 0
1415099100 816 0 816 0
1415098800 816 0 816 0
1415098500 816 0 816 0
1415098200 816 0 816 0
1415097900 816 0 816 0
1415097600 816 0 816 0
1415097300 816 0 816 0
1415097000 816 0 816 0
1415096700 816 0 816 0
1415096400 816 0 816 0
1415096100 816 0 816 0
1415095800 816 0 816 0
1415095500 816 0 816 0
1415095200 816 0 816 0
1415094900 816 0 816 0
1415094600 816 0 816 0
1415094300 816 0 816 0
1415094000 816 0 816 0
1415093700 816 0 816 0
1415093400 816 0 816 0
1415093100 816 0 816 0
1415092800 816 0 816 0
1415092500 816 0 816 0
1415092200 816 0 816 0
1415091900 816 0 816 0
1415091600 816 0 816 0
1415091300 816 0 816 0
1415091000 816 0 816 0
1415090700 816 0 816 0
1415090400 816 0 816 0
1415090100 816 0 816 0
1415089800 816 0 816 0
1415089500 816 0 816 0
1415089200 816 0 816 0
1415088900 816 0 816 0
1415088600 816 0 816 0
1415088300 816 0 816 0
1415088000 816 0 816 0
1415087700 816 0 816 0
1415087400 816 0 816 0
1415087100 816 0 816 0
1415086800 816 0 816 0
1415086500 816 0 816 0
1415086200 816 0 816 0
1415085900 816 0 816 0
1415085600 816 0 816 0
1415085300 816 0 816 0
1415085000 816 0 816 0
1415084700 816 0 816 0
1415084400 816 0 816 0
1415084100 816 0 816 0
1415083800 816 0 816 0
1415082600 816 0 816 0
1415080800 816 0 816 0
1415079000 816 0 816 0
1415077200 816 0 816 0
1415075400 816 0 816 0
1415073600 816 0 816 0
1415071800 816 0 816 0
1415070000 816 0 816 0
1415068200 816 0 816 0
1415066400 816 0 816 0
1415064600 816 0 816 0
1415062800 816 0 816 0
1415061000 816 0 816 0
1415059200 816 0 816 0
1415057400 816 0 816 0
1415055600 816 0 816 0
1415053800 816 0 816 0
1415052000 816 0 816 0
1415050200 816 0 816 0
1415048400 816 0 816 0
1415046600 816 0 816 0
1415044800 816 0 816 0
1415043000 816 0 816 0
1415041200 816 0 816 0
1415039400 816 0 816 0
1415037600 816 0 816 0
1415035800 816 0 816 0
1415034000 816 0 816 0
1415032200 816 0 816 0
1415030400 816 0 816 0
1415028600 816 0 816 0
1415026800 816 0 816 0
1415025000 816 0 816 0
1415023200 816 0 816 0
1415021400 816 0 816 0
1415019600 816 0 816 0
1415017800 816 0 816 0
1415016000 816 0 816 0
1415014200 816 0 816 0
1415012400 816 0 816 0
1415010600 816 0 816 0
1415008800 816 0 816 0
1415007000 816 0 816 0
1415005200 816 0 816 0
1415003400 816 0 816 0
1415001600 816 0 816 0
1414999800 816 0 816 0
1414998000 816 0 816 0
1414996200 816 0 816 0
1414994400 816 0 816 0
1414992600 816 0 816 0
1414990800 816 0 816 0
1414989000 816 0 816 0
1414987200 816 0 816 0
1414985400 816 0 816 0
1414983600 816 0 816 0
1414981800 816 0 816 0
1414980000 816 0 816 0
1414978200 816 0 816 0
1414976400 816 0 816 0
1414974600 816 0 816 0
1414972800 816 0 816 0
1414971000 816 0 816 0
1414969200 816 0 816 0
1414967400 816 0 816 0
1414965600 816 0 816 0
1414963800 816 0 816 0
1414962000 816 0 816 0
1414960200 816 0 816 0
1414958400 816 0 816 0
1414956600 816 0 816 0
1414954800 816 0 816 0
1414953000 816 0 816 0
1414951200 816 0 816 0
1414949400 816 0 816 0
1414947600 816 0 816 0
1414945800 816 0 816 0
1414944000 816 0 816 0
1414942200 816 0 816 0
1414940400 816 0 816 0
1414938600 816 0 816 0
1414936800 816 0 816 0
1414935000 816 0 816 0
1414933200 816 0 816 0
1414931400 816 0 816 0
1414929600 816 0 816 0
1414927800 816 0 816 0
1414926000 816 0 816 0
1414924200 816 0 816 0
1414922400 816 0 816 0
1414920600 816 0 816 0
1414918800 816 0 816 0
1414917000 816 0 816 0
1414915200 816 0 816 0
1414913400 816 0 816 0
1414911600 816 0 816 0
1414909800 816 0 816 0
1414908000 816 0 816 0
1414906200 816 0 816 0
1414904400 816 0 816 0
1414902600 816 0 816 0
1414900800 816 0 816 0
1414899000 816 0 816 0
1414897200 816 0 816 0
1414895400 816 0 816 0
1414893600 816 0 816 0
1414891800 816 0 816 0
1414890000 816 0 816 0
1414888200 816 0 816 0
1414886400 816 0 816 0
1414884600 816 0 816 0
1414882800 816 0 816 0
1414881000 816 0 816 0
1414879200 816 0 816 0
1414877400 816 0 816 0
1414875600 816 0 816 0
1414873800 816 0 816 0
1414872000 816 0 816 0
1414870200 816 0 816 0
1414868400 816 0 816 0
1414866600 816 0 816 0
1414864800 816 0 816 0
1414863000 816 0 816 0
1414861200 816 0 816 0
1414859400 816 0 816 0
1414857600 816 0 816 0
1414855800 816 0 816 0
1414854000 816 0 816 0
1414852200 816 0 816 0
1414850400 816 0 816 0
1414848600 816 0 816 0
1414846800 816 0 816 0
1414845000 816 0 816 0
1414843200 816 0 816 0
1414841400 816 0 816 0
1414839600 816 0 816 0
1414837800 816 0 816 0
1414836000 816 0 816 0
1414834200 816 0 816 0
1414832400 816 0 816 0
1414830600 816 0 816 0
1414828800 816 0 816 0
1414827000 816 0 816 0
1414825200 816 0 816 0
1414823400 816 0 816 0
1414821600 816 0 816 0
1414819800 816 0 816 0
1414818000 816 0 816 0
1414816200 816 0 816 0
1414814400 816 0 816 0
1414812600 816 0 816 0
1414810800 816 0 816 0
1414809000 816 0 816 0
1414807200 816 0 816 0
1414805400 816 0 816 0
1414803600 816 0 816 0
1414801800 816 0 816 0
1414800000 816 0 816 0
1414798200 816 0 816 0
1414796400 816 0 816 0
1414794600 816 0 816 0
1414792800 816 0 816 0
1414791000 816 0 816 0
1414789200 816 0 816 0
1414787400 816 0 816 0
1414785600 816 0 816 0
1414783800 816 0 816 0
1414782000 816 0 816 0
1414780200 816 0 816 0
1414778400 816 0 816 0
1414776600 816 0 816 0
1414774800 816 0 816 0
1414773000 816 0 816 0
1414771200 816 0 816 0
1414769400 816 0 816 0
1414767600 816 0 816 0
1414765800 816 0 816 0
1414764000 816 0 816 0
1414762200 816 0 816 0
1414760400 816 0 816 0
1414758600 816 0 816 0
1414756800 816 0 816 0
1414755000 816 0 816 0
1414753200 816 0 816 0
1414751400 816 0 816 0
1414749600 816 0 816 0
1414747800 816 0 816 0
1414746000 816 0 816 0
1414744200 816 0 816 0
1414742400 816 0 816 0
1414740600 816 0 816 0
1414738800 816 0 816 0
1414737000 816 0 816 0
1414735200 816 0 816 0
1414733400 816 0 816 0
1414731600 816 0 816 0
1414729800 816 0 816 0
1414728000 816 0 816 0
1414726200 816 0 816 0
1414724400 816 0 816 0
1414722600 816 0 816 0
1414720800 816 0 816 0
1414719000 816 0 816 0
1414717200 816 0 816 0
1414715400 816 0 816 0
1414713600 816 0 816 0
1414711800 816 0 816 0
1414710000 816 0 816 0
1414708200 816 0 816 0
1414706400 816 0 816 0
1414704600 816 0 816 0
1414702800 816 0 816 0
1414701000 816 0 816 0
1414699200 816 0 816 0
1414697400 816 0 816 0
1414695600 816 0 816 0
1414693800 816 0 816 0
1414692000 816 0 816 0
1414690200 816 0 816 0
1414688400 816 0 816 0
1414686600 816 0 816 0
1414684800 816 0 816 0
1414683000 816 0 816 0
1414681200 816 0 816 0
1414679400 816 0 816 0
1414677600 816 0 816 0
1414675800 816 0 816 0
1414674000 816 0 816 0
1414672200 816 0 816 0
1414670400 816 0 816 0
1414668600 816 0 816 0
1414666800 816 0 816 0
1414665000 816 0 816 0
1414663200 816 0 816 0
1414661400 816 0 816 0
1414659600 816 0 816 0
1414657800 816 0 816 0
1414656000 816 0 816 0
1414654200 816 0 816 0
1414652400 816 0 816 0
1414650600 816 0 816 0
1414648800 816 0 816 0
1414647000 816 0 816 0
1414645200 816 0 816 0
1414643400 816 0 816 0
1414641600 816 0 816 0
1414639800 816 0 816 0
1414638000 816 0 816 0
1414636200 816 0 816 0
1414634400 816 0 816 0
1414632600 816 0 816 0
1414630800 816 0 816 0
1414629000 816 0 816 0
1414627200 816 0 816 0
1414625400 816 0 816 0
1414623600 816 0 816 0
1414621800 816 0 816 0
1414620000 816 0 816 0
1414618200 816 0 816 0
1414616400 816 0 816 0
1414614600 816 0 816 0
1414612800 816 0 816 0
1414611000 816 0 816 0
1414609200 816 0 816 0
1414607400 816 0 816 0
1414605600 816 0 816 0
1414603800 816 0 816 0
1414602000 816 0 816 0
1414600200 816 0 816 0
1414598400 816 0 816 0
1414596600 816 0 816 0
1414594800 816 0 816 0
1414593000 816 0 816 0
1414591200 816 0 816 0
1414589400 816 0 816 0
1414587600 816 0 816 0
1414585800 816 0 816 0
1414584000 816 0 816 0
1414582200 816 0 816 0
1414580400 816 0 816 0
1414578600 816 0 816 0
1414576800 816 0 816 0
1414575000 816 0 816 0
1414573200 816 0 816 0
1414571400 816 0 816 0
1414569600 816 0 816 0
1414567800 816 0 816 0
1414566000 816 0 816 0
1414564200 816 0 816 0
1414562400 816 0 816 0
1414560600 816 0 816 0
1414558800 816 0 816 0
1414557000 816 0 816 0
1414555200 816 0 816 0
1414553400 816 0 816 0
1414551600 816 0 816 0
1414549800 816 0 816 0
1414548000 816 0 816 0
1414546200 816 0 816 0
1414544400 816 0 816 0
1414542600 816 0 816 0
1414540800 816 0 816 0
1414539000 816 0 816 0
1414537200 816 0 816 0
1414535400 816 0 816 0
1414533600 816 0 816 0
1414531800 816 0 816 0
1414530000 816 0 816 0
1414528200 816 0 816 0
1414526400 816 0 816 0
1414524600 816 0 816 0
1414522800 816 0 816 0
1414521000 816 0 816 0
1414519200 816 0 816 0
1414517400 816 0 816 0
1414515600 816 0 816 0
1414513800 816 0 816 0
1414512000 816 0 816 0
1414510200 816 0 816 0
1414508400 816 0 816 0
1414506600 816 0 816 0
1414504800 816 0 816 0
1414503000 816 0 816 0
1414501200 816 0 816 0
1414499400 816 0 816 0
1414497600 816 0 816 0
1414495800 816 0 816 0
1414494000 816 0 816 0
1414492200 816 0 816 0
1414490400 816 0 816 0
1414488600 816 0 816 0
1414486800 816 0 816 0
1414485000 816 0 816 0
1414483200 816 0 816 0
1414481400 816 0 816 0
1414479600 816 0 816 0
1414477800 816 0 816 0
1414476000 816 0 816 0
1414474200 816 0 816 0
1414472400 816 0 816 0
1414470600 816 0 816 0
1414468800 816 0 816 0
1414467000 816 0 816 0
1414465200 816 0 816 0
1414463400 816 0 816 0
1414461600 816 0 816 0
1414459800 816 0 816 0
1414458000 816 0 816 0
1414456200 816 0 816 0
1414454400 816 0 816 0
1414452600 816 0 816 0
1414450800 816 0 816 0
1414449000 816 0 819 0
1414447200 818 0 819 0
1414445400 816 0 817 0
1414443600 817 0 817 0
1414441800 817 0 818 0
1414440000 817 0 818 0
1414438200 817 0 829 0
1414436400 828 0 829 0
1414434600 824 0 829 0
1414432800 829 0 830 0
1414431000 830 0 839 0
1414429200 839 0 842 0
1414427400 842 0 844 0
1414425600 843 0 844 0
1414423800 824 0 825 0
1414422000 816 0 817 0
1414420200 782 0 783 0
1414418400 658 0 1036 0
1414416600 1035 0 1036 0
1414414800 1025 0 1026 0
1414413000 1021 0 1022 0
1414411200 1011 0 1012 0
1414409400 1009 0 1010 0
1414407600 1002 0 1003 0
1414405800 999 0 1009 0
1414404000 1009 0 1011 0
1414402200 1011 0 1013 0
1414400400 1012 0 1013 0
1414398600 1007 0 1008 0
1414396800 1007 0 1008 0
1414395000 1007 0 1008 0
1414393200 1007 0 1008 0
1414391400 1008 0 1019 0
1414389600 1018 0 1019 0
1414387800 1014 0 1014 0
1414386000 1013 0 1014 0
1414384200 1010 0 1011 0
1414382400 988 0 989 0
1414380600 987 0 988 0
1414378800 985 0 988 0
1414377000 988 0 990 0
1414375200 989 0 990 0
1414373400 980 0 981 0
1414371600 976 0 981 0
1414369800 980 0 981 0
1414368000 973 0 974 0
1414366200 968 0 968 0
1414364400 968 0 968 0
1414362600 968 0 978 0
1414360800 978 0 979 0
1414359000 979 0 980 0
1414357200 980 0 980 0
1414355400 980 0 980 0
1414353600 980 0 981 0
1414351800 980 0 981 0
1414350000 980 0 984 0
1414348200 983 0 984 0
1414346400 983 0 989 0
1414344600 989 0 989 0
1414342800 989 0 989 0
1414341000 989 0 991 0
1414339200 991 0 1000 0
1414337400 1000 0 1006 0
1414335600 1006 0 1021 0
1414333800 1021 0 1029 0
1414332000 1028 0 1029 0
1414330200 1008 0 1022 0
1414328400 1021 0 1022 0
1414326600 1020 0 1021 0
1414324800 1019 0 1020 0
1414323000 1018 0 1019 0
1414321200 1017 0 1018 0
1414319400 1016 0 1020 0
1414317600 1019 0 1020 0
1414315800 1006 0 1007 0
1414314000 998 0 1013 0
1414312200 1012 0 1013 0
1414310400 1010 0 1011 0
1414308600 1009 0 1011 0
1414306800 1010 0 1011 0
1414305000 1009 0 1010 0
1414303200 1008 0 1009 0
1414301400 1008 0 1008 0
1414299600 1007 0 1008 0
1414297800 996 0 1014 0
1414296000 1014 0 1021 0
1414294200 1021 0 1021 0
1414292400 1020 0 1021 0
1414290600 1001 0 1006 0
1414288800 1005 0 1006 0
1414287000 991 0 992 0
1414285200 983 0 984 0
1414283400 980 0 981 0
1414281600 980 0 981 0
1414279800 980 0 981 0
1414278000 978 0 978 0
1414276200 978 0 982 0
1414274400 982 0 983 0
1414272600 983 0 983 0
1414270800 983 0 987 0
1414269000 987 0 987 0
1414267200 987 0 988 0
1414265400 988 0 992 0
1414263600 992 0 994 0
1414261800 994 0 996 0
1414260000 996 0 1001 0
1414258200 1001 0 1007 0
1414256400 1006 0 1007 0
1414254600 1004 0 1006 0
1414252800 1006 0 1012 0
1414251000 1012 0 1014 0
1414249200 1014 0 1021 0
1414247400 1021 0 1030 0
1414245600 1029 0 1030 0
1414243800 1027 0 1028 0
1414242000 1009 0 1010 0
1414240200 1008 0 1009 0
1414238400 1007 0 1008 0
1414236600 1000 0 1002 0
1414234800 1002 0 1007 0
1414233000 1007 0 1008 0
1414231200 1008 0 1009 0
1414229400 1008 0 1009 0
1414227600 1001 0 1002 0
1414225800 1000 0 1006 0
1414224000 1006 0 1006 0
1414222200 1006 0 1011 0
1414220400 1010 0 1011 0
1414218600 1010 0 1012 0
1414216800 1011 0 1012 0
1414215000 1006 0 1006 0
1414213200 1005 0 1006 0
1414211400 1000 0 1001 0
1414209600 998 0 999 0
1414207800 994 0 995 0
1414206000 993 0 1001 0
1414204200 1000 0 1001 0
1414202400 999 0 1000 0
1414200600 990 0 991 0
1414198800 987 0 1002 0
1414197000 1002 0 1002 0
1414195200 1001 0 1002 0
1414193400 997 0 998 0
1414191600 998 0 998 0
1414189800 998 0 998 0
1414188000 998 0 999 0
1414186200 998 0 999 0
1414184400 997 0 999 0
1414182600 998 0 999 0
1414180800 998 0 1002 0
1414179000 1002 0 1003 0
1414177200 1002 0 1003 0
1414175400 1002 0 1009 0
1414173600 1008 0 1009 0
1414171800 1004 0 1010 0
1414170000 1010 0 1021 0
1414168200 1020 0 1021 0
1414166400 1019 0 1023 0
1414164600 1023 0 1027 0
1414162800 1027 0 1033 0
1414161000 1032 0 1033 0
1414159200 1028 0 1029 0
1414157400 1026 0 1027 0
1414155600 1020 0 1021 0
1414153800 1020 0 1021 0
1414152000 1014 0 1015 0
1414150200 1003 0 1004 0
1414148400 998 0 1003 0
1414146600 1002 0 1003 0
1414144800 997 0 1007 0
1414143000 1007 0 1011 0
1414141200 1010 0 1011 0
1414139400 1006 0 1007 0
1414137600 1003 0 1004 0
1414135800 994 0 995 0
1414134000 995 0 998 0
1414132200 998 0 1000 0
1414130400 1000 0 1000 0
1414128600 1000 0 1004 0
1414126800 1004 0 1004 0
1414125000 1003 0 1004 0
1414123200 1001 0 1001 0
1414121400 1001 0 1002 0
1414119600 1002 0 1003 0
1414117800 1002 0 1003 0
1414116000 1000 0 1001 0
1414114200 997 0 998 0
1414112400 997 0 1005 0
1414110600 1005 0 1017 0
1414108800 1017 0 1021 0
1414107000 1021 0 1021 0
1414105200 1021 0 1022 0
1414103400 1022 0 1023 0
1414101600 1023 0 1025 0
1414099800 1025 0 1026 0
1414098000 1026 0 1026 0
1414096200 1026 0 1026 0
1414094400 1026 0 1026 0
1414092600 1026 0 1030 0
1414090800 1030 0 1037 0
1414089000 1036 0 1037 0
1414087200 1036 0 1037 0
1414085400 1037 0 1042 0
1414083600 1042 0 1046 0
1414081800 1045 0 1046 0
1414080000 1041 0 1055 0
1414078200 1055 0 1062 0
1414076400 1061 0 1062 0
1414074600 1059 0 1060 0
1414072800 1057 0 1058 0
1414071000 1051 0 1052 0
1414069200 1041 0 1042 0
1414067400 1035 0 1036 0
1414065600 1032 0 1033 0
1414063800 1029 0 1030 0
1414062000 1028 0 1033 0
1414060200 1033 0 1044 0
1414058400 1044 0 1044 0
1414056600 1043 0 1044 0
1414054800 1035 0 1036 0
1414053000 1035 0 1036 0
1414051200 1036 0 1039 0
1414049400 1039 0 1041 0
1414047600 1040 0 1041 0
1414045800 1037 0 1038 0
1414044000 1036 0 1042 0
1414042200 1042 0 1043 0
1414040400 1042 0 1043 0
1414038600 1037 0 1037 0
1414036800 1037 0 1038 0
1414035000 1037 0 1038 0
1414033200 1032 0 1033 0
1414031400 1026 0 1027 0
1414029600 1026 0 1027 0
1414027800 1003 0 1004 0
1414026000 995 0 996 0
1414024200 950 0 956 0
1414022400 956 0 958 0
1414020600 958 0 958 0
1414018800 957 0 958 0
1414017000 957 0 962 0
1414015200 962 0 962 0
1414013400 962 0 962 0
1414011600 962 0 962 0
1414009800 961 0 962 0
1414008000 960 0 960 0
1414006200 960 0 962 0
1414004400 962 0 963 0
1414002600 963 0 965 0
1414000800 966 0 978 0
1413993600 985 0 1002 0
1413986400 985 0 1002 0
1413979200 981 0 997 0
1413972000 957 0 961 0
1413964800 960 0 964 0
1413957600 958 0 965 0
1413950400 963 0 965 0
1413943200 955 0 961 0
1413936000 954 0 955 0
1413928800 962 0 966 0
1413921600 967 0 998 0
1413914400 1003 0 1014 0
1413907200 1017 0 1022 0
1413900000 1010 0 1016 0
1413892800 1000 0 1002 0
1413885600 978 0 995 0
1413878400 965 0 967 0
1413871200 960 0 962 0
1413864000 959 0 962 0
1413856800 947 0 954 0
1413849600 933 0 937 0
1413842400 933 0 940 0
1413835200 938 0 945 0
1413828000 951 0 965 0
1413820800 970 0 974 0
1413813600 964 0 972 0
1413806400 944 0 952 0
1413799200 949 0 952 0
1413792000 946 0 948 0
1413784800 942 0 957 0
1413777600 956 0 963 0
1413770400 955 0 963 0
1413763200 945 0 950 0
1413756000 946 0 948 0
1413748800 944 0 947 0
1413741600 955 0 976 0
1413734400 980 0 985 0
1413727200 980 0 983 0
1413720000 976 0 982 0
1413712800 978 0 983 0
1413705600 975 0 979 0
1413698400 969 0 974 0
1413691200 965 0 974 0
1413684000 947 0 954 0
1413676800 943 0 953 0
1413669600 953 0 958 0
1413662400 958 0 960 0
1413655200 964 0 1002 0
1413648000 1005 0 1010 0
1413640800 1005 0 1010 0
1413633600 996 0 1004 0
1413626400 1006 0 1012 0
1413619200 1000 0 1007 0
1413612000 990 0 995 0
1413604800 991 0 995 0
1413597600 984 0 991 0
1413590400 983 0 984 0
1413583200 985 0 987 0
1413576000 989 0 993 0
1413568800 998 0 1002 0
1413561600 1001 0 1007 0
1413554400 997 0 1004 0
1413547200 973 0 982 0
1413540000 971 0 973 0
1413532800 970 0 973 0
1413525600 964 0 968 0
1413518400 958 0 974 0
1413511200 961 0 974 0
1413504000 948 0 950 0
1413496800 950 0 953 0
1413489600 957 0 964 0
1413482400 970 0 980 0
1413475200 981 0 985 0
1413468000 973 0 980 0
1413460800 961 0 967 0
1413453600 953 0 965 0
1413446400 955 0 959 0
1413439200 952 0 957 0
1413432000 956 0 963 0
1413424800 943 0 952 0
1413417600 916 0 943 0
1413410400 906 0 908 0
1413403200 904 0 906 0
1413396000 845 0 904 0
1413388800 901 0 1092 0
1413381600 1085 0 1090 0
1413374400 1069 0 1077 0
1413367200 1074 0 1080 0
1413360000 1076 0 1080 0
1413352800 1073 0 1075 0
1413345600 1069 0 1074 0
1413338400 1051 0 1061 0
1413331200 787 0 1060 0
1413324000 1060 0 1064 0
1413316800 1067 0 1072 0
1413309600 1073 0 1078 0
1413302400 1085 0 1090 0
1413295200 1082 0 1089 0
1413288000 1071 0 1074 0
1413280800 1071 0 1075 0
1413273600 1072 0 1075 0
1413266400 1061 0 1075 0
1413259200 1051 0 1053 0
1413252000 1041 0 1051 0
1413244800 1042 0 1046 0
1413237600 1051 0 1056 0
1413230400 1058 0 1062 0
1413223200 1075 0 1108 0
1413216000 1116 0 1122 0
1413208800 1106 0 1120 0
1413201600 1102 0 1106 0
1413194400 1100 0 1102 0
1413187200 1104 0 1108 0
1413180000 1096 0 1108 0
1413172800 1092 0 1099 0
1413165600 1072 0 1088 0
1413158400 1065 0 1068 0
1413151200 1066 0 1068 0
1413144000 1068 0 1073 0
1413136800 1078 0 1098 0
1413129600 1101 0 1105 0
1413122400 1077 0 1100 0
1413115200 1061 0 1066 0
1413108000 1063 0 1080 0
1413100800 1088 0 1098 0
1413093600 1087 0 1098 0
1413086400 1087 0 1113 0
1413079200 1106 0 1113 0
1413072000 1107 0 1111 0
1413064800 1115 0 1122 0
1413057600 1127 0 1135 0
1413050400 1136 0 1141 0
1413043200 1141 0 1144 0
1413036000 1126 0 1135 0
1413028800 1110 0 1113 0
1413021600 1090 0 1112 0
1413014400 1115 0 1122 0
1413007200 1116 0 1122 0
1413000000 1112 0 1120 0
1412992800 1104 0 1120 0
1412985600 1092 0 1103 0
1412978400 1106 0 1113 0
1412971200 1118 0 1125 0
1412964000 1133 0 1149 0
1412956800 1151 0 1155 0
1412949600 1141 0 1150 0
1412942400 1132 0 1137 0
1412935200 1133 0 1143 0
1412928000 1124 0 1129 0
1412920800 1122 0 1129 0
1412913600 1108 0 1113 0
1412906400 1084 0 1100 0
1412899200 1064 0 1077 0
1412892000 1061 0 1063 0
1412884800 1062 0 1070 0
1412877600 1087 0 1110 0
1412870400 1113 0 1118 0
1412863200 1105 0 1115 0
1412856000 1081 0 1094 0
1412848800 1063 0 1086 0
1412841600 1080 0 1086 0
1412834400 1066 0 1076 0
1412827200 1060 0 1065 0
1412820000 1040 0 1061 0
1412812800 981 0 1004 0
1412805600 976 0 983 0
1412798400 985 0 992 0
1412791200 1005 0 1029 0
1412784000 1029 0 1033 0
1412776800 1024 0 1028 0
1412769600 1014 0 1025 0
1412762400 1016 0 1025 0
1412755200 1022 0 1026 0
1412748000 1024 0 1027 0
1412740800 1019 0 1023 0
1412733600 1004 0 1017 0
1412726400 1023 0 1030 0
1412719200 1030 0 1033 0
1412712000 1032 0 1040 0
1412704800 1045 0 1058 0
1412697600 1070 0 1084 0
1412690400 1072 0 1082 0
1412683200 1056 0 1068 0
1412676000 1029 0 1037 0
1412668800 1041 0 1054 0
1412661600 1048 0 1054 0
1412654400 1053 0 1056 0
1412647200 1041 0 1047 0
1412640000 1024 0 1034 0
1412632800 1028 0 1036 0
1412625600 1042 0 1051 0
1412618400 1042 0 1053 0
1412611200 1058 0 1068 0
1412604000 1029 0 1048 0
1412596800 1011 0 1015 0
1412589600 920 0 979 0
1412582400 888 0 897 0
1412575200 867 0 874 0
1412568000 858 0 1068 0
1412560800 1056 0 1060 0
1412553600 782 0 1055 0
1412546400 1039 0 1043 0
1412539200 1049 0 1078 0
1412532000 1069 0 1078 0
1412524800 1124 0 1199 0
1412517600 1187 0 1198 0
1412510400 1174 0 1186 0
1412503200 1169 0 1181 0
1412496000 1181 0 1189 0
1412488800 1181 0 1189 0
1412481600 1178 0 1183 0
1412474400 1158 0 1175 0
1412467200 1151 0 1153 0
1412460000 1151 0 1157 0
1412452800 1160 0 1165 0
1412445600 1165 0 1183 0
1412438400 1186 0 1192 0
1412431200 1189 0 1192 0
1412424000 1182 0 1187 0
1412416800 1181 0 1185 0
1412409600 1172 0 1177 0
1412402400 1161 0 1175 0
1412395200 1145 0 1152 0
1412388000 1136 0 1145 0
1412380800 1127 0 1130 0
1412373600 1136 0 1143 0
1412366400 1149 0 1156 0
1412359200 1155 0 1163 0
1412352000 1165 0 1172 0
1412344800 1159 0 1166 0
1412337600 1146 0 1152 0
1412330400 1148 0 1153 0
1412323200 1145 0 1156 0
1412316000 1151 0 1154 0
1412308800 1151 0 1154 0
1412301600 1144 0 1150 0
1412294400 1129 0 1138 0
1412287200 1124 0 1127 0
1412280000 1126 0 1132 0
1412272800 1137 0 1147 0
1412265600 1159 0 1170 0
1412258400 1173 0 1176 0
1412251200 1169 0 1176 0
1412244000 1160 0 1163 0
1412236800 1154 0 1159 0
1412229600 1142 0 1145 0
1412222400 1155 0 1175 0
1412215200 1171 0 1178 0
1412208000 1150 0 1167 0
1412200800 1144 0 1153 0
1412193600 1163 0 1170 0
1412186400 1168 0 1180 0
1412179200 1195 0 1208 0
1412172000 1202 0 1205 0
1412164800 1186 0 1196 0
1412157600 1195 0 1199 0
1412150400 1176 0 1186 0
1412143200 1168 0 1176 0
1412136000 1161 0 1173 0
1412128800 1160 0 1173 0
1412121600 1151 0 1157 0
1412114400 1156 0 1159 0
1412107200 1160 0 1166 0
1412100000 1178 0 1188 0
1412092800 1192 0 1197 0
1412085600 1182 0 1188 0
1412078400 1157 0 1163 0
1412071200 1148 0 1152 0
1412064000 1107 0 1144 0
1412056800 1076 0 1079 0
1412049600 1053 0 1070 0
1412042400 1021 0 1047 0
1412035200 994 0 999 0
1412028000 989 0 992 0
1412020800 986 0 990 0
1412013600 998 0 1011 0
1412006400 1009 0 1016 0
1411999200 999 0 1006 0
1411992000 961 0 980 0
1411984800 862 0 948 0
1411977600 800 0 808 0
1411970400 965 0 1159 0
1411963200 1156 0 1162 0
1411956000 1147 0 1162 0
1411948800 1137 0 1141 0
1411941600 1132 0 1141 0
1411934400 1134 0 1142 0
1411927200 1156 0 1175 0
1411920000 1175 0 1178 0
1411912800 1171 0 1178 0
1411905600 1142 0 1156 0
1411898400 1135 0 1143 0
1411891200 1138 0 1143 0
1411884000 1130 0 1139 0
1411876800 1121 0 1123 0
1411869600 1115 0 1122 0
1411862400 1118 0 1125 0
1411855200 1127 0 1129 0
1411848000 1126 0 1133 0
1411840800 1131 0 1140 0
1411833600 1144 0 1149 0
1411826400 1145 0 1150 0
1411819200 1151 0 1155 0
1411812000 1151 0 1155 0
1411804800 1149 0 1153 0
1411797600 1142 0 1152 0
1411790400 1138 0 1141 0
1411783200 1135 0 1137 0
1411776000 850 0 1137 0
1411768800 1129 0 1136 0
1411761600 1133 0 1137 0
1411754400 1143 0 1157 0
1411747200 1161 0 1167 0
1411740000 1155 0 1165 0
1411732800 1130 0 1146 0
1411725600 1121 0 1124 0
1411718400 1124 0 1128 0
1411711200 1121 0 1128 0
1411704000 1119 0 1126 0
1411696800 1090 0 1100 0
1411689600 816 0 1097 0
1411682400 1097 0 1111 0
1411675200 1123 0 1144 0
1411668000 1147 0 1156 0
1411660800 1159 0 1162 0
1411653600 1144 0 1152 0
1411646400 1132 0 1137 0
1411639200 1134 0 1139 0
1411632000 1139 0 1142 0
1411624800 1142 0 1145 0
1411617600 1142 0 1145 0
1411610400 1121 0 1132 0
1411603200 831 0 1118 0
1411596000 1118 0 1120 0
1411588800 1120 0 1125 0
1411581600 1129 0 1154 0
1411574400 1156 0 1159 0
1411567200 1152 0 1159 0
1411560000 1133 0 1148 0
1411552800 1129 0 1136 0
1411545600 1130 0 1133 0
1411538400 1134 0 1137 0
1411531200 1144 0 1150 0
1411524000 1135 0 1146 0
1411516800 1139 0 1146 0
1411509600 1129 0 1140 0
1411502400 1146 0 1158 0
1411495200 1150 0 1155 0
1411488000 1162 0 1186 0
1411480800 1175 0 1186 0
1411473600 1156 0 1163 0
1411466400 1153 0 1162 0
1411459200 1154 0 1162 0
1411452000 1148 0 1153 0
1411444800 1141 0 1144 0
1411437600 1133 0 1142 0
1411430400 859 0 1152 0
1411423200 1147 0 1150 0
1411416000 1154 0 1158 0
1411408800 1161 0 1176 0
1411401600 1176 0 1181 0
1411394400 1173 0 1179 0
1411387200 1158 0 1167 0
1411380000 1156 0 1161 0
1411372800 1152 0 1154 0
1411365600 1148 0 1154 0
1411358400 1150 0 1155 0
1411351200 1146 0 1150 0
1411344000 1142 0 1147 0
1411336800 1137 0 1144 0
1411329600 1147 0 1155 0
1411322400 1150 0 1155 0
1411315200 1167 0 1180 0
1411308000 1172 0 1184 0
1411300800 1161 0 1166 0
1411293600 1155 0 1172 0
1411286400 1172 0 1183 0
1411279200 1182 0 1183 0
1411272000 1140 0 1181 0
1411264800 1122 0 1129 0
1411257600 1118 0 1129 0
1411250400 1129 0 1131 0
1411243200 1132 0 1136 0
1411236000 1146 0 1165 0
1411228800 1171 0 1185 0
1411221600 1184 0 1187 0
1411214400 1165 0 1181 0
1411207200 1145 0 1153 0
1411200000 1143 0 1153 0
1411192800 1137 0 1143 0
1411185600 1118 0 1127 0
1411178400 1088 0 1104 0
1411171200 1080 0 1097 0
1411164000 1098 0 1108 0
1411156800 1106 0 1109 0
1411149600 1093 0 1111 0
1411142400 1036 0 1039 0
1411135200 1025 0 1035 0
1411128000 999 0 1006 0
1411120800 891 0 898 0
1411113600 892 0 1032 0
1411106400 1028 0 1040 0
1411099200 1031 0 1041 0
1411092000 985 0 1010 0
1411084800 768 0 981 0
1411077600 977 0 981 0
1411070400 966 0 968 0
1411063200 963 0 1000 0
1411056000 997 0 1002 0
1411048800 943 0 983 0
1411041600 850 0 937 0
1411034400 869 0 934 0
1411027200 1026 0 1137 0
1411020000 1152 0 1172 0
1411012800 1188 0 1198 0
1411005600 1160 0 1197 0
1410998400 1122 0 1126 0
1410991200 1124 0 1128 0
1410984000 1128 0 1132 0
1410976800 1144 0 1163 0
1410969600 1160 0 1164 0
1410962400 1156 0 1164 0
1410955200 1136 0 1146 0
1410948000 1133 0 1141 0
1410940800 1141 0 1145 0
1410933600 1133 0 1143 0
1410926400 1134 0 1139 0
1410919200 1128 0 1138 0
1410912000 840 0 1126 0
1410904800 1125 0 1128 0
1410897600 1130 0 1141 0
1410890400 1148 0 1163 0
1410883200 1175 0 1187 0
1410876000 1176 0 1187 0
1410868800 1150 0 1159 0
1410861600 1139 0 1149 0
1410854400 1124 0 1131 0
1410847200 1129 0 1133 0
1410840000 1126 0 1132 0
1410832800 1108 0 1127 0
1410825600 827 0 1109 0
1410818400 1112 0 1116 0
1410811200 1116 0 1122 0
1410804000 1133 0 1146 0
1410796800 1158 0 1180 0
1410789600 1177 0 1180 0
1410782400 1146 0 1159 0
1410775200 1147 0 1158 0
1410768000 1153 0 1156 0
1410760800 1142 0 1149 0
1410753600 1138 0 1146 0
1410746400 1116 0 1123 0
1410739200 1111 0 1117 0
1410732000 1106 0 1112 0
1410724800 1112 0 1117 0
1410717600 1123 0 1147 0
1410710400 1146 0 1156 0
1410703200 1157 0 1160 0
1410696000 1137 0 1147 0
1410688800 1138 0 1143 0
1410681600 1135 0 1140 0
1410674400 1125 0 1134 0
1410667200 1134 0 1140 0
1410660000 1134 0 1140 0
1410652800 1124 0 1125 0
1410645600 1125 0 1128 0
1410638400 1130 0 1142 0
1410631200 1146 0 1151 0
1410624000 1143 0 1152 0
1410616800 1134 0 1146 0
1410609600 1122 0 1126 0
1410602400 1122 0 1126 0
1410595200 1128 0 1134 0
1410588000 1120 0 1128 0
1410580800 1117 0 1121 0
1410573600 1090 0 1109 0
1410566400 853 0 1106 0
1410559200 1109 0 1115 0
1410552000 1118 0 1123 0
1410544800 1054 0 1088 0
1410537600 992 0 996 0
1410530400 963 0 972 0
1410523200 835 0 940 0
1410516000 757 0 1134 0
1410508800 1134 0 1138 0
1410501600 1133 0 1137 0
1410494400 1119 0 1131 0
1410487200 1096 0 1111 0
1410480000 820 0 1098 0
1410472800 1098 0 1114 0
1410465600 1117 0 1121 0
1410458400 1121 0 1141 0
1410451200 1152 0 1171 0
1410444000 1150 0 1160 0
1410436800 1132 0 1137 0
1410429600 1130 0 1139 0
1410422400 1134 0 1139 0
1410415200 1139 0 1155 0
1410408000 1144 0 1155 0
1410400800 1131 0 1144 0
1410393600 1135 0 1136 0
1410386400 1135 0 1140 0
1410379200 1138 0 1140 0
1410372000 1143 0 1156 0
1410364800 1165 0 1181 0
1410357600 1176 0 1182 0
1410350400 1111 0 1170 0
1410343200 1068 0 1069 0
1410336000 1054 0 1067 0
1410328800 1067 0 1070 0
1410321600 1068 0 1071 0
1410314400 1068 0 1077 0
1410307200 799 0 1070 0
1410300000 1067 0 1075 0
1410292800 1076 0 1094 0
1410285600 1083 0 1101 0
1410278400 1112 0 1126 0
1410271200 1108 0 1118 0
1410264000 1098 0 1106 0
1410256800 1041 0 1051 0
1410249600 1029 0 1051 0
1410242400 1026 0 1076 0
1410235200 1076 0 1083 0
1410228000 1070 0 1073 0
1410220800 1064 0 1072 0
1410213600 1072 0 1075 0
1410206400 1078 0 1103 0
1410199200 1104 0 1109 0
1410192000 1127 0 1141 0
1410184800 1117 0 1121 0
1410177600 1108 0 1118 0
1410170400 1100 0 1104 0
1410163200 1099 0 1111 0
1410156000 1112 0 1120 0
1410148800 1111 0 1120 0
1410141600 1115 0 1119 0
1410134400 1095 0 1109 0
1410127200 1103 0 1140 0
1410120000 1146 0 1152 0
1410112800 1152 0 1205 0
1410105600 1203 0 1211 0
1410098400 1210 0 1212 0
1410091200 1195 0 1201 0
1410084000 1117 0 1199 0
1410076800 1087 0 1099 0
1410069600 1080 0 1096 0
1410062400 1083 0 1092 0
1410055200 1067 0 1077 0
1410048000 1047 0 1054 0
1410040800 1043 0 1045 0
1410033600 991 0 1035 0
1410026400 969 0 1010 0
1410019200 988 0 998 0
1410012000 972 0 976 0
1410004800 942 0 969 0
1409997600 885 0 892 0
1409990400 851 0 863 0
1409983200 823 0 1083 0
1409976000 1069 0 1079 0
1409968800 1041 0 1055 0
1409961600 778 0 1045 0
1409954400 1040 0 1058 0
1409947200 1059 0 1072 0
1409940000 1075 0 1079 0
1409932800 1075 0 1087 0
1409925600 1059 0 1065 0
1409918400 1030 0 1052 0
1409911200 1046 0 1054 0
1409904000 1052 0 1055 0
1409896800 1045 0 1058 0
1409889600 1054 0 1059 0
1409882400 1052 0 1059 0
1409875200 1047 0 1056 0
1409868000 1065 0 1086 0
1409860800 1087 0 1099 0
1409853600 1102 0 1109 0
1409846400 1126 0 1142 0
1409839200 1142 0 1145 0
1409832000 1099 0 1132 0
1409824800 1024 0 1029 0
1409817600 1028 0 1039 0
1409810400 1030 0 1039 0
1409803200 1022 0 1025 0
1409796000 1017 0 1025 0
1409788800 1013 0 1019 0
1409781600 1019 0 1022 0
1409774400 1025 0 1031 0
1409767200 1038 0 1050 0
1409760000 1059 0 1073 0
1409752800 1065 0 1073 0
1409745600 1039 0 1049 0
1409738400 1031 0 1034 0
1409731200 1030 0 1033 0
1409724000 1027 0 1033 0
1409716800 1015 0 1021 0
1409709600 992 0 1008 0
1409702400 979 0 1007 0
1409695200 1013 0 1019 0
1409688000 1019 0 1025 0
1409680800 1059 0 1089 0
1409616000 1099 0 1164 0
1409529600 1070 0 1108 0
1409443200 988 0 1058 0
1409356800 998 0 1036 0
1409270400 1009 0 1102 0
1409184000 1045 0 1108 0
1409097600 1036 0 1095 0
1409011200 1000 0 1071 0
1408924800 967 0 993 0
1408838400 978 0 1007 0
1408752000 976 0 1039 0
1408665600 1008 0 1105 0
1408579200 1047 0 1124 0
1408492800 1026 0 1109 0
1408406400 1083 0 1146 0
1408320000 1062 0 1105 0
1408233600 1068 0 1098 0
1408147200 1061 0 1095 0
1408060800 941 0 1037 0
1407974400 909 0 1001 0
1407888000 996 0 1027 0
1407801600 1105 0 1181 0
1407715200 1123 0 1191 0
1407628800 1124 0 1156 0
1407542400 1107 0 1147 0
1407456000 1090 0 1136 0
1407369600 1090 0 1147 0
1407283200 1086 0 1127 0
1407196800 1064 0 1093 0
1407110400 1070 0 1125 0
1407024000 1095 0 1140 0
1406937600 1054 0 1145 0
1406851200 980 0 1106 0
1406764800 1051 0 1114 0
1406678400 1051 0 1114 0
1406592000 1030 0 1100 0
1406505600 1067 0 1117 0
1406419200 1076 0 1136 0
1406332800 1067 0 1129 0
1406246400 1055 0 1087 0
1406160000 1031 0 1114 0
1406073600 1019 0 1086 0
1405987200 988 0 1094 0
1405900800 1047 0 1115 0
1405814400 1046 0 1106 0
1405728000 1034 0 1090 0
1405641600 1069 0 1108 0
1405555200 1036 0 1104 0
1405468800 1038 0 1106 0
1405382400 1033 0 1093 0
1405296000 1038 0 1121 0
1405209600 1007 0 1062 0
1405123200 1028 0 1057 0
1405036800 1009 0 1075 0
1404950400 1021 0 1099 0
1404864000 1002 0 1112 0
1404777600 1035 0 1092 0
1404691200 1019 0 1095 0
1404604800 1061 0 1104 0
1404518400 1041 0 1086 0
1404432000 1053 0 1105 0
1404345600 1061 0 1110 0
1404259200 1049 0 1141 0
1404172800 992 0 1102 0
1404086400 947 0 975 0
1404000000 970 0 1060 0
1403913600 956 0 1027 0
1403827200 946 0 977 0
1403740800 946 0 1030 0
1403654400 944 0 1022 0
1403568000 955 0 1010 0
1403481600 936 0 1012 0
1403395200 986 0 1020 0
1403308800 1003 0 1036 0
1403222400 968 0 1013 0
1403136000 949 0 988 0
1403049600 946 0 992 0
1402963200 964 0 1018 0
1402876800 949 0 1015 0
1402790400 951 0 1065 0
1402704000 934 0 987 0
1402617600 963 0 1002 0
1402531200 966 0 1053 0
1402444800 863 0 978 0
1402358400 932 0 978 0
1402272000 974 0 1073 0
1402185600 995 0 1094 0
1402099200 1011 0 1065 0
1402012800 1004 0 1075 0
1401926400 979 0 1019 0
1401840000 949 0 1006 0
1401753600 985 0 1016 0
1401667200 973 0 1006 0
1401580800 970 0 989 0
1401494400 919 0 990 0
1401408000 895 0 984 0
1401321600 965 0 1019 0
1401235200 953 0 1076 0
1401148800 989 0 1067 0
1401062400 1019 0 1063 0
1400976000 1036 0 1061 0
1400889600 1002 0 1057 0
1400803200 978 0 1037 0
1400716800 979 0 1017 0
1400630400 1001 0 1044 0
1400544000 995 0 1047 0
1400457600 984 0 1035 0
1400371200 961 0 998 0
1400284800 944 0 1052 0
1400198400 1035 0 1079 0
1400112000 982 0 1071 0
1400025600 1001 0 1053 0
1399939200 1036 0 1087 0
1399852800 1043 0 1094 0
1399766400 1017 0 1101 0
1399680000 1008 0 1084 0
1399593600 1001 0 1087 0
1399507200 1005 0 1078 0
1399420800 997 0 1061 0
1399334400 1017 0 1066 0
1399248000 986 0 1066 0
1399161600 1026 0 1083 0
1399075200 1083 0 1162 0
1398988800 1030 0 1059 0
1398902400 983 0 1087 0
1398816000 1085 0 1127 0
1398729600 1065 0 1106 0
1398643200 1079 0 1115 0
1398556800 1052 0 1109 0
1398470400 1032 0 1058 0
1398384000 998 0 1062 0
1398297600 976 0 1040 0
1398211200 1002 0 1045 0
1398124800 1011 0 1054 0
1398038400 986 0 1019 0
1397952000 985 0 1023 0
1397865600 954 0 993 0
1397779200 931 0 980 0
1397692800 828 0 922 0
1397606400 798 0 845 0
1397520000 810 0 961 0
1397433600 775 0 826 0
1397347200 768 0 818 0
1397260800 770 0 812 0
1397174400 768 0 819 0
1397088000 759 0 807 0
1397001600 747 0 817 0
1396915200 780 0 814 0
1396828800 763 0 800 0
1396742400 762 0 804 0
1396656000 757 0 818 0
1396569600 717 0 770 0
1396483200 690 0 755 0
1396396800 675 0 751 0
1396310400 646 0 703 0
1396224000 641 0 685 0
1396137600 665 0 700 0
1396051200 620 0 673 0
1395964800 608 0 641 0
1395878400 593 0 641 0
1395792000 579 0 621 0
1395705600 584 0 627 0
1395619200 559 0 653 0
1395532800 643 0 665 0
1395446400 642 0 668 0
1395360000 651 0 693 0
1395273600 631 0 664 0
1395187200 623 0 654 0
1395100800 638 0 668 0
1395014400 652 0 687 0
1394928000 658 0 682 0
1394841600 658 0 684 0
1394755200 648 0 683 0
1394668800 655 0 690 0
1394582400 658 0 698 0
1394496000 635 0 672 0
1394409600 662 0 700 0
1394323200 670 0 701 0
1394236800 641 0 685 0
1394150400 626 0 663 0
1394064000 620 0 655 0
1393977600 602 0 623 0
1393891200 601 0 624 0
1393804800 606 0 654 0
1393718400 612 0 644 0
1393632000 586 0 636 0
1393545600 611 0 649 0
1393459200 604 0 627 0
1393372800 603 0 635 0
1393286400 614 0 643 0
1393200000 630 0 668 0
1393113600 623 0 654 0
1393027200 628 0 661 0
1392940800 688 0 763 0
1392854400 684 0 769 0
1392768000 602 0 630 0
1392681600 593 0 622 0
1392595200 640 0 683 0
1392508800 664 0 713 0
1392422400 692 0 732 0
1392336000 602 0 660 0
1392249600 485 0 519 0
1392163200 485 0 553 0
1392076800 504 0 553 0
1391990400 502 0 535 0
1391904000 522 0 570 0
1391817600 526 0 609 0
1391731200 609 0 641 0
1391644800 614 0 641 0
1391558400 603 0 638 0
1391472000 617 0 646 0
1391385600 624 0 658 0
1391299200 645 0 672 0
1391212800 634 0 677 0
1391126400 642 0 678 0
1391040000 608 0 633 0
1390953600 615 0 635 0
1390867200 607 0 629 0
1390780800 609 0 633 0
1390694400 620 0 659 0
1390608000 598 0 623 0
1390521600 597 0 619 0
1390435200 602 0 637 0
1390348800 608 0 627 0
1390262400 615 0 650 0
1390176000 608 0 634 0
1390089600 614 0 634 0
1390003200 607 0 630 0
1389916800 600 0 629 0
1389830400 588 0 605 0
1389744000 562 0 602 0
1389657600 226 0 499 0
1389571200 0 0 0 0
1389484800 0 0 0 0
1389398400 0 0 0 0
1389312000 0 0 0 0
1389225600 0 0 0 0
1389139200 0 0 0 0
1389052800 0 0 0 0
1388966400 0 0 0 0
1388880000 0 0 0 0
1388793600 0 0 0 0
1388707200 0 0 0 0
1388620800 0 0 0 0
1388534400 0 0 0 0
1388448000 0 0 0 0
1388361600 0 0 0 0
1388275200 0 0 0 0
1388188800 0 0 0 0
1388102400 0 0 0 0
1388016000 0 0 0 0
1387929600 0 0 0 0
1387843200 0 0 0 0
1387756800 0 0 0 0
1387670400 0 0 0 0
1387584000 0 0 0 0
1387497600 0 0 0 0
1387411200 0 0 0 0
1387324800 0 0 0 0
1387238400 0 0 0 0
1387152000 0 0 0 0
1387065600 0 0 0 0
1386979200 0 0 0 0
1386892800 0 0 0 0
1386806400 0 0 0 0
1386720000 0 0 0 0
1386633600 0 0 0 0
1386547200 0 0 0 0
1386460800 0 0 0 0
1386374400 0 0 0 0
1386288000 0 0 0 0
1386201600 0 0 0 0
1386115200 0 0 0 0
1386028800 0 0 0 0
1385942400 0 0 0 0
1385856000 0 0 0 0
1385769600 0 0 0 0
1385683200 0 0 0 0
1385596800 0 0 0 0
1385510400 0 0 0 0
1385424000 0 0 0 0
1385337600 0 0 0 0
1385251200 0 0 0 0
1385164800 0 0 0 0
1385078400 0 0 0 0
1384992000 0 0 0 0
1384905600 0 0 0 0
1384819200 0 0 0 0
1384732800 0 0 0 0
1384646400 0 0 0 0
1384560000 0 0 0 0
1384473600 0 0 0 0
1384387200 0 0 0 0
1384300800 0 0 0 0
1384214400 0 0 0 0
1384128000 0 0 0 0
1384041600 0 0 0 0
1383955200 0 0 0 0
1383868800 0 0 0 0
1383782400 0 0 0 0
1383696000 0 0 0 0
1383609600 0 0 0 0
1383523200 0 0 0 0
1383436800 0 0 0 0
1383350400 0 0 0 0
1383264000 0 0 0 0
1383177600 0 0 0 0
1383091200 0 0 0 0
1383004800 0 0 0 0
1382918400 0 0 0 0
1382832000 0 0 0 0
1382745600 0 0 0 0
1382659200 0 0 0 0
1382572800 0 0 0 0
1382486400 0 0 0 0
1382400000 0 0 0 0
1382313600 0 0 0 0
1382227200 0 0 0 0
1382140800 0 0 0 0
1382054400 0 0 0 0
1381968000 0 0 0 0
1381881600 0 0 0 0
1381795200 0 0 0 0
1381708800 0 0 0 0
1381622400 0 0 0 0
1381536000 0 0 0 0
1381449600 0 0 0 0
1381363200 0 0 0 0
1381276800 0 0 0 0
1381190400 0 0 0 0
1381104000 0 0 0 0
1381017600 0 0 0 0
1380931200 0 0 0 0
1380844800 0 0 0 0
1380758400 0 0 0 0
1380672000 0 0 0 0
1380585600 0 0 0 0
1380499200 0 0 0 0
1380412800 0 0 0 0
1380326400 0 0 0 0
1380240000 0 0 0 0
1380153600 0 0 0 0
1380067200 0 0 0 0
1379980800 0 0 0 0
1379894400 0 0 0 0
1379808000 0 0 0 0
1379721600 0 0 0 0
1379635200 0 0 0 0
1379548800 0 0 0 0
1379462400 0 0 0 0
1379376000 0 0 0 0
1379289600 0 0 0 0
1379203200 0 0 0 0
1379116800 0 0 0 0
1379030400 0 0 0 0
1378944000 0 0 0 0
1378857600 0 0 0 0
1378771200 0 0 0 0
1378684800 0 0 0 0
1378598400 0 0 0 0
1378512000 0 0 0 0
1378425600 0 0 0 0
1378339200 0 0 0 0
1378252800 0 0 0 0
1378166400 0 0 0 0
1378080000 0 0 0 0
1377993600 0 0 0 0
1377907200 0 0 0 0
1377820800 0 0 0 0
1377734400 0 0 0 0
1377648000 0 0 0 0
1377561600 0 0 0 0
1377475200 0 0 0 0
1377388800 0 0 0 0
1377302400 0 0 0 0
1377216000 0 0 0 0
1377129600 0 0 0 0
1377043200 0 0 0 0
1376956800 0 0 0 0
1376870400 0 0 0 0
1376784000 0 0 0 0
1376697600 0 0 0 0
1376611200 0 0 0 0
1376524800 0 0 0 0
1376438400 0 0 0 0
1376352000 0 0 0 0
1376265600 0 0 0 0
1376179200 0 0 0 0
1376092800 0 0 0 0
1376006400 0 0 0 0
1375920000 0 0 0 0
1375833600 0 0 0 0
1375747200 0 0 0 0
1375660800 0 0 0 0
1375574400 0 0 0 0
1375488000 0 0 0 0
1375401600 0 0 0 0
1375315200 0 0 0 0
1375228800 0 0 0 0
1375142400 0 0 0 0
1375056000 0 0 0 0
1374969600 0 0 0 0
1374883200 0 0 0 0
1374796800 0 0 0 0
1374710400 0 0 0 0
1374624000 0 0 0 0
1374537600 0 0 0 0
1374451200 0 0 0 0
1374364800 0 0 0 0
1374278400 0 0 0 0
1374192000 0 0 0 0
1374105600 0 0 0 0
1374019200 0 0 0 0
1373932800 0 0 0 0
1373846400 0 0 0 0
1373760000 0 0 0 0
1373673600 0 0 0 0
1373587200 0 0 0 0
1373500800 0 0 0 0
1373414400 0 0 0 0
1373328000 0 0 0 0
1373241600 0 0 0 0
1373155200 0 0 0 0
1373068800 0 0 0 0
1372982400 0 0 0 0
1372896000 0 0 0 0
1372809600 0 0 0 0
1372723200 0 0 0 0
1372636800 0 0 0 0
1372550400 0 0 0 0
1372464000 0 0 0 0
1372377600 0 0 0 0
1372291200 0 0 0 0
1372204800 0 0 0 0
1372118400 0 0 0 0
1372032000 0 0 0 0
1371945600 0 0 0 0
1371859200 0 0 0 0
1371772800 0 0 0 0
1371686400 0 0 0 0
1371600000 0 0 0 0
1371513600 0 0 0 0
1371427200 0 0 0 0
1371340800 0 0 0 0
1371254400 0 0 0 0
1371168000 0 0 0 0
1371081600 0 0 0 0
1370995200 0 0 0 0
1370908800 0 0 0 0
1370822400 0 0 0 0
1370736000 0 0 0 0
1370649600 0 0 0 0
1370563200 0 0 0 0
1370476800 0 0 0 0
1370390400 0 0 0 0
1370304000 0 0 0 0
1370217600 0 0 0 0
1370131200 0 0 0 0
1370044800 0 0 0 0
1369958400 0 0 0 0
1369872000 0 0 0 0
1369785600 0 0 0 0
1369699200 0 0 0 0
1369612800 0 0 0 0
1369526400 0 0 0 0
1369440000 0 0 0 0
1369353600 0 0 0 0
1369267200 0 0 0 0
1369180800 0 0 0 0
1369094400 0 0 0 0
1369008000 0 0 0 0
1368921600 0 0 0 0
1368835200 0 0 0 0
1368748800 0 0 0 0
1368662400 0 0 0 0
1368576000 0 0 0 0
1368489600 0 0 0 0
1368403200 0 0 0 0
1368316800 0 0 0 0
1368230400 0 0 0 0
1368144000 0 0 0 0
1368057600 0 0 0 0
1367971200 0 0 0 0
1367884800 0 0 0 0
1367798400 0 0 0 0
1367712000 0 0 0 0
1367625600 0 0 0 0
1367539200 0 0 0 0
1367452800 0 0 0 0
1367366400 0 0 0 0
1367280000 0 0 0 0
1367193600 0 0 0 0
1367107200 0 0 0 0
1367020800 0 0 0 0
1366934400 0 0 0 0
1366848000 0 0 0 0
1366761600 0 0 0 0
1366675200 0 0 0 0
1366588800 0 0 0 0
1366502400 0 0 0 0
1366416000 0 0 0 0
1366329600 0 0 0 0
1366243200 0 0 0 0
1366156800 0 0 0 0
1366070400 0 0 0 0
1365984000 0 0 0 0
1365897600 0 0 0 0
1365811200 0 0 0 0
1365724800 0 0 0 0
1365638400 0 0 0 0
1365552000 0 0 0 0
1365465600 0 0 0 0
1365379200 0 0 0 0
1365292800 0 0 0 0
1365206400 0 0 0 0
1365120000 0 0 0 0
1365033600 0 0 0 0
1364947200 0 0 0 0
1364860800 0 0 0 0
1364774400 0 0 0 0
1364688000 0 0 0 0
1364601600 0 0 0 0
1364515200 0 0 0 0
1364428800 0 0 0 0
1364342400 0 0 0 0
1364256000 0 0 0 0
1364169600 0 0 0 0
1364083200 0 0 0 0
1363996800 0 0 0 0
1363910400 0 0 0 0
1363824000 0 0 0 0
1363737600 0 0 0 0
1363651200 0 0 0 0
1363564800 0 0 0 0
1363478400 0 0 0 0
1363392000 0 0 0 0
1363305600 0 0 0 0
1363219200 0 0 0 0
1363132800 0 0 0 0
1363046400 0 0 0 0
1362960000 0 0 0 0
1362873600 0 0 0 0
1362787200 0 0 0 0
1362700800 0 0 0 0
1362614400 0 0 0 0
1362528000 0 0 0 0
1362441600 0 0 0 0
1362355200 0 0 0 0
1362268800 0 0 0 0
1362182400 0 0 0 0
1362096000 0 0 0 0
1362009600 0 0 0 0
1361923200 0 0 0 0
1361836800 0 0 0 0
1361750400 0 0 0 0
1361664000 0 0 0 0
1361577600 0 0 0 0
1361491200 0 0 0 0
1361404800 0 0 0 0
1361318400 0 0 0 0
1361232000 0 0 0 0
1361145600 0 0 0 0
1361059200 0 0 0 0
1360972800 0 0 0 0
1360886400 0 0 0 0
1360800000 0 0 0 0
1360713600 0 0 0 0
1360627200 0 0 0 0
1360540800 0 0 0 0
1360454400 0 0 0 0
1360368000 0 0 0 0
1360281600 0 0 0 0
1360195200 0 0 0 0
1360108800 0 0 0 0
1360022400 0 0 0 0
1359936000 0 0 0 0
1359849600 0 0 0 0
1359763200 0 0 0 0
1359676800 0 0 0 0
1359590400 0 0 0 0
1359504000 0 0 0 0
1359417600 0 0 0 0
1359331200 0 0 0 0
1359244800 0 0 0 0
1359158400 0 0 0 0
1359072000 0 0 0 0
1358985600 0 0 0 0
1358899200 0 0 0 0
1358812800 0 0 0 0
1358726400 0 0 0 0
1358640000 0 0 0 0
1358553600 0 0 0 0
1358467200 0 0 0 0
1358380800 0 0 0 0
1358294400 0 0 0 0
1358208000 0 0 0 0
1358121600 0 0 0 0
1358035200 0 0 0 0
1357948800 0 0 0 0
1357862400 0 0 0 0
1357776000 0 0 0 0
1357689600 0 0 0 0
1357603200 0 0 0 0
1357516800 0 0 0 0
1357430400 0 0 0 0
1357344000 0 0 0 0
1357257600 0 0 0 0
1357171200 0 0 0 0
1357084800 0 0 0 0
1356998400 0 0 0 0
1356912000 0 0 0 0
1356825600 0 0 0 0
1356739200 0 0 0 0
1356652800 0 0 0 0
1356566400 0 0 0 0
1356480000 0 0 0 0
1356393600 0 0 0 0
1356307200 0 0 0 0
1356220800 0 0 0 0
1356134400 0 0 0 0
1356048000 0 0 0 0
1355961600 0 0 0 0
1355875200 0 0 0 0
1355788800 0 0 0 0
1355702400 0 0 0 0
1355616000 0 0 0 0
1355529600 0 0 0 0
1355443200 0 0 0 0
1355356800 0 0 0 0
1355270400 0 0 0 0
1355184000 0 0 0 0
1355097600 0 0 0 0
1355011200 0 0 0 0
1354924800 0 0 0 0
1354838400 0 0 0 0
1354752000 0 0 0 0
1354665600 0 0 0 0
1354579200 0 0 0 0
1354492800 0 0 0 0
1354406400 0 0 0 0
1354320000 0 0 0 0
1354233600 0 0 0 0
1354147200 0 0 0 0
1354060800 0 0 0 0
1353974400 0 0 0 0
1353888000 0 0 0 0
1353801600 0 0 0 0
1353715200 0 0 0 0
1353628800 0 0 0 0
1353542400 0 0 0 0
1353456000 0 0 0 0
1353369600 0 0 0 0
1353283200 0 0 0 0
1353196800 0 0 0 0
1353110400 0 0 0 0
1353024000 0 0 0 0
1352937600 0 0 0 0
1352851200 0 0 0 0
1352764800 0 0 0 0
1352678400 0 0 0 0
1352592000 0 0 0 0
1352505600 0 0 0 0
1352419200 0 0 0 0
1352332800 0 0 0 0
1352246400 0 0 0 0
1352160000 0 0 0 0
1352073600 0 0 0 0
1351987200 0 0 0 0
1351900800 0 0 0 0
1351814400 0 0 0 0
1351728000 0 0 0 0
1351641600 0 0 0 0
1351555200 0 0 0 0
1351468800 0 0 0 0
1351382400 0 0 0 0
1351296000 0 0 0 0
1351209600 0 0 0 0
1351123200 0 0 0 0
1351036800 0 0 0 0
1350950400 0 0 0 0
1350864000 0 0 0 0
1350777600 0 0 0 0
1350691200 0 0 0 0
1350604800 0 0 0 0
1350518400 0 0 0 0
1350432000 0 0 0 0
1350345600 0 0 0 0
1350259200 0 0 0 0
1350172800 0 0 0 0
1350086400 0 0 0 0
1350000000 0 0 0 0
1349913600 0 0 0 0
1349827200 0 0 0 0
1349740800 0 0 0 0
1349654400 0 0 0 0
1349568000 0 0 0 0
1349481600 0 0 0 0
1349395200 0 0 0 0
1349308800 0 0 0 0
1349222400 0 0 0 0
1349136000 0 0 0 0
1349049600 0 0 0 0
1348963200 0 0 0 0
1348876800 0 0 0 0
1348790400 0 0 0 0
1348704000 0 0 0 0
1348617600 0 0 0 0
1348531200 0 0 0 0
1348444800 0 0 0 0
1348358400 0 0 0 0
1348272000 0 0 0 0
1348185600 0 0 0 0
1348099200 0 0 0 0
1348012800 0 0 0 0
1347926400 0 0 0 0
1347840000 0 0 0 0
1347753600 0 0 0 0
1347667200 0 0 0 0
1347580800 0 0 0 0
1347494400 0 0 0 0
1347408000 0 0 0 0
1347321600 0 0 0 0
1347235200 0 0 0 0
1347148800 0 0 0 0
1347062400 0 0 0 0
1346976000 0 0 0 0
1346889600 0 0 0 0
1346803200 0 0 0 0
1346716800 0 0 0 0
1346630400 0 0 0 0
1346544000 0 0 0 0
1346457600 0 0 0 0
