1422762432 0 0
1422762432 0 0 0 0
1415263677 0 0 0 0
1415263500 0 0 0 0
1415263200 0 0 0 0
1415262900 0 0 0 0
1415262600 0 0 0 0
1415262300 0 0 0 0
1415262000 0 0 0 0
1415261700 0 0 0 0
1415261400 0 0 0 0
1415261100 0 0 0 0
1415260800 0 0 0 0
1415260500 0 0 0 0
1415260200 0 0 0 0
1415259900 0 0 0 0
1415259600 0 0 0 0
1415259300 0 0 0 0
1415259000 0 0 0 0
1415258700 0 0 0 0
1415258400 0 0 0 0
1415258100 0 0 0 0
1415257800 0 0 0 0
1415257500 0 0 0 0
1415257200 0 0 0 0
1415256900 0 0 0 0
1415256600 0 0 0 0
1415256300 0 0 0 0
1415256000 0 0 0 0
1415255700 0 0 0 0
1415255400 0 0 0 0
1415255100 0 0 0 0
1415254800 0 0 0 0
1415254500 0 0 0 0
1415254200 0 0 0 0
1415253900 0 0 0 0
1415253600 0 0 0 0
1415253300 0 0 0 0
1415253000 0 0 0 0
1415252700 0 0 0 0
1415252400 0 0 0 0
1415252100 0 0 0 0
1415251800 0 0 0 0
1415251500 0 0 0 0
1415251200 0 0 0 0
1415250900 0 0 0 0
1415250600 0 0 0 0
1415250300 0 0 0 0
1415250000 0 0 0 0
1415249700 0 0 0 0
1415249400 0 0 0 0
1415249100 0 0 0 0
1415248800 0 0 0 0
1415248500 0 0 0 0
1415248200 0 0 0 0
1415247900 0 0 0 0
1415247600 0 0 0 0
1415247300 0 0 0 0
1415247000 0 0 0 0
1415246700 0 0 0 0
1415246400 0 0 0 0
1415246100 0 0 0 0
1415245800 0 0 0 0
1415245500 0 0 0 0
1415245200 0 0 0 0
1415244900 0 0 0 0
1415244600 0 0 0 0
1415244300 0 0 0 0
1415244000 0 0 0 0
1415243700 0 0 0 0
1415243400 0 0 0 0
1415243100 0 0 0 0
1415242800 0 0 0 0
1415242500 0 0 0 0
1415242200 0 0 0 0
1415241900 0 0 0 0
1415241600 0 0 0 0
1415241300 0 0 0 0
1415241000 0 0 0 0
1415240700 0 0 0 0
1415240400 0 0 0 0
1415240100 0 0 0 0
1415239800 0 0 0 0
1415239500 0 0 0 0
1415239200 0 0 0 0
1415238900 0 0 0 0
1415238600 0 0 0 0
1415238300 0 0 0 0
1415238000 0 0 0 0
1415237700 0 0 0 0
1415237400 0 0 0 0
1415237100 0 0 0 0
1415236800 0 0 0 0
1415236500 0 0 0 0
1415236200 0 0 0 0
1415235900 0 0 0 0
1415235600 0 0 0 0
1415235300 0 0 0 0
1415235000 0 0 0 0
1415234700 0 0 0 0
1415234400 0 0 0 0
1415234100 0 0 0 0
1415233800 0 0 0 0
1415233500 0 0 0 0
1415233200 0 0 0 0
1415232900 0 0 0 0
1415232600 0 0 0 0
1415232300 0 0 0 0
1415232000 0 0 0 0
1415231700 0 0 0 0
1415231400 0 0 0 0
1415231100 0 0 0 0
1415230800 0 0 0 0
1415230500 0 0 0 0
1415230200 0 0 0 0
1415229900 0 0 0 0
1415229600 0 0 0 0
1415229300 0 0 0 0
1415229000 0 0 0 0
1415228700 0 0 0 0
1415228400 0 0 0 0
1415228100 0 0 0 0
1415227800 0 0 0 0
1415227500 0 0 0 0
1415227200 0 0 0 0
1415226900 0 0 0 0
1415226600 0 0 0 0
1415226300 0 0 0 0
1415226000 0 0 0 0
1415225700 0 0 0 0
1415225400 0 0 0 0
1415225100 0 0 0 0
1415224800 0 0 0 0
1415224500 0 0 0 0
1415224200 0 0 0 0
1415223900 0 0 0 0
1415223600 0 0 0 0
1415223300 0 0 0 0
1415223000 0 0 0 0
1415222700 0 0 0 0
1415222400 0 0 0 0
1415222100 0 0 0 0
1415221800 0 0 0 0
1415221500 0 0 0 0
1415221200 0 0 0 0
1415220900 0 0 0 0
1415220600 0 0 0 0
1415220300 0 0 0 0
1415220000 0 0 0 0
1415219700 0 0 0 0
1415219400 0 0 0 0
1415219100 0 0 0 0
1415218800 0 0 0 0
1415218500 0 0 0 0
1415218200 0 0 0 0
1415217900 0 0 0 0
1415217600 0 0 0 0
1415217300 0 0 0 0
1415217000 0 0 0 0
1415216700 0 0 0 0
1415216400 0 0 0 0
1415216100 0 0 0 0
1415215800 0 0 0 0
1415215500 0 0 0 0
1415215200 0 0 0 0
1415214900 0 0 0 0
1415214600 0 0 0 0
1415214300 0 0 0 0
1415214000 0 0 0 0
1415213700 0 0 0 0
1415213400 0 0 0 0
1415213100 0 0 0 0
1415212800 0 0 0 0
1415212500 0 0 0 0
1415212200 0 0 0 0
1415211900 0 0 0 0
1415211600 0 0 0 0
1415211300 0 0 0 0
1415211000 0 0 0 0
1415210700 0 0 0 0
1415210400 0 0 0 0
1415210100 0 0 0 0
1415209800 0 0 0 0
1415209500 0 0 0 0
1415209200 0 0 0 0
1415208900 0 0 0 0
1415208600 0 0 0 0
1415208300 0 0 0 0
1415208000 0 0 0 0
1415207700 0 0 0 0
1415207400 0 0 0 0
1415207100 0 0 0 0
1415206800 0 0 0 0
1415206500 0 0 0 0
1415206200 0 0 0 0
1415205900 0 0 0 0
1415205600 0 0 0 0
1415205300 0 0 0 0
1415205000 0 0 0 0
1415204700 0 0 0 0
1415204400 0 0 0 0
1415204100 0 0 0 0
1415203800 0 0 0 0
1415203500 0 0 0 0
1415203200 0 0 0 0
1415202900 0 0 0 0
1415202600 0 0 0 0
1415202300 0 0 0 0
1415202000 0 0 0 0
1415201700 0 0 0 0
1415201400 0 0 0 0
1415201100 0 0 0 0
1415200800 0 0 0 0
1415200500 0 0 0 0
1415200200 0 0 0 0
1415199900 0 0 0 0
1415199600 0 0 0 0
1415199300 0 0 0 0
1415199000 0 0 0 0
1415198700 0 0 0 0
1415198400 0 0 0 0
1415198100 0 0 0 0
1415197800 0 0 0 0
1415197500 0 0 0 0
1415197200 0 0 0 0
1415196900 0 0 0 0
1415196600 0 0 0 0
1415196300 0 0 0 0
1415196000 0 0 0 0
1415195700 0 0 0 0
1415195400 0 0 0 0
1415195100 0 0 0 0
1415194800 0 0 0 0
1415194500 0 0 0 0
1415194200 0 0 0 0
1415193900 0 0 0 0
1415193600 0 0 0 0
1415193300 0 0 0 0
1415193000 0 0 0 0
1415192700 0 0 0 0
1415192400 0 0 0 0
1415192100 0 0 0 0
1415191800 0 0 0 0
1415191500 0 0 0 0
1415191200 0 0 0 0
1415190900 0 0 0 0
1415190600 0 0 0 0
1415190300 0 0 0 0
1415190000 0 0 0 0
1415189700 0 0 0 0
1415189400 0 0 0 0
1415189100 0 0 0 0
1415188800 0 0 0 0
1415188500 0 0 0 0
1415188200 0 0 0 0
1415187900 0 0 0 0
1415187600 0 0 0 0
1415187300 0 0 0 0
1415187000 0 0 0 0
1415186700 0 0 0 0
1415186400 0 0 0 0
1415186100 0 0 0 0
1415185800 0 0 0 0
1415185500 0 0 0 0
1415185200 0 0 0 0
1415184900 0 0 0 0
1415184600 0 0 0 0
1415184300 0 0 0 0
1415184000 0 0 0 0
1415183700 0 0 0 0
1415183400 0 0 0 0
1415183100 0 0 0 0
1415182800 0 0 0 0
1415182500 0 0 0 0
1415182200 0 0 0 0
1415181900 0 0 0 0
1415181600 0 0 0 0
1415181300 0 0 0 0
1415181000 0 0 0 0
1415180700 0 0 0 0
1415180400 0 0 0 0
1415180100 0 0 0 0
1415179800 0 0 0 0
1415179500 0 0 0 0
1415179200 0 0 0 0
1415178900 0 0 0 0
1415178600 0 0 0 0
1415178300 0 0 0 0
1415178000 0 0 0 0
1415177700 0 0 0 0
1415177400 0 0 0 0
1415177100 0 0 0 0
1415176800 0 0 0 0
1415176500 0 0 0 0
1415176200 0 0 0 0
1415175900 0 0 0 0
1415175600 0 0 0 0
1415175300 0 0 0 0
1415175000 0 0 0 0
1415174700 0 0 0 0
1415174400 0 0 0 0
1415174100 0 0 0 0
1415173800 0 0 0 0
1415173500 0 0 0 0
1415173200 0 0 0 0
1415172900 0 0 0 0
1415172600 0 0 0 0
1415172300 0 0 0 0
1415172000 0 0 0 0
1415171700 0 0 0 0
1415171400 0 0 0 0
1415171100 0 0 0 0
1415170800 0 0 0 0
1415170500 0 0 0 0
1415170200 0 0 0 0
1415169900 0 0 0 0
1415169600 0 0 0 0
1415169300 0 0 0 0
1415169000 0 0 0 0
1415168700 0 0 0 0
1415168400 0 0 0 0
1415168100 0 0 0 0
1415167800 0 0 0 0
1415167500 0 0 0 0
1415167200 0 0 0 0
1415166900 0 0 0 0
1415166600 0 0 0 0
1415166300 0 0 0 0
1415166000 0 0 0 0
1415165700 0 0 0 0
1415165400 0 0 0 0
1415165100 0 0 0 0
1415164800 0 0 0 0
1415164500 0 0 0 0
1415164200 0 0 0 0
1415163900 0 0 0 0
1415163600 0 0 0 0
1415163300 0 0 0 0
1415163000 0 0 0 0
1415162700 0 0 0 0
1415162400 0 0 0 0
1415162100 0 0 0 0
1415161800 0 0 0 0
1415161500 0 0 0 0
1415161200 0 0 0 0
1415160900 0 0 0 0
1415160600 0 0 0 0
1415160300 0 0 0 0
1415160000 0 0 0 0
1415159700 0 0 0 0
1415159400 0 0 0 0
1415159100 0 0 0 0
1415158800 0 0 0 0
1415158500 0 0 0 0
1415158200 0 0 0 0
1415157900 0 0 0 0
1415157600 0 0 0 0
1415157300 0 0 0 0
1415157000 0 0 0 0
1415156700 0 0 0 0
1415156400 0 0 0 0
1415156100 0 0 0 0
1415155800 0 0 0 0
1415155500 0 0 0 0
1415155200 0 0 0 0
1415154900 0 0 0 0
1415154600 0 0 0 0
1415154300 0 0 0 0
1415154000 0 0 0 0
1415153700 0 0 0 0
1415153400 0 0 0 0
1415153100 0 0 0 0
1415152800 0 0 0 0
1415152500 0 0 0 0
1415152200 0 0 0 0
1415151900 0 0 0 0
1415151600 0 0 0 0
1415151300 0 0 0 0
1415151000 0 0 0 0
1415150700 0 0 0 0
1415150400 0 0 0 0
1415150100 0 0 0 0
1415149800 0 0 0 0
1415149500 0 0 0 0
1415149200 0 0 0 0
1415148900 0 0 0 0
1415148600 0 0 0 0
1415148300 0 0 0 0
1415148000 0 0 0 0
1415147700 0 0 0 0
1415147400 0 0 0 0
1415147100 0 0 0 0
1415146800 0 0 0 0
1415146500 0 0 0 0
1415146200 0 0 0 0
1415145900 0 0 0 0
1415145600 0 0 0 0
1415145300 0 0 0 0
1415145000 0 0 0 0
1415144700 0 0 0 0
1415144400 0 0 0 0
1415144100 0 0 0 0
1415143800 0 0 0 0
1415143500 0 0 0 0
1415143200 0 0 0 0
1415142900 0 0 0 0
1415142600 0 0 0 0
1415142300 0 0 0 0
1415142000 0 0 0 0
1415141700 0 0 0 0
1415141400 0 0 0 0
1415141100 0 0 0 0
1415140800 0 0 0 0
1415140500 0 0 0 0
1415140200 0 0 0 0
1415139900 0 0 0 0
1415139600 0 0 0 0
1415139300 0 0 0 0
1415139000 0 0 0 0
1415138700 0 0 0 0
1415138400 0 0 0 0
1415138100 0 0 0 0
1415137800 0 0 0 0
1415137500 0 0 0 0
1415137200 0 0 0 0
1415136900 0 0 0 0
1415136600 0 0 0 0
1415136300 0 0 0 0
1415136000 0 0 0 0
1415135700 0 0 0 0
1415135400 0 0 0 0
1415135100 0 0 0 0
1415134800 0 0 0 0
1415134500 0 0 0 0
1415134200 0 0 0 0
1415133900 0 0 0 0
1415133600 0 0 0 0
1415133300 0 0 0 0
1415133000 0 0 0 0
1415132700 0 0 0 0
1415132400 0 0 0 0
1415132100 0 0 0 0
1415131800 0 0 0 0
1415131500 0 0 0 0
1415131200 0 0 0 0
1415130900 0 0 0 0
1415130600 0 0 0 0
1415130300 0 0 0 0
1415130000 0 0 0 0
1415129700 0 0 0 0
1415129400 0 0 0 0
1415129100 0 0 0 0
1415128800 0 0 0 0
1415128500 0 0 0 0
1415128200 0 0 0 0
1415127900 0 0 0 0
1415127600 0 0 0 0
1415127300 0 0 0 0
1415127000 0 0 0 0
1415126700 0 0 0 0
1415126400 0 0 0 0
1415126100 0 0 0 0
1415125800 0 0 0 0
1415125500 0 0 0 0
1415125200 0 0 0 0
1415124900 0 0 0 0
1415124600 0 0 0 0
1415124300 0 0 0 0
1415124000 0 0 0 0
1415123700 0 0 0 0
1415123400 0 0 0 0
1415123100 0 0 0 0
1415122800 0 0 0 0
1415122500 0 0 0 0
1415122200 0 0 0 0
1415121900 0 0 0 0
1415121600 0 0 0 0
1415121300 0 0 0 0
1415121000 0 0 0 0
1415120700 0 0 0 0
1415120400 0 0 0 0
1415120100 0 0 0 0
1415119800 0 0 0 0
1415119500 0 0 0 0
1415119200 0 0 0 0
1415118900 0 0 0 0
1415118600 0 0 0 0
1415118300 0 0 0 0
1415118000 0 0 0 0
1415117700 0 0 0 0
1415117400 0 0 0 0
1415117100 0 0 0 0
1415116800 0 0 0 0
1415116500 0 0 0 0
1415116200 0 0 0 0
1415115900 0 0 0 0
1415115600 0 0 0 0
1415115300 0 0 0 0
1415115000 0 0 0 0
1415114700 0 0 0 0
1415114400 0 0 0 0
1415114100 0 0 0 0
1415113800 0 0 0 0
1415113500 0 0 0 0
1415113200 0 0 0 0
1415112900 0 0 0 0
1415112600 0 0 0 0
1415112300 0 0 0 0
1415112000 0 0 0 0
1415111700 0 0 0 0
1415111400 0 0 0 0
1415111100 0 0 0 0
1415110800 0 0 0 0
1415110500 0 0 0 0
1415110200 0 0 0 0
1415109900 0 0 0 0
1415109600 0 0 0 0
1415109300 0 0 0 0
1415109000 0 0 0 0
1415108700 0 0 0 0
1415108400 0 0 0 0
1415108100 0 0 0 0
1415107800 0 0 0 0
1415107500 0 0 0 0
1415107200 0 0 0 0
1415106900 0 0 0 0
1415106600 0 0 0 0
1415106300 0 0 0 0
1415106000 0 0 0 0
1415105700 0 0 0 0
1415105400 0 0 0 0
1415105100 0 0 0 0
1415104800 0 0 0 0
1415104500 0 0 0 0
1415104200 0 0 0 0
1415103900 0 0 0 0
1415103600 0 0 0 0
1415103300 0 0 0 0
1415103000 0 0 0 0
1415102700 0 0 0 0
1415102400 0 0 0 0
1415102100 0 0 0 0
1415101800 0 0 0 0
1415101500 0 0 0 0
1415101200 0 0 0 0
1415100900 0 0 0 0
1415100600 0 0 0 0
1415100300 0 0 0 0
1415100000 0 0 0 0
1415099700 0 0 0 0
1415099400 0 0 0 0
1415099100 0 0 0 0
1415098800 0 0 0 0
1415098500 0 0 0 0
1415098200 0 0 0 0
1415097900 0 0 0 0
1415097600 0 0 0 0
1415097300 0 0 0 0
1415097000 0 0 0 0
1415096700 0 0 0 0
1415096400 0 0 0 0
1415096100 0 0 0 0
1415095800 0 0 0 0
1415095500 0 0 0 0
1415095200 0 0 0 0
1415094900 0 0 0 0
1415094600 0 0 0 0
1415094300 0 0 0 0
1415094000 0 0 0 0
1415093700 0 0 0 0
1415093400 0 0 0 0
1415093100 0 0 0 0
1415092800 0 0 0 0
1415092500 0 0 0 0
1415092200 0 0 0 0
1415091900 0 0 0 0
1415091600 0 0 0 0
1415091300 0 0 0 0
1415091000 0 0 0 0
1415090700 0 0 0 0
1415090400 0 0 0 0
1415090100 0 0 0 0
1415089800 0 0 0 0
1415089500 0 0 0 0
1415089200 0 0 0 0
1415088900 0 0 0 0
1415088600 0 0 0 0
1415088300 0 0 0 0
1415088000 0 0 0 0
1415087700 0 0 0 0
1415087400 0 0 0 0
1415087100 0 0 0 0
1415086800 0 0 0 0
1415086500 0 0 0 0
1415086200 0 0 0 0
1415085900 0 0 0 0
1415085600 0 0 0 0
1415085300 0 0 0 0
1415085000 0 0 0 0
1415084700 0 0 0 0
1415084400 0 0 0 0
1415084100 0 0 0 0
1415083800 0 0 0 0
1415082600 0 0 0 0
1415080800 0 0 0 0
1415079000 0 0 0 0
1415077200 0 0 0 0
1415075400 0 0 0 0
1415073600 0 0 0 0
1415071800 0 0 0 0
1415070000 0 0 0 0
1415068200 0 0 0 0
1415066400 0 0 0 0
1415064600 0 0 0 0
1415062800 0 0 0 0
1415061000 0 0 0 0
1415059200 0 0 0 0
1415057400 0 0 0 0
1415055600 0 0 0 0
1415053800 0 0 0 0
1415052000 0 0 0 0
1415050200 0 0 0 0
1415048400 0 0 0 0
1415046600 0 0 0 0
1415044800 0 0 0 0
1415043000 0 0 0 0
1415041200 0 0 0 0
1415039400 0 0 0 0
1415037600 0 0 0 0
1415035800 0 0 0 0
1415034000 0 0 0 0
1415032200 0 0 0 0
1415030400 0 0 0 0
1415028600 0 0 0 0
1415026800 0 0 0 0
1415025000 0 0 0 0
1415023200 0 0 0 0
1415021400 0 0 0 0
1415019600 0 0 0 0
1415017800 0 0 0 0
1415016000 0 0 0 0
1415014200 0 0 0 0
1415012400 0 0 0 0
1415010600 0 0 0 0
1415008800 0 0 0 0
1415007000 0 0 0 0
1415005200 0 0 0 0
1415003400 0 0 0 0
1415001600 0 0 0 0
1414999800 0 0 0 0
1414998000 0 0 0 0
1414996200 0 0 0 0
1414994400 0 0 0 0
1414992600 0 0 0 0
1414990800 0 0 0 0
1414989000 0 0 0 0
1414987200 0 0 0 0
1414985400 0 0 0 0
1414983600 0 0 0 0
1414981800 0 0 0 0
1414980000 0 0 0 0
1414978200 0 0 0 0
1414976400 0 0 0 0
1414974600 0 0 0 0
1414972800 0 0 0 0
1414971000 0 0 0 0
1414969200 0 0 0 0
1414967400 0 0 0 0
1414965600 0 0 0 0
1414963800 0 0 0 0
1414962000 0 0 0 0
1414960200 0 0 0 0
1414958400 0 0 0 0
1414956600 0 0 0 0
1414954800 0 0 0 0
1414953000 0 0 0 0
1414951200 0 0 0 0
1414949400 0 0 0 0
1414947600 0 0 0 0
1414945800 0 0 0 0
1414944000 0 0 0 0
1414942200 0 0 0 0
1414940400 0 0 0 0
1414938600 0 0 0 0
1414936800 0 0 0 0
1414935000 0 0 0 0
1414933200 0 0 0 0
1414931400 0 0 0 0
1414929600 0 0 0 0
1414927800 0 0 0 0
1414926000 0 0 0 0
1414924200 0 0 0 0
1414922400 0 0 0 0
1414920600 0 0 0 0
1414918800 0 0 0 0
1414917000 0 0 0 0
1414915200 0 0 0 0
1414913400 0 0 0 0
1414911600 0 0 0 0
1414909800 0 0 0 0
1414908000 0 0 0 0
1414906200 0 0 0 0
1414904400 0 0 0 0
1414902600 0 0 0 0
1414900800 0 0 0 0
1414899000 0 0 0 0
1414897200 0 0 0 0
1414895400 0 0 0 0
1414893600 0 0 0 0
1414891800 0 0 0 0
1414890000 0 0 0 0
1414888200 0 0 0 0
1414886400 0 0 0 0
1414884600 0 0 0 0
1414882800 0 0 0 0
1414881000 0 0 0 0
1414879200 0 0 0 0
1414877400 0 0 0 0
1414875600 0 0 0 0
1414873800 0 0 0 0
1414872000 0 0 0 0
1414870200 0 0 0 0
1414868400 0 0 0 0
1414866600 0 0 0 0
1414864800 0 0 0 0
1414863000 0 0 0 0
1414861200 0 0 0 0
1414859400 0 0 0 0
1414857600 0 0 0 0
1414855800 0 0 0 0
1414854000 0 0 0 0
1414852200 0 0 0 0
1414850400 0 0 0 0
1414848600 0 0 0 0
1414846800 0 0 0 0
1414845000 0 0 0 0
1414843200 0 0 0 0
1414841400 0 0 0 0
1414839600 0 0 0 0
1414837800 0 0 0 0
1414836000 0 0 0 0
1414834200 0 0 0 0
1414832400 0 0 0 0
1414830600 0 0 0 0
1414828800 0 0 0 0
1414827000 0 0 0 0
1414825200 0 0 0 0
1414823400 0 0 0 0
1414821600 0 0 0 0
1414819800 0 0 0 0
1414818000 0 0 0 0
1414816200 0 0 0 0
1414814400 0 0 0 0
1414812600 0 0 0 0
1414810800 0 0 0 0
1414809000 0 0 0 0
1414807200 0 0 0 0
1414805400 0 0 0 0
1414803600 0 0 0 0
1414801800 0 0 0 0
1414800000 0 0 0 0
1414798200 0 0 0 0
1414796400 0 0 0 0
1414794600 0 0 0 0
1414792800 0 0 0 0
1414791000 0 0 0 0
1414789200 0 0 0 0
1414787400 0 0 0 0
1414785600 0 0 0 0
1414783800 0 0 0 0
1414782000 0 0 0 0
1414780200 0 0 0 0
1414778400 0 0 0 0
1414776600 0 0 0 0
1414774800 0 0 0 0
1414773000 0 0 0 0
1414771200 0 0 0 0
1414769400 0 0 0 0
1414767600 0 0 0 0
1414765800 0 0 0 0
1414764000 0 0 0 0
1414762200 0 0 0 0
1414760400 0 0 0 0
1414758600 0 0 0 0
1414756800 0 0 0 0
1414755000 0 0 0 0
1414753200 0 0 0 0
1414751400 0 0 0 0
1414749600 0 0 0 0
1414747800 0 0 0 0
1414746000 0 0 0 0
1414744200 0 0 0 0
1414742400 0 0 0 0
1414740600 0 0 0 0
1414738800 0 0 0 0
1414737000 0 0 0 0
1414735200 0 0 0 0
1414733400 0 0 0 0
1414731600 0 0 0 0
1414729800 0 0 0 0
1414728000 0 0 0 0
1414726200 0 0 0 0
1414724400 0 0 0 0
1414722600 0 0 0 0
1414720800 0 0 0 0
1414719000 0 0 0 0
1414717200 0 0 0 0
1414715400 0 0 0 0
1414713600 0 0 0 0
1414711800 0 0 0 0
1414710000 0 0 0 0
1414708200 0 0 0 0
1414706400 0 0 0 0
1414704600 0 0 0 0
1414702800 0 0 0 0
1414701000 0 0 0 0
1414699200 0 0 0 0
1414697400 0 0 0 0
1414695600 0 0 0 0
1414693800 0 0 0 0
1414692000 0 0 0 0
1414690200 0 0 0 0
1414688400 0 0 0 0
1414686600 0 0 0 0
1414684800 0 0 0 0
1414683000 0 0 0 0
1414681200 0 0 0 0
1414679400 0 0 0 0
1414677600 0 0 0 0
1414675800 0 0 0 0
1414674000 0 0 0 0
1414672200 0 0 0 0
1414670400 0 0 0 0
1414668600 0 0 0 0
1414666800 0 0 0 0
1414665000 0 0 0 0
1414663200 0 0 0 0
1414661400 0 0 0 0
1414659600 0 0 0 0
1414657800 0 0 0 0
1414656000 0 0 0 0
1414654200 0 0 0 0
1414652400 0 0 0 0
1414650600 0 0 0 0
1414648800 0 0 0 0
1414647000 0 0 0 0
1414645200 0 0 0 0
1414643400 0 0 0 0
1414641600 0 0 0 0
1414639800 0 0 0 0
1414638000 0 0 0 0
1414636200 0 0 0 0
1414634400 0 0 0 0
1414632600 0 0 0 0
1414630800 0 0 0 0
1414629000 0 0 0 0
1414627200 0 0 0 0
1414625400 0 0 0 0
1414623600 0 0 0 0
1414621800 0 0 0 0
1414620000 0 0 0 0
1414618200 0 0 0 0
1414616400 0 0 0 0
1414614600 0 0 0 0
1414612800 0 0 0 0
1414611000 0 0 0 0
1414609200 0 0 0 0
1414607400 0 0 0 0
1414605600 0 0 0 0
1414603800 0 0 0 0
1414602000 0 0 0 0
1414600200 0 0 0 0
1414598400 0 0 0 0
1414596600 0 0 0 0
1414594800 0 0 0 0
1414593000 0 0 0 0
1414591200 0 0 0 0
1414589400 0 0 0 0
1414587600 0 0 0 0
1414585800 0 0 0 0
1414584000 0 0 0 0
1414582200 0 0 0 0
1414580400 0 0 0 0
1414578600 0 0 0 0
1414576800 0 0 0 0
1414575000 0 0 0 0
1414573200 0 0 0 0
1414571400 0 0 0 0
1414569600 0 0 0 0
1414567800 0 0 0 0
1414566000 0 0 0 0
1414564200 0 0 0 0
1414562400 0 0 0 0
1414560600 0 0 0 0
1414558800 0 0 0 0
1414557000 0 0 0 0
1414555200 0 0 0 0
1414553400 0 0 0 0
1414551600 0 0 0 0
1414549800 0 0 0 0
1414548000 0 0 0 0
1414546200 0 0 0 0
1414544400 0 0 0 0
1414542600 0 0 0 0
1414540800 0 0 0 0
1414539000 0 0 0 0
1414537200 0 0 0 0
1414535400 0 0 0 0
1414533600 0 0 0 0
1414531800 0 0 0 0
1414530000 0 0 0 0
1414528200 0 0 0 0
1414526400 0 0 0 0
1414524600 0 0 0 0
1414522800 0 0 0 0
1414521000 0 0 0 0
1414519200 0 0 0 0
1414517400 0 0 0 0
1414515600 0 0 0 0
1414513800 0 0 0 0
1414512000 0 0 0 0
1414510200 0 0 0 0
1414508400 0 0 0 0
1414506600 0 0 0 0
1414504800 0 0 0 0
1414503000 0 0 0 0
1414501200 0 0 0 0
1414499400 0 0 0 0
1414497600 0 0 0 0
1414495800 0 0 0 0
1414494000 0 0 0 0
1414492200 0 0 0 0
1414490400 0 0 0 0
1414488600 0 0 0 0
1414486800 0 0 0 0
1414485000 0 0 0 0
1414483200 0 0 0 0
1414481400 0 0 0 0
1414479600 0 0 0 0
1414477800 0 0 0 0
1414476000 0 0 0 0
1414474200 0 0 0 0
1414472400 0 0 0 0
1414470600 0 0 0 0
1414468800 0 0 0 0
1414467000 0 0 0 0
1414465200 0 0 0 0
1414463400 0 0 0 0
1414461600 0 0 0 0
1414459800 0 0 0 0
1414458000 0 0 0 0
1414456200 0 0 0 0
1414454400 0 0 0 0
1414452600 0 0 0 0
1414450800 0 0 0 0
1414449000 0 0 0 0
1414447200 0 0 0 0
1414445400 0 0 0 0
1414443600 0 0 0 0
1414441800 0 0 0 0
1414440000 0 0 0 0
1414438200 0 0 0 0
1414436400 0 0 0 0
1414434600 0 0 0 0
1414432800 0 0 0 0
1414431000 0 0 0 0
1414429200 0 0 0 0
1414427400 0 0 0 0
1414425600 0 0 0 0
1414423800 0 0 0 0
1414422000 0 0 0 0
1414420200 0 0 0 0
1414418400 0 0 0 0
1414416600 0 0 0 0
1414414800 0 0 0 0
1414413000 0 0 0 0
1414411200 0 0 0 0
1414409400 0 0 0 0
1414407600 0 0 0 0
1414405800 0 0 0 0
1414404000 0 0 0 0
1414402200 0 0 0 0
1414400400 0 0 0 0
1414398600 0 0 0 0
1414396800 0 0 0 0
1414395000 0 0 0 0
1414393200 0 0 0 0
1414391400 0 0 0 0
1414389600 0 0 0 0
1414387800 0 0 0 0
1414386000 0 0 0 0
1414384200 0 0 0 0
1414382400 0 0 0 0
1414380600 0 0 0 0
1414378800 0 0 0 0
1414377000 0 0 0 0
1414375200 0 0 0 0
1414373400 0 0 0 0
1414371600 0 0 0 0
1414369800 0 0 0 0
1414368000 0 0 0 0
1414366200 0 0 0 0
1414364400 0 0 0 0
1414362600 0 0 0 0
1414360800 0 0 0 0
1414359000 0 0 0 0
1414357200 0 0 0 0
1414355400 0 0 0 0
1414353600 0 0 0 0
1414351800 0 0 0 0
1414350000 0 0 0 0
1414348200 0 0 0 0
1414346400 0 0 0 0
1414344600 0 0 0 0
1414342800 0 0 0 0
1414341000 0 0 0 0
1414339200 0 0 0 0
1414337400 0 0 0 0
1414335600 0 0 0 0
1414333800 0 0 0 0
1414332000 0 0 0 0
1414330200 0 0 0 0
1414328400 0 0 0 0
1414326600 0 0 0 0
1414324800 0 0 0 0
1414323000 0 0 0 0
1414321200 0 0 0 0
1414319400 0 0 0 0
1414317600 0 0 0 0
1414315800 0 0 0 0
1414314000 0 0 0 0
1414312200 0 0 0 0
1414310400 0 0 0 0
1414308600 0 0 0 0
1414306800 0 0 0 0
1414305000 0 0 0 0
1414303200 0 0 0 0
1414301400 0 0 0 0
1414299600 0 0 0 0
1414297800 0 0 0 0
1414296000 0 0 0 0
1414294200 0 0 0 0
1414292400 0 0 0 0
1414290600 0 0 0 0
1414288800 0 0 0 0
1414287000 0 0 0 0
1414285200 0 0 0 0
1414283400 0 0 0 0
1414281600 0 0 0 0
1414279800 0 0 0 0
1414278000 0 0 0 0
1414276200 0 0 0 0
1414274400 0 0 0 0
1414272600 0 0 0 0
1414270800 0 0 0 0
1414269000 0 0 0 0
1414267200 0 0 0 0
1414265400 0 0 0 0
1414263600 0 0 0 0
1414261800 0 0 0 0
1414260000 0 0 0 0
1414258200 0 0 0 0
1414256400 0 0 0 0
1414254600 0 0 0 0
1414252800 0 0 0 0
1414251000 0 0 0 0
1414249200 0 0 0 0
1414247400 0 0 0 0
1414245600 0 0 0 0
1414243800 0 0 0 0
1414242000 0 0 0 0
1414240200 0 0 0 0
1414238400 0 0 0 0
1414236600 0 0 0 0
1414234800 0 0 0 0
1414233000 0 0 0 0
1414231200 0 0 0 0
1414229400 0 0 0 0
1414227600 0 0 0 0
1414225800 0 0 0 0
1414224000 0 0 0 0
1414222200 0 0 0 0
1414220400 0 0 0 0
1414218600 0 0 0 0
1414216800 0 0 0 0
1414215000 0 0 0 0
1414213200 0 0 0 0
1414211400 0 0 0 0
1414209600 0 0 0 0
1414207800 0 0 0 0
1414206000 0 0 0 0
1414204200 0 0 0 0
1414202400 0 0 0 0
1414200600 0 0 0 0
1414198800 0 0 0 0
1414197000 0 0 0 0
1414195200 0 0 0 0
1414193400 0 0 0 0
1414191600 0 0 0 0
1414189800 0 0 0 0
1414188000 0 0 0 0
1414186200 0 0 0 0
1414184400 0 0 0 0
1414182600 0 0 0 0
1414180800 0 0 0 0
1414179000 0 0 0 0
1414177200 0 0 0 0
1414175400 0 0 0 0
1414173600 0 0 0 0
1414171800 0 0 0 0
1414170000 0 0 0 0
1414168200 0 0 0 0
1414166400 0 0 0 0
1414164600 0 0 0 0
1414162800 0 0 0 0
1414161000 0 0 0 0
1414159200 0 0 0 0
1414157400 0 0 0 0
1414155600 0 0 0 0
1414153800 0 0 0 0
1414152000 0 0 0 0
1414150200 0 0 0 0
1414148400 0 0 0 0
1414146600 0 0 0 0
1414144800 0 0 0 0
1414143000 0 0 0 0
1414141200 0 0 0 0
1414139400 0 0 0 0
1414137600 0 0 0 0
1414135800 0 0 0 0
1414134000 0 0 0 0
1414132200 0 0 0 0
1414130400 0 0 0 0
1414128600 0 0 0 0
1414126800 0 0 0 0
1414125000 0 0 0 0
1414123200 0 0 0 0
1414121400 0 0 0 0
1414119600 0 0 0 0
1414117800 0 0 0 0
1414116000 0 0 0 0
1414114200 0 0 0 0
1414112400 0 0 0 0
1414110600 0 0 0 0
1414108800 0 0 0 0
1414107000 0 0 0 0
1414105200 0 0 0 0
1414103400 0 0 0 0
1414101600 0 0 0 0
1414099800 0 0 0 0
1414098000 0 0 0 0
1414096200 0 0 0 0
1414094400 0 0 0 0
1414092600 0 0 0 0
1414090800 0 0 0 0
1414089000 0 0 0 0
1414087200 0 0 0 0
1414085400 0 0 0 0
1414083600 0 0 0 0
1414081800 0 0 0 0
1414080000 0 0 0 0
1414078200 0 0 0 0
1414076400 0 0 0 0
1414074600 0 0 0 0
1414072800 0 0 0 0
1414071000 0 0 0 0
1414069200 0 0 0 0
1414067400 0 0 0 0
1414065600 0 0 0 0
1414063800 0 0 0 0
1414062000 0 0 0 0
1414060200 0 0 0 0
1414058400 0 0 0 0
1414056600 0 0 0 0
1414054800 0 0 0 0
1414053000 0 0 0 0
1414051200 0 0 0 0
1414049400 0 0 0 0
1414047600 0 0 0 0
1414045800 0 0 0 0
1414044000 0 0 0 0
1414042200 0 0 0 0
1414040400 0 0 0 0
1414038600 0 0 0 0
1414036800 0 0 0 0
1414035000 0 0 0 0
1414033200 0 0 0 0
1414031400 0 0 0 0
1414029600 0 0 0 0
1414027800 0 0 0 0
1414026000 0 0 0 0
1414024200 0 0 0 0
1414022400 0 0 0 0
1414020600 0 0 0 0
1414018800 0 0 0 0
1414017000 0 0 0 0
1414015200 0 0 0 0
1414013400 0 0 0 0
1414011600 0 0 0 0
1414009800 0 0 0 0
1414008000 0 0 0 0
1414006200 0 0 0 0
1414004400 0 0 0 0
1414002600 0 0 0 0
1414000800 0 0 0 0
1413993600 0 0 0 0
1413986400 0 0 0 0
1413979200 0 0 0 0
1413972000 0 0 0 0
1413964800 0 0 0 0
1413957600 0 0 0 0
1413950400 0 0 0 0
1413943200 0 0 0 0
1413936000 0 0 0 0
1413928800 0 0 0 0
1413921600 0 0 0 0
1413914400 0 0 0 0
1413907200 0 0 0 0
1413900000 0 0 0 0
1413892800 0 0 0 0
1413885600 0 0 0 0
1413878400 0 0 0 0
1413871200 0 0 0 0
1413864000 0 0 0 0
1413856800 0 0 0 0
1413849600 0 0 0 0
1413842400 0 0 0 0
1413835200 0 0 0 0
1413828000 0 0 0 0
1413820800 0 0 0 0
1413813600 0 0 0 0
1413806400 0 0 0 0
1413799200 0 0 0 0
1413792000 0 0 0 0
1413784800 0 0 0 0
1413777600 0 0 0 0
1413770400 0 0 0 0
1413763200 0 0 0 0
1413756000 0 0 0 0
1413748800 0 0 0 0
1413741600 0 0 0 0
1413734400 0 0 0 0
1413727200 0 0 0 0
1413720000 0 0 0 0
1413712800 0 0 0 0
1413705600 0 0 0 0
1413698400 0 0 0 0
1413691200 0 0 0 0
1413684000 0 0 0 0
1413676800 0 0 0 0
1413669600 0 0 0 0
1413662400 0 0 0 0
1413655200 0 0 0 0
1413648000 0 0 0 0
1413640800 0 0 0 0
1413633600 0 0 0 0
1413626400 0 0 0 0
1413619200 0 0 0 0
1413612000 0 0 0 0
1413604800 0 0 0 0
1413597600 0 0 0 0
1413590400 0 0 0 0
1413583200 0 0 0 0
1413576000 0 0 0 0
1413568800 0 0 0 0
1413561600 0 0 0 0
1413554400 0 0 0 0
1413547200 0 0 0 0
1413540000 0 0 0 0
1413532800 0 0 0 0
1413525600 0 0 0 0
1413518400 0 0 0 0
1413511200 0 0 0 0
1413504000 0 0 0 0
1413496800 0 0 0 0
1413489600 0 0 0 0
1413482400 0 0 0 0
1413475200 0 0 0 0
1413468000 0 0 0 0
1413460800 0 0 0 0
1413453600 0 0 0 0
1413446400 0 0 0 0
1413439200 0 0 0 0
1413432000 0 0 0 0
1413424800 0 0 0 0
1413417600 0 0 0 0
1413410400 0 0 0 0
1413403200 0 0 0 0
1413396000 0 0 0 0
1413388800 0 0 0 0
1413381600 0 0 0 0
1413374400 0 0 0 0
1413367200 0 0 0 0
1413360000 0 0 0 0
1413352800 0 0 0 0
1413345600 0 0 0 0
1413338400 0 0 0 0
1413331200 0 0 0 0
1413324000 0 0 0 0
1413316800 0 0 0 0
1413309600 0 0 0 0
1413302400 0 0 0 0
1413295200 0 0 0 0
1413288000 0 0 0 0
1413280800 0 0 0 0
1413273600 0 0 0 0
1413266400 0 0 0 0
1413259200 0 0 0 0
1413252000 0 0 0 0
1413244800 0 0 0 0
1413237600 0 0 0 0
1413230400 0 0 0 0
1413223200 0 0 0 0
1413216000 0 0 0 0
1413208800 0 0 0 0
1413201600 0 0 0 0
1413194400 0 0 0 0
1413187200 0 0 0 0
1413180000 0 0 0 0
1413172800 0 0 0 0
1413165600 0 0 0 0
1413158400 0 0 0 0
1413151200 0 0 0 0
1413144000 0 0 0 0
1413136800 0 0 0 0
1413129600 0 0 0 0
1413122400 0 0 0 0
1413115200 0 0 0 0
1413108000 0 0 0 0
1413100800 0 0 0 0
1413093600 0 0 0 0
1413086400 0 0 0 0
1413079200 0 0 0 0
1413072000 0 0 0 0
1413064800 0 0 0 0
1413057600 0 0 0 0
1413050400 0 0 0 0
1413043200 0 0 0 0
1413036000 0 0 0 0
1413028800 0 0 0 0
1413021600 0 0 0 0
1413014400 0 0 0 0
1413007200 0 0 0 0
1413000000 0 0 0 0
1412992800 0 0 0 0
1412985600 0 0 0 0
1412978400 0 0 0 0
1412971200 0 0 0 0
1412964000 0 0 0 0
1412956800 0 0 0 0
1412949600 0 0 0 0
1412942400 0 0 0 0
1412935200 0 0 0 0
1412928000 0 0 0 0
1412920800 0 0 0 0
1412913600 0 0 0 0
1412906400 0 0 0 0
1412899200 0 0 0 0
1412892000 0 0 0 0
1412884800 0 0 0 0
1412877600 0 0 0 0
1412870400 0 0 0 0
1412863200 0 0 0 0
1412856000 0 0 0 0
1412848800 0 0 0 0
1412841600 0 0 0 0
1412834400 0 0 0 0
1412827200 0 0 0 0
1412820000 0 0 0 0
1412812800 0 0 0 0
1412805600 0 0 0 0
1412798400 0 0 0 0
1412791200 0 0 0 0
1412784000 0 0 0 0
1412776800 0 0 0 0
1412769600 0 0 0 0
1412762400 0 0 0 0
1412755200 0 0 0 0
1412748000 0 0 0 0
1412740800 0 0 0 0
1412733600 0 0 0 0
1412726400 0 0 0 0
1412719200 0 0 0 0
1412712000 0 0 0 0
1412704800 0 0 0 0
1412697600 0 0 0 0
1412690400 0 0 0 0
1412683200 0 0 0 0
1412676000 0 0 0 0
1412668800 0 0 0 0
1412661600 0 0 0 0
1412654400 0 0 0 0
1412647200 0 0 0 0
1412640000 0 0 0 0
1412632800 0 0 0 0
1412625600 0 0 0 0
1412618400 0 0 0 0
1412611200 0 0 0 0
1412604000 0 0 0 0
1412596800 0 0 0 0
1412589600 0 0 0 0
1412582400 0 0 0 0
1412575200 0 0 0 0
1412568000 0 0 0 0
1412560800 0 0 0 0
1412553600 0 0 0 0
1412546400 0 0 0 0
1412539200 0 0 0 0
1412532000 0 0 0 0
1412524800 0 0 0 0
1412517600 0 0 0 0
1412510400 0 0 0 0
1412503200 0 0 0 0
1412496000 0 0 0 0
1412488800 0 0 0 0
1412481600 0 0 0 0
1412474400 0 0 0 0
1412467200 0 0 0 0
1412460000 0 0 0 0
1412452800 0 0 0 0
1412445600 0 0 0 0
1412438400 0 0 0 0
1412431200 0 0 0 0
1412424000 0 0 0 0
1412416800 0 0 0 0
1412409600 0 0 0 0
1412402400 0 0 0 0
1412395200 0 0 0 0
1412388000 0 0 0 0
1412380800 0 0 0 0
1412373600 0 0 0 0
1412366400 0 0 0 0
1412359200 0 0 0 0
1412352000 0 0 0 0
1412344800 0 0 0 0
1412337600 0 0 0 0
1412330400 0 0 0 0
1412323200 0 0 0 0
1412316000 0 0 0 0
1412308800 0 0 0 0
1412301600 0 0 0 0
1412294400 0 0 0 0
1412287200 0 0 0 0
1412280000 0 0 0 0
1412272800 0 0 0 0
1412265600 0 0 0 0
1412258400 0 0 0 0
1412251200 0 0 0 0
1412244000 0 0 0 0
1412236800 0 0 0 0
1412229600 0 0 0 0
1412222400 0 0 0 0
1412215200 0 0 0 0
1412208000 0 0 0 0
1412200800 0 0 0 0
1412193600 0 0 0 0
1412186400 0 0 0 0
1412179200 0 0 0 0
1412172000 0 0 0 0
1412164800 0 0 0 0
1412157600 0 0 0 0
1412150400 0 0 0 0
1412143200 0 0 0 0
1412136000 0 0 0 0
1412128800 0 0 0 0
1412121600 0 0 0 0
1412114400 0 0 0 0
1412107200 0 0 0 0
1412100000 0 0 0 0
1412092800 0 0 0 0
1412085600 0 0 0 0
1412078400 0 0 0 0
1412071200 0 0 0 0
1412064000 0 0 0 0
1412056800 0 0 0 0
1412049600 0 0 0 0
1412042400 0 0 0 0
1412035200 0 0 0 0
1412028000 0 0 0 0
1412020800 0 0 0 0
1412013600 0 0 0 0
1412006400 0 0 0 0
1411999200 0 0 0 0
1411992000 0 0 0 0
1411984800 0 0 0 0
1411977600 0 0 0 0
1411970400 0 0 0 0
1411963200 0 0 0 0
1411956000 0 0 0 0
1411948800 0 0 0 0
1411941600 0 0 0 0
1411934400 0 0 0 0
1411927200 0 0 0 0
1411920000 0 0 0 0
1411912800 0 0 0 0
1411905600 0 0 0 0
1411898400 0 0 0 0
1411891200 0 0 0 0
1411884000 0 0 0 0
1411876800 0 0 0 0
1411869600 0 0 0 0
1411862400 0 0 0 0
1411855200 0 0 0 0
1411848000 0 0 0 0
1411840800 0 0 0 0
1411833600 0 0 0 0
1411826400 0 0 0 0
1411819200 0 0 0 0
1411812000 0 0 0 0
1411804800 0 0 0 0
1411797600 0 0 0 0
1411790400 0 0 0 0
1411783200 0 0 0 0
1411776000 0 0 0 0
1411768800 0 0 0 0
1411761600 0 0 0 0
1411754400 0 0 0 0
1411747200 0 0 0 0
1411740000 0 0 0 0
1411732800 0 0 0 0
1411725600 0 0 0 0
1411718400 0 0 0 0
1411711200 0 0 0 0
1411704000 0 0 0 0
1411696800 0 0 0 0
1411689600 0 0 0 0
1411682400 0 0 0 0
1411675200 0 0 0 0
1411668000 0 0 0 0
1411660800 0 0 0 0
1411653600 0 0 0 0
1411646400 0 0 0 0
1411639200 0 0 0 0
1411632000 0 0 0 0
1411624800 0 0 0 0
1411617600 0 0 0 0
1411610400 0 0 0 0
1411603200 0 0 0 0
1411596000 0 0 0 0
1411588800 0 0 0 0
1411581600 0 0 0 0
1411574400 0 0 0 0
1411567200 0 0 0 0
1411560000 0 0 0 0
1411552800 0 0 0 0
1411545600 0 0 0 0
1411538400 0 0 0 0
1411531200 0 0 0 0
1411524000 0 0 0 0
1411516800 0 0 0 0
1411509600 0 0 0 0
1411502400 0 0 0 0
1411495200 0 0 0 0
1411488000 0 0 0 0
1411480800 0 0 0 0
1411473600 0 0 0 0
1411466400 0 0 0 0
1411459200 0 0 0 0
1411452000 0 0 0 0
1411444800 0 0 0 0
1411437600 0 0 0 0
1411430400 0 0 0 0
1411423200 0 0 0 0
1411416000 0 0 0 0
1411408800 0 0 0 0
1411401600 0 0 0 0
1411394400 0 0 0 0
1411387200 0 0 0 0
1411380000 0 0 0 0
1411372800 0 0 0 0
1411365600 0 0 0 0
1411358400 0 0 0 0
1411351200 0 0 0 0
1411344000 0 0 0 0
1411336800 0 0 0 0
1411329600 0 0 0 0
1411322400 0 0 0 0
1411315200 0 0 0 0
1411308000 0 0 0 0
1411300800 0 0 0 0
1411293600 0 0 0 0
1411286400 0 0 0 0
1411279200 0 0 0 0
1411272000 0 0 0 0
1411264800 0 0 0 0
1411257600 0 0 0 0
1411250400 0 0 0 0
1411243200 0 0 0 0
1411236000 0 0 0 0
1411228800 0 0 0 0
1411221600 0 0 0 0
1411214400 0 0 0 0
1411207200 0 0 0 0
1411200000 0 0 0 0
1411192800 0 0 0 0
1411185600 0 0 0 0
1411178400 0 0 0 0
1411171200 0 0 0 0
1411164000 0 0 0 0
1411156800 0 0 0 0
1411149600 0 0 0 0
1411142400 0 0 0 0
1411135200 0 0 0 0
1411128000 0 0 0 0
1411120800 0 0 0 0
1411113600 0 0 0 0
1411106400 0 0 0 0
1411099200 0 0 0 0
1411092000 0 0 0 0
1411084800 0 0 0 0
1411077600 0 0 0 0
1411070400 0 0 0 0
1411063200 0 0 0 0
1411056000 0 0 0 0
1411048800 0 0 0 0
1411041600 0 0 0 0
1411034400 0 0 0 0
1411027200 0 0 0 0
1411020000 0 0 0 0
1411012800 0 0 0 0
1411005600 0 0 0 0
1410998400 0 0 0 0
1410991200 0 0 0 0
1410984000 0 0 0 0
1410976800 0 0 0 0
1410969600 0 0 0 0
1410962400 0 0 0 0
1410955200 0 0 0 0
1410948000 0 0 0 0
1410940800 0 0 0 0
1410933600 0 0 0 0
1410926400 0 0 0 0
1410919200 0 0 0 0
1410912000 0 0 0 0
1410904800 0 0 0 0
1410897600 0 0 0 0
1410890400 0 0 0 0
1410883200 0 0 0 0
1410876000 0 0 0 0
1410868800 0 0 0 0
1410861600 0 0 0 0
1410854400 0 0 0 0
1410847200 0 0 0 0
1410840000 0 0 0 0
1410832800 0 0 0 0
1410825600 0 0 0 0
1410818400 0 0 0 0
1410811200 0 0 0 0
1410804000 0 0 0 0
1410796800 0 0 0 0
1410789600 0 0 0 0
1410782400 0 0 0 0
1410775200 0 0 0 0
1410768000 0 0 0 0
1410760800 0 0 0 0
1410753600 0 0 0 0
1410746400 0 0 0 0
1410739200 0 0 0 0
1410732000 0 0 0 0
1410724800 0 0 0 0
1410717600 0 0 0 0
1410710400 0 0 0 0
1410703200 0 0 0 0
1410696000 0 0 0 0
1410688800 0 0 0 0
1410681600 0 0 0 0
1410674400 0 0 0 0
1410667200 0 0 0 0
1410660000 0 0 0 0
1410652800 0 0 0 0
1410645600 0 0 0 0
1410638400 0 0 0 0
1410631200 0 0 0 0
1410624000 0 0 0 0
1410616800 0 0 0 0
1410609600 0 0 0 0
1410602400 0 0 0 0
1410595200 0 0 0 0
1410588000 0 0 0 0
1410580800 0 0 0 0
1410573600 0 0 0 0
1410566400 0 0 0 0
1410559200 0 0 0 0
1410552000 0 0 0 0
1410544800 0 0 0 0
1410537600 0 0 0 0
1410530400 0 0 0 0
1410523200 0 0 0 0
1410516000 0 0 0 0
1410508800 0 0 0 0
1410501600 0 0 0 0
1410494400 0 0 0 0
1410487200 0 0 0 0
1410480000 0 0 0 0
1410472800 0 0 0 0
1410465600 0 0 0 0
1410458400 0 0 0 0
1410451200 0 0 0 0
1410444000 0 0 0 0
1410436800 0 0 0 0
1410429600 0 0 0 0
1410422400 0 0 0 0
1410415200 0 0 0 0
1410408000 0 0 0 0
1410400800 0 0 0 0
1410393600 0 0 0 0
1410386400 0 0 0 0
1410379200 0 0 0 0
1410372000 0 0 0 0
1410364800 0 0 0 0
1410357600 0 0 0 0
1410350400 0 0 0 0
1410343200 0 0 0 0
1410336000 0 0 0 0
1410328800 0 0 0 0
1410321600 0 0 0 0
1410314400 0 0 0 0
1410307200 0 0 0 0
1410300000 0 0 0 0
1410292800 0 0 0 0
1410285600 0 0 0 0
1410278400 0 0 0 0
1410271200 0 0 0 0
1410264000 0 0 0 0
1410256800 0 0 0 0
1410249600 0 0 0 0
1410242400 0 0 0 0
1410235200 0 0 0 0
1410228000 0 0 0 0
1410220800 0 0 0 0
1410213600 0 0 0 0
1410206400 0 0 0 0
1410199200 0 0 0 0
1410192000 0 0 0 0
1410184800 0 0 0 0
1410177600 0 0 0 0
1410170400 0 0 0 0
1410163200 0 0 0 0
1410156000 0 0 0 0
1410148800 0 0 0 0
1410141600 0 0 0 0
1410134400 0 0 0 0
1410127200 0 0 0 0
1410120000 0 0 0 0
1410112800 0 0 0 0
1410105600 0 0 0 0
1410098400 0 0 0 0
1410091200 0 0 0 0
1410084000 0 0 0 0
1410076800 0 0 0 0
1410069600 0 0 0 0
1410062400 0 0 0 0
1410055200 0 0 0 0
1410048000 0 0 0 0
1410040800 0 0 0 0
1410033600 0 0 0 0
1410026400 0 0 0 0
1410019200 0 0 0 0
1410012000 0 0 0 0
1410004800 0 0 0 0
1409997600 0 0 0 0
1409990400 0 0 0 0
1409983200 0 0 0 0
1409976000 0 0 0 0
1409968800 0 0 0 0
1409961600 0 0 0 0
1409954400 0 0 0 0
1409947200 0 0 0 0
1409940000 0 0 0 0
1409932800 0 0 0 0
1409925600 0 0 0 0
1409918400 0 0 0 0
1409911200 0 0 0 0
1409904000 0 0 0 0
1409896800 0 0 0 0
1409889600 0 0 0 0
1409882400 0 0 0 0
1409875200 0 0 0 0
1409868000 0 0 0 0
1409860800 0 0 0 0
1409853600 0 0 0 0
1409846400 0 0 0 0
1409839200 0 0 0 0
1409832000 0 0 0 0
1409824800 0 0 0 0
1409817600 0 0 0 0
1409810400 0 0 0 0
1409803200 0 0 0 0
1409796000 0 0 0 0
1409788800 0 0 0 0
1409781600 0 0 0 0
1409774400 0 0 0 0
1409767200 0 0 0 0
1409760000 0 0 0 0
1409752800 0 0 0 0
1409745600 0 0 0 0
1409738400 0 0 0 0
1409731200 0 0 0 0
1409724000 0 0 0 0
1409716800 0 0 0 0
1409709600 0 0 0 0
1409702400 0 0 0 0
1409695200 0 0 0 0
1409688000 0 0 0 0
1409680800 0 0 0 0
1409616000 0 0 0 0
1409529600 0 0 0 0
1409443200 0 0 0 0
1409356800 0 0 0 0
1409270400 0 0 0 0
1409184000 0 0 0 0
1409097600 0 0 0 0
1409011200 0 0 0 0
1408924800 0 0 0 0
1408838400 0 0 0 0
1408752000 0 0 0 0
1408665600 0 0 0 0
1408579200 0 0 0 0
1408492800 0 0 0 0
1408406400 0 0 0 0
1408320000 0 0 0 0
1408233600 0 0 0 0
1408147200 0 0 0 0
1408060800 0 0 0 0
1407974400 0 0 0 0
1407888000 0 0 0 0
1407801600 0 0 0 0
1407715200 0 0 0 0
1407628800 0 0 0 0
1407542400 0 0 0 0
1407456000 0 0 0 0
1407369600 0 0 0 0
1407283200 0 0 0 0
1407196800 0 0 0 0
1407110400 0 0 0 0
1407024000 0 0 0 0
1406937600 0 0 0 0
1406851200 0 0 0 0
1406764800 0 0 0 0
1406678400 0 0 0 0
1406592000 0 0 0 0
1406505600 0 0 0 0
1406419200 0 0 0 0
1406332800 0 0 0 0
1406246400 0 0 0 0
1406160000 0 0 0 0
1406073600 0 0 0 0
1405987200 0 0 0 0
1405900800 0 0 0 0
1405814400 0 0 0 0
1405728000 0 0 0 0
1405641600 0 0 0 0
1405555200 0 0 0 0
1405468800 0 0 0 0
1405382400 0 0 0 0
1405296000 0 0 0 0
1405209600 0 0 0 0
1405123200 0 0 0 0
1405036800 0 0 0 0
1404950400 0 0 0 0
1404864000 0 0 0 0
1404777600 0 0 0 0
1404691200 0 0 0 0
1404604800 0 0 0 0
1404518400 0 0 0 0
1404432000 0 0 0 0
1404345600 0 0 0 0
1404259200 0 0 0 0
1404172800 0 0 3 0
1404086400 9 0 22 0
1404000000 15 0 22 0
1403913600 10 0 22 0
1403827200 4 0 14 0
1403740800 5 0 13 0
1403654400 6 0 12 0
1403568000 0 0 7 0
1403481600 0 0 5 0
1403395200 0 0 1 0
1403308800 0 0 1 0
1403222400 0 0 1 0
1403136000 0 0 0 0
1403049600 0 0 0 0
1402963200 0 0 0 0
1402876800 0 0 0 0
1402790400 0 0 0 0
1402704000 0 0 5 0
1402617600 3 0 6 0
1402531200 0 0 4 0
1402444800 0 0 2 0
1402358400 0 0 3 0
1402272000 0 0 1 0
1402185600 0 0 1 0
1402099200 0 0 0 0
1402012800 0 0 1 0
1401926400 0 0 1 0
1401840000 0 0 1 0
1401753600 0 0 3 0
1401667200 0 0 2 0
1401580800 0 0 0 0
1401494400 0 0 0 0
1401408000 0 0 0 0
1401321600 0 0 0 0
1401235200 0 0 0 0
1401148800 0 0 0 0
1401062400 0 0 0 0
1400976000 0 0 0 0
1400889600 0 0 3 0
1400803200 0 0 3 0
1400716800 0 0 1 0
1400630400 0 0 0 0
1400544000 0 0 0 0
1400457600 0 0 0 0
1400371200 0 0 0 0
1400284800 0 0 0 0
1400198400 0 0 0 0
1400112000 0 0 0 0
1400025600 0 0 0 0
1399939200 0 0 0 0
1399852800 0 0 0 0
1399766400 0 0 0 0
1399680000 0 0 0 0
1399593600 0 0 0 0
1399507200 0 0 0 0
1399420800 0 0 0 0
1399334400 0 0 0 0
1399248000 0 0 0 0
1399161600 0 0 0 0
1399075200 0 0 0 0
1398988800 0 0 0 0
1398902400 0 0 0 0
1398816000 0 0 0 0
1398729600 0 0 0 0
1398643200 0 0 0 0
1398556800 0 0 0 0
1398470400 0 0 0 0
1398384000 0 0 0 0
1398297600 0 0 0 0
1398211200 0 0 0 0
1398124800 0 0 0 0
1398038400 0 0 0 0
1397952000 0 0 0 0
1397865600 0 0 0 0
1397779200 0 0 0 0
1397692800 0 0 0 0
1397606400 0 0 0 0
1397520000 0 0 0 0
1397433600 0 0 0 0
1397347200 0 0 0 0
1397260800 0 0 0 0
1397174400 0 0 0 0
1397088000 0 0 0 0
1397001600 0 0 0 0
1396915200 0 0 0 0
1396828800 0 0 0 0
1396742400 0 0 0 0
1396656000 0 0 0 0
1396569600 0 0 0 0
1396483200 0 0 0 0
1396396800 0 0 0 0
1396310400 0 0 0 0
1396224000 0 0 0 0
1396137600 0 0 0 0
1396051200 0 0 0 0
1395964800 0 0 0 0
1395878400 0 0 0 0
1395792000 0 0 0 0
1395705600 0 0 0 0
1395619200 0 0 0 0
1395532800 0 0 0 0
1395446400 0 0 0 0
1395360000 0 0 0 0
1395273600 0 0 0 0
1395187200 0 0 0 0
1395100800 0 0 0 0
1395014400 0 0 0 0
1394928000 0 0 0 0
1394841600 0 0 0 0
1394755200 0 0 0 0
1394668800 0 0 0 0
1394582400 0 0 0 0
1394496000 0 0 0 0
1394409600 0 0 0 0
1394323200 0 0 0 0
1394236800 0 0 0 0
1394150400 0 0 0 0
1394064000 0 0 0 0
1393977600 0 0 0 0
1393891200 0 0 0 0
1393804800 0 0 0 0
1393718400 0 0 0 0
1393632000 0 0 0 0
1393545600 0 0 0 0
1393459200 0 0 0 0
1393372800 0 0 0 0
1393286400 0 0 0 0
1393200000 0 0 0 0
1393113600 0 0 0 0
1393027200 0 0 0 0
1392940800 0 0 0 0
1392854400 0 0 0 0
1392768000 0 0 0 0
1392681600 0 0 0 0
1392595200 0 0 0 0
1392508800 0 0 0 0
1392422400 0 0 0 0
1392336000 0 0 0 0
1392249600 0 0 0 0
1392163200 0 0 0 0
1392076800 0 0 0 0
1391990400 0 0 0 0
1391904000 0 0 0 0
1391817600 0 0 0 0
1391731200 0 0 0 0
1391644800 0 0 0 0
1391558400 0 0 0 0
1391472000 0 0 0 0
1391385600 0 0 0 0
1391299200 0 0 0 0
1391212800 0 0 0 0
1391126400 0 0 0 0
1391040000 0 0 0 0
1390953600 0 0 0 0
1390867200 0 0 0 0
1390780800 0 0 0 0
1390694400 0 0 0 0
1390608000 0 0 0 0
1390521600 0 0 0 0
1390435200 0 0 0 0
1390348800 0 0 0 0
1390262400 0 0 0 0
1390176000 0 0 0 0
1390089600 0 0 0 0
1390003200 0 0 0 0
1389916800 0 0 0 0
1389830400 0 0 0 0
1389744000 0 0 0 0
1389657600 0 0 0 0
1389571200 0 0 0 0
1389484800 0 0 0 0
1389398400 0 0 0 0
1389312000 0 0 0 0
1389225600 0 0 0 0
1389139200 0 0 0 0
1389052800 0 0 0 0
1388966400 0 0 0 0
1388880000 0 0 0 0
1388793600 0 0 0 0
1388707200 0 0 0 0
1388620800 0 0 0 0
1388534400 0 0 0 0
1388448000 0 0 0 0
1388361600 0 0 0 0
1388275200 0 0 0 0
1388188800 0 0 0 0
1388102400 0 0 0 0
1388016000 0 0 0 0
1387929600 0 0 0 0
1387843200 0 0 0 0
1387756800 0 0 0 0
1387670400 0 0 0 0
1387584000 0 0 0 0
1387497600 0 0 0 0
1387411200 0 0 0 0
1387324800 0 0 0 0
1387238400 0 0 0 0
1387152000 0 0 0 0
1387065600 0 0 0 0
1386979200 0 0 0 0
1386892800 0 0 0 0
1386806400 0 0 0 0
1386720000 0 0 0 0
1386633600 0 0 0 0
1386547200 0 0 0 0
1386460800 0 0 0 0
1386374400 0 0 0 0
1386288000 0 0 0 0
1386201600 0 0 0 0
1386115200 0 0 0 0
1386028800 0 0 0 0
1385942400 0 0 0 0
1385856000 0 0 0 0
1385769600 0 0 0 0
1385683200 0 0 0 0
1385596800 0 0 0 0
1385510400 0 0 0 0
1385424000 0 0 0 0
1385337600 0 0 0 0
1385251200 0 0 0 0
1385164800 0 0 0 0
1385078400 0 0 0 0
1384992000 0 0 0 0
1384905600 0 0 0 0
1384819200 0 0 0 0
1384732800 0 0 0 0
1384646400 0 0 0 0
1384560000 0 0 0 0
1384473600 0 0 0 0
1384387200 0 0 0 0
1384300800 0 0 0 0
1384214400 0 0 0 0
1384128000 0 0 0 0
1384041600 0 0 0 0
1383955200 0 0 0 0
1383868800 0 0 0 0
1383782400 0 0 0 0
1383696000 0 0 0 0
1383609600 0 0 0 0
1383523200 0 0 0 0
1383436800 0 0 0 0
1383350400 0 0 0 0
1383264000 0 0 0 0
1383177600 0 0 0 0
1383091200 0 0 0 0
1383004800 0 0 0 0
1382918400 0 0 0 0
1382832000 0 0 0 0
1382745600 0 0 0 0
1382659200 0 0 0 0
1382572800 0 0 0 0
1382486400 0 0 0 0
1382400000 0 0 0 0
1382313600 0 0 0 0
1382227200 0 0 0 0
1382140800 0 0 0 0
1382054400 0 0 0 0
1381968000 0 0 0 0
1381881600 0 0 0 0
1381795200 0 0 0 0
1381708800 0 0 0 0
1381622400 0 0 0 0
1381536000 0 0 0 0
1381449600 0 0 0 0
1381363200 0 0 0 0
1381276800 0 0 0 0
1381190400 0 0 0 0
1381104000 0 0 0 0
1381017600 0 0 0 0
1380931200 0 0 0 0
1380844800 0 0 0 0
1380758400 0 0 0 0
1380672000 0 0 0 0
1380585600 0 0 0 0
1380499200 0 0 0 0
1380412800 0 0 0 0
1380326400 0 0 0 0
1380240000 0 0 0 0
1380153600 0 0 0 0
1380067200 0 0 0 0
1379980800 0 0 0 0
1379894400 0 0 0 0
1379808000 0 0 0 0
1379721600 0 0 0 0
1379635200 0 0 0 0
1379548800 0 0 0 0
1379462400 0 0 0 0
1379376000 0 0 0 0
1379289600 0 0 0 0
1379203200 0 0 0 0
1379116800 0 0 0 0
1379030400 0 0 0 0
1378944000 0 0 0 0
1378857600 0 0 0 0
1378771200 0 0 0 0
1378684800 0 0 0 0
1378598400 0 0 0 0
1378512000 0 0 0 0
1378425600 0 0 0 0
1378339200 0 0 0 0
1378252800 0 0 0 0
1378166400 0 0 0 0
1378080000 0 0 0 0
1377993600 0 0 0 0
1377907200 0 0 0 0
1377820800 0 0 0 0
1377734400 0 0 0 0
1377648000 0 0 0 0
1377561600 0 0 0 0
1377475200 0 0 0 0
1377388800 0 0 0 0
1377302400 0 0 0 0
1377216000 0 0 0 0
1377129600 0 0 0 0
1377043200 0 0 0 0
1376956800 0 0 0 0
1376870400 0 0 0 0
1376784000 0 0 0 0
1376697600 0 0 0 0
1376611200 0 0 0 0
1376524800 0 0 0 0
1376438400 0 0 0 0
1376352000 0 0 0 0
1376265600 0 0 0 0
1376179200 0 0 0 0
1376092800 0 0 0 0
1376006400 0 0 0 0
1375920000 0 0 0 0
1375833600 0 0 0 0
1375747200 0 0 0 0
1375660800 0 0 0 0
1375574400 0 0 0 0
1375488000 0 0 0 0
1375401600 0 0 0 0
1375315200 0 0 0 0
1375228800 0 0 0 0
1375142400 0 0 0 0
1375056000 0 0 0 0
1374969600 0 0 0 0
1374883200 0 0 0 0
1374796800 0 0 0 0
1374710400 0 0 0 0
1374624000 0 0 0 0
1374537600 0 0 0 0
1374451200 0 0 0 0
1374364800 0 0 0 0
1374278400 0 0 0 0
1374192000 0 0 0 0
1374105600 0 0 0 0
1374019200 0 0 0 0
1373932800 0 0 0 0
1373846400 0 0 0 0
1373760000 0 0 0 0
1373673600 0 0 0 0
1373587200 0 0 0 0
1373500800 0 0 0 0
1373414400 0 0 0 0
1373328000 0 0 0 0
1373241600 0 0 0 0
1373155200 0 0 0 0
1373068800 0 0 0 0
1372982400 0 0 0 0
1372896000 0 0 0 0
1372809600 0 0 0 0
1372723200 0 0 0 0
1372636800 0 0 0 0
1372550400 0 0 0 0
1372464000 0 0 0 0
1372377600 0 0 0 0
1372291200 0 0 0 0
1372204800 0 0 0 0
1372118400 0 0 0 0
1372032000 0 0 0 0
1371945600 0 0 0 0
1371859200 0 0 0 0
1371772800 0 0 0 0
1371686400 0 0 0 0
1371600000 0 0 0 0
1371513600 0 0 0 0
1371427200 0 0 0 0
1371340800 0 0 0 0
1371254400 0 0 0 0
1371168000 0 0 0 0
1371081600 0 0 0 0
1370995200 0 0 0 0
1370908800 0 0 0 0
1370822400 0 0 0 0
1370736000 0 0 0 0
1370649600 0 0 0 0
1370563200 0 0 0 0
1370476800 0 0 0 0
1370390400 0 0 0 0
1370304000 0 0 0 0
1370217600 0 0 0 0
1370131200 0 0 0 0
1370044800 0 0 0 0
1369958400 0 0 0 0
1369872000 0 0 0 0
1369785600 0 0 0 0
1369699200 0 0 0 0
1369612800 0 0 0 0
1369526400 0 0 0 0
1369440000 0 0 0 0
1369353600 0 0 0 0
1369267200 0 0 0 0
1369180800 0 0 0 0
1369094400 0 0 0 0
1369008000 0 0 0 0
1368921600 0 0 0 0
1368835200 0 0 0 0
1368748800 0 0 0 0
1368662400 0 0 0 0
1368576000 0 0 0 0
1368489600 0 0 0 0
1368403200 0 0 0 0
1368316800 0 0 0 0
1368230400 0 0 0 0
1368144000 0 0 0 0
1368057600 0 0 0 0
1367971200 0 0 0 0
1367884800 0 0 0 0
1367798400 0 0 0 0
1367712000 0 0 0 0
1367625600 0 0 0 0
1367539200 0 0 0 0
1367452800 0 0 0 0
1367366400 0 0 0 0
1367280000 0 0 0 0
1367193600 0 0 0 0
1367107200 0 0 0 0
1367020800 0 0 0 0
1366934400 0 0 0 0
1366848000 0 0 0 0
1366761600 0 0 0 0
1366675200 0 0 0 0
1366588800 0 0 0 0
1366502400 0 0 0 0
1366416000 0 0 0 0
1366329600 0 0 0 0
1366243200 0 0 0 0
1366156800 0 0 0 0
1366070400 0 0 0 0
1365984000 0 0 0 0
1365897600 0 0 0 0
1365811200 0 0 0 0
1365724800 0 0 0 0
1365638400 0 0 0 0
1365552000 0 0 0 0
1365465600 0 0 0 0
1365379200 0 0 0 0
1365292800 0 0 0 0
1365206400 0 0 0 0
1365120000 0 0 0 0
1365033600 0 0 0 0
1364947200 0 0 0 0
1364860800 0 0 0 0
1364774400 0 0 0 0
1364688000 0 0 0 0
1364601600 0 0 0 0
1364515200 0 0 0 0
1364428800 0 0 0 0
1364342400 0 0 0 0
1364256000 0 0 0 0
1364169600 0 0 0 0
1364083200 0 0 0 0
1363996800 0 0 0 0
1363910400 0 0 0 0
1363824000 0 0 0 0
1363737600 0 0 0 0
1363651200 0 0 0 0
1363564800 0 0 0 0
1363478400 0 0 0 0
1363392000 0 0 0 0
1363305600 0 0 0 0
1363219200 0 0 0 0
1363132800 0 0 0 0
1363046400 0 0 0 0
1362960000 0 0 0 0
1362873600 0 0 0 0
1362787200 0 0 0 0
1362700800 0 0 0 0
1362614400 0 0 0 0
1362528000 0 0 0 0
1362441600 0 0 0 0
1362355200 0 0 0 0
1362268800 0 0 0 0
1362182400 0 0 0 0
1362096000 0 0 0 0
1362009600 0 0 0 0
1361923200 0 0 0 0
1361836800 0 0 0 0
1361750400 0 0 0 0
1361664000 0 0 0 0
1361577600 0 0 0 0
1361491200 0 0 0 0
1361404800 0 0 0 0
1361318400 0 0 0 0
1361232000 0 0 0 0
1361145600 0 0 0 0
1361059200 0 0 0 0
1360972800 0 0 0 0
1360886400 0 0 0 0
1360800000 0 0 0 0
1360713600 0 0 0 0
1360627200 0 0 0 0
1360540800 0 0 0 0
1360454400 0 0 0 0
1360368000 0 0 0 0
1360281600 0 0 0 0
1360195200 0 0 0 0
1360108800 0 0 0 0
1360022400 0 0 0 0
1359936000 0 0 0 0
1359849600 0 0 0 0
1359763200 0 0 0 0
1359676800 0 0 0 0
1359590400 0 0 0 0
1359504000 0 0 0 0
1359417600 0 0 0 0
1359331200 0 0 0 0
1359244800 0 0 0 0
1359158400 0 0 0 0
1359072000 0 0 0 0
1358985600 0 0 0 0
1358899200 0 0 0 0
1358812800 0 0 0 0
1358726400 0 0 0 0
1358640000 0 0 0 0
1358553600 0 0 0 0
1358467200 0 0 0 0
1358380800 0 0 0 0
1358294400 0 0 0 0
1358208000 0 0 0 0
1358121600 0 0 0 0
1358035200 0 0 0 0
1357948800 0 0 0 0
1357862400 0 0 0 0
1357776000 0 0 0 0
1357689600 0 0 0 0
1357603200 0 0 0 0
1357516800 0 0 0 0
1357430400 0 0 0 0
1357344000 0 0 0 0
1357257600 0 0 0 0
1357171200 0 0 0 0
1357084800 0 0 0 0
1356998400 0 0 0 0
1356912000 0 0 0 0
1356825600 0 0 0 0
1356739200 0 0 0 0
1356652800 0 0 0 0
1356566400 0 0 0 0
1356480000 0 0 0 0
1356393600 0 0 0 0
1356307200 0 0 0 0
1356220800 0 0 0 0
1356134400 0 0 0 0
1356048000 0 0 0 0
1355961600 0 0 0 0
1355875200 0 0 0 0
1355788800 0 0 0 0
1355702400 0 0 0 0
1355616000 0 0 0 0
1355529600 0 0 0 0
1355443200 0 0 0 0
1355356800 0 0 0 0
1355270400 0 0 0 0
1355184000 0 0 0 0
1355097600 0 0 0 0
1355011200 0 0 0 0
1354924800 0 0 0 0
1354838400 0 0 0 0
1354752000 0 0 0 0
1354665600 0 0 0 0
1354579200 0 0 0 0
1354492800 0 0 0 0
1354406400 0 0 0 0
1354320000 0 0 0 0
1354233600 0 0 0 0
1354147200 0 0 0 0
1354060800 0 0 0 0
1353974400 0 0 0 0
1353888000 0 0 0 0
1353801600 0 0 0 0
1353715200 0 0 0 0
1353628800 0 0 0 0
1353542400 0 0 0 0
1353456000 0 0 0 0
1353369600 0 0 0 0
1353283200 0 0 0 0
1353196800 0 0 0 0
1353110400 0 0 0 0
1353024000 0 0 0 0
1352937600 0 0 0 0
1352851200 0 0 0 0
1352764800 0 0 0 0
1352678400 0 0 0 0
1352592000 0 0 0 0
1352505600 0 0 0 0
1352419200 0 0 0 0
1352332800 0 0 0 0
1352246400 0 0 0 0
1352160000 0 0 0 0
1352073600 0 0 0 0
1351987200 0 0 0 0
1351900800 0 0 0 0
1351814400 0 0 0 0
1351728000 0 0 0 0
1351641600 0 0 0 0
1351555200 0 0 0 0
1351468800 0 0 0 0
1351382400 0 0 0 0
1351296000 0 0 0 0
1351209600 0 0 0 0
1351123200 0 0 0 0
1351036800 0 0 0 0
1350950400 0 0 0 0
1350864000 0 0 0 0
1350777600 0 0 0 0
1350691200 0 0 0 0
1350604800 0 0 0 0
1350518400 0 0 0 0
1350432000 0 0 0 0
1350345600 0 0 0 0
1350259200 0 0 0 0
1350172800 0 0 0 0
1350086400 0 0 0 0
1350000000 0 0 0 0
1349913600 0 0 0 0
1349827200 0 0 0 0
1349740800 0 0 0 0
1349654400 0 0 0 0
1349568000 0 0 0 0
1349481600 0 0 0 0
1349395200 0 0 0 0
1349308800 0 0 0 0
1349222400 0 0 0 0
1349136000 0 0 0 0
1349049600 0 0 0 0
1348963200 0 0 0 0
1348876800 0 0 0 0
1348790400 0 0 0 0
1348704000 0 0 0 0
1348617600 0 0 0 0
1348531200 0 0 0 0
1348444800 0 0 0 0
1348358400 0 0 0 0
1348272000 0 0 0 0
1348185600 0 0 0 0
1348099200 0 0 0 0
1348012800 0 0 0 0
1347926400 0 0 0 0
1347840000 0 0 0 0
1347753600 0 0 0 0
1347667200 0 0 0 0
1347580800 0 0 0 0
1347494400 0 0 0 0
1347408000 0 0 0 0
1347321600 0 0 0 0
1347235200 0 0 0 0
1347148800 0 0 0 0
1347062400 0 0 0 0
1346976000 0 0 0 0
1346889600 0 0 0 0
1346803200 0 0 0 0
1346716800 0 0 0 0
1346630400 0 0 0 0
1346544000 0 0 0 0
1346457600 0 0 0 0
