99.03.14 13:35 B f:\mirror1\d\tangmen\npc\baozuwushi.c --> www1.yn.cninfo.net /mudcctx/mudlib/d/tangmen/npc baozuwushi.c
99.03.14 13:35 B f:\mirror1\d\tangmen\npc\dizi.c --> www1.yn.cninfo.net /mudcctx/mudlib/d/tangmen/npc dizi.c
99.03.14 13:35 B f:\mirror1\d\tangmen\npc\huzuwushi.c --> www1.yn.cninfo.net /mudcctx/mudlib/d/tangmen/npc huzuwushi.c
99.03.14 13:35 B f:\mirror1\d\tangmen\npc\jiuzuwushi.c --> www1.yn.cninfo.net /mudcctx/mudlib/d/tangmen/npc jiuzuwushi.c
99.03.14 13:35 B f:\mirror1\d\tangmen\npc\longzuwushi.c --> www1.yn.cninfo.net /mudcctx/mudlib/d/tangmen/npc longzuwushi.c
99.03.14 13:35 B f:\mirror1\d\tangmen\npc\puren.c --> www1.yn.cninfo.net /mudcctx/mudlib/d/tangmen/npc puren.c
99.03.14 13:35 B f:\mirror1\d\tangmen\npc\quanzuwushi.c --> www1.yn.cninfo.net /mudcctx/mudlib/d/tangmen/npc quanzuwushi.c
99.03.14 13:35 B f:\mirror1\d\tangmen\npc\tang buping.c --> www1.yn.cninfo.net /mudcctx/mudlib/d/tangmen/npc tang buping.c
99.03.14 13:35 B f:\mirror1\d\tangmen\npc\tang fang.c --> www1.yn.cninfo.net /mudcctx/mudlib/d/tangmen/npc tang fang.c
99.03.14 13:35 B f:\mirror1\d\tangmen\npc\tang liang.c --> www1.yn.cninfo.net /mudcctx/mudlib/d/tangmen/npc tang liang.c
99.03.14 13:35 B f:\mirror1\d\tangmen\npc\tang meng.c --> www1.yn.cninfo.net /mudcctx/mudlib/d/tangmen/npc tang meng.c
99.03.14 13:35 B f:\mirror1\d\tangmen\npc\tang wuhuo.c --> www1.yn.cninfo.net /mudcctx/mudlib/d/tangmen/npc tang wuhuo.c
99.03.14 13:35 B f:\mirror1\d\tangmen\npc\tang wuqing.c --> www1.yn.cninfo.net /mudcctx/mudlib/d/tangmen/npc tang wuqing.c
99.03.14 13:35 B f:\mirror1\d\tangmen\npc\tang.c --> www1.yn.cninfo.net /mudcctx/mudlib/d/tangmen/npc tang.c
99.03.14 13:36 B f:\mirror1\d\tangmen\npc\tang_buping.c --> www1.yn.cninfo.net /mudcctx/mudlib/d/tangmen/npc tang_buping.c
99.03.14 13:36 B f:\mirror1\d\tangmen\npc\tang_fang.c --> www1.yn.cninfo.net /mudcctx/mudlib/d/tangmen/npc tang_fang.c
99.03.14 13:36 B f:\mirror1\d\tangmen\npc\tang_liang.c --> www1.yn.cninfo.net /mudcctx/mudlib/d/tangmen/npc tang_liang.c
99.03.14 13:36 B f:\mirror1\d\tangmen\npc\tang_meng.c --> www1.yn.cninfo.net /mudcctx/mudlib/d/tangmen/npc tang_meng.c
99.03.14 13:36 B f:\mirror1\d\tangmen\npc\tang_wuhuo.c --> www1.yn.cninfo.net /mudcctx/mudlib/d/tangmen/npc tang_wuhuo.c
99.03.14 13:36 B f:\mirror1\d\tangmen\npc\tang_wuqing.c --> www1.yn.cninfo.net /mudcctx/mudlib/d/tangmen/npc tang_wuqing.c
99.03.14 13:36 B f:\mirror1\d\tangmen\npc\tangjing.c --> www1.yn.cninfo.net /mudcctx/mudlib/d/tangmen/npc tangjing.c
99.03.14 13:36 B f:\mirror1\d\tangmen\npc\tangtian.c --> www1.yn.cninfo.net /mudcctx/mudlib/d/tangmen/npc tangtian.c
99.03.14 13:36 B f:\mirror1\d\tangmen\npc\wangsao.c --> www1.yn.cninfo.net /mudcctx/mudlib/d/tangmen/npc wangsao.c
99.03.14 13:36 B f:\mirror1\d\tangmen\npc\wushi.c --> www1.yn.cninfo.net /mudcctx/mudlib/d/tangmen/npc wushi.c
99.03.14 13:36 B f:\mirror1\d\tangmen\npc\xiao qiushui.c --> www1.yn.cninfo.net /mudcctx/mudlib/d/tangmen/npc xiao qiushui.c
99.03.14 13:36 B f:\mirror1\d\tangmen\npc\xiao_qiushui.c --> www1.yn.cninfo.net /mudcctx/mudlib/d/tangmen/npc xiao_qiushui.c
99.03.14 13:36 B f:\mirror1\d\tangmen\npc\yahuan.c --> www1.yn.cninfo.net /mudcctx/mudlib/d/tangmen/npc yahuan.c
99.03.14 13:36 B f:\mirror1\d\tangmen\npc\yaozuwushi.c --> www1.yn.cninfo.net /mudcctx/mudlib/d/tangmen/npc yaozuwushi.c
99.03.14 13:36 B f:\mirror1\d\tangmen\npc\yingzuwushi.c --> www1.yn.cninfo.net /mudcctx/mudlib/d/tangmen/npc yingzuwushi.c
99.03.14 13:36 B f:\mirror1\d\tangmen\npc\zhuren.c --> www1.yn.cninfo.net /mudcctx/mudlib/d/tangmen/npc zhuren.c
