2003.06.15 10:28 B F:\user\c\caiyao.o <-- www.vmud.com /lonely/mudlib/data/user/c caiyao.o
2003.06.15 10:28 B F:\user\c\calbee.o <-- www.vmud.com /lonely/mudlib/data/user/c calbee.o
2003.06.15 10:28 B F:\user\c\calef.o <-- www.vmud.com /lonely/mudlib/data/user/c calef.o
2003.06.15 10:28 B F:\user\c\can.o <-- www.vmud.com /lonely/mudlib/data/user/c can.o
2003.06.15 10:28 B F:\user\c\canary.o <-- www.vmud.com /lonely/mudlib/data/user/c canary.o
2003.06.15 10:28 B F:\user\c\cannavaro.o <-- www.vmud.com /lonely/mudlib/data/user/c cannavaro.o
2003.06.15 10:28 B F:\user\c\carlos.o <-- www.vmud.com /lonely/mudlib/data/user/c carlos.o
2003.06.15 10:28 B F:\user\c\cat.o <-- www.vmud.com /lonely/mudlib/data/user/c cat.o
2003.06.15 10:28 B F:\user\c\catboy.o <-- www.vmud.com /lonely/mudlib/data/user/c catboy.o
2003.06.15 10:28 B F:\user\c\catcat.o <-- www.vmud.com /lonely/mudlib/data/user/c catcat.o
2003.06.15 10:28 B F:\user\c\cathy.o <-- www.vmud.com /lonely/mudlib/data/user/c cathy.o
2003.06.15 10:28 B F:\user\c\catmod.o <-- www.vmud.com /lonely/mudlib/data/user/c catmod.o
2003.06.15 10:28 B F:\user\c\ccity.o <-- www.vmud.com /lonely/mudlib/data/user/c ccity.o
2003.06.15 10:28 B F:\user\c\cdsk.o <-- www.vmud.com /lonely/mudlib/data/user/c cdsk.o
2003.06.15 10:28 B F:\user\c\ceicei.o <-- www.vmud.com /lonely/mudlib/data/user/c ceicei.o
2003.06.15 10:28 B F:\user\c\ceo.o <-- www.vmud.com /lonely/mudlib/data/user/c ceo.o
2003.06.15 10:28 B F:\user\c\cgd.o <-- www.vmud.com /lonely/mudlib/data/user/c cgd.o
2003.06.15 10:28 B F:\user\c\cha.o <-- www.vmud.com /lonely/mudlib/data/user/c cha.o
2003.06.15 10:28 B F:\user\c\chahua.o <-- www.vmud.com /lonely/mudlib/data/user/c chahua.o
2003.06.15 10:28 B F:\user\c\checksum.o <-- www.vmud.com /lonely/mudlib/data/user/c checksum.o
2003.06.15 10:28 B F:\user\c\chenc.o <-- www.vmud.com /lonely/mudlib/data/user/c chenc.o
2003.06.15 10:28 B F:\user\c\chencc.o <-- www.vmud.com /lonely/mudlib/data/user/c chencc.o
2003.06.15 10:28 B F:\user\c\chengd.o <-- www.vmud.com /lonely/mudlib/data/user/c chengd.o
2003.06.15 10:28 B F:\user\c\chengzw.o <-- www.vmud.com /lonely/mudlib/data/user/c chengzw.o
2003.06.15 10:28 B F:\user\c\chenji.o <-- www.vmud.com /lonely/mudlib/data/user/c chenji.o
2003.06.15 10:28 B F:\user\c\chenone.o <-- www.vmud.com /lonely/mudlib/data/user/c chenone.o
2003.06.15 10:28 B F:\user\c\chicken.o <-- www.vmud.com /lonely/mudlib/data/user/c chicken.o
2003.06.15 10:28 B F:\user\c\chirty.o <-- www.vmud.com /lonely/mudlib/data/user/c chirty.o
2003.06.15 10:28 B F:\user\c\chris.o <-- www.vmud.com /lonely/mudlib/data/user/c chris.o
2003.06.15 10:28 B F:\user\c\chriskaa.o <-- www.vmud.com /lonely/mudlib/data/user/c chriskaa.o
2003.06.15 10:28 B F:\user\c\chubai.o <-- www.vmud.com /lonely/mudlib/data/user/c chubai.o
2003.06.15 10:28 B F:\user\c\cingfung.o <-- www.vmud.com /lonely/mudlib/data/user/c cingfung.o
2003.06.15 10:28 B F:\user\c\city.o <-- www.vmud.com /lonely/mudlib/data/user/c city.o
2003.06.15 10:28 B F:\user\c\citya.o <-- www.vmud.com /lonely/mudlib/data/user/c citya.o
2003.06.15 10:28 B F:\user\c\cityb.o <-- www.vmud.com /lonely/mudlib/data/user/c cityb.o
2003.06.15 10:28 B F:\user\c\cityc.o <-- www.vmud.com /lonely/mudlib/data/user/c cityc.o
2003.06.15 10:28 B F:\user\c\cjf.o <-- www.vmud.com /lonely/mudlib/data/user/c cjf.o
2003.06.15 10:28 B F:\user\c\ckild.o <-- www.vmud.com /lonely/mudlib/data/user/c ckild.o
2003.06.15 10:28 B F:\user\c\clear.o <-- www.vmud.com /lonely/mudlib/data/user/c clear.o
2003.06.15 10:28 B F:\user\c\clion.o <-- www.vmud.com /lonely/mudlib/data/user/c clion.o
2003.06.15 10:28 B F:\user\c\cloth.o <-- www.vmud.com /lonely/mudlib/data/user/c cloth.o
2003.06.15 10:28 B F:\user\c\clp.o <-- www.vmud.com /lonely/mudlib/data/user/c clp.o
2003.06.15 10:28 B F:\user\c\cly.o <-- www.vmud.com /lonely/mudlib/data/user/c cly.o
2003.06.15 10:28 B F:\user\c\cob.o <-- www.vmud.com /lonely/mudlib/data/user/c cob.o
2003.06.15 10:28 B F:\user\c\cobra.o <-- www.vmud.com /lonely/mudlib/data/user/c cobra.o
2003.06.15 10:28 B F:\user\c\cobweb.o <-- www.vmud.com /lonely/mudlib/data/user/c cobweb.o
2003.06.15 10:28 B F:\user\c\coco.o <-- www.vmud.com /lonely/mudlib/data/user/c coco.o
2003.06.15 10:28 B F:\user\c\cocobox.o <-- www.vmud.com /lonely/mudlib/data/user/c cocobox.o
2003.06.15 10:28 B F:\user\c\cocopalm.o <-- www.vmud.com /lonely/mudlib/data/user/c cocopalm.o
2003.06.15 10:28 B F:\user\c\coke.o <-- www.vmud.com /lonely/mudlib/data/user/c coke.o
2003.06.15 10:28 B F:\user\c\cola.o <-- www.vmud.com /lonely/mudlib/data/user/c cola.o
2003.06.15 10:28 B F:\user\c\computer.o <-- www.vmud.com /lonely/mudlib/data/user/c computer.o
2003.06.15 10:28 B F:\user\c\connie.o <-- www.vmud.com /lonely/mudlib/data/user/c connie.o
2003.06.15 10:28 B F:\user\c\cooky.o <-- www.vmud.com /lonely/mudlib/data/user/c cooky.o
2003.06.15 10:28 B F:\user\c\cool.o <-- www.vmud.com /lonely/mudlib/data/user/c cool.o
2003.06.15 10:28 B F:\user\c\coolgirl.o <-- www.vmud.com /lonely/mudlib/data/user/c coolgirl.o
2003.06.15 10:28 B F:\user\c\copy.o <-- www.vmud.com /lonely/mudlib/data/user/c copy.o
2003.06.15 10:28 B F:\user\c\core.o <-- www.vmud.com /lonely/mudlib/data/user/c core.o
2003.06.15 10:28 B F:\user\c\corpse.o <-- www.vmud.com /lonely/mudlib/data/user/c corpse.o
2003.06.15 10:29 B F:\user\c\crystal.o <-- www.vmud.com /lonely/mudlib/data/user/c crystal.o
2003.06.15 10:29 B F:\user\c\ctj.o <-- www.vmud.com /lonely/mudlib/data/user/c ctj.o
2003.06.15 10:29 B F:\user\c\cuckold.o <-- www.vmud.com /lonely/mudlib/data/user/c cuckold.o
2003.06.15 10:29 B F:\user\c\cunqian.o <-- www.vmud.com /lonely/mudlib/data/user/c cunqian.o
2003.06.15 10:29 B F:\user\c\cup.o <-- www.vmud.com /lonely/mudlib/data/user/c cup.o
2003.06.15 10:29 B F:\user\c\curious.o <-- www.vmud.com /lonely/mudlib/data/user/c curious.o
2003.06.15 10:29 B F:\user\c\cyeagle.o <-- www.vmud.com /lonely/mudlib/data/user/c cyeagle.o
2003.06.15 10:29 B F:\user\c\czyd.o <-- www.vmud.com /lonely/mudlib/data/user/c czyd.o
