// 成都府     chengdu.map

                                             北门
                                    水果店    ||                          鸭子王 陆佑明家
                                      ||      ||                            ||      ||
        豪宅=万明路=万明路==万明路==万明路=十字路口=万明路==万明路=万明路=万明路===僻巷
               ||     ||              ||      ||      ||             ||     ||      ||
               ||  李记绸庄        悦来客栈   || 威武镖局         茶馆    ||   破旧大院
               ||                             ||                            ||
      防具店=武王道=回春堂           巡捕房=福恩路                   赌场=府道街=裁缝铺
               ||                             ||                            ||
               ||                             ||                            ||
    川候武馆=武王道=钱庄                 成都巡抚衙门                     府道街=当铺
               ||                                                           ||
               ||                                                           ||
       西门==武王道=武王祠                                         瑞芙楼=府道街==东门
               ||                                                           ||
               ||                                                           ||
      兵器铺=武王道                                                       府道街=茗茶坊
               ||                                                           ||
               ||                                                           ||
      铁匠铺=武王道=杜甫草堂                                            府道街
               ||                           宝光寺                          ||
               ||    肉铺    朗中             ||    杂货铺          商栈    ||
               ||     ||      ||              ||      ||             ||     ||
    王建墓===锦官路=锦官路==锦官路==锦官路=十字路口=锦官路==锦官路=锦官路=锦官路
                      ||              ||      ||      ||      ||     
                    棺材铺          鞋帽店    ||    养马廊   民居   
                                             南门

说明：
01、瑞芙楼  －酒楼
02、茗茶坊  －卖各种茶叶
03、茶馆    －饮茶休闲处，打听消息
04、杜甫草堂－书堂
05、回春堂  －药店
06、治德号  －老字号，卖各种牛肉
07、棋院    －迷题预留，
08、王建墓  －说明见chengdu.02
09、宝光寺  －请加入fill，说明见chengdu.02
10、武王祠  －可减杀气，说明见chengdu.02

物件设计请参阅chengdu.01
房间描述请参看chengdu.02
文件名称规范请help namelist & namelist_obj

**请主管巫师注意将物品按区设内容分类按排**