[1;37m才才才(ccccc)[2;37;0m转帐给[36m萧秋水(xqs)[1;32m5000[2;37;0m世纪货币。[37m2000年9月8日[1;35m 早上 [2;37;0m[37m6点59分[1;36m 星期五[2;37;0m
[1;37m赌东道(dddd)[2;37;0m转帐给[36m萧秋水(xqs)[1;32m5000[2;37;0m世纪货币。[37m2000年9月8日[1;35m 早上 [2;37;0m[37m7点5分[1;36m 星期五[2;37;0m
[1;37m赌东道(dddd)[2;37;0m转帐给[36m萧秋水(xqs)[1;32m5000[2;37;0m世纪货币。[37m2000年9月8日[1;35m 早上 [2;37;0m[37m7点7分[1;36m 星期五[2;37;0m
[1;37m赌东道(dddd)[2;37;0m转帐给[36m萧秋水(xqs)[1;32m5000[2;37;0m世纪货币。[37m2000年9月8日[1;35m 早上 [2;37;0m[37m7点10分[1;36m 星期五[2;37;0m
[1;37m萧易人(ide)[2;37;0m转帐给[36m萧秋水(xqs)[1;32m1000[2;37;0m世纪货币。[37m2000年9月8日[1;35m 早上 [2;37;0m[37m7点10分[1;36m 星期五[2;37;0m
[1;37m萧易人(ide)[2;37;0m转帐给[36m萧秋水(xqs)[1;32m1000[2;37;0m世纪货币。[37m2000年9月8日[1;35m 早上 [2;37;0m[37m7点11分[1;36m 星期五[2;37;0m
[1;37m萧易人(ide)[2;37;0m转帐给[36m萧秋水(xqs)[1;32m1000[2;37;0m世纪货币。[37m2000年9月8日[1;35m 早上 [2;37;0m[37m7点11分[1;36m 星期五[2;37;0m
[1;37m萧易人(ide)[2;37;0m转帐给[36m萧秋水(xqs)[1;32m1000[2;37;0m世纪货币。[37m2000年9月8日[1;35m 早上 [2;37;0m[37m7点11分[1;36m 星期五[2;37;0m
[1;37m萧易人(ide)[2;37;0m转帐给[36m萧秋水(xqs)[1;32m1000[2;37;0m世纪货币。[37m2000年9月8日[1;35m 早上 [2;37;0m[37m7点11分[1;36m 星期五[2;37;0m
[1;37m萧易人(ide)[2;37;0m转帐给[36m萧秋水(xqs)[1;32m1000[2;37;0m世纪货币。[37m2000年9月8日[1;35m 早上 [2;37;0m[37m7点11分[1;36m 星期五[2;37;0m
[1;37m萧易人(ide)[2;37;0m转帐给[36m萧秋水(xqs)[1;32m1000[2;37;0m世纪货币。[37m2000年9月8日[1;35m 早上 [2;37;0m[37m7点11分[1;36m 星期五[2;37;0m
[1;37m萧易人(ide)[2;37;0m转帐给[36m萧秋水(xqs)[1;32m1000[2;37;0m世纪货币。[37m2000年9月8日[1;35m 早上 [2;37;0m[37m7点11分[1;36m 星期五[2;37;0m
[1;37m萧易人(ide)[2;37;0m转帐给[36m萧秋水(xqs)[1;32m1000[2;37;0m世纪货币。[37m2000年9月8日[1;35m 早上 [2;37;0m[37m7点11分[1;36m 星期五[2;37;0m
[1;37m萧易人(ide)[2;37;0m转帐给[36m萧秋水(xqs)[1;32m500[2;37;0m世纪货币。[37m2000年9月8日[1;35m 早上 [2;37;0m[37m7点11分[1;36m 星期五[2;37;0m
[1;37m赌东道(dddd)[2;37;0m转帐给[36m萧秋水(xqs)[1;32m5000[2;37;0m世纪货币。[37m2000年9月8日[1;35m 早上 [2;37;0m[37m7点11分[1;36m 星期五[2;37;0m
[1;37m赌东道(dddd)[2;37;0m转帐给[36m萧秋水(xqs)[1;32m5000[2;37;0m世纪货币。[37m2000年9月8日[1;35m 早上 [2;37;0m[37m7点12分[1;36m 星期五[2;37;0m
[1;37m赌东道(dddd)[2;37;0m转帐给[36m萧秋水(xqs)[1;32m5000[2;37;0m世纪货币。[37m2000年9月8日[1;35m 早上 [2;37;0m[37m7点15分[1;36m 星期五[2;37;0m
[1;37m赌东道(dddd)[2;37;0m转帐给[36m萧秋水(xqs)[1;32m5000[2;37;0m世纪货币。[37m2000年9月8日[1;35m 早上 [2;37;0m[37m7点21分[1;36m 星期五[2;37;0m
[1;37m赌东道(dddd)[2;37;0m转帐给[36m萧秋水(xqs)[1;32m5000[2;37;0m世纪货币。[37m2000年9月8日[1;35m 早上 [2;37;0m[37m7点23分[1;36m 星期五[2;37;0m
[1;37m赌东道(dddd)[2;37;0m转帐给[36m萧秋水(xqs)[1;32m5000[2;37;0m世纪货币。[37m2000年9月8日[1;35m 早上 [2;37;0m[37m7点23分[1;36m 星期五[2;37;0m
[1;37m赌东道(dddd)[2;37;0m转帐给[36m萧秋水(xqs)[1;32m5000[2;37;0m世纪货币。[37m2000年9月8日[1;35m 早上 [2;37;0m[37m7点27分[1;36m 星期五[2;37;0m
[1;37m赌东道(dddd)[2;37;0m转帐给[36m萧秋水(xqs)[1;32m5000[2;37;0m世纪货币。[37m2000年9月8日[1;35m 早上 [2;37;0m[37m7点30分[1;36m 星期五[2;37;0m
[1;37m赌东道(dddd)[2;37;0m转帐给[36m萧秋水(xqs)[1;32m5000[2;37;0m世纪货币。[37m2000年9月8日[1;35m 早上 [2;37;0m[37m7点33分[1;36m 星期五[2;37;0m
[1;37m赌东道(dddd)[2;37;0m转帐给[36m萧秋水(xqs)[1;32m5000[2;37;0m世纪货币。[37m2000年9月8日[1;35m 早上 [2;37;0m[37m7点37分[1;36m 星期五[2;37;0m
[1;37m萧易人(ide)[2;37;0m转帐给[36m净呆(qqdd)[1;32m6200[2;37;0m世纪货币。[37m2000年9月8日[1;35m 早上 [2;37;0m[37m7点42分[1;36m 星期五[2;37;0m
[1;37m赌东道(dddd)[2;37;0m转帐给[36m萧秋水(xqs)[1;32m5000[2;37;0m世纪货币。[37m2000年9月8日[1;35m 早上 [2;37;0m[37m7点43分[1;36m 星期五[2;37;0m
[1;37m赌东道(dddd)[2;37;0m转帐给[36m萧秋水(xqs)[1;32m5000[2;37;0m世纪货币。[37m2000年9月8日[1;35m 早上 [2;37;0m[37m7点44分[1;36m 星期五[2;37;0m
[1;37m赌东道(dddd)[2;37;0m转帐给[36m萧秋水(xqs)[1;32m5000[2;37;0m世纪货币。[37m2000年9月8日[1;35m 早上 [2;37;0m[37m7点48分[1;36m 星期五[2;37;0m
[1;37m笑问天(ide)[2;37;0m转帐给[36m净呆(qqdd)[1;32m5000[2;37;0m世纪货币。[37m2000年9月8日[1;35m 早上 [2;37;0m[37m7点48分[1;36m 星期五[2;37;0m
[1;37m笑问天(ide)[2;37;0m转帐给[36m净呆(qqdd)[1;32m5000[2;37;0m世纪货币。[37m2000年9月8日[1;35m 早上 [2;37;0m[37m7点50分[1;36m 星期五[2;37;0m
[1;37m赌东道(dddd)[2;37;0m转帐给[36m萧秋水(xqs)[1;32m5000[2;37;0m世纪货币。[37m2000年9月8日[1;35m 早上 [2;37;0m[37m7点51分[1;36m 星期五[2;37;0m
[1;37m笑问天(ide)[2;37;0m转帐给[36m净呆(qqdd)[1;32m5000[2;37;0m世纪货币。[37m2000年9月8日[1;35m 早上 [2;37;0m[37m7点52分[1;36m 星期五[2;37;0m
[1;37m赌东道(dddd)[2;37;0m转帐给[36m萧秋水(xqs)[1;32m5000[2;37;0m世纪货币。[37m2000年9月8日[1;35m 早上 [2;37;0m[37m7点56分[1;36m 星期五[2;37;0m
[1;37m笑问天(ide)[2;37;0m转帐给[36m净呆(qqdd)[1;32m5000[2;37;0m世纪货币。[37m2000年9月8日[1;35m 早上 [2;37;0m[37m7点57分[1;36m 星期五[2;37;0m
[1;37m赌东道(dddd)[2;37;0m转帐给[36m萧秋水(xqs)[1;32m5000[2;37;0m世纪货币。[37m2000年9月8日[1;35m 早上 [2;37;0m[37m7点57分[1;36m 星期五[2;37;0m
[1;37m笑问天(ide)[2;37;0m转帐给[36m净呆(qqdd)[1;32m5000[2;37;0m世纪货币。[37m2000年9月8日[1;35m 早上 [2;37;0m[37m7点59分[1;36m 星期五[2;37;0m
[1;37m赌东道(dddd)[2;37;0m转帐给[36m萧秋水(xqs)[1;32m5000[2;37;0m世纪货币。[37m2000年9月8日[1;33m 上午 [2;37;0m[37m8点0分[1;36m 星期五[2;37;0m
[1;37m笑问天(ide)[2;37;0m转帐给[36m净呆(qqdd)[1;32m5000[2;37;0m世纪货币。[37m2000年9月8日[1;33m 上午 [2;37;0m[37m8点2分[1;36m 星期五[2;37;0m
[1;37m笑问天(ide)[2;37;0m转帐给[36m净呆(qqdd)[1;32m5000[2;37;0m世纪货币。[37m2000年9月8日[1;33m 上午 [2;37;0m[37m8点2分[1;36m 星期五[2;37;0m
[1;37m笑问天(ide)[2;37;0m转帐给[36m净呆(qqdd)[1;32m5000[2;37;0m世纪货币。[37m2000年9月8日[1;33m 上午 [2;37;0m[37m8点3分[1;36m 星期五[2;37;0m
[1;37m笑问天(ide)[2;37;0m转帐给[36m净呆(qqdd)[1;32m5000[2;37;0m世纪货币。[37m2000年9月8日[1;33m 上午 [2;37;0m[37m8点4分[1;36m 星期五[2;37;0m
[1;37m赌东道(dddd)[2;37;0m转帐给[36m萧秋水(xqs)[1;32m5000[2;37;0m世纪货币。[37m2000年9月8日[1;33m 上午 [2;37;0m[37m8点5分[1;36m 星期五[2;37;0m
[1;37m笑问天(ide)[2;37;0m转帐给[36m净呆(qqdd)[1;32m5000[2;37;0m世纪货币。[37m2000年9月8日[1;33m 上午 [2;37;0m[37m8点5分[1;36m 星期五[2;37;0m
[1;37m笑问天(ide)[2;37;0m转帐给[36m净呆(qqdd)[1;32m5000[2;37;0m世纪货币。[37m2000年9月8日[1;33m 上午 [2;37;0m[37m8点6分[1;36m 星期五[2;37;0m
[1;37m赌东道(dddd)[2;37;0m转帐给[36m萧秋水(xqs)[1;32m5000[2;37;0m世纪货币。[37m2000年9月8日[1;33m 上午 [2;37;0m[37m8点6分[1;36m 星期五[2;37;0m
[1;37m笑问天(ide)[2;37;0m转帐给[36m净呆(qqdd)[1;32m5000[2;37;0m世纪货币。[37m2000年9月8日[1;33m 上午 [2;37;0m[37m8点6分[1;36m 星期五[2;37;0m
[1;37m笑问天(ide)[2;37;0m转帐给[36m净呆(qqdd)[1;32m5000[2;37;0m世纪货币。[37m2000年9月8日[1;33m 上午 [2;37;0m[37m8点7分[1;36m 星期五[2;37;0m
[1;37m笑问天(ide)[2;37;0m转帐给[36m净呆(qqdd)[1;32m5000[2;37;0m世纪货币。[37m2000年9月8日[1;33m 上午 [2;37;0m[37m8点8分[1;36m 星期五[2;37;0m
[1;37m赌东道(dddd)[2;37;0m转帐给[36m萧秋水(xqs)[1;32m5000[2;37;0m世纪货币。[37m2000年9月8日[1;33m 上午 [2;37;0m[37m8点8分[1;36m 星期五[2;37;0m
[1;37m笑问天(ide)[2;37;0m转帐给[36m净呆(qqdd)[1;32m5000[2;37;0m世纪货币。[37m2000年9月8日[1;33m 上午 [2;37;0m[37m8点9分[1;36m 星期五[2;37;0m
[1;37m赌东道(dddd)[2;37;0m转帐给[36m萧秋水(xqs)[1;32m5000[2;37;0m世纪货币。[37m2000年9月8日[1;33m 上午 [2;37;0m[37m8点9分[1;36m 星期五[2;37;0m
[1;37m笑问天(ide)[2;37;0m转帐给[36m净呆(qqdd)[1;32m5000[2;37;0m世纪货币。[37m2000年9月8日[1;33m 上午 [2;37;0m[37m8点9分[1;36m 星期五[2;37;0m
[1;37m笑问天(ide)[2;37;0m转帐给[36m净呆(qqdd)[1;32m5000[2;37;0m世纪货币。[37m2000年9月8日[1;33m 上午 [2;37;0m[37m8点10分[1;36m 星期五[2;37;0m
[1;37m赌东道(dddd)[2;37;0m转帐给[36m萧秋水(xqs)[1;32m5000[2;37;0m世纪货币。[37m2000年9月8日[1;33m 上午 [2;37;0m[37m8点11分[1;36m 星期五[2;37;0m
[1;37m笑问天(ide)[2;37;0m转帐给[36m净呆(qqdd)[1;32m5000[2;37;0m世纪货币。[37m2000年9月8日[1;33m 上午 [2;37;0m[37m8点11分[1;36m 星期五[2;37;0m
[1;37m笑问天(ide)[2;37;0m转帐给[36m净呆(qqdd)[1;32m5000[2;37;0m世纪货币。[37m2000年9月8日[1;33m 上午 [2;37;0m[37m8点12分[1;36m 星期五[2;37;0m
[1;37m笑问天(ide)[2;37;0m转帐给[36m净呆(qqdd)[1;32m5000[2;37;0m世纪货币。[37m2000年9月8日[1;33m 上午 [2;37;0m[37m8点13分[1;36m 星期五[2;37;0m
[1;37m笑问天(ide)[2;37;0m转帐给[36m净呆(qqdd)[1;32m5000[2;37;0m世纪货币。[37m2000年9月8日[1;33m 上午 [2;37;0m[37m8点13分[1;36m 星期五[2;37;0m
[1;37m笑问天(ide)[2;37;0m转帐给[36m净呆(qqdd)[1;32m5000[2;37;0m世纪货币。[37m2000年9月8日[1;33m 上午 [2;37;0m[37m8点14分[1;36m 星期五[2;37;0m
[1;37m笑问天(ide)[2;37;0m转帐给[36m净呆(qqdd)[1;32m5000[2;37;0m世纪货币。[37m2000年9月8日[1;33m 上午 [2;37;0m[37m8点15分[1;36m 星期五[2;37;0m
[1;37m笑问天(ide)[2;37;0m转帐给[36m净呆(qqdd)[1;32m5000[2;37;0m世纪货币。[37m2000年9月8日[1;33m 上午 [2;37;0m[37m8点16分[1;36m 星期五[2;37;0m
[1;37m笑问天(ide)[2;37;0m转帐给[36m净呆(qqdd)[1;32m5000[2;37;0m世纪货币。[37m2000年9月8日[1;33m 上午 [2;37;0m[37m8点16分[1;36m 星期五[2;37;0m
[1;37m笑问天(ide)[2;37;0m转帐给[36m净呆(qqdd)[1;32m5000[2;37;0m世纪货币。[37m2000年9月8日[1;33m 上午 [2;37;0m[37m8点17分[1;36m 星期五[2;37;0m
[1;37m笑问天(ide)[2;37;0m转帐给[36m净呆(qqdd)[1;32m5000[2;37;0m世纪货币。[37m2000年9月8日[1;33m 上午 [2;37;0m[37m8点18分[1;36m 星期五[2;37;0m
[1;37m笑问天(ide)[2;37;0m转帐给[36m净呆(qqdd)[1;32m5000[2;37;0m世纪货币。[37m2000年9月8日[1;33m 上午 [2;37;0m[37m8点19分[1;36m 星期五[2;37;0m
[1;37m笑问天(ide)[2;37;0m转帐给[36m净呆(qqdd)[1;32m5000[2;37;0m世纪货币。[37m2000年9月8日[1;33m 上午 [2;37;0m[37m8点20分[1;36m 星期五[2;37;0m
[1;37m笑问天(ide)[2;37;0m转帐给[36m净呆(qqdd)[1;32m5000[2;37;0m世纪货币。[37m2000年9月8日[1;33m 上午 [2;37;0m[37m8点20分[1;36m 星期五[2;37;0m
[1;37m笑问天(ide)[2;37;0m转帐给[36m净呆(qqdd)[1;32m5000[2;37;0m世纪货币。[37m2000年9月8日[1;33m 上午 [2;37;0m[37m8点21分[1;36m 星期五[2;37;0m
[1;37m笑问天(ide)[2;37;0m转帐给[36m萧秋水(xqs)[1;32m5000[2;37;0m世纪货币。[37m2000年9月8日[1;33m 上午 [2;37;0m[37m8点25分[1;36m 星期五[2;37;0m
[1;37m新人(newer)[2;37;0m转帐给[36m新人(new)[1;32m8000[2;37;0m世纪货币。[37m2000年9月11日[1;36m 下午 [2;37;0m[37m3点40分[1;36m 星期一[2;37;0m
[1;37m简简单单(easy)[2;37;0m转帐给[36m香水梨(xsl)[1;32m100000[2;37;0m世纪货币。[37m2000年9月14日[1;36m 下午 [2;37;0m[37m5点20分[1;36m 星期四[2;37;0m
[1;37m简简单单(easy)[2;37;0m转帐给[36m萧易人(xws)[1;32m100000[2;37;0m世纪货币。[37m2000年9月14日[1;36m 下午 [2;37;0m[37m5点21分[1;36m 星期四[2;37;0m
[1;37m简简单单(easy)[2;37;0m转帐给[36m月子妹妹(bellsss)[1;32m100000[2;37;0m世纪货币。[37m2000年9月14日[1;36m 下午 [2;37;0m[37m5点21分[1;36m 星期四[2;37;0m
[1;37m萧易人(xws)[2;37;0m转帐给[36m萧西楼(xxl)[1;32m10000[2;37;0m世纪货币。[37m2000年9月15日[1;32m 凌晨 [2;37;0m[37m5点47分[1;36m 星期五[2;37;0m
[1;37m萧西楼(xxl)[2;37;0m转帐给[36m萧易人(xws)[1;32m18406[2;37;0m世纪货币。[37m2000年9月15日[1;32m 凌晨 [2;37;0m[37m5点50分[1;36m 星期五[2;37;0m
[1;37m萧秋水(xqs)[2;37;0m转帐给[36m萧西楼(xxl)[1;32m149000[2;37;0m世纪货币。[37m2000年9月15日[1;35m 早上 [2;37;0m[37m6点25分[1;36m 星期五[2;37;0m
[1;37m萧秋水(xyr)[2;37;0m转帐给[36m萧西楼(xxl)[1;32m9360[2;37;0m世纪货币。[37m2000年9月15日[1;35m 早上 [2;37;0m[37m6点26分[1;36m 星期五[2;37;0m
[1;37m萧易人(xws)[2;37;0m转帐给[36m萧西楼(xxl)[1;32m136000[2;37;0m世纪货币。[37m2000年9月15日[1;35m 早上 [2;37;0m[37m6点26分[1;36m 星期五[2;37;0m
[1;37m萧西楼(xxl)[2;37;0m转帐给[36m萧易人(xws)[1;32m10000[2;37;0m世纪货币。[37m2000年9月15日[1;33m 上午 [2;37;0m[37m10点14分[1;36m 星期五[2;37;0m
[1;37m萧西楼(xxl)[2;37;0m转帐给[36m萧易人(xws)[1;32m354227[2;37;0m世纪货币。[37m2000年9月15日[1;33m 上午 [2;37;0m[37m10点47分[1;36m 星期五[2;37;0m
[1;37m萧易人(xws)[2;37;0m转帐给[36m萧西楼(xxl)[1;32m360000[2;37;0m世纪货币。[37m2000年9月15日[1;36m 下午 [2;37;0m[37m2点50分[1;36m 星期五[2;37;0m
[1;37m食人鱼(fishaa)[2;37;0m转帐给[36m超人(sgq)[1;32m2000000[2;37;0m世纪货币。[37m2000年9月16日[1;36m 下午 [2;37;0m[37m2点36分[1;31m 星期六[2;37;0m
[1;37m超人(sgq)[2;37;0m转帐给[36m鲨鱼(fish)[1;32m1000000[2;37;0m世纪货币。[37m2000年9月16日[1;36m 下午 [2;37;0m[37m2点42分[1;31m 星期六[2;37;0m
[1;37m食人鱼(fishaa)[2;37;0m转帐给[36m超人(sgq)[1;32m2000000[2;37;0m世纪货币。[37m2000年9月16日[1;36m 下午 [2;37;0m[37m2点43分[1;31m 星期六[2;37;0m
[1;37m食人鱼(fishaa)[2;37;0m转帐给[36m超人(sgq)[1;32m2000000[2;37;0m世纪货币。[37m2000年9月16日[1;36m 下午 [2;37;0m[37m2点48分[1;31m 星期六[2;37;0m
[1;37m超人(sgq)[2;37;0m转帐给[36m鲨鱼(fish)[1;32m1000000[2;37;0m世纪货币。[37m2000年9月16日[1;36m 下午 [2;37;0m[37m2点49分[1;31m 星期六[2;37;0m
[1;37m超人(sgq)[2;37;0m转帐给[36m武(xyda)[1;32m2000000[2;37;0m世纪货币。[37m2000年9月16日[1;36m 下午 [2;37;0m[37m2点50分[1;31m 星期六[2;37;0m
[1;37m简单(easy)[2;37;0m转帐给[36m鲨鱼(fish)[1;32m100000[2;37;0m世纪货币。[37m2000年9月16日[1;36m 下午 [2;37;0m[37m5点12分[1;31m 星期六[2;37;0m
[1;37m云龙(yunjl)[2;37;0m转帐给[36m幽木佳人(rongshe)[1;32m100[2;37;0m世纪货币。[37m2000年11月8日[1;32m 凌晨 [2;37;0m[37m4点38分[1;36m 星期三[2;37;0m
[1;37m云龙(yunjl)[2;37;0m转帐给[36m幽木佳人(rongshe)[1;32m1[2;37;0m世纪货币。[37m2000年11月8日[1;32m 凌晨 [2;37;0m[37m4点40分[1;36m 星期三[2;37;0m
[1;37m幽木佳人(rongshe)[2;37;0m转帐给[36m云龙(yunjl)[1;32m100[2;37;0m世纪货币。[37m2000年11月8日[1;32m 凌晨 [2;37;0m[37m4点41分[1;36m 星期三[2;37;0m
[1;37m龙战士(huming)[2;37;0m转帐给[36m幽木佳人(rongsh)[1;32m500[2;37;0m世纪货币。[37m2000年11月8日[1;32m 凌晨 [2;37;0m[37m4点45分[1;36m 星期三[2;37;0m
[1;37m蝇(sdf)[2;37;0m转帐给[36m云龙(yunjl)[1;32m500[2;37;0m世纪货币。[37m2000年11月8日[1;32m 凌晨 [2;37;0m[37m4点48分[1;36m 星期三[2;37;0m
[1;37m龙兵(huw)[2;37;0m转帐给[36m幽木佳人(rongshe)[1;32m5000[2;37;0m世纪货币。[37m2000年11月8日[1;32m 凌晨 [2;37;0m[37m4点48分[1;36m 星期三[2;37;0m
[1;37m城(dgdfdf)[2;37;0m转帐给[36m云龙(yunjl)[1;32m500[2;37;0m世纪货币。[37m2000年11月8日[1;32m 凌晨 [2;37;0m[37m4点50分[1;36m 星期三[2;37;0m
[1;37m幽木佳人(rongshe)[2;37;0m转帐给[36m云龙(yunjl)[1;32m500[2;37;0m世纪货币。[37m2000年11月8日[1;32m 凌晨 [2;37;0m[37m4点50分[1;36m 星期三[2;37;0m
[1;37m幽木佳人(rongshe)[2;37;0m转帐给[36m云龙(yunjl)[1;32m500[2;37;0m世纪货币。[37m2000年11月8日[1;32m 凌晨 [2;37;0m[37m4点51分[1;36m 星期三[2;37;0m
[1;37m睛(gfh)[2;37;0m转帐给[36m云龙(yunjl)[1;32m500[2;37;0m世纪货币。[37m2000年11月8日[1;32m 凌晨 [2;37;0m[37m4点56分[1;36m 星期三[2;37;0m
[1;37m是(fgdfg)[2;37;0m转帐给[36m云龙(yunjl)[1;32m500[2;37;0m世纪货币。[37m2000年11月8日[1;32m 凌晨 [2;37;0m[37m4点58分[1;36m 星期三[2;37;0m
[1;37m嗷嗷(xxx)[2;37;0m转帐给[36m幽木佳人(rongsh)[1;32m5000[2;37;0m世纪货币。[37m2000年11月8日[1;32m 凌晨 [2;37;0m[37m4点59分[1;36m 星期三[2;37;0m
[1;37m早(jgdfglfy)[2;37;0m转帐给[36m云龙(yunjl)[1;32m5000[2;37;0m世纪货币。[37m2000年11月8日[1;32m 凌晨 [2;37;0m[37m5点0分[1;36m 星期三[2;37;0m
[1;37m一(rgghfhgf)[2;37;0m转帐给[36m云龙(yunjl)[1;32m5000[2;37;0m世纪货币。[37m2000年11月8日[1;32m 凌晨 [2;37;0m[37m5点2分[1;36m 星期三[2;37;0m
[1;37m一(quit)[2;37;0m转帐给[36m云龙(yunjl)[1;32m5000[2;37;0m世纪货币。[37m2000年11月8日[1;32m 凌晨 [2;37;0m[37m5点4分[1;36m 星期三[2;37;0m
[1;37m在(sdfsdf)[2;37;0m转帐给[36m云龙(yunjl)[1;32m5000[2;37;0m世纪货币。[37m2000年11月8日[1;32m 凌晨 [2;37;0m[37m5点13分[1;36m 星期三[2;37;0m
[1;37m起码(ter)[2;37;0m转帐给[36m云龙(yunjl)[1;32m5000[2;37;0m世纪货币。[37m2000年11月8日[1;32m 凌晨 [2;37;0m[37m5点16分[1;36m 星期三[2;37;0m
[1;37m幽木佳人(rongshj)[2;37;0m转帐给[36m客人(asdf)[1;32m5000[2;37;0m世纪货币。[37m2000年11月8日[1;32m 凌晨 [2;37;0m[37m5点24分[1;36m 星期三[2;37;0m
[1;37m客人(asdf)[2;37;0m转帐给[36m无祖(gods)[1;32m100[2;37;0m世纪货币。[37m2000年11月8日[1;36m 下午 [2;37;0m[37m2点5分[1;36m 星期三[2;37;0m
[1;37m追风(moon)[2;37;0m转帐给[36m逐日(light)[1;32m100[2;37;0m世纪货币。[37m2000年11月8日[1;34m 晚上 [2;37;0m[37m9点0分[1;36m 星期三[2;37;0m
[1;37m追风(moon)[2;37;0m转帐给[36m逐日(light)[1;32m250000[2;37;0m世纪货币。[37m2000年11月8日[1;34m 晚上 [2;37;0m[37m9点0分[1;36m 星期三[2;37;0m
[1;37m龙战士(tuna)[2;37;0m转帐给[36m客人(asdf)[1;32m5000[2;37;0m世纪货币。[37m2000年11月9日[1;37m 深夜 [2;37;0m[37m2点10分[1;36m 星期四[2;37;0m
[1;37m龙战士(tuna)[2;37;0m转帐给[36m客人(asdf)[1;32m90[2;37;0m世纪货币。[37m2000年11月9日[1;37m 深夜 [2;37;0m[37m2点12分[1;36m 星期四[2;37;0m
[1;37m追风(moon)[2;37;0m转帐给[36m逐日(light)[1;32m600000[2;37;0m世纪货币。[37m2000年11月12日[1;34m 晚上 [2;37;0m[37m11点54分[1;31m 星期天[2;37;0m
[1;37m逐日(light)[2;37;0m转帐给[36m冰破银针(lxz)[1;32m10000[2;37;0m世纪货币。[37m2000年11月13日[1;33m 上午 [2;37;0m[37m9点49分[1;36m 星期一[2;37;0m
[1;37m孔雀(lzy)[2;37;0m转帐给[36m冰破银针(lxz)[1;32m5000[2;37;0m世纪货币。[37m2000年11月13日[1;33m 上午 [2;37;0m[37m11点53分[1;36m 星期一[2;37;0m
[1;37m微微(gowei)[2;37;0m转帐给[36m冰破银针(lxz)[1;32m4000[2;37;0m世纪货币。[37m2000年11月13日[1;33m 上午 [2;37;0m[37m11点54分[1;36m 星期一[2;37;0m
[1;37m啊(aaaaaa)[2;37;0m转帐给[36m逐日(light)[1;32m5000[2;37;0m世纪货币。[37m2000年11月13日[1;31m 中午 [2;37;0m[37m12点28分[1;36m 星期一[2;37;0m
[1;37m侃侃(aadd)[2;37;0m转帐给[36m冰破银针(lxz)[1;32m5000[2;37;0m世纪货币。[37m2000年11月13日[1;31m 中午 [2;37;0m[37m12点30分[1;36m 星期一[2;37;0m
[1;37m发(bbbbbb)[2;37;0m转帐给[36m逐日(light)[1;32m5000[2;37;0m世纪货币。[37m2000年11月13日[1;31m 中午 [2;37;0m[37m12点30分[1;36m 星期一[2;37;0m
[1;37m侃侃(aaee)[2;37;0m转帐给[36m冰破银针(lxz)[1;32m5000[2;37;0m世纪货币。[37m2000年11月13日[1;31m 中午 [2;37;0m[37m12点31分[1;36m 星期一[2;37;0m
[1;37m可(cccccc)[2;37;0m转帐给[36m逐日(light)[1;32m5000[2;37;0m世纪货币。[37m2000年11月13日[1;31m 中午 [2;37;0m[37m12点32分[1;36m 星期一[2;37;0m
[1;37m发(dddddd)[2;37;0m转帐给[36m逐日(light)[1;32m5000[2;37;0m世纪货币。[37m2000年11月13日[1;31m 中午 [2;37;0m[37m12点32分[1;36m 星期一[2;37;0m
[1;37m侃侃(aaff)[2;37;0m转帐给[36m冰破银针(lxz)[1;32m5000[2;37;0m世纪货币。[37m2000年11月13日[1;31m 中午 [2;37;0m[37m12点33分[1;36m 星期一[2;37;0m
[1;37m了(eeeeee)[2;37;0m转帐给[36m逐日(light)[1;32m5000[2;37;0m世纪货币。[37m2000年11月13日[1;31m 中午 [2;37;0m[37m12点33分[1;36m 星期一[2;37;0m
[1;37m哦(fffff)[2;37;0m转帐给[36m逐日(light)[1;32m5000[2;37;0m世纪货币。[37m2000年11月13日[1;31m 中午 [2;37;0m[37m12点34分[1;36m 星期一[2;37;0m
[1;37m侃侃(aagg)[2;37;0m转帐给[36m冰破银针(lxz)[1;32m5000[2;37;0m世纪货币。[37m2000年11月13日[1;31m 中午 [2;37;0m[37m12点36分[1;36m 星期一[2;37;0m
[1;37m侃侃(aahh)[2;37;0m转帐给[36m冰破银针(lxz)[1;32m5000[2;37;0m世纪货币。[37m2000年11月13日[1;31m 中午 [2;37;0m[37m12点37分[1;36m 星期一[2;37;0m
[1;37m一(ggggg)[2;37;0m转帐给[36m逐日(light)[1;32m5000[2;37;0m世纪货币。[37m2000年11月13日[1;31m 中午 [2;37;0m[37m12点38分[1;36m 星期一[2;37;0m
[1;37m毫(hhhhhhh)[2;37;0m转帐给[36m逐日(light)[1;32m5000[2;37;0m世纪货币。[37m2000年11月13日[1;31m 中午 [2;37;0m[37m12点40分[1;36m 星期一[2;37;0m
[1;37m侃侃(aaii)[2;37;0m转帐给[36m冰破银针(lxz)[1;32m5000[2;37;0m世纪货币。[37m2000年11月13日[1;31m 中午 [2;37;0m[37m12点40分[1;36m 星期一[2;37;0m
[1;37m批(iiiiii)[2;37;0m转帐给[36m逐日(light)[1;32m5000[2;37;0m世纪货币。[37m2000年11月13日[1;31m 中午 [2;37;0m[37m12点41分[1;36m 星期一[2;37;0m
[1;37m侃侃(aajj)[2;37;0m转帐给[36m冰破银针(lxz)[1;32m5000[2;37;0m世纪货币。[37m2000年11月13日[1;31m 中午 [2;37;0m[37m12点41分[1;36m 星期一[2;37;0m
[1;37m看见(jjjjjjj)[2;37;0m转帐给[36m逐日(light)[1;32m5000[2;37;0m世纪货币。[37m2000年11月13日[1;31m 中午 [2;37;0m[37m12点42分[1;36m 星期一[2;37;0m
[1;37m侃侃(aakk)[2;37;0m转帐给[36m冰破银针(lxz)[1;32m5000[2;37;0m世纪货币。[37m2000年11月13日[1;31m 中午 [2;37;0m[37m12点43分[1;36m 星期一[2;37;0m
[1;37m几(dfdfdfdf)[2;37;0m转帐给[36m逐日(light)[1;32m5000[2;37;0m世纪货币。[37m2000年11月13日[1;31m 中午 [2;37;0m[37m12点44分[1;36m 星期一[2;37;0m
[1;37m侃侃(aaoo)[2;37;0m转帐给[36m冰破银针(lxz)[1;32m5000[2;37;0m世纪货币。[37m2000年11月13日[1;31m 中午 [2;37;0m[37m12点44分[1;36m 星期一[2;37;0m
[1;37m可靠可靠(mmmmmm)[2;37;0m转帐给[36m逐日(light)[1;32m5000[2;37;0m世纪货币。[37m2000年11月13日[1;31m 中午 [2;37;0m[37m12点45分[1;36m 星期一[2;37;0m
[1;37m奶奶(akakaka)[2;37;0m转帐给[36m逐日(light)[1;32m5000[2;37;0m世纪货币。[37m2000年11月13日[1;31m 中午 [2;37;0m[37m12点46分[1;36m 星期一[2;37;0m
[1;37m枯荣(wuguo)[2;37;0m转帐给[36m无极(wuji)[1;32m5000[2;37;0m世纪货币。[37m2000年11月18日[1;34m 晚上 [2;37;0m[37m11点35分[1;31m 星期六[2;37;0m
[1;37m枯荣(wuguo)[2;37;0m转帐给[36m无极(wuji)[1;32m4350[2;37;0m世纪货币。[37m2000年11月18日[1;34m 晚上 [2;37;0m[37m11点35分[1;31m 星期六[2;37;0m
[1;37m红玫瑰(redrose)[2;37;0m转帐给[36m无极(wuji)[1;32m1[2;37;0m世纪货币。[37m2000年11月18日[1;34m 晚上 [2;37;0m[37m11点37分[1;31m 星期六[2;37;0m
[1;37m红玫瑰(redrose)[2;37;0m转帐给[36m枯荣(wuguo)[1;32m1[2;37;0m世纪货币。[37m2000年11月18日[1;34m 晚上 [2;37;0m[37m11点39分[1;31m 星期六[2;37;0m
[1;37m红玫瑰(redrose)[2;37;0m转帐给[36m尘子(chenzi)[1;32m1[2;37;0m世纪货币。[37m2000年11月18日[1;34m 晚上 [2;37;0m[37m11点40分[1;31m 星期六[2;37;0m
[1;37m枯荣(wuguo)[2;37;0m转帐给[36m无极(wuji)[1;32m9501[2;37;0m世纪货币。[37m2000年11月18日[1;34m 晚上 [2;37;0m[37m11点52分[1;31m 星期六[2;37;0m
[1;37m枯荣(wuguo)[2;37;0m转帐给[36m无极(wuji)[1;32m9800[2;37;0m世纪货币。[37m2000年11月19日[1;31m 子夜 [2;37;0m[37m0点8分[1;31m 星期天[2;37;0m
[1;37m枯荣(wuguo)[2;37;0m转帐给[36m无极(wuji)[1;32m5000[2;37;0m世纪货币。[37m2000年11月19日[1;31m 子夜 [2;37;0m[37m0点11分[1;31m 星期天[2;37;0m
[1;37m无极(wuji)[2;37;0m转帐给[36m枯荣(wuguo)[1;32m37216[2;37;0m世纪货币。[37m2000年11月19日[1;31m 子夜 [2;37;0m[37m0点27分[1;31m 星期天[2;37;0m
[1;37m枯荣(wuguo)[2;37;0m转帐给[36m无极(wuji)[1;32m37000[2;37;0m世纪货币。[37m2000年11月19日[1;31m 子夜 [2;37;0m[37m0点39分[1;31m 星期天[2;37;0m
[1;37m无名(wuming)[2;37;0m转帐给[36m无极(wuji)[1;32m8885[2;37;0m世纪货币。[37m2000年11月19日[1;37m 深夜 [2;37;0m[37m1点40分[1;31m 星期天[2;37;0m
