99.03.14 13:47 B f:\mirror1\d\xiaoyao\bingqif.c --> www1.yn.cninfo.net /mudcctx/mudlib/d/xiaoyao bingqif.c
99.03.14 13:47 B f:\mirror1\d\xiaoyao\damen.c --> www1.yn.cninfo.net /mudcctx/mudlib/d/xiaoyao damen.c
99.03.14 13:47 B f:\mirror1\d\xiaoyao\fangjian1.c --> www1.yn.cninfo.net /mudcctx/mudlib/d/xiaoyao fangjian1.c
99.03.14 13:47 B f:\mirror1\d\xiaoyao\fangjian2.c --> www1.yn.cninfo.net /mudcctx/mudlib/d/xiaoyao fangjian2.c
99.03.14 13:47 B f:\mirror1\d\xiaoyao\fangjian3.c --> www1.yn.cninfo.net /mudcctx/mudlib/d/xiaoyao fangjian3.c
99.03.14 13:47 B f:\mirror1\d\xiaoyao\gudi.c --> www1.yn.cninfo.net /mudcctx/mudlib/d/xiaoyao gudi.c
99.03.14 13:47 B f:\mirror1\d\xiaoyao\hubian.c --> www1.yn.cninfo.net /mudcctx/mudlib/d/xiaoyao hubian.c
99.03.14 13:47 B f:\mirror1\d\xiaoyao\liangong.c --> www1.yn.cninfo.net /mudcctx/mudlib/d/xiaoyao liangong.c
99.03.14 13:47 B f:\mirror1\d\xiaoyao\midao1.c --> www1.yn.cninfo.net /mudcctx/mudlib/d/xiaoyao midao1.c
99.03.14 13:47 B f:\mirror1\d\xiaoyao\midao2.c --> www1.yn.cninfo.net /mudcctx/mudlib/d/xiaoyao midao2.c
99.03.14 13:47 B f:\mirror1\d\xiaoyao\midao3.c --> www1.yn.cninfo.net /mudcctx/mudlib/d/xiaoyao midao3.c
99.03.14 13:47 B f:\mirror1\d\xiaoyao\mubanlu.c --> www1.yn.cninfo.net /mudcctx/mudlib/d/xiaoyao mubanlu.c
99.03.14 13:47 B f:\mirror1\d\xiaoyao\muwu1.c --> www1.yn.cninfo.net /mudcctx/mudlib/d/xiaoyao muwu1.c
99.03.14 13:47 B f:\mirror1\d\xiaoyao\muwu2.c --> www1.yn.cninfo.net /mudcctx/mudlib/d/xiaoyao muwu2.c
99.03.14 13:47 B f:\mirror1\d\xiaoyao\muwu3.c --> www1.yn.cninfo.net /mudcctx/mudlib/d/xiaoyao muwu3.c
99.03.14 13:47 B f:\mirror1\d\xiaoyao\pubu.c --> www1.yn.cninfo.net /mudcctx/mudlib/d/xiaoyao pubu.c
99.03.14 13:47 B f:\mirror1\d\xiaoyao\qingcaop.c --> www1.yn.cninfo.net /mudcctx/mudlib/d/xiaoyao qingcaop.c
99.03.14 13:47 B f:\mirror1\d\xiaoyao\shantang.c --> www1.yn.cninfo.net /mudcctx/mudlib/d/xiaoyao shantang.c
99.03.14 13:47 B f:\mirror1\d\xiaoyao\shidong.c --> www1.yn.cninfo.net /mudcctx/mudlib/d/xiaoyao shidong.c
99.03.14 13:47 B f:\mirror1\d\xiaoyao\shiji1.c --> www1.yn.cninfo.net /mudcctx/mudlib/d/xiaoyao shiji1.c
99.03.14 13:47 B f:\mirror1\d\xiaoyao\shiji2.c --> www1.yn.cninfo.net /mudcctx/mudlib/d/xiaoyao shiji2.c
99.03.14 13:47 B f:\mirror1\d\xiaoyao\shiji3.c --> www1.yn.cninfo.net /mudcctx/mudlib/d/xiaoyao shiji3.c
99.03.14 13:47 B f:\mirror1\d\xiaoyao\shishi1.c --> www1.yn.cninfo.net /mudcctx/mudlib/d/xiaoyao shishi1.c
99.03.14 13:47 B f:\mirror1\d\xiaoyao\shishi2.c --> www1.yn.cninfo.net /mudcctx/mudlib/d/xiaoyao shishi2.c
99.03.14 13:47 B f:\mirror1\d\xiaoyao\shishi3.c --> www1.yn.cninfo.net /mudcctx/mudlib/d/xiaoyao shishi3.c
99.03.14 13:47 B f:\mirror1\d\xiaoyao\shishi4.c --> www1.yn.cninfo.net /mudcctx/mudlib/d/xiaoyao shishi4.c
99.03.14 13:47 B f:\mirror1\d\xiaoyao\shishi5.c --> www1.yn.cninfo.net /mudcctx/mudlib/d/xiaoyao shishi5.c
99.03.14 13:47 B f:\mirror1\d\xiaoyao\shulin1.c --> www1.yn.cninfo.net /mudcctx/mudlib/d/xiaoyao shulin1.c
99.03.14 13:47 B f:\mirror1\d\xiaoyao\shulin2.c --> www1.yn.cninfo.net /mudcctx/mudlib/d/xiaoyao shulin2.c
99.03.14 13:47 B f:\mirror1\d\xiaoyao\shulin3.c --> www1.yn.cninfo.net /mudcctx/mudlib/d/xiaoyao shulin3.c
99.03.14 13:47 B f:\mirror1\d\xiaoyao\tongmen.c --> www1.yn.cninfo.net /mudcctx/mudlib/d/xiaoyao tongmen.c
99.03.14 13:47 B f:\mirror1\d\xiaoyao\xiaodao1.c --> www1.yn.cninfo.net /mudcctx/mudlib/d/xiaoyao xiaodao1.c
99.03.14 13:47 B f:\mirror1\d\xiaoyao\xiaodao2.c --> www1.yn.cninfo.net /mudcctx/mudlib/d/xiaoyao xiaodao2.c
99.03.14 13:47 B f:\mirror1\d\xiaoyao\xiaodao3.c --> www1.yn.cninfo.net /mudcctx/mudlib/d/xiaoyao xiaodao3.c
99.03.14 13:47 B f:\mirror1\d\xiaoyao\xiaodao4.c --> www1.yn.cninfo.net /mudcctx/mudlib/d/xiaoyao xiaodao4.c
99.03.14 13:47 B f:\mirror1\d\xiaoyao\xiaodao5.c --> www1.yn.cninfo.net /mudcctx/mudlib/d/xiaoyao xiaodao5.c
99.03.14 13:47 B f:\mirror1\d\xiaoyao\xiuxis.c --> www1.yn.cninfo.net /mudcctx/mudlib/d/xiaoyao xiuxis.c
99.03.14 13:47 B f:\mirror1\d\xiaoyao\yandong.c --> www1.yn.cninfo.net /mudcctx/mudlib/d/xiaoyao yandong.c
99.03.14 13:48 B f:\mirror1\d\xiaoyao\yanfeng.c --> www1.yn.cninfo.net /mudcctx/mudlib/d/xiaoyao yanfeng.c
