----------------------------------------------------------------------------
书剑2008 (MudOS v22pre11) starting up on Microsoft Windows NT - Wed May 19 13:57:24 2010


Connected to address server on localhost port 3990

Loading preloaded files ...
Error in error handler: *Object cannot be loaded during compilation.
program: /adm/single/master.c, object: /adm/single/master, file: /adm/single/master.c:236
'        preload' in ' adm/single/master.c' ('   adm/single/master') /adm/single/master.c:108
arguments were ("/adm/daemons/baoshid")
locals were: 1274248644,0
'          CATCH' in ' adm/single/master.c' ('   adm/single/master') /adm/single/master.c:108
'      log_error' in ' adm/single/master.c' ('   adm/single/master') /adm/single/master.c:131
arguments were ("feature/treemap.c","feature/treemap.c line 1: Warning: Unknown #pragma, ignored.
")
locals were: 0,"/log/"
'  error_handler' in ' adm/single/master.c' ('   adm/single/master') /adm/single/master.c:252
arguments were (([ /* sizeof() == 6 */
  "file" : "adm/single/master.c",
  "error" : "*Object cannot be loaded during compilation.
",
  "program" : "adm/single/master.c",
  "line" : 131,
  "object" : adm/single/master ("0(0)"),
  "trace" : ({ /* sizeof() == 3 */
      ([ /* sizeof() == 7 */
        "locals" : ({ /* sizeof() == 2 */
            1274248644,
            0
          }),
        "file" : "adm/single/master.c",
        "program" : "adm/single/master.c",
        "function" : "preload",
        "arguments" : ({ /* sizeof() == 1 */
            "/adm/daemons/baoshid"
          }),
        "line" : 108,
        "object" : adm/single/master ("0(0)"),
      ]),
      ([ /* sizeof() == 5 */
        "file" : "adm/single/master.c",
        "program" : "adm/single/master.c",
        "function" : "CATCH",
        "line" : 108,
        "object" : adm/single/master ("0(0)"),
      ]),
      ([ /* sizeof() == 7 */
        "locals" : ({ /* sizeof() == 2 */
            0,
            "/log/"
          }),
        "file" : "adm/single/master.c",
        "program" : "adm/single/master.c",
        "function" : "log_error",
        "arguments" : ({ /* sizeof() == 2 */
            "feature/treemap.c",
            "feature/treemap.c line 1: Warning: Unknown #pragma, ignored.
"
          }),
        "line" : 131,
        "object" : adm/single/master ("0(0)"),
      ])
    }),
]),0)
' standard_trace' in ' adm/single/master.c' ('   adm/single/master') /adm/single/master.c:236
arguments were (([ /* sizeof() == 6 */
  "file" : "adm/single/master.c",
  "error" : "*Object cannot be loaded during compilation.
",
  "program" : "adm/single/master.c",
  "line" : 131,
  "object" : adm/single/master ("0(0)"),
  "trace" : ({ /* sizeof() == 3 */
      ([ /* sizeof() == 7 */
        "locals" : ({ /* sizeof() == 2 */
            1274248644,
            0
          }),
        "file" : "adm/single/master.c",
        "program" : "adm/single/master.c",
        "function" : "preload",
        "arguments" : ({ /* sizeof() == 1 */
            "/adm/daemons/baoshid"
          }),
        "line" : 108,
        "object" : adm/single/master ("0(0)"),
      ]),
      ([ /* sizeof() == 5 */
        "file" : "adm/single/master.c",
        "program" : "adm/single/master.c",
        "function" : "CATCH",
        "line" : 108,
        "object" : adm/single/master ("0(0)"),
      ]),
      ([ /* sizeof() == 7 */
        "locals" : ({ /* sizeof() == 2 */
            0,
            "/log/"
          }),
        "file" : "adm/single/master.c",
        "program" : "adm/single/master.c",
        "function" : "log_error",
        "arguments" : ({ /* sizeof() == 2 */
            "feature/treemap.c",
            "feature/treemap.c line 1: Warning: Unknown #pragma, ignored.
"
          }),
        "line" : 131,
        "object" : adm/single/master ("0(0)"),
      ])
    }),
]),0)
locals were: 3,3,"错误
执行时段错误：*Object cannot be loaded during compilation.

程式：adm/single/master.c 第 131 行
物件: adm/single/master ("0(0)")
对象：0
呼叫来自：adm/single/master.c 的 preload() 第 108 行，物件： adm/single/master ("0(0)")
呼叫来自：adm/single/master.c 的 CATCH() 第 108 行，物件： adm/single/master ("0(0)")
呼叫来自：adm/single/master.c 的 log_error() 第 131 行，物件： adm/single/master ("0(0)")
"
feature/treemap.c line 1: Warning: Unknown #pragma, ignored.
Initializations complete.

Accepting connections on port 5555.
Accepting connections on port 2000.
Accepting connections on port 2002.
Accepting connections on port 2003.
Accepting connections on port 2004.
