2003.06.15 10:27 B F:\user\b\bai.o <-- www.vmud.com /lonely/mudlib/data/user/b bai.o
2003.06.15 10:27 B F:\user\b\baichi.o <-- www.vmud.com /lonely/mudlib/data/user/b baichi.o
2003.06.15 10:27 B F:\user\b\baiyi.o <-- www.vmud.com /lonely/mudlib/data/user/b baiyi.o
2003.06.15 10:27 B F:\user\b\baiyiren.o <-- www.vmud.com /lonely/mudlib/data/user/b baiyiren.o
2003.06.15 10:27 B F:\user\b\bamboo.o <-- www.vmud.com /lonely/mudlib/data/user/b bamboo.o
2003.06.15 10:27 B F:\user\b\banken.o <-- www.vmud.com /lonely/mudlib/data/user/b banken.o
2003.06.15 10:27 B F:\user\b\baobao.o <-- www.vmud.com /lonely/mudlib/data/user/b baobao.o
2003.06.15 10:27 B F:\user\b\baozou.o <-- www.vmud.com /lonely/mudlib/data/user/b baozou.o
2003.06.15 10:27 B F:\user\b\bashen.o <-- www.vmud.com /lonely/mudlib/data/user/b bashen.o
2003.06.15 10:27 B F:\user\b\bbcat.o <-- www.vmud.com /lonely/mudlib/data/user/b bbcat.o
2003.06.15 10:27 B F:\user\b\bbp.o <-- www.vmud.com /lonely/mudlib/data/user/b bbp.o
2003.06.15 10:27 B F:\user\b\bbq.o <-- www.vmud.com /lonely/mudlib/data/user/b bbq.o
2003.06.15 10:27 B F:\user\b\bbx.o <-- www.vmud.com /lonely/mudlib/data/user/b bbx.o
2003.06.15 10:27 B F:\user\b\bcat.o <-- www.vmud.com /lonely/mudlib/data/user/b bcat.o
2003.06.15 10:27 B F:\user\b\bdzhang.o <-- www.vmud.com /lonely/mudlib/data/user/b bdzhang.o
2003.06.15 10:27 B F:\user\b\beauty.o <-- www.vmud.com /lonely/mudlib/data/user/b beauty.o
2003.06.15 10:27 B F:\user\b\beger.o <-- www.vmud.com /lonely/mudlib/data/user/b beger.o
2003.06.15 10:27 B F:\user\b\belinda.o <-- www.vmud.com /lonely/mudlib/data/user/b belinda.o
2003.06.15 10:27 B F:\user\b\bellinwind.o <-- www.vmud.com /lonely/mudlib/data/user/b bellinwind.o
2003.06.15 10:27 B F:\user\b\ben.o <-- www.vmud.com /lonely/mudlib/data/user/b ben.o
2003.06.15 10:27 B F:\user\b\berserk.o <-- www.vmud.com /lonely/mudlib/data/user/b berserk.o
2003.06.15 10:27 B F:\user\b\best.o <-- www.vmud.com /lonely/mudlib/data/user/b best.o
2003.06.15 10:27 B F:\user\b\beta.o <-- www.vmud.com /lonely/mudlib/data/user/b beta.o
2003.06.15 10:27 B F:\user\b\big.o <-- www.vmud.com /lonely/mudlib/data/user/b big.o
2003.06.15 10:27 B F:\user\b\bigk.o <-- www.vmud.com /lonely/mudlib/data/user/b bigk.o
2003.06.15 10:28 B F:\user\b\bigtun.o <-- www.vmud.com /lonely/mudlib/data/user/b bigtun.o
2003.06.15 10:28 B F:\user\b\bihai.o <-- www.vmud.com /lonely/mudlib/data/user/b bihai.o
2003.06.15 10:28 B F:\user\b\bilang.o <-- www.vmud.com /lonely/mudlib/data/user/b bilang.o
2003.06.15 10:28 B F:\user\b\bileng.o <-- www.vmud.com /lonely/mudlib/data/user/b bileng.o
2003.06.15 10:28 B F:\user\b\bjbj.o <-- www.vmud.com /lonely/mudlib/data/user/b bjbj.o
2003.06.15 10:28 B F:\user\b\black.o <-- www.vmud.com /lonely/mudlib/data/user/b black.o
2003.06.15 10:28 B F:\user\b\blackwood.o <-- www.vmud.com /lonely/mudlib/data/user/b blackwood.o
2003.06.15 10:28 B F:\user\b\blader.o <-- www.vmud.com /lonely/mudlib/data/user/b blader.o
2003.06.15 10:28 B F:\user\b\blushe.o <-- www.vmud.com /lonely/mudlib/data/user/b blushe.o
2003.06.15 10:28 B F:\user\b\bmguifcxz.o <-- www.vmud.com /lonely/mudlib/data/user/b bmguifcxz.o
2003.06.15 10:28 B F:\user\b\bmyh.o <-- www.vmud.com /lonely/mudlib/data/user/b bmyh.o
2003.06.15 10:28 B F:\user\b\bnz.o <-- www.vmud.com /lonely/mudlib/data/user/b bnz.o
2003.06.15 10:28 B F:\user\b\bobou.o <-- www.vmud.com /lonely/mudlib/data/user/b bobou.o
2003.06.15 10:28 B F:\user\b\bobyshen.o <-- www.vmud.com /lonely/mudlib/data/user/b bobyshen.o
2003.06.15 10:28 B F:\user\b\boli.o <-- www.vmud.com /lonely/mudlib/data/user/b boli.o
2003.06.15 10:28 B F:\user\b\bond.o <-- www.vmud.com /lonely/mudlib/data/user/b bond.o
2003.06.15 10:28 B F:\user\b\boo.o <-- www.vmud.com /lonely/mudlib/data/user/b boo.o
2003.06.15 10:28 B F:\user\b\bored.o <-- www.vmud.com /lonely/mudlib/data/user/b bored.o
2003.06.15 10:28 B F:\user\b\boy.o <-- www.vmud.com /lonely/mudlib/data/user/b boy.o
2003.06.15 10:28 B F:\user\b\breaker.o <-- www.vmud.com /lonely/mudlib/data/user/b breaker.o
2003.06.15 10:28 B F:\user\b\brian.o <-- www.vmud.com /lonely/mudlib/data/user/b brian.o
2003.06.15 10:28 B F:\user\b\bruce.o <-- www.vmud.com /lonely/mudlib/data/user/b bruce.o
2003.06.15 10:28 B F:\user\b\buffer.o <-- www.vmud.com /lonely/mudlib/data/user/b buffer.o
2003.06.15 10:28 B F:\user\b\bug.o <-- www.vmud.com /lonely/mudlib/data/user/b bug.o
2003.06.15 10:28 B F:\user\b\bwit.o <-- www.vmud.com /lonely/mudlib/data/user/b bwit.o
2003.06.15 10:28 B F:\user\b\bywind.o <-- www.vmud.com /lonely/mudlib/data/user/b bywind.o
2003.06.15 10:28 B F:\user\b\byy.o <-- www.vmud.com /lonely/mudlib/data/user/b byy.o
