
                                    彝伦堂二楼
                                      /
                                   彝伦堂
                                      |
                                    甬道
                                      |
                                    石桥
                                      |
                        走廊-走廊-辟雍殿北门-走廊--走廊
                         |            |            |
   广业堂              走廊           |           走廊               诚心堂
     |                   |            |            |                   |
   修道堂-甬道-石桥-辟雍殿西门-----辟雍殿内-----辟雍殿东门-石桥-甬道-率性堂
     |                   |            |            |                   |
   正义堂               走廊          |           走廊               崇志堂
                         |            |            |
                        走廊--走廊--辟雍殿--走廊--走廊
                                      |
                                     石桥
                                      |
                                   琉璃牌坊
                                      |
                                     甬道
                                      |
                                    太学门
                                      |
                             西井亭--甬道--东井亭
                                      |
                                      |
                                   国子监

