------------------------------------------------------------------------------
    《天下》地图（北京）
                                    安定门
                                      │
    西直门─道  观─积水潭─考  场─安定街─车马店─玉器店─古玩店─东直门
      │      │      │      │      │      │      │      │      │
    驿  站─寺  院─西  厂─翰林院─安定街─工部府─东  厂─洋器铺─珠宝店
      │      │      │      │      │      │      │      │      │
    阜成门─康亲王─礼部府─北  海─景  山─王府井─刑部府─大臣府─朝阳门
      │      │      │      │      │      │      │      │      │
    御林营─鳌拜府─吏部府─中南海─紫禁城─王府井─户部府─将军府─东校场
西    │      │      │      │      │      │      │      │      │    东
大──────北京西大街──────大广场──────北京东大街──────大
门    │      │      │      │      │      │      │      │      │    门
    妓  院─鹿鼎公─宣武门─兵部府─大前门─顺天府─崇文门─打铁铺─裁缝店
      │      │      │      │      │      │      │      │      │
    广安门─赌  场─菜市口─酒  楼─永定街─客  栈─药  铺─工作室─广渠门
      │      │      │      │      │      │      │      │      │
    富豪院─烤鸭店─肉市场─钱  庄─永定街─天  坛─杂货铺─茶  馆─穷人家
      │      │      │      │      │      │      │      │      │
    大观园─古  庙─陶然亭─当  铺─永定街─天  坛─城隍庙─包子铺─龙潭湖
              │                      │                      │
            左安门                  永定门                  右安门
------------------------------------------------------------------------------
By Micro Liang (97-12-25)