------------------------------------------------------------------------------
        《天下》地图（大理）
                                    北城门
                                      │
            兵器铺─打铁铺─集  市─北大街─车马店─花  店─瓷器铺
              │      │              │              │      │
    当  铺─钱  庄─镖  局┏━━━━大  门━━━━┓澡  堂─古玩店─玉器店
      │              ┏━┛          │          ┗━┓      │      │
    考  场            ┃    陶然亭─小  路─假  山    ┃    戏  楼─茶  馆
      │              ┃      │      │      │      ┃      │      │
    书  院  国师府    ┃    将军府─庭  院─将军府    ┃    客  栈─集  市
西    │      │      大      │      │      │      大      │      │    东
城──┼西大街┼───  ──庭  院─段  府─庭  院──  ───┼东大街┼──城
门    │      │      门      │      │      │      门      │      │    门
    书  店─集  市    ┃    将军府─庭  院─将军府    ┃    棺材店─超渡场
      │      │      ┃      │      │      │      ┃      │      │
    珠宝店─肉菜场    ┃    小西湖─小  路─小花园    ┃    木器铺─祭  坛
      │      │      ┗━┓          │          ┏━┛      │      │
    胭脂店─杂货铺─公  园┗━━━━大  门━━━━┛驿  站─城隍庙─寺  院
              │      │              │              │      │
            裁缝店─布  庄─时珍堂─南大街─集  市─竹器铺─道  观
                                      │
                                    南城门
------------------------------------------------------------------------------
by Carlis (98-08-25)
