------------------------------------------------------------------------------
    侠客英雄传地图（光明顶）

        ※光明顶※               ※九曲潭※               注：
            │                     ／
          憩仙亭               翠映鹊桥                   西  北：主 干 图
              ＼                  │
              凌云亭            落雁潭                    光明顶：明    教
                │                  ＼
              望云亭                  翠衣亭—玉女潭
                  ＼                            │
                  天桥                        凝冷寺
                  ／                              ＼
            双泉水帘洞                            嶂  叠
              ／                                      ＼
          奇藤观                                      飞泉坊
          ／                                              ＼
    ※九曲潭※                                            光明寺
                                                            │
                                             ※西  北※—明教山脚
------------------------------------------------------------------------------
By Micro Liang (97-07-01)          
