------------------------------------------------------------------------------
    《天下》地图（泉州）
                                     北城门
                               宋陀罗  │
               仁寿塔─招贤院─经  幢─│─杂货铺─茶  馆─镜仙书院
                 │      │      │    刺    │      │      │
               镇国塔─来远驿─城隍庙─桐─集  市─崇福寺─花  圃
                 │      │      │    街    │      │      │
               大教堂─开元寺─泉州府─│─客  栈─二郎庙─东禅少林
           西    │      │      │    │    │      │      │    东
           城────泉州西大街── 百源川池 ──泉州东大街────城
           门    │      │      │    │    │      │      │    门
               唐  园─当  铺─钱  庄─│—承天寺─富豪院─洪氏宗祠
                 │      │      │    刺    │      │      │
               礼让巷─穷人家─工作室─桐─清净寺─丝绸店─来利布庄
                 │      │      │    街    │      │      │
           ※林  宅※─柿树兜─破腹沟─│─李贽居─天后宫─碗  窑
                                       │
                                       南─城门外─温陵街─海味楼
         （林  宅）                    城            │      │
                   侧  厅              门  造船厂─温陵街─浔  埔
                     │                                      │
           佛  堂─大  厅─※大  院※                      晋  江
                     │        │                            │
                   侧  厅    护  院                        浔关村
------------------------------------------------------------------------------
By Micro Liang, Free (97-12-25)
