------------------------------------------------------------------------------
    侠客英雄传地图（神龙岛）

                      花  园—青草坪—青竹林—青石路—后  院
                        │                              │
              花  园—仙福居—花  园                  神龙殿
                        │                              │
                      花  园                  左偏殿—广  场—右偏殿
                                                        │
                                                      黄龙堂
                                                        │
                      树  林                  赤龙堂—长  廊—青龙堂
                        │                              │
  ※海  滩※—蛇  林—蛇  林—竹  屋          黑龙堂—长  廊—白龙堂
                        │                              │
                      树  林          竹  屋          大  门
                        │              │              │
              竹  屋—山  溪—幽  径—青草坪—山  路—山  路—竹  屋
                                        │
                                      竹  屋
------------------------------------------------------------------------------
By Micro Liang (97-07-01)
