------------------------------------------------------------------------------
    侠客英雄传地图（嵩山－少林寺）
                                                     竹林（迷宫）
           │       │       │                          │
        般若四堂—练武场—罗汉四堂             藏经楼—千佛殿—武器库
           │       │       │                          │
        般若三堂—练武场—罗汉三堂             地藏殿—广  场—白衣殿
           │       │       │                          │
        般若二堂—练武场—罗汉二堂             普贤殿—立雪亭—文殊殿
           │       │       │                          │       
        般若一堂—练武场—罗汉一堂             厢  房  方丈室  饭  厅
                    │                           │      │      │
         六祖殿—大雄宝殿—那罗殿      厢  房—客  堂—广  场—客  堂—厨  房
           │       │       │                  │      │      │
  鼓  楼—小  院—广  场—小  院—钟  楼       厢  房  法  堂  厢  房
                    │                                   │      
                  天门殿                     般若九堂—练武场—罗汉九堂
                    │                          │       │       │
          捶谱堂—广  场—碑  廊             般若八堂—练武场—罗汉八堂
                    │                          │       │       │
                  山  门                     般若七堂—练武场—罗汉七堂
                    │                          │       │       │
          松  林—广  场—松  林             般若六堂—练武场—罗汉六堂
                    │                          │       │       │
                ※少林寺※                   般若五堂—练武场—罗汉五堂
------------------------------------------------------------------------------
By Micro Liang (97-07-01)          