------------------------------------------------------------------------------
    侠客英雄传地图（泰山）
                            北天门
                              │
                            丈人峰—※玉皇顶※        探海石－东天门
                                        │          ／
                西天门        南天门  岱  顶  ※日观峰※
                  │          │    ＼  │        │
                月观峰——泰山十八盘  碧霞坊——仙人桥
                                ＼
                                升仙坊
                                    ＼
                                    对松亭
                                        ＼
                                        五松亭
                                            ＼
                                            中天门
                                              │
    注：                                    壶天阁
                                                ＼
    侠客城东：主 干 图                          柏  洞  摩天岭
                                                    ＼  ／
    王 皇 顶：神仙山庄                              斗母宫
                                                    ／  ＼
    日 观 峰：泰山剑派                          凌汉峰  万仙楼
                                                ／          ＼
                                            三阳观          红门宫
                                                                ＼
                                                                岱宗坊
                                                                    ＼
                                                                  泰山山脚
                                                                    ／
                                                              ※侠客城东※
------------------------------------------------------------------------------
By Micro Liang (97-07-01)