------------------------------------------------------------------------------
    侠客英雄传地图（峨眉山—天师山谷）

                                水之山—火之山
                                ／          ＼         
                            木之山          土之山
                                  ＼      ／
                                    金之山
                                      │                  
                           阴之水—天地乾坤—阳之水
                                      │                  
                            长生院—养生殿—益寿堂
                                      │                  
                            藏书阁—智慧海—得月楼
                                      │                  
                          四大部洲—讲经殿—须弥灵境
                                      │                  
                                    广  场
                                      │                  
                        小桥流水—紫气东来坊—迎客青松
                                      │                  
                                桃花林（迷宫）
                                      │
                                  ※仙人洞※
------------------------------------------------------------------------------
By Micro Liang (97-08-01)