------------------------------------------------------------------------------
    侠客英雄传地图（星宿海）
                                  ※星宿海※
                                    ／
                                百丈涧
                                ／
                            藏龙山
                            ／
                        一线天
                        ／
                    卧虎岭
                    ／                        （  取消！！！  ）
                百步梯
                ／
            双星海
            ／  ＼
       水帘洞天 双眼泉
        ／          ＼      天
    单星海          三星海—鹅—四星海                      七星海—※河流※
                            潭      ＼                      ／
                                    飞水潭      双      天  湖
                                        ＼      虹      ／
                                        五星海—飞—六星海
                                                堑
                                
------------------------------------------------------------------------------
By Micro Liang (97-07-01)