------------------------------------------------------------------------------
    侠客英雄传地图（侠客城─英雄山庄）

                                   ※英雄山庄※
                                        │
                西  峪 ─松云峡─── 庄  门 ─ 狮子沟 ─武烈河
                  │         ＼         │
               四面云山    南山积雪   万树园
                  │          │        │
                榛子峪      文津阁   莺啭乔木─甫田丛樾─小桥流水
                  │          │   ／                       │
               古栎歌碑    水流云在   烟雨楼             湖边胜境
                   ＼         │   ＼   │                  │
                 锤峰落照─芳渚临流   如意洲 ─ 清晖亭 ─ 澄  湖
                              │                  │        │
                            芳园居──如意湖 ─ 观莲所   小桥流水
                              │        │   ＼   │        │
                           湖边小道   如意湖    上  湖 ─月色江声─镜  湖
                              │   ／        ＼   │             ／
                           万壑松风             下  湖 ─ 银  湖
------------------------------------------------------------------------------
By Micro Liang (97-07-01)