------------------------------------------------------------------------------
    《天下》地图（扬州）
                                 北城门
                                   │
           瘦西湖─桃花坞─天宁寺─扬─穷人家─小树林─青竹林
             │      │      │    州    │      │      │
       ※丽春院※─西  园─史公祠─北─个  园─芳  圃─※大明寺※
             │      │      │    大    │      │      │
           石塔寺─文昌阁─扬州府─街─当  铺─工作室─芍  园      大运河
       西    │      │      │    │    │      │      │    东    │
       城────扬州西大街───广  场───扬州东大街────城─扬州港
       门    │      │      │    │    │      │      │    门    │
           异娼庙─车马店─客  栈─扬—钱  庄─集  市─盐  庄      大运河
             │      │      │    州    │      │      │
           秋雨庵─仙鹤寺─菜根香─南─富春茶─杂货铺─报恩寺
             │      │      │    大    │      │      │
           荷花池─诗  舍─书  屋─街─裁缝店─何  园─富豪院
                                   │
                                 南城门

    听箫园─水 竹 居─静照轩  （丽 春 院）    （大明寺）  平 山 堂
      │       │       │                                   │
    秋声馆─临水红霞─紫霞居                  ※大  院※─大雄宝殿─后大殿
      │       │       │                                   │
    宁秋阁─※大厅※─倚虹园                              金 刚 殿
------------------------------------------------------------------------------
By Micro Liang, Free (97-07-01)
