== copying libs/qhxajh/raw/xo/lib -> libs/qhxajh/work
== encoding: GB18030 -> UTF-8 for every text file
  LOSSY conversion (invalid bytes dropped): libs/qhxajh/work/system/std/char/special_quest.c
  LOSSY conversion (invalid bytes dropped): libs/qhxajh/work/system/std/char/task.c
  LOSSY conversion (invalid bytes dropped): libs/qhxajh/work/system/std/char/master.c
  LOSSY conversion (invalid bytes dropped): libs/qhxajh/work/system/std/room/shop.c
  LOSSY conversion (invalid bytes dropped): libs/qhxajh/work/system/daemon/combatd.c
  LOSSY conversion (invalid bytes dropped): libs/qhxajh/work/system/etc/ftpd_welcome
  LOSSY conversion (invalid bytes dropped): libs/qhxajh/work/system/skill/basic/kongshou.c
  progress 200/516
  LOSSY conversion (invalid bytes dropped): libs/qhxajh/work/clone/misc/void.c
  progress 400/516
  encoding: already_utf8=133 converted=369 lossy=8 skipped_binary=6
== renaming .c -> .lpc
  now 413 .lpc files
== fixing literal .c" references (.lpc + .h)
  fixed 96 refs, 0 remain (inspect manually -- see AGENTS.md §2)
== fixing #include <....c> references (angle-bracket form)
  fixed 0 refs, 0 remain
== converting local #include <x.lpc> to "x.lpc" (angle brackets only search
   the configured include path, never the including file's own directory --
   see AGENTS.md §8d; safe/additive since quotes ALSO fall back to the
   include path, so this never breaks a genuinely-global include)
  converted 7 local angle-bracket includes to quotes
== static -> nosave (.lpc + .h)
  files touched: 32
== done. Next: review AGENTS.md §2/§3 leftovers, check master.lpc for the §4
   load_object-during-compile recursion pattern, then boot.
