
<---Mudos v22pre11 for WIN95/NT (by wwj,May 18 1998) Config: 天下无敌 startup at Thu Jan 23 14:46:03 2003

using config file: config.fy3
----------------------------------------------------------------------------
天下无敌 (MudOS v22pre11) starting up on Microsoft Windows 95 - Thu Jan 23 14:46:03 2003


System Error: init_addr_server: connect:unknow error 10061
]simul_efun loaded successfully.

Loading preloaded files ...
错误讯息被拦截: 
执行时段错误：*Error in loading object '/adm/daemons/cron'

程式：adm/daemons/questd.c 第 22 行
物件: /adm/daemons/questd
呼叫来自：adm/obj/master.c 的 preload() 第 97 行，物件： adm/obj/master
呼叫来自：adm/obj/master.c 的 CATCH() 第 97 行，物件： adm/obj/master
呼叫来自：adm/daemons/questd.c 的 create() 第 22 行，物件： adm/daemons/questd
错误讯息被拦截: 
执行时段错误：*Error in loading object '/adm/daemons/cron'

程式：adm/obj/master.c 第 97 行
物件: /adm/obj/master
呼叫来自：adm/obj/master.c 的 preload() 第 97 行，物件： adm/obj/master
呼叫来自：adm/obj/master.c 的 CATCH() 第 97 行，物件： adm/obj/master
Initializations complete.

Accepting connections on port 3333.

执行时段错误：*Bad argument 2 to <=
Expected: int or float Got: ([ /* sizeof() == 1 */
  0 : 1022066102,
]).

程式：cmds/usr/news.c 第 160 行
物件: /cmds/usr/news
呼叫来自：feature/action.c 的 eval_function() 第 81 行，物件： obj/user#4 ("长孙无情")
呼叫来自：<function> 的 <function>() 第 0 行，物件： cmds/usr/news ("郑州风云新闻")
呼叫来自：cmds/usr/news.c 的 auto_notice() 第 160 行，物件： cmds/usr/news ("郑州风云新闻")
closed external ports
Initializing internal tables....

<---Mudos v22pre11 for WIN95/NT (by wwj,May 18 1998) Config: 天下无敌 shutdown at Thu Jan 23 14:49:16 2003




<---Mudos v22pre11 for WIN95/NT (by wwj,May 18 1998) Config: 天下无敌 startup at Thu Jan 23 14:49:17 2003

using config file: config.fy3
----------------------------------------------------------------------------
天下无敌 (MudOS v22pre11) starting up on Microsoft Windows 95 - Thu Jan 23 14:49:17 2003


System Error: init_addr_server: connect:unknow error 10061
]simul_efun loaded successfully.

Loading preloaded files ...
错误讯息被拦截: 
执行时段错误：*Error in loading object '/adm/daemons/cron'

程式：adm/daemons/questd.c 第 22 行
物件: /adm/daemons/questd
呼叫来自：adm/obj/master.c 的 preload() 第 97 行，物件： adm/obj/master
呼叫来自：adm/obj/master.c 的 CATCH() 第 97 行，物件： adm/obj/master
呼叫来自：adm/daemons/questd.c 的 create() 第 22 行，物件： adm/daemons/questd
错误讯息被拦截: 
执行时段错误：*Error in loading object '/adm/daemons/cron'

程式：adm/obj/master.c 第 97 行
物件: /adm/obj/master
呼叫来自：adm/obj/master.c 的 preload() 第 97 行，物件： adm/obj/master
呼叫来自：adm/obj/master.c 的 CATCH() 第 97 行，物件： adm/obj/master
Initializations complete.

Accepting connections on port 3333.

执行时段错误：*Bad argument 2 to <=
Expected: int or float Got: ([ /* sizeof() == 1 */
  0 : 1022066102,
]).

程式：cmds/usr/news.c 第 160 行
物件: /cmds/usr/news
呼叫来自：feature/action.c 的 eval_function() 第 81 行，物件： obj/user#20 ("长孙无情")
呼叫来自：<function> 的 <function>() 第 0 行，物件： cmds/usr/news ("郑州风云新闻")
呼叫来自：cmds/usr/news.c 的 auto_notice() 第 160 行，物件： cmds/usr/news ("郑州风云新闻")
Initializing internal tables....
