u/mudring/combatd.c line 12: Cannot #include s_killmsg.h
u/mudring/combatd.c line 869: Undefined variable 's_killmsg'
u/mudring/message.c line 220: Invalid simulated efunction override
u/mudring/message.c line 258: Invalid simulated efunction override
u/mudring/message.c line 280: Invalid simulated efunction override
/u/mudring/fparty.lpc:72:1: warning: Unused local variable 'obs'
   72 | }
      | ^
/u/mudring/fparty.lpc:276:1: warning: Unused local variable 'id'
  276 | }
      | ^
/u/mudring/fparty.lpc:276:1: warning: Unused local variable 'user'
  276 | }
      | ^
/u/mudring/fparty.lpc:276:1: warning: Unused local variable 'msg'
  276 | }
      | ^
/u/mudring/fparty.lpc:276:1: warning: Unused local variable 'n'
  276 | }
      | ^
/u/mudring/securityd.lpc:90:1: warning: Unused local variable 'i'
   90 | }
      | ^
/u/mudring/securityd.lpc:117:1: warning: Unused local variable 'item'
  117 | }
      | ^
/u/mudring/securityd.lpc:117:1: warning: Unused local variable 'val'
  117 | }
      | ^
/u/mudring/securityd.lpc:117:1: warning: Unused local variable 'sum'
  117 | }
      | ^
/u/mudring/securityd.lpc:117:1: warning: Unused local variable 'sec'
  117 | }
      | ^
/u/mudring/securityd.lpc:473:1: warning: Unused local variable 'arrl'
  473 | }
      | ^
/u/mudring/securityd.lpc:644:1: warning: Unused local variable 'arrl'
  644 | }
      | ^
/u/mudring/securityd.lpc:728:1: warning: Unused local variable 'ip'
  728 | }
      | ^
/u/mudring/bboard.lpc:104:1: warning: Unused local variable 'myid'
  104 | }
      | ^
/u/mudring/bboard.lpc:198:1: warning: Unused local variable 't'
  198 | }
      | ^
/u/mudring/changed.lpc:111:1: warning: Unused local variable 'jygob'
  111 | }
      | ^
/u/mudring/changed.lpc:289:1: warning: Unused local variable 'id'
  289 | }
      | ^
/u/mudring/user.lpc:57:17: warning: Number of arguments to 'save' disagrees with previous definition.
   57 | int save(int raw) {
      |                 ^
/u/mudring/damage.lpc:32:1: warning: Unused local variable 'link_ob'
   32 | }
      | ^
/u/mudring/damage.lpc:129:1: warning: Unused local variable 'level'
  129 | }
      | ^
/u/mudring/damage.lpc:489:1: warning: Unused local variable 'i'
  489 | }
      | ^
/u/mudring/combatd_old.lpc:12: error: Cannot #include s_killmsg.h
/u/mudring/combatd_old.lpc:798:32: error: Undefined variable 's_killmsg'
  798 |       if (!undefinedp(s_killmsg[killmsg]))
      |                                ^
/u/mudring/combatd_new.lpc:14: error: Cannot #include s_killmsg.h
/u/mudring/combatd_new.lpc:907:32: error: Undefined variable 's_killmsg'
  907 |       if (!undefinedp(s_killmsg[killmsg]))
      |                                ^
/u/mudring/message.lpc:199:11: error: Invalid simulated efunction override
  199 |     efun::write(str);
      |           ^
/u/mudring/message.lpc:199:21: warning: Expression has no side effects, and the value is unused
  199 |     efun::write(str);
      |                     ^
/u/mudring/message.lpc:234:9: error: Invalid simulated efunction override
  234 |   efun::message(arg, message, target, exclude);
      |         ^
/u/mudring/message.lpc:234:47: warning: Expression has no side effects, and the value is unused
  234 |   efun::message(arg, message, target, exclude);
      |                                               ^
/u/mudring/message.lpc:252:18: error: Invalid simulated efunction override
  252 |     return efun::notify_fail(ESC "[256D" ESC "[K" + msg);
      |                  ^
/u/mudring/test.lpc:109:1: warning: Unused local variable 'ob'
  109 | }
      | ^
/u/mudring/ccbadk.lpc:14: error: Cannot #include s_killmsg.h
/u/mudring/ccbadk.lpc:908:32: error: Undefined variable 's_killmsg'
  908 |       if (!undefinedp(s_killmsg[killmsg]))
      |                                ^
/u/mudring/combatd.lpc:12: error: Cannot #include s_killmsg.h
/u/mudring/combatd.lpc:880:32: error: Undefined variable 's_killmsg'
  880 |       if (!undefinedp(s_killmsg[killmsg]))
      |                                ^
