1422762432 147 0
1422762432 395 0 395 0
1415263677 395 0 395 0
1415263500 395 0 395 0
1415263200 395 0 395 0
1415262900 394 0 395 0
1415262600 393 0 393 0
1415262300 393 0 393 0
1415262000 393 0 393 0
1415261700 393 0 393 0
1415261400 393 0 393 0
1415261100 394 0 398 0
1415260800 398 0 398 0
1415260500 398 0 398 0
1415260200 398 0 398 0
1415259900 398 0 398 0
1415259600 398 0 398 0
1415259300 398 0 398 0
1415259000 398 0 398 0
1415258700 396 0 398 0
1415258400 393 0 393 0
1415258100 395 0 396 0
1415257800 396 0 396 0
1415257500 396 0 396 0
1415257200 396 0 396 0
1415256900 396 0 396 0
1415256600 396 0 396 0
1415256300 396 0 396 0
1415256000 396 0 396 0
1415255700 396 0 396 0
1415255400 396 0 396 0
1415255100 396 0 396 0
1415254800 396 0 396 0
1415254500 396 0 396 0
1415254200 396 0 396 0
1415253900 396 0 396 0
1415253600 396 0 396 0
1415253300 396 0 396 0
1415253000 396 0 396 0
1415252700 396 0 396 0
1415252400 396 0 396 0
1415252100 396 0 396 0
1415251800 396 0 396 0
1415251500 396 0 396 0
1415251200 396 0 396 0
1415250900 396 0 396 0
1415250600 396 0 396 0
1415250300 396 0 396 0
1415250000 396 0 396 0
1415249700 396 0 396 0
1415249400 396 0 396 0
1415249100 396 0 396 0
1415248800 396 0 396 0
1415248500 396 0 396 0
1415248200 394 0 396 0
1415247900 394 0 394 0
1415247600 394 0 394 0
1415247300 394 0 394 0
1415247000 394 0 394 0
1415246700 394 0 394 0
1415246400 394 0 394 0
1415246100 394 0 394 0
1415245800 394 0 394 0
1415245500 394 0 394 0
1415245200 394 0 394 0
1415244900 394 0 394 0
1415244600 394 0 394 0
1415244300 394 0 394 0
1415244000 394 0 394 0
1415243700 394 0 394 0
1415243400 394 0 394 0
1415243100 394 0 394 0
1415242800 394 0 394 0
1415242500 394 0 394 0
1415242200 394 0 394 0
1415241900 394 0 394 0
1415241600 394 0 394 0
1415241300 394 0 394 0
1415241000 394 0 394 0
1415240700 394 0 394 0
1415240400 394 0 394 0
1415240100 394 0 394 0
1415239800 394 0 394 0
1415239500 394 0 394 0
1415239200 394 0 394 0
1415238900 394 0 394 0
1415238600 394 0 394 0
1415238300 394 0 394 0
1415238000 394 0 394 0
1415237700 394 0 394 0
1415237400 394 0 394 0
1415237100 394 0 394 0
1415236800 394 0 394 0
1415236500 394 0 394 0
1415236200 394 0 394 0
1415235900 394 0 394 0
1415235600 394 0 394 0
1415235300 394 0 394 0
1415235000 394 0 394 0
1415234700 394 0 394 0
1415234400 394 0 394 0
1415234100 394 0 394 0
1415233800 394 0 394 0
1415233500 394 0 394 0
1415233200 394 0 394 0
1415232900 394 0 394 0
1415232600 394 0 394 0
1415232300 394 0 394 0
1415232000 394 0 394 0
1415231700 394 0 394 0
1415231400 394 0 394 0
1415231100 394 0 394 0
1415230800 394 0 394 0
1415230500 394 0 394 0
1415230200 394 0 394 0
1415229900 394 0 394 0
1415229600 394 0 394 0
1415229300 394 0 394 0
1415229000 394 0 394 0
1415228700 394 0 394 0
1415228400 394 0 394 0
1415228100 394 0 394 0
1415227800 394 0 394 0
1415227500 394 0 394 0
1415227200 394 0 394 0
1415226900 394 0 394 0
1415226600 394 0 394 0
1415226300 394 0 394 0
1415226000 394 0 394 0
1415225700 394 0 394 0
1415225400 394 0 394 0
1415225100 394 0 394 0
1415224800 394 0 394 0
1415224500 394 0 394 0
1415224200 394 0 394 0
1415223900 394 0 394 0
1415223600 394 0 394 0
1415223300 394 0 394 0
1415223000 394 0 394 0
1415222700 394 0 394 0
1415222400 394 0 394 0
1415222100 394 0 394 0
1415221800 394 0 394 0
1415221500 394 0 394 0
1415221200 394 0 394 0
1415220900 394 0 394 0
1415220600 394 0 394 0
1415220300 394 0 394 0
1415220000 394 0 394 0
1415219700 394 0 394 0
1415219400 394 0 394 0
1415219100 394 0 394 0
1415218800 394 0 394 0
1415218500 394 0 394 0
1415218200 394 0 394 0
1415217900 394 0 394 0
1415217600 394 0 394 0
1415217300 394 0 394 0
1415217000 394 0 394 0
1415216700 394 0 394 0
1415216400 394 0 394 0
1415216100 394 0 394 0
1415215800 394 0 394 0
1415215500 394 0 394 0
1415215200 394 0 394 0
1415214900 394 0 394 0
1415214600 394 0 394 0
1415214300 394 0 394 0
1415214000 394 0 394 0
1415213700 394 0 394 0
1415213400 394 0 394 0
1415213100 394 0 394 0
1415212800 394 0 394 0
1415212500 394 0 394 0
1415212200 394 0 394 0
1415211900 394 0 394 0
1415211600 394 0 394 0
1415211300 394 0 394 0
1415211000 394 0 394 0
1415210700 394 0 394 0
1415210400 394 0 394 0
1415210100 394 0 394 0
1415209800 394 0 394 0
1415209500 394 0 394 0
1415209200 394 0 394 0
1415208900 394 0 394 0
1415208600 394 0 394 0
1415208300 394 0 394 0
1415208000 394 0 394 0
1415207700 394 0 394 0
1415207400 394 0 394 0
1415207100 394 0 394 0
1415206800 394 0 394 0
1415206500 394 0 394 0
1415206200 394 0 394 0
1415205900 394 0 394 0
1415205600 394 0 394 0
1415205300 394 0 394 0
1415205000 394 0 394 0
1415204700 394 0 394 0
1415204400 394 0 394 0
1415204100 394 0 394 0
1415203800 394 0 394 0
1415203500 394 0 394 0
1415203200 394 0 394 0
1415202900 394 0 394 0
1415202600 394 0 394 0
1415202300 394 0 394 0
1415202000 394 0 394 0
1415201700 394 0 394 0
1415201400 394 0 394 0
1415201100 394 0 394 0
1415200800 394 0 394 0
1415200500 394 0 394 0
1415200200 394 0 394 0
1415199900 394 0 394 0
1415199600 394 0 394 0
1415199300 394 0 394 0
1415199000 403 0 407 0
1415198700 407 0 407 0
1415198400 407 0 407 0
1415198100 407 0 407 0
1415197800 407 0 407 0
1415197500 407 0 407 0
1415197200 407 0 407 0
1415196900 407 0 407 0
1415196600 407 0 407 0
1415196300 407 0 407 0
1415196000 407 0 407 0
1415195700 404 0 407 0
1415195400 404 0 404 0
1415195100 404 0 404 0
1415194800 404 0 404 0
1415194500 404 0 404 0
1415194200 404 0 404 0
1415193900 399 0 404 0
1415193600 392 0 392 0
1415193300 392 0 392 0
1415193000 319 0 392 0
1415192700 319 0 319 0
1415192400 319 0 319 0
1415192100 319 0 319 0
1415191800 319 0 319 0
1415191500 319 0 319 0
1415191200 319 0 319 0
1415190900 319 0 319 0
1415190600 319 0 319 0
1415190300 319 0 319 0
1415190000 319 0 319 0
1415189700 319 0 319 0
1415189400 319 0 319 0
1415189100 319 0 319 0
1415188800 319 0 319 0
1415188500 319 0 319 0
1415188200 319 0 319 0
1415187900 319 0 319 0
1415187600 319 0 319 0
1415187300 319 0 319 0
1415187000 319 0 319 0
1415186700 319 0 319 0
1415186400 319 0 319 0
1415186100 319 0 319 0
1415185800 319 0 319 0
1415185500 319 0 319 0
1415185200 319 0 319 0
1415184900 319 0 319 0
1415184600 319 0 319 0
1415184300 319 0 319 0
1415184000 319 0 319 0
1415183700 319 0 319 0
1415183400 319 0 319 0
1415183100 319 0 319 0
1415182800 319 0 319 0
1415182500 319 0 319 0
1415182200 319 0 319 0
1415181900 319 0 319 0
1415181600 319 0 319 0
1415181300 319 0 319 0
1415181000 319 0 319 0
1415180700 319 0 319 0
1415180400 319 0 319 0
1415180100 319 0 319 0
1415179800 319 0 319 0
1415179500 319 0 319 0
1415179200 319 0 319 0
1415178900 319 0 319 0
1415178600 319 0 319 0
1415178300 319 0 319 0
1415178000 319 0 319 0
1415177700 319 0 319 0
1415177400 319 0 319 0
1415177100 319 0 319 0
1415176800 319 0 319 0
1415176500 319 0 319 0
1415176200 319 0 319 0
1415175900 319 0 319 0
1415175600 319 0 319 0
1415175300 319 0 319 0
1415175000 319 0 319 0
1415174700 319 0 319 0
1415174400 319 0 319 0
1415174100 319 0 319 0
1415173800 319 0 319 0
1415173500 319 0 319 0
1415173200 319 0 319 0
1415172900 319 0 319 0
1415172600 319 0 319 0
1415172300 319 0 319 0
1415172000 319 0 319 0
1415171700 319 0 319 0
1415171400 319 0 319 0
1415171100 319 0 319 0
1415170800 319 0 319 0
1415170500 319 0 319 0
1415170200 319 0 319 0
1415169900 319 0 319 0
1415169600 319 0 319 0
1415169300 319 0 319 0
1415169000 319 0 319 0
1415168700 319 0 319 0
1415168400 319 0 319 0
1415168100 319 0 319 0
1415167800 319 0 319 0
1415167500 319 0 319 0
1415167200 319 0 319 0
1415166900 319 0 319 0
1415166600 319 0 319 0
1415166300 319 0 319 0
1415166000 319 0 319 0
1415165700 319 0 319 0
1415165400 319 0 319 0
1415165100 319 0 319 0
1415164800 319 0 319 0
1415164500 319 0 319 0
1415164200 319 0 319 0
1415163900 319 0 319 0
1415163600 319 0 319 0
1415163300 319 0 319 0
1415163000 319 0 319 0
1415162700 319 0 319 0
1415162400 319 0 319 0
1415162100 319 0 319 0
1415161800 319 0 319 0
1415161500 319 0 319 0
1415161200 319 0 319 0
1415160900 319 0 319 0
1415160600 319 0 319 0
1415160300 319 0 319 0
1415160000 319 0 319 0
1415159700 319 0 319 0
1415159400 319 0 319 0
1415159100 319 0 319 0
1415158800 319 0 319 0
1415158500 319 0 319 0
1415158200 319 0 319 0
1415157900 319 0 319 0
1415157600 319 0 319 0
1415157300 319 0 319 0
1415157000 319 0 319 0
1415156700 319 0 319 0
1415156400 319 0 319 0
1415156100 319 0 319 0
1415155800 319 0 319 0
1415155500 319 0 319 0
1415155200 319 0 319 0
1415154900 319 0 319 0
1415154600 319 0 319 0
1415154300 319 0 319 0
1415154000 319 0 319 0
1415153700 319 0 319 0
1415153400 319 0 319 0
1415153100 319 0 319 0
1415152800 319 0 319 0
1415152500 319 0 319 0
1415152200 319 0 319 0
1415151900 319 0 319 0
1415151600 319 0 319 0
1415151300 319 0 319 0
1415151000 319 0 319 0
1415150700 319 0 319 0
1415150400 319 0 319 0
1415150100 319 0 319 0
1415149800 319 0 319 0
1415149500 319 0 319 0
1415149200 319 0 319 0
1415148900 319 0 319 0
1415148600 319 0 319 0
1415148300 319 0 319 0
1415148000 319 0 319 0
1415147700 319 0 319 0
1415147400 319 0 319 0
1415147100 319 0 319 0
1415146800 319 0 319 0
1415146500 319 0 319 0
1415146200 319 0 319 0
1415145900 319 0 319 0
1415145600 319 0 319 0
1415145300 319 0 319 0
1415145000 319 0 319 0
1415144700 319 0 319 0
1415144400 319 0 319 0
1415144100 319 0 319 0
1415143800 319 0 319 0
1415143500 319 0 319 0
1415143200 319 0 319 0
1415142900 319 0 319 0
1415142600 319 0 319 0
1415142300 319 0 319 0
1415142000 319 0 319 0
1415141700 319 0 319 0
1415141400 319 0 319 0
1415141100 319 0 319 0
1415140800 319 0 319 0
1415140500 319 0 319 0
1415140200 319 0 319 0
1415139900 319 0 319 0
1415139600 319 0 319 0
1415139300 319 0 319 0
1415139000 319 0 319 0
1415138700 319 0 319 0
1415138400 319 0 319 0
1415138100 319 0 319 0
1415137800 319 0 319 0
1415137500 319 0 319 0
1415137200 319 0 319 0
1415136900 319 0 319 0
1415136600 319 0 319 0
1415136300 319 0 319 0
1415136000 319 0 319 0
1415135700 319 0 319 0
1415135400 319 0 319 0
1415135100 319 0 319 0
1415134800 319 0 319 0
1415134500 319 0 319 0
1415134200 319 0 319 0
1415133900 319 0 319 0
1415133600 319 0 319 0
1415133300 319 0 319 0
1415133000 319 0 319 0
1415132700 319 0 319 0
1415132400 319 0 319 0
1415132100 319 0 319 0
1415131800 319 0 319 0
1415131500 319 0 319 0
1415131200 319 0 319 0
1415130900 319 0 319 0
1415130600 319 0 319 0
1415130300 319 0 319 0
1415130000 319 0 319 0
1415129700 319 0 319 0
1415129400 319 0 319 0
1415129100 319 0 319 0
1415128800 319 0 319 0
1415128500 319 0 319 0
1415128200 319 0 319 0
1415127900 319 0 319 0
1415127600 319 0 319 0
1415127300 319 0 319 0
1415127000 319 0 319 0
1415126700 319 0 319 0
1415126400 319 0 319 0
1415126100 319 0 319 0
1415125800 319 0 319 0
1415125500 319 0 319 0
1415125200 319 0 319 0
1415124900 319 0 319 0
1415124600 319 0 319 0
1415124300 319 0 319 0
1415124000 319 0 319 0
1415123700 319 0 319 0
1415123400 319 0 319 0
1415123100 319 0 319 0
1415122800 319 0 319 0
1415122500 319 0 319 0
1415122200 319 0 319 0
1415121900 319 0 319 0
1415121600 319 0 319 0
1415121300 319 0 319 0
1415121000 319 0 319 0
1415120700 319 0 319 0
1415120400 319 0 319 0
1415120100 319 0 319 0
1415119800 319 0 319 0
1415119500 319 0 319 0
1415119200 319 0 319 0
1415118900 319 0 319 0
1415118600 319 0 319 0
1415118300 319 0 319 0
1415118000 319 0 319 0
1415117700 319 0 319 0
1415117400 319 0 319 0
1415117100 319 0 319 0
1415116800 319 0 319 0
1415116500 319 0 319 0
1415116200 319 0 319 0
1415115900 319 0 319 0
1415115600 319 0 319 0
1415115300 319 0 319 0
1415115000 319 0 319 0
1415114700 319 0 319 0
1415114400 319 0 319 0
1415114100 319 0 319 0
1415113800 319 0 319 0
1415113500 319 0 319 0
1415113200 319 0 319 0
1415112900 319 0 319 0
1415112600 319 0 319 0
1415112300 319 0 319 0
1415112000 319 0 319 0
1415111700 319 0 319 0
1415111400 319 0 319 0
1415111100 319 0 319 0
1415110800 319 0 319 0
1415110500 319 0 319 0
1415110200 319 0 319 0
1415109900 319 0 319 0
1415109600 319 0 319 0
1415109300 319 0 319 0
1415109000 319 0 319 0
1415108700 319 0 319 0
1415108400 319 0 319 0
1415108100 319 0 319 0
1415107800 319 0 319 0
1415107500 319 0 319 0
1415107200 319 0 319 0
1415106900 319 0 319 0
1415106600 319 0 319 0
1415106300 319 0 319 0
1415106000 319 0 319 0
1415105700 319 0 319 0
1415105400 319 0 319 0
1415105100 319 0 319 0
1415104800 319 0 319 0
1415104500 319 0 319 0
1415104200 319 0 319 0
1415103900 319 0 319 0
1415103600 319 0 319 0
1415103300 319 0 319 0
1415103000 319 0 319 0
1415102700 319 0 319 0
1415102400 319 0 319 0
1415102100 319 0 319 0
1415101800 319 0 319 0
1415101500 319 0 319 0
1415101200 319 0 319 0
1415100900 319 0 319 0
1415100600 319 0 319 0
1415100300 319 0 319 0
1415100000 319 0 319 0
1415099700 319 0 319 0
1415099400 319 0 319 0
1415099100 319 0 319 0
1415098800 319 0 319 0
1415098500 319 0 319 0
1415098200 319 0 319 0
1415097900 319 0 319 0
1415097600 319 0 319 0
1415097300 319 0 319 0
1415097000 319 0 319 0
1415096700 319 0 319 0
1415096400 319 0 319 0
1415096100 319 0 319 0
1415095800 319 0 319 0
1415095500 319 0 319 0
1415095200 319 0 319 0
1415094900 319 0 319 0
1415094600 319 0 319 0
1415094300 319 0 319 0
1415094000 319 0 319 0
1415093700 319 0 319 0
1415093400 319 0 319 0
1415093100 319 0 319 0
1415092800 319 0 319 0
1415092500 319 0 319 0
1415092200 319 0 319 0
1415091900 319 0 319 0
1415091600 319 0 319 0
1415091300 319 0 319 0
1415091000 319 0 319 0
1415090700 319 0 319 0
1415090400 319 0 319 0
1415090100 319 0 319 0
1415089800 319 0 319 0
1415089500 319 0 319 0
1415089200 319 0 319 0
1415088900 319 0 319 0
1415088600 319 0 319 0
1415088300 319 0 319 0
1415088000 319 0 319 0
1415087700 319 0 319 0
1415087400 319 0 319 0
1415087100 319 0 319 0
1415086800 319 0 319 0
1415086500 319 0 319 0
1415086200 319 0 319 0
1415085900 319 0 319 0
1415085600 319 0 319 0
1415085300 319 0 319 0
1415085000 319 0 319 0
1415084700 319 0 319 0
1415084400 319 0 319 0
1415084100 319 0 319 0
1415083800 319 0 319 0
1415082600 319 0 319 0
1415080800 319 0 319 0
1415079000 319 0 319 0
1415077200 319 0 319 0
1415075400 319 0 319 0
1415073600 319 0 319 0
1415071800 319 0 319 0
1415070000 319 0 319 0
1415068200 319 0 319 0
1415066400 319 0 319 0
1415064600 319 0 319 0
1415062800 319 0 319 0
1415061000 319 0 319 0
1415059200 319 0 319 0
1415057400 319 0 319 0
1415055600 319 0 319 0
1415053800 319 0 319 0
1415052000 319 0 319 0
1415050200 319 0 319 0
1415048400 319 0 319 0
1415046600 319 0 319 0
1415044800 319 0 319 0
1415043000 319 0 319 0
1415041200 319 0 319 0
1415039400 319 0 319 0
1415037600 319 0 319 0
1415035800 319 0 319 0
1415034000 319 0 319 0
1415032200 319 0 319 0
1415030400 319 0 319 0
1415028600 319 0 319 0
1415026800 319 0 319 0
1415025000 319 0 319 0
1415023200 319 0 319 0
1415021400 319 0 319 0
1415019600 319 0 319 0
1415017800 319 0 319 0
1415016000 319 0 319 0
1415014200 319 0 319 0
1415012400 319 0 319 0
1415010600 319 0 319 0
1415008800 319 0 319 0
1415007000 319 0 319 0
1415005200 319 0 319 0
1415003400 319 0 319 0
1415001600 319 0 319 0
1414999800 319 0 319 0
1414998000 319 0 319 0
1414996200 319 0 319 0
1414994400 319 0 319 0
1414992600 319 0 319 0
1414990800 319 0 319 0
1414989000 319 0 319 0
1414987200 319 0 319 0
1414985400 319 0 319 0
1414983600 319 0 319 0
1414981800 319 0 319 0
1414980000 319 0 319 0
1414978200 319 0 319 0
1414976400 319 0 319 0
1414974600 319 0 319 0
1414972800 319 0 319 0
1414971000 319 0 319 0
1414969200 319 0 319 0
1414967400 319 0 319 0
1414965600 319 0 319 0
1414963800 319 0 319 0
1414962000 319 0 319 0
1414960200 319 0 319 0
1414958400 319 0 319 0
1414956600 319 0 319 0
1414954800 319 0 319 0
1414953000 319 0 319 0
1414951200 319 0 319 0
1414949400 319 0 319 0
1414947600 319 0 319 0
1414945800 319 0 319 0
1414944000 319 0 319 0
1414942200 319 0 319 0
1414940400 319 0 319 0
1414938600 319 0 319 0
1414936800 319 0 319 0
1414935000 319 0 319 0
1414933200 319 0 319 0
1414931400 319 0 319 0
1414929600 319 0 319 0
1414927800 319 0 319 0
1414926000 319 0 319 0
1414924200 319 0 319 0
1414922400 319 0 319 0
1414920600 319 0 319 0
1414918800 319 0 319 0
1414917000 319 0 319 0
1414915200 319 0 319 0
1414913400 319 0 319 0
1414911600 319 0 319 0
1414909800 319 0 319 0
1414908000 319 0 319 0
1414906200 319 0 319 0
1414904400 319 0 319 0
1414902600 319 0 319 0
1414900800 319 0 319 0
1414899000 319 0 319 0
1414897200 319 0 319 0
1414895400 319 0 319 0
1414893600 319 0 319 0
1414891800 319 0 319 0
1414890000 319 0 319 0
1414888200 319 0 319 0
1414886400 319 0 319 0
1414884600 319 0 319 0
1414882800 319 0 319 0
1414881000 319 0 319 0
1414879200 319 0 319 0
1414877400 319 0 319 0
1414875600 319 0 319 0
1414873800 319 0 319 0
1414872000 319 0 319 0
1414870200 319 0 319 0
1414868400 319 0 319 0
1414866600 319 0 319 0
1414864800 319 0 319 0
1414863000 319 0 319 0
1414861200 319 0 319 0
1414859400 319 0 319 0
1414857600 319 0 319 0
1414855800 319 0 319 0
1414854000 319 0 319 0
1414852200 319 0 319 0
1414850400 319 0 319 0
1414848600 319 0 319 0
1414846800 319 0 319 0
1414845000 319 0 319 0
1414843200 319 0 319 0
1414841400 319 0 319 0
1414839600 319 0 319 0
1414837800 319 0 319 0
1414836000 319 0 319 0
1414834200 319 0 319 0
1414832400 319 0 319 0
1414830600 319 0 319 0
1414828800 319 0 319 0
1414827000 319 0 319 0
1414825200 319 0 319 0
1414823400 319 0 319 0
1414821600 319 0 319 0
1414819800 319 0 319 0
1414818000 319 0 319 0
1414816200 319 0 319 0
1414814400 319 0 319 0
1414812600 319 0 319 0
1414810800 319 0 319 0
1414809000 319 0 319 0
1414807200 319 0 319 0
1414805400 319 0 319 0
1414803600 319 0 319 0
1414801800 319 0 319 0
1414800000 319 0 319 0
1414798200 319 0 319 0
1414796400 319 0 319 0
1414794600 319 0 319 0
1414792800 319 0 319 0
1414791000 319 0 319 0
1414789200 319 0 319 0
1414787400 319 0 319 0
1414785600 319 0 319 0
1414783800 319 0 319 0
1414782000 319 0 319 0
1414780200 319 0 319 0
1414778400 319 0 319 0
1414776600 319 0 319 0
1414774800 319 0 319 0
1414773000 319 0 319 0
1414771200 319 0 319 0
1414769400 319 0 319 0
1414767600 319 0 319 0
1414765800 319 0 319 0
1414764000 319 0 319 0
1414762200 319 0 319 0
1414760400 319 0 319 0
1414758600 319 0 319 0
1414756800 319 0 319 0
1414755000 319 0 319 0
1414753200 319 0 319 0
1414751400 319 0 319 0
1414749600 319 0 319 0
1414747800 319 0 319 0
1414746000 319 0 319 0
1414744200 319 0 319 0
1414742400 319 0 319 0
1414740600 319 0 319 0
1414738800 319 0 319 0
1414737000 319 0 319 0
1414735200 319 0 319 0
1414733400 319 0 319 0
1414731600 319 0 319 0
1414729800 319 0 319 0
1414728000 319 0 319 0
1414726200 319 0 319 0
1414724400 319 0 319 0
1414722600 319 0 319 0
1414720800 319 0 319 0
1414719000 319 0 319 0
1414717200 319 0 319 0
1414715400 319 0 319 0
1414713600 319 0 319 0
1414711800 319 0 319 0
1414710000 319 0 319 0
1414708200 319 0 319 0
1414706400 319 0 319 0
1414704600 319 0 319 0
1414702800 319 0 319 0
1414701000 319 0 319 0
1414699200 319 0 319 0
1414697400 319 0 319 0
1414695600 319 0 319 0
1414693800 319 0 319 0
1414692000 319 0 319 0
1414690200 319 0 319 0
1414688400 319 0 319 0
1414686600 319 0 319 0
1414684800 319 0 319 0
1414683000 319 0 319 0
1414681200 319 0 319 0
1414679400 319 0 319 0
1414677600 319 0 319 0
1414675800 319 0 319 0
1414674000 319 0 319 0
1414672200 319 0 319 0
1414670400 319 0 319 0
1414668600 319 0 319 0
1414666800 319 0 319 0
1414665000 319 0 319 0
1414663200 319 0 319 0
1414661400 319 0 319 0
1414659600 319 0 319 0
1414657800 319 0 319 0
1414656000 319 0 319 0
1414654200 319 0 319 0
1414652400 319 0 319 0
1414650600 319 0 319 0
1414648800 319 0 319 0
1414647000 319 0 319 0
1414645200 319 0 319 0
1414643400 319 0 319 0
1414641600 319 0 319 0
1414639800 319 0 319 0
1414638000 319 0 319 0
1414636200 319 0 319 0
1414634400 319 0 319 0
1414632600 319 0 319 0
1414630800 319 0 319 0
1414629000 319 0 319 0
1414627200 319 0 319 0
1414625400 319 0 319 0
1414623600 319 0 319 0
1414621800 319 0 319 0
1414620000 319 0 319 0
1414618200 319 0 319 0
1414616400 319 0 319 0
1414614600 319 0 319 0
1414612800 319 0 319 0
1414611000 319 0 319 0
1414609200 319 0 319 0
1414607400 319 0 319 0
1414605600 319 0 319 0
1414603800 319 0 319 0
1414602000 319 0 319 0
1414600200 319 0 319 0
1414598400 319 0 319 0
1414596600 319 0 319 0
1414594800 319 0 319 0
1414593000 319 0 319 0
1414591200 319 0 319 0
1414589400 319 0 319 0
1414587600 319 0 319 0
1414585800 319 0 319 0
1414584000 319 0 319 0
1414582200 319 0 319 0
1414580400 319 0 319 0
1414578600 319 0 319 0
1414576800 319 0 319 0
1414575000 319 0 319 0
1414573200 319 0 319 0
1414571400 319 0 319 0
1414569600 319 0 319 0
1414567800 319 0 319 0
1414566000 319 0 319 0
1414564200 319 0 319 0
1414562400 319 0 319 0
1414560600 319 0 319 0
1414558800 319 0 319 0
1414557000 319 0 319 0
1414555200 319 0 319 0
1414553400 319 0 319 0
1414551600 319 0 319 0
1414549800 319 0 319 0
1414548000 319 0 319 0
1414546200 319 0 319 0
1414544400 319 0 319 0
1414542600 319 0 319 0
1414540800 319 0 319 0
1414539000 319 0 319 0
1414537200 319 0 319 0
1414535400 319 0 319 0
1414533600 319 0 319 0
1414531800 319 0 319 0
1414530000 319 0 319 0
1414528200 319 0 319 0
1414526400 319 0 319 0
1414524600 319 0 319 0
1414522800 319 0 319 0
1414521000 319 0 319 0
1414519200 319 0 319 0
1414517400 319 0 319 0
1414515600 319 0 319 0
1414513800 319 0 319 0
1414512000 319 0 319 0
1414510200 319 0 319 0
1414508400 319 0 319 0
1414506600 319 0 319 0
1414504800 319 0 319 0
1414503000 319 0 319 0
1414501200 319 0 319 0
1414499400 319 0 319 0
1414497600 319 0 319 0
1414495800 319 0 319 0
1414494000 319 0 319 0
1414492200 319 0 319 0
1414490400 319 0 319 0
1414488600 319 0 319 0
1414486800 319 0 319 0
1414485000 319 0 319 0
1414483200 319 0 319 0
1414481400 319 0 319 0
1414479600 319 0 319 0
1414477800 319 0 319 0
1414476000 319 0 319 0
1414474200 319 0 319 0
1414472400 319 0 319 0
1414470600 319 0 319 0
1414468800 319 0 319 0
1414467000 319 0 319 0
1414465200 319 0 319 0
1414463400 319 0 319 0
1414461600 319 0 319 0
1414459800 319 0 319 0
1414458000 319 0 319 0
1414456200 319 0 319 0
1414454400 319 0 319 0
1414452600 319 0 319 0
1414450800 319 0 319 0
1414449000 318 0 319 0
1414447200 309 0 316 0
1414445400 316 0 319 0
1414443600 319 0 319 0
1414441800 319 0 321 0
1414440000 321 0 322 0
1414438200 322 0 330 0
1414436400 330 0 336 0
1414434600 336 0 354 0
1414432800 354 0 363 0
1414431000 363 0 366 0
1414429200 366 0 373 0
1414427400 373 0 399 0
1414425600 399 0 404 0
1414423800 404 0 414 0
1414422000 413 0 414 0
1414420200 403 0 403 0
1414418400 402 0 403 0
1414416600 391 0 398 0
1414414800 397 0 398 0
1414413000 379 0 380 0
1414411200 364 0 365 0
1414409400 351 0 356 0
1414407600 356 0 356 0
1414405800 356 0 364 0
1414404000 364 0 378 0
1414402200 378 0 392 0
1414400400 392 0 394 0
1414398600 394 0 401 0
1414396800 400 0 401 0
1414395000 396 0 397 0
1414393200 393 0 394 0
1414391400 383 0 384 0
1414389600 377 0 386 0
1414387800 386 0 391 0
1414386000 390 0 391 0
1414384200 385 0 386 0
1414382400 380 0 398 0
1414380600 398 0 398 0
1414378800 397 0 398 0
1414377000 381 0 382 0
1414375200 360 0 361 0
1414373400 351 0 352 0
1414371600 325 0 326 0
1414369800 310 0 311 0
1414368000 310 0 311 0
1414366200 306 0 309 0
1414364400 308 0 309 0
1414362600 308 0 308 0
1414360800 307 0 308 0
1414359000 307 0 308 0
1414357200 307 0 308 0
1414355400 307 0 311 0
1414353600 311 0 313 0
1414351800 313 0 313 0
1414350000 313 0 320 0
1414348200 320 0 329 0
1414346400 329 0 338 0
1414344600 338 0 343 0
1414342800 343 0 354 0
1414341000 354 0 377 0
1414339200 377 0 387 0
1414337400 387 0 401 0
1414335600 400 0 401 0
1414333800 393 0 401 0
1414332000 400 0 401 0
1414330200 394 0 395 0
1414328400 379 0 382 0
1414326600 382 0 384 0
1414324800 383 0 384 0
1414323000 383 0 384 0
1414321200 383 0 384 0
1414319400 374 0 377 0
1414317600 377 0 382 0
1414315800 381 0 382 0
1414314000 380 0 381 0
1414312200 378 0 379 0
1414310400 376 0 377 0
1414308600 373 0 374 0
1414306800 366 0 367 0
1414305000 359 0 360 0
1414303200 351 0 352 0
1414301400 348 0 363 0
1414299600 362 0 363 0
1414297800 362 0 369 0
1414296000 368 0 369 0
1414294200 358 0 359 0
1414292400 354 0 356 0
1414290600 355 0 356 0
1414288800 349 0 350 0
1414287000 332 0 333 0
1414285200 322 0 323 0
1414283400 313 0 315 0
1414281600 314 0 315 0
1414279800 311 0 312 0
1414278000 309 0 310 0
1414276200 298 0 299 0
1414274400 298 0 299 0
1414272600 299 0 304 0
1414270800 304 0 304 0
1414269000 303 0 304 0
1414267200 301 0 308 0
1414265400 308 0 319 0
1414263600 319 0 323 0
1414261800 323 0 339 0
1414260000 339 0 340 0
1414258200 340 0 354 0
1414256400 354 0 366 0
1414254600 366 0 384 0
1414252800 384 0 397 0
1414251000 397 0 400 0
1414249200 400 0 401 0
1414247400 401 0 406 0
1414245600 405 0 406 0
1414243800 398 0 399 0
1414242000 393 0 394 0
1414240200 378 0 381 0
1414238400 380 0 381 0
1414236600 372 0 382 0
1414234800 381 0 382 0
1414233000 380 0 390 0
1414231200 390 0 396 0
1414229400 395 0 396 0
1414227600 393 0 394 0
1414225800 390 0 391 0
1414224000 381 0 382 0
1414222200 374 0 375 0
1414220400 367 0 368 0
1414218600 357 0 358 0
1414216800 356 0 357 0
1414215000 351 0 352 0
1414213200 348 0 353 0
1414211400 352 0 353 0
1414209600 351 0 352 0
1414207800 341 0 342 0
1414206000 335 0 336 0
1414204200 334 0 335 0
1414202400 328 0 335 0
1414200600 335 0 337 0
1414198800 336 0 337 0
1414197000 321 0 322 0
1414195200 311 0 312 0
1414193400 306 0 309 0
1414191600 309 0 309 0
1414189800 308 0 309 0
1414188000 306 0 309 0
1414186200 309 0 309 0
1414184400 309 0 321 0
1414182600 321 0 322 0
1414180800 322 0 325 0
1414179000 325 0 329 0
1414177200 329 0 336 0
1414175400 336 0 344 0
1414173600 344 0 353 0
1414171800 353 0 360 0
1414170000 360 0 363 0
1414168200 363 0 377 0
1414166400 377 0 385 0
1414164600 385 0 396 0
1414162800 396 0 396 0
1414161000 395 0 396 0
1414159200 382 0 383 0
1414157400 381 0 382 0
1414155600 381 0 382 0
1414153800 365 0 366 0
1414152000 363 0 364 0
1414150200 353 0 354 0
1414148400 349 0 350 0
1414146600 349 0 355 0
1414144800 354 0 355 0
1414143000 354 0 376 0
1414141200 376 0 384 0
1414139400 383 0 384 0
1414137600 382 0 383 0
1414135800 375 0 383 0
1414134000 382 0 383 0
1414132200 376 0 377 0
1414130400 373 0 375 0
1414128600 374 0 375 0
1414126800 372 0 374 0
1414125000 373 0 374 0
1414123200 372 0 380 0
1414121400 379 0 380 0
1414119600 367 0 368 0
1414117800 358 0 359 0
1414116000 344 0 345 0
1414114200 335 0 336 0
1414112400 317 0 318 0
1414110600 304 0 304 0
1414108800 304 0 315 0
1414107000 314 0 315 0
1414105200 311 0 312 0
1414103400 311 0 313 0
1414101600 313 0 313 0
1414099800 313 0 315 0
1414098000 314 0 315 0
1414096200 312 0 313 0
1414094400 313 0 324 0
1414092600 324 0 331 0
1414090800 331 0 340 0
1414089000 340 0 344 0
1414087200 344 0 347 0
1414085400 347 0 347 0
1414083600 347 0 358 0
1414081800 358 0 367 0
1414080000 367 0 369 0
1414078200 369 0 394 0
1414076400 393 0 394 0
1414074600 392 0 393 0
1414072800 391 0 392 0
1414071000 384 0 388 0
1414069200 387 0 388 0
1414067400 369 0 370 0
1414065600 362 0 363 0
1414063800 358 0 359 0
1414062000 353 0 354 0
1414060200 353 0 366 0
1414058400 366 0 379 0
1414056600 378 0 379 0
1414054800 377 0 378 0
1414053000 376 0 384 0
1414051200 384 0 384 0
1414049400 383 0 384 0
1414047600 378 0 379 0
1414045800 374 0 375 0
1414044000 370 0 382 0
1414042200 382 0 385 0
1414040400 384 0 385 0
1414038600 383 0 384 0
1414036800 380 0 381 0
1414035000 366 0 368 0
1414033200 367 0 368 0
1414031400 352 0 353 0
1414029600 343 0 344 0
1414027800 343 0 344 0
1414026000 319 0 320 0
1414024200 317 0 318 0
1414022400 305 0 306 0
1414020600 299 0 300 0
1414018800 298 0 299 0
1414017000 292 0 292 0
1414015200 292 0 293 0
1414013400 293 0 293 0
1414011600 292 0 293 0
1414009800 292 0 294 0
1414008000 294 0 304 0
1414006200 304 0 307 0
1414004400 307 0 319 0
1414002600 319 0 320 0
1414000800 332 0 366 0
1413993600 374 0 381 0
1413986400 371 0 381 0
1413979200 352 0 363 0
1413972000 352 0 378 0
1413964800 367 0 378 0
1413957600 362 0 368 0
1413950400 356 0 363 0
1413943200 309 0 335 0
1413936000 257 0 271 0
1413928800 250 0 251 0
1413921600 252 0 260 0
1413914400 319 0 372 0
1413907200 384 0 397 0
1413900000 381 0 392 0
1413892800 350 0 369 0
1413885600 363 0 379 0
1413878400 374 0 376 0
1413871200 372 0 384 0
1413864000 365 0 374 0
1413856800 336 0 350 0
1413849600 308 0 311 0
1413842400 309 0 318 0
1413835200 322 0 329 0
1413828000 342 0 362 0
1413820800 374 0 388 0
1413813600 384 0 393 0
1413806400 368 0 386 0
1413799200 375 0 383 0
1413792000 382 0 386 0
1413784800 381 0 385 0
1413777600 374 0 385 0
1413770400 332 0 349 0
1413763200 306 0 311 0
1413756000 309 0 313 0
1413748800 317 0 321 0
1413741600 337 0 368 0
1413734400 377 0 386 0
1413727200 383 0 388 0
1413720000 363 0 368 0
1413712800 366 0 371 0
1413705600 356 0 364 0
1413698400 352 0 357 0
1413691200 340 0 347 0
1413684000 311 0 321 0
1413676800 291 0 298 0
1413669600 290 0 294 0
1413662400 294 0 314 0
1413655200 330 0 358 0
1413648000 370 0 380 0
1413640800 365 0 380 0
1413633600 344 0 350 0
1413626400 350 0 358 0
1413619200 347 0 356 0
1413612000 346 0 349 0
1413604800 345 0 349 0
1413597600 325 0 336 0
1413590400 309 0 317 0
1413583200 306 0 310 0
1413576000 317 0 327 0
1413568800 343 0 361 0
1413561600 367 0 377 0
1413554400 351 0 367 0
1413547200 325 0 343 0
1413540000 355 0 373 0
1413532800 375 0 385 0
1413525600 378 0 385 0
1413518400 368 0 373 0
1413511200 337 0 359 0
1413504000 307 0 312 0
1413496800 310 0 314 0
1413489600 315 0 325 0
1413482400 338 0 368 0
1413475200 385 0 401 0
1413468000 385 0 394 0
1413460800 360 0 373 0
1413453600 380 0 396 0
1413446400 385 0 396 0
1413439200 381 0 388 0
1413432000 376 0 381 0
1413424800 328 0 364 0
1413417600 287 0 295 0
1413410400 289 0 292 0
1413403200 301 0 318 0
1413396000 329 0 366 0
1413388800 377 0 395 0
1413381600 376 0 379 0
1413374400 363 0 377 0
1413367200 374 0 386 0
1413360000 368 0 377 0
1413352800 365 0 372 0
1413345600 368 0 370 0
1413338400 333 0 369 0
1413331200 295 0 297 0
1413324000 300 0 305 0
1413316800 311 0 325 0
1413309600 338 0 366 0
1413302400 379 0 393 0
1413295200 380 0 389 0
1413288000 360 0 383 0
1413280800 368 0 383 0
1413273600 378 0 383 0
1413266400 380 0 398 0
1413259200 392 0 398 0
1413252000 352 0 386 0
1413244800 311 0 314 0
1413237600 316 0 323 0
1413230400 331 0 337 0
1413223200 351 0 379 0
1413216000 390 0 398 0
1413208800 399 0 404 0
1413201600 384 0 398 0
1413194400 392 0 407 0
1413187200 405 0 409 0
1413180000 406 0 414 0
1413172800 389 0 399 0
1413165600 340 0 373 0
1413158400 304 0 305 0
1413151200 305 0 309 0
1413144000 314 0 333 0
1413136800 344 0 379 0
1413129600 382 0 386 0
1413122400 373 0 382 0
1413115200 353 0 357 0
1413108000 351 0 358 0
1413100800 342 0 359 0
1413093600 356 0 362 0
1413086400 356 0 363 0
1413079200 313 0 337 0
1413072000 284 0 289 0
1413064800 280 0 290 0
1413057600 296 0 302 0
1413050400 303 0 382 0
1413043200 387 0 397 0
1413036000 373 0 389 0
1413028800 325 0 346 0
1413021600 346 0 368 0
1413014400 387 0 407 0
1413007200 405 0 410 0
1413000000 387 0 394 0
1412992800 364 0 388 0
1412985600 315 0 328 0
1412978400 306 0 308 0
1412971200 312 0 326 0
1412964000 335 0 363 0
1412956800 368 0 379 0
1412949600 376 0 380 0
1412942400 349 0 364 0
1412935200 364 0 380 0
1412928000 376 0 380 0
1412920800 373 0 380 0
1412913600 366 0 371 0
1412906400 330 0 352 0
1412899200 283 0 290 0
1412892000 279 0 284 0
1412884800 287 0 299 0
1412877600 320 0 356 0
1412870400 369 0 381 0
1412863200 347 0 361 0
1412856000 310 0 333 0
1412848800 221 0 307 0
1412841600 299 0 404 0
1412834400 391 0 398 0
1412827200 377 0 387 0
1412820000 359 0 381 0
1412812800 318 0 322 0
1412805600 322 0 328 0
1412798400 334 0 348 0
1412791200 365 0 393 0
1412784000 416 0 430 0
1412776800 415 0 420 0
1412769600 377 0 401 0
1412762400 387 0 392 0
1412755200 399 0 407 0
1412748000 397 0 404 0
1412740800 384 0 392 0
1412733600 327 0 355 0
1412726400 298 0 302 0
1412719200 305 0 317 0
1412712000 322 0 335 0
1412704800 345 0 364 0
1412697600 387 0 419 0
1412690400 410 0 419 0
1412683200 390 0 401 0
1412676000 389 0 401 0
1412668800 384 0 388 0
1412661600 379 0 385 0
1412654400 368 0 372 0
1412647200 335 0 361 0
1412640000 297 0 304 0
1412632800 297 0 304 0
1412625600 308 0 327 0
1412618400 343 0 367 0
1412611200 374 0 381 0
1412604000 379 0 390 0
1412596800 367 0 377 0
1412589600 347 0 354 0
1412582400 348 0 352 0
1412575200 342 0 347 0
1412568000 340 0 347 0
1412560800 307 0 325 0
1412553600 282 0 285 0
1412546400 280 0 284 0
1412539200 287 0 293 0
1412532000 306 0 336 0
1412524800 339 0 353 0
1412517600 346 0 353 0
1412510400 341 0 350 0
1412503200 353 0 360 0
1412496000 350 0 357 0
1412488800 346 0 352 0
1412481600 335 0 340 0
1412474400 323 0 336 0
1412467200 305 0 312 0
1412460000 310 0 313 0
1412452800 315 0 328 0
1412445600 342 0 364 0
1412438400 365 0 369 0
1412431200 342 0 352 0
1412424000 334 0 346 0
1412416800 344 0 359 0
1412409600 354 0 359 0
1412402400 346 0 352 0
1412395200 341 0 348 0
1412388000 309 0 331 0
1412380800 282 0 290 0
1412373600 287 0 296 0
1412366400 292 0 303 0
1412359200 309 0 345 0
1412352000 346 0 351 0
1412344800 352 0 357 0
1412337600 337 0 347 0
1412330400 331 0 335 0
1412323200 325 0 334 0
1412316000 319 0 322 0
1412308800 317 0 321 0
1412301600 283 0 310 0
1412294400 256 0 265 0
1412287200 256 0 259 0
1412280000 261 0 273 0
1412272800 281 0 308 0
1412265600 326 0 347 0
1412258400 339 0 347 0
1412251200 314 0 328 0
1412244000 307 0 315 0
1412236800 314 0 321 0
1412229600 312 0 318 0
1412222400 311 0 318 0
1412215200 296 0 309 0
1412208000 285 0 292 0
1412200800 283 0 286 0
1412193600 289 0 302 0
1412186400 307 0 337 0
1412179200 352 0 364 0
1412172000 368 0 374 0
1412164800 353 0 360 0
1412157600 352 0 354 0
1412150400 344 0 352 0
1412143200 339 0 348 0
1412136000 327 0 334 0
1412128800 306 0 323 0
1412121600 288 0 293 0
1412114400 293 0 297 0
1412107200 302 0 309 0
1412100000 318 0 346 0
1412092800 360 0 375 0
1412085600 365 0 375 0
1412078400 329 0 341 0
1412071200 356 0 371 0
1412064000 367 0 371 0
1412056800 374 0 397 0
1412049600 377 0 397 0
1412042400 330 0 355 0
1412035200 297 0 300 0
1412028000 292 0 301 0
1412020800 310 0 324 0
1412013600 336 0 356 0
1412006400 368 0 379 0
1411999200 369 0 375 0
1411992000 336 0 355 0
1411984800 349 0 366 0
1411977600 362 0 367 0
1411970400 358 0 365 0
1411963200 355 0 358 0
1411956000 325 0 345 0
1411948800 290 0 294 0
1411941600 293 0 302 0
1411934400 303 0 310 0
1411927200 315 0 337 0
1411920000 341 0 350 0
1411912800 312 0 362 0
1411905600 350 0 361 0
1411898400 383 0 396 0
1411891200 391 0 396 0
1411884000 386 0 392 0
1411876800 379 0 388 0
1411869600 328 0 354 0
1411862400 310 0 314 0
1411855200 309 0 314 0
1411848000 313 0 321 0
1411840800 336 0 369 0
1411833600 383 0 394 0
1411826400 385 0 394 0
1411819200 371 0 377 0
1411812000 372 0 383 0
1411804800 378 0 382 0
1411797600 368 0 371 0
1411790400 359 0 370 0
1411783200 331 0 361 0
1411776000 293 0 297 0
1411768800 290 0 294 0
1411761600 300 0 313 0
1411754400 329 0 351 0
1411747200 360 0 371 0
1411740000 360 0 366 0
1411732800 340 0 349 0
1411725600 370 0 383 0
1411718400 381 0 388 0
1411711200 383 0 387 0
1411704000 365 0 383 0
1411696800 313 0 339 0
1411689600 275 0 280 0
1411682400 282 0 293 0
1411675200 300 0 315 0
1411668000 333 0 362 0
1411660800 374 0 380 0
1411653600 367 0 377 0
1411646400 354 0 370 0
1411639200 385 0 397 0
1411632000 388 0 395 0
1411624800 392 0 395 0
1411617600 376 0 392 0
1411610400 320 0 348 0
1411603200 274 0 279 0
1411596000 272 0 280 0
1411588800 282 0 292 0
1411581600 307 0 342 0
1411574400 357 0 371 0
1411567200 347 0 357 0
1411560000 322 0 349 0
1411552800 337 0 357 0
1411545600 347 0 356 0
1411538400 327 0 338 0
1411531200 324 0 329 0
1411524000 255 0 298 0
1411516800 132 0 263 0
1411509600 265 0 272 0
1411502400 274 0 283 0
1411495200 302 0 340 0
1411488000 352 0 362 0
1411480800 346 0 362 0
1411473600 318 0 328 0
1411466400 334 0 347 0
1411459200 343 0 348 0
1411452000 342 0 349 0
1411444800 330 0 345 0
1411437600 289 0 316 0
1411430400 249 0 255 0
1411423200 248 0 257 0
1411416000 257 0 275 0
1411408800 281 0 299 0
1411401600 307 0 315 0
1411394400 294 0 307 0
1411387200 271 0 327 0
1411380000 336 0 352 0
1411372800 342 0 345 0
1411365600 347 0 352 0
1411358400 322 0 343 0
1411351200 286 0 311 0
1411344000 251 0 257 0
1411336800 257 0 265 0
1411329600 268 0 285 0
1411322400 291 0 311 0
1411315200 328 0 347 0
1411308000 341 0 350 0
1411300800 332 0 345 0
1411293600 354 0 363 0
1411286400 362 0 372 0
1411279200 357 0 367 0
1411272000 337 0 350 0
1411264800 304 0 311 0
1411257600 296 0 300 0
1411250400 296 0 307 0
1411243200 307 0 319 0
1411236000 326 0 346 0
1411228800 367 0 380 0
1411221600 368 0 382 0
1411214400 332 0 353 0
1411207200 356 0 366 0
1411200000 353 0 360 0
1411192800 346 0 353 0
1411185600 334 0 341 0
1411178400 320 0 329 0
1411171200 306 0 313 0
1411164000 308 0 317 0
1411156800 323 0 343 0
1411149600 348 0 374 0
1411142400 377 0 380 0
1411135200 368 0 378 0
1411128000 335 0 344 0
1411120800 344 0 356 0
1411113600 359 0 365 0
1411106400 365 0 372 0
1411099200 372 0 384 0
1411092000 334 0 359 0
1411084800 245 0 318 0
1411077600 318 0 323 0
1411070400 323 0 337 0
1411063200 346 0 366 0
1411056000 381 0 395 0
1411048800 386 0 401 0
1411041600 333 0 351 0
1411034400 362 0 372 0
1411027200 363 0 371 0
1411020000 359 0 366 0
1411012800 347 0 354 0
1411005600 307 0 327 0
1410998400 286 0 296 0
1410991200 295 0 298 0
1410984000 302 0 311 0
1410976800 326 0 352 0
1410969600 365 0 375 0
1410962400 351 0 364 0
1410955200 301 0 331 0
1410948000 329 0 366 0
1410940800 368 0 387 0
1410933600 377 0 387 0
1410926400 363 0 372 0
1410919200 328 0 350 0
1410912000 295 0 300 0
1410904800 302 0 313 0
1410897600 319 0 332 0
1410890400 347 0 375 0
1410883200 385 0 391 0
1410876000 370 0 383 0
1410868800 350 0 367 0
1410861600 364 0 377 0
1410854400 373 0 377 0
1410847200 369 0 375 0
1410840000 352 0 362 0
1410832800 328 0 347 0
1410825600 308 0 315 0
1410818400 312 0 316 0
1410811200 317 0 323 0
1410804000 345 0 373 0
1410796800 381 0 391 0
1410789600 371 0 380 0
1410782400 344 0 352 0
1410775200 364 0 386 0
1410768000 376 0 386 0
1410760800 371 0 379 0
1410753600 350 0 355 0
1410746400 310 0 338 0
1410739200 269 0 273 0
1410732000 272 0 276 0
1410724800 287 0 309 0
1410717600 324 0 351 0
1410710400 367 0 382 0
1410703200 351 0 359 0
1410696000 343 0 356 0
1410688800 359 0 364 0
1410681600 346 0 351 0
1410674400 322 0 332 0
1410667200 300 0 310 0
1410660000 255 0 275 0
1410652800 197 0 213 0
1410645600 113 0 287 0
1410638400 288 0 302 0
1410631200 320 0 343 0
1410624000 359 0 376 0
1410616800 364 0 377 0
1410609600 325 0 341 0
1410602400 337 0 344 0
1410595200 318 0 330 0
1410588000 244 0 316 0
1410580800 311 0 322 0
1410573600 251 0 275 0
1410566400 218 0 280 0
1410559200 280 0 287 0
1410552000 287 0 298 0
1410544800 316 0 347 0
1410537600 339 0 347 0
1410530400 336 0 346 0
1410523200 317 0 330 0
1410516000 349 0 366 0
1410508800 355 0 361 0
1410501600 338 0 347 0
1410494400 330 0 334 0
1410487200 293 0 323 0
1410480000 294 0 297 0
1410472800 295 0 311 0
1410465600 310 0 317 0
1410458400 335 0 371 0
1410451200 374 0 380 0
1410444000 362 0 367 0
1410436800 328 0 343 0
1410429600 357 0 369 0
1410422400 359 0 366 0
1410415200 362 0 366 0
1410408000 358 0 364 0
1410400800 318 0 339 0
1410393600 277 0 280 0
1410386400 278 0 280 0
1410379200 282 0 288 0
1410372000 300 0 337 0
1410364800 353 0 363 0
1410357600 357 0 364 0
1410350400 334 0 346 0
1410343200 334 0 346 0
1410336000 346 0 375 0
1410328800 377 0 381 0
1410321600 373 0 378 0
1410314400 336 0 359 0
1410307200 306 0 313 0
1410300000 305 0 308 0
1410292800 309 0 318 0
1410285600 339 0 370 0
1410278400 385 0 393 0
1410271200 379 0 382 0
1410264000 356 0 373 0
1410256800 360 0 372 0
1410249600 361 0 368 0
1410242400 361 0 367 0
1410235200 356 0 367 0
1410228000 312 0 340 0
1410220800 277 0 281 0
1410213600 277 0 282 0
1410206400 286 0 304 0
1410199200 316 0 357 0
1410192000 366 0 377 0
1410184800 354 0 367 0
1410177600 326 0 332 0
1410170400 331 0 342 0
1410163200 336 0 342 0
1410156000 343 0 348 0
1410148800 346 0 353 0
1410141600 331 0 351 0
1410134400 289 0 297 0
1410127200 291 0 299 0
1410120000 302 0 309 0
1410112800 319 0 358 0
1410105600 362 0 371 0
1410098400 348 0 357 0
1410091200 337 0 353 0
1410084000 358 0 369 0
1410076800 367 0 371 0
1410069600 353 0 355 0
1410062400 331 0 344 0
1410055200 301 0 316 0
1410048000 283 0 289 0
1410040800 284 0 296 0
1410033600 295 0 305 0
1410026400 317 0 333 0
1410019200 361 0 378 0
1410012000 363 0 380 0
1410004800 323 0 330 0
1409997600 331 0 339 0
1409990400 335 0 339 0
1409983200 332 0 337 0
1409976000 328 0 337 0
1409968800 301 0 322 0
1409961600 266 0 271 0
1409954400 263 0 277 0
1409947200 279 0 292 0
1409940000 293 0 309 0
1409932800 312 0 319 0
1409925600 303 0 307 0
1409918400 299 0 319 0
1409911200 334 0 353 0
1409904000 356 0 359 0
1409896800 360 0 366 0
1409889600 351 0 360 0
1409882400 311 0 332 0
1409875200 282 0 285 0
1409868000 284 0 288 0
1409860800 291 0 295 0
1409853600 308 0 336 0
1409846400 353 0 371 0
1409839200 355 0 370 0
1409832000 337 0 353 0
1409824800 353 0 362 0
1409817600 358 0 362 0
1409810400 353 0 358 0
1409803200 352 0 357 0
1409796000 319 0 344 0
1409788800 296 0 300 0
1409781600 303 0 308 0
1409774400 304 0 309 0
1409767200 319 0 335 0
1409760000 346 0 367 0
1409752800 355 0 367 0
1409745600 324 0 332 0
1409738400 346 0 364 0
1409731200 358 0 363 0
1409724000 358 0 365 0
1409716800 357 0 365 0
1409709600 321 0 347 0
1409702400 295 0 298 0
1409695200 302 0 310 0
1409688000 312 0 315 0
1409680800 349 0 378 0
1409616000 339 0 391 0
1409529600 106 0 352 0
1409443200 0 0 0 0
1409356800 0 0 0 0
1409270400 186 0 367 0
1409184000 311 0 349 0
1409097600 322 0 365 0
1409011200 327 0 374 0
1408924800 315 0 373 0
1408838400 326 0 361 0
1408752000 318 0 356 0
1408665600 324 0 378 0
1408579200 297 0 352 0
1408492800 314 0 351 0
1408406400 316 0 362 0
1408320000 320 0 362 0
1408233600 295 0 348 0
1408147200 290 0 337 0
1408060800 308 0 345 0
1407974400 287 0 332 0
1407888000 282 0 328 0
1407801600 303 0 354 0
1407715200 290 0 348 0
1407628800 302 0 345 0
1407542400 307 0 358 0
1407456000 301 0 339 0
1407369600 298 0 337 0
1407283200 309 0 360 0
1407196800 310 0 352 0
1407110400 289 0 341 0
1407024000 304 0 352 0
1406937600 307 0 356 0
1406851200 318 0 360 0
1406764800 325 0 372 0
1406678400 336 0 382 0
1406592000 331 0 382 0
1406505600 313 0 363 0
1406419200 337 0 384 0
1406332800 331 0 373 0
1406246400 320 0 372 0
1406160000 316 0 388 0
1406073600 340 0 390 0
1405987200 355 0 400 0
1405900800 332 0 378 0
1405814400 322 0 359 0
1405728000 314 0 350 0
1405641600 310 0 350 0
1405555200 321 0 365 0
1405468800 311 0 339 0
1405382400 308 0 351 0
1405296000 282 0 324 0
1405209600 297 0 339 0
1405123200 294 0 351 0
1405036800 266 0 338 0
1404950400 252 0 345 0
1404864000 302 0 344 0
1404777600 327 0 364 0
1404691200 325 0 369 0
1404604800 322 0 360 0
1404518400 317 0 362 0
1404432000 330 0 367 0
1404345600 330 0 383 0
1404259200 327 0 376 0
1404172800 329 0 369 0
1404086400 306 0 351 0
1404000000 330 0 375 0
1403913600 334 0 391 0
1403827200 345 0 389 0
1403740800 363 0 410 0
1403654400 362 0 401 0
1403568000 339 0 385 0
1403481600 342 0 383 0
1403395200 339 0 387 0
1403308800 331 0 393 0
1403222400 313 0 395 0
1403136000 345 0 389 0
1403049600 348 0 400 0
1402963200 356 0 407 0
1402876800 347 0 410 0
1402790400 344 0 405 0
1402704000 341 0 384 0
1402617600 344 0 404 0
1402531200 361 0 413 0
1402444800 357 0 403 0
1402358400 355 0 402 0
1402272000 341 0 393 0
1402185600 349 0 403 0
1402099200 342 0 386 0
1402012800 338 0 397 0
1401926400 332 0 378 0
1401840000 333 0 397 0
1401753600 329 0 376 0
1401667200 326 0 383 0
1401580800 327 0 388 0
1401494400 296 0 349 0
1401408000 305 0 358 0
1401321600 304 0 373 0
1401235200 310 0 362 0
1401148800 331 0 396 0
1401062400 313 0 363 0
1400976000 268 0 383 0
1400889600 346 0 409 0
1400803200 321 0 404 0
1400716800 281 0 384 0
1400630400 348 0 413 0
1400544000 364 0 416 0
1400457600 360 0 409 0
1400371200 355 0 437 0
1400284800 338 0 419 0
1400198400 330 0 380 0
1400112000 342 0 402 0
1400025600 351 0 412 0
1399939200 339 0 411 0
1399852800 315 0 375 0
1399766400 324 0 428 0
1399680000 362 0 427 0
1399593600 332 0 390 0
1399507200 344 0 407 0
1399420800 326 0 410 0
1399334400 349 0 418 0
1399248000 349 0 410 0
1399161600 333 0 400 0
1399075200 326 0 363 0
1398988800 334 0 388 0
1398902400 346 0 427 0
1398816000 346 0 412 0
1398729600 342 0 395 0
1398643200 357 0 412 0
1398556800 322 0 381 0
1398470400 340 0 419 0
1398384000 364 0 437 0
1398297600 364 0 449 0
1398211200 378 0 453 0
1398124800 385 0 438 0
1398038400 365 0 431 0
1397952000 367 0 459 0
1397865600 385 0 453 0
1397779200 376 0 434 0
1397692800 380 0 439 0
1397606400 355 0 438 0
1397520000 387 0 440 0
1397433600 382 0 438 0
1397347200 394 0 451 0
1397260800 400 0 451 0
1397174400 379 0 452 0
1397088000 370 0 424 0
1397001600 330 0 424 0
1396915200 364 0 428 0
1396828800 373 0 412 0
1396742400 396 0 453 0
1396656000 384 0 431 0
1396569600 370 0 441 0
1396483200 367 0 425 0
1396396800 350 0 401 0
1396310400 336 0 387 0
1396224000 332 0 394 0
1396137600 327 0 386 0
1396051200 312 0 351 0
1395964800 326 0 371 0
1395878400 315 0 363 0
1395792000 307 0 351 0
1395705600 292 0 344 0
1395619200 296 0 354 0
1395532800 290 0 356 0
1395446400 270 0 355 0
1395360000 312 0 365 0
1395273600 304 0 358 0
1395187200 296 0 363 0
1395100800 314 0 372 0
1395014400 300 0 368 0
1394928000 315 0 384 0
1394841600 336 0 386 0
1394755200 337 0 381 0
1394668800 329 0 376 0
1394582400 328 0 388 0
1394496000 338 0 385 0
1394409600 341 0 386 0
1394323200 332 0 376 0
1394236800 333 0 385 0
1394150400 350 0 392 0
1394064000 347 0 401 0
1393977600 343 0 397 0
1393891200 359 0 410 0
1393804800 333 0 410 0
1393718400 366 0 415 0
1393632000 366 0 404 0
1393545600 377 0 427 0
1393459200 359 0 415 0
1393372800 364 0 423 0
1393286400 375 0 430 0
1393200000 347 0 415 0
1393113600 373 0 445 0
1393027200 357 0 406 0
1392940800 368 0 420 0
1392854400 366 0 427 0
1392768000 364 0 422 0
1392681600 352 0 425 0
1392595200 276 0 377 0
1392508800 372 0 422 0
1392422400 357 0 406 0
1392336000 381 0 466 0
1392249600 383 0 445 0
1392163200 392 0 467 0
1392076800 381 0 466 0
1391990400 371 0 431 0
1391904000 380 0 449 0
1391817600 387 0 434 0
1391731200 364 0 445 0
1391644800 325 0 400 0
1391558400 358 0 418 0
1391472000 348 0 407 0
1391385600 340 0 386 0
1391299200 339 0 393 0
1391212800 331 0 398 0
1391126400 343 0 397 0
1391040000 341 0 390 0
1390953600 364 0 410 0
1390867200 368 0 408 0
1390780800 375 0 441 0
1390694400 362 0 424 0
1390608000 371 0 425 0
1390521600 367 0 413 0
1390435200 368 0 417 0
1390348800 373 0 423 0
1390262400 375 0 431 0
1390176000 344 0 427 0
1390089600 334 0 423 0
1390003200 362 0 409 0
1389916800 313 0 398 0
1389830400 375 0 427 0
1389744000 388 0 438 0
1389657600 389 0 439 0
1389571200 386 0 448 0
1389484800 400 0 471 0
1389398400 392 0 446 0
1389312000 402 0 458 0
1389225600 401 0 451 0
1389139200 413 0 478 0
1389052800 409 0 471 0
1388966400 402 0 459 0
1388880000 393 0 443 0
1388793600 384 0 430 0
1388707200 395 0 461 0
1388620800 365 0 421 0
1388534400 364 0 419 0
1388448000 371 0 419 0
1388361600 364 0 411 0
1388275200 357 0 427 0
1388188800 323 0 384 0
1388102400 314 0 314 0
1388016000 314 0 314 0
1387929600 314 0 314 0
1387843200 314 0 314 0
1387756800 314 0 314 0
1387670400 314 0 314 0
1387584000 314 0 314 0
1387497600 314 0 314 0
1387411200 314 0 314 0
1387324800 314 0 314 0
1387238400 314 0 314 0
1387152000 314 0 314 0
1387065600 314 0 314 0
1386979200 314 0 314 0
1386892800 314 0 314 0
1386806400 314 0 314 0
1386720000 314 0 314 0
1386633600 314 0 314 0
1386547200 314 0 314 0
1386460800 314 0 314 0
1386374400 314 0 314 0
1386288000 314 0 314 0
1386201600 314 0 314 0
1386115200 314 0 314 0
1386028800 314 0 314 0
1385942400 314 0 314 0
1385856000 314 0 314 0
1385769600 314 0 314 0
1385683200 314 0 314 0
1385596800 314 0 314 0
1385510400 314 0 314 0
1385424000 314 0 314 0
1385337600 314 0 314 0
1385251200 314 0 314 0
1385164800 314 0 314 0
1385078400 314 0 314 0
1384992000 314 0 314 0
1384905600 314 0 314 0
1384819200 314 0 314 0
1384732800 314 0 314 0
1384646400 314 0 314 0
1384560000 314 0 314 0
1384473600 314 0 314 0
1384387200 314 0 314 0
1384300800 314 0 314 0
1384214400 314 0 314 0
1384128000 314 0 314 0
1384041600 314 0 314 0
1383955200 314 0 314 0
1383868800 314 0 314 0
1383782400 314 0 314 0
1383696000 314 0 314 0
1383609600 314 0 314 0
1383523200 314 0 314 0
1383436800 314 0 314 0
1383350400 314 0 314 0
1383264000 314 0 314 0
1383177600 314 0 314 0
1383091200 314 0 314 0
1383004800 314 0 314 0
1382918400 314 0 314 0
1382832000 314 0 314 0
1382745600 314 0 314 0
1382659200 314 0 314 0
1382572800 314 0 314 0
1382486400 314 0 314 0
1382400000 314 0 314 0
1382313600 314 0 314 0
1382227200 314 0 314 0
1382140800 314 0 314 0
1382054400 314 0 314 0
1381968000 314 0 314 0
1381881600 314 0 314 0
1381795200 314 0 314 0
1381708800 314 0 314 0
1381622400 314 0 314 0
1381536000 314 0 314 0
1381449600 314 0 314 0
1381363200 314 0 314 0
1381276800 314 0 314 0
1381190400 314 0 314 0
1381104000 314 0 314 0
1381017600 314 0 314 0
1380931200 314 0 314 0
1380844800 314 0 314 0
1380758400 314 0 314 0
1380672000 314 0 314 0
1380585600 314 0 314 0
1380499200 314 0 314 0
1380412800 314 0 314 0
1380326400 314 0 314 0
1380240000 314 0 314 0
1380153600 314 0 314 0
1380067200 314 0 314 0
1379980800 314 0 314 0
1379894400 314 0 314 0
1379808000 314 0 314 0
1379721600 314 0 314 0
1379635200 314 0 314 0
1379548800 314 0 314 0
1379462400 314 0 314 0
1379376000 314 0 314 0
1379289600 314 0 314 0
1379203200 314 0 314 0
1379116800 314 0 314 0
1379030400 314 0 314 0
1378944000 314 0 314 0
1378857600 314 0 314 0
1378771200 314 0 314 0
1378684800 314 0 314 0
1378598400 314 0 314 0
1378512000 314 0 314 0
1378425600 314 0 314 0
1378339200 314 0 314 0
1378252800 314 0 314 0
1378166400 314 0 314 0
1378080000 314 0 314 0
1377993600 314 0 314 0
1377907200 314 0 314 0
1377820800 314 0 314 0
1377734400 314 0 314 0
1377648000 314 0 314 0
1377561600 314 0 314 0
1377475200 314 0 314 0
1377388800 314 0 314 0
1377302400 314 0 314 0
1377216000 314 0 314 0
1377129600 314 0 314 0
1377043200 314 0 314 0
1376956800 314 0 314 0
1376870400 314 0 314 0
1376784000 314 0 314 0
1376697600 314 0 314 0
1376611200 314 0 314 0
1376524800 314 0 314 0
1376438400 314 0 314 0
1376352000 314 0 314 0
1376265600 314 0 314 0
1376179200 314 0 314 0
1376092800 314 0 314 0
1376006400 314 0 314 0
1375920000 314 0 314 0
1375833600 314 0 314 0
1375747200 314 0 314 0
1375660800 314 0 314 0
1375574400 314 0 314 0
1375488000 314 0 314 0
1375401600 314 0 314 0
1375315200 314 0 314 0
1375228800 314 0 314 0
1375142400 314 0 314 0
1375056000 314 0 314 0
1374969600 314 0 314 0
1374883200 314 0 314 0
1374796800 314 0 314 0
1374710400 314 0 314 0
1374624000 314 0 314 0
1374537600 314 0 314 0
1374451200 314 0 314 0
1374364800 314 0 314 0
1374278400 314 0 314 0
1374192000 314 0 314 0
1374105600 314 0 314 0
1374019200 314 0 314 0
1373932800 314 0 314 0
1373846400 314 0 314 0
1373760000 314 0 314 0
1373673600 314 0 314 0
1373587200 314 0 314 0
1373500800 314 0 314 0
1373414400 314 0 314 0
1373328000 314 0 314 0
1373241600 314 0 314 0
1373155200 314 0 314 0
1373068800 314 0 314 0
1372982400 314 0 314 0
1372896000 314 0 314 0
1372809600 314 0 314 0
1372723200 314 0 314 0
1372636800 314 0 314 0
1372550400 314 0 314 0
1372464000 314 0 314 0
1372377600 314 0 314 0
1372291200 314 0 314 0
1372204800 314 0 314 0
1372118400 314 0 314 0
1372032000 314 0 314 0
1371945600 314 0 314 0
1371859200 314 0 314 0
1371772800 314 0 314 0
1371686400 314 0 314 0
1371600000 314 0 314 0
1371513600 314 0 314 0
1371427200 314 0 314 0
1371340800 314 0 314 0
1371254400 314 0 314 0
1371168000 314 0 314 0
1371081600 314 0 314 0
1370995200 314 0 314 0
1370908800 314 0 314 0
1370822400 314 0 314 0
1370736000 314 0 314 0
1370649600 314 0 314 0
1370563200 314 0 314 0
1370476800 314 0 314 0
1370390400 314 0 314 0
1370304000 314 0 314 0
1370217600 314 0 314 0
1370131200 314 0 314 0
1370044800 314 0 314 0
1369958400 314 0 314 0
1369872000 314 0 314 0
1369785600 314 0 314 0
1369699200 314 0 314 0
1369612800 314 0 314 0
1369526400 314 0 314 0
1369440000 314 0 314 0
1369353600 314 0 314 0
1369267200 314 0 314 0
1369180800 314 0 314 0
1369094400 314 0 314 0
1369008000 314 0 314 0
1368921600 314 0 314 0
1368835200 314 0 314 0
1368748800 314 0 314 0
1368662400 314 0 314 0
1368576000 314 0 314 0
1368489600 314 0 314 0
1368403200 314 0 314 0
1368316800 314 0 314 0
1368230400 314 0 314 0
1368144000 314 0 314 0
1368057600 314 0 314 0
1367971200 314 0 314 0
1367884800 314 0 314 0
1367798400 314 0 314 0
1367712000 314 0 314 0
1367625600 314 0 314 0
1367539200 314 0 314 0
1367452800 314 0 314 0
1367366400 314 0 314 0
1367280000 314 0 314 0
1367193600 314 0 314 0
1367107200 314 0 314 0
1367020800 314 0 314 0
1366934400 314 0 314 0
1366848000 314 0 314 0
1366761600 314 0 314 0
1366675200 314 0 314 0
1366588800 314 0 314 0
1366502400 314 0 314 0
1366416000 314 0 314 0
1366329600 314 0 314 0
1366243200 314 0 314 0
1366156800 314 0 314 0
1366070400 314 0 314 0
1365984000 314 0 314 0
1365897600 314 0 314 0
1365811200 314 0 314 0
1365724800 314 0 314 0
1365638400 314 0 314 0
1365552000 314 0 314 0
1365465600 314 0 314 0
1365379200 314 0 314 0
1365292800 314 0 314 0
1365206400 314 0 314 0
1365120000 314 0 314 0
1365033600 314 0 314 0
1364947200 314 0 314 0
1364860800 314 0 314 0
1364774400 314 0 314 0
1364688000 314 0 314 0
1364601600 314 0 314 0
1364515200 314 0 314 0
1364428800 314 0 314 0
1364342400 314 0 314 0
1364256000 314 0 314 0
1364169600 314 0 314 0
1364083200 314 0 314 0
1363996800 314 0 314 0
1363910400 314 0 314 0
1363824000 314 0 314 0
1363737600 314 0 314 0
1363651200 314 0 314 0
1363564800 314 0 314 0
1363478400 314 0 314 0
1363392000 314 0 314 0
1363305600 314 0 314 0
1363219200 314 0 314 0
1363132800 314 0 314 0
1363046400 314 0 314 0
1362960000 314 0 314 0
1362873600 314 0 314 0
1362787200 314 0 314 0
1362700800 314 0 314 0
1362614400 314 0 314 0
1362528000 314 0 314 0
1362441600 314 0 314 0
1362355200 314 0 314 0
1362268800 314 0 314 0
1362182400 314 0 314 0
1362096000 314 0 314 0
1362009600 314 0 314 0
1361923200 314 0 314 0
1361836800 314 0 314 0
1361750400 314 0 314 0
1361664000 314 0 314 0
1361577600 314 0 314 0
1361491200 314 0 314 0
1361404800 314 0 314 0
1361318400 314 0 314 0
1361232000 314 0 314 0
1361145600 314 0 314 0
1361059200 314 0 314 0
1360972800 314 0 314 0
1360886400 314 0 314 0
1360800000 314 0 314 0
1360713600 314 0 314 0
1360627200 314 0 314 0
1360540800 314 0 314 0
1360454400 314 0 314 0
1360368000 314 0 314 0
1360281600 314 0 314 0
1360195200 314 0 314 0
1360108800 314 0 314 0
1360022400 314 0 314 0
1359936000 314 0 314 0
1359849600 314 0 314 0
1359763200 314 0 314 0
1359676800 314 0 314 0
1359590400 314 0 314 0
1359504000 314 0 314 0
1359417600 314 0 314 0
1359331200 314 0 314 0
1359244800 314 0 314 0
1359158400 314 0 314 0
1359072000 314 0 314 0
1358985600 314 0 314 0
1358899200 314 0 314 0
1358812800 314 0 314 0
1358726400 314 0 314 0
1358640000 314 0 314 0
1358553600 314 0 314 0
1358467200 314 0 314 0
1358380800 314 0 314 0
1358294400 314 0 314 0
1358208000 314 0 314 0
1358121600 314 0 314 0
1358035200 314 0 314 0
1357948800 314 0 314 0
1357862400 314 0 314 0
1357776000 314 0 314 0
1357689600 314 0 314 0
1357603200 314 0 314 0
1357516800 314 0 314 0
1357430400 314 0 314 0
1357344000 314 0 314 0
1357257600 314 0 314 0
1357171200 314 0 314 0
1357084800 314 0 314 0
1356998400 314 0 314 0
1356912000 314 0 314 0
1356825600 314 0 314 0
1356739200 314 0 314 0
1356652800 314 0 314 0
1356566400 314 0 314 0
1356480000 314 0 314 0
1356393600 314 0 314 0
1356307200 314 0 314 0
1356220800 314 0 314 0
1356134400 314 0 314 0
1356048000 314 0 314 0
1355961600 314 0 314 0
1355875200 314 0 314 0
1355788800 314 0 314 0
1355702400 314 0 314 0
1355616000 314 0 314 0
1355529600 314 0 314 0
1355443200 314 0 314 0
1355356800 314 0 314 0
1355270400 314 0 314 0
1355184000 314 0 314 0
1355097600 314 0 314 0
1355011200 314 0 314 0
1354924800 314 0 314 0
1354838400 314 0 314 0
1354752000 314 0 314 0
1354665600 314 0 314 0
1354579200 314 0 314 0
1354492800 314 0 314 0
1354406400 314 0 314 0
1354320000 314 0 314 0
1354233600 314 0 314 0
1354147200 314 0 314 0
1354060800 314 0 314 0
1353974400 314 0 314 0
1353888000 314 0 314 0
1353801600 314 0 314 0
1353715200 314 0 314 0
1353628800 314 0 314 0
1353542400 314 0 314 0
1353456000 314 0 314 0
1353369600 314 0 314 0
1353283200 314 0 314 0
1353196800 314 0 314 0
1353110400 314 0 314 0
1353024000 314 0 314 0
1352937600 314 0 314 0
1352851200 314 0 314 0
1352764800 314 0 314 0
1352678400 314 0 314 0
1352592000 314 0 314 0
1352505600 314 0 314 0
1352419200 314 0 314 0
1352332800 314 0 314 0
1352246400 314 0 314 0
1352160000 314 0 314 0
1352073600 314 0 314 0
1351987200 314 0 314 0
1351900800 314 0 314 0
1351814400 314 0 314 0
1351728000 314 0 314 0
1351641600 314 0 314 0
1351555200 314 0 314 0
1351468800 314 0 314 0
1351382400 314 0 314 0
1351296000 314 0 314 0
1351209600 314 0 314 0
1351123200 314 0 314 0
1351036800 314 0 314 0
1350950400 314 0 314 0
1350864000 314 0 314 0
1350777600 314 0 314 0
1350691200 314 0 314 0
1350604800 314 0 314 0
1350518400 314 0 314 0
1350432000 314 0 314 0
1350345600 314 0 314 0
1350259200 314 0 314 0
1350172800 314 0 314 0
1350086400 314 0 314 0
1350000000 314 0 314 0
1349913600 314 0 314 0
1349827200 314 0 314 0
1349740800 260 0 314 0
1349654400 269 0 339 0
1349568000 273 0 341 0
1349481600 278 0 341 0
1349395200 276 0 329 0
1349308800 262 0 325 0
1349222400 242 0 292 0
1349136000 240 0 293 0
1349049600 231 0 291 0
1348963200 264 0 319 0
1348876800 264 0 323 0
1348790400 250 0 297 0
1348704000 252 0 312 0
1348617600 219 0 272 0
1348531200 218 0 302 0
1348444800 248 0 306 0
1348358400 249 0 310 0
1348272000 235 0 295 0
1348185600 235 0 276 0
1348099200 225 0 278 0
1348012800 229 0 304 0
1347926400 220 0 291 0
1347840000 240 0 309 0
1347753600 223 0 296 0
1347667200 21 0 240 0
1347580800 228 0 299 0
1347494400 243 0 311 0
1347408000 251 0 301 0
1347321600 224 0 302 0
1347235200 248 0 305 0
1347148800 241 0 292 0
1347062400 232 0 310 0
1346976000 238 0 299 0
1346889600 226 0 290 0
1346803200 238 0 309 0
1346716800 225 0 301 0
1346630400 255 0 313 0
1346544000 256 0 320 0
1346457600 257 0 324 0
