2001.11.27 07:01 A E:\world\u\lonely\llzhuang\chukou.c <-- USRobotics /WINNT/system32/mud/world/u/lonely/llzhuang chukou.c
2001.11.27 07:01 A E:\world\u\lonely\llzhuang\didao.c <-- USRobotics /WINNT/system32/mud/world/u/lonely/llzhuang didao.c
2001.11.27 07:01 A E:\world\u\lonely\llzhuang\didao1.c <-- USRobotics /WINNT/system32/mud/world/u/lonely/llzhuang didao1.c
2001.11.27 07:01 A E:\world\u\lonely\llzhuang\didao2.c <-- USRobotics /WINNT/system32/mud/world/u/lonely/llzhuang didao2.c
2001.11.27 07:01 A E:\world\u\lonely\llzhuang\dukou.b <-- USRobotics /WINNT/system32/mud/world/u/lonely/llzhuang dukou.b
2001.11.27 07:01 A E:\world\u\lonely\llzhuang\dukou.c <-- USRobotics /WINNT/system32/mud/world/u/lonely/llzhuang dukou.c
2001.11.27 07:01 A E:\world\u\lonely\llzhuang\dynamicd.c <-- USRobotics /WINNT/system32/mud/world/u/lonely/llzhuang dynamicd.c
2001.11.27 07:01 A E:\world\u\lonely\llzhuang\gate.c <-- USRobotics /WINNT/system32/mud/world/u/lonely/llzhuang gate.c
2001.11.27 07:01 A E:\world\u\lonely\llzhuang\hall.c <-- USRobotics /WINNT/system32/mud/world/u/lonely/llzhuang hall.c
2001.11.27 07:01 A E:\world\u\lonely\llzhuang\hole.c <-- USRobotics /WINNT/system32/mud/world/u/lonely/llzhuang hole.c
2001.11.27 07:01 A E:\world\u\lonely\llzhuang\hole1.c <-- USRobotics /WINNT/system32/mud/world/u/lonely/llzhuang hole1.c
2001.11.27 07:01 A E:\world\u\lonely\llzhuang\hole2.c <-- USRobotics /WINNT/system32/mud/world/u/lonely/llzhuang hole2.c
2001.11.27 07:01 A E:\world\u\lonely\llzhuang\hole3.c <-- USRobotics /WINNT/system32/mud/world/u/lonely/llzhuang hole3.c
2001.11.27 07:01 A E:\world\u\lonely\llzhuang\hole4.c <-- USRobotics /WINNT/system32/mud/world/u/lonely/llzhuang hole4.c
2001.11.27 07:02 A E:\world\u\lonely\llzhuang\hole5.c <-- USRobotics /WINNT/system32/mud/world/u/lonely/llzhuang hole5.c
2001.11.27 07:02 A E:\world\u\lonely\llzhuang\hole6.c <-- USRobotics /WINNT/system32/mud/world/u/lonely/llzhuang hole6.c
2001.11.27 07:02 A E:\world\u\lonely\llzhuang\hole7.c <-- USRobotics /WINNT/system32/mud/world/u/lonely/llzhuang hole7.c
2001.11.27 07:02 A E:\world\u\lonely\llzhuang\inn.c <-- USRobotics /WINNT/system32/mud/world/u/lonely/llzhuang inn.c
2001.11.27 07:02 A E:\world\u\lonely\llzhuang\killer1.c <-- USRobotics /WINNT/system32/mud/world/u/lonely/llzhuang killer1.c
2001.11.27 07:02 A E:\world\u\lonely\llzhuang\log <-- USRobotics /WINNT/system32/mud/world/u/lonely/llzhuang log
2001.11.27 07:02 A E:\world\u\lonely\llzhuang\lou0.c <-- USRobotics /WINNT/system32/mud/world/u/lonely/llzhuang lou0.c
2001.11.27 07:02 A E:\world\u\lonely\llzhuang\lou1.c <-- USRobotics /WINNT/system32/mud/world/u/lonely/llzhuang lou1.c
2001.11.27 07:02 A E:\world\u\lonely\llzhuang\lou2.c <-- USRobotics /WINNT/system32/mud/world/u/lonely/llzhuang lou2.c
2001.11.27 07:02 A E:\world\u\lonely\llzhuang\lou3.c <-- USRobotics /WINNT/system32/mud/world/u/lonely/llzhuang lou3.c
2001.11.27 07:02 A E:\world\u\lonely\llzhuang\lou4.c <-- USRobotics /WINNT/system32/mud/world/u/lonely/llzhuang lou4.c
2001.11.27 07:02 A E:\world\u\lonely\llzhuang\lou5.c <-- USRobotics /WINNT/system32/mud/world/u/lonely/llzhuang lou5.c
2001.11.27 07:02 A E:\world\u\lonely\llzhuang\lou6.c <-- USRobotics /WINNT/system32/mud/world/u/lonely/llzhuang lou6.c
2001.11.27 07:02 A E:\world\u\lonely\llzhuang\lou7.c <-- USRobotics /WINNT/system32/mud/world/u/lonely/llzhuang lou7.c
2001.11.27 07:03 A E:\world\u\lonely\llzhuang\lou8.c <-- USRobotics /WINNT/system32/mud/world/u/lonely/llzhuang lou8.c
2001.11.27 07:03 A E:\world\u\lonely\llzhuang\lou9.c <-- USRobotics /WINNT/system32/mud/world/u/lonely/llzhuang lou9.c
2001.11.27 07:03 A E:\world\u\lonely\llzhuang\neishi.c <-- USRobotics /WINNT/system32/mud/world/u/lonely/llzhuang neishi.c
2001.11.27 07:03 A E:\world\u\lonely\llzhuang\random_name.h <-- USRobotics /WINNT/system32/mud/world/u/lonely/llzhuang random_name.h
2001.11.27 07:03 A E:\world\u\lonely\llzhuang\road.c <-- USRobotics /WINNT/system32/mud/world/u/lonely/llzhuang road.c
2001.11.27 07:03 A E:\world\u\lonely\llzhuang\road1.c <-- USRobotics /WINNT/system32/mud/world/u/lonely/llzhuang road1.c
2001.11.27 07:03 A E:\world\u\lonely\llzhuang\road2.c <-- USRobotics /WINNT/system32/mud/world/u/lonely/llzhuang road2.c
2001.11.27 07:03 A E:\world\u\lonely\llzhuang\shishi.c <-- USRobotics /WINNT/system32/mud/world/u/lonely/llzhuang shishi.c
2001.11.27 07:03 A E:\world\u\lonely\llzhuang\stone1.c <-- USRobotics /WINNT/system32/mud/world/u/lonely/llzhuang stone1.c
2001.11.27 07:03 A E:\world\u\lonely\llzhuang\stone2.c <-- USRobotics /WINNT/system32/mud/world/u/lonely/llzhuang stone2.c
2001.11.27 07:03 A E:\world\u\lonely\llzhuang\stone3.c <-- USRobotics /WINNT/system32/mud/world/u/lonely/llzhuang stone3.c
2001.11.27 07:03 A E:\world\u\lonely\llzhuang\stone4.c <-- USRobotics /WINNT/system32/mud/world/u/lonely/llzhuang stone4.c
2001.11.27 07:03 A E:\world\u\lonely\llzhuang\stone5.c <-- USRobotics /WINNT/system32/mud/world/u/lonely/llzhuang stone5.c
2001.11.27 07:04 A E:\world\u\lonely\llzhuang\stone6.c <-- USRobotics /WINNT/system32/mud/world/u/lonely/llzhuang stone6.c
2001.11.27 07:04 A E:\world\u\lonely\llzhuang\stone7.c <-- USRobotics /WINNT/system32/mud/world/u/lonely/llzhuang stone7.c
2001.11.27 07:04 A E:\world\u\lonely\llzhuang\stone8.c <-- USRobotics /WINNT/system32/mud/world/u/lonely/llzhuang stone8.c
2001.11.27 07:04 A E:\world\u\lonely\llzhuang\xueyuan.c <-- USRobotics /WINNT/system32/mud/world/u/lonely/llzhuang xueyuan.c
2001.11.27 07:04 A E:\world\u\lonely\llzhuang\yongdao1.c <-- USRobotics /WINNT/system32/mud/world/u/lonely/llzhuang yongdao1.c
2001.11.27 07:04 A E:\world\u\lonely\llzhuang\yongdao2.c <-- USRobotics /WINNT/system32/mud/world/u/lonely/llzhuang yongdao2.c
2001.11.27 07:04 A E:\world\u\lonely\llzhuang\yongdao3.c <-- USRobotics /WINNT/system32/mud/world/u/lonely/llzhuang yongdao3.c
