1422762432 0 0
1422762432 157 0 157 0
1415263677 157 0 157 0
1415263500 157 0 157 0
1415263200 157 0 157 0
1415262900 157 0 160 0
1415262600 160 0 160 0
1415262300 160 0 160 0
1415262000 160 0 160 0
1415261700 160 0 160 0
1415261400 160 0 160 0
1415261100 159 0 160 0
1415260800 158 0 158 0
1415260500 158 0 158 0
1415260200 158 0 158 0
1415259900 158 0 158 0
1415259600 158 0 158 0
1415259300 158 0 158 0
1415259000 158 0 158 0
1415258700 157 0 158 0
1415258400 156 0 156 0
1415258100 156 0 157 0
1415257800 157 0 157 0
1415257500 157 0 157 0
1415257200 157 0 157 0
1415256900 157 0 157 0
1415256600 157 0 157 0
1415256300 157 0 157 0
1415256000 157 0 157 0
1415255700 157 0 157 0
1415255400 157 0 157 0
1415255100 157 0 157 0
1415254800 157 0 157 0
1415254500 157 0 157 0
1415254200 157 0 157 0
1415253900 157 0 157 0
1415253600 157 0 157 0
1415253300 157 0 157 0
1415253000 157 0 157 0
1415252700 157 0 157 0
1415252400 157 0 157 0
1415252100 157 0 157 0
1415251800 157 0 157 0
1415251500 157 0 157 0
1415251200 157 0 157 0
1415250900 157 0 157 0
1415250600 157 0 157 0
1415250300 157 0 157 0
1415250000 157 0 157 0
1415249700 157 0 157 0
1415249400 157 0 157 0
1415249100 157 0 157 0
1415248800 157 0 157 0
1415248500 157 0 157 0
1415248200 158 0 159 0
1415247900 159 0 159 0
1415247600 159 0 159 0
1415247300 159 0 159 0
1415247000 159 0 159 0
1415246700 159 0 159 0
1415246400 159 0 159 0
1415246100 159 0 159 0
1415245800 159 0 159 0
1415245500 159 0 159 0
1415245200 159 0 159 0
1415244900 159 0 159 0
1415244600 159 0 159 0
1415244300 159 0 159 0
1415244000 159 0 159 0
1415243700 159 0 159 0
1415243400 159 0 159 0
1415243100 159 0 159 0
1415242800 159 0 159 0
1415242500 159 0 159 0
1415242200 159 0 159 0
1415241900 159 0 159 0
1415241600 159 0 159 0
1415241300 159 0 159 0
1415241000 159 0 159 0
1415240700 159 0 159 0
1415240400 159 0 159 0
1415240100 159 0 159 0
1415239800 159 0 159 0
1415239500 159 0 159 0
1415239200 159 0 159 0
1415238900 159 0 159 0
1415238600 159 0 159 0
1415238300 159 0 159 0
1415238000 159 0 159 0
1415237700 159 0 159 0
1415237400 159 0 159 0
1415237100 159 0 159 0
1415236800 159 0 159 0
1415236500 159 0 159 0
1415236200 159 0 159 0
1415235900 159 0 159 0
1415235600 159 0 159 0
1415235300 159 0 159 0
1415235000 159 0 159 0
1415234700 159 0 159 0
1415234400 159 0 159 0
1415234100 159 0 159 0
1415233800 159 0 159 0
1415233500 159 0 159 0
1415233200 159 0 159 0
1415232900 159 0 159 0
1415232600 159 0 159 0
1415232300 159 0 159 0
1415232000 159 0 159 0
1415231700 159 0 159 0
1415231400 159 0 159 0
1415231100 159 0 159 0
1415230800 159 0 159 0
1415230500 159 0 159 0
1415230200 159 0 159 0
1415229900 159 0 159 0
1415229600 159 0 159 0
1415229300 159 0 159 0
1415229000 159 0 159 0
1415228700 159 0 159 0
1415228400 159 0 159 0
1415228100 159 0 159 0
1415227800 159 0 159 0
1415227500 159 0 159 0
1415227200 159 0 159 0
1415226900 159 0 159 0
1415226600 159 0 159 0
1415226300 159 0 159 0
1415226000 159 0 159 0
1415225700 159 0 159 0
1415225400 159 0 159 0
1415225100 159 0 159 0
1415224800 159 0 159 0
1415224500 159 0 159 0
1415224200 159 0 159 0
1415223900 159 0 159 0
1415223600 159 0 159 0
1415223300 159 0 159 0
1415223000 159 0 159 0
1415222700 159 0 159 0
1415222400 159 0 159 0
1415222100 159 0 159 0
1415221800 159 0 159 0
1415221500 159 0 159 0
1415221200 159 0 159 0
1415220900 159 0 159 0
1415220600 159 0 159 0
1415220300 159 0 159 0
1415220000 159 0 159 0
1415219700 159 0 159 0
1415219400 159 0 159 0
1415219100 159 0 159 0
1415218800 159 0 159 0
1415218500 159 0 159 0
1415218200 159 0 159 0
1415217900 159 0 159 0
1415217600 159 0 159 0
1415217300 159 0 159 0
1415217000 159 0 159 0
1415216700 159 0 159 0
1415216400 159 0 159 0
1415216100 159 0 159 0
1415215800 159 0 159 0
1415215500 159 0 159 0
1415215200 159 0 159 0
1415214900 159 0 159 0
1415214600 159 0 159 0
1415214300 159 0 159 0
1415214000 159 0 159 0
1415213700 159 0 159 0
1415213400 159 0 159 0
1415213100 159 0 159 0
1415212800 159 0 159 0
1415212500 159 0 159 0
1415212200 159 0 159 0
1415211900 159 0 159 0
1415211600 159 0 159 0
1415211300 159 0 159 0
1415211000 159 0 159 0
1415210700 159 0 159 0
1415210400 159 0 159 0
1415210100 159 0 159 0
1415209800 159 0 159 0
1415209500 159 0 159 0
1415209200 159 0 159 0
1415208900 159 0 159 0
1415208600 159 0 159 0
1415208300 159 0 159 0
1415208000 159 0 159 0
1415207700 159 0 159 0
1415207400 159 0 159 0
1415207100 159 0 159 0
1415206800 159 0 159 0
1415206500 159 0 159 0
1415206200 159 0 159 0
1415205900 159 0 159 0
1415205600 159 0 159 0
1415205300 159 0 159 0
1415205000 159 0 159 0
1415204700 159 0 159 0
1415204400 159 0 159 0
1415204100 159 0 159 0
1415203800 159 0 159 0
1415203500 159 0 159 0
1415203200 159 0 159 0
1415202900 159 0 159 0
1415202600 159 0 159 0
1415202300 159 0 159 0
1415202000 159 0 159 0
1415201700 159 0 159 0
1415201400 159 0 159 0
1415201100 159 0 159 0
1415200800 159 0 159 0
1415200500 159 0 159 0
1415200200 159 0 159 0
1415199900 159 0 159 0
1415199600 159 0 159 0
1415199300 159 0 159 0
1415199000 156 0 159 0
1415198700 156 0 156 0
1415198400 156 0 156 0
1415198100 156 0 156 0
1415197800 159 0 160 0
1415197500 160 0 160 0
1415197200 160 0 160 0
1415196900 160 0 160 0
1415196600 160 0 160 0
1415196300 160 0 160 0
1415196000 160 0 160 0
1415195700 158 0 160 0
1415195400 158 0 158 0
1415195100 158 0 158 0
1415194800 158 0 158 0
1415194500 158 0 158 0
1415194200 158 0 158 0
1415193900 158 0 159 0
1415193600 159 0 159 0
1415193300 159 0 159 0
1415193000 315 0 318 0
1415192700 318 0 318 0
1415192400 318 0 318 0
1415192100 318 0 318 0
1415191800 318 0 318 0
1415191500 318 0 318 0
1415191200 318 0 318 0
1415190900 318 0 318 0
1415190600 318 0 318 0
1415190300 318 0 318 0
1415190000 318 0 318 0
1415189700 318 0 318 0
1415189400 318 0 318 0
1415189100 318 0 318 0
1415188800 318 0 318 0
1415188500 318 0 318 0
1415188200 318 0 318 0
1415187900 318 0 318 0
1415187600 318 0 318 0
1415187300 318 0 318 0
1415187000 318 0 318 0
1415186700 318 0 318 0
1415186400 318 0 318 0
1415186100 318 0 318 0
1415185800 318 0 318 0
1415185500 318 0 318 0
1415185200 318 0 318 0
1415184900 318 0 318 0
1415184600 318 0 318 0
1415184300 318 0 318 0
1415184000 318 0 318 0
1415183700 318 0 318 0
1415183400 318 0 318 0
1415183100 318 0 318 0
1415182800 318 0 318 0
1415182500 318 0 318 0
1415182200 318 0 318 0
1415181900 318 0 318 0
1415181600 318 0 318 0
1415181300 318 0 318 0
1415181000 318 0 318 0
1415180700 318 0 318 0
1415180400 318 0 318 0
1415180100 318 0 318 0
1415179800 318 0 318 0
1415179500 318 0 318 0
1415179200 318 0 318 0
1415178900 318 0 318 0
1415178600 318 0 318 0
1415178300 318 0 318 0
1415178000 318 0 318 0
1415177700 318 0 318 0
1415177400 318 0 318 0
1415177100 318 0 318 0
1415176800 318 0 318 0
1415176500 318 0 318 0
1415176200 318 0 318 0
1415175900 318 0 318 0
1415175600 318 0 318 0
1415175300 318 0 318 0
1415175000 318 0 318 0
1415174700 318 0 318 0
1415174400 318 0 318 0
1415174100 318 0 318 0
1415173800 318 0 318 0
1415173500 318 0 318 0
1415173200 318 0 318 0
1415172900 318 0 318 0
1415172600 318 0 318 0
1415172300 318 0 318 0
1415172000 318 0 318 0
1415171700 318 0 318 0
1415171400 318 0 318 0
1415171100 318 0 318 0
1415170800 318 0 318 0
1415170500 318 0 318 0
1415170200 318 0 318 0
1415169900 318 0 318 0
1415169600 318 0 318 0
1415169300 318 0 318 0
1415169000 318 0 318 0
1415168700 318 0 318 0
1415168400 318 0 318 0
1415168100 318 0 318 0
1415167800 318 0 318 0
1415167500 318 0 318 0
1415167200 318 0 318 0
1415166900 318 0 318 0
1415166600 318 0 318 0
1415166300 318 0 318 0
1415166000 318 0 318 0
1415165700 318 0 318 0
1415165400 318 0 318 0
1415165100 318 0 318 0
1415164800 318 0 318 0
1415164500 318 0 318 0
1415164200 318 0 318 0
1415163900 318 0 318 0
1415163600 318 0 318 0
1415163300 318 0 318 0
1415163000 318 0 318 0
1415162700 318 0 318 0
1415162400 318 0 318 0
1415162100 318 0 318 0
1415161800 318 0 318 0
1415161500 318 0 318 0
1415161200 318 0 318 0
1415160900 318 0 318 0
1415160600 318 0 318 0
1415160300 318 0 318 0
1415160000 318 0 318 0
1415159700 318 0 318 0
1415159400 318 0 318 0
1415159100 318 0 318 0
1415158800 318 0 318 0
1415158500 318 0 318 0
1415158200 318 0 318 0
1415157900 318 0 318 0
1415157600 318 0 318 0
1415157300 318 0 318 0
1415157000 318 0 318 0
1415156700 318 0 318 0
1415156400 318 0 318 0
1415156100 318 0 318 0
1415155800 318 0 318 0
1415155500 318 0 318 0
1415155200 318 0 318 0
1415154900 318 0 318 0
1415154600 318 0 318 0
1415154300 318 0 318 0
1415154000 318 0 318 0
1415153700 318 0 318 0
1415153400 318 0 318 0
1415153100 318 0 318 0
1415152800 318 0 318 0
1415152500 318 0 318 0
1415152200 318 0 318 0
1415151900 318 0 318 0
1415151600 318 0 318 0
1415151300 318 0 318 0
1415151000 318 0 318 0
1415150700 318 0 318 0
1415150400 318 0 318 0
1415150100 318 0 318 0
1415149800 318 0 318 0
1415149500 318 0 318 0
1415149200 318 0 318 0
1415148900 318 0 318 0
1415148600 318 0 318 0
1415148300 318 0 318 0
1415148000 318 0 318 0
1415147700 318 0 318 0
1415147400 318 0 318 0
1415147100 318 0 318 0
1415146800 318 0 318 0
1415146500 318 0 318 0
1415146200 318 0 318 0
1415145900 318 0 318 0
1415145600 318 0 318 0
1415145300 318 0 318 0
1415145000 318 0 318 0
1415144700 318 0 318 0
1415144400 318 0 318 0
1415144100 318 0 318 0
1415143800 318 0 318 0
1415143500 318 0 318 0
1415143200 318 0 318 0
1415142900 318 0 318 0
1415142600 318 0 318 0
1415142300 318 0 318 0
1415142000 318 0 318 0
1415141700 318 0 318 0
1415141400 318 0 318 0
1415141100 318 0 318 0
1415140800 318 0 318 0
1415140500 318 0 318 0
1415140200 318 0 318 0
1415139900 318 0 318 0
1415139600 318 0 318 0
1415139300 318 0 318 0
1415139000 318 0 318 0
1415138700 318 0 318 0
1415138400 318 0 318 0
1415138100 318 0 318 0
1415137800 318 0 318 0
1415137500 318 0 318 0
1415137200 318 0 318 0
1415136900 318 0 318 0
1415136600 318 0 318 0
1415136300 318 0 318 0
1415136000 318 0 318 0
1415135700 318 0 318 0
1415135400 318 0 318 0
1415135100 318 0 318 0
1415134800 318 0 318 0
1415134500 318 0 318 0
1415134200 318 0 318 0
1415133900 318 0 318 0
1415133600 318 0 318 0
1415133300 318 0 318 0
1415133000 318 0 318 0
1415132700 318 0 318 0
1415132400 318 0 318 0
1415132100 318 0 318 0
1415131800 318 0 318 0
1415131500 318 0 318 0
1415131200 318 0 318 0
1415130900 318 0 318 0
1415130600 318 0 318 0
1415130300 318 0 318 0
1415130000 318 0 318 0
1415129700 318 0 318 0
1415129400 318 0 318 0
1415129100 318 0 318 0
1415128800 318 0 318 0
1415128500 318 0 318 0
1415128200 318 0 318 0
1415127900 318 0 318 0
1415127600 318 0 318 0
1415127300 318 0 318 0
1415127000 318 0 318 0
1415126700 318 0 318 0
1415126400 318 0 318 0
1415126100 318 0 318 0
1415125800 318 0 318 0
1415125500 318 0 318 0
1415125200 318 0 318 0
1415124900 318 0 318 0
1415124600 318 0 318 0
1415124300 318 0 318 0
1415124000 318 0 318 0
1415123700 318 0 318 0
1415123400 318 0 318 0
1415123100 318 0 318 0
1415122800 318 0 318 0
1415122500 318 0 318 0
1415122200 318 0 318 0
1415121900 318 0 318 0
1415121600 318 0 318 0
1415121300 318 0 318 0
1415121000 318 0 318 0
1415120700 318 0 318 0
1415120400 318 0 318 0
1415120100 318 0 318 0
1415119800 318 0 318 0
1415119500 318 0 318 0
1415119200 318 0 318 0
1415118900 318 0 318 0
1415118600 318 0 318 0
1415118300 318 0 318 0
1415118000 318 0 318 0
1415117700 318 0 318 0
1415117400 318 0 318 0
1415117100 318 0 318 0
1415116800 318 0 318 0
1415116500 318 0 318 0
1415116200 318 0 318 0
1415115900 318 0 318 0
1415115600 318 0 318 0
1415115300 318 0 318 0
1415115000 318 0 318 0
1415114700 318 0 318 0
1415114400 318 0 318 0
1415114100 318 0 318 0
1415113800 318 0 318 0
1415113500 318 0 318 0
1415113200 318 0 318 0
1415112900 318 0 318 0
1415112600 318 0 318 0
1415112300 318 0 318 0
1415112000 318 0 318 0
1415111700 318 0 318 0
1415111400 318 0 318 0
1415111100 318 0 318 0
1415110800 318 0 318 0
1415110500 318 0 318 0
1415110200 318 0 318 0
1415109900 318 0 318 0
1415109600 318 0 318 0
1415109300 318 0 318 0
1415109000 318 0 318 0
1415108700 318 0 318 0
1415108400 318 0 318 0
1415108100 318 0 318 0
1415107800 318 0 318 0
1415107500 318 0 318 0
1415107200 318 0 318 0
1415106900 318 0 318 0
1415106600 318 0 318 0
1415106300 318 0 318 0
1415106000 318 0 318 0
1415105700 318 0 318 0
1415105400 318 0 318 0
1415105100 318 0 318 0
1415104800 318 0 318 0
1415104500 318 0 318 0
1415104200 318 0 318 0
1415103900 318 0 318 0
1415103600 318 0 318 0
1415103300 318 0 318 0
1415103000 318 0 318 0
1415102700 318 0 318 0
1415102400 318 0 318 0
1415102100 318 0 318 0
1415101800 318 0 318 0
1415101500 318 0 318 0
1415101200 318 0 318 0
1415100900 318 0 318 0
1415100600 318 0 318 0
1415100300 318 0 318 0
1415100000 318 0 318 0
1415099700 318 0 318 0
1415099400 318 0 318 0
1415099100 318 0 318 0
1415098800 318 0 318 0
1415098500 318 0 318 0
1415098200 318 0 318 0
1415097900 318 0 318 0
1415097600 318 0 318 0
1415097300 318 0 318 0
1415097000 318 0 318 0
1415096700 318 0 318 0
1415096400 318 0 318 0
1415096100 318 0 318 0
1415095800 318 0 318 0
1415095500 318 0 318 0
1415095200 318 0 318 0
1415094900 318 0 318 0
1415094600 318 0 318 0
1415094300 318 0 318 0
1415094000 318 0 318 0
1415093700 318 0 318 0
1415093400 318 0 318 0
1415093100 318 0 318 0
1415092800 318 0 318 0
1415092500 318 0 318 0
1415092200 318 0 318 0
1415091900 318 0 318 0
1415091600 318 0 318 0
1415091300 318 0 318 0
1415091000 318 0 318 0
1415090700 318 0 318 0
1415090400 318 0 318 0
1415090100 318 0 318 0
1415089800 318 0 318 0
1415089500 318 0 318 0
1415089200 318 0 318 0
1415088900 318 0 318 0
1415088600 318 0 318 0
1415088300 318 0 318 0
1415088000 318 0 318 0
1415087700 318 0 318 0
1415087400 318 0 318 0
1415087100 318 0 318 0
1415086800 318 0 318 0
1415086500 318 0 318 0
1415086200 318 0 318 0
1415085900 318 0 318 0
1415085600 318 0 318 0
1415085300 318 0 318 0
1415085000 318 0 318 0
1415084700 318 0 318 0
1415084400 318 0 318 0
1415084100 318 0 318 0
1415083800 318 0 318 0
1415082600 318 0 318 0
1415080800 318 0 318 0
1415079000 318 0 318 0
1415077200 318 0 318 0
1415075400 318 0 318 0
1415073600 318 0 318 0
1415071800 318 0 318 0
1415070000 318 0 318 0
1415068200 318 0 318 0
1415066400 318 0 318 0
1415064600 318 0 318 0
1415062800 318 0 318 0
1415061000 318 0 318 0
1415059200 318 0 318 0
1415057400 318 0 318 0
1415055600 318 0 318 0
1415053800 318 0 318 0
1415052000 318 0 318 0
1415050200 318 0 318 0
1415048400 318 0 318 0
1415046600 318 0 318 0
1415044800 318 0 318 0
1415043000 318 0 318 0
1415041200 318 0 318 0
1415039400 318 0 318 0
1415037600 318 0 318 0
1415035800 318 0 318 0
1415034000 318 0 318 0
1415032200 318 0 318 0
1415030400 318 0 318 0
1415028600 318 0 318 0
1415026800 318 0 318 0
1415025000 318 0 318 0
1415023200 318 0 318 0
1415021400 318 0 318 0
1415019600 318 0 318 0
1415017800 318 0 318 0
1415016000 318 0 318 0
1415014200 318 0 318 0
1415012400 318 0 318 0
1415010600 318 0 318 0
1415008800 318 0 318 0
1415007000 318 0 318 0
1415005200 318 0 318 0
1415003400 318 0 318 0
1415001600 318 0 318 0
1414999800 318 0 318 0
1414998000 318 0 318 0
1414996200 318 0 318 0
1414994400 318 0 318 0
1414992600 318 0 318 0
1414990800 318 0 318 0
1414989000 318 0 318 0
1414987200 318 0 318 0
1414985400 318 0 318 0
1414983600 318 0 318 0
1414981800 318 0 318 0
1414980000 318 0 318 0
1414978200 318 0 318 0
1414976400 318 0 318 0
1414974600 318 0 318 0
1414972800 318 0 318 0
1414971000 318 0 318 0
1414969200 318 0 318 0
1414967400 318 0 318 0
1414965600 318 0 318 0
1414963800 318 0 318 0
1414962000 318 0 318 0
1414960200 318 0 318 0
1414958400 318 0 318 0
1414956600 318 0 318 0
1414954800 318 0 318 0
1414953000 318 0 318 0
1414951200 318 0 318 0
1414949400 318 0 318 0
1414947600 318 0 318 0
1414945800 318 0 318 0
1414944000 318 0 318 0
1414942200 318 0 318 0
1414940400 318 0 318 0
1414938600 318 0 318 0
1414936800 318 0 318 0
1414935000 318 0 318 0
1414933200 318 0 318 0
1414931400 318 0 318 0
1414929600 318 0 318 0
1414927800 318 0 318 0
1414926000 318 0 318 0
1414924200 318 0 318 0
1414922400 318 0 318 0
1414920600 318 0 318 0
1414918800 318 0 318 0
1414917000 318 0 318 0
1414915200 318 0 318 0
1414913400 318 0 318 0
1414911600 318 0 318 0
1414909800 318 0 318 0
1414908000 318 0 318 0
1414906200 318 0 318 0
1414904400 318 0 318 0
1414902600 318 0 318 0
1414900800 318 0 318 0
1414899000 318 0 318 0
1414897200 318 0 318 0
1414895400 318 0 318 0
1414893600 318 0 318 0
1414891800 318 0 318 0
1414890000 318 0 318 0
1414888200 318 0 318 0
1414886400 318 0 318 0
1414884600 318 0 318 0
1414882800 318 0 318 0
1414881000 318 0 318 0
1414879200 318 0 318 0
1414877400 318 0 318 0
1414875600 318 0 318 0
1414873800 318 0 318 0
1414872000 318 0 318 0
1414870200 318 0 318 0
1414868400 318 0 318 0
1414866600 318 0 318 0
1414864800 318 0 318 0
1414863000 318 0 318 0
1414861200 318 0 318 0
1414859400 318 0 318 0
1414857600 318 0 318 0
1414855800 318 0 318 0
1414854000 318 0 318 0
1414852200 318 0 318 0
1414850400 318 0 318 0
1414848600 318 0 318 0
1414846800 318 0 318 0
1414845000 318 0 318 0
1414843200 318 0 318 0
1414841400 318 0 318 0
1414839600 318 0 318 0
1414837800 318 0 318 0
1414836000 318 0 318 0
1414834200 318 0 318 0
1414832400 318 0 318 0
1414830600 318 0 318 0
1414828800 318 0 318 0
1414827000 318 0 318 0
1414825200 318 0 318 0
1414823400 318 0 318 0
1414821600 318 0 318 0
1414819800 318 0 318 0
1414818000 318 0 318 0
1414816200 318 0 318 0
1414814400 318 0 318 0
1414812600 318 0 318 0
1414810800 318 0 318 0
1414809000 318 0 318 0
1414807200 318 0 318 0
1414805400 318 0 318 0
1414803600 318 0 318 0
1414801800 318 0 318 0
1414800000 318 0 318 0
1414798200 318 0 318 0
1414796400 318 0 318 0
1414794600 318 0 318 0
1414792800 318 0 318 0
1414791000 318 0 318 0
1414789200 318 0 318 0
1414787400 318 0 318 0
1414785600 318 0 318 0
1414783800 318 0 318 0
1414782000 318 0 318 0
1414780200 318 0 318 0
1414778400 318 0 318 0
1414776600 318 0 318 0
1414774800 318 0 318 0
1414773000 318 0 318 0
1414771200 318 0 318 0
1414769400 318 0 318 0
1414767600 318 0 318 0
1414765800 318 0 318 0
1414764000 318 0 318 0
1414762200 318 0 318 0
1414760400 318 0 318 0
1414758600 318 0 318 0
1414756800 318 0 318 0
1414755000 318 0 318 0
1414753200 318 0 318 0
1414751400 318 0 318 0
1414749600 318 0 318 0
1414747800 318 0 318 0
1414746000 318 0 318 0
1414744200 318 0 318 0
1414742400 318 0 318 0
1414740600 318 0 318 0
1414738800 318 0 318 0
1414737000 318 0 318 0
1414735200 318 0 318 0
1414733400 318 0 318 0
1414731600 318 0 318 0
1414729800 318 0 318 0
1414728000 318 0 318 0
1414726200 318 0 318 0
1414724400 318 0 318 0
1414722600 318 0 318 0
1414720800 318 0 318 0
1414719000 318 0 318 0
1414717200 318 0 318 0
1414715400 318 0 318 0
1414713600 318 0 318 0
1414711800 318 0 318 0
1414710000 318 0 318 0
1414708200 318 0 318 0
1414706400 318 0 318 0
1414704600 318 0 318 0
1414702800 318 0 318 0
1414701000 318 0 318 0
1414699200 318 0 318 0
1414697400 318 0 318 0
1414695600 318 0 318 0
1414693800 318 0 318 0
1414692000 318 0 318 0
1414690200 318 0 318 0
1414688400 318 0 318 0
1414686600 318 0 318 0
1414684800 318 0 318 0
1414683000 318 0 318 0
1414681200 318 0 318 0
1414679400 318 0 318 0
1414677600 318 0 318 0
1414675800 318 0 318 0
1414674000 318 0 318 0
1414672200 318 0 318 0
1414670400 318 0 318 0
1414668600 318 0 318 0
1414666800 318 0 318 0
1414665000 318 0 318 0
1414663200 318 0 318 0
1414661400 318 0 318 0
1414659600 318 0 318 0
1414657800 318 0 318 0
1414656000 318 0 318 0
1414654200 318 0 318 0
1414652400 318 0 318 0
1414650600 318 0 318 0
1414648800 318 0 318 0
1414647000 318 0 318 0
1414645200 318 0 318 0
1414643400 318 0 318 0
1414641600 318 0 318 0
1414639800 318 0 318 0
1414638000 318 0 318 0
1414636200 318 0 318 0
1414634400 318 0 318 0
1414632600 318 0 318 0
1414630800 318 0 318 0
1414629000 318 0 318 0
1414627200 318 0 318 0
1414625400 318 0 318 0
1414623600 318 0 318 0
1414621800 318 0 318 0
1414620000 318 0 318 0
1414618200 318 0 318 0
1414616400 318 0 318 0
1414614600 318 0 318 0
1414612800 318 0 318 0
1414611000 318 0 318 0
1414609200 318 0 318 0
1414607400 318 0 318 0
1414605600 318 0 318 0
1414603800 318 0 318 0
1414602000 318 0 318 0
1414600200 318 0 318 0
1414598400 318 0 318 0
1414596600 318 0 318 0
1414594800 318 0 318 0
1414593000 318 0 318 0
1414591200 318 0 318 0
1414589400 318 0 318 0
1414587600 318 0 318 0
1414585800 318 0 318 0
1414584000 318 0 318 0
1414582200 318 0 318 0
1414580400 318 0 318 0
1414578600 318 0 318 0
1414576800 318 0 318 0
1414575000 318 0 318 0
1414573200 318 0 318 0
1414571400 318 0 318 0
1414569600 318 0 318 0
1414567800 318 0 318 0
1414566000 318 0 318 0
1414564200 318 0 318 0
1414562400 318 0 318 0
1414560600 318 0 318 0
1414558800 318 0 318 0
1414557000 318 0 318 0
1414555200 318 0 318 0
1414553400 318 0 318 0
1414551600 318 0 318 0
1414549800 318 0 318 0
1414548000 318 0 318 0
1414546200 318 0 318 0
1414544400 318 0 318 0
1414542600 318 0 318 0
1414540800 318 0 318 0
1414539000 318 0 318 0
1414537200 318 0 318 0
1414535400 318 0 318 0
1414533600 318 0 318 0
1414531800 318 0 318 0
1414530000 318 0 318 0
1414528200 318 0 318 0
1414526400 318 0 318 0
1414524600 318 0 318 0
1414522800 318 0 318 0
1414521000 318 0 318 0
1414519200 318 0 318 0
1414517400 318 0 318 0
1414515600 318 0 318 0
1414513800 318 0 318 0
1414512000 318 0 318 0
1414510200 318 0 318 0
1414508400 318 0 318 0
1414506600 318 0 318 0
1414504800 318 0 318 0
1414503000 318 0 318 0
1414501200 318 0 318 0
1414499400 318 0 318 0
1414497600 318 0 318 0
1414495800 318 0 318 0
1414494000 318 0 318 0
1414492200 318 0 318 0
1414490400 318 0 318 0
1414488600 318 0 318 0
1414486800 318 0 318 0
1414485000 318 0 318 0
1414483200 318 0 318 0
1414481400 318 0 318 0
1414479600 318 0 318 0
1414477800 318 0 318 0
1414476000 318 0 318 0
1414474200 318 0 318 0
1414472400 318 0 318 0
1414470600 318 0 318 0
1414468800 318 0 318 0
1414467000 318 0 318 0
1414465200 318 0 318 0
1414463400 318 0 318 0
1414461600 318 0 318 0
1414459800 318 0 318 0
1414458000 318 0 318 0
1414456200 318 0 318 0
1414454400 318 0 318 0
1414452600 318 0 318 0
1414450800 318 0 318 0
1414449000 318 0 318 0
1414447200 318 0 318 0
1414445400 318 0 318 0
1414443600 318 0 318 0
1414441800 318 0 318 0
1414440000 318 0 318 0
1414438200 318 0 318 0
1414436400 318 0 318 0
1414434600 318 0 318 0
1414432800 317 0 318 0
1414431000 317 0 318 0
1414429200 318 0 318 0
1414427400 318 0 319 0
1414425600 319 0 319 0
1414423800 319 0 319 0
1414422000 319 0 319 0
1414420200 319 0 319 0
1414418400 318 0 319 0
1414416600 316 0 317 0
1414414800 317 0 317 0
1414413000 317 0 318 0
1414411200 318 0 318 0
1414409400 318 0 318 0
1414407600 318 0 319 0
1414405800 318 0 319 0
1414404000 318 0 318 0
1414402200 318 0 319 0
1414400400 319 0 320 0
1414398600 320 0 320 0
1414396800 320 0 320 0
1414395000 319 0 320 0
1414393200 319 0 321 0
1414391400 320 0 321 0
1414389600 319 0 320 0
1414387800 318 0 319 0
1414386000 319 0 320 0
1414384200 320 0 320 0
1414382400 319 0 320 0
1414380600 318 0 319 0
1414378800 319 0 319 0
1414377000 319 0 321 0
1414375200 320 0 321 0
1414373400 319 0 320 0
1414371600 318 0 319 0
1414369800 318 0 318 0
1414368000 318 0 318 0
1414366200 318 0 318 0
1414364400 318 0 318 0
1414362600 317 0 318 0
1414360800 304 0 305 0
1414359000 303 0 303 0
1414357200 303 0 303 0
1414355400 303 0 303 0
1414353600 303 0 303 0
1414351800 303 0 303 0
1414350000 303 0 303 0
1414348200 303 0 303 0
1414346400 303 0 303 0
1414344600 303 0 304 0
1414342800 304 0 304 0
1414341000 304 0 304 0
1414339200 304 0 320 0
1414337400 320 0 320 0
1414335600 319 0 320 0
1414333800 319 0 320 0
1414332000 320 0 320 0
1414330200 320 0 320 0
1414328400 319 0 320 0
1414326600 318 0 319 0
1414324800 319 0 319 0
1414323000 319 0 319 0
1414321200 318 0 319 0
1414319400 318 0 319 0
1414317600 319 0 319 0
1414315800 319 0 319 0
1414314000 319 0 319 0
1414312200 319 0 319 0
1414310400 319 0 320 0
1414308600 320 0 320 0
1414306800 319 0 320 0
1414305000 319 0 319 0
1414303200 319 0 319 0
1414301400 319 0 319 0
1414299600 319 0 319 0
1414297800 319 0 319 0
1414296000 319 0 319 0
1414294200 319 0 320 0
1414292400 319 0 320 0
1414290600 317 0 318 0
1414288800 314 0 315 0
1414287000 308 0 309 0
1414285200 304 0 304 0
1414283400 303 0 304 0
1414281600 296 0 296 0
1414279800 296 0 296 0
1414278000 296 0 296 0
1414276200 295 0 296 0
1414274400 294 0 295 0
1414272600 294 0 294 0
1414270800 294 0 294 0
1414269000 294 0 294 0
1414267200 294 0 294 0
1414265400 294 0 294 0
1414263600 294 0 294 0
1414261800 294 0 294 0
1414260000 294 0 294 0
1414258200 294 0 294 0
1414256400 294 0 296 0
1414254600 296 0 296 0
1414252800 295 0 296 0
1414251000 294 0 294 0
1414249200 294 0 294 0
1414247400 294 0 294 0
1414245600 294 0 295 0
1414243800 295 0 295 0
1414242000 295 0 295 0
1414240200 295 0 295 0
1414238400 295 0 295 0
1414236600 295 0 295 0
1414234800 295 0 295 0
1414233000 295 0 295 0
1414231200 295 0 295 0
1414229400 295 0 295 0
1414227600 295 0 295 0
1414225800 294 0 295 0
1414224000 293 0 295 0
1414222200 295 0 295 0
1414220400 295 0 295 0
1414218600 295 0 295 0
1414216800 295 0 295 0
1414215000 295 0 295 0
1414213200 294 0 295 0
1414211400 294 0 294 0
1414209600 294 0 294 0
1414207800 294 0 294 0
1414206000 294 0 294 0
1414204200 294 0 294 0
1414202400 293 0 294 0
1414200600 281 0 282 0
1414198800 281 0 282 0
1414197000 282 0 306 0
1414195200 305 0 306 0
1414193400 293 0 308 0
1414191600 308 0 309 0
1414189800 309 0 309 0
1414188000 309 0 309 0
1414186200 309 0 309 0
1414184400 309 0 309 0
1414182600 309 0 309 0
1414180800 309 0 309 0
1414179000 309 0 309 0
1414177200 309 0 309 0
1414175400 309 0 309 0
1414173600 309 0 310 0
1414171800 310 0 312 0
1414170000 311 0 312 0
1414168200 301 0 307 0
1414166400 307 0 307 0
1414164600 307 0 309 0
1414162800 309 0 311 0
1414161000 310 0 311 0
1414159200 310 0 313 0
1414157400 312 0 313 0
1414155600 296 0 297 0
1414153800 297 0 297 0
1414152000 297 0 312 0
1414150200 312 0 312 0
1414148400 312 0 312 0
1414146600 312 0 312 0
1414144800 312 0 312 0
1414143000 312 0 312 0
1414141200 312 0 312 0
1414139400 312 0 312 0
1414137600 312 0 312 0
1414135800 312 0 312 0
1414134000 311 0 312 0
1414132200 309 0 310 0
1414130400 296 0 296 0
1414128600 296 0 296 0
1414126800 295 0 296 0
1414125000 295 0 310 0
1414123200 310 0 310 0
1414121400 310 0 310 0
1414119600 310 0 310 0
1414117800 310 0 310 0
1414116000 310 0 310 0
1414114200 309 0 310 0
1414112400 307 0 308 0
1414110600 307 0 309 0
1414108800 308 0 309 0
1414107000 307 0 308 0
1414105200 307 0 307 0
1414103400 307 0 307 0
1414101600 307 0 307 0
1414099800 307 0 307 0
1414098000 307 0 307 0
1414096200 307 0 307 0
1414094400 307 0 307 0
1414092600 307 0 307 0
1414090800 307 0 307 0
1414089000 307 0 307 0
1414087200 307 0 308 0
1414085400 308 0 308 0
1414083600 307 0 308 0
1414081800 294 0 294 0
1414080000 294 0 295 0
1414078200 294 0 295 0
1414076400 294 0 294 0
1414074600 294 0 294 0
1414072800 294 0 296 0
1414071000 295 0 296 0
1414069200 294 0 298 0
1414067400 297 0 298 0
1414065600 297 0 297 0
1414063800 296 0 297 0
1414062000 296 0 297 0
1414060200 297 0 297 0
1414058400 297 0 299 0
1414056600 299 0 299 0
1414054800 298 0 299 0
1414053000 293 0 294 0
1414051200 263 0 264 0
1414049400 263 0 270 0
1414047600 270 0 270 0
1414045800 270 0 270 0
1414044000 270 0 271 0
1414042200 271 0 272 0
1414040400 271 0 272 0
1414038600 270 0 271 0
1414036800 271 0 271 0
1414035000 271 0 272 0
1414033200 271 0 272 0
1414031400 268 0 269 0
1414029600 237 0 238 0
1414027800 231 0 232 0
1414026000 229 0 230 0
1414024200 229 0 229 0
1414022400 229 0 229 0
1414020600 228 0 229 0
1414018800 228 0 228 0
1414017000 228 0 228 0
1414015200 228 0 228 0
1414013400 228 0 250 0
1414011600 249 0 250 0
1414009800 249 0 249 0
1414008000 249 0 249 0
1414006200 249 0 249 0
1414004400 249 0 250 0
1414002600 250 0 250 0
1414000800 249 0 251 0
1413993600 224 0 225 0
1413986400 223 0 224 0
1413979200 223 0 249 0
1413972000 273 0 293 0
1413964800 292 0 295 0
1413957600 295 0 296 0
1413950400 295 0 296 0
1413943200 288 0 293 0
1413936000 288 0 290 0
1413928800 290 0 291 0
1413921600 290 0 291 0
1413914400 294 0 313 0
1413907200 313 0 314 0
1413900000 312 0 314 0
1413892800 315 0 317 0
1413885600 313 0 316 0
1413878400 303 0 314 0
1413871200 300 0 315 0
1413864000 287 0 288 0
1413856800 284 0 287 0
1413849600 289 0 309 0
1413842400 309 0 310 0
1413835200 309 0 310 0
1413828000 311 0 316 0
1413820800 315 0 317 0
1413813600 315 0 317 0
1413806400 315 0 318 0
1413799200 316 0 318 0
1413792000 316 0 318 0
1413784800 312 0 318 0
1413777600 305 0 312 0
1413770400 312 0 314 0
1413763200 313 0 313 0
1413756000 312 0 313 0
1413748800 312 0 313 0
1413741600 311 0 316 0
1413734400 316 0 316 0
1413727200 315 0 316 0
1413720000 315 0 316 0
1413712800 315 0 316 0
1413705600 313 0 317 0
1413698400 298 0 302 0
1413691200 306 0 315 0
1413684000 315 0 316 0
1413676800 315 0 316 0
1413669600 315 0 316 0
1413662400 315 0 316 0
1413655200 316 0 317 0
1413648000 316 0 319 0
1413640800 316 0 319 0
1413633600 315 0 316 0
1413626400 315 0 317 0
1413619200 322 0 329 0
1413612000 329 0 331 0
1413604800 329 0 330 0
1413597600 329 0 330 0
1413590400 329 0 330 0
1413583200 329 0 329 0
1413576000 329 0 329 0
1413568800 329 0 330 0
1413561600 330 0 331 0
1413554400 328 0 330 0
1413547200 328 0 329 0
1413540000 328 0 329 0
1413532800 329 0 329 0
1413525600 328 0 331 0
1413518400 329 0 331 0
1413511200 329 0 330 0
1413504000 328 0 329 0
1413496800 328 0 329 0
1413489600 315 0 328 0
1413482400 320 0 330 0
1413475200 329 0 332 0
1413468000 327 0 330 0
1413460800 319 0 327 0
1413453600 326 0 332 0
1413446400 330 0 332 0
1413439200 330 0 332 0
1413432000 331 0 334 0
1413424800 314 0 317 0
1413417600 313 0 314 0
1413410400 311 0 312 0
1413403200 312 0 314 0
1413396000 314 0 315 0
1413388800 315 0 318 0
1413381600 314 0 315 0
1413374400 312 0 314 0
1413367200 301 0 314 0
1413360000 300 0 312 0
1413352800 312 0 313 0
1413345600 314 0 319 0
1413338400 312 0 322 0
1413331200 311 0 312 0
1413324000 311 0 312 0
1413316800 311 0 312 0
1413309600 311 0 314 0
1413302400 314 0 326 0
1413295200 324 0 330 0
1413288000 314 0 317 0
1413280800 315 0 317 0
1413273600 316 0 318 0
1413266400 316 0 317 0
1413259200 315 0 317 0
1413252000 311 0 318 0
1413244800 313 0 314 0
1413237600 313 0 314 0
1413230400 313 0 314 0
1413223200 298 0 317 0
1413216000 314 0 315 0
1413208800 302 0 315 0
1413201600 298 0 300 0
1413194400 300 0 300 0
1413187200 306 0 315 0
1413180000 323 0 329 0
1413172800 328 0 330 0
1413165600 325 0 330 0
1413158400 321 0 330 0
1413151200 329 0 330 0
1413144000 328 0 329 0
1413136800 330 0 337 0
1413129600 336 0 338 0
1413122400 315 0 317 0
1413115200 316 0 318 0
1413108000 316 0 317 0
1413100800 312 0 339 0
1413093600 336 0 339 0
1413086400 312 0 331 0
1413079200 317 0 320 0
1413072000 318 0 320 0
1413064800 319 0 320 0
1413057600 319 0 320 0
1413050400 318 0 320 0
1413043200 315 0 319 0
1413036000 315 0 318 0
1413028800 313 0 317 0
1413021600 317 0 320 0
1413014400 314 0 318 0
1413007200 316 0 321 0
1413000000 317 0 321 0
1412992800 315 0 319 0
1412985600 313 0 314 0
1412978400 311 0 314 0
1412971200 314 0 315 0
1412964000 314 0 316 0
1412956800 314 0 316 0
1412949600 310 0 315 0
1412942400 304 0 312 0
1412935200 311 0 313 0
1412928000 312 0 315 0
1412920800 315 0 317 0
1412913600 309 0 316 0
1412906400 306 0 312 0
1412899200 311 0 312 0
1412892000 311 0 311 0
1412884800 311 0 311 0
1412877600 311 0 318 0
1412870400 316 0 318 0
1412863200 317 0 320 0
1412856000 317 0 319 0
1412848800 316 0 318 0
1412841600 318 0 320 0
1412834400 319 0 322 0
1412827200 313 0 315 0
1412820000 311 0 313 0
1412812800 302 0 311 0
1412805600 299 0 311 0
1412798400 305 0 311 0
1412791200 293 0 308 0
1412784000 290 0 312 0
1412776800 312 0 313 0
1412769600 311 0 314 0
1412762400 314 0 314 0
1412755200 310 0 317 0
1412748000 317 0 318 0
1412740800 316 0 318 0
1412733600 314 0 316 0
1412726400 314 0 314 0
1412719200 314 0 315 0
1412712000 314 0 315 0
1412704800 317 0 322 0
1412697600 322 0 323 0
1412690400 314 0 325 0
1412683200 299 0 302 0
1412676000 300 0 302 0
1412668800 300 0 302 0
1412661600 299 0 301 0
1412654400 294 0 297 0
1412647200 295 0 297 0
1412640000 297 0 297 0
1412632800 297 0 297 0
1412625600 296 0 297 0
1412618400 297 0 299 0
1412611200 298 0 300 0
1412604000 290 0 297 0
1412596800 297 0 297 0
1412589600 297 0 297 0
1412582400 297 0 297 0
1412575200 298 0 301 0
1412568000 296 0 297 0
1412560800 296 0 297 0
1412553600 296 0 296 0
1412546400 290 0 296 0
1412539200 294 0 295 0
1412532000 295 0 300 0
1412524800 301 0 310 0
1412517600 310 0 312 0
1412510400 312 0 314 0
1412503200 314 0 314 0
1412496000 312 0 314 0
1412488800 312 0 315 0
1412481600 314 0 315 0
1412474400 310 0 313 0
1412467200 308 0 312 0
1412460000 309 0 309 0
1412452800 309 0 309 0
1412445600 312 0 319 0
1412438400 315 0 318 0
1412431200 318 0 319 0
1412424000 318 0 319 0
1412416800 316 0 318 0
1412409600 307 0 311 0
1412402400 309 0 311 0
1412395200 308 0 309 0
1412388000 302 0 308 0
1412380800 307 0 308 0
1412373600 307 0 307 0
1412366400 305 0 307 0
1412359200 309 0 312 0
1412352000 312 0 313 0
1412344800 313 0 315 0
1412337600 313 0 315 0
1412330400 313 0 316 0
1412323200 316 0 316 0
1412316000 315 0 317 0
1412308800 308 0 317 0
1412301600 305 0 306 0
1412294400 305 0 305 0
1412287200 304 0 305 0
1412280000 305 0 305 0
1412272800 309 0 313 0
1412265600 297 0 299 0
1412258400 298 0 327 0
1412251200 326 0 327 0
1412244000 324 0 327 0
1412236800 325 0 327 0
1412229600 322 0 327 0
1412222400 309 0 310 0
1412215200 303 0 310 0
1412208000 302 0 302 0
1412200800 301 0 302 0
1412193600 308 0 317 0
1412186400 320 0 324 0
1412179200 324 0 326 0
1412172000 322 0 325 0
1412164800 317 0 318 0
1412157600 317 0 318 0
1412150400 317 0 318 0
1412143200 318 0 319 0
1412136000 298 0 314 0
1412128800 295 0 302 0
1412121600 299 0 302 0
1412114400 299 0 316 0
1412107200 320 0 323 0
1412100000 323 0 324 0
1412092800 322 0 324 0
1412085600 317 0 323 0
1412078400 313 0 315 0
1412071200 315 0 317 0
1412064000 313 0 316 0
1412056800 316 0 319 0
1412049600 306 0 316 0
1412042400 303 0 308 0
1412035200 311 0 316 0
1412028000 309 0 317 0
1412020800 293 0 295 0
1412013600 292 0 295 0
1412006400 288 0 290 0
1411999200 281 0 291 0
1411992000 295 0 313 0
1411984800 309 0 317 0
1411977600 315 0 317 0
1411970400 316 0 317 0
1411963200 304 0 317 0
1411956000 308 0 315 0
1411948800 319 0 325 0
1411941600 324 0 325 0
1411934400 316 0 322 0
1411927200 319 0 322 0
1411920000 292 0 295 0
1411912800 290 0 292 0
1411905600 288 0 291 0
1411898400 289 0 291 0
1411891200 294 0 299 0
1411884000 294 0 302 0
1411876800 301 0 303 0
1411869600 298 0 301 0
1411862400 296 0 298 0
1411855200 304 0 322 0
1411848000 322 0 322 0
1411840800 321 0 322 0
1411833600 321 0 323 0
1411826400 323 0 323 0
1411819200 322 0 323 0
1411812000 322 0 322 0
1411804800 322 0 324 0
1411797600 323 0 325 0
1411790400 321 0 323 0
1411783200 321 0 322 0
1411776000 320 0 322 0
1411768800 320 0 322 0
1411761600 319 0 322 0
1411754400 303 0 322 0
1411747200 300 0 303 0
1411740000 295 0 299 0
1411732800 280 0 284 0
1411725600 292 0 315 0
1411718400 311 0 315 0
1411711200 311 0 315 0
1411704000 309 0 313 0
1411696800 306 0 311 0
1411689600 315 0 321 0
1411682400 319 0 321 0
1411675200 319 0 321 0
1411668000 315 0 322 0
1411660800 294 0 301 0
1411653600 311 0 323 0
1411646400 311 0 316 0
1411639200 315 0 317 0
1411632000 316 0 317 0
1411624800 317 0 317 0
1411617600 313 0 317 0
1411610400 299 0 306 0
1411603200 314 0 318 0
1411596000 317 0 318 0
1411588800 312 0 324 0
1411581600 323 0 327 0
1411574400 325 0 327 0
1411567200 303 0 305 0
1411560000 304 0 306 0
1411552800 306 0 309 0
1411545600 306 0 311 0
1411538400 308 0 311 0
1411531200 306 0 309 0
1411524000 307 0 309 0
1411516800 309 0 316 0
1411509600 315 0 315 0
1411502400 316 0 319 0
1411495200 311 0 319 0
1411488000 293 0 293 0
1411480800 310 0 318 0
1411473600 299 0 302 0
1411466400 301 0 305 0
1411459200 298 0 302 0
1411452000 299 0 303 0
1411444800 303 0 304 0
1411437600 288 0 303 0
1411430400 293 0 301 0
1411423200 301 0 302 0
1411416000 309 0 317 0
1411408800 317 0 317 0
1411401600 317 0 321 0
1411394400 318 0 322 0
1411387200 304 0 308 0
1411380000 305 0 307 0
1411372800 299 0 311 0
1411365600 309 0 316 0
1411358400 312 0 316 0
1411351200 298 0 312 0
1411344000 305 0 312 0
1411336800 311 0 312 0
1411329600 311 0 316 0
1411322400 316 0 318 0
1411315200 316 0 318 0
1411308000 318 0 318 0
1411300800 317 0 319 0
1411293600 314 0 318 0
1411286400 318 0 319 0
1411279200 318 0 320 0
1411272000 317 0 319 0
1411264800 316 0 323 0
1411257600 313 0 316 0
1411250400 315 0 316 0
1411243200 316 0 317 0
1411236000 317 0 318 0
1411228800 313 0 317 0
1411221600 308 0 312 0
1411214400 307 0 309 0
1411207200 307 0 307 0
1411200000 305 0 307 0
1411192800 305 0 306 0
1411185600 304 0 307 0
1411178400 301 0 305 0
1411171200 301 0 302 0
1411164000 299 0 300 0
1411156800 300 0 303 0
1411149600 299 0 304 0
1411142400 299 0 302 0
1411135200 295 0 298 0
1411128000 295 0 298 0
1411120800 297 0 302 0
1411113600 292 0 302 0
1411106400 290 0 293 0
1411099200 277 0 295 0
1411092000 292 0 295 0
1411084800 236 0 314 0
1411077600 311 0 318 0
1411070400 312 0 318 0
1411063200 314 0 320 0
1411056000 319 0 324 0
1411048800 323 0 327 0
1411041600 315 0 319 0
1411034400 307 0 319 0
1411027200 249 0 321 0
1411020000 317 0 322 0
1411012800 301 0 306 0
1411005600 297 0 308 0
1410998400 297 0 310 0
1410991200 313 0 320 0
1410984000 321 0 326 0
1410976800 324 0 332 0
1410969600 313 0 317 0
1410962400 309 0 313 0
1410955200 288 0 308 0
1410948000 272 0 279 0
1410940800 281 0 298 0
1410933600 277 0 299 0
1410926400 287 0 299 0
1410919200 284 0 294 0
1410912000 278 0 295 0
1410904800 276 0 284 0
1410897600 274 0 288 0
1410890400 289 0 294 0
1410883200 297 0 302 0
1410876000 323 0 333 0
1410868800 324 0 333 0
1410861600 319 0 322 0
1410854400 312 0 323 0
1410847200 298 0 302 0
1410840000 281 0 300 0
1410832800 271 0 275 0
1410825600 295 0 316 0
1410818400 316 0 324 0
1410811200 322 0 324 0
1410804000 319 0 326 0
1410796800 288 0 291 0
1410789600 281 0 288 0
1410782400 276 0 285 0
1410775200 276 0 290 0
1410768000 299 0 313 0
1410760800 307 0 317 0
1410753600 306 0 315 0
1410746400 291 0 295 0
1410739200 302 0 321 0
1410732000 322 0 327 0
1410724800 329 0 332 0
1410717600 319 0 332 0
1410710400 324 0 329 0
1410703200 317 0 324 0
1410696000 320 0 323 0
1410688800 320 0 323 0
1410681600 320 0 324 0
1410674400 308 0 320 0
1410667200 316 0 320 0
1410660000 310 0 315 0
1410652800 299 0 310 0
1410645600 309 0 311 0
1410638400 309 0 311 0
1410631200 278 0 283 0
1410624000 283 0 289 0
1410616800 285 0 289 0
1410609600 280 0 282 0
1410602400 289 0 300 0
1410595200 301 0 304 0
1410588000 298 0 302 0
1410580800 293 0 297 0
1410573600 286 0 290 0
1410566400 231 0 303 0
1410559200 301 0 304 0
1410552000 302 0 306 0
1410544800 290 0 305 0
1410537600 293 0 296 0
1410530400 281 0 296 0
1410523200 266 0 277 0
1410516000 216 0 295 0
1410508800 307 0 320 0
1410501600 318 0 320 0
1410494400 315 0 319 0
1410487200 297 0 314 0
1410480000 325 0 332 0
1410472800 328 0 332 0
1410465600 332 0 334 0
1410458400 334 0 336 0
1410451200 336 0 339 0
1410444000 336 0 339 0
1410436800 323 0 336 0
1410429600 306 0 316 0
1410422400 299 0 301 0
1410415200 298 0 303 0
1410408000 303 0 305 0
1410400800 282 0 302 0
1410393600 268 0 311 0
1410386400 313 0 315 0
1410379200 315 0 318 0
1410372000 318 0 319 0
1410364800 312 0 316 0
1410357600 311 0 314 0
1410350400 300 0 310 0
1410343200 308 0 310 0
1410336000 309 0 311 0
1410328800 303 0 312 0
1410321600 306 0 312 0
1410314400 312 0 321 0
1410307200 316 0 319 0
1410300000 316 0 324 0
1410292800 324 0 326 0
1410285600 324 0 327 0
1410278400 320 0 323 0
1410271200 308 0 316 0
1410264000 317 0 319 0
1410256800 319 0 321 0
1410249600 310 0 315 0
1410242400 311 0 315 0
1410235200 288 0 301 0
1410228000 287 0 292 0
1410220800 294 0 299 0
1410213600 299 0 302 0
1410206400 302 0 302 0
1410199200 290 0 305 0
1410192000 295 0 305 0
1410184800 298 0 302 0
1410177600 299 0 302 0
1410170400 302 0 303 0
1410163200 299 0 304 0
1410156000 303 0 307 0
1410148800 302 0 305 0
1410141600 297 0 305 0
1410134400 298 0 308 0
1410127200 300 0 304 0
1410120000 299 0 300 0
1410112800 303 0 307 0
1410105600 307 0 309 0
1410098400 303 0 307 0
1410091200 304 0 308 0
1410084000 304 0 308 0
1410076800 301 0 304 0
1410069600 302 0 303 0
1410062400 304 0 307 0
1410055200 305 0 310 0
1410048000 306 0 310 0
1410040800 299 0 305 0
1410033600 306 0 310 0
1410026400 310 0 313 0
1410019200 306 0 312 0
1410012000 306 0 308 0
1410004800 301 0 305 0
1409997600 304 0 307 0
1409990400 304 0 307 0
1409983200 295 0 308 0
1409976000 299 0 306 0
1409968800 296 0 300 0
1409961600 284 0 293 0
1409954400 295 0 299 0
1409947200 302 0 306 0
1409940000 302 0 306 0
1409932800 294 0 300 0
1409925600 286 0 293 0
1409918400 263 0 264 0
1409911200 264 0 273 0
1409904000 269 0 273 0
1409896800 271 0 273 0
1409889600 272 0 275 0
1409882400 273 0 276 0
1409875200 291 0 300 0
1409868000 292 0 299 0
1409860800 293 0 298 0
1409853600 297 0 300 0
1409846400 299 0 303 0
1409839200 290 0 297 0
1409832000 268 0 284 0
1409824800 262 0 265 0
1409817600 261 0 267 0
1409810400 257 0 278 0
1409803200 278 0 282 0
1409796000 271 0 281 0
1409788800 294 0 301 0
1409781600 300 0 301 0
1409774400 300 0 302 0
1409767200 299 0 302 0
1409760000 268 0 272 0
1409752800 268 0 270 0
1409745600 254 0 270 0
1409738400 264 0 278 0
1409731200 270 0 280 0
1409724000 281 0 287 0
1409716800 282 0 284 0
1409709600 281 0 283 0
1409702400 273 0 282 0
1409695200 290 0 300 0
1409688000 293 0 300 0
1409680800 276 0 298 0
1409616000 274 0 300 0
1409529600 286 0 304 0
1409443200 289 0 302 0
1409356800 283 0 300 0
1409270400 277 0 295 0
1409184000 269 0 292 0
1409097600 281 0 295 0
1409011200 284 0 308 0
1408924800 295 0 309 0
1408838400 294 0 306 0
1408752000 287 0 303 0
1408665600 270 0 288 0
1408579200 274 0 294 0
1408492800 286 0 301 0
1408406400 284 0 305 0
1408320000 269 0 285 0
1408233600 295 0 310 0
1408147200 276 0 306 0
1408060800 282 0 308 0
1407974400 271 0 297 0
1407888000 282 0 300 0
1407801600 288 0 304 0
1407715200 280 0 305 0
1407628800 270 0 305 0
1407542400 268 0 302 0
1407456000 262 0 290 0
1407369600 243 0 262 0
1407283200 239 0 247 0
1407196800 252 0 267 0
1407110400 269 0 282 0
1407024000 276 0 285 0
1406937600 268 0 283 0
1406851200 274 0 289 0
1406764800 260 0 273 0
1406678400 250 0 267 0
1406592000 248 0 256 0
1406505600 262 0 273 0
1406419200 247 0 264 0
1406332800 247 0 257 0
1406246400 228 0 265 0
1406160000 253 0 271 0
1406073600 250 0 271 0
1405987200 245 0 259 0
1405900800 256 0 266 0
1405814400 246 0 262 0
1405728000 237 0 258 0
1405641600 233 0 255 0
1405555200 246 0 261 0
1405468800 242 0 261 0
1405382400 237 0 252 0
1405296000 249 0 261 0
1405209600 248 0 259 0
1405123200 237 0 255 0
1405036800 234 0 266 0
1404950400 241 0 264 0
1404864000 257 0 277 0
1404777600 220 0 246 0
1404691200 214 0 227 0
1404604800 227 0 252 0
1404518400 233 0 250 0
1404432000 256 0 276 0
1404345600 250 0 262 0
1404259200 256 0 267 0
1404172800 250 0 266 0
1404086400 257 0 267 0
1404000000 268 0 280 0
1403913600 240 0 265 0
1403827200 244 0 277 0
1403740800 257 0 274 0
1403654400 254 0 275 0
1403568000 240 0 260 0
1403481600 237 0 255 0
1403395200 239 0 257 0
1403308800 236 0 259 0
1403222400 242 0 257 0
1403136000 247 0 259 0
1403049600 244 0 257 0
1402963200 247 0 260 0
1402876800 259 0 270 0
1402790400 230 0 260 0
1402704000 220 0 235 0
1402617600 207 0 223 0
1402531200 206 0 223 0
1402444800 213 0 227 0
1402358400 216 0 230 0
1402272000 226 0 238 0
1402185600 224 0 234 0
1402099200 223 0 234 0
1402012800 213 0 227 0
1401926400 205 0 217 0
1401840000 183 0 212 0
1401753600 212 0 235 0
1401667200 224 0 249 0
1401580800 243 0 254 0
1401494400 225 0 244 0
1401408000 218 0 241 0
1401321600 222 0 240 0
1401235200 211 0 237 0
1401148800 211 0 222 0
1401062400 201 0 207 0
1400976000 206 0 221 0
1400889600 223 0 229 0
1400803200 221 0 228 0
1400716800 219 0 241 0
1400630400 217 0 225 0
1400544000 211 0 223 0
1400457600 208 0 218 0
1400371200 209 0 222 0
1400284800 187 0 216 0
1400198400 210 0 220 0
1400112000 209 0 221 0
1400025600 201 0 215 0
1399939200 200 0 221 0
1399852800 208 0 232 0
1399766400 229 0 243 0
1399680000 215 0 234 0
1399593600 197 0 209 0
1399507200 203 0 219 0
1399420800 203 0 215 0
1399334400 206 0 221 0
1399248000 205 0 221 0
1399161600 208 0 220 0
1399075200 199 0 217 0
1398988800 193 0 205 0
1398902400 188 0 203 0
1398816000 198 0 214 0
1398729600 196 0 211 0
1398643200 202 0 211 0
1398556800 191 0 202 0
1398470400 188 0 193 0
1398384000 188 0 196 0
1398297600 180 0 193 0
1398211200 183 0 196 0
1398124800 187 0 197 0
1398038400 188 0 196 0
1397952000 194 0 210 0
1397865600 191 0 202 0
1397779200 190 0 196 0
1397692800 181 0 199 0
1397606400 185 0 197 0
1397520000 180 0 198 0
1397433600 192 0 198 0
1397347200 186 0 195 0
1397260800 182 0 191 0
1397174400 175 0 193 0
1397088000 169 0 189 0
1397001600 177 0 195 0
1396915200 190 0 207 0
1396828800 205 0 217 0
1396742400 204 0 212 0
1396656000 200 0 212 0
1396569600 203 0 213 0
1396483200 207 0 216 0
1396396800 199 0 215 0
1396310400 170 0 182 0
1396224000 162 0 194 0
1396137600 190 0 197 0
1396051200 191 0 199 0
1395964800 191 0 199 0
1395878400 178 0 196 0
1395792000 187 0 196 0
1395705600 183 0 214 0
1395619200 202 0 211 0
1395532800 201 0 211 0
1395446400 200 0 207 0
1395360000 197 0 204 0
1395273600 199 0 207 0
1395187200 198 0 216 0
1395100800 206 0 237 0
1395014400 202 0 230 0
1394928000 195 0 213 0
1394841600 207 0 234 0
1394755200 202 0 227 0
1394668800 195 0 220 0
1394582400 203 0 231 0
1394496000 199 0 203 0
1394409600 197 0 206 0
1394323200 211 0 221 0
1394236800 205 0 215 0
1394150400 197 0 216 0
1394064000 203 0 216 0
1393977600 209 0 219 0
1393891200 212 0 220 0
1393804800 215 0 241 0
1393718400 218 0 226 0
1393632000 204 0 218 0
1393545600 205 0 234 0
1393459200 201 0 220 0
1393372800 198 0 232 0
1393286400 230 0 239 0
1393200000 229 0 257 0
1393113600 247 0 257 0
1393027200 240 0 257 0
1392940800 219 0 232 0
1392854400 213 0 242 0
1392768000 238 0 268 0
1392681600 243 0 269 0
1392595200 247 0 261 0
1392508800 237 0 260 0
1392422400 236 0 258 0
1392336000 240 0 260 0
1392249600 248 0 281 0
1392163200 245 0 256 0
1392076800 254 0 289 0
1391990400 285 0 316 0
1391904000 283 0 306 0
1391817600 260 0 296 0
1391731200 226 0 248 0
1391644800 218 0 230 0
1391558400 214 0 226 0
1391472000 209 0 226 0
1391385600 214 0 234 0
1391299200 205 0 224 0
1391212800 204 0 223 0
1391126400 211 0 236 0
1391040000 188 0 221 0
1390953600 203 0 220 0
1390867200 212 0 235 0
1390780800 201 0 229 0
1390694400 185 0 197 0
1390608000 179 0 201 0
1390521600 190 0 209 0
1390435200 183 0 207 0
1390348800 186 0 200 0
1390262400 183 0 199 0
1390176000 183 0 191 0
1390089600 180 0 191 0
1390003200 173 0 191 0
1389916800 168 0 193 0
1389830400 179 0 196 0
1389744000 187 0 209 0
1389657600 186 0 209 0
1389571200 178 0 205 0
1389484800 177 0 185 0
1389398400 170 0 184 0
1389312000 164 0 182 0
1389225600 165 0 183 0
1389139200 171 0 212 0
1389052800 182 0 198 0
1388966400 202 0 228 0
1388880000 189 0 205 0
1388793600 200 0 226 0
1388707200 201 0 237 0
1388620800 202 0 229 0
1388534400 198 0 225 0
1388448000 216 0 233 0
1388361600 222 0 241 0
1388275200 223 0 245 0
1388188800 237 0 271 0
1388102400 271 0 271 0
1388016000 271 0 271 0
1387929600 271 0 271 0
1387843200 271 0 271 0
1387756800 271 0 271 0
1387670400 271 0 271 0
1387584000 271 0 271 0
1387497600 271 0 271 0
1387411200 271 0 271 0
1387324800 271 0 271 0
1387238400 271 0 271 0
1387152000 271 0 271 0
1387065600 271 0 271 0
1386979200 271 0 271 0
1386892800 271 0 271 0
1386806400 271 0 271 0
1386720000 271 0 271 0
1386633600 271 0 271 0
1386547200 271 0 271 0
1386460800 271 0 271 0
1386374400 271 0 271 0
1386288000 271 0 271 0
1386201600 271 0 271 0
1386115200 271 0 271 0
1386028800 271 0 271 0
1385942400 271 0 271 0
1385856000 271 0 271 0
1385769600 271 0 271 0
1385683200 271 0 271 0
1385596800 271 0 271 0
1385510400 271 0 271 0
1385424000 271 0 271 0
1385337600 271 0 271 0
1385251200 271 0 271 0
1385164800 271 0 271 0
1385078400 271 0 271 0
1384992000 271 0 271 0
1384905600 271 0 271 0
1384819200 271 0 271 0
1384732800 271 0 271 0
1384646400 271 0 271 0
1384560000 271 0 271 0
1384473600 271 0 271 0
1384387200 271 0 271 0
1384300800 271 0 271 0
1384214400 271 0 271 0
1384128000 271 0 271 0
1384041600 271 0 271 0
1383955200 271 0 271 0
1383868800 271 0 271 0
1383782400 271 0 271 0
1383696000 271 0 271 0
1383609600 271 0 271 0
1383523200 271 0 271 0
1383436800 271 0 271 0
1383350400 271 0 271 0
1383264000 271 0 271 0
1383177600 271 0 271 0
1383091200 271 0 271 0
1383004800 271 0 271 0
1382918400 271 0 271 0
1382832000 271 0 271 0
1382745600 271 0 271 0
1382659200 271 0 271 0
1382572800 271 0 271 0
1382486400 271 0 271 0
1382400000 271 0 271 0
1382313600 271 0 271 0
1382227200 271 0 271 0
1382140800 271 0 271 0
1382054400 271 0 271 0
1381968000 271 0 271 0
1381881600 271 0 271 0
1381795200 271 0 271 0
1381708800 271 0 271 0
1381622400 271 0 271 0
1381536000 271 0 271 0
1381449600 271 0 271 0
1381363200 271 0 271 0
1381276800 271 0 271 0
1381190400 271 0 271 0
1381104000 271 0 271 0
1381017600 271 0 271 0
1380931200 271 0 271 0
1380844800 271 0 271 0
1380758400 271 0 271 0
1380672000 271 0 271 0
1380585600 271 0 271 0
1380499200 271 0 271 0
1380412800 271 0 271 0
1380326400 271 0 271 0
1380240000 271 0 271 0
1380153600 271 0 271 0
1380067200 271 0 271 0
1379980800 271 0 271 0
1379894400 271 0 271 0
1379808000 271 0 271 0
1379721600 271 0 271 0
1379635200 271 0 271 0
1379548800 271 0 271 0
1379462400 271 0 271 0
1379376000 271 0 271 0
1379289600 271 0 271 0
1379203200 271 0 271 0
1379116800 271 0 271 0
1379030400 271 0 271 0
1378944000 271 0 271 0
1378857600 271 0 271 0
1378771200 271 0 271 0
1378684800 271 0 271 0
1378598400 271 0 271 0
1378512000 271 0 271 0
1378425600 271 0 271 0
1378339200 271 0 271 0
1378252800 271 0 271 0
1378166400 271 0 271 0
1378080000 271 0 271 0
1377993600 271 0 271 0
1377907200 271 0 271 0
1377820800 271 0 271 0
1377734400 271 0 271 0
1377648000 271 0 271 0
1377561600 271 0 271 0
1377475200 271 0 271 0
1377388800 271 0 271 0
1377302400 271 0 271 0
1377216000 271 0 271 0
1377129600 271 0 271 0
1377043200 271 0 271 0
1376956800 271 0 271 0
1376870400 271 0 271 0
1376784000 271 0 271 0
1376697600 271 0 271 0
1376611200 271 0 271 0
1376524800 271 0 271 0
1376438400 271 0 271 0
1376352000 271 0 271 0
1376265600 271 0 271 0
1376179200 271 0 271 0
1376092800 271 0 271 0
1376006400 271 0 271 0
1375920000 271 0 271 0
1375833600 271 0 271 0
1375747200 271 0 271 0
1375660800 271 0 271 0
1375574400 271 0 271 0
1375488000 271 0 271 0
1375401600 271 0 271 0
1375315200 271 0 271 0
1375228800 271 0 271 0
1375142400 271 0 271 0
1375056000 271 0 271 0
1374969600 271 0 271 0
1374883200 271 0 271 0
1374796800 271 0 271 0
1374710400 271 0 271 0
1374624000 271 0 271 0
1374537600 271 0 271 0
1374451200 271 0 271 0
1374364800 271 0 271 0
1374278400 271 0 271 0
1374192000 271 0 271 0
1374105600 271 0 271 0
1374019200 271 0 271 0
1373932800 271 0 271 0
1373846400 271 0 271 0
1373760000 271 0 271 0
1373673600 271 0 271 0
1373587200 271 0 271 0
1373500800 271 0 271 0
1373414400 271 0 271 0
1373328000 271 0 271 0
1373241600 271 0 271 0
1373155200 271 0 271 0
1373068800 271 0 271 0
1372982400 271 0 271 0
1372896000 271 0 271 0
1372809600 271 0 271 0
1372723200 271 0 271 0
1372636800 271 0 271 0
1372550400 271 0 271 0
1372464000 271 0 271 0
1372377600 271 0 271 0
1372291200 271 0 271 0
1372204800 271 0 271 0
1372118400 271 0 271 0
1372032000 271 0 271 0
1371945600 271 0 271 0
1371859200 271 0 271 0
1371772800 271 0 271 0
1371686400 271 0 271 0
1371600000 271 0 271 0
1371513600 271 0 271 0
1371427200 271 0 271 0
1371340800 271 0 271 0
1371254400 271 0 271 0
1371168000 271 0 271 0
1371081600 271 0 271 0
1370995200 271 0 271 0
1370908800 271 0 271 0
1370822400 271 0 271 0
1370736000 271 0 271 0
1370649600 271 0 271 0
1370563200 271 0 271 0
1370476800 271 0 271 0
1370390400 271 0 271 0
1370304000 271 0 271 0
1370217600 271 0 271 0
1370131200 271 0 271 0
1370044800 271 0 271 0
1369958400 271 0 271 0
1369872000 271 0 271 0
1369785600 271 0 271 0
1369699200 271 0 271 0
1369612800 271 0 271 0
1369526400 271 0 271 0
1369440000 271 0 271 0
1369353600 271 0 271 0
1369267200 271 0 271 0
1369180800 271 0 271 0
1369094400 271 0 271 0
1369008000 271 0 271 0
1368921600 271 0 271 0
1368835200 271 0 271 0
1368748800 271 0 271 0
1368662400 271 0 271 0
1368576000 271 0 271 0
1368489600 271 0 271 0
1368403200 271 0 271 0
1368316800 271 0 271 0
1368230400 271 0 271 0
1368144000 271 0 271 0
1368057600 271 0 271 0
1367971200 271 0 271 0
1367884800 271 0 271 0
1367798400 271 0 271 0
1367712000 271 0 271 0
1367625600 271 0 271 0
1367539200 271 0 271 0
1367452800 271 0 271 0
1367366400 271 0 271 0
1367280000 271 0 271 0
1367193600 271 0 271 0
1367107200 271 0 271 0
1367020800 271 0 271 0
1366934400 271 0 271 0
1366848000 271 0 271 0
1366761600 271 0 271 0
1366675200 271 0 271 0
1366588800 271 0 271 0
1366502400 271 0 271 0
1366416000 271 0 271 0
1366329600 271 0 271 0
1366243200 271 0 271 0
1366156800 271 0 271 0
1366070400 271 0 271 0
1365984000 271 0 271 0
1365897600 271 0 271 0
1365811200 271 0 271 0
1365724800 271 0 271 0
1365638400 271 0 271 0
1365552000 271 0 271 0
1365465600 271 0 271 0
1365379200 271 0 271 0
1365292800 271 0 271 0
1365206400 271 0 271 0
1365120000 271 0 271 0
1365033600 271 0 271 0
1364947200 271 0 271 0
1364860800 271 0 271 0
1364774400 271 0 271 0
1364688000 271 0 271 0
1364601600 271 0 271 0
1364515200 271 0 271 0
1364428800 271 0 271 0
1364342400 271 0 271 0
1364256000 271 0 271 0
1364169600 271 0 271 0
1364083200 271 0 271 0
1363996800 271 0 271 0
1363910400 271 0 271 0
1363824000 271 0 271 0
1363737600 271 0 271 0
1363651200 271 0 271 0
1363564800 271 0 271 0
1363478400 271 0 271 0
1363392000 271 0 271 0
1363305600 271 0 271 0
1363219200 271 0 271 0
1363132800 271 0 271 0
1363046400 271 0 271 0
1362960000 271 0 271 0
1362873600 271 0 271 0
1362787200 271 0 271 0
1362700800 271 0 271 0
1362614400 271 0 271 0
1362528000 271 0 271 0
1362441600 271 0 271 0
1362355200 271 0 271 0
1362268800 271 0 271 0
1362182400 271 0 271 0
1362096000 271 0 271 0
1362009600 271 0 271 0
1361923200 271 0 271 0
1361836800 271 0 271 0
1361750400 271 0 271 0
1361664000 271 0 271 0
1361577600 271 0 271 0
1361491200 271 0 271 0
1361404800 271 0 271 0
1361318400 271 0 271 0
1361232000 271 0 271 0
1361145600 271 0 271 0
1361059200 271 0 271 0
1360972800 271 0 271 0
1360886400 271 0 271 0
1360800000 271 0 271 0
1360713600 271 0 271 0
1360627200 271 0 271 0
1360540800 271 0 271 0
1360454400 271 0 271 0
1360368000 271 0 271 0
1360281600 271 0 271 0
1360195200 271 0 271 0
1360108800 271 0 271 0
1360022400 271 0 271 0
1359936000 271 0 271 0
1359849600 271 0 271 0
1359763200 271 0 271 0
1359676800 271 0 271 0
1359590400 271 0 271 0
1359504000 271 0 271 0
1359417600 271 0 271 0
1359331200 271 0 271 0
1359244800 271 0 271 0
1359158400 271 0 271 0
1359072000 271 0 271 0
1358985600 271 0 271 0
1358899200 271 0 271 0
1358812800 271 0 271 0
1358726400 271 0 271 0
1358640000 271 0 271 0
1358553600 271 0 271 0
1358467200 271 0 271 0
1358380800 271 0 271 0
1358294400 271 0 271 0
1358208000 271 0 271 0
1358121600 271 0 271 0
1358035200 271 0 271 0
1357948800 271 0 271 0
1357862400 271 0 271 0
1357776000 271 0 271 0
1357689600 271 0 271 0
1357603200 271 0 271 0
1357516800 271 0 271 0
1357430400 271 0 271 0
1357344000 271 0 271 0
1357257600 271 0 271 0
1357171200 271 0 271 0
1357084800 271 0 271 0
1356998400 271 0 271 0
1356912000 271 0 271 0
1356825600 271 0 271 0
1356739200 271 0 271 0
1356652800 271 0 271 0
1356566400 271 0 271 0
1356480000 271 0 271 0
1356393600 271 0 271 0
1356307200 271 0 271 0
1356220800 271 0 271 0
1356134400 271 0 271 0
1356048000 271 0 271 0
1355961600 271 0 271 0
1355875200 271 0 271 0
1355788800 271 0 271 0
1355702400 271 0 271 0
1355616000 271 0 271 0
1355529600 271 0 271 0
1355443200 271 0 271 0
1355356800 271 0 271 0
1355270400 271 0 271 0
1355184000 271 0 271 0
1355097600 271 0 271 0
1355011200 271 0 271 0
1354924800 271 0 271 0
1354838400 271 0 271 0
1354752000 271 0 271 0
1354665600 271 0 271 0
1354579200 271 0 271 0
1354492800 271 0 271 0
1354406400 271 0 271 0
1354320000 271 0 271 0
1354233600 271 0 271 0
1354147200 271 0 271 0
1354060800 271 0 271 0
1353974400 271 0 271 0
1353888000 271 0 271 0
1353801600 271 0 271 0
1353715200 271 0 271 0
1353628800 271 0 271 0
1353542400 271 0 271 0
1353456000 271 0 271 0
1353369600 271 0 271 0
1353283200 271 0 271 0
1353196800 271 0 271 0
1353110400 271 0 271 0
1353024000 271 0 271 0
1352937600 271 0 271 0
1352851200 271 0 271 0
1352764800 271 0 271 0
1352678400 271 0 271 0
1352592000 271 0 271 0
1352505600 271 0 271 0
1352419200 271 0 271 0
1352332800 271 0 271 0
1352246400 271 0 271 0
1352160000 271 0 271 0
1352073600 271 0 271 0
1351987200 271 0 271 0
1351900800 271 0 271 0
1351814400 271 0 271 0
1351728000 271 0 271 0
1351641600 271 0 271 0
1351555200 271 0 271 0
1351468800 236 0 295 0
1351382400 210 0 347 0
1351296000 150 0 247 0
1351209600 77 0 269 0
1351123200 221 0 288 0
1351036800 182 0 258 0
1350950400 218 0 296 0
1350864000 186 0 267 0
1350777600 207 0 278 0
1350691200 229 0 278 0
1350604800 202 0 276 0
1350518400 203 0 256 0
1350432000 183 0 258 0
1350345600 208 0 249 0
1350259200 214 0 256 0
1350172800 197 0 227 0
1350086400 148 0 208 0
1350000000 181 0 213 0
1349913600 163 0 209 0
1349827200 142 0 207 0
1349740800 148 0 211 0
1349654400 133 0 228 0
1349568000 143 0 219 0
1349481600 144 0 193 0
1349395200 86 0 186 0
1349308800 145 0 166 0
1349222400 150 0 196 0
1349136000 165 0 196 0
1349049600 122 0 199 0
1348963200 139 0 195 0
1348876800 168 0 208 0
1348790400 185 0 205 0
1348704000 161 0 204 0
1348617600 188 0 209 0
1348531200 160 0 209 0
1348444800 188 0 214 0
1348358400 174 0 207 0
1348272000 199 0 225 0
1348185600 145 0 217 0
1348099200 147 0 219 0
1348012800 176 0 215 0
1347926400 150 0 208 0
1347840000 143 0 204 0
1347753600 153 0 202 0
1347667200 13 0 143 0
1347580800 143 0 193 0
1347494400 119 0 191 0
1347408000 145 0 187 0
1347321600 150 0 189 0
1347235200 134 0 163 0
1347148800 141 0 167 0
1347062400 147 0 182 0
1346976000 152 0 183 0
1346889600 110 0 176 0
1346803200 128 0 182 0
1346716800 127 0 174 0
1346630400 105 0 149 0
1346544000 127 0 165 0
1346457600 134 0 178 0
