99.03.14 13:32 B f:\mirror1\d\shaolin\andao1.c --> www1.yn.cninfo.net /mudcctx/mudlib/d/shaolin andao1.c
99.03.14 13:32 B f:\mirror1\d\shaolin\andao2.c --> www1.yn.cninfo.net /mudcctx/mudlib/d/shaolin andao2.c
99.03.14 13:32 B f:\mirror1\d\shaolin\andao3.c --> www1.yn.cninfo.net /mudcctx/mudlib/d/shaolin andao3.c
99.03.14 13:32 B f:\mirror1\d\shaolin\bagua.c --> www1.yn.cninfo.net /mudcctx/mudlib/d/shaolin bagua.c
99.03.14 13:32 B f:\mirror1\d\shaolin\bagua.h --> www1.yn.cninfo.net /mudcctx/mudlib/d/shaolin bagua.h
99.03.14 13:32 B f:\mirror1\d\shaolin\bagua0.c --> www1.yn.cninfo.net /mudcctx/mudlib/d/shaolin bagua0.c
99.03.14 13:32 B f:\mirror1\d\shaolin\bagua1.c --> www1.yn.cninfo.net /mudcctx/mudlib/d/shaolin bagua1.c
99.03.14 13:32 B f:\mirror1\d\shaolin\bagua2.c --> www1.yn.cninfo.net /mudcctx/mudlib/d/shaolin bagua2.c
99.03.14 13:32 B f:\mirror1\d\shaolin\bagua3.c --> www1.yn.cninfo.net /mudcctx/mudlib/d/shaolin bagua3.c
99.03.14 13:32 B f:\mirror1\d\shaolin\bagua4.c --> www1.yn.cninfo.net /mudcctx/mudlib/d/shaolin bagua4.c
99.03.14 13:32 B f:\mirror1\d\shaolin\bagua5.c --> www1.yn.cninfo.net /mudcctx/mudlib/d/shaolin bagua5.c
99.03.14 13:32 B f:\mirror1\d\shaolin\bagua6.c --> www1.yn.cninfo.net /mudcctx/mudlib/d/shaolin bagua6.c
99.03.14 13:32 B f:\mirror1\d\shaolin\bagua7.c --> www1.yn.cninfo.net /mudcctx/mudlib/d/shaolin bagua7.c
99.03.14 13:32 B f:\mirror1\d\shaolin\bamboo1.c --> www1.yn.cninfo.net /mudcctx/mudlib/d/shaolin bamboo1.c
99.03.14 13:32 B f:\mirror1\d\shaolin\bamboo10.c --> www1.yn.cninfo.net /mudcctx/mudlib/d/shaolin bamboo10.c
99.03.14 13:32 B f:\mirror1\d\shaolin\bamboo11.c --> www1.yn.cninfo.net /mudcctx/mudlib/d/shaolin bamboo11.c
99.03.14 13:32 B f:\mirror1\d\shaolin\bamboo12.c --> www1.yn.cninfo.net /mudcctx/mudlib/d/shaolin bamboo12.c
99.03.14 13:32 B f:\mirror1\d\shaolin\bamboo13.c --> www1.yn.cninfo.net /mudcctx/mudlib/d/shaolin bamboo13.c
99.03.14 13:32 B f:\mirror1\d\shaolin\bamboo14.c --> www1.yn.cninfo.net /mudcctx/mudlib/d/shaolin bamboo14.c
99.03.14 13:32 B f:\mirror1\d\shaolin\bamboo2.c --> www1.yn.cninfo.net /mudcctx/mudlib/d/shaolin bamboo2.c
99.03.14 13:32 B f:\mirror1\d\shaolin\bamboo3.c --> www1.yn.cninfo.net /mudcctx/mudlib/d/shaolin bamboo3.c
99.03.14 13:32 B f:\mirror1\d\shaolin\bamboo4.c --> www1.yn.cninfo.net /mudcctx/mudlib/d/shaolin bamboo4.c
99.03.14 13:32 B f:\mirror1\d\shaolin\bamboo5.c --> www1.yn.cninfo.net /mudcctx/mudlib/d/shaolin bamboo5.c
99.03.14 13:32 B f:\mirror1\d\shaolin\bamboo6.c --> www1.yn.cninfo.net /mudcctx/mudlib/d/shaolin bamboo6.c
99.03.14 13:32 B f:\mirror1\d\shaolin\bamboo7.c --> www1.yn.cninfo.net /mudcctx/mudlib/d/shaolin bamboo7.c
99.03.14 13:32 B f:\mirror1\d\shaolin\bamboo8.c --> www1.yn.cninfo.net /mudcctx/mudlib/d/shaolin bamboo8.c
99.03.14 13:32 B f:\mirror1\d\shaolin\bamboo9.c --> www1.yn.cninfo.net /mudcctx/mudlib/d/shaolin bamboo9.c
99.03.14 13:32 B f:\mirror1\d\shaolin\banruo1.c --> www1.yn.cninfo.net /mudcctx/mudlib/d/shaolin banruo1.c
99.03.14 13:32 B f:\mirror1\d\shaolin\banruo2.c --> www1.yn.cninfo.net /mudcctx/mudlib/d/shaolin banruo2.c
99.03.14 13:32 B f:\mirror1\d\shaolin\banruo3.c --> www1.yn.cninfo.net /mudcctx/mudlib/d/shaolin banruo3.c
99.03.14 13:32 B f:\mirror1\d\shaolin\banruo4.c --> www1.yn.cninfo.net /mudcctx/mudlib/d/shaolin banruo4.c
99.03.14 13:32 B f:\mirror1\d\shaolin\banruo5.c --> www1.yn.cninfo.net /mudcctx/mudlib/d/shaolin banruo5.c
99.03.14 13:32 B f:\mirror1\d\shaolin\banruo6.c --> www1.yn.cninfo.net /mudcctx/mudlib/d/shaolin banruo6.c
99.03.14 13:32 B f:\mirror1\d\shaolin\banruo7.c --> www1.yn.cninfo.net /mudcctx/mudlib/d/shaolin banruo7.c
99.03.14 13:32 B f:\mirror1\d\shaolin\banruo8.c --> www1.yn.cninfo.net /mudcctx/mudlib/d/shaolin banruo8.c
99.03.14 13:32 B f:\mirror1\d\shaolin\banruo9.c --> www1.yn.cninfo.net /mudcctx/mudlib/d/shaolin banruo9.c
99.03.14 13:32 B f:\mirror1\d\shaolin\basket.c --> www1.yn.cninfo.net /mudcctx/mudlib/d/shaolin basket.c
99.03.14 13:32 B f:\mirror1\d\shaolin\beilin1.c --> www1.yn.cninfo.net /mudcctx/mudlib/d/shaolin beilin1.c
99.03.14 13:32 B f:\mirror1\d\shaolin\beilin2.c --> www1.yn.cninfo.net /mudcctx/mudlib/d/shaolin beilin2.c
99.03.14 13:32 B f:\mirror1\d\shaolin\beilin3.c --> www1.yn.cninfo.net /mudcctx/mudlib/d/shaolin beilin3.c
99.03.14 13:32 B f:\mirror1\d\shaolin\bydian.c --> www1.yn.cninfo.net /mudcctx/mudlib/d/shaolin bydian.c
99.03.14 13:32 B f:\mirror1\d\shaolin\cangku.c --> www1.yn.cninfo.net /mudcctx/mudlib/d/shaolin cangku.c
99.03.14 13:32 B f:\mirror1\d\shaolin\center.c --> www1.yn.cninfo.net /mudcctx/mudlib/d/shaolin center.c
99.03.14 13:32 B f:\mirror1\d\shaolin\chufang.c --> www1.yn.cninfo.net /mudcctx/mudlib/d/shaolin chufang.c
99.03.14 13:32 B f:\mirror1\d\shaolin\chufang2.c --> www1.yn.cninfo.net /mudcctx/mudlib/d/shaolin chufang2.c
99.03.14 13:32 B f:\mirror1\d\shaolin\cjlou.c --> www1.yn.cninfo.net /mudcctx/mudlib/d/shaolin cjlou.c
99.03.14 13:32 B f:\mirror1\d\shaolin\cjlou1.c --> www1.yn.cninfo.net /mudcctx/mudlib/d/shaolin cjlou1.c
99.03.14 13:32 B f:\mirror1\d\shaolin\damodong.c --> www1.yn.cninfo.net /mudcctx/mudlib/d/shaolin damodong.c
99.03.14 13:32 B f:\mirror1\d\shaolin\dmyuan.c --> www1.yn.cninfo.net /mudcctx/mudlib/d/shaolin dmyuan.c
99.03.14 13:32 B f:\mirror1\d\shaolin\dmyuan2.c --> www1.yn.cninfo.net /mudcctx/mudlib/d/shaolin dmyuan2.c
99.03.14 13:32 B f:\mirror1\d\shaolin\duchuan.c --> www1.yn.cninfo.net /mudcctx/mudlib/d/shaolin duchuan.c
99.03.14 13:32 B f:\mirror1\d\shaolin\dxbdian.c --> www1.yn.cninfo.net /mudcctx/mudlib/d/shaolin dxbdian.c
99.03.14 13:32 B f:\mirror1\d\shaolin\dzdian.c --> www1.yn.cninfo.net /mudcctx/mudlib/d/shaolin dzdian.c
99.03.14 13:32 B f:\mirror1\d\shaolin\fangjuku.c --> www1.yn.cninfo.net /mudcctx/mudlib/d/shaolin fangjuku.c
99.03.14 13:32 B f:\mirror1\d\shaolin\fanting.c --> www1.yn.cninfo.net /mudcctx/mudlib/d/shaolin fanting.c
99.03.14 13:32 B f:\mirror1\d\shaolin\fanting1.c --> www1.yn.cninfo.net /mudcctx/mudlib/d/shaolin fanting1.c
99.03.14 13:32 B f:\mirror1\d\shaolin\fumoquan.c --> www1.yn.cninfo.net /mudcctx/mudlib/d/shaolin fumoquan.c
99.03.14 13:32 B f:\mirror1\d\shaolin\fumoquan.c.910935418 --> www1.yn.cninfo.net /mudcctx/mudlib/d/shaolin fumoquan.c.910935418
99.03.14 13:32 B f:\mirror1\d\shaolin\fumquan.c --> www1.yn.cninfo.net /mudcctx/mudlib/d/shaolin fumquan.c
99.03.14 13:32 B f:\mirror1\d\shaolin\fzlou.c --> www1.yn.cninfo.net /mudcctx/mudlib/d/shaolin fzlou.c
99.03.14 13:32 B f:\mirror1\d\shaolin\fzlou1.c --> www1.yn.cninfo.net /mudcctx/mudlib/d/shaolin fzlou1.c
99.03.14 13:32 B f:\mirror1\d\shaolin\fzlou2.c --> www1.yn.cninfo.net /mudcctx/mudlib/d/shaolin fzlou2.c
99.03.14 13:32 B f:\mirror1\d\shaolin\guangchang1.c --> www1.yn.cninfo.net /mudcctx/mudlib/d/shaolin guangchang1.c
99.03.14 13:32 B f:\mirror1\d\shaolin\guangchang1e.c --> www1.yn.cninfo.net /mudcctx/mudlib/d/shaolin guangchang1e.c
99.03.14 13:32 B f:\mirror1\d\shaolin\guangchang1w.c --> www1.yn.cninfo.net /mudcctx/mudlib/d/shaolin guangchang1w.c
99.03.14 13:32 B f:\mirror1\d\shaolin\guangchang2.c --> www1.yn.cninfo.net /mudcctx/mudlib/d/shaolin guangchang2.c
99.03.14 13:32 B f:\mirror1\d\shaolin\guangchang3.c --> www1.yn.cninfo.net /mudcctx/mudlib/d/shaolin guangchang3.c
99.03.14 13:32 B f:\mirror1\d\shaolin\guangchang4.c --> www1.yn.cninfo.net /mudcctx/mudlib/d/shaolin guangchang4.c
99.03.14 13:32 B f:\mirror1\d\shaolin\guangchang5.c --> www1.yn.cninfo.net /mudcctx/mudlib/d/shaolin guangchang5.c
99.03.14 13:32 B f:\mirror1\d\shaolin\gulou.c --> www1.yn.cninfo.net /mudcctx/mudlib/d/shaolin gulou.c
99.03.14 13:32 B f:\mirror1\d\shaolin\gulou1.c --> www1.yn.cninfo.net /mudcctx/mudlib/d/shaolin gulou1.c
99.03.14 13:32 B f:\mirror1\d\shaolin\gulou2.c --> www1.yn.cninfo.net /mudcctx/mudlib/d/shaolin gulou2.c
99.03.14 13:32 B f:\mirror1\d\shaolin\gulou3.c --> www1.yn.cninfo.net /mudcctx/mudlib/d/shaolin gulou3.c
99.03.14 13:32 B f:\mirror1\d\shaolin\gulou4.c --> www1.yn.cninfo.net /mudcctx/mudlib/d/shaolin gulou4.c
99.03.14 13:32 B f:\mirror1\d\shaolin\gulou5.c --> www1.yn.cninfo.net /mudcctx/mudlib/d/shaolin gulou5.c
99.03.14 13:32 B f:\mirror1\d\shaolin\gulou6.c --> www1.yn.cninfo.net /mudcctx/mudlib/d/shaolin gulou6.c
99.03.14 13:32 B f:\mirror1\d\shaolin\gulou7.c --> www1.yn.cninfo.net /mudcctx/mudlib/d/shaolin gulou7.c
99.03.14 13:33 B f:\mirror1\d\shaolin\hantan1.c --> www1.yn.cninfo.net /mudcctx/mudlib/d/shaolin hantan1.c
99.03.14 13:33 B f:\mirror1\d\shaolin\hantan2.c --> www1.yn.cninfo.net /mudcctx/mudlib/d/shaolin hantan2.c
99.03.14 13:33 B f:\mirror1\d\shaolin\hantan3.c --> www1.yn.cninfo.net /mudcctx/mudlib/d/shaolin hantan3.c
99.03.14 13:33 B f:\mirror1\d\shaolin\houdian.c --> www1.yn.cninfo.net /mudcctx/mudlib/d/shaolin houdian.c
99.03.14 13:33 B f:\mirror1\d\shaolin\houshan.c --> www1.yn.cninfo.net /mudcctx/mudlib/d/shaolin houshan.c
99.03.14 13:33 B f:\mirror1\d\shaolin\hsyuan1.c --> www1.yn.cninfo.net /mudcctx/mudlib/d/shaolin hsyuan1.c
99.03.14 13:33 B f:\mirror1\d\shaolin\hsyuan2.c --> www1.yn.cninfo.net /mudcctx/mudlib/d/shaolin hsyuan2.c
99.03.14 13:33 B f:\mirror1\d\shaolin\hsyuan3.c --> www1.yn.cninfo.net /mudcctx/mudlib/d/shaolin hsyuan3.c
99.03.14 13:33 B f:\mirror1\d\shaolin\hsyuan4.c --> www1.yn.cninfo.net /mudcctx/mudlib/d/shaolin hsyuan4.c
99.03.14 13:33 B f:\mirror1\d\shaolin\hsyuan5.c --> www1.yn.cninfo.net /mudcctx/mudlib/d/shaolin hsyuan5.c
99.03.14 13:33 B f:\mirror1\d\shaolin\hsyuan6.c --> www1.yn.cninfo.net /mudcctx/mudlib/d/shaolin hsyuan6.c
99.03.14 13:33 B f:\mirror1\d\shaolin\hubudatang.c --> www1.yn.cninfo.net /mudcctx/mudlib/d/shaolin hubudatang.c
99.03.14 13:33 B f:\mirror1\d\shaolin\jianyu.c --> www1.yn.cninfo.net /mudcctx/mudlib/d/shaolin jianyu.c
99.03.14 13:33 B f:\mirror1\d\shaolin\jianyu1.c --> www1.yn.cninfo.net /mudcctx/mudlib/d/shaolin jianyu1.c
99.03.14 13:33 B f:\mirror1\d\shaolin\jiebei.c --> www1.yn.cninfo.net /mudcctx/mudlib/d/shaolin jiebei.c
99.03.14 13:33 B f:\mirror1\d\shaolin\jiulou1.c --> www1.yn.cninfo.net /mudcctx/mudlib/d/shaolin jiulou1.c
99.03.14 13:33 B f:\mirror1\d\shaolin\jiulou2.c --> www1.yn.cninfo.net /mudcctx/mudlib/d/shaolin jiulou2.c
99.03.14 13:33 B f:\mirror1\d\shaolin\jlyuan.c --> www1.yn.cninfo.net /mudcctx/mudlib/d/shaolin jlyuan.c
99.03.14 13:33 B f:\mirror1\d\shaolin\kedian1.c --> www1.yn.cninfo.net /mudcctx/mudlib/d/shaolin kedian1.c
99.03.14 13:33 B f:\mirror1\d\shaolin\kedian2.c --> www1.yn.cninfo.net /mudcctx/mudlib/d/shaolin kedian2.c
99.03.14 13:33 B f:\mirror1\d\shaolin\laofang.c --> www1.yn.cninfo.net /mudcctx/mudlib/d/shaolin laofang.c
99.03.14 13:33 B f:\mirror1\d\shaolin\luohan1.c --> www1.yn.cninfo.net /mudcctx/mudlib/d/shaolin luohan1.c
99.03.14 13:33 B f:\mirror1\d\shaolin\luohan2.c --> www1.yn.cninfo.net /mudcctx/mudlib/d/shaolin luohan2.c
99.03.14 13:33 B f:\mirror1\d\shaolin\luohan3.c --> www1.yn.cninfo.net /mudcctx/mudlib/d/shaolin luohan3.c
99.03.14 13:33 B f:\mirror1\d\shaolin\luohan4.c --> www1.yn.cninfo.net /mudcctx/mudlib/d/shaolin luohan4.c
99.03.14 13:33 B f:\mirror1\d\shaolin\luohan5.c --> www1.yn.cninfo.net /mudcctx/mudlib/d/shaolin luohan5.c
99.03.14 13:33 B f:\mirror1\d\shaolin\luohan6.c --> www1.yn.cninfo.net /mudcctx/mudlib/d/shaolin luohan6.c
99.03.14 13:33 B f:\mirror1\d\shaolin\luohan7.c --> www1.yn.cninfo.net /mudcctx/mudlib/d/shaolin luohan7.c
99.03.14 13:33 B f:\mirror1\d\shaolin\luohan8.c --> www1.yn.cninfo.net /mudcctx/mudlib/d/shaolin luohan8.c
99.03.14 13:33 B f:\mirror1\d\shaolin\luohan9.c --> www1.yn.cninfo.net /mudcctx/mudlib/d/shaolin luohan9.c
99.03.14 13:33 B f:\mirror1\d\shaolin\marry_room.c --> www1.yn.cninfo.net /mudcctx/mudlib/d/shaolin marry_room.c
99.03.14 13:33 B f:\mirror1\d\shaolin\matou1.c --> www1.yn.cninfo.net /mudcctx/mudlib/d/shaolin matou1.c
99.03.14 13:33 B f:\mirror1\d\shaolin\matou2.c --> www1.yn.cninfo.net /mudcctx/mudlib/d/shaolin matou2.c
99.03.14 13:33 B f:\mirror1\d\shaolin\midao.c --> www1.yn.cninfo.net /mudcctx/mudlib/d/shaolin midao.c
99.03.14 13:33 B f:\mirror1\d\shaolin\midao1.c --> www1.yn.cninfo.net /mudcctx/mudlib/d/shaolin midao1.c
99.03.14 13:33 B f:\mirror1\d\shaolin\nanyang.c --> www1.yn.cninfo.net /mudcctx/mudlib/d/shaolin nanyang.c
99.03.14 13:33 B f:\mirror1\d\shaolin\qfdian.c --> www1.yn.cninfo.net /mudcctx/mudlib/d/shaolin qfdian.c
99.03.14 13:33 B f:\mirror1\d\shaolin\qyping.c --> www1.yn.cninfo.net /mudcctx/mudlib/d/shaolin qyping.c
99.03.14 13:33 B f:\mirror1\d\shaolin\rukou.c --> www1.yn.cninfo.net /mudcctx/mudlib/d/shaolin rukou.c
99.03.14 13:33 B f:\mirror1\d\shaolin\ruzhou.c --> www1.yn.cninfo.net /mudcctx/mudlib/d/shaolin ruzhou.c
99.03.14 13:33 B f:\mirror1\d\shaolin\shanmen.c --> www1.yn.cninfo.net /mudcctx/mudlib/d/shaolin shanmen.c
99.03.14 13:33 B f:\mirror1\d\shaolin\shijie1.c --> www1.yn.cninfo.net /mudcctx/mudlib/d/shaolin shijie1.c
99.03.14 13:33 B f:\mirror1\d\shaolin\shijie10.c --> www1.yn.cninfo.net /mudcctx/mudlib/d/shaolin shijie10.c
99.03.14 13:33 B f:\mirror1\d\shaolin\shijie11.c --> www1.yn.cninfo.net /mudcctx/mudlib/d/shaolin shijie11.c
99.03.14 13:33 B f:\mirror1\d\shaolin\shijie2.c --> www1.yn.cninfo.net /mudcctx/mudlib/d/shaolin shijie2.c
99.03.14 13:33 B f:\mirror1\d\shaolin\shijie3.c --> www1.yn.cninfo.net /mudcctx/mudlib/d/shaolin shijie3.c
99.03.14 13:33 B f:\mirror1\d\shaolin\shijie4.c --> www1.yn.cninfo.net /mudcctx/mudlib/d/shaolin shijie4.c
99.03.14 13:33 B f:\mirror1\d\shaolin\shijie5.c --> www1.yn.cninfo.net /mudcctx/mudlib/d/shaolin shijie5.c
99.03.14 13:33 B f:\mirror1\d\shaolin\shijie6.c --> www1.yn.cninfo.net /mudcctx/mudlib/d/shaolin shijie6.c
99.03.14 13:33 B f:\mirror1\d\shaolin\shijie7.c --> www1.yn.cninfo.net /mudcctx/mudlib/d/shaolin shijie7.c
99.03.14 13:33 B f:\mirror1\d\shaolin\shijie8.c --> www1.yn.cninfo.net /mudcctx/mudlib/d/shaolin shijie8.c
99.03.14 13:33 B f:\mirror1\d\shaolin\shijie9.c --> www1.yn.cninfo.net /mudcctx/mudlib/d/shaolin shijie9.c
99.03.14 13:33 B f:\mirror1\d\shaolin\shuitan.c --> www1.yn.cninfo.net /mudcctx/mudlib/d/shaolin shuitan.c
99.03.14 13:33 B f:\mirror1\d\shaolin\shulin1.c --> www1.yn.cninfo.net /mudcctx/mudlib/d/shaolin shulin1.c
99.03.14 13:33 B f:\mirror1\d\shaolin\shulin10.c --> www1.yn.cninfo.net /mudcctx/mudlib/d/shaolin shulin10.c
99.03.14 13:33 B f:\mirror1\d\shaolin\shulin11.c --> www1.yn.cninfo.net /mudcctx/mudlib/d/shaolin shulin11.c
99.03.14 13:33 B f:\mirror1\d\shaolin\shulin12.c --> www1.yn.cninfo.net /mudcctx/mudlib/d/shaolin shulin12.c
99.03.14 13:33 B f:\mirror1\d\shaolin\shulin13.c --> www1.yn.cninfo.net /mudcctx/mudlib/d/shaolin shulin13.c
99.03.14 13:33 B f:\mirror1\d\shaolin\shulin14.c --> www1.yn.cninfo.net /mudcctx/mudlib/d/shaolin shulin14.c
99.03.14 13:33 B f:\mirror1\d\shaolin\shulin2.c --> www1.yn.cninfo.net /mudcctx/mudlib/d/shaolin shulin2.c
99.03.14 13:33 B f:\mirror1\d\shaolin\shulin3.c --> www1.yn.cninfo.net /mudcctx/mudlib/d/shaolin shulin3.c
99.03.14 13:33 B f:\mirror1\d\shaolin\shulin4.c --> www1.yn.cninfo.net /mudcctx/mudlib/d/shaolin shulin4.c
99.03.14 13:33 B f:\mirror1\d\shaolin\shulin5.c --> www1.yn.cninfo.net /mudcctx/mudlib/d/shaolin shulin5.c
99.03.14 13:33 B f:\mirror1\d\shaolin\shulin6.c --> www1.yn.cninfo.net /mudcctx/mudlib/d/shaolin shulin6.c
99.03.14 13:33 B f:\mirror1\d\shaolin\shulin7.c --> www1.yn.cninfo.net /mudcctx/mudlib/d/shaolin shulin7.c
99.03.14 13:33 B f:\mirror1\d\shaolin\shulin8.c --> www1.yn.cninfo.net /mudcctx/mudlib/d/shaolin shulin8.c
99.03.14 13:33 B f:\mirror1\d\shaolin\shulin9.c --> www1.yn.cninfo.net /mudcctx/mudlib/d/shaolin shulin9.c
99.03.14 13:33 B f:\mirror1\d\shaolin\smdian.c --> www1.yn.cninfo.net /mudcctx/mudlib/d/shaolin smdian.c
99.03.14 13:33 B f:\mirror1\d\shaolin\smdian1.c --> www1.yn.cninfo.net /mudcctx/mudlib/d/shaolin smdian1.c
99.03.14 13:33 B f:\mirror1\d\shaolin\smdian2.c --> www1.yn.cninfo.net /mudcctx/mudlib/d/shaolin smdian2.c
99.03.14 13:33 B f:\mirror1\d\shaolin\taijie.c --> www1.yn.cninfo.net /mudcctx/mudlib/d/shaolin taijie.c
99.03.14 13:33 B f:\mirror1\d\shaolin\talin.c --> www1.yn.cninfo.net /mudcctx/mudlib/d/shaolin talin.c
99.03.14 13:33 B f:\mirror1\d\shaolin\talin1.c --> www1.yn.cninfo.net /mudcctx/mudlib/d/shaolin talin1.c
99.03.14 13:33 B f:\mirror1\d\shaolin\talin2.c --> www1.yn.cninfo.net /mudcctx/mudlib/d/shaolin talin2.c
99.03.14 13:33 B f:\mirror1\d\shaolin\talin3.c --> www1.yn.cninfo.net /mudcctx/mudlib/d/shaolin talin3.c
99.03.14 13:33 B f:\mirror1\d\shaolin\talin4.c --> www1.yn.cninfo.net /mudcctx/mudlib/d/shaolin talin4.c
99.03.14 13:33 B f:\mirror1\d\shaolin\talin5.c --> www1.yn.cninfo.net /mudcctx/mudlib/d/shaolin talin5.c
99.03.14 13:33 B f:\mirror1\d\shaolin\talin6.c --> www1.yn.cninfo.net /mudcctx/mudlib/d/shaolin talin6.c
99.03.14 13:33 B f:\mirror1\d\shaolin\talin7.c --> www1.yn.cninfo.net /mudcctx/mudlib/d/shaolin talin7.c
99.03.14 13:33 B f:\mirror1\d\shaolin\twdian.c --> www1.yn.cninfo.net /mudcctx/mudlib/d/shaolin twdian.c
99.03.14 13:33 B f:\mirror1\d\shaolin\twdian1.c --> www1.yn.cninfo.net /mudcctx/mudlib/d/shaolin twdian1.c
99.03.14 13:33 B f:\mirror1\d\shaolin\twdian2.c --> www1.yn.cninfo.net /mudcctx/mudlib/d/shaolin twdian2.c
99.03.14 13:33 B f:\mirror1\d\shaolin\woshi.c --> www1.yn.cninfo.net /mudcctx/mudlib/d/shaolin woshi.c
99.03.14 13:33 B f:\mirror1\d\shaolin\wuchang.c --> www1.yn.cninfo.net /mudcctx/mudlib/d/shaolin wuchang.c
99.03.14 13:33 B f:\mirror1\d\shaolin\wuchang1.c --> www1.yn.cninfo.net /mudcctx/mudlib/d/shaolin wuchang1.c
99.03.14 13:33 B f:\mirror1\d\shaolin\wuchang2.c --> www1.yn.cninfo.net /mudcctx/mudlib/d/shaolin wuchang2.c
99.03.14 13:33 B f:\mirror1\d\shaolin\wuchang3.c --> www1.yn.cninfo.net /mudcctx/mudlib/d/shaolin wuchang3.c
99.03.14 13:33 B f:\mirror1\d\shaolin\wuqiku.c --> www1.yn.cninfo.net /mudcctx/mudlib/d/shaolin wuqiku.c
99.03.14 13:33 B f:\mirror1\d\shaolin\wuxing0.c --> www1.yn.cninfo.net /mudcctx/mudlib/d/shaolin wuxing0.c
99.03.14 13:33 B f:\mirror1\d\shaolin\wuxing1.c --> www1.yn.cninfo.net /mudcctx/mudlib/d/shaolin wuxing1.c
99.03.14 13:34 B f:\mirror1\d\shaolin\wuxing2.c --> www1.yn.cninfo.net /mudcctx/mudlib/d/shaolin wuxing2.c
99.03.14 13:34 B f:\mirror1\d\shaolin\wuxing3.c --> www1.yn.cninfo.net /mudcctx/mudlib/d/shaolin wuxing3.c
99.03.14 13:34 B f:\mirror1\d\shaolin\wuxing4.c --> www1.yn.cninfo.net /mudcctx/mudlib/d/shaolin wuxing4.c
99.03.14 13:34 B f:\mirror1\d\shaolin\xiaojing1.c --> www1.yn.cninfo.net /mudcctx/mudlib/d/shaolin xiaojing1.c
99.03.14 13:34 B f:\mirror1\d\shaolin\xiaojing2.c --> www1.yn.cninfo.net /mudcctx/mudlib/d/shaolin xiaojing2.c
99.03.14 13:34 B f:\mirror1\d\shaolin\xiaowu.c --> www1.yn.cninfo.net /mudcctx/mudlib/d/shaolin xiaowu.c
99.03.14 13:34 B f:\mirror1\d\shaolin\xingbudatang.c --> www1.yn.cninfo.net /mudcctx/mudlib/d/shaolin xingbudatang.c
99.03.14 13:34 B f:\mirror1\d\shaolin\yangjingz.c --> www1.yn.cninfo.net /mudcctx/mudlib/d/shaolin yangjingz.c
99.03.14 13:34 B f:\mirror1\d\shaolin\yaopinku.c --> www1.yn.cninfo.net /mudcctx/mudlib/d/shaolin yaopinku.c
99.03.14 13:34 B f:\mirror1\d\shaolin\yuanzi.c --> www1.yn.cninfo.net /mudcctx/mudlib/d/shaolin yuanzi.c
99.03.14 13:34 B f:\mirror1\d\shaolin\zhonglou.c --> www1.yn.cninfo.net /mudcctx/mudlib/d/shaolin zhonglou.c
99.03.14 13:34 B f:\mirror1\d\shaolin\zhonglou1.c --> www1.yn.cninfo.net /mudcctx/mudlib/d/shaolin zhonglou1.c
99.03.14 13:34 B f:\mirror1\d\shaolin\zhonglou2.c --> www1.yn.cninfo.net /mudcctx/mudlib/d/shaolin zhonglou2.c
99.03.14 13:34 B f:\mirror1\d\shaolin\zhonglou3.c --> www1.yn.cninfo.net /mudcctx/mudlib/d/shaolin zhonglou3.c
99.03.14 13:34 B f:\mirror1\d\shaolin\zhonglou4.c --> www1.yn.cninfo.net /mudcctx/mudlib/d/shaolin zhonglou4.c
99.03.14 13:34 B f:\mirror1\d\shaolin\zhonglou5.c --> www1.yn.cninfo.net /mudcctx/mudlib/d/shaolin zhonglou5.c
99.03.14 13:34 B f:\mirror1\d\shaolin\zhonglou6.c --> www1.yn.cninfo.net /mudcctx/mudlib/d/shaolin zhonglou6.c
99.03.14 13:34 B f:\mirror1\d\shaolin\zhonglou7.c --> www1.yn.cninfo.net /mudcctx/mudlib/d/shaolin zhonglou7.c
99.03.14 13:34 B f:\mirror1\d\shaolin\zhulin1.c --> www1.yn.cninfo.net /mudcctx/mudlib/d/shaolin zhulin1.c
99.03.14 13:34 B f:\mirror1\d\shaolin\zhulin2.c --> www1.yn.cninfo.net /mudcctx/mudlib/d/shaolin zhulin2.c
99.03.14 13:34 B f:\mirror1\d\shaolin\zhulin3.c --> www1.yn.cninfo.net /mudcctx/mudlib/d/shaolin zhulin3.c
99.03.14 13:34 B f:\mirror1\d\shaolin\zhulin4.c --> www1.yn.cninfo.net /mudcctx/mudlib/d/shaolin zhulin4.c
99.03.14 13:34 B f:\mirror1\d\shaolin\zhulin5.c --> www1.yn.cninfo.net /mudcctx/mudlib/d/shaolin zhulin5.c
99.03.14 13:34 B f:\mirror1\d\shaolin\zhulin6.c --> www1.yn.cninfo.net /mudcctx/mudlib/d/shaolin zhulin6.c
99.03.14 13:34 B f:\mirror1\d\shaolin\zhushe.c --> www1.yn.cninfo.net /mudcctx/mudlib/d/shaolin zhushe.c
99.03.14 13:34 B f:\mirror1\d\shaolin\zoulang1.c --> www1.yn.cninfo.net /mudcctx/mudlib/d/shaolin zoulang1.c
99.03.14 13:34 B f:\mirror1\d\shaolin\zoulang2.c --> www1.yn.cninfo.net /mudcctx/mudlib/d/shaolin zoulang2.c
99.03.14 13:34 B f:\mirror1\d\shaolin\zoulang3.c --> www1.yn.cninfo.net /mudcctx/mudlib/d/shaolin zoulang3.c
99.03.14 13:34 B f:\mirror1\d\shaolin\zoulang4.c --> www1.yn.cninfo.net /mudcctx/mudlib/d/shaolin zoulang4.c
99.03.14 13:34 B f:\mirror1\d\shaolin\zoulang5.c --> www1.yn.cninfo.net /mudcctx/mudlib/d/shaolin zoulang5.c
99.03.14 13:34 B f:\mirror1\d\shaolin\zoulang6.c --> www1.yn.cninfo.net /mudcctx/mudlib/d/shaolin zoulang6.c
99.03.14 13:34 B f:\mirror1\d\shaolin\zoulang7.c --> www1.yn.cninfo.net /mudcctx/mudlib/d/shaolin zoulang7.c
99.03.14 13:34 B f:\mirror1\d\shaolin\zoulang8.c --> www1.yn.cninfo.net /mudcctx/mudlib/d/shaolin zoulang8.c
