2003.06.15 13:40 A F:\mudlib\d\beijing\npc\aobai.c <-- www.vmud.com /lonely/mudlib/d/beijing/npc aobai.c
2003.06.15 13:40 A F:\mudlib\d\beijing\npc\bing1.c <-- www.vmud.com /lonely/mudlib/d/beijing/npc bing1.c
2003.06.15 13:40 A F:\mudlib\d\beijing\npc\bing2.c <-- www.vmud.com /lonely/mudlib/d/beijing/npc bing2.c
2003.06.15 13:40 A F:\mudlib\d\beijing\npc\bing3.c <-- www.vmud.com /lonely/mudlib/d/beijing/npc bing3.c
2003.06.15 13:40 A F:\mudlib\d\beijing\npc\boss-heibai.bak <-- www.vmud.com /lonely/mudlib/d/beijing/npc boss-heibai.bak
2003.06.15 13:40 A F:\mudlib\d\beijing\npc\boss-hu.c <-- www.vmud.com /lonely/mudlib/d/beijing/npc boss-hu.c
2003.06.15 13:40 A F:\mudlib\d\beijing\npc\boss-zhong.c <-- www.vmud.com /lonely/mudlib/d/beijing/npc boss-zhong.c
2003.06.15 13:40 A F:\mudlib\d\beijing\npc\boy1.c <-- www.vmud.com /lonely/mudlib/d/beijing/npc boy1.c
2003.06.15 13:40 A F:\mudlib\d\beijing\npc\boy2.c <-- www.vmud.com /lonely/mudlib/d/beijing/npc boy2.c
2003.06.15 13:40 A F:\mudlib\d\beijing\npc\boy3.c <-- www.vmud.com /lonely/mudlib/d/beijing/npc boy3.c
2003.06.15 13:40 A F:\mudlib\d\beijing\npc\caifan.c <-- www.vmud.com /lonely/mudlib/d/beijing/npc caifan.c
2003.06.15 13:40 A F:\mudlib\d\beijing\npc\chaboshi.c <-- www.vmud.com /lonely/mudlib/d/beijing/npc chaboshi.c
2003.06.15 13:40 A F:\mudlib\d\beijing\npc\chake.c <-- www.vmud.com /lonely/mudlib/d/beijing/npc chake.c
2003.06.15 13:40 A F:\mudlib\d\beijing\npc\cheng.c <-- www.vmud.com /lonely/mudlib/d/beijing/npc cheng.c
2003.06.15 13:40 A F:\mudlib\d\beijing\npc\chenglaoban.c <-- www.vmud.com /lonely/mudlib/d/beijing/npc chenglaoban.c
2003.06.15 13:40 A F:\mudlib\d\beijing\npc\chenlaotou.c <-- www.vmud.com /lonely/mudlib/d/beijing/npc chenlaotou.c
2003.06.15 13:40 A F:\mudlib\d\beijing\npc\dangpuzhang.c <-- www.vmud.com /lonely/mudlib/d/beijing/npc dangpuzhang.c
2003.06.15 13:40 A F:\mudlib\d\beijing\npc\dipi.c <-- www.vmud.com /lonely/mudlib/d/beijing/npc dipi.c
2003.06.15 13:40 A F:\mudlib\d\beijing\npc\dubi.c <-- www.vmud.com /lonely/mudlib/d/beijing/npc dubi.c
2003.06.15 13:40 A F:\mudlib\d\beijing\npc\ducha.c <-- www.vmud.com /lonely/mudlib/d/beijing/npc ducha.c
2003.06.15 13:40 A F:\mudlib\d\beijing\npc\duke.c <-- www.vmud.com /lonely/mudlib/d/beijing/npc duke.c
2003.06.15 13:40 A F:\mudlib\d\beijing\npc\duolong.c <-- www.vmud.com /lonely/mudlib/d/beijing/npc duolong.c
2003.06.15 13:40 A F:\mudlib\d\beijing\npc\fangang.c <-- www.vmud.com /lonely/mudlib/d/beijing/npc fangang.c
2003.06.15 13:40 A F:\mudlib\d\beijing\npc\feng.c <-- www.vmud.com /lonely/mudlib/d/beijing/npc feng.c
2003.06.15 13:40 A F:\mudlib\d\beijing\npc\fengjizhong.c <-- www.vmud.com /lonely/mudlib/d/beijing/npc fengjizhong.c
2003.06.15 13:40 A F:\mudlib\d\beijing\npc\flowerg.c <-- www.vmud.com /lonely/mudlib/d/beijing/npc flowerg.c
2003.06.15 13:41 A F:\mudlib\d\beijing\npc\furen.c <-- www.vmud.com /lonely/mudlib/d/beijing/npc furen.c
2003.06.15 13:41 A F:\mudlib\d\beijing\npc\girl1.c <-- www.vmud.com /lonely/mudlib/d/beijing/npc girl1.c
2003.06.15 13:41 A F:\mudlib\d\beijing\npc\girl2.c <-- www.vmud.com /lonely/mudlib/d/beijing/npc girl2.c
2003.06.15 13:41 A F:\mudlib\d\beijing\npc\girl3.c <-- www.vmud.com /lonely/mudlib/d/beijing/npc girl3.c
2003.06.15 13:41 A F:\mudlib\d\beijing\npc\girl4.c <-- www.vmud.com /lonely/mudlib/d/beijing/npc girl4.c
2003.06.15 13:41 A F:\mudlib\d\beijing\npc\gu.c <-- www.vmud.com /lonely/mudlib/d/beijing/npc gu.c
2003.06.15 13:41 A F:\mudlib\d\beijing\npc\guananji.c <-- www.vmud.com /lonely/mudlib/d/beijing/npc guananji.c
2003.06.15 13:41 A F:\mudlib\d\beijing\npc\guanzhong.c <-- www.vmud.com /lonely/mudlib/d/beijing/npc guanzhong.c
2003.06.15 13:41 A F:\mudlib\d\beijing\npc\guierniang.c <-- www.vmud.com /lonely/mudlib/d/beijing/npc guierniang.c
2003.06.15 13:41 A F:\mudlib\d\beijing\npc\guixinshu.c <-- www.vmud.com /lonely/mudlib/d/beijing/npc guixinshu.c
2003.06.15 13:41 A F:\mudlib\d\beijing\npc\guizhong.c <-- www.vmud.com /lonely/mudlib/d/beijing/npc guizhong.c
2003.06.15 13:41 A F:\mudlib\d\beijing\npc\guizishou.c <-- www.vmud.com /lonely/mudlib/d/beijing/npc guizishou.c
2003.06.15 13:41 A F:\mudlib\d\beijing\npc\haoke1.c <-- www.vmud.com /lonely/mudlib/d/beijing/npc haoke1.c
2003.06.15 13:41 A F:\mudlib\d\beijing\npc\hu.c <-- www.vmud.com /lonely/mudlib/d/beijing/npc hu.c
2003.06.15 13:41 A F:\mudlib\d\beijing\npc\huanv.c <-- www.vmud.com /lonely/mudlib/d/beijing/npc huanv.c
2003.06.15 13:41 A F:\mudlib\d\beijing\npc\hunhun.c <-- www.vmud.com /lonely/mudlib/d/beijing/npc hunhun.c
2003.06.15 13:41 A F:\mudlib\d\beijing\npc\jiading_a.c <-- www.vmud.com /lonely/mudlib/d/beijing/npc jiading_a.c
2003.06.15 13:41 A F:\mudlib\d\beijing\npc\jiading_k.c <-- www.vmud.com /lonely/mudlib/d/beijing/npc jiading_k.c
2003.06.15 13:41 A F:\mudlib\d\beijing\npc\jialaoliu.c <-- www.vmud.com /lonely/mudlib/d/beijing/npc jialaoliu.c
2003.06.15 13:41 A F:\mudlib\d\beijing\npc\jialaoliu.c.bak <-- www.vmud.com /lonely/mudlib/d/beijing/npc jialaoliu.c.bak
2003.06.15 13:41 A F:\mudlib\d\beijing\npc\jiao1.c <-- www.vmud.com /lonely/mudlib/d/beijing/npc jiao1.c
2003.06.15 13:41 A F:\mudlib\d\beijing\npc\jiao2.c <-- www.vmud.com /lonely/mudlib/d/beijing/npc jiao2.c
2003.06.15 13:41 A F:\mudlib\d\beijing\npc\jinv.c <-- www.vmud.com /lonely/mudlib/d/beijing/npc jinv.c
2003.06.15 13:41 A F:\mudlib\d\beijing\npc\jpl.c <-- www.vmud.com /lonely/mudlib/d/beijing/npc jpl.c
2003.06.15 13:42 A F:\mudlib\d\beijing\npc\jpl2.c <-- www.vmud.com /lonely/mudlib/d/beijing/npc jpl2.c
2003.06.15 13:42 A F:\mudlib\d\beijing\npc\jumin1.c <-- www.vmud.com /lonely/mudlib/d/beijing/npc jumin1.c
2003.06.15 13:42 A F:\mudlib\d\beijing\npc\kangqinwang.c <-- www.vmud.com /lonely/mudlib/d/beijing/npc kangqinwang.c
2003.06.15 13:42 A F:\mudlib\d\beijing\npc\kid1.c <-- www.vmud.com /lonely/mudlib/d/beijing/npc kid1.c
2003.06.15 13:42 A F:\mudlib\d\beijing\npc\lama.c <-- www.vmud.com /lonely/mudlib/d/beijing/npc lama.c
2003.06.15 13:42 A F:\mudlib\d\beijing\npc\laobaopo.c <-- www.vmud.com /lonely/mudlib/d/beijing/npc laobaopo.c
2003.06.15 13:42 A F:\mudlib\d\beijing\npc\liandan_dushe.c <-- www.vmud.com /lonely/mudlib/d/beijing/npc liandan_dushe.c
2003.06.15 13:42 A F:\mudlib\d\beijing\npc\liandan_langzhong.c <-- www.vmud.com /lonely/mudlib/d/beijing/npc liandan_langzhong.c
2003.06.15 13:42 A F:\mudlib\d\beijing\npc\liandan_tongzi.bak <-- www.vmud.com /lonely/mudlib/d/beijing/npc liandan_tongzi.bak
2003.06.15 13:42 A F:\mudlib\d\beijing\npc\liandan_tongzi.c <-- www.vmud.com /lonely/mudlib/d/beijing/npc liandan_tongzi.c
2003.06.15 13:42 A F:\mudlib\d\beijing\npc\liandan_yaochun.c <-- www.vmud.com /lonely/mudlib/d/beijing/npc liandan_yaochun.c
2003.06.15 13:42 A F:\mudlib\d\beijing\npc\lilishi.c <-- www.vmud.com /lonely/mudlib/d/beijing/npc lilishi.c
2003.06.15 13:42 A F:\mudlib\d\beijing\npc\liudahong.c <-- www.vmud.com /lonely/mudlib/d/beijing/npc liudahong.c
2003.06.15 13:42 A F:\mudlib\d\beijing\npc\liumang.c <-- www.vmud.com /lonely/mudlib/d/beijing/npc liumang.c
2003.06.15 13:42 A F:\mudlib\d\beijing\npc\mafu.c <-- www.vmud.com /lonely/mudlib/d/beijing/npc mafu.c
2003.06.15 13:42 A F:\mudlib\d\beijing\npc\mafuht.h <-- www.vmud.com /lonely/mudlib/d/beijing/npc mafuht.h
2003.06.15 13:42 A F:\mudlib\d\beijing\npc\mafuyz.h <-- www.vmud.com /lonely/mudlib/d/beijing/npc mafuyz.h
2003.06.15 13:42 A F:\mudlib\d\beijing\npc\maiyi1.c <-- www.vmud.com /lonely/mudlib/d/beijing/npc maiyi1.c
2003.06.15 13:42 A F:\mudlib\d\beijing\npc\maiyi2.c <-- www.vmud.com /lonely/mudlib/d/beijing/npc maiyi2.c
2003.06.15 13:42 A F:\mudlib\d\beijing\npc\mao18.c <-- www.vmud.com /lonely/mudlib/d/beijing/npc mao18.c
2003.06.15 13:42 A F:\mudlib\d\beijing\npc\mianhuoji.c <-- www.vmud.com /lonely/mudlib/d/beijing/npc mianhuoji.c
2003.06.15 13:42 A F:\mudlib\d\beijing\npc\old1.c <-- www.vmud.com /lonely/mudlib/d/beijing/npc old1.c
2003.06.15 13:42 A F:\mudlib\d\beijing\npc\old2.c <-- www.vmud.com /lonely/mudlib/d/beijing/npc old2.c
2003.06.15 13:42 A F:\mudlib\d\beijing\npc\piaoke.c <-- www.vmud.com /lonely/mudlib/d/beijing/npc piaoke.c
2003.06.15 13:42 A F:\mudlib\d\beijing\npc\q.c <-- www.vmud.com /lonely/mudlib/d/beijing/npc q.c
2003.06.15 13:42 A F:\mudlib\d\beijing\npc\qianlaoben.c <-- www.vmud.com /lonely/mudlib/d/beijing/npc qianlaoben.c
2003.06.15 13:42 A F:\mudlib\d\beijing\npc\qibiaoqing.c <-- www.vmud.com /lonely/mudlib/d/beijing/npc qibiaoqing.c
2003.06.15 13:42 A F:\mudlib\d\beijing\npc\qiyuankai.c <-- www.vmud.com /lonely/mudlib/d/beijing/npc qiyuankai.c
2003.06.15 13:42 A F:\mudlib\d\beijing\npc\richman1.c <-- www.vmud.com /lonely/mudlib/d/beijing/npc richman1.c
2003.06.15 13:42 A F:\mudlib\d\beijing\npc\shenzhao.c <-- www.vmud.com /lonely/mudlib/d/beijing/npc shenzhao.c
2003.06.15 13:42 A F:\mudlib\d\beijing\npc\shi_a.c <-- www.vmud.com /lonely/mudlib/d/beijing/npc shi_a.c
2003.06.15 13:42 A F:\mudlib\d\beijing\npc\shi_k.c <-- www.vmud.com /lonely/mudlib/d/beijing/npc shi_k.c
2003.06.15 13:42 A F:\mudlib\d\beijing\npc\shisong.c <-- www.vmud.com /lonely/mudlib/d/beijing/npc shisong.c
2003.06.15 13:42 A F:\mudlib\d\beijing\npc\shizhe.c <-- www.vmud.com /lonely/mudlib/d/beijing/npc shizhe.c
2003.06.15 13:42 A F:\mudlib\d\beijing\npc\shuanger.c <-- www.vmud.com /lonely/mudlib/d/beijing/npc shuanger.c
2003.06.15 13:42 A F:\mudlib\d\beijing\npc\shuanger.old <-- www.vmud.com /lonely/mudlib/d/beijing/npc shuanger.old
2003.06.15 13:42 A F:\mudlib\d\beijing\npc\shusheng1.c <-- www.vmud.com /lonely/mudlib/d/beijing/npc shusheng1.c
2003.06.15 13:42 A F:\mudlib\d\beijing\npc\shusheng2.c <-- www.vmud.com /lonely/mudlib/d/beijing/npc shusheng2.c
2003.06.15 13:42 A F:\mudlib\d\beijing\npc\taijian.c <-- www.vmud.com /lonely/mudlib/d/beijing/npc taijian.c
2003.06.15 13:42 A F:\mudlib\d\beijing\npc\tangzi.c <-- www.vmud.com /lonely/mudlib/d/beijing/npc tangzi.c
2003.06.15 13:42 A F:\mudlib\d\beijing\npc\teahuoji.c <-- www.vmud.com /lonely/mudlib/d/beijing/npc teahuoji.c
2003.06.15 13:42 A F:\mudlib\d\beijing\npc\tiaofu.c <-- www.vmud.com /lonely/mudlib/d/beijing/npc tiaofu.c
2003.06.15 13:42 A F:\mudlib\d\beijing\npc\tiegongji.c <-- www.vmud.com /lonely/mudlib/d/beijing/npc tiegongji.c
2003.06.15 13:42 A F:\mudlib\d\beijing\npc\tiehuoji.c <-- www.vmud.com /lonely/mudlib/d/beijing/npc tiehuoji.c
2003.06.15 13:43 A F:\mudlib\d\beijing\npc\tiejiang.c <-- www.vmud.com /lonely/mudlib/d/beijing/npc tiejiang.c
2003.06.15 13:43 A F:\mudlib\d\beijing\npc\wjb-guard.c <-- www.vmud.com /lonely/mudlib/d/beijing/npc wjb-guard.c
2003.06.15 13:43 A F:\mudlib\d\beijing\npc\wuliuqi.c <-- www.vmud.com /lonely/mudlib/d/beijing/npc wuliuqi.c
2003.06.15 13:43 A F:\mudlib\d\beijing\npc\wuzhirong.c <-- www.vmud.com /lonely/mudlib/d/beijing/npc wuzhirong.c
2003.06.15 13:43 A F:\mudlib\d\beijing\npc\xianren.c <-- www.vmud.com /lonely/mudlib/d/beijing/npc xianren.c
2003.06.15 13:43 A F:\mudlib\d\beijing\npc\xiaoer.c <-- www.vmud.com /lonely/mudlib/d/beijing/npc xiaoer.c
2003.06.15 13:43 A F:\mudlib\d\beijing\npc\xiaoer1.c <-- www.vmud.com /lonely/mudlib/d/beijing/npc xiaoer1.c
2003.06.15 13:43 A F:\mudlib\d\beijing\npc\xiaoer2.c <-- www.vmud.com /lonely/mudlib/d/beijing/npc xiaoer2.c
2003.06.15 13:43 A F:\mudlib\d\beijing\npc\xiaoer3.c <-- www.vmud.com /lonely/mudlib/d/beijing/npc xiaoer3.c
2003.06.15 13:43 A F:\mudlib\d\beijing\npc\xiaofan.c <-- www.vmud.com /lonely/mudlib/d/beijing/npc xiaofan.c
2003.06.15 13:43 A F:\mudlib\d\beijing\npc\xizi1.c <-- www.vmud.com /lonely/mudlib/d/beijing/npc xizi1.c
2003.06.15 13:43 A F:\mudlib\d\beijing\npc\xizi2.c <-- www.vmud.com /lonely/mudlib/d/beijing/npc xizi2.c
2003.06.15 13:43 A F:\mudlib\d\beijing\npc\xizi3.c <-- www.vmud.com /lonely/mudlib/d/beijing/npc xizi3.c
2003.06.15 13:43 A F:\mudlib\d\beijing\npc\xutianchuan.c <-- www.vmud.com /lonely/mudlib/d/beijing/npc xutianchuan.c
2003.06.15 13:43 A F:\mudlib\d\beijing\npc\yahuan_a.c <-- www.vmud.com /lonely/mudlib/d/beijing/npc yahuan_a.c
2003.06.15 13:43 A F:\mudlib\d\beijing\npc\yahuan_k.c <-- www.vmud.com /lonely/mudlib/d/beijing/npc yahuan_k.c
2003.06.15 13:43 A F:\mudlib\d\beijing\npc\yaopuhuoji.c <-- www.vmud.com /lonely/mudlib/d/beijing/npc yaopuhuoji.c
2003.06.15 13:43 A F:\mudlib\d\beijing\npc\youren.c <-- www.vmud.com /lonely/mudlib/d/beijing/npc youren.c
2003.06.15 13:43 A F:\mudlib\d\beijing\npc\yuanding.c <-- www.vmud.com /lonely/mudlib/d/beijing/npc yuanding.c
2003.06.15 13:43 A F:\mudlib\d\beijing\npc\yuqian1.c <-- www.vmud.com /lonely/mudlib/d/beijing/npc yuqian1.c
2003.06.15 13:43 A F:\mudlib\d\beijing\npc\yuqian2.c <-- www.vmud.com /lonely/mudlib/d/beijing/npc yuqian2.c
2003.06.15 13:43 A F:\mudlib\d\beijing\npc\zhanggui.c <-- www.vmud.com /lonely/mudlib/d/beijing/npc zhanggui.c
2003.06.15 13:43 A F:\mudlib\d\beijing\npc\zhangkang.c <-- www.vmud.com /lonely/mudlib/d/beijing/npc zhangkang.c
2003.06.15 13:43 A F:\mudlib\d\beijing\npc\zhaoqi.c <-- www.vmud.com /lonely/mudlib/d/beijing/npc zhaoqi.c
2003.06.15 13:43 A F:\mudlib\d\beijing\npc\zheng.c <-- www.vmud.com /lonely/mudlib/d/beijing/npc zheng.c
2003.06.15 13:43 A F:\mudlib\d\beijing\npc\zhuangyu.c <-- www.vmud.com /lonely/mudlib/d/beijing/npc zhuangyu.c
2003.06.15 13:43 A F:\mudlib\d\beijing\npc\zsh_duan.bak <-- www.vmud.com /lonely/mudlib/d/beijing/npc zsh_duan.bak
