Failed to load condition daemon /kungfu/condition/0, removed from clone/user/user#5109 ("苗苗(emb)")
Error: *call_other() couldn't find object

Failed to load condition daemon /kungfu/condition/0, removed from clone/user/user#5109 ("苗苗(emb)")
Error: *call_other() couldn't find object

Failed to load condition daemon /kungfu/condition/0, removed from clone/user/user#51096 ("自在(owheart)")
Error: *call_other() couldn't find object

Failed to load condition daemon /kungfu/condition/0, removed from clone/user/user#73437 ("本暗(hyzsa)")
Error: *call_other() couldn't find object

Failed to load condition daemon /kungfu/condition/0, removed from clone/user/user#34765 ("萧飞(govne)")
Error: *call_other() couldn't find object

Failed to load condition daemon /kungfu/condition/0, removed from clone/user/user#74910 ("苗苗(emb)")
Error: *call_other() couldn't find object

Failed to load condition daemon /kungfu/condition/0, removed from clone/user/user#44158 ("无心(czq)")
Error: *call_other() couldn't find object

Failed to load condition daemon /kungfu/condition/0, removed from clone/user/user#80006 ("灵雪(lingxue)")
Error: *call_other() couldn't find object

Failed to load condition daemon /kungfu/condition/0, removed from clone/user/user#34765 ("萧飞(govne)")
Error: *call_other() couldn't find object

Failed to load condition daemon /kungfu/condition/0, removed from clone/user/user#70143 ("天啸(ddeep)")
Error: *call_other() couldn't find object

Failed to load condition daemon /kungfu/condition/0, removed from clone/user/user#53381 ("星如雨(xry)")
Error: *call_other() couldn't find object

Failed to load condition daemon /kungfu/condition/0, removed from clone/user/user#74910 ("苗苗(emb)")
Error: *call_other() couldn't find object

Failed to load condition daemon /kungfu/condition/0, removed from clone/user/user#80006 ("灵雪(lingxue)")
Error: *call_other() couldn't find object

Failed to load condition daemon /kungfu/condition/0, removed from clone/user/user#80006 ("灵雪(lingxue)")
Error: *call_other() couldn't find object

Failed to load condition daemon /kungfu/condition/0, removed from clone/user/user#74910 ("苗苗(emb)")
Error: *call_other() couldn't find object

Failed to load condition daemon /kungfu/condition/0, removed from clone/user/user#44459 ("艺人(xfafqt)")
Error: *call_other() couldn't find object

Failed to load condition daemon /kungfu/condition/0, removed from clone/user/user#51657 ("无极(wujiz)")
Error: *call_other() couldn't find object

Failed to load condition daemon /kungfu/condition/0, removed from clone/user/user#99057 ("企鹅(qie)")
Error: *call_other() couldn't find object

Failed to load condition daemon /kungfu/condition/0, removed from clone/user/user#74910 ("苗苗(emb)")
Error: *call_other() couldn't find object

Failed to load condition daemon /kungfu/condition/0, removed from clone/user/user#9248 ("苗苗(emb)")
Error: *call_other() couldn't find object

Failed to load condition daemon /kungfu/condition/0, removed from clone/user/user#13238 ("慧注(jms)")
Error: *call_other() couldn't find object

Failed to load condition daemon /kungfu/condition/0, removed from clone/user/user#9248 ("苗苗(emb)")
Error: *call_other() couldn't find object

Failed to load condition daemon /kungfu/condition/0, removed from clone/user/user#16465 ("本暗(hyzsa)")
Error: *call_other() couldn't find object

Failed to load condition daemon /kungfu/condition/0, removed from clone/user/user#5868 ("欧阳不羁(hedy)")
Error: *call_other() couldn't find object

Failed to load condition daemon /kungfu/condition/0, removed from clone/user/user#11900 ("紫莹(terly)")
Error: *call_other() couldn't find object

Failed to load condition daemon /kungfu/condition/0, removed from clone/user/user#4960 ("慕容神经(loveme)")
Error: *call_other() couldn't find object

Failed to load condition daemon /kungfu/condition/0, removed from clone/user/user#17033 ("小小(lovejo)")
Error: *call_other() couldn't find object

Failed to load condition daemon /kungfu/condition/0, removed from clone/user/user#614 ("无名(wuming)")
Error: *call_other() couldn't find object

Failed to load condition daemon /kungfu/condition/0, removed from clone/user/user#35 ("本叶(chunyan)")
Error: *call_other() couldn't find object

Failed to load condition daemon /kungfu/condition/0, removed from clone/user/user#99 ("华紫晴(huazheng)")
Error: *call_other() couldn't find object

Failed to load condition daemon /kungfu/condition/0, removed from clone/user/user#183 ("无名(wuming)")
Error: *call_other() couldn't find object

Failed to load condition daemon /kungfu/condition/0, removed from clone/user/user#1318 ("寒江雪(hjx)")
Error: *call_other() couldn't find object

Failed to load condition daemon /kungfu/condition/0, removed from clone/user/user#179 ("紫莹(terly)")
Error: *call_other() couldn't find object

Failed to load condition daemon /kungfu/condition/0, removed from clone/user/user#1971 ("兰天(julled)")
Error: *call_other() couldn't find object

Failed to load condition daemon /kungfu/condition/0, removed from clone/user/user#35 ("凤舞(flyer)")
Error: *call_other() couldn't find object

Failed to load condition daemon /kungfu/condition/0, removed from clone/user/user#7421 ("石头(stonelei)")
Error: *call_other() couldn't find object

Failed to load condition daemon /kungfu/condition/0, removed from clone/user/user#99 ("圣人阿二(saint)")
Error: *call_other() couldn't find object

Failed to load condition daemon /kungfu/condition/0, removed from clone/user/user#3210 ("潇湘风(yahoo)")
Error: *call_other() couldn't find object

Failed to load condition daemon /kungfu/condition/0, removed from clone/user/user#18754 ("华清(huaqing)")
Error: *call_other() couldn't find object

Failed to load condition daemon /kungfu/condition/0, removed from clone/user/user#19695 ("了风(gcl)")
Error: *call_other() couldn't find object

Failed to load condition daemon /kungfu/condition/0, removed from clone/user/user#7310 ("消魂剑(cocolee)")
Error: *call_other() couldn't find object

Failed to load condition daemon /kungfu/condition/0, removed from clone/user/user#18552 ("蓝天(eljimmy)")
Error: *call_other() couldn't find object

Failed to load condition daemon /kungfu/condition/0, removed from clone/user/user#19984 ("了跳(tiaotiao)")
Error: *call_other() couldn't find object

Failed to load condition daemon /kungfu/condition/0, removed from clone/user/user#18747 ("萧飞(govne)")
Error: *call_other() couldn't find object

Failed to load condition daemon /kungfu/condition/0, removed from clone/user/user#7310 ("消魂剑(cocolee)")
Error: *call_other() couldn't find object

Failed to load condition daemon /kungfu/condition/0, removed from clone/user/user#19984 ("了跳(tiaotiao)")
Error: *call_other() couldn't find object

Failed to load condition daemon /kungfu/condition/0, removed from clone/user/user#21593 ("痴痴子(cicizi)")
Error: *call_other() couldn't find object

Failed to load condition daemon /kungfu/condition/0, removed from clone/user/user#7310 ("消魂剑(cocolee)")
Error: *call_other() couldn't find object

Failed to load condition daemon /kungfu/condition/0, removed from clone/user/user#37526 ("瑶瑶(yaoyao)")
Error: *call_other() couldn't find object

Failed to load condition daemon /kungfu/condition/0, removed from clone/user/user#1971 ("兰天(julled)")
Error: *call_other() couldn't find object

Failed to load condition daemon /kungfu/condition/0, removed from clone/user/user#18552 ("蓝天(eljimmy)")
Error: *call_other() couldn't find object

Failed to load condition daemon /kungfu/condition/0, removed from clone/user/user#30420 ("本叶(chunyan)")
Error: *call_other() couldn't find object

Failed to load condition daemon /kungfu/condition/0, removed from clone/user/user#30116 ("神族(shenzu)")
Error: *call_other() couldn't find object

Failed to load condition daemon /kungfu/condition/0, removed from clone/user/user#30456 ("虫族(chongzu)")
Error: *call_other() couldn't find object

Failed to load condition daemon /kungfu/condition/0, removed from clone/user/user#1971 ("兰天(julled)")
Error: *call_other() couldn't find object

Failed to load condition daemon /kungfu/condition/0, removed from clone/user/user#1743 ("慧注(jms)")
Error: *call_other() couldn't find object

Failed to load condition daemon /kungfu/condition/0, removed from clone/user/user#41787 ("心魔(wodexin)")
Error: *call_other() couldn't find object

Failed to load condition daemon /kungfu/condition/0, removed from clone/user/user#60538 ("消魂剑(cocolee)")
Error: *call_other() couldn't find object

Failed to load condition daemon /kungfu/condition/0, removed from clone/user/user#30456 ("虫族(chongzu)")
Error: *call_other() couldn't find object

Failed to load condition daemon /kungfu/condition/0, removed from clone/user/user#49377 ("了玉(duanyu)")
Error: *call_other() couldn't find object

Failed to load condition daemon /kungfu/condition/0, removed from clone/user/user#1971 ("兰天(julled)")
Error: *call_other() couldn't find object

Failed to load condition daemon /kungfu/condition/0, removed from clone/user/user#61679 ("海浪(savelife)")
Error: *call_other() couldn't find object

Failed to load condition daemon /kungfu/condition/0, removed from clone/user/user#30116 ("神族(shenzu)")
Error: *call_other() couldn't find object

Failed to load condition daemon /kungfu/condition/0, removed from clone/user/user#48436 ("棋剑(crazyfly)")
Error: *call_other() couldn't find object

Failed to load condition daemon /kungfu/condition/dali_kong, removed from clone/user/user#49377 ("了玉(duanyu)")
Error: *call_other() couldn't find object

Failed to load condition daemon /kungfu/condition/dali_kong, removed from clone/user/user#49377 ("了玉(duanyu)")
Error: *call_other() couldn't find object

Failed to load condition daemon /kungfu/condition/dali_kong, removed from clone/user/user#49377 ("了玉(duanyu)")
Error: *call_other() couldn't find object

Failed to load condition daemon /kungfu/condition/0, removed from clone/user/user#68927 ("本战(wwqqa)")
Error: *call_other() couldn't find object

Failed to load condition daemon /kungfu/condition/0, removed from clone/user/user#1743 ("慧注(jms)")
Error: *call_other() couldn't find object

Failed to load condition daemon /kungfu/condition/0, removed from clone/user/user#60346 ("酷酷(kuku)")
Error: *call_other() couldn't find object

Failed to load condition daemon /kungfu/condition/0, removed from clone/user/user#46256 ("本段(windlei)")
Error: *call_other() couldn't find object

Failed to load condition daemon /kungfu/condition/0, removed from clone/user/user#60346 ("酷酷(kuku)")
Error: *call_other() couldn't find object

Failed to load condition daemon /kungfu/condition/0, removed from clone/user/user#1743 ("慧注(jms)")
Error: *call_other() couldn't find object

Failed to load condition daemon /kungfu/condition/0, removed from clone/user/user#1743 ("慧注(jms)")
Error: *call_other() couldn't find object

Failed to load condition daemon /kungfu/condition/0, removed from clone/user/user#46256 ("本段(windlei)")
Error: *call_other() couldn't find object

Failed to load condition daemon /kungfu/condition/dali_kong, removed from clone/user/user#89153 ("了玉(duanyu)")
Error: *call_other() couldn't find object

Failed to load condition daemon /kungfu/condition/dali_kong, removed from clone/user/user#89153 ("了玉(duanyu)")
Error: *call_other() couldn't find object

Failed to load condition daemon /kungfu/condition/0, removed from clone/user/user#1971 ("兰天(julled)")
Error: *call_other() couldn't find object

Failed to load condition daemon /kungfu/condition/0, removed from clone/user/user#305 ("华紫晴(huazheng)")
Error: *call_other() couldn't find object

Failed to load condition daemon /kungfu/condition/0, removed from clone/user/user#90351 ("了跳(tiaotiao)")
Error: *call_other() couldn't find object

Failed to load condition daemon /kungfu/condition/0, removed from clone/user/user#67247 ("白云(cris)")
Error: *call_other() couldn't find object

Failed to load condition daemon /kungfu/condition/0, removed from clone/user/user#33615 ("本淫(kissmoka)")
Error: *call_other() couldn't find object

Failed to load condition daemon /kungfu/condition/0, removed from clone/user/user#305 ("华紫晴(huazheng)")
Error: *call_other() couldn't find object

Failed to load condition daemon /kungfu/condition/0, removed from clone/user/user#1743 ("慧注(jms)")
Error: *call_other() couldn't find object

Failed to load condition daemon /kungfu/condition/0, removed from clone/user/user#90351 ("了跳(tiaotiao)")
Error: *call_other() couldn't find object

Failed to load condition daemon /kungfu/condition/0, removed from clone/user/user#46256 ("本段(windlei)")
Error: *call_other() couldn't find object

Failed to load condition daemon /kungfu/condition/0, removed from clone/user/user#33615 ("本淫(kissmoka)")
Error: *call_other() couldn't find object

Failed to load condition daemon /kungfu/condition/0, removed from clone/user/user#95298 ("萧飞(govne)")
Error: *call_other() couldn't find object

Failed to load condition daemon /kungfu/condition/0, removed from clone/user/user#18552 ("蓝天(eljimmy)")
Error: *call_other() couldn't find object

Failed to load condition daemon /kungfu/condition/0, removed from clone/user/user#93198 ("无双(nodouble)")
Error: *call_other() couldn't find object

Failed to load condition daemon /kungfu/condition/0, removed from clone/user/user#89853 ("酷酷(kuku)")
Error: *call_other() couldn't find object

Failed to load condition daemon /kungfu/condition/0, removed from clone/user/user#112067 ("虫族(chongzu)")
Error: *call_other() couldn't find object

Failed to load condition daemon /kungfu/condition/0, removed from clone/user/user#35 ("凤舞(flyer)")
Error: *call_other() couldn't find object

Failed to load condition daemon /kungfu/condition/0, removed from clone/user/user#112963 ("自在(owheart)")
Error: *call_other() couldn't find object

Failed to load condition daemon /kungfu/condition/0, removed from clone/user/user#67247 ("白云(cris)")
Error: *call_other() couldn't find object

Failed to load condition daemon /kungfu/condition/0, removed from clone/user/user#117030 ("阿冲(archon)")
Error: *call_other() couldn't find object

Failed to load condition daemon /kungfu/condition/0, removed from clone/user/user#122347 ("潇湘风(yahoo)")
Error: *call_other() couldn't find object

Failed to load condition daemon /kungfu/condition/0, removed from clone/user/user#1002 ("慕容天天(renyu)")
Error: *call_other() couldn't find object

Failed to load condition daemon /kungfu/condition/0, removed from clone/user/user#433 ("潇湘风(yahoo)")
Error: *call_other() couldn't find object

Failed to load condition daemon /kungfu/condition/0, removed from clone/user/user#3883 ("灵雪(lingxue)")
Error: *call_other() couldn't find object

Failed to load condition daemon /kungfu/condition/0, removed from clone/user/user#99 ("玄帝(tdh)")
Error: *call_other() couldn't find object

Failed to load condition daemon /kungfu/condition/0, removed from clone/user/user#2090 ("飞鱼(feiyu)")
Error: *call_other() couldn't find object

Failed to load condition daemon /kungfu/condition/0, removed from clone/user/user#2632 ("无心(czq)")
Error: *call_other() couldn't find object

Failed to load condition daemon /kungfu/condition/0, removed from clone/user/user#347 ("智龙(power)")
Error: *call_other() couldn't find object

Failed to load condition daemon /kungfu/condition/0, removed from clone/user/user#788 ("慕容天地(chen)")
Error: *call_other() couldn't find object

Failed to load condition daemon /kungfu/condition/0, removed from clone/user/user#16 ("本叶(chunyan)")
Error: *call_other() couldn't find object

Failed to load condition daemon /kungfu/condition/0, removed from clone/user/user#1563 ("宇文十一(boiob)")
Error: *call_other() couldn't find object

Failed to load condition daemon /kungfu/condition/0, removed from clone/user/user#1002 ("慕容天天(renyu)")
Error: *call_other() couldn't find object

Failed to load condition daemon /kungfu/condition/0, removed from clone/user/user#594 ("荆坷(jingke)")
Error: *call_other() couldn't find object

Failed to load condition daemon /kungfu/condition/0, removed from clone/user/user#9486 ("大米(iiiiy)")
Error: *call_other() couldn't find object

Failed to load condition daemon /kungfu/condition/0, removed from clone/user/user#1508 ("华紫晴(huazheng)")
Error: *call_other() couldn't find object

Failed to load condition daemon /kungfu/condition/0, removed from clone/user/user#9793 ("杨婉婷(emily)")
Error: *call_other() couldn't find object

Failed to load condition daemon /kungfu/condition/0, removed from clone/user/user#9849 ("智龙(power)")
Error: *call_other() couldn't find object

Failed to load condition daemon /kungfu/condition/0, removed from clone/user/user#788 ("慕容天地(chen)")
Error: *call_other() couldn't find object

Failed to load condition daemon /kungfu/condition/0, removed from clone/user/user#14581 ("神族(shenzu)")
Error: *call_other() couldn't find object

Failed to load condition daemon /kungfu/condition/0, removed from clone/user/user#14073 ("心醉(dean)")
Error: *call_other() couldn't find object

Failed to load condition daemon /kungfu/condition/0, removed from clone/user/user#9486 ("大米(iiiiy)")
Error: *call_other() couldn't find object

Failed to load condition daemon /kungfu/condition/0, removed from clone/user/user#14581 ("神族(shenzu)")
Error: *call_other() couldn't find object

Failed to load condition daemon /kungfu/condition/0, removed from clone/user/user#594 ("荆坷(jingke)")
Error: *call_other() couldn't find object

Failed to load condition daemon /kungfu/condition/0, removed from clone/user/user#766 ("雾之神(fogod)")
Error: *call_other() couldn't find object

Failed to load condition daemon /kungfu/condition/0, removed from clone/user/user#7359 ("逍遥(linxin)")
Error: *call_other() couldn't find object

Failed to load condition daemon /kungfu/condition/0, removed from clone/user/user#5386 ("魔鬼崇拜(devilism)")
Error: *call_other() couldn't find object

Failed to load condition daemon /kungfu/condition/0, removed from clone/user/user#202 ("潇湘风(yahoo)")
Error: *call_other() couldn't find object

Failed to load condition daemon /kungfu/condition/0, removed from clone/user/user#8430 ("虫族(chongzu)")
Error: *call_other() couldn't find object

Failed to load condition daemon /kungfu/condition/0, removed from clone/user/user#26 ("欧阳啸天(xiaofish)")
Error: *call_other() couldn't find object

Failed to load condition daemon /kungfu/condition/0, removed from clone/user/user#1334 ("了风(gcl)")
Error: *call_other() couldn't find object

Failed to load condition daemon /kungfu/condition/0, removed from clone/user/user#2356 ("神族(shenzu)")
Error: *call_other() couldn't find object

Failed to load condition daemon /kungfu/condition/0, removed from clone/user/user#4747 ("了跳(tiaotiao)")
Error: *call_other() couldn't find object

Failed to load condition daemon /kungfu/condition/0, removed from clone/user/user#8430 ("虫族(chongzu)")
Error: *call_other() couldn't find object

Failed to load condition daemon /kungfu/condition/0, removed from clone/user/user#5930 ("本叶(chunyan)")
Error: *call_other() couldn't find object

Failed to load condition daemon /kungfu/condition/0, removed from clone/user/user#2356 ("神族(shenzu)")
Error: *call_other() couldn't find object

Failed to load condition daemon /kungfu/condition/0, removed from clone/user/user#2356 ("神族(shenzu)")
Error: *call_other() couldn't find object

Failed to load condition daemon /kungfu/condition/0, removed from clone/user/user#9707 ("司令(xyao)")
Error: *call_other() couldn't find object

Failed to load condition daemon /kungfu/condition/0, removed from clone/user/user#14331 ("酷酷(kuku)")
Error: *call_other() couldn't find object

Failed to load condition daemon /kungfu/condition/0, removed from clone/user/user#21016 ("杨婉婷(emily)")
Error: *call_other() couldn't find object

Failed to load condition daemon /kungfu/condition/0, removed from clone/user/user#21261 ("无极(wujiz)")
Error: *call_other() couldn't find object

Failed to load condition daemon /kungfu/condition/0, removed from clone/user/user#2356 ("神族(shenzu)")
Error: *call_other() couldn't find object

Failed to load condition daemon /kungfu/condition/0, removed from clone/user/user#8430 ("虫族(chongzu)")
Error: *call_other() couldn't find object

Failed to load condition daemon /kungfu/condition/0, removed from clone/user/user#9707 ("司令(xyao)")
Error: *call_other() couldn't find object

Failed to load condition daemon /kungfu/condition/0, removed from clone/user/user#2356 ("神族(shenzu)")
Error: *call_other() couldn't find object

Failed to load condition daemon /kungfu/condition/0, removed from clone/user/user#9707 ("司令(xyao)")
Error: *call_other() couldn't find object

Failed to load condition daemon /kungfu/condition/0, removed from clone/user/user#14331 ("酷酷(kuku)")
Error: *call_other() couldn't find object

Failed to load condition daemon /kungfu/condition/0, removed from clone/user/user#28369 ("招架(parry)")
Error: *call_other() couldn't find object

Failed to load condition daemon /kungfu/condition/0, removed from clone/user/user#14331 ("酷酷(kuku)")
Error: *call_other() couldn't find object

Failed to load condition daemon /kungfu/condition/0, removed from clone/user/user#8430 ("虫族(chongzu)")
Error: *call_other() couldn't find object

Failed to load condition daemon /kungfu/condition/0, removed from clone/user/user#10859 ("丁芸(xiaoyun)")
Error: *call_other() couldn't find object

Failed to load condition daemon /kungfu/condition/0, removed from clone/user/user#17937 ("星如雨(xry)")
Error: *call_other() couldn't find object

Failed to load condition daemon /kungfu/condition/0, removed from clone/user/user#8430 ("虫族(chongzu)")
Error: *call_other() couldn't find object

Failed to load condition daemon /kungfu/condition/0, removed from clone/user/user#27433 ("无名(wuming)")
Error: *call_other() couldn't find object

Failed to load condition daemon /kungfu/condition/0, removed from clone/user/user#16895 ("华紫晴(huazheng)")
Error: *call_other() couldn't find object

Failed to load condition daemon /kungfu/condition/0, removed from clone/user/user#8 ("本逸(view)")
Error: *call_other() couldn't find object

Failed to load condition daemon /kungfu/condition/0, removed from clone/user/user#19133 ("消魂剑(cocolee)")
Error: *call_other() couldn't find object

Failed to load condition daemon /kungfu/condition/0, removed from clone/user/user#8430 ("虫族(chongzu)")
Error: *call_other() couldn't find object

Failed to load condition daemon /kungfu/condition/0, removed from kungfu/class/wudang/zhang#67953 ("张三丰(zhang sanfeng)")
Error: *call_other() couldn't find object

Failed to load condition daemon /kungfu/condition/0, removed from clone/user/user#51600 ("慧注(jms)")
Error: *call_other() couldn't find object

Failed to load condition daemon /kungfu/condition/0, removed from clone/user/user#17937 ("星如雨(xry)")
Error: *call_other() couldn't find object

Failed to load condition daemon /kungfu/condition/0, removed from clone/user/user#51547 ("兰天(julled)")
Error: *call_other() couldn't find object

Failed to load condition daemon /kungfu/condition/0, removed from clone/user/user#51600 ("慧注(jms)")
Error: *call_other() couldn't find object

Failed to load condition daemon /kungfu/condition/0, removed from clone/user/user#17937 ("星如雨(xry)")
Error: *call_other() couldn't find object

Failed to load condition daemon /kungfu/condition/0, removed from clone/user/user#5049 ("本淫(kissmoka)")
Error: *call_other() couldn't find object

Failed to load condition daemon /kungfu/condition/gb_job_busy, removed from clone/user/user#79452 ("邓小刀(deng)")
Error: *call_other() couldn't find object

Failed to load condition daemon /kungfu/condition/0, removed from clone/user/user#26417 ("凤舞(flyer)")
Error: *call_other() couldn't find object

Failed to load condition daemon /kungfu/condition/0, removed from clone/user/user#51600 ("慧注(jms)")
Error: *call_other() couldn't find object

Failed to load condition daemon /kungfu/condition/0, removed from clone/user/user#76690 ("风之魂(winder)")
Error: *call_other() couldn't find object

Failed to load condition daemon /kungfu/condition/0, removed from clone/user/user#72381 ("白云(cris)")
Error: *call_other() couldn't find object

Failed to load condition daemon /kungfu/condition/0, removed from clone/user/user#87165 ("清花(sure)")
Error: *call_other() couldn't find object

Failed to load condition daemon /kungfu/condition/0, removed from clone/user/user#84033 ("本叶(chunyan)")
Error: *call_other() couldn't find object

Failed to load condition daemon /kungfu/condition/0, removed from clone/user/user#76810 ("小馒头(xmt)")
Error: *call_other() couldn't find object

Failed to load condition daemon /kungfu/condition/0, removed from clone/user/user#88325 ("无心(czq)")
Error: *call_other() couldn't find object

Failed to load condition daemon /kungfu/condition/0, removed from clone/user/user#26417 ("凤舞(flyer)")
Error: *call_other() couldn't find object

Failed to load condition daemon /kungfu/condition/0, removed from clone/user/user#77482 ("石头(stonelei)")
Error: *call_other() couldn't find object

Failed to load condition daemon /kungfu/condition/0, removed from clone/user/user#51547 ("兰天(julled)")
Error: *call_other() couldn't find object

Failed to load condition daemon /kungfu/condition/0, removed from clone/user/user#51600 ("慧注(jms)")
Error: *call_other() couldn't find object

Failed to load condition daemon /kungfu/condition/0, removed from clone/user/user#86402 ("水晶(jajaja)")
Error: *call_other() couldn't find object

Failed to load condition daemon /kungfu/condition/0, removed from clone/user/user#84033 ("本叶(chunyan)")
Error: *call_other() couldn't find object

Failed to load condition daemon /kungfu/condition/0, removed from clone/user/user#51547 ("兰天(julled)")
Error: *call_other() couldn't find object

Failed to load condition daemon /kungfu/condition/0, removed from clone/user/user#51600 ("慧注(jms)")
Error: *call_other() couldn't find object

Failed to load condition daemon /kungfu/condition/0, removed from clone/user/user#92967 ("风之魂(winder)")
Error: *call_other() couldn't find object

Failed to load condition daemon /kungfu/condition/0, removed from clone/user/user#51547 ("兰天(julled)")
Error: *call_other() couldn't find object

Failed to load condition daemon /kungfu/condition/0, removed from clone/user/user#51600 ("慧注(jms)")
Error: *call_other() couldn't find object

Failed to load condition daemon /kungfu/condition/0, removed from clone/user/user#97842 ("恶贯满盈(egmy)")
Error: *call_other() couldn't find object

Failed to load condition daemon /kungfu/condition/0, removed from clone/user/user#98787 ("哈哈(kacha)")
Error: *call_other() couldn't find object

Failed to load condition daemon /kungfu/condition/0, removed from clone/user/user#96326 ("小月(lingyun)")
Error: *call_other() couldn't find object

Failed to load condition daemon /kungfu/condition/0, removed from clone/user/user#96332 ("星如雨(xry)")
Error: *call_other() couldn't find object

Failed to load condition daemon /kungfu/condition/0, removed from clone/user/user#94447 ("凤舞(flyer)")
Error: *call_other() couldn't find object

