----------------------------------------------------------------------------
仙剑狂侠 2000  (MudOS v22pre11) starting up on Microsoft Windows 95 - Sun Mar 24 19:23:54 2002


Can't find "mudos", ignoring old binaries.
Try invoking the driver using the full pathname.
System Error: init_addr_server: connect:unknow error 10061

Loading preloaded files ...
错误讯息被拦截: 
执行时段错误：*Error in loading object '/adm/daemons/network/dns_master'

程式：adm/single/master.c 第 105 行
物件: adm/single/master ("0(0)")
呼叫来自：adm/single/master.c 的 preload() 第 105 行，物件： adm/single/master ("0(0)")
呼叫来自：adm/single/master.c 的 CATCH() 第 105 行，物件： adm/single/master ("0(0)")
Initializations complete.

Accepting connections on port 5555.
错误
执行时段错误：*restore_object(): Illegal file format.

程式：feature/save.c 第 19 行
物件: clone/board/news_b ("/clone/board/news_b(0)")
呼叫来自：adm/daemons/logind.c 的 check_news() 第 690 行，物件： adm/daemons/logind ("0(0)")
呼叫来自：clone/board/news_b.c 的 create() 第 12 行，物件： clone/board/news_b ("/clone/board/news_b(0)")
呼叫来自：inherit/misc/bboard.c 的 setup() 第 20 行，物件： clone/board/news_b ("/clone/board/news_b(0)")
呼叫来自：feature/save.c 的 restore() 第 19 行，物件： clone/board/news_b ("/clone/board/news_b(0)")
错误
执行时段错误：*Bad argument 1 to call_other()
Expected: string or array or object Got: 0.

程式：adm/single/simul_efun.c 第 89 行
物件: adm/single/simul_efun ("0(0)")
呼叫来自：feature/command.c 的 command_hook() 第 66 行，物件： clone/user/user#1 ("秋水(wangwwh)")
呼叫来自：cmds/std/go.c 的 main() 第 96 行，物件： cmds/std/go ("0(0)")
呼叫来自：d/city/kedian.c 的 create() 第 33 行，物件： d/city/kedian ("0(0)")
呼叫来自：inherit/room/room.c 的 setup() 第 214 行，物件： d/city/kedian ("0(0)")
呼叫来自：inherit/room/room.c 的 reset() 第 66 行，物件： d/city/kedian ("0(0)")
呼叫来自：inherit/room/room.c 的 make_inventory() 第 20 行，物件： d/city/kedian ("0(0)")
呼叫来自：adm/single/simul_efun.c 的 unew() 第 89 行，物件： adm/single/simul_efun ("0(0)")
错误
执行时段错误：*restore_object(): Illegal file format.

程式：feature/save.c 第 19 行
物件: clone/board/wizto_b ("/clone/board/wizto_b(0)")
呼叫来自：feature/command.c 的 command_hook() 第 66 行，物件： clone/user/user#1 ("秋水(wangwwh)")
呼叫来自：cmds/std/go.c 的 main() 第 96 行，物件： cmds/std/go ("0(0)")
呼叫来自：d/city/chmiao.c 的 create() 第 25 行，物件： d/city/chmiao ("0(0)")
呼叫来自：clone/board/wizto_b.c 的 create() 第 11 行，物件： clone/board/wizto_b ("/clone/board/wizto_b(0)")
呼叫来自：inherit/misc/bboard.c 的 setup() 第 20 行，物件： clone/board/wizto_b ("/clone/board/wizto_b(0)")
呼叫来自：feature/save.c 的 restore() 第 19 行，物件： clone/board/wizto_b ("/clone/board/wizto_b(0)")
错误
执行时段错误：*Bad argument 1 to capitalize()
Expected: string Got: 0.

程式：feature/name.c 第 78 行
物件: clone/board/wizto_b ("/clone/board/wizto_b(0)")
呼叫来自：feature/command.c 的 command_hook() 第 66 行，物件： clone/user/user#1 ("秋水(wangwwh)")
呼叫来自：cmds/std/go.c 的 main() 第 222 行，物件： cmds/std/go ("0(0)")
呼叫来自：feature/move.c 的 move() 第 126 行，物件： clone/user/user#1 ("秋水(wangwwh)")
呼叫来自：feature/command.c 的 command_hook() 第 66 行，物件： clone/user/user#1 ("秋水(wangwwh)")
呼叫来自：cmds/std/look.c 的 main() 第 29 行，物件： cmds/std/look ("0(0)")
呼叫来自：cmds/std/look.c 的 look_room() 第 88 行，物件： cmds/std/look ("0(0)")
呼叫来自：inherit/misc/bboard.c 的 short() 第 46 行，物件： clone/board/wizto_b ("/clone/board/wizto_b(0)")
呼叫来自：feature/name.c 的 short() 第 78 行，物件： clone/board/wizto_b ("/clone/board/wizto_b(0)")
错误
执行时段错误：*Bad argument 1 to capitalize()
Expected: string Got: 0.

程式：feature/name.c 第 78 行
物件: clone/board/wizto_b ("/clone/board/wizto_b(0)")
呼叫来自：feature/command.c 的 command_hook() 第 66 行，物件： clone/user/user#1 ("秋水(wangwwh)")
呼叫来自：cmds/std/look.c 的 main() 第 29 行，物件： cmds/std/look ("0(0)")
呼叫来自：cmds/std/look.c 的 look_room() 第 88 行，物件： cmds/std/look ("0(0)")
呼叫来自：inherit/misc/bboard.c 的 short() 第 46 行，物件： clone/board/wizto_b ("/clone/board/wizto_b(0)")
呼叫来自：feature/name.c 的 short() 第 78 行，物件： clone/board/wizto_b ("/clone/board/wizto_b(0)")
错误
执行时段错误：*Bad argument 1 to capitalize()
Expected: string Got: 0.

程式：feature/name.c 第 78 行
物件: clone/board/wizto_b ("/clone/board/wizto_b(0)")
呼叫来自：feature/command.c 的 command_hook() 第 66 行，物件： clone/user/user#1 ("秋水(wangwwh)")
呼叫来自：cmds/std/look.c 的 main() 第 29 行，物件： cmds/std/look ("0(0)")
呼叫来自：cmds/std/look.c 的 look_room() 第 88 行，物件： cmds/std/look ("0(0)")
呼叫来自：inherit/misc/bboard.c 的 short() 第 46 行，物件： clone/board/wizto_b ("/clone/board/wizto_b(0)")
呼叫来自：feature/name.c 的 short() 第 78 行，物件： clone/board/wizto_b ("/clone/board/wizto_b(0)")
错误
执行时段错误：*Bad argument 1 to capitalize()
Expected: string Got: 0.

程式：feature/name.c 第 78 行
物件: clone/board/wizto_b ("/clone/board/wizto_b(0)")
呼叫来自：feature/command.c 的 command_hook() 第 66 行，物件： clone/user/user#1 ("秋水(wangwwh)")
呼叫来自：cmds/std/go.c 的 main() 第 222 行，物件： cmds/std/go ("0(0)")
呼叫来自：feature/move.c 的 move() 第 126 行，物件： clone/user/user#1 ("秋水(wangwwh)")
呼叫来自：feature/command.c 的 command_hook() 第 66 行，物件： clone/user/user#1 ("秋水(wangwwh)")
呼叫来自：cmds/std/look.c 的 main() 第 29 行，物件： cmds/std/look ("0(0)")
呼叫来自：cmds/std/look.c 的 look_room() 第 88 行，物件： cmds/std/look ("0(0)")
呼叫来自：inherit/misc/bboard.c 的 short() 第 46 行，物件： clone/board/wizto_b ("/clone/board/wizto_b(0)")
呼叫来自：feature/name.c 的 short() 第 78 行，物件： clone/board/wizto_b ("/clone/board/wizto_b(0)")
错误
执行时段错误：*Bad argument 1 to capitalize()
Expected: string Got: 0.

程式：feature/name.c 第 78 行
物件: clone/board/wizto_b ("/clone/board/wizto_b(0)")
呼叫来自：feature/command.c 的 command_hook() 第 66 行，物件： clone/user/user#1 ("秋水(wangwwh)")
呼叫来自：cmds/std/look.c 的 main() 第 29 行，物件： cmds/std/look ("0(0)")
呼叫来自：cmds/std/look.c 的 look_room() 第 88 行，物件： cmds/std/look ("0(0)")
呼叫来自：inherit/misc/bboard.c 的 short() 第 46 行，物件： clone/board/wizto_b ("/clone/board/wizto_b(0)")
呼叫来自：feature/name.c 的 short() 第 78 行，物件： clone/board/wizto_b ("/clone/board/wizto_b(0)")
错误
执行时段错误：*Array index out of bounds.

程式：adm/daemons/natured.c 第 696 行
物件: adm/daemons/natured ("0(0)")
呼叫来自：adm/daemons/natured.c 的 treasure_check() 第 696 行，物件： adm/daemons/natured ("0(0)")
错误
执行时段错误：*Inherited file '/d/city/npc/gaibang_npc' does not exist!

程式：adm/single/simul_efun.c 第 88 行
物件: adm/single/simul_efun ("0(0)")
呼叫来自：inherit/char/char.c 的 heart_beat() 第 116 行，物件： d/city/npc/butou#30 ("捕头(bu tou)")
呼叫来自：inherit/char/npc.c 的 chat() 第 140 行，物件： d/city/npc/butou#30 ("捕头(bu tou)")
呼叫来自：<function> 的 <function>() 第 0 行，物件： d/city/npc/butou#30 ("捕头(bu tou)")
呼叫来自：inherit/char/npc.c 的 random_move() 第 160 行，物件： d/city/npc/butou#30 ("捕头(bu tou)")
呼叫来自：feature/command.c 的 command_hook() 第 66 行，物件： d/city/npc/butou#30 ("捕头(bu tou)")
呼叫来自：cmds/std/go.c 的 main() 第 96 行，物件： cmds/std/go ("0(0)")
呼叫来自：d/city/dongdajie2.c 的 create() 第 28 行，物件： d/city/dongdajie2 ("0(0)")
呼叫来自：inherit/room/room.c 的 setup() 第 214 行，物件： d/city/dongdajie2 ("0(0)")
呼叫来自：inherit/room/room.c 的 reset() 第 66 行，物件： d/city/dongdajie2 ("0(0)")
呼叫来自：inherit/room/room.c 的 make_inventory() 第 20 行，物件： d/city/dongdajie2 ("0(0)")
呼叫来自：adm/single/simul_efun.c 的 unew() 第 88 行，物件： adm/single/simul_efun ("0(0)")
Heart beat in d/city/npc/butou#30 turned off.
错误
执行时段错误：*Array index out of bounds.

程式：adm/daemons/natured.c 第 696 行
物件: adm/daemons/natured ("0(0)")
呼叫来自：adm/daemons/natured.c 的 treasure_check() 第 696 行，物件： adm/daemons/natured ("0(0)")
错误
执行时段错误：*Array index out of bounds.

程式：adm/daemons/natured.c 第 696 行
物件: adm/daemons/natured ("0(0)")
呼叫来自：adm/daemons/natured.c 的 treasure_check() 第 696 行，物件： adm/daemons/natured ("0(0)")
错误
执行时段错误：*restore_object(): Illegal file format.

程式：feature/save.c 第 19 行
物件: clone/board/towiz_b ("/clone/board/towiz_b(0)")
呼叫来自：inherit/char/char.c 的 heart_beat() 第 116 行，物件： clone/npc/zhaojy#25 ("赵爵爷(zhao jueye)")
呼叫来自：inherit/char/npc.c 的 chat() 第 140 行，物件： clone/npc/zhaojy#25 ("赵爵爷(zhao jueye)")
呼叫来自：<function> 的 <function>() 第 0 行，物件： clone/npc/zhaojy#25 ("赵爵爷(zhao jueye)")
呼叫来自：inherit/char/npc.c 的 random_move() 第 160 行，物件： clone/npc/zhaojy#25 ("赵爵爷(zhao jueye)")
呼叫来自：feature/command.c 的 command_hook() 第 66 行，物件： clone/npc/zhaojy#25 ("赵爵爷(zhao jueye)")
呼叫来自：cmds/std/go.c 的 main() 第 96 行，物件： cmds/std/go ("0(0)")
呼叫来自：d/city/yamen.c 的 create() 第 26 行，物件： d/city/yamen ("0(0)")
呼叫来自：clone/board/towiz_b.c 的 create() 第 11 行，物件： clone/board/towiz_b ("/clone/board/towiz_b(0)")
呼叫来自：inherit/misc/bboard.c 的 setup() 第 20 行，物件： clone/board/towiz_b ("/clone/board/towiz_b(0)")
呼叫来自：feature/save.c 的 restore() 第 19 行，物件： clone/board/towiz_b ("/clone/board/towiz_b(0)")
Heart beat in clone/npc/zhaojy#25 turned off.
错误讯息被拦截: 
执行时段错误：*Error in loading object '/adm/daemons/network/dns_master'

程式：cmds/app/update.c 第 56 行
物件: cmds/app/update ("0(0)")
呼叫来自：feature/command.c 的 command_hook() 第 66 行，物件： clone/user/user#1 ("秋水(wangwwh)")
呼叫来自：cmds/app/update.c 的 main() 第 56 行，物件： cmds/app/update ("0(0)")
呼叫来自：cmds/app/update.c 的 CATCH() 第 56 行，物件： cmds/app/update ("0(0)")
错误讯息被拦截: 
执行时段错误：*Error in loading object '/adm/daemons/network/dns_master'

程式：cmds/app/update.c 第 56 行
物件: cmds/app/update ("0(0)")
呼叫来自：feature/command.c 的 command_hook() 第 66 行，物件： clone/user/user#1 ("秋水(wangwwh)")
呼叫来自：cmds/app/update.c 的 main() 第 56 行，物件： cmds/app/update ("0(0)")
呼叫来自：cmds/app/update.c 的 CATCH() 第 56 行，物件： cmds/app/update ("0(0)")
错误讯息被拦截: 
执行时段错误：*Error in loading object '/adm/daemons/network/dns_master'

程式：cmds/app/update.c 第 56 行
物件: cmds/app/update ("0(0)")
呼叫来自：feature/command.c 的 command_hook() 第 66 行，物件： clone/user/user#1 ("秋水(wangwwh)")
呼叫来自：cmds/app/update.c 的 main() 第 56 行，物件： cmds/app/update ("0(0)")
呼叫来自：cmds/app/update.c 的 CATCH() 第 56 行，物件： cmds/app/update ("0(0)")
