2003.06.15 10:26 B F:\user\a\aaaaa.o <-- www.vmud.com /lonely/mudlib/data/user/a aaaaa.o
2003.06.15 10:27 B F:\user\a\aak.o <-- www.vmud.com /lonely/mudlib/data/user/a aak.o
2003.06.15 10:27 B F:\user\a\aaron.o <-- www.vmud.com /lonely/mudlib/data/user/a aaron.o
2003.06.15 10:27 B F:\user\a\aas.o <-- www.vmud.com /lonely/mudlib/data/user/a aas.o
2003.06.15 10:27 B F:\user\a\aayumi.o <-- www.vmud.com /lonely/mudlib/data/user/a aayumi.o
2003.06.15 10:27 B F:\user\a\abcd.o <-- www.vmud.com /lonely/mudlib/data/user/a abcd.o
2003.06.15 10:27 B F:\user\a\abcde.o <-- www.vmud.com /lonely/mudlib/data/user/a abcde.o
2003.06.15 10:27 B F:\user\a\abi.o <-- www.vmud.com /lonely/mudlib/data/user/a abi.o
2003.06.15 10:27 B F:\user\a\abin.o <-- www.vmud.com /lonely/mudlib/data/user/a abin.o
2003.06.15 10:27 B F:\user\a\accept.o <-- www.vmud.com /lonely/mudlib/data/user/a accept.o
2003.06.15 10:27 B F:\user\a\ada.o <-- www.vmud.com /lonely/mudlib/data/user/a ada.o
2003.06.15 10:27 B F:\user\a\adds.o <-- www.vmud.com /lonely/mudlib/data/user/a adds.o
2003.06.15 10:27 B F:\user\a\addsb.o <-- www.vmud.com /lonely/mudlib/data/user/a addsb.o
2003.06.15 10:27 B F:\user\a\addss.o <-- www.vmud.com /lonely/mudlib/data/user/a addss.o
2003.06.15 10:27 B F:\user\a\again.o <-- www.vmud.com /lonely/mudlib/data/user/a again.o
2003.06.15 10:27 B F:\user\a\agile.o <-- www.vmud.com /lonely/mudlib/data/user/a agile.o
2003.06.15 10:27 B F:\user\a\ahxia.o <-- www.vmud.com /lonely/mudlib/data/user/a ahxia.o
2003.06.15 10:27 B F:\user\a\ahya.o <-- www.vmud.com /lonely/mudlib/data/user/a ahya.o
2003.06.15 10:27 B F:\user\a\aiai.o <-- www.vmud.com /lonely/mudlib/data/user/a aiai.o
2003.06.15 10:27 B F:\user\a\aid.o <-- www.vmud.com /lonely/mudlib/data/user/a aid.o
2003.06.15 10:27 B F:\user\a\aiya.o <-- www.vmud.com /lonely/mudlib/data/user/a aiya.o
2003.06.15 10:27 B F:\user\a\ajsaga.o <-- www.vmud.com /lonely/mudlib/data/user/a ajsaga.o
2003.06.15 10:27 B F:\user\a\ajwen.o <-- www.vmud.com /lonely/mudlib/data/user/a ajwen.o
2003.06.15 10:27 B F:\user\a\ajxck.o <-- www.vmud.com /lonely/mudlib/data/user/a ajxck.o
2003.06.15 10:27 B F:\user\a\aking.o <-- www.vmud.com /lonely/mudlib/data/user/a aking.o
2003.06.15 10:27 B F:\user\a\akira.o <-- www.vmud.com /lonely/mudlib/data/user/a akira.o
2003.06.15 10:27 B F:\user\a\akuma.o <-- www.vmud.com /lonely/mudlib/data/user/a akuma.o
2003.06.15 10:27 B F:\user\a\alert.o <-- www.vmud.com /lonely/mudlib/data/user/a alert.o
2003.06.15 10:27 B F:\user\a\alfa.o <-- www.vmud.com /lonely/mudlib/data/user/a alfa.o
2003.06.15 10:27 B F:\user\a\almighty.o <-- www.vmud.com /lonely/mudlib/data/user/a almighty.o
2003.06.15 10:27 B F:\user\a\ambiel.o <-- www.vmud.com /lonely/mudlib/data/user/a ambiel.o
2003.06.15 10:27 B F:\user\a\amra.o <-- www.vmud.com /lonely/mudlib/data/user/a amra.o
2003.06.15 10:27 B F:\user\a\amu.o <-- www.vmud.com /lonely/mudlib/data/user/a amu.o
2003.06.15 10:27 B F:\user\a\andy.o <-- www.vmud.com /lonely/mudlib/data/user/a andy.o
2003.06.15 10:27 B F:\user\a\andyw.o <-- www.vmud.com /lonely/mudlib/data/user/a andyw.o
2003.06.15 10:27 B F:\user\a\angel.o <-- www.vmud.com /lonely/mudlib/data/user/a angel.o
2003.06.15 10:27 B F:\user\a\angia.o <-- www.vmud.com /lonely/mudlib/data/user/a angia.o
2003.06.15 10:27 B F:\user\a\aniu.o <-- www.vmud.com /lonely/mudlib/data/user/a aniu.o
2003.06.15 10:27 B F:\user\a\ansion.o <-- www.vmud.com /lonely/mudlib/data/user/a ansion.o
2003.06.15 10:27 B F:\user\a\aoke.o <-- www.vmud.com /lonely/mudlib/data/user/a aoke.o
2003.06.15 10:27 B F:\user\a\appie.o <-- www.vmud.com /lonely/mudlib/data/user/a appie.o
2003.06.15 10:27 B F:\user\a\are.o <-- www.vmud.com /lonely/mudlib/data/user/a are.o
2003.06.15 10:27 B F:\user\a\argill.o <-- www.vmud.com /lonely/mudlib/data/user/a argill.o
2003.06.15 10:27 B F:\user\a\armyant.o <-- www.vmud.com /lonely/mudlib/data/user/a armyant.o
2003.06.15 10:27 B F:\user\a\aroe.o <-- www.vmud.com /lonely/mudlib/data/user/a aroe.o
2003.06.15 10:27 B F:\user\a\arsa.o <-- www.vmud.com /lonely/mudlib/data/user/a arsa.o
2003.06.15 10:27 B F:\user\a\art.o <-- www.vmud.com /lonely/mudlib/data/user/a art.o
2003.06.15 10:27 B F:\user\a\asda.o <-- www.vmud.com /lonely/mudlib/data/user/a asda.o
2003.06.15 10:27 B F:\user\a\asdd.o <-- www.vmud.com /lonely/mudlib/data/user/a asdd.o
2003.06.15 10:27 B F:\user\a\athena.o <-- www.vmud.com /lonely/mudlib/data/user/a athena.o
2003.06.15 10:27 B F:\user\a\athoy.o <-- www.vmud.com /lonely/mudlib/data/user/a athoy.o
2003.06.15 10:27 B F:\user\a\atu.o <-- www.vmud.com /lonely/mudlib/data/user/a atu.o
2003.06.15 10:27 B F:\user\a\auron.o <-- www.vmud.com /lonely/mudlib/data/user/a auron.o
2003.06.15 10:27 B F:\user\a\avatar.o <-- www.vmud.com /lonely/mudlib/data/user/a avatar.o
2003.06.15 10:27 B F:\user\a\awf.o <-- www.vmud.com /lonely/mudlib/data/user/a awf.o
2003.06.15 10:27 B F:\user\a\ayumi.o <-- www.vmud.com /lonely/mudlib/data/user/a ayumi.o
2003.06.15 10:27 B F:\user\a\azi.o <-- www.vmud.com /lonely/mudlib/data/user/a azi.o
