
<---狂想空间: MudOs v22pre11 (by wwj,Jan  1 1999) startup on Microsoft Windows 98 at Sun Dec 15 21:15:21 2002

Initializing internal tables....
using config file: D:\fsII\config.fs
open log/debug.log file failed.

<---狂想空间: MudOs v22pre11 (by wwj,Jan  1 1999) shutdown at Sun Dec 15 21:15:26 2002




<---狂想空间: MudOs v22pre11 (by wwj,Jan  1 1999) startup on Microsoft Windows 98 at Sun Dec 15 21:19:37 2002

using config file: D:\fsII\config.fs
Can't find "mudos", ignoring old binaries.
Try invoking the driver using the full pathname.
System Error: init_addr_server: connect: WSAECONNREFUSED
]simul_efun loaded successfully.

Loading preloaded files ...
Initializations complete.

Accepting connections on port 4000.
执行时段错误: *Value being indexed is zero.
程式: adm/daemons/chinesed.c:86
物件: adm/daemons/chinesed
函数呼叫回溯:
get_passwd()              adm/daemons/logind.c:613
enter_world()             adm/daemons/logind.c:1051
to_chinese()              adm/simul_efun/chinese.c(adm/obj/simul_efun.c):9
chinese()                 adm/daemons/chinesed.c:86

error time is Sun Dec 15 21:19:49 2002
执行时段错误: *Value being indexed is zero.
程式: adm/daemons/chinesed.c:86
物件: adm/daemons/chinesed
函数呼叫回溯:
command_hook()            feature/command.c:92
do_command()              feature/command.c:66
main()                    cmds/std/skills.c:109
to_chinese()              adm/simul_efun/chinese.c(adm/obj/simul_efun.c):9
chinese()                 adm/daemons/chinesed.c:86

error time is Sun Dec 15 21:19:57 2002
Initializing internal tables....

<---狂想空间: MudOs v22pre11 (by wwj,Jan  1 1999) startup on Microsoft Windows 98 at Sun Dec 15 21:22:52 2002

using config file: D:\fsII\config.fs
Can't find "mudos", ignoring old binaries.
Try invoking the driver using the full pathname.
System Error: init_addr_server: connect: WSAECONNREFUSED
]simul_efun loaded successfully.

Loading preloaded files ...
Initializations complete.

Accepting connections on port 4000.
执行时段错误: *Value being indexed is zero.
程式: adm/daemons/chinesed.c:86
物件: adm/daemons/chinesed
函数呼叫回溯:
get_passwd()              adm/daemons/logind.c:613
enter_world()             adm/daemons/logind.c:1051
to_chinese()              adm/simul_efun/chinese.c(adm/obj/simul_efun.c):8
chinese()                 adm/daemons/chinesed.c:86

error time is Sun Dec 15 21:23:01 2002
执行时段错误: *Value being indexed is zero.
程式: adm/daemons/chinesed.c:86
物件: adm/daemons/chinesed
函数呼叫回溯:
command_hook()            feature/command.c:92
do_command()              feature/command.c:66
main()                    cmds/std/score.c:394
wiz_score()               cmds/std/score.c:91
query_rank()              adm/daemons/rankd.c:30
to_chinese()              adm/simul_efun/chinese.c(adm/obj/simul_efun.c):8
chinese()                 adm/daemons/chinesed.c:86

error time is Sun Dec 15 21:23:03 2002
Initializing internal tables....

<---狂想空间: MudOs v22pre11 (by wwj,Jan  1 1999) startup on Microsoft Windows 98 at Sun Dec 15 21:24:55 2002

using config file: D:\fsII\config.fs
Can't find "mudos", ignoring old binaries.
Try invoking the driver using the full pathname.
System Error: init_addr_server: connect: WSAECONNREFUSED
]simul_efun loaded successfully.

Loading preloaded files ...
Initializations complete.

Accepting connections on port 4000.
执行时段错误: *Value being indexed is zero.
程式: adm/daemons/chinesed.c:86
物件: adm/daemons/chinesed
函数呼叫回溯:
get_passwd()              adm/daemons/logind.c:613
enter_world()             adm/daemons/logind.c:1051
to_chinese()              adm/simul_efun/chinese.c(adm/obj/simul_efun.c):9
chinese()                 adm/daemons/chinesed.c:86

error time is Sun Dec 15 21:25:09 2002
执行时段错误: *Bad argument 1 to call_other()
Expected: string or array or object Got: 0.
程式: cmds/std/go.c:30
物件: cmds/std/go
函数呼叫回溯:
command_hook()            feature/command.c:92
do_command()              feature/command.c:59
main()                    cmds/std/go.c:30

error time is Sun Dec 15 21:25:10 2002
执行时段错误: *Value being indexed is zero.
程式: adm/daemons/chinesed.c:86
物件: adm/daemons/chinesed
函数呼叫回溯:
command_hook()            feature/command.c:92
do_command()              feature/command.c:66
main()                    cmds/std/score.c:394
wiz_score()               cmds/std/score.c:91
query_rank()              adm/daemons/rankd.c:30
to_chinese()              adm/simul_efun/chinese.c(adm/obj/simul_efun.c):9
chinese()                 adm/daemons/chinesed.c:86

error time is Sun Dec 15 21:25:17 2002
Initializing internal tables....

<---狂想空间: MudOs v22pre11 (by wwj,Jan  1 1999) startup on Microsoft Windows 98 at Sun Dec 15 21:26:33 2002

using config file: D:\fsII\config.fs
Can't find "mudos", ignoring old binaries.
Try invoking the driver using the full pathname.
System Error: init_addr_server: connect: WSAECONNREFUSED
]simul_efun loaded successfully.

Loading preloaded files ...
Initializations complete.

Accepting connections on port 4000.
执行时段错误: *Value being indexed is zero.
程式: adm/daemons/chinesed.c:86
物件: adm/daemons/chinesed
函数呼叫回溯:
get_passwd()              adm/daemons/logind.c:613
enter_world()             adm/daemons/logind.c:1051
to_chinese()              adm/simul_efun/chinese.c(adm/obj/simul_efun.c):9
chinese()                 adm/daemons/chinesed.c:86

error time is Sun Dec 15 21:26:40 2002
执行时段错误: *Value being indexed is zero.
程式: adm/daemons/chinesed.c:86
物件: adm/daemons/chinesed
函数呼叫回溯:
command_hook()            feature/command.c:92
do_command()              feature/command.c:66
main()                    cmds/std/score.c:394
wiz_score()               cmds/std/score.c:91
query_rank()              adm/daemons/rankd.c:30
to_chinese()              adm/simul_efun/chinese.c(adm/obj/simul_efun.c):9
chinese()                 adm/daemons/chinesed.c:86

error time is Sun Dec 15 21:26:43 2002
执行时段错误: *Value being indexed is zero.
程式: adm/daemons/chinesed.c:86
物件: adm/daemons/chinesed
函数呼叫回溯:
command_hook()            feature/command.c:92
do_command()              feature/command.c:66
main()                    cmds/std/score.c:394
wiz_score()               cmds/std/score.c:91
query_rank()              adm/daemons/rankd.c:30
to_chinese()              adm/simul_efun/chinese.c(adm/obj/simul_efun.c):9
chinese()                 adm/daemons/chinesed.c:86

error time is Sun Dec 15 21:27:09 2002
执行时段错误: *Value being indexed is zero.
程式: adm/daemons/chinesed.c:86
物件: adm/daemons/chinesed
函数呼叫回溯:
command_hook()            feature/command.c:92
do_command()              feature/command.c:66
main()                    cmds/std/skills.c:109
to_chinese()              adm/simul_efun/chinese.c(adm/obj/simul_efun.c):9
chinese()                 adm/daemons/chinesed.c:86

error time is Sun Dec 15 21:27:15 2002
执行时段错误: *Value being indexed is zero.
程式: adm/daemons/chinesed.c:86
物件: adm/daemons/chinesed
函数呼叫回溯:
command_hook()            feature/command.c:92
do_command()              feature/command.c:66
main()                    cmds/std/skills.c:109
to_chinese()              adm/simul_efun/chinese.c(adm/obj/simul_efun.c):9
chinese()                 adm/daemons/chinesed.c:86

error time is Sun Dec 15 21:27:21 2002
执行时段错误: *Value being indexed is zero.
程式: adm/daemons/chinesed.c:86
物件: adm/daemons/chinesed
函数呼叫回溯:
command_hook()            feature/command.c:91
do_command()              feature/command.c:66
main()                    cmds/std/skills.c:109
to_chinese()              adm/simul_efun/chinese.c(adm/obj/simul_efun.c):9
chinese()                 adm/daemons/chinesed.c:86

error time is Sun Dec 15 21:28:23 2002
执行时段错误: *Error in loading object '/cmds/std/ident'
程式: feature/command.c:66
物件: obj/user#1 ("玩具熊")
函数呼叫回溯:
command_hook()            feature/command.c:92
do_command()              feature/command.c:66

error time is Sun Dec 15 21:30:07 2002
执行时段错误: *Value being indexed is zero.
程式: adm/daemons/chinesed.c:86
物件: adm/daemons/chinesed
函数呼叫回溯:
command_hook()            feature/command.c:92
do_command()              feature/command.c:66
main()                    cmds/std/skills.c:109
to_chinese()              adm/simul_efun/chinese.c(adm/obj/simul_efun.c):9
chinese()                 adm/daemons/chinesed.c:86

error time is Sun Dec 15 21:31:35 2002
执行时段错误: *Value being indexed is zero.
程式: adm/daemons/chinesed.c:86
物件: adm/daemons/chinesed
函数呼叫回溯:
command_hook()            feature/command.c:92
do_command()              feature/command.c:66
main()                    cmds/std/skills.c:109
to_chinese()              adm/simul_efun/chinese.c(adm/obj/simul_efun.c):9
chinese()                 adm/daemons/chinesed.c:86

error time is Sun Dec 15 21:32:22 2002
执行时段错误: *Value being indexed is zero.
程式: adm/daemons/chinesed.c:86
物件: adm/daemons/chinesed
函数呼叫回溯:
command_hook()            feature/command.c:92
do_command()              feature/command.c:66
main()                    cmds/std/score.c:394
wiz_score()               cmds/std/score.c:91
query_rank()              adm/daemons/rankd.c:30
to_chinese()              adm/simul_efun/chinese.c(adm/obj/simul_efun.c):9
chinese()                 adm/daemons/chinesed.c:86

error time is Sun Dec 15 21:32:23 2002
执行时段错误: *Value being indexed is zero.
程式: adm/daemons/chinesed.c:86
物件: adm/daemons/chinesed
函数呼叫回溯:
command_hook()            feature/command.c:92
do_command()              feature/command.c:66
main()                    cmds/std/skills.c:109
to_chinese()              adm/simul_efun/chinese.c(adm/obj/simul_efun.c):9
chinese()                 adm/daemons/chinesed.c:86

error time is Sun Dec 15 21:37:37 2002
执行时段错误: *Value being indexed is zero.
程式: adm/daemons/chinesed.c:86
物件: adm/daemons/chinesed
函数呼叫回溯:
command_hook()            feature/command.c:92
do_command()              feature/command.c:66
main()                    cmds/std/score.c:394
wiz_score()               cmds/std/score.c:91
query_rank()              adm/daemons/rankd.c:30
to_chinese()              adm/simul_efun/chinese.c(adm/obj/simul_efun.c):9
chinese()                 adm/daemons/chinesed.c:86

error time is Sun Dec 15 21:45:20 2002
执行时段错误: *Wrong permissions for opening file /log/clan/13_luck/BANK-Dec for append.
"No such file or directory"
程式: adm/simul_efun/file.c(adm/obj/simul_efun.c):29
物件: adm/obj/simul_efun
函数呼叫回溯:
clan()                    adm/daemons/natured.c:237
clan_log()                adm/daemons/clanvd.c:42
log_file()                adm/simul_efun/file.c(adm/obj/simul_efun.c):29

error time is Sun Dec 15 21:46:36 2002
执行时段错误: *Error in loading object '/cmds/std/enable'
程式: feature/command.c:66
物件: obj/user#1 ("玩具熊")
函数呼叫回溯:
command_hook()            feature/command.c:92
do_command()              feature/command.c:66

error time is Sun Dec 15 21:51:20 2002
执行时段错误: *Value being indexed is zero.
程式: adm/daemons/chinesed.c:86
物件: adm/daemons/chinesed
函数呼叫回溯:
command_hook()            feature/command.c:92
do_command()              feature/command.c:66
main()                    cmds/std/skills.c:109
to_chinese()              adm/simul_efun/chinese.c(adm/obj/simul_efun.c):9
chinese()                 adm/daemons/chinesed.c:86

error time is Sun Dec 15 21:52:41 2002
执行时段错误: *Value being indexed is zero.
程式: adm/daemons/chinesed.c:86
物件: adm/daemons/chinesed
函数呼叫回溯:
command_hook()            feature/command.c:92
do_command()              feature/command.c:66
main()                    cmds/std/score.c:394
wiz_score()               cmds/std/score.c:91
query_rank()              adm/daemons/rankd.c:30
to_chinese()              adm/simul_efun/chinese.c(adm/obj/simul_efun.c):9
chinese()                 adm/daemons/chinesed.c:86

error time is Sun Dec 15 21:52:47 2002
Initializing internal tables....

<---狂想空间: MudOs v22pre11 (by wwj,Jan  1 1999) startup on Microsoft Windows 98 at Sun Dec 15 22:37:36 2002

using config file: D:\fsII\config.fs
Can't find "mudos", ignoring old binaries.
Try invoking the driver using the full pathname.
System Error: init_addr_server: connect: WSAECONNREFUSED
]simul_efun loaded successfully.

Loading preloaded files ...
Initializations complete.

Accepting connections on port 4000.
执行时段错误: *Value being indexed is zero.
程式: adm/daemons/chinesed.c:86
物件: adm/daemons/chinesed
函数呼叫回溯:
get_passwd()              adm/daemons/logind.c:613
enter_world()             adm/daemons/logind.c:1051
to_chinese()              adm/simul_efun/chinese.c(adm/obj/simul_efun.c):9
chinese()                 adm/daemons/chinesed.c:86

error time is Sun Dec 15 22:38:09 2002
执行时段错误: *Value being indexed is zero.
程式: adm/daemons/chinesed.c:86
物件: adm/daemons/chinesed
函数呼叫回溯:
command_hook()            feature/command.c:92
do_command()              feature/command.c:66
main()                    cmds/std/skills.c:109
to_chinese()              adm/simul_efun/chinese.c(adm/obj/simul_efun.c):9
chinese()                 adm/daemons/chinesed.c:86

error time is Sun Dec 15 22:38:13 2002
执行时段错误: *Value being indexed is zero.
程式: adm/daemons/chinesed.c:86
物件: adm/daemons/chinesed
函数呼叫回溯:
command_hook()            feature/command.c:92
do_command()              feature/command.c:66
main()                    cmds/std/who.c:150
query_rank()              adm/daemons/rankd.c:30
to_chinese()              adm/simul_efun/chinese.c(adm/obj/simul_efun.c):9
chinese()                 adm/daemons/chinesed.c:86

error time is Sun Dec 15 22:40:34 2002
执行时段错误: *Value being indexed is zero.
程式: adm/daemons/chinesed.c:86
物件: adm/daemons/chinesed
函数呼叫回溯:
get_points()              adm/daemons/logind.c:827
enter_world()             adm/daemons/logind.c:1051
to_chinese()              adm/simul_efun/chinese.c(adm/obj/simul_efun.c):9
chinese()                 adm/daemons/chinesed.c:86

error time is Sun Dec 15 22:41:12 2002
执行时段错误: *Value being indexed is zero.
程式: adm/daemons/chinesed.c:86
物件: adm/daemons/chinesed
函数呼叫回溯:
command_hook()            feature/command.c:91
do_command()              feature/command.c:66
main()                    cmds/std/skills.c:109
to_chinese()              adm/simul_efun/chinese.c(adm/obj/simul_efun.c):9
chinese()                 adm/daemons/chinesed.c:86

error time is Sun Dec 15 22:45:21 2002
执行时段错误: *Value being indexed is zero.
程式: adm/daemons/chinesed.c:86
物件: adm/daemons/chinesed
函数呼叫回溯:
command_hook()            feature/command.c:91
do_command()              feature/command.c:66
main()                    cmds/std/skills.c:109
to_chinese()              adm/simul_efun/chinese.c(adm/obj/simul_efun.c):9
chinese()                 adm/daemons/chinesed.c:86

error time is Sun Dec 15 22:45:36 2002
执行时段错误: *Value being indexed is zero.
程式: adm/daemons/chinesed.c:86
物件: adm/daemons/chinesed
函数呼叫回溯:
command_hook()            feature/command.c:92
do_command()              feature/command.c:66
main()                    cmds/std/who.c:150
query_rank()              adm/daemons/rankd.c:30
to_chinese()              adm/simul_efun/chinese.c(adm/obj/simul_efun.c):9
chinese()                 adm/daemons/chinesed.c:86

error time is Sun Dec 15 22:50:23 2002
执行时段错误: *Value being indexed is zero.
程式: adm/daemons/chinesed.c:86
物件: adm/daemons/chinesed
函数呼叫回溯:
command_hook()            feature/command.c:91
do_command()              feature/command.c:66
main()                    cmds/std/skills.c:109
to_chinese()              adm/simul_efun/chinese.c(adm/obj/simul_efun.c):9
chinese()                 adm/daemons/chinesed.c:86

error time is Sun Dec 15 22:50:35 2002
执行时段错误: *Wrong permissions for opening file /log/exp/b/banyan for append.
"No such file or directory"
程式: adm/simul_efun/file.c(adm/obj/simul_efun.c):29
物件: adm/obj/simul_efun
函数呼叫回溯:
heart_beat()              std/char.c:205
die()                     feature/damage.c:623
log_file()                adm/simul_efun/file.c(adm/obj/simul_efun.c):29

error time is Sun Dec 15 22:51:02 2002
Heart beat in open/center/npc/sparrow#26 turned off.
执行时段错误: *Value being indexed is zero.
程式: adm/daemons/chinesed.c:86
物件: adm/daemons/chinesed
函数呼叫回溯:
command_hook()            feature/command.c:91
do_command()              feature/command.c:66
main()                    cmds/std/skills.c:109
to_chinese()              adm/simul_efun/chinese.c(adm/obj/simul_efun.c):9
chinese()                 adm/daemons/chinesed.c:86

error time is Sun Dec 15 22:52:52 2002
执行时段错误: *Wrong permissions for opening file /log/clan/13_luck/BANK-Dec for append.
"No such file or directory"
程式: adm/simul_efun/file.c(adm/obj/simul_efun.c):29
物件: adm/obj/simul_efun
函数呼叫回溯:
clan()                    adm/daemons/natured.c:237
clan_log()                adm/daemons/clanvd.c:42
log_file()                adm/simul_efun/file.c(adm/obj/simul_efun.c):29

error time is Sun Dec 15 22:57:56 2002
执行时段错误: *Value being indexed is zero.
程式: adm/daemons/chinesed.c:86
物件: adm/daemons/chinesed
函数呼叫回溯:
command_hook()            feature/command.c:91
do_command()              feature/command.c:66
main()                    cmds/std/who.c:150
query_rank()              adm/daemons/rankd.c:30
to_chinese()              adm/simul_efun/chinese.c(adm/obj/simul_efun.c):9
chinese()                 adm/daemons/chinesed.c:86

error time is Sun Dec 15 23:01:01 2002
执行时段错误: *Value being indexed is zero.
程式: adm/daemons/chinesed.c:86
物件: adm/daemons/chinesed
函数呼叫回溯:
command_hook()            feature/command.c:92
do_command()              feature/command.c:66
main()                    cmds/std/who.c:150
query_rank()              adm/daemons/rankd.c:30
to_chinese()              adm/simul_efun/chinese.c(adm/obj/simul_efun.c):9
chinese()                 adm/daemons/chinesed.c:86

error time is Sun Dec 15 23:01:39 2002
执行时段错误: *Value being indexed is zero.
程式: adm/daemons/chinesed.c:86
物件: adm/daemons/chinesed
函数呼叫回溯:
command_hook()            feature/command.c:92
do_command()              feature/command.c:66
main()                    cmds/std/score.c:394
wiz_score()               cmds/std/score.c:91
query_rank()              adm/daemons/rankd.c:22
to_chinese()              adm/simul_efun/chinese.c(adm/obj/simul_efun.c):9
chinese()                 adm/daemons/chinesed.c:86

error time is Sun Dec 15 23:05:07 2002
]【系统】妹(banyan)断线了。
执行时段错误: *Value being indexed is zero.
程式: adm/daemons/chinesed.c:86
物件: adm/daemons/chinesed
函数呼叫回溯:
command_hook()            feature/command.c:92
do_command()              feature/command.c:66
main()                    cmds/std/skills.c:109
to_chinese()              adm/simul_efun/chinese.c(adm/obj/simul_efun.c):9
chinese()                 adm/daemons/chinesed.c:86

error time is Sun Dec 15 23:14:00 2002
执行时段错误: *Value being indexed is zero.
程式: adm/daemons/chinesed.c:86
物件: adm/daemons/chinesed
函数呼叫回溯:
command_hook()            feature/command.c:91
do_command()              feature/command.c:66
main()                    cmds/std/skills.c:109
to_chinese()              adm/simul_efun/chinese.c(adm/obj/simul_efun.c):9
chinese()                 adm/daemons/chinesed.c:86

error time is Sun Dec 15 23:14:44 2002
执行时段错误: *Value being indexed is zero.
程式: adm/daemons/chinesed.c:86
物件: adm/daemons/chinesed
函数呼叫回溯:
heart_beat()              std/char.c:237
chat()                    std/char/new_npc.c:100
<function>()              (<function>):0
perform_action()          std/char/new_npc.c:158
perform_action()          std/skill.c:127
perform()                 daemon/class/killer/rain-throwing/manakee.c:212
function_improved()       feature/function.c:23
to_chinese()              adm/simul_efun/chinese.c(adm/obj/simul_efun.c):9
chinese()                 adm/daemons/chinesed.c:86

error time is Sun Dec 15 23:17:11 2002
Heart beat in daemon/class/killer/master_yar#227 turned off.
执行时段错误: *Bad argument 1 to call_other()
Expected: string or array or object Got: 0.
程式: open/killer/obj/k_ring.c:111
物件: open/killer/obj/k_ring#233 ("杀意魔戒")
函数呼叫回溯:
heart_beat()              open/killer/obj/k_ring.c:111

error time is Sun Dec 15 23:17:19 2002
Heart beat in open/killer/obj/k_ring#233 turned off.
执行时段错误: *Value being indexed is zero.
程式: adm/daemons/chinesed.c:86
物件: adm/daemons/chinesed
函数呼叫回溯:
command_hook()            feature/command.c:91
do_command()              feature/command.c:66
main()                    cmds/std/skills.c:109
to_chinese()              adm/simul_efun/chinese.c(adm/obj/simul_efun.c):9
chinese()                 adm/daemons/chinesed.c:86

error time is Sun Dec 15 23:17:56 2002
执行时段错误: *Value being indexed is zero.
程式: adm/daemons/chinesed.c:86
物件: adm/daemons/chinesed
函数呼叫回溯:
heart_beat()              std/char.c:237
chat()                    std/char/new_npc.c:100
<function>()              (<function>):0
perform_action()          std/char/new_npc.c:158
perform_action()          std/skill.c:127
perform()                 daemon/class/killer/rain-throwing/manakee.c:212
function_improved()       feature/function.c:23
to_chinese()              adm/simul_efun/chinese.c(adm/obj/simul_efun.c):9
chinese()                 adm/daemons/chinesed.c:86

error time is Sun Dec 15 23:20:39 2002
Heart beat in daemon/class/killer/master_yar#227 turned off.
执行时段错误: *Error in loading object '/daemon/skill/badstrike'
程式: (<function>):0
物件: daemon/class/bandit/master_du#274 ("杜杀")
函数呼叫回溯:
heart_beat()              std/char.c:231
attack()                  feature/attack.c:187
fight()                   adm/daemons/combatd.c:1002
do_attack()               adm/daemons/combatd.c:316
query()                   feature/dbase.c:53
<function>()              (<function>):0

error time is Sun Dec 15 23:22:01 2002
Heart beat in daemon/class/bandit/master_du#274 turned off.
执行时段错误: *Error in loading object '/daemon/skill/badstrike'
程式: (<function>):0
物件: daemon/class/bandit/master_du#274 ("杜杀")
函数呼叫回溯:
heart_beat()              std/char.c:231
attack()                  feature/attack.c:187
fight()                   adm/daemons/combatd.c:1002
do_attack()               adm/daemons/combatd.c:316
query()                   feature/dbase.c:53
<function>()              (<function>):0

error time is Sun Dec 15 23:22:17 2002
Heart beat in daemon/class/bandit/master_du#274 turned off.
执行时段错误: *Error in loading object '/daemon/skill/badstrike'
程式: (<function>):0
物件: daemon/class/bandit/master_du#291 ("杜杀")
函数呼叫回溯:
heart_beat()              std/char.c:231
attack()                  feature/attack.c:187
fight()                   adm/daemons/combatd.c:1002
do_attack()               adm/daemons/combatd.c:316
query()                   feature/dbase.c:53
<function>()              (<function>):0

error time is Sun Dec 15 23:23:16 2002
Heart beat in daemon/class/bandit/master_du#291 turned off.
执行时段错误: *Error in loading object '/daemon/skill/badstrike'
程式: (<function>):0
物件: daemon/class/bandit/master_du#299 ("杜杀")
函数呼叫回溯:
heart_beat()              std/char.c:231
attack()                  feature/attack.c:187
fight()                   adm/daemons/combatd.c:1002
do_attack()               adm/daemons/combatd.c:316
query()                   feature/dbase.c:53
<function>()              (<function>):0

error time is Sun Dec 15 23:24:18 2002
Heart beat in daemon/class/bandit/master_du#299 turned off.
执行时段错误: *Error in loading object '/daemon/skill/badstrike'
程式: adm/daemons/combatd.c:525
物件: adm/daemons/combatd
函数呼叫回溯:
heart_beat()              open/marksman/npc/master_t.c:130
heart_beat()              std/char.c:232
attack()                  feature/attack.c:187
fight()                   adm/daemons/combatd.c:1002
do_attack()               adm/daemons/combatd.c:525

error time is Sun Dec 15 23:24:19 2002
Heart beat in open/marksman/npc/master_t#281 turned off.
执行时段错误: *Error in loading object '/daemon/skill/badstrike'
程式: (<function>):0
物件: daemon/class/bandit/master_du#299 ("杜杀")
函数呼叫回溯:
heart_beat()              std/char.c:231
attack()                  feature/attack.c:187
fight()                   adm/daemons/combatd.c:985
do_attack()               adm/daemons/combatd.c:316
query()                   feature/dbase.c:53
<function>()              (<function>):0

error time is Sun Dec 15 23:24:26 2002
Heart beat in daemon/class/bandit/master_du#299 turned off.
执行时段错误: *Error in loading object '/daemon/skill/badstrike'
程式: adm/daemons/combatd.c:525
物件: adm/daemons/combatd
函数呼叫回溯:
heart_beat()              open/marksman/npc/master_t.c:130
heart_beat()              std/char.c:232
attack()                  feature/attack.c:187
fight()                   adm/daemons/combatd.c:1002
do_attack()               adm/daemons/combatd.c:525

error time is Sun Dec 15 23:24:29 2002
Heart beat in open/marksman/npc/master_t#281 turned off.
执行时段错误: *Error in loading object '/daemon/skill/badstrike'
程式: adm/daemons/combatd.c:525
物件: adm/daemons/combatd
函数呼叫回溯:
heart_beat()              open/marksman/npc/master_t.c:130
heart_beat()              std/char.c:232
attack()                  feature/attack.c:187
fight()                   adm/daemons/combatd.c:985
do_attack()               adm/daemons/combatd.c:923
<function>()              (<function>):0
shooting_att()            daemon/skill/god-shooting.c:344
do_attack()               adm/daemons/combatd.c:525

error time is Sun Dec 15 23:24:44 2002
Heart beat in open/marksman/npc/master_t#281 turned off.
执行时段错误: *Error in loading object '/daemon/skill/badstrike'
程式: (<function>):0
物件: daemon/class/bandit/master_du#299 ("杜杀")
函数呼叫回溯:
heart_beat()              std/char.c:231
attack()                  feature/attack.c:187
fight()                   adm/daemons/combatd.c:1002
do_attack()               adm/daemons/combatd.c:316
query()                   feature/dbase.c:53
<function>()              (<function>):0

error time is Sun Dec 15 23:24:44 2002
Heart beat in daemon/class/bandit/master_du#299 turned off.
执行时段错误: *Error in loading object '/daemon/skill/badstrike'
程式: adm/daemons/combatd.c:525
物件: adm/daemons/combatd
函数呼叫回溯:
heart_beat()              open/marksman/npc/master_t.c:130
heart_beat()              std/char.c:231
attack()                  feature/attack.c:187
fight()                   adm/daemons/combatd.c:1002
do_attack()               adm/daemons/combatd.c:525

error time is Sun Dec 15 23:24:57 2002
Heart beat in open/marksman/npc/master_t#281 turned off.
执行时段错误: *Error in loading object '/daemon/skill/badstrike'
程式: (<function>):0
物件: daemon/class/bandit/master_du#299 ("杜杀")
函数呼叫回溯:
heart_beat()              std/char.c:231
attack()                  feature/attack.c:187
fight()                   adm/daemons/combatd.c:1002
do_attack()               adm/daemons/combatd.c:316
query()                   feature/dbase.c:53
<function>()              (<function>):0

error time is Sun Dec 15 23:24:58 2002
Heart beat in daemon/class/bandit/master_du#299 turned off.
执行时段错误: *Error in loading object '/daemon/skill/badstrike'
程式: (<function>):0
物件: daemon/class/bandit/master_du#299 ("杜杀")
函数呼叫回溯:
heart_beat()              std/char.c:231
attack()                  feature/attack.c:187
fight()                   adm/daemons/combatd.c:985
do_attack()               adm/daemons/combatd.c:316
query()                   feature/dbase.c:53
<function>()              (<function>):0

error time is Sun Dec 15 23:25:05 2002
Heart beat in daemon/class/bandit/master_du#299 turned off.
执行时段错误: *Error in loading object '/daemon/skill/badstrike'
程式: adm/daemons/combatd.c:525
物件: adm/daemons/combatd
函数呼叫回溯:
heart_beat()              open/marksman/npc/master_t.c:130
heart_beat()              std/char.c:232
attack()                  feature/attack.c:187
fight()                   adm/daemons/combatd.c:1002
do_attack()               adm/daemons/combatd.c:525

error time is Sun Dec 15 23:25:08 2002
Heart beat in open/marksman/npc/master_t#281 turned off.
执行时段错误: *Error in loading object '/daemon/skill/badstrike'
程式: (<function>):0
物件: daemon/class/bandit/master_du#299 ("杜杀")
函数呼叫回溯:
heart_beat()              std/char.c:231
attack()                  feature/attack.c:187
fight()                   adm/daemons/combatd.c:1002
do_attack()               adm/daemons/combatd.c:316
query()                   feature/dbase.c:53
<function>()              (<function>):0

error time is Sun Dec 15 23:25:10 2002
Heart beat in daemon/class/bandit/master_du#299 turned off.
执行时段错误: *Value being indexed is zero.
程式: adm/daemons/chinesed.c:86
物件: adm/daemons/chinesed
函数呼叫回溯:
heart_beat()              std/char.c:237
chat()                    std/char/new_npc.c:100
<function>()              (<function>):0
perform_action()          std/char/new_npc.c:158
perform_action()          std/skill.c:127
perform()                 daemon/class/killer/rain-throwing/manakee.c:212
function_improved()       feature/function.c:23
to_chinese()              adm/simul_efun/chinese.c(adm/obj/simul_efun.c):9
chinese()                 adm/daemons/chinesed.c:86

error time is Sun Dec 15 23:29:25 2002
Heart beat in daemon/class/killer/master_yar#382 turned off.
执行时段错误: *Value being indexed is zero.
程式: adm/daemons/chinesed.c:86
物件: adm/daemons/chinesed
函数呼叫回溯:
heart_beat()              std/char.c:237
chat()                    std/char/new_npc.c:100
<function>()              (<function>):0
perform_action()          std/char/new_npc.c:158
perform_action()          std/skill.c:127
perform()                 daemon/class/killer/rain-throwing/manakee.c:212
function_improved()       feature/function.c:23
to_chinese()              adm/simul_efun/chinese.c(adm/obj/simul_efun.c):9
chinese()                 adm/daemons/chinesed.c:86

error time is Sun Dec 15 23:29:30 2002
Heart beat in daemon/class/killer/master_yar#382 turned off.
执行时段错误: *Value being indexed is zero.
程式: adm/daemons/chinesed.c:86
物件: adm/daemons/chinesed
函数呼叫回溯:
heart_beat()              std/char.c:237
chat()                    std/char/new_npc.c:100
<function>()              (<function>):0
perform_action()          std/char/new_npc.c:158
perform_action()          std/skill.c:127
perform()                 daemon/class/blademan/dragon-blade/power-dest.c:87
function_improved()       feature/function.c:23
to_chinese()              adm/simul_efun/chinese.c(adm/obj/simul_efun.c):9
chinese()                 adm/daemons/chinesed.c:86

error time is Sun Dec 15 23:41:05 2002
Heart beat in open/snow/npc/master_oldman#496 turned off.
执行时段错误: *Value being indexed is zero.
程式: adm/daemons/chinesed.c:86
物件: adm/daemons/chinesed
函数呼叫回溯:
heart_beat()              std/char.c:237
chat()                    std/char/new_npc.c:100
<function>()              (<function>):0
perform_action()          std/char/new_npc.c:158
perform_action()          std/skill.c:127
perform()                 daemon/class/blademan/dragon-blade/power-dest.c:87
function_improved()       feature/function.c:23
to_chinese()              adm/simul_efun/chinese.c(adm/obj/simul_efun.c):9
chinese()                 adm/daemons/chinesed.c:86

error time is Sun Dec 15 23:41:26 2002
Heart beat in open/snow/npc/master_oldman#496 turned off.
执行时段错误: *Error in loading object '/daemon/skill/snow-martial'
程式: cmds/std/perform.c:62
物件: cmds/std/perform
函数呼叫回溯:
heart_beat()              daemon/class/fighter/master_liu.c:146
heart_beat()              std/char.c:237
chat()                    std/char/new_npc.c:100
<function>()              (<function>):0
icef()                    daemon/class/fighter/master_liu.c:279
command_hook()            feature/command.c:91
do_command()              feature/command.c:66
main()                    cmds/std/perform.c:62

error time is Sun Dec 15 23:51:30 2002
Heart beat in daemon/class/fighter/master_liu#569 turned off.
执行时段错误: *Error in loading object '/daemon/skill/snow-martial'
程式: (<function>):0
物件: daemon/class/fighter/master_liu#569 ("刘全书")
函数呼叫回溯:
heart_beat()              std/char.c:237
chat()                    std/char/new_npc.c:100
<function>()              (<function>):0
<function>()              open/tailong/npc/duanyu.c:74
perform_action()          std/char/new_npc.c:158
perform_action()          std/skill.c:127
perform()                 daemon/class/scholar/six-fingers/handwriting.c:55
sp_perform()              daemon/class/scholar/six-fingers/handwriting.c:131
do_attack()               adm/daemons/combatd.c:963
do_attack()               adm/daemons/combatd.c:316
query()                   feature/dbase.c:53
<function>()              (<function>):0

error time is Sun Dec 15 23:51:55 2002
Heart beat in open/tailong/npc/duanyu#507 turned off.
]【系统】妹(banyan)断线了。
执行时段错误: *Bad argument 1 to wizardp()
Expected: object Got: 0.
程式: u/bear/wiz_cloak.c:324
物件: u/bear/wiz_cloak#278 ("妹的魔法师披风")
函数呼叫回溯:
net_dead()                obj/user.c:152
save()                    obj/user.c:53
save_autoload()           feature/autoload.c:17
query_autoload()          u/bear/wiz_cloak.c:324

error time is Sun Dec 15 23:58:19 2002
Initializing internal tables....

<---狂想空间: MudOs v22pre11 (by wwj,Jan  1 1999) startup on Microsoft Windows 98 at Mon Dec 16 09:10:59 2002

Initializing internal tables....
using config file: D:\fsII\config.fs
open log/debug.log file failed.

<---狂想空间: MudOs v22pre11 (by wwj,Jan  1 1999) shutdown at Mon Dec 16 09:11:03 2002




<---狂想空间: MudOs v22pre11 (by wwj,Jan  1 1999) startup on Microsoft Windows 98 at Mon Dec 16 09:45:18 2002

Initializing internal tables....
using config file: D:\fsII\config.fs
open log/debug.log file failed.

<---狂想空间: MudOs v22pre11 (by wwj,Jan  1 1999) shutdown at Mon Dec 16 09:45:21 2002




<---狂想空间: MudOs v22pre11 (by wwj,Jan  1 1999) startup on Microsoft Windows 98 at Mon Dec 16 11:49:31 2002

Initializing internal tables....
using config file: D:\fsII\config.fs
open log/debug.log file failed.

<---狂想空间: MudOs v22pre11 (by wwj,Jan  1 1999) shutdown at Mon Dec 16 11:49:36 2002




<---狂想空间: MudOs v22pre11 (by wwj,Jan  1 1999) startup on Microsoft Windows 98 at Mon Dec 16 12:00:47 2002

using config file: D:\fsII\config.fs
Can't find "mudos", ignoring old binaries.
Try invoking the driver using the full pathname.
System Error: init_addr_server: connect: WSAECONNREFUSED
]simul_efun loaded successfully.

Loading preloaded files ...
Initializations complete.

Accepting connections on port 4000.
执行时段错误: *Value being indexed is zero.
程式: adm/daemons/chinesed.c:86
物件: adm/daemons/chinesed
函数呼叫回溯:
get_passwd()              adm/daemons/logind.c:613
enter_world()             adm/daemons/logind.c:1051
to_chinese()              adm/simul_efun/chinese.c(adm/obj/simul_efun.c):9
chinese()                 adm/daemons/chinesed.c:86

error time is Mon Dec 16 12:01:01 2002
执行时段错误: *Value being indexed is zero.
程式: adm/daemons/chinesed.c:86
物件: adm/daemons/chinesed
函数呼叫回溯:
command_hook()            feature/command.c:92
do_command()              feature/command.c:66
main()                    cmds/std/score.c:394
wiz_score()               cmds/std/score.c:91
query_rank()              adm/daemons/rankd.c:30
to_chinese()              adm/simul_efun/chinese.c(adm/obj/simul_efun.c):9
chinese()                 adm/daemons/chinesed.c:86

error time is Mon Dec 16 12:01:03 2002
Initializing internal tables....

<---狂想空间: MudOs v22pre11 (by wwj,Jan  1 1999) startup on Microsoft Windows 98 at Mon Dec 16 12:13:00 2002

using config file: D:\fsII\config.fs
Can't find "mudos", ignoring old binaries.
Try invoking the driver using the full pathname.
System Error: init_addr_server: connect: WSAECONNREFUSED
]simul_efun loaded successfully.

Loading preloaded files ...
Initializations complete.

Accepting connections on port 4000.
执行时段错误: *Value being indexed is zero.
程式: adm/daemons/chinesed.c:86
物件: adm/daemons/chinesed
函数呼叫回溯:
get_passwd()              adm/daemons/logind.c:613
enter_world()             adm/daemons/logind.c:1051
to_chinese()              adm/simul_efun/chinese.c(adm/obj/simul_efun.c):9
chinese()                 adm/daemons/chinesed.c:86

error time is Mon Dec 16 12:13:42 2002
执行时段错误: *Value being indexed is zero.
程式: adm/daemons/chinesed.c:86
物件: adm/daemons/chinesed
函数呼叫回溯:
get_passwd()              adm/daemons/logind.c:613
enter_world()             adm/daemons/logind.c:1051
to_chinese()              adm/simul_efun/chinese.c(adm/obj/simul_efun.c):9
chinese()                 adm/daemons/chinesed.c:86

error time is Mon Dec 16 12:14:30 2002
执行时段错误: *Bad argument 1 to call_other()
Expected: string or array or object Got: 0.
程式: cmds/std/go.c:30
物件: cmds/std/go
函数呼叫回溯:
command_hook()            feature/command.c:92
do_command()              feature/command.c:59
main()                    cmds/std/go.c:30

error time is Mon Dec 16 12:14:33 2002
执行时段错误: *Bad argument 1 to call_other()
Expected: string or array or object Got: 0.
程式: cmds/std/go.c:30
物件: cmds/std/go
函数呼叫回溯:
command_hook()            feature/command.c:92
do_command()              feature/command.c:59
main()                    cmds/std/go.c:30

error time is Mon Dec 16 12:14:45 2002
执行时段错误: *Bad argument 1 to call_other()
Expected: string or array or object Got: 0.
程式: cmds/std/go.c:30
物件: cmds/std/go
函数呼叫回溯:
command_hook()            feature/command.c:92
do_command()              feature/command.c:59
main()                    cmds/std/go.c:30

error time is Mon Dec 16 12:15:23 2002
执行时段错误: *Value being indexed is zero.
程式: adm/daemons/chinesed.c:86
物件: adm/daemons/chinesed
函数呼叫回溯:
command_hook()            feature/command.c:92
do_command()              feature/command.c:66
main()                    cmds/std/who.c:150
query_rank()              adm/daemons/rankd.c:30
to_chinese()              adm/simul_efun/chinese.c(adm/obj/simul_efun.c):9
chinese()                 adm/daemons/chinesed.c:86

error time is Mon Dec 16 12:15:27 2002
执行时段错误: *Value being indexed is zero.
程式: adm/daemons/chinesed.c:86
物件: adm/daemons/chinesed
函数呼叫回溯:
command_hook()            feature/command.c:92
do_command()              feature/command.c:66
main()                    cmds/std/who.c:150
query_rank()              adm/daemons/rankd.c:30
to_chinese()              adm/simul_efun/chinese.c(adm/obj/simul_efun.c):9
chinese()                 adm/daemons/chinesed.c:86

error time is Mon Dec 16 12:16:16 2002
执行时段错误: *Value being indexed is zero.
程式: adm/daemons/chinesed.c:86
物件: adm/daemons/chinesed
函数呼叫回溯:
command_hook()            feature/command.c:92
do_command()              feature/command.c:66
main()                    cmds/std/score.c:394
wiz_score()               cmds/std/score.c:91
query_rank()              adm/daemons/rankd.c:30
to_chinese()              adm/simul_efun/chinese.c(adm/obj/simul_efun.c):9
chinese()                 adm/daemons/chinesed.c:86

error time is Mon Dec 16 12:16:34 2002
Broken connection during add_message.
执行时段错误: *Value being indexed is zero.
程式: adm/daemons/chinesed.c:86
物件: adm/daemons/chinesed
函数呼叫回溯:
command_hook()            feature/command.c:92
do_command()              feature/command.c:66
main()                    cmds/std/who.c:150
query_rank()              adm/daemons/rankd.c:30
to_chinese()              adm/simul_efun/chinese.c(adm/obj/simul_efun.c):9
chinese()                 adm/daemons/chinesed.c:86

error time is Mon Dec 16 12:20:37 2002
执行时段错误: *Printable strings limited to length of 8192.
程式: adm/simul_efun/file.c(adm/obj/simul_efun.c):23
物件: adm/obj/simul_efun
函数呼叫回溯:
command_hook()            feature/command.c:91
do_command()              feature/command.c:66
main()                    cmds/imm/cat.c:14
cat()                     adm/simul_efun/file.c(adm/obj/simul_efun.c):23

error time is Mon Dec 16 12:20:55 2002
执行时段错误: *Value being indexed is zero.
程式: adm/daemons/chinesed.c:86
物件: adm/daemons/chinesed
函数呼叫回溯:
command_hook()            feature/command.c:92
do_command()              feature/command.c:66
main()                    cmds/std/skills.c:109
to_chinese()              adm/simul_efun/chinese.c(adm/obj/simul_efun.c):9
chinese()                 adm/daemons/chinesed.c:86

error time is Mon Dec 16 12:20:57 2002
执行时段错误: *Value being indexed is zero.
程式: adm/daemons/chinesed.c:86
物件: adm/daemons/chinesed
函数呼叫回溯:
command_hook()            feature/command.c:92
do_command()              feature/command.c:66
main()                    cmds/std/skills.c:109
to_chinese()              adm/simul_efun/chinese.c(adm/obj/simul_efun.c):9
chinese()                 adm/daemons/chinesed.c:86

error time is Mon Dec 16 12:22:00 2002
执行时段错误: *Value being indexed is zero.
程式: adm/daemons/chinesed.c:86
物件: adm/daemons/chinesed
函数呼叫回溯:
command_hook()            feature/command.c:92
do_command()              feature/command.c:66
main()                    cmds/std/score.c:394
wiz_score()               cmds/std/score.c:91
query_rank()              adm/daemons/rankd.c:30
to_chinese()              adm/simul_efun/chinese.c(adm/obj/simul_efun.c):9
chinese()                 adm/daemons/chinesed.c:86

error time is Mon Dec 16 12:25:14 2002
执行时段错误: *Value being indexed is zero.
程式: adm/daemons/chinesed.c:86
物件: adm/daemons/chinesed
函数呼叫回溯:
command_hook()            feature/command.c:92
do_command()              feature/command.c:66
main()                    cmds/std/who.c:150
query_rank()              adm/daemons/rankd.c:30
to_chinese()              adm/simul_efun/chinese.c(adm/obj/simul_efun.c):9
chinese()                 adm/daemons/chinesed.c:86

error time is Mon Dec 16 12:28:27 2002
执行时段错误: *Wrong permissions for opening file /log/clan/13_luck/BANK-Dec for append.
"No such file or directory"
程式: adm/simul_efun/file.c(adm/obj/simul_efun.c):29
物件: adm/obj/simul_efun
函数呼叫回溯:
clan()                    adm/daemons/natured.c:237
clan_log()                adm/daemons/clanvd.c:42
log_file()                adm/simul_efun/file.c(adm/obj/simul_efun.c):29

error time is Mon Dec 16 12:33:20 2002
执行时段错误: *Value being indexed is zero.
程式: adm/daemons/chinesed.c:86
物件: adm/daemons/chinesed
函数呼叫回溯:
command_hook()            feature/command.c:92
do_command()              feature/command.c:66
main()                    cmds/std/who.c:150
query_rank()              adm/daemons/rankd.c:31
to_chinese()              adm/simul_efun/chinese.c(adm/obj/simul_efun.c):9
chinese()                 adm/daemons/chinesed.c:86

error time is Mon Dec 16 12:34:56 2002
执行时段错误: *Value being indexed is zero.
程式: adm/daemons/chinesed.c:86
物件: adm/daemons/chinesed
函数呼叫回溯:
command_hook()            feature/command.c:92
do_command()              feature/command.c:66
main()                    cmds/std/who.c:150
query_rank()              adm/daemons/rankd.c:31
to_chinese()              adm/simul_efun/chinese.c(adm/obj/simul_efun.c):9
chinese()                 adm/daemons/chinesed.c:86

error time is Mon Dec 16 12:37:50 2002
执行时段错误: *Value being indexed is zero.
程式: adm/daemons/chinesed.c:86
物件: adm/daemons/chinesed
函数呼叫回溯:
command_hook()            feature/command.c:92
do_command()              feature/command.c:66
main()                    cmds/std/score.c:394
wiz_score()               cmds/std/score.c:91
query_rank()              adm/daemons/rankd.c:31
to_chinese()              adm/simul_efun/chinese.c(adm/obj/simul_efun.c):9
chinese()                 adm/daemons/chinesed.c:86

error time is Mon Dec 16 12:37:52 2002
Initializing internal tables....

<---狂想空间: MudOs v22pre11 (by wwj,Jan  1 1999) startup on Microsoft Windows 98 at Mon Dec 16 13:43:22 2002

using config file: D:\fsII\config.fs
Can't find "mudos", ignoring old binaries.
Try invoking the driver using the full pathname.
System Error: init_addr_server: connect: WSAECONNREFUSED
]simul_efun loaded successfully.

Loading preloaded files ...
Initializations complete.

Accepting connections on port 4000.
执行时段错误: *Error in loading object '/daemon/skill/badstrike'
程式: cmds/std/skills.c:110
物件: cmds/std/skills
函数呼叫回溯:
command_hook()            feature/command.c:91
do_command()              feature/command.c:66
main()                    cmds/std/skills.c:110

error time is Mon Dec 16 13:44:17 2002
执行时段错误: *Wrong permissions for opening file /log/exp/b/bear for append.
"No such file or directory"
程式: adm/simul_efun/file.c(adm/obj/simul_efun.c):29
物件: adm/obj/simul_efun
函数呼叫回溯:
heart_beat()              std/char.c:205
die()                     feature/damage.c:628
log_file()                adm/simul_efun/file.c(adm/obj/simul_efun.c):29

error time is Mon Dec 16 13:47:41 2002
Heart beat in open/center/npc/dog#24 turned off.
执行时段错误: *Wrong permissions for opening file /log/exp/b/bear for append.
"No such file or directory"
程式: adm/simul_efun/file.c(adm/obj/simul_efun.c):29
物件: adm/obj/simul_efun
函数呼叫回溯:
heart_beat()              std/char.c:205
die()                     feature/damage.c:632
log_file()                adm/simul_efun/file.c(adm/obj/simul_efun.c):29

error time is Mon Dec 16 13:47:45 2002
Heart beat in open/center/npc/dog#24 turned off.
执行时段错误: *Wrong permissions for opening file /log/exp/b/bear for append.
"No such file or directory"
程式: adm/simul_efun/file.c(adm/obj/simul_efun.c):29
物件: adm/obj/simul_efun
函数呼叫回溯:
heart_beat()              std/char.c:205
die()                     feature/damage.c:632
log_file()                adm/simul_efun/file.c(adm/obj/simul_efun.c):29

error time is Mon Dec 16 13:47:49 2002
Heart beat in open/center/npc/dog#24 turned off.
执行时段错误: *Wrong permissions for opening file /log/exp/b/bear for append.
"No such file or directory"
程式: adm/simul_efun/file.c(adm/obj/simul_efun.c):29
物件: adm/obj/simul_efun
函数呼叫回溯:
heart_beat()              std/char.c:205
die()                     feature/damage.c:632
log_file()                adm/simul_efun/file.c(adm/obj/simul_efun.c):29

error time is Mon Dec 16 13:47:52 2002
Heart beat in open/center/npc/dog#24 turned off.
执行时段错误: *Wrong permissions for opening file /log/exp/b/bear for append.
"No such file or directory"
程式: adm/simul_efun/file.c(adm/obj/simul_efun.c):29
物件: adm/obj/simul_efun
函数呼叫回溯:
heart_beat()              std/char.c:205
die()                     feature/damage.c:632
log_file()                adm/simul_efun/file.c(adm/obj/simul_efun.c):29

error time is Mon Dec 16 13:48:05 2002
Heart beat in open/center/npc/sparrow#15 turned off.
执行时段错误: *Wrong permissions for opening file /log/exp/b/bear for append.
"No such file or directory"
程式: adm/simul_efun/file.c(adm/obj/simul_efun.c):29
物件: adm/obj/simul_efun
函数呼叫回溯:
heart_beat()              std/char.c:205
die()                     feature/damage.c:632
log_file()                adm/simul_efun/file.c(adm/obj/simul_efun.c):29

error time is Mon Dec 16 13:48:08 2002
Heart beat in open/center/npc/sparrow#15 turned off.
执行时段错误: *F_SKILL: No such skill (snowsword)
程式: feature/skill.c:31
物件: obj/user#1 ("玩具熊")
函数呼叫回溯:
command_hook()            feature/command.c:91
do_command()              feature/command.c:66
main()                    cmds/wiz/call.c:88
set_skill()               feature/skill.c:31

error time is Mon Dec 16 13:55:05 2002
Initializing internal tables....

<---狂想空间: MudOs v22pre11 (by wwj,Jan  1 1999) startup on Microsoft Windows 98 at Mon Dec 16 17:40:31 2002

Initializing internal tables....
using config file: D:\fsII\config.fs
open log/debug.log file failed.

<---狂想空间: MudOs v22pre11 (by wwj,Jan  1 1999) shutdown at Mon Dec 16 17:40:35 2002




<---狂想空间: MudOs v22pre11 (by wwj,Jan  1 1999) startup on Microsoft Windows 98 at Mon Dec 16 18:04:16 2002

using config file: D:\fsII\config.fs
Can't find "mudos", ignoring old binaries.
Try invoking the driver using the full pathname.
System Error: init_addr_server: connect: WSAECONNREFUSED
]simul_efun loaded successfully.

Loading preloaded files ...
Initializations complete.

Accepting connections on port 4000.
执行时段错误: *Wrong permissions for opening file /log/clan/13_luck/BANK-Dec for append.
"No such file or directory"
程式: adm/simul_efun/file.c(adm/obj/simul_efun.c):29
物件: adm/obj/simul_efun
函数呼叫回溯:
clan()                    adm/daemons/natured.c:237
clan_log()                adm/daemons/clanvd.c:42
log_file()                adm/simul_efun/file.c(adm/obj/simul_efun.c):29

error time is Mon Dec 16 18:24:21 2002
object /open/capital/room/king/obj/km-cloak: eval_cost too big 1500000
执行时段错误: *Can't catch eval cost too big error.
程式: cmds/adm/updir.c:57
物件: cmds/adm/updir
函数呼叫回溯:
command_hook()            feature/command.c:91
do_command()              feature/command.c:66
main()                    cmds/adm/updir.c:33
main()                    cmds/adm/updir.c:33
main()                    cmds/adm/updir.c:31
updatefile()              cmds/adm/updir.c:57

error time is Mon Dec 16 19:16:04 2002
执行时段错误: *Bad argument 1 to call_other()
Expected: string or array or object Got: 0.
程式: open/badman/ride/r_wolf.c:97
物件: open/badman/ride/r_wolf ("[31m红狼[0m")
函数呼叫回溯:
heart_beat()              std/char.c:283
heal_up()                 open/badman/ride/r_wolf.c:97

error time is Mon Dec 16 19:16:12 2002
Heart beat in open/badman/ride/r_wolf turned off.
执行时段错误: *Value being indexed is zero.
程式: adm/daemons/securityd.c:143
物件: adm/daemons/securityd
函数呼叫回溯:
command_hook()            feature/command.c:91
do_command()              feature/command.c:66
main()                    cmds/adm/updir.c:33
main()                    cmds/adm/updir.c:33
main()                    cmds/adm/updir.c:14
file_size()               adm/simul_efun/file.c(adm/obj/simul_efun.c):9
valid_read()              adm/daemons/securityd.c:383
get_status()              adm/daemons/securityd.c:143

error time is Mon Dec 16 19:45:53 2002
执行时段错误: *Value being indexed is zero.
程式: adm/daemons/securityd.c:143
物件: adm/daemons/securityd
函数呼叫回溯:
heart_beat()              std/char.c:299
save()                    obj/user.c:54
save()                    feature/save.c:8
assure_file()             adm/simul_efun/file.c(adm/obj/simul_efun.c):37
file_size()               adm/simul_efun/file.c(adm/obj/simul_efun.c):9
valid_read()              adm/daemons/securityd.c:383
get_status()              adm/daemons/securityd.c:143

error time is Mon Dec 16 19:46:05 2002
Heart beat in obj/user#1 turned off.
执行时段错误: *Value being indexed is zero.
程式: adm/daemons/securityd.c:143
物件: adm/daemons/securityd
函数呼叫回溯:
command_hook()            feature/command.c:91
do_command()              feature/command.c:65
find_command()            feature/command.c:17
find_command()            adm/daemons/cmd_d.c:62
rehash()                  adm/daemons/cmd_d.c:26
valid_read()              adm/obj/master.c:396
valid_read()              adm/daemons/securityd.c:383
get_status()              adm/daemons/securityd.c:143

error time is Mon Dec 16 19:46:20 2002
执行时段错误: *Value being indexed is zero.
程式: adm/daemons/securityd.c:143
物件: adm/daemons/securityd
函数呼叫回溯:
command_hook()            feature/command.c:91
do_command()              feature/command.c:65
find_command()            feature/command.c:17
find_command()            adm/daemons/cmd_d.c:62
rehash()                  adm/daemons/cmd_d.c:26
valid_read()              adm/obj/master.c:396
valid_read()              adm/daemons/securityd.c:383
get_status()              adm/daemons/securityd.c:143

error time is Mon Dec 16 19:46:21 2002
执行时段错误: *Value being indexed is zero.
程式: adm/daemons/securityd.c:143
物件: adm/daemons/securityd
函数呼叫回溯:
command_hook()            feature/command.c:91
do_command()              feature/command.c:65
find_command()            feature/command.c:17
find_command()            adm/daemons/cmd_d.c:62
rehash()                  adm/daemons/cmd_d.c:26
valid_read()              adm/obj/master.c:396
valid_read()              adm/daemons/securityd.c:383
get_status()              adm/daemons/securityd.c:143

error time is Mon Dec 16 19:46:23 2002
执行时段错误: *Value being indexed is zero.
程式: adm/daemons/securityd.c:143
物件: adm/daemons/securityd
函数呼叫回溯:
command_hook()            feature/command.c:91
do_command()              feature/command.c:65
find_command()            feature/command.c:17
find_command()            adm/daemons/cmd_d.c:62
rehash()                  adm/daemons/cmd_d.c:26
valid_read()              adm/obj/master.c:396
valid_read()              adm/daemons/securityd.c:383
get_status()              adm/daemons/securityd.c:143

error time is Mon Dec 16 19:46:27 2002
执行时段错误: *Value being indexed is zero.
程式: adm/daemons/securityd.c:143
物件: adm/daemons/securityd
函数呼叫回溯:
command_hook()            feature/command.c:92
do_command()              feature/command.c:65
find_command()            feature/command.c:17
find_command()            adm/daemons/cmd_d.c:62
rehash()                  adm/daemons/cmd_d.c:26
valid_read()              adm/obj/master.c:396
valid_read()              adm/daemons/securityd.c:383
get_status()              adm/daemons/securityd.c:143

error time is Mon Dec 16 19:46:34 2002
执行时段错误: *Value being indexed is zero.
程式: adm/daemons/securityd.c:143
物件: adm/daemons/securityd
函数呼叫回溯:
command_hook()            feature/command.c:91
do_command()              feature/command.c:65
find_command()            feature/command.c:17
find_command()            adm/daemons/cmd_d.c:62
rehash()                  adm/daemons/cmd_d.c:26
valid_read()              adm/obj/master.c:396
valid_read()              adm/daemons/securityd.c:383
get_status()              adm/daemons/securityd.c:143

error time is Mon Dec 16 19:46:36 2002
执行时段错误: *Value being indexed is zero.
程式: adm/daemons/securityd.c:143
物件: adm/daemons/securityd
函数呼叫回溯:
command_hook()            feature/command.c:91
do_command()              feature/command.c:65
find_command()            feature/command.c:17
find_command()            adm/daemons/cmd_d.c:62
rehash()                  adm/daemons/cmd_d.c:26
valid_read()              adm/obj/master.c:396
valid_read()              adm/daemons/securityd.c:383
get_status()              adm/daemons/securityd.c:143

error time is Mon Dec 16 19:46:36 2002
执行时段错误: *Value being indexed is zero.
程式: adm/daemons/securityd.c:143
物件: adm/daemons/securityd
函数呼叫回溯:
command_hook()            feature/command.c:92
do_command()              feature/command.c:65
find_command()            feature/command.c:17
find_command()            adm/daemons/cmd_d.c:62
rehash()                  adm/daemons/cmd_d.c:26
valid_read()              adm/obj/master.c:396
valid_read()              adm/daemons/securityd.c:383
get_status()              adm/daemons/securityd.c:143

error time is Mon Dec 16 19:46:37 2002
执行时段错误: *Value being indexed is zero.
程式: adm/daemons/securityd.c:143
物件: adm/daemons/securityd
函数呼叫回溯:
command_hook()            feature/command.c:92
do_command()              feature/command.c:65
find_command()            feature/command.c:17
find_command()            adm/daemons/cmd_d.c:62
rehash()                  adm/daemons/cmd_d.c:26
valid_read()              adm/obj/master.c:396
valid_read()              adm/daemons/securityd.c:383
get_status()              adm/daemons/securityd.c:143

error time is Mon Dec 16 19:46:38 2002
Initializing internal tables....

<---狂想空间: MudOs v22pre11 (by wwj,Jan  1 1999) startup on Microsoft Windows 98 at Mon Dec 16 19:46:40 2002

using config file: D:\fsII\config.fs
Can't find "mudos", ignoring old binaries.
Try invoking the driver using the full pathname.
System Error: init_addr_server: connect: WSAECONNREFUSED
]simul_efun loaded successfully.

Loading preloaded files ...
Initializations complete.

Accepting connections on port 4000.
执行时段错误: *Undefined function: delete_temp
程式: std/char/master.c:7
物件: std/char/master
函数呼叫回溯:
reset()                   std/char/master.c:7

error time is Mon Dec 16 20:01:45 2002
执行时段错误: *Wrong permissions for opening file /log/clan/13_luck/BANK-Dec for append.
"No such file or directory"
程式: adm/simul_efun/file.c(adm/obj/simul_efun.c):29
物件: adm/obj/simul_efun
函数呼叫回溯:
clan()                    adm/daemons/natured.c:237
clan_log()                adm/daemons/clanvd.c:42
log_file()                adm/simul_efun/file.c(adm/obj/simul_efun.c):29

error time is Mon Dec 16 20:06:43 2002
执行时段错误: *Undefined function: delete_temp
程式: std/char/master.c:7
物件: std/char/master
函数呼叫回溯:
reset()                   std/char/master.c:7

error time is Mon Dec 16 20:16:46 2002
执行时段错误: *Error in loading object '/open/center/npc/goufu'
程式: std/room.c:19
物件: open/center/room/men
函数呼叫回溯:
command_hook()            feature/command.c:91
do_command()              feature/command.c:66
main()                    cmds/std/go.c:49
create()                  open/center/room/men.c:89
setup()                   std/room.c:290
reset()                   std/room.c:65
make_inventory()          std/room.c:19

error time is Mon Dec 16 20:19:26 2002
执行时段错误: *Undefined function: delete_temp
程式: std/char/master.c:7
物件: std/char/master
函数呼叫回溯:
reset()                   std/char/master.c:7

error time is Mon Dec 16 20:31:48 2002
执行时段错误: *Bad argument 1 to call_other()
Expected: string or array or object Got: 0.
程式: daemon/class/killer/obj/ncloth.c:79
物件: daemon/class/killer/obj/ncloth ("[0;35m忍者夜行衣[0m")
函数呼叫回溯:
heart_beat()              daemon/class/killer/obj/ncloth.c:79

error time is Mon Dec 16 20:32:49 2002
Heart beat in daemon/class/killer/obj/ncloth turned off.
执行时段错误: *Bad argument 1 to call_other()
Expected: string or array or object Got: 0.
程式: daemon/class/killer/obj/nhands.c:34
物件: daemon/class/killer/obj/nhands ("[0;35m忍者血手[0m")
函数呼叫回溯:
heart_beat()              daemon/class/killer/obj/nhands.c:34

error time is Mon Dec 16 20:32:50 2002
Heart beat in daemon/class/killer/obj/nhands turned off.
执行时段错误: *Bad argument 1 to call_other()
Expected: string or array or object Got: 0.
程式: daemon/class/killer/obj/nring.c:34
物件: daemon/class/killer/obj/nring ("[0;35m忍者治愈戒[0m")
函数呼叫回溯:
heart_beat()              daemon/class/killer/obj/nring.c:34

error time is Mon Dec 16 20:32:52 2002
Heart beat in daemon/class/killer/obj/nring turned off.
执行时段错误: *Bad argument 1 to call_other()
Expected: string or array or object Got: 0.
程式: daemon/class/killer/obj/nwaist.c:33
物件: daemon/class/killer/obj/nwaist ("[0;35m忍者斗气腰带[0m")
函数呼叫回溯:
heart_beat()              daemon/class/killer/obj/nwaist.c:33

error time is Mon Dec 16 20:32:53 2002
Heart beat in daemon/class/killer/obj/nwaist turned off.
执行时段错误: *Bad argument 1 to call_other()
Expected: string or array or object Got: 0.
程式: daemon/class/killer/obj/nwrists.c:31
物件: daemon/class/killer/obj/nwrists ("[0;35m忍者杀意手环[0m")
函数呼叫回溯:
heart_beat()              daemon/class/killer/obj/nwrists.c:31

error time is Mon Dec 16 20:32:55 2002
Heart beat in daemon/class/killer/obj/nwrists turned off.
Initializing internal tables....

<---狂想空间: MudOs v22pre11 (by wwj,Jan  1 1999) startup on Microsoft Windows 98 at Mon Dec 16 21:45:13 2002

using config file: D:\fsII\config.fs
Can't find "mudos", ignoring old binaries.
Try invoking the driver using the full pathname.
System Error: init_addr_server: connect: WSAECONNREFUSED
]simul_efun loaded successfully.

Loading preloaded files ...
Initializations complete.

Accepting connections on port 4000.
执行时段错误: *Wrong permissions for opening file /log/clan/13_luck/BANK-Dec for append.
"No such file or directory"
程式: adm/simul_efun/file.c(adm/obj/simul_efun.c):29
物件: adm/obj/simul_efun
函数呼叫回溯:
clan()                    adm/daemons/natured.c:237
clan_log()                adm/daemons/clanvd.c:42
log_file()                adm/simul_efun/file.c(adm/obj/simul_efun.c):29

error time is Mon Dec 16 22:05:34 2002
执行时段错误: *Bad argument 1 to call_other()
Expected: string or array or object Got: 0.
程式: open/killer/obj/k_ring.c:111
物件: open/killer/obj/k_ring#57 ("杀意魔戒")
函数呼叫回溯:
heart_beat()              open/killer/obj/k_ring.c:111

error time is Mon Dec 16 22:06:20 2002
Heart beat in open/killer/obj/k_ring#57 turned off.
执行时段错误: *Bad argument 1 to call_other()
Expected: string or array or object Got: 0.
程式: open/killer/obj/k_ring.c:111
物件: open/killer/obj/k_ring#57 ("杀意魔戒")
函数呼叫回溯:
heart_beat()              open/killer/obj/k_ring.c:111

error time is Mon Dec 16 22:07:11 2002
Heart beat in open/killer/obj/k_ring#57 turned off.
执行时段错误: *Bad argument 1 to call_other()
Expected: string or array or object Got: 0.
程式: open/evil-area/npc/bug5.c:50
物件: open/evil-area/npc/bug5#64 ("[0;34m千针[0m")
函数呼叫回溯:
heart_beat()              open/evil-area/npc/bug5.c:50

error time is Mon Dec 16 22:09:43 2002
Heart beat in open/evil-area/npc/bug5#64 turned off.
执行时段错误: *Bad argument 1 to call_other()
Expected: string or array or object Got: 0.
程式: open/evil-area/npc/bug9.c:47
物件: open/evil-area/npc/bug9#66 ("飞魑")
函数呼叫回溯:
heart_beat()              open/evil-area/npc/bug9.c:47

error time is Mon Dec 16 22:10:15 2002
Heart beat in open/evil-area/npc/bug9#66 turned off.
执行时段错误: *F_SKILL: No such skill (spells)
程式: feature/skill.c:31
物件: obj/user#23 ("妹")
函数呼叫回溯:
command_hook()            feature/command.c:91
do_command()              feature/command.c:66
main()                    cmds/wiz/call.c:88
set_skill()               feature/skill.c:31

error time is Mon Dec 16 22:10:55 2002
执行时段错误: *Bad argument 1 to call_other()
Expected: string or array or object Got: 0.
程式: open/evil-area/npc/bug8.c:50
物件: open/evil-area/npc/bug8#70 ("[0;33m飞蜘蛛[0m")
函数呼叫回溯:
heart_beat()              open/evil-area/npc/bug8.c:50

error time is Mon Dec 16 22:10:58 2002
Heart beat in open/evil-area/npc/bug8#70 turned off.
执行时段错误: *Bad argument 1 to call_other()
Expected: string or array or object Got: 0.
程式: open/evil-area/npc/bug8.c:50
物件: open/evil-area/npc/bug8#72 ("[0;33m飞蜘蛛[0m")
函数呼叫回溯:
heart_beat()              open/evil-area/npc/bug8.c:50

error time is Mon Dec 16 22:11:01 2002
Heart beat in open/evil-area/npc/bug8#72 turned off.
执行时段错误: *Bad argument 1 to call_other()
Expected: string or array or object Got: 0.
程式: open/evil-area/npc/bug5.c:50
物件: open/evil-area/npc/bug5#71 ("[0;34m千针[0m")
函数呼叫回溯:
heart_beat()              open/evil-area/npc/bug5.c:50

error time is Mon Dec 16 22:11:02 2002
Heart beat in open/evil-area/npc/bug5#71 turned off.
执行时段错误: *Bad argument 1 to call_other()
Expected: string or array or object Got: 0.
程式: open/evil-area/npc/bug8.c:50
物件: open/evil-area/npc/bug8#73 ("[0;33m飞蜘蛛[0m")
函数呼叫回溯:
heart_beat()              open/evil-area/npc/bug8.c:50

error time is Mon Dec 16 22:11:04 2002
Heart beat in open/evil-area/npc/bug8#73 turned off.
执行时段错误: *F_SKILL: No such skill (archery)
程式: feature/skill.c:31
物件: open/marksman/npc/chang-sen ("张三")
函数呼叫回溯:
command_hook()            feature/command.c:91
do_command()              feature/command.c:66
main()                    cmds/std/go.c:49
create()                  open/marksman/room/room1-5.c:24
setup()                   std/room.c:290
reset()                   std/room.c:65
make_inventory()          std/room.c:19
create()                  open/marksman/npc/chang-sen.c:17
set_skill()               feature/skill.c:31

error time is Mon Dec 16 22:13:28 2002
执行时段错误: *F_SKILL: No such skill (hammer)
程式: feature/skill.c:31
物件: open/gsword/mob/sells2 ("小贩")
函数呼叫回溯:
command_hook()            feature/command.c:91
do_command()              feature/command.c:66
main()                    cmds/std/go.c:49
create()                  open/marksman/room/room1-9.c:25
setup()                   std/room.c:290
reset()                   std/room.c:65
make_inventory()          std/room.c:19
create()                  open/gsword/mob/sells2.c:17
set_skill()               feature/skill.c:31

error time is Mon Dec 16 22:13:41 2002
执行时段错误: *F_SKILL: No such skill (archery)
程式: feature/skill.c:31
物件: open/marksman/npc/guard ("守卫军")
函数呼叫回溯:
command_hook()            feature/command.c:91
do_command()              feature/command.c:66
main()                    cmds/std/go.c:49
create()                  open/marksman/room/room1-22.c:28
setup()                   std/room.c:290
reset()                   std/room.c:79
make_inventory()          std/room.c:19
create()                  open/marksman/npc/guard.c:14
set_skill()               feature/skill.c:31

error time is Mon Dec 16 22:13:47 2002
执行时段错误: *F_SKILL: No such skill (iceforce)
程式: feature/skill.c:31
物件: open/marksman/npc/marker ("龙云飞")
函数呼叫回溯:
command_hook()            feature/command.c:92
do_command()              feature/command.c:59
main()                    cmds/std/go.c:49
create()                  open/marksman/room/room1-23.c:29
setup()                   std/room.c:290
reset()                   std/room.c:65
make_inventory()          std/room.c:19
create()                  open/marksman/npc/marker.c:20
set_skill()               feature/skill.c:31

error time is Mon Dec 16 22:14:06 2002
执行时段错误: *F_SKILL: No such skill (archery)
程式: feature/skill.c:31
物件: open/marksman/npc/master_t ("李广")
函数呼叫回溯:
command_hook()            feature/command.c:91
do_command()              feature/command.c:66
main()                    cmds/std/go.c:49
create()                  open/marksman/room/room1-31.c:29
setup()                   std/room.c:290
reset()                   std/room.c:65
make_inventory()          std/room.c:19
create()                  open/marksman/npc/master_t.c:35
set_skill()               feature/skill.c:31

error time is Mon Dec 16 22:14:24 2002
执行时段错误: *F_SKILL: No such skill (dremagic)
程式: feature/skill.c:31
物件: obj/user#23 ("妹")
函数呼叫回溯:
command_hook()            feature/command.c:91
do_command()              feature/command.c:66
main()                    cmds/wiz/call.c:88
set_skill()               feature/skill.c:31

error time is Mon Dec 16 22:24:50 2002
执行时段错误: *F_SKILL: No such skill (dremagic)
程式: feature/skill.c:31
物件: obj/user#23 ("妹")
函数呼叫回溯:
command_hook()            feature/command.c:91
do_command()              feature/command.c:66
main()                    cmds/wiz/call.c:88
set_skill()               feature/skill.c:31

error time is Mon Dec 16 22:25:06 2002
执行时段错误: *F_SKILL: No such skill (dremagic)
程式: feature/skill.c:31
物件: obj/user#23 ("妹")
函数呼叫回溯:
command_hook()            feature/command.c:91
do_command()              feature/command.c:66
main()                    cmds/wiz/call.c:88
set_skill()               feature/skill.c:31

error time is Mon Dec 16 22:25:07 2002
执行时段错误: *F_SKILL: No such skill (dremagic)
程式: feature/skill.c:31
物件: obj/user#23 ("妹")
函数呼叫回溯:
command_hook()            feature/command.c:91
do_command()              feature/command.c:66
main()                    cmds/wiz/call.c:88
set_skill()               feature/skill.c:31

error time is Mon Dec 16 22:25:14 2002
执行时段错误: *F_SKILL: No such skill (dremagic)
程式: feature/skill.c:31
物件: obj/user#23 ("妹")
函数呼叫回溯:
command_hook()            feature/command.c:91
do_command()              feature/command.c:66
main()                    cmds/wiz/call.c:88
set_skill()               feature/skill.c:31

error time is Mon Dec 16 22:25:41 2002
执行时段错误: *F_SKILL: No such skill (dremagic)
程式: feature/skill.c:31
物件: obj/user#23 ("妹")
函数呼叫回溯:
command_hook()            feature/command.c:91
do_command()              feature/command.c:66
main()                    cmds/wiz/call.c:88
set_skill()               feature/skill.c:31

error time is Mon Dec 16 22:30:53 2002
执行时段错误: *F_SKILL: No such skill (blade)
程式: feature/skill.c:31
物件: open/gblade/npc/s-guardian ("银刀护院")
函数呼叫回溯:
command_hook()            feature/command.c:91
do_command()              feature/command.c:66
main()                    cmds/std/go.c:49
create()                  open/gblade/room/g1-4.c:32
setup()                   std/room.c:290
reset()                   std/room.c:79
make_inventory()          std/room.c:19
create()                  open/gblade/npc/s-guardian.c:15
set_skill()               feature/skill.c:31

error time is Mon Dec 16 22:36:09 2002
执行时段错误: *该区域有问题, 请找巫师解决。
程式: cmds/std/go.c:50
物件: cmds/std/go
函数呼叫回溯:
command_hook()            feature/command.c:91
do_command()              feature/command.c:66
main()                    cmds/std/go.c:50

error time is Mon Dec 16 22:39:01 2002
执行时段错误: *该区域有问题, 请找巫师解决。
程式: cmds/std/go.c:50
物件: cmds/std/go
函数呼叫回溯:
command_hook()            feature/command.c:91
do_command()              feature/command.c:66
main()                    cmds/std/go.c:50

error time is Mon Dec 16 22:39:07 2002
执行时段错误: *move : error loading /open/heaven/castle/room/sky_gate.c:
*Error in loading object '/open/heaven/castle/room/sky_gate'
程式: feature/move.c:63
物件: obj/user#186 ("妹")
函数呼叫回溯:
command_hook()            feature/command.c:91
do_command()              feature/command.c:66
main()                    cmds/imm/goto.c:29
move()                    feature/move.c:63

error time is Mon Dec 16 22:39:17 2002
执行时段错误: *该区域有问题, 请找巫师解决。
程式: cmds/std/go.c:50
物件: cmds/std/go
函数呼叫回溯:
command_hook()            feature/command.c:91
do_command()              feature/command.c:66
main()                    cmds/std/go.c:50

error time is Mon Dec 16 22:39:34 2002
执行时段错误: *该区域有问题, 请找巫师解决。
程式: cmds/std/go.c:50
物件: cmds/std/go
函数呼叫回溯:
command_hook()            feature/command.c:91
do_command()              feature/command.c:66
main()                    cmds/std/go.c:50

error time is Mon Dec 16 22:39:35 2002
执行时段错误: *该区域有问题, 请找巫师解决。
程式: cmds/std/go.c:50
物件: cmds/std/go
函数呼叫回溯:
command_hook()            feature/command.c:91
do_command()              feature/command.c:66
main()                    cmds/std/go.c:50

error time is Mon Dec 16 22:39:36 2002
Initializing internal tables....
