----------------------------------------------------------------------------
侠客行神州 (MudOS v22pre11) starting up on Microsoft Windows 95 - Fri Oct 25 14:42:41 2002


Can't find "mudos", ignoring old binaries.
Try invoking the driver using the full pathname.
Connected to address server on localhost port 3990

Loading preloaded files ...
Initializations complete.

Accepting connections on port 8888.

执行时段错误：*Bad argument 1 to call_other()
Expected: string or array or object Got: 0.

程式：d/xiakedao/obj/shan-ling.c 第 21 行
物件: d/xiakedao/obj/shan-ling#3 ("赏善令")
呼叫来自：adm/daemons/autosaved.c 的 auto_save() 第 53 行，物件： adm/daemons/autosaved
呼叫来自：clone/user/user.c 的 save() 第 65 行，物件： clone/user/user#1 ("小人物")
呼叫来自：feature/autoload.c 的 save_autoload() 第 19 行，物件： clone/user/user#1 ("小人物")
呼叫来自：d/xiakedao/obj/shan-ling.c 的 query_autoload() 第 21 行，物件： d/xiakedao/obj/shan-ling#3 ("赏善令")

执行时段错误：*Bad argument 1 to call_other()
Expected: string or array or object Got: 0.

程式：cmds/skill/dazuo.c 第 20 行
物件: cmds/skill/dazuo
呼叫来自：d/xueshan/npc/jlseng.c 的 auto_robot() 第 243 行，物件： d/xueshan/npc/jlseng ("戒律僧")
呼叫来自：feature/command.c 的 command_hook() 第 57 行，物件： d/xueshan/npc/jlseng ("戒律僧")
呼叫来自：cmds/skill/dazuo.c 的 main() 第 20 行，物件： cmds/skill/dazuo
错误讯息被拦截: 
执行时段错误：*F_SKILL: No such skill (shedao-qigong)

程式：feature/skill.c 第 22 行
物件: d/chengdu/npc/tangdun ("唐钝")
呼叫来自：feature/command.c 的 command_hook() 第 57 行，物件： clone/user/user#218 ("小人物")
呼叫来自：cmds/arch/updatedir.c 的 main() 第 42 行，物件： cmds/arch/updatedir
呼叫来自：cmds/arch/updatedir.c 的 main() 第 40 行，物件： cmds/arch/updatedir
呼叫来自：cmds/arch/updatedir.c 的 updatefile() 第 75 行，物件： cmds/arch/updatedir
呼叫来自：cmds/arch/updatedir.c 的 CATCH() 第 75 行，物件： cmds/arch/updatedir
呼叫来自：d/chengdu/npc/tangdun.c 的 create() 第 32 行，物件： d/chengdu/npc/tangdun ("唐钝")
呼叫来自：feature/skill.c 的 set_skill() 第 22 行，物件： d/chengdu/npc/tangdun ("唐钝")
错误讯息被拦截: 
执行时段错误：*Error in loading object '/d/beijing/kangqin/chufang'

程式：cmds/arch/updatedir.c 第 75 行
物件: cmds/arch/updatedir
呼叫来自：feature/command.c 的 command_hook() 第 57 行，物件： clone/user/user#218 ("小人物")
呼叫来自：cmds/arch/updatedir.c 的 main() 第 42 行，物件： cmds/arch/updatedir
呼叫来自：cmds/arch/updatedir.c 的 main() 第 40 行，物件： cmds/arch/updatedir
呼叫来自：cmds/arch/updatedir.c 的 updatefile() 第 75 行，物件： cmds/arch/updatedir
呼叫来自：cmds/arch/updatedir.c 的 CATCH() 第 75 行，物件： cmds/arch/updatedir
错误讯息被拦截: 
执行时段错误：*F_SKILL: No such skill (stuff)

程式：feature/skill.c 第 22 行
物件: d/beijing/npc/luoyifeng ("卢一峰")
呼叫来自：feature/command.c 的 command_hook() 第 57 行，物件： clone/user/user#218 ("小人物")
呼叫来自：cmds/arch/updatedir.c 的 main() 第 42 行，物件： cmds/arch/updatedir
呼叫来自：cmds/arch/updatedir.c 的 main() 第 40 行，物件： cmds/arch/updatedir
呼叫来自：cmds/arch/updatedir.c 的 updatefile() 第 75 行，物件： cmds/arch/updatedir
呼叫来自：cmds/arch/updatedir.c 的 CATCH() 第 75 行，物件： cmds/arch/updatedir
呼叫来自：d/beijing/npc/luoyifeng.c 的 create() 第 48 行，物件： d/beijing/npc/luoyifeng ("卢一峰")
呼叫来自：feature/skill.c 的 set_skill() 第 22 行，物件： d/beijing/npc/luoyifeng ("卢一峰")
Illegal pathname: /d/beijing/west/../npc/bj_bing.c
错误讯息被拦截: 
执行时段错误：*Illegal path name '/d/beijing/west/../npc/bj_bing.c'.

程式：inherit/room/room.c 第 56 行
物件: d/beijing/west/yonganmen
呼叫来自：feature/command.c 的 command_hook() 第 57 行，物件： clone/user/user#218 ("小人物")
呼叫来自：cmds/arch/updatedir.c 的 main() 第 42 行，物件： cmds/arch/updatedir
呼叫来自：cmds/arch/updatedir.c 的 main() 第 40 行，物件： cmds/arch/updatedir
呼叫来自：cmds/arch/updatedir.c 的 updatefile() 第 75 行，物件： cmds/arch/updatedir
呼叫来自：cmds/arch/updatedir.c 的 CATCH() 第 75 行，物件： cmds/arch/updatedir
呼叫来自：d/beijing/west/yonganmen.c 的 create() 第 27 行，物件： d/beijing/west/yonganmen
呼叫来自：inherit/room/room.c 的 setup() 第 280 行，物件： d/beijing/west/yonganmen
呼叫来自：inherit/room/room.c 的 reset() 第 138 行，物件： d/beijing/west/yonganmen
呼叫来自：inherit/room/room.c 的 make_inventory() 第 56 行，物件： d/beijing/west/yonganmen
错误讯息被拦截: 
执行时段错误：*Error in loading object '/d/beijing/zijin/shunzhme'

程式：cmds/arch/updatedir.c 第 75 行
物件: cmds/arch/updatedir
呼叫来自：feature/command.c 的 command_hook() 第 57 行，物件： clone/user/user#218 ("小人物")
呼叫来自：cmds/arch/updatedir.c 的 main() 第 42 行，物件： cmds/arch/updatedir
呼叫来自：cmds/arch/updatedir.c 的 main() 第 40 行，物件： cmds/arch/updatedir
呼叫来自：cmds/arch/updatedir.c 的 updatefile() 第 75 行，物件： cmds/arch/updatedir
呼叫来自：cmds/arch/updatedir.c 的 CATCH() 第 75 行，物件： cmds/arch/updatedir
错误讯息被拦截: 
执行时段错误：*Error in loading object '/d/beijing/kangqin/chufang'

程式：cmds/imm/update.c 第 54 行
物件: cmds/imm/update
呼叫来自：feature/command.c 的 command_hook() 第 57 行，物件： clone/user/user#218 ("小人物")
呼叫来自：cmds/imm/update.c 的 main() 第 54 行，物件： cmds/imm/update
呼叫来自：cmds/imm/update.c 的 CATCH() 第 54 行，物件： cmds/imm/update
错误讯息被拦截: 
执行时段错误：*Error in loading object '/d/beijing/zijin/shunzhme'

程式：cmds/imm/update.c 第 54 行
物件: cmds/imm/update
呼叫来自：feature/command.c 的 command_hook() 第 57 行，物件： clone/user/user#218 ("小人物")
呼叫来自：cmds/imm/update.c 的 main() 第 54 行，物件： cmds/imm/update
呼叫来自：cmds/imm/update.c 的 CATCH() 第 54 行，物件： cmds/imm/update
错误讯息被拦截: 
执行时段错误：*F_SKILL: No such skill (hengshan-jian)

程式：feature/skill.c 第 22 行
物件: d/hengshan/npc/he ("仪和")
呼叫来自：feature/command.c 的 command_hook() 第 57 行，物件： clone/user/user#218 ("小人物")
呼叫来自：cmds/arch/updatedir.c 的 main() 第 42 行，物件： cmds/arch/updatedir
呼叫来自：cmds/arch/updatedir.c 的 main() 第 40 行，物件： cmds/arch/updatedir
呼叫来自：cmds/arch/updatedir.c 的 updatefile() 第 75 行，物件： cmds/arch/updatedir
呼叫来自：cmds/arch/updatedir.c 的 CATCH() 第 75 行，物件： cmds/arch/updatedir
呼叫来自：d/hengshan/npc/he.c 的 create() 第 30 行，物件： d/hengshan/npc/he ("仪和")
呼叫来自：feature/skill.c 的 set_skill() 第 22 行，物件： d/hengshan/npc/he ("仪和")
错误讯息被拦截: 
执行时段错误：*F_SKILL: No such skill (hengshan-jian)

程式：feature/skill.c 第 22 行
物件: d/hengshan/npc/jing ("定静师太")
呼叫来自：feature/command.c 的 command_hook() 第 57 行，物件： clone/user/user#218 ("小人物")
呼叫来自：cmds/arch/updatedir.c 的 main() 第 42 行，物件： cmds/arch/updatedir
呼叫来自：cmds/arch/updatedir.c 的 main() 第 40 行，物件： cmds/arch/updatedir
呼叫来自：cmds/arch/updatedir.c 的 updatefile() 第 75 行，物件： cmds/arch/updatedir
呼叫来自：cmds/arch/updatedir.c 的 CATCH() 第 75 行，物件： cmds/arch/updatedir
呼叫来自：d/hengshan/npc/jing.c 的 create() 第 39 行，物件： d/hengshan/npc/jing ("定静师太")
呼叫来自：feature/skill.c 的 set_skill() 第 22 行，物件： d/hengshan/npc/jing ("定静师太")
错误讯息被拦截: 
执行时段错误：*F_SKILL: No such skill (hengshan-jian)

程式：feature/skill.c 第 22 行
物件: d/hengshan/npc/lin ("仪琳")
呼叫来自：feature/command.c 的 command_hook() 第 57 行，物件： clone/user/user#218 ("小人物")
呼叫来自：cmds/arch/updatedir.c 的 main() 第 42 行，物件： cmds/arch/updatedir
呼叫来自：cmds/arch/updatedir.c 的 main() 第 40 行，物件： cmds/arch/updatedir
呼叫来自：cmds/arch/updatedir.c 的 updatefile() 第 75 行，物件： cmds/arch/updatedir
呼叫来自：cmds/arch/updatedir.c 的 CATCH() 第 75 行，物件： cmds/arch/updatedir
呼叫来自：d/hengshan/npc/lin.c 的 create() 第 30 行，物件： d/hengshan/npc/lin ("仪琳")
呼叫来自：feature/skill.c 的 set_skill() 第 22 行，物件： d/hengshan/npc/lin ("仪琳")
错误讯息被拦截: 
执行时段错误：*Error in loading object '/d/hengshan/npc/npc_setup'

程式：cmds/arch/updatedir.c 第 75 行
物件: cmds/arch/updatedir
呼叫来自：feature/command.c 的 command_hook() 第 57 行，物件： clone/user/user#218 ("小人物")
呼叫来自：cmds/arch/updatedir.c 的 main() 第 42 行，物件： cmds/arch/updatedir
呼叫来自：cmds/arch/updatedir.c 的 main() 第 40 行，物件： cmds/arch/updatedir
呼叫来自：cmds/arch/updatedir.c 的 updatefile() 第 75 行，物件： cmds/arch/updatedir
呼叫来自：cmds/arch/updatedir.c 的 CATCH() 第 75 行，物件： cmds/arch/updatedir
错误讯息被拦截: 
执行时段错误：*F_SKILL: No such skill (hengshan-jian)

程式：feature/skill.c 第 22 行
物件: d/hengshan/npc/qin ("秦绢")
呼叫来自：feature/command.c 的 command_hook() 第 57 行，物件： clone/user/user#218 ("小人物")
呼叫来自：cmds/arch/updatedir.c 的 main() 第 42 行，物件： cmds/arch/updatedir
呼叫来自：cmds/arch/updatedir.c 的 main() 第 40 行，物件： cmds/arch/updatedir
呼叫来自：cmds/arch/updatedir.c 的 updatefile() 第 75 行，物件： cmds/arch/updatedir
呼叫来自：cmds/arch/updatedir.c 的 CATCH() 第 75 行，物件： cmds/arch/updatedir
呼叫来自：d/hengshan/npc/qin.c 的 create() 第 30 行，物件： d/hengshan/npc/qin ("秦绢")
呼叫来自：feature/skill.c 的 set_skill() 第 22 行，物件： d/hengshan/npc/qin ("秦绢")
错误讯息被拦截: 
执行时段错误：*F_SKILL: No such skill (hengshan-jian)

程式：feature/skill.c 第 22 行
物件: d/hengshan/npc/qing ("仪清")
呼叫来自：feature/command.c 的 command_hook() 第 57 行，物件： clone/user/user#218 ("小人物")
呼叫来自：cmds/arch/updatedir.c 的 main() 第 42 行，物件： cmds/arch/updatedir
呼叫来自：cmds/arch/updatedir.c 的 main() 第 40 行，物件： cmds/arch/updatedir
呼叫来自：cmds/arch/updatedir.c 的 updatefile() 第 75 行，物件： cmds/arch/updatedir
呼叫来自：cmds/arch/updatedir.c 的 CATCH() 第 75 行，物件： cmds/arch/updatedir
呼叫来自：d/hengshan/npc/qing.c 的 create() 第 30 行，物件： d/hengshan/npc/qing ("仪清")
呼叫来自：feature/skill.c 的 set_skill() 第 22 行，物件： d/hengshan/npc/qing ("仪清")
错误讯息被拦截: 
执行时段错误：*F_SKILL: No such skill (hengshan-jian)

程式：feature/skill.c 第 22 行
物件: d/hengshan/npc/wen ("仪文")
呼叫来自：feature/command.c 的 command_hook() 第 57 行，物件： clone/user/user#218 ("小人物")
呼叫来自：cmds/arch/updatedir.c 的 main() 第 42 行，物件： cmds/arch/updatedir
呼叫来自：cmds/arch/updatedir.c 的 main() 第 40 行，物件： cmds/arch/updatedir
呼叫来自：cmds/arch/updatedir.c 的 updatefile() 第 75 行，物件： cmds/arch/updatedir
呼叫来自：cmds/arch/updatedir.c 的 CATCH() 第 75 行，物件： cmds/arch/updatedir
呼叫来自：d/hengshan/npc/wen.c 的 create() 第 30 行，物件： d/hengshan/npc/wen ("仪文")
呼叫来自：feature/skill.c 的 set_skill() 第 22 行，物件： d/hengshan/npc/wen ("仪文")
错误讯息被拦截: 
执行时段错误：*F_SKILL: No such skill (hengshan-jian)

程式：feature/skill.c 第 22 行
物件: d/hengshan/npc/xian ("定闲师太")
呼叫来自：feature/command.c 的 command_hook() 第 57 行，物件： clone/user/user#218 ("小人物")
呼叫来自：cmds/arch/updatedir.c 的 main() 第 42 行，物件： cmds/arch/updatedir
呼叫来自：cmds/arch/updatedir.c 的 main() 第 40 行，物件： cmds/arch/updatedir
呼叫来自：cmds/arch/updatedir.c 的 updatefile() 第 75 行，物件： cmds/arch/updatedir
呼叫来自：cmds/arch/updatedir.c 的 CATCH() 第 75 行，物件： cmds/arch/updatedir
呼叫来自：d/hengshan/npc/xian.c 的 create() 第 45 行，物件： d/hengshan/npc/xian ("定闲师太")
呼叫来自：feature/skill.c 的 set_skill() 第 22 行，物件： d/hengshan/npc/xian ("定闲师太")
错误讯息被拦截: 
执行时段错误：*F_SKILL: No such skill (hengshan-jian)

程式：feature/skill.c 第 22 行
物件: d/hengshan/npc/yi ("定逸师太")
呼叫来自：feature/command.c 的 command_hook() 第 57 行，物件： clone/user/user#218 ("小人物")
呼叫来自：cmds/arch/updatedir.c 的 main() 第 42 行，物件： cmds/arch/updatedir
呼叫来自：cmds/arch/updatedir.c 的 main() 第 40 行，物件： cmds/arch/updatedir
呼叫来自：cmds/arch/updatedir.c 的 updatefile() 第 75 行，物件： cmds/arch/updatedir
呼叫来自：cmds/arch/updatedir.c 的 CATCH() 第 75 行，物件： cmds/arch/updatedir
呼叫来自：d/hengshan/npc/yi.c 的 create() 第 30 行，物件： d/hengshan/npc/yi ("定逸师太")
呼叫来自：feature/skill.c 的 set_skill() 第 22 行，物件： d/hengshan/npc/yi ("定逸师太")
错误讯息被拦截: 
执行时段错误：*F_SKILL: No such skill (hengshan-jian)

程式：feature/skill.c 第 22 行
物件: d/hengshan/npc/zheng ("郑萼")
呼叫来自：feature/command.c 的 command_hook() 第 57 行，物件： clone/user/user#218 ("小人物")
呼叫来自：cmds/arch/updatedir.c 的 main() 第 42 行，物件： cmds/arch/updatedir
呼叫来自：cmds/arch/updatedir.c 的 main() 第 40 行，物件： cmds/arch/updatedir
呼叫来自：cmds/arch/updatedir.c 的 updatefile() 第 75 行，物件： cmds/arch/updatedir
呼叫来自：cmds/arch/updatedir.c 的 CATCH() 第 75 行，物件： cmds/arch/updatedir
呼叫来自：d/hengshan/npc/zheng.c 的 create() 第 30 行，物件： d/hengshan/npc/zheng ("郑萼")
呼叫来自：feature/skill.c 的 set_skill() 第 22 行，物件： d/hengshan/npc/zheng ("郑萼")
错误讯息被拦截: 
执行时段错误：*F_SKILL: No such skill (hengshan-jian)

程式：feature/skill.c 第 22 行
物件: d/hengshan/npc/zhi ("仪质")
呼叫来自：feature/command.c 的 command_hook() 第 57 行，物件： clone/user/user#218 ("小人物")
呼叫来自：cmds/arch/updatedir.c 的 main() 第 42 行，物件： cmds/arch/updatedir
呼叫来自：cmds/arch/updatedir.c 的 main() 第 40 行，物件： cmds/arch/updatedir
呼叫来自：cmds/arch/updatedir.c 的 updatefile() 第 75 行，物件： cmds/arch/updatedir
呼叫来自：cmds/arch/updatedir.c 的 CATCH() 第 75 行，物件： cmds/arch/updatedir
呼叫来自：d/hengshan/npc/zhi.c 的 create() 第 30 行，物件： d/hengshan/npc/zhi ("仪质")
呼叫来自：feature/skill.c 的 set_skill() 第 22 行，物件： d/hengshan/npc/zhi ("仪质")
错误讯息被拦截: 
执行时段错误：*F_SKILL: No such skill (hengshan-jian)

程式：feature/skill.c 第 22 行
物件: d/hengshan/npc/yi#1547 ("定逸师太")
呼叫来自：feature/command.c 的 command_hook() 第 57 行，物件： clone/user/user#218 ("小人物")
呼叫来自：cmds/arch/updatedir.c 的 main() 第 40 行，物件： cmds/arch/updatedir
呼叫来自：cmds/arch/updatedir.c 的 updatefile() 第 75 行，物件： cmds/arch/updatedir
呼叫来自：cmds/arch/updatedir.c 的 CATCH() 第 75 行，物件： cmds/arch/updatedir
呼叫来自：d/hengshan/square.c 的 create() 第 23 行，物件： d/hengshan/square
呼叫来自：inherit/room/room.c 的 setup() 第 280 行，物件： d/hengshan/square
呼叫来自：inherit/room/room.c 的 reset() 第 124 行，物件： d/hengshan/square
呼叫来自：inherit/room/room.c 的 make_inventory() 第 56 行，物件： d/hengshan/square
呼叫来自：d/hengshan/npc/yi.c 的 create() 第 30 行，物件： d/hengshan/npc/yi#1547 ("定逸师太")
呼叫来自：feature/skill.c 的 set_skill() 第 22 行，物件： d/hengshan/npc/yi#1547 ("定逸师太")
错误讯息被拦截: 
执行时段错误：*F_SKILL: No such skill (hengshan-jian)

程式：feature/skill.c 第 22 行
物件: d/hengshan/npc/jing#1549 ("定静师太")
呼叫来自：feature/command.c 的 command_hook() 第 57 行，物件： clone/user/user#218 ("小人物")
呼叫来自：cmds/arch/updatedir.c 的 main() 第 40 行，物件： cmds/arch/updatedir
呼叫来自：cmds/arch/updatedir.c 的 updatefile() 第 75 行，物件： cmds/arch/updatedir
呼叫来自：cmds/arch/updatedir.c 的 CATCH() 第 75 行，物件： cmds/arch/updatedir
呼叫来自：d/hengshan/wusean.c 的 create() 第 24 行，物件： d/hengshan/wusean
呼叫来自：inherit/room/room.c 的 setup() 第 280 行，物件： d/hengshan/wusean
呼叫来自：inherit/room/room.c 的 reset() 第 124 行，物件： d/hengshan/wusean
呼叫来自：inherit/room/room.c 的 make_inventory() 第 56 行，物件： d/hengshan/wusean
呼叫来自：d/hengshan/npc/jing.c 的 create() 第 39 行，物件： d/hengshan/npc/jing#1549 ("定静师太")
呼叫来自：feature/skill.c 的 set_skill() 第 22 行，物件： d/hengshan/npc/jing#1549 ("定静师太")
错误讯息被拦截: 
执行时段错误：*F_SKILL: No such skill (jiuyin-baiguzhao)

程式：feature/skill.c 第 22 行
物件: d/henshan/npc/yuanziyi ("袁紫衣")
呼叫来自：feature/command.c 的 command_hook() 第 57 行，物件： clone/user/user#218 ("小人物")
呼叫来自：cmds/arch/updatedir.c 的 main() 第 40 行，物件： cmds/arch/updatedir
呼叫来自：cmds/arch/updatedir.c 的 updatefile() 第 75 行，物件： cmds/arch/updatedir
呼叫来自：cmds/arch/updatedir.c 的 CATCH() 第 75 行，物件： cmds/arch/updatedir
呼叫来自：d/henshan/chating.c 的 create() 第 22 行，物件： d/henshan/chating
呼叫来自：inherit/room/room.c 的 setup() 第 280 行，物件： d/henshan/chating
呼叫来自：inherit/room/room.c 的 reset() 第 124 行，物件： d/henshan/chating
呼叫来自：inherit/room/room.c 的 make_inventory() 第 56 行，物件： d/henshan/chating
呼叫来自：d/henshan/npc/yuanziyi.c 的 create() 第 55 行，物件： d/henshan/npc/yuanziyi ("袁紫衣")
呼叫来自：feature/skill.c 的 set_skill() 第 22 行，物件： d/henshan/npc/yuanziyi ("袁紫衣")
错误讯息被拦截: 
执行时段错误：*F_SKILL: No such skill (hengshan-sword)

程式：feature/skill.c 第 22 行
物件: d/henshan/npc/lu ("鲁连荣")
呼叫来自：feature/command.c 的 command_hook() 第 57 行，物件： clone/user/user#218 ("小人物")
呼叫来自：cmds/arch/updatedir.c 的 main() 第 40 行，物件： cmds/arch/updatedir
呼叫来自：cmds/arch/updatedir.c 的 updatefile() 第 75 行，物件： cmds/arch/updatedir
呼叫来自：cmds/arch/updatedir.c 的 CATCH() 第 75 行，物件： cmds/arch/updatedir
呼叫来自：d/henshan/hengyang.c 的 create() 第 23 行，物件： d/henshan/hengyang
呼叫来自：inherit/room/room.c 的 setup() 第 280 行，物件： d/henshan/hengyang
呼叫来自：inherit/room/room.c 的 reset() 第 124 行，物件： d/henshan/hengyang
呼叫来自：inherit/room/room.c 的 make_inventory() 第 56 行，物件： d/henshan/hengyang
呼叫来自：d/henshan/npc/lu.c 的 create() 第 32 行，物件： d/henshan/npc/lu ("鲁连荣")
呼叫来自：feature/skill.c 的 set_skill() 第 22 行，物件： d/henshan/npc/lu ("鲁连荣")
错误讯息被拦截: 
执行时段错误：*F_SKILL: No such skill (hengshan-jian)

程式：feature/skill.c 第 22 行
物件: d/hengshan/npc/lin#1557 ("仪琳")
呼叫来自：feature/command.c 的 command_hook() 第 57 行，物件： clone/user/user#218 ("小人物")
呼叫来自：cmds/arch/updatedir.c 的 main() 第 40 行，物件： cmds/arch/updatedir
呼叫来自：cmds/arch/updatedir.c 的 updatefile() 第 75 行，物件： cmds/arch/updatedir
呼叫来自：cmds/arch/updatedir.c 的 CATCH() 第 75 行，物件： cmds/arch/updatedir
呼叫来自：d/henshan/huiyan.c 的 create() 第 23 行，物件： d/henshan/huiyan
呼叫来自：inherit/room/room.c 的 setup() 第 280 行，物件： d/henshan/huiyan
呼叫来自：inherit/room/room.c 的 reset() 第 124 行，物件： d/henshan/huiyan
呼叫来自：inherit/room/room.c 的 make_inventory() 第 56 行，物件： d/henshan/huiyan
呼叫来自：d/hengshan/npc/lin.c 的 create() 第 30 行，物件： d/hengshan/npc/lin#1557 ("仪琳")
呼叫来自：feature/skill.c 的 set_skill() 第 22 行，物件： d/hengshan/npc/lin#1557 ("仪琳")
错误讯息被拦截: 
执行时段错误：*F_SKILL: No such skill (hengshan-sword)

程式：feature/skill.c 第 22 行
物件: d/henshan/npc/liu ("刘正风")
呼叫来自：feature/command.c 的 command_hook() 第 57 行，物件： clone/user/user#218 ("小人物")
呼叫来自：cmds/arch/updatedir.c 的 main() 第 40 行，物件： cmds/arch/updatedir
呼叫来自：cmds/arch/updatedir.c 的 updatefile() 第 75 行，物件： cmds/arch/updatedir
呼叫来自：cmds/arch/updatedir.c 的 CATCH() 第 75 行，物件： cmds/arch/updatedir
呼叫来自：d/henshan/liufudating.c 的 create() 第 27 行，物件： d/henshan/liufudating
呼叫来自：inherit/room/room.c 的 setup() 第 280 行，物件： d/henshan/liufudating
呼叫来自：inherit/room/room.c 的 reset() 第 124 行，物件： d/henshan/liufudating
呼叫来自：inherit/room/room.c 的 make_inventory() 第 56 行，物件： d/henshan/liufudating
呼叫来自：d/henshan/npc/liu.c 的 create() 第 34 行，物件： d/henshan/npc/liu ("刘正风")
呼叫来自：feature/skill.c 的 set_skill() 第 22 行，物件： d/henshan/npc/liu ("刘正风")
错误讯息被拦截: 
执行时段错误：*F_SKILL: No such skill (hengshan-sword)

程式：feature/skill.c 第 22 行
物件: d/henshan/npc/mi ("米为义")
呼叫来自：feature/command.c 的 command_hook() 第 57 行，物件： clone/user/user#218 ("小人物")
呼叫来自：cmds/arch/updatedir.c 的 main() 第 40 行，物件： cmds/arch/updatedir
呼叫来自：cmds/arch/updatedir.c 的 updatefile() 第 75 行，物件： cmds/arch/updatedir
呼叫来自：cmds/arch/updatedir.c 的 CATCH() 第 75 行，物件： cmds/arch/updatedir
呼叫来自：d/henshan/liufugate.c 的 create() 第 28 行，物件： d/henshan/liufugate
呼叫来自：inherit/room/room.c 的 setup() 第 280 行，物件： d/henshan/liufugate
呼叫来自：inherit/room/room.c 的 reset() 第 124 行，物件： d/henshan/liufugate
呼叫来自：inherit/room/room.c 的 make_inventory() 第 56 行，物件： d/henshan/liufugate
呼叫来自：d/henshan/npc/mi.c 的 create() 第 31 行，物件： d/henshan/npc/mi ("米为义")
呼叫来自：feature/skill.c 的 set_skill() 第 22 行，物件： d/henshan/npc/mi ("米为义")
错误讯息被拦截: 
执行时段错误：*F_SKILL: No such skill (hengshan-sword)

程式：feature/skill.c 第 22 行
物件: d/henshan/npc/liuqin ("刘芹")
呼叫来自：feature/command.c 的 command_hook() 第 57 行，物件： clone/user/user#218 ("小人物")
呼叫来自：cmds/arch/updatedir.c 的 main() 第 40 行，物件： cmds/arch/updatedir
呼叫来自：cmds/arch/updatedir.c 的 updatefile() 第 75 行，物件： cmds/arch/updatedir
呼叫来自：cmds/arch/updatedir.c 的 CATCH() 第 75 行，物件： cmds/arch/updatedir
呼叫来自：d/henshan/liufuwest.c 的 create() 第 23 行，物件： d/henshan/liufuwest
呼叫来自：inherit/room/room.c 的 setup() 第 280 行，物件： d/henshan/liufuwest
呼叫来自：inherit/room/room.c 的 reset() 第 124 行，物件： d/henshan/liufuwest
呼叫来自：inherit/room/room.c 的 make_inventory() 第 56 行，物件： d/henshan/liufuwest
呼叫来自：d/henshan/npc/liuqin.c 的 create() 第 32 行，物件： d/henshan/npc/liuqin ("刘芹")
呼叫来自：feature/skill.c 的 set_skill() 第 22 行，物件： d/henshan/npc/liuqin ("刘芹")
错误讯息被拦截: 
执行时段错误：*F_SKILL: No such skill (hengshan-sword)

程式：feature/skill.c 第 22 行
物件: d/henshan/npc/liu ("刘正风")
呼叫来自：feature/command.c 的 command_hook() 第 57 行，物件： clone/user/user#218 ("小人物")
呼叫来自：cmds/arch/updatedir.c 的 main() 第 42 行，物件： cmds/arch/updatedir
呼叫来自：cmds/arch/updatedir.c 的 main() 第 40 行，物件： cmds/arch/updatedir
呼叫来自：cmds/arch/updatedir.c 的 updatefile() 第 75 行，物件： cmds/arch/updatedir
呼叫来自：cmds/arch/updatedir.c 的 CATCH() 第 75 行，物件： cmds/arch/updatedir
呼叫来自：d/henshan/npc/liu.c 的 create() 第 34 行，物件： d/henshan/npc/liu ("刘正风")
呼叫来自：feature/skill.c 的 set_skill() 第 22 行，物件： d/henshan/npc/liu ("刘正风")
错误讯息被拦截: 
执行时段错误：*F_SKILL: No such skill (hengshan-sword)

程式：feature/skill.c 第 22 行
物件: d/henshan/npc/liujing ("刘菁")
呼叫来自：feature/command.c 的 command_hook() 第 57 行，物件： clone/user/user#218 ("小人物")
呼叫来自：cmds/arch/updatedir.c 的 main() 第 42 行，物件： cmds/arch/updatedir
呼叫来自：cmds/arch/updatedir.c 的 main() 第 40 行，物件： cmds/arch/updatedir
呼叫来自：cmds/arch/updatedir.c 的 updatefile() 第 75 行，物件： cmds/arch/updatedir
呼叫来自：cmds/arch/updatedir.c 的 CATCH() 第 75 行，物件： cmds/arch/updatedir
呼叫来自：d/henshan/npc/liujing.c 的 create() 第 32 行，物件： d/henshan/npc/liujing ("刘菁")
呼叫来自：feature/skill.c 的 set_skill() 第 22 行，物件： d/henshan/npc/liujing ("刘菁")
错误讯息被拦截: 
执行时段错误：*F_SKILL: No such skill (hengshan-sword)

程式：feature/skill.c 第 22 行
物件: d/henshan/npc/liuqin ("刘芹")
呼叫来自：feature/command.c 的 command_hook() 第 57 行，物件： clone/user/user#218 ("小人物")
呼叫来自：cmds/arch/updatedir.c 的 main() 第 42 行，物件： cmds/arch/updatedir
呼叫来自：cmds/arch/updatedir.c 的 main() 第 40 行，物件： cmds/arch/updatedir
呼叫来自：cmds/arch/updatedir.c 的 updatefile() 第 75 行，物件： cmds/arch/updatedir
呼叫来自：cmds/arch/updatedir.c 的 CATCH() 第 75 行，物件： cmds/arch/updatedir
呼叫来自：d/henshan/npc/liuqin.c 的 create() 第 32 行，物件： d/henshan/npc/liuqin ("刘芹")
呼叫来自：feature/skill.c 的 set_skill() 第 22 行，物件： d/henshan/npc/liuqin ("刘芹")
错误讯息被拦截: 
执行时段错误：*F_SKILL: No such skill (hengshan-sword)

程式：feature/skill.c 第 22 行
物件: d/henshan/npc/lu ("鲁连荣")
呼叫来自：feature/command.c 的 command_hook() 第 57 行，物件： clone/user/user#218 ("小人物")
呼叫来自：cmds/arch/updatedir.c 的 main() 第 42 行，物件： cmds/arch/updatedir
呼叫来自：cmds/arch/updatedir.c 的 main() 第 40 行，物件： cmds/arch/updatedir
呼叫来自：cmds/arch/updatedir.c 的 updatefile() 第 75 行，物件： cmds/arch/updatedir
呼叫来自：cmds/arch/updatedir.c 的 CATCH() 第 75 行，物件： cmds/arch/updatedir
呼叫来自：d/henshan/npc/lu.c 的 create() 第 32 行，物件： d/henshan/npc/lu ("鲁连荣")
呼叫来自：feature/skill.c 的 set_skill() 第 22 行，物件： d/henshan/npc/lu ("鲁连荣")
错误讯息被拦截: 
执行时段错误：*F_SKILL: No such skill (hengshan-sword)

程式：feature/skill.c 第 22 行
物件: d/henshan/npc/mi ("米为义")
呼叫来自：feature/command.c 的 command_hook() 第 57 行，物件： clone/user/user#218 ("小人物")
呼叫来自：cmds/arch/updatedir.c 的 main() 第 42 行，物件： cmds/arch/updatedir
呼叫来自：cmds/arch/updatedir.c 的 main() 第 40 行，物件： cmds/arch/updatedir
呼叫来自：cmds/arch/updatedir.c 的 updatefile() 第 75 行，物件： cmds/arch/updatedir
呼叫来自：cmds/arch/updatedir.c 的 CATCH() 第 75 行，物件： cmds/arch/updatedir
呼叫来自：d/henshan/npc/mi.c 的 create() 第 31 行，物件： d/henshan/npc/mi ("米为义")
呼叫来自：feature/skill.c 的 set_skill() 第 22 行，物件： d/henshan/npc/mi ("米为义")
错误讯息被拦截: 
执行时段错误：*F_SKILL: No such skill (hengshan-sword)

程式：feature/skill.c 第 22 行
物件: d/henshan/npc/moda ("莫大")
呼叫来自：feature/command.c 的 command_hook() 第 57 行，物件： clone/user/user#218 ("小人物")
呼叫来自：cmds/arch/updatedir.c 的 main() 第 42 行，物件： cmds/arch/updatedir
呼叫来自：cmds/arch/updatedir.c 的 main() 第 40 行，物件： cmds/arch/updatedir
呼叫来自：cmds/arch/updatedir.c 的 updatefile() 第 75 行，物件： cmds/arch/updatedir
呼叫来自：cmds/arch/updatedir.c 的 CATCH() 第 75 行，物件： cmds/arch/updatedir
呼叫来自：d/henshan/npc/moda.c 的 create() 第 33 行，物件： d/henshan/npc/moda ("莫大")
呼叫来自：feature/skill.c 的 set_skill() 第 22 行，物件： d/henshan/npc/moda ("莫大")
错误讯息被拦截: 
执行时段错误：*F_SKILL: No such skill (lingxu-bu)

程式：feature/skill.c 第 22 行
物件: d/henshan/npc/tian ("田伯光")
呼叫来自：feature/command.c 的 command_hook() 第 57 行，物件： clone/user/user#218 ("小人物")
呼叫来自：cmds/arch/updatedir.c 的 main() 第 42 行，物件： cmds/arch/updatedir
呼叫来自：cmds/arch/updatedir.c 的 main() 第 40 行，物件： cmds/arch/updatedir
呼叫来自：cmds/arch/updatedir.c 的 updatefile() 第 75 行，物件： cmds/arch/updatedir
呼叫来自：cmds/arch/updatedir.c 的 CATCH() 第 75 行，物件： cmds/arch/updatedir
呼叫来自：d/henshan/npc/tian.c 的 create() 第 38 行，物件： d/henshan/npc/tian ("田伯光")
呼叫来自：feature/skill.c 的 set_skill() 第 22 行，物件： d/henshan/npc/tian ("田伯光")
错误讯息被拦截: 
执行时段错误：*F_SKILL: No such skill (hengshan-sword)

程式：feature/skill.c 第 22 行
物件: d/henshan/npc/xiang ("向大年")
呼叫来自：feature/command.c 的 command_hook() 第 57 行，物件： clone/user/user#218 ("小人物")
呼叫来自：cmds/arch/updatedir.c 的 main() 第 42 行，物件： cmds/arch/updatedir
呼叫来自：cmds/arch/updatedir.c 的 main() 第 40 行，物件： cmds/arch/updatedir
呼叫来自：cmds/arch/updatedir.c 的 updatefile() 第 75 行，物件： cmds/arch/updatedir
呼叫来自：cmds/arch/updatedir.c 的 CATCH() 第 75 行，物件： cmds/arch/updatedir
呼叫来自：d/henshan/npc/xiang.c 的 create() 第 31 行，物件： d/henshan/npc/xiang ("向大年")
呼叫来自：feature/skill.c 的 set_skill() 第 22 行，物件： d/henshan/npc/xiang ("向大年")
错误讯息被拦截: 
执行时段错误：*Bad argument 1 to call_other()
Expected: string or array or object Got: 0.

程式：d/henshan/npc/yilin.c 第 31 行
物件: d/henshan/npc/yilin ("仪琳")
呼叫来自：feature/command.c 的 command_hook() 第 57 行，物件： clone/user/user#218 ("小人物")
呼叫来自：cmds/arch/updatedir.c 的 main() 第 42 行，物件： cmds/arch/updatedir
呼叫来自：cmds/arch/updatedir.c 的 main() 第 40 行，物件： cmds/arch/updatedir
呼叫来自：cmds/arch/updatedir.c 的 updatefile() 第 75 行，物件： cmds/arch/updatedir
呼叫来自：cmds/arch/updatedir.c 的 CATCH() 第 75 行，物件： cmds/arch/updatedir
呼叫来自：d/henshan/npc/yilin.c 的 create() 第 31 行，物件： d/henshan/npc/yilin ("仪琳")
错误讯息被拦截: 
执行时段错误：*F_SKILL: No such skill (jiuyin-baiguzhao)

程式：feature/skill.c 第 22 行
物件: d/henshan/npc/yuanziyi ("袁紫衣")
呼叫来自：feature/command.c 的 command_hook() 第 57 行，物件： clone/user/user#218 ("小人物")
呼叫来自：cmds/arch/updatedir.c 的 main() 第 42 行，物件： cmds/arch/updatedir
呼叫来自：cmds/arch/updatedir.c 的 main() 第 40 行，物件： cmds/arch/updatedir
呼叫来自：cmds/arch/updatedir.c 的 updatefile() 第 75 行，物件： cmds/arch/updatedir
呼叫来自：cmds/arch/updatedir.c 的 CATCH() 第 75 行，物件： cmds/arch/updatedir
呼叫来自：d/henshan/npc/yuanziyi.c 的 create() 第 55 行，物件： d/henshan/npc/yuanziyi ("袁紫衣")
呼叫来自：feature/skill.c 的 set_skill() 第 22 行，物件： d/henshan/npc/yuanziyi ("袁紫衣")
错误讯息被拦截: 
执行时段错误：*F_SKILL: No such skill (hengshan-sword)

程式：feature/skill.c 第 22 行
物件: d/henshan/npc/moda#1601 ("莫大")
呼叫来自：feature/command.c 的 command_hook() 第 57 行，物件： clone/user/user#218 ("小人物")
呼叫来自：cmds/arch/updatedir.c 的 main() 第 40 行，物件： cmds/arch/updatedir
呼叫来自：cmds/arch/updatedir.c 的 updatefile() 第 75 行，物件： cmds/arch/updatedir
呼叫来自：cmds/arch/updatedir.c 的 CATCH() 第 75 行，物件： cmds/arch/updatedir
呼叫来自：d/henshan/zhurongdian.c 的 create() 第 21 行，物件： d/henshan/zhurongdian
呼叫来自：inherit/room/room.c 的 setup() 第 280 行，物件： d/henshan/zhurongdian
呼叫来自：inherit/room/room.c 的 reset() 第 124 行，物件： d/henshan/zhurongdian
呼叫来自：inherit/room/room.c 的 make_inventory() 第 56 行，物件： d/henshan/zhurongdian
呼叫来自：d/henshan/npc/moda.c 的 create() 第 33 行，物件： d/henshan/npc/moda#1601 ("莫大")
呼叫来自：feature/skill.c 的 set_skill() 第 22 行，物件： d/henshan/npc/moda#1601 ("莫大")
错误讯息被拦截: 
执行时段错误：*F_SKILL: No such skill (jiuyin-baiguzhao)

程式：feature/skill.c 第 22 行
物件: d/henshan/npc/yuanziyi#1636 ("袁紫衣")
呼叫来自：feature/command.c 的 command_hook() 第 57 行，物件： clone/user/user#218 ("小人物")
呼叫来自：cmds/arch/updatedir.c 的 main() 第 40 行，物件： cmds/arch/updatedir
呼叫来自：cmds/arch/updatedir.c 的 updatefile() 第 75 行，物件： cmds/arch/updatedir
呼叫来自：cmds/arch/updatedir.c 的 CATCH() 第 75 行，物件： cmds/arch/updatedir
呼叫来自：d/henshan/chating.c 的 create() 第 22 行，物件： d/henshan/chating
呼叫来自：inherit/room/room.c 的 setup() 第 280 行，物件： d/henshan/chating
呼叫来自：inherit/room/room.c 的 reset() 第 124 行，物件： d/henshan/chating
呼叫来自：inherit/room/room.c 的 make_inventory() 第 56 行，物件： d/henshan/chating
呼叫来自：d/henshan/npc/yuanziyi.c 的 create() 第 55 行，物件： d/henshan/npc/yuanziyi#1636 ("袁紫衣")
呼叫来自：feature/skill.c 的 set_skill() 第 22 行，物件： d/henshan/npc/yuanziyi#1636 ("袁紫衣")
错误讯息被拦截: 
执行时段错误：*Bad argument 1 to call_other()
Expected: string or array or object Got: 0.

程式：d/henshan/npc/lu.c 第 43 行
物件: d/henshan/npc/lu#1638 ("鲁连荣")
呼叫来自：feature/command.c 的 command_hook() 第 57 行，物件： clone/user/user#218 ("小人物")
呼叫来自：cmds/arch/updatedir.c 的 main() 第 40 行，物件： cmds/arch/updatedir
呼叫来自：cmds/arch/updatedir.c 的 updatefile() 第 75 行，物件： cmds/arch/updatedir
呼叫来自：cmds/arch/updatedir.c 的 CATCH() 第 75 行，物件： cmds/arch/updatedir
呼叫来自：d/henshan/hengyang.c 的 create() 第 23 行，物件： d/henshan/hengyang
呼叫来自：inherit/room/room.c 的 setup() 第 280 行，物件： d/henshan/hengyang
呼叫来自：inherit/room/room.c 的 reset() 第 124 行，物件： d/henshan/hengyang
呼叫来自：inherit/room/room.c 的 make_inventory() 第 56 行，物件： d/henshan/hengyang
呼叫来自：d/henshan/npc/lu.c 的 create() 第 43 行，物件： d/henshan/npc/lu#1638 ("鲁连荣")
错误讯息被拦截: 
执行时段错误：*F_SKILL: No such skill (kuangfeng-blade)

程式：feature/skill.c 第 22 行
物件: d/henshan/npc/tian#1645 ("田伯光")
呼叫来自：feature/command.c 的 command_hook() 第 57 行，物件： clone/user/user#218 ("小人物")
呼叫来自：cmds/arch/updatedir.c 的 main() 第 40 行，物件： cmds/arch/updatedir
呼叫来自：cmds/arch/updatedir.c 的 updatefile() 第 75 行，物件： cmds/arch/updatedir
呼叫来自：cmds/arch/updatedir.c 的 CATCH() 第 75 行，物件： cmds/arch/updatedir
呼叫来自：d/henshan/huiyan.c 的 create() 第 23 行，物件： d/henshan/huiyan
呼叫来自：inherit/room/room.c 的 setup() 第 280 行，物件： d/henshan/huiyan
呼叫来自：inherit/room/room.c 的 reset() 第 124 行，物件： d/henshan/huiyan
呼叫来自：inherit/room/room.c 的 make_inventory() 第 56 行，物件： d/henshan/huiyan
呼叫来自：d/henshan/npc/tian.c 的 create() 第 39 行，物件： d/henshan/npc/tian#1645 ("田伯光")
呼叫来自：feature/skill.c 的 set_skill() 第 22 行，物件： d/henshan/npc/tian#1645 ("田伯光")
错误讯息被拦截: 
执行时段错误：*Bad argument 1 to call_other()
Expected: string or array or object Got: 0.

程式：d/henshan/npc/mi.c 第 42 行
物件: d/henshan/npc/mi#1685 ("米为义")
呼叫来自：feature/command.c 的 command_hook() 第 57 行，物件： clone/user/user#218 ("小人物")
呼叫来自：cmds/arch/updatedir.c 的 main() 第 40 行，物件： cmds/arch/updatedir
呼叫来自：cmds/arch/updatedir.c 的 updatefile() 第 75 行，物件： cmds/arch/updatedir
呼叫来自：cmds/arch/updatedir.c 的 CATCH() 第 75 行，物件： cmds/arch/updatedir
呼叫来自：d/henshan/liufugate.c 的 create() 第 28 行，物件： d/henshan/liufugate
呼叫来自：inherit/room/room.c 的 setup() 第 280 行，物件： d/henshan/liufugate
呼叫来自：inherit/room/room.c 的 reset() 第 124 行，物件： d/henshan/liufugate
呼叫来自：inherit/room/room.c 的 make_inventory() 第 56 行，物件： d/henshan/liufugate
呼叫来自：d/henshan/npc/mi.c 的 create() 第 42 行，物件： d/henshan/npc/mi#1685 ("米为义")
错误讯息被拦截: 
执行时段错误：*Bad argument 1 to call_other()
Expected: string or array or object Got: 0.

程式：d/henshan/npc/liuqin.c 第 43 行
物件: d/henshan/npc/liuqin#1688 ("刘芹")
呼叫来自：feature/command.c 的 command_hook() 第 57 行，物件： clone/user/user#218 ("小人物")
呼叫来自：cmds/arch/updatedir.c 的 main() 第 40 行，物件： cmds/arch/updatedir
呼叫来自：cmds/arch/updatedir.c 的 updatefile() 第 75 行，物件： cmds/arch/updatedir
呼叫来自：cmds/arch/updatedir.c 的 CATCH() 第 75 行，物件： cmds/arch/updatedir
呼叫来自：d/henshan/liufuwest.c 的 create() 第 23 行，物件： d/henshan/liufuwest
呼叫来自：inherit/room/room.c 的 setup() 第 280 行，物件： d/henshan/liufuwest
呼叫来自：inherit/room/room.c 的 reset() 第 124 行，物件： d/henshan/liufuwest
呼叫来自：inherit/room/room.c 的 make_inventory() 第 56 行，物件： d/henshan/liufuwest
呼叫来自：d/henshan/npc/liuqin.c 的 create() 第 43 行，物件： d/henshan/npc/liuqin#1688 ("刘芹")
错误讯息被拦截: 
执行时段错误：*Bad argument 1 to call_other()
Expected: string or array or object Got: 0.

程式：d/henshan/npc/liujing.c 第 43 行
物件: d/henshan/npc/liujing ("刘菁")
呼叫来自：feature/command.c 的 command_hook() 第 57 行，物件： clone/user/user#218 ("小人物")
呼叫来自：cmds/arch/updatedir.c 的 main() 第 42 行，物件： cmds/arch/updatedir
呼叫来自：cmds/arch/updatedir.c 的 main() 第 40 行，物件： cmds/arch/updatedir
呼叫来自：cmds/arch/updatedir.c 的 updatefile() 第 75 行，物件： cmds/arch/updatedir
呼叫来自：cmds/arch/updatedir.c 的 CATCH() 第 75 行，物件： cmds/arch/updatedir
呼叫来自：d/henshan/npc/liujing.c 的 create() 第 43 行，物件： d/henshan/npc/liujing ("刘菁")
错误讯息被拦截: 
执行时段错误：*Bad argument 1 to call_other()
Expected: string or array or object Got: 0.

程式：d/henshan/npc/liuqin.c 第 43 行
物件: d/henshan/npc/liuqin ("刘芹")
呼叫来自：feature/command.c 的 command_hook() 第 57 行，物件： clone/user/user#218 ("小人物")
呼叫来自：cmds/arch/updatedir.c 的 main() 第 42 行，物件： cmds/arch/updatedir
呼叫来自：cmds/arch/updatedir.c 的 main() 第 40 行，物件： cmds/arch/updatedir
呼叫来自：cmds/arch/updatedir.c 的 updatefile() 第 75 行，物件： cmds/arch/updatedir
呼叫来自：cmds/arch/updatedir.c 的 CATCH() 第 75 行，物件： cmds/arch/updatedir
呼叫来自：d/henshan/npc/liuqin.c 的 create() 第 43 行，物件： d/henshan/npc/liuqin ("刘芹")
错误讯息被拦截: 
执行时段错误：*Bad argument 1 to call_other()
Expected: string or array or object Got: 0.

程式：d/henshan/npc/lu.c 第 43 行
物件: d/henshan/npc/lu ("鲁连荣")
呼叫来自：feature/command.c 的 command_hook() 第 57 行，物件： clone/user/user#218 ("小人物")
呼叫来自：cmds/arch/updatedir.c 的 main() 第 42 行，物件： cmds/arch/updatedir
呼叫来自：cmds/arch/updatedir.c 的 main() 第 40 行，物件： cmds/arch/updatedir
呼叫来自：cmds/arch/updatedir.c 的 updatefile() 第 75 行，物件： cmds/arch/updatedir
呼叫来自：cmds/arch/updatedir.c 的 CATCH() 第 75 行，物件： cmds/arch/updatedir
呼叫来自：d/henshan/npc/lu.c 的 create() 第 43 行，物件： d/henshan/npc/lu ("鲁连荣")
错误讯息被拦截: 
执行时段错误：*Bad argument 1 to call_other()
Expected: string or array or object Got: 0.

程式：d/henshan/npc/mi.c 第 42 行
物件: d/henshan/npc/mi ("米为义")
呼叫来自：feature/command.c 的 command_hook() 第 57 行，物件： clone/user/user#218 ("小人物")
呼叫来自：cmds/arch/updatedir.c 的 main() 第 42 行，物件： cmds/arch/updatedir
呼叫来自：cmds/arch/updatedir.c 的 main() 第 40 行，物件： cmds/arch/updatedir
呼叫来自：cmds/arch/updatedir.c 的 updatefile() 第 75 行，物件： cmds/arch/updatedir
呼叫来自：cmds/arch/updatedir.c 的 CATCH() 第 75 行，物件： cmds/arch/updatedir
呼叫来自：d/henshan/npc/mi.c 的 create() 第 42 行，物件： d/henshan/npc/mi ("米为义")
错误讯息被拦截: 
执行时段错误：*Bad argument 1 to call_other()
Expected: string or array or object Got: 0.

程式：d/henshan/npc/moda.c 第 44 行
物件: d/henshan/npc/moda ("莫大")
呼叫来自：feature/command.c 的 command_hook() 第 57 行，物件： clone/user/user#218 ("小人物")
呼叫来自：cmds/arch/updatedir.c 的 main() 第 42 行，物件： cmds/arch/updatedir
呼叫来自：cmds/arch/updatedir.c 的 main() 第 40 行，物件： cmds/arch/updatedir
呼叫来自：cmds/arch/updatedir.c 的 updatefile() 第 75 行，物件： cmds/arch/updatedir
呼叫来自：cmds/arch/updatedir.c 的 CATCH() 第 75 行，物件： cmds/arch/updatedir
呼叫来自：d/henshan/npc/moda.c 的 create() 第 44 行，物件： d/henshan/npc/moda ("莫大")
错误讯息被拦截: 
执行时段错误：*F_SKILL: No such skill (kuangfeng-blade)

程式：feature/skill.c 第 22 行
物件: d/henshan/npc/tian ("田伯光")
呼叫来自：feature/command.c 的 command_hook() 第 57 行，物件： clone/user/user#218 ("小人物")
呼叫来自：cmds/arch/updatedir.c 的 main() 第 42 行，物件： cmds/arch/updatedir
呼叫来自：cmds/arch/updatedir.c 的 main() 第 40 行，物件： cmds/arch/updatedir
呼叫来自：cmds/arch/updatedir.c 的 updatefile() 第 75 行，物件： cmds/arch/updatedir
呼叫来自：cmds/arch/updatedir.c 的 CATCH() 第 75 行，物件： cmds/arch/updatedir
呼叫来自：d/henshan/npc/tian.c 的 create() 第 39 行，物件： d/henshan/npc/tian ("田伯光")
呼叫来自：feature/skill.c 的 set_skill() 第 22 行，物件： d/henshan/npc/tian ("田伯光")
错误讯息被拦截: 
执行时段错误：*Bad argument 1 to call_other()
Expected: string or array or object Got: 0.

程式：d/henshan/npc/xiang.c 第 42 行
物件: d/henshan/npc/xiang ("向大年")
呼叫来自：feature/command.c 的 command_hook() 第 57 行，物件： clone/user/user#218 ("小人物")
呼叫来自：cmds/arch/updatedir.c 的 main() 第 42 行，物件： cmds/arch/updatedir
呼叫来自：cmds/arch/updatedir.c 的 main() 第 40 行，物件： cmds/arch/updatedir
呼叫来自：cmds/arch/updatedir.c 的 updatefile() 第 75 行，物件： cmds/arch/updatedir
呼叫来自：cmds/arch/updatedir.c 的 CATCH() 第 75 行，物件： cmds/arch/updatedir
呼叫来自：d/henshan/npc/xiang.c 的 create() 第 42 行，物件： d/henshan/npc/xiang ("向大年")
错误讯息被拦截: 
执行时段错误：*Bad argument 1 to call_other()
Expected: string or array or object Got: 0.

程式：d/henshan/npc/yilin.c 第 31 行
物件: d/henshan/npc/yilin ("仪琳")
呼叫来自：feature/command.c 的 command_hook() 第 57 行，物件： clone/user/user#218 ("小人物")
呼叫来自：cmds/arch/updatedir.c 的 main() 第 42 行，物件： cmds/arch/updatedir
呼叫来自：cmds/arch/updatedir.c 的 main() 第 40 行，物件： cmds/arch/updatedir
呼叫来自：cmds/arch/updatedir.c 的 updatefile() 第 75 行，物件： cmds/arch/updatedir
呼叫来自：cmds/arch/updatedir.c 的 CATCH() 第 75 行，物件： cmds/arch/updatedir
呼叫来自：d/henshan/npc/yilin.c 的 create() 第 31 行，物件： d/henshan/npc/yilin ("仪琳")
错误讯息被拦截: 
执行时段错误：*F_SKILL: No such skill (jiuyin-baiguzhao)

程式：feature/skill.c 第 22 行
物件: d/henshan/npc/yuanziyi ("袁紫衣")
呼叫来自：feature/command.c 的 command_hook() 第 57 行，物件： clone/user/user#218 ("小人物")
呼叫来自：cmds/arch/updatedir.c 的 main() 第 42 行，物件： cmds/arch/updatedir
呼叫来自：cmds/arch/updatedir.c 的 main() 第 40 行，物件： cmds/arch/updatedir
呼叫来自：cmds/arch/updatedir.c 的 updatefile() 第 75 行，物件： cmds/arch/updatedir
呼叫来自：cmds/arch/updatedir.c 的 CATCH() 第 75 行，物件： cmds/arch/updatedir
呼叫来自：d/henshan/npc/yuanziyi.c 的 create() 第 55 行，物件： d/henshan/npc/yuanziyi ("袁紫衣")
呼叫来自：feature/skill.c 的 set_skill() 第 22 行，物件： d/henshan/npc/yuanziyi ("袁紫衣")
错误讯息被拦截: 
执行时段错误：*Bad argument 1 to call_other()
Expected: string or array or object Got: 0.

程式：d/henshan/npc/moda.c 第 44 行
物件: d/henshan/npc/moda#1719 ("莫大")
呼叫来自：feature/command.c 的 command_hook() 第 57 行，物件： clone/user/user#218 ("小人物")
呼叫来自：cmds/arch/updatedir.c 的 main() 第 40 行，物件： cmds/arch/updatedir
呼叫来自：cmds/arch/updatedir.c 的 updatefile() 第 75 行，物件： cmds/arch/updatedir
呼叫来自：cmds/arch/updatedir.c 的 CATCH() 第 75 行，物件： cmds/arch/updatedir
呼叫来自：d/henshan/zhurongdian.c 的 create() 第 21 行，物件： d/henshan/zhurongdian
呼叫来自：inherit/room/room.c 的 setup() 第 280 行，物件： d/henshan/zhurongdian
呼叫来自：inherit/room/room.c 的 reset() 第 124 行，物件： d/henshan/zhurongdian
呼叫来自：inherit/room/room.c 的 make_inventory() 第 56 行，物件： d/henshan/zhurongdian
呼叫来自：d/henshan/npc/moda.c 的 create() 第 44 行，物件： d/henshan/npc/moda#1719 ("莫大")
错误讯息被拦截: 
执行时段错误：*F_SKILL: No such skill (jiuyin-baiguzhao)

程式：feature/skill.c 第 22 行
物件: d/henshan/npc/yuanziyi#1724 ("袁紫衣")
呼叫来自：feature/command.c 的 command_hook() 第 57 行，物件： clone/user/user#218 ("小人物")
呼叫来自：cmds/arch/updatedir.c 的 main() 第 40 行，物件： cmds/arch/updatedir
呼叫来自：cmds/arch/updatedir.c 的 updatefile() 第 75 行，物件： cmds/arch/updatedir
呼叫来自：cmds/arch/updatedir.c 的 CATCH() 第 75 行，物件： cmds/arch/updatedir
呼叫来自：d/henshan/chating.c 的 create() 第 22 行，物件： d/henshan/chating
呼叫来自：inherit/room/room.c 的 setup() 第 280 行，物件： d/henshan/chating
呼叫来自：inherit/room/room.c 的 reset() 第 124 行，物件： d/henshan/chating
呼叫来自：inherit/room/room.c 的 make_inventory() 第 56 行，物件： d/henshan/chating
呼叫来自：d/henshan/npc/yuanziyi.c 的 create() 第 55 行，物件： d/henshan/npc/yuanziyi#1724 ("袁紫衣")
呼叫来自：feature/skill.c 的 set_skill() 第 22 行，物件： d/henshan/npc/yuanziyi#1724 ("袁紫衣")
错误讯息被拦截: 
执行时段错误：*Bad argument 1 to call_other()
Expected: string or array or object Got: 0.

程式：d/henshan/npc/lu.c 第 43 行
物件: d/henshan/npc/lu#1726 ("鲁连荣")
呼叫来自：feature/command.c 的 command_hook() 第 57 行，物件： clone/user/user#218 ("小人物")
呼叫来自：cmds/arch/updatedir.c 的 main() 第 40 行，物件： cmds/arch/updatedir
呼叫来自：cmds/arch/updatedir.c 的 updatefile() 第 75 行，物件： cmds/arch/updatedir
呼叫来自：cmds/arch/updatedir.c 的 CATCH() 第 75 行，物件： cmds/arch/updatedir
呼叫来自：d/henshan/hengyang.c 的 create() 第 23 行，物件： d/henshan/hengyang
呼叫来自：inherit/room/room.c 的 setup() 第 280 行，物件： d/henshan/hengyang
呼叫来自：inherit/room/room.c 的 reset() 第 124 行，物件： d/henshan/hengyang
呼叫来自：inherit/room/room.c 的 make_inventory() 第 56 行，物件： d/henshan/hengyang
呼叫来自：d/henshan/npc/lu.c 的 create() 第 43 行，物件： d/henshan/npc/lu#1726 ("鲁连荣")
错误讯息被拦截: 
执行时段错误：*F_SKILL: No such skill (kuangfeng-blade)

程式：feature/skill.c 第 22 行
物件: d/henshan/npc/tian#1733 ("田伯光")
呼叫来自：feature/command.c 的 command_hook() 第 57 行，物件： clone/user/user#218 ("小人物")
呼叫来自：cmds/arch/updatedir.c 的 main() 第 40 行，物件： cmds/arch/updatedir
呼叫来自：cmds/arch/updatedir.c 的 updatefile() 第 75 行，物件： cmds/arch/updatedir
呼叫来自：cmds/arch/updatedir.c 的 CATCH() 第 75 行，物件： cmds/arch/updatedir
呼叫来自：d/henshan/huiyan.c 的 create() 第 23 行，物件： d/henshan/huiyan
呼叫来自：inherit/room/room.c 的 setup() 第 280 行，物件： d/henshan/huiyan
呼叫来自：inherit/room/room.c 的 reset() 第 124 行，物件： d/henshan/huiyan
呼叫来自：inherit/room/room.c 的 make_inventory() 第 56 行，物件： d/henshan/huiyan
呼叫来自：d/henshan/npc/tian.c 的 create() 第 39 行，物件： d/henshan/npc/tian#1733 ("田伯光")
呼叫来自：feature/skill.c 的 set_skill() 第 22 行，物件： d/henshan/npc/tian#1733 ("田伯光")
错误讯息被拦截: 
执行时段错误：*Bad argument 1 to call_other()
Expected: string or array or object Got: 0.

程式：d/henshan/npc/mi.c 第 42 行
物件: d/henshan/npc/mi#1754 ("米为义")
呼叫来自：feature/command.c 的 command_hook() 第 57 行，物件： clone/user/user#218 ("小人物")
呼叫来自：cmds/arch/updatedir.c 的 main() 第 40 行，物件： cmds/arch/updatedir
呼叫来自：cmds/arch/updatedir.c 的 updatefile() 第 75 行，物件： cmds/arch/updatedir
呼叫来自：cmds/arch/updatedir.c 的 CATCH() 第 75 行，物件： cmds/arch/updatedir
呼叫来自：d/henshan/liufugate.c 的 create() 第 28 行，物件： d/henshan/liufugate
呼叫来自：inherit/room/room.c 的 setup() 第 280 行，物件： d/henshan/liufugate
呼叫来自：inherit/room/room.c 的 reset() 第 124 行，物件： d/henshan/liufugate
呼叫来自：inherit/room/room.c 的 make_inventory() 第 56 行，物件： d/henshan/liufugate
呼叫来自：d/henshan/npc/mi.c 的 create() 第 42 行，物件： d/henshan/npc/mi#1754 ("米为义")
错误讯息被拦截: 
执行时段错误：*Bad argument 1 to call_other()
Expected: string or array or object Got: 0.

程式：d/henshan/npc/liuqin.c 第 43 行
物件: d/henshan/npc/liuqin#1757 ("刘芹")
呼叫来自：feature/command.c 的 command_hook() 第 57 行，物件： clone/user/user#218 ("小人物")
呼叫来自：cmds/arch/updatedir.c 的 main() 第 40 行，物件： cmds/arch/updatedir
呼叫来自：cmds/arch/updatedir.c 的 updatefile() 第 75 行，物件： cmds/arch/updatedir
呼叫来自：cmds/arch/updatedir.c 的 CATCH() 第 75 行，物件： cmds/arch/updatedir
呼叫来自：d/henshan/liufuwest.c 的 create() 第 23 行，物件： d/henshan/liufuwest
呼叫来自：inherit/room/room.c 的 setup() 第 280 行，物件： d/henshan/liufuwest
呼叫来自：inherit/room/room.c 的 reset() 第 124 行，物件： d/henshan/liufuwest
呼叫来自：inherit/room/room.c 的 make_inventory() 第 56 行，物件： d/henshan/liufuwest
呼叫来自：d/henshan/npc/liuqin.c 的 create() 第 43 行，物件： d/henshan/npc/liuqin#1757 ("刘芹")
错误讯息被拦截: 
执行时段错误：*Bad argument 1 to call_other()
Expected: string or array or object Got: 0.

程式：d/henshan/npc/liujing.c 第 43 行
物件: d/henshan/npc/liujing ("刘菁")
呼叫来自：feature/command.c 的 command_hook() 第 57 行，物件： clone/user/user#218 ("小人物")
呼叫来自：cmds/arch/updatedir.c 的 main() 第 42 行，物件： cmds/arch/updatedir
呼叫来自：cmds/arch/updatedir.c 的 main() 第 40 行，物件： cmds/arch/updatedir
呼叫来自：cmds/arch/updatedir.c 的 updatefile() 第 75 行，物件： cmds/arch/updatedir
呼叫来自：cmds/arch/updatedir.c 的 CATCH() 第 75 行，物件： cmds/arch/updatedir
呼叫来自：d/henshan/npc/liujing.c 的 create() 第 43 行，物件： d/henshan/npc/liujing ("刘菁")
错误讯息被拦截: 
执行时段错误：*Bad argument 1 to call_other()
Expected: string or array or object Got: 0.

程式：d/henshan/npc/liuqin.c 第 43 行
物件: d/henshan/npc/liuqin ("刘芹")
呼叫来自：feature/command.c 的 command_hook() 第 57 行，物件： clone/user/user#218 ("小人物")
呼叫来自：cmds/arch/updatedir.c 的 main() 第 42 行，物件： cmds/arch/updatedir
呼叫来自：cmds/arch/updatedir.c 的 main() 第 40 行，物件： cmds/arch/updatedir
呼叫来自：cmds/arch/updatedir.c 的 updatefile() 第 75 行，物件： cmds/arch/updatedir
呼叫来自：cmds/arch/updatedir.c 的 CATCH() 第 75 行，物件： cmds/arch/updatedir
呼叫来自：d/henshan/npc/liuqin.c 的 create() 第 43 行，物件： d/henshan/npc/liuqin ("刘芹")
错误讯息被拦截: 
执行时段错误：*Bad argument 1 to call_other()
Expected: string or array or object Got: 0.

程式：d/henshan/npc/lu.c 第 43 行
物件: d/henshan/npc/lu ("鲁连荣")
呼叫来自：feature/command.c 的 command_hook() 第 57 行，物件： clone/user/user#218 ("小人物")
呼叫来自：cmds/arch/updatedir.c 的 main() 第 42 行，物件： cmds/arch/updatedir
呼叫来自：cmds/arch/updatedir.c 的 main() 第 40 行，物件： cmds/arch/updatedir
呼叫来自：cmds/arch/updatedir.c 的 updatefile() 第 75 行，物件： cmds/arch/updatedir
呼叫来自：cmds/arch/updatedir.c 的 CATCH() 第 75 行，物件： cmds/arch/updatedir
呼叫来自：d/henshan/npc/lu.c 的 create() 第 43 行，物件： d/henshan/npc/lu ("鲁连荣")
错误讯息被拦截: 
执行时段错误：*Bad argument 1 to call_other()
Expected: string or array or object Got: 0.

程式：d/henshan/npc/mi.c 第 42 行
物件: d/henshan/npc/mi ("米为义")
呼叫来自：feature/command.c 的 command_hook() 第 57 行，物件： clone/user/user#218 ("小人物")
呼叫来自：cmds/arch/updatedir.c 的 main() 第 42 行，物件： cmds/arch/updatedir
呼叫来自：cmds/arch/updatedir.c 的 main() 第 40 行，物件： cmds/arch/updatedir
呼叫来自：cmds/arch/updatedir.c 的 updatefile() 第 75 行，物件： cmds/arch/updatedir
呼叫来自：cmds/arch/updatedir.c 的 CATCH() 第 75 行，物件： cmds/arch/updatedir
呼叫来自：d/henshan/npc/mi.c 的 create() 第 42 行，物件： d/henshan/npc/mi ("米为义")
错误讯息被拦截: 
执行时段错误：*Bad argument 1 to call_other()
Expected: string or array or object Got: 0.

程式：d/henshan/npc/moda.c 第 44 行
物件: d/henshan/npc/moda ("莫大")
呼叫来自：feature/command.c 的 command_hook() 第 57 行，物件： clone/user/user#218 ("小人物")
呼叫来自：cmds/arch/updatedir.c 的 main() 第 42 行，物件： cmds/arch/updatedir
呼叫来自：cmds/arch/updatedir.c 的 main() 第 40 行，物件： cmds/arch/updatedir
呼叫来自：cmds/arch/updatedir.c 的 updatefile() 第 75 行，物件： cmds/arch/updatedir
呼叫来自：cmds/arch/updatedir.c 的 CATCH() 第 75 行，物件： cmds/arch/updatedir
呼叫来自：d/henshan/npc/moda.c 的 create() 第 44 行，物件： d/henshan/npc/moda ("莫大")
错误讯息被拦截: 
执行时段错误：*F_SKILL: No such skill (kuangfeng-blade)

程式：feature/skill.c 第 22 行
物件: d/henshan/npc/tian ("田伯光")
呼叫来自：feature/command.c 的 command_hook() 第 57 行，物件： clone/user/user#218 ("小人物")
呼叫来自：cmds/arch/updatedir.c 的 main() 第 42 行，物件： cmds/arch/updatedir
呼叫来自：cmds/arch/updatedir.c 的 main() 第 40 行，物件： cmds/arch/updatedir
呼叫来自：cmds/arch/updatedir.c 的 updatefile() 第 75 行，物件： cmds/arch/updatedir
呼叫来自：cmds/arch/updatedir.c 的 CATCH() 第 75 行，物件： cmds/arch/updatedir
呼叫来自：d/henshan/npc/tian.c 的 create() 第 39 行，物件： d/henshan/npc/tian ("田伯光")
呼叫来自：feature/skill.c 的 set_skill() 第 22 行，物件： d/henshan/npc/tian ("田伯光")
错误讯息被拦截: 
执行时段错误：*Bad argument 1 to call_other()
Expected: string or array or object Got: 0.

程式：d/henshan/npc/xiang.c 第 42 行
物件: d/henshan/npc/xiang ("向大年")
呼叫来自：feature/command.c 的 command_hook() 第 57 行，物件： clone/user/user#218 ("小人物")
呼叫来自：cmds/arch/updatedir.c 的 main() 第 42 行，物件： cmds/arch/updatedir
呼叫来自：cmds/arch/updatedir.c 的 main() 第 40 行，物件： cmds/arch/updatedir
呼叫来自：cmds/arch/updatedir.c 的 updatefile() 第 75 行，物件： cmds/arch/updatedir
呼叫来自：cmds/arch/updatedir.c 的 CATCH() 第 75 行，物件： cmds/arch/updatedir
呼叫来自：d/henshan/npc/xiang.c 的 create() 第 42 行，物件： d/henshan/npc/xiang ("向大年")
错误讯息被拦截: 
执行时段错误：*Bad argument 1 to call_other()
Expected: string or array or object Got: 0.

程式：d/henshan/npc/yilin.c 第 31 行
物件: d/henshan/npc/yilin ("仪琳")
呼叫来自：feature/command.c 的 command_hook() 第 57 行，物件： clone/user/user#218 ("小人物")
呼叫来自：cmds/arch/updatedir.c 的 main() 第 42 行，物件： cmds/arch/updatedir
呼叫来自：cmds/arch/updatedir.c 的 main() 第 40 行，物件： cmds/arch/updatedir
呼叫来自：cmds/arch/updatedir.c 的 updatefile() 第 75 行，物件： cmds/arch/updatedir
呼叫来自：cmds/arch/updatedir.c 的 CATCH() 第 75 行，物件： cmds/arch/updatedir
呼叫来自：d/henshan/npc/yilin.c 的 create() 第 31 行，物件： d/henshan/npc/yilin ("仪琳")
错误讯息被拦截: 
执行时段错误：*F_SKILL: No such skill (jiuyin-baiguzhao)

程式：feature/skill.c 第 22 行
物件: d/henshan/npc/yuanziyi ("袁紫衣")
呼叫来自：feature/command.c 的 command_hook() 第 57 行，物件： clone/user/user#218 ("小人物")
呼叫来自：cmds/arch/updatedir.c 的 main() 第 42 行，物件： cmds/arch/updatedir
呼叫来自：cmds/arch/updatedir.c 的 main() 第 40 行，物件： cmds/arch/updatedir
呼叫来自：cmds/arch/updatedir.c 的 updatefile() 第 75 行，物件： cmds/arch/updatedir
呼叫来自：cmds/arch/updatedir.c 的 CATCH() 第 75 行，物件： cmds/arch/updatedir
呼叫来自：d/henshan/npc/yuanziyi.c 的 create() 第 55 行，物件： d/henshan/npc/yuanziyi ("袁紫衣")
呼叫来自：feature/skill.c 的 set_skill() 第 22 行，物件： d/henshan/npc/yuanziyi ("袁紫衣")
错误讯息被拦截: 
执行时段错误：*Bad argument 1 to call_other()
Expected: string or array or object Got: 0.

程式：d/henshan/npc/moda.c 第 44 行
物件: d/henshan/npc/moda#1788 ("莫大")
呼叫来自：feature/command.c 的 command_hook() 第 57 行，物件： clone/user/user#218 ("小人物")
呼叫来自：cmds/arch/updatedir.c 的 main() 第 40 行，物件： cmds/arch/updatedir
呼叫来自：cmds/arch/updatedir.c 的 updatefile() 第 75 行，物件： cmds/arch/updatedir
呼叫来自：cmds/arch/updatedir.c 的 CATCH() 第 75 行，物件： cmds/arch/updatedir
呼叫来自：d/henshan/zhurongdian.c 的 create() 第 21 行，物件： d/henshan/zhurongdian
呼叫来自：inherit/room/room.c 的 setup() 第 280 行，物件： d/henshan/zhurongdian
呼叫来自：inherit/room/room.c 的 reset() 第 124 行，物件： d/henshan/zhurongdian
呼叫来自：inherit/room/room.c 的 make_inventory() 第 56 行，物件： d/henshan/zhurongdian
呼叫来自：d/henshan/npc/moda.c 的 create() 第 44 行，物件： d/henshan/npc/moda#1788 ("莫大")
错误讯息被拦截: 
执行时段错误：*Bad argument 1 to call_other()
Expected: string or array or object Got: 0.

程式：d/henshan/npc/yuanziyi.c 第 69 行
物件: d/henshan/npc/yuanziyi#1808 ("袁紫衣")
呼叫来自：feature/command.c 的 command_hook() 第 57 行，物件： clone/user/user#218 ("小人物")
呼叫来自：cmds/arch/updatedir.c 的 main() 第 40 行，物件： cmds/arch/updatedir
呼叫来自：cmds/arch/updatedir.c 的 updatefile() 第 75 行，物件： cmds/arch/updatedir
呼叫来自：cmds/arch/updatedir.c 的 CATCH() 第 75 行，物件： cmds/arch/updatedir
呼叫来自：d/henshan/chating.c 的 create() 第 22 行，物件： d/henshan/chating
呼叫来自：inherit/room/room.c 的 setup() 第 280 行，物件： d/henshan/chating
呼叫来自：inherit/room/room.c 的 reset() 第 124 行，物件： d/henshan/chating
呼叫来自：inherit/room/room.c 的 make_inventory() 第 56 行，物件： d/henshan/chating
呼叫来自：d/henshan/npc/yuanziyi.c 的 create() 第 69 行，物件： d/henshan/npc/yuanziyi#1808 ("袁紫衣")
错误讯息被拦截: 
执行时段错误：*Bad argument 1 to call_other()
Expected: string or array or object Got: 0.

程式：d/henshan/npc/lu.c 第 43 行
物件: d/henshan/npc/lu ("鲁连荣")
呼叫来自：feature/command.c 的 command_hook() 第 57 行，物件： clone/user/user#218 ("小人物")
呼叫来自：cmds/arch/updatedir.c 的 main() 第 40 行，物件： cmds/arch/updatedir
呼叫来自：cmds/arch/updatedir.c 的 updatefile() 第 75 行，物件： cmds/arch/updatedir
呼叫来自：cmds/arch/updatedir.c 的 CATCH() 第 75 行，物件： cmds/arch/updatedir
呼叫来自：d/henshan/hengyang.c 的 create() 第 23 行，物件： d/henshan/hengyang
呼叫来自：inherit/room/room.c 的 setup() 第 280 行，物件： d/henshan/hengyang
呼叫来自：inherit/room/room.c 的 reset() 第 124 行，物件： d/henshan/hengyang
呼叫来自：inherit/room/room.c 的 make_inventory() 第 56 行，物件： d/henshan/hengyang
呼叫来自：d/henshan/npc/lu.c 的 create() 第 43 行，物件： d/henshan/npc/lu ("鲁连荣")
错误讯息被拦截: 
执行时段错误：*Bad argument 1 to call_other()
Expected: string or array or object Got: 0.

程式：d/henshan/npc/tian.c 第 54 行
物件: d/henshan/npc/tian#1817 ("田伯光")
呼叫来自：feature/command.c 的 command_hook() 第 57 行，物件： clone/user/user#218 ("小人物")
呼叫来自：cmds/arch/updatedir.c 的 main() 第 40 行，物件： cmds/arch/updatedir
呼叫来自：cmds/arch/updatedir.c 的 updatefile() 第 75 行，物件： cmds/arch/updatedir
呼叫来自：cmds/arch/updatedir.c 的 CATCH() 第 75 行，物件： cmds/arch/updatedir
呼叫来自：d/henshan/huiyan.c 的 create() 第 23 行，物件： d/henshan/huiyan
呼叫来自：inherit/room/room.c 的 setup() 第 280 行，物件： d/henshan/huiyan
呼叫来自：inherit/room/room.c 的 reset() 第 124 行，物件： d/henshan/huiyan
呼叫来自：inherit/room/room.c 的 make_inventory() 第 56 行，物件： d/henshan/huiyan
呼叫来自：d/henshan/npc/tian.c 的 create() 第 54 行，物件： d/henshan/npc/tian#1817 ("田伯光")
错误讯息被拦截: 
执行时段错误：*Bad argument 1 to call_other()
Expected: string or array or object Got: 0.

程式：d/henshan/npc/mi.c 第 42 行
物件: d/henshan/npc/mi ("米为义")
呼叫来自：feature/command.c 的 command_hook() 第 57 行，物件： clone/user/user#218 ("小人物")
呼叫来自：cmds/arch/updatedir.c 的 main() 第 40 行，物件： cmds/arch/updatedir
呼叫来自：cmds/arch/updatedir.c 的 updatefile() 第 75 行，物件： cmds/arch/updatedir
呼叫来自：cmds/arch/updatedir.c 的 CATCH() 第 75 行，物件： cmds/arch/updatedir
呼叫来自：d/henshan/liufugate.c 的 create() 第 28 行，物件： d/henshan/liufugate
呼叫来自：inherit/room/room.c 的 setup() 第 280 行，物件： d/henshan/liufugate
呼叫来自：inherit/room/room.c 的 reset() 第 124 行，物件： d/henshan/liufugate
呼叫来自：inherit/room/room.c 的 make_inventory() 第 56 行，物件： d/henshan/liufugate
呼叫来自：d/henshan/npc/mi.c 的 create() 第 42 行，物件： d/henshan/npc/mi ("米为义")
错误讯息被拦截: 
执行时段错误：*Bad argument 1 to call_other()
Expected: string or array or object Got: 0.

程式：d/henshan/npc/liuqin.c 第 43 行
物件: d/henshan/npc/liuqin ("刘芹")
呼叫来自：feature/command.c 的 command_hook() 第 57 行，物件： clone/user/user#218 ("小人物")
呼叫来自：cmds/arch/updatedir.c 的 main() 第 40 行，物件： cmds/arch/updatedir
呼叫来自：cmds/arch/updatedir.c 的 updatefile() 第 75 行，物件： cmds/arch/updatedir
呼叫来自：cmds/arch/updatedir.c 的 CATCH() 第 75 行，物件： cmds/arch/updatedir
呼叫来自：d/henshan/liufuwest.c 的 create() 第 23 行，物件： d/henshan/liufuwest
呼叫来自：inherit/room/room.c 的 setup() 第 280 行，物件： d/henshan/liufuwest
呼叫来自：inherit/room/room.c 的 reset() 第 124 行，物件： d/henshan/liufuwest
呼叫来自：inherit/room/room.c 的 make_inventory() 第 56 行，物件： d/henshan/liufuwest
呼叫来自：d/henshan/npc/liuqin.c 的 create() 第 43 行，物件： d/henshan/npc/liuqin ("刘芹")
错误讯息被拦截: 
执行时段错误：*Bad argument 1 to call_other()
Expected: string or array or object Got: 0.

程式：d/henshan/npc/liujing.c 第 43 行
物件: d/henshan/npc/liujing ("刘菁")
呼叫来自：feature/command.c 的 command_hook() 第 57 行，物件： clone/user/user#218 ("小人物")
呼叫来自：cmds/arch/updatedir.c 的 main() 第 42 行，物件： cmds/arch/updatedir
呼叫来自：cmds/arch/updatedir.c 的 main() 第 40 行，物件： cmds/arch/updatedir
呼叫来自：cmds/arch/updatedir.c 的 updatefile() 第 75 行，物件： cmds/arch/updatedir
呼叫来自：cmds/arch/updatedir.c 的 CATCH() 第 75 行，物件： cmds/arch/updatedir
呼叫来自：d/henshan/npc/liujing.c 的 create() 第 43 行，物件： d/henshan/npc/liujing ("刘菁")
错误讯息被拦截: 
执行时段错误：*Bad argument 1 to call_other()
Expected: string or array or object Got: 0.

程式：d/henshan/npc/liuqin.c 第 43 行
物件: d/henshan/npc/liuqin ("刘芹")
呼叫来自：feature/command.c 的 command_hook() 第 57 行，物件： clone/user/user#218 ("小人物")
呼叫来自：cmds/arch/updatedir.c 的 main() 第 42 行，物件： cmds/arch/updatedir
呼叫来自：cmds/arch/updatedir.c 的 main() 第 40 行，物件： cmds/arch/updatedir
呼叫来自：cmds/arch/updatedir.c 的 updatefile() 第 75 行，物件： cmds/arch/updatedir
呼叫来自：cmds/arch/updatedir.c 的 CATCH() 第 75 行，物件： cmds/arch/updatedir
呼叫来自：d/henshan/npc/liuqin.c 的 create() 第 43 行，物件： d/henshan/npc/liuqin ("刘芹")
错误讯息被拦截: 
执行时段错误：*Bad argument 1 to call_other()
Expected: string or array or object Got: 0.

程式：d/henshan/npc/lu.c 第 43 行
物件: d/henshan/npc/lu ("鲁连荣")
呼叫来自：feature/command.c 的 command_hook() 第 57 行，物件： clone/user/user#218 ("小人物")
呼叫来自：cmds/arch/updatedir.c 的 main() 第 42 行，物件： cmds/arch/updatedir
呼叫来自：cmds/arch/updatedir.c 的 main() 第 40 行，物件： cmds/arch/updatedir
呼叫来自：cmds/arch/updatedir.c 的 updatefile() 第 75 行，物件： cmds/arch/updatedir
呼叫来自：cmds/arch/updatedir.c 的 CATCH() 第 75 行，物件： cmds/arch/updatedir
呼叫来自：d/henshan/npc/lu.c 的 create() 第 43 行，物件： d/henshan/npc/lu ("鲁连荣")
错误讯息被拦截: 
执行时段错误：*Bad argument 1 to call_other()
Expected: string or array or object Got: 0.

程式：d/henshan/npc/mi.c 第 42 行
物件: d/henshan/npc/mi ("米为义")
呼叫来自：feature/command.c 的 command_hook() 第 57 行，物件： clone/user/user#218 ("小人物")
呼叫来自：cmds/arch/updatedir.c 的 main() 第 42 行，物件： cmds/arch/updatedir
呼叫来自：cmds/arch/updatedir.c 的 main() 第 40 行，物件： cmds/arch/updatedir
呼叫来自：cmds/arch/updatedir.c 的 updatefile() 第 75 行，物件： cmds/arch/updatedir
呼叫来自：cmds/arch/updatedir.c 的 CATCH() 第 75 行，物件： cmds/arch/updatedir
呼叫来自：d/henshan/npc/mi.c 的 create() 第 42 行，物件： d/henshan/npc/mi ("米为义")
错误讯息被拦截: 
执行时段错误：*Bad argument 1 to call_other()
Expected: string or array or object Got: 0.

程式：d/henshan/npc/moda.c 第 44 行
物件: d/henshan/npc/moda ("莫大")
呼叫来自：feature/command.c 的 command_hook() 第 57 行，物件： clone/user/user#218 ("小人物")
呼叫来自：cmds/arch/updatedir.c 的 main() 第 42 行，物件： cmds/arch/updatedir
呼叫来自：cmds/arch/updatedir.c 的 main() 第 40 行，物件： cmds/arch/updatedir
呼叫来自：cmds/arch/updatedir.c 的 updatefile() 第 75 行，物件： cmds/arch/updatedir
呼叫来自：cmds/arch/updatedir.c 的 CATCH() 第 75 行，物件： cmds/arch/updatedir
呼叫来自：d/henshan/npc/moda.c 的 create() 第 44 行，物件： d/henshan/npc/moda ("莫大")
错误讯息被拦截: 
执行时段错误：*Bad argument 1 to call_other()
Expected: string or array or object Got: 0.

程式：d/henshan/npc/tian.c 第 54 行
物件: d/henshan/npc/tian ("田伯光")
呼叫来自：feature/command.c 的 command_hook() 第 57 行，物件： clone/user/user#218 ("小人物")
呼叫来自：cmds/arch/updatedir.c 的 main() 第 42 行，物件： cmds/arch/updatedir
呼叫来自：cmds/arch/updatedir.c 的 main() 第 40 行，物件： cmds/arch/updatedir
呼叫来自：cmds/arch/updatedir.c 的 updatefile() 第 75 行，物件： cmds/arch/updatedir
呼叫来自：cmds/arch/updatedir.c 的 CATCH() 第 75 行，物件： cmds/arch/updatedir
呼叫来自：d/henshan/npc/tian.c 的 create() 第 54 行，物件： d/henshan/npc/tian ("田伯光")
错误讯息被拦截: 
执行时段错误：*Bad argument 1 to call_other()
Expected: string or array or object Got: 0.

程式：d/henshan/npc/xiang.c 第 42 行
物件: d/henshan/npc/xiang ("向大年")
呼叫来自：feature/command.c 的 command_hook() 第 57 行，物件： clone/user/user#218 ("小人物")
呼叫来自：cmds/arch/updatedir.c 的 main() 第 42 行，物件： cmds/arch/updatedir
呼叫来自：cmds/arch/updatedir.c 的 main() 第 40 行，物件： cmds/arch/updatedir
呼叫来自：cmds/arch/updatedir.c 的 updatefile() 第 75 行，物件： cmds/arch/updatedir
呼叫来自：cmds/arch/updatedir.c 的 CATCH() 第 75 行，物件： cmds/arch/updatedir
呼叫来自：d/henshan/npc/xiang.c 的 create() 第 42 行，物件： d/henshan/npc/xiang ("向大年")
错误讯息被拦截: 
执行时段错误：*Bad argument 1 to call_other()
Expected: string or array or object Got: 0.

程式：d/henshan/npc/yilin.c 第 31 行
物件: d/henshan/npc/yilin ("仪琳")
呼叫来自：feature/command.c 的 command_hook() 第 57 行，物件： clone/user/user#218 ("小人物")
呼叫来自：cmds/arch/updatedir.c 的 main() 第 42 行，物件： cmds/arch/updatedir
呼叫来自：cmds/arch/updatedir.c 的 main() 第 40 行，物件： cmds/arch/updatedir
呼叫来自：cmds/arch/updatedir.c 的 updatefile() 第 75 行，物件： cmds/arch/updatedir
呼叫来自：cmds/arch/updatedir.c 的 CATCH() 第 75 行，物件： cmds/arch/updatedir
呼叫来自：d/henshan/npc/yilin.c 的 create() 第 31 行，物件： d/henshan/npc/yilin ("仪琳")
错误讯息被拦截: 
执行时段错误：*Bad argument 1 to call_other()
Expected: string or array or object Got: 0.

程式：d/henshan/npc/yuanziyi.c 第 69 行
物件: d/henshan/npc/yuanziyi ("袁紫衣")
呼叫来自：feature/command.c 的 command_hook() 第 57 行，物件： clone/user/user#218 ("小人物")
呼叫来自：cmds/arch/updatedir.c 的 main() 第 42 行，物件： cmds/arch/updatedir
呼叫来自：cmds/arch/updatedir.c 的 main() 第 40 行，物件： cmds/arch/updatedir
呼叫来自：cmds/arch/updatedir.c 的 updatefile() 第 75 行，物件： cmds/arch/updatedir
呼叫来自：cmds/arch/updatedir.c 的 CATCH() 第 75 行，物件： cmds/arch/updatedir
呼叫来自：d/henshan/npc/yuanziyi.c 的 create() 第 69 行，物件： d/henshan/npc/yuanziyi ("袁紫衣")
错误讯息被拦截: 
执行时段错误：*Bad argument 1 to call_other()
Expected: string or array or object Got: 0.

程式：d/henshan/npc/moda.c 第 44 行
物件: d/henshan/npc/moda#1883 ("莫大")
呼叫来自：feature/command.c 的 command_hook() 第 57 行，物件： clone/user/user#218 ("小人物")
呼叫来自：cmds/arch/updatedir.c 的 main() 第 40 行，物件： cmds/arch/updatedir
呼叫来自：cmds/arch/updatedir.c 的 updatefile() 第 75 行，物件： cmds/arch/updatedir
呼叫来自：cmds/arch/updatedir.c 的 CATCH() 第 75 行，物件： cmds/arch/updatedir
呼叫来自：d/henshan/zhurongdian.c 的 create() 第 21 行，物件： d/henshan/zhurongdian
呼叫来自：inherit/room/room.c 的 setup() 第 280 行，物件： d/henshan/zhurongdian
呼叫来自：inherit/room/room.c 的 reset() 第 124 行，物件： d/henshan/zhurongdian
呼叫来自：inherit/room/room.c 的 make_inventory() 第 56 行，物件： d/henshan/zhurongdian
呼叫来自：d/henshan/npc/moda.c 的 create() 第 44 行，物件： d/henshan/npc/moda#1883 ("莫大")
错误讯息被拦截: 
执行时段错误：*Bad argument 1 to call_other()
Expected: string or array or object Got: 0.

程式：d/henshan/npc/yuanziyi.c 第 69 行
物件: d/henshan/npc/yuanziyi#1890 ("袁紫衣")
呼叫来自：feature/command.c 的 command_hook() 第 57 行，物件： clone/user/user#218 ("小人物")
呼叫来自：cmds/arch/updatedir.c 的 main() 第 40 行，物件： cmds/arch/updatedir
呼叫来自：cmds/arch/updatedir.c 的 updatefile() 第 75 行，物件： cmds/arch/updatedir
呼叫来自：cmds/arch/updatedir.c 的 CATCH() 第 75 行，物件： cmds/arch/updatedir
呼叫来自：d/henshan/chating.c 的 create() 第 22 行，物件： d/henshan/chating
呼叫来自：inherit/room/room.c 的 setup() 第 280 行，物件： d/henshan/chating
呼叫来自：inherit/room/room.c 的 reset() 第 124 行，物件： d/henshan/chating
呼叫来自：inherit/room/room.c 的 make_inventory() 第 56 行，物件： d/henshan/chating
呼叫来自：d/henshan/npc/yuanziyi.c 的 create() 第 69 行，物件： d/henshan/npc/yuanziyi#1890 ("袁紫衣")
错误讯息被拦截: 
执行时段错误：*Bad argument 1 to call_other()
Expected: string or array or object Got: 0.

程式：d/henshan/npc/tian.c 第 54 行
物件: d/henshan/npc/tian#1900 ("田伯光")
呼叫来自：feature/command.c 的 command_hook() 第 57 行，物件： clone/user/user#218 ("小人物")
呼叫来自：cmds/arch/updatedir.c 的 main() 第 40 行，物件： cmds/arch/updatedir
呼叫来自：cmds/arch/updatedir.c 的 updatefile() 第 75 行，物件： cmds/arch/updatedir
呼叫来自：cmds/arch/updatedir.c 的 CATCH() 第 75 行，物件： cmds/arch/updatedir
呼叫来自：d/henshan/huiyan.c 的 create() 第 23 行，物件： d/henshan/huiyan
呼叫来自：inherit/room/room.c 的 setup() 第 280 行，物件： d/henshan/huiyan
呼叫来自：inherit/room/room.c 的 reset() 第 124 行，物件： d/henshan/huiyan
呼叫来自：inherit/room/room.c 的 make_inventory() 第 56 行，物件： d/henshan/huiyan
呼叫来自：d/henshan/npc/tian.c 的 create() 第 54 行，物件： d/henshan/npc/tian#1900 ("田伯光")
错误讯息被拦截: 
执行时段错误：*Bad argument 1 to call_other()
Expected: string or array or object Got: 0.

程式：d/henshan/npc/tian.c 第 54 行
物件: d/henshan/npc/tian ("田伯光")
呼叫来自：feature/command.c 的 command_hook() 第 57 行，物件： clone/user/user#218 ("小人物")
呼叫来自：cmds/arch/updatedir.c 的 main() 第 42 行，物件： cmds/arch/updatedir
呼叫来自：cmds/arch/updatedir.c 的 main() 第 40 行，物件： cmds/arch/updatedir
呼叫来自：cmds/arch/updatedir.c 的 updatefile() 第 75 行，物件： cmds/arch/updatedir
呼叫来自：cmds/arch/updatedir.c 的 CATCH() 第 75 行，物件： cmds/arch/updatedir
呼叫来自：d/henshan/npc/tian.c 的 create() 第 54 行，物件： d/henshan/npc/tian ("田伯光")
错误讯息被拦截: 
执行时段错误：*Bad argument 1 to call_other()
Expected: string or array or object Got: 0.

程式：d/henshan/npc/yuanziyi.c 第 69 行
物件: d/henshan/npc/yuanziyi ("袁紫衣")
呼叫来自：feature/command.c 的 command_hook() 第 57 行，物件： clone/user/user#218 ("小人物")
呼叫来自：cmds/arch/updatedir.c 的 main() 第 42 行，物件： cmds/arch/updatedir
呼叫来自：cmds/arch/updatedir.c 的 main() 第 40 行，物件： cmds/arch/updatedir
呼叫来自：cmds/arch/updatedir.c 的 updatefile() 第 75 行，物件： cmds/arch/updatedir
呼叫来自：cmds/arch/updatedir.c 的 CATCH() 第 75 行，物件： cmds/arch/updatedir
呼叫来自：d/henshan/npc/yuanziyi.c 的 create() 第 69 行，物件： d/henshan/npc/yuanziyi ("袁紫衣")
错误讯息被拦截: 
执行时段错误：*call_other() couldn't find object

程式：d/henshan/zhurongdian.c 第 22 行
物件: d/henshan/zhurongdian
呼叫来自：feature/command.c 的 command_hook() 第 57 行，物件： clone/user/user#218 ("小人物")
呼叫来自：cmds/arch/updatedir.c 的 main() 第 40 行，物件： cmds/arch/updatedir
呼叫来自：cmds/arch/updatedir.c 的 updatefile() 第 75 行，物件： cmds/arch/updatedir
呼叫来自：cmds/arch/updatedir.c 的 CATCH() 第 75 行，物件： cmds/arch/updatedir
呼叫来自：d/henshan/zhurongdian.c 的 create() 第 22 行，物件： d/henshan/zhurongdian
错误讯息被拦截: 
执行时段错误：*Error in loading object '/d/hengshan/npc/npc_setup'

程式：cmds/arch/updatedir.c 第 75 行
物件: cmds/arch/updatedir
呼叫来自：feature/command.c 的 command_hook() 第 57 行，物件： clone/user/user#218 ("小人物")
呼叫来自：cmds/arch/updatedir.c 的 main() 第 42 行，物件： cmds/arch/updatedir
呼叫来自：cmds/arch/updatedir.c 的 main() 第 40 行，物件： cmds/arch/updatedir
呼叫来自：cmds/arch/updatedir.c 的 updatefile() 第 75 行，物件： cmds/arch/updatedir
呼叫来自：cmds/arch/updatedir.c 的 CATCH() 第 75 行，物件： cmds/arch/updatedir
错误讯息被拦截: 
执行时段错误：*call_other() couldn't find object

程式：d/hengshan/wusean.c 第 26 行
物件: d/hengshan/wusean
呼叫来自：feature/command.c 的 command_hook() 第 57 行，物件： clone/user/user#218 ("小人物")
呼叫来自：cmds/arch/updatedir.c 的 main() 第 40 行，物件： cmds/arch/updatedir
呼叫来自：cmds/arch/updatedir.c 的 updatefile() 第 75 行，物件： cmds/arch/updatedir
呼叫来自：cmds/arch/updatedir.c 的 CATCH() 第 75 行，物件： cmds/arch/updatedir
呼叫来自：d/hengshan/wusean.c 的 create() 第 26 行，物件： d/hengshan/wusean
错误讯息被拦截: 
执行时段错误：*Error in loading object '/d/hengshan/npc/mmkill'

程式：cmds/arch/updatedir.c 第 75 行
物件: cmds/arch/updatedir
呼叫来自：feature/command.c 的 command_hook() 第 57 行，物件： clone/user/user#218 ("小人物")
呼叫来自：cmds/arch/updatedir.c 的 main() 第 42 行，物件： cmds/arch/updatedir
呼叫来自：cmds/arch/updatedir.c 的 main() 第 40 行，物件： cmds/arch/updatedir
呼叫来自：cmds/arch/updatedir.c 的 updatefile() 第 75 行，物件： cmds/arch/updatedir
呼叫来自：cmds/arch/updatedir.c 的 CATCH() 第 75 行，物件： cmds/arch/updatedir
错误讯息被拦截: 
执行时段错误：*Error in loading object '/d/hengshan/npc/npc_setup'

程式：cmds/arch/updatedir.c 第 75 行
物件: cmds/arch/updatedir
呼叫来自：feature/command.c 的 command_hook() 第 57 行，物件： clone/user/user#218 ("小人物")
呼叫来自：cmds/arch/updatedir.c 的 main() 第 42 行，物件： cmds/arch/updatedir
呼叫来自：cmds/arch/updatedir.c 的 main() 第 40 行，物件： cmds/arch/updatedir
呼叫来自：cmds/arch/updatedir.c 的 updatefile() 第 75 行，物件： cmds/arch/updatedir
呼叫来自：cmds/arch/updatedir.c 的 CATCH() 第 75 行，物件： cmds/arch/updatedir
错误讯息被拦截: 
执行时段错误：*Error in loading object '/d/hengshan/npc/xian'

程式：cmds/arch/updatedir.c 第 75 行
物件: cmds/arch/updatedir
呼叫来自：feature/command.c 的 command_hook() 第 57 行，物件： clone/user/user#218 ("小人物")
呼叫来自：cmds/arch/updatedir.c 的 main() 第 42 行，物件： cmds/arch/updatedir
呼叫来自：cmds/arch/updatedir.c 的 main() 第 40 行，物件： cmds/arch/updatedir
呼叫来自：cmds/arch/updatedir.c 的 updatefile() 第 75 行，物件： cmds/arch/updatedir
呼叫来自：cmds/arch/updatedir.c 的 CATCH() 第 75 行，物件： cmds/arch/updatedir
错误讯息被拦截: 
执行时段错误：*Error in loading object '/d/hengshan/npc/xian'

程式：inherit/room/room.c 第 56 行
物件: d/hengshan/wusean
呼叫来自：feature/command.c 的 command_hook() 第 57 行，物件： clone/user/user#218 ("小人物")
呼叫来自：cmds/arch/updatedir.c 的 main() 第 40 行，物件： cmds/arch/updatedir
呼叫来自：cmds/arch/updatedir.c 的 updatefile() 第 75 行，物件： cmds/arch/updatedir
呼叫来自：cmds/arch/updatedir.c 的 CATCH() 第 75 行，物件： cmds/arch/updatedir
呼叫来自：d/hengshan/wusean.c 的 create() 第 24 行，物件： d/hengshan/wusean
呼叫来自：inherit/room/room.c 的 setup() 第 280 行，物件： d/hengshan/wusean
呼叫来自：inherit/room/room.c 的 reset() 第 124 行，物件： d/hengshan/wusean
呼叫来自：inherit/room/room.c 的 make_inventory() 第 56 行，物件： d/hengshan/wusean
错误讯息被拦截: 
执行时段错误：*Error in loading object '/d/hengshan/npc/npc_setup'

程式：cmds/arch/updatedir.c 第 75 行
物件: cmds/arch/updatedir
呼叫来自：feature/command.c 的 command_hook() 第 57 行，物件： clone/user/user#218 ("小人物")
呼叫来自：cmds/arch/updatedir.c 的 main() 第 42 行，物件： cmds/arch/updatedir
呼叫来自：cmds/arch/updatedir.c 的 main() 第 40 行，物件： cmds/arch/updatedir
呼叫来自：cmds/arch/updatedir.c 的 updatefile() 第 75 行，物件： cmds/arch/updatedir
呼叫来自：cmds/arch/updatedir.c 的 CATCH() 第 75 行，物件： cmds/arch/updatedir
错误讯息被拦截: 
执行时段错误：*Error in loading object '/d/hengshan/npc/npc_setup'

程式：cmds/arch/updatedir.c 第 75 行
物件: cmds/arch/updatedir
呼叫来自：feature/command.c 的 command_hook() 第 57 行，物件： clone/user/user#218 ("小人物")
呼叫来自：cmds/arch/updatedir.c 的 main() 第 42 行，物件： cmds/arch/updatedir
呼叫来自：cmds/arch/updatedir.c 的 main() 第 40 行，物件： cmds/arch/updatedir
呼叫来自：cmds/arch/updatedir.c 的 updatefile() 第 75 行，物件： cmds/arch/updatedir
呼叫来自：cmds/arch/updatedir.c 的 CATCH() 第 75 行，物件： cmds/arch/updatedir
错误讯息被拦截: 
执行时段错误：*Error in loading object '/d/hengshan/npc/npc_setup'

程式：cmds/arch/updatedir.c 第 75 行
物件: cmds/arch/updatedir
呼叫来自：feature/command.c 的 command_hook() 第 57 行，物件： clone/user/user#218 ("小人物")
呼叫来自：cmds/arch/updatedir.c 的 main() 第 42 行，物件： cmds/arch/updatedir
呼叫来自：cmds/arch/updatedir.c 的 main() 第 40 行，物件： cmds/arch/updatedir
呼叫来自：cmds/arch/updatedir.c 的 updatefile() 第 75 行，物件： cmds/arch/updatedir
呼叫来自：cmds/arch/updatedir.c 的 CATCH() 第 75 行，物件： cmds/arch/updatedir
错误讯息被拦截: 
执行时段错误：*Error in loading object '/d/hengshan/npc/npc_setup'

程式：cmds/arch/updatedir.c 第 75 行
物件: cmds/arch/updatedir
呼叫来自：feature/command.c 的 command_hook() 第 57 行，物件： clone/user/user#218 ("小人物")
呼叫来自：cmds/arch/updatedir.c 的 main() 第 42 行，物件： cmds/arch/updatedir
呼叫来自：cmds/arch/updatedir.c 的 main() 第 40 行，物件： cmds/arch/updatedir
呼叫来自：cmds/arch/updatedir.c 的 updatefile() 第 75 行，物件： cmds/arch/updatedir
呼叫来自：cmds/arch/updatedir.c 的 CATCH() 第 75 行，物件： cmds/arch/updatedir
