99.03.14 13:15 B f:\mirror1\d\item\obj\armor_origin.c --> www1.yn.cninfo.net /mudcctx/mudlib/d/item/obj armor_origin.c
99.03.14 13:15 B f:\mirror1\d\item\obj\bingcansi.c --> www1.yn.cninfo.net /mudcctx/mudlib/d/item/obj bingcansi.c
99.03.14 13:15 B f:\mirror1\d\item\obj\blade_origin.c --> www1.yn.cninfo.net /mudcctx/mudlib/d/item/obj blade_origin.c
99.03.14 13:15 B f:\mirror1\d\item\obj\butianshi.c --> www1.yn.cninfo.net /mudcctx/mudlib/d/item/obj butianshi.c
99.03.14 13:15 B f:\mirror1\d\item\obj\chanhunsi.c --> www1.yn.cninfo.net /mudcctx/mudlib/d/item/obj chanhunsi.c
99.03.14 13:15 B f:\mirror1\d\item\obj\chiwusha.c --> www1.yn.cninfo.net /mudcctx/mudlib/d/item/obj chiwusha.c
99.03.14 13:15 B f:\mirror1\d\item\obj\club_origin.c --> www1.yn.cninfo.net /mudcctx/mudlib/d/item/obj club_origin.c
99.03.14 13:15 B f:\mirror1\d\item\obj\dizangshi.c --> www1.yn.cninfo.net /mudcctx/mudlib/d/item/obj dizangshi.c
99.03.14 13:15 B f:\mirror1\d\item\obj\fengyu.c --> www1.yn.cninfo.net /mudcctx/mudlib/d/item/obj fengyu.c
99.03.14 13:15 B f:\mirror1\d\item\obj\gongdanmu.c --> www1.yn.cninfo.net /mudcctx/mudlib/d/item/obj gongdanmu.c
99.03.14 13:15 B f:\mirror1\d\item\obj\hammer_origin.c --> www1.yn.cninfo.net /mudcctx/mudlib/d/item/obj hammer_origin.c
99.03.14 13:15 B f:\mirror1\d\item\obj\hanbingshi.c --> www1.yn.cninfo.net /mudcctx/mudlib/d/item/obj hanbingshi.c
99.03.14 13:15 B f:\mirror1\d\item\obj\heizhenshi.c --> www1.yn.cninfo.net /mudcctx/mudlib/d/item/obj heizhenshi.c
99.03.14 13:15 B f:\mirror1\d\item\obj\jingangsha.c --> www1.yn.cninfo.net /mudcctx/mudlib/d/item/obj jingangsha.c
99.03.14 13:15 B f:\mirror1\d\item\obj\jixuecao.c --> www1.yn.cninfo.net /mudcctx/mudlib/d/item/obj jixuecao.c
99.03.14 13:15 B f:\mirror1\d\item\obj\letter.c --> www1.yn.cninfo.net /mudcctx/mudlib/d/item/obj letter.c
99.03.14 13:15 B f:\mirror1\d\item\obj\longlin.c --> www1.yn.cninfo.net /mudcctx/mudlib/d/item/obj longlin.c
99.03.14 13:15 B f:\mirror1\d\item\obj\qilinxue.c --> www1.yn.cninfo.net /mudcctx/mudlib/d/item/obj qilinxue.c
99.03.14 13:15 B f:\mirror1\d\item\obj\shuimusi.c --> www1.yn.cninfo.net /mudcctx/mudlib/d/item/obj shuimusi.c
99.03.14 13:15 B f:\mirror1\d\item\obj\staff_origin.c --> www1.yn.cninfo.net /mudcctx/mudlib/d/item/obj staff_origin.c
99.03.14 13:15 B f:\mirror1\d\item\obj\sword_origin.c --> www1.yn.cninfo.net /mudcctx/mudlib/d/item/obj sword_origin.c
99.03.14 13:15 B f:\mirror1\d\item\obj\tiancansi.c --> www1.yn.cninfo.net /mudcctx/mudlib/d/item/obj tiancansi.c
99.03.14 13:15 B f:\mirror1\d\item\obj\whip_origin.c --> www1.yn.cninfo.net /mudcctx/mudlib/d/item/obj whip_origin.c
99.03.14 13:15 B f:\mirror1\d\item\obj\xuantieshi.c --> www1.yn.cninfo.net /mudcctx/mudlib/d/item/obj xuantieshi.c
99.03.14 13:15 B f:\mirror1\d\item\obj\zhu.c.915350233 --> www1.yn.cninfo.net /mudcctx/mudlib/d/item/obj zhu.c.915350233
