1422762432 87 0
1422762432 219 0 219 0
1415263677 219 0 219 0
1415263500 219 0 219 0
1415263200 219 0 219 0
1415262900 219 0 220 0
1415262600 220 0 220 0
1415262300 220 0 220 0
1415262000 220 0 220 0
1415261700 220 0 220 0
1415261400 220 0 220 0
1415261100 220 0 221 0
1415260800 221 0 221 0
1415260500 221 0 221 0
1415260200 221 0 221 0
1415259900 221 0 221 0
1415259600 221 0 221 0
1415259300 221 0 221 0
1415259000 221 0 221 0
1415258700 221 0 222 0
1415258400 222 0 222 0
1415258100 230 0 231 0
1415257800 231 0 231 0
1415257500 231 0 231 0
1415257200 231 0 231 0
1415256900 231 0 231 0
1415256600 231 0 231 0
1415256300 231 0 231 0
1415256000 231 0 231 0
1415255700 231 0 231 0
1415255400 231 0 231 0
1415255100 231 0 231 0
1415254800 231 0 231 0
1415254500 231 0 231 0
1415254200 231 0 231 0
1415253900 231 0 231 0
1415253600 231 0 231 0
1415253300 231 0 231 0
1415253000 231 0 231 0
1415252700 231 0 231 0
1415252400 231 0 231 0
1415252100 231 0 231 0
1415251800 231 0 231 0
1415251500 231 0 231 0
1415251200 231 0 231 0
1415250900 231 0 231 0
1415250600 231 0 231 0
1415250300 231 0 231 0
1415250000 231 0 231 0
1415249700 231 0 231 0
1415249400 231 0 231 0
1415249100 231 0 231 0
1415248800 231 0 231 0
1415248500 231 0 231 0
1415248200 232 0 233 0
1415247900 233 0 233 0
1415247600 233 0 233 0
1415247300 233 0 233 0
1415247000 233 0 233 0
1415246700 233 0 233 0
1415246400 233 0 233 0
1415246100 233 0 233 0
1415245800 233 0 233 0
1415245500 233 0 233 0
1415245200 233 0 233 0
1415244900 233 0 233 0
1415244600 233 0 233 0
1415244300 233 0 233 0
1415244000 233 0 233 0
1415243700 233 0 233 0
1415243400 233 0 233 0
1415243100 233 0 233 0
1415242800 233 0 233 0
1415242500 233 0 233 0
1415242200 233 0 233 0
1415241900 233 0 233 0
1415241600 233 0 233 0
1415241300 233 0 233 0
1415241000 233 0 233 0
1415240700 233 0 233 0
1415240400 233 0 233 0
1415240100 233 0 233 0
1415239800 233 0 233 0
1415239500 233 0 233 0
1415239200 233 0 233 0
1415238900 233 0 233 0
1415238600 233 0 233 0
1415238300 233 0 233 0
1415238000 233 0 233 0
1415237700 233 0 233 0
1415237400 233 0 233 0
1415237100 233 0 233 0
1415236800 233 0 233 0
1415236500 233 0 233 0
1415236200 233 0 233 0
1415235900 233 0 233 0
1415235600 233 0 233 0
1415235300 233 0 233 0
1415235000 233 0 233 0
1415234700 233 0 233 0
1415234400 233 0 233 0
1415234100 233 0 233 0
1415233800 233 0 233 0
1415233500 233 0 233 0
1415233200 233 0 233 0
1415232900 233 0 233 0
1415232600 233 0 233 0
1415232300 233 0 233 0
1415232000 233 0 233 0
1415231700 233 0 233 0
1415231400 233 0 233 0
1415231100 233 0 233 0
1415230800 233 0 233 0
1415230500 233 0 233 0
1415230200 233 0 233 0
1415229900 233 0 233 0
1415229600 233 0 233 0
1415229300 233 0 233 0
1415229000 233 0 233 0
1415228700 233 0 233 0
1415228400 233 0 233 0
1415228100 233 0 233 0
1415227800 233 0 233 0
1415227500 233 0 233 0
1415227200 233 0 233 0
1415226900 233 0 233 0
1415226600 233 0 233 0
1415226300 233 0 233 0
1415226000 233 0 233 0
1415225700 233 0 233 0
1415225400 233 0 233 0
1415225100 233 0 233 0
1415224800 233 0 233 0
1415224500 233 0 233 0
1415224200 233 0 233 0
1415223900 233 0 233 0
1415223600 233 0 233 0
1415223300 233 0 233 0
1415223000 233 0 233 0
1415222700 233 0 233 0
1415222400 233 0 233 0
1415222100 233 0 233 0
1415221800 233 0 233 0
1415221500 233 0 233 0
1415221200 233 0 233 0
1415220900 233 0 233 0
1415220600 233 0 233 0
1415220300 233 0 233 0
1415220000 233 0 233 0
1415219700 233 0 233 0
1415219400 233 0 233 0
1415219100 233 0 233 0
1415218800 233 0 233 0
1415218500 233 0 233 0
1415218200 233 0 233 0
1415217900 233 0 233 0
1415217600 233 0 233 0
1415217300 233 0 233 0
1415217000 233 0 233 0
1415216700 233 0 233 0
1415216400 233 0 233 0
1415216100 233 0 233 0
1415215800 233 0 233 0
1415215500 233 0 233 0
1415215200 233 0 233 0
1415214900 233 0 233 0
1415214600 233 0 233 0
1415214300 233 0 233 0
1415214000 233 0 233 0
1415213700 233 0 233 0
1415213400 233 0 233 0
1415213100 233 0 233 0
1415212800 233 0 233 0
1415212500 233 0 233 0
1415212200 233 0 233 0
1415211900 233 0 233 0
1415211600 233 0 233 0
1415211300 233 0 233 0
1415211000 233 0 233 0
1415210700 233 0 233 0
1415210400 233 0 233 0
1415210100 233 0 233 0
1415209800 233 0 233 0
1415209500 233 0 233 0
1415209200 233 0 233 0
1415208900 233 0 233 0
1415208600 233 0 233 0
1415208300 233 0 233 0
1415208000 233 0 233 0
1415207700 233 0 233 0
1415207400 233 0 233 0
1415207100 233 0 233 0
1415206800 233 0 233 0
1415206500 233 0 233 0
1415206200 233 0 233 0
1415205900 233 0 233 0
1415205600 233 0 233 0
1415205300 233 0 233 0
1415205000 233 0 233 0
1415204700 233 0 233 0
1415204400 233 0 233 0
1415204100 233 0 233 0
1415203800 233 0 233 0
1415203500 233 0 233 0
1415203200 233 0 233 0
1415202900 233 0 233 0
1415202600 233 0 233 0
1415202300 233 0 233 0
1415202000 233 0 233 0
1415201700 233 0 233 0
1415201400 233 0 233 0
1415201100 233 0 233 0
1415200800 233 0 233 0
1415200500 233 0 233 0
1415200200 233 0 233 0
1415199900 233 0 233 0
1415199600 233 0 233 0
1415199300 233 0 233 0
1415199000 228 0 233 0
1415198700 227 0 227 0
1415198400 227 0 227 0
1415198100 227 0 227 0
1415197800 228 0 229 0
1415197500 229 0 229 0
1415197200 229 0 229 0
1415196900 229 0 229 0
1415196600 229 0 229 0
1415196300 229 0 229 0
1415196000 229 0 229 0
1415195700 233 0 234 0
1415195400 234 0 234 0
1415195100 234 0 234 0
1415194800 234 0 234 0
1415194500 234 0 234 0
1415194200 234 0 234 0
1415193900 236 0 239 0
1415193600 239 0 239 0
1415193300 239 0 239 0
1415193000 129 0 239 0
1415192700 128 0 128 0
1415192400 128 0 128 0
1415192100 128 0 128 0
1415191800 128 0 128 0
1415191500 128 0 128 0
1415191200 128 0 128 0
1415190900 128 0 128 0
1415190600 128 0 128 0
1415190300 128 0 128 0
1415190000 128 0 128 0
1415189700 128 0 128 0
1415189400 128 0 128 0
1415189100 128 0 128 0
1415188800 128 0 128 0
1415188500 128 0 128 0
1415188200 128 0 128 0
1415187900 128 0 128 0
1415187600 128 0 128 0
1415187300 128 0 128 0
1415187000 128 0 128 0
1415186700 128 0 128 0
1415186400 128 0 128 0
1415186100 128 0 128 0
1415185800 128 0 128 0
1415185500 128 0 128 0
1415185200 128 0 128 0
1415184900 128 0 128 0
1415184600 128 0 128 0
1415184300 128 0 128 0
1415184000 128 0 128 0
1415183700 128 0 128 0
1415183400 128 0 128 0
1415183100 128 0 128 0
1415182800 128 0 128 0
1415182500 128 0 128 0
1415182200 128 0 128 0
1415181900 128 0 128 0
1415181600 128 0 128 0
1415181300 128 0 128 0
1415181000 128 0 128 0
1415180700 128 0 128 0
1415180400 128 0 128 0
1415180100 128 0 128 0
1415179800 128 0 128 0
1415179500 128 0 128 0
1415179200 128 0 128 0
1415178900 128 0 128 0
1415178600 128 0 128 0
1415178300 128 0 128 0
1415178000 128 0 128 0
1415177700 128 0 128 0
1415177400 128 0 128 0
1415177100 128 0 128 0
1415176800 128 0 128 0
1415176500 128 0 128 0
1415176200 128 0 128 0
1415175900 128 0 128 0
1415175600 128 0 128 0
1415175300 128 0 128 0
1415175000 128 0 128 0
1415174700 128 0 128 0
1415174400 128 0 128 0
1415174100 128 0 128 0
1415173800 128 0 128 0
1415173500 128 0 128 0
1415173200 128 0 128 0
1415172900 128 0 128 0
1415172600 128 0 128 0
1415172300 128 0 128 0
1415172000 128 0 128 0
1415171700 128 0 128 0
1415171400 128 0 128 0
1415171100 128 0 128 0
1415170800 128 0 128 0
1415170500 128 0 128 0
1415170200 128 0 128 0
1415169900 128 0 128 0
1415169600 128 0 128 0
1415169300 128 0 128 0
1415169000 128 0 128 0
1415168700 128 0 128 0
1415168400 128 0 128 0
1415168100 128 0 128 0
1415167800 128 0 128 0
1415167500 128 0 128 0
1415167200 128 0 128 0
1415166900 128 0 128 0
1415166600 128 0 128 0
1415166300 128 0 128 0
1415166000 128 0 128 0
1415165700 128 0 128 0
1415165400 128 0 128 0
1415165100 128 0 128 0
1415164800 128 0 128 0
1415164500 128 0 128 0
1415164200 128 0 128 0
1415163900 128 0 128 0
1415163600 128 0 128 0
1415163300 128 0 128 0
1415163000 128 0 128 0
1415162700 128 0 128 0
1415162400 128 0 128 0
1415162100 128 0 128 0
1415161800 128 0 128 0
1415161500 128 0 128 0
1415161200 128 0 128 0
1415160900 128 0 128 0
1415160600 128 0 128 0
1415160300 128 0 128 0
1415160000 128 0 128 0
1415159700 128 0 128 0
1415159400 128 0 128 0
1415159100 128 0 128 0
1415158800 128 0 128 0
1415158500 128 0 128 0
1415158200 128 0 128 0
1415157900 128 0 128 0
1415157600 128 0 128 0
1415157300 128 0 128 0
1415157000 128 0 128 0
1415156700 128 0 128 0
1415156400 128 0 128 0
1415156100 128 0 128 0
1415155800 128 0 128 0
1415155500 128 0 128 0
1415155200 128 0 128 0
1415154900 128 0 128 0
1415154600 128 0 128 0
1415154300 128 0 128 0
1415154000 128 0 128 0
1415153700 128 0 128 0
1415153400 128 0 128 0
1415153100 128 0 128 0
1415152800 128 0 128 0
1415152500 128 0 128 0
1415152200 128 0 128 0
1415151900 128 0 128 0
1415151600 128 0 128 0
1415151300 128 0 128 0
1415151000 128 0 128 0
1415150700 128 0 128 0
1415150400 128 0 128 0
1415150100 128 0 128 0
1415149800 128 0 128 0
1415149500 128 0 128 0
1415149200 128 0 128 0
1415148900 128 0 128 0
1415148600 128 0 128 0
1415148300 128 0 128 0
1415148000 128 0 128 0
1415147700 128 0 128 0
1415147400 128 0 128 0
1415147100 128 0 128 0
1415146800 128 0 128 0
1415146500 128 0 128 0
1415146200 128 0 128 0
1415145900 128 0 128 0
1415145600 128 0 128 0
1415145300 128 0 128 0
1415145000 128 0 128 0
1415144700 128 0 128 0
1415144400 128 0 128 0
1415144100 128 0 128 0
1415143800 128 0 128 0
1415143500 128 0 128 0
1415143200 128 0 128 0
1415142900 128 0 128 0
1415142600 128 0 128 0
1415142300 128 0 128 0
1415142000 128 0 128 0
1415141700 128 0 128 0
1415141400 128 0 128 0
1415141100 128 0 128 0
1415140800 128 0 128 0
1415140500 128 0 128 0
1415140200 128 0 128 0
1415139900 128 0 128 0
1415139600 128 0 128 0
1415139300 128 0 128 0
1415139000 128 0 128 0
1415138700 128 0 128 0
1415138400 128 0 128 0
1415138100 128 0 128 0
1415137800 128 0 128 0
1415137500 128 0 128 0
1415137200 128 0 128 0
1415136900 128 0 128 0
1415136600 128 0 128 0
1415136300 128 0 128 0
1415136000 128 0 128 0
1415135700 128 0 128 0
1415135400 128 0 128 0
1415135100 128 0 128 0
1415134800 128 0 128 0
1415134500 128 0 128 0
1415134200 128 0 128 0
1415133900 128 0 128 0
1415133600 128 0 128 0
1415133300 128 0 128 0
1415133000 128 0 128 0
1415132700 128 0 128 0
1415132400 128 0 128 0
1415132100 128 0 128 0
1415131800 128 0 128 0
1415131500 128 0 128 0
1415131200 128 0 128 0
1415130900 128 0 128 0
1415130600 128 0 128 0
1415130300 128 0 128 0
1415130000 128 0 128 0
1415129700 128 0 128 0
1415129400 128 0 128 0
1415129100 128 0 128 0
1415128800 128 0 128 0
1415128500 128 0 128 0
1415128200 128 0 128 0
1415127900 128 0 128 0
1415127600 128 0 128 0
1415127300 128 0 128 0
1415127000 128 0 128 0
1415126700 128 0 128 0
1415126400 128 0 128 0
1415126100 128 0 128 0
1415125800 128 0 128 0
1415125500 128 0 128 0
1415125200 128 0 128 0
1415124900 128 0 128 0
1415124600 128 0 128 0
1415124300 128 0 128 0
1415124000 128 0 128 0
1415123700 128 0 128 0
1415123400 128 0 128 0
1415123100 128 0 128 0
1415122800 128 0 128 0
1415122500 128 0 128 0
1415122200 128 0 128 0
1415121900 128 0 128 0
1415121600 128 0 128 0
1415121300 128 0 128 0
1415121000 128 0 128 0
1415120700 128 0 128 0
1415120400 128 0 128 0
1415120100 128 0 128 0
1415119800 128 0 128 0
1415119500 128 0 128 0
1415119200 128 0 128 0
1415118900 128 0 128 0
1415118600 128 0 128 0
1415118300 128 0 128 0
1415118000 128 0 128 0
1415117700 128 0 128 0
1415117400 128 0 128 0
1415117100 128 0 128 0
1415116800 128 0 128 0
1415116500 128 0 128 0
1415116200 128 0 128 0
1415115900 128 0 128 0
1415115600 128 0 128 0
1415115300 128 0 128 0
1415115000 128 0 128 0
1415114700 128 0 128 0
1415114400 128 0 128 0
1415114100 128 0 128 0
1415113800 128 0 128 0
1415113500 128 0 128 0
1415113200 128 0 128 0
1415112900 128 0 128 0
1415112600 128 0 128 0
1415112300 128 0 128 0
1415112000 128 0 128 0
1415111700 128 0 128 0
1415111400 128 0 128 0
1415111100 128 0 128 0
1415110800 128 0 128 0
1415110500 128 0 128 0
1415110200 128 0 128 0
1415109900 128 0 128 0
1415109600 128 0 128 0
1415109300 128 0 128 0
1415109000 128 0 128 0
1415108700 128 0 128 0
1415108400 128 0 128 0
1415108100 128 0 128 0
1415107800 128 0 128 0
1415107500 128 0 128 0
1415107200 128 0 128 0
1415106900 128 0 128 0
1415106600 128 0 128 0
1415106300 128 0 128 0
1415106000 128 0 128 0
1415105700 128 0 128 0
1415105400 128 0 128 0
1415105100 128 0 128 0
1415104800 128 0 128 0
1415104500 128 0 128 0
1415104200 128 0 128 0
1415103900 128 0 128 0
1415103600 128 0 128 0
1415103300 128 0 128 0
1415103000 128 0 128 0
1415102700 128 0 128 0
1415102400 128 0 128 0
1415102100 128 0 128 0
1415101800 128 0 128 0
1415101500 128 0 128 0
1415101200 128 0 128 0
1415100900 128 0 128 0
1415100600 128 0 128 0
1415100300 128 0 128 0
1415100000 128 0 128 0
1415099700 128 0 128 0
1415099400 128 0 128 0
1415099100 128 0 128 0
1415098800 128 0 128 0
1415098500 128 0 128 0
1415098200 128 0 128 0
1415097900 128 0 128 0
1415097600 128 0 128 0
1415097300 128 0 128 0
1415097000 128 0 128 0
1415096700 128 0 128 0
1415096400 128 0 128 0
1415096100 128 0 128 0
1415095800 128 0 128 0
1415095500 128 0 128 0
1415095200 128 0 128 0
1415094900 128 0 128 0
1415094600 128 0 128 0
1415094300 128 0 128 0
1415094000 128 0 128 0
1415093700 128 0 128 0
1415093400 128 0 128 0
1415093100 128 0 128 0
1415092800 128 0 128 0
1415092500 128 0 128 0
1415092200 128 0 128 0
1415091900 128 0 128 0
1415091600 128 0 128 0
1415091300 128 0 128 0
1415091000 128 0 128 0
1415090700 128 0 128 0
1415090400 128 0 128 0
1415090100 128 0 128 0
1415089800 128 0 128 0
1415089500 128 0 128 0
1415089200 128 0 128 0
1415088900 128 0 128 0
1415088600 128 0 128 0
1415088300 128 0 128 0
1415088000 128 0 128 0
1415087700 128 0 128 0
1415087400 128 0 128 0
1415087100 128 0 128 0
1415086800 128 0 128 0
1415086500 128 0 128 0
1415086200 128 0 128 0
1415085900 128 0 128 0
1415085600 128 0 128 0
1415085300 128 0 128 0
1415085000 128 0 128 0
1415084700 128 0 128 0
1415084400 128 0 128 0
1415084100 128 0 128 0
1415083800 128 0 128 0
1415082600 128 0 128 0
1415080800 128 0 128 0
1415079000 128 0 128 0
1415077200 128 0 128 0
1415075400 128 0 128 0
1415073600 128 0 128 0
1415071800 128 0 128 0
1415070000 128 0 128 0
1415068200 128 0 128 0
1415066400 128 0 128 0
1415064600 128 0 128 0
1415062800 128 0 128 0
1415061000 128 0 128 0
1415059200 128 0 128 0
1415057400 128 0 128 0
1415055600 128 0 128 0
1415053800 128 0 128 0
1415052000 128 0 128 0
1415050200 128 0 128 0
1415048400 128 0 128 0
1415046600 128 0 128 0
1415044800 128 0 128 0
1415043000 128 0 128 0
1415041200 128 0 128 0
1415039400 128 0 128 0
1415037600 128 0 128 0
1415035800 128 0 128 0
1415034000 128 0 128 0
1415032200 128 0 128 0
1415030400 128 0 128 0
1415028600 128 0 128 0
1415026800 128 0 128 0
1415025000 128 0 128 0
1415023200 128 0 128 0
1415021400 128 0 128 0
1415019600 128 0 128 0
1415017800 128 0 128 0
1415016000 128 0 128 0
1415014200 128 0 128 0
1415012400 128 0 128 0
1415010600 128 0 128 0
1415008800 128 0 128 0
1415007000 128 0 128 0
1415005200 128 0 128 0
1415003400 128 0 128 0
1415001600 128 0 128 0
1414999800 128 0 128 0
1414998000 128 0 128 0
1414996200 128 0 128 0
1414994400 128 0 128 0
1414992600 128 0 128 0
1414990800 128 0 128 0
1414989000 128 0 128 0
1414987200 128 0 128 0
1414985400 128 0 128 0
1414983600 128 0 128 0
1414981800 128 0 128 0
1414980000 128 0 128 0
1414978200 128 0 128 0
1414976400 128 0 128 0
1414974600 128 0 128 0
1414972800 128 0 128 0
1414971000 128 0 128 0
1414969200 128 0 128 0
1414967400 128 0 128 0
1414965600 128 0 128 0
1414963800 128 0 128 0
1414962000 128 0 128 0
1414960200 128 0 128 0
1414958400 128 0 128 0
1414956600 128 0 128 0
1414954800 128 0 128 0
1414953000 128 0 128 0
1414951200 128 0 128 0
1414949400 128 0 128 0
1414947600 128 0 128 0
1414945800 128 0 128 0
1414944000 128 0 128 0
1414942200 128 0 128 0
1414940400 128 0 128 0
1414938600 128 0 128 0
1414936800 128 0 128 0
1414935000 128 0 128 0
1414933200 128 0 128 0
1414931400 128 0 128 0
1414929600 128 0 128 0
1414927800 128 0 128 0
1414926000 128 0 128 0
1414924200 128 0 128 0
1414922400 128 0 128 0
1414920600 128 0 128 0
1414918800 128 0 128 0
1414917000 128 0 128 0
1414915200 128 0 128 0
1414913400 128 0 128 0
1414911600 128 0 128 0
1414909800 128 0 128 0
1414908000 128 0 128 0
1414906200 128 0 128 0
1414904400 128 0 128 0
1414902600 128 0 128 0
1414900800 128 0 128 0
1414899000 128 0 128 0
1414897200 128 0 128 0
1414895400 128 0 128 0
1414893600 128 0 128 0
1414891800 128 0 128 0
1414890000 128 0 128 0
1414888200 128 0 128 0
1414886400 128 0 128 0
1414884600 128 0 128 0
1414882800 128 0 128 0
1414881000 128 0 128 0
1414879200 128 0 128 0
1414877400 128 0 128 0
1414875600 128 0 128 0
1414873800 128 0 128 0
1414872000 128 0 128 0
1414870200 128 0 128 0
1414868400 128 0 128 0
1414866600 128 0 128 0
1414864800 128 0 128 0
1414863000 128 0 128 0
1414861200 128 0 128 0
1414859400 128 0 128 0
1414857600 128 0 128 0
1414855800 128 0 128 0
1414854000 128 0 128 0
1414852200 128 0 128 0
1414850400 128 0 128 0
1414848600 128 0 128 0
1414846800 128 0 128 0
1414845000 128 0 128 0
1414843200 128 0 128 0
1414841400 128 0 128 0
1414839600 128 0 128 0
1414837800 128 0 128 0
1414836000 128 0 128 0
1414834200 128 0 128 0
1414832400 128 0 128 0
1414830600 128 0 128 0
1414828800 128 0 128 0
1414827000 128 0 128 0
1414825200 128 0 128 0
1414823400 128 0 128 0
1414821600 128 0 128 0
1414819800 128 0 128 0
1414818000 128 0 128 0
1414816200 128 0 128 0
1414814400 128 0 128 0
1414812600 128 0 128 0
1414810800 128 0 128 0
1414809000 128 0 128 0
1414807200 128 0 128 0
1414805400 128 0 128 0
1414803600 128 0 128 0
1414801800 128 0 128 0
1414800000 128 0 128 0
1414798200 128 0 128 0
1414796400 128 0 128 0
1414794600 128 0 128 0
1414792800 128 0 128 0
1414791000 128 0 128 0
1414789200 128 0 128 0
1414787400 128 0 128 0
1414785600 128 0 128 0
1414783800 128 0 128 0
1414782000 128 0 128 0
1414780200 128 0 128 0
1414778400 128 0 128 0
1414776600 128 0 128 0
1414774800 128 0 128 0
1414773000 128 0 128 0
1414771200 128 0 128 0
1414769400 128 0 128 0
1414767600 128 0 128 0
1414765800 128 0 128 0
1414764000 128 0 128 0
1414762200 128 0 128 0
1414760400 128 0 128 0
1414758600 128 0 128 0
1414756800 128 0 128 0
1414755000 128 0 128 0
1414753200 128 0 128 0
1414751400 128 0 128 0
1414749600 128 0 128 0
1414747800 128 0 128 0
1414746000 128 0 128 0
1414744200 128 0 128 0
1414742400 128 0 128 0
1414740600 128 0 128 0
1414738800 128 0 128 0
1414737000 128 0 128 0
1414735200 128 0 128 0
1414733400 128 0 128 0
1414731600 128 0 128 0
1414729800 128 0 128 0
1414728000 128 0 128 0
1414726200 128 0 128 0
1414724400 128 0 128 0
1414722600 128 0 128 0
1414720800 128 0 128 0
1414719000 128 0 128 0
1414717200 128 0 128 0
1414715400 128 0 128 0
1414713600 128 0 128 0
1414711800 128 0 128 0
1414710000 128 0 128 0
1414708200 128 0 128 0
1414706400 128 0 128 0
1414704600 128 0 128 0
1414702800 128 0 128 0
1414701000 128 0 128 0
1414699200 128 0 128 0
1414697400 128 0 128 0
1414695600 128 0 128 0
1414693800 128 0 128 0
1414692000 128 0 128 0
1414690200 128 0 128 0
1414688400 128 0 128 0
1414686600 128 0 128 0
1414684800 128 0 128 0
1414683000 128 0 128 0
1414681200 128 0 128 0
1414679400 128 0 128 0
1414677600 128 0 128 0
1414675800 128 0 128 0
1414674000 128 0 128 0
1414672200 128 0 128 0
1414670400 128 0 128 0
1414668600 128 0 128 0
1414666800 128 0 128 0
1414665000 128 0 128 0
1414663200 128 0 128 0
1414661400 128 0 128 0
1414659600 128 0 128 0
1414657800 128 0 128 0
1414656000 128 0 128 0
1414654200 128 0 128 0
1414652400 128 0 128 0
1414650600 128 0 128 0
1414648800 128 0 128 0
1414647000 128 0 128 0
1414645200 128 0 128 0
1414643400 128 0 128 0
1414641600 128 0 128 0
1414639800 128 0 128 0
1414638000 128 0 128 0
1414636200 128 0 128 0
1414634400 128 0 128 0
1414632600 128 0 128 0
1414630800 128 0 128 0
1414629000 128 0 128 0
1414627200 128 0 128 0
1414625400 128 0 128 0
1414623600 128 0 128 0
1414621800 128 0 128 0
1414620000 128 0 128 0
1414618200 128 0 128 0
1414616400 128 0 128 0
1414614600 128 0 128 0
1414612800 128 0 128 0
1414611000 128 0 128 0
1414609200 128 0 128 0
1414607400 128 0 128 0
1414605600 128 0 128 0
1414603800 128 0 128 0
1414602000 128 0 128 0
1414600200 128 0 128 0
1414598400 128 0 128 0
1414596600 128 0 128 0
1414594800 128 0 128 0
1414593000 128 0 128 0
1414591200 128 0 128 0
1414589400 128 0 128 0
1414587600 128 0 128 0
1414585800 128 0 128 0
1414584000 128 0 128 0
1414582200 128 0 128 0
1414580400 128 0 128 0
1414578600 128 0 128 0
1414576800 128 0 128 0
1414575000 128 0 128 0
1414573200 128 0 128 0
1414571400 128 0 128 0
1414569600 128 0 128 0
1414567800 128 0 128 0
1414566000 128 0 128 0
1414564200 128 0 128 0
1414562400 128 0 128 0
1414560600 128 0 128 0
1414558800 128 0 128 0
1414557000 128 0 128 0
1414555200 128 0 128 0
1414553400 128 0 128 0
1414551600 128 0 128 0
1414549800 128 0 128 0
1414548000 128 0 128 0
1414546200 128 0 128 0
1414544400 128 0 128 0
1414542600 128 0 128 0
1414540800 128 0 128 0
1414539000 128 0 128 0
1414537200 128 0 128 0
1414535400 128 0 128 0
1414533600 128 0 128 0
1414531800 128 0 128 0
1414530000 128 0 128 0
1414528200 128 0 128 0
1414526400 128 0 128 0
1414524600 128 0 128 0
1414522800 128 0 128 0
1414521000 128 0 128 0
1414519200 128 0 128 0
1414517400 128 0 128 0
1414515600 128 0 128 0
1414513800 128 0 128 0
1414512000 128 0 128 0
1414510200 128 0 128 0
1414508400 128 0 128 0
1414506600 128 0 128 0
1414504800 128 0 128 0
1414503000 128 0 128 0
1414501200 128 0 128 0
1414499400 128 0 128 0
1414497600 128 0 128 0
1414495800 128 0 128 0
1414494000 128 0 128 0
1414492200 128 0 128 0
1414490400 128 0 128 0
1414488600 128 0 128 0
1414486800 128 0 128 0
1414485000 128 0 128 0
1414483200 128 0 128 0
1414481400 128 0 128 0
1414479600 128 0 128 0
1414477800 128 0 128 0
1414476000 128 0 128 0
1414474200 128 0 128 0
1414472400 128 0 128 0
1414470600 128 0 128 0
1414468800 128 0 128 0
1414467000 128 0 128 0
1414465200 128 0 128 0
1414463400 128 0 128 0
1414461600 128 0 128 0
1414459800 128 0 128 0
1414458000 128 0 128 0
1414456200 128 0 128 0
1414454400 128 0 128 0
1414452600 128 0 128 0
1414450800 128 0 128 0
1414449000 128 0 130 0
1414447200 129 0 130 0
1414445400 128 0 129 0
1414443600 129 0 131 0
1414441800 130 0 131 0
1414440000 130 0 132 0
1414438200 132 0 132 0
1414436400 132 0 134 0
1414434600 134 0 136 0
1414432800 136 0 136 0
1414431000 136 0 138 0
1414429200 138 0 139 0
1414427400 138 0 139 0
1414425600 136 0 137 0
1414423800 136 0 150 0
1414422000 150 0 178 0
1414420200 178 0 184 0
1414418400 183 0 184 0
1414416600 181 0 196 0
1414414800 195 0 196 0
1414413000 195 0 198 0
1414411200 197 0 198 0
1414409400 193 0 193 0
1414407600 193 0 195 0
1414405800 194 0 195 0
1414404000 193 0 194 0
1414402200 193 0 194 0
1414400400 193 0 195 0
1414398600 194 0 195 0
1414396800 187 0 188 0
1414395000 169 0 170 0
1414393200 168 0 170 0
1414391400 169 0 170 0
1414389600 168 0 169 0
1414387800 168 0 169 0
1414386000 155 0 156 0
1414384200 154 0 155 0
1414382400 154 0 177 0
1414380600 176 0 177 0
1414378800 172 0 173 0
1414377000 168 0 169 0
1414375200 154 0 155 0
1414373400 149 0 149 0
1414371600 149 0 160 0
1414369800 159 0 160 0
1414368000 158 0 159 0
1414366200 129 0 130 0
1414364400 128 0 131 0
1414362600 131 0 131 0
1414360800 131 0 131 0
1414359000 130 0 131 0
1414357200 130 0 130 0
1414355400 130 0 133 0
1414353600 133 0 136 0
1414351800 136 0 139 0
1414350000 139 0 141 0
1414348200 141 0 142 0
1414346400 142 0 143 0
1414344600 143 0 143 0
1414342800 143 0 145 0
1414341000 145 0 177 0
1414339200 177 0 177 0
1414337400 177 0 178 0
1414335600 178 0 178 0
1414333800 178 0 178 0
1414332000 177 0 178 0
1414330200 176 0 176 0
1414328400 175 0 176 0
1414326600 174 0 175 0
1414324800 171 0 172 0
1414323000 170 0 170 0
1414321200 170 0 172 0
1414319400 172 0 186 0
1414317600 185 0 186 0
1414315800 185 0 185 0
1414314000 185 0 186 0
1414312200 186 0 187 0
1414310400 186 0 187 0
1414308600 185 0 186 0
1414306800 179 0 180 0
1414305000 179 0 179 0
1414303200 179 0 181 0
1414301400 180 0 181 0
1414299600 177 0 181 0
1414297800 181 0 182 0
1414296000 181 0 182 0
1414294200 179 0 180 0
1414292400 178 0 179 0
1414290600 175 0 176 0
1414288800 174 0 175 0
1414287000 174 0 175 0
1414285200 173 0 174 0
1414283400 170 0 171 0
1414281600 143 0 145 0
1414279800 144 0 145 0
1414278000 143 0 147 0
1414276200 146 0 147 0
1414274400 143 0 144 0
1414272600 144 0 146 0
1414270800 145 0 146 0
1414269000 144 0 144 0
1414267200 144 0 144 0
1414265400 144 0 146 0
1414263600 146 0 146 0
1414261800 146 0 148 0
1414260000 148 0 149 0
1414258200 149 0 154 0
1414256400 154 0 156 0
1414254600 156 0 157 0
1414252800 156 0 157 0
1414251000 156 0 188 0
1414249200 188 0 189 0
1414247400 188 0 189 0
1414245600 187 0 187 0
1414243800 186 0 187 0
1414242000 184 0 187 0
1414240200 186 0 187 0
1414238400 182 0 184 0
1414236600 184 0 185 0
1414234800 184 0 185 0
1414233000 183 0 185 0
1414231200 184 0 185 0
1414229400 183 0 184 0
1414227600 177 0 178 0
1414225800 176 0 177 0
1414224000 170 0 171 0
1414222200 171 0 184 0
1414220400 183 0 184 0
1414218600 182 0 183 0
1414216800 182 0 183 0
1414215000 174 0 175 0
1414213200 165 0 168 0
1414211400 167 0 168 0
1414209600 165 0 166 0
1414207800 159 0 159 0
1414206000 159 0 162 0
1414204200 162 0 166 0
1414202400 165 0 166 0
1414200600 161 0 162 0
1414198800 140 0 141 0
1414197000 135 0 136 0
1414195200 133 0 133 0
1414193400 133 0 134 0
1414191600 133 0 134 0
1414189800 126 0 128 0
1414188000 128 0 132 0
1414186200 132 0 134 0
1414184400 134 0 135 0
1414182600 135 0 139 0
1414180800 138 0 139 0
1414179000 138 0 138 0
1414177200 138 0 140 0
1414175400 140 0 142 0
1414173600 142 0 142 0
1414171800 142 0 145 0
1414170000 145 0 146 0
1414168200 146 0 146 0
1414166400 146 0 146 0
1414164600 146 0 175 0
1414162800 174 0 175 0
1414161000 172 0 172 0
1414159200 171 0 172 0
1414157400 170 0 171 0
1414155600 164 0 164 0
1414153800 164 0 166 0
1414152000 166 0 166 0
1414150200 165 0 166 0
1414148400 161 0 162 0
1414146600 160 0 161 0
1414144800 156 0 157 0
1414143000 144 0 145 0
1414141200 122 0 123 0
1414139400 112 0 113 0
1414137600 108 0 109 0
1414135800 109 0 111 0
1414134000 111 0 121 0
1414132200 120 0 121 0
1414130400 110 0 111 0
1414128600 106 0 107 0
1414126800 84 0 116 0
1414125000 116 0 143 0
1414123200 142 0 143 0
1414121400 141 0 142 0
1414119600 139 0 140 0
1414117800 132 0 133 0
1414116000 131 0 132 0
1414114200 130 0 133 0
1414112400 133 0 138 0
1414110600 137 0 138 0
1414108800 133 0 134 0
1414107000 111 0 113 0
1414105200 113 0 117 0
1414103400 116 0 117 0
1414101600 116 0 120 0
1414099800 120 0 121 0
1414098000 121 0 123 0
1414096200 123 0 124 0
1414094400 124 0 125 0
1414092600 125 0 127 0
1414090800 126 0 127 0
1414089000 126 0 126 0
1414087200 125 0 126 0
1414085400 123 0 125 0
1414083600 125 0 130 0
1414081800 129 0 130 0
1414080000 129 0 130 0
1414078200 130 0 132 0
1414076400 132 0 137 0
1414074600 136 0 137 0
1414072800 135 0 136 0
1414071000 127 0 128 0
1414069200 128 0 131 0
1414067400 131 0 131 0
1414065600 131 0 139 0
1414063800 139 0 139 0
1414062000 138 0 139 0
1414060200 138 0 143 0
1414058400 142 0 143 0
1414056600 139 0 140 0
1414054800 138 0 139 0
1414053000 138 0 140 0
1414051200 140 0 140 0
1414049400 140 0 140 0
1414047600 140 0 141 0
1414045800 140 0 141 0
1414044000 139 0 140 0
1414042200 131 0 132 0
1414040400 120 0 122 0
1414038600 122 0 122 0
1414036800 122 0 122 0
1414035000 122 0 122 0
1414033200 121 0 122 0
1414031400 118 0 118 0
1414029600 118 0 121 0
1414027800 121 0 126 0
1414026000 125 0 126 0
1414024200 122 0 123 0
1414022400 121 0 122 0
1414020600 121 0 123 0
1414018800 123 0 124 0
1414017000 124 0 124 0
1414015200 124 0 125 0
1414013400 124 0 125 0
1414011600 124 0 125 0
1414009800 125 0 136 0
1414008000 136 0 137 0
1414006200 137 0 138 0
1414004400 138 0 138 0
1414002600 138 0 140 0
1414000800 140 0 144 0
1413993600 147 0 150 0
1413986400 160 0 172 0
1413979200 165 0 167 0
1413972000 165 0 167 0
1413964800 164 0 166 0
1413957600 165 0 168 0
1413950400 159 0 169 0
1413943200 131 0 142 0
1413936000 125 0 127 0
1413928800 126 0 127 0
1413921600 126 0 128 0
1413914400 128 0 132 0
1413907200 131 0 133 0
1413900000 127 0 135 0
1413892800 113 0 121 0
1413885600 123 0 125 0
1413878400 128 0 140 0
1413871200 151 0 161 0
1413864000 160 0 161 0
1413856800 151 0 163 0
1413849600 142 0 163 0
1413842400 138 0 141 0
1413835200 139 0 142 0
1413828000 158 0 171 0
1413820800 170 0 172 0
1413813600 174 0 186 0
1413806400 184 0 188 0
1413799200 190 0 192 0
1413792000 179 0 191 0
1413784800 174 0 176 0
1413777600 168 0 171 0
1413770400 124 0 168 0
1413763200 102 0 104 0
1413756000 103 0 104 0
1413748800 103 0 104 0
1413741600 107 0 113 0
1413734400 114 0 117 0
1413727200 109 0 117 0
1413720000 125 0 135 0
1413712800 138 0 151 0
1413705600 145 0 151 0
1413698400 134 0 146 0
1413691200 132 0 136 0
1413684000 129 0 133 0
1413676800 134 0 136 0
1413669600 137 0 139 0
1413662400 140 0 142 0
1413655200 138 0 140 0
1413648000 158 0 173 0
1413640800 175 0 188 0
1413633600 190 0 195 0
1413626400 192 0 197 0
1413619200 189 0 191 0
1413612000 185 0 188 0
1413604800 184 0 191 0
1413597600 176 0 188 0
1413590400 179 0 182 0
1413583200 185 0 189 0
1413576000 188 0 194 0
1413568800 191 0 194 0
1413561600 194 0 196 0
1413554400 193 0 197 0
1413547200 173 0 188 0
1413540000 141 0 159 0
1413532800 113 0 127 0
1413525600 111 0 153 0
1413518400 165 0 171 0
1413511200 143 0 165 0
1413504000 148 0 150 0
1413496800 151 0 154 0
1413489600 155 0 158 0
1413482400 166 0 175 0
1413475200 170 0 175 0
1413468000 172 0 176 0
1413460800 166 0 192 0
1413453600 196 0 200 0
1413446400 200 0 203 0
1413439200 200 0 203 0
1413432000 191 0 202 0
1413424800 157 0 175 0
1413417600 159 0 175 0
1413410400 148 0 150 0
1413403200 151 0 153 0
1413396000 155 0 184 0
1413388800 189 0 201 0
1413381600 178 0 182 0
1413374400 173 0 178 0
1413367200 169 0 176 0
1413360000 172 0 177 0
1413352800 150 0 156 0
1413345600 138 0 150 0
1413338400 114 0 125 0
1413331200 123 0 127 0
1413324000 128 0 132 0
1413316800 132 0 135 0
1413309600 137 0 144 0
1413302400 141 0 142 0
1413295200 142 0 145 0
1413288000 133 0 143 0
1413280800 137 0 139 0
1413273600 145 0 154 0
1413266400 136 0 154 0
1413259200 111 0 129 0
1413252000 122 0 129 0
1413244800 113 0 124 0
1413237600 111 0 116 0
1413230400 116 0 119 0
1413223200 131 0 143 0
1413216000 153 0 160 0
1413208800 161 0 164 0
1413201600 169 0 174 0
1413194400 166 0 170 0
1413187200 164 0 168 0
1413180000 163 0 164 0
1413172800 162 0 165 0
1413165600 153 0 160 0
1413158400 142 0 150 0
1413151200 135 0 137 0
1413144000 144 0 154 0
1413136800 154 0 165 0
1413129600 168 0 172 0
1413122400 168 0 172 0
1413115200 165 0 168 0
1413108000 162 0 167 0
1413100800 155 0 178 0
1413093600 169 0 178 0
1413086400 166 0 168 0
1413079200 139 0 149 0
1413072000 133 0 135 0
1413064800 133 0 135 0
1413057600 135 0 137 0
1413050400 136 0 139 0
1413043200 139 0 151 0
1413036000 149 0 168 0
1413028800 168 0 171 0
1413021600 169 0 178 0
1413014400 171 0 178 0
1413007200 167 0 172 0
1413000000 164 0 183 0
1412992800 170 0 183 0
1412985600 164 0 168 0
1412978400 170 0 173 0
1412971200 175 0 178 0
1412964000 176 0 187 0
1412956800 190 0 202 0
1412949600 192 0 202 0
1412942400 173 0 181 0
1412935200 172 0 184 0
1412928000 148 0 158 0
1412920800 150 0 208 0
1412913600 205 0 209 0
1412906400 182 0 189 0
1412899200 192 0 197 0
1412892000 194 0 197 0
1412884800 197 0 205 0
1412877600 214 0 228 0
1412870400 228 0 234 0
1412863200 228 0 234 0
1412856000 193 0 206 0
1412848800 194 0 197 0
1412841600 184 0 199 0
1412834400 158 0 176 0
1412827200 176 0 198 0
1412820000 156 0 187 0
1412812800 145 0 149 0
1412805600 148 0 153 0
1412798400 158 0 172 0
1412791200 174 0 180 0
1412784000 178 0 187 0
1412776800 186 0 190 0
1412769600 179 0 194 0
1412762400 196 0 202 0
1412755200 187 0 198 0
1412748000 183 0 201 0
1412740800 200 0 203 0
1412733600 173 0 179 0
1412726400 179 0 181 0
1412719200 178 0 179 0
1412712000 179 0 183 0
1412704800 186 0 193 0
1412697600 196 0 203 0
1412690400 206 0 211 0
1412683200 195 0 211 0
1412676000 194 0 197 0
1412668800 197 0 203 0
1412661600 200 0 206 0
1412654400 196 0 204 0
1412647200 145 0 176 0
1412640000 97 0 109 0
1412632800 96 0 97 0
1412625600 100 0 124 0
1412618400 124 0 158 0
1412611200 144 0 161 0
1412604000 166 0 187 0
1412596800 175 0 177 0
1412589600 180 0 184 0
1412582400 178 0 189 0
1412575200 188 0 194 0
1412568000 188 0 206 0
1412560800 150 0 172 0
1412553600 142 0 145 0
1412546400 142 0 158 0
1412539200 170 0 177 0
1412532000 181 0 190 0
1412524800 193 0 197 0
1412517600 193 0 197 0
1412510400 193 0 197 0
1412503200 195 0 198 0
1412496000 191 0 193 0
1412488800 189 0 194 0
1412481600 190 0 194 0
1412474400 156 0 179 0
1412467200 133 0 140 0
1412460000 140 0 144 0
1412452800 158 0 167 0
1412445600 167 0 179 0
1412438400 181 0 189 0
1412431200 187 0 189 0
1412424000 179 0 189 0
1412416800 185 0 189 0
1412409600 183 0 188 0
1412402400 182 0 186 0
1412395200 167 0 180 0
1412388000 126 0 139 0
1412380800 122 0 124 0
1412373600 128 0 132 0
1412366400 133 0 137 0
1412359200 140 0 145 0
1412352000 146 0 150 0
1412344800 146 0 151 0
1412337600 131 0 143 0
1412330400 126 0 129 0
1412323200 119 0 135 0
1412316000 134 0 194 0
1412308800 189 0 195 0
1412301600 173 0 183 0
1412294400 174 0 177 0
1412287200 179 0 182 0
1412280000 183 0 187 0
1412272800 189 0 198 0
1412265600 191 0 198 0
1412258400 191 0 194 0
1412251200 187 0 193 0
1412244000 191 0 195 0
1412236800 190 0 192 0
1412229600 192 0 196 0
1412222400 188 0 196 0
1412215200 178 0 184 0
1412208000 176 0 179 0
1412200800 177 0 180 0
1412193600 179 0 183 0
1412186400 183 0 186 0
1412179200 153 0 171 0
1412172000 176 0 185 0
1412164800 187 0 191 0
1412157600 191 0 194 0
1412150400 193 0 196 0
1412143200 188 0 193 0
1412136000 187 0 196 0
1412128800 164 0 178 0
1412121600 155 0 158 0
1412114400 155 0 158 0
1412107200 160 0 167 0
1412100000 169 0 174 0
1412092800 169 0 174 0
1412085600 173 0 176 0
1412078400 168 0 170 0
1412071200 163 0 170 0
1412064000 172 0 183 0
1412056800 182 0 186 0
1412049600 180 0 186 0
1412042400 169 0 173 0
1412035200 171 0 172 0
1412028000 171 0 175 0
1412020800 178 0 186 0
1412013600 185 0 186 0
1412006400 174 0 207 0
1411999200 211 0 223 0
1411992000 201 0 207 0
1411984800 205 0 210 0
1411977600 208 0 210 0
1411970400 208 0 215 0
1411963200 220 0 224 0
1411956000 199 0 216 0
1411948800 195 0 198 0
1411941600 198 0 199 0
1411934400 199 0 202 0
1411927200 205 0 211 0
1411920000 212 0 230 0
1411912800 228 0 230 0
1411905600 201 0 211 0
1411898400 204 0 206 0
1411891200 206 0 210 0
1411884000 208 0 211 0
1411876800 184 0 193 0
1411869600 154 0 179 0
1411862400 155 0 159 0
1411855200 158 0 161 0
1411848000 160 0 164 0
1411840800 166 0 180 0
1411833600 188 0 232 0
1411826400 213 0 232 0
1411819200 182 0 209 0
1411812000 158 0 162 0
1411804800 160 0 168 0
1411797600 165 0 173 0
1411790400 164 0 167 0
1411783200 160 0 183 0
1411776000 179 0 183 0
1411768800 179 0 181 0
1411761600 181 0 187 0
1411754400 187 0 190 0
1411747200 187 0 193 0
1411740000 174 0 184 0
1411732800 173 0 178 0
1411725600 166 0 173 0
1411718400 147 0 158 0
1411711200 140 0 189 0
1411704000 180 0 189 0
1411696800 162 0 175 0
1411689600 172 0 180 0
1411682400 178 0 185 0
1411675200 185 0 193 0
1411668000 201 0 206 0
1411660800 200 0 227 0
1411653600 236 0 243 0
1411646400 227 0 231 0
1411639200 214 0 217 0
1411632000 214 0 219 0
1411624800 225 0 233 0
1411617600 239 0 245 0
1411610400 215 0 234 0
1411603200 203 0 208 0
1411596000 210 0 216 0
1411588800 221 0 228 0
1411581600 231 0 234 0
1411574400 236 0 244 0
1411567200 241 0 244 0
1411560000 239 0 247 0
1411552800 247 0 254 0
1411545600 250 0 254 0
1411538400 239 0 244 0
1411531200 240 0 246 0
1411524000 234 0 245 0
1411516800 214 0 224 0
1411509600 217 0 221 0
1411502400 224 0 228 0
1411495200 228 0 232 0
1411488000 233 0 241 0
1411480800 242 0 246 0
1411473600 242 0 246 0
1411466400 237 0 244 0
1411459200 216 0 220 0
1411452000 211 0 216 0
1411444800 212 0 235 0
1411437600 217 0 235 0
1411430400 193 0 210 0
1411423200 191 0 193 0
1411416000 194 0 199 0
1411408800 202 0 210 0
1411401600 213 0 218 0
1411394400 215 0 218 0
1411387200 230 0 242 0
1411380000 223 0 230 0
1411372800 228 0 230 0
1411365600 222 0 229 0
1411358400 217 0 220 0
1411351200 161 0 193 0
1411344000 173 0 179 0
1411336800 178 0 186 0
1411329600 187 0 191 0
1411322400 191 0 192 0
1411315200 178 0 191 0
1411308000 177 0 190 0
1411300800 173 0 187 0
1411293600 189 0 196 0
1411286400 202 0 207 0
1411279200 204 0 208 0
1411272000 194 0 199 0
1411264800 193 0 199 0
1411257600 190 0 194 0
1411250400 190 0 194 0
1411243200 197 0 202 0
1411236000 203 0 206 0
1411228800 205 0 208 0
1411221600 210 0 212 0
1411214400 210 0 214 0
1411207200 218 0 232 0
1411200000 233 0 238 0
1411192800 233 0 237 0
1411185600 231 0 237 0
1411178400 215 0 222 0
1411171200 203 0 206 0
1411164000 206 0 209 0
1411156800 212 0 217 0
1411149600 219 0 224 0
1411142400 225 0 228 0
1411135200 228 0 232 0
1411128000 221 0 231 0
1411120800 204 0 209 0
1411113600 187 0 198 0
1411106400 157 0 205 0
1411099200 214 0 237 0
1411092000 217 0 229 0
1411084800 172 0 225 0
1411077600 226 0 228 0
1411070400 232 0 239 0
1411063200 240 0 248 0
1411056000 247 0 252 0
1411048800 250 0 254 0
1411041600 254 0 260 0
1411034400 256 0 260 0
1411027200 251 0 254 0
1411020000 248 0 251 0
1411012800 245 0 249 0
1411005600 225 0 247 0
1410998400 222 0 229 0
1410991200 226 0 234 0
1410984000 237 0 244 0
1410976800 249 0 261 0
1410969600 263 0 267 0
1410962400 260 0 264 0
1410955200 267 0 271 0
1410948000 261 0 265 0
1410940800 248 0 260 0
1410933600 249 0 253 0
1410926400 262 0 274 0
1410919200 252 0 271 0
1410912000 232 0 242 0
1410904800 228 0 232 0
1410897600 232 0 237 0
1410890400 238 0 249 0
1410883200 250 0 254 0
1410876000 254 0 271 0
1410868800 274 0 281 0
1410861600 277 0 281 0
1410854400 264 0 274 0
1410847200 261 0 269 0
1410840000 276 0 280 0
1410832800 270 0 280 0
1410825600 250 0 261 0
1410818400 242 0 249 0
1410811200 256 0 268 0
1410804000 270 0 275 0
1410796800 252 0 273 0
1410789600 242 0 244 0
1410782400 238 0 254 0
1410775200 252 0 255 0
1410768000 265 0 281 0
1410760800 268 0 281 0
1410753600 262 0 266 0
1410746400 223 0 251 0
1410739200 212 0 215 0
1410732000 212 0 217 0
1410724800 220 0 225 0
1410717600 227 0 240 0
1410710400 242 0 248 0
1410703200 246 0 248 0
1410696000 228 0 243 0
1410688800 222 0 226 0
1410681600 220 0 223 0
1410674400 217 0 222 0
1410667200 207 0 212 0
1410660000 207 0 211 0
1410652800 207 0 211 0
1410645600 214 0 217 0
1410638400 219 0 224 0
1410631200 227 0 237 0
1410624000 239 0 253 0
1410616800 252 0 256 0
1410609600 252 0 256 0
1410602400 256 0 261 0
1410595200 255 0 259 0
1410588000 238 0 244 0
1410580800 224 0 240 0
1410573600 192 0 207 0
1410566400 152 0 197 0
1410559200 195 0 212 0
1410552000 213 0 216 0
1410544800 215 0 225 0
1410537600 224 0 228 0
1410530400 225 0 230 0
1410523200 213 0 219 0
1410516000 197 0 207 0
1410508800 180 0 190 0
1410501600 168 0 213 0
1410494400 215 0 219 0
1410487200 215 0 223 0
1410480000 218 0 223 0
1410472800 222 0 225 0
1410465600 228 0 235 0
1410458400 239 0 253 0
1410451200 239 0 248 0
1410444000 246 0 249 0
1410436800 255 0 263 0
1410429600 258 0 261 0
1410422400 249 0 251 0
1410415200 247 0 253 0
1410408000 222 0 226 0
1410400800 201 0 223 0
1410393600 182 0 187 0
1410386400 181 0 185 0
1410379200 188 0 195 0
1410372000 196 0 204 0
1410364800 212 0 217 0
1410357600 218 0 230 0
1410350400 236 0 242 0
1410343200 238 0 242 0
1410336000 227 0 231 0
1410328800 219 0 223 0
1410321600 217 0 223 0
1410314400 197 0 218 0
1410307200 193 0 197 0
1410300000 196 0 198 0
1410292800 198 0 201 0
1410285600 205 0 212 0
1410278400 214 0 220 0
1410271200 213 0 218 0
1410264000 213 0 224 0
1410256800 231 0 240 0
1410249600 231 0 234 0
1410242400 213 0 232 0
1410235200 202 0 213 0
1410228000 158 0 200 0
1410220800 147 0 148 0
1410213600 148 0 152 0
1410206400 146 0 152 0
1410199200 152 0 157 0
1410192000 168 0 178 0
1410184800 180 0 189 0
1410177600 190 0 193 0
1410170400 193 0 194 0
1410163200 192 0 195 0
1410156000 190 0 191 0
1410148800 173 0 176 0
1410141600 157 0 161 0
1410134400 154 0 159 0
1410127200 152 0 155 0
1410120000 163 0 178 0
1410112800 184 0 187 0
1410105600 190 0 203 0
1410098400 189 0 201 0
1410091200 179 0 189 0
1410084000 185 0 191 0
1410076800 198 0 213 0
1410069600 213 0 215 0
1410062400 204 0 214 0
1410055200 182 0 191 0
1410048000 176 0 188 0
1410040800 189 0 193 0
1410033600 193 0 198 0
1410026400 202 0 214 0
1410019200 214 0 217 0
1410012000 216 0 226 0
1410004800 224 0 227 0
1409997600 228 0 232 0
1409990400 228 0 229 0
1409983200 221 0 229 0
1409976000 220 0 228 0
1409968800 206 0 216 0
1409961600 192 0 198 0
1409954400 194 0 203 0
1409947200 207 0 211 0
1409940000 204 0 219 0
1409932800 222 0 226 0
1409925600 224 0 227 0
1409918400 202 0 212 0
1409911200 186 0 189 0
1409904000 163 0 171 0
1409896800 167 0 217 0
1409889600 223 0 231 0
1409882400 208 0 217 0
1409875200 216 0 226 0
1409868000 226 0 231 0
1409860800 229 0 232 0
1409853600 232 0 249 0
1409846400 257 0 265 0
1409839200 259 0 262 0
1409832000 253 0 262 0
1409824800 245 0 248 0
1409817600 250 0 256 0
1409810400 254 0 259 0
1409803200 256 0 259 0
1409796000 235 0 251 0
1409788800 208 0 224 0
1409781600 199 0 202 0
1409774400 200 0 218 0
1409767200 221 0 225 0
1409760000 230 0 239 0
1409752800 237 0 245 0
1409745600 246 0 256 0
1409738400 256 0 258 0
1409731200 252 0 258 0
1409724000 250 0 252 0
1409716800 231 0 251 0
1409709600 190 0 215 0
1409702400 173 0 181 0
1409695200 176 0 181 0
1409688000 181 0 188 0
1409680800 224 0 275 0
1409616000 229 0 263 0
1409529600 201 0 228 0
1409443200 191 0 235 0
1409356800 166 0 193 0
1409270400 182 0 223 0
1409184000 172 0 201 0
1409097600 179 0 201 0
1409011200 147 0 170 0
1408924800 137 0 157 0
1408838400 176 0 213 0
1408752000 158 0 185 0
1408665600 155 0 185 0
1408579200 149 0 186 0
1408492800 160 0 181 0
1408406400 164 0 206 0
1408320000 131 0 154 0
1408233600 150 0 178 0
1408147200 164 0 196 0
1408060800 179 0 204 0
1407974400 170 0 203 0
1407888000 168 0 188 0
1407801600 154 0 182 0
1407715200 141 0 184 0
1407628800 161 0 183 0
1407542400 165 0 223 0
1407456000 175 0 205 0
1407369600 185 0 213 0
1407283200 176 0 203 0
1407196800 180 0 204 0
1407110400 161 0 179 0
1407024000 177 0 210 0
1406937600 163 0 207 0
1406851200 183 0 212 0
1406764800 171 0 201 0
1406678400 146 0 163 0
1406592000 139 0 165 0
1406505600 132 0 156 0
1406419200 144 0 175 0
1406332800 154 0 178 0
1406246400 177 0 192 0
1406160000 178 0 191 0
1406073600 170 0 187 0
1405987200 168 0 190 0
1405900800 157 0 188 0
1405814400 179 0 199 0
1405728000 160 0 193 0
1405641600 190 0 210 0
1405555200 166 0 189 0
1405468800 144 0 159 0
1405382400 142 0 160 0
1405296000 154 0 171 0
1405209600 164 0 187 0
1405123200 176 0 207 0
1405036800 166 0 188 0
1404950400 167 0 188 0
1404864000 182 0 195 0
1404777600 177 0 202 0
1404691200 146 0 159 0
1404604800 163 0 190 0
1404518400 154 0 181 0
1404432000 182 0 197 0
1404345600 177 0 198 0
1404259200 180 0 194 0
1404172800 184 0 195 0
1404086400 159 0 183 0
1404000000 170 0 187 0
1403913600 156 0 200 0
1403827200 166 0 190 0
1403740800 175 0 189 0
1403654400 167 0 183 0
1403568000 160 0 178 0
1403481600 150 0 166 0
1403395200 145 0 164 0
1403308800 131 0 152 0
1403222400 137 0 158 0
1403136000 145 0 162 0
1403049600 130 0 170 0
1402963200 114 0 125 0
1402876800 79 0 140 0
1402790400 135 0 150 0
1402704000 134 0 164 0
1402617600 125 0 154 0
1402531200 127 0 143 0
1402444800 130 0 152 0
1402358400 128 0 151 0
1402272000 119 0 137 0
1402185600 131 0 150 0
1402099200 135 0 155 0
1402012800 144 0 159 0
1401926400 136 0 160 0
1401840000 123 0 146 0
1401753600 119 0 143 0
1401667200 142 0 163 0
1401580800 171 0 187 0
1401494400 162 0 183 0
1401408000 132 0 150 0
1401321600 131 0 150 0
1401235200 149 0 172 0
1401148800 145 0 167 0
1401062400 139 0 158 0
1400976000 147 0 161 0
1400889600 152 0 166 0
1400803200 157 0 175 0
1400716800 138 0 167 0
1400630400 143 0 180 0
1400544000 161 0 185 0
1400457600 133 0 151 0
1400371200 131 0 152 0
1400284800 96 0 118 0
1400198400 113 0 142 0
1400112000 126 0 149 0
1400025600 127 0 140 0
1399939200 126 0 145 0
1399852800 108 0 148 0
1399766400 145 0 156 0
1399680000 149 0 163 0
1399593600 143 0 159 0
1399507200 139 0 163 0
1399420800 157 0 191 0
1399334400 157 0 184 0
1399248000 138 0 175 0
1399161600 129 0 140 0
1399075200 128 0 145 0
1398988800 135 0 148 0
1398902400 141 0 159 0
1398816000 152 0 176 0
1398729600 141 0 157 0
1398643200 132 0 152 0
1398556800 121 0 135 0
1398470400 118 0 142 0
1398384000 129 0 143 0
1398297600 119 0 147 0
1398211200 131 0 147 0
1398124800 125 0 148 0
1398038400 125 0 140 0
1397952000 136 0 161 0
1397865600 141 0 163 0
1397779200 154 0 171 0
1397692800 159 0 179 0
1397606400 145 0 166 0
1397520000 151 0 168 0
1397433600 144 0 162 0
1397347200 137 0 151 0
1397260800 134 0 162 0
1397174400 120 0 147 0
1397088000 131 0 144 0
1397001600 141 0 179 0
1396915200 139 0 160 0
1396828800 137 0 166 0
1396742400 149 0 168 0
1396656000 169 0 193 0
1396569600 199 0 215 0
1396483200 201 0 223 0
1396396800 204 0 223 0
1396310400 199 0 217 0
1396224000 195 0 212 0
1396137600 199 0 214 0
1396051200 178 0 227 0
1395964800 191 0 218 0
1395878400 181 0 194 0
1395792000 190 0 218 0
1395705600 181 0 218 0
1395619200 192 0 218 0
1395532800 201 0 221 0
1395446400 198 0 228 0
1395360000 221 0 242 0
1395273600 225 0 247 0
1395187200 190 0 210 0
1395100800 206 0 230 0
1395014400 197 0 222 0
1394928000 179 0 201 0
1394841600 169 0 198 0
1394755200 192 0 227 0
1394668800 208 0 227 0
1394582400 200 0 228 0
1394496000 225 0 266 0
1394409600 222 0 242 0
1394323200 213 0 230 0
1394236800 189 0 224 0
1394150400 224 0 241 0
1394064000 222 0 253 0
1393977600 206 0 225 0
1393891200 211 0 243 0
1393804800 178 0 214 0
1393718400 226 0 253 0
1393632000 212 0 244 0
1393545600 217 0 247 0
1393459200 221 0 253 0
1393372800 238 0 260 0
1393286400 221 0 250 0
1393200000 197 0 221 0
1393113600 222 0 251 0
1393027200 212 0 246 0
1392940800 229 0 259 0
1392854400 221 0 253 0
1392768000 211 0 241 0
1392681600 218 0 241 0
1392595200 206 0 226 0
1392508800 198 0 229 0
1392422400 185 0 222 0
1392336000 206 0 240 0
1392249600 211 0 241 0
1392163200 203 0 231 0
1392076800 168 0 202 0
1391990400 188 0 214 0
1391904000 199 0 225 0
1391817600 161 0 188 0
1391731200 151 0 179 0
1391644800 167 0 191 0
1391558400 151 0 182 0
1391472000 138 0 167 0
1391385600 153 0 193 0
1391299200 170 0 204 0
1391212800 145 0 178 0
1391126400 169 0 195 0
1391040000 178 0 205 0
1390953600 180 0 205 0
1390867200 167 0 189 0
1390780800 156 0 176 0
1390694400 160 0 184 0
1390608000 161 0 185 0
1390521600 186 0 216 0
1390435200 215 0 239 0
1390348800 224 0 267 0
1390262400 213 0 254 0
1390176000 194 0 212 0
1390089600 173 0 201 0
1390003200 179 0 235 0
1389916800 233 0 284 0
1389830400 223 0 257 0
1389744000 209 0 232 0
1389657600 199 0 241 0
1389571200 185 0 211 0
1389484800 186 0 231 0
1389398400 190 0 226 0
1389312000 220 0 263 0
1389225600 219 0 252 0
1389139200 203 0 234 0
1389052800 201 0 226 0
1388966400 193 0 230 0
1388880000 195 0 228 0
1388793600 198 0 228 0
1388707200 197 0 229 0
1388620800 178 0 201 0
1388534400 196 0 221 0
1388448000 196 0 215 0
1388361600 194 0 220 0
1388275200 174 0 201 0
1388188800 94 0 200 0
1388102400 0 0 0 0
1388016000 0 0 0 0
1387929600 0 0 0 0
1387843200 0 0 0 0
1387756800 0 0 0 0
1387670400 0 0 0 0
1387584000 0 0 0 0
1387497600 0 0 0 0
1387411200 0 0 0 0
1387324800 0 0 0 0
1387238400 0 0 0 0
1387152000 0 0 0 0
1387065600 0 0 0 0
1386979200 0 0 0 0
1386892800 0 0 0 0
1386806400 0 0 0 0
1386720000 0 0 0 0
1386633600 0 0 0 0
1386547200 0 0 0 0
1386460800 0 0 0 0
1386374400 0 0 0 0
1386288000 0 0 0 0
1386201600 0 0 0 0
1386115200 0 0 0 0
1386028800 0 0 0 0
1385942400 0 0 0 0
1385856000 0 0 0 0
1385769600 0 0 0 0
1385683200 0 0 0 0
1385596800 0 0 0 0
1385510400 0 0 0 0
1385424000 0 0 0 0
1385337600 0 0 0 0
1385251200 0 0 0 0
1385164800 0 0 0 0
1385078400 0 0 0 0
1384992000 0 0 0 0
1384905600 0 0 0 0
1384819200 0 0 0 0
1384732800 0 0 0 0
1384646400 0 0 0 0
1384560000 0 0 0 0
1384473600 0 0 0 0
1384387200 0 0 0 0
1384300800 0 0 0 0
1384214400 0 0 0 0
1384128000 0 0 0 0
1384041600 0 0 0 0
1383955200 0 0 0 0
1383868800 0 0 0 0
1383782400 0 0 0 0
1383696000 0 0 0 0
1383609600 0 0 0 0
1383523200 0 0 0 0
1383436800 0 0 0 0
1383350400 0 0 0 0
1383264000 0 0 0 0
1383177600 0 0 0 0
1383091200 0 0 0 0
1383004800 0 0 0 0
1382918400 0 0 0 0
1382832000 0 0 0 0
1382745600 0 0 0 0
1382659200 0 0 0 0
1382572800 0 0 0 0
1382486400 0 0 0 0
1382400000 0 0 0 0
1382313600 0 0 0 0
1382227200 0 0 0 0
1382140800 0 0 0 0
1382054400 0 0 0 0
1381968000 0 0 0 0
1381881600 0 0 0 0
1381795200 0 0 0 0
1381708800 0 0 0 0
1381622400 0 0 0 0
1381536000 0 0 0 0
1381449600 0 0 0 0
1381363200 0 0 0 0
1381276800 0 0 0 0
1381190400 0 0 0 0
1381104000 0 0 0 0
1381017600 0 0 0 0
1380931200 0 0 0 0
1380844800 0 0 0 0
1380758400 0 0 0 0
1380672000 0 0 0 0
1380585600 0 0 0 0
1380499200 0 0 0 0
1380412800 0 0 0 0
1380326400 0 0 0 0
1380240000 0 0 0 0
1380153600 0 0 0 0
1380067200 0 0 0 0
1379980800 0 0 0 0
1379894400 0 0 0 0
1379808000 0 0 0 0
1379721600 0 0 0 0
1379635200 0 0 0 0
1379548800 0 0 0 0
1379462400 0 0 0 0
1379376000 0 0 0 0
1379289600 0 0 0 0
1379203200 0 0 0 0
1379116800 0 0 0 0
1379030400 0 0 0 0
1378944000 0 0 0 0
1378857600 0 0 0 0
1378771200 0 0 0 0
1378684800 0 0 0 0
1378598400 0 0 0 0
1378512000 0 0 0 0
1378425600 0 0 0 0
1378339200 0 0 0 0
1378252800 0 0 0 0
1378166400 0 0 0 0
1378080000 0 0 0 0
1377993600 0 0 0 0
1377907200 0 0 0 0
1377820800 0 0 0 0
1377734400 0 0 0 0
1377648000 0 0 0 0
1377561600 0 0 0 0
1377475200 0 0 0 0
1377388800 0 0 0 0
1377302400 0 0 0 0
1377216000 0 0 0 0
1377129600 0 0 0 0
1377043200 0 0 0 0
1376956800 0 0 0 0
1376870400 0 0 0 0
1376784000 0 0 0 0
1376697600 0 0 0 0
1376611200 0 0 0 0
1376524800 0 0 0 0
1376438400 0 0 0 0
1376352000 0 0 0 0
1376265600 0 0 0 0
1376179200 0 0 0 0
1376092800 0 0 0 0
1376006400 0 0 0 0
1375920000 0 0 0 0
1375833600 0 0 0 0
1375747200 0 0 0 0
1375660800 0 0 0 0
1375574400 0 0 0 0
1375488000 0 0 0 0
1375401600 0 0 0 0
1375315200 0 0 0 0
1375228800 0 0 0 0
1375142400 0 0 0 0
1375056000 0 0 0 0
1374969600 0 0 0 0
1374883200 0 0 0 0
1374796800 0 0 0 0
1374710400 0 0 0 0
1374624000 0 0 0 0
1374537600 0 0 0 0
1374451200 0 0 0 0
1374364800 0 0 0 0
1374278400 0 0 0 0
1374192000 0 0 0 0
1374105600 0 0 0 0
1374019200 0 0 0 0
1373932800 0 0 0 0
1373846400 0 0 0 0
1373760000 0 0 0 0
1373673600 0 0 0 0
1373587200 0 0 0 0
1373500800 0 0 0 0
1373414400 0 0 0 0
1373328000 0 0 0 0
1373241600 0 0 0 0
1373155200 0 0 0 0
1373068800 0 0 0 0
1372982400 0 0 0 0
1372896000 0 0 0 0
1372809600 0 0 0 0
1372723200 0 0 0 0
1372636800 0 0 0 0
1372550400 0 0 0 0
1372464000 0 0 0 0
1372377600 0 0 0 0
1372291200 0 0 0 0
1372204800 0 0 0 0
1372118400 0 0 0 0
1372032000 0 0 0 0
1371945600 0 0 0 0
1371859200 0 0 0 0
1371772800 0 0 0 0
1371686400 0 0 0 0
1371600000 0 0 0 0
1371513600 0 0 0 0
1371427200 0 0 0 0
1371340800 0 0 0 0
1371254400 0 0 0 0
1371168000 0 0 0 0
1371081600 0 0 0 0
1370995200 0 0 0 0
1370908800 0 0 0 0
1370822400 0 0 0 0
1370736000 0 0 0 0
1370649600 0 0 0 0
1370563200 0 0 0 0
1370476800 0 0 0 0
1370390400 0 0 0 0
1370304000 0 0 0 0
1370217600 0 0 0 0
1370131200 0 0 0 0
1370044800 0 0 0 0
1369958400 0 0 0 0
1369872000 0 0 0 0
1369785600 0 0 0 0
1369699200 0 0 0 0
1369612800 0 0 0 0
1369526400 0 0 0 0
1369440000 0 0 0 0
1369353600 0 0 0 0
1369267200 0 0 0 0
1369180800 0 0 0 0
1369094400 0 0 0 0
1369008000 0 0 0 0
1368921600 0 0 0 0
1368835200 0 0 0 0
1368748800 0 0 0 0
1368662400 0 0 0 0
1368576000 0 0 0 0
1368489600 0 0 0 0
1368403200 0 0 0 0
1368316800 0 0 0 0
1368230400 0 0 0 0
1368144000 0 0 0 0
1368057600 0 0 0 0
1367971200 0 0 0 0
1367884800 0 0 0 0
1367798400 0 0 0 0
1367712000 0 0 0 0
1367625600 0 0 0 0
1367539200 0 0 0 0
1367452800 0 0 0 0
1367366400 0 0 0 0
1367280000 0 0 0 0
1367193600 0 0 0 0
1367107200 0 0 0 0
1367020800 0 0 0 0
1366934400 0 0 0 0
1366848000 0 0 0 0
1366761600 0 0 0 0
1366675200 0 0 0 0
1366588800 0 0 0 0
1366502400 0 0 0 0
1366416000 0 0 0 0
1366329600 0 0 0 0
1366243200 0 0 0 0
1366156800 0 0 0 0
1366070400 0 0 0 0
1365984000 0 0 0 0
1365897600 0 0 0 0
1365811200 0 0 0 0
1365724800 0 0 0 0
1365638400 0 0 0 0
1365552000 0 0 0 0
1365465600 0 0 0 0
1365379200 0 0 0 0
1365292800 0 0 0 0
1365206400 0 0 0 0
1365120000 0 0 0 0
1365033600 0 0 0 0
1364947200 0 0 0 0
1364860800 0 0 0 0
1364774400 0 0 0 0
1364688000 0 0 0 0
1364601600 0 0 0 0
1364515200 0 0 0 0
1364428800 0 0 0 0
1364342400 0 0 0 0
1364256000 0 0 0 0
1364169600 0 0 0 0
1364083200 0 0 0 0
1363996800 0 0 0 0
1363910400 0 0 0 0
1363824000 0 0 0 0
1363737600 0 0 0 0
1363651200 0 0 0 0
1363564800 0 0 0 0
1363478400 0 0 0 0
1363392000 0 0 0 0
1363305600 0 0 0 0
1363219200 0 0 0 0
1363132800 0 0 0 0
1363046400 0 0 0 0
1362960000 0 0 0 0
1362873600 0 0 0 0
1362787200 0 0 0 0
1362700800 0 0 0 0
1362614400 0 0 0 0
1362528000 0 0 0 0
1362441600 0 0 0 0
1362355200 0 0 0 0
1362268800 0 0 0 0
1362182400 0 0 0 0
1362096000 0 0 0 0
1362009600 0 0 0 0
1361923200 0 0 0 0
1361836800 0 0 0 0
1361750400 0 0 0 0
1361664000 0 0 0 0
1361577600 0 0 0 0
1361491200 0 0 0 0
1361404800 0 0 0 0
1361318400 0 0 0 0
1361232000 0 0 0 0
1361145600 0 0 0 0
1361059200 0 0 0 0
1360972800 0 0 0 0
1360886400 0 0 0 0
1360800000 0 0 0 0
1360713600 0 0 0 0
1360627200 0 0 0 0
1360540800 0 0 0 0
1360454400 0 0 0 0
1360368000 0 0 0 0
1360281600 0 0 0 0
1360195200 0 0 0 0
1360108800 0 0 0 0
1360022400 0 0 0 0
1359936000 0 0 0 0
1359849600 0 0 0 0
1359763200 0 0 0 0
1359676800 0 0 0 0
1359590400 0 0 0 0
1359504000 0 0 0 0
1359417600 0 0 0 0
1359331200 0 0 0 0
1359244800 0 0 0 0
1359158400 0 0 0 0
1359072000 0 0 0 0
1358985600 0 0 0 0
1358899200 0 0 0 0
1358812800 0 0 0 0
1358726400 0 0 0 0
1358640000 0 0 0 0
1358553600 0 0 0 0
1358467200 0 0 0 0
1358380800 0 0 0 0
1358294400 0 0 0 0
1358208000 0 0 0 0
1358121600 0 0 0 0
1358035200 0 0 0 0
1357948800 0 0 0 0
1357862400 0 0 0 0
1357776000 0 0 0 0
1357689600 0 0 0 0
1357603200 0 0 0 0
1357516800 0 0 0 0
1357430400 0 0 0 0
1357344000 0 0 0 0
1357257600 0 0 0 0
1357171200 0 0 0 0
1357084800 0 0 0 0
1356998400 0 0 0 0
1356912000 0 0 0 0
1356825600 0 0 0 0
1356739200 0 0 0 0
1356652800 0 0 0 0
1356566400 0 0 0 0
1356480000 0 0 0 0
1356393600 0 0 0 0
1356307200 0 0 0 0
1356220800 0 0 0 0
1356134400 0 0 0 0
1356048000 0 0 0 0
1355961600 0 0 0 0
1355875200 0 0 0 0
1355788800 0 0 0 0
1355702400 0 0 0 0
1355616000 0 0 0 0
1355529600 0 0 0 0
1355443200 0 0 0 0
1355356800 0 0 0 0
1355270400 0 0 0 0
1355184000 0 0 0 0
1355097600 0 0 0 0
1355011200 0 0 0 0
1354924800 0 0 0 0
1354838400 0 0 0 0
1354752000 0 0 0 0
1354665600 0 0 0 0
1354579200 0 0 0 0
1354492800 0 0 0 0
1354406400 0 0 0 0
1354320000 0 0 0 0
1354233600 0 0 0 0
1354147200 0 0 0 0
1354060800 0 0 0 0
1353974400 0 0 0 0
1353888000 0 0 0 0
1353801600 0 0 0 0
1353715200 0 0 0 0
1353628800 0 0 0 0
1353542400 0 0 0 0
1353456000 0 0 0 0
1353369600 0 0 0 0
1353283200 0 0 0 0
1353196800 0 0 0 0
1353110400 0 0 0 0
1353024000 0 0 0 0
1352937600 0 0 0 0
1352851200 0 0 0 0
1352764800 0 0 0 0
1352678400 0 0 0 0
1352592000 0 0 0 0
1352505600 0 0 0 0
1352419200 0 0 0 0
1352332800 0 0 0 0
1352246400 0 0 0 0
1352160000 0 0 0 0
1352073600 0 0 0 0
1351987200 0 0 0 0
1351900800 0 0 0 0
1351814400 0 0 0 0
1351728000 0 0 0 0
1351641600 0 0 0 0
1351555200 0 0 0 0
1351468800 0 0 0 0
1351382400 0 0 0 0
1351296000 0 0 0 0
1351209600 0 0 0 0
1351123200 0 0 0 0
1351036800 0 0 0 0
1350950400 0 0 0 0
1350864000 0 0 0 0
1350777600 0 0 0 0
1350691200 0 0 0 0
1350604800 0 0 0 0
1350518400 0 0 0 0
1350432000 0 0 0 0
1350345600 0 0 0 0
1350259200 0 0 0 0
1350172800 0 0 0 0
1350086400 0 0 0 0
1350000000 0 0 0 0
1349913600 0 0 0 0
1349827200 0 0 0 0
1349740800 0 0 0 0
1349654400 0 0 0 0
1349568000 0 0 0 0
1349481600 0 0 0 0
1349395200 0 0 0 0
1349308800 0 0 0 0
1349222400 0 0 0 0
1349136000 0 0 0 0
1349049600 0 0 0 0
1348963200 0 0 0 0
1348876800 0 0 0 0
1348790400 0 0 0 0
1348704000 0 0 0 0
1348617600 0 0 0 0
1348531200 0 0 0 0
1348444800 0 0 0 0
1348358400 0 0 0 0
1348272000 0 0 0 0
1348185600 0 0 0 0
1348099200 0 0 0 0
1348012800 0 0 0 0
1347926400 0 0 0 0
1347840000 0 0 0 0
1347753600 0 0 0 0
1347667200 0 0 0 0
1347580800 0 0 0 0
1347494400 0 0 0 0
1347408000 0 0 0 0
1347321600 0 0 0 0
1347235200 0 0 0 0
1347148800 0 0 0 0
1347062400 0 0 0 0
1346976000 0 0 0 0
1346889600 0 0 0 0
1346803200 0 0 0 0
1346716800 0 0 0 0
1346630400 0 0 0 0
1346544000 0 0 0 0
1346457600 0 0 0 0
