2003.06.15 10:32 B F:\user\i\ian.o <-- www.vmud.com /lonely/mudlib/data/user/i ian.o
2003.06.15 10:32 B F:\user\i\ibn.o <-- www.vmud.com /lonely/mudlib/data/user/i ibn.o
2003.06.15 10:32 B F:\user\i\ice.o <-- www.vmud.com /lonely/mudlib/data/user/i ice.o
2003.06.15 10:32 B F:\user\i\icecream.o <-- www.vmud.com /lonely/mudlib/data/user/i icecream.o
2003.06.15 10:32 B F:\user\i\icesnow.o <-- www.vmud.com /lonely/mudlib/data/user/i icesnow.o
2003.06.15 10:32 B F:\user\i\icewind.o <-- www.vmud.com /lonely/mudlib/data/user/i icewind.o
2003.06.15 10:32 B F:\user\i\icewolf.o <-- www.vmud.com /lonely/mudlib/data/user/i icewolf.o
2003.06.15 10:32 B F:\user\i\idle.o <-- www.vmud.com /lonely/mudlib/data/user/i idle.o
2003.06.15 10:32 B F:\user\i\idler.o <-- www.vmud.com /lonely/mudlib/data/user/i idler.o
2003.06.15 10:32 B F:\user\i\iii.o <-- www.vmud.com /lonely/mudlib/data/user/i iii.o
2003.06.15 10:32 B F:\user\i\iiiii.o <-- www.vmud.com /lonely/mudlib/data/user/i iiiii.o
2003.06.15 10:32 B F:\user\i\ilil.o <-- www.vmud.com /lonely/mudlib/data/user/i ilil.o
2003.06.15 10:32 B F:\user\i\ill.o <-- www.vmud.com /lonely/mudlib/data/user/i ill.o
2003.06.15 10:32 B F:\user\i\illi.o <-- www.vmud.com /lonely/mudlib/data/user/i illi.o
2003.06.15 10:32 B F:\user\i\illii.o <-- www.vmud.com /lonely/mudlib/data/user/i illii.o
2003.06.15 10:32 B F:\user\i\illill.o <-- www.vmud.com /lonely/mudlib/data/user/i illill.o
2003.06.15 10:32 B F:\user\i\illness.o <-- www.vmud.com /lonely/mudlib/data/user/i illness.o
2003.06.15 10:32 B F:\user\i\image.o <-- www.vmud.com /lonely/mudlib/data/user/i image.o
2003.06.15 10:32 B F:\user\i\inconj.o <-- www.vmud.com /lonely/mudlib/data/user/i inconj.o
2003.06.15 10:32 B F:\user\i\infanta.o <-- www.vmud.com /lonely/mudlib/data/user/i infanta.o
2003.06.15 10:32 B F:\user\i\ings.o <-- www.vmud.com /lonely/mudlib/data/user/i ings.o
2003.06.15 10:32 B F:\user\i\inuyasha.o <-- www.vmud.com /lonely/mudlib/data/user/i inuyasha.o
2003.06.15 10:32 B F:\user\i\iori.o <-- www.vmud.com /lonely/mudlib/data/user/i iori.o
2003.06.15 10:32 B F:\user\i\isolate.o <-- www.vmud.com /lonely/mudlib/data/user/i isolate.o
