2003.06.15 13:50 A F:\mudlib\d\changan\npc\obj\axe.c <-- www.vmud.com /lonely/mudlib/d/changan/npc/obj axe.c
2003.06.15 13:50 A F:\mudlib\d\changan\npc\obj\bai-chahua.c <-- www.vmud.com /lonely/mudlib/d/changan/npc/obj bai-chahua.c
2003.06.15 13:50 A F:\mudlib\d\changan\npc\obj\baijie.c <-- www.vmud.com /lonely/mudlib/d/changan/npc/obj baijie.c
2003.06.15 13:50 A F:\mudlib\d\changan\npc\obj\baijiu.c <-- www.vmud.com /lonely/mudlib/d/changan/npc/obj baijiu.c
2003.06.15 13:50 A F:\mudlib\d\changan\npc\obj\bao1.c <-- www.vmud.com /lonely/mudlib/d/changan/npc/obj bao1.c
2003.06.15 13:50 A F:\mudlib\d\changan\npc\obj\bao2.c <-- www.vmud.com /lonely/mudlib/d/changan/npc/obj bao2.c
2003.06.15 13:50 A F:\mudlib\d\changan\npc\obj\bao3.c <-- www.vmud.com /lonely/mudlib/d/changan/npc/obj bao3.c
2003.06.15 13:50 A F:\mudlib\d\changan\npc\obj\baojie.c <-- www.vmud.com /lonely/mudlib/d/changan/npc/obj baojie.c
2003.06.15 13:50 A F:\mudlib\d\changan\npc\obj\beixin.c <-- www.vmud.com /lonely/mudlib/d/changan/npc/obj beixin.c
2003.06.15 13:50 A F:\mudlib\d\changan\npc\obj\bingfu.c <-- www.vmud.com /lonely/mudlib/d/changan/npc/obj bingfu.c
2003.06.15 13:50 A F:\mudlib\d\changan\npc\obj\blade.c <-- www.vmud.com /lonely/mudlib/d/changan/npc/obj blade.c
2003.06.15 13:50 A F:\mudlib\d\changan\npc\obj\book.c <-- www.vmud.com /lonely/mudlib/d/changan/npc/obj book.c
2003.06.15 13:50 A F:\mudlib\d\changan\npc\obj\book_blade.c <-- www.vmud.com /lonely/mudlib/d/changan/npc/obj book_blade.c
2003.06.15 13:50 A F:\mudlib\d\changan\npc\obj\book_unarmed.c <-- www.vmud.com /lonely/mudlib/d/changan/npc/obj book_unarmed.c
2003.06.15 13:50 A F:\mudlib\d\changan\npc\obj\changbian.c <-- www.vmud.com /lonely/mudlib/d/changan/npc/obj changbian.c
2003.06.15 13:50 A F:\mudlib\d\changan\npc\obj\changjian.c <-- www.vmud.com /lonely/mudlib/d/changan/npc/obj changjian.c
2003.06.15 13:50 A F:\mudlib\d\changan\npc\obj\changpao.c <-- www.vmud.com /lonely/mudlib/d/changan/npc/obj changpao.c
2003.06.15 13:50 A F:\mudlib\d\changan\npc\obj\choupao.c <-- www.vmud.com /lonely/mudlib/d/changan/npc/obj choupao.c
2003.06.15 13:50 A F:\mudlib\d\changan\npc\obj\cloth.c <-- www.vmud.com /lonely/mudlib/d/changan/npc/obj cloth.c
2003.06.15 13:50 A F:\mudlib\d\changan\npc\obj\gangdao.c <-- www.vmud.com /lonely/mudlib/d/changan/npc/obj gangdao.c
2003.06.15 13:50 A F:\mudlib\d\changan\npc\obj\gangzhang.c <-- www.vmud.com /lonely/mudlib/d/changan/npc/obj gangzhang.c
2003.06.15 13:50 A F:\mudlib\d\changan\npc\obj\gourou.c <-- www.vmud.com /lonely/mudlib/d/changan/npc/obj gourou.c
2003.06.15 13:50 A F:\mudlib\d\changan\npc\obj\hamigua.c <-- www.vmud.com /lonely/mudlib/d/changan/npc/obj hamigua.c
2003.06.15 13:50 A F:\mudlib\d\changan\npc\obj\hammer.c <-- www.vmud.com /lonely/mudlib/d/changan/npc/obj hammer.c
2003.06.15 13:50 A F:\mudlib\d\changan\npc\obj\hei-mudan.c <-- www.vmud.com /lonely/mudlib/d/changan/npc/obj hei-mudan.c
2003.06.15 13:50 A F:\mudlib\d\changan\npc\obj\hong-meigui.c <-- www.vmud.com /lonely/mudlib/d/changan/npc/obj hong-meigui.c
2003.06.15 13:51 A F:\mudlib\d\changan\npc\obj\huang-meigui.c <-- www.vmud.com /lonely/mudlib/d/changan/npc/obj huang-meigui.c
2003.06.15 13:51 A F:\mudlib\d\changan\npc\obj\jinchuang.c <-- www.vmud.com /lonely/mudlib/d/changan/npc/obj jinchuang.c
2003.06.15 13:51 A F:\mudlib\d\changan\npc\obj\jinjie.c <-- www.vmud.com /lonely/mudlib/d/changan/npc/obj jinjie.c
2003.06.15 13:51 A F:\mudlib\d\changan\npc\obj\jinzhuang.c <-- www.vmud.com /lonely/mudlib/d/changan/npc/obj jinzhuang.c
2003.06.15 13:51 A F:\mudlib\d\changan\npc\obj\jitui.c <-- www.vmud.com /lonely/mudlib/d/changan/npc/obj jitui.c
2003.06.15 13:51 A F:\mudlib\d\changan\npc\obj\jiudai.c <-- www.vmud.com /lonely/mudlib/d/changan/npc/obj jiudai.c
2003.06.15 13:51 A F:\mudlib\d\changan\npc\obj\juzi.c <-- www.vmud.com /lonely/mudlib/d/changan/npc/obj juzi.c
2003.06.15 13:51 A F:\mudlib\d\changan\npc\obj\lan-tiane.c <-- www.vmud.com /lonely/mudlib/d/changan/npc/obj lan-tiane.c
2003.06.15 13:51 A F:\mudlib\d\changan\npc\obj\laofang-key.c <-- www.vmud.com /lonely/mudlib/d/changan/npc/obj laofang-key.c
2003.06.15 13:51 A F:\mudlib\d\changan\npc\obj\letter.c <-- www.vmud.com /lonely/mudlib/d/changan/npc/obj letter.c
2003.06.15 13:51 A F:\mudlib\d\changan\npc\obj\lhjiyu.c <-- www.vmud.com /lonely/mudlib/d/changan/npc/obj lhjiyu.c
2003.06.15 13:51 A F:\mudlib\d\changan\npc\obj\linen.c <-- www.vmud.com /lonely/mudlib/d/changan/npc/obj linen.c
2003.06.15 13:51 A F:\mudlib\d\changan\npc\obj\miantang.c <-- www.vmud.com /lonely/mudlib/d/changan/npc/obj miantang.c
2003.06.15 13:51 A F:\mudlib\d\changan\npc\obj\miantiao1.c <-- www.vmud.com /lonely/mudlib/d/changan/npc/obj miantiao1.c
2003.06.15 13:51 A F:\mudlib\d\changan\npc\obj\miantiao2.c <-- www.vmud.com /lonely/mudlib/d/changan/npc/obj miantiao2.c
2003.06.15 13:51 A F:\mudlib\d\changan\npc\obj\miantiao3.c <-- www.vmud.com /lonely/mudlib/d/changan/npc/obj miantiao3.c
2003.06.15 13:51 A F:\mudlib\d\changan\npc\obj\muqin.c <-- www.vmud.com /lonely/mudlib/d/changan/npc/obj muqin.c
2003.06.15 13:51 A F:\mudlib\d\changan\npc\obj\neck.c <-- www.vmud.com /lonely/mudlib/d/changan/npc/obj neck.c
2003.06.15 13:51 A F:\mudlib\d\changan\npc\obj\pingguo.c <-- www.vmud.com /lonely/mudlib/d/changan/npc/obj pingguo.c
2003.06.15 13:51 A F:\mudlib\d\changan\npc\obj\ring.c <-- www.vmud.com /lonely/mudlib/d/changan/npc/obj ring.c
2003.06.15 13:51 A F:\mudlib\d\changan\npc\obj\sengpao.c <-- www.vmud.com /lonely/mudlib/d/changan/npc/obj sengpao.c
2003.06.15 13:51 A F:\mudlib\d\changan\npc\obj\sengyi.c <-- www.vmud.com /lonely/mudlib/d/changan/npc/obj sengyi.c
2003.06.15 13:51 A F:\mudlib\d\changan\npc\obj\shawei.c <-- www.vmud.com /lonely/mudlib/d/changan/npc/obj shawei.c
2003.06.15 13:51 A F:\mudlib\d\changan\npc\obj\shield.c <-- www.vmud.com /lonely/mudlib/d/changan/npc/obj shield.c
2003.06.15 13:51 A F:\mudlib\d\changan\npc\obj\skirt.c <-- www.vmud.com /lonely/mudlib/d/changan/npc/obj skirt.c
2003.06.15 13:51 A F:\mudlib\d\changan\npc\obj\snxiangji.c <-- www.vmud.com /lonely/mudlib/d/changan/npc/obj snxiangji.c
2003.06.15 13:51 A F:\mudlib\d\changan\npc\obj\sword.c <-- www.vmud.com /lonely/mudlib/d/changan/npc/obj sword.c
2003.06.15 13:52 A F:\mudlib\d\changan\npc\obj\teapot.c <-- www.vmud.com /lonely/mudlib/d/changan/npc/obj teapot.c
2003.06.15 13:52 A F:\mudlib\d\changan\npc\obj\wrists.c <-- www.vmud.com /lonely/mudlib/d/changan/npc/obj wrists.c
2003.06.15 13:52 A F:\mudlib\d\changan\npc\obj\yangjing.c <-- www.vmud.com /lonely/mudlib/d/changan/npc/obj yangjing.c
2003.06.15 13:52 A F:\mudlib\d\changan\npc\obj\yayifu.c <-- www.vmud.com /lonely/mudlib/d/changan/npc/obj yayifu.c
2003.06.15 13:52 A F:\mudlib\d\changan\npc\obj\yinjie.c <-- www.vmud.com /lonely/mudlib/d/changan/npc/obj yinjie.c
2003.06.15 13:52 A F:\mudlib\d\changan\npc\obj\yupei.c <-- www.vmud.com /lonely/mudlib/d/changan/npc/obj yupei.c
2003.06.15 13:52 A F:\mudlib\d\changan\npc\obj\zhanjia.c <-- www.vmud.com /lonely/mudlib/d/changan/npc/obj zhanjia.c
2003.06.15 13:52 A F:\mudlib\d\changan\npc\obj\zi-luolan.c <-- www.vmud.com /lonely/mudlib/d/changan/npc/obj zi-luolan.c
2003.06.15 13:52 A F:\mudlib\d\changan\npc\obj\zuanjie.c <-- www.vmud.com /lonely/mudlib/d/changan/npc/obj zuanjie.c
2003.06.15 13:52 A F:\mudlib\d\changan\npc\obj\zuixunfeng.c <-- www.vmud.com /lonely/mudlib/d/changan/npc/obj zuixunfeng.c
