
<---东方故事: MudOs v22pre11 (by wwj,Jan  1 1999) startup on Microsoft Windows 98 at Sat Mar 15 14:07:28 2003

using config file: E:\ES1\config.cfg
Can't find "mudos", ignoring old binaries.
Try invoking the driver using the full pathname.
Initializing internal tables....

<---东方故事: MudOs v22pre11 (by wwj,Jan  1 1999) startup on Microsoft Windows 98 at Sat Mar 15 14:07:47 2003

using config file: E:\ES1\config.cfg
Can't find "mudos", ignoring old binaries.
Try invoking the driver using the full pathname.
Initializing internal tables....

<---东方故事: MudOs v22pre11 (by wwj,Jan  1 1999) startup on Microsoft Windows 98 at Sat Mar 15 14:08:14 2003

using config file: E:\ES1\config.cfg
Can't find "mudos", ignoring old binaries.
Try invoking the driver using the full pathname.
System Error: init_addr_server: connect: WSAECONNREFUSED
include/config.h line 22: Warning: redefinition of #define DATA_DIR

include/config.h line 23: Warning: redefinition of #define CONFIG_DIR

include/config.h line 27: Warning: redefinition of #define LOG_DIR

include/config.h line 32: Warning: redefinition of #define HELP_DIR

include/config.h line 39: Warning: redefinition of #define USER_OB

include/config.h line 41: Warning: redefinition of #define MASTER_OB

include/daemons.h line 18: Warning: redefinition of #define CHINESE_D

include/daemons.h line 21: Warning: redefinition of #define COMBAT_D

include/daemons.h line 22: Warning: redefinition of #define CONDITION_D

include/daemons.h line 25: Warning: redefinition of #define EMOTE_D

include/daemons.h line 29: Warning: redefinition of #define FINGER_D

include/daemons.h line 48: Warning: redefinition of #define RACE_D

include/daemons.h line 56: Warning: redefinition of #define VIRTUAL_D

include/config.h line 22: Warning: redefinition of #define DATA_DIR

include/config.h line 23: Warning: redefinition of #define CONFIG_DIR

include/config.h line 27: Warning: redefinition of #define LOG_DIR

include/config.h line 32: Warning: redefinition of #define HELP_DIR

include/config.h line 39: Warning: redefinition of #define USER_OB

include/config.h line 41: Warning: redefinition of #define MASTER_OB

include/daemons.h line 18: Warning: redefinition of #define CHINESE_D

include/daemons.h line 21: Warning: redefinition of #define COMBAT_D

include/daemons.h line 22: Warning: redefinition of #define CONDITION_D

include/daemons.h line 25: Warning: redefinition of #define EMOTE_D

include/daemons.h line 29: Warning: redefinition of #define FINGER_D

include/daemons.h line 48: Warning: redefinition of #define RACE_D

include/daemons.h line 56: Warning: redefinition of #define VIRTUAL_D

include/config.h line 22: Warning: redefinition of #define DATA_DIR

include/config.h line 23: Warning: redefinition of #define CONFIG_DIR

include/config.h line 27: Warning: redefinition of #define LOG_DIR

include/config.h line 32: Warning: redefinition of #define HELP_DIR

include/config.h line 39: Warning: redefinition of #define USER_OB

include/config.h line 41: Warning: redefinition of #define MASTER_OB

include/daemons.h line 18: Warning: redefinition of #define CHINESE_D

include/daemons.h line 21: Warning: redefinition of #define COMBAT_D

include/daemons.h line 22: Warning: redefinition of #define CONDITION_D

include/daemons.h line 25: Warning: redefinition of #define EMOTE_D

include/daemons.h line 29: Warning: redefinition of #define FINGER_D

include/daemons.h line 48: Warning: redefinition of #define RACE_D

include/daemons.h line 56: Warning: redefinition of #define VIRTUAL_D

include/config.h line 22: Warning: redefinition of #define DATA_DIR

include/config.h line 23: Warning: redefinition of #define CONFIG_DIR

include/config.h line 27: Warning: redefinition of #define LOG_DIR

include/config.h line 32: Warning: redefinition of #define HELP_DIR

include/config.h line 39: Warning: redefinition of #define USER_OB

include/config.h line 41: Warning: redefinition of #define MASTER_OB

include/daemons.h line 18: Warning: redefinition of #define CHINESE_D

include/daemons.h line 21: Warning: redefinition of #define COMBAT_D

include/daemons.h line 22: Warning: redefinition of #define CONDITION_D

include/daemons.h line 25: Warning: redefinition of #define EMOTE_D

include/daemons.h line 29: Warning: redefinition of #define FINGER_D

include/daemons.h line 48: Warning: redefinition of #define RACE_D

include/daemons.h line 56: Warning: redefinition of #define VIRTUAL_D


Loading preloaded files ...
Initializations complete.

Accepting connections on port 8000.
Initializing internal tables....

<---东方故事: MudOs v22pre11 (by wwj,Jan  1 1999) startup on Microsoft Windows 98 at Sat Mar 15 14:09:18 2003

using config file: E:\ES1\config.cfg
Can't find "mudos", ignoring old binaries.
Try invoking the driver using the full pathname.
System Error: init_addr_server: connect: WSAECONNREFUSED
include/config.h line 22: Warning: redefinition of #define DATA_DIR

include/config.h line 23: Warning: redefinition of #define CONFIG_DIR

include/config.h line 27: Warning: redefinition of #define LOG_DIR

include/config.h line 32: Warning: redefinition of #define HELP_DIR

include/config.h line 39: Warning: redefinition of #define USER_OB

include/config.h line 41: Warning: redefinition of #define MASTER_OB

include/daemons.h line 18: Warning: redefinition of #define CHINESE_D

include/daemons.h line 21: Warning: redefinition of #define COMBAT_D

include/daemons.h line 22: Warning: redefinition of #define CONDITION_D

include/daemons.h line 25: Warning: redefinition of #define EMOTE_D

include/daemons.h line 29: Warning: redefinition of #define FINGER_D

include/daemons.h line 48: Warning: redefinition of #define RACE_D

include/daemons.h line 56: Warning: redefinition of #define VIRTUAL_D

include/config.h line 22: Warning: redefinition of #define DATA_DIR

include/config.h line 23: Warning: redefinition of #define CONFIG_DIR

include/config.h line 27: Warning: redefinition of #define LOG_DIR

include/config.h line 32: Warning: redefinition of #define HELP_DIR

include/config.h line 39: Warning: redefinition of #define USER_OB

include/config.h line 41: Warning: redefinition of #define MASTER_OB

include/daemons.h line 18: Warning: redefinition of #define CHINESE_D

include/daemons.h line 21: Warning: redefinition of #define COMBAT_D

include/daemons.h line 22: Warning: redefinition of #define CONDITION_D

include/daemons.h line 25: Warning: redefinition of #define EMOTE_D

include/daemons.h line 29: Warning: redefinition of #define FINGER_D

include/daemons.h line 48: Warning: redefinition of #define RACE_D

include/daemons.h line 56: Warning: redefinition of #define VIRTUAL_D

include/config.h line 22: Warning: redefinition of #define DATA_DIR

include/config.h line 23: Warning: redefinition of #define CONFIG_DIR

include/config.h line 27: Warning: redefinition of #define LOG_DIR

include/config.h line 32: Warning: redefinition of #define HELP_DIR

include/config.h line 39: Warning: redefinition of #define USER_OB

include/config.h line 41: Warning: redefinition of #define MASTER_OB

include/daemons.h line 18: Warning: redefinition of #define CHINESE_D

include/daemons.h line 21: Warning: redefinition of #define COMBAT_D

include/daemons.h line 22: Warning: redefinition of #define CONDITION_D

include/daemons.h line 25: Warning: redefinition of #define EMOTE_D

include/daemons.h line 29: Warning: redefinition of #define FINGER_D

include/daemons.h line 48: Warning: redefinition of #define RACE_D

include/daemons.h line 56: Warning: redefinition of #define VIRTUAL_D

include/config.h line 22: Warning: redefinition of #define DATA_DIR

include/config.h line 23: Warning: redefinition of #define CONFIG_DIR

include/config.h line 27: Warning: redefinition of #define LOG_DIR

include/config.h line 32: Warning: redefinition of #define HELP_DIR

include/config.h line 39: Warning: redefinition of #define USER_OB

include/config.h line 41: Warning: redefinition of #define MASTER_OB

include/daemons.h line 18: Warning: redefinition of #define CHINESE_D

include/daemons.h line 21: Warning: redefinition of #define COMBAT_D

include/daemons.h line 22: Warning: redefinition of #define CONDITION_D

include/daemons.h line 25: Warning: redefinition of #define EMOTE_D

include/daemons.h line 29: Warning: redefinition of #define FINGER_D

include/daemons.h line 48: Warning: redefinition of #define RACE_D

include/daemons.h line 56: Warning: redefinition of #define VIRTUAL_D


Loading preloaded files ...
Initializations complete.

Accepting connections on port 8000.
Initializing internal tables....

<---东方故事: MudOs v22pre11 (by wwj,Jan  1 1999) startup on Microsoft Windows 98 at Sat Mar 15 14:09:29 2003

using config file: E:\ES1\config.cfg
Can't find "mudos", ignoring old binaries.
Try invoking the driver using the full pathname.
System Error: init_addr_server: connect: WSAECONNREFUSED
include/config.h line 22: Warning: redefinition of #define DATA_DIR

include/config.h line 23: Warning: redefinition of #define CONFIG_DIR

include/config.h line 27: Warning: redefinition of #define LOG_DIR

include/config.h line 32: Warning: redefinition of #define HELP_DIR

include/config.h line 39: Warning: redefinition of #define USER_OB

include/config.h line 41: Warning: redefinition of #define MASTER_OB

include/daemons.h line 18: Warning: redefinition of #define CHINESE_D

include/daemons.h line 21: Warning: redefinition of #define COMBAT_D

include/daemons.h line 22: Warning: redefinition of #define CONDITION_D

include/daemons.h line 25: Warning: redefinition of #define EMOTE_D

include/daemons.h line 29: Warning: redefinition of #define FINGER_D

include/daemons.h line 48: Warning: redefinition of #define RACE_D

include/daemons.h line 56: Warning: redefinition of #define VIRTUAL_D

include/config.h line 22: Warning: redefinition of #define DATA_DIR

include/config.h line 23: Warning: redefinition of #define CONFIG_DIR

include/config.h line 27: Warning: redefinition of #define LOG_DIR

include/config.h line 32: Warning: redefinition of #define HELP_DIR

include/config.h line 39: Warning: redefinition of #define USER_OB

include/config.h line 41: Warning: redefinition of #define MASTER_OB

include/daemons.h line 18: Warning: redefinition of #define CHINESE_D

include/daemons.h line 21: Warning: redefinition of #define COMBAT_D

include/daemons.h line 22: Warning: redefinition of #define CONDITION_D

include/daemons.h line 25: Warning: redefinition of #define EMOTE_D

include/daemons.h line 29: Warning: redefinition of #define FINGER_D

include/daemons.h line 48: Warning: redefinition of #define RACE_D

include/daemons.h line 56: Warning: redefinition of #define VIRTUAL_D

include/config.h line 22: Warning: redefinition of #define DATA_DIR

include/config.h line 23: Warning: redefinition of #define CONFIG_DIR

include/config.h line 27: Warning: redefinition of #define LOG_DIR

include/config.h line 32: Warning: redefinition of #define HELP_DIR

include/config.h line 39: Warning: redefinition of #define USER_OB

include/config.h line 41: Warning: redefinition of #define MASTER_OB

include/daemons.h line 18: Warning: redefinition of #define CHINESE_D

include/daemons.h line 21: Warning: redefinition of #define COMBAT_D

include/daemons.h line 22: Warning: redefinition of #define CONDITION_D

include/daemons.h line 25: Warning: redefinition of #define EMOTE_D

include/daemons.h line 29: Warning: redefinition of #define FINGER_D

include/daemons.h line 48: Warning: redefinition of #define RACE_D

include/daemons.h line 56: Warning: redefinition of #define VIRTUAL_D

include/config.h line 22: Warning: redefinition of #define DATA_DIR

include/config.h line 23: Warning: redefinition of #define CONFIG_DIR

include/config.h line 27: Warning: redefinition of #define LOG_DIR

include/config.h line 32: Warning: redefinition of #define HELP_DIR

include/config.h line 39: Warning: redefinition of #define USER_OB

include/config.h line 41: Warning: redefinition of #define MASTER_OB

include/daemons.h line 18: Warning: redefinition of #define CHINESE_D

include/daemons.h line 21: Warning: redefinition of #define COMBAT_D

include/daemons.h line 22: Warning: redefinition of #define CONDITION_D

include/daemons.h line 25: Warning: redefinition of #define EMOTE_D

include/daemons.h line 29: Warning: redefinition of #define FINGER_D

include/daemons.h line 48: Warning: redefinition of #define RACE_D

include/daemons.h line 56: Warning: redefinition of #define VIRTUAL_D


Loading preloaded files ...
Initializations complete.

Accepting connections on port 8000.
错误讯息被拦截: 
执行时段错误：*call_other() couldn't find object

程式：std/user/autoload.c 第 43 行
物件: /std/user_ob/human#13
呼叫来自：adm/daemons/logind.c 的 get_password() 第 336 行，物件： adm/daemons/logind
呼叫来自：adm/daemons/logind.c 的 login_new_copy() 第 374 行，物件： adm/daemons/logind
呼叫来自：adm/daemons/logind.c 的 enter_world() 第 474 行，物件： adm/daemons/logind
呼叫来自：std/user.c 的 setup() 第 606 行，物件： std/user_ob/human#13
呼叫来自：std/body.c 的 init_setup() 第 220 行，物件： std/user_ob/human#13
呼叫来自：std/user/autoload.c 的 load_autoload_obj() 第 43 行，物件： std/user_ob/human#13
呼叫来自：std/user/autoload.c 的 CATCH() 第 43 行，物件： std/user_ob/human#13
错误讯息被拦截: 
执行时段错误：*File not exist: /d/noden/farwind/_post_office

程式：d/noden/farwind/virtual/server.c 第 30 行
物件: /d/noden/farwind/virtual/server
呼叫来自：std/user.c 的 heart_beat() 第 817 行，物件： std/user_ob/human#13
呼叫来自：std/user.c 的 run_cmds() 第 801 行，物件： std/user_ob/human#13
呼叫来自：std/user.c 的 cmd_hook() 第 125 行，物件： std/user_ob/human#13
呼叫来自：cmds/object/_update.c 的 cmd_update() 第 150 行，物件： cmds/object/_update
呼叫来自：cmds/object/_update.c 的 do_update() 第 205 行，物件： cmds/object/_update
呼叫来自：cmds/object/_update.c 的 CATCH() 第 205 行，物件： cmds/object/_update
呼叫来自：adm/obj/master.c 的 compile_object() 第 79 行，物件： adm/obj/master
呼叫来自：adm/daemons/virtual_d.c 的 compile_object() 第 24 行，物件： adm/daemons/virtual_d
呼叫来自：d/noden/farwind/virtual/server.c 的 compile_object() 第 30 行，物件： d/noden/farwind/virtual/server
错误讯息被拦截: 
执行时段错误：*File not exist: /d/noden/farwind/_post_office

程式：d/noden/farwind/virtual/server.c 第 30 行
物件: /d/noden/farwind/virtual/server
呼叫来自：std/user.c 的 heart_beat() 第 817 行，物件： std/user_ob/human#13
呼叫来自：std/user.c 的 run_cmds() 第 801 行，物件： std/user_ob/human#13
呼叫来自：std/user.c 的 cmd_hook() 第 125 行，物件： std/user_ob/human#13
呼叫来自：cmds/std/_go.c 的 cmd_go() 第 106 行，物件： cmds/std/_go
呼叫来自：std/user.c 的 move_player() 第 226 行，物件： std/user_ob/human#13
呼叫来自：std/object/ob_logic.c 的 move() 第 63 行，物件： std/user_ob/human#13
呼叫来自：std/object/ob_logic.c 的 CATCH() 第 63 行，物件： std/user_ob/human#13
呼叫来自：adm/obj/master.c 的 compile_object() 第 79 行，物件： adm/obj/master
呼叫来自：adm/daemons/virtual_d.c 的 compile_object() 第 24 行，物件： adm/daemons/virtual_d
呼叫来自：d/noden/farwind/virtual/server.c 的 compile_object() 第 30 行，物件： d/noden/farwind/virtual/server
错误讯息被拦截: 
执行时段错误：*Error in loading object '/d/noden/farwind/post_office1'

程式：cmds/object/_update.c 第 205 行
物件: /cmds/object/_update
呼叫来自：std/user.c 的 heart_beat() 第 817 行，物件： std/user_ob/human#13
呼叫来自：std/user.c 的 run_cmds() 第 801 行，物件： std/user_ob/human#13
呼叫来自：std/user.c 的 cmd_hook() 第 125 行，物件： std/user_ob/human#13
呼叫来自：cmds/object/_update.c 的 cmd_update() 第 150 行，物件： cmds/object/_update
呼叫来自：cmds/object/_update.c 的 do_update() 第 205 行，物件： cmds/object/_update
呼叫来自：cmds/object/_update.c 的 CATCH() 第 205 行，物件： cmds/object/_update
错误讯息被拦截: 
执行时段错误：*Error in loading object '/d/noden/farwind/post_office1'

程式：std/object/ob_logic.c 第 63 行
物件: /std/user_ob/human#13
呼叫来自：std/user.c 的 heart_beat() 第 817 行，物件： std/user_ob/human#13
呼叫来自：std/user.c 的 run_cmds() 第 801 行，物件： std/user_ob/human#13
呼叫来自：std/user.c 的 cmd_hook() 第 125 行，物件： std/user_ob/human#13
呼叫来自：cmds/std/_go.c 的 cmd_go() 第 106 行，物件： cmds/std/_go
呼叫来自：std/user.c 的 move_player() 第 226 行，物件： std/user_ob/human#13
呼叫来自：std/object/ob_logic.c 的 move() 第 63 行，物件： std/user_ob/human#13
呼叫来自：std/object/ob_logic.c 的 CATCH() 第 63 行，物件： std/user_ob/human#13
错误讯息被拦截: 
执行时段错误：*Error in loading object '/d/noden/farwind/post_office'

程式：cmds/object/_update.c 第 132 行
物件: /cmds/object/_update
呼叫来自：std/user.c 的 heart_beat() 第 817 行，物件： std/user_ob/human#13
呼叫来自：std/user.c 的 run_cmds() 第 801 行，物件： std/user_ob/human#13
呼叫来自：std/user.c 的 cmd_hook() 第 125 行，物件： std/user_ob/human#13
呼叫来自：cmds/object/_update.c 的 cmd_update() 第 132 行，物件： cmds/object/_update
呼叫来自：cmds/object/_update.c 的 CATCH() 第 132 行，物件： cmds/object/_update
错误讯息被拦截: 
执行时段错误：*File not exist: /d/noden/farwind/_post_office1

程式：d/noden/farwind/virtual/server.c 第 30 行
物件: /d/noden/farwind/virtual/server
呼叫来自：std/user.c 的 heart_beat() 第 817 行，物件： std/user_ob/human#13
呼叫来自：std/user.c 的 run_cmds() 第 801 行，物件： std/user_ob/human#13
呼叫来自：std/user.c 的 cmd_hook() 第 125 行，物件： std/user_ob/human#13
呼叫来自：cmds/std/_go.c 的 cmd_go() 第 106 行，物件： cmds/std/_go
呼叫来自：std/user.c 的 move_player() 第 226 行，物件： std/user_ob/human#13
呼叫来自：std/object/ob_logic.c 的 move() 第 63 行，物件： std/user_ob/human#13
呼叫来自：std/object/ob_logic.c 的 CATCH() 第 63 行，物件： std/user_ob/human#13
呼叫来自：adm/obj/master.c 的 compile_object() 第 79 行，物件： adm/obj/master
呼叫来自：adm/daemons/virtual_d.c 的 compile_object() 第 24 行，物件： adm/daemons/virtual_d
呼叫来自：d/noden/farwind/virtual/server.c 的 compile_object() 第 30 行，物件： d/noden/farwind/virtual/server
错误讯息被拦截: 
执行时段错误：*Error in loading object '/d/noden/farwind/post_office'

程式：cmds/object/_update.c 第 132 行
物件: /cmds/object/_update
呼叫来自：std/user.c 的 heart_beat() 第 817 行，物件： std/user_ob/human#13
呼叫来自：std/user.c 的 run_cmds() 第 801 行，物件： std/user_ob/human#13
呼叫来自：std/user.c 的 cmd_hook() 第 125 行，物件： std/user_ob/human#13
呼叫来自：cmds/object/_update.c 的 cmd_update() 第 132 行，物件： cmds/object/_update
呼叫来自：cmds/object/_update.c 的 CATCH() 第 132 行，物件： cmds/object/_update
错误讯息被拦截: 
执行时段错误：*File not exist: /d/noden/farwind/_post_office1

程式：d/noden/farwind/virtual/server.c 第 30 行
物件: /d/noden/farwind/virtual/server
呼叫来自：std/user.c 的 heart_beat() 第 817 行，物件： std/user_ob/human#13
呼叫来自：std/user.c 的 run_cmds() 第 801 行，物件： std/user_ob/human#13
呼叫来自：std/user.c 的 cmd_hook() 第 125 行，物件： std/user_ob/human#13
呼叫来自：cmds/std/_go.c 的 cmd_go() 第 106 行，物件： cmds/std/_go
呼叫来自：std/user.c 的 move_player() 第 226 行，物件： std/user_ob/human#13
呼叫来自：std/object/ob_logic.c 的 move() 第 63 行，物件： std/user_ob/human#13
呼叫来自：std/object/ob_logic.c 的 CATCH() 第 63 行，物件： std/user_ob/human#13
呼叫来自：adm/obj/master.c 的 compile_object() 第 79 行，物件： adm/obj/master
呼叫来自：adm/daemons/virtual_d.c 的 compile_object() 第 24 行，物件： adm/daemons/virtual_d
呼叫来自：d/noden/farwind/virtual/server.c 的 compile_object() 第 30 行，物件： d/noden/farwind/virtual/server
错误讯息被拦截: 
执行时段错误：*Error in loading object '/d/noden/farwind/post_office'

程式：std/object/ob_logic.c 第 63 行
物件: /std/user_ob/human#13
呼叫来自：std/user.c 的 heart_beat() 第 817 行，物件： std/user_ob/human#13
呼叫来自：std/user.c 的 run_cmds() 第 801 行，物件： std/user_ob/human#13
呼叫来自：std/user.c 的 cmd_hook() 第 125 行，物件： std/user_ob/human#13
呼叫来自：cmds/std/_go.c 的 cmd_go() 第 106 行，物件： cmds/std/_go
呼叫来自：std/user.c 的 move_player() 第 226 行，物件： std/user_ob/human#13
呼叫来自：std/object/ob_logic.c 的 move() 第 63 行，物件： std/user_ob/human#13
呼叫来自：std/object/ob_logic.c 的 CATCH() 第 63 行，物件： std/user_ob/human#13
错误讯息被拦截: 
执行时段错误：*Error in loading object '/d/noden/farwind/post_office'

程式：cmds/object/_update.c 第 132 行
物件: /cmds/object/_update
呼叫来自：std/user.c 的 heart_beat() 第 817 行，物件： std/user_ob/human#13
呼叫来自：std/user.c 的 run_cmds() 第 801 行，物件： std/user_ob/human#13
呼叫来自：std/user.c 的 cmd_hook() 第 125 行，物件： std/user_ob/human#13
呼叫来自：cmds/object/_update.c 的 cmd_update() 第 132 行，物件： cmds/object/_update
呼叫来自：cmds/object/_update.c 的 CATCH() 第 132 行，物件： cmds/object/_update
错误讯息被拦截: 
执行时段错误：*Error in loading object '/d/noden/farwind/post_office'

程式：std/object/ob_logic.c 第 63 行
物件: /std/user_ob/human#13
呼叫来自：std/user.c 的 heart_beat() 第 817 行，物件： std/user_ob/human#13
呼叫来自：std/user.c 的 run_cmds() 第 801 行，物件： std/user_ob/human#13
呼叫来自：std/user.c 的 cmd_hook() 第 125 行，物件： std/user_ob/human#13
呼叫来自：cmds/std/_go.c 的 cmd_go() 第 106 行，物件： cmds/std/_go
呼叫来自：std/user.c 的 move_player() 第 226 行，物件： std/user_ob/human#13
呼叫来自：std/object/ob_logic.c 的 move() 第 63 行，物件： std/user_ob/human#13
呼叫来自：std/object/ob_logic.c 的 CATCH() 第 63 行，物件： std/user_ob/human#13
错误讯息被拦截: 
执行时段错误：*Error in loading object '/d/noden/farwind/post_office'

程式：cmds/object/_update.c 第 132 行
物件: /cmds/object/_update
呼叫来自：std/user.c 的 heart_beat() 第 817 行，物件： std/user_ob/human#13
呼叫来自：std/user.c 的 run_cmds() 第 801 行，物件： std/user_ob/human#13
呼叫来自：std/user.c 的 cmd_hook() 第 125 行，物件： std/user_ob/human#13
呼叫来自：cmds/object/_update.c 的 cmd_update() 第 132 行，物件： cmds/object/_update
呼叫来自：cmds/object/_update.c 的 CATCH() 第 132 行，物件： cmds/object/_update
错误讯息被拦截: 
执行时段错误：*Error in loading object '/d/noden/farwind/post_office'

程式：std/object/ob_logic.c 第 63 行
物件: /std/user_ob/human#13
呼叫来自：std/user.c 的 heart_beat() 第 817 行，物件： std/user_ob/human#13
呼叫来自：std/user.c 的 run_cmds() 第 801 行，物件： std/user_ob/human#13
呼叫来自：std/user.c 的 cmd_hook() 第 125 行，物件： std/user_ob/human#13
呼叫来自：cmds/std/_go.c 的 cmd_go() 第 106 行，物件： cmds/std/_go
呼叫来自：std/user.c 的 move_player() 第 226 行，物件： std/user_ob/human#13
呼叫来自：std/object/ob_logic.c 的 move() 第 63 行，物件： std/user_ob/human#13
呼叫来自：std/object/ob_logic.c 的 CATCH() 第 63 行，物件： std/user_ob/human#13
错误讯息被拦截: 
执行时段错误：*Error in loading object '/d/noden/farwind/post_office'

程式：std/object/ob_logic.c 第 63 行
物件: /std/user_ob/human#13
呼叫来自：std/user.c 的 heart_beat() 第 817 行，物件： std/user_ob/human#13
呼叫来自：std/user.c 的 run_cmds() 第 801 行，物件： std/user_ob/human#13
呼叫来自：std/user.c 的 cmd_hook() 第 125 行，物件： std/user_ob/human#13
呼叫来自：cmds/std/_go.c 的 cmd_go() 第 106 行，物件： cmds/std/_go
呼叫来自：std/user.c 的 move_player() 第 226 行，物件： std/user_ob/human#13
呼叫来自：std/object/ob_logic.c 的 move() 第 63 行，物件： std/user_ob/human#13
呼叫来自：std/object/ob_logic.c 的 CATCH() 第 63 行，物件： std/user_ob/human#13
Initializing internal tables....

<---东方故事: MudOs v22pre11 (by wwj,Jan  1 1999) startup on Microsoft Windows 98 at Sat Mar 15 14:29:29 2003

using config file: E:\ES1\config.cfg
Can't find "mudos", ignoring old binaries.
Try invoking the driver using the full pathname.
System Error: init_addr_server: connect: WSAECONNREFUSED
include/config.h line 22: Warning: redefinition of #define DATA_DIR

include/config.h line 23: Warning: redefinition of #define CONFIG_DIR

include/config.h line 27: Warning: redefinition of #define LOG_DIR

include/config.h line 32: Warning: redefinition of #define HELP_DIR

include/config.h line 39: Warning: redefinition of #define USER_OB

include/config.h line 41: Warning: redefinition of #define MASTER_OB

include/daemons.h line 18: Warning: redefinition of #define CHINESE_D

include/daemons.h line 21: Warning: redefinition of #define COMBAT_D

include/daemons.h line 22: Warning: redefinition of #define CONDITION_D

include/daemons.h line 25: Warning: redefinition of #define EMOTE_D

include/daemons.h line 29: Warning: redefinition of #define FINGER_D

include/daemons.h line 48: Warning: redefinition of #define RACE_D

include/daemons.h line 56: Warning: redefinition of #define VIRTUAL_D

include/config.h line 22: Warning: redefinition of #define DATA_DIR

include/config.h line 23: Warning: redefinition of #define CONFIG_DIR

include/config.h line 27: Warning: redefinition of #define LOG_DIR

include/config.h line 32: Warning: redefinition of #define HELP_DIR

include/config.h line 39: Warning: redefinition of #define USER_OB

include/config.h line 41: Warning: redefinition of #define MASTER_OB

include/daemons.h line 18: Warning: redefinition of #define CHINESE_D

include/daemons.h line 21: Warning: redefinition of #define COMBAT_D

include/daemons.h line 22: Warning: redefinition of #define CONDITION_D

include/daemons.h line 25: Warning: redefinition of #define EMOTE_D

include/daemons.h line 29: Warning: redefinition of #define FINGER_D

include/daemons.h line 48: Warning: redefinition of #define RACE_D

include/daemons.h line 56: Warning: redefinition of #define VIRTUAL_D

include/config.h line 22: Warning: redefinition of #define DATA_DIR

include/config.h line 23: Warning: redefinition of #define CONFIG_DIR

include/config.h line 27: Warning: redefinition of #define LOG_DIR

include/config.h line 32: Warning: redefinition of #define HELP_DIR

include/config.h line 39: Warning: redefinition of #define USER_OB

include/config.h line 41: Warning: redefinition of #define MASTER_OB

include/daemons.h line 18: Warning: redefinition of #define CHINESE_D

include/daemons.h line 21: Warning: redefinition of #define COMBAT_D

include/daemons.h line 22: Warning: redefinition of #define CONDITION_D

include/daemons.h line 25: Warning: redefinition of #define EMOTE_D

include/daemons.h line 29: Warning: redefinition of #define FINGER_D

include/daemons.h line 48: Warning: redefinition of #define RACE_D

include/daemons.h line 56: Warning: redefinition of #define VIRTUAL_D

include/config.h line 22: Warning: redefinition of #define DATA_DIR

include/config.h line 23: Warning: redefinition of #define CONFIG_DIR

include/config.h line 27: Warning: redefinition of #define LOG_DIR

include/config.h line 32: Warning: redefinition of #define HELP_DIR

include/config.h line 39: Warning: redefinition of #define USER_OB

include/config.h line 41: Warning: redefinition of #define MASTER_OB

include/daemons.h line 18: Warning: redefinition of #define CHINESE_D

include/daemons.h line 21: Warning: redefinition of #define COMBAT_D

include/daemons.h line 22: Warning: redefinition of #define CONDITION_D

include/daemons.h line 25: Warning: redefinition of #define EMOTE_D

include/daemons.h line 29: Warning: redefinition of #define FINGER_D

include/daemons.h line 48: Warning: redefinition of #define RACE_D

include/daemons.h line 56: Warning: redefinition of #define VIRTUAL_D


Loading preloaded files ...
Initializations complete.

Accepting connections on port 8000.
错误讯息被拦截: 
执行时段错误：*Error in loading object '/d/noden/farwind/post_office'

程式：std/object/ob_logic.c 第 63 行
物件: /std/user_ob/human#1
呼叫来自：std/user.c 的 heart_beat() 第 817 行，物件： std/user_ob/human#1
呼叫来自：std/user.c 的 run_cmds() 第 801 行，物件： std/user_ob/human#1
呼叫来自：std/user.c 的 cmd_hook() 第 125 行，物件： std/user_ob/human#1
呼叫来自：cmds/std/_go.c 的 cmd_go() 第 106 行，物件： cmds/std/_go
呼叫来自：std/user.c 的 move_player() 第 226 行，物件： std/user_ob/human#1
呼叫来自：std/object/ob_logic.c 的 move() 第 63 行，物件： std/user_ob/human#1
呼叫来自：std/object/ob_logic.c 的 CATCH() 第 63 行，物件： std/user_ob/human#1
错误讯息被拦截: 
执行时段错误：*Error in loading object '/d/noden/farwind/post_office'

程式：cmds/object/_update.c 第 132 行
物件: /cmds/object/_update
呼叫来自：std/user.c 的 heart_beat() 第 817 行，物件： std/user_ob/human#1
呼叫来自：std/user.c 的 run_cmds() 第 801 行，物件： std/user_ob/human#1
呼叫来自：std/user.c 的 cmd_hook() 第 125 行，物件： std/user_ob/human#1
呼叫来自：cmds/object/_update.c 的 cmd_update() 第 132 行，物件： cmds/object/_update
呼叫来自：cmds/object/_update.c 的 CATCH() 第 132 行，物件： cmds/object/_update

执行时段错误：*result of array addition is greater than maximum array size.

程式：std/body/more.c 第 118 行
物件: /std/user_ob/human#1
呼叫来自：std/user.c 的 heart_beat() 第 817 行，物件： std/user_ob/human#1
呼叫来自：std/user.c 的 run_cmds() 第 801 行，物件： std/user_ob/human#1
呼叫来自：std/user.c 的 cmd_hook() 第 125 行，物件： std/user_ob/human#1
呼叫来自：cmds/file/_more.c 的 cmd_more() 第 22 行，物件： cmds/file/_more
呼叫来自：std/body/more.c 的 more() 第 118 行，物件： std/user_ob/human#1
Heart beat in std/user_ob/human#1 turned off.
错误讯息被拦截: 
执行时段错误：*Inherited file '/std/room' does not exist!

程式：cmds/object/_update.c 第 205 行
物件: /cmds/object/_update
呼叫来自：std/user.c 的 heart_beat() 第 817 行，物件： std/user_ob/human#1
呼叫来自：std/user.c 的 run_cmds() 第 801 行，物件： std/user_ob/human#1
呼叫来自：std/user.c 的 cmd_hook() 第 125 行，物件： std/user_ob/human#1
呼叫来自：cmds/object/_update.c 的 cmd_update() 第 150 行，物件： cmds/object/_update
呼叫来自：cmds/object/_update.c 的 do_update() 第 205 行，物件： cmds/object/_update
呼叫来自：cmds/object/_update.c 的 CATCH() 第 205 行，物件： cmds/object/_update
错误讯息被拦截: 
执行时段错误：*call_other() couldn't find object

程式：cmds/wiz/_goto.c 第 54 行
物件: /cmds/wiz/_goto
呼叫来自：std/user.c 的 heart_beat() 第 817 行，物件： std/user_ob/human#1
呼叫来自：std/user.c 的 run_cmds() 第 801 行，物件： std/user_ob/human#1
呼叫来自：std/user.c 的 cmd_hook() 第 125 行，物件： std/user_ob/human#1
呼叫来自：cmds/wiz/_goto.c 的 cmd_goto() 第 54 行，物件： cmds/wiz/_goto
呼叫来自：cmds/wiz/_goto.c 的 CATCH() 第 54 行，物件： cmds/wiz/_goto
错误讯息被拦截: 
执行时段错误：*Inherited file '/std/room' does not exist!

程式：std/object/ob_logic.c 第 63 行
物件: /std/user_ob/human#1
呼叫来自：std/user.c 的 heart_beat() 第 817 行，物件： std/user_ob/human#1
呼叫来自：std/user.c 的 run_cmds() 第 801 行，物件： std/user_ob/human#1
呼叫来自：std/user.c 的 cmd_hook() 第 125 行，物件： std/user_ob/human#1
呼叫来自：cmds/std/_go.c 的 cmd_go() 第 106 行，物件： cmds/std/_go
呼叫来自：std/user.c 的 move_player() 第 226 行，物件： std/user_ob/human#1
呼叫来自：std/object/ob_logic.c 的 move() 第 63 行，物件： std/user_ob/human#1
呼叫来自：std/object/ob_logic.c 的 CATCH() 第 63 行，物件： std/user_ob/human#1
错误讯息被拦截: 
执行时段错误：*Inherited file '/std/room' does not exist!

程式：cmds/object/_update.c 第 132 行
物件: /cmds/object/_update
呼叫来自：std/user.c 的 heart_beat() 第 817 行，物件： std/user_ob/human#1
呼叫来自：std/user.c 的 run_cmds() 第 801 行，物件： std/user_ob/human#1
呼叫来自：std/user.c 的 cmd_hook() 第 125 行，物件： std/user_ob/human#1
呼叫来自：cmds/object/_update.c 的 cmd_update() 第 132 行，物件： cmds/object/_update
呼叫来自：cmds/object/_update.c 的 CATCH() 第 132 行，物件： cmds/object/_update
错误讯息被拦截: 
执行时段错误：*Inherited file '/std/room' does not exist!

程式：cmds/object/_update.c 第 132 行
物件: /cmds/object/_update
呼叫来自：std/user.c 的 heart_beat() 第 817 行，物件： std/user_ob/human#1
呼叫来自：std/user.c 的 run_cmds() 第 801 行，物件： std/user_ob/human#1
呼叫来自：std/user.c 的 cmd_hook() 第 125 行，物件： std/user_ob/human#1
呼叫来自：cmds/object/_update.c 的 cmd_update() 第 132 行，物件： cmds/object/_update
呼叫来自：cmds/object/_update.c 的 CATCH() 第 132 行，物件： cmds/object/_update
错误讯息被拦截: 
执行时段错误：*Inherited file '/std/room' does not exist!

程式：std/object/ob_logic.c 第 63 行
物件: /std/user_ob/human#1
呼叫来自：std/user.c 的 heart_beat() 第 817 行，物件： std/user_ob/human#1
呼叫来自：std/user.c 的 run_cmds() 第 801 行，物件： std/user_ob/human#1
呼叫来自：std/user.c 的 cmd_hook() 第 125 行，物件： std/user_ob/human#1
呼叫来自：cmds/std/_go.c 的 cmd_go() 第 106 行，物件： cmds/std/_go
呼叫来自：std/user.c 的 move_player() 第 226 行，物件： std/user_ob/human#1
呼叫来自：std/object/ob_logic.c 的 move() 第 63 行，物件： std/user_ob/human#1
呼叫来自：std/object/ob_logic.c 的 CATCH() 第 63 行，物件： std/user_ob/human#1
错误讯息被拦截: 
执行时段错误：*Inherited file '/std/room' does not exist!

程式：std/object/ob_logic.c 第 63 行
物件: /std/user_ob/human#1
呼叫来自：std/user.c 的 heart_beat() 第 817 行，物件： std/user_ob/human#1
呼叫来自：std/user.c 的 run_cmds() 第 801 行，物件： std/user_ob/human#1
呼叫来自：std/user.c 的 cmd_hook() 第 125 行，物件： std/user_ob/human#1
呼叫来自：cmds/std/_go.c 的 cmd_go() 第 106 行，物件： cmds/std/_go
呼叫来自：std/user.c 的 move_player() 第 226 行，物件： std/user_ob/human#1
呼叫来自：std/object/ob_logic.c 的 move() 第 63 行，物件： std/user_ob/human#1
呼叫来自：std/object/ob_logic.c 的 CATCH() 第 63 行，物件： std/user_ob/human#1
Initializing internal tables....

<---东方故事: MudOs v22pre11 (by wwj,Jan  1 1999) startup on Microsoft Windows 98 at Tue Jan 01 01:09:21 2002

using config file: F:\mud\esI\config.cfg
Can't find "mudos", ignoring old binaries.
Try invoking the driver using the full pathname.
System Error: init_addr_server: connect: WSAECONNREFUSED
include/config.h line 22: Warning: redefinition of #define DATA_DIR

include/config.h line 23: Warning: redefinition of #define CONFIG_DIR

include/config.h line 27: Warning: redefinition of #define LOG_DIR

include/config.h line 32: Warning: redefinition of #define HELP_DIR

include/config.h line 39: Warning: redefinition of #define USER_OB

include/config.h line 41: Warning: redefinition of #define MASTER_OB

include/daemons.h line 18: Warning: redefinition of #define CHINESE_D

include/daemons.h line 21: Warning: redefinition of #define COMBAT_D

include/daemons.h line 22: Warning: redefinition of #define CONDITION_D

include/daemons.h line 25: Warning: redefinition of #define EMOTE_D

include/daemons.h line 29: Warning: redefinition of #define FINGER_D

include/daemons.h line 48: Warning: redefinition of #define RACE_D

include/daemons.h line 56: Warning: redefinition of #define VIRTUAL_D

include/config.h line 22: Warning: redefinition of #define DATA_DIR

include/config.h line 23: Warning: redefinition of #define CONFIG_DIR

include/config.h line 27: Warning: redefinition of #define LOG_DIR

include/config.h line 32: Warning: redefinition of #define HELP_DIR

include/config.h line 39: Warning: redefinition of #define USER_OB

include/config.h line 41: Warning: redefinition of #define MASTER_OB

include/daemons.h line 18: Warning: redefinition of #define CHINESE_D

include/daemons.h line 21: Warning: redefinition of #define COMBAT_D

include/daemons.h line 22: Warning: redefinition of #define CONDITION_D

include/daemons.h line 25: Warning: redefinition of #define EMOTE_D

include/daemons.h line 29: Warning: redefinition of #define FINGER_D

include/daemons.h line 48: Warning: redefinition of #define RACE_D

include/daemons.h line 56: Warning: redefinition of #define VIRTUAL_D

include/config.h line 22: Warning: redefinition of #define DATA_DIR

include/config.h line 23: Warning: redefinition of #define CONFIG_DIR

include/config.h line 27: Warning: redefinition of #define LOG_DIR

include/config.h line 32: Warning: redefinition of #define HELP_DIR

include/config.h line 39: Warning: redefinition of #define USER_OB

include/config.h line 41: Warning: redefinition of #define MASTER_OB

include/daemons.h line 18: Warning: redefinition of #define CHINESE_D

include/daemons.h line 21: Warning: redefinition of #define COMBAT_D

include/daemons.h line 22: Warning: redefinition of #define CONDITION_D

include/daemons.h line 25: Warning: redefinition of #define EMOTE_D

include/daemons.h line 29: Warning: redefinition of #define FINGER_D

include/daemons.h line 48: Warning: redefinition of #define RACE_D

include/daemons.h line 56: Warning: redefinition of #define VIRTUAL_D

include/config.h line 22: Warning: redefinition of #define DATA_DIR

include/config.h line 23: Warning: redefinition of #define CONFIG_DIR

include/config.h line 27: Warning: redefinition of #define LOG_DIR

include/config.h line 32: Warning: redefinition of #define HELP_DIR

include/config.h line 39: Warning: redefinition of #define USER_OB

include/config.h line 41: Warning: redefinition of #define MASTER_OB

include/daemons.h line 18: Warning: redefinition of #define CHINESE_D

include/daemons.h line 21: Warning: redefinition of #define COMBAT_D

include/daemons.h line 22: Warning: redefinition of #define CONDITION_D

include/daemons.h line 25: Warning: redefinition of #define EMOTE_D

include/daemons.h line 29: Warning: redefinition of #define FINGER_D

include/daemons.h line 48: Warning: redefinition of #define RACE_D

include/daemons.h line 56: Warning: redefinition of #define VIRTUAL_D


Loading preloaded files ...
Initializations complete.

Accepting connections on port 8888.
Initializing internal tables....

<---东方故事: MudOs v22pre11 (by wwj,Jan  1 1999) startup on Microsoft Windows 98 at Tue Jan 01 01:10:40 2002

using config file: F:\mud\esI\config.cfg
Can't find "mudos", ignoring old binaries.
Try invoking the driver using the full pathname.
System Error: init_addr_server: connect: WSAECONNREFUSED
include/config.h line 22: Warning: redefinition of #define DATA_DIR

include/config.h line 23: Warning: redefinition of #define CONFIG_DIR

include/config.h line 27: Warning: redefinition of #define LOG_DIR

include/config.h line 32: Warning: redefinition of #define HELP_DIR

include/config.h line 39: Warning: redefinition of #define USER_OB

include/config.h line 41: Warning: redefinition of #define MASTER_OB

include/daemons.h line 18: Warning: redefinition of #define CHINESE_D

include/daemons.h line 21: Warning: redefinition of #define COMBAT_D

include/daemons.h line 22: Warning: redefinition of #define CONDITION_D

include/daemons.h line 25: Warning: redefinition of #define EMOTE_D

include/daemons.h line 29: Warning: redefinition of #define FINGER_D

include/daemons.h line 48: Warning: redefinition of #define RACE_D

include/daemons.h line 56: Warning: redefinition of #define VIRTUAL_D

include/config.h line 22: Warning: redefinition of #define DATA_DIR

include/config.h line 23: Warning: redefinition of #define CONFIG_DIR

include/config.h line 27: Warning: redefinition of #define LOG_DIR

include/config.h line 32: Warning: redefinition of #define HELP_DIR

include/config.h line 39: Warning: redefinition of #define USER_OB

include/config.h line 41: Warning: redefinition of #define MASTER_OB

include/daemons.h line 18: Warning: redefinition of #define CHINESE_D

include/daemons.h line 21: Warning: redefinition of #define COMBAT_D

include/daemons.h line 22: Warning: redefinition of #define CONDITION_D

include/daemons.h line 25: Warning: redefinition of #define EMOTE_D

include/daemons.h line 29: Warning: redefinition of #define FINGER_D

include/daemons.h line 48: Warning: redefinition of #define RACE_D

include/daemons.h line 56: Warning: redefinition of #define VIRTUAL_D

include/config.h line 22: Warning: redefinition of #define DATA_DIR

include/config.h line 23: Warning: redefinition of #define CONFIG_DIR

include/config.h line 27: Warning: redefinition of #define LOG_DIR

include/config.h line 32: Warning: redefinition of #define HELP_DIR

include/config.h line 39: Warning: redefinition of #define USER_OB

include/config.h line 41: Warning: redefinition of #define MASTER_OB

include/daemons.h line 18: Warning: redefinition of #define CHINESE_D

include/daemons.h line 21: Warning: redefinition of #define COMBAT_D

include/daemons.h line 22: Warning: redefinition of #define CONDITION_D

include/daemons.h line 25: Warning: redefinition of #define EMOTE_D

include/daemons.h line 29: Warning: redefinition of #define FINGER_D

include/daemons.h line 48: Warning: redefinition of #define RACE_D

include/daemons.h line 56: Warning: redefinition of #define VIRTUAL_D

include/config.h line 22: Warning: redefinition of #define DATA_DIR

include/config.h line 23: Warning: redefinition of #define CONFIG_DIR

include/config.h line 27: Warning: redefinition of #define LOG_DIR

include/config.h line 32: Warning: redefinition of #define HELP_DIR

include/config.h line 39: Warning: redefinition of #define USER_OB

include/config.h line 41: Warning: redefinition of #define MASTER_OB

include/daemons.h line 18: Warning: redefinition of #define CHINESE_D

include/daemons.h line 21: Warning: redefinition of #define COMBAT_D

include/daemons.h line 22: Warning: redefinition of #define CONDITION_D

include/daemons.h line 25: Warning: redefinition of #define EMOTE_D

include/daemons.h line 29: Warning: redefinition of #define FINGER_D

include/daemons.h line 48: Warning: redefinition of #define RACE_D

include/daemons.h line 56: Warning: redefinition of #define VIRTUAL_D


Loading preloaded files ...
Initializations complete.

Accepting connections on port 8888.
Initializing internal tables....

<---东方故事: MudOs v22pre11 (by wwj,Jan  1 1999) startup on Microsoft Windows 98 at Tue Jan 01 01:10:59 2002

using config file: config.cfg
Can't find "mudos", ignoring old binaries.
Try invoking the driver using the full pathname.
System Error: init_addr_server: connect: WSAECONNREFUSED
include/config.h line 22: Warning: redefinition of #define DATA_DIR

include/config.h line 23: Warning: redefinition of #define CONFIG_DIR

include/config.h line 27: Warning: redefinition of #define LOG_DIR

include/config.h line 32: Warning: redefinition of #define HELP_DIR

include/config.h line 39: Warning: redefinition of #define USER_OB

include/config.h line 41: Warning: redefinition of #define MASTER_OB

include/daemons.h line 18: Warning: redefinition of #define CHINESE_D

include/daemons.h line 21: Warning: redefinition of #define COMBAT_D

include/daemons.h line 22: Warning: redefinition of #define CONDITION_D

include/daemons.h line 25: Warning: redefinition of #define EMOTE_D

include/daemons.h line 29: Warning: redefinition of #define FINGER_D

include/daemons.h line 48: Warning: redefinition of #define RACE_D

include/daemons.h line 56: Warning: redefinition of #define VIRTUAL_D

include/config.h line 22: Warning: redefinition of #define DATA_DIR

include/config.h line 23: Warning: redefinition of #define CONFIG_DIR

include/config.h line 27: Warning: redefinition of #define LOG_DIR

include/config.h line 32: Warning: redefinition of #define HELP_DIR

include/config.h line 39: Warning: redefinition of #define USER_OB

include/config.h line 41: Warning: redefinition of #define MASTER_OB

include/daemons.h line 18: Warning: redefinition of #define CHINESE_D

include/daemons.h line 21: Warning: redefinition of #define COMBAT_D

include/daemons.h line 22: Warning: redefinition of #define CONDITION_D

include/daemons.h line 25: Warning: redefinition of #define EMOTE_D

include/daemons.h line 29: Warning: redefinition of #define FINGER_D

include/daemons.h line 48: Warning: redefinition of #define RACE_D

include/daemons.h line 56: Warning: redefinition of #define VIRTUAL_D

include/config.h line 22: Warning: redefinition of #define DATA_DIR

include/config.h line 23: Warning: redefinition of #define CONFIG_DIR

include/config.h line 27: Warning: redefinition of #define LOG_DIR

include/config.h line 32: Warning: redefinition of #define HELP_DIR

include/config.h line 39: Warning: redefinition of #define USER_OB

include/config.h line 41: Warning: redefinition of #define MASTER_OB

include/daemons.h line 18: Warning: redefinition of #define CHINESE_D

include/daemons.h line 21: Warning: redefinition of #define COMBAT_D

include/daemons.h line 22: Warning: redefinition of #define CONDITION_D

include/daemons.h line 25: Warning: redefinition of #define EMOTE_D

include/daemons.h line 29: Warning: redefinition of #define FINGER_D

include/daemons.h line 48: Warning: redefinition of #define RACE_D

include/daemons.h line 56: Warning: redefinition of #define VIRTUAL_D

include/config.h line 22: Warning: redefinition of #define DATA_DIR

include/config.h line 23: Warning: redefinition of #define CONFIG_DIR

include/config.h line 27: Warning: redefinition of #define LOG_DIR

include/config.h line 32: Warning: redefinition of #define HELP_DIR

include/config.h line 39: Warning: redefinition of #define USER_OB

include/config.h line 41: Warning: redefinition of #define MASTER_OB

include/daemons.h line 18: Warning: redefinition of #define CHINESE_D

include/daemons.h line 21: Warning: redefinition of #define COMBAT_D

include/daemons.h line 22: Warning: redefinition of #define CONDITION_D

include/daemons.h line 25: Warning: redefinition of #define EMOTE_D

include/daemons.h line 29: Warning: redefinition of #define FINGER_D

include/daemons.h line 48: Warning: redefinition of #define RACE_D

include/daemons.h line 56: Warning: redefinition of #define VIRTUAL_D


Loading preloaded files ...
Initializations complete.

Accepting connections on port 8888.
Initializing internal tables....

<---东方故事: MudOs v22pre11 (by wwj,Jan  1 1999) startup on Microsoft Windows 98 at Tue Jan 01 01:22:14 2002

using config file: config.cfg
Can't find "mudos", ignoring old binaries.
Try invoking the driver using the full pathname.
System Error: init_addr_server: connect: WSAECONNREFUSED
include/config.h line 22: Warning: redefinition of #define DATA_DIR

include/config.h line 23: Warning: redefinition of #define CONFIG_DIR

include/config.h line 27: Warning: redefinition of #define LOG_DIR

include/config.h line 32: Warning: redefinition of #define HELP_DIR

include/config.h line 39: Warning: redefinition of #define USER_OB

include/config.h line 41: Warning: redefinition of #define MASTER_OB

include/daemons.h line 18: Warning: redefinition of #define CHINESE_D

include/daemons.h line 21: Warning: redefinition of #define COMBAT_D

include/daemons.h line 22: Warning: redefinition of #define CONDITION_D

include/daemons.h line 25: Warning: redefinition of #define EMOTE_D

include/daemons.h line 29: Warning: redefinition of #define FINGER_D

include/daemons.h line 48: Warning: redefinition of #define RACE_D

include/daemons.h line 56: Warning: redefinition of #define VIRTUAL_D

include/config.h line 22: Warning: redefinition of #define DATA_DIR

include/config.h line 23: Warning: redefinition of #define CONFIG_DIR

include/config.h line 27: Warning: redefinition of #define LOG_DIR

include/config.h line 32: Warning: redefinition of #define HELP_DIR

include/config.h line 39: Warning: redefinition of #define USER_OB

include/config.h line 41: Warning: redefinition of #define MASTER_OB

include/daemons.h line 18: Warning: redefinition of #define CHINESE_D

include/daemons.h line 21: Warning: redefinition of #define COMBAT_D

include/daemons.h line 22: Warning: redefinition of #define CONDITION_D

include/daemons.h line 25: Warning: redefinition of #define EMOTE_D

include/daemons.h line 29: Warning: redefinition of #define FINGER_D

include/daemons.h line 48: Warning: redefinition of #define RACE_D

include/daemons.h line 56: Warning: redefinition of #define VIRTUAL_D

include/config.h line 22: Warning: redefinition of #define DATA_DIR

include/config.h line 23: Warning: redefinition of #define CONFIG_DIR

include/config.h line 27: Warning: redefinition of #define LOG_DIR

include/config.h line 32: Warning: redefinition of #define HELP_DIR

include/config.h line 39: Warning: redefinition of #define USER_OB

include/config.h line 41: Warning: redefinition of #define MASTER_OB

include/daemons.h line 18: Warning: redefinition of #define CHINESE_D

include/daemons.h line 21: Warning: redefinition of #define COMBAT_D

include/daemons.h line 22: Warning: redefinition of #define CONDITION_D

include/daemons.h line 25: Warning: redefinition of #define EMOTE_D

include/daemons.h line 29: Warning: redefinition of #define FINGER_D

include/daemons.h line 48: Warning: redefinition of #define RACE_D

include/daemons.h line 56: Warning: redefinition of #define VIRTUAL_D

include/config.h line 22: Warning: redefinition of #define DATA_DIR

include/config.h line 23: Warning: redefinition of #define CONFIG_DIR

include/config.h line 27: Warning: redefinition of #define LOG_DIR

include/config.h line 32: Warning: redefinition of #define HELP_DIR

include/config.h line 39: Warning: redefinition of #define USER_OB

include/config.h line 41: Warning: redefinition of #define MASTER_OB

include/daemons.h line 18: Warning: redefinition of #define CHINESE_D

include/daemons.h line 21: Warning: redefinition of #define COMBAT_D

include/daemons.h line 22: Warning: redefinition of #define CONDITION_D

include/daemons.h line 25: Warning: redefinition of #define EMOTE_D

include/daemons.h line 29: Warning: redefinition of #define FINGER_D

include/daemons.h line 48: Warning: redefinition of #define RACE_D

include/daemons.h line 56: Warning: redefinition of #define VIRTUAL_D


Loading preloaded files ...
Initializations complete.

Accepting connections on port 8888.
Initializing internal tables....

<---东方故事: MudOs v22pre11 (by wwj,Jan  1 1999) startup on Microsoft Windows 98 at Tue Jan 01 01:24:09 2002

using config file: config.cfg
Can't find "mudos", ignoring old binaries.
Try invoking the driver using the full pathname.
System Error: init_addr_server: connect: WSAECONNREFUSED
include/config.h line 22: Warning: redefinition of #define DATA_DIR

include/config.h line 23: Warning: redefinition of #define CONFIG_DIR

include/config.h line 27: Warning: redefinition of #define LOG_DIR

include/config.h line 32: Warning: redefinition of #define HELP_DIR

include/config.h line 39: Warning: redefinition of #define USER_OB

include/config.h line 41: Warning: redefinition of #define MASTER_OB

include/daemons.h line 18: Warning: redefinition of #define CHINESE_D

include/daemons.h line 21: Warning: redefinition of #define COMBAT_D

include/daemons.h line 22: Warning: redefinition of #define CONDITION_D

include/daemons.h line 25: Warning: redefinition of #define EMOTE_D

include/daemons.h line 29: Warning: redefinition of #define FINGER_D

include/daemons.h line 48: Warning: redefinition of #define RACE_D

include/daemons.h line 56: Warning: redefinition of #define VIRTUAL_D

include/config.h line 22: Warning: redefinition of #define DATA_DIR

include/config.h line 23: Warning: redefinition of #define CONFIG_DIR

include/config.h line 27: Warning: redefinition of #define LOG_DIR

include/config.h line 32: Warning: redefinition of #define HELP_DIR

include/config.h line 39: Warning: redefinition of #define USER_OB

include/config.h line 41: Warning: redefinition of #define MASTER_OB

include/daemons.h line 18: Warning: redefinition of #define CHINESE_D

include/daemons.h line 21: Warning: redefinition of #define COMBAT_D

include/daemons.h line 22: Warning: redefinition of #define CONDITION_D

include/daemons.h line 25: Warning: redefinition of #define EMOTE_D

include/daemons.h line 29: Warning: redefinition of #define FINGER_D

include/daemons.h line 48: Warning: redefinition of #define RACE_D

include/daemons.h line 56: Warning: redefinition of #define VIRTUAL_D

include/config.h line 22: Warning: redefinition of #define DATA_DIR

include/config.h line 23: Warning: redefinition of #define CONFIG_DIR

include/config.h line 27: Warning: redefinition of #define LOG_DIR

include/config.h line 32: Warning: redefinition of #define HELP_DIR

include/config.h line 39: Warning: redefinition of #define USER_OB

include/config.h line 41: Warning: redefinition of #define MASTER_OB

include/daemons.h line 18: Warning: redefinition of #define CHINESE_D

include/daemons.h line 21: Warning: redefinition of #define COMBAT_D

include/daemons.h line 22: Warning: redefinition of #define CONDITION_D

include/daemons.h line 25: Warning: redefinition of #define EMOTE_D

include/daemons.h line 29: Warning: redefinition of #define FINGER_D

include/daemons.h line 48: Warning: redefinition of #define RACE_D

include/daemons.h line 56: Warning: redefinition of #define VIRTUAL_D

include/config.h line 22: Warning: redefinition of #define DATA_DIR

include/config.h line 23: Warning: redefinition of #define CONFIG_DIR

include/config.h line 27: Warning: redefinition of #define LOG_DIR

include/config.h line 32: Warning: redefinition of #define HELP_DIR

include/config.h line 39: Warning: redefinition of #define USER_OB

include/config.h line 41: Warning: redefinition of #define MASTER_OB

include/daemons.h line 18: Warning: redefinition of #define CHINESE_D

include/daemons.h line 21: Warning: redefinition of #define COMBAT_D

include/daemons.h line 22: Warning: redefinition of #define CONDITION_D

include/daemons.h line 25: Warning: redefinition of #define EMOTE_D

include/daemons.h line 29: Warning: redefinition of #define FINGER_D

include/daemons.h line 48: Warning: redefinition of #define RACE_D

include/daemons.h line 56: Warning: redefinition of #define VIRTUAL_D


Loading preloaded files ...
Initializations complete.

Accepting connections on port 8888.
Initializing internal tables....

<---东方故事: MudOs v22pre11 (by wwj,Jan  1 1999) startup on Microsoft Windows 98 at Tue Jan 01 01:27:09 2002

using config file: config.cfg
Can't find "mudos", ignoring old binaries.
Try invoking the driver using the full pathname.
System Error: init_addr_server: connect: WSAECONNREFUSED
include/config.h line 22: Warning: redefinition of #define DATA_DIR

include/config.h line 23: Warning: redefinition of #define CONFIG_DIR

include/config.h line 27: Warning: redefinition of #define LOG_DIR

include/config.h line 32: Warning: redefinition of #define HELP_DIR

include/config.h line 39: Warning: redefinition of #define USER_OB

include/config.h line 41: Warning: redefinition of #define MASTER_OB

include/daemons.h line 18: Warning: redefinition of #define CHINESE_D

include/daemons.h line 21: Warning: redefinition of #define COMBAT_D

include/daemons.h line 22: Warning: redefinition of #define CONDITION_D

include/daemons.h line 25: Warning: redefinition of #define EMOTE_D

include/daemons.h line 29: Warning: redefinition of #define FINGER_D

include/daemons.h line 48: Warning: redefinition of #define RACE_D

include/daemons.h line 56: Warning: redefinition of #define VIRTUAL_D

include/config.h line 22: Warning: redefinition of #define DATA_DIR

include/config.h line 23: Warning: redefinition of #define CONFIG_DIR

include/config.h line 27: Warning: redefinition of #define LOG_DIR

include/config.h line 32: Warning: redefinition of #define HELP_DIR

include/config.h line 39: Warning: redefinition of #define USER_OB

include/config.h line 41: Warning: redefinition of #define MASTER_OB

include/daemons.h line 18: Warning: redefinition of #define CHINESE_D

include/daemons.h line 21: Warning: redefinition of #define COMBAT_D

include/daemons.h line 22: Warning: redefinition of #define CONDITION_D

include/daemons.h line 25: Warning: redefinition of #define EMOTE_D

include/daemons.h line 29: Warning: redefinition of #define FINGER_D

include/daemons.h line 48: Warning: redefinition of #define RACE_D

include/daemons.h line 56: Warning: redefinition of #define VIRTUAL_D

include/config.h line 22: Warning: redefinition of #define DATA_DIR

include/config.h line 23: Warning: redefinition of #define CONFIG_DIR

include/config.h line 27: Warning: redefinition of #define LOG_DIR

include/config.h line 32: Warning: redefinition of #define HELP_DIR

include/config.h line 39: Warning: redefinition of #define USER_OB

include/config.h line 41: Warning: redefinition of #define MASTER_OB

include/daemons.h line 18: Warning: redefinition of #define CHINESE_D

include/daemons.h line 21: Warning: redefinition of #define COMBAT_D

include/daemons.h line 22: Warning: redefinition of #define CONDITION_D

include/daemons.h line 25: Warning: redefinition of #define EMOTE_D

include/daemons.h line 29: Warning: redefinition of #define FINGER_D

include/daemons.h line 48: Warning: redefinition of #define RACE_D

include/daemons.h line 56: Warning: redefinition of #define VIRTUAL_D

include/config.h line 22: Warning: redefinition of #define DATA_DIR

include/config.h line 23: Warning: redefinition of #define CONFIG_DIR

include/config.h line 27: Warning: redefinition of #define LOG_DIR

include/config.h line 32: Warning: redefinition of #define HELP_DIR

include/config.h line 39: Warning: redefinition of #define USER_OB

include/config.h line 41: Warning: redefinition of #define MASTER_OB

include/daemons.h line 18: Warning: redefinition of #define CHINESE_D

include/daemons.h line 21: Warning: redefinition of #define COMBAT_D

include/daemons.h line 22: Warning: redefinition of #define CONDITION_D

include/daemons.h line 25: Warning: redefinition of #define EMOTE_D

include/daemons.h line 29: Warning: redefinition of #define FINGER_D

include/daemons.h line 48: Warning: redefinition of #define RACE_D

include/daemons.h line 56: Warning: redefinition of #define VIRTUAL_D


Loading preloaded files ...
Initializations complete.

Accepting connections on port 8888.
Initializing internal tables....

<---东方故事: MudOs v22pre11 (by wwj,Jan  1 1999) startup on Microsoft Windows 98 at Tue Jan 01 01:29:18 2002

using config file: config.cfg
Can't find "mudos", ignoring old binaries.
Try invoking the driver using the full pathname.
System Error: init_addr_server: connect: WSAECONNREFUSED
include/config.h line 22: Warning: redefinition of #define DATA_DIR

include/config.h line 23: Warning: redefinition of #define CONFIG_DIR

include/config.h line 27: Warning: redefinition of #define LOG_DIR

include/config.h line 32: Warning: redefinition of #define HELP_DIR

include/config.h line 39: Warning: redefinition of #define USER_OB

include/config.h line 41: Warning: redefinition of #define MASTER_OB

include/daemons.h line 18: Warning: redefinition of #define CHINESE_D

include/daemons.h line 21: Warning: redefinition of #define COMBAT_D

include/daemons.h line 22: Warning: redefinition of #define CONDITION_D

include/daemons.h line 25: Warning: redefinition of #define EMOTE_D

include/daemons.h line 29: Warning: redefinition of #define FINGER_D

include/daemons.h line 48: Warning: redefinition of #define RACE_D

include/daemons.h line 56: Warning: redefinition of #define VIRTUAL_D

include/config.h line 22: Warning: redefinition of #define DATA_DIR

include/config.h line 23: Warning: redefinition of #define CONFIG_DIR

include/config.h line 27: Warning: redefinition of #define LOG_DIR

include/config.h line 32: Warning: redefinition of #define HELP_DIR

include/config.h line 39: Warning: redefinition of #define USER_OB

include/config.h line 41: Warning: redefinition of #define MASTER_OB

include/daemons.h line 18: Warning: redefinition of #define CHINESE_D

include/daemons.h line 21: Warning: redefinition of #define COMBAT_D

include/daemons.h line 22: Warning: redefinition of #define CONDITION_D

include/daemons.h line 25: Warning: redefinition of #define EMOTE_D

include/daemons.h line 29: Warning: redefinition of #define FINGER_D

include/daemons.h line 48: Warning: redefinition of #define RACE_D

include/daemons.h line 56: Warning: redefinition of #define VIRTUAL_D

include/config.h line 22: Warning: redefinition of #define DATA_DIR

include/config.h line 23: Warning: redefinition of #define CONFIG_DIR

include/config.h line 27: Warning: redefinition of #define LOG_DIR

include/config.h line 32: Warning: redefinition of #define HELP_DIR

include/config.h line 39: Warning: redefinition of #define USER_OB

include/config.h line 41: Warning: redefinition of #define MASTER_OB

include/daemons.h line 18: Warning: redefinition of #define CHINESE_D

include/daemons.h line 21: Warning: redefinition of #define COMBAT_D

include/daemons.h line 22: Warning: redefinition of #define CONDITION_D

include/daemons.h line 25: Warning: redefinition of #define EMOTE_D

include/daemons.h line 29: Warning: redefinition of #define FINGER_D

include/daemons.h line 48: Warning: redefinition of #define RACE_D

include/daemons.h line 56: Warning: redefinition of #define VIRTUAL_D

include/config.h line 22: Warning: redefinition of #define DATA_DIR

include/config.h line 23: Warning: redefinition of #define CONFIG_DIR

include/config.h line 27: Warning: redefinition of #define LOG_DIR

include/config.h line 32: Warning: redefinition of #define HELP_DIR

include/config.h line 39: Warning: redefinition of #define USER_OB

include/config.h line 41: Warning: redefinition of #define MASTER_OB

include/daemons.h line 18: Warning: redefinition of #define CHINESE_D

include/daemons.h line 21: Warning: redefinition of #define COMBAT_D

include/daemons.h line 22: Warning: redefinition of #define CONDITION_D

include/daemons.h line 25: Warning: redefinition of #define EMOTE_D

include/daemons.h line 29: Warning: redefinition of #define FINGER_D

include/daemons.h line 48: Warning: redefinition of #define RACE_D

include/daemons.h line 56: Warning: redefinition of #define VIRTUAL_D


Loading preloaded files ...
Initializations complete.

Accepting connections on port 8888.
Initializing internal tables....

<---东方故事: MudOs v22pre11 (by wwj,Jan  1 1999) startup on Microsoft Windows 98 at Tue Jan 01 01:36:13 2002

using config file: config.cfg
Can't find "mudos", ignoring old binaries.
Try invoking the driver using the full pathname.
System Error: init_addr_server: connect: WSAECONNREFUSED
include/config.h line 22: Warning: redefinition of #define DATA_DIR

include/config.h line 23: Warning: redefinition of #define CONFIG_DIR

include/config.h line 27: Warning: redefinition of #define LOG_DIR

include/config.h line 32: Warning: redefinition of #define HELP_DIR

include/config.h line 39: Warning: redefinition of #define USER_OB

include/config.h line 41: Warning: redefinition of #define MASTER_OB

include/daemons.h line 18: Warning: redefinition of #define CHINESE_D

include/daemons.h line 21: Warning: redefinition of #define COMBAT_D

include/daemons.h line 22: Warning: redefinition of #define CONDITION_D

include/daemons.h line 25: Warning: redefinition of #define EMOTE_D

include/daemons.h line 29: Warning: redefinition of #define FINGER_D

include/daemons.h line 48: Warning: redefinition of #define RACE_D

include/daemons.h line 56: Warning: redefinition of #define VIRTUAL_D

include/config.h line 22: Warning: redefinition of #define DATA_DIR

include/config.h line 23: Warning: redefinition of #define CONFIG_DIR

include/config.h line 27: Warning: redefinition of #define LOG_DIR

include/config.h line 32: Warning: redefinition of #define HELP_DIR

include/config.h line 39: Warning: redefinition of #define USER_OB

include/config.h line 41: Warning: redefinition of #define MASTER_OB

include/daemons.h line 18: Warning: redefinition of #define CHINESE_D

include/daemons.h line 21: Warning: redefinition of #define COMBAT_D

include/daemons.h line 22: Warning: redefinition of #define CONDITION_D

include/daemons.h line 25: Warning: redefinition of #define EMOTE_D

include/daemons.h line 29: Warning: redefinition of #define FINGER_D

include/daemons.h line 48: Warning: redefinition of #define RACE_D

include/daemons.h line 56: Warning: redefinition of #define VIRTUAL_D

include/config.h line 22: Warning: redefinition of #define DATA_DIR

include/config.h line 23: Warning: redefinition of #define CONFIG_DIR

include/config.h line 27: Warning: redefinition of #define LOG_DIR

include/config.h line 32: Warning: redefinition of #define HELP_DIR

include/config.h line 39: Warning: redefinition of #define USER_OB

include/config.h line 41: Warning: redefinition of #define MASTER_OB

include/daemons.h line 18: Warning: redefinition of #define CHINESE_D

include/daemons.h line 21: Warning: redefinition of #define COMBAT_D

include/daemons.h line 22: Warning: redefinition of #define CONDITION_D

include/daemons.h line 25: Warning: redefinition of #define EMOTE_D

include/daemons.h line 29: Warning: redefinition of #define FINGER_D

include/daemons.h line 48: Warning: redefinition of #define RACE_D

include/daemons.h line 56: Warning: redefinition of #define VIRTUAL_D

include/config.h line 22: Warning: redefinition of #define DATA_DIR

include/config.h line 23: Warning: redefinition of #define CONFIG_DIR

include/config.h line 27: Warning: redefinition of #define LOG_DIR

include/config.h line 32: Warning: redefinition of #define HELP_DIR

include/config.h line 39: Warning: redefinition of #define USER_OB

include/config.h line 41: Warning: redefinition of #define MASTER_OB

include/daemons.h line 18: Warning: redefinition of #define CHINESE_D

include/daemons.h line 21: Warning: redefinition of #define COMBAT_D

include/daemons.h line 22: Warning: redefinition of #define CONDITION_D

include/daemons.h line 25: Warning: redefinition of #define EMOTE_D

include/daemons.h line 29: Warning: redefinition of #define FINGER_D

include/daemons.h line 48: Warning: redefinition of #define RACE_D

include/daemons.h line 56: Warning: redefinition of #define VIRTUAL_D


Loading preloaded files ...
Initializations complete.

Accepting connections on port 8888.
Initializing internal tables....

<---东方故事: MudOs v22pre11 (by wwj,Jan  1 1999) startup on Microsoft Windows 98 at Tue Jan 01 01:40:14 2002

using config file: config.cfg
Can't find "mudos", ignoring old binaries.
Try invoking the driver using the full pathname.
System Error: init_addr_server: connect: WSAECONNREFUSED
include/config.h line 22: Warning: redefinition of #define DATA_DIR

include/config.h line 23: Warning: redefinition of #define CONFIG_DIR

include/config.h line 27: Warning: redefinition of #define LOG_DIR

include/config.h line 32: Warning: redefinition of #define HELP_DIR

include/config.h line 39: Warning: redefinition of #define USER_OB

include/config.h line 41: Warning: redefinition of #define MASTER_OB

include/daemons.h line 18: Warning: redefinition of #define CHINESE_D

include/daemons.h line 21: Warning: redefinition of #define COMBAT_D

include/daemons.h line 22: Warning: redefinition of #define CONDITION_D

include/daemons.h line 25: Warning: redefinition of #define EMOTE_D

include/daemons.h line 29: Warning: redefinition of #define FINGER_D

include/daemons.h line 48: Warning: redefinition of #define RACE_D

include/daemons.h line 56: Warning: redefinition of #define VIRTUAL_D

include/config.h line 22: Warning: redefinition of #define DATA_DIR

include/config.h line 23: Warning: redefinition of #define CONFIG_DIR

include/config.h line 27: Warning: redefinition of #define LOG_DIR

include/config.h line 32: Warning: redefinition of #define HELP_DIR

include/config.h line 39: Warning: redefinition of #define USER_OB

include/config.h line 41: Warning: redefinition of #define MASTER_OB

include/daemons.h line 18: Warning: redefinition of #define CHINESE_D

include/daemons.h line 21: Warning: redefinition of #define COMBAT_D

include/daemons.h line 22: Warning: redefinition of #define CONDITION_D

include/daemons.h line 25: Warning: redefinition of #define EMOTE_D

include/daemons.h line 29: Warning: redefinition of #define FINGER_D

include/daemons.h line 48: Warning: redefinition of #define RACE_D

include/daemons.h line 56: Warning: redefinition of #define VIRTUAL_D

include/config.h line 22: Warning: redefinition of #define DATA_DIR

include/config.h line 23: Warning: redefinition of #define CONFIG_DIR

include/config.h line 27: Warning: redefinition of #define LOG_DIR

include/config.h line 32: Warning: redefinition of #define HELP_DIR

include/config.h line 39: Warning: redefinition of #define USER_OB

include/config.h line 41: Warning: redefinition of #define MASTER_OB

include/daemons.h line 18: Warning: redefinition of #define CHINESE_D

include/daemons.h line 21: Warning: redefinition of #define COMBAT_D

include/daemons.h line 22: Warning: redefinition of #define CONDITION_D

include/daemons.h line 25: Warning: redefinition of #define EMOTE_D

include/daemons.h line 29: Warning: redefinition of #define FINGER_D

include/daemons.h line 48: Warning: redefinition of #define RACE_D

include/daemons.h line 56: Warning: redefinition of #define VIRTUAL_D

include/config.h line 22: Warning: redefinition of #define DATA_DIR

include/config.h line 23: Warning: redefinition of #define CONFIG_DIR

include/config.h line 27: Warning: redefinition of #define LOG_DIR

include/config.h line 32: Warning: redefinition of #define HELP_DIR

include/config.h line 39: Warning: redefinition of #define USER_OB

include/config.h line 41: Warning: redefinition of #define MASTER_OB

include/daemons.h line 18: Warning: redefinition of #define CHINESE_D

include/daemons.h line 21: Warning: redefinition of #define COMBAT_D

include/daemons.h line 22: Warning: redefinition of #define CONDITION_D

include/daemons.h line 25: Warning: redefinition of #define EMOTE_D

include/daemons.h line 29: Warning: redefinition of #define FINGER_D

include/daemons.h line 48: Warning: redefinition of #define RACE_D

include/daemons.h line 56: Warning: redefinition of #define VIRTUAL_D


Loading preloaded files ...
Initializations complete.

Accepting connections on port 8888.
Initializing internal tables....

<---东方故事: MudOs v22pre11 (by wwj,Jan  1 1999) startup on Microsoft Windows 98 at Tue Jan 01 01:40:21 2002

using config file: config.cfg
Can't find "mudos", ignoring old binaries.
Try invoking the driver using the full pathname.
System Error: init_addr_server: connect: WSAECONNREFUSED
include/config.h line 22: Warning: redefinition of #define DATA_DIR

include/config.h line 23: Warning: redefinition of #define CONFIG_DIR

include/config.h line 27: Warning: redefinition of #define LOG_DIR

include/config.h line 32: Warning: redefinition of #define HELP_DIR

include/config.h line 39: Warning: redefinition of #define USER_OB

include/config.h line 41: Warning: redefinition of #define MASTER_OB

include/daemons.h line 18: Warning: redefinition of #define CHINESE_D

include/daemons.h line 21: Warning: redefinition of #define COMBAT_D

include/daemons.h line 22: Warning: redefinition of #define CONDITION_D

include/daemons.h line 25: Warning: redefinition of #define EMOTE_D

include/daemons.h line 29: Warning: redefinition of #define FINGER_D

include/daemons.h line 48: Warning: redefinition of #define RACE_D

include/daemons.h line 56: Warning: redefinition of #define VIRTUAL_D

include/config.h line 22: Warning: redefinition of #define DATA_DIR

include/config.h line 23: Warning: redefinition of #define CONFIG_DIR

include/config.h line 27: Warning: redefinition of #define LOG_DIR

include/config.h line 32: Warning: redefinition of #define HELP_DIR

include/config.h line 39: Warning: redefinition of #define USER_OB

include/config.h line 41: Warning: redefinition of #define MASTER_OB

include/daemons.h line 18: Warning: redefinition of #define CHINESE_D

include/daemons.h line 21: Warning: redefinition of #define COMBAT_D

include/daemons.h line 22: Warning: redefinition of #define CONDITION_D

include/daemons.h line 25: Warning: redefinition of #define EMOTE_D

include/daemons.h line 29: Warning: redefinition of #define FINGER_D

include/daemons.h line 48: Warning: redefinition of #define RACE_D

include/daemons.h line 56: Warning: redefinition of #define VIRTUAL_D

include/config.h line 22: Warning: redefinition of #define DATA_DIR

include/config.h line 23: Warning: redefinition of #define CONFIG_DIR

include/config.h line 27: Warning: redefinition of #define LOG_DIR

include/config.h line 32: Warning: redefinition of #define HELP_DIR

include/config.h line 39: Warning: redefinition of #define USER_OB

include/config.h line 41: Warning: redefinition of #define MASTER_OB

include/daemons.h line 18: Warning: redefinition of #define CHINESE_D

include/daemons.h line 21: Warning: redefinition of #define COMBAT_D

include/daemons.h line 22: Warning: redefinition of #define CONDITION_D

include/daemons.h line 25: Warning: redefinition of #define EMOTE_D

include/daemons.h line 29: Warning: redefinition of #define FINGER_D

include/daemons.h line 48: Warning: redefinition of #define RACE_D

include/daemons.h line 56: Warning: redefinition of #define VIRTUAL_D

include/config.h line 22: Warning: redefinition of #define DATA_DIR

include/config.h line 23: Warning: redefinition of #define CONFIG_DIR

include/config.h line 27: Warning: redefinition of #define LOG_DIR

include/config.h line 32: Warning: redefinition of #define HELP_DIR

include/config.h line 39: Warning: redefinition of #define USER_OB

include/config.h line 41: Warning: redefinition of #define MASTER_OB

include/daemons.h line 18: Warning: redefinition of #define CHINESE_D

include/daemons.h line 21: Warning: redefinition of #define COMBAT_D

include/daemons.h line 22: Warning: redefinition of #define CONDITION_D

include/daemons.h line 25: Warning: redefinition of #define EMOTE_D

include/daemons.h line 29: Warning: redefinition of #define FINGER_D

include/daemons.h line 48: Warning: redefinition of #define RACE_D

include/daemons.h line 56: Warning: redefinition of #define VIRTUAL_D


Loading preloaded files ...
Initializations complete.

Accepting connections on port 8888.
Initializing internal tables....
