1422762421 719 0
1422762421 320 0 320 0
1415263677 320 0 320 0
1415263500 320 0 320 0
1415263200 320 0 320 0
1415262900 319 0 320 0
1415262600 315 0 315 0
1415262300 315 0 315 0
1415262000 315 0 315 0
1415261700 315 0 315 0
1415261400 315 0 315 0
1415261100 315 0 319 0
1415260800 319 0 319 0
1415260500 319 0 319 0
1415260200 319 0 319 0
1415259900 319 0 319 0
1415259600 319 0 319 0
1415259300 319 0 319 0
1415259000 319 0 319 0
1415258700 320 0 322 0
1415258400 322 0 322 0
1415258100 305 0 322 0
1415257800 305 0 305 0
1415257500 305 0 305 0
1415257200 305 0 305 0
1415256900 305 0 305 0
1415256600 305 0 305 0
1415256300 305 0 305 0
1415256000 305 0 305 0
1415255700 305 0 305 0
1415255400 305 0 305 0
1415255100 305 0 305 0
1415254800 305 0 305 0
1415254500 305 0 305 0
1415254200 305 0 305 0
1415253900 305 0 305 0
1415253600 305 0 305 0
1415253300 305 0 305 0
1415253000 305 0 305 0
1415252700 305 0 305 0
1415252400 305 0 305 0
1415252100 305 0 305 0
1415251800 305 0 305 0
1415251500 305 0 305 0
1415251200 305 0 305 0
1415250900 305 0 305 0
1415250600 305 0 305 0
1415250300 305 0 305 0
1415250000 305 0 305 0
1415249700 305 0 305 0
1415249400 305 0 305 0
1415249100 305 0 305 0
1415248800 305 0 305 0
1415248500 305 0 305 0
1415248200 311 0 313 0
1415247900 313 0 313 0
1415247600 313 0 313 0
1415247300 313 0 313 0
1415247000 313 0 313 0
1415246700 313 0 313 0
1415246400 313 0 313 0
1415246100 313 0 313 0
1415245800 313 0 313 0
1415245500 313 0 313 0
1415245200 313 0 313 0
1415244900 313 0 313 0
1415244600 313 0 313 0
1415244300 313 0 313 0
1415244000 313 0 313 0
1415243700 313 0 313 0
1415243400 313 0 313 0
1415243100 313 0 313 0
1415242800 313 0 313 0
1415242500 313 0 313 0
1415242200 313 0 313 0
1415241900 313 0 313 0
1415241600 313 0 313 0
1415241300 313 0 313 0
1415241000 313 0 313 0
1415240700 313 0 313 0
1415240400 313 0 313 0
1415240100 313 0 313 0
1415239800 313 0 313 0
1415239500 313 0 313 0
1415239200 313 0 313 0
1415238900 313 0 313 0
1415238600 313 0 313 0
1415238300 313 0 313 0
1415238000 313 0 313 0
1415237700 313 0 313 0
1415237400 313 0 313 0
1415237100 313 0 313 0
1415236800 313 0 313 0
1415236500 313 0 313 0
1415236200 313 0 313 0
1415235900 313 0 313 0
1415235600 313 0 313 0
1415235300 313 0 313 0
1415235000 313 0 313 0
1415234700 313 0 313 0
1415234400 313 0 313 0
1415234100 313 0 313 0
1415233800 313 0 313 0
1415233500 313 0 313 0
1415233200 313 0 313 0
1415232900 313 0 313 0
1415232600 313 0 313 0
1415232300 313 0 313 0
1415232000 313 0 313 0
1415231700 313 0 313 0
1415231400 313 0 313 0
1415231100 313 0 313 0
1415230800 313 0 313 0
1415230500 313 0 313 0
1415230200 313 0 313 0
1415229900 313 0 313 0
1415229600 313 0 313 0
1415229300 313 0 313 0
1415229000 313 0 313 0
1415228700 313 0 313 0
1415228400 313 0 313 0
1415228100 313 0 313 0
1415227800 313 0 313 0
1415227500 313 0 313 0
1415227200 313 0 313 0
1415226900 313 0 313 0
1415226600 313 0 313 0
1415226300 313 0 313 0
1415226000 313 0 313 0
1415225700 313 0 313 0
1415225400 313 0 313 0
1415225100 313 0 313 0
1415224800 313 0 313 0
1415224500 313 0 313 0
1415224200 313 0 313 0
1415223900 313 0 313 0
1415223600 313 0 313 0
1415223300 313 0 313 0
1415223000 313 0 313 0
1415222700 313 0 313 0
1415222400 313 0 313 0
1415222100 313 0 313 0
1415221800 313 0 313 0
1415221500 313 0 313 0
1415221200 313 0 313 0
1415220900 313 0 313 0
1415220600 313 0 313 0
1415220300 313 0 313 0
1415220000 313 0 313 0
1415219700 313 0 313 0
1415219400 313 0 313 0
1415219100 313 0 313 0
1415218800 313 0 313 0
1415218500 313 0 313 0
1415218200 313 0 313 0
1415217900 313 0 313 0
1415217600 313 0 313 0
1415217300 313 0 313 0
1415217000 313 0 313 0
1415216700 313 0 313 0
1415216400 313 0 313 0
1415216100 313 0 313 0
1415215800 313 0 313 0
1415215500 313 0 313 0
1415215200 313 0 313 0
1415214900 313 0 313 0
1415214600 313 0 313 0
1415214300 313 0 313 0
1415214000 313 0 313 0
1415213700 313 0 313 0
1415213400 313 0 313 0
1415213100 313 0 313 0
1415212800 313 0 313 0
1415212500 313 0 313 0
1415212200 313 0 313 0
1415211900 313 0 313 0
1415211600 313 0 313 0
1415211300 313 0 313 0
1415211000 313 0 313 0
1415210700 313 0 313 0
1415210400 313 0 313 0
1415210100 313 0 313 0
1415209800 313 0 313 0
1415209500 313 0 313 0
1415209200 313 0 313 0
1415208900 313 0 313 0
1415208600 313 0 313 0
1415208300 313 0 313 0
1415208000 313 0 313 0
1415207700 313 0 313 0
1415207400 313 0 313 0
1415207100 313 0 313 0
1415206800 313 0 313 0
1415206500 313 0 313 0
1415206200 313 0 313 0
1415205900 313 0 313 0
1415205600 313 0 313 0
1415205300 313 0 313 0
1415205000 313 0 313 0
1415204700 313 0 313 0
1415204400 313 0 313 0
1415204100 313 0 313 0
1415203800 313 0 313 0
1415203500 313 0 313 0
1415203200 313 0 313 0
1415202900 313 0 313 0
1415202600 313 0 313 0
1415202300 313 0 313 0
1415202000 313 0 313 0
1415201700 313 0 313 0
1415201400 313 0 313 0
1415201100 313 0 313 0
1415200800 313 0 313 0
1415200500 313 0 313 0
1415200200 313 0 313 0
1415199900 313 0 313 0
1415199600 313 0 313 0
1415199300 313 0 313 0
1415199000 317 0 320 0
1415198700 320 0 320 0
1415198400 320 0 320 0
1415198100 320 0 320 0
1415197800 333 0 336 0
1415197500 336 0 336 0
1415197200 336 0 336 0
1415196900 336 0 336 0
1415196600 336 0 336 0
1415196300 336 0 336 0
1415196000 336 0 336 0
1415195700 329 0 336 0
1415195400 329 0 329 0
1415195100 329 0 329 0
1415194800 329 0 329 0
1415194500 329 0 329 0
1415194200 329 0 329 0
1415193900 326 0 329 0
1415193600 323 0 323 0
1415193300 323 0 323 0
1415193000 263 0 323 0
1415192700 263 0 263 0
1415192400 263 0 263 0
1415192100 263 0 263 0
1415191800 263 0 263 0
1415191500 263 0 263 0
1415191200 263 0 263 0
1415190900 263 0 263 0
1415190600 263 0 263 0
1415190300 263 0 263 0
1415190000 263 0 263 0
1415189700 263 0 263 0
1415189400 263 0 263 0
1415189100 263 0 263 0
1415188800 263 0 263 0
1415188500 263 0 263 0
1415188200 263 0 263 0
1415187900 263 0 263 0
1415187600 263 0 263 0
1415187300 263 0 263 0
1415187000 263 0 263 0
1415186700 263 0 263 0
1415186400 263 0 263 0
1415186100 263 0 263 0
1415185800 263 0 263 0
1415185500 263 0 263 0
1415185200 263 0 263 0
1415184900 263 0 263 0
1415184600 263 0 263 0
1415184300 263 0 263 0
1415184000 263 0 263 0
1415183700 263 0 263 0
1415183400 263 0 263 0
1415183100 263 0 263 0
1415182800 263 0 263 0
1415182500 263 0 263 0
1415182200 263 0 263 0
1415181900 263 0 263 0
1415181600 263 0 263 0
1415181300 263 0 263 0
1415181000 263 0 263 0
1415180700 263 0 263 0
1415180400 263 0 263 0
1415180100 263 0 263 0
1415179800 263 0 263 0
1415179500 263 0 263 0
1415179200 263 0 263 0
1415178900 263 0 263 0
1415178600 263 0 263 0
1415178300 263 0 263 0
1415178000 263 0 263 0
1415177700 263 0 263 0
1415177400 263 0 263 0
1415177100 263 0 263 0
1415176800 263 0 263 0
1415176500 263 0 263 0
1415176200 263 0 263 0
1415175900 263 0 263 0
1415175600 263 0 263 0
1415175300 263 0 263 0
1415175000 263 0 263 0
1415174700 263 0 263 0
1415174400 263 0 263 0
1415174100 263 0 263 0
1415173800 263 0 263 0
1415173500 263 0 263 0
1415173200 263 0 263 0
1415172900 263 0 263 0
1415172600 263 0 263 0
1415172300 263 0 263 0
1415172000 263 0 263 0
1415171700 263 0 263 0
1415171400 263 0 263 0
1415171100 263 0 263 0
1415170800 263 0 263 0
1415170500 263 0 263 0
1415170200 263 0 263 0
1415169900 263 0 263 0
1415169600 263 0 263 0
1415169300 263 0 263 0
1415169000 263 0 263 0
1415168700 263 0 263 0
1415168400 263 0 263 0
1415168100 263 0 263 0
1415167800 263 0 263 0
1415167500 263 0 263 0
1415167200 263 0 263 0
1415166900 263 0 263 0
1415166600 263 0 263 0
1415166300 263 0 263 0
1415166000 263 0 263 0
1415165700 263 0 263 0
1415165400 263 0 263 0
1415165100 263 0 263 0
1415164800 263 0 263 0
1415164500 263 0 263 0
1415164200 263 0 263 0
1415163900 263 0 263 0
1415163600 263 0 263 0
1415163300 263 0 263 0
1415163000 263 0 263 0
1415162700 263 0 263 0
1415162400 263 0 263 0
1415162100 263 0 263 0
1415161800 263 0 263 0
1415161500 263 0 263 0
1415161200 263 0 263 0
1415160900 263 0 263 0
1415160600 263 0 263 0
1415160300 263 0 263 0
1415160000 263 0 263 0
1415159700 263 0 263 0
1415159400 263 0 263 0
1415159100 263 0 263 0
1415158800 263 0 263 0
1415158500 263 0 263 0
1415158200 263 0 263 0
1415157900 263 0 263 0
1415157600 263 0 263 0
1415157300 263 0 263 0
1415157000 263 0 263 0
1415156700 263 0 263 0
1415156400 263 0 263 0
1415156100 263 0 263 0
1415155800 263 0 263 0
1415155500 263 0 263 0
1415155200 263 0 263 0
1415154900 263 0 263 0
1415154600 263 0 263 0
1415154300 263 0 263 0
1415154000 263 0 263 0
1415153700 263 0 263 0
1415153400 263 0 263 0
1415153100 263 0 263 0
1415152800 263 0 263 0
1415152500 263 0 263 0
1415152200 263 0 263 0
1415151900 263 0 263 0
1415151600 263 0 263 0
1415151300 263 0 263 0
1415151000 263 0 263 0
1415150700 263 0 263 0
1415150400 263 0 263 0
1415150100 263 0 263 0
1415149800 263 0 263 0
1415149500 263 0 263 0
1415149200 263 0 263 0
1415148900 263 0 263 0
1415148600 263 0 263 0
1415148300 263 0 263 0
1415148000 263 0 263 0
1415147700 263 0 263 0
1415147400 263 0 263 0
1415147100 263 0 263 0
1415146800 263 0 263 0
1415146500 263 0 263 0
1415146200 263 0 263 0
1415145900 263 0 263 0
1415145600 263 0 263 0
1415145300 263 0 263 0
1415145000 263 0 263 0
1415144700 263 0 263 0
1415144400 263 0 263 0
1415144100 263 0 263 0
1415143800 263 0 263 0
1415143500 263 0 263 0
1415143200 263 0 263 0
1415142900 263 0 263 0
1415142600 263 0 263 0
1415142300 263 0 263 0
1415142000 263 0 263 0
1415141700 263 0 263 0
1415141400 263 0 263 0
1415141100 263 0 263 0
1415140800 263 0 263 0
1415140500 263 0 263 0
1415140200 263 0 263 0
1415139900 263 0 263 0
1415139600 263 0 263 0
1415139300 263 0 263 0
1415139000 263 0 263 0
1415138700 263 0 263 0
1415138400 263 0 263 0
1415138100 263 0 263 0
1415137800 263 0 263 0
1415137500 263 0 263 0
1415137200 263 0 263 0
1415136900 263 0 263 0
1415136600 263 0 263 0
1415136300 263 0 263 0
1415136000 263 0 263 0
1415135700 263 0 263 0
1415135400 263 0 263 0
1415135100 263 0 263 0
1415134800 263 0 263 0
1415134500 263 0 263 0
1415134200 263 0 263 0
1415133900 263 0 263 0
1415133600 263 0 263 0
1415133300 263 0 263 0
1415133000 263 0 263 0
1415132700 263 0 263 0
1415132400 263 0 263 0
1415132100 263 0 263 0
1415131800 263 0 263 0
1415131500 263 0 263 0
1415131200 263 0 263 0
1415130900 263 0 263 0
1415130600 263 0 263 0
1415130300 263 0 263 0
1415130000 263 0 263 0
1415129700 263 0 263 0
1415129400 263 0 263 0
1415129100 263 0 263 0
1415128800 263 0 263 0
1415128500 263 0 263 0
1415128200 263 0 263 0
1415127900 263 0 263 0
1415127600 263 0 263 0
1415127300 263 0 263 0
1415127000 263 0 263 0
1415126700 263 0 263 0
1415126400 263 0 263 0
1415126100 263 0 263 0
1415125800 263 0 263 0
1415125500 263 0 263 0
1415125200 263 0 263 0
1415124900 263 0 263 0
1415124600 263 0 263 0
1415124300 263 0 263 0
1415124000 263 0 263 0
1415123700 263 0 263 0
1415123400 263 0 263 0
1415123100 263 0 263 0
1415122800 263 0 263 0
1415122500 263 0 263 0
1415122200 263 0 263 0
1415121900 263 0 263 0
1415121600 263 0 263 0
1415121300 263 0 263 0
1415121000 263 0 263 0
1415120700 263 0 263 0
1415120400 263 0 263 0
1415120100 263 0 263 0
1415119800 263 0 263 0
1415119500 263 0 263 0
1415119200 263 0 263 0
1415118900 263 0 263 0
1415118600 263 0 263 0
1415118300 263 0 263 0
1415118000 263 0 263 0
1415117700 263 0 263 0
1415117400 263 0 263 0
1415117100 263 0 263 0
1415116800 263 0 263 0
1415116500 263 0 263 0
1415116200 263 0 263 0
1415115900 263 0 263 0
1415115600 263 0 263 0
1415115300 263 0 263 0
1415115000 263 0 263 0
1415114700 263 0 263 0
1415114400 263 0 263 0
1415114100 263 0 263 0
1415113800 263 0 263 0
1415113500 263 0 263 0
1415113200 263 0 263 0
1415112900 263 0 263 0
1415112600 263 0 263 0
1415112300 263 0 263 0
1415112000 263 0 263 0
1415111700 263 0 263 0
1415111400 263 0 263 0
1415111100 263 0 263 0
1415110800 263 0 263 0
1415110500 263 0 263 0
1415110200 263 0 263 0
1415109900 263 0 263 0
1415109600 263 0 263 0
1415109300 263 0 263 0
1415109000 263 0 263 0
1415108700 263 0 263 0
1415108400 263 0 263 0
1415108100 263 0 263 0
1415107800 263 0 263 0
1415107500 263 0 263 0
1415107200 263 0 263 0
1415106900 263 0 263 0
1415106600 263 0 263 0
1415106300 263 0 263 0
1415106000 263 0 263 0
1415105700 263 0 263 0
1415105400 263 0 263 0
1415105100 263 0 263 0
1415104800 263 0 263 0
1415104500 263 0 263 0
1415104200 263 0 263 0
1415103900 263 0 263 0
1415103600 263 0 263 0
1415103300 263 0 263 0
1415103000 263 0 263 0
1415102700 263 0 263 0
1415102400 263 0 263 0
1415102100 263 0 263 0
1415101800 263 0 263 0
1415101500 263 0 263 0
1415101200 263 0 263 0
1415100900 263 0 263 0
1415100600 263 0 263 0
1415100300 263 0 263 0
1415100000 263 0 263 0
1415099700 263 0 263 0
1415099400 263 0 263 0
1415099100 263 0 263 0
1415098800 263 0 263 0
1415098500 263 0 263 0
1415098200 263 0 263 0
1415097900 263 0 263 0
1415097600 263 0 263 0
1415097300 263 0 263 0
1415097000 263 0 263 0
1415096700 263 0 263 0
1415096400 263 0 263 0
1415096100 263 0 263 0
1415095800 263 0 263 0
1415095500 263 0 263 0
1415095200 263 0 263 0
1415094900 263 0 263 0
1415094600 263 0 263 0
1415094300 263 0 263 0
1415094000 263 0 263 0
1415093700 263 0 263 0
1415093400 263 0 263 0
1415093100 263 0 263 0
1415092800 263 0 263 0
1415092500 263 0 263 0
1415092200 263 0 263 0
1415091900 263 0 263 0
1415091600 263 0 263 0
1415091300 263 0 263 0
1415091000 263 0 263 0
1415090700 263 0 263 0
1415090400 263 0 263 0
1415090100 263 0 263 0
1415089800 263 0 263 0
1415089500 263 0 263 0
1415089200 263 0 263 0
1415088900 263 0 263 0
1415088600 263 0 263 0
1415088300 263 0 263 0
1415088000 263 0 263 0
1415087700 263 0 263 0
1415087400 263 0 263 0
1415087100 263 0 263 0
1415086800 263 0 263 0
1415086500 263 0 263 0
1415086200 263 0 263 0
1415085900 263 0 263 0
1415085600 263 0 263 0
1415085300 263 0 263 0
1415085000 263 0 263 0
1415084700 263 0 263 0
1415084400 263 0 263 0
1415084100 263 0 263 0
1415083800 263 0 263 0
1415082600 263 0 263 0
1415080800 263 0 263 0
1415079000 263 0 263 0
1415077200 263 0 263 0
1415075400 263 0 263 0
1415073600 263 0 263 0
1415071800 263 0 263 0
1415070000 263 0 263 0
1415068200 263 0 263 0
1415066400 263 0 263 0
1415064600 263 0 263 0
1415062800 263 0 263 0
1415061000 263 0 263 0
1415059200 263 0 263 0
1415057400 263 0 263 0
1415055600 263 0 263 0
1415053800 263 0 263 0
1415052000 263 0 263 0
1415050200 263 0 263 0
1415048400 263 0 263 0
1415046600 263 0 263 0
1415044800 263 0 263 0
1415043000 263 0 263 0
1415041200 263 0 263 0
1415039400 263 0 263 0
1415037600 263 0 263 0
1415035800 263 0 263 0
1415034000 263 0 263 0
1415032200 263 0 263 0
1415030400 263 0 263 0
1415028600 263 0 263 0
1415026800 263 0 263 0
1415025000 263 0 263 0
1415023200 263 0 263 0
1415021400 263 0 263 0
1415019600 263 0 263 0
1415017800 263 0 263 0
1415016000 263 0 263 0
1415014200 263 0 263 0
1415012400 263 0 263 0
1415010600 263 0 263 0
1415008800 263 0 263 0
1415007000 263 0 263 0
1415005200 263 0 263 0
1415003400 263 0 263 0
1415001600 263 0 263 0
1414999800 263 0 263 0
1414998000 263 0 263 0
1414996200 263 0 263 0
1414994400 263 0 263 0
1414992600 263 0 263 0
1414990800 263 0 263 0
1414989000 263 0 263 0
1414987200 263 0 263 0
1414985400 263 0 263 0
1414983600 263 0 263 0
1414981800 263 0 263 0
1414980000 263 0 263 0
1414978200 263 0 263 0
1414976400 263 0 263 0
1414974600 263 0 263 0
1414972800 263 0 263 0
1414971000 263 0 263 0
1414969200 263 0 263 0
1414967400 263 0 263 0
1414965600 263 0 263 0
1414963800 263 0 263 0
1414962000 263 0 263 0
1414960200 263 0 263 0
1414958400 263 0 263 0
1414956600 263 0 263 0
1414954800 263 0 263 0
1414953000 263 0 263 0
1414951200 263 0 263 0
1414949400 263 0 263 0
1414947600 263 0 263 0
1414945800 263 0 263 0
1414944000 263 0 263 0
1414942200 263 0 263 0
1414940400 263 0 263 0
1414938600 263 0 263 0
1414936800 263 0 263 0
1414935000 263 0 263 0
1414933200 263 0 263 0
1414931400 263 0 263 0
1414929600 263 0 263 0
1414927800 263 0 263 0
1414926000 263 0 263 0
1414924200 263 0 263 0
1414922400 263 0 263 0
1414920600 263 0 263 0
1414918800 263 0 263 0
1414917000 263 0 263 0
1414915200 263 0 263 0
1414913400 263 0 263 0
1414911600 263 0 263 0
1414909800 263 0 263 0
1414908000 263 0 263 0
1414906200 263 0 263 0
1414904400 263 0 263 0
1414902600 263 0 263 0
1414900800 263 0 263 0
1414899000 263 0 263 0
1414897200 263 0 263 0
1414895400 263 0 263 0
1414893600 263 0 263 0
1414891800 263 0 263 0
1414890000 263 0 263 0
1414888200 263 0 263 0
1414886400 263 0 263 0
1414884600 263 0 263 0
1414882800 263 0 263 0
1414881000 263 0 263 0
1414879200 263 0 263 0
1414877400 263 0 263 0
1414875600 263 0 263 0
1414873800 263 0 263 0
1414872000 263 0 263 0
1414870200 263 0 263 0
1414868400 263 0 263 0
1414866600 263 0 263 0
1414864800 263 0 263 0
1414863000 263 0 263 0
1414861200 263 0 263 0
1414859400 263 0 263 0
1414857600 263 0 263 0
1414855800 263 0 263 0
1414854000 263 0 263 0
1414852200 263 0 263 0
1414850400 263 0 263 0
1414848600 263 0 263 0
1414846800 263 0 263 0
1414845000 263 0 263 0
1414843200 263 0 263 0
1414841400 263 0 263 0
1414839600 263 0 263 0
1414837800 263 0 263 0
1414836000 263 0 263 0
1414834200 263 0 263 0
1414832400 263 0 263 0
1414830600 263 0 263 0
1414828800 263 0 263 0
1414827000 263 0 263 0
1414825200 263 0 263 0
1414823400 263 0 263 0
1414821600 263 0 263 0
1414819800 263 0 263 0
1414818000 263 0 263 0
1414816200 263 0 263 0
1414814400 263 0 263 0
1414812600 263 0 263 0
1414810800 263 0 263 0
1414809000 263 0 263 0
1414807200 263 0 263 0
1414805400 263 0 263 0
1414803600 263 0 263 0
1414801800 263 0 263 0
1414800000 263 0 263 0
1414798200 263 0 263 0
1414796400 263 0 263 0
1414794600 263 0 263 0
1414792800 263 0 263 0
1414791000 263 0 263 0
1414789200 263 0 263 0
1414787400 263 0 263 0
1414785600 263 0 263 0
1414783800 263 0 263 0
1414782000 263 0 263 0
1414780200 263 0 263 0
1414778400 263 0 263 0
1414776600 263 0 263 0
1414774800 263 0 263 0
1414773000 263 0 263 0
1414771200 263 0 263 0
1414769400 263 0 263 0
1414767600 263 0 263 0
1414765800 263 0 263 0
1414764000 263 0 263 0
1414762200 263 0 263 0
1414760400 263 0 263 0
1414758600 263 0 263 0
1414756800 263 0 263 0
1414755000 263 0 263 0
1414753200 263 0 263 0
1414751400 263 0 263 0
1414749600 263 0 263 0
1414747800 263 0 263 0
1414746000 263 0 263 0
1414744200 263 0 263 0
1414742400 263 0 263 0
1414740600 263 0 263 0
1414738800 263 0 263 0
1414737000 263 0 263 0
1414735200 263 0 263 0
1414733400 263 0 263 0
1414731600 263 0 263 0
1414729800 263 0 263 0
1414728000 263 0 263 0
1414726200 263 0 263 0
1414724400 263 0 263 0
1414722600 263 0 263 0
1414720800 263 0 263 0
1414719000 263 0 263 0
1414717200 263 0 263 0
1414715400 263 0 263 0
1414713600 263 0 263 0
1414711800 263 0 263 0
1414710000 263 0 263 0
1414708200 263 0 263 0
1414706400 263 0 263 0
1414704600 263 0 263 0
1414702800 263 0 263 0
1414701000 263 0 263 0
1414699200 263 0 263 0
1414697400 263 0 263 0
1414695600 263 0 263 0
1414693800 263 0 263 0
1414692000 263 0 263 0
1414690200 263 0 263 0
1414688400 263 0 263 0
1414686600 263 0 263 0
1414684800 263 0 263 0
1414683000 263 0 263 0
1414681200 263 0 263 0
1414679400 263 0 263 0
1414677600 263 0 263 0
1414675800 263 0 263 0
1414674000 263 0 263 0
1414672200 263 0 263 0
1414670400 263 0 263 0
1414668600 263 0 263 0
1414666800 263 0 263 0
1414665000 263 0 263 0
1414663200 263 0 263 0
1414661400 263 0 263 0
1414659600 263 0 263 0
1414657800 263 0 263 0
1414656000 263 0 263 0
1414654200 263 0 263 0
1414652400 263 0 263 0
1414650600 263 0 263 0
1414648800 263 0 263 0
1414647000 263 0 263 0
1414645200 263 0 263 0
1414643400 263 0 263 0
1414641600 263 0 263 0
1414639800 263 0 263 0
1414638000 263 0 263 0
1414636200 263 0 263 0
1414634400 263 0 263 0
1414632600 263 0 263 0
1414630800 263 0 263 0
1414629000 263 0 263 0
1414627200 263 0 263 0
1414625400 263 0 263 0
1414623600 263 0 263 0
1414621800 263 0 263 0
1414620000 263 0 263 0
1414618200 263 0 263 0
1414616400 263 0 263 0
1414614600 263 0 263 0
1414612800 263 0 263 0
1414611000 263 0 263 0
1414609200 263 0 263 0
1414607400 263 0 263 0
1414605600 263 0 263 0
1414603800 263 0 263 0
1414602000 263 0 263 0
1414600200 263 0 263 0
1414598400 263 0 263 0
1414596600 263 0 263 0
1414594800 263 0 263 0
1414593000 263 0 263 0
1414591200 263 0 263 0
1414589400 263 0 263 0
1414587600 263 0 263 0
1414585800 263 0 263 0
1414584000 263 0 263 0
1414582200 263 0 263 0
1414580400 263 0 263 0
1414578600 263 0 263 0
1414576800 263 0 263 0
1414575000 263 0 263 0
1414573200 263 0 263 0
1414571400 263 0 263 0
1414569600 263 0 263 0
1414567800 263 0 263 0
1414566000 263 0 263 0
1414564200 263 0 263 0
1414562400 263 0 263 0
1414560600 263 0 263 0
1414558800 263 0 263 0
1414557000 263 0 263 0
1414555200 263 0 263 0
1414553400 263 0 263 0
1414551600 263 0 263 0
1414549800 263 0 263 0
1414548000 263 0 263 0
1414546200 263 0 263 0
1414544400 263 0 263 0
1414542600 263 0 263 0
1414540800 263 0 263 0
1414539000 263 0 263 0
1414537200 263 0 263 0
1414535400 263 0 263 0
1414533600 263 0 263 0
1414531800 263 0 263 0
1414530000 263 0 263 0
1414528200 263 0 263 0
1414526400 263 0 263 0
1414524600 263 0 263 0
1414522800 263 0 263 0
1414521000 263 0 263 0
1414519200 263 0 263 0
1414517400 263 0 263 0
1414515600 263 0 263 0
1414513800 263 0 263 0
1414512000 263 0 263 0
1414510200 263 0 263 0
1414508400 263 0 263 0
1414506600 263 0 263 0
1414504800 263 0 263 0
1414503000 263 0 263 0
1414501200 263 0 263 0
1414499400 263 0 263 0
1414497600 263 0 263 0
1414495800 263 0 263 0
1414494000 263 0 263 0
1414492200 263 0 263 0
1414490400 263 0 263 0
1414488600 263 0 263 0
1414486800 263 0 263 0
1414485000 263 0 263 0
1414483200 263 0 263 0
1414481400 263 0 263 0
1414479600 263 0 263 0
1414477800 263 0 263 0
1414476000 263 0 263 0
1414474200 263 0 263 0
1414472400 263 0 263 0
1414470600 263 0 263 0
1414468800 263 0 263 0
1414467000 263 0 263 0
1414465200 263 0 263 0
1414463400 263 0 263 0
1414461600 263 0 263 0
1414459800 263 0 263 0
1414458000 263 0 263 0
1414456200 263 0 263 0
1414454400 263 0 263 0
1414452600 263 0 263 0
1414450800 263 0 263 0
1414449000 263 0 275 0
1414447200 275 0 275 0
1414445400 274 0 275 0
1414443600 274 0 274 0
1414441800 274 0 288 0
1414440000 288 0 289 0
1414438200 289 0 295 0
1414436400 295 0 295 0
1414434600 295 0 297 0
1414432800 297 0 302 0
1414431000 301 0 302 0
1414429200 301 0 312 0
1414427400 311 0 312 0
1414425600 311 0 315 0
1414423800 314 0 315 0
1414422000 307 0 308 0
1414420200 308 0 313 0
1414418400 312 0 313 0
1414416600 305 0 306 0
1414414800 296 0 297 0
1414413000 293 0 294 0
1414411200 287 0 288 0
1414409400 266 0 267 0
1414407600 265 0 266 0
1414405800 250 0 263 0
1414404000 263 0 280 0
1414402200 279 0 280 0
1414400400 277 0 283 0
1414398600 282 0 283 0
1414396800 273 0 279 0
1414395000 279 0 283 0
1414393200 283 0 285 0
1414391400 284 0 285 0
1414389600 281 0 282 0
1414387800 280 0 281 0
1414386000 270 0 276 0
1414384200 276 0 279 0
1414382400 278 0 279 0
1414380600 267 0 268 0
1414378800 254 0 261 0
1414377000 260 0 261 0
1414375200 255 0 256 0
1414373400 250 0 251 0
1414371600 207 0 208 0
1414369800 195 0 196 0
1414368000 192 0 193 0
1414366200 181 0 183 0
1414364400 183 0 196 0
1414362600 196 0 196 0
1414360800 196 0 196 0
1414359000 196 0 196 0
1414357200 196 0 197 0
1414355400 197 0 197 0
1414353600 197 0 197 0
1414351800 197 0 197 0
1414350000 197 0 197 0
1414348200 197 0 199 0
1414346400 199 0 199 0
1414344600 199 0 199 0
1414342800 199 0 228 0
1414341000 228 0 234 0
1414339200 234 0 240 0
1414337400 240 0 260 0
1414335600 259 0 260 0
1414333800 258 0 259 0
1414332000 256 0 256 0
1414330200 255 0 256 0
1414328400 253 0 254 0
1414326600 246 0 247 0
1414324800 237 0 238 0
1414323000 237 0 241 0
1414321200 240 0 241 0
1414319400 233 0 234 0
1414317600 230 0 230 0
1414315800 230 0 241 0
1414314000 240 0 241 0
1414312200 225 0 226 0
1414310400 223 0 224 0
1414308600 224 0 225 0
1414306800 225 0 238 0
1414305000 238 0 241 0
1414303200 240 0 241 0
1414301400 231 0 232 0
1414299600 229 0 230 0
1414297800 228 0 229 0
1414296000 227 0 228 0
1414294200 219 0 220 0
1414292400 218 0 219 0
1414290600 206 0 207 0
1414288800 205 0 205 0
1414287000 204 0 205 0
1414285200 174 0 175 0
1414283400 0 0 0 0
1414281600 0 0 0 0
1414279800 0 0 0 0
1414278000 0 0 0 0
1414276200 0 0 0 0
1414274400 0 0 0 0
1414272600 0 0 0 0
1414270800 0 0 0 0
1414269000 0 0 0 0
1414267200 0 0 0 0
1414265400 0 0 0 0
1414263600 0 0 0 0
1414261800 0 0 0 0
1414260000 0 0 229 0
1414258200 229 0 235 0
1414256400 235 0 255 0
1414254600 255 0 256 0
1414252800 256 0 261 0
1414251000 260 0 261 0
1414249200 254 0 256 0
1414247400 255 0 256 0
1414245600 222 0 223 0
1414243800 222 0 223 0
1414242000 223 0 225 0
1414240200 225 0 226 0
1414238400 225 0 226 0
1414236600 224 0 225 0
1414234800 224 0 225 0
1414233000 225 0 226 0
1414231200 225 0 226 0
1414229400 224 0 224 0
1414227600 224 0 224 0
1414225800 223 0 224 0
1414224000 220 0 228 0
1414222200 227 0 228 0
1414220400 226 0 227 0
1414218600 219 0 237 0
1414216800 237 0 238 0
1414215000 237 0 238 0
1414213200 235 0 235 0
1414211400 234 0 235 0
1414209600 222 0 222 0
1414207800 222 0 230 0
1414206000 230 0 237 0
1414204200 236 0 237 0
1414202400 231 0 232 0
1414200600 226 0 227 0
1414198800 212 0 213 0
1414197000 209 0 210 0
1414195200 205 0 205 0
1414193400 205 0 209 0
1414191600 209 0 209 0
1414189800 209 0 209 0
1414188000 209 0 209 0
1414186200 209 0 209 0
1414184400 208 0 209 0
1414182600 208 0 208 0
1414180800 207 0 208 0
1414179000 205 0 205 0
1414177200 204 0 205 0
1414175400 203 0 204 0
1414173600 202 0 203 0
1414171800 202 0 206 0
1414170000 206 0 220 0
1414168200 220 0 220 0
1414166400 219 0 220 0
1414164600 219 0 223 0
1414162800 222 0 223 0
1414161000 216 0 217 0
1414159200 214 0 218 0
1414157400 217 0 218 0
1414155600 216 0 219 0
1414153800 218 0 219 0
1414152000 217 0 218 0
1414150200 212 0 213 0
1414148400 210 0 211 0
1414146600 210 0 215 0
1414144800 215 0 224 0
1414143000 223 0 224 0
1414141200 222 0 232 0
1414139400 231 0 232 0
1414137600 226 0 227 0
1414135800 226 0 227 0
1414134000 226 0 227 0
1414132200 223 0 227 0
1414130400 227 0 229 0
1414128600 229 0 230 0
1414126800 230 0 238 0
1414125000 238 0 239 0
1414123200 238 0 239 0
1414121400 231 0 232 0
1414119600 228 0 229 0
1414117800 225 0 235 0
1414116000 235 0 237 0
1414114200 236 0 237 0
1414112400 216 0 217 0
1414110600 193 0 195 0
1414108800 194 0 195 0
1414107000 183 0 184 0
1414105200 164 0 250 0
1414103400 250 0 250 0
1414101600 250 0 250 0
1414099800 250 0 250 0
1414098000 250 0 256 0
1414096200 256 0 256 0
1414094400 256 0 257 0
1414092600 257 0 257 0
1414090800 257 0 260 0
1414089000 260 0 261 0
1414087200 261 0 262 0
1414085400 262 0 268 0
1414083600 268 0 269 0
1414081800 269 0 269 0
1414080000 268 0 269 0
1414078200 262 0 263 0
1414076400 255 0 261 0
1414074600 261 0 262 0
1414072800 262 0 262 0
1414071000 261 0 262 0
1414069200 258 0 259 0
1414067400 248 0 249 0
1414065600 245 0 246 0
1414063800 238 0 242 0
1414062000 242 0 243 0
1414060200 243 0 245 0
1414058400 245 0 262 0
1414056600 262 0 274 0
1414054800 273 0 274 0
1414053000 272 0 272 0
1414051200 271 0 272 0
1414049400 269 0 270 0
1414047600 268 0 273 0
1414045800 272 0 273 0
1414044000 249 0 250 0
1414042200 245 0 247 0
1414040400 247 0 248 0
1414038600 248 0 249 0
1414036800 249 0 250 0
1414035000 250 0 251 0
1414033200 250 0 251 0
1414031400 249 0 259 0
1414029600 259 0 262 0
1414027800 261 0 262 0
1414026000 246 0 260 0
1414024200 260 0 263 0
1414022400 262 0 263 0
1414020600 253 0 258 0
1414018800 258 0 258 0
1414017000 258 0 258 0
1414015200 258 0 258 0
1414013400 257 0 258 0
1414011600 257 0 257 0
1414009800 257 0 259 0
1414008000 259 0 259 0
1414006200 258 0 259 0
1414004400 258 0 259 0
1414002600 259 0 259 0
1414000800 260 0 266 0
1413993600 247 0 253 0
1413986400 248 0 254 0
1413979200 249 0 260 0
1413972000 262 0 276 0
1413964800 278 0 283 0
1413957600 263 0 268 0
1413950400 251 0 260 0
1413943200 224 0 237 0
1413936000 198 0 206 0
1413928800 200 0 214 0
1413921600 213 0 217 0
1413914400 215 0 218 0
1413907200 230 0 238 0
1413900000 220 0 226 0
1413892800 39 0 159 0
1413885600 98 0 201 0
1413878400 84 0 172 0
1413871200 0 0 0 0
1413864000 0 0 0 0
1413856800 0 0 0 0
1413849600 0 0 0 0
1413842400 68 0 272 0
1413835200 272 0 272 0
1413828000 273 0 275 0
1413820800 268 0 275 0
1413813600 249 0 262 0
1413806400 245 0 255 0
1413799200 256 0 259 0
1413792000 258 0 265 0
1413784800 260 0 263 0
1413777600 253 0 256 0
1413770400 251 0 258 0
1413763200 240 0 244 0
1413756000 234 0 236 0
1413748800 240 0 250 0
1413741600 256 0 270 0
1413734400 269 0 271 0
1413727200 262 0 267 0
1413720000 246 0 253 0
1413712800 252 0 258 0
1413705600 259 0 272 0
1413698400 260 0 272 0
1413691200 247 0 250 0
1413684000 233 0 238 0
1413676800 224 0 226 0
1413669600 228 0 237 0
1413662400 244 0 253 0
1413655200 255 0 265 0
1413648000 267 0 273 0
1413640800 269 0 279 0
1413633600 273 0 279 0
1413626400 272 0 279 0
1413619200 273 0 277 0
1413612000 261 0 269 0
1413604800 252 0 257 0
1413597600 234 0 239 0
1413590400 224 0 228 0
1413583200 228 0 228 0
1413576000 229 0 231 0
1413568800 236 0 253 0
1413561600 248 0 254 0
1413554400 232 0 238 0
1413547200 238 0 248 0
1413540000 243 0 257 0
1413532800 248 0 257 0
1413525600 240 0 244 0
1413518400 241 0 244 0
1413511200 224 0 240 0
1413504000 201 0 243 0
1413496800 243 0 243 0
1413489600 243 0 243 0
1413482400 247 0 256 0
1413475200 253 0 262 0
1413468000 258 0 262 0
1413460800 246 0 254 0
1413453600 256 0 264 0
1413446400 261 0 264 0
1413439200 255 0 260 0
1413432000 255 0 263 0
1413424800 244 0 254 0
1413417600 228 0 231 0
1413410400 227 0 228 0
1413403200 235 0 238 0
1413396000 245 0 262 0
1413388800 271 0 278 0
1413381600 267 0 277 0
1413374400 272 0 279 0
1413367200 262 0 268 0
1413360000 270 0 281 0
1413352800 267 0 274 0
1413345600 252 0 262 0
1413338400 235 0 247 0
1413331200 207 0 210 0
1413324000 209 0 209 0
1413316800 216 0 224 0
1413309600 228 0 244 0
1413302400 238 0 252 0
1413295200 252 0 255 0
1413288000 252 0 257 0
1413280800 244 0 263 0
1413273600 256 0 263 0
1413266400 240 0 253 0
1413259200 250 0 256 0
1413252000 248 0 255 0
1413244800 237 0 241 0
1413237600 235 0 235 0
1413230400 235 0 239 0
1413223200 240 0 262 0
1413216000 265 0 270 0
1413208800 261 0 266 0
1413201600 255 0 264 0
1413194400 266 0 272 0
1413187200 269 0 272 0
1413180000 264 0 268 0
1413172800 254 0 262 0
1413165600 243 0 253 0
1413158400 220 0 227 0
1413151200 216 0 220 0
1413144000 225 0 231 0
1413136800 243 0 276 0
1413129600 284 0 294 0
1413122400 291 0 298 0
1413115200 289 0 298 0
1413108000 271 0 280 0
1413100800 272 0 277 0
1413093600 266 0 273 0
1413086400 249 0 257 0
1413079200 236 0 242 0
1413072000 228 0 235 0
1413064800 226 0 228 0
1413057600 225 0 228 0
1413050400 235 0 258 0
1413043200 265 0 273 0
1413036000 243 0 255 0
1413028800 242 0 246 0
1413021600 238 0 245 0
1413014400 244 0 247 0
1413007200 241 0 243 0
1413000000 244 0 250 0
1412992800 241 0 246 0
1412985600 227 0 236 0
1412978400 223 0 224 0
1412971200 223 0 224 0
1412964000 222 0 231 0
1412956800 245 0 254 0
1412949600 236 0 249 0
1412942400 215 0 224 0
1412935200 220 0 223 0
1412928000 229 0 238 0
1412920800 229 0 236 0
1412913600 228 0 237 0
1412906400 204 0 220 0
1412899200 186 0 207 0
1412892000 208 0 211 0
1412884800 220 0 229 0
1412877600 231 0 240 0
1412870400 255 0 272 0
1412863200 244 0 260 0
1412856000 221 0 231 0
1412848800 237 0 245 0
1412841600 234 0 236 0
1412834400 233 0 236 0
1412827200 227 0 231 0
1412820000 217 0 223 0
1412812800 208 0 215 0
1412805600 207 0 208 0
1412798400 208 0 212 0
1412791200 224 0 239 0
1412784000 250 0 259 0
1412776800 243 0 257 0
1412769600 232 0 239 0
1412762400 229 0 236 0
1412755200 241 0 252 0
1412748000 248 0 255 0
1412740800 232 0 245 0
1412733600 208 0 224 0
1412726400 189 0 199 0
1412719200 198 0 199 0
1412712000 196 0 198 0
1412704800 197 0 209 0
1412697600 231 0 246 0
1412690400 233 0 246 0
1412683200 236 0 242 0
1412676000 211 0 260 0
1412668800 259 0 274 0
1412661600 272 0 275 0
1412654400 272 0 282 0
1412647200 245 0 258 0
1412640000 237 0 241 0
1412632800 237 0 242 0
1412625600 239 0 242 0
1412618400 238 0 260 0
1412611200 258 0 265 0
1412604000 257 0 263 0
1412596800 266 0 274 0
1412589600 280 0 288 0
1412582400 271 0 284 0
1412575200 261 0 267 0
1412568000 248 0 254 0
1412560800 231 0 243 0
1412553600 215 0 220 0
1412546400 211 0 215 0
1412539200 215 0 218 0
1412532000 216 0 235 0
1412524800 244 0 250 0
1412517600 244 0 248 0
1412510400 240 0 244 0
1412503200 233 0 240 0
1412496000 233 0 248 0
1412488800 247 0 249 0
1412481600 238 0 242 0
1412474400 228 0 235 0
1412467200 211 0 216 0
1412460000 216 0 219 0
1412452800 217 0 226 0
1412445600 226 0 249 0
1412438400 251 0 256 0
1412431200 234 0 241 0
1412424000 226 0 233 0
1412416800 214 0 227 0
1412409600 226 0 228 0
1412402400 223 0 226 0
1412395200 227 0 232 0
1412388000 222 0 231 0
1412380800 202 0 212 0
1412373600 195 0 199 0
1412366400 202 0 208 0
1412359200 204 0 222 0
1412352000 230 0 238 0
1412344800 225 0 238 0
1412337600 220 0 224 0
1412330400 222 0 231 0
1412323200 234 0 239 0
1412316000 234 0 238 0
1412308800 227 0 233 0
1412301600 217 0 226 0
1412294400 178 0 195 0
1412287200 196 0 200 0
1412280000 203 0 217 0
1412272800 226 0 245 0
1412265600 237 0 245 0
1412258400 226 0 236 0
1412251200 224 0 250 0
1412244000 249 0 251 0
1412236800 246 0 253 0
1412229600 224 0 249 0
1412222400 222 0 239 0
1412215200 234 0 237 0
1412208000 223 0 229 0
1412200800 222 0 225 0
1412193600 230 0 238 0
1412186400 243 0 252 0
1412179200 261 0 270 0
1412172000 252 0 256 0
1412164800 247 0 251 0
1412157600 237 0 247 0
1412150400 227 0 234 0
1412143200 218 0 224 0
1412136000 220 0 224 0
1412128800 212 0 216 0
1412121600 211 0 214 0
1412114400 212 0 218 0
1412107200 220 0 231 0
1412100000 239 0 252 0
1412092800 252 0 258 0
1412085600 239 0 244 0
1412078400 242 0 268 0
1412071200 265 0 274 0
1412064000 276 0 284 0
1412056800 271 0 284 0
1412049600 268 0 271 0
1412042400 248 0 266 0
1412035200 253 0 257 0
1412028000 257 0 268 0
1412020800 268 0 271 0
1412013600 281 0 303 0
1412006400 297 0 304 0
1411999200 280 0 286 0
1411992000 271 0 278 0
1411984800 274 0 284 0
1411977600 274 0 288 0
1411970400 276 0 287 0
1411963200 260 0 265 0
1411956000 246 0 262 0
1411948800 241 0 246 0
1411941600 240 0 245 0
1411934400 245 0 247 0
1411927200 257 0 273 0
1411920000 275 0 281 0
1411912800 279 0 287 0
1411905600 251 0 268 0
1411898400 253 0 267 0
1411891200 282 0 294 0
1411884000 286 0 292 0
1411876800 278 0 288 0
1411869600 258 0 269 0
1411862400 243 0 245 0
1411855200 246 0 249 0
1411848000 246 0 260 0
1411840800 272 0 282 0
1411833600 281 0 288 0
1411826400 290 0 293 0
1411819200 282 0 288 0
1411812000 270 0 275 0
1411804800 267 0 276 0
1411797600 268 0 270 0
1411790400 263 0 269 0
1411783200 245 0 250 0
1411776000 239 0 245 0
1411768800 240 0 244 0
1411761600 243 0 247 0
1411754400 251 0 261 0
1411747200 250 0 254 0
1411740000 247 0 255 0
1411732800 228 0 233 0
1411725600 221 0 227 0
1411718400 238 0 261 0
1411711200 249 0 261 0
1411704000 249 0 253 0
1411696800 245 0 252 0
1411689600 222 0 254 0
1411682400 254 0 256 0
1411675200 255 0 270 0
1411668000 276 0 293 0
1411660800 281 0 295 0
1411653600 276 0 279 0
1411646400 248 0 263 0
1411639200 239 0 251 0
1411632000 255 0 265 0
1411624800 251 0 265 0
1411617600 245 0 253 0
1411610400 238 0 251 0
1411603200 216 0 221 0
1411596000 222 0 225 0
1411588800 219 0 224 0
1411581600 224 0 230 0
1411574400 229 0 233 0
1411567200 225 0 233 0
1411560000 222 0 238 0
1411552800 230 0 235 0
1411545600 232 0 236 0
1411538400 229 0 233 0
1411531200 225 0 230 0
1411524000 203 0 219 0
1411516800 189 0 197 0
1411509600 176 0 178 0
1411502400 0 0 243 0
1411495200 245 0 252 0
1411488000 251 0 260 0
1411480800 258 0 262 0
1411473600 231 0 247 0
1411466400 233 0 240 0
1411459200 234 0 241 0
1411452000 225 0 233 0
1411444800 221 0 222 0
1411437600 220 0 225 0
1411430400 210 0 213 0
1411423200 215 0 217 0
1411416000 216 0 217 0
1411408800 216 0 233 0
1411401600 238 0 243 0
1411394400 240 0 251 0
1411387200 213 0 239 0
1411380000 191 0 199 0
1411372800 110 0 177 0
1411365600 0 0 171 0
1411358400 77 0 171 0
1411351200 171 0 230 0
1411344000 229 0 229 0
1411336800 229 0 229 0
1411329600 229 0 229 0
1411322400 228 0 229 0
1411315200 217 0 223 0
1411308000 209 0 213 0
1411300800 194 0 194 0
1411293600 189 0 194 0
1411286400 183 0 186 0
1411279200 183 0 183 0
1411272000 176 0 183 0
1411264800 208 0 264 0
1411257600 260 0 261 0
1411250400 260 0 260 0
1411243200 259 0 260 0
1411236000 253 0 259 0
1411228800 233 0 241 0
1411221600 218 0 225 0
1411214400 187 0 210 0
1411207200 159 0 250 0
1411200000 243 0 250 0
1411192800 228 0 232 0
1411185600 229 0 233 0
1411178400 218 0 224 0
1411171200 216 0 218 0
1411164000 217 0 218 0
1411156800 216 0 219 0
1411149600 223 0 231 0
1411142400 226 0 232 0
1411135200 218 0 229 0
1411128000 204 0 215 0
1411120800 193 0 196 0
1411113600 192 0 196 0
1411106400 185 0 189 0
1411099200 171 0 178 0
1411092000 170 0 177 0
1411084800 165 0 194 0
1411077600 198 0 208 0
1411070400 205 0 209 0
1411063200 209 0 237 0
1411056000 239 0 245 0
1411048800 231 0 245 0
1411041600 207 0 212 0
1411034400 214 0 224 0
1411027200 222 0 224 0
1411020000 219 0 223 0
1411012800 216 0 223 0
1411005600 214 0 216 0
1410998400 205 0 209 0
1410991200 205 0 212 0
1410984000 209 0 212 0
1410976800 209 0 221 0
1410969600 220 0 236 0
1410962400 232 0 238 0
1410955200 192 0 220 0
1410948000 163 0 254 0
1410940800 250 0 255 0
1410933600 253 0 259 0
1410926400 239 0 251 0
1410919200 229 0 234 0
1410912000 224 0 229 0
1410904800 223 0 227 0
1410897600 224 0 232 0
1410890400 233 0 237 0
1410883200 246 0 262 0
1410876000 248 0 255 0
1410868800 218 0 228 0
1410861600 230 0 233 0
1410854400 218 0 229 0
1410847200 216 0 226 0
1410840000 217 0 226 0
1410832800 223 0 235 0
1410825600 229 0 235 0
1410818400 228 0 229 0
1410811200 228 0 229 0
1410804000 225 0 229 0
1410796800 233 0 245 0
1410789600 235 0 245 0
1410782400 215 0 221 0
1410775200 223 0 229 0
1410768000 222 0 229 0
1410760800 211 0 216 0
1410753600 202 0 209 0
1410746400 200 0 212 0
1410739200 208 0 212 0
1410732000 207 0 208 0
1410724800 210 0 213 0
1410717600 219 0 231 0
1410710400 241 0 258 0
1410703200 257 0 261 0
1410696000 252 0 256 0
1410688800 227 0 232 0
1410681600 220 0 234 0
1410674400 235 0 241 0
1410667200 231 0 240 0
1410660000 215 0 225 0
1410652800 208 0 210 0
1410645600 207 0 209 0
1410638400 208 0 209 0
1410631200 207 0 214 0
1410624000 217 0 222 0
1410616800 215 0 217 0
1410609600 202 0 214 0
1410602400 203 0 208 0
1410595200 209 0 215 0
1410588000 204 0 211 0
1410580800 204 0 211 0
1410573600 203 0 211 0
1410566400 211 0 212 0
1410559200 211 0 213 0
1410552000 210 0 213 0
1410544800 216 0 227 0
1410537600 228 0 234 0
1410530400 227 0 234 0
1410523200 197 0 209 0
1410516000 201 0 214 0
1410508800 211 0 214 0
1410501600 206 0 215 0
1410494400 201 0 204 0
1410487200 187 0 203 0
1410480000 180 0 214 0
1410472800 214 0 215 0
1410465600 218 0 222 0
1410458400 233 0 251 0
1410451200 248 0 253 0
1410444000 237 0 245 0
1410436800 212 0 228 0
1410429600 203 0 214 0
1410422400 218 0 231 0
1410415200 220 0 223 0
1410408000 222 0 223 0
1410400800 219 0 225 0
1410393600 217 0 219 0
1410386400 218 0 222 0
1410379200 222 0 230 0
1410372000 232 0 246 0
1410364800 243 0 252 0
1410357600 252 0 258 0
1410350400 221 0 240 0
1410343200 222 0 233 0
1410336000 239 0 245 0
1410328800 245 0 250 0
1410321600 240 0 247 0
1410314400 241 0 244 0
1410307200 231 0 232 0
1410300000 229 0 231 0
1410292800 227 0 231 0
1410285600 230 0 253 0
1410278400 253 0 257 0
1410271200 239 0 248 0
1410264000 241 0 248 0
1410256800 233 0 243 0
1410249600 237 0 242 0
1410242400 232 0 240 0
1410235200 230 0 234 0
1410228000 218 0 228 0
1410220800 206 0 212 0
1410213600 208 0 212 0
1410206400 207 0 209 0
1410199200 211 0 228 0
1410192000 228 0 234 0
1410184800 223 0 227 0
1410177600 220 0 226 0
1410170400 224 0 227 0
1410163200 226 0 228 0
1410156000 215 0 218 0
1410148800 208 0 213 0
1410141600 194 0 222 0
1410134400 219 0 222 0
1410127200 213 0 215 0
1410120000 212 0 214 0
1410112800 225 0 250 0
1410105600 248 0 260 0
1410098400 253 0 258 0
1410091200 241 0 248 0
1410084000 230 0 235 0
1410076800 227 0 232 0
1410069600 219 0 230 0
1410062400 221 0 227 0
1410055200 199 0 209 0
1410048000 197 0 198 0
1410040800 199 0 202 0
1410033600 208 0 224 0
1410026400 227 0 231 0
1410019200 241 0 251 0
1410012000 241 0 248 0
1410004800 222 0 232 0
1409997600 229 0 234 0
1409990400 230 0 234 0
1409983200 221 0 227 0
1409976000 213 0 221 0
1409968800 197 0 210 0
1409961600 190 0 193 0
1409954400 193 0 198 0
1409947200 198 0 207 0
1409940000 218 0 228 0
1409932800 223 0 231 0
1409925600 219 0 231 0
1409918400 208 0 226 0
1409911200 221 0 226 0
1409904000 222 0 224 0
1409896800 221 0 225 0
1409889600 225 0 229 0
1409882400 221 0 229 0
1409875200 215 0 218 0
1409868000 215 0 216 0
1409860800 217 0 218 0
1409853600 219 0 235 0
1409846400 239 0 248 0
1409839200 241 0 247 0
1409832000 223 0 230 0
1409824800 220 0 223 0
1409817600 224 0 228 0
1409810400 218 0 228 0
1409803200 214 0 229 0
1409796000 222 0 229 0
1409788800 236 0 243 0
1409781600 246 0 251 0
1409774400 186 0 250 0
1409767200 245 0 252 0
1409760000 253 0 261 0
1409752800 231 0 241 0
1409745600 234 0 241 0
1409738400 210 0 214 0
1409731200 164 0 231 0
1409724000 229 0 230 0
1409716800 222 0 230 0
1409709600 112 0 232 0
1409702400 170 0 228 0
1409695200 227 0 229 0
1409688000 226 0 228 0
1409680800 228 0 267 0
1409616000 245 0 282 0
1409529600 254 0 294 0
1409443200 236 0 256 0
1409356800 214 0 235 0
1409270400 226 0 256 0
1409184000 230 0 250 0
1409097600 220 0 255 0
1409011200 221 0 249 0
1408924800 211 0 239 0
1408838400 230 0 249 0
1408752000 230 0 258 0
1408665600 241 0 282 0
1408579200 235 0 261 0
1408492800 231 0 263 0
1408406400 217 0 269 0
1408320000 242 0 266 0
1408233600 254 0 282 0
1408147200 231 0 276 0
1408060800 196 0 250 0
1407974400 245 0 278 0
1407888000 250 0 272 0
1407801600 250 0 275 0
1407715200 255 0 278 0
1407628800 233 0 264 0
1407542400 211 0 256 0
1407456000 237 0 272 0
1407369600 263 0 284 0
1407283200 245 0 281 0
1407196800 241 0 274 0
1407110400 244 0 275 0
1407024000 237 0 255 0
1406937600 239 0 268 0
1406851200 218 0 241 0
1406764800 223 0 257 0
1406678400 224 0 252 0
1406592000 233 0 272 0
1406505600 225 0 267 0
1406419200 246 0 276 0
1406332800 227 0 269 0
1406246400 218 0 265 0
1406160000 235 0 272 0
1406073600 233 0 270 0
1405987200 228 0 263 0
1405900800 199 0 246 0
1405814400 150 0 249 0
1405728000 194 0 238 0
1405641600 241 0 262 0
1405555200 235 0 275 0
1405468800 225 0 256 0
1405382400 223 0 250 0
1405296000 224 0 253 0
1405209600 227 0 272 0
1405123200 249 0 271 0
1405036800 249 0 288 0
1404950400 240 0 272 0
1404864000 250 0 276 0
1404777600 227 0 250 0
1404691200 234 0 275 0
1404604800 244 0 277 0
1404518400 231 0 250 0
1404432000 231 0 268 0
1404345600 222 0 255 0
1404259200 212 0 250 0
1404172800 211 0 251 0
1404086400 190 0 229 0
1404000000 185 0 215 0
1403913600 147 0 198 0
1403827200 121 0 170 0
1403740800 149 0 174 0
1403654400 135 0 164 0
1403568000 149 0 181 0
1403481600 157 0 182 0
1403395200 148 0 178 0
1403308800 147 0 173 0
1403222400 138 0 159 0
1403136000 125 0 145 0
1403049600 122 0 138 0
1402963200 120 0 150 0
1402876800 122 0 142 0
1402790400 86 0 135 0
1402704000 75 0 186 0
1402617600 177 0 221 0
1402531200 173 0 218 0
1402444800 156 0 196 0
1402358400 152 0 195 0
1402272000 148 0 183 0
1402185600 158 0 201 0
1402099200 150 0 194 0
1402012800 149 0 196 0
1401926400 159 0 192 0
1401840000 160 0 195 0
1401753600 178 0 210 0
1401667200 183 0 233 0
1401580800 132 0 166 0
1401494400 134 0 172 0
1401408000 124 0 176 0
1401321600 115 0 153 0
1401235200 115 0 161 0
1401148800 123 0 179 0
1401062400 121 0 160 0
1400976000 106 0 157 0
1400889600 19 0 31 0
1400803200 22 0 37 0
1400716800 15 0 35 0
1400630400 0 0 0 0
1400544000 0 0 0 0
1400457600 0 0 0 0
1400371200 0 0 0 0
1400284800 0 0 0 0
1400198400 0 0 0 0
1400112000 0 0 0 0
1400025600 0 0 0 0
1399939200 0 0 0 0
1399852800 0 0 0 0
1399766400 0 0 0 0
1399680000 0 0 0 0
1399593600 0 0 0 0
1399507200 0 0 0 0
1399420800 0 0 0 0
1399334400 0 0 0 0
1399248000 0 0 0 0
1399161600 0 0 0 0
1399075200 0 0 0 0
1398988800 0 0 0 0
1398902400 0 0 0 0
1398816000 0 0 0 0
1398729600 0 0 0 0
1398643200 0 0 0 0
1398556800 0 0 0 0
1398470400 0 0 0 0
1398384000 0 0 0 0
1398297600 0 0 0 0
1398211200 0 0 0 0
1398124800 0 0 0 0
1398038400 0 0 0 0
1397952000 0 0 0 0
1397865600 0 0 0 0
1397779200 0 0 0 0
1397692800 0 0 0 0
1397606400 0 0 0 0
1397520000 0 0 0 0
1397433600 0 0 0 0
1397347200 0 0 0 0
1397260800 0 0 0 0
1397174400 0 0 0 0
1397088000 0 0 0 0
1397001600 0 0 0 0
1396915200 0 0 0 0
1396828800 0 0 0 0
1396742400 0 0 0 0
1396656000 0 0 0 0
1396569600 0 0 0 0
1396483200 0 0 0 0
1396396800 0 0 0 0
1396310400 0 0 0 0
1396224000 0 0 0 0
1396137600 0 0 0 0
1396051200 0 0 0 0
1395964800 0 0 0 0
1395878400 0 0 0 0
1395792000 0 0 0 0
1395705600 0 0 0 0
1395619200 0 0 0 0
1395532800 0 0 0 0
1395446400 0 0 0 0
1395360000 0 0 0 0
1395273600 0 0 0 0
1395187200 0 0 0 0
1395100800 0 0 0 0
1395014400 0 0 0 0
1394928000 0 0 0 0
1394841600 0 0 0 0
1394755200 0 0 0 0
1394668800 0 0 0 0
1394582400 0 0 0 0
1394496000 0 0 0 0
1394409600 0 0 0 0
1394323200 0 0 0 0
1394236800 0 0 0 0
1394150400 0 0 0 0
1394064000 0 0 0 0
1393977600 0 0 0 0
1393891200 0 0 0 0
1393804800 0 0 0 0
1393718400 0 0 0 0
1393632000 0 0 0 0
1393545600 0 0 0 0
1393459200 0 0 0 0
1393372800 0 0 0 0
1393286400 0 0 0 0
1393200000 0 0 0 0
1393113600 0 0 0 0
1393027200 0 0 0 0
1392940800 0 0 0 0
1392854400 0 0 0 0
1392768000 0 0 0 0
1392681600 0 0 0 0
1392595200 0 0 0 0
1392508800 0 0 0 0
1392422400 0 0 0 0
1392336000 0 0 0 0
1392249600 0 0 0 0
1392163200 0 0 0 0
1392076800 0 0 0 0
1391990400 0 0 0 0
1391904000 0 0 0 0
1391817600 0 0 0 0
1391731200 0 0 0 0
1391644800 0 0 0 0
1391558400 0 0 0 0
1391472000 0 0 0 0
1391385600 0 0 0 0
1391299200 0 0 0 0
1391212800 0 0 0 0
1391126400 0 0 0 0
1391040000 0 0 0 0
1390953600 0 0 0 0
1390867200 0 0 0 0
1390780800 0 0 0 0
1390694400 0 0 0 0
1390608000 0 0 0 0
1390521600 0 0 0 0
1390435200 0 0 0 0
1390348800 0 0 0 0
1390262400 0 0 0 0
1390176000 0 0 0 0
1390089600 0 0 0 0
1390003200 0 0 0 0
1389916800 0 0 0 0
1389830400 0 0 0 0
1389744000 0 0 0 0
1389657600 0 0 0 0
1389571200 0 0 0 0
1389484800 0 0 0 0
1389398400 0 0 0 0
1389312000 0 0 0 0
1389225600 0 0 0 0
1389139200 0 0 0 0
1389052800 0 0 0 0
1388966400 0 0 0 0
1388880000 0 0 0 0
1388793600 0 0 0 0
1388707200 0 0 0 0
1388620800 0 0 0 0
1388534400 0 0 0 0
1388448000 0 0 0 0
1388361600 0 0 0 0
1388275200 0 0 0 0
1388188800 0 0 0 0
1388102400 0 0 0 0
1388016000 0 0 0 0
1387929600 0 0 0 0
1387843200 0 0 0 0
1387756800 0 0 0 0
1387670400 0 0 0 0
1387584000 0 0 0 0
1387497600 0 0 0 0
1387411200 0 0 0 0
1387324800 0 0 0 0
1387238400 0 0 0 0
1387152000 0 0 0 0
1387065600 0 0 0 0
1386979200 0 0 0 0
1386892800 0 0 0 0
1386806400 0 0 0 0
1386720000 0 0 0 0
1386633600 0 0 0 0
1386547200 0 0 0 0
1386460800 0 0 0 0
1386374400 0 0 0 0
1386288000 0 0 0 0
1386201600 0 0 0 0
1386115200 0 0 0 0
1386028800 0 0 0 0
1385942400 0 0 0 0
1385856000 0 0 0 0
1385769600 0 0 0 0
1385683200 0 0 0 0
1385596800 0 0 0 0
1385510400 0 0 0 0
1385424000 0 0 0 0
1385337600 0 0 0 0
1385251200 0 0 0 0
1385164800 0 0 0 0
1385078400 0 0 0 0
1384992000 0 0 0 0
1384905600 0 0 0 0
1384819200 0 0 0 0
1384732800 0 0 0 0
1384646400 0 0 0 0
1384560000 0 0 0 0
1384473600 0 0 0 0
1384387200 0 0 0 0
1384300800 0 0 0 0
1384214400 0 0 0 0
1384128000 0 0 0 0
1384041600 0 0 0 0
1383955200 0 0 0 0
1383868800 0 0 0 0
1383782400 0 0 0 0
1383696000 0 0 0 0
1383609600 0 0 0 0
1383523200 0 0 0 0
1383436800 0 0 0 0
1383350400 0 0 0 0
1383264000 0 0 0 0
1383177600 0 0 0 0
1383091200 0 0 0 0
1383004800 0 0 0 0
1382918400 0 0 0 0
1382832000 0 0 0 0
1382745600 0 0 0 0
1382659200 0 0 0 0
1382572800 0 0 0 0
1382486400 0 0 0 0
1382400000 0 0 0 0
1382313600 0 0 0 0
1382227200 0 0 0 0
1382140800 0 0 0 0
1382054400 0 0 0 0
1381968000 0 0 0 0
1381881600 0 0 0 0
1381795200 0 0 0 0
1381708800 0 0 0 0
1381622400 0 0 0 0
1381536000 0 0 0 0
1381449600 0 0 0 0
1381363200 0 0 0 0
1381276800 0 0 0 0
1381190400 0 0 0 0
1381104000 0 0 0 0
1381017600 0 0 0 0
1380931200 0 0 0 0
1380844800 0 0 0 0
1380758400 0 0 0 0
1380672000 0 0 0 0
1380585600 0 0 0 0
1380499200 0 0 0 0
1380412800 0 0 0 0
1380326400 0 0 0 0
1380240000 0 0 0 0
1380153600 0 0 0 0
1380067200 0 0 0 0
1379980800 0 0 0 0
1379894400 0 0 0 0
1379808000 0 0 0 0
1379721600 0 0 0 0
1379635200 0 0 0 0
1379548800 0 0 0 0
1379462400 0 0 0 0
1379376000 0 0 0 0
1379289600 0 0 0 0
1379203200 0 0 0 0
1379116800 0 0 0 0
1379030400 0 0 0 0
1378944000 0 0 0 0
1378857600 0 0 0 0
1378771200 0 0 0 0
1378684800 0 0 0 0
1378598400 0 0 0 0
1378512000 0 0 0 0
1378425600 0 0 0 0
1378339200 0 0 0 0
1378252800 0 0 0 0
1378166400 0 0 0 0
1378080000 0 0 0 0
1377993600 0 0 0 0
1377907200 0 0 0 0
1377820800 0 0 0 0
1377734400 0 0 0 0
1377648000 0 0 0 0
1377561600 0 0 0 0
1377475200 0 0 0 0
1377388800 0 0 0 0
1377302400 0 0 0 0
1377216000 0 0 0 0
1377129600 0 0 0 0
1377043200 0 0 0 0
1376956800 0 0 0 0
1376870400 0 0 0 0
1376784000 0 0 0 0
1376697600 0 0 0 0
1376611200 0 0 0 0
1376524800 0 0 0 0
1376438400 0 0 0 0
1376352000 0 0 0 0
1376265600 0 0 0 0
1376179200 0 0 0 0
1376092800 0 0 0 0
1376006400 0 0 0 0
1375920000 0 0 0 0
1375833600 0 0 0 0
1375747200 0 0 0 0
1375660800 0 0 0 0
1375574400 0 0 0 0
1375488000 0 0 0 0
1375401600 0 0 0 0
1375315200 0 0 0 0
1375228800 0 0 0 0
1375142400 0 0 0 0
1375056000 0 0 0 0
1374969600 0 0 0 0
1374883200 0 0 0 0
1374796800 0 0 0 0
1374710400 0 0 0 0
1374624000 0 0 0 0
1374537600 0 0 0 0
1374451200 0 0 0 0
1374364800 0 0 0 0
1374278400 0 0 0 0
1374192000 0 0 0 0
1374105600 0 0 0 0
1374019200 0 0 0 0
1373932800 0 0 0 0
1373846400 0 0 0 0
1373760000 0 0 0 0
1373673600 0 0 0 0
1373587200 0 0 0 0
1373500800 0 0 0 0
1373414400 0 0 0 0
1373328000 0 0 0 0
1373241600 0 0 0 0
1373155200 0 0 0 0
1373068800 0 0 0 0
1372982400 0 0 0 0
1372896000 0 0 0 0
1372809600 0 0 0 0
1372723200 0 0 0 0
1372636800 0 0 0 0
1372550400 0 0 0 0
1372464000 0 0 0 0
1372377600 0 0 0 0
1372291200 0 0 0 0
1372204800 0 0 0 0
1372118400 0 0 0 0
1372032000 0 0 0 0
1371945600 0 0 0 0
1371859200 0 0 0 0
1371772800 0 0 0 0
1371686400 0 0 0 0
1371600000 0 0 0 0
1371513600 0 0 0 0
1371427200 0 0 0 0
1371340800 0 0 0 0
1371254400 0 0 0 0
1371168000 0 0 0 0
1371081600 0 0 0 0
1370995200 0 0 0 0
1370908800 0 0 0 0
1370822400 0 0 0 0
1370736000 0 0 0 0
1370649600 0 0 0 0
1370563200 0 0 0 0
1370476800 0 0 0 0
1370390400 0 0 0 0
1370304000 0 0 0 0
1370217600 0 0 0 0
1370131200 0 0 0 0
1370044800 0 0 0 0
1369958400 0 0 0 0
1369872000 0 0 0 0
1369785600 0 0 0 0
1369699200 0 0 0 0
1369612800 0 0 0 0
1369526400 0 0 0 0
1369440000 0 0 0 0
1369353600 0 0 0 0
1369267200 0 0 0 0
1369180800 0 0 0 0
1369094400 0 0 0 0
1369008000 0 0 0 0
1368921600 0 0 0 0
1368835200 0 0 0 0
1368748800 0 0 0 0
1368662400 0 0 0 0
1368576000 0 0 0 0
1368489600 0 0 0 0
1368403200 0 0 0 0
1368316800 0 0 0 0
1368230400 0 0 0 0
1368144000 0 0 0 0
1368057600 0 0 0 0
1367971200 0 0 0 0
1367884800 0 0 0 0
1367798400 0 0 0 0
1367712000 0 0 0 0
1367625600 0 0 0 0
1367539200 0 0 0 0
1367452800 0 0 0 0
1367366400 0 0 0 0
1367280000 0 0 0 0
1367193600 0 0 0 0
1367107200 0 0 0 0
1367020800 0 0 0 0
1366934400 0 0 0 0
1366848000 0 0 0 0
1366761600 0 0 0 0
1366675200 0 0 0 0
1366588800 0 0 0 0
1366502400 0 0 0 0
1366416000 0 0 0 0
1366329600 0 0 0 0
1366243200 0 0 0 0
1366156800 0 0 0 0
1366070400 0 0 0 0
1365984000 0 0 0 0
1365897600 0 0 0 0
1365811200 0 0 0 0
1365724800 0 0 0 0
1365638400 0 0 0 0
1365552000 0 0 0 0
1365465600 0 0 0 0
1365379200 0 0 0 0
1365292800 0 0 0 0
1365206400 0 0 0 0
1365120000 0 0 0 0
1365033600 0 0 0 0
1364947200 0 0 0 0
1364860800 0 0 0 0
1364774400 0 0 0 0
1364688000 0 0 0 0
1364601600 0 0 0 0
1364515200 0 0 0 0
1364428800 0 0 0 0
1364342400 0 0 0 0
1364256000 0 0 0 0
1364169600 0 0 0 0
1364083200 0 0 0 0
1363996800 0 0 0 0
1363910400 0 0 0 0
1363824000 0 0 0 0
1363737600 0 0 0 0
1363651200 0 0 0 0
1363564800 0 0 0 0
1363478400 0 0 0 0
1363392000 0 0 0 0
1363305600 0 0 0 0
1363219200 0 0 0 0
1363132800 0 0 0 0
1363046400 0 0 0 0
1362960000 0 0 0 0
1362873600 0 0 0 0
1362787200 0 0 0 0
1362700800 0 0 0 0
1362614400 0 0 0 0
1362528000 0 0 0 0
1362441600 0 0 0 0
1362355200 0 0 0 0
1362268800 0 0 0 0
1362182400 0 0 0 0
1362096000 0 0 0 0
1362009600 0 0 0 0
1361923200 0 0 0 0
1361836800 0 0 0 0
1361750400 0 0 0 0
1361664000 0 0 0 0
1361577600 0 0 0 0
1361491200 0 0 0 0
1361404800 0 0 0 0
1361318400 0 0 0 0
1361232000 0 0 0 0
1361145600 0 0 0 0
1361059200 0 0 0 0
1360972800 0 0 0 0
1360886400 0 0 0 0
1360800000 0 0 0 0
1360713600 0 0 0 0
1360627200 0 0 0 0
1360540800 0 0 0 0
1360454400 0 0 0 0
1360368000 0 0 0 0
1360281600 0 0 0 0
1360195200 0 0 0 0
1360108800 0 0 0 0
1360022400 0 0 0 0
1359936000 0 0 0 0
1359849600 0 0 0 0
1359763200 0 0 0 0
1359676800 0 0 0 0
1359590400 0 0 0 0
1359504000 0 0 0 0
1359417600 0 0 0 0
1359331200 0 0 0 0
1359244800 0 0 0 0
1359158400 0 0 0 0
1359072000 0 0 0 0
1358985600 0 0 0 0
1358899200 0 0 0 0
1358812800 0 0 0 0
1358726400 0 0 0 0
1358640000 0 0 0 0
1358553600 0 0 0 0
1358467200 0 0 0 0
1358380800 0 0 0 0
1358294400 0 0 0 0
1358208000 0 0 0 0
1358121600 0 0 0 0
1358035200 0 0 0 0
1357948800 0 0 0 0
1357862400 0 0 0 0
1357776000 0 0 0 0
1357689600 0 0 0 0
1357603200 0 0 0 0
1357516800 0 0 0 0
1357430400 0 0 0 0
1357344000 0 0 0 0
1357257600 0 0 0 0
1357171200 0 0 0 0
1357084800 0 0 0 0
1356998400 0 0 0 0
1356912000 0 0 0 0
1356825600 0 0 0 0
1356739200 0 0 0 0
1356652800 0 0 0 0
1356566400 0 0 0 0
1356480000 0 0 0 0
1356393600 0 0 0 0
1356307200 0 0 0 0
1356220800 0 0 0 0
1356134400 0 0 0 0
1356048000 0 0 0 0
1355961600 0 0 0 0
1355875200 0 0 0 0
1355788800 0 0 0 0
1355702400 0 0 0 0
1355616000 0 0 0 0
1355529600 0 0 0 0
1355443200 0 0 0 0
1355356800 0 0 0 0
1355270400 0 0 0 0
1355184000 0 0 0 0
1355097600 0 0 0 0
1355011200 0 0 0 0
1354924800 0 0 0 0
1354838400 0 0 0 0
1354752000 0 0 0 0
1354665600 0 0 0 0
1354579200 0 0 0 0
1354492800 0 0 0 0
1354406400 0 0 0 0
1354320000 0 0 0 0
1354233600 0 0 0 0
1354147200 0 0 0 0
1354060800 0 0 0 0
1353974400 0 0 0 0
1353888000 0 0 0 0
1353801600 0 0 0 0
1353715200 0 0 0 0
1353628800 0 0 0 0
1353542400 0 0 0 0
1353456000 0 0 0 0
1353369600 0 0 0 0
1353283200 0 0 0 0
1353196800 0 0 0 0
1353110400 0 0 0 0
1353024000 0 0 0 0
1352937600 0 0 0 0
1352851200 0 0 0 0
1352764800 0 0 0 0
1352678400 0 0 0 0
1352592000 0 0 0 0
1352505600 0 0 0 0
1352419200 0 0 0 0
1352332800 0 0 0 0
1352246400 0 0 0 0
1352160000 0 0 0 0
1352073600 0 0 0 0
1351987200 0 0 0 0
1351900800 0 0 0 0
1351814400 0 0 0 0
1351728000 0 0 0 0
1351641600 0 0 0 0
1351555200 0 0 0 0
1351468800 0 0 0 0
1351382400 0 0 0 0
1351296000 0 0 0 0
1351209600 0 0 0 0
1351123200 0 0 0 0
1351036800 0 0 0 0
1350950400 0 0 0 0
1350864000 0 0 0 0
1350777600 0 0 0 0
1350691200 0 0 0 0
1350604800 0 0 0 0
1350518400 0 0 0 0
1350432000 0 0 0 0
1350345600 0 0 0 0
1350259200 0 0 0 0
1350172800 0 0 0 0
1350086400 0 0 0 0
1350000000 0 0 0 0
1349913600 0 0 0 0
1349827200 0 0 0 0
1349740800 0 0 0 0
1349654400 0 0 0 0
1349568000 0 0 0 0
1349481600 0 0 0 0
1349395200 0 0 0 0
1349308800 0 0 0 0
1349222400 0 0 0 0
1349136000 0 0 0 0
1349049600 0 0 0 0
1348963200 0 0 0 0
1348876800 0 0 0 0
1348790400 0 0 0 0
1348704000 0 0 0 0
1348617600 0 0 0 0
1348531200 0 0 0 0
1348444800 0 0 0 0
1348358400 0 0 0 0
1348272000 0 0 0 0
1348185600 0 0 0 0
1348099200 0 0 0 0
1348012800 0 0 0 0
1347926400 0 0 0 0
1347840000 0 0 0 0
1347753600 0 0 0 0
1347667200 0 0 0 0
1347580800 0 0 0 0
1347494400 0 0 0 0
1347408000 0 0 0 0
1347321600 0 0 0 0
1347235200 0 0 0 0
1347148800 0 0 0 0
1347062400 0 0 0 0
1346976000 0 0 0 0
1346889600 0 0 0 0
1346803200 0 0 0 0
1346716800 0 0 0 0
1346630400 0 0 0 0
1346544000 0 0 0 0
1346457600 0 0 0 0
