99.03.14 13:12 B f:\mirror1\d\heimuya\npc\dizi.c --> www1.yn.cninfo.net /mudcctx/mudlib/d/heimuya/npc dizi.c
99.03.14 13:12 B f:\mirror1\d\heimuya\npc\dongfang.c --> www1.yn.cninfo.net /mudcctx/mudlib/d/heimuya/npc dongfang.c
99.03.14 13:12 B f:\mirror1\d\heimuya\npc\gangzhang.c --> www1.yn.cninfo.net /mudcctx/mudlib/d/heimuya/npc gangzhang.c
99.03.14 13:12 B f:\mirror1\d\heimuya\npc\jiabu.c --> www1.yn.cninfo.net /mudcctx/mudlib/d/heimuya/npc jiabu.c
99.03.14 13:12 B f:\mirror1\d\heimuya\npc\jiaotu.c --> www1.yn.cninfo.net /mudcctx/mudlib/d/heimuya/npc jiaotu.c
99.03.14 13:12 B f:\mirror1\d\heimuya\npc\jiaotu1.c --> www1.yn.cninfo.net /mudcctx/mudlib/d/heimuya/npc jiaotu1.c
99.03.14 13:12 B f:\mirror1\d\heimuya\npc\kid.c --> www1.yn.cninfo.net /mudcctx/mudlib/d/heimuya/npc kid.c
99.03.14 13:12 B f:\mirror1\d\heimuya\npc\laozhe.c --> www1.yn.cninfo.net /mudcctx/mudlib/d/heimuya/npc laozhe.c
99.03.14 13:12 B f:\mirror1\d\heimuya\npc\laozhe.org --> www1.yn.cninfo.net /mudcctx/mudlib/d/heimuya/npc laozhe.org
99.03.14 13:12 B f:\mirror1\d\heimuya\npc\linghu.c --> www1.yn.cninfo.net /mudcctx/mudlib/d/heimuya/npc linghu.c
99.03.14 13:12 B f:\mirror1\d\heimuya\npc\qing.c --> www1.yn.cninfo.net /mudcctx/mudlib/d/heimuya/npc qing.c
99.03.14 13:12 B f:\mirror1\d\heimuya\npc\ren.c --> www1.yn.cninfo.net /mudcctx/mudlib/d/heimuya/npc ren.c
99.03.14 13:12 B f:\mirror1\d\heimuya\npc\ren1.c --> www1.yn.cninfo.net /mudcctx/mudlib/d/heimuya/npc ren1.c
99.03.14 13:12 B f:\mirror1\d\heimuya\npc\shang.c --> www1.yn.cninfo.net /mudcctx/mudlib/d/heimuya/npc shang.c
99.03.14 13:12 B f:\mirror1\d\heimuya\npc\shanggy.c --> www1.yn.cninfo.net /mudcctx/mudlib/d/heimuya/npc shanggy.c
99.03.14 13:12 B f:\mirror1\d\heimuya\npc\shinu.c --> www1.yn.cninfo.net /mudcctx/mudlib/d/heimuya/npc shinu.c
99.03.14 13:12 B f:\mirror1\d\heimuya\npc\shinu1.c --> www1.yn.cninfo.net /mudcctx/mudlib/d/heimuya/npc shinu1.c
99.03.14 13:12 B f:\mirror1\d\heimuya\npc\snake.c --> www1.yn.cninfo.net /mudcctx/mudlib/d/heimuya/npc snake.c
99.03.14 13:12 B f:\mirror1\d\heimuya\npc\tang.c --> www1.yn.cninfo.net /mudcctx/mudlib/d/heimuya/npc tang.c
99.03.14 13:12 B f:\mirror1\d\heimuya\npc\tongbw.c --> www1.yn.cninfo.net /mudcctx/mudlib/d/heimuya/npc tongbw.c
99.03.14 13:12 B f:\mirror1\d\heimuya\npc\wolf.c --> www1.yn.cninfo.net /mudcctx/mudlib/d/heimuya/npc wolf.c
99.03.14 13:12 B f:\mirror1\d\heimuya\npc\xifang.c --> www1.yn.cninfo.net /mudcctx/mudlib/d/heimuya/npc xifang.c
99.03.14 13:12 B f:\mirror1\d\heimuya\npc\yang.c --> www1.yn.cninfo.net /mudcctx/mudlib/d/heimuya/npc yang.c
99.03.14 13:12 B f:\mirror1\d\heimuya\npc\zhujian.c --> www1.yn.cninfo.net /mudcctx/mudlib/d/heimuya/npc zhujian.c
99.03.14 13:12 B f:\mirror1\d\heimuya\npc\zish.c --> www1.yn.cninfo.net /mudcctx/mudlib/d/heimuya/npc zish.c
