99.03.14 12:56 B f:\mirror1\d\city2\npc\aobai.c --> www1.yn.cninfo.net /mudcctx/mudlib/d/city2/npc aobai.c
99.03.14 12:56 B f:\mirror1\d\city2\npc\chen.c --> www1.yn.cninfo.net /mudcctx/mudlib/d/city2/npc chen.c
99.03.14 12:56 B f:\mirror1\d\city2\npc\cheng.c --> www1.yn.cninfo.net /mudcctx/mudlib/d/city2/npc cheng.c
99.03.14 12:56 B f:\mirror1\d\city2\npc\chushi.c --> www1.yn.cninfo.net /mudcctx/mudlib/d/city2/npc chushi.c
99.03.14 12:56 B f:\mirror1\d\city2\npc\dizi.c --> www1.yn.cninfo.net /mudcctx/mudlib/d/city2/npc dizi.c
99.03.14 12:56 B f:\mirror1\d\city2\npc\dubi.c --> www1.yn.cninfo.net /mudcctx/mudlib/d/city2/npc dubi.c
99.03.14 12:56 B f:\mirror1\d\city2\npc\flowerg.c --> www1.yn.cninfo.net /mudcctx/mudlib/d/city2/npc flowerg.c
99.03.14 12:56 B f:\mirror1\d\city2\npc\furen.c --> www1.yn.cninfo.net /mudcctx/mudlib/d/city2/npc furen.c
99.03.14 12:56 B f:\mirror1\d\city2\npc\gaoyanch.c --> www1.yn.cninfo.net /mudcctx/mudlib/d/city2/npc gaoyanch.c
99.03.14 12:56 B f:\mirror1\d\city2\npc\gu.c --> www1.yn.cninfo.net /mudcctx/mudlib/d/city2/npc gu.c
99.03.14 12:56 B f:\mirror1\d\city2\npc\guanfuzi.c --> www1.yn.cninfo.net /mudcctx/mudlib/d/city2/npc guanfuzi.c
99.03.14 12:56 B f:\mirror1\d\city2\npc\guanjia.c --> www1.yn.cninfo.net /mudcctx/mudlib/d/city2/npc guanjia.c
99.03.14 12:56 B f:\mirror1\d\city2\npc\guanzho.c --> www1.yn.cninfo.net /mudcctx/mudlib/d/city2/npc guanzho.c
99.03.14 12:56 B f:\mirror1\d\city2\npc\guanzho1.c --> www1.yn.cninfo.net /mudcctx/mudlib/d/city2/npc guanzho1.c
99.03.14 12:56 B f:\mirror1\d\city2\npc\guanzho2.c --> www1.yn.cninfo.net /mudcctx/mudlib/d/city2/npc guanzho2.c
99.03.14 12:57 B f:\mirror1\d\city2\npc\guanzho3.c --> www1.yn.cninfo.net /mudcctx/mudlib/d/city2/npc guanzho3.c
99.03.14 12:57 B f:\mirror1\d\city2\npc\guanzho4.c --> www1.yn.cninfo.net /mudcctx/mudlib/d/city2/npc guanzho4.c
99.03.14 12:57 B f:\mirror1\d\city2\npc\guanzho5.c --> www1.yn.cninfo.net /mudcctx/mudlib/d/city2/npc guanzho5.c
99.03.14 12:57 B f:\mirror1\d\city2\npc\hai.c --> www1.yn.cninfo.net /mudcctx/mudlib/d/city2/npc hai.c
99.03.14 12:57 B f:\mirror1\d\city2\npc\hes.c --> www1.yn.cninfo.net /mudcctx/mudlib/d/city2/npc hes.c
99.03.14 12:57 B f:\mirror1\d\city2\npc\hu.c --> www1.yn.cninfo.net /mudcctx/mudlib/d/city2/npc hu.c
99.03.14 12:57 B f:\mirror1\d\city2\npc\huoji.c --> www1.yn.cninfo.net /mudcctx/mudlib/d/city2/npc huoji.c
99.03.14 12:57 B f:\mirror1\d\city2\npc\huoji1.c --> www1.yn.cninfo.net /mudcctx/mudlib/d/city2/npc huoji1.c
99.03.14 12:57 B f:\mirror1\d\city2\npc\huoji2.c --> www1.yn.cninfo.net /mudcctx/mudlib/d/city2/npc huoji2.c
99.03.14 12:57 B f:\mirror1\d\city2\npc\jia.c --> www1.yn.cninfo.net /mudcctx/mudlib/d/city2/npc jia.c
99.03.14 12:57 B f:\mirror1\d\city2\npc\jiading.c --> www1.yn.cninfo.net /mudcctx/mudlib/d/city2/npc jiading.c
99.03.14 12:57 B f:\mirror1\d\city2\npc\kang.c --> www1.yn.cninfo.net /mudcctx/mudlib/d/city2/npc kang.c
99.03.14 12:57 B f:\mirror1\d\city2\npc\kang1.c --> www1.yn.cninfo.net /mudcctx/mudlib/d/city2/npc kang1.c
99.03.14 12:57 B f:\mirror1\d\city2\npc\lama.c --> www1.yn.cninfo.net /mudcctx/mudlib/d/city2/npc lama.c
99.03.14 12:57 B f:\mirror1\d\city2\npc\laobaopo.c --> www1.yn.cninfo.net /mudcctx/mudlib/d/city2/npc laobaopo.c
99.03.14 12:57 B f:\mirror1\d\city2\npc\laohes.c --> www1.yn.cninfo.net /mudcctx/mudlib/d/city2/npc laohes.c
99.03.14 12:57 B f:\mirror1\d\city2\npc\li.c --> www1.yn.cninfo.net /mudcctx/mudlib/d/city2/npc li.c
99.03.14 12:57 B f:\mirror1\d\city2\npc\liling2.c --> www1.yn.cninfo.net /mudcctx/mudlib/d/city2/npc liling2.c
99.03.14 12:57 B f:\mirror1\d\city2\npc\lilishi.c --> www1.yn.cninfo.net /mudcctx/mudlib/d/city2/npc lilishi.c
99.03.14 12:57 B f:\mirror1\d\city2\npc\mao18.c --> www1.yn.cninfo.net /mudcctx/mudlib/d/city2/npc mao18.c
99.03.14 12:57 B f:\mirror1\d\city2\npc\mei.c --> www1.yn.cninfo.net /mudcctx/mudlib/d/city2/npc mei.c
99.03.14 12:57 B f:\mirror1\d\city2\npc\punk.c --> www1.yn.cninfo.net /mudcctx/mudlib/d/city2/npc punk.c
99.03.14 12:57 B f:\mirror1\d\city2\npc\puyi.c --> www1.yn.cninfo.net /mudcctx/mudlib/d/city2/npc puyi.c
99.03.14 12:57 B f:\mirror1\d\city2\npc\qi.c --> www1.yn.cninfo.net /mudcctx/mudlib/d/city2/npc qi.c
99.03.14 12:57 B f:\mirror1\d\city2\npc\qianlaob.c --> www1.yn.cninfo.net /mudcctx/mudlib/d/city2/npc qianlaob.c
99.03.14 12:57 B f:\mirror1\d\city2\npc\shenzhao.c --> www1.yn.cninfo.net /mudcctx/mudlib/d/city2/npc shenzhao.c
99.03.14 12:57 B f:\mirror1\d\city2\npc\shisong.c --> www1.yn.cninfo.net /mudcctx/mudlib/d/city2/npc shisong.c
99.03.14 12:57 B f:\mirror1\d\city2\npc\shiwei.c --> www1.yn.cninfo.net /mudcctx/mudlib/d/city2/npc shiwei.c
99.03.14 12:57 B f:\mirror1\d\city2\npc\shiwei2.c --> www1.yn.cninfo.net /mudcctx/mudlib/d/city2/npc shiwei2.c
99.03.14 12:57 B f:\mirror1\d\city2\npc\shuanger.c --> www1.yn.cninfo.net /mudcctx/mudlib/d/city2/npc shuanger.c
99.03.14 12:57 B f:\mirror1\d\city2\npc\smith.c --> www1.yn.cninfo.net /mudcctx/mudlib/d/city2/npc smith.c
99.03.14 12:57 B f:\mirror1\d\city2\npc\sun.c --> www1.yn.cninfo.net /mudcctx/mudlib/d/city2/npc sun.c
99.03.14 12:57 B f:\mirror1\d\city2\npc\wan.c --> www1.yn.cninfo.net /mudcctx/mudlib/d/city2/npc wan.c
99.03.14 12:57 B f:\mirror1\d\city2\npc\wuliuqi.c --> www1.yn.cninfo.net /mudcctx/mudlib/d/city2/npc wuliuqi.c
99.03.14 12:57 B f:\mirror1\d\city2\npc\wuzhiron.c --> www1.yn.cninfo.net /mudcctx/mudlib/d/city2/npc wuzhiron.c
99.03.14 12:57 B f:\mirror1\d\city2\npc\xiaoer.c --> www1.yn.cninfo.net /mudcctx/mudlib/d/city2/npc xiaoer.c
99.03.14 12:57 B f:\mirror1\d\city2\npc\xiaoer2.c --> www1.yn.cninfo.net /mudcctx/mudlib/d/city2/npc xiaoer2.c
99.03.14 12:57 B f:\mirror1\d\city2\npc\xiaoer3.c --> www1.yn.cninfo.net /mudcctx/mudlib/d/city2/npc xiaoer3.c
99.03.14 12:57 B f:\mirror1\d\city2\npc\xiaoerb.c --> www1.yn.cninfo.net /mudcctx/mudlib/d/city2/npc xiaoerb.c
99.03.14 12:57 B f:\mirror1\d\city2\npc\xiaoersl.c --> www1.yn.cninfo.net /mudcctx/mudlib/d/city2/npc xiaoersl.c
99.03.14 12:57 B f:\mirror1\d\city2\npc\xiaofan.c --> www1.yn.cninfo.net /mudcctx/mudlib/d/city2/npc xiaofan.c
99.03.14 12:57 B f:\mirror1\d\city2\npc\xiaoguiz.c --> www1.yn.cninfo.net /mudcctx/mudlib/d/city2/npc xiaoguiz.c
99.03.14 12:58 B f:\mirror1\d\city2\npc\xizi.c --> www1.yn.cninfo.net /mudcctx/mudlib/d/city2/npc xizi.c
99.03.14 12:58 B f:\mirror1\d\city2\npc\xutianch.c --> www1.yn.cninfo.net /mudcctx/mudlib/d/city2/npc xutianch.c
99.03.14 12:58 B f:\mirror1\d\city2\npc\yahuan.c --> www1.yn.cninfo.net /mudcctx/mudlib/d/city2/npc yahuan.c
99.03.14 12:58 B f:\mirror1\d\city2\npc\youke.c --> www1.yn.cninfo.net /mudcctx/mudlib/d/city2/npc youke.c
99.03.14 12:58 B f:\mirror1\d\city2\npc\youke2.c --> www1.yn.cninfo.net /mudcctx/mudlib/d/city2/npc youke2.c
99.03.14 12:58 B f:\mirror1\d\city2\npc\yucongma.c --> www1.yn.cninfo.net /mudcctx/mudlib/d/city2/npc yucongma.c
99.03.14 12:58 B f:\mirror1\d\city2\npc\zhanggui.c --> www1.yn.cninfo.net /mudcctx/mudlib/d/city2/npc zhanggui.c
99.03.14 12:58 B f:\mirror1\d\city2\npc\zhao.c --> www1.yn.cninfo.net /mudcctx/mudlib/d/city2/npc zhao.c
99.03.14 12:58 B f:\mirror1\d\city2\npc\zhengmen.c --> www1.yn.cninfo.net /mudcctx/mudlib/d/city2/npc zhengmen.c
99.03.14 12:58 B f:\mirror1\d\city2\npc\zhuangyu.c --> www1.yn.cninfo.net /mudcctx/mudlib/d/city2/npc zhuangyu.c
99.03.14 12:58 B f:\mirror1\d\city2\npc\zhuge.c --> www1.yn.cninfo.net /mudcctx/mudlib/d/city2/npc zhuge.c
