99.03.14 12:44 B f:\mirror1\d\chengdu\obj\baozi.c --> www1.yn.cninfo.net /mudcctx/mudlib/d/chengdu/obj baozi.c
99.03.14 12:44 B f:\mirror1\d\chengdu\obj\bookming.c --> www1.yn.cninfo.net /mudcctx/mudlib/d/chengdu/obj bookming.c
99.03.14 12:44 B f:\mirror1\d\chengdu\obj\changjian.c --> www1.yn.cninfo.net /mudcctx/mudlib/d/chengdu/obj changjian.c
99.03.14 12:44 B f:\mirror1\d\chengdu\obj\chanhunsuo.c --> www1.yn.cninfo.net /mudcctx/mudlib/d/chengdu/obj chanhunsuo.c
99.03.14 12:44 B f:\mirror1\d\chengdu\obj\cloth.c --> www1.yn.cninfo.net /mudcctx/mudlib/d/chengdu/obj cloth.c
99.03.14 12:44 B f:\mirror1\d\chengdu\obj\dagger.c --> www1.yn.cninfo.net /mudcctx/mudlib/d/chengdu/obj dagger.c
99.03.14 12:44 B f:\mirror1\d\chengdu\obj\doufu.c --> www1.yn.cninfo.net /mudcctx/mudlib/d/chengdu/obj doufu.c
99.03.14 12:44 B f:\mirror1\d\chengdu\obj\duanhundao.c --> www1.yn.cninfo.net /mudcctx/mudlib/d/chengdu/obj duanhundao.c
99.03.14 12:44 B f:\mirror1\d\chengdu\obj\duanjian.c --> www1.yn.cninfo.net /mudcctx/mudlib/d/chengdu/obj duanjian.c
99.03.14 12:44 B f:\mirror1\d\chengdu\obj\feipiang.c --> www1.yn.cninfo.net /mudcctx/mudlib/d/chengdu/obj feipiang.c
99.03.14 12:44 B f:\mirror1\d\chengdu\obj\feiyunjian.c --> www1.yn.cninfo.net /mudcctx/mudlib/d/chengdu/obj feiyunjian.c
99.03.14 12:44 B f:\mirror1\d\chengdu\obj\flower_shoe.c --> www1.yn.cninfo.net /mudcctx/mudlib/d/chengdu/obj flower_shoe.c
99.03.14 12:44 B f:\mirror1\d\chengdu\obj\fumobian.c --> www1.yn.cninfo.net /mudcctx/mudlib/d/chengdu/obj fumobian.c
99.03.14 12:44 B f:\mirror1\d\chengdu\obj\gangdao.c --> www1.yn.cninfo.net /mudcctx/mudlib/d/chengdu/obj gangdao.c
99.03.14 12:44 B f:\mirror1\d\chengdu\obj\gangjian.c --> www1.yn.cninfo.net /mudcctx/mudlib/d/chengdu/obj gangjian.c
99.03.14 12:44 B f:\mirror1\d\chengdu\obj\guiyuan.c --> www1.yn.cninfo.net /mudcctx/mudlib/d/chengdu/obj guiyuan.c
99.03.14 12:44 B f:\mirror1\d\chengdu\obj\hammer.c --> www1.yn.cninfo.net /mudcctx/mudlib/d/chengdu/obj hammer.c
99.03.14 12:44 B f:\mirror1\d\chengdu\obj\huasheng.c --> www1.yn.cninfo.net /mudcctx/mudlib/d/chengdu/obj huasheng.c
99.03.14 12:44 B f:\mirror1\d\chengdu\obj\jinchuang.c --> www1.yn.cninfo.net /mudcctx/mudlib/d/chengdu/obj jinchuang.c
99.03.14 12:44 B f:\mirror1\d\chengdu\obj\jinfengchai.c --> www1.yn.cninfo.net /mudcctx/mudlib/d/chengdu/obj jinfengchai.c
99.03.14 12:44 B f:\mirror1\d\chengdu\obj\jinjiezhi.c --> www1.yn.cninfo.net /mudcctx/mudlib/d/chengdu/obj jinjiezhi.c
99.03.14 12:44 B f:\mirror1\d\chengdu\obj\jinshouzhuo.c --> www1.yn.cninfo.net /mudcctx/mudlib/d/chengdu/obj jinshouzhuo.c
99.03.14 12:44 B f:\mirror1\d\chengdu\obj\jinxianglian.c --> www1.yn.cninfo.net /mudcctx/mudlib/d/chengdu/obj jinxianglian.c
99.03.14 12:44 B f:\mirror1\d\chengdu\obj\jitui.c --> www1.yn.cninfo.net /mudcctx/mudlib/d/chengdu/obj jitui.c
99.03.14 12:44 B f:\mirror1\d\chengdu\obj\jiudai.c --> www1.yn.cninfo.net /mudcctx/mudlib/d/chengdu/obj jiudai.c
99.03.14 12:44 B f:\mirror1\d\chengdu\obj\jiuzhuan.c --> www1.yn.cninfo.net /mudcctx/mudlib/d/chengdu/obj jiuzhuan.c
99.03.14 12:44 B f:\mirror1\d\chengdu\obj\junfu.c --> www1.yn.cninfo.net /mudcctx/mudlib/d/chengdu/obj junfu.c
99.03.14 12:44 B f:\mirror1\d\chengdu\obj\kaoya.c --> www1.yn.cninfo.net /mudcctx/mudlib/d/chengdu/obj kaoya.c
99.03.14 12:44 B f:\mirror1\d\chengdu\obj\mabudai.c --> www1.yn.cninfo.net /mudcctx/mudlib/d/chengdu/obj mabudai.c
99.03.14 12:44 B f:\mirror1\d\chengdu\obj\midai.c --> www1.yn.cninfo.net /mudcctx/mudlib/d/chengdu/obj midai.c
99.03.14 12:44 B f:\mirror1\d\chengdu\obj\molongbian.c --> www1.yn.cninfo.net /mudcctx/mudlib/d/chengdu/obj molongbian.c
99.03.14 12:44 B f:\mirror1\d\chengdu\obj\renshen.c --> www1.yn.cninfo.net /mudcctx/mudlib/d/chengdu/obj renshen.c
99.03.14 12:44 B f:\mirror1\d\chengdu\obj\shanshen.c --> www1.yn.cninfo.net /mudcctx/mudlib/d/chengdu/obj shanshen.c
99.03.14 12:45 B f:\mirror1\d\chengdu\obj\shouwu.c --> www1.yn.cninfo.net /mudcctx/mudlib/d/chengdu/obj shouwu.c
99.03.14 12:45 B f:\mirror1\d\chengdu\obj\tea.c --> www1.yn.cninfo.net /mudcctx/mudlib/d/chengdu/obj tea.c
99.03.14 12:45 B f:\mirror1\d\chengdu\obj\tiegun.c --> www1.yn.cninfo.net /mudcctx/mudlib/d/chengdu/obj tiegun.c
99.03.14 12:45 B f:\mirror1\d\chengdu\obj\tiejia.c --> www1.yn.cninfo.net /mudcctx/mudlib/d/chengdu/obj tiejia.c
99.03.14 12:45 B f:\mirror1\d\chengdu\obj\wuhoumiji.c --> www1.yn.cninfo.net /mudcctx/mudlib/d/chengdu/obj wuhoumiji.c
99.03.14 12:45 B f:\mirror1\d\chengdu\obj\xiuluodao.c --> www1.yn.cninfo.net /mudcctx/mudlib/d/chengdu/obj xiuluodao.c
99.03.14 12:45 B f:\mirror1\d\chengdu\obj\xuanbingjian.c --> www1.yn.cninfo.net /mudcctx/mudlib/d/chengdu/obj xuanbingjian.c
99.03.14 12:45 B f:\mirror1\d\chengdu\obj\yangjing.c --> www1.yn.cninfo.net /mudcctx/mudlib/d/chengdu/obj yangjing.c
99.03.14 12:45 B f:\mirror1\d\chengdu\obj\yanlingdao.c --> www1.yn.cninfo.net /mudcctx/mudlib/d/chengdu/obj yanlingdao.c
99.03.14 12:45 B f:\mirror1\d\chengdu\obj\yunvjian.c --> www1.yn.cninfo.net /mudcctx/mudlib/d/chengdu/obj yunvjian.c
