
执行时段错误：*No program in object '/clone/quest/deliver'!

程式：/adm/daemons/quest/deliver.lpc 第 39 行
物件：/adm/daemons/quest/deliver
呼叫来自：/adm/daemons/quest/deliver.lpc 的 heart_beat() 第 54 行，物件： /adm/daemons/quest/deliver
呼叫来自：/adm/daemons/quest/deliver.lpc 的 start_quest() 第 39 行，物件： /adm/daemons/quest/deliver

执行时段错误：*No program in object '/clone/quest/capture'!

程式：/adm/daemons/quest/capture.lpc 第 22 行
物件：/adm/daemons/quest/capture
呼叫来自：/adm/daemons/quest/capture.lpc 的 heart_beat() 第 35 行，物件： /adm/daemons/quest/capture
呼叫来自：/adm/daemons/quest/capture.lpc 的 start_quest() 第 22 行，物件： /adm/daemons/quest/capture
错误讯息被拦截：
执行时段错误：*call_other() couldn't find object '/adm/daemons/event/emei.l'.

程式：/adm/daemons/eventd.lpc 第 56 行
物件：/adm/daemons/eventd
呼叫来自：/adm/single/master.lpc 的 preload() 第 194 行，物件： /adm/single/master
呼叫来自：/adm/single/master.lpc 的 CATCH() 第 194 行，物件： /adm/single/master
呼叫来自：/adm/daemons/eventd.lpc 的 create() 第 31 行，物件： /adm/daemons/eventd
呼叫来自：/adm/daemons/eventd.lpc 的 collect_all_event() 第 56 行，物件： /adm/daemons/eventd

执行时段错误：*No program in object '/clone/quest/capture'!

程式：/adm/daemons/quest/capture.lpc 第 22 行
物件：/adm/daemons/quest/capture
呼叫来自：/adm/daemons/quest/capture.lpc 的 heart_beat() 第 35 行，物件： /adm/daemons/quest/capture
呼叫来自：/adm/daemons/quest/capture.lpc 的 start_quest() 第 22 行，物件： /adm/daemons/quest/capture

执行时段错误：*No program in object '/clone/quest/capture'!

程式：/adm/daemons/quest/capture.lpc 第 22 行
物件：/adm/daemons/quest/capture
呼叫来自：/adm/daemons/quest/capture.lpc 的 heart_beat() 第 35 行，物件： /adm/daemons/quest/capture
呼叫来自：/adm/daemons/quest/capture.lpc 的 start_quest() 第 22 行，物件： /adm/daemons/quest/capture

执行时段错误：*No program in object '/clone/quest/capture'!

程式：/adm/daemons/quest/capture.lpc 第 22 行
物件：/adm/daemons/quest/capture
呼叫来自：/adm/daemons/quest/capture.lpc 的 heart_beat() 第 35 行，物件： /adm/daemons/quest/capture
呼叫来自：/adm/daemons/quest/capture.lpc 的 start_quest() 第 22 行，物件： /adm/daemons/quest/capture

执行时段错误：*No program in object '/clone/quest/deliver'!

程式：/adm/daemons/quest/deliver.lpc 第 39 行
物件：/adm/daemons/quest/deliver
呼叫来自：/adm/daemons/quest/deliver.lpc 的 heart_beat() 第 54 行，物件： /adm/daemons/quest/deliver
呼叫来自：/adm/daemons/quest/deliver.lpc 的 start_quest() 第 39 行，物件： /adm/daemons/quest/deliver

执行时段错误：*No program in object '/clone/quest/trace'!

程式：/adm/daemons/quest/trace.lpc 第 22 行
物件：/adm/daemons/quest/trace
呼叫来自：/adm/daemons/quest/trace.lpc 的 heart_beat() 第 35 行，物件： /adm/daemons/quest/trace
呼叫来自：/adm/daemons/quest/trace.lpc 的 start_quest() 第 22 行，物件： /adm/daemons/quest/trace

执行时段错误：*No program in object '/clone/quest/capture'!

程式：/adm/daemons/quest/capture.lpc 第 22 行
物件：/adm/daemons/quest/capture
呼叫来自：/adm/daemons/quest/capture.lpc 的 heart_beat() 第 35 行，物件： /adm/daemons/quest/capture
呼叫来自：/adm/daemons/quest/capture.lpc 的 start_quest() 第 22 行，物件： /adm/daemons/quest/capture

执行时段错误：*No program in object '/clone/quest/capture'!

程式：/adm/daemons/quest/capture.lpc 第 22 行
物件：/adm/daemons/quest/capture
呼叫来自：/adm/daemons/quest/capture.lpc 的 heart_beat() 第 35 行，物件： /adm/daemons/quest/capture
呼叫来自：/adm/daemons/quest/capture.lpc 的 start_quest() 第 22 行，物件： /adm/daemons/quest/capture

执行时段错误：*Bad argument 2 to *
Expected: int or mapping or float Got: "5000".

程式：/adm/single/simul_efun.lpc 第 572 行
物件：/adm/single/simul_efun
呼叫来自：/adm/daemons/quest/explore.lpc 的 heart_beat() 第 129 行，物件： /adm/daemons/quest/explore
呼叫来自：/adm/daemons/quest/explore.lpc 的 start_quest() 第 82 行，物件： /adm/daemons/quest/explore
呼叫来自：/adm/single/simul_efun.lpc 的 get_object() 第 163 行，物件： /adm/single/simul_efun
呼叫来自：/d/changan/yamen-datang.lpc 的 create() 第 26 行，物件： /d/changan/yamen-datang
呼叫来自：/inherit/room/room.lpc 的 setup() 第 269 行，物件： /d/changan/yamen-datang
呼叫来自：/inherit/room/room.lpc 的 reset() 第 102 行，物件： /d/changan/yamen-datang
呼叫来自：/inherit/room/room.lpc 的 make_inventory() 第 33 行，物件： /d/changan/yamen-datang
呼叫来自：/d/changan/npc/zhifu.lpc 的 create() 第 30 行，物件： /d/changan/npc/zhifu ("梁兴禄")
呼叫来自：/inherit/char/npc.lpc 的 setup() 第 17 行，物件： /d/changan/npc/zhifu ("梁兴禄")
呼叫来自：/inherit/char/char.lpc 的 setup() 第 72 行，物件： /d/changan/npc/zhifu ("梁兴禄")
呼叫来自：/adm/daemons/chard.lpc 的 setup_char() 第 82 行，物件： /adm/daemons/chard
呼叫来自：/adm/single/simul_efun.lpc 的 count_mul() 第 572 行，物件： /adm/single/simul_efun

执行时段错误：*No program in object '/clone/quest/search'!

程式：/adm/daemons/quest/search.lpc 第 52 行
物件：/adm/daemons/quest/search
呼叫来自：/adm/daemons/quest/search.lpc 的 heart_beat() 第 66 行，物件： /adm/daemons/quest/search
呼叫来自：/adm/daemons/quest/search.lpc 的 start_quest() 第 52 行，物件： /adm/daemons/quest/search

执行时段错误：*Bad argument 2 to *
Expected: int or mapping or float Got: "40000".

程式：/adm/single/simul_efun.lpc 第 572 行
物件：/adm/single/simul_efun
呼叫来自：/adm/daemons/quest/supply.lpc 的 heart_beat() 第 118 行，物件： /adm/daemons/quest/supply
呼叫来自：/adm/daemons/quest/supply.lpc 的 start_quest() 第 87 行，物件： /adm/daemons/quest/supply
呼叫来自：/adm/single/simul_efun.lpc 的 get_object() 第 163 行，物件： /adm/single/simul_efun
呼叫来自：/d/city/wuguan.lpc 的 create() 第 52 行，物件： /d/city/wuguan
呼叫来自：/inherit/room/room.lpc 的 setup() 第 269 行，物件： /d/city/wuguan
呼叫来自：/inherit/room/room.lpc 的 reset() 第 102 行，物件： /d/city/wuguan
呼叫来自：/inherit/room/room.lpc 的 make_inventory() 第 33 行，物件： /d/city/wuguan
呼叫来自：/d/city/npc/chen.lpc 的 create() 第 51 行，物件： /d/city/npc/chen ("陈有德")
呼叫来自：/inherit/char/buncher.lpc 的 setup() 第 17 行，物件： /d/city/npc/chen ("陈有德")
呼叫来自：/inherit/char/npc.lpc 的 setup() 第 17 行，物件： /d/city/npc/chen ("陈有德")
呼叫来自：/inherit/char/char.lpc 的 setup() 第 72 行，物件： /d/city/npc/chen ("陈有德")
呼叫来自：/adm/daemons/chard.lpc 的 setup_char() 第 82 行，物件： /adm/daemons/chard
呼叫来自：/adm/single/simul_efun.lpc 的 count_mul() 第 572 行，物件： /adm/single/simul_efun

执行时段错误：*No program in object '/clone/quest/capture'!

程式：/adm/daemons/quest/capture.lpc 第 22 行
物件：/adm/daemons/quest/capture
呼叫来自：/adm/daemons/quest/capture.lpc 的 heart_beat() 第 35 行，物件： /adm/daemons/quest/capture
呼叫来自：/adm/daemons/quest/capture.lpc 的 start_quest() 第 22 行，物件： /adm/daemons/quest/capture

执行时段错误：*No program in object '/clone/quest/deliver'!

程式：/adm/daemons/quest/deliver.lpc 第 39 行
物件：/adm/daemons/quest/deliver
呼叫来自：/adm/daemons/quest/deliver.lpc 的 heart_beat() 第 54 行，物件： /adm/daemons/quest/deliver
呼叫来自：/adm/daemons/quest/deliver.lpc 的 start_quest() 第 39 行，物件： /adm/daemons/quest/deliver

执行时段错误：*No program in object '/clone/quest/trace'!

程式：/adm/daemons/quest/trace.lpc 第 22 行
物件：/adm/daemons/quest/trace
呼叫来自：/adm/daemons/quest/trace.lpc 的 heart_beat() 第 35 行，物件： /adm/daemons/quest/trace
呼叫来自：/adm/daemons/quest/trace.lpc 的 start_quest() 第 22 行，物件： /adm/daemons/quest/trace

执行时段错误：*No program in object '/clone/quest/capture'!

程式：/adm/daemons/quest/capture.lpc 第 22 行
物件：/adm/daemons/quest/capture
呼叫来自：/adm/daemons/quest/capture.lpc 的 heart_beat() 第 35 行，物件： /adm/daemons/quest/capture
呼叫来自：/adm/daemons/quest/capture.lpc 的 start_quest() 第 22 行，物件： /adm/daemons/quest/capture

执行时段错误：*No program in object '/clone/quest/capture'!

程式：/adm/daemons/quest/capture.lpc 第 22 行
物件：/adm/daemons/quest/capture
呼叫来自：/adm/daemons/quest/capture.lpc 的 heart_beat() 第 35 行，物件： /adm/daemons/quest/capture
呼叫来自：/adm/daemons/quest/capture.lpc 的 start_quest() 第 22 行，物件： /adm/daemons/quest/capture

执行时段错误：*No program in object '/clone/quest/capture'!

程式：/adm/daemons/quest/capture.lpc 第 22 行
物件：/adm/daemons/quest/capture
呼叫来自：/adm/daemons/quest/capture.lpc 的 heart_beat() 第 35 行，物件： /adm/daemons/quest/capture
呼叫来自：/adm/daemons/quest/capture.lpc 的 start_quest() 第 22 行，物件： /adm/daemons/quest/capture

执行时段错误：*No program in object '/clone/quest/judge'!

程式：/adm/daemons/quest/judge.lpc 第 22 行
物件：/adm/daemons/quest/judge
呼叫来自：/adm/daemons/quest/judge.lpc 的 heart_beat() 第 35 行，物件： /adm/daemons/quest/judge
呼叫来自：/adm/daemons/quest/judge.lpc 的 start_quest() 第 22 行，物件： /adm/daemons/quest/judge

执行时段错误：*No program in object '/clone/quest/deliver'!

程式：/adm/daemons/quest/deliver.lpc 第 39 行
物件：/adm/daemons/quest/deliver
呼叫来自：/adm/daemons/quest/deliver.lpc 的 heart_beat() 第 54 行，物件： /adm/daemons/quest/deliver
呼叫来自：/adm/daemons/quest/deliver.lpc 的 start_quest() 第 39 行，物件： /adm/daemons/quest/deliver

执行时段错误：*No program in object '/clone/quest/trace'!

程式：/adm/daemons/quest/trace.lpc 第 22 行
物件：/adm/daemons/quest/trace
呼叫来自：/adm/daemons/quest/trace.lpc 的 heart_beat() 第 35 行，物件： /adm/daemons/quest/trace
呼叫来自：/adm/daemons/quest/trace.lpc 的 start_quest() 第 22 行，物件： /adm/daemons/quest/trace

执行时段错误：*No program in object '/clone/quest/capture'!

程式：/adm/daemons/quest/capture.lpc 第 22 行
物件：/adm/daemons/quest/capture
呼叫来自：/adm/daemons/quest/capture.lpc 的 heart_beat() 第 35 行，物件： /adm/daemons/quest/capture
呼叫来自：/adm/daemons/quest/capture.lpc 的 start_quest() 第 22 行，物件： /adm/daemons/quest/capture

执行时段错误：*Bad argument 2 to *
Expected: int or mapping or float Got: "10".

程式：/adm/single/simul_efun.lpc 第 572 行
物件：/adm/single/simul_efun
呼叫来自：/adm/daemons/quest/explore.lpc 的 heart_beat() 第 129 行，物件： /adm/daemons/quest/explore
呼叫来自：/adm/daemons/quest/explore.lpc 的 start_quest() 第 82 行，物件： /adm/daemons/quest/explore
呼叫来自：/adm/single/simul_efun.lpc 的 get_object() 第 163 行，物件： /adm/single/simul_efun
呼叫来自：/d/city3/jiudian.lpc 的 create() 第 25 行，物件： /d/city3/jiudian
呼叫来自：/inherit/room/room.lpc 的 setup() 第 269 行，物件： /d/city3/jiudian
呼叫来自：/inherit/room/room.lpc 的 reset() 第 102 行，物件： /d/city3/jiudian
呼叫来自：/inherit/room/room.lpc 的 make_inventory() 第 33 行，物件： /d/city3/jiudian
呼叫来自：/d/city3/npc/xiaoer2.lpc 的 create() 第 22 行，物件： /d/city3/npc/xiaoer2 ("店小二")
呼叫来自：/inherit/char/npc.lpc 的 setup() 第 17 行，物件： /d/city3/npc/xiaoer2 ("店小二")
呼叫来自：/inherit/char/char.lpc 的 setup() 第 72 行，物件： /d/city3/npc/xiaoer2 ("店小二")
呼叫来自：/adm/daemons/chard.lpc 的 setup_char() 第 82 行，物件： /adm/daemons/chard
呼叫来自：/adm/single/simul_efun.lpc 的 count_mul() 第 572 行，物件： /adm/single/simul_efun

执行时段错误：*No program in object '/clone/quest/capture'!

程式：/adm/daemons/quest/capture.lpc 第 22 行
物件：/adm/daemons/quest/capture
呼叫来自：/adm/daemons/quest/capture.lpc 的 heart_beat() 第 35 行，物件： /adm/daemons/quest/capture
呼叫来自：/adm/daemons/quest/capture.lpc 的 start_quest() 第 22 行，物件： /adm/daemons/quest/capture

执行时段错误：*No program in object '/clone/quest/search'!

程式：/adm/daemons/quest/search.lpc 第 52 行
物件：/adm/daemons/quest/search
呼叫来自：/adm/daemons/quest/search.lpc 的 heart_beat() 第 66 行，物件： /adm/daemons/quest/search
呼叫来自：/adm/daemons/quest/search.lpc 的 start_quest() 第 52 行，物件： /adm/daemons/quest/search

执行时段错误：*Bad argument 2 to *
Expected: int or mapping or float Got: "1000".

程式：/adm/single/simul_efun.lpc 第 572 行
物件：/adm/single/simul_efun
呼叫来自：/adm/daemons/quest/supply.lpc 的 heart_beat() 第 118 行，物件： /adm/daemons/quest/supply
呼叫来自：/adm/daemons/quest/supply.lpc 的 start_quest() 第 87 行，物件： /adm/daemons/quest/supply
呼叫来自：/adm/single/simul_efun.lpc 的 get_object() 第 163 行，物件： /adm/single/simul_efun
呼叫来自：/d/fuzhou/biaoju.lpc 的 create() 第 27 行，物件： /d/fuzhou/biaoju
呼叫来自：/inherit/room/room.lpc 的 setup() 第 269 行，物件： /d/fuzhou/biaoju
呼叫来自：/inherit/room/room.lpc 的 reset() 第 102 行，物件： /d/fuzhou/biaoju
呼叫来自：/inherit/room/room.lpc 的 make_inventory() 第 33 行，物件： /d/fuzhou/biaoju
呼叫来自：/d/fuzhou/npc/chenqi.lpc 的 create() 第 24 行，物件： /d/fuzhou/npc/chenqi ("陈七")
呼叫来自：/inherit/char/npc.lpc 的 setup() 第 17 行，物件： /d/fuzhou/npc/chenqi ("陈七")
呼叫来自：/inherit/char/char.lpc 的 setup() 第 72 行，物件： /d/fuzhou/npc/chenqi ("陈七")
呼叫来自：/adm/daemons/chard.lpc 的 setup_char() 第 82 行，物件： /adm/daemons/chard
呼叫来自：/adm/single/simul_efun.lpc 的 count_mul() 第 572 行，物件： /adm/single/simul_efun

执行时段错误：*No program in object '/clone/quest/capture'!

程式：/adm/daemons/quest/capture.lpc 第 22 行
物件：/adm/daemons/quest/capture
呼叫来自：/adm/daemons/quest/capture.lpc 的 heart_beat() 第 35 行，物件： /adm/daemons/quest/capture
呼叫来自：/adm/daemons/quest/capture.lpc 的 start_quest() 第 22 行，物件： /adm/daemons/quest/capture

执行时段错误：*No program in object '/clone/quest/shen'!

程式：/adm/daemons/quest/shen.lpc 第 24 行
物件：/adm/daemons/quest/shen
呼叫来自：/adm/daemons/quest/shen.lpc 的 heart_beat() 第 37 行，物件： /adm/daemons/quest/shen
呼叫来自：/adm/daemons/quest/shen.lpc 的 start_quest() 第 24 行，物件： /adm/daemons/quest/shen

执行时段错误：*No program in object '/clone/quest/capture'!

程式：/adm/daemons/quest/capture.lpc 第 22 行
物件：/adm/daemons/quest/capture
呼叫来自：/adm/daemons/quest/capture.lpc 的 heart_beat() 第 35 行，物件： /adm/daemons/quest/capture
呼叫来自：/adm/daemons/quest/capture.lpc 的 start_quest() 第 22 行，物件： /adm/daemons/quest/capture

执行时段错误：*No program in object '/clone/quest/deliver'!

程式：/adm/daemons/quest/deliver.lpc 第 39 行
物件：/adm/daemons/quest/deliver
呼叫来自：/adm/daemons/quest/deliver.lpc 的 heart_beat() 第 54 行，物件： /adm/daemons/quest/deliver
呼叫来自：/adm/daemons/quest/deliver.lpc 的 start_quest() 第 39 行，物件： /adm/daemons/quest/deliver

执行时段错误：*No program in object '/clone/quest/trace'!

程式：/adm/daemons/quest/trace.lpc 第 22 行
物件：/adm/daemons/quest/trace
呼叫来自：/adm/daemons/quest/trace.lpc 的 heart_beat() 第 35 行，物件： /adm/daemons/quest/trace
呼叫来自：/adm/daemons/quest/trace.lpc 的 start_quest() 第 22 行，物件： /adm/daemons/quest/trace

执行时段错误：*No program in object '/clone/quest/capture'!

程式：/adm/daemons/quest/capture.lpc 第 22 行
物件：/adm/daemons/quest/capture
呼叫来自：/adm/daemons/quest/capture.lpc 的 heart_beat() 第 35 行，物件： /adm/daemons/quest/capture
呼叫来自：/adm/daemons/quest/capture.lpc 的 start_quest() 第 22 行，物件： /adm/daemons/quest/capture

执行时段错误：*No program in object '/clone/quest/capture'!

程式：/adm/daemons/quest/capture.lpc 第 22 行
物件：/adm/daemons/quest/capture
呼叫来自：/adm/daemons/quest/capture.lpc 的 heart_beat() 第 35 行，物件： /adm/daemons/quest/capture
呼叫来自：/adm/daemons/quest/capture.lpc 的 start_quest() 第 22 行，物件： /adm/daemons/quest/capture

执行时段错误：*No program in object '/adm/daemons/updated'!

程式：/adm/daemons/logind.lpc 第 1235 行
物件：/adm/daemons/logind
呼叫来自：/adm/daemons/logind.lpc 的 get_gender() 第 1122 行，物件： /adm/daemons/logind
呼叫来自：/adm/daemons/logind.lpc 的 enter_world() 第 1235 行，物件： /adm/daemons/logind

执行时段错误：*Bad argument 2 to *
Expected: int or mapping or float Got: "5000".

程式：/adm/single/simul_efun.lpc 第 572 行
物件：/adm/single/simul_efun
呼叫来自：/adm/daemons/quest/explore.lpc 的 heart_beat() 第 129 行，物件： /adm/daemons/quest/explore
呼叫来自：/adm/daemons/quest/explore.lpc 的 start_quest() 第 82 行，物件： /adm/daemons/quest/explore
呼叫来自：/adm/single/simul_efun.lpc 的 get_object() 第 163 行，物件： /adm/single/simul_efun
呼叫来自：/d/beijing/dangpu.lpc 的 create() 第 31 行，物件： /d/beijing/dangpu
呼叫来自：/inherit/room/room.lpc 的 setup() 第 269 行，物件： /d/beijing/dangpu
呼叫来自：/inherit/room/room.lpc 的 reset() 第 102 行，物件： /d/beijing/dangpu
呼叫来自：/inherit/room/room.lpc 的 make_inventory() 第 33 行，物件： /d/beijing/dangpu
呼叫来自：/d/beijing/npc/dangpuzhang.lpc 的 create() 第 28 行，物件： /d/beijing/npc/dangpuzhang ("张德贵")
呼叫来自：/inherit/char/npc.lpc 的 setup() 第 17 行，物件： /d/beijing/npc/dangpuzhang ("张德贵")
呼叫来自：/inherit/char/char.lpc 的 setup() 第 72 行，物件： /d/beijing/npc/dangpuzhang ("张德贵")
呼叫来自：/adm/daemons/chard.lpc 的 setup_char() 第 82 行，物件： /adm/daemons/chard
呼叫来自：/adm/single/simul_efun.lpc 的 count_mul() 第 572 行，物件： /adm/single/simul_efun

执行时段错误：*No program in object '/clone/quest/capture'!

程式：/adm/daemons/quest/capture.lpc 第 22 行
物件：/adm/daemons/quest/capture
呼叫来自：/adm/daemons/quest/capture.lpc 的 heart_beat() 第 35 行，物件： /adm/daemons/quest/capture
呼叫来自：/adm/daemons/quest/capture.lpc 的 start_quest() 第 22 行，物件： /adm/daemons/quest/capture

执行时段错误：*No program in object '/clone/quest/deliver'!

程式：/adm/daemons/quest/deliver.lpc 第 39 行
物件：/adm/daemons/quest/deliver
呼叫来自：/adm/daemons/quest/deliver.lpc 的 heart_beat() 第 54 行，物件： /adm/daemons/quest/deliver
呼叫来自：/adm/daemons/quest/deliver.lpc 的 start_quest() 第 39 行，物件： /adm/daemons/quest/deliver

执行时段错误：*No program in object '/clone/quest/trace'!

程式：/adm/daemons/quest/trace.lpc 第 22 行
物件：/adm/daemons/quest/trace
呼叫来自：/adm/daemons/quest/trace.lpc 的 heart_beat() 第 35 行，物件： /adm/daemons/quest/trace
呼叫来自：/adm/daemons/quest/trace.lpc 的 start_quest() 第 22 行，物件： /adm/daemons/quest/trace

执行时段错误：*No program in object '/clone/quest/search'!

程式：/adm/daemons/quest/search.lpc 第 52 行
物件：/adm/daemons/quest/search
呼叫来自：/adm/daemons/quest/search.lpc 的 heart_beat() 第 66 行，物件： /adm/daemons/quest/search
呼叫来自：/adm/daemons/quest/search.lpc 的 start_quest() 第 52 行，物件： /adm/daemons/quest/search

执行时段错误：*No program in object '/clone/quest/capture'!

程式：/adm/daemons/quest/capture.lpc 第 22 行
物件：/adm/daemons/quest/capture
呼叫来自：/adm/daemons/quest/capture.lpc 的 heart_beat() 第 35 行，物件： /adm/daemons/quest/capture
呼叫来自：/adm/daemons/quest/capture.lpc 的 start_quest() 第 22 行，物件： /adm/daemons/quest/capture

执行时段错误：*Bad argument 2 to *
Expected: int or mapping or float Got: "1000".

程式：/adm/single/simul_efun.lpc 第 572 行
物件：/adm/single/simul_efun
呼叫来自：/adm/daemons/quest/supply.lpc 的 heart_beat() 第 118 行，物件： /adm/daemons/quest/supply
呼叫来自：/adm/daemons/quest/supply.lpc 的 start_quest() 第 87 行，物件： /adm/daemons/quest/supply
呼叫来自：/adm/single/simul_efun.lpc 的 get_object() 第 163 行，物件： /adm/single/simul_efun
呼叫来自：/d/city3/wuguan.lpc 的 create() 第 61 行，物件： /d/city3/wuguan
呼叫来自：/inherit/room/room.lpc 的 setup() 第 269 行，物件： /d/city3/wuguan
呼叫来自：/inherit/room/room.lpc 的 reset() 第 102 行，物件： /d/city3/wuguan
呼叫来自：/inherit/room/room.lpc 的 make_inventory() 第 33 行，物件： /d/city3/wuguan
呼叫来自：/d/city3/npc/zhangfang.lpc 的 create() 第 37 行，物件： /d/city3/npc/zhangfang ("账房老夫子")
呼叫来自：/inherit/char/npc.lpc 的 setup() 第 17 行，物件： /d/city3/npc/zhangfang ("账房老夫子")
呼叫来自：/inherit/char/char.lpc 的 setup() 第 72 行，物件： /d/city3/npc/zhangfang ("账房老夫子")
呼叫来自：/adm/daemons/chard.lpc 的 setup_char() 第 82 行，物件： /adm/daemons/chard
呼叫来自：/adm/single/simul_efun.lpc 的 count_mul() 第 572 行，物件： /adm/single/simul_efun

执行时段错误：*No program in object '/clone/quest/capture'!

程式：/adm/daemons/quest/capture.lpc 第 22 行
物件：/adm/daemons/quest/capture
呼叫来自：/adm/daemons/quest/capture.lpc 的 heart_beat() 第 35 行，物件： /adm/daemons/quest/capture
呼叫来自：/adm/daemons/quest/capture.lpc 的 start_quest() 第 22 行，物件： /adm/daemons/quest/capture

执行时段错误：*No program in object '/clone/quest/capture'!

程式：/adm/daemons/quest/capture.lpc 第 22 行
物件：/adm/daemons/quest/capture
呼叫来自：/adm/daemons/quest/capture.lpc 的 heart_beat() 第 35 行，物件： /adm/daemons/quest/capture
呼叫来自：/adm/daemons/quest/capture.lpc 的 start_quest() 第 22 行，物件： /adm/daemons/quest/capture

执行时段错误：*No program in object '/clone/quest/judge'!

程式：/adm/daemons/quest/judge.lpc 第 22 行
物件：/adm/daemons/quest/judge
呼叫来自：/adm/daemons/quest/judge.lpc 的 heart_beat() 第 35 行，物件： /adm/daemons/quest/judge
呼叫来自：/adm/daemons/quest/judge.lpc 的 start_quest() 第 22 行，物件： /adm/daemons/quest/judge

执行时段错误：*No program in object '/clone/quest/deliver'!

程式：/adm/daemons/quest/deliver.lpc 第 39 行
物件：/adm/daemons/quest/deliver
呼叫来自：/adm/daemons/quest/deliver.lpc 的 heart_beat() 第 54 行，物件： /adm/daemons/quest/deliver
呼叫来自：/adm/daemons/quest/deliver.lpc 的 start_quest() 第 39 行，物件： /adm/daemons/quest/deliver

执行时段错误：*No program in object '/clone/quest/trace'!

程式：/adm/daemons/quest/trace.lpc 第 22 行
物件：/adm/daemons/quest/trace
呼叫来自：/adm/daemons/quest/trace.lpc 的 heart_beat() 第 35 行，物件： /adm/daemons/quest/trace
呼叫来自：/adm/daemons/quest/trace.lpc 的 start_quest() 第 22 行，物件： /adm/daemons/quest/trace

执行时段错误：*No program in object '/clone/quest/capture'!

程式：/adm/daemons/quest/capture.lpc 第 22 行
物件：/adm/daemons/quest/capture
呼叫来自：/adm/daemons/quest/capture.lpc 的 heart_beat() 第 35 行，物件： /adm/daemons/quest/capture
呼叫来自：/adm/daemons/quest/capture.lpc 的 start_quest() 第 22 行，物件： /adm/daemons/quest/capture

执行时段错误：*No program in object '/clone/quest/capture'!

程式：/adm/daemons/quest/capture.lpc 第 22 行
物件：/adm/daemons/quest/capture
呼叫来自：/adm/daemons/quest/capture.lpc 的 heart_beat() 第 35 行，物件： /adm/daemons/quest/capture
呼叫来自：/adm/daemons/quest/capture.lpc 的 start_quest() 第 22 行，物件： /adm/daemons/quest/capture

执行时段错误：*No program in object '/clone/quest/explore'!

程式：/adm/daemons/quest/explore.lpc 第 111 行
物件：/adm/daemons/quest/explore
呼叫来自：/adm/daemons/quest/explore.lpc 的 heart_beat() 第 129 行，物件： /adm/daemons/quest/explore
呼叫来自：/adm/daemons/quest/explore.lpc 的 start_quest() 第 111 行，物件： /adm/daemons/quest/explore

执行时段错误：*No program in object '/clone/quest/capture'!

程式：/adm/daemons/quest/capture.lpc 第 22 行
物件：/adm/daemons/quest/capture
呼叫来自：/adm/daemons/quest/capture.lpc 的 heart_beat() 第 35 行，物件： /adm/daemons/quest/capture
呼叫来自：/adm/daemons/quest/capture.lpc 的 start_quest() 第 22 行，物件： /adm/daemons/quest/capture

执行时段错误：*No program in object '/clone/quest/search'!

程式：/adm/daemons/quest/search.lpc 第 52 行
物件：/adm/daemons/quest/search
呼叫来自：/adm/daemons/quest/search.lpc 的 heart_beat() 第 66 行，物件： /adm/daemons/quest/search
呼叫来自：/adm/daemons/quest/search.lpc 的 start_quest() 第 52 行，物件： /adm/daemons/quest/search

执行时段错误：*No program in object '/clone/quest/capture'!

程式：/adm/daemons/quest/capture.lpc 第 22 行
物件：/adm/daemons/quest/capture
呼叫来自：/adm/daemons/quest/capture.lpc 的 heart_beat() 第 35 行，物件： /adm/daemons/quest/capture
呼叫来自：/adm/daemons/quest/capture.lpc 的 start_quest() 第 22 行，物件： /adm/daemons/quest/capture

执行时段错误：*No program in object '/clone/quest/deliver'!

程式：/adm/daemons/quest/deliver.lpc 第 39 行
物件：/adm/daemons/quest/deliver
呼叫来自：/adm/daemons/quest/deliver.lpc 的 heart_beat() 第 54 行，物件： /adm/daemons/quest/deliver
呼叫来自：/adm/daemons/quest/deliver.lpc 的 start_quest() 第 39 行，物件： /adm/daemons/quest/deliver

执行时段错误：*No program in object '/clone/quest/trace'!

程式：/adm/daemons/quest/trace.lpc 第 22 行
物件：/adm/daemons/quest/trace
呼叫来自：/adm/daemons/quest/trace.lpc 的 heart_beat() 第 35 行，物件： /adm/daemons/quest/trace
呼叫来自：/adm/daemons/quest/trace.lpc 的 start_quest() 第 22 行，物件： /adm/daemons/quest/trace

执行时段错误：*Bad argument 2 to *
Expected: int or mapping or float Got: "100".

程式：/adm/single/simul_efun.lpc 第 572 行
物件：/adm/single/simul_efun
呼叫来自：/adm/daemons/quest/supply.lpc 的 heart_beat() 第 118 行，物件： /adm/daemons/quest/supply
呼叫来自：/adm/daemons/quest/supply.lpc 的 start_quest() 第 87 行，物件： /adm/daemons/quest/supply
呼叫来自：/adm/single/simul_efun.lpc 的 get_object() 第 163 行，物件： /adm/single/simul_efun
呼叫来自：/d/beijing/xichang.lpc 的 create() 第 22 行，物件： /d/beijing/xichang
呼叫来自：/inherit/room/room.lpc 的 setup() 第 269 行，物件： /d/beijing/xichang
呼叫来自：/inherit/room/room.lpc 的 reset() 第 102 行，物件： /d/beijing/xichang
呼叫来自：/inherit/room/room.lpc 的 make_inventory() 第 33 行，物件： /d/beijing/xichang
呼叫来自：/d/beijing/npc/taijian.lpc 的 create() 第 13 行，物件： /d/beijing/npc/taijian ("太监")
呼叫来自：/inherit/char/npc.lpc 的 setup() 第 17 行，物件： /d/beijing/npc/taijian ("太监")
呼叫来自：/inherit/char/char.lpc 的 setup() 第 72 行，物件： /d/beijing/npc/taijian ("太监")
呼叫来自：/adm/daemons/chard.lpc 的 setup_char() 第 82 行，物件： /adm/daemons/chard
呼叫来自：/adm/single/simul_efun.lpc 的 count_mul() 第 572 行，物件： /adm/single/simul_efun

执行时段错误：*No program in object '/clone/quest/capture'!

程式：/adm/daemons/quest/capture.lpc 第 22 行
物件：/adm/daemons/quest/capture
呼叫来自：/adm/daemons/quest/capture.lpc 的 heart_beat() 第 35 行，物件： /adm/daemons/quest/capture
呼叫来自：/adm/daemons/quest/capture.lpc 的 start_quest() 第 22 行，物件： /adm/daemons/quest/capture

执行时段错误：*No program in object '/clone/quest/shen'!

程式：/adm/daemons/quest/shen.lpc 第 24 行
物件：/adm/daemons/quest/shen
呼叫来自：/adm/daemons/quest/shen.lpc 的 heart_beat() 第 37 行，物件： /adm/daemons/quest/shen
呼叫来自：/adm/daemons/quest/shen.lpc 的 start_quest() 第 24 行，物件： /adm/daemons/quest/shen

执行时段错误：*No program in object '/clone/quest/capture'!

程式：/adm/daemons/quest/capture.lpc 第 22 行
物件：/adm/daemons/quest/capture
呼叫来自：/adm/daemons/quest/capture.lpc 的 heart_beat() 第 35 行，物件： /adm/daemons/quest/capture
呼叫来自：/adm/daemons/quest/capture.lpc 的 start_quest() 第 22 行，物件： /adm/daemons/quest/capture

执行时段错误：*No program in object '/clone/quest/capture'!

程式：/adm/daemons/quest/capture.lpc 第 22 行
物件：/adm/daemons/quest/capture
呼叫来自：/adm/daemons/quest/capture.lpc 的 heart_beat() 第 35 行，物件： /adm/daemons/quest/capture
呼叫来自：/adm/daemons/quest/capture.lpc 的 start_quest() 第 22 行，物件： /adm/daemons/quest/capture

执行时段错误：*Bad argument 2 to *
Expected: int or mapping or float Got: "1750".

程式：/adm/single/simul_efun.lpc 第 572 行
物件：/adm/single/simul_efun
呼叫来自：/adm/daemons/quest/explore.lpc 的 heart_beat() 第 129 行，物件： /adm/daemons/quest/explore
呼叫来自：/adm/daemons/quest/explore.lpc 的 start_quest() 第 82 行，物件： /adm/daemons/quest/explore
呼叫来自：/adm/single/simul_efun.lpc 的 get_object() 第 163 行，物件： /adm/single/simul_efun
呼叫来自：/d/fuzhou/yamen.lpc 的 create() 第 23 行，物件： /d/fuzhou/yamen
呼叫来自：/inherit/room/room.lpc 的 setup() 第 269 行，物件： /d/fuzhou/yamen
呼叫来自：/inherit/room/room.lpc 的 reset() 第 102 行，物件： /d/fuzhou/yamen
呼叫来自：/inherit/room/room.lpc 的 make_inventory() 第 33 行，物件： /d/fuzhou/yamen
呼叫来自：/d/fuzhou/npc/geshiha.lpc 的 create() 第 15 行，物件： /d/fuzhou/npc/geshiha ("戈什哈")
呼叫来自：/inherit/char/npc.lpc 的 setup() 第 17 行，物件： /d/fuzhou/npc/geshiha ("戈什哈")
呼叫来自：/inherit/char/char.lpc 的 setup() 第 72 行，物件： /d/fuzhou/npc/geshiha ("戈什哈")
呼叫来自：/adm/daemons/chard.lpc 的 setup_char() 第 82 行，物件： /adm/daemons/chard
呼叫来自：/adm/single/simul_efun.lpc 的 count_mul() 第 572 行，物件： /adm/single/simul_efun

执行时段错误：*No program in object '/clone/quest/deliver'!

程式：/adm/daemons/quest/deliver.lpc 第 39 行
物件：/adm/daemons/quest/deliver
呼叫来自：/adm/daemons/quest/deliver.lpc 的 heart_beat() 第 54 行，物件： /adm/daemons/quest/deliver
呼叫来自：/adm/daemons/quest/deliver.lpc 的 start_quest() 第 39 行，物件： /adm/daemons/quest/deliver

执行时段错误：*No program in object '/clone/quest/trace'!

程式：/adm/daemons/quest/trace.lpc 第 22 行
物件：/adm/daemons/quest/trace
呼叫来自：/adm/daemons/quest/trace.lpc 的 heart_beat() 第 35 行，物件： /adm/daemons/quest/trace
呼叫来自：/adm/daemons/quest/trace.lpc 的 start_quest() 第 22 行，物件： /adm/daemons/quest/trace

执行时段错误：*No program in object '/clone/quest/capture'!

程式：/adm/daemons/quest/capture.lpc 第 22 行
物件：/adm/daemons/quest/capture
呼叫来自：/adm/daemons/quest/capture.lpc 的 heart_beat() 第 35 行，物件： /adm/daemons/quest/capture
呼叫来自：/adm/daemons/quest/capture.lpc 的 start_quest() 第 22 行，物件： /adm/daemons/quest/capture

执行时段错误：*No program in object '/clone/quest/capture'!

程式：/adm/daemons/quest/capture.lpc 第 22 行
物件：/adm/daemons/quest/capture
呼叫来自：/adm/daemons/quest/capture.lpc 的 heart_beat() 第 35 行，物件： /adm/daemons/quest/capture
呼叫来自：/adm/daemons/quest/capture.lpc 的 start_quest() 第 22 行，物件： /adm/daemons/quest/capture

执行时段错误：*No program in object '/clone/quest/search'!

程式：/adm/daemons/quest/search.lpc 第 52 行
物件：/adm/daemons/quest/search
呼叫来自：/adm/daemons/quest/search.lpc 的 heart_beat() 第 66 行，物件： /adm/daemons/quest/search
呼叫来自：/adm/daemons/quest/search.lpc 的 start_quest() 第 52 行，物件： /adm/daemons/quest/search

执行时段错误：*No program in object '/clone/quest/judge'!

程式：/adm/daemons/quest/judge.lpc 第 22 行
物件：/adm/daemons/quest/judge
呼叫来自：/adm/daemons/quest/judge.lpc 的 heart_beat() 第 35 行，物件： /adm/daemons/quest/judge
呼叫来自：/adm/daemons/quest/judge.lpc 的 start_quest() 第 22 行，物件： /adm/daemons/quest/judge

执行时段错误：*No program in object '/clone/quest/capture'!

程式：/adm/daemons/quest/capture.lpc 第 22 行
物件：/adm/daemons/quest/capture
呼叫来自：/adm/daemons/quest/capture.lpc 的 heart_beat() 第 35 行，物件： /adm/daemons/quest/capture
呼叫来自：/adm/daemons/quest/capture.lpc 的 start_quest() 第 22 行，物件： /adm/daemons/quest/capture

执行时段错误：*No program in object '/clone/quest/deliver'!

程式：/adm/daemons/quest/deliver.lpc 第 39 行
物件：/adm/daemons/quest/deliver
呼叫来自：/adm/daemons/quest/deliver.lpc 的 heart_beat() 第 54 行，物件： /adm/daemons/quest/deliver
呼叫来自：/adm/daemons/quest/deliver.lpc 的 start_quest() 第 39 行，物件： /adm/daemons/quest/deliver

执行时段错误：*No program in object '/clone/quest/trace'!

程式：/adm/daemons/quest/trace.lpc 第 22 行
物件：/adm/daemons/quest/trace
呼叫来自：/adm/daemons/quest/trace.lpc 的 heart_beat() 第 35 行，物件： /adm/daemons/quest/trace
呼叫来自：/adm/daemons/quest/trace.lpc 的 start_quest() 第 22 行，物件： /adm/daemons/quest/trace

执行时段错误：*No program in object '/clone/quest/capture'!

程式：/adm/daemons/quest/capture.lpc 第 22 行
物件：/adm/daemons/quest/capture
呼叫来自：/adm/daemons/quest/capture.lpc 的 heart_beat() 第 35 行，物件： /adm/daemons/quest/capture
呼叫来自：/adm/daemons/quest/capture.lpc 的 start_quest() 第 22 行，物件： /adm/daemons/quest/capture

执行时段错误：*No program in object '/clone/quest/capture'!

程式：/adm/daemons/quest/capture.lpc 第 22 行
物件：/adm/daemons/quest/capture
呼叫来自：/adm/daemons/quest/capture.lpc 的 heart_beat() 第 35 行，物件： /adm/daemons/quest/capture
呼叫来自：/adm/daemons/quest/capture.lpc 的 start_quest() 第 22 行，物件： /adm/daemons/quest/capture

执行时段错误：*Bad argument 2 to *
Expected: int or mapping or float Got: "50000".

程式：/adm/single/simul_efun.lpc 第 572 行
物件：/adm/single/simul_efun
呼叫来自：/adm/daemons/quest/explore.lpc 的 heart_beat() 第 129 行，物件： /adm/daemons/quest/explore
呼叫来自：/adm/daemons/quest/explore.lpc 的 start_quest() 第 82 行，物件： /adm/daemons/quest/explore
呼叫来自：/adm/single/simul_efun.lpc 的 get_object() 第 163 行，物件： /adm/single/simul_efun
呼叫来自：/d/dali/wangfugate.lpc 的 create() 第 26 行，物件： /d/dali/wangfugate
呼叫来自：/inherit/room/room.lpc 的 setup() 第 269 行，物件： /d/dali/wangfugate
呼叫来自：/inherit/room/room.lpc 的 reset() 第 102 行，物件： /d/dali/wangfugate
呼叫来自：/inherit/room/room.lpc 的 make_inventory() 第 33 行，物件： /d/dali/wangfugate
呼叫来自：/kungfu/class/dali/chuwanli.lpc 的 create() 第 85 行，物件： /kungfu/class/dali/chuwanli ("褚万里")
呼叫来自：/inherit/char/npc.lpc 的 setup() 第 17 行，物件： /kungfu/class/dali/chuwanli ("褚万里")
呼叫来自：/inherit/char/char.lpc 的 setup() 第 72 行，物件： /kungfu/class/dali/chuwanli ("褚万里")
呼叫来自：/adm/daemons/chard.lpc 的 setup_char() 第 82 行，物件： /adm/daemons/chard
呼叫来自：/adm/single/simul_efun.lpc 的 count_mul() 第 572 行，物件： /adm/single/simul_efun

执行时段错误：*No program in object '/clone/quest/capture'!

程式：/adm/daemons/quest/capture.lpc 第 22 行
物件：/adm/daemons/quest/capture
呼叫来自：/adm/daemons/quest/capture.lpc 的 heart_beat() 第 35 行，物件： /adm/daemons/quest/capture
呼叫来自：/adm/daemons/quest/capture.lpc 的 start_quest() 第 22 行，物件： /adm/daemons/quest/capture
错误讯息被拦截：
执行时段错误：*call_other() couldn't find object '/adm/daemons/event/emei.l'.

程式：/adm/daemons/eventd.lpc 第 56 行
物件：/adm/daemons/eventd
呼叫来自：/adm/single/master.lpc 的 preload() 第 194 行，物件： /adm/single/master
呼叫来自：/adm/single/master.lpc 的 CATCH() 第 194 行，物件： /adm/single/master
呼叫来自：/adm/daemons/eventd.lpc 的 create() 第 31 行，物件： /adm/daemons/eventd
呼叫来自：/adm/daemons/eventd.lpc 的 collect_all_event() 第 56 行，物件： /adm/daemons/eventd

执行时段错误：*No program in object '/clone/quest/capture'!

程式：/adm/daemons/quest/capture.lpc 第 22 行
物件：/adm/daemons/quest/capture
呼叫来自：/adm/daemons/quest/capture.lpc 的 heart_beat() 第 35 行，物件： /adm/daemons/quest/capture
呼叫来自：/adm/daemons/quest/capture.lpc 的 start_quest() 第 22 行，物件： /adm/daemons/quest/capture

执行时段错误：*No program in object '/clone/quest/capture'!

程式：/adm/daemons/quest/capture.lpc 第 22 行
物件：/adm/daemons/quest/capture
呼叫来自：/adm/daemons/quest/capture.lpc 的 heart_beat() 第 35 行，物件： /adm/daemons/quest/capture
呼叫来自：/adm/daemons/quest/capture.lpc 的 start_quest() 第 22 行，物件： /adm/daemons/quest/capture

执行时段错误：*No program in object '/clone/quest/capture'!

程式：/adm/daemons/quest/capture.lpc 第 22 行
物件：/adm/daemons/quest/capture
呼叫来自：/adm/daemons/quest/capture.lpc 的 heart_beat() 第 35 行，物件： /adm/daemons/quest/capture
呼叫来自：/adm/daemons/quest/capture.lpc 的 start_quest() 第 22 行，物件： /adm/daemons/quest/capture

执行时段错误：*No program in object '/clone/quest/deliver'!

程式：/adm/daemons/quest/deliver.lpc 第 39 行
物件：/adm/daemons/quest/deliver
呼叫来自：/adm/daemons/quest/deliver.lpc 的 heart_beat() 第 54 行，物件： /adm/daemons/quest/deliver
呼叫来自：/adm/daemons/quest/deliver.lpc 的 start_quest() 第 39 行，物件： /adm/daemons/quest/deliver

执行时段错误：*Bad argument 2 to *
Expected: int or mapping or float Got: "100".

程式：/adm/single/simul_efun.lpc 第 572 行
物件：/adm/single/simul_efun
呼叫来自：/adm/daemons/quest/supply.lpc 的 heart_beat() 第 118 行，物件： /adm/daemons/quest/supply
呼叫来自：/adm/daemons/quest/supply.lpc 的 start_quest() 第 87 行，物件： /adm/daemons/quest/supply
呼叫来自：/adm/single/simul_efun.lpc 的 get_object() 第 163 行，物件： /adm/single/simul_efun
呼叫来自：/d/beijing/xichang.lpc 的 create() 第 22 行，物件： /d/beijing/xichang
呼叫来自：/inherit/room/room.lpc 的 setup() 第 269 行，物件： /d/beijing/xichang
呼叫来自：/inherit/room/room.lpc 的 reset() 第 102 行，物件： /d/beijing/xichang
呼叫来自：/inherit/room/room.lpc 的 make_inventory() 第 33 行，物件： /d/beijing/xichang
呼叫来自：/d/beijing/npc/taijian.lpc 的 create() 第 13 行，物件： /d/beijing/npc/taijian ("太监")
呼叫来自：/inherit/char/npc.lpc 的 setup() 第 17 行，物件： /d/beijing/npc/taijian ("太监")
呼叫来自：/inherit/char/char.lpc 的 setup() 第 72 行，物件： /d/beijing/npc/taijian ("太监")
呼叫来自：/adm/daemons/chard.lpc 的 setup_char() 第 82 行，物件： /adm/daemons/chard
呼叫来自：/adm/single/simul_efun.lpc 的 count_mul() 第 572 行，物件： /adm/single/simul_efun

执行时段错误：*No program in object '/clone/quest/capture'!

程式：/adm/daemons/quest/capture.lpc 第 22 行
物件：/adm/daemons/quest/capture
呼叫来自：/adm/daemons/quest/capture.lpc 的 heart_beat() 第 35 行，物件： /adm/daemons/quest/capture
呼叫来自：/adm/daemons/quest/capture.lpc 的 start_quest() 第 22 行，物件： /adm/daemons/quest/capture

执行时段错误：*No program in object '/clone/quest/search'!

程式：/adm/daemons/quest/search.lpc 第 52 行
物件：/adm/daemons/quest/search
呼叫来自：/adm/daemons/quest/search.lpc 的 heart_beat() 第 66 行，物件： /adm/daemons/quest/search
呼叫来自：/adm/daemons/quest/search.lpc 的 start_quest() 第 52 行，物件： /adm/daemons/quest/search

执行时段错误：*No program in object '/clone/quest/trace'!

程式：/adm/daemons/quest/trace.lpc 第 22 行
物件：/adm/daemons/quest/trace
呼叫来自：/adm/daemons/quest/trace.lpc 的 heart_beat() 第 35 行，物件： /adm/daemons/quest/trace
呼叫来自：/adm/daemons/quest/trace.lpc 的 start_quest() 第 22 行，物件： /adm/daemons/quest/trace

执行时段错误：*No program in object '/clone/quest/capture'!

程式：/adm/daemons/quest/capture.lpc 第 22 行
物件：/adm/daemons/quest/capture
呼叫来自：/adm/daemons/quest/capture.lpc 的 heart_beat() 第 35 行，物件： /adm/daemons/quest/capture
呼叫来自：/adm/daemons/quest/capture.lpc 的 start_quest() 第 22 行，物件： /adm/daemons/quest/capture

执行时段错误：*No program in object '/clone/quest/capture'!

程式：/adm/daemons/quest/capture.lpc 第 22 行
物件：/adm/daemons/quest/capture
呼叫来自：/adm/daemons/quest/capture.lpc 的 heart_beat() 第 35 行，物件： /adm/daemons/quest/capture
呼叫来自：/adm/daemons/quest/capture.lpc 的 start_quest() 第 22 行，物件： /adm/daemons/quest/capture

执行时段错误：*No program in object '/clone/quest/explore'!

程式：/adm/daemons/quest/explore.lpc 第 111 行
物件：/adm/daemons/quest/explore
呼叫来自：/adm/daemons/quest/explore.lpc 的 heart_beat() 第 129 行，物件： /adm/daemons/quest/explore
呼叫来自：/adm/daemons/quest/explore.lpc 的 start_quest() 第 111 行，物件： /adm/daemons/quest/explore

执行时段错误：*No program in object '/clone/quest/judge'!

程式：/adm/daemons/quest/judge.lpc 第 22 行
物件：/adm/daemons/quest/judge
呼叫来自：/adm/daemons/quest/judge.lpc 的 heart_beat() 第 35 行，物件： /adm/daemons/quest/judge
呼叫来自：/adm/daemons/quest/judge.lpc 的 start_quest() 第 22 行，物件： /adm/daemons/quest/judge

执行时段错误：*No program in object '/clone/quest/capture'!

程式：/adm/daemons/quest/capture.lpc 第 22 行
物件：/adm/daemons/quest/capture
呼叫来自：/adm/daemons/quest/capture.lpc 的 heart_beat() 第 35 行，物件： /adm/daemons/quest/capture
呼叫来自：/adm/daemons/quest/capture.lpc 的 start_quest() 第 22 行，物件： /adm/daemons/quest/capture

执行时段错误：*No program in object '/clone/quest/deliver'!

程式：/adm/daemons/quest/deliver.lpc 第 39 行
物件：/adm/daemons/quest/deliver
呼叫来自：/adm/daemons/quest/deliver.lpc 的 heart_beat() 第 54 行，物件： /adm/daemons/quest/deliver
呼叫来自：/adm/daemons/quest/deliver.lpc 的 start_quest() 第 39 行，物件： /adm/daemons/quest/deliver

执行时段错误：*No program in object '/clone/quest/shen'!

程式：/adm/daemons/quest/shen.lpc 第 24 行
物件：/adm/daemons/quest/shen
呼叫来自：/adm/daemons/quest/shen.lpc 的 heart_beat() 第 37 行，物件： /adm/daemons/quest/shen
呼叫来自：/adm/daemons/quest/shen.lpc 的 start_quest() 第 24 行，物件： /adm/daemons/quest/shen

执行时段错误：*Bad argument 2 to *
Expected: int or mapping or float Got: "5000".

程式：/adm/single/simul_efun.lpc 第 572 行
物件：/adm/single/simul_efun
呼叫来自：/adm/daemons/quest/supply.lpc 的 heart_beat() 第 118 行，物件： /adm/daemons/quest/supply
呼叫来自：/adm/daemons/quest/supply.lpc 的 start_quest() 第 87 行，物件： /adm/daemons/quest/supply
呼叫来自：/adm/single/simul_efun.lpc 的 get_object() 第 163 行，物件： /adm/single/simul_efun
呼叫来自：/d/lingzhou/jiangjungate.lpc 的 create() 第 22 行，物件： /d/lingzhou/jiangjungate
呼叫来自：/inherit/room/room.lpc 的 setup() 第 269 行，物件： /d/lingzhou/jiangjungate
呼叫来自：/inherit/room/room.lpc 的 reset() 第 116 行，物件： /d/lingzhou/jiangjungate
呼叫来自：/inherit/room/room.lpc 的 make_inventory() 第 33 行，物件： /d/lingzhou/jiangjungate
呼叫来自：/d/lingzhou/npc/xiaowei.lpc 的 create() 第 31 行，物件： /d/lingzhou/npc/xiaowei ("校尉")
呼叫来自：/inherit/char/npc.lpc 的 setup() 第 17 行，物件： /d/lingzhou/npc/xiaowei ("校尉")
呼叫来自：/inherit/char/char.lpc 的 setup() 第 72 行，物件： /d/lingzhou/npc/xiaowei ("校尉")
呼叫来自：/adm/daemons/chard.lpc 的 setup_char() 第 82 行，物件： /adm/daemons/chard
呼叫来自：/adm/single/simul_efun.lpc 的 count_mul() 第 572 行，物件： /adm/single/simul_efun

执行时段错误：*No program in object '/clone/quest/capture'!

程式：/adm/daemons/quest/capture.lpc 第 22 行
物件：/adm/daemons/quest/capture
呼叫来自：/adm/daemons/quest/capture.lpc 的 heart_beat() 第 35 行，物件： /adm/daemons/quest/capture
呼叫来自：/adm/daemons/quest/capture.lpc 的 start_quest() 第 22 行，物件： /adm/daemons/quest/capture

执行时段错误：*No program in object '/clone/quest/search'!

程式：/adm/daemons/quest/search.lpc 第 52 行
物件：/adm/daemons/quest/search
呼叫来自：/adm/daemons/quest/search.lpc 的 heart_beat() 第 66 行，物件： /adm/daemons/quest/search
呼叫来自：/adm/daemons/quest/search.lpc 的 start_quest() 第 52 行，物件： /adm/daemons/quest/search

执行时段错误：*No program in object '/clone/quest/capture'!

程式：/adm/daemons/quest/capture.lpc 第 22 行
物件：/adm/daemons/quest/capture
呼叫来自：/adm/daemons/quest/capture.lpc 的 heart_beat() 第 35 行，物件： /adm/daemons/quest/capture
呼叫来自：/adm/daemons/quest/capture.lpc 的 start_quest() 第 22 行，物件： /adm/daemons/quest/capture

执行时段错误：*No program in object '/clone/quest/trace'!

程式：/adm/daemons/quest/trace.lpc 第 22 行
物件：/adm/daemons/quest/trace
呼叫来自：/adm/daemons/quest/trace.lpc 的 heart_beat() 第 35 行，物件： /adm/daemons/quest/trace
呼叫来自：/adm/daemons/quest/trace.lpc 的 start_quest() 第 22 行，物件： /adm/daemons/quest/trace

执行时段错误：*No program in object '/clone/quest/capture'!

程式：/adm/daemons/quest/capture.lpc 第 22 行
物件：/adm/daemons/quest/capture
呼叫来自：/adm/daemons/quest/capture.lpc 的 heart_beat() 第 35 行，物件： /adm/daemons/quest/capture
呼叫来自：/adm/daemons/quest/capture.lpc 的 start_quest() 第 22 行，物件： /adm/daemons/quest/capture

执行时段错误：*No program in object '/clone/quest/deliver'!

程式：/adm/daemons/quest/deliver.lpc 第 39 行
物件：/adm/daemons/quest/deliver
呼叫来自：/adm/daemons/quest/deliver.lpc 的 heart_beat() 第 54 行，物件： /adm/daemons/quest/deliver
呼叫来自：/adm/daemons/quest/deliver.lpc 的 start_quest() 第 39 行，物件： /adm/daemons/quest/deliver

执行时段错误：*No program in object '/clone/quest/capture'!

程式：/adm/daemons/quest/capture.lpc 第 22 行
物件：/adm/daemons/quest/capture
呼叫来自：/adm/daemons/quest/capture.lpc 的 heart_beat() 第 35 行，物件： /adm/daemons/quest/capture
呼叫来自：/adm/daemons/quest/capture.lpc 的 start_quest() 第 22 行，物件： /adm/daemons/quest/capture

执行时段错误：*Bad argument 2 to *
Expected: int or mapping or float Got: "100".

程式：/adm/single/simul_efun.lpc 第 572 行
物件：/adm/single/simul_efun
呼叫来自：/adm/daemons/quest/supply.lpc 的 heart_beat() 第 118 行，物件： /adm/daemons/quest/supply
呼叫来自：/adm/daemons/quest/supply.lpc 的 start_quest() 第 87 行，物件： /adm/daemons/quest/supply
呼叫来自：/adm/single/simul_efun.lpc 的 get_object() 第 163 行，物件： /adm/single/simul_efun
呼叫来自：/d/city/dongmen.lpc 的 create() 第 36 行，物件： /d/city/dongmen
呼叫来自：/inherit/room/room.lpc 的 setup() 第 269 行，物件： /d/city/dongmen
呼叫来自：/inherit/room/room.lpc 的 reset() 第 102 行，物件： /d/city/dongmen
呼叫来自：/inherit/room/room.lpc 的 make_inventory() 第 33 行，物件： /d/city/dongmen
呼叫来自：/d/city/npc/jpl2.lpc 的 create() 第 50 行，物件： /d/city/npc/jpl2 ("捡破烂的")
呼叫来自：/inherit/char/npc.lpc 的 setup() 第 17 行，物件： /d/city/npc/jpl2 ("捡破烂的")
呼叫来自：/inherit/char/char.lpc 的 setup() 第 72 行，物件： /d/city/npc/jpl2 ("捡破烂的")
呼叫来自：/adm/daemons/chard.lpc 的 setup_char() 第 82 行，物件： /adm/daemons/chard
呼叫来自：/adm/single/simul_efun.lpc 的 count_mul() 第 572 行，物件： /adm/single/simul_efun

执行时段错误：*No program in object '/clone/quest/capture'!

程式：/adm/daemons/quest/capture.lpc 第 22 行
物件：/adm/daemons/quest/capture
呼叫来自：/adm/daemons/quest/capture.lpc 的 heart_beat() 第 35 行，物件： /adm/daemons/quest/capture
呼叫来自：/adm/daemons/quest/capture.lpc 的 start_quest() 第 22 行，物件： /adm/daemons/quest/capture

执行时段错误：*Bad argument 2 to *
Expected: int or mapping or float Got: "5000".

程式：/adm/single/simul_efun.lpc 第 572 行
物件：/adm/single/simul_efun
呼叫来自：/adm/daemons/quest/explore.lpc 的 heart_beat() 第 129 行，物件： /adm/daemons/quest/explore
呼叫来自：/adm/daemons/quest/explore.lpc 的 start_quest() 第 82 行，物件： /adm/daemons/quest/explore
呼叫来自：/adm/single/simul_efun.lpc 的 get_object() 第 163 行，物件： /adm/single/simul_efun
呼叫来自：/d/changan/yamen-datang.lpc 的 create() 第 26 行，物件： /d/changan/yamen-datang
呼叫来自：/inherit/room/room.lpc 的 setup() 第 269 行，物件： /d/changan/yamen-datang
呼叫来自：/inherit/room/room.lpc 的 reset() 第 102 行，物件： /d/changan/yamen-datang
呼叫来自：/inherit/room/room.lpc 的 make_inventory() 第 33 行，物件： /d/changan/yamen-datang
呼叫来自：/d/changan/npc/zhifu.lpc 的 create() 第 30 行，物件： /d/changan/npc/zhifu ("梁兴禄")
呼叫来自：/inherit/char/npc.lpc 的 setup() 第 17 行，物件： /d/changan/npc/zhifu ("梁兴禄")
呼叫来自：/inherit/char/char.lpc 的 setup() 第 72 行，物件： /d/changan/npc/zhifu ("梁兴禄")
呼叫来自：/adm/daemons/chard.lpc 的 setup_char() 第 82 行，物件： /adm/daemons/chard
呼叫来自：/adm/single/simul_efun.lpc 的 count_mul() 第 572 行，物件： /adm/single/simul_efun

执行时段错误：*No program in object '/clone/quest/search'!

程式：/adm/daemons/quest/search.lpc 第 52 行
物件：/adm/daemons/quest/search
呼叫来自：/adm/daemons/quest/search.lpc 的 heart_beat() 第 66 行，物件： /adm/daemons/quest/search
呼叫来自：/adm/daemons/quest/search.lpc 的 start_quest() 第 52 行，物件： /adm/daemons/quest/search

执行时段错误：*No program in object '/clone/quest/capture'!

程式：/adm/daemons/quest/capture.lpc 第 22 行
物件：/adm/daemons/quest/capture
呼叫来自：/adm/daemons/quest/capture.lpc 的 heart_beat() 第 35 行，物件： /adm/daemons/quest/capture
呼叫来自：/adm/daemons/quest/capture.lpc 的 start_quest() 第 22 行，物件： /adm/daemons/quest/capture

执行时段错误：*No program in object '/clone/quest/judge'!

程式：/adm/daemons/quest/judge.lpc 第 22 行
物件：/adm/daemons/quest/judge
呼叫来自：/adm/daemons/quest/judge.lpc 的 heart_beat() 第 35 行，物件： /adm/daemons/quest/judge
呼叫来自：/adm/daemons/quest/judge.lpc 的 start_quest() 第 22 行，物件： /adm/daemons/quest/judge

执行时段错误：*No program in object '/clone/quest/trace'!

程式：/adm/daemons/quest/trace.lpc 第 22 行
物件：/adm/daemons/quest/trace
呼叫来自：/adm/daemons/quest/trace.lpc 的 heart_beat() 第 35 行，物件： /adm/daemons/quest/trace
呼叫来自：/adm/daemons/quest/trace.lpc 的 start_quest() 第 22 行，物件： /adm/daemons/quest/trace

执行时段错误：*No program in object '/clone/quest/capture'!

程式：/adm/daemons/quest/capture.lpc 第 22 行
物件：/adm/daemons/quest/capture
呼叫来自：/adm/daemons/quest/capture.lpc 的 heart_beat() 第 35 行，物件： /adm/daemons/quest/capture
呼叫来自：/adm/daemons/quest/capture.lpc 的 start_quest() 第 22 行，物件： /adm/daemons/quest/capture

执行时段错误：*No program in object '/clone/quest/deliver'!

程式：/adm/daemons/quest/deliver.lpc 第 39 行
物件：/adm/daemons/quest/deliver
呼叫来自：/adm/daemons/quest/deliver.lpc 的 heart_beat() 第 54 行，物件： /adm/daemons/quest/deliver
呼叫来自：/adm/daemons/quest/deliver.lpc 的 start_quest() 第 39 行，物件： /adm/daemons/quest/deliver

执行时段错误：*No program in object '/clone/quest/capture'!

程式：/adm/daemons/quest/capture.lpc 第 22 行
物件：/adm/daemons/quest/capture
呼叫来自：/adm/daemons/quest/capture.lpc 的 heart_beat() 第 35 行，物件： /adm/daemons/quest/capture
呼叫来自：/adm/daemons/quest/capture.lpc 的 start_quest() 第 22 行，物件： /adm/daemons/quest/capture

执行时段错误：*No program in object '/clone/quest/shen'!

程式：/adm/daemons/quest/shen.lpc 第 24 行
物件：/adm/daemons/quest/shen
呼叫来自：/adm/daemons/quest/shen.lpc 的 heart_beat() 第 37 行，物件： /adm/daemons/quest/shen
呼叫来自：/adm/daemons/quest/shen.lpc 的 start_quest() 第 24 行，物件： /adm/daemons/quest/shen

执行时段错误：*Bad argument 2 to *
Expected: int or mapping or float Got: "2000".

程式：/adm/single/simul_efun.lpc 第 572 行
物件：/adm/single/simul_efun
呼叫来自：/adm/daemons/quest/supply.lpc 的 heart_beat() 第 118 行，物件： /adm/daemons/quest/supply
呼叫来自：/adm/daemons/quest/supply.lpc 的 start_quest() 第 87 行，物件： /adm/daemons/quest/supply
呼叫来自：/adm/single/simul_efun.lpc 的 get_object() 第 163 行，物件： /adm/single/simul_efun
呼叫来自：/d/suzhou/toumenshan.lpc 的 create() 第 25 行，物件： /d/suzhou/toumenshan
呼叫来自：/inherit/room/room.lpc 的 setup() 第 269 行，物件： /d/suzhou/toumenshan
呼叫来自：/inherit/room/room.lpc 的 reset() 第 102 行，物件： /d/suzhou/toumenshan
呼叫来自：/inherit/room/room.lpc 的 make_inventory() 第 33 行，物件： /d/suzhou/toumenshan
呼叫来自：/d/taishan/npc/jian-ke.lpc 的 create() 第 26 行，物件： /d/taishan/npc/jian-ke ("剑客")
呼叫来自：/inherit/char/npc.lpc 的 setup() 第 17 行，物件： /d/taishan/npc/jian-ke ("剑客")
呼叫来自：/inherit/char/char.lpc 的 setup() 第 72 行，物件： /d/taishan/npc/jian-ke ("剑客")
呼叫来自：/adm/daemons/chard.lpc 的 setup_char() 第 82 行，物件： /adm/daemons/chard
呼叫来自：/adm/single/simul_efun.lpc 的 count_mul() 第 572 行，物件： /adm/single/simul_efun

执行时段错误：*No program in object '/clone/quest/capture'!

程式：/adm/daemons/quest/capture.lpc 第 22 行
物件：/adm/daemons/quest/capture
呼叫来自：/adm/daemons/quest/capture.lpc 的 heart_beat() 第 35 行，物件： /adm/daemons/quest/capture
呼叫来自：/adm/daemons/quest/capture.lpc 的 start_quest() 第 22 行，物件： /adm/daemons/quest/capture
错误讯息被拦截：
执行时段错误：*call_other() couldn't find object '/adm/daemons/event/emei.l'.

程式：/adm/daemons/eventd.lpc 第 56 行
物件：/adm/daemons/eventd
呼叫来自：/adm/single/master.lpc 的 preload() 第 194 行，物件： /adm/single/master
呼叫来自：/adm/single/master.lpc 的 CATCH() 第 194 行，物件： /adm/single/master
呼叫来自：/adm/daemons/eventd.lpc 的 create() 第 31 行，物件： /adm/daemons/eventd
呼叫来自：/adm/daemons/eventd.lpc 的 collect_all_event() 第 56 行，物件： /adm/daemons/eventd

执行时段错误：*No program in object '/clone/quest/capture'!

程式：/adm/daemons/quest/capture.lpc 第 22 行
物件：/adm/daemons/quest/capture
呼叫来自：/adm/daemons/quest/capture.lpc 的 heart_beat() 第 35 行，物件： /adm/daemons/quest/capture
呼叫来自：/adm/daemons/quest/capture.lpc 的 start_quest() 第 22 行，物件： /adm/daemons/quest/capture

执行时段错误：*No program in object '/clone/quest/capture'!

程式：/adm/daemons/quest/capture.lpc 第 22 行
物件：/adm/daemons/quest/capture
呼叫来自：/adm/daemons/quest/capture.lpc 的 heart_beat() 第 35 行，物件： /adm/daemons/quest/capture
呼叫来自：/adm/daemons/quest/capture.lpc 的 start_quest() 第 22 行，物件： /adm/daemons/quest/capture

执行时段错误：*No program in object '/clone/quest/deliver'!

程式：/adm/daemons/quest/deliver.lpc 第 39 行
物件：/adm/daemons/quest/deliver
呼叫来自：/adm/daemons/quest/deliver.lpc 的 heart_beat() 第 54 行，物件： /adm/daemons/quest/deliver
呼叫来自：/adm/daemons/quest/deliver.lpc 的 start_quest() 第 39 行，物件： /adm/daemons/quest/deliver

执行时段错误：*No program in object '/clone/quest/capture'!

程式：/adm/daemons/quest/capture.lpc 第 22 行
物件：/adm/daemons/quest/capture
呼叫来自：/adm/daemons/quest/capture.lpc 的 heart_beat() 第 35 行，物件： /adm/daemons/quest/capture
呼叫来自：/adm/daemons/quest/capture.lpc 的 start_quest() 第 22 行，物件： /adm/daemons/quest/capture

执行时段错误：*No program in object '/clone/quest/search'!

程式：/adm/daemons/quest/search.lpc 第 52 行
物件：/adm/daemons/quest/search
呼叫来自：/adm/daemons/quest/search.lpc 的 heart_beat() 第 66 行，物件： /adm/daemons/quest/search
呼叫来自：/adm/daemons/quest/search.lpc 的 start_quest() 第 52 行，物件： /adm/daemons/quest/search

执行时段错误：*No program in object '/clone/quest/supply'!

程式：/adm/daemons/quest/supply.lpc 第 100 行
物件：/adm/daemons/quest/supply
呼叫来自：/adm/daemons/quest/supply.lpc 的 heart_beat() 第 118 行，物件： /adm/daemons/quest/supply
呼叫来自：/adm/daemons/quest/supply.lpc 的 start_quest() 第 100 行，物件： /adm/daemons/quest/supply

执行时段错误：*No program in object '/clone/quest/trace'!

程式：/adm/daemons/quest/trace.lpc 第 22 行
物件：/adm/daemons/quest/trace
呼叫来自：/adm/daemons/quest/trace.lpc 的 heart_beat() 第 35 行，物件： /adm/daemons/quest/trace
呼叫来自：/adm/daemons/quest/trace.lpc 的 start_quest() 第 22 行，物件： /adm/daemons/quest/trace

执行时段错误：*No program in object '/clone/quest/capture'!

程式：/adm/daemons/quest/capture.lpc 第 22 行
物件：/adm/daemons/quest/capture
呼叫来自：/adm/daemons/quest/capture.lpc 的 heart_beat() 第 35 行，物件： /adm/daemons/quest/capture
呼叫来自：/adm/daemons/quest/capture.lpc 的 start_quest() 第 22 行，物件： /adm/daemons/quest/capture

执行时段错误：*No program in object '/clone/quest/explore'!

程式：/adm/daemons/quest/explore.lpc 第 111 行
物件：/adm/daemons/quest/explore
呼叫来自：/adm/daemons/quest/explore.lpc 的 heart_beat() 第 129 行，物件： /adm/daemons/quest/explore
呼叫来自：/adm/daemons/quest/explore.lpc 的 start_quest() 第 111 行，物件： /adm/daemons/quest/explore

执行时段错误：*No program in object '/clone/quest/capture'!

程式：/adm/daemons/quest/capture.lpc 第 22 行
物件：/adm/daemons/quest/capture
呼叫来自：/adm/daemons/quest/capture.lpc 的 heart_beat() 第 35 行，物件： /adm/daemons/quest/capture
呼叫来自：/adm/daemons/quest/capture.lpc 的 start_quest() 第 22 行，物件： /adm/daemons/quest/capture

执行时段错误：*No program in object '/clone/quest/deliver'!

程式：/adm/daemons/quest/deliver.lpc 第 39 行
物件：/adm/daemons/quest/deliver
呼叫来自：/adm/daemons/quest/deliver.lpc 的 heart_beat() 第 54 行，物件： /adm/daemons/quest/deliver
呼叫来自：/adm/daemons/quest/deliver.lpc 的 start_quest() 第 39 行，物件： /adm/daemons/quest/deliver

执行时段错误：*No program in object '/clone/quest/capture'!

程式：/adm/daemons/quest/capture.lpc 第 22 行
物件：/adm/daemons/quest/capture
呼叫来自：/adm/daemons/quest/capture.lpc 的 heart_beat() 第 35 行，物件： /adm/daemons/quest/capture
呼叫来自：/adm/daemons/quest/capture.lpc 的 start_quest() 第 22 行，物件： /adm/daemons/quest/capture

执行时段错误：*No program in object '/clone/quest/judge'!

程式：/adm/daemons/quest/judge.lpc 第 22 行
物件：/adm/daemons/quest/judge
呼叫来自：/adm/daemons/quest/judge.lpc 的 heart_beat() 第 35 行，物件： /adm/daemons/quest/judge
呼叫来自：/adm/daemons/quest/judge.lpc 的 start_quest() 第 22 行，物件： /adm/daemons/quest/judge

执行时段错误：*No program in object '/clone/quest/capture'!

程式：/adm/daemons/quest/capture.lpc 第 22 行
物件：/adm/daemons/quest/capture
呼叫来自：/adm/daemons/quest/capture.lpc 的 heart_beat() 第 35 行，物件： /adm/daemons/quest/capture
呼叫来自：/adm/daemons/quest/capture.lpc 的 start_quest() 第 22 行，物件： /adm/daemons/quest/capture

执行时段错误：*No program in object '/clone/quest/search'!

程式：/adm/daemons/quest/search.lpc 第 52 行
物件：/adm/daemons/quest/search
呼叫来自：/adm/daemons/quest/search.lpc 的 heart_beat() 第 66 行，物件： /adm/daemons/quest/search
呼叫来自：/adm/daemons/quest/search.lpc 的 start_quest() 第 52 行，物件： /adm/daemons/quest/search

执行时段错误：*No program in object '/clone/quest/supply'!

程式：/adm/daemons/quest/supply.lpc 第 100 行
物件：/adm/daemons/quest/supply
呼叫来自：/adm/daemons/quest/supply.lpc 的 heart_beat() 第 118 行，物件： /adm/daemons/quest/supply
呼叫来自：/adm/daemons/quest/supply.lpc 的 start_quest() 第 100 行，物件： /adm/daemons/quest/supply

执行时段错误：*No program in object '/clone/quest/shen'!

程式：/adm/daemons/quest/shen.lpc 第 24 行
物件：/adm/daemons/quest/shen
呼叫来自：/adm/daemons/quest/shen.lpc 的 heart_beat() 第 37 行，物件： /adm/daemons/quest/shen
呼叫来自：/adm/daemons/quest/shen.lpc 的 start_quest() 第 24 行，物件： /adm/daemons/quest/shen

执行时段错误：*No program in object '/clone/quest/trace'!

程式：/adm/daemons/quest/trace.lpc 第 22 行
物件：/adm/daemons/quest/trace
呼叫来自：/adm/daemons/quest/trace.lpc 的 heart_beat() 第 35 行，物件： /adm/daemons/quest/trace
呼叫来自：/adm/daemons/quest/trace.lpc 的 start_quest() 第 22 行，物件： /adm/daemons/quest/trace

执行时段错误：*No program in object '/clone/quest/capture'!

程式：/adm/daemons/quest/capture.lpc 第 22 行
物件：/adm/daemons/quest/capture
呼叫来自：/adm/daemons/quest/capture.lpc 的 heart_beat() 第 35 行，物件： /adm/daemons/quest/capture
呼叫来自：/adm/daemons/quest/capture.lpc 的 start_quest() 第 22 行，物件： /adm/daemons/quest/capture

执行时段错误：*No program in object '/clone/quest/deliver'!

程式：/adm/daemons/quest/deliver.lpc 第 39 行
物件：/adm/daemons/quest/deliver
呼叫来自：/adm/daemons/quest/deliver.lpc 的 heart_beat() 第 54 行，物件： /adm/daemons/quest/deliver
呼叫来自：/adm/daemons/quest/deliver.lpc 的 start_quest() 第 39 行，物件： /adm/daemons/quest/deliver

执行时段错误：*No program in object '/clone/quest/explore'!

程式：/adm/daemons/quest/explore.lpc 第 111 行
物件：/adm/daemons/quest/explore
呼叫来自：/adm/daemons/quest/explore.lpc 的 heart_beat() 第 129 行，物件： /adm/daemons/quest/explore
呼叫来自：/adm/daemons/quest/explore.lpc 的 start_quest() 第 111 行，物件： /adm/daemons/quest/explore

执行时段错误：*No program in object '/clone/quest/capture'!

程式：/adm/daemons/quest/capture.lpc 第 22 行
物件：/adm/daemons/quest/capture
呼叫来自：/adm/daemons/quest/capture.lpc 的 heart_beat() 第 35 行，物件： /adm/daemons/quest/capture
呼叫来自：/adm/daemons/quest/capture.lpc 的 start_quest() 第 22 行，物件： /adm/daemons/quest/capture

执行时段错误：*No program in object '/clone/quest/capture'!

程式：/adm/daemons/quest/capture.lpc 第 22 行
物件：/adm/daemons/quest/capture
呼叫来自：/adm/daemons/quest/capture.lpc 的 heart_beat() 第 35 行，物件： /adm/daemons/quest/capture
呼叫来自：/adm/daemons/quest/capture.lpc 的 start_quest() 第 22 行，物件： /adm/daemons/quest/capture

执行时段错误：*No program in object '/clone/quest/deliver'!

程式：/adm/daemons/quest/deliver.lpc 第 39 行
物件：/adm/daemons/quest/deliver
呼叫来自：/adm/daemons/quest/deliver.lpc 的 heart_beat() 第 54 行，物件： /adm/daemons/quest/deliver
呼叫来自：/adm/daemons/quest/deliver.lpc 的 start_quest() 第 39 行，物件： /adm/daemons/quest/deliver

执行时段错误：*No program in object '/clone/quest/capture'!

程式：/adm/daemons/quest/capture.lpc 第 22 行
物件：/adm/daemons/quest/capture
呼叫来自：/adm/daemons/quest/capture.lpc 的 heart_beat() 第 35 行，物件： /adm/daemons/quest/capture
呼叫来自：/adm/daemons/quest/capture.lpc 的 start_quest() 第 22 行，物件： /adm/daemons/quest/capture

执行时段错误：*No program in object '/clone/quest/search'!

程式：/adm/daemons/quest/search.lpc 第 52 行
物件：/adm/daemons/quest/search
呼叫来自：/adm/daemons/quest/search.lpc 的 heart_beat() 第 66 行，物件： /adm/daemons/quest/search
呼叫来自：/adm/daemons/quest/search.lpc 的 start_quest() 第 52 行，物件： /adm/daemons/quest/search

执行时段错误：*No program in object '/clone/quest/supply'!

程式：/adm/daemons/quest/supply.lpc 第 100 行
物件：/adm/daemons/quest/supply
呼叫来自：/adm/daemons/quest/supply.lpc 的 heart_beat() 第 118 行，物件： /adm/daemons/quest/supply
呼叫来自：/adm/daemons/quest/supply.lpc 的 start_quest() 第 100 行，物件： /adm/daemons/quest/supply

执行时段错误：*No program in object '/clone/quest/trace'!

程式：/adm/daemons/quest/trace.lpc 第 22 行
物件：/adm/daemons/quest/trace
呼叫来自：/adm/daemons/quest/trace.lpc 的 heart_beat() 第 35 行，物件： /adm/daemons/quest/trace
呼叫来自：/adm/daemons/quest/trace.lpc 的 start_quest() 第 22 行，物件： /adm/daemons/quest/trace

执行时段错误：*No program in object '/clone/quest/capture'!

程式：/adm/daemons/quest/capture.lpc 第 22 行
物件：/adm/daemons/quest/capture
呼叫来自：/adm/daemons/quest/capture.lpc 的 heart_beat() 第 35 行，物件： /adm/daemons/quest/capture
呼叫来自：/adm/daemons/quest/capture.lpc 的 start_quest() 第 22 行，物件： /adm/daemons/quest/capture

执行时段错误：*Wrong permissions for opening file /data/topten/rich.txt for overwrite.
"No such file or directory"

程式：/adm/daemons/toptend.lpc 第 38 行
物件：/adm/daemons/toptend
呼叫来自：/adm/daemons/logind.lpc 的 get_gender() 第 1122 行，物件： /adm/daemons/logind
呼叫来自：/adm/daemons/logind.lpc 的 enter_world() 第 1409 行，物件： /adm/daemons/logind
呼叫来自：/adm/daemons/toptend.lpc 的 topten_checkplayer() 第 18 行，物件： /adm/daemons/toptend
呼叫来自：/adm/daemons/toptend.lpc 的 topten_add() 第 305 行，物件： /adm/daemons/toptend
呼叫来自：/adm/daemons/toptend.lpc 的 topten_save() 第 38 行，物件： /adm/daemons/toptend

执行时段错误：*No program in object '/clone/quest/judge'!

程式：/adm/daemons/quest/judge.lpc 第 22 行
物件：/adm/daemons/quest/judge
呼叫来自：/adm/daemons/quest/judge.lpc 的 heart_beat() 第 35 行，物件： /adm/daemons/quest/judge
呼叫来自：/adm/daemons/quest/judge.lpc 的 start_quest() 第 22 行，物件： /adm/daemons/quest/judge

执行时段错误：*No program in object '/clone/quest/capture'!

程式：/adm/daemons/quest/capture.lpc 第 22 行
物件：/adm/daemons/quest/capture
呼叫来自：/adm/daemons/quest/capture.lpc 的 heart_beat() 第 35 行，物件： /adm/daemons/quest/capture
呼叫来自：/adm/daemons/quest/capture.lpc 的 start_quest() 第 22 行，物件： /adm/daemons/quest/capture

执行时段错误：*No program in object '/clone/quest/explore'!

程式：/adm/daemons/quest/explore.lpc 第 111 行
物件：/adm/daemons/quest/explore
呼叫来自：/adm/daemons/quest/explore.lpc 的 heart_beat() 第 129 行，物件： /adm/daemons/quest/explore
呼叫来自：/adm/daemons/quest/explore.lpc 的 start_quest() 第 111 行，物件： /adm/daemons/quest/explore

执行时段错误：*No program in object '/clone/quest/deliver'!

程式：/adm/daemons/quest/deliver.lpc 第 39 行
物件：/adm/daemons/quest/deliver
呼叫来自：/adm/daemons/quest/deliver.lpc 的 heart_beat() 第 54 行，物件： /adm/daemons/quest/deliver
呼叫来自：/adm/daemons/quest/deliver.lpc 的 start_quest() 第 39 行，物件： /adm/daemons/quest/deliver

执行时段错误：*No program in object '/clone/quest/capture'!

程式：/adm/daemons/quest/capture.lpc 第 22 行
物件：/adm/daemons/quest/capture
呼叫来自：/adm/daemons/quest/capture.lpc 的 heart_beat() 第 35 行，物件： /adm/daemons/quest/capture
呼叫来自：/adm/daemons/quest/capture.lpc 的 start_quest() 第 22 行，物件： /adm/daemons/quest/capture

执行时段错误：*No program in object '/clone/quest/search'!

程式：/adm/daemons/quest/search.lpc 第 52 行
物件：/adm/daemons/quest/search
呼叫来自：/adm/daemons/quest/search.lpc 的 heart_beat() 第 66 行，物件： /adm/daemons/quest/search
呼叫来自：/adm/daemons/quest/search.lpc 的 start_quest() 第 52 行，物件： /adm/daemons/quest/search

执行时段错误：*No program in object '/clone/quest/capture'!

程式：/adm/daemons/quest/capture.lpc 第 22 行
物件：/adm/daemons/quest/capture
呼叫来自：/adm/daemons/quest/capture.lpc 的 heart_beat() 第 35 行，物件： /adm/daemons/quest/capture
呼叫来自：/adm/daemons/quest/capture.lpc 的 start_quest() 第 22 行，物件： /adm/daemons/quest/capture

执行时段错误：*No program in object '/clone/quest/supply'!

程式：/adm/daemons/quest/supply.lpc 第 100 行
物件：/adm/daemons/quest/supply
呼叫来自：/adm/daemons/quest/supply.lpc 的 heart_beat() 第 118 行，物件： /adm/daemons/quest/supply
呼叫来自：/adm/daemons/quest/supply.lpc 的 start_quest() 第 100 行，物件： /adm/daemons/quest/supply

执行时段错误：*No program in object '/clone/quest/shen'!

程式：/adm/daemons/quest/shen.lpc 第 24 行
物件：/adm/daemons/quest/shen
呼叫来自：/adm/daemons/quest/shen.lpc 的 heart_beat() 第 37 行，物件： /adm/daemons/quest/shen
呼叫来自：/adm/daemons/quest/shen.lpc 的 start_quest() 第 24 行，物件： /adm/daemons/quest/shen

执行时段错误：*No program in object '/clone/quest/trace'!

程式：/adm/daemons/quest/trace.lpc 第 22 行
物件：/adm/daemons/quest/trace
呼叫来自：/adm/daemons/quest/trace.lpc 的 heart_beat() 第 35 行，物件： /adm/daemons/quest/trace
呼叫来自：/adm/daemons/quest/trace.lpc 的 start_quest() 第 22 行，物件： /adm/daemons/quest/trace

执行时段错误：*No program in object '/clone/quest/capture'!

程式：/adm/daemons/quest/capture.lpc 第 22 行
物件：/adm/daemons/quest/capture
呼叫来自：/adm/daemons/quest/capture.lpc 的 heart_beat() 第 35 行，物件： /adm/daemons/quest/capture
呼叫来自：/adm/daemons/quest/capture.lpc 的 start_quest() 第 22 行，物件： /adm/daemons/quest/capture

执行时段错误：*No program in object '/clone/quest/deliver'!

程式：/adm/daemons/quest/deliver.lpc 第 39 行
物件：/adm/daemons/quest/deliver
呼叫来自：/adm/daemons/quest/deliver.lpc 的 heart_beat() 第 54 行，物件： /adm/daemons/quest/deliver
呼叫来自：/adm/daemons/quest/deliver.lpc 的 start_quest() 第 39 行，物件： /adm/daemons/quest/deliver

执行时段错误：*No program in object '/clone/quest/capture'!

程式：/adm/daemons/quest/capture.lpc 第 22 行
物件：/adm/daemons/quest/capture
呼叫来自：/adm/daemons/quest/capture.lpc 的 heart_beat() 第 35 行，物件： /adm/daemons/quest/capture
呼叫来自：/adm/daemons/quest/capture.lpc 的 start_quest() 第 22 行，物件： /adm/daemons/quest/capture

执行时段错误：*No program in object '/clone/quest/explore'!

程式：/adm/daemons/quest/explore.lpc 第 111 行
物件：/adm/daemons/quest/explore
呼叫来自：/adm/daemons/quest/explore.lpc 的 heart_beat() 第 129 行，物件： /adm/daemons/quest/explore
呼叫来自：/adm/daemons/quest/explore.lpc 的 start_quest() 第 111 行，物件： /adm/daemons/quest/explore

执行时段错误：*No program in object '/clone/quest/capture'!

程式：/adm/daemons/quest/capture.lpc 第 22 行
物件：/adm/daemons/quest/capture
呼叫来自：/adm/daemons/quest/capture.lpc 的 heart_beat() 第 35 行，物件： /adm/daemons/quest/capture
呼叫来自：/adm/daemons/quest/capture.lpc 的 start_quest() 第 22 行，物件： /adm/daemons/quest/capture

执行时段错误：*No program in object '/clone/quest/search'!

程式：/adm/daemons/quest/search.lpc 第 52 行
物件：/adm/daemons/quest/search
呼叫来自：/adm/daemons/quest/search.lpc 的 heart_beat() 第 66 行，物件： /adm/daemons/quest/search
呼叫来自：/adm/daemons/quest/search.lpc 的 start_quest() 第 52 行，物件： /adm/daemons/quest/search

执行时段错误：*No program in object '/clone/quest/judge'!

程式：/adm/daemons/quest/judge.lpc 第 22 行
物件：/adm/daemons/quest/judge
呼叫来自：/adm/daemons/quest/judge.lpc 的 heart_beat() 第 35 行，物件： /adm/daemons/quest/judge
呼叫来自：/adm/daemons/quest/judge.lpc 的 start_quest() 第 22 行，物件： /adm/daemons/quest/judge

执行时段错误：*No program in object '/clone/quest/capture'!

程式：/adm/daemons/quest/capture.lpc 第 22 行
物件：/adm/daemons/quest/capture
呼叫来自：/adm/daemons/quest/capture.lpc 的 heart_beat() 第 35 行，物件： /adm/daemons/quest/capture
呼叫来自：/adm/daemons/quest/capture.lpc 的 start_quest() 第 22 行，物件： /adm/daemons/quest/capture

执行时段错误：*No program in object '/clone/quest/deliver'!

程式：/adm/daemons/quest/deliver.lpc 第 39 行
物件：/adm/daemons/quest/deliver
呼叫来自：/adm/daemons/quest/deliver.lpc 的 heart_beat() 第 54 行，物件： /adm/daemons/quest/deliver
呼叫来自：/adm/daemons/quest/deliver.lpc 的 start_quest() 第 39 行，物件： /adm/daemons/quest/deliver

执行时段错误：*No program in object '/clone/quest/supply'!

程式：/adm/daemons/quest/supply.lpc 第 100 行
物件：/adm/daemons/quest/supply
呼叫来自：/adm/daemons/quest/supply.lpc 的 heart_beat() 第 118 行，物件： /adm/daemons/quest/supply
呼叫来自：/adm/daemons/quest/supply.lpc 的 start_quest() 第 100 行，物件： /adm/daemons/quest/supply

执行时段错误：*No program in object '/clone/quest/trace'!

程式：/adm/daemons/quest/trace.lpc 第 22 行
物件：/adm/daemons/quest/trace
呼叫来自：/adm/daemons/quest/trace.lpc 的 heart_beat() 第 35 行，物件： /adm/daemons/quest/trace
呼叫来自：/adm/daemons/quest/trace.lpc 的 start_quest() 第 22 行，物件： /adm/daemons/quest/trace

执行时段错误：*No program in object '/clone/quest/capture'!

程式：/adm/daemons/quest/capture.lpc 第 22 行
物件：/adm/daemons/quest/capture
呼叫来自：/adm/daemons/quest/capture.lpc 的 heart_beat() 第 35 行，物件： /adm/daemons/quest/capture
呼叫来自：/adm/daemons/quest/capture.lpc 的 start_quest() 第 22 行，物件： /adm/daemons/quest/capture

执行时段错误：*No program in object '/clone/quest/capture'!

程式：/adm/daemons/quest/capture.lpc 第 22 行
物件：/adm/daemons/quest/capture
呼叫来自：/adm/daemons/quest/capture.lpc 的 heart_beat() 第 35 行，物件： /adm/daemons/quest/capture
呼叫来自：/adm/daemons/quest/capture.lpc 的 start_quest() 第 22 行，物件： /adm/daemons/quest/capture

执行时段错误：*No program in object '/clone/quest/deliver'!

程式：/adm/daemons/quest/deliver.lpc 第 39 行
物件：/adm/daemons/quest/deliver
呼叫来自：/adm/daemons/quest/deliver.lpc 的 heart_beat() 第 54 行，物件： /adm/daemons/quest/deliver
呼叫来自：/adm/daemons/quest/deliver.lpc 的 start_quest() 第 39 行，物件： /adm/daemons/quest/deliver

执行时段错误：*No program in object '/clone/quest/capture'!

程式：/adm/daemons/quest/capture.lpc 第 22 行
物件：/adm/daemons/quest/capture
呼叫来自：/adm/daemons/quest/capture.lpc 的 heart_beat() 第 35 行，物件： /adm/daemons/quest/capture
呼叫来自：/adm/daemons/quest/capture.lpc 的 start_quest() 第 22 行，物件： /adm/daemons/quest/capture

执行时段错误：*No program in object '/clone/quest/explore'!

程式：/adm/daemons/quest/explore.lpc 第 111 行
物件：/adm/daemons/quest/explore
呼叫来自：/adm/daemons/quest/explore.lpc 的 heart_beat() 第 129 行，物件： /adm/daemons/quest/explore
呼叫来自：/adm/daemons/quest/explore.lpc 的 start_quest() 第 111 行，物件： /adm/daemons/quest/explore

执行时段错误：*No program in object '/clone/quest/search'!

程式：/adm/daemons/quest/search.lpc 第 52 行
物件：/adm/daemons/quest/search
呼叫来自：/adm/daemons/quest/search.lpc 的 heart_beat() 第 66 行，物件： /adm/daemons/quest/search
呼叫来自：/adm/daemons/quest/search.lpc 的 start_quest() 第 52 行，物件： /adm/daemons/quest/search

执行时段错误：*No program in object '/clone/quest/capture'!

程式：/adm/daemons/quest/capture.lpc 第 22 行
物件：/adm/daemons/quest/capture
呼叫来自：/adm/daemons/quest/capture.lpc 的 heart_beat() 第 35 行，物件： /adm/daemons/quest/capture
呼叫来自：/adm/daemons/quest/capture.lpc 的 start_quest() 第 22 行，物件： /adm/daemons/quest/capture

执行时段错误：*No program in object '/clone/quest/supply'!

程式：/adm/daemons/quest/supply.lpc 第 100 行
物件：/adm/daemons/quest/supply
呼叫来自：/adm/daemons/quest/supply.lpc 的 heart_beat() 第 118 行，物件： /adm/daemons/quest/supply
呼叫来自：/adm/daemons/quest/supply.lpc 的 start_quest() 第 100 行，物件： /adm/daemons/quest/supply

执行时段错误：*No program in object '/clone/quest/shen'!

程式：/adm/daemons/quest/shen.lpc 第 24 行
物件：/adm/daemons/quest/shen
呼叫来自：/adm/daemons/quest/shen.lpc 的 heart_beat() 第 37 行，物件： /adm/daemons/quest/shen
呼叫来自：/adm/daemons/quest/shen.lpc 的 start_quest() 第 24 行，物件： /adm/daemons/quest/shen

执行时段错误：*No program in object '/clone/quest/trace'!

程式：/adm/daemons/quest/trace.lpc 第 22 行
物件：/adm/daemons/quest/trace
呼叫来自：/adm/daemons/quest/trace.lpc 的 heart_beat() 第 35 行，物件： /adm/daemons/quest/trace
呼叫来自：/adm/daemons/quest/trace.lpc 的 start_quest() 第 22 行，物件： /adm/daemons/quest/trace

执行时段错误：*No program in object '/clone/quest/capture'!

程式：/adm/daemons/quest/capture.lpc 第 22 行
物件：/adm/daemons/quest/capture
呼叫来自：/adm/daemons/quest/capture.lpc 的 heart_beat() 第 35 行，物件： /adm/daemons/quest/capture
呼叫来自：/adm/daemons/quest/capture.lpc 的 start_quest() 第 22 行，物件： /adm/daemons/quest/capture

执行时段错误：*No program in object '/clone/quest/deliver'!

程式：/adm/daemons/quest/deliver.lpc 第 39 行
物件：/adm/daemons/quest/deliver
呼叫来自：/adm/daemons/quest/deliver.lpc 的 heart_beat() 第 54 行，物件： /adm/daemons/quest/deliver
呼叫来自：/adm/daemons/quest/deliver.lpc 的 start_quest() 第 39 行，物件： /adm/daemons/quest/deliver

执行时段错误：*No program in object '/clone/quest/judge'!

程式：/adm/daemons/quest/judge.lpc 第 22 行
物件：/adm/daemons/quest/judge
呼叫来自：/adm/daemons/quest/judge.lpc 的 heart_beat() 第 35 行，物件： /adm/daemons/quest/judge
呼叫来自：/adm/daemons/quest/judge.lpc 的 start_quest() 第 22 行，物件： /adm/daemons/quest/judge

执行时段错误：*No program in object '/clone/quest/capture'!

程式：/adm/daemons/quest/capture.lpc 第 22 行
物件：/adm/daemons/quest/capture
呼叫来自：/adm/daemons/quest/capture.lpc 的 heart_beat() 第 35 行，物件： /adm/daemons/quest/capture
呼叫来自：/adm/daemons/quest/capture.lpc 的 start_quest() 第 22 行，物件： /adm/daemons/quest/capture

执行时段错误：*No program in object '/clone/quest/capture'!

程式：/adm/daemons/quest/capture.lpc 第 22 行
物件：/adm/daemons/quest/capture
呼叫来自：/adm/daemons/quest/capture.lpc 的 heart_beat() 第 35 行，物件： /adm/daemons/quest/capture
呼叫来自：/adm/daemons/quest/capture.lpc 的 start_quest() 第 22 行，物件： /adm/daemons/quest/capture

执行时段错误：*No program in object '/clone/quest/capture'!

程式：/adm/daemons/quest/capture.lpc 第 22 行
物件：/adm/daemons/quest/capture
呼叫来自：/adm/daemons/quest/capture.lpc 的 heart_beat() 第 35 行，物件： /adm/daemons/quest/capture
呼叫来自：/adm/daemons/quest/capture.lpc 的 start_quest() 第 22 行，物件： /adm/daemons/quest/capture

执行时段错误：*No program in object '/clone/quest/capture'!

程式：/adm/daemons/quest/capture.lpc 第 22 行
物件：/adm/daemons/quest/capture
呼叫来自：/adm/daemons/quest/capture.lpc 的 heart_beat() 第 35 行，物件： /adm/daemons/quest/capture
呼叫来自：/adm/daemons/quest/capture.lpc 的 start_quest() 第 22 行，物件： /adm/daemons/quest/capture

执行时段错误：*No program in object '/clone/quest/capture'!

程式：/adm/daemons/quest/capture.lpc 第 22 行
物件：/adm/daemons/quest/capture
呼叫来自：/adm/daemons/quest/capture.lpc 的 heart_beat() 第 35 行，物件： /adm/daemons/quest/capture
呼叫来自：/adm/daemons/quest/capture.lpc 的 start_quest() 第 22 行，物件： /adm/daemons/quest/capture

执行时段错误：*No program in object '/clone/quest/deliver'!

程式：/adm/daemons/quest/deliver.lpc 第 39 行
物件：/adm/daemons/quest/deliver
呼叫来自：/adm/daemons/quest/deliver.lpc 的 heart_beat() 第 54 行，物件： /adm/daemons/quest/deliver
呼叫来自：/adm/daemons/quest/deliver.lpc 的 start_quest() 第 39 行，物件： /adm/daemons/quest/deliver

执行时段错误：*No program in object '/clone/quest/trace'!

程式：/adm/daemons/quest/trace.lpc 第 22 行
物件：/adm/daemons/quest/trace
呼叫来自：/adm/daemons/quest/trace.lpc 的 heart_beat() 第 35 行，物件： /adm/daemons/quest/trace
呼叫来自：/adm/daemons/quest/trace.lpc 的 start_quest() 第 22 行，物件： /adm/daemons/quest/trace

执行时段错误：*No program in object '/clone/quest/capture'!

程式：/adm/daemons/quest/capture.lpc 第 22 行
物件：/adm/daemons/quest/capture
呼叫来自：/adm/daemons/quest/capture.lpc 的 heart_beat() 第 35 行，物件： /adm/daemons/quest/capture
呼叫来自：/adm/daemons/quest/capture.lpc 的 start_quest() 第 22 行，物件： /adm/daemons/quest/capture

执行时段错误：*No program in object '/clone/quest/supply'!

程式：/adm/daemons/quest/supply.lpc 第 100 行
物件：/adm/daemons/quest/supply
呼叫来自：/adm/daemons/quest/supply.lpc 的 heart_beat() 第 118 行，物件： /adm/daemons/quest/supply
呼叫来自：/adm/daemons/quest/supply.lpc 的 start_quest() 第 100 行，物件： /adm/daemons/quest/supply

执行时段错误：*No program in object '/clone/quest/capture'!

程式：/adm/daemons/quest/capture.lpc 第 22 行
物件：/adm/daemons/quest/capture
呼叫来自：/adm/daemons/quest/capture.lpc 的 heart_beat() 第 35 行，物件： /adm/daemons/quest/capture
呼叫来自：/adm/daemons/quest/capture.lpc 的 start_quest() 第 22 行，物件： /adm/daemons/quest/capture

执行时段错误：*No program in object '/clone/quest/explore'!

程式：/adm/daemons/quest/explore.lpc 第 111 行
物件：/adm/daemons/quest/explore
呼叫来自：/adm/daemons/quest/explore.lpc 的 heart_beat() 第 129 行，物件： /adm/daemons/quest/explore
呼叫来自：/adm/daemons/quest/explore.lpc 的 start_quest() 第 111 行，物件： /adm/daemons/quest/explore

执行时段错误：*No program in object '/clone/quest/search'!

程式：/adm/daemons/quest/search.lpc 第 52 行
物件：/adm/daemons/quest/search
呼叫来自：/adm/daemons/quest/search.lpc 的 heart_beat() 第 66 行，物件： /adm/daemons/quest/search
呼叫来自：/adm/daemons/quest/search.lpc 的 start_quest() 第 52 行，物件： /adm/daemons/quest/search

执行时段错误：*No program in object '/clone/quest/capture'!

程式：/adm/daemons/quest/capture.lpc 第 22 行
物件：/adm/daemons/quest/capture
呼叫来自：/adm/daemons/quest/capture.lpc 的 heart_beat() 第 35 行，物件： /adm/daemons/quest/capture
呼叫来自：/adm/daemons/quest/capture.lpc 的 start_quest() 第 22 行，物件： /adm/daemons/quest/capture

执行时段错误：*No program in object '/clone/quest/deliver'!

程式：/adm/daemons/quest/deliver.lpc 第 39 行
物件：/adm/daemons/quest/deliver
呼叫来自：/adm/daemons/quest/deliver.lpc 的 heart_beat() 第 54 行，物件： /adm/daemons/quest/deliver
呼叫来自：/adm/daemons/quest/deliver.lpc 的 start_quest() 第 39 行，物件： /adm/daemons/quest/deliver

执行时段错误：*No program in object '/clone/quest/trace'!

程式：/adm/daemons/quest/trace.lpc 第 22 行
物件：/adm/daemons/quest/trace
呼叫来自：/adm/daemons/quest/trace.lpc 的 heart_beat() 第 35 行，物件： /adm/daemons/quest/trace
呼叫来自：/adm/daemons/quest/trace.lpc 的 start_quest() 第 22 行，物件： /adm/daemons/quest/trace

执行时段错误：*No program in object '/clone/quest/capture'!

程式：/adm/daemons/quest/capture.lpc 第 22 行
物件：/adm/daemons/quest/capture
呼叫来自：/adm/daemons/quest/capture.lpc 的 heart_beat() 第 35 行，物件： /adm/daemons/quest/capture
呼叫来自：/adm/daemons/quest/capture.lpc 的 start_quest() 第 22 行，物件： /adm/daemons/quest/capture

执行时段错误：*No program in object '/clone/quest/capture'!

程式：/adm/daemons/quest/capture.lpc 第 22 行
物件：/adm/daemons/quest/capture
呼叫来自：/adm/daemons/quest/capture.lpc 的 heart_beat() 第 35 行，物件： /adm/daemons/quest/capture
呼叫来自：/adm/daemons/quest/capture.lpc 的 start_quest() 第 22 行，物件： /adm/daemons/quest/capture

执行时段错误：*No program in object '/clone/quest/capture'!

程式：/adm/daemons/quest/capture.lpc 第 22 行
物件：/adm/daemons/quest/capture
呼叫来自：/adm/daemons/quest/capture.lpc 的 heart_beat() 第 35 行，物件： /adm/daemons/quest/capture
呼叫来自：/adm/daemons/quest/capture.lpc 的 start_quest() 第 22 行，物件： /adm/daemons/quest/capture

执行时段错误：*No program in object '/clone/quest/shen'!

程式：/adm/daemons/quest/shen.lpc 第 24 行
物件：/adm/daemons/quest/shen
呼叫来自：/adm/daemons/quest/shen.lpc 的 heart_beat() 第 37 行，物件： /adm/daemons/quest/shen
呼叫来自：/adm/daemons/quest/shen.lpc 的 start_quest() 第 24 行，物件： /adm/daemons/quest/shen

执行时段错误：*No program in object '/clone/quest/supply'!

程式：/adm/daemons/quest/supply.lpc 第 100 行
物件：/adm/daemons/quest/supply
呼叫来自：/adm/daemons/quest/supply.lpc 的 heart_beat() 第 118 行，物件： /adm/daemons/quest/supply
呼叫来自：/adm/daemons/quest/supply.lpc 的 start_quest() 第 100 行，物件： /adm/daemons/quest/supply

执行时段错误：*No program in object '/clone/quest/deliver'!

程式：/adm/daemons/quest/deliver.lpc 第 39 行
物件：/adm/daemons/quest/deliver
呼叫来自：/adm/daemons/quest/deliver.lpc 的 heart_beat() 第 54 行，物件： /adm/daemons/quest/deliver
呼叫来自：/adm/daemons/quest/deliver.lpc 的 start_quest() 第 39 行，物件： /adm/daemons/quest/deliver

执行时段错误：*No program in object '/clone/quest/trace'!

程式：/adm/daemons/quest/trace.lpc 第 22 行
物件：/adm/daemons/quest/trace
呼叫来自：/adm/daemons/quest/trace.lpc 的 heart_beat() 第 35 行，物件： /adm/daemons/quest/trace
呼叫来自：/adm/daemons/quest/trace.lpc 的 start_quest() 第 22 行，物件： /adm/daemons/quest/trace

执行时段错误：*No program in object '/clone/quest/capture'!

程式：/adm/daemons/quest/capture.lpc 第 22 行
物件：/adm/daemons/quest/capture
呼叫来自：/adm/daemons/quest/capture.lpc 的 heart_beat() 第 35 行，物件： /adm/daemons/quest/capture
呼叫来自：/adm/daemons/quest/capture.lpc 的 start_quest() 第 22 行，物件： /adm/daemons/quest/capture

执行时段错误：*No program in object '/clone/quest/capture'!

程式：/adm/daemons/quest/capture.lpc 第 22 行
物件：/adm/daemons/quest/capture
呼叫来自：/adm/daemons/quest/capture.lpc 的 heart_beat() 第 35 行，物件： /adm/daemons/quest/capture
呼叫来自：/adm/daemons/quest/capture.lpc 的 start_quest() 第 22 行，物件： /adm/daemons/quest/capture

执行时段错误：*No program in object '/clone/quest/judge'!

程式：/adm/daemons/quest/judge.lpc 第 22 行
物件：/adm/daemons/quest/judge
呼叫来自：/adm/daemons/quest/judge.lpc 的 heart_beat() 第 35 行，物件： /adm/daemons/quest/judge
呼叫来自：/adm/daemons/quest/judge.lpc 的 start_quest() 第 22 行，物件： /adm/daemons/quest/judge

执行时段错误：*No program in object '/clone/quest/explore'!

程式：/adm/daemons/quest/explore.lpc 第 111 行
物件：/adm/daemons/quest/explore
呼叫来自：/adm/daemons/quest/explore.lpc 的 heart_beat() 第 129 行，物件： /adm/daemons/quest/explore
呼叫来自：/adm/daemons/quest/explore.lpc 的 start_quest() 第 111 行，物件： /adm/daemons/quest/explore

执行时段错误：*No program in object '/clone/quest/search'!

程式：/adm/daemons/quest/search.lpc 第 52 行
物件：/adm/daemons/quest/search
呼叫来自：/adm/daemons/quest/search.lpc 的 heart_beat() 第 66 行，物件： /adm/daemons/quest/search
呼叫来自：/adm/daemons/quest/search.lpc 的 start_quest() 第 52 行，物件： /adm/daemons/quest/search

执行时段错误：*No program in object '/clone/quest/capture'!

程式：/adm/daemons/quest/capture.lpc 第 22 行
物件：/adm/daemons/quest/capture
呼叫来自：/adm/daemons/quest/capture.lpc 的 heart_beat() 第 35 行，物件： /adm/daemons/quest/capture
呼叫来自：/adm/daemons/quest/capture.lpc 的 start_quest() 第 22 行，物件： /adm/daemons/quest/capture

执行时段错误：*No program in object '/clone/quest/capture'!

程式：/adm/daemons/quest/capture.lpc 第 22 行
物件：/adm/daemons/quest/capture
呼叫来自：/adm/daemons/quest/capture.lpc 的 heart_beat() 第 35 行，物件： /adm/daemons/quest/capture
呼叫来自：/adm/daemons/quest/capture.lpc 的 start_quest() 第 22 行，物件： /adm/daemons/quest/capture

执行时段错误：*No program in object '/clone/quest/deliver'!

程式：/adm/daemons/quest/deliver.lpc 第 39 行
物件：/adm/daemons/quest/deliver
呼叫来自：/adm/daemons/quest/deliver.lpc 的 heart_beat() 第 54 行，物件： /adm/daemons/quest/deliver
呼叫来自：/adm/daemons/quest/deliver.lpc 的 start_quest() 第 39 行，物件： /adm/daemons/quest/deliver

执行时段错误：*No program in object '/clone/quest/trace'!

程式：/adm/daemons/quest/trace.lpc 第 22 行
物件：/adm/daemons/quest/trace
呼叫来自：/adm/daemons/quest/trace.lpc 的 heart_beat() 第 35 行，物件： /adm/daemons/quest/trace
呼叫来自：/adm/daemons/quest/trace.lpc 的 start_quest() 第 22 行，物件： /adm/daemons/quest/trace

执行时段错误：*No program in object '/clone/quest/capture'!

程式：/adm/daemons/quest/capture.lpc 第 22 行
物件：/adm/daemons/quest/capture
呼叫来自：/adm/daemons/quest/capture.lpc 的 heart_beat() 第 35 行，物件： /adm/daemons/quest/capture
呼叫来自：/adm/daemons/quest/capture.lpc 的 start_quest() 第 22 行，物件： /adm/daemons/quest/capture

执行时段错误：*No program in object '/clone/quest/supply'!

程式：/adm/daemons/quest/supply.lpc 第 100 行
物件：/adm/daemons/quest/supply
呼叫来自：/adm/daemons/quest/supply.lpc 的 heart_beat() 第 118 行，物件： /adm/daemons/quest/supply
呼叫来自：/adm/daemons/quest/supply.lpc 的 start_quest() 第 100 行，物件： /adm/daemons/quest/supply

执行时段错误：*No program in object '/clone/quest/capture'!

程式：/adm/daemons/quest/capture.lpc 第 22 行
物件：/adm/daemons/quest/capture
呼叫来自：/adm/daemons/quest/capture.lpc 的 heart_beat() 第 35 行，物件： /adm/daemons/quest/capture
呼叫来自：/adm/daemons/quest/capture.lpc 的 start_quest() 第 22 行，物件： /adm/daemons/quest/capture

执行时段错误：*No program in object '/clone/quest/capture'!

程式：/adm/daemons/quest/capture.lpc 第 22 行
物件：/adm/daemons/quest/capture
呼叫来自：/adm/daemons/quest/capture.lpc 的 heart_beat() 第 35 行，物件： /adm/daemons/quest/capture
呼叫来自：/adm/daemons/quest/capture.lpc 的 start_quest() 第 22 行，物件： /adm/daemons/quest/capture

执行时段错误：*No program in object '/clone/quest/deliver'!

程式：/adm/daemons/quest/deliver.lpc 第 39 行
物件：/adm/daemons/quest/deliver
呼叫来自：/adm/daemons/quest/deliver.lpc 的 heart_beat() 第 54 行，物件： /adm/daemons/quest/deliver
呼叫来自：/adm/daemons/quest/deliver.lpc 的 start_quest() 第 39 行，物件： /adm/daemons/quest/deliver

执行时段错误：*No program in object '/clone/quest/trace'!

程式：/adm/daemons/quest/trace.lpc 第 22 行
物件：/adm/daemons/quest/trace
呼叫来自：/adm/daemons/quest/trace.lpc 的 heart_beat() 第 35 行，物件： /adm/daemons/quest/trace
呼叫来自：/adm/daemons/quest/trace.lpc 的 start_quest() 第 22 行，物件： /adm/daemons/quest/trace

执行时段错误：*No program in object '/clone/quest/capture'!

程式：/adm/daemons/quest/capture.lpc 第 22 行
物件：/adm/daemons/quest/capture
呼叫来自：/adm/daemons/quest/capture.lpc 的 heart_beat() 第 35 行，物件： /adm/daemons/quest/capture
呼叫来自：/adm/daemons/quest/capture.lpc 的 start_quest() 第 22 行，物件： /adm/daemons/quest/capture

执行时段错误：*No program in object '/clone/quest/explore'!

程式：/adm/daemons/quest/explore.lpc 第 111 行
物件：/adm/daemons/quest/explore
呼叫来自：/adm/daemons/quest/explore.lpc 的 heart_beat() 第 129 行，物件： /adm/daemons/quest/explore
呼叫来自：/adm/daemons/quest/explore.lpc 的 start_quest() 第 111 行，物件： /adm/daemons/quest/explore

执行时段错误：*No program in object '/clone/quest/search'!

程式：/adm/daemons/quest/search.lpc 第 52 行
物件：/adm/daemons/quest/search
呼叫来自：/adm/daemons/quest/search.lpc 的 heart_beat() 第 66 行，物件： /adm/daemons/quest/search
呼叫来自：/adm/daemons/quest/search.lpc 的 start_quest() 第 52 行，物件： /adm/daemons/quest/search

执行时段错误：*No program in object '/clone/quest/capture'!

程式：/adm/daemons/quest/capture.lpc 第 22 行
物件：/adm/daemons/quest/capture
呼叫来自：/adm/daemons/quest/capture.lpc 的 heart_beat() 第 35 行，物件： /adm/daemons/quest/capture
呼叫来自：/adm/daemons/quest/capture.lpc 的 start_quest() 第 22 行，物件： /adm/daemons/quest/capture

执行时段错误：*No program in object '/clone/quest/capture'!

程式：/adm/daemons/quest/capture.lpc 第 22 行
物件：/adm/daemons/quest/capture
呼叫来自：/adm/daemons/quest/capture.lpc 的 heart_beat() 第 35 行，物件： /adm/daemons/quest/capture
呼叫来自：/adm/daemons/quest/capture.lpc 的 start_quest() 第 22 行，物件： /adm/daemons/quest/capture

执行时段错误：*No program in object '/clone/quest/shen'!

程式：/adm/daemons/quest/shen.lpc 第 24 行
物件：/adm/daemons/quest/shen
呼叫来自：/adm/daemons/quest/shen.lpc 的 heart_beat() 第 37 行，物件： /adm/daemons/quest/shen
呼叫来自：/adm/daemons/quest/shen.lpc 的 start_quest() 第 24 行，物件： /adm/daemons/quest/shen

执行时段错误：*No program in object '/clone/quest/supply'!

程式：/adm/daemons/quest/supply.lpc 第 100 行
物件：/adm/daemons/quest/supply
呼叫来自：/adm/daemons/quest/supply.lpc 的 heart_beat() 第 118 行，物件： /adm/daemons/quest/supply
呼叫来自：/adm/daemons/quest/supply.lpc 的 start_quest() 第 100 行，物件： /adm/daemons/quest/supply

执行时段错误：*No program in object '/clone/quest/deliver'!

程式：/adm/daemons/quest/deliver.lpc 第 39 行
物件：/adm/daemons/quest/deliver
呼叫来自：/adm/daemons/quest/deliver.lpc 的 heart_beat() 第 54 行，物件： /adm/daemons/quest/deliver
呼叫来自：/adm/daemons/quest/deliver.lpc 的 start_quest() 第 39 行，物件： /adm/daemons/quest/deliver

执行时段错误：*No program in object '/clone/quest/trace'!

程式：/adm/daemons/quest/trace.lpc 第 22 行
物件：/adm/daemons/quest/trace
呼叫来自：/adm/daemons/quest/trace.lpc 的 heart_beat() 第 35 行，物件： /adm/daemons/quest/trace
呼叫来自：/adm/daemons/quest/trace.lpc 的 start_quest() 第 22 行，物件： /adm/daemons/quest/trace

执行时段错误：*No program in object '/clone/quest/capture'!

程式：/adm/daemons/quest/capture.lpc 第 22 行
物件：/adm/daemons/quest/capture
呼叫来自：/adm/daemons/quest/capture.lpc 的 heart_beat() 第 35 行，物件： /adm/daemons/quest/capture
呼叫来自：/adm/daemons/quest/capture.lpc 的 start_quest() 第 22 行，物件： /adm/daemons/quest/capture
