== copying libs/njhhdxdes2hx/raw -> libs/njhhdxdes2hx/work
== encoding: GB18030 -> UTF-8 for every text file
  progress 200/10554
  progress 400/10554
  LOSSY conversion (invalid bytes dropped): libs/njhhdxdes2hx/work/doc/help/cunzh.map
  progress 600/10554
  LOSSY conversion (invalid bytes dropped): libs/njhhdxdes2hx/work/kungfu/skill/mo-gou-jue.c
  LOSSY conversion (invalid bytes dropped): libs/njhhdxdes2hx/work/open/hacky/map.c
  progress 800/10554
  LOSSY conversion (invalid bytes dropped): libs/njhhdxdes2hx/work/data/board/wizard_b.o
  progress 1000/10554
  LOSSY conversion (invalid bytes dropped): libs/njhhdxdes2hx/work/data/user/y/yangjian.o
  progress 1200/10554
  progress 1400/10554
  progress 1600/10554
  LOSSY conversion (invalid bytes dropped): libs/njhhdxdes2hx/work/data/user/l/lobby.o
  progress 1800/10554
  LOSSY conversion (invalid bytes dropped): libs/njhhdxdes2hx/work/data/emoted.o
  progress 2000/10554
  progress 2200/10554
  progress 2400/10554
  progress 2600/10554
  progress 2800/10554
  progress 3000/10554
  progress 3200/10554
  LOSSY conversion (invalid bytes dropped): libs/njhhdxdes2hx/work/obj/map/map.c
  progress 3400/10554
  LOSSY conversion (invalid bytes dropped): libs/njhhdxdes2hx/work/obj/npc/wu.c
  LOSSY conversion (invalid bytes dropped): libs/njhhdxdes2hx/work/obj/npc/wu.c.bak
  progress 3600/10554
  LOSSY conversion (invalid bytes dropped): libs/njhhdxdes2hx/work/d/guanwai/npc/puying.c
  progress 3800/10554
  LOSSY conversion (invalid bytes dropped): libs/njhhdxdes2hx/work/d/choyin/npc/yamen_po.c
  progress 4000/10554
  LOSSY conversion (invalid bytes dropped): libs/njhhdxdes2hx/work/d/heimuya/log/xkx/kungfu/skill/mo-gou-jue.c
  LOSSY conversion (invalid bytes dropped): libs/njhhdxdes2hx/work/d/heimuya/fangtang.c
  progress 4200/10554
  progress 4400/10554
  LOSSY conversion (invalid bytes dropped): libs/njhhdxdes2hx/work/d/jingcheng/npc/banker.c
  progress 4600/10554
  LOSSY conversion (invalid bytes dropped): libs/njhhdxdes2hx/work/d/jingcheng/npc/obj/dblade.c
  LOSSY conversion (invalid bytes dropped): libs/njhhdxdes2hx/work/d/jingcheng/npc/obj/ddblade.c
  LOSSY conversion (invalid bytes dropped): libs/njhhdxdes2hx/work/d/jingcheng/npc/mkbl.c
  progress 4800/10554
  LOSSY conversion (invalid bytes dropped): libs/njhhdxdes2hx/work/d/tieflag/npc/drinkmonk.c
  LOSSY conversion (invalid bytes dropped): libs/njhhdxdes2hx/work/d/tieflag/drinkmonk.c
  progress 5000/10554
  progress 5200/10554
  progress 5400/10554
  progress 5600/10554
  LOSSY conversion (invalid bytes dropped): libs/njhhdxdes2hx/work/d/road/jingdu.c
  LOSSY conversion (invalid bytes dropped): libs/njhhdxdes2hx/work/d/road/qinghaihu.c
  progress 5800/10554
  LOSSY conversion (invalid bytes dropped): libs/njhhdxdes2hx/work/d/road/shanhaiguan.c
  LOSSY conversion (invalid bytes dropped): libs/njhhdxdes2hx/work/d/road/rdktojd0.c
  progress 6000/10554
  LOSSY conversion (invalid bytes dropped): libs/njhhdxdes2hx/work/d/quanzhou/nanhu.c
  progress 6200/10554
  LOSSY conversion (invalid bytes dropped): libs/njhhdxdes2hx/work/d/taohua/midao.c
  progress 6400/10554
  LOSSY conversion (invalid bytes dropped): libs/njhhdxdes2hx/work/d/xingxiu/npc/afanti.c
  LOSSY conversion (invalid bytes dropped): libs/njhhdxdes2hx/work/d/xingxiu/npc/afanti.bak
  LOSSY conversion (invalid bytes dropped): libs/njhhdxdes2hx/work/d/xingxiu/npc/af.c
  progress 6600/10554
  LOSSY conversion (invalid bytes dropped): libs/njhhdxdes2hx/work/d/latemoon/upstar/upcenter.c
  progress 6800/10554
  LOSSY conversion (invalid bytes dropped): libs/njhhdxdes2hx/work/d/xkisland/cave10.c
  LOSSY conversion (invalid bytes dropped): libs/njhhdxdes2hx/work/d/dali/eroad4.c
  LOSSY conversion (invalid bytes dropped): libs/njhhdxdes2hx/work/d/temple/obj/spells_book.c
  LOSSY conversion (invalid bytes dropped): libs/njhhdxdes2hx/work/d/temple/obj/magic_book.c
  LOSSY conversion (invalid bytes dropped): libs/njhhdxdes2hx/work/d/temple/npc/obj/spells_book.c
  LOSSY conversion (invalid bytes dropped): libs/njhhdxdes2hx/work/d/temple/npc/obj/magic_book.c
  progress 7000/10554
  progress 7200/10554
  progress 7400/10554
  progress 7600/10554
  progress 7800/10554
  progress 8000/10554
  LOSSY conversion (invalid bytes dropped): libs/njhhdxdes2hx/work/daemon/class/heimuya/skills/mo-gou-jue.c
  progress 8200/10554
  progress 8400/10554
  LOSSY conversion (invalid bytes dropped): libs/njhhdxdes2hx/work/daemon/class/shaolin/bak/du.h
  LOSSY conversion (invalid bytes dropped): libs/njhhdxdes2hx/work/daemon/class/shaolin/du.h
  progress 8600/10554
  progress 8800/10554
  LOSSY conversion (invalid bytes dropped): libs/njhhdxdes2hx/work/daemon/skill/mo-gou-jue.c
  LOSSY conversion (invalid bytes dropped): libs/njhhdxdes2hx/work/u/hacky/map
  progress 9000/10554
  progress 9200/10554
  progress 9400/10554
  progress 9600/10554
  LOSSY conversion (invalid bytes dropped): libs/njhhdxdes2hx/work/u/cloud/obj/npc/flower_girl/guihua.c
  progress 9800/10554
  LOSSY conversion (invalid bytes dropped): libs/njhhdxdes2hx/work/class/heimuya/skills/mo-gou-jue.c
  progress 10000/10554
  LOSSY conversion (invalid bytes dropped): libs/njhhdxdes2hx/work/class/shaolin/bak/du.h
  progress 10200/10554
  LOSSY conversion (invalid bytes dropped): libs/njhhdxdes2hx/work/class/shaolin/du.h
  LOSSY conversion (invalid bytes dropped): libs/njhhdxdes2hx/work/cmds/std/exercise.c
  progress 10400/10554
  encoding: already_utf8=759 converted=9622 lossy=46 skipped_binary=127
== renaming .c -> .lpc
  now 6933 .lpc files
== fixing literal .c" references (.lpc + .h)
  fixed 509 refs, 0 remain (inspect manually -- see AGENTS.md §2)
== fixing #include <....c> references (angle-bracket form)
  fixed 0 refs, 0 remain
== converting local #include <x.lpc> to "x.lpc" (angle brackets only search
   the configured include path, never the including file's own directory --
   see AGENTS.md §8d; safe/additive since quotes ALSO fall back to the
   include path, so this never breaks a genuinely-global include)
grep: libs/njhhdxdes2hx/work/u/cloud/obj/npc/flower_girl/guihua.lpc: binary file matches
  converted 7 local angle-bracket includes to quotes
== static -> nosave (.lpc + .h)
  files touched: 40
== done. Next: review AGENTS.md §2/§3 leftovers, check master.lpc for the §4
   load_object-during-compile recursion pattern, then boot.
