1422762421 42 0
1422762421 62 0 62 0
1415263677 62 0 62 0
1415263500 62 0 62 0
1415263200 62 0 62 0
1415262900 62 0 62 0
1415262600 62 0 62 0
1415262300 62 0 62 0
1415262000 62 0 62 0
1415261700 62 0 62 0
1415261400 62 0 62 0
1415261100 62 0 62 0
1415260800 62 0 62 0
1415260500 61 0 62 0
1415260200 60 0 60 0
1415259900 60 0 60 0
1415259600 60 0 60 0
1415259300 60 0 60 0
1415259000 60 0 60 0
1415258700 60 0 61 0
1415258400 61 0 61 0
1415258100 55 0 61 0
1415257800 55 0 55 0
1415257500 55 0 55 0
1415257200 55 0 55 0
1415256900 55 0 55 0
1415256600 55 0 55 0
1415256300 55 0 55 0
1415256000 55 0 55 0
1415255700 55 0 55 0
1415255400 55 0 55 0
1415255100 55 0 55 0
1415254800 55 0 55 0
1415254500 55 0 55 0
1415254200 55 0 55 0
1415253900 55 0 55 0
1415253600 55 0 55 0
1415253300 55 0 55 0
1415253000 55 0 55 0
1415252700 55 0 55 0
1415252400 55 0 55 0
1415252100 55 0 55 0
1415251800 55 0 55 0
1415251500 55 0 55 0
1415251200 55 0 55 0
1415250900 55 0 55 0
1415250600 55 0 55 0
1415250300 55 0 55 0
1415250000 55 0 55 0
1415249700 55 0 55 0
1415249400 55 0 55 0
1415249100 55 0 55 0
1415248800 55 0 55 0
1415248500 55 0 55 0
1415248200 43 0 55 0
1415247900 41 0 41 0
1415247600 41 0 41 0
1415247300 41 0 41 0
1415247000 41 0 41 0
1415246700 41 0 41 0
1415246400 41 0 41 0
1415246100 41 0 41 0
1415245800 41 0 41 0
1415245500 41 0 41 0
1415245200 41 0 41 0
1415244900 41 0 41 0
1415244600 41 0 41 0
1415244300 41 0 41 0
1415244000 41 0 41 0
1415243700 41 0 41 0
1415243400 41 0 41 0
1415243100 41 0 41 0
1415242800 41 0 41 0
1415242500 41 0 41 0
1415242200 41 0 41 0
1415241900 41 0 41 0
1415241600 41 0 41 0
1415241300 41 0 41 0
1415241000 41 0 41 0
1415240700 41 0 41 0
1415240400 41 0 41 0
1415240100 41 0 41 0
1415239800 41 0 41 0
1415239500 41 0 41 0
1415239200 41 0 41 0
1415238900 41 0 41 0
1415238600 41 0 41 0
1415238300 41 0 41 0
1415238000 41 0 41 0
1415237700 41 0 41 0
1415237400 41 0 41 0
1415237100 41 0 41 0
1415236800 41 0 41 0
1415236500 41 0 41 0
1415236200 41 0 41 0
1415235900 41 0 41 0
1415235600 41 0 41 0
1415235300 41 0 41 0
1415235000 41 0 41 0
1415234700 41 0 41 0
1415234400 41 0 41 0
1415234100 41 0 41 0
1415233800 41 0 41 0
1415233500 41 0 41 0
1415233200 41 0 41 0
1415232900 41 0 41 0
1415232600 41 0 41 0
1415232300 41 0 41 0
1415232000 41 0 41 0
1415231700 41 0 41 0
1415231400 41 0 41 0
1415231100 41 0 41 0
1415230800 41 0 41 0
1415230500 41 0 41 0
1415230200 41 0 41 0
1415229900 41 0 41 0
1415229600 41 0 41 0
1415229300 41 0 41 0
1415229000 41 0 41 0
1415228700 41 0 41 0
1415228400 41 0 41 0
1415228100 41 0 41 0
1415227800 41 0 41 0
1415227500 41 0 41 0
1415227200 41 0 41 0
1415226900 41 0 41 0
1415226600 41 0 41 0
1415226300 41 0 41 0
1415226000 41 0 41 0
1415225700 41 0 41 0
1415225400 41 0 41 0
1415225100 41 0 41 0
1415224800 41 0 41 0
1415224500 41 0 41 0
1415224200 41 0 41 0
1415223900 41 0 41 0
1415223600 41 0 41 0
1415223300 41 0 41 0
1415223000 41 0 41 0
1415222700 41 0 41 0
1415222400 41 0 41 0
1415222100 41 0 41 0
1415221800 41 0 41 0
1415221500 41 0 41 0
1415221200 41 0 41 0
1415220900 41 0 41 0
1415220600 41 0 41 0
1415220300 41 0 41 0
1415220000 41 0 41 0
1415219700 41 0 41 0
1415219400 41 0 41 0
1415219100 41 0 41 0
1415218800 41 0 41 0
1415218500 41 0 41 0
1415218200 41 0 41 0
1415217900 41 0 41 0
1415217600 41 0 41 0
1415217300 41 0 41 0
1415217000 41 0 41 0
1415216700 41 0 41 0
1415216400 41 0 41 0
1415216100 41 0 41 0
1415215800 41 0 41 0
1415215500 41 0 41 0
1415215200 41 0 41 0
1415214900 41 0 41 0
1415214600 41 0 41 0
1415214300 41 0 41 0
1415214000 41 0 41 0
1415213700 41 0 41 0
1415213400 41 0 41 0
1415213100 41 0 41 0
1415212800 41 0 41 0
1415212500 41 0 41 0
1415212200 41 0 41 0
1415211900 41 0 41 0
1415211600 41 0 41 0
1415211300 41 0 41 0
1415211000 41 0 41 0
1415210700 41 0 41 0
1415210400 41 0 41 0
1415210100 41 0 41 0
1415209800 41 0 41 0
1415209500 41 0 41 0
1415209200 41 0 41 0
1415208900 41 0 41 0
1415208600 41 0 41 0
1415208300 41 0 41 0
1415208000 41 0 41 0
1415207700 41 0 41 0
1415207400 41 0 41 0
1415207100 41 0 41 0
1415206800 41 0 41 0
1415206500 41 0 41 0
1415206200 41 0 41 0
1415205900 41 0 41 0
1415205600 41 0 41 0
1415205300 41 0 41 0
1415205000 41 0 41 0
1415204700 41 0 41 0
1415204400 41 0 41 0
1415204100 41 0 41 0
1415203800 41 0 41 0
1415203500 41 0 41 0
1415203200 41 0 41 0
1415202900 41 0 41 0
1415202600 41 0 41 0
1415202300 41 0 41 0
1415202000 41 0 41 0
1415201700 41 0 41 0
1415201400 41 0 41 0
1415201100 41 0 41 0
1415200800 41 0 41 0
1415200500 41 0 41 0
1415200200 41 0 41 0
1415199900 41 0 41 0
1415199600 41 0 41 0
1415199300 41 0 41 0
1415199000 41 0 42 0
1415198700 42 0 42 0
1415198400 42 0 42 0
1415198100 42 0 42 0
1415197800 45 0 46 0
1415197500 46 0 46 0
1415197200 46 0 46 0
1415196900 46 0 46 0
1415196600 46 0 46 0
1415196300 46 0 46 0
1415196000 46 0 46 0
1415195700 47 0 48 0
1415195400 48 0 48 0
1415195100 48 0 48 0
1415194800 48 0 48 0
1415194500 48 0 48 0
1415194200 48 0 48 0
1415193900 48 0 48 0
1415193600 48 0 48 0
1415193300 48 0 48 0
1415193000 31 0 48 0
1415192700 31 0 31 0
1415192400 31 0 31 0
1415192100 31 0 31 0
1415191800 31 0 31 0
1415191500 31 0 31 0
1415191200 31 0 31 0
1415190900 31 0 31 0
1415190600 31 0 31 0
1415190300 31 0 31 0
1415190000 31 0 31 0
1415189700 31 0 31 0
1415189400 31 0 31 0
1415189100 31 0 31 0
1415188800 31 0 31 0
1415188500 31 0 31 0
1415188200 31 0 31 0
1415187900 31 0 31 0
1415187600 31 0 31 0
1415187300 31 0 31 0
1415187000 31 0 31 0
1415186700 31 0 31 0
1415186400 31 0 31 0
1415186100 31 0 31 0
1415185800 31 0 31 0
1415185500 31 0 31 0
1415185200 31 0 31 0
1415184900 31 0 31 0
1415184600 31 0 31 0
1415184300 31 0 31 0
1415184000 31 0 31 0
1415183700 31 0 31 0
1415183400 31 0 31 0
1415183100 31 0 31 0
1415182800 31 0 31 0
1415182500 31 0 31 0
1415182200 31 0 31 0
1415181900 31 0 31 0
1415181600 31 0 31 0
1415181300 31 0 31 0
1415181000 31 0 31 0
1415180700 31 0 31 0
1415180400 31 0 31 0
1415180100 31 0 31 0
1415179800 31 0 31 0
1415179500 31 0 31 0
1415179200 31 0 31 0
1415178900 31 0 31 0
1415178600 31 0 31 0
1415178300 31 0 31 0
1415178000 31 0 31 0
1415177700 31 0 31 0
1415177400 31 0 31 0
1415177100 31 0 31 0
1415176800 31 0 31 0
1415176500 31 0 31 0
1415176200 31 0 31 0
1415175900 31 0 31 0
1415175600 31 0 31 0
1415175300 31 0 31 0
1415175000 31 0 31 0
1415174700 31 0 31 0
1415174400 31 0 31 0
1415174100 31 0 31 0
1415173800 31 0 31 0
1415173500 31 0 31 0
1415173200 31 0 31 0
1415172900 31 0 31 0
1415172600 31 0 31 0
1415172300 31 0 31 0
1415172000 31 0 31 0
1415171700 31 0 31 0
1415171400 31 0 31 0
1415171100 31 0 31 0
1415170800 31 0 31 0
1415170500 31 0 31 0
1415170200 31 0 31 0
1415169900 31 0 31 0
1415169600 31 0 31 0
1415169300 31 0 31 0
1415169000 31 0 31 0
1415168700 31 0 31 0
1415168400 31 0 31 0
1415168100 31 0 31 0
1415167800 31 0 31 0
1415167500 31 0 31 0
1415167200 31 0 31 0
1415166900 31 0 31 0
1415166600 31 0 31 0
1415166300 31 0 31 0
1415166000 31 0 31 0
1415165700 31 0 31 0
1415165400 31 0 31 0
1415165100 31 0 31 0
1415164800 31 0 31 0
1415164500 31 0 31 0
1415164200 31 0 31 0
1415163900 31 0 31 0
1415163600 31 0 31 0
1415163300 31 0 31 0
1415163000 31 0 31 0
1415162700 31 0 31 0
1415162400 31 0 31 0
1415162100 31 0 31 0
1415161800 31 0 31 0
1415161500 31 0 31 0
1415161200 31 0 31 0
1415160900 31 0 31 0
1415160600 31 0 31 0
1415160300 31 0 31 0
1415160000 31 0 31 0
1415159700 31 0 31 0
1415159400 31 0 31 0
1415159100 31 0 31 0
1415158800 31 0 31 0
1415158500 31 0 31 0
1415158200 31 0 31 0
1415157900 31 0 31 0
1415157600 31 0 31 0
1415157300 31 0 31 0
1415157000 31 0 31 0
1415156700 31 0 31 0
1415156400 31 0 31 0
1415156100 31 0 31 0
1415155800 31 0 31 0
1415155500 31 0 31 0
1415155200 31 0 31 0
1415154900 31 0 31 0
1415154600 31 0 31 0
1415154300 31 0 31 0
1415154000 31 0 31 0
1415153700 31 0 31 0
1415153400 31 0 31 0
1415153100 31 0 31 0
1415152800 31 0 31 0
1415152500 31 0 31 0
1415152200 31 0 31 0
1415151900 31 0 31 0
1415151600 31 0 31 0
1415151300 31 0 31 0
1415151000 31 0 31 0
1415150700 31 0 31 0
1415150400 31 0 31 0
1415150100 31 0 31 0
1415149800 31 0 31 0
1415149500 31 0 31 0
1415149200 31 0 31 0
1415148900 31 0 31 0
1415148600 31 0 31 0
1415148300 31 0 31 0
1415148000 31 0 31 0
1415147700 31 0 31 0
1415147400 31 0 31 0
1415147100 31 0 31 0
1415146800 31 0 31 0
1415146500 31 0 31 0
1415146200 31 0 31 0
1415145900 31 0 31 0
1415145600 31 0 31 0
1415145300 31 0 31 0
1415145000 31 0 31 0
1415144700 31 0 31 0
1415144400 31 0 31 0
1415144100 31 0 31 0
1415143800 31 0 31 0
1415143500 31 0 31 0
1415143200 31 0 31 0
1415142900 31 0 31 0
1415142600 31 0 31 0
1415142300 31 0 31 0
1415142000 31 0 31 0
1415141700 31 0 31 0
1415141400 31 0 31 0
1415141100 31 0 31 0
1415140800 31 0 31 0
1415140500 31 0 31 0
1415140200 31 0 31 0
1415139900 31 0 31 0
1415139600 31 0 31 0
1415139300 31 0 31 0
1415139000 31 0 31 0
1415138700 31 0 31 0
1415138400 31 0 31 0
1415138100 31 0 31 0
1415137800 31 0 31 0
1415137500 31 0 31 0
1415137200 31 0 31 0
1415136900 31 0 31 0
1415136600 31 0 31 0
1415136300 31 0 31 0
1415136000 31 0 31 0
1415135700 31 0 31 0
1415135400 31 0 31 0
1415135100 31 0 31 0
1415134800 31 0 31 0
1415134500 31 0 31 0
1415134200 31 0 31 0
1415133900 31 0 31 0
1415133600 31 0 31 0
1415133300 31 0 31 0
1415133000 31 0 31 0
1415132700 31 0 31 0
1415132400 31 0 31 0
1415132100 31 0 31 0
1415131800 31 0 31 0
1415131500 31 0 31 0
1415131200 31 0 31 0
1415130900 31 0 31 0
1415130600 31 0 31 0
1415130300 31 0 31 0
1415130000 31 0 31 0
1415129700 31 0 31 0
1415129400 31 0 31 0
1415129100 31 0 31 0
1415128800 31 0 31 0
1415128500 31 0 31 0
1415128200 31 0 31 0
1415127900 31 0 31 0
1415127600 31 0 31 0
1415127300 31 0 31 0
1415127000 31 0 31 0
1415126700 31 0 31 0
1415126400 31 0 31 0
1415126100 31 0 31 0
1415125800 31 0 31 0
1415125500 31 0 31 0
1415125200 31 0 31 0
1415124900 31 0 31 0
1415124600 31 0 31 0
1415124300 31 0 31 0
1415124000 31 0 31 0
1415123700 31 0 31 0
1415123400 31 0 31 0
1415123100 31 0 31 0
1415122800 31 0 31 0
1415122500 31 0 31 0
1415122200 31 0 31 0
1415121900 31 0 31 0
1415121600 31 0 31 0
1415121300 31 0 31 0
1415121000 31 0 31 0
1415120700 31 0 31 0
1415120400 31 0 31 0
1415120100 31 0 31 0
1415119800 31 0 31 0
1415119500 31 0 31 0
1415119200 31 0 31 0
1415118900 31 0 31 0
1415118600 31 0 31 0
1415118300 31 0 31 0
1415118000 31 0 31 0
1415117700 31 0 31 0
1415117400 31 0 31 0
1415117100 31 0 31 0
1415116800 31 0 31 0
1415116500 31 0 31 0
1415116200 31 0 31 0
1415115900 31 0 31 0
1415115600 31 0 31 0
1415115300 31 0 31 0
1415115000 31 0 31 0
1415114700 31 0 31 0
1415114400 31 0 31 0
1415114100 31 0 31 0
1415113800 31 0 31 0
1415113500 31 0 31 0
1415113200 31 0 31 0
1415112900 31 0 31 0
1415112600 31 0 31 0
1415112300 31 0 31 0
1415112000 31 0 31 0
1415111700 31 0 31 0
1415111400 31 0 31 0
1415111100 31 0 31 0
1415110800 31 0 31 0
1415110500 31 0 31 0
1415110200 31 0 31 0
1415109900 31 0 31 0
1415109600 31 0 31 0
1415109300 31 0 31 0
1415109000 31 0 31 0
1415108700 31 0 31 0
1415108400 31 0 31 0
1415108100 31 0 31 0
1415107800 31 0 31 0
1415107500 31 0 31 0
1415107200 31 0 31 0
1415106900 31 0 31 0
1415106600 31 0 31 0
1415106300 31 0 31 0
1415106000 31 0 31 0
1415105700 31 0 31 0
1415105400 31 0 31 0
1415105100 31 0 31 0
1415104800 31 0 31 0
1415104500 31 0 31 0
1415104200 31 0 31 0
1415103900 31 0 31 0
1415103600 31 0 31 0
1415103300 31 0 31 0
1415103000 31 0 31 0
1415102700 31 0 31 0
1415102400 31 0 31 0
1415102100 31 0 31 0
1415101800 31 0 31 0
1415101500 31 0 31 0
1415101200 31 0 31 0
1415100900 31 0 31 0
1415100600 31 0 31 0
1415100300 31 0 31 0
1415100000 31 0 31 0
1415099700 31 0 31 0
1415099400 31 0 31 0
1415099100 31 0 31 0
1415098800 31 0 31 0
1415098500 31 0 31 0
1415098200 31 0 31 0
1415097900 31 0 31 0
1415097600 31 0 31 0
1415097300 31 0 31 0
1415097000 31 0 31 0
1415096700 31 0 31 0
1415096400 31 0 31 0
1415096100 31 0 31 0
1415095800 31 0 31 0
1415095500 31 0 31 0
1415095200 31 0 31 0
1415094900 31 0 31 0
1415094600 31 0 31 0
1415094300 31 0 31 0
1415094000 31 0 31 0
1415093700 31 0 31 0
1415093400 31 0 31 0
1415093100 31 0 31 0
1415092800 31 0 31 0
1415092500 31 0 31 0
1415092200 31 0 31 0
1415091900 31 0 31 0
1415091600 31 0 31 0
1415091300 31 0 31 0
1415091000 31 0 31 0
1415090700 31 0 31 0
1415090400 31 0 31 0
1415090100 31 0 31 0
1415089800 31 0 31 0
1415089500 31 0 31 0
1415089200 31 0 31 0
1415088900 31 0 31 0
1415088600 31 0 31 0
1415088300 31 0 31 0
1415088000 31 0 31 0
1415087700 31 0 31 0
1415087400 31 0 31 0
1415087100 31 0 31 0
1415086800 31 0 31 0
1415086500 31 0 31 0
1415086200 31 0 31 0
1415085900 31 0 31 0
1415085600 31 0 31 0
1415085300 31 0 31 0
1415085000 31 0 31 0
1415084700 31 0 31 0
1415084400 31 0 31 0
1415084100 31 0 31 0
1415083800 31 0 31 0
1415082600 31 0 31 0
1415080800 31 0 31 0
1415079000 31 0 31 0
1415077200 31 0 31 0
1415075400 31 0 31 0
1415073600 31 0 31 0
1415071800 31 0 31 0
1415070000 31 0 31 0
1415068200 31 0 31 0
1415066400 31 0 31 0
1415064600 31 0 31 0
1415062800 31 0 31 0
1415061000 31 0 31 0
1415059200 31 0 31 0
1415057400 31 0 31 0
1415055600 31 0 31 0
1415053800 31 0 31 0
1415052000 31 0 31 0
1415050200 31 0 31 0
1415048400 31 0 31 0
1415046600 31 0 31 0
1415044800 31 0 31 0
1415043000 31 0 31 0
1415041200 31 0 31 0
1415039400 31 0 31 0
1415037600 31 0 31 0
1415035800 31 0 31 0
1415034000 31 0 31 0
1415032200 31 0 31 0
1415030400 31 0 31 0
1415028600 31 0 31 0
1415026800 31 0 31 0
1415025000 31 0 31 0
1415023200 31 0 31 0
1415021400 31 0 31 0
1415019600 31 0 31 0
1415017800 31 0 31 0
1415016000 31 0 31 0
1415014200 31 0 31 0
1415012400 31 0 31 0
1415010600 31 0 31 0
1415008800 31 0 31 0
1415007000 31 0 31 0
1415005200 31 0 31 0
1415003400 31 0 31 0
1415001600 31 0 31 0
1414999800 31 0 31 0
1414998000 31 0 31 0
1414996200 31 0 31 0
1414994400 31 0 31 0
1414992600 31 0 31 0
1414990800 31 0 31 0
1414989000 31 0 31 0
1414987200 31 0 31 0
1414985400 31 0 31 0
1414983600 31 0 31 0
1414981800 31 0 31 0
1414980000 31 0 31 0
1414978200 31 0 31 0
1414976400 31 0 31 0
1414974600 31 0 31 0
1414972800 31 0 31 0
1414971000 31 0 31 0
1414969200 31 0 31 0
1414967400 31 0 31 0
1414965600 31 0 31 0
1414963800 31 0 31 0
1414962000 31 0 31 0
1414960200 31 0 31 0
1414958400 31 0 31 0
1414956600 31 0 31 0
1414954800 31 0 31 0
1414953000 31 0 31 0
1414951200 31 0 31 0
1414949400 31 0 31 0
1414947600 31 0 31 0
1414945800 31 0 31 0
1414944000 31 0 31 0
1414942200 31 0 31 0
1414940400 31 0 31 0
1414938600 31 0 31 0
1414936800 31 0 31 0
1414935000 31 0 31 0
1414933200 31 0 31 0
1414931400 31 0 31 0
1414929600 31 0 31 0
1414927800 31 0 31 0
1414926000 31 0 31 0
1414924200 31 0 31 0
1414922400 31 0 31 0
1414920600 31 0 31 0
1414918800 31 0 31 0
1414917000 31 0 31 0
1414915200 31 0 31 0
1414913400 31 0 31 0
1414911600 31 0 31 0
1414909800 31 0 31 0
1414908000 31 0 31 0
1414906200 31 0 31 0
1414904400 31 0 31 0
1414902600 31 0 31 0
1414900800 31 0 31 0
1414899000 31 0 31 0
1414897200 31 0 31 0
1414895400 31 0 31 0
1414893600 31 0 31 0
1414891800 31 0 31 0
1414890000 31 0 31 0
1414888200 31 0 31 0
1414886400 31 0 31 0
1414884600 31 0 31 0
1414882800 31 0 31 0
1414881000 31 0 31 0
1414879200 31 0 31 0
1414877400 31 0 31 0
1414875600 31 0 31 0
1414873800 31 0 31 0
1414872000 31 0 31 0
1414870200 31 0 31 0
1414868400 31 0 31 0
1414866600 31 0 31 0
1414864800 31 0 31 0
1414863000 31 0 31 0
1414861200 31 0 31 0
1414859400 31 0 31 0
1414857600 31 0 31 0
1414855800 31 0 31 0
1414854000 31 0 31 0
1414852200 31 0 31 0
1414850400 31 0 31 0
1414848600 31 0 31 0
1414846800 31 0 31 0
1414845000 31 0 31 0
1414843200 31 0 31 0
1414841400 31 0 31 0
1414839600 31 0 31 0
1414837800 31 0 31 0
1414836000 31 0 31 0
1414834200 31 0 31 0
1414832400 31 0 31 0
1414830600 31 0 31 0
1414828800 31 0 31 0
1414827000 31 0 31 0
1414825200 31 0 31 0
1414823400 31 0 31 0
1414821600 31 0 31 0
1414819800 31 0 31 0
1414818000 31 0 31 0
1414816200 31 0 31 0
1414814400 31 0 31 0
1414812600 31 0 31 0
1414810800 31 0 31 0
1414809000 31 0 31 0
1414807200 31 0 31 0
1414805400 31 0 31 0
1414803600 31 0 31 0
1414801800 31 0 31 0
1414800000 31 0 31 0
1414798200 31 0 31 0
1414796400 31 0 31 0
1414794600 31 0 31 0
1414792800 31 0 31 0
1414791000 31 0 31 0
1414789200 31 0 31 0
1414787400 31 0 31 0
1414785600 31 0 31 0
1414783800 31 0 31 0
1414782000 31 0 31 0
1414780200 31 0 31 0
1414778400 31 0 31 0
1414776600 31 0 31 0
1414774800 31 0 31 0
1414773000 31 0 31 0
1414771200 31 0 31 0
1414769400 31 0 31 0
1414767600 31 0 31 0
1414765800 31 0 31 0
1414764000 31 0 31 0
1414762200 31 0 31 0
1414760400 31 0 31 0
1414758600 31 0 31 0
1414756800 31 0 31 0
1414755000 31 0 31 0
1414753200 31 0 31 0
1414751400 31 0 31 0
1414749600 31 0 31 0
1414747800 31 0 31 0
1414746000 31 0 31 0
1414744200 31 0 31 0
1414742400 31 0 31 0
1414740600 31 0 31 0
1414738800 31 0 31 0
1414737000 31 0 31 0
1414735200 31 0 31 0
1414733400 31 0 31 0
1414731600 31 0 31 0
1414729800 31 0 31 0
1414728000 31 0 31 0
1414726200 31 0 31 0
1414724400 31 0 31 0
1414722600 31 0 31 0
1414720800 31 0 31 0
1414719000 31 0 31 0
1414717200 31 0 31 0
1414715400 31 0 31 0
1414713600 31 0 31 0
1414711800 31 0 31 0
1414710000 31 0 31 0
1414708200 31 0 31 0
1414706400 31 0 31 0
1414704600 31 0 31 0
1414702800 31 0 31 0
1414701000 31 0 31 0
1414699200 31 0 31 0
1414697400 31 0 31 0
1414695600 31 0 31 0
1414693800 31 0 31 0
1414692000 31 0 31 0
1414690200 31 0 31 0
1414688400 31 0 31 0
1414686600 31 0 31 0
1414684800 31 0 31 0
1414683000 31 0 31 0
1414681200 31 0 31 0
1414679400 31 0 31 0
1414677600 31 0 31 0
1414675800 31 0 31 0
1414674000 31 0 31 0
1414672200 31 0 31 0
1414670400 31 0 31 0
1414668600 31 0 31 0
1414666800 31 0 31 0
1414665000 31 0 31 0
1414663200 31 0 31 0
1414661400 31 0 31 0
1414659600 31 0 31 0
1414657800 31 0 31 0
1414656000 31 0 31 0
1414654200 31 0 31 0
1414652400 31 0 31 0
1414650600 31 0 31 0
1414648800 31 0 31 0
1414647000 31 0 31 0
1414645200 31 0 31 0
1414643400 31 0 31 0
1414641600 31 0 31 0
1414639800 31 0 31 0
1414638000 31 0 31 0
1414636200 31 0 31 0
1414634400 31 0 31 0
1414632600 31 0 31 0
1414630800 31 0 31 0
1414629000 31 0 31 0
1414627200 31 0 31 0
1414625400 31 0 31 0
1414623600 31 0 31 0
1414621800 31 0 31 0
1414620000 31 0 31 0
1414618200 31 0 31 0
1414616400 31 0 31 0
1414614600 31 0 31 0
1414612800 31 0 31 0
1414611000 31 0 31 0
1414609200 31 0 31 0
1414607400 31 0 31 0
1414605600 31 0 31 0
1414603800 31 0 31 0
1414602000 31 0 31 0
1414600200 31 0 31 0
1414598400 31 0 31 0
1414596600 31 0 31 0
1414594800 31 0 31 0
1414593000 31 0 31 0
1414591200 31 0 31 0
1414589400 31 0 31 0
1414587600 31 0 31 0
1414585800 31 0 31 0
1414584000 31 0 31 0
1414582200 31 0 31 0
1414580400 31 0 31 0
1414578600 31 0 31 0
1414576800 31 0 31 0
1414575000 31 0 31 0
1414573200 31 0 31 0
1414571400 31 0 31 0
1414569600 31 0 31 0
1414567800 31 0 31 0
1414566000 31 0 31 0
1414564200 31 0 31 0
1414562400 31 0 31 0
1414560600 31 0 31 0
1414558800 31 0 31 0
1414557000 31 0 31 0
1414555200 31 0 31 0
1414553400 31 0 31 0
1414551600 31 0 31 0
1414549800 31 0 31 0
1414548000 31 0 31 0
1414546200 31 0 31 0
1414544400 31 0 31 0
1414542600 31 0 31 0
1414540800 31 0 31 0
1414539000 31 0 31 0
1414537200 31 0 31 0
1414535400 31 0 31 0
1414533600 31 0 31 0
1414531800 31 0 31 0
1414530000 31 0 31 0
1414528200 31 0 31 0
1414526400 31 0 31 0
1414524600 31 0 31 0
1414522800 31 0 31 0
1414521000 31 0 31 0
1414519200 31 0 31 0
1414517400 31 0 31 0
1414515600 31 0 31 0
1414513800 31 0 31 0
1414512000 31 0 31 0
1414510200 31 0 31 0
1414508400 31 0 31 0
1414506600 31 0 31 0
1414504800 31 0 31 0
1414503000 31 0 31 0
1414501200 31 0 31 0
1414499400 31 0 31 0
1414497600 31 0 31 0
1414495800 31 0 31 0
1414494000 31 0 31 0
1414492200 31 0 31 0
1414490400 31 0 31 0
1414488600 31 0 31 0
1414486800 31 0 31 0
1414485000 31 0 31 0
1414483200 31 0 31 0
1414481400 31 0 31 0
1414479600 31 0 31 0
1414477800 31 0 31 0
1414476000 31 0 31 0
1414474200 31 0 31 0
1414472400 31 0 31 0
1414470600 31 0 31 0
1414468800 31 0 31 0
1414467000 31 0 31 0
1414465200 31 0 31 0
1414463400 31 0 31 0
1414461600 31 0 31 0
1414459800 31 0 31 0
1414458000 31 0 31 0
1414456200 31 0 31 0
1414454400 31 0 31 0
1414452600 31 0 31 0
1414450800 31 0 31 0
1414449000 30 0 31 0
1414447200 30 0 30 0
1414445400 29 0 30 0
1414443600 29 0 30 0
1414441800 30 0 30 0
1414440000 29 0 30 0
1414438200 29 0 30 0
1414436400 30 0 30 0
1414434600 29 0 30 0
1414432800 29 0 29 0
1414431000 28 0 29 0
1414429200 28 0 29 0
1414427400 29 0 30 0
1414425600 30 0 30 0
1414423800 30 0 33 0
1414422000 33 0 42 0
1414420200 41 0 42 0
1414418400 40 0 41 0
1414416600 38 0 39 0
1414414800 36 0 37 0
1414413000 36 0 37 0
1414411200 33 0 34 0
1414409400 31 0 32 0
1414407600 32 0 33 0
1414405800 33 0 36 0
1414404000 35 0 36 0
1414402200 35 0 36 0
1414400400 36 0 38 0
1414398600 37 0 38 0
1414396800 35 0 37 0
1414395000 36 0 37 0
1414393200 35 0 38 0
1414391400 37 0 38 0
1414389600 36 0 37 0
1414387800 36 0 37 0
1414386000 36 0 37 0
1414384200 34 0 34 0
1414382400 33 0 34 0
1414380600 30 0 33 0
1414378800 32 0 33 0
1414377000 29 0 30 0
1414375200 25 0 26 0
1414373400 24 0 25 0
1414371600 25 0 25 0
1414369800 24 0 25 0
1414368000 21 0 22 0
1414366200 21 0 21 0
1414364400 21 0 21 0
1414362600 21 0 21 0
1414360800 21 0 21 0
1414359000 21 0 21 0
1414357200 21 0 21 0
1414355400 20 0 21 0
1414353600 20 0 20 0
1414351800 20 0 20 0
1414350000 20 0 20 0
1414348200 20 0 20 0
1414346400 20 0 21 0
1414344600 20 0 21 0
1414342800 20 0 21 0
1414341000 21 0 21 0
1414339200 21 0 22 0
1414337400 22 0 22 0
1414335600 22 0 22 0
1414333800 22 0 26 0
1414332000 26 0 26 0
1414330200 26 0 26 0
1414328400 26 0 26 0
1414326600 26 0 26 0
1414324800 26 0 28 0
1414323000 27 0 28 0
1414321200 26 0 27 0
1414319400 24 0 25 0
1414317600 24 0 24 0
1414315800 24 0 28 0
1414314000 28 0 28 0
1414312200 28 0 28 0
1414310400 27 0 28 0
1414308600 26 0 27 0
1414306800 27 0 28 0
1414305000 28 0 28 0
1414303200 28 0 29 0
1414301400 29 0 29 0
1414299600 28 0 29 0
1414297800 26 0 27 0
1414296000 24 0 25 0
1414294200 25 0 25 0
1414292400 25 0 25 0
1414290600 24 0 25 0
1414288800 23 0 24 0
1414287000 21 0 22 0
1414285200 21 0 21 0
1414283400 20 0 21 0
1414281600 17 0 18 0
1414279800 18 0 18 0
1414278000 18 0 18 0
1414276200 18 0 18 0
1414274400 18 0 18 0
1414272600 18 0 18 0
1414270800 17 0 18 0
1414269000 17 0 18 0
1414267200 18 0 18 0
1414265400 18 0 19 0
1414263600 19 0 20 0
1414261800 20 0 20 0
1414260000 20 0 20 0
1414258200 20 0 20 0
1414256400 20 0 20 0
1414254600 20 0 23 0
1414252800 22 0 23 0
1414251000 21 0 24 0
1414249200 23 0 24 0
1414247400 22 0 27 0
1414245600 26 0 27 0
1414243800 26 0 26 0
1414242000 26 0 28 0
1414240200 28 0 29 0
1414238400 28 0 29 0
1414236600 27 0 29 0
1414234800 28 0 29 0
1414233000 28 0 28 0
1414231200 27 0 28 0
1414229400 25 0 26 0
1414227600 25 0 25 0
1414225800 25 0 26 0
1414224000 26 0 27 0
1414222200 27 0 27 0
1414220400 27 0 27 0
1414218600 27 0 27 0
1414216800 27 0 27 0
1414215000 27 0 27 0
1414213200 26 0 27 0
1414211400 25 0 25 0
1414209600 25 0 25 0
1414207800 24 0 25 0
1414206000 23 0 24 0
1414204200 22 0 23 0
1414202400 20 0 21 0
1414200600 19 0 20 0
1414198800 19 0 20 0
1414197000 17 0 18 0
1414195200 18 0 19 0
1414193400 19 0 19 0
1414191600 19 0 19 0
1414189800 19 0 20 0
1414188000 20 0 20 0
1414186200 20 0 20 0
1414184400 20 0 20 0
1414182600 20 0 20 0
1414180800 20 0 20 0
1414179000 20 0 20 0
1414177200 20 0 20 0
1414175400 20 0 20 0
1414173600 20 0 20 0
1414171800 20 0 20 0
1414170000 20 0 20 0
1414168200 20 0 23 0
1414166400 22 0 23 0
1414164600 22 0 22 0
1414162800 22 0 28 0
1414161000 28 0 29 0
1414159200 29 0 29 0
1414157400 28 0 29 0
1414155600 27 0 28 0
1414153800 24 0 25 0
1414152000 20 0 21 0
1414150200 20 0 21 0
1414148400 21 0 25 0
1414146600 25 0 26 0
1414144800 26 0 27 0
1414143000 27 0 28 0
1414141200 28 0 28 0
1414139400 27 0 28 0
1414137600 26 0 26 0
1414135800 25 0 26 0
1414134000 25 0 25 0
1414132200 25 0 25 0
1414130400 25 0 25 0
1414128600 25 0 25 0
1414126800 25 0 25 0
1414125000 24 0 25 0
1414123200 22 0 22 0
1414121400 21 0 22 0
1414119600 20 0 21 0
1414117800 20 0 20 0
1414116000 20 0 20 0
1414114200 20 0 21 0
1414112400 20 0 21 0
1414110600 19 0 19 0
1414108800 18 0 19 0
1414107000 17 0 17 0
1414105200 17 0 18 0
1414103400 18 0 18 0
1414101600 18 0 18 0
1414099800 18 0 18 0
1414098000 18 0 18 0
1414096200 17 0 18 0
1414094400 17 0 18 0
1414092600 18 0 18 0
1414090800 18 0 18 0
1414089000 18 0 18 0
1414087200 18 0 20 0
1414085400 20 0 21 0
1414083600 21 0 22 0
1414081800 22 0 24 0
1414080000 24 0 24 0
1414078200 24 0 24 0
1414076400 24 0 25 0
1414074600 25 0 26 0
1414072800 26 0 28 0
1414071000 27 0 28 0
1414069200 26 0 27 0
1414067400 25 0 26 0
1414065600 24 0 25 0
1414063800 23 0 23 0
1414062000 23 0 24 0
1414060200 24 0 25 0
1414058400 24 0 25 0
1414056600 22 0 26 0
1414054800 26 0 27 0
1414053000 27 0 27 0
1414051200 27 0 27 0
1414049400 27 0 28 0
1414047600 27 0 28 0
1414045800 27 0 27 0
1414044000 26 0 27 0
1414042200 26 0 26 0
1414040400 26 0 26 0
1414038600 26 0 27 0
1414036800 27 0 27 0
1414035000 26 0 27 0
1414033200 25 0 26 0
1414031400 25 0 26 0
1414029600 24 0 25 0
1414027800 23 0 24 0
1414026000 21 0 22 0
1414024200 22 0 22 0
1414022400 22 0 22 0
1414020600 22 0 22 0
1414018800 22 0 22 0
1414017000 22 0 22 0
1414015200 22 0 22 0
1414013400 22 0 22 0
1414011600 22 0 22 0
1414009800 21 0 22 0
1414008000 21 0 22 0
1414006200 22 0 22 0
1414004400 22 0 22 0
1414002600 22 0 22 0
1414000800 22 0 24 0
1413993600 23 0 27 0
1413986400 27 0 28 0
1413979200 27 0 29 0
1413972000 29 0 30 0
1413964800 30 0 32 0
1413957600 31 0 33 0
1413950400 30 0 33 0
1413943200 21 0 24 0
1413936000 17 0 21 0
1413928800 17 0 17 0
1413921600 17 0 17 0
1413914400 17 0 20 0
1413907200 20 0 24 0
1413900000 22 0 24 0
1413892800 25 0 27 0
1413885600 24 0 25 0
1413878400 26 0 29 0
1413871200 23 0 28 0
1413864000 24 0 28 0
1413856800 23 0 27 0
1413849600 25 0 27 0
1413842400 25 0 25 0
1413835200 24 0 25 0
1413828000 24 0 27 0
1413820800 26 0 31 0
1413813600 28 0 31 0
1413806400 26 0 30 0
1413799200 28 0 30 0
1413792000 29 0 31 0
1413784800 30 0 31 0
1413777600 29 0 31 0
1413770400 20 0 25 0
1413763200 18 0 19 0
1413756000 19 0 19 0
1413748800 19 0 19 0
1413741600 19 0 22 0
1413734400 22 0 24 0
1413727200 21 0 22 0
1413720000 20 0 23 0
1413712800 23 0 26 0
1413705600 25 0 27 0
1413698400 26 0 32 0
1413691200 27 0 32 0
1413684000 23 0 27 0
1413676800 23 0 24 0
1413669600 24 0 25 0
1413662400 26 0 27 0
1413655200 26 0 27 0
1413648000 25 0 28 0
1413640800 27 0 28 0
1413633600 27 0 29 0
1413626400 29 0 31 0
1413619200 28 0 30 0
1413612000 28 0 30 0
1413604800 22 0 26 0
1413597600 20 0 24 0
1413590400 21 0 22 0
1413583200 22 0 23 0
1413576000 23 0 23 0
1413568800 24 0 27 0
1413561600 24 0 27 0
1413554400 24 0 25 0
1413547200 23 0 25 0
1413540000 26 0 29 0
1413532800 27 0 30 0
1413525600 29 0 30 0
1413518400 27 0 28 0
1413511200 22 0 27 0
1413504000 17 0 18 0
1413496800 18 0 18 0
1413489600 17 0 18 0
1413482400 17 0 20 0
1413475200 22 0 26 0
1413468000 24 0 25 0
1413460800 23 0 26 0
1413453600 28 0 32 0
1413446400 32 0 34 0
1413439200 31 0 32 0
1413432000 28 0 31 0
1413424800 21 0 28 0
1413417600 19 0 19 0
1413410400 19 0 19 0
1413403200 19 0 19 0
1413396000 19 0 21 0
1413388800 21 0 22 0
1413381600 23 0 26 0
1413374400 24 0 26 0
1413367200 24 0 26 0
1413360000 27 0 29 0
1413352800 27 0 29 0
1413345600 27 0 30 0
1413338400 21 0 24 0
1413331200 14 0 20 0
1413324000 20 0 20 0
1413316800 21 0 22 0
1413309600 21 0 24 0
1413302400 22 0 24 0
1413295200 23 0 24 0
1413288000 23 0 30 0
1413280800 30 0 32 0
1413273600 28 0 32 0
1413266400 26 0 30 0
1413259200 8 0 21 0
1413252000 18 0 20 0
1413244800 17 0 17 0
1413237600 17 0 18 0
1413230400 17 0 19 0
1413223200 19 0 23 0
1413216000 21 0 25 0
1413208800 23 0 24 0
1413201600 23 0 26 0
1413194400 27 0 30 0
1413187200 30 0 31 0
1413180000 27 0 31 0
1413172800 26 0 29 0
1413165600 19 0 23 0
1413158400 17 0 19 0
1413151200 17 0 19 0
1413144000 18 0 19 0
1413136800 19 0 21 0
1413129600 21 0 23 0
1413122400 22 0 23 0
1413115200 22 0 24 0
1413108000 21 0 23 0
1413100800 24 0 28 0
1413093600 25 0 27 0
1413086400 24 0 25 0
1413079200 24 0 25 0
1413072000 23 0 24 0
1413064800 24 0 24 0
1413057600 24 0 24 0
1413050400 24 0 26 0
1413043200 25 0 28 0
1413036000 24 0 26 0
1413028800 23 0 28 0
1413021600 27 0 31 0
1413014400 27 0 30 0
1413007200 24 0 27 0
1413000000 24 0 26 0
1412992800 19 0 23 0
1412985600 20 0 22 0
1412978400 21 0 22 0
1412971200 21 0 22 0
1412964000 21 0 23 0
1412956800 23 0 26 0
1412949600 25 0 26 0
1412942400 22 0 28 0
1412935200 28 0 31 0
1412928000 27 0 31 0
1412920800 27 0 29 0
1412913600 25 0 29 0
1412906400 21 0 23 0
1412899200 18 0 21 0
1412892000 20 0 20 0
1412884800 20 0 20 0
1412877600 20 0 21 0
1412870400 21 0 23 0
1412863200 22 0 23 0
1412856000 23 0 31 0
1412848800 28 0 31 0
1412841600 27 0 31 0
1412834400 24 0 28 0
1412827200 24 0 25 0
1412820000 21 0 24 0
1412812800 20 0 21 0
1412805600 21 0 21 0
1412798400 21 0 21 0
1412791200 21 0 23 0
1412784000 22 0 26 0
1412776800 25 0 27 0
1412769600 25 0 32 0
1412762400 29 0 32 0
1412755200 30 0 31 0
1412748000 27 0 31 0
1412740800 22 0 26 0
1412733600 19 0 21 0
1412726400 19 0 20 0
1412719200 20 0 20 0
1412712000 20 0 20 0
1412704800 20 0 20 0
1412697600 23 0 27 0
1412690400 26 0 28 0
1412683200 24 0 28 0
1412676000 22 0 25 0
1412668800 22 0 23 0
1412661600 22 0 24 0
1412654400 20 0 22 0
1412647200 19 0 20 0
1412640000 16 0 18 0
1412632800 15 0 17 0
1412625600 18 0 20 0
1412618400 20 0 22 0
1412611200 22 0 25 0
1412604000 23 0 26 0
1412596800 24 0 25 0
1412589600 23 0 25 0
1412582400 23 0 25 0
1412575200 25 0 27 0
1412568000 23 0 27 0
1412560800 20 0 23 0
1412553600 19 0 21 0
1412546400 21 0 22 0
1412539200 22 0 22 0
1412532000 22 0 23 0
1412524800 23 0 26 0
1412517600 21 0 25 0
1412510400 19 0 20 0
1412503200 19 0 22 0
1412496000 21 0 22 0
1412488800 23 0 24 0
1412481600 24 0 26 0
1412474400 23 0 26 0
1412467200 24 0 24 0
1412460000 24 0 24 0
1412452800 23 0 24 0
1412445600 23 0 25 0
1412438400 25 0 26 0
1412431200 21 0 24 0
1412424000 19 0 21 0
1412416800 20 0 22 0
1412409600 19 0 21 0
1412402400 19 0 19 0
1412395200 18 0 19 0
1412388000 18 0 21 0
1412380800 19 0 20 0
1412373600 19 0 20 0
1412366400 19 0 20 0
1412359200 19 0 20 0
1412352000 20 0 23 0
1412344800 20 0 23 0
1412337600 20 0 21 0
1412330400 21 0 24 0
1412323200 24 0 26 0
1412316000 22 0 26 0
1412308800 21 0 22 0
1412301600 20 0 22 0
1412294400 20 0 22 0
1412287200 20 0 20 0
1412280000 20 0 20 0
1412272800 20 0 21 0
1412265600 21 0 23 0
1412258400 20 0 23 0
1412251200 20 0 23 0
1412244000 22 0 23 0
1412236800 20 0 22 0
1412229600 20 0 21 0
1412222400 19 0 20 0
1412215200 18 0 19 0
1412208000 18 0 18 0
1412200800 17 0 18 0
1412193600 17 0 18 0
1412186400 18 0 18 0
1412179200 19 0 23 0
1412172000 21 0 23 0
1412164800 20 0 23 0
1412157600 22 0 24 0
1412150400 20 0 22 0
1412143200 21 0 22 0
1412136000 19 0 21 0
1412128800 17 0 20 0
1412121600 17 0 19 0
1412114400 18 0 19 0
1412107200 18 0 19 0
1412100000 19 0 21 0
1412092800 24 0 28 0
1412085600 25 0 28 0
1412078400 23 0 25 0
1412071200 22 0 25 0
1412064000 23 0 24 0
1412056800 20 0 24 0
1412049600 18 0 20 0
1412042400 18 0 23 0
1412035200 16 0 18 0
1412028000 16 0 16 0
1412020800 15 0 16 0
1412013600 17 0 20 0
1412006400 20 0 23 0
1411999200 23 0 24 0
1411992000 20 0 23 0
1411984800 21 0 23 0
1411977600 22 0 24 0
1411970400 22 0 23 0
1411963200 24 0 27 0
1411956000 20 0 22 0
1411948800 22 0 24 0
1411941600 23 0 23 0
1411934400 22 0 23 0
1411927200 22 0 24 0
1411920000 24 0 27 0
1411912800 25 0 27 0
1411905600 24 0 26 0
1411898400 25 0 26 0
1411891200 25 0 26 0
1411884000 24 0 26 0
1411876800 25 0 26 0
1411869600 22 0 26 0
1411862400 20 0 23 0
1411855200 20 0 22 0
1411848000 21 0 22 0
1411840800 21 0 24 0
1411833600 24 0 24 0
1411826400 23 0 24 0
1411819200 23 0 25 0
1411812000 24 0 27 0
1411804800 25 0 27 0
1411797600 26 0 27 0
1411790400 24 0 26 0
1411783200 22 0 25 0
1411776000 21 0 22 0
1411768800 20 0 21 0
1411761600 21 0 22 0
1411754400 22 0 24 0
1411747200 22 0 24 0
1411740000 21 0 23 0
1411732800 21 0 24 0
1411725600 19 0 21 0
1411718400 20 0 22 0
1411711200 21 0 23 0
1411704000 21 0 23 0
1411696800 20 0 22 0
1411689600 19 0 21 0
1411682400 18 0 20 0
1411675200 20 0 21 0
1411668000 21 0 24 0
1411660800 23 0 25 0
1411653600 20 0 23 0
1411646400 19 0 23 0
1411639200 23 0 23 0
1411632000 22 0 24 0
1411624800 22 0 25 0
1411617600 23 0 25 0
1411610400 21 0 25 0
1411603200 18 0 22 0
1411596000 16 0 17 0
1411588800 18 0 19 0
1411581600 19 0 22 0
1411574400 21 0 24 0
1411567200 24 0 26 0
1411560000 22 0 25 0
1411552800 25 0 26 0
1411545600 25 0 27 0
1411538400 26 0 27 0
1411531200 24 0 26 0
1411524000 21 0 23 0
1411516800 19 0 23 0
1411509600 18 0 19 0
1411502400 19 0 19 0
1411495200 18 0 19 0
1411488000 21 0 24 0
1411480800 23 0 24 0
1411473600 22 0 25 0
1411466400 22 0 24 0
1411459200 22 0 25 0
1411452000 21 0 24 0
1411444800 23 0 25 0
1411437600 21 0 23 0
1411430400 20 0 21 0
1411423200 20 0 21 0
1411416000 20 0 21 0
1411408800 20 0 21 0
1411401600 21 0 23 0
1411394400 21 0 22 0
1411387200 21 0 23 0
1411380000 23 0 26 0
1411372800 25 0 26 0
1411365600 25 0 26 0
1411358400 24 0 26 0
1411351200 19 0 24 0
1411344000 21 0 21 0
1411336800 22 0 23 0
1411329600 23 0 23 0
1411322400 23 0 23 0
1411315200 22 0 23 0
1411308000 23 0 23 0
1411300800 22 0 24 0
1411293600 23 0 24 0
1411286400 23 0 24 0
1411279200 24 0 25 0
1411272000 23 0 25 0
1411264800 23 0 23 0
1411257600 22 0 23 0
1411250400 23 0 23 0
1411243200 22 0 23 0
1411236000 22 0 24 0
1411228800 22 0 23 0
1411221600 22 0 24 0
1411214400 24 0 28 0
1411207200 25 0 27 0
1411200000 26 0 28 0
1411192800 23 0 26 0
1411185600 23 0 24 0
1411178400 21 0 23 0
1411171200 22 0 22 0
1411164000 22 0 22 0
1411156800 22 0 22 0
1411149600 21 0 22 0
1411142400 22 0 25 0
1411135200 24 0 26 0
1411128000 23 0 28 0
1411120800 28 0 30 0
1411113600 30 0 33 0
1411106400 26 0 30 0
1411099200 24 0 26 0
1411092000 21 0 24 0
1411084800 20 0 21 0
1411077600 19 0 21 0
1411070400 18 0 21 0
1411063200 20 0 22 0
1411056000 21 0 23 0
1411048800 22 0 26 0
1411041600 25 0 26 0
1411034400 24 0 26 0
1411027200 22 0 26 0
1411020000 21 0 24 0
1411012800 21 0 24 0
1411005600 19 0 23 0
1410998400 19 0 20 0
1410991200 20 0 23 0
1410984000 23 0 24 0
1410976800 24 0 24 0
1410969600 24 0 27 0
1410962400 25 0 27 0
1410955200 24 0 27 0
1410948000 25 0 29 0
1410940800 28 0 30 0
1410933600 26 0 30 0
1410926400 24 0 27 0
1410919200 24 0 27 0
1410912000 22 0 23 0
1410904800 22 0 24 0
1410897600 24 0 25 0
1410890400 24 0 25 0
1410883200 24 0 27 0
1410876000 24 0 27 0
1410868800 21 0 26 0
1410861600 25 0 26 0
1410854400 25 0 26 0
1410847200 25 0 25 0
1410840000 22 0 25 0
1410832800 17 0 19 0
1410825600 13 0 17 0
1410818400 13 0 13 0
1410811200 12 0 13 0
1410804000 12 0 18 0
1410796800 18 0 19 0
1410789600 18 0 19 0
1410782400 16 0 18 0
1410775200 17 0 18 0
1410768000 16 0 18 0
1410760800 14 0 19 0
1410753600 18 0 19 0
1410746400 15 0 16 0
1410739200 16 0 18 0
1410732000 18 0 18 0
1410724800 18 0 18 0
1410717600 18 0 19 0
1410710400 19 0 21 0
1410703200 21 0 21 0
1410696000 21 0 23 0
1410688800 21 0 24 0
1410681600 22 0 24 0
1410674400 22 0 25 0
1410667200 19 0 21 0
1410660000 19 0 21 0
1410652800 19 0 20 0
1410645600 19 0 19 0
1410638400 19 0 19 0
1410631200 18 0 19 0
1410624000 19 0 22 0
1410616800 18 0 21 0
1410609600 18 0 19 0
1410602400 18 0 21 0
1410595200 19 0 20 0
1410588000 19 0 21 0
1410580800 19 0 20 0
1410573600 18 0 20 0
1410566400 18 0 18 0
1410559200 18 0 18 0
1410552000 17 0 18 0
1410544800 18 0 19 0
1410537600 18 0 18 0
1410530400 17 0 19 0
1410523200 18 0 21 0
1410516000 21 0 22 0
1410508800 22 0 24 0
1410501600 24 0 24 0
1410494400 22 0 24 0
1410487200 19 0 21 0
1410480000 18 0 21 0
1410472800 17 0 18 0
1410465600 17 0 18 0
1410458400 17 0 18 0
1410451200 18 0 22 0
1410444000 21 0 23 0
1410436800 21 0 23 0
1410429600 22 0 22 0
1410422400 22 0 25 0
1410415200 23 0 26 0
1410408000 20 0 23 0
1410400800 20 0 22 0
1410393600 21 0 22 0
1410386400 21 0 21 0
1410379200 21 0 21 0
1410372000 20 0 21 0
1410364800 21 0 23 0
1410357600 23 0 26 0
1410350400 24 0 28 0
1410343200 27 0 28 0
1410336000 25 0 28 0
1410328800 25 0 28 0
1410321600 22 0 25 0
1410314400 20 0 25 0
1410307200 23 0 25 0
1410300000 23 0 23 0
1410292800 22 0 23 0
1410285600 21 0 22 0
1410278400 22 0 25 0
1410271200 24 0 27 0
1410264000 21 0 24 0
1410256800 23 0 25 0
1410249600 18 0 23 0
1410242400 20 0 23 0
1410235200 20 0 22 0
1410228000 17 0 20 0
1410220800 15 0 16 0
1410213600 16 0 16 0
1410206400 15 0 16 0
1410199200 16 0 16 0
1410192000 16 0 18 0
1410184800 14 0 20 0
1410177600 18 0 20 0
1410170400 18 0 20 0
1410163200 19 0 20 0
1410156000 19 0 20 0
1410148800 19 0 21 0
1410141600 18 0 21 0
1410134400 19 0 21 0
1410127200 18 0 19 0
1410120000 18 0 19 0
1410112800 19 0 19 0
1410105600 19 0 21 0
1410098400 19 0 21 0
1410091200 19 0 22 0
1410084000 20 0 22 0
1410076800 19 0 22 0
1410069600 18 0 19 0
1410062400 18 0 19 0
1410055200 18 0 20 0
1410048000 17 0 18 0
1410040800 17 0 17 0
1410033600 17 0 17 0
1410026400 17 0 19 0
1410019200 19 0 19 0
1410012000 19 0 22 0
1410004800 17 0 19 0
1409997600 18 0 19 0
1409990400 17 0 20 0
1409983200 17 0 19 0
1409976000 16 0 19 0
1409968800 16 0 19 0
1409961600 17 0 19 0
1409954400 17 0 18 0
1409947200 18 0 19 0
1409940000 19 0 20 0
1409932800 19 0 22 0
1409925600 18 0 21 0
1409918400 18 0 21 0
1409911200 20 0 24 0
1409904000 23 0 25 0
1409896800 23 0 25 0
1409889600 19 0 23 0
1409882400 17 0 19 0
1409875200 18 0 19 0
1409868000 19 0 19 0
1409860800 19 0 19 0
1409853600 21 0 22 0
1409846400 23 0 27 0
1409839200 22 0 26 0
1409832000 19 0 24 0
1409824800 22 0 22 0
1409817600 22 0 23 0
1409810400 21 0 23 0
1409803200 17 0 20 0
1409796000 15 0 18 0
1409788800 15 0 18 0
1409781600 17 0 17 0
1409774400 17 0 17 0
1409767200 17 0 17 0
1409760000 18 0 21 0
1409752800 19 0 21 0
1409745600 19 0 23 0
1409738400 22 0 25 0
1409731200 25 0 25 0
1409724000 24 0 25 0
1409716800 21 0 23 0
1409709600 21 0 23 0
1409702400 18 0 20 0
1409695200 19 0 19 0
1409688000 19 0 19 0
1409680800 18 0 22 0
1409616000 19 0 25 0
1409529600 18 0 25 0
1409443200 17 0 23 0
1409356800 19 0 27 0
1409270400 20 0 27 0
1409184000 22 0 33 0
1409097600 17 0 23 0
1409011200 18 0 25 0
1408924800 16 0 22 0
1408838400 16 0 25 0
1408752000 18 0 27 0
1408665600 17 0 33 0
1408579200 16 0 27 0
1408492800 16 0 25 0
1408406400 10 0 18 0
1408320000 8 0 14 0
1408233600 10 0 17 0
1408147200 9 0 19 0
1408060800 10 0 21 0
1407974400 16 0 23 0
1407888000 12 0 22 0
1407801600 14 0 23 0
1407715200 19 0 27 0
1407628800 22 0 29 0
1407542400 18 0 31 0
1407456000 19 0 26 0
1407369600 22 0 29 0
1407283200 17 0 24 0
1407196800 14 0 22 0
1407110400 13 0 20 0
1407024000 13 0 18 0
1406937600 11 0 16 0
1406851200 8 0 15 0
1406764800 7 0 14 0
1406678400 9 0 18 0
1406592000 12 0 25 0
1406505600 20 0 26 0
1406419200 16 0 24 0
1406332800 14 0 21 0
1406246400 12 0 23 0
1406160000 16 0 22 0
1406073600 15 0 23 0
1405987200 12 0 20 0
1405900800 10 0 17 0
1405814400 13 0 19 0
1405728000 13 0 18 0
1405641600 11 0 18 0
1405555200 13 0 20 0
1405468800 15 0 21 0
1405382400 14 0 19 0
1405296000 15 0 21 0
1405209600 13 0 19 0
1405123200 15 0 22 0
1405036800 12 0 22 0
1404950400 17 0 23 0
1404864000 13 0 22 0
1404777600 15 0 22 0
1404691200 15 0 21 0
1404604800 14 0 19 0
1404518400 9 0 18 0
1404432000 10 0 16 0
1404345600 11 0 16 0
1404259200 10 0 22 0
1404172800 9 0 16 0
1404086400 12 0 20 0
1404000000 16 0 20 0
1403913600 14 0 18 0
1403827200 12 0 18 0
1403740800 17 0 22 0
1403654400 10 0 20 0
1403568000 13 0 16 0
1403481600 11 0 18 0
1403395200 13 0 21 0
1403308800 13 0 20 0
1403222400 13 0 22 0
1403136000 14 0 20 0
1403049600 16 0 23 0
1402963200 12 0 22 0
1402876800 13 0 22 0
1402790400 12 0 22 0
1402704000 12 0 20 0
1402617600 7 0 15 0
1402531200 13 0 22 0
1402444800 15 0 24 0
1402358400 13 0 20 0
1402272000 13 0 21 0
1402185600 17 0 21 0
1402099200 13 0 20 0
1402012800 14 0 21 0
1401926400 14 0 21 0
1401840000 15 0 22 0
1401753600 14 0 21 0
1401667200 13 0 20 0
1401580800 13 0 19 0
1401494400 15 0 22 0
1401408000 16 0 21 0
1401321600 16 0 23 0
1401235200 15 0 25 0
1401148800 14 0 24 0
1401062400 11 0 19 0
1400976000 12 0 22 0
1400889600 16 0 24 0
1400803200 15 0 24 0
1400716800 14 0 19 0
1400630400 13 0 22 0
1400544000 15 0 22 0
1400457600 15 0 25 0
1400371200 13 0 21 0
1400284800 14 0 24 0
1400198400 17 0 26 0
1400112000 18 0 25 0
1400025600 15 0 26 0
1399939200 13 0 20 0
1399852800 15 0 20 0
1399766400 14 0 22 0
1399680000 16 0 21 0
1399593600 16 0 22 0
1399507200 15 0 19 0
1399420800 15 0 22 0
1399334400 16 0 21 0
1399248000 14 0 19 0
1399161600 11 0 19 0
1399075200 12 0 19 0
1398988800 12 0 18 0
1398902400 11 0 14 0
1398816000 11 0 17 0
1398729600 8 0 14 0
1398643200 7 0 15 0
1398556800 7 0 13 0
1398470400 6 0 15 0
1398384000 9 0 18 0
1398297600 10 0 16 0
1398211200 15 0 21 0
1398124800 13 0 21 0
1398038400 13 0 20 0
1397952000 8 0 15 0
1397865600 10 0 17 0
1397779200 12 0 17 0
1397692800 13 0 18 0
1397606400 9 0 18 0
1397520000 11 0 16 0
1397433600 12 0 17 0
1397347200 10 0 15 0
1397260800 10 0 17 0
1397174400 11 0 17 0
1397088000 11 0 18 0
1397001600 9 0 18 0
1396915200 11 0 17 0
1396828800 10 0 13 0
1396742400 12 0 19 0
1396656000 10 0 15 0
1396569600 9 0 14 0
1396483200 12 0 17 0
1396396800 8 0 15 0
1396310400 5 0 8 0
1396224000 7 0 12 0
1396137600 7 0 11 0
1396051200 7 0 11 0
1395964800 6 0 10 0
1395878400 5 0 12 0
1395792000 4 0 13 0
1395705600 8 0 16 0
1395619200 8 0 14 0
1395532800 11 0 16 0
1395446400 8 0 16 0
1395360000 9 0 14 0
1395273600 8 0 12 0
1395187200 9 0 18 0
1395100800 8 0 13 0
1395014400 7 0 14 0
1394928000 7 0 11 0
1394841600 8 0 13 0
1394755200 10 0 15 0
1394668800 8 0 13 0
1394582400 8 0 12 0
1394496000 6 0 12 0
1394409600 9 0 16 0
1394323200 11 0 14 0
1394236800 10 0 18 0
1394150400 11 0 19 0
1394064000 12 0 22 0
1393977600 17 0 24 0
1393891200 11 0 18 0
1393804800 11 0 21 0
1393718400 14 0 21 0
1393632000 10 0 17 0
1393545600 12 0 20 0
1393459200 13 0 20 0
1393372800 13 0 18 0
1393286400 15 0 19 0
1393200000 16 0 21 0
1393113600 16 0 22 0
1393027200 17 0 22 0
1392940800 15 0 22 0
1392854400 16 0 21 0
1392768000 12 0 20 0
1392681600 11 0 19 0
1392595200 11 0 17 0
1392508800 13 0 20 0
1392422400 10 0 19 0
1392336000 10 0 19 0
1392249600 9 0 18 0
1392163200 9 0 19 0
1392076800 13 0 22 0
1391990400 13 0 21 0
1391904000 8 0 17 0
1391817600 11 0 16 0
1391731200 10 0 18 0
1391644800 11 0 19 0
1391558400 9 0 16 0
1391472000 11 0 19 0
1391385600 9 0 15 0
1391299200 10 0 18 0
1391212800 10 0 16 0
1391126400 9 0 16 0
1391040000 10 0 16 0
1390953600 9 0 14 0
1390867200 8 0 16 0
1390780800 7 0 12 0
1390694400 10 0 16 0
1390608000 12 0 21 0
1390521600 12 0 22 0
1390435200 12 0 18 0
1390348800 8 0 17 0
1390262400 9 0 18 0
1390176000 11 0 19 0
1390089600 13 0 20 0
1390003200 10 0 23 0
1389916800 8 0 17 0
1389830400 11 0 21 0
1389744000 12 0 23 0
1389657600 11 0 18 0
1389571200 12 0 18 0
1389484800 11 0 19 0
1389398400 13 0 22 0
1389312000 14 0 23 0
1389225600 18 0 25 0
1389139200 14 0 22 0
1389052800 14 0 22 0
1388966400 11 0 17 0
1388880000 13 0 19 0
1388793600 12 0 20 0
1388707200 15 0 23 0
1388620800 7 0 17 0
1388534400 8 0 18 0
1388448000 12 0 19 0
1388361600 15 0 23 0
1388275200 16 0 24 0
1388188800 19 0 26 0
1388102400 26 0 26 0
1388016000 26 0 26 0
1387929600 26 0 26 0
1387843200 26 0 26 0
1387756800 26 0 26 0
1387670400 26 0 26 0
1387584000 26 0 26 0
1387497600 26 0 26 0
1387411200 26 0 26 0
1387324800 26 0 26 0
1387238400 26 0 26 0
1387152000 26 0 26 0
1387065600 26 0 26 0
1386979200 26 0 26 0
1386892800 26 0 26 0
1386806400 26 0 26 0
1386720000 26 0 26 0
1386633600 26 0 26 0
1386547200 26 0 26 0
1386460800 26 0 26 0
1386374400 26 0 26 0
1386288000 26 0 26 0
1386201600 26 0 26 0
1386115200 26 0 26 0
1386028800 26 0 26 0
1385942400 26 0 26 0
1385856000 26 0 26 0
1385769600 26 0 26 0
1385683200 26 0 26 0
1385596800 26 0 26 0
1385510400 26 0 26 0
1385424000 26 0 26 0
1385337600 26 0 26 0
1385251200 26 0 26 0
1385164800 26 0 26 0
1385078400 26 0 26 0
1384992000 26 0 26 0
1384905600 26 0 26 0
1384819200 26 0 26 0
1384732800 26 0 26 0
1384646400 26 0 26 0
1384560000 26 0 26 0
1384473600 26 0 26 0
1384387200 26 0 26 0
1384300800 26 0 26 0
1384214400 26 0 26 0
1384128000 26 0 26 0
1384041600 26 0 26 0
1383955200 26 0 26 0
1383868800 26 0 26 0
1383782400 26 0 26 0
1383696000 26 0 26 0
1383609600 26 0 26 0
1383523200 26 0 26 0
1383436800 26 0 26 0
1383350400 26 0 26 0
1383264000 26 0 26 0
1383177600 26 0 26 0
1383091200 26 0 26 0
1383004800 26 0 26 0
1382918400 26 0 26 0
1382832000 26 0 26 0
1382745600 26 0 26 0
1382659200 26 0 26 0
1382572800 26 0 26 0
1382486400 26 0 26 0
1382400000 26 0 26 0
1382313600 26 0 26 0
1382227200 26 0 26 0
1382140800 26 0 26 0
1382054400 26 0 26 0
1381968000 26 0 26 0
1381881600 26 0 26 0
1381795200 26 0 26 0
1381708800 26 0 26 0
1381622400 26 0 26 0
1381536000 26 0 26 0
1381449600 26 0 26 0
1381363200 26 0 26 0
1381276800 26 0 26 0
1381190400 26 0 26 0
1381104000 26 0 26 0
1381017600 26 0 26 0
1380931200 26 0 26 0
1380844800 26 0 26 0
1380758400 26 0 26 0
1380672000 26 0 26 0
1380585600 26 0 26 0
1380499200 26 0 26 0
1380412800 26 0 26 0
1380326400 26 0 26 0
1380240000 26 0 26 0
1380153600 26 0 26 0
1380067200 26 0 26 0
1379980800 26 0 26 0
1379894400 26 0 26 0
1379808000 26 0 26 0
1379721600 26 0 26 0
1379635200 26 0 26 0
1379548800 26 0 26 0
1379462400 26 0 26 0
1379376000 26 0 26 0
1379289600 26 0 26 0
1379203200 26 0 26 0
1379116800 26 0 26 0
1379030400 26 0 26 0
1378944000 26 0 26 0
1378857600 26 0 26 0
1378771200 26 0 26 0
1378684800 26 0 26 0
1378598400 26 0 26 0
1378512000 26 0 26 0
1378425600 26 0 26 0
1378339200 26 0 26 0
1378252800 26 0 26 0
1378166400 26 0 26 0
1378080000 26 0 26 0
1377993600 26 0 26 0
1377907200 26 0 26 0
1377820800 26 0 26 0
1377734400 26 0 26 0
1377648000 26 0 26 0
1377561600 26 0 26 0
1377475200 26 0 26 0
1377388800 26 0 26 0
1377302400 26 0 26 0
1377216000 26 0 26 0
1377129600 26 0 26 0
1377043200 26 0 26 0
1376956800 26 0 26 0
1376870400 26 0 26 0
1376784000 26 0 26 0
1376697600 26 0 26 0
1376611200 26 0 26 0
1376524800 26 0 26 0
1376438400 26 0 26 0
1376352000 26 0 26 0
1376265600 26 0 26 0
1376179200 26 0 26 0
1376092800 26 0 26 0
1376006400 26 0 26 0
1375920000 26 0 26 0
1375833600 26 0 26 0
1375747200 26 0 26 0
1375660800 26 0 26 0
1375574400 26 0 26 0
1375488000 26 0 26 0
1375401600 26 0 26 0
1375315200 26 0 26 0
1375228800 26 0 26 0
1375142400 26 0 26 0
1375056000 26 0 26 0
1374969600 26 0 26 0
1374883200 26 0 26 0
1374796800 26 0 26 0
1374710400 26 0 26 0
1374624000 26 0 26 0
1374537600 26 0 26 0
1374451200 26 0 26 0
1374364800 26 0 26 0
1374278400 26 0 26 0
1374192000 26 0 26 0
1374105600 26 0 26 0
1374019200 26 0 26 0
1373932800 26 0 26 0
1373846400 26 0 26 0
1373760000 26 0 26 0
1373673600 26 0 26 0
1373587200 26 0 26 0
1373500800 26 0 26 0
1373414400 26 0 26 0
1373328000 26 0 26 0
1373241600 26 0 26 0
1373155200 26 0 26 0
1373068800 26 0 26 0
1372982400 26 0 26 0
1372896000 26 0 26 0
1372809600 26 0 26 0
1372723200 26 0 26 0
1372636800 26 0 26 0
1372550400 26 0 26 0
1372464000 26 0 26 0
1372377600 26 0 26 0
1372291200 26 0 26 0
1372204800 26 0 26 0
1372118400 26 0 26 0
1372032000 26 0 26 0
1371945600 26 0 26 0
1371859200 26 0 26 0
1371772800 26 0 26 0
1371686400 26 0 26 0
1371600000 26 0 26 0
1371513600 26 0 26 0
1371427200 26 0 26 0
1371340800 26 0 26 0
1371254400 26 0 26 0
1371168000 26 0 26 0
1371081600 26 0 26 0
1370995200 26 0 26 0
1370908800 26 0 26 0
1370822400 26 0 26 0
1370736000 26 0 26 0
1370649600 26 0 26 0
1370563200 26 0 26 0
1370476800 26 0 26 0
1370390400 26 0 26 0
1370304000 26 0 26 0
1370217600 26 0 26 0
1370131200 26 0 26 0
1370044800 26 0 26 0
1369958400 26 0 26 0
1369872000 26 0 26 0
1369785600 26 0 26 0
1369699200 26 0 26 0
1369612800 26 0 26 0
1369526400 26 0 26 0
1369440000 26 0 26 0
1369353600 26 0 26 0
1369267200 26 0 26 0
1369180800 26 0 26 0
1369094400 26 0 26 0
1369008000 26 0 26 0
1368921600 26 0 26 0
1368835200 26 0 26 0
1368748800 26 0 26 0
1368662400 26 0 26 0
1368576000 26 0 26 0
1368489600 26 0 26 0
1368403200 26 0 26 0
1368316800 26 0 26 0
1368230400 26 0 26 0
1368144000 26 0 26 0
1368057600 26 0 26 0
1367971200 26 0 26 0
1367884800 26 0 26 0
1367798400 26 0 26 0
1367712000 26 0 26 0
1367625600 26 0 26 0
1367539200 26 0 26 0
1367452800 26 0 26 0
1367366400 26 0 26 0
1367280000 26 0 26 0
1367193600 26 0 26 0
1367107200 26 0 26 0
1367020800 26 0 26 0
1366934400 26 0 26 0
1366848000 26 0 26 0
1366761600 26 0 26 0
1366675200 26 0 26 0
1366588800 26 0 26 0
1366502400 26 0 26 0
1366416000 26 0 26 0
1366329600 26 0 26 0
1366243200 26 0 26 0
1366156800 26 0 26 0
1366070400 26 0 26 0
1365984000 26 0 26 0
1365897600 26 0 26 0
1365811200 26 0 26 0
1365724800 26 0 26 0
1365638400 26 0 26 0
1365552000 26 0 26 0
1365465600 26 0 26 0
1365379200 26 0 26 0
1365292800 26 0 26 0
1365206400 26 0 26 0
1365120000 26 0 26 0
1365033600 26 0 26 0
1364947200 26 0 26 0
1364860800 26 0 26 0
1364774400 26 0 26 0
1364688000 26 0 26 0
1364601600 26 0 26 0
1364515200 26 0 26 0
1364428800 26 0 26 0
1364342400 26 0 26 0
1364256000 26 0 26 0
1364169600 26 0 26 0
1364083200 26 0 26 0
1363996800 26 0 26 0
1363910400 26 0 26 0
1363824000 26 0 26 0
1363737600 26 0 26 0
1363651200 26 0 26 0
1363564800 26 0 26 0
1363478400 26 0 26 0
1363392000 26 0 26 0
1363305600 26 0 26 0
1363219200 26 0 26 0
1363132800 26 0 26 0
1363046400 26 0 26 0
1362960000 26 0 26 0
1362873600 26 0 26 0
1362787200 26 0 26 0
1362700800 26 0 26 0
1362614400 26 0 26 0
1362528000 26 0 26 0
1362441600 26 0 26 0
1362355200 26 0 26 0
1362268800 26 0 26 0
1362182400 26 0 26 0
1362096000 26 0 26 0
1362009600 26 0 26 0
1361923200 26 0 26 0
1361836800 26 0 26 0
1361750400 26 0 26 0
1361664000 26 0 26 0
1361577600 26 0 26 0
1361491200 26 0 26 0
1361404800 26 0 26 0
1361318400 26 0 26 0
1361232000 26 0 26 0
1361145600 26 0 26 0
1361059200 26 0 26 0
1360972800 26 0 26 0
1360886400 26 0 26 0
1360800000 26 0 26 0
1360713600 26 0 26 0
1360627200 26 0 26 0
1360540800 26 0 26 0
1360454400 26 0 26 0
1360368000 26 0 26 0
1360281600 26 0 26 0
1360195200 26 0 26 0
1360108800 26 0 26 0
1360022400 26 0 26 0
1359936000 26 0 26 0
1359849600 26 0 26 0
1359763200 26 0 26 0
1359676800 26 0 26 0
1359590400 26 0 26 0
1359504000 26 0 26 0
1359417600 26 0 26 0
1359331200 26 0 26 0
1359244800 26 0 26 0
1359158400 26 0 26 0
1359072000 26 0 26 0
1358985600 26 0 26 0
1358899200 26 0 26 0
1358812800 26 0 26 0
1358726400 26 0 26 0
1358640000 26 0 26 0
1358553600 26 0 26 0
1358467200 26 0 26 0
1358380800 26 0 26 0
1358294400 26 0 26 0
1358208000 26 0 26 0
1358121600 26 0 26 0
1358035200 26 0 26 0
1357948800 26 0 26 0
1357862400 26 0 26 0
1357776000 26 0 26 0
1357689600 26 0 26 0
1357603200 26 0 26 0
1357516800 26 0 26 0
1357430400 26 0 26 0
1357344000 26 0 26 0
1357257600 26 0 26 0
1357171200 26 0 26 0
1357084800 26 0 26 0
1356998400 26 0 26 0
1356912000 26 0 26 0
1356825600 26 0 26 0
1356739200 26 0 26 0
1356652800 26 0 26 0
1356566400 26 0 26 0
1356480000 26 0 26 0
1356393600 26 0 26 0
1356307200 26 0 26 0
1356220800 26 0 26 0
1356134400 26 0 26 0
1356048000 26 0 26 0
1355961600 26 0 26 0
1355875200 26 0 26 0
1355788800 26 0 26 0
1355702400 26 0 26 0
1355616000 26 0 26 0
1355529600 26 0 26 0
1355443200 26 0 26 0
1355356800 26 0 26 0
1355270400 26 0 26 0
1355184000 26 0 26 0
1355097600 26 0 26 0
1355011200 26 0 26 0
1354924800 26 0 26 0
1354838400 26 0 26 0
1354752000 26 0 26 0
1354665600 26 0 26 0
1354579200 26 0 26 0
1354492800 26 0 26 0
1354406400 26 0 26 0
1354320000 26 0 26 0
1354233600 26 0 26 0
1354147200 26 0 26 0
1354060800 26 0 26 0
1353974400 26 0 26 0
1353888000 26 0 26 0
1353801600 26 0 26 0
1353715200 26 0 26 0
1353628800 26 0 26 0
1353542400 26 0 26 0
1353456000 26 0 26 0
1353369600 26 0 26 0
1353283200 26 0 26 0
1353196800 26 0 26 0
1353110400 26 0 26 0
1353024000 26 0 26 0
1352937600 26 0 26 0
1352851200 26 0 26 0
1352764800 26 0 26 0
1352678400 26 0 26 0
1352592000 26 0 26 0
1352505600 26 0 26 0
1352419200 26 0 26 0
1352332800 26 0 26 0
1352246400 26 0 26 0
1352160000 26 0 26 0
1352073600 26 0 26 0
1351987200 26 0 26 0
1351900800 26 0 26 0
1351814400 26 0 26 0
1351728000 26 0 26 0
1351641600 26 0 26 0
1351555200 26 0 26 0
1351468800 26 0 28 0
1351382400 26 0 30 0
1351296000 22 0 26 0
1351209600 27 0 35 0
1351123200 30 0 34 0
1351036800 30 0 34 0
1350950400 29 0 35 0
1350864000 23 0 35 0
1350777600 23 0 30 0
1350691200 28 0 34 0
1350604800 31 0 38 0
1350518400 26 0 33 0
1350432000 30 0 36 0
1350345600 29 0 36 0
1350259200 29 0 34 0
1350172800 28 0 35 0
1350086400 28 0 33 0
1350000000 31 0 37 0
1349913600 29 0 37 0
1349827200 29 0 35 0
1349740800 29 0 37 0
1349654400 28 0 37 0
1349568000 27 0 35 0
1349481600 25 0 31 0
1349395200 22 0 30 0
1349308800 16 0 23 0
1349222400 21 0 27 0
1349136000 22 0 26 0
1349049600 20 0 26 0
1348963200 25 0 31 0
1348876800 25 0 32 0
1348790400 28 0 34 0
1348704000 27 0 34 0
1348617600 26 0 32 0
1348531200 29 0 35 0
1348444800 26 0 32 0
1348358400 31 0 39 0
1348272000 31 0 39 0
1348185600 34 0 42 0
1348099200 29 0 36 0
1348012800 31 0 38 0
1347926400 30 0 37 0
1347840000 39 0 47 0
1347753600 38 0 43 0
1347667200 36 0 43 0
1347580800 32 0 39 0
1347494400 34 0 41 0
1347408000 32 0 39 0
1347321600 33 0 38 0
1347235200 27 0 40 0
1347148800 0 0 0 0
1347062400 0 0 0 0
1346976000 0 0 0 0
1346889600 0 0 0 0
1346803200 0 0 0 0
1346716800 0 0 0 0
1346630400 0 0 0 0
1346544000 0 0 0 0
1346457600 0 0 0 0
