
<---侠客行MUD: MudOs v22pre11 (by wwj,Jan  1 1999) startup on Microsoft Windows 95 at Fri Sep 30 13:26:48 2016

using config file: config.cfg
Can't find "mudos", ignoring old binaries.
Try invoking the driver using the full pathname.
System Error: init_addr_server: connect: 由于目标计算机积极拒绝，无法连接。

]simul_efun loaded successfully.

Loading preloaded files ...
错误讯息被拦截: 
执行时段错误：*restore_object(): Illegal file format.

程式：feature/save.c 第 19 行
物件: /adm/daemons/chinesed
呼叫来自：adm/obj/master.c 的 preload() 第 98 行，物件： adm/obj/master
呼叫来自：adm/obj/master.c 的 CATCH() 第 98 行，物件： adm/obj/master
呼叫来自：adm/daemons/chinesed.c 的 create() 第 28 行，物件： adm/daemons/chinesed
呼叫来自：feature/save.c 的 restore() 第 19 行，物件： adm/daemons/chinesed
Initializations complete.

Accepting connections on port 4000.

执行时段错误：*restore_object(): Illegal file format.

程式：feature/save.c 第 19 行
物件: /clone/user/login#0
呼叫来自：<function> 的 <function>() 第 0 行，物件： adm/daemons/logind
呼叫来自：adm/daemons/logind.c 的 get_id() 第 144 行，物件： adm/daemons/logind
呼叫来自：feature/save.c 的 restore() 第 19 行，物件： clone/user/login#0

执行时段错误：*restore_object(): Illegal file format.

程式：feature/save.c 第 19 行
物件: /clone/user/login#1
呼叫来自：<function> 的 <function>() 第 0 行，物件： adm/daemons/logind
呼叫来自：adm/daemons/logind.c 的 get_id() 第 144 行，物件： adm/daemons/logind
呼叫来自：feature/save.c 的 restore() 第 19 行，物件： clone/user/login#1

执行时段错误：*restore_object(): Illegal file format.

程式：feature/save.c 第 19 行
物件: /clone/user/login#2
呼叫来自：<function> 的 <function>() 第 0 行，物件： adm/daemons/logind
呼叫来自：adm/daemons/logind.c 的 get_id() 第 144 行，物件： adm/daemons/logind
呼叫来自：feature/save.c 的 restore() 第 19 行，物件： clone/user/login#2
Initializing internal tables....

<---侠客行MUD: MudOs v22pre11 (by wwj,Jan  1 1999) startup on Microsoft Windows 95 at Fri Sep 30 13:27:53 2016

using config file: config.cfg
Can't find "mudos", ignoring old binaries.
Try invoking the driver using the full pathname.
System Error: init_addr_server: connect: 由于目标计算机积极拒绝，无法连接。

]simul_efun loaded successfully.

Loading preloaded files ...
错误讯息被拦截: 
执行时段错误：*restore_object(): Illegal file format.

程式：feature/save.c 第 19 行
物件: /adm/daemons/chinesed
呼叫来自：adm/obj/master.c 的 preload() 第 98 行，物件： adm/obj/master
呼叫来自：adm/obj/master.c 的 CATCH() 第 98 行，物件： adm/obj/master
呼叫来自：adm/daemons/chinesed.c 的 create() 第 28 行，物件： adm/daemons/chinesed
呼叫来自：feature/save.c 的 restore() 第 19 行，物件： adm/daemons/chinesed
Initializations complete.

Accepting connections on port 4000.
Initializing internal tables....

<---侠客行MUD: MudOs v22pre11 (by wwj,Jan  1 1999) startup on Microsoft Windows 95 at Fri Sep 30 13:28:31 2016

using config file: config.cfg
Can't find "mudos", ignoring old binaries.
Try invoking the driver using the full pathname.
System Error: init_addr_server: connect: 由于目标计算机积极拒绝，无法连接。

]simul_efun loaded successfully.

Loading preloaded files ...
错误讯息被拦截: 
执行时段错误：*restore_object(): Illegal file format.

程式：feature/save.c 第 19 行
物件: /adm/daemons/chinesed
呼叫来自：adm/obj/master.c 的 preload() 第 98 行，物件： adm/obj/master
呼叫来自：adm/obj/master.c 的 CATCH() 第 98 行，物件： adm/obj/master
呼叫来自：adm/daemons/chinesed.c 的 create() 第 28 行，物件： adm/daemons/chinesed
呼叫来自：feature/save.c 的 restore() 第 19 行，物件： adm/daemons/chinesed
Initializations complete.

Accepting connections on port 4000.

执行时段错误：*restore_object(): Illegal file format.

程式：feature/save.c 第 19 行
物件: /clone/user/login#0
呼叫来自：<function> 的 <function>() 第 0 行，物件： adm/daemons/logind
呼叫来自：adm/daemons/logind.c 的 get_id() 第 144 行，物件： adm/daemons/logind
呼叫来自：feature/save.c 的 restore() 第 19 行，物件： clone/user/login#0
Initializing internal tables....

<---侠客行MUD: MudOs v22pre11 (by wwj,Jan  1 1999) startup on Microsoft Windows NT at Fri Sep 30 13:29:57 2016

using config file: config.cfg
Can't find "mudos", ignoring old binaries.
Try invoking the driver using the full pathname.
System Error: init_addr_server: connect: 由于目标计算机积极拒绝，无法连接。

]simul_efun loaded successfully.

Loading preloaded files ...
错误讯息被拦截: 
执行时段错误：*restore_object(): Illegal file format.

程式：feature/save.c 第 19 行
物件: /adm/daemons/chinesed
呼叫来自：adm/obj/master.c 的 preload() 第 98 行，物件： adm/obj/master
呼叫来自：adm/obj/master.c 的 CATCH() 第 98 行，物件： adm/obj/master
呼叫来自：adm/daemons/chinesed.c 的 create() 第 28 行，物件： adm/daemons/chinesed
呼叫来自：feature/save.c 的 restore() 第 19 行，物件： adm/daemons/chinesed
Initializations complete.

Accepting connections on port 4000.

执行时段错误：*restore_object(): Illegal file format.

程式：feature/save.c 第 19 行
物件: /clone/user/login#0
呼叫来自：<function> 的 <function>() 第 0 行，物件： adm/daemons/logind
呼叫来自：adm/daemons/logind.c 的 get_id() 第 144 行，物件： adm/daemons/logind
呼叫来自：feature/save.c 的 restore() 第 19 行，物件： clone/user/login#0

执行时段错误：*restore_object(): Illegal file format.

程式：feature/save.c 第 19 行
物件: /clone/user/login#1
呼叫来自：<function> 的 <function>() 第 0 行，物件： adm/daemons/logind
呼叫来自：adm/daemons/logind.c 的 get_id() 第 144 行，物件： adm/daemons/logind
呼叫来自：feature/save.c 的 restore() 第 19 行，物件： clone/user/login#1

执行时段错误：*restore_object(): Illegal file format.

程式：feature/save.c 第 19 行
物件: /clone/user/login#2
呼叫来自：<function> 的 <function>() 第 0 行，物件： adm/daemons/logind
呼叫来自：adm/daemons/logind.c 的 get_id() 第 144 行，物件： adm/daemons/logind
呼叫来自：feature/save.c 的 restore() 第 19 行，物件： clone/user/login#2
Initializing internal tables....

<---侠客行MUD: MudOs v22pre11 (by wwj,Jan  1 1999) startup on Microsoft Windows 95 at Fri Sep 30 13:33:53 2016

using config file: config.cfg
Can't find "mudos", ignoring old binaries.
Try invoking the driver using the full pathname.
System Error: init_addr_server: connect: 由于目标计算机积极拒绝，无法连接。

]simul_efun loaded successfully.

Loading preloaded files ...
错误讯息被拦截: 
执行时段错误：*restore_object(): Illegal file format.

程式：feature/save.c 第 19 行
物件: /adm/daemons/chinesed
呼叫来自：adm/obj/master.c 的 preload() 第 98 行，物件： adm/obj/master
呼叫来自：adm/obj/master.c 的 CATCH() 第 98 行，物件： adm/obj/master
呼叫来自：adm/daemons/chinesed.c 的 create() 第 28 行，物件： adm/daemons/chinesed
呼叫来自：feature/save.c 的 restore() 第 19 行，物件： adm/daemons/chinesed
Initializations complete.

Accepting connections on port 4000.
Initializing internal tables....

<---侠客行MUD: MudOs v22pre11 (by wwj,Jan  1 1999) startup on Microsoft Windows NT at Fri Sep 30 13:35:06 2016

using config file: config.cfg
Can't find "mudos", ignoring old binaries.
Try invoking the driver using the full pathname.
System Error: init_addr_server: connect: 由于目标计算机积极拒绝，无法连接。

]simul_efun loaded successfully.

Loading preloaded files ...
错误讯息被拦截: 
执行时段错误：*restore_object(): Illegal file format.

程式：feature/save.c 第 19 行
物件: /adm/daemons/chinesed
呼叫来自：adm/obj/master.c 的 preload() 第 98 行，物件： adm/obj/master
呼叫来自：adm/obj/master.c 的 CATCH() 第 98 行，物件： adm/obj/master
呼叫来自：adm/daemons/chinesed.c 的 create() 第 28 行，物件： adm/daemons/chinesed
呼叫来自：feature/save.c 的 restore() 第 19 行，物件： adm/daemons/chinesed
Initializations complete.

Accepting connections on port 4000.
Initializing internal tables....

<---侠客行MUD: MudOs v22pre11 (by wwj,Jan  1 1999) startup on Microsoft Windows NT at Fri Sep 30 13:36:00 2016

using config file: D:\MUD\jy\config.cfg
Can't find "mudos", ignoring old binaries.
Try invoking the driver using the full pathname.
System Error: init_addr_server: connect: 由于目标计算机积极拒绝，无法连接。

]simul_efun loaded successfully.

Loading preloaded files ...
错误讯息被拦截: 
执行时段错误：*restore_object(): Illegal file format.

程式：feature/save.c 第 19 行
物件: /adm/daemons/chinesed
呼叫来自：adm/obj/master.c 的 preload() 第 98 行，物件： adm/obj/master
呼叫来自：adm/obj/master.c 的 CATCH() 第 98 行，物件： adm/obj/master
呼叫来自：adm/daemons/chinesed.c 的 create() 第 28 行，物件： adm/daemons/chinesed
呼叫来自：feature/save.c 的 restore() 第 19 行，物件： adm/daemons/chinesed
Initializations complete.

Accepting connections on port 4000.
Initializing internal tables....

<---侠客行MUD: MudOs v22pre11 (by wwj,Jan  1 1999) startup on Microsoft Windows NT at Fri Sep 30 13:36:31 2016

using config file: D:\MUD\jy\config.cfg
Can't find "mudos", ignoring old binaries.
Try invoking the driver using the full pathname.
System Error: init_addr_server: connect: 由于目标计算机积极拒绝，无法连接。

]simul_efun loaded successfully.

Loading preloaded files ...
错误讯息被拦截: 
执行时段错误：*restore_object(): Illegal file format.

程式：feature/save.c 第 19 行
物件: /adm/daemons/chinesed
呼叫来自：adm/obj/master.c 的 preload() 第 98 行，物件： adm/obj/master
呼叫来自：adm/obj/master.c 的 CATCH() 第 98 行，物件： adm/obj/master
呼叫来自：adm/daemons/chinesed.c 的 create() 第 28 行，物件： adm/daemons/chinesed
呼叫来自：feature/save.c 的 restore() 第 19 行，物件： adm/daemons/chinesed
Initializations complete.

Accepting connections on port 4000.
Initializing internal tables....

<---侠客行MUD: MudOs v22pre11 (by wwj,Jan  1 1999) startup on Microsoft Windows NT at Fri Sep 30 13:37:08 2016

using config file: D:\MUD\jy\config.cfg
Can't find "mudos", ignoring old binaries.
Try invoking the driver using the full pathname.
System Error: init_addr_server: connect: 由于目标计算机积极拒绝，无法连接。

]simul_efun loaded successfully.

Loading preloaded files ...
错误讯息被拦截: 
执行时段错误：*restore_object(): Illegal file format.

程式：feature/save.c 第 19 行
物件: /adm/daemons/chinesed
呼叫来自：adm/obj/master.c 的 preload() 第 98 行，物件： adm/obj/master
呼叫来自：adm/obj/master.c 的 CATCH() 第 98 行，物件： adm/obj/master
呼叫来自：adm/daemons/chinesed.c 的 create() 第 28 行，物件： adm/daemons/chinesed
呼叫来自：feature/save.c 的 restore() 第 19 行，物件： adm/daemons/chinesed
Initializations complete.

Accepting connections on port 4000.
Initializing internal tables....

<---侠客行MUD: MudOs v22pre11 (by wwj,Jan  1 1999) startup on Microsoft Windows NT at Fri Sep 30 13:37:21 2016

using config file: D:\MUD\jy\config.cfg
Can't find "mudos", ignoring old binaries.
Try invoking the driver using the full pathname.
System Error: init_addr_server: connect: 由于目标计算机积极拒绝，无法连接。

]simul_efun loaded successfully.

Loading preloaded files ...
错误讯息被拦截: 
执行时段错误：*restore_object(): Illegal file format.

程式：feature/save.c 第 19 行
物件: /adm/daemons/chinesed
呼叫来自：adm/obj/master.c 的 preload() 第 98 行，物件： adm/obj/master
呼叫来自：adm/obj/master.c 的 CATCH() 第 98 行，物件： adm/obj/master
呼叫来自：adm/daemons/chinesed.c 的 create() 第 28 行，物件： adm/daemons/chinesed
呼叫来自：feature/save.c 的 restore() 第 19 行，物件： adm/daemons/chinesed
Initializations complete.

Accepting connections on port 4000.
Initializing internal tables....

<---侠客行MUD: MudOs v22pre11 (by wwj,Jan  1 1999) startup on Microsoft Windows NT at Fri Sep 30 13:37:54 2016

using config file: config.cfg
Can't find "mudos", ignoring old binaries.
Try invoking the driver using the full pathname.
System Error: init_addr_server: connect: 由于目标计算机积极拒绝，无法连接。

]simul_efun loaded successfully.

Loading preloaded files ...
错误讯息被拦截: 
执行时段错误：*restore_object(): Illegal file format.

程式：feature/save.c 第 19 行
物件: /adm/daemons/chinesed
呼叫来自：adm/obj/master.c 的 preload() 第 98 行，物件： adm/obj/master
呼叫来自：adm/obj/master.c 的 CATCH() 第 98 行，物件： adm/obj/master
呼叫来自：adm/daemons/chinesed.c 的 create() 第 28 行，物件： adm/daemons/chinesed
呼叫来自：feature/save.c 的 restore() 第 19 行，物件： adm/daemons/chinesed
Initializations complete.

Accepting connections on port 4000.
Initializing internal tables....
