99.03.14 13:06 B f:\mirror1\d\dali\beiguangchang.c --> www1.yn.cninfo.net /mudcctx/mudlib/d/dali beiguangchang.c
99.03.14 13:06 B f:\mirror1\d\dali\beiguangchang1.c --> www1.yn.cninfo.net /mudcctx/mudlib/d/dali beiguangchang1.c
99.03.14 13:06 B f:\mirror1\d\dali\beijie1.c --> www1.yn.cninfo.net /mudcctx/mudlib/d/dali beijie1.c
99.03.14 13:06 B f:\mirror1\d\dali\beijie2.c --> www1.yn.cninfo.net /mudcctx/mudlib/d/dali beijie2.c
99.03.14 13:06 B f:\mirror1\d\dali\beijie3.c --> www1.yn.cninfo.net /mudcctx/mudlib/d/dali beijie3.c
99.03.14 13:06 B f:\mirror1\d\dali\beimen.c --> www1.yn.cninfo.net /mudcctx/mudlib/d/dali beimen.c
99.03.14 13:06 B f:\mirror1\d\dali\changting.c --> www1.yn.cninfo.net /mudcctx/mudlib/d/dali changting.c
99.03.14 13:06 B f:\mirror1\d\dali\chapu.c --> www1.yn.cninfo.net /mudcctx/mudlib/d/dali chapu.c
99.03.14 13:06 B f:\mirror1\d\dali\chouduanpu.c --> www1.yn.cninfo.net /mudcctx/mudlib/d/dali chouduanpu.c
99.03.14 13:06 B f:\mirror1\d\dali\croad1.c --> www1.yn.cninfo.net /mudcctx/mudlib/d/dali croad1.c
99.03.14 13:06 B f:\mirror1\d\dali\croad10.c --> www1.yn.cninfo.net /mudcctx/mudlib/d/dali croad10.c
99.03.14 13:06 B f:\mirror1\d\dali\croad2.c --> www1.yn.cninfo.net /mudcctx/mudlib/d/dali croad2.c
99.03.14 13:06 B f:\mirror1\d\dali\croad3.c --> www1.yn.cninfo.net /mudcctx/mudlib/d/dali croad3.c
99.03.14 13:06 B f:\mirror1\d\dali\croad4.c --> www1.yn.cninfo.net /mudcctx/mudlib/d/dali croad4.c
99.03.14 13:06 B f:\mirror1\d\dali\croad5.c --> www1.yn.cninfo.net /mudcctx/mudlib/d/dali croad5.c
99.03.14 13:06 B f:\mirror1\d\dali\croad6.c --> www1.yn.cninfo.net /mudcctx/mudlib/d/dali croad6.c
99.03.14 13:06 B f:\mirror1\d\dali\croad7.c --> www1.yn.cninfo.net /mudcctx/mudlib/d/dali croad7.c
99.03.14 13:06 B f:\mirror1\d\dali\croad8.c --> www1.yn.cninfo.net /mudcctx/mudlib/d/dali croad8.c
99.03.14 13:06 B f:\mirror1\d\dali\croad9.c --> www1.yn.cninfo.net /mudcctx/mudlib/d/dali croad9.c
99.03.14 13:06 B f:\mirror1\d\dali\csroad1.c --> www1.yn.cninfo.net /mudcctx/mudlib/d/dali csroad1.c
99.03.14 13:06 B f:\mirror1\d\dali\csroad2.c --> www1.yn.cninfo.net /mudcctx/mudlib/d/dali csroad2.c
99.03.14 13:06 B f:\mirror1\d\dali\dangpu.c --> www1.yn.cninfo.net /mudcctx/mudlib/d/dali dangpu.c
99.03.14 13:06 B f:\mirror1\d\dali\daotian.c --> www1.yn.cninfo.net /mudcctx/mudlib/d/dali daotian.c
99.03.14 13:06 B f:\mirror1\d\dali\datiepu.c --> www1.yn.cninfo.net /mudcctx/mudlib/d/dali datiepu.c
99.03.14 13:06 B f:\mirror1\d\dali\dongjie.c --> www1.yn.cninfo.net /mudcctx/mudlib/d/dali dongjie.c
99.03.14 13:06 B f:\mirror1\d\dali\dongjie1.c --> www1.yn.cninfo.net /mudcctx/mudlib/d/dali dongjie1.c
99.03.14 13:06 B f:\mirror1\d\dali\dongmen.c --> www1.yn.cninfo.net /mudcctx/mudlib/d/dali dongmen.c
99.03.14 13:06 B f:\mirror1\d\dali\erhai1.c --> www1.yn.cninfo.net /mudcctx/mudlib/d/dali erhai1.c
99.03.14 13:06 B f:\mirror1\d\dali\erhai2.c --> www1.yn.cninfo.net /mudcctx/mudlib/d/dali erhai2.c
99.03.14 13:06 B f:\mirror1\d\dali\erhai3.c --> www1.yn.cninfo.net /mudcctx/mudlib/d/dali erhai3.c
99.03.14 13:06 B f:\mirror1\d\dali\fazi.c --> www1.yn.cninfo.net /mudcctx/mudlib/d/dali fazi.c
99.03.14 13:07 B f:\mirror1\d\dali\feng_baiyun.c --> www1.yn.cninfo.net /mudcctx/mudlib/d/dali feng_baiyun.c
99.03.14 13:07 B f:\mirror1\d\dali\feng_canglang.c --> www1.yn.cninfo.net /mudcctx/mudlib/d/dali feng_canglang.c
99.03.14 13:07 B f:\mirror1\d\dali\feng_foding.c --> www1.yn.cninfo.net /mudcctx/mudlib/d/dali feng_foding.c
99.03.14 13:07 B f:\mirror1\d\dali\feng_guanyin.c --> www1.yn.cninfo.net /mudcctx/mudlib/d/dali feng_guanyin.c
99.03.14 13:07 B f:\mirror1\d\dali\feng_heyun.c --> www1.yn.cninfo.net /mudcctx/mudlib/d/dali feng_heyun.c
99.03.14 13:07 B f:\mirror1\d\dali\feng_lan.c --> www1.yn.cninfo.net /mudcctx/mudlib/d/dali feng_lan.c
99.03.14 13:07 B f:\mirror1\d\dali\feng_lianhua.c --> www1.yn.cninfo.net /mudcctx/mudlib/d/dali feng_lianhua.c
99.03.14 13:07 B f:\mirror1\d\dali\feng_longquan.c --> www1.yn.cninfo.net /mudcctx/mudlib/d/dali feng_longquan.c
99.03.14 13:07 B f:\mirror1\d\dali\feng_maer.c --> www1.yn.cninfo.net /mudcctx/mudlib/d/dali feng_maer.c
99.03.14 13:07 B f:\mirror1\d\dali\feng_malong.c --> www1.yn.cninfo.net /mudcctx/mudlib/d/dali feng_malong.c
99.03.14 13:07 B f:\mirror1\d\dali\feng_sanyang.c --> www1.yn.cninfo.net /mudcctx/mudlib/d/dali feng_sanyang.c
99.03.14 13:07 B f:\mirror1\d\dali\feng_shengying.c --> www1.yn.cninfo.net /mudcctx/mudlib/d/dali feng_shengying.c
99.03.14 13:07 B f:\mirror1\d\dali\feng_wutai.c --> www1.yn.cninfo.net /mudcctx/mudlib/d/dali feng_wutai.c
99.03.14 13:07 B f:\mirror1\d\dali\feng_xieyang.c --> www1.yn.cninfo.net /mudcctx/mudlib/d/dali feng_xieyang.c
99.03.14 13:07 B f:\mirror1\d\dali\feng_xueren.c --> www1.yn.cninfo.net /mudcctx/mudlib/d/dali feng_xueren.c
99.03.14 13:07 B f:\mirror1\d\dali\feng_yingle.c --> www1.yn.cninfo.net /mudcctx/mudlib/d/dali feng_yingle.c
99.03.14 13:07 B f:\mirror1\d\dali\feng_yuju.c --> www1.yn.cninfo.net /mudcctx/mudlib/d/dali feng_yuju.c
99.03.14 13:07 B f:\mirror1\d\dali\feng_yunnong.c --> www1.yn.cninfo.net /mudcctx/mudlib/d/dali feng_yunnong.c
99.03.14 13:07 B f:\mirror1\d\dali\feng_zhonghe.c --> www1.yn.cninfo.net /mudcctx/mudlib/d/dali feng_zhonghe.c
99.03.14 13:07 B f:\mirror1\d\dali\froad1.c --> www1.yn.cninfo.net /mudcctx/mudlib/d/dali froad1.c
99.03.14 13:07 B f:\mirror1\d\dali\froad2.c --> www1.yn.cninfo.net /mudcctx/mudlib/d/dali froad2.c
99.03.14 13:07 B f:\mirror1\d\dali\gantongsi.c --> www1.yn.cninfo.net /mudcctx/mudlib/d/dali gantongsi.c
99.03.14 13:07 B f:\mirror1\d\dali\guangchang.c --> www1.yn.cninfo.net /mudcctx/mudlib/d/dali guangchang.c
99.03.14 13:07 B f:\mirror1\d\dali\hudiequan.c --> www1.yn.cninfo.net /mudcctx/mudlib/d/dali hudiequan.c
99.03.14 13:07 B f:\mirror1\d\dali\hutiao1.c --> www1.yn.cninfo.net /mudcctx/mudlib/d/dali hutiao1.c
99.03.14 13:07 B f:\mirror1\d\dali\hutiao10.c --> www1.yn.cninfo.net /mudcctx/mudlib/d/dali hutiao10.c
99.03.14 13:07 B f:\mirror1\d\dali\hutiao2.c --> www1.yn.cninfo.net /mudcctx/mudlib/d/dali hutiao2.c
99.03.14 13:07 B f:\mirror1\d\dali\hutiao3.c --> www1.yn.cninfo.net /mudcctx/mudlib/d/dali hutiao3.c
99.03.14 13:07 B f:\mirror1\d\dali\hutiao4.c --> www1.yn.cninfo.net /mudcctx/mudlib/d/dali hutiao4.c
99.03.14 13:07 B f:\mirror1\d\dali\hutiao5.c --> www1.yn.cninfo.net /mudcctx/mudlib/d/dali hutiao5.c
99.03.14 13:07 B f:\mirror1\d\dali\hutiao6.c --> www1.yn.cninfo.net /mudcctx/mudlib/d/dali hutiao6.c
99.03.14 13:07 B f:\mirror1\d\dali\hutiao7.c --> www1.yn.cninfo.net /mudcctx/mudlib/d/dali hutiao7.c
99.03.14 13:07 B f:\mirror1\d\dali\hutiao8.c --> www1.yn.cninfo.net /mudcctx/mudlib/d/dali hutiao8.c
99.03.14 13:07 B f:\mirror1\d\dali\hutiao9.c --> www1.yn.cninfo.net /mudcctx/mudlib/d/dali hutiao9.c
99.03.14 13:07 B f:\mirror1\d\dali\hutiaoshi.c --> www1.yn.cninfo.net /mudcctx/mudlib/d/dali hutiaoshi.c
99.03.14 13:07 B f:\mirror1\d\dali\jiaoshi1.c --> www1.yn.cninfo.net /mudcctx/mudlib/d/dali jiaoshi1.c
99.03.14 13:07 B f:\mirror1\d\dali\jiulou1.c --> www1.yn.cninfo.net /mudcctx/mudlib/d/dali jiulou1.c
99.03.14 13:07 B f:\mirror1\d\dali\maotoushan.c --> www1.yn.cninfo.net /mudcctx/mudlib/d/dali maotoushan.c
99.03.14 13:07 B f:\mirror1\d\dali\nanjie1.c --> www1.yn.cninfo.net /mudcctx/mudlib/d/dali nanjie1.c
99.03.14 13:07 B f:\mirror1\d\dali\nanjie2.c --> www1.yn.cninfo.net /mudcctx/mudlib/d/dali nanjie2.c
99.03.14 13:07 B f:\mirror1\d\dali\nanjie3.c --> www1.yn.cninfo.net /mudcctx/mudlib/d/dali nanjie3.c
99.03.14 13:07 B f:\mirror1\d\dali\nanmen.c --> www1.yn.cninfo.net /mudcctx/mudlib/d/dali nanmen.c
99.03.14 13:07 B f:\mirror1\d\dali\nroad1.c --> www1.yn.cninfo.net /mudcctx/mudlib/d/dali nroad1.c
99.03.14 13:07 B f:\mirror1\d\dali\nroad10.c --> www1.yn.cninfo.net /mudcctx/mudlib/d/dali nroad10.c
99.03.14 13:07 B f:\mirror1\d\dali\nroad11.c --> www1.yn.cninfo.net /mudcctx/mudlib/d/dali nroad11.c
99.03.14 13:07 B f:\mirror1\d\dali\nroad12.c --> www1.yn.cninfo.net /mudcctx/mudlib/d/dali nroad12.c
99.03.14 13:07 B f:\mirror1\d\dali\nroad13.c --> www1.yn.cninfo.net /mudcctx/mudlib/d/dali nroad13.c
99.03.14 13:07 B f:\mirror1\d\dali\nroad14.c --> www1.yn.cninfo.net /mudcctx/mudlib/d/dali nroad14.c
99.03.14 13:07 B f:\mirror1\d\dali\nroad15.c --> www1.yn.cninfo.net /mudcctx/mudlib/d/dali nroad15.c
99.03.14 13:07 B f:\mirror1\d\dali\nroad16-1.c --> www1.yn.cninfo.net /mudcctx/mudlib/d/dali nroad16-1.c
99.03.14 13:07 B f:\mirror1\d\dali\nroad16-2.c --> www1.yn.cninfo.net /mudcctx/mudlib/d/dali nroad16-2.c
99.03.14 13:07 B f:\mirror1\d\dali\nroad16-3.c --> www1.yn.cninfo.net /mudcctx/mudlib/d/dali nroad16-3.c
99.03.14 13:07 B f:\mirror1\d\dali\nroad16.c --> www1.yn.cninfo.net /mudcctx/mudlib/d/dali nroad16.c
99.03.14 13:07 B f:\mirror1\d\dali\nroad2.c --> www1.yn.cninfo.net /mudcctx/mudlib/d/dali nroad2.c
99.03.14 13:07 B f:\mirror1\d\dali\nroad3.c --> www1.yn.cninfo.net /mudcctx/mudlib/d/dali nroad3.c
99.03.14 13:07 B f:\mirror1\d\dali\nroad4.c --> www1.yn.cninfo.net /mudcctx/mudlib/d/dali nroad4.c
99.03.14 13:07 B f:\mirror1\d\dali\nroad5.c --> www1.yn.cninfo.net /mudcctx/mudlib/d/dali nroad5.c
99.03.14 13:07 B f:\mirror1\d\dali\nroad6.c --> www1.yn.cninfo.net /mudcctx/mudlib/d/dali nroad6.c
99.03.14 13:07 B f:\mirror1\d\dali\nroad7.c --> www1.yn.cninfo.net /mudcctx/mudlib/d/dali nroad7.c
99.03.14 13:07 B f:\mirror1\d\dali\nroad8.c --> www1.yn.cninfo.net /mudcctx/mudlib/d/dali nroad8.c
99.03.14 13:07 B f:\mirror1\d\dali\nroad9.c --> www1.yn.cninfo.net /mudcctx/mudlib/d/dali nroad9.c
99.03.14 13:07 B f:\mirror1\d\dali\qianzhuang.c --> www1.yn.cninfo.net /mudcctx/mudlib/d/dali qianzhuang.c
99.03.14 13:07 B f:\mirror1\d\dali\qiao1.c --> www1.yn.cninfo.net /mudcctx/mudlib/d/dali qiao1.c
99.03.14 13:07 B f:\mirror1\d\dali\qiao2.c --> www1.yn.cninfo.net /mudcctx/mudlib/d/dali qiao2.c
99.03.14 13:07 B f:\mirror1\d\dali\qiao3.c --> www1.yn.cninfo.net /mudcctx/mudlib/d/dali qiao3.c
99.03.14 13:07 B f:\mirror1\d\dali\qiao4.c --> www1.yn.cninfo.net /mudcctx/mudlib/d/dali qiao4.c
99.03.14 13:07 B f:\mirror1\d\dali\qiao5.c --> www1.yn.cninfo.net /mudcctx/mudlib/d/dali qiao5.c
99.03.14 13:07 B f:\mirror1\d\dali\qiao6.c --> www1.yn.cninfo.net /mudcctx/mudlib/d/dali qiao6.c
99.03.14 13:07 B f:\mirror1\d\dali\qiao7.c --> www1.yn.cninfo.net /mudcctx/mudlib/d/dali qiao7.c
99.03.14 13:07 B f:\mirror1\d\dali\qiao8.c --> www1.yn.cninfo.net /mudcctx/mudlib/d/dali qiao8.c
99.03.14 13:07 B f:\mirror1\d\dali\qiao9.c --> www1.yn.cninfo.net /mudcctx/mudlib/d/dali qiao9.c
99.03.14 13:07 B f:\mirror1\d\dali\road1.c --> www1.yn.cninfo.net /mudcctx/mudlib/d/dali road1.c
99.03.14 13:07 B f:\mirror1\d\dali\road2.c --> www1.yn.cninfo.net /mudcctx/mudlib/d/dali road2.c
99.03.14 13:07 B f:\mirror1\d\dali\road3.c --> www1.yn.cninfo.net /mudcctx/mudlib/d/dali road3.c
99.03.14 13:07 B f:\mirror1\d\dali\road4.c --> www1.yn.cninfo.net /mudcctx/mudlib/d/dali road4.c
99.03.14 13:07 B f:\mirror1\d\dali\road5.c --> www1.yn.cninfo.net /mudcctx/mudlib/d/dali road5.c
99.03.14 13:07 B f:\mirror1\d\dali\road6.c --> www1.yn.cninfo.net /mudcctx/mudlib/d/dali road6.c
99.03.14 13:07 B f:\mirror1\d\dali\room_can.c --> www1.yn.cninfo.net /mudcctx/mudlib/d/dali room_can.c
99.03.14 13:07 B f:\mirror1\d\dali\room_can1.c --> www1.yn.cninfo.net /mudcctx/mudlib/d/dali room_can1.c
99.03.14 13:07 B f:\mirror1\d\dali\santa1.c --> www1.yn.cninfo.net /mudcctx/mudlib/d/dali santa1.c
99.03.14 13:07 B f:\mirror1\d\dali\santa2.c --> www1.yn.cninfo.net /mudcctx/mudlib/d/dali santa2.c
99.03.14 13:07 B f:\mirror1\d\dali\sdong1.c --> www1.yn.cninfo.net /mudcctx/mudlib/d/dali sdong1.c
99.03.14 13:07 B f:\mirror1\d\dali\shangtan.c --> www1.yn.cninfo.net /mudcctx/mudlib/d/dali shangtan.c
99.03.14 13:07 B f:\mirror1\d\dali\shanlu.c --> www1.yn.cninfo.net /mudcctx/mudlib/d/dali shanlu.c
99.03.14 13:07 B f:\mirror1\d\dali\shanlu1.c --> www1.yn.cninfo.net /mudcctx/mudlib/d/dali shanlu1.c
99.03.14 13:07 B f:\mirror1\d\dali\shanmai1.c --> www1.yn.cninfo.net /mudcctx/mudlib/d/dali shanmai1.c
99.03.14 13:07 B f:\mirror1\d\dali\shanmai2.c --> www1.yn.cninfo.net /mudcctx/mudlib/d/dali shanmai2.c
99.03.14 13:07 B f:\mirror1\d\dali\shanmai3.c --> www1.yn.cninfo.net /mudcctx/mudlib/d/dali shanmai3.c
99.03.14 13:07 B f:\mirror1\d\dali\shanmai4.c --> www1.yn.cninfo.net /mudcctx/mudlib/d/dali shanmai4.c
99.03.14 13:07 B f:\mirror1\d\dali\shanmai5.c --> www1.yn.cninfo.net /mudcctx/mudlib/d/dali shanmai5.c
99.03.14 13:07 B f:\mirror1\d\dali\shanmai6.c --> www1.yn.cninfo.net /mudcctx/mudlib/d/dali shanmai6.c
99.03.14 13:07 B f:\mirror1\d\dali\shanzhaimen.c --> www1.yn.cninfo.net /mudcctx/mudlib/d/dali shanzhaimen.c
99.03.14 13:07 B f:\mirror1\d\dali\shiping.c --> www1.yn.cninfo.net /mudcctx/mudlib/d/dali shiping.c
99.03.14 13:07 B f:\mirror1\d\dali\shuyuan.c --> www1.yn.cninfo.net /mudcctx/mudlib/d/dali shuyuan.c
99.03.14 13:07 B f:\mirror1\d\dali\sroad1.c --> www1.yn.cninfo.net /mudcctx/mudlib/d/dali sroad1.c
99.03.14 13:07 B f:\mirror1\d\dali\sroad10.c --> www1.yn.cninfo.net /mudcctx/mudlib/d/dali sroad10.c
99.03.14 13:07 B f:\mirror1\d\dali\sroad2.c --> www1.yn.cninfo.net /mudcctx/mudlib/d/dali sroad2.c
99.03.14 13:07 B f:\mirror1\d\dali\sroad3.c --> www1.yn.cninfo.net /mudcctx/mudlib/d/dali sroad3.c
99.03.14 13:07 B f:\mirror1\d\dali\sroad4.c --> www1.yn.cninfo.net /mudcctx/mudlib/d/dali sroad4.c
99.03.14 13:08 B f:\mirror1\d\dali\sroad5.c --> www1.yn.cninfo.net /mudcctx/mudlib/d/dali sroad5.c
99.03.14 13:08 B f:\mirror1\d\dali\sroad6.c --> www1.yn.cninfo.net /mudcctx/mudlib/d/dali sroad6.c
99.03.14 13:08 B f:\mirror1\d\dali\sroad7.c --> www1.yn.cninfo.net /mudcctx/mudlib/d/dali sroad7.c
99.03.14 13:08 B f:\mirror1\d\dali\sroad8.c --> www1.yn.cninfo.net /mudcctx/mudlib/d/dali sroad8.c
99.03.14 13:08 B f:\mirror1\d\dali\sroad9.c --> www1.yn.cninfo.net /mudcctx/mudlib/d/dali sroad9.c
99.03.14 13:08 B f:\mirror1\d\dali\storage.c --> www1.yn.cninfo.net /mudcctx/mudlib/d/dali storage.c
99.03.14 13:08 B f:\mirror1\d\dali\tlsroad1.c --> www1.yn.cninfo.net /mudcctx/mudlib/d/dali tlsroad1.c
99.03.14 13:08 B f:\mirror1\d\dali\tlsroad2.c --> www1.yn.cninfo.net /mudcctx/mudlib/d/dali tlsroad2.c
99.03.14 13:08 B f:\mirror1\d\dali\Untitled --> www1.yn.cninfo.net /mudcctx/mudlib/d/dali Untitled
99.03.14 13:08 B f:\mirror1\d\dali\wanghaishi.c --> www1.yn.cninfo.net /mudcctx/mudlib/d/dali wanghaishi.c
99.03.14 13:08 B f:\mirror1\d\dali\wangyunshi.c --> www1.yn.cninfo.net /mudcctx/mudlib/d/dali wangyunshi.c
99.03.14 13:08 B f:\mirror1\d\dali\wroad1.c --> www1.yn.cninfo.net /mudcctx/mudlib/d/dali wroad1.c
99.03.14 13:08 B f:\mirror1\d\dali\wroad10.c --> www1.yn.cninfo.net /mudcctx/mudlib/d/dali wroad10.c
99.03.14 13:08 B f:\mirror1\d\dali\wroad11.c --> www1.yn.cninfo.net /mudcctx/mudlib/d/dali wroad11.c
99.03.14 13:08 B f:\mirror1\d\dali\wroad12.c --> www1.yn.cninfo.net /mudcctx/mudlib/d/dali wroad12.c
99.03.14 13:08 B f:\mirror1\d\dali\wroad13.c --> www1.yn.cninfo.net /mudcctx/mudlib/d/dali wroad13.c
99.03.14 13:08 B f:\mirror1\d\dali\wroad14.c --> www1.yn.cninfo.net /mudcctx/mudlib/d/dali wroad14.c
99.03.14 13:08 B f:\mirror1\d\dali\wroad2.c --> www1.yn.cninfo.net /mudcctx/mudlib/d/dali wroad2.c
99.03.14 13:08 B f:\mirror1\d\dali\wroad3.c --> www1.yn.cninfo.net /mudcctx/mudlib/d/dali wroad3.c
99.03.14 13:08 B f:\mirror1\d\dali\wroad4.c --> www1.yn.cninfo.net /mudcctx/mudlib/d/dali wroad4.c
99.03.14 13:08 B f:\mirror1\d\dali\wroad5.c --> www1.yn.cninfo.net /mudcctx/mudlib/d/dali wroad5.c
99.03.14 13:08 B f:\mirror1\d\dali\wroad6.c --> www1.yn.cninfo.net /mudcctx/mudlib/d/dali wroad6.c
99.03.14 13:08 B f:\mirror1\d\dali\wroad7.c --> www1.yn.cninfo.net /mudcctx/mudlib/d/dali wroad7.c
99.03.14 13:08 B f:\mirror1\d\dali\wroad8.c --> www1.yn.cninfo.net /mudcctx/mudlib/d/dali wroad8.c
99.03.14 13:08 B f:\mirror1\d\dali\wroad9.c --> www1.yn.cninfo.net /mudcctx/mudlib/d/dali wroad9.c
99.03.14 13:08 B f:\mirror1\d\dali\xi_baishi.c --> www1.yn.cninfo.net /mudcctx/mudlib/d/dali xi_baishi.c
99.03.14 13:08 B f:\mirror1\d\dali\xi_jin.c --> www1.yn.cninfo.net /mudcctx/mudlib/d/dali xi_jin.c
99.03.14 13:08 B f:\mirror1\d\dali\xi_jingyu.c --> www1.yn.cninfo.net /mudcctx/mudlib/d/dali xi_jingyu.c
99.03.14 13:08 B f:\mirror1\d\dali\xi_lingquan.c --> www1.yn.cninfo.net /mudcctx/mudlib/d/dali xi_lingquan.c
99.03.14 13:08 B f:\mirror1\d\dali\xi_long.c --> www1.yn.cninfo.net /mudcctx/mudlib/d/dali xi_long.c
99.03.14 13:08 B f:\mirror1\d\dali\xi_mangyong.c --> www1.yn.cninfo.net /mudcctx/mudlib/d/dali xi_mangyong.c
99.03.14 13:08 B f:\mirror1\d\dali\xi_mei.c --> www1.yn.cninfo.net /mudcctx/mudlib/d/dali xi_mei.c
99.03.14 13:08 B f:\mirror1\d\dali\xi_mocan.c --> www1.yn.cninfo.net /mudcctx/mudlib/d/dali xi_mocan.c
99.03.14 13:08 B f:\mirror1\d\dali\xi_qingbi.c --> www1.yn.cninfo.net /mudcctx/mudlib/d/dali xi_qingbi.c
99.03.14 13:08 B f:\mirror1\d\dali\xi_shuangyuan.c --> www1.yn.cninfo.net /mudcctx/mudlib/d/dali xi_shuangyuan.c
99.03.14 13:08 B f:\mirror1\d\dali\xi_tao.c --> www1.yn.cninfo.net /mudcctx/mudlib/d/dali xi_tao.c
99.03.14 13:08 B f:\mirror1\d\dali\xi_tingming.c --> www1.yn.cninfo.net /mudcctx/mudlib/d/dali xi_tingming.c
99.03.14 13:08 B f:\mirror1\d\dali\xi_wanhua.c --> www1.yn.cninfo.net /mudcctx/mudlib/d/dali xi_wanhua.c
99.03.14 13:08 B f:\mirror1\d\dali\xi_xiayi.c --> www1.yn.cninfo.net /mudcctx/mudlib/d/dali xi_xiayi.c
99.03.14 13:08 B f:\mirror1\d\dali\xi_yang.c --> www1.yn.cninfo.net /mudcctx/mudlib/d/dali xi_yang.c
99.03.14 13:08 B f:\mirror1\d\dali\xi_yangnan.c --> www1.yn.cninfo.net /mudcctx/mudlib/d/dali xi_yangnan.c
99.03.14 13:08 B f:\mirror1\d\dali\xi_yinxian.c --> www1.yn.cninfo.net /mudcctx/mudlib/d/dali xi_yinxian.c
99.03.14 13:08 B f:\mirror1\d\dali\xi_zhong.c --> www1.yn.cninfo.net /mudcctx/mudlib/d/dali xi_zhong.c
99.03.14 13:08 B f:\mirror1\d\dali\xiaolu.c --> www1.yn.cninfo.net /mudcctx/mudlib/d/dali xiaolu.c
99.03.14 13:08 B f:\mirror1\d\dali\xiaolu1.c --> www1.yn.cninfo.net /mudcctx/mudlib/d/dali xiaolu1.c
99.03.14 13:08 B f:\mirror1\d\dali\xiaoqiao.c --> www1.yn.cninfo.net /mudcctx/mudlib/d/dali xiaoqiao.c
99.03.14 13:08 B f:\mirror1\d\dali\xiatan.c --> www1.yn.cninfo.net /mudcctx/mudlib/d/dali xiatan.c
99.03.14 13:08 B f:\mirror1\d\dali\xijie.c --> www1.yn.cninfo.net /mudcctx/mudlib/d/dali xijie.c
99.03.14 13:08 B f:\mirror1\d\dali\xijie1.c --> www1.yn.cninfo.net /mudcctx/mudlib/d/dali xijie1.c
99.03.14 13:08 B f:\mirror1\d\dali\ximen.c --> www1.yn.cninfo.net /mudcctx/mudlib/d/dali ximen.c
99.03.14 13:08 B f:\mirror1\d\dali\xroad1.c --> www1.yn.cninfo.net /mudcctx/mudlib/d/dali xroad1.c
99.03.14 13:08 B f:\mirror1\d\dali\xroad10.c --> www1.yn.cninfo.net /mudcctx/mudlib/d/dali xroad10.c
99.03.14 13:08 B f:\mirror1\d\dali\xroad11.c --> www1.yn.cninfo.net /mudcctx/mudlib/d/dali xroad11.c
99.03.14 13:08 B f:\mirror1\d\dali\xroad12.c --> www1.yn.cninfo.net /mudcctx/mudlib/d/dali xroad12.c
99.03.14 13:08 B f:\mirror1\d\dali\xroad13.c --> www1.yn.cninfo.net /mudcctx/mudlib/d/dali xroad13.c
99.03.14 13:08 B f:\mirror1\d\dali\xroad14.c --> www1.yn.cninfo.net /mudcctx/mudlib/d/dali xroad14.c
99.03.14 13:08 B f:\mirror1\d\dali\xroad15.c --> www1.yn.cninfo.net /mudcctx/mudlib/d/dali xroad15.c
99.03.14 13:08 B f:\mirror1\d\dali\xroad16.c --> www1.yn.cninfo.net /mudcctx/mudlib/d/dali xroad16.c
99.03.14 13:08 B f:\mirror1\d\dali\xroad17.c --> www1.yn.cninfo.net /mudcctx/mudlib/d/dali xroad17.c
99.03.14 13:08 B f:\mirror1\d\dali\xroad18.c --> www1.yn.cninfo.net /mudcctx/mudlib/d/dali xroad18.c
99.03.14 13:08 B f:\mirror1\d\dali\xroad19.c --> www1.yn.cninfo.net /mudcctx/mudlib/d/dali xroad19.c
99.03.14 13:08 B f:\mirror1\d\dali\xroad2.c --> www1.yn.cninfo.net /mudcctx/mudlib/d/dali xroad2.c
99.03.14 13:08 B f:\mirror1\d\dali\xroad20.c --> www1.yn.cninfo.net /mudcctx/mudlib/d/dali xroad20.c
99.03.14 13:08 B f:\mirror1\d\dali\xroad21.c --> www1.yn.cninfo.net /mudcctx/mudlib/d/dali xroad21.c
99.03.14 13:08 B f:\mirror1\d\dali\xroad22.c --> www1.yn.cninfo.net /mudcctx/mudlib/d/dali xroad22.c
99.03.14 13:08 B f:\mirror1\d\dali\xroad23.c --> www1.yn.cninfo.net /mudcctx/mudlib/d/dali xroad23.c
99.03.14 13:08 B f:\mirror1\d\dali\xroad24.c --> www1.yn.cninfo.net /mudcctx/mudlib/d/dali xroad24.c
99.03.14 13:08 B f:\mirror1\d\dali\xroad25.c --> www1.yn.cninfo.net /mudcctx/mudlib/d/dali xroad25.c
99.03.14 13:08 B f:\mirror1\d\dali\xroad26.c --> www1.yn.cninfo.net /mudcctx/mudlib/d/dali xroad26.c
99.03.14 13:08 B f:\mirror1\d\dali\xroad27.c --> www1.yn.cninfo.net /mudcctx/mudlib/d/dali xroad27.c
99.03.14 13:08 B f:\mirror1\d\dali\xroad28.c --> www1.yn.cninfo.net /mudcctx/mudlib/d/dali xroad28.c
99.03.14 13:08 B f:\mirror1\d\dali\xroad29.c --> www1.yn.cninfo.net /mudcctx/mudlib/d/dali xroad29.c
99.03.14 13:08 B f:\mirror1\d\dali\xroad3.c --> www1.yn.cninfo.net /mudcctx/mudlib/d/dali xroad3.c
99.03.14 13:08 B f:\mirror1\d\dali\xroad4.c --> www1.yn.cninfo.net /mudcctx/mudlib/d/dali xroad4.c
99.03.14 13:08 B f:\mirror1\d\dali\xroad5.c --> www1.yn.cninfo.net /mudcctx/mudlib/d/dali xroad5.c
99.03.14 13:08 B f:\mirror1\d\dali\xroad6.c --> www1.yn.cninfo.net /mudcctx/mudlib/d/dali xroad6.c
99.03.14 13:08 B f:\mirror1\d\dali\xroad7.c --> www1.yn.cninfo.net /mudcctx/mudlib/d/dali xroad7.c
99.03.14 13:08 B f:\mirror1\d\dali\xroad8.c --> www1.yn.cninfo.net /mudcctx/mudlib/d/dali xroad8.c
99.03.14 13:08 B f:\mirror1\d\dali\xroad9.c --> www1.yn.cninfo.net /mudcctx/mudlib/d/dali xroad9.c
99.03.14 13:09 B f:\mirror1\d\dali\xuanya.c --> www1.yn.cninfo.net /mudcctx/mudlib/d/dali xuanya.c
99.03.14 13:09 B f:\mirror1\d\dali\xuanya1.c --> www1.yn.cninfo.net /mudcctx/mudlib/d/dali xuanya1.c
99.03.14 13:09 B f:\mirror1\d\dali\xuanyading.c --> www1.yn.cninfo.net /mudcctx/mudlib/d/dali xuanyading.c
99.03.14 13:09 B f:\mirror1\d\dali\xueshan1.c --> www1.yn.cninfo.net /mudcctx/mudlib/d/dali xueshan1.c
99.03.14 13:09 B f:\mirror1\d\dali\xueshan10.c --> www1.yn.cninfo.net /mudcctx/mudlib/d/dali xueshan10.c
99.03.14 13:09 B f:\mirror1\d\dali\xueshan11.c --> www1.yn.cninfo.net /mudcctx/mudlib/d/dali xueshan11.c
99.03.14 13:09 B f:\mirror1\d\dali\xueshan2.c --> www1.yn.cninfo.net /mudcctx/mudlib/d/dali xueshan2.c
99.03.14 13:09 B f:\mirror1\d\dali\xueshan3.c --> www1.yn.cninfo.net /mudcctx/mudlib/d/dali xueshan3.c
99.03.14 13:09 B f:\mirror1\d\dali\xueshan4.c --> www1.yn.cninfo.net /mudcctx/mudlib/d/dali xueshan4.c
99.03.14 13:09 B f:\mirror1\d\dali\xueshan5.c --> www1.yn.cninfo.net /mudcctx/mudlib/d/dali xueshan5.c
99.03.14 13:09 B f:\mirror1\d\dali\xueshan6.c --> www1.yn.cninfo.net /mudcctx/mudlib/d/dali xueshan6.c
99.03.14 13:09 B f:\mirror1\d\dali\xueshan7.c --> www1.yn.cninfo.net /mudcctx/mudlib/d/dali xueshan7.c
99.03.14 13:09 B f:\mirror1\d\dali\xueshan8.c --> www1.yn.cninfo.net /mudcctx/mudlib/d/dali xueshan8.c
99.03.14 13:09 B f:\mirror1\d\dali\xueshan9.c --> www1.yn.cninfo.net /mudcctx/mudlib/d/dali xueshan9.c
99.03.14 13:09 B f:\mirror1\d\dali\yaopu.c --> www1.yn.cninfo.net /mudcctx/mudlib/d/dali yaopu.c
99.03.14 13:09 B f:\mirror1\d\dali\yubi1.c --> www1.yn.cninfo.net /mudcctx/mudlib/d/dali yubi1.c
99.03.14 13:09 B f:\mirror1\d\dali\yubi2.c --> www1.yn.cninfo.net /mudcctx/mudlib/d/dali yubi2.c
99.03.14 13:09 B f:\mirror1\d\dali\yubi3.c --> www1.yn.cninfo.net /mudcctx/mudlib/d/dali yubi3.c
99.03.14 13:09 B f:\mirror1\d\dali\yubi4.c --> www1.yn.cninfo.net /mudcctx/mudlib/d/dali yubi4.c
99.03.14 13:09 B f:\mirror1\d\dali\yubi5.c --> www1.yn.cninfo.net /mudcctx/mudlib/d/dali yubi5.c
99.03.14 13:09 B f:\mirror1\d\dali\yubi6.c --> www1.yn.cninfo.net /mudcctx/mudlib/d/dali yubi6.c
99.03.14 13:09 B f:\mirror1\d\dali\yubi7.c --> www1.yn.cninfo.net /mudcctx/mudlib/d/dali yubi7.c
99.03.14 13:09 B f:\mirror1\d\dali\zahuopu.c --> www1.yn.cninfo.net /mudcctx/mudlib/d/dali zahuopu.c
99.03.14 13:09 B f:\mirror1\d\dali\zhongtan.c --> www1.yn.cninfo.net /mudcctx/mudlib/d/dali zhongtan.c
