2003.06.15 10:13 B F:\login\d\dadada.o <-- www.vmud.com /lonely/mudlib/data/login/d dadada.o
2003.06.15 10:13 B F:\login\d\dahai.o <-- www.vmud.com /lonely/mudlib/data/login/d dahai.o
2003.06.15 10:13 B F:\login\d\dalfjas.o <-- www.vmud.com /lonely/mudlib/data/login/d dalfjas.o
2003.06.15 10:13 B F:\login\d\dalidami.o <-- www.vmud.com /lonely/mudlib/data/login/d dalidami.o
2003.06.15 10:13 B F:\login\d\dami.o <-- www.vmud.com /lonely/mudlib/data/login/d dami.o
2003.06.15 10:13 B F:\login\d\damii.o <-- www.vmud.com /lonely/mudlib/data/login/d damii.o
2003.06.15 10:13 B F:\login\d\damimia.o <-- www.vmud.com /lonely/mudlib/data/login/d damimia.o
2003.06.15 10:13 B F:\login\d\daming.o <-- www.vmud.com /lonely/mudlib/data/login/d daming.o
2003.06.15 10:13 B F:\login\d\damis.o <-- www.vmud.com /lonely/mudlib/data/login/d damis.o
2003.06.15 10:13 B F:\login\d\danbo.o <-- www.vmud.com /lonely/mudlib/data/login/d danbo.o
2003.06.15 10:13 B F:\login\d\dance.o <-- www.vmud.com /lonely/mudlib/data/login/d dance.o
2003.06.15 10:13 B F:\login\d\daniu.o <-- www.vmud.com /lonely/mudlib/data/login/d daniu.o
2003.06.15 10:13 B F:\login\d\dao.o <-- www.vmud.com /lonely/mudlib/data/login/d dao.o
2003.06.15 10:13 B F:\login\d\daodao.o <-- www.vmud.com /lonely/mudlib/data/login/d daodao.o
2003.06.15 10:13 B F:\login\d\dark.o <-- www.vmud.com /lonely/mudlib/data/login/d dark.o
2003.06.15 10:13 B F:\login\d\darkk.o <-- www.vmud.com /lonely/mudlib/data/login/d darkk.o
2003.06.15 10:13 B F:\login\d\darktoo.o <-- www.vmud.com /lonely/mudlib/data/login/d darktoo.o
2003.06.15 10:13 B F:\login\d\date.o <-- www.vmud.com /lonely/mudlib/data/login/d date.o
2003.06.15 10:13 B F:\login\d\daymon.o <-- www.vmud.com /lonely/mudlib/data/login/d daymon.o
2003.06.15 10:13 B F:\login\d\dbt.o <-- www.vmud.com /lonely/mudlib/data/login/d dbt.o
2003.06.15 10:13 B F:\login\d\ddaa.o <-- www.vmud.com /lonely/mudlib/data/login/d ddaa.o
2003.06.15 10:13 B F:\login\d\ddbb.o <-- www.vmud.com /lonely/mudlib/data/login/d ddbb.o
2003.06.15 10:13 B F:\login\d\dddv.o <-- www.vmud.com /lonely/mudlib/data/login/d dddv.o
2003.06.15 10:13 B F:\login\d\ddk.o <-- www.vmud.com /lonely/mudlib/data/login/d ddk.o
2003.06.15 10:13 B F:\login\d\ddoy.o <-- www.vmud.com /lonely/mudlib/data/login/d ddoy.o
2003.06.15 10:13 B F:\login\d\ddw.o <-- www.vmud.com /lonely/mudlib/data/login/d ddw.o
2003.06.15 10:13 B F:\login\d\deicide.o <-- www.vmud.com /lonely/mudlib/data/login/d deicide.o
2003.06.15 10:13 B F:\login\d\delphyne.o <-- www.vmud.com /lonely/mudlib/data/login/d delphyne.o
2003.06.15 10:13 B F:\login\d\despair.o <-- www.vmud.com /lonely/mudlib/data/login/d despair.o
2003.06.15 10:13 B F:\login\d\devil.o <-- www.vmud.com /lonely/mudlib/data/login/d devil.o
2003.06.15 10:13 B F:\login\d\dhl.o <-- www.vmud.com /lonely/mudlib/data/login/d dhl.o
2003.06.15 10:13 B F:\login\d\difei.o <-- www.vmud.com /lonely/mudlib/data/login/d difei.o
2003.06.15 10:13 B F:\login\d\ding.o <-- www.vmud.com /lonely/mudlib/data/login/d ding.o
2003.06.15 10:13 B F:\login\d\dio.o <-- www.vmud.com /lonely/mudlib/data/login/d dio.o
2003.06.15 10:13 B F:\login\d\disco.o <-- www.vmud.com /lonely/mudlib/data/login/d disco.o
2003.06.15 10:13 B F:\login\d\dizi.o <-- www.vmud.com /lonely/mudlib/data/login/d dizi.o
2003.06.15 10:13 B F:\login\d\djs.o <-- www.vmud.com /lonely/mudlib/data/login/d djs.o
2003.06.15 10:13 B F:\login\d\dkdk.o <-- www.vmud.com /lonely/mudlib/data/login/d dkdk.o
2003.06.15 10:13 B F:\login\d\dmgy.o <-- www.vmud.com /lonely/mudlib/data/login/d dmgy.o
2003.06.15 10:13 B F:\login\d\dna.o <-- www.vmud.com /lonely/mudlib/data/login/d dna.o
2003.06.15 10:13 B F:\login\d\dodo.o <-- www.vmud.com /lonely/mudlib/data/login/d dodo.o
2003.06.15 10:13 B F:\login\d\dog.o <-- www.vmud.com /lonely/mudlib/data/login/d dog.o
2003.06.15 10:13 B F:\login\d\doing.o <-- www.vmud.com /lonely/mudlib/data/login/d doing.o
2003.06.15 10:13 B F:\login\d\dong.o <-- www.vmud.com /lonely/mudlib/data/login/d dong.o
2003.06.15 10:13 B F:\login\d\dongsw.o <-- www.vmud.com /lonely/mudlib/data/login/d dongsw.o
2003.06.15 10:13 B F:\login\d\dongtian.o <-- www.vmud.com /lonely/mudlib/data/login/d dongtian.o
2003.06.15 10:13 B F:\login\d\dongua.o <-- www.vmud.com /lonely/mudlib/data/login/d dongua.o
2003.06.15 10:13 B F:\login\d\doom.o <-- www.vmud.com /lonely/mudlib/data/login/d doom.o
2003.06.15 10:13 B F:\login\d\doswink.o <-- www.vmud.com /lonely/mudlib/data/login/d doswink.o
2003.06.15 10:13 B F:\login\d\douhong.o <-- www.vmud.com /lonely/mudlib/data/login/d douhong.o
2003.06.15 10:13 B F:\login\d\douyenkr.o <-- www.vmud.com /lonely/mudlib/data/login/d douyenkr.o
2003.06.15 10:13 B F:\login\d\dragon.o <-- www.vmud.com /lonely/mudlib/data/login/d dragon.o
2003.06.15 10:13 B F:\login\d\dragonash.o <-- www.vmud.com /lonely/mudlib/data/login/d dragonash.o
2003.06.15 10:13 B F:\login\d\dragonfly.o <-- www.vmud.com /lonely/mudlib/data/login/d dragonfly.o
2003.06.15 10:13 B F:\login\d\dragongod.o <-- www.vmud.com /lonely/mudlib/data/login/d dragongod.o
2003.06.15 10:13 B F:\login\d\dragons.o <-- www.vmud.com /lonely/mudlib/data/login/d dragons.o
2003.06.15 10:13 B F:\login\d\drak.o <-- www.vmud.com /lonely/mudlib/data/login/d drak.o
2003.06.15 10:13 B F:\login\d\drck.o <-- www.vmud.com /lonely/mudlib/data/login/d drck.o
2003.06.15 10:13 B F:\login\d\dream.o <-- www.vmud.com /lonely/mudlib/data/login/d dream.o
2003.06.15 10:13 B F:\login\d\drink.o <-- www.vmud.com /lonely/mudlib/data/login/d drink.o
2003.06.15 10:13 B F:\login\d\drzhang.o <-- www.vmud.com /lonely/mudlib/data/login/d drzhang.o
2003.06.15 10:13 B F:\login\d\dsds.o <-- www.vmud.com /lonely/mudlib/data/login/d dsds.o
2003.06.15 10:13 B F:\login\d\dudu.o <-- www.vmud.com /lonely/mudlib/data/login/d dudu.o
2003.06.15 10:13 B F:\login\d\dugu.o <-- www.vmud.com /lonely/mudlib/data/login/d dugu.o
2003.06.15 10:13 B F:\login\d\dugucan.o <-- www.vmud.com /lonely/mudlib/data/login/d dugucan.o
2003.06.15 10:13 B F:\login\d\dummya.o <-- www.vmud.com /lonely/mudlib/data/login/d dummya.o
2003.06.15 10:13 B F:\login\d\dummyb.o <-- www.vmud.com /lonely/mudlib/data/login/d dummyb.o
2003.06.15 10:13 B F:\login\d\dummyc.o <-- www.vmud.com /lonely/mudlib/data/login/d dummyc.o
2003.06.15 10:13 B F:\login\d\duoduo.o <-- www.vmud.com /lonely/mudlib/data/login/d duoduo.o
2003.06.15 10:13 B F:\login\d\dweller.o <-- www.vmud.com /lonely/mudlib/data/login/d dweller.o
2003.06.15 10:13 B F:\login\d\dxa.o <-- www.vmud.com /lonely/mudlib/data/login/d dxa.o
2003.06.15 10:13 B F:\login\d\dyou.o <-- www.vmud.com /lonely/mudlib/data/login/d dyou.o
