
<---Mudos v22pre11 for WIN95/NT (by wwj,May 18 1998) Config: 书剑飘零 startup at Fri Oct 19 09:06:18 2001

using config file: config.wd
----------------------------------------------------------------------------
书剑飘零 (MudOS v22pre11) starting up on Microsoft Windows 95 - Fri Oct 19 09:06:18 2001


Can't find "mudos", ignoring old binaries.
Try invoking the driver using the full pathname.
System Error: init_addr_server: connect:Bad address
]simul_efun loaded successfully.

Loading preloaded files ...
Initializations complete.

Accepting connections on port 8888.
Initializing internal tables....

<---Mudos v22pre11 for WIN95/NT (by wwj,May 18 1998) Config: 书剑飘零 startup at Fri Oct 19 09:07:45 2001

using config file: config.wd
----------------------------------------------------------------------------
书剑飘零 (MudOS v22pre11) starting up on Microsoft Windows 95 - Fri Oct 19 09:07:45 2001


Can't find "mudos", ignoring old binaries.
Try invoking the driver using the full pathname.
System Error: init_addr_server: connect:Bad address
]simul_efun loaded successfully.

Loading preloaded files ...
Initializations complete.

Accepting connections on port 8888.
get_user_data: read on fd 180
System Error: get_user_data: read:操作成功完成。

Initializing internal tables....
