2003.06.15 10:31 B F:\user\h\hacker.o <-- www.vmud.com /lonely/mudlib/data/user/h hacker.o
2003.06.15 10:31 B F:\user\h\hahaa.o <-- www.vmud.com /lonely/mudlib/data/user/h hahaa.o
2003.06.15 10:31 B F:\user\h\hahab.o <-- www.vmud.com /lonely/mudlib/data/user/h hahab.o
2003.06.15 10:31 B F:\user\h\hahar.o <-- www.vmud.com /lonely/mudlib/data/user/h hahar.o
2003.06.15 10:31 B F:\user\h\hahasss.o <-- www.vmud.com /lonely/mudlib/data/user/h hahasss.o
2003.06.15 10:31 B F:\user\h\haier.o <-- www.vmud.com /lonely/mudlib/data/user/h haier.o
2003.06.15 10:31 B F:\user\h\haigongong.o <-- www.vmud.com /lonely/mudlib/data/user/h haigongong.o
2003.06.15 10:31 B F:\user\h\haizhizi.o <-- www.vmud.com /lonely/mudlib/data/user/h haizhizi.o
2003.06.15 10:31 B F:\user\h\haka.o <-- www.vmud.com /lonely/mudlib/data/user/h haka.o
2003.06.15 10:31 B F:\user\h\hammer.o <-- www.vmud.com /lonely/mudlib/data/user/h hammer.o
2003.06.15 10:31 B F:\user\h\han.o <-- www.vmud.com /lonely/mudlib/data/user/h han.o
2003.06.15 10:31 B F:\user\h\haner.o <-- www.vmud.com /lonely/mudlib/data/user/h haner.o
2003.06.15 10:31 B F:\user\h\hanxx.o <-- www.vmud.com /lonely/mudlib/data/user/h hanxx.o
2003.06.15 10:31 B F:\user\h\haolp.o <-- www.vmud.com /lonely/mudlib/data/user/h haolp.o
2003.06.15 10:31 B F:\user\h\haomi.o <-- www.vmud.com /lonely/mudlib/data/user/h haomi.o
2003.06.15 10:31 B F:\user\h\happy.o <-- www.vmud.com /lonely/mudlib/data/user/h happy.o
2003.06.15 10:31 B F:\user\h\hatehate.o <-- www.vmud.com /lonely/mudlib/data/user/h hatehate.o
2003.06.15 10:31 B F:\user\h\hateny.o <-- www.vmud.com /lonely/mudlib/data/user/h hateny.o
2003.06.15 10:31 B F:\user\h\haven.o <-- www.vmud.com /lonely/mudlib/data/user/h haven.o
2003.06.15 10:31 B F:\user\h\hayou.o <-- www.vmud.com /lonely/mudlib/data/user/h hayou.o
2003.06.15 10:31 B F:\user\h\hdj.o <-- www.vmud.com /lonely/mudlib/data/user/h hdj.o
2003.06.15 10:31 B F:\user\h\heart.o <-- www.vmud.com /lonely/mudlib/data/user/h heart.o
2003.06.15 10:31 B F:\user\h\heartsay.o <-- www.vmud.com /lonely/mudlib/data/user/h heartsay.o
2003.06.15 10:31 B F:\user\h\heero.o <-- www.vmud.com /lonely/mudlib/data/user/h heero.o
2003.06.15 10:31 B F:\user\h\hehe.o <-- www.vmud.com /lonely/mudlib/data/user/h hehe.o
2003.06.15 10:31 B F:\user\h\hell.o <-- www.vmud.com /lonely/mudlib/data/user/h hell.o
2003.06.15 10:31 B F:\user\h\hem.o <-- www.vmud.com /lonely/mudlib/data/user/h hem.o
2003.06.15 10:31 B F:\user\h\hena.o <-- www.vmud.com /lonely/mudlib/data/user/h hena.o
2003.06.15 10:31 B F:\user\h\henb.o <-- www.vmud.com /lonely/mudlib/data/user/h henb.o
2003.06.15 10:31 B F:\user\h\henc.o <-- www.vmud.com /lonely/mudlib/data/user/h henc.o
2003.06.15 10:31 B F:\user\h\hend.o <-- www.vmud.com /lonely/mudlib/data/user/h hend.o
2003.06.15 10:31 B F:\user\h\hene.o <-- www.vmud.com /lonely/mudlib/data/user/h hene.o
2003.06.15 10:31 B F:\user\h\henf.o <-- www.vmud.com /lonely/mudlib/data/user/h henf.o
2003.06.15 10:31 B F:\user\h\heng.o <-- www.vmud.com /lonely/mudlib/data/user/h heng.o
2003.06.15 10:31 B F:\user\h\henh.o <-- www.vmud.com /lonely/mudlib/data/user/h henh.o
2003.06.15 10:31 B F:\user\h\heni.o <-- www.vmud.com /lonely/mudlib/data/user/h heni.o
2003.06.15 10:31 B F:\user\h\henj.o <-- www.vmud.com /lonely/mudlib/data/user/h henj.o
2003.06.15 10:31 B F:\user\h\hercales.o <-- www.vmud.com /lonely/mudlib/data/user/h hercales.o
2003.06.15 10:31 B F:\user\h\hermit.o <-- www.vmud.com /lonely/mudlib/data/user/h hermit.o
2003.06.15 10:31 B F:\user\h\hero.o <-- www.vmud.com /lonely/mudlib/data/user/h hero.o
2003.06.15 10:31 B F:\user\h\heshang.o <-- www.vmud.com /lonely/mudlib/data/user/h heshang.o
2003.06.15 10:31 B F:\user\h\hhf.o <-- www.vmud.com /lonely/mudlib/data/user/h hhf.o
2003.06.15 10:31 B F:\user\h\hifer.o <-- www.vmud.com /lonely/mudlib/data/user/h hifer.o
2003.06.15 10:31 B F:\user\h\hihi.o <-- www.vmud.com /lonely/mudlib/data/user/h hihi.o
2003.06.15 10:31 B F:\user\h\hilary.o <-- www.vmud.com /lonely/mudlib/data/user/h hilary.o
2003.06.15 10:31 B F:\user\h\hilfei.o <-- www.vmud.com /lonely/mudlib/data/user/h hilfei.o
2003.06.15 10:31 B F:\user\h\hjx.o <-- www.vmud.com /lonely/mudlib/data/user/h hjx.o
2003.06.15 10:31 B F:\user\h\hjxa.o <-- www.vmud.com /lonely/mudlib/data/user/h hjxa.o
2003.06.15 10:31 B F:\user\h\hkman.o <-- www.vmud.com /lonely/mudlib/data/user/h hkman.o
2003.06.15 10:31 B F:\user\h\hmj.o <-- www.vmud.com /lonely/mudlib/data/user/h hmj.o
2003.06.15 10:31 B F:\user\h\hmmm.o <-- www.vmud.com /lonely/mudlib/data/user/h hmmm.o
2003.06.15 10:31 B F:\user\h\holy.o <-- www.vmud.com /lonely/mudlib/data/user/h holy.o
2003.06.15 10:31 B F:\user\h\holyfire.o <-- www.vmud.com /lonely/mudlib/data/user/h holyfire.o
2003.06.15 10:31 B F:\user\h\holyice.o <-- www.vmud.com /lonely/mudlib/data/user/h holyice.o
2003.06.15 10:31 B F:\user\h\holys.o <-- www.vmud.com /lonely/mudlib/data/user/h holys.o
2003.06.15 10:32 B F:\user\h\hong.o <-- www.vmud.com /lonely/mudlib/data/user/h hong.o
2003.06.15 10:32 B F:\user\h\hongdou.o <-- www.vmud.com /lonely/mudlib/data/user/h hongdou.o
2003.06.15 10:32 B F:\user\h\hongye.o <-- www.vmud.com /lonely/mudlib/data/user/h hongye.o
2003.06.15 10:32 B F:\user\h\hook.o <-- www.vmud.com /lonely/mudlib/data/user/h hook.o
2003.06.15 10:32 B F:\user\h\hope.o <-- www.vmud.com /lonely/mudlib/data/user/h hope.o
2003.06.15 10:32 B F:\user\h\hopee.o <-- www.vmud.com /lonely/mudlib/data/user/h hopee.o
2003.06.15 10:32 B F:\user\h\hqahb.o <-- www.vmud.com /lonely/mudlib/data/user/h hqahb.o
2003.06.15 10:32 B F:\user\h\hsbb.o <-- www.vmud.com /lonely/mudlib/data/user/h hsbb.o
2003.06.15 10:32 B F:\user\h\hsl.o <-- www.vmud.com /lonely/mudlib/data/user/h hsl.o
2003.06.15 10:32 B F:\user\h\huashan.o <-- www.vmud.com /lonely/mudlib/data/user/h huashan.o
2003.06.15 10:32 B F:\user\h\huashandz.o <-- www.vmud.com /lonely/mudlib/data/user/h huashandz.o
2003.06.15 10:32 B F:\user\h\huashangg.o <-- www.vmud.com /lonely/mudlib/data/user/h huashangg.o
2003.06.15 10:32 B F:\user\h\huashanid.o <-- www.vmud.com /lonely/mudlib/data/user/h huashanid.o
2003.06.15 10:32 B F:\user\h\huatuo.o <-- www.vmud.com /lonely/mudlib/data/user/h huatuo.o
2003.06.15 10:32 B F:\user\h\hubb.o <-- www.vmud.com /lonely/mudlib/data/user/h hubb.o
2003.06.15 10:32 B F:\user\h\hubert.o <-- www.vmud.com /lonely/mudlib/data/user/h hubert.o
2003.06.15 10:32 B F:\user\h\hugoe.o <-- www.vmud.com /lonely/mudlib/data/user/h hugoe.o
2003.06.15 10:32 B F:\user\h\huizi.o <-- www.vmud.com /lonely/mudlib/data/user/h huizi.o
2003.06.15 10:32 B F:\user\h\hujia.o <-- www.vmud.com /lonely/mudlib/data/user/h hujia.o
2003.06.15 10:32 B F:\user\h\huoer.o <-- www.vmud.com /lonely/mudlib/data/user/h huoer.o
2003.06.15 10:32 B F:\user\h\huy.o <-- www.vmud.com /lonely/mudlib/data/user/h huy.o
2003.06.15 10:32 B F:\user\h\hwj.o <-- www.vmud.com /lonely/mudlib/data/user/h hwj.o
2003.06.15 10:32 B F:\user\h\hxzinue.o <-- www.vmud.com /lonely/mudlib/data/user/h hxzinue.o
2003.06.15 10:32 B F:\user\h\hyg.o <-- www.vmud.com /lonely/mudlib/data/user/h hyg.o
