Sun Apr  4 01:12:35 GMT 1999
/usr/libexec/ld.so: warning: /usr/lib/libc.so.3.0: minor version 0 older than expected 1, using it anyway
using config file: /var/mud/bin/config.cfg
----------------------------------------------------------------------------
侠客英雄传(华立站) (MudOS v22pre11) starting up on FreeBSD - Sun Apr  4 01:12:35 1999


Connection to address server (localhost 3990) refused.

Loading preloaded files ...
*Error in loading object '/adm/daemons/network/services/mudlist_a'
program: /adm/daemons/network/dns_master.c, object: /adm/daemons/network/dns_master, file: /adm/daemons/network/dns_master.c:814
'        preload' in '    adm/obj/master.c' ('      adm/obj/master') /adm/obj/master.c:104
'          CATCH' in '    adm/obj/master.c' ('      adm/obj/master') /adm/obj/master.c:104
'         create' in 'adm/daemons/network/dns_master.c' ('adm/daemons/network/dns_master') /adm/daemons/network/dns_master.c:814
Initializations complete.

Accepting connections on port 8888.
3
3
3
3
F_SKILL: No such skill (kunlun-force)
program: /feature/skill.c, object: /d/jiangjunfu/npc/guanbing, file: /feature/skill.c:20
'     heart_beat' in '          std/char.c' ('d/center/npc/lao-heshang#404') /std/char.c:107
'           chat' in '      std/char/npc.c' ('d/center/npc/lao-heshang#404') /std/char/npc.c:135
'     <function>' in '          <function>' ('d/center/npc/lao-heshang#404') 
'    random_move' in '      std/char/npc.c' ('d/center/npc/lao-heshang#404') /std/char/npc.c:151
'   command_hook' in '   feature/command.c' ('d/center/npc/lao-heshang#404') /feature/command.c:66
'           main' in '       cmds/std/go.c' ('         cmds/std/go') /cmds/std/go.c:113
'         create' in 'd/center/jiangjunfu.c' (' d/center/jiangjunfu') /d/center/jiangjunfu.c:27
'          setup' in '          std/room.c' (' d/center/jiangjunfu') /std/room.c:214
'          reset' in '          std/room.c' (' d/center/jiangjunfu') /std/room.c:76
' make_inventory' in '          std/room.c' (' d/center/jiangjunfu') /std/room.c:19
'         create' in 'd/jiangjunfu/npc/guanbing.c' ('d/jiangjunfu/npc/guanbing') /d/jiangjunfu/npc/guanbing.c:47
'      set_skill' in '     feature/skill.c' ('d/jiangjunfu/npc/guanbing') /feature/skill.c:20
Heart beat in /d/center/npc/lao-heshang#404 turned off.
F_SKILL: No such skill (kunlun-force)
program: /feature/skill.c, object: /d/jiangjunfu/npc/guanbing#432, file: /feature/skill.c:20
'          reset' in '          std/room.c' (' d/center/jiangjunfu') /std/room.c:76
' make_inventory' in '          std/room.c' (' d/center/jiangjunfu') /std/room.c:19
'         create' in 'd/jiangjunfu/npc/guanbing.c' ('d/jiangjunfu/npc/guanbing#432') /d/jiangjunfu/npc/guanbing.c:47
'      set_skill' in '     feature/skill.c' ('d/jiangjunfu/npc/guanbing#432') /feature/skill.c:20
F_SKILL: No such skill (kunlun-force)
program: /feature/skill.c, object: /d/jiangjunfu/npc/guanbing#433, file: /feature/skill.c:20
'          reset' in '          std/room.c' (' d/center/jiangjunfu') /std/room.c:76
' make_inventory' in '          std/room.c' (' d/center/jiangjunfu') /std/room.c:19
'         create' in 'd/jiangjunfu/npc/guanbing.c' ('d/jiangjunfu/npc/guanbing#433') /d/jiangjunfu/npc/guanbing.c:47
'      set_skill' in '     feature/skill.c' ('d/jiangjunfu/npc/guanbing#433') /feature/skill.c:20
F_SKILL: No such skill (kunlun-force)
program: /feature/skill.c, object: /d/jiangjunfu/npc/guanbing#434, file: /feature/skill.c:20
'          reset' in '          std/room.c' (' d/center/jiangjunfu') /std/room.c:76
' make_inventory' in '          std/room.c' (' d/center/jiangjunfu') /std/room.c:19
'         create' in 'd/jiangjunfu/npc/guanbing.c' ('d/jiangjunfu/npc/guanbing#434') /d/jiangjunfu/npc/guanbing.c:47
'      set_skill' in '     feature/skill.c' ('d/jiangjunfu/npc/guanbing#434') /feature/skill.c:20
F_SKILL: No such skill (kunlun-force)
program: /feature/skill.c, object: /d/jiangjunfu/npc/guanbing#435, file: /feature/skill.c:20
'          reset' in '          std/room.c' (' d/center/jiangjunfu') /std/room.c:76
' make_inventory' in '          std/room.c' (' d/center/jiangjunfu') /std/room.c:19
'         create' in 'd/jiangjunfu/npc/guanbing.c' ('d/jiangjunfu/npc/guanbing#435') /d/jiangjunfu/npc/guanbing.c:47
'      set_skill' in '     feature/skill.c' ('d/jiangjunfu/npc/guanbing#435') /feature/skill.c:20
F_SKILL: No such skill (kunlun-force)
program: /feature/skill.c, object: /d/jiangjunfu/npc/guanbing#436, file: /feature/skill.c:20
'          reset' in '          std/room.c' (' d/center/jiangjunfu') /std/room.c:76
' make_inventory' in '          std/room.c' (' d/center/jiangjunfu') /std/room.c:19
'         create' in 'd/jiangjunfu/npc/guanbing.c' ('d/jiangjunfu/npc/guanbing#436') /d/jiangjunfu/npc/guanbing.c:47
'      set_skill' in '     feature/skill.c' ('d/jiangjunfu/npc/guanbing#436') /feature/skill.c:20
3
F_SKILL: No such skill (kunlun-force)
program: /feature/skill.c, object: /d/jiangjunfu/npc/guanbing#449, file: /feature/skill.c:20
'          reset' in '          std/room.c' (' d/center/jiangjunfu') /std/room.c:76
' make_inventory' in '          std/room.c' (' d/center/jiangjunfu') /std/room.c:19
'         create' in 'd/jiangjunfu/npc/guanbing.c' ('d/jiangjunfu/npc/guanbing#449') /d/jiangjunfu/npc/guanbing.c:47
'      set_skill' in '     feature/skill.c' ('d/jiangjunfu/npc/guanbing#449') /feature/skill.c:20
F_SKILL: No such skill (kunlun-force)
program: /feature/skill.c, object: /d/jiangjunfu/npc/guanbing#534, file: /feature/skill.c:20
'          reset' in '          std/room.c' (' d/center/jiangjunfu') /std/room.c:76
' make_inventory' in '          std/room.c' (' d/center/jiangjunfu') /std/room.c:19
'         create' in 'd/jiangjunfu/npc/guanbing.c' ('d/jiangjunfu/npc/guanbing#534') /d/jiangjunfu/npc/guanbing.c:47
'      set_skill' in '     feature/skill.c' ('d/jiangjunfu/npc/guanbing#534') /feature/skill.c:20
F_SKILL: No such skill (kunlun-force)
program: /feature/skill.c, object: /d/jiangjunfu/npc/guanbing#535, file: /feature/skill.c:20
'          reset' in '          std/room.c' (' d/center/jiangjunfu') /std/room.c:76
' make_inventory' in '          std/room.c' (' d/center/jiangjunfu') /std/room.c:19
'         create' in 'd/jiangjunfu/npc/guanbing.c' ('d/jiangjunfu/npc/guanbing#535') /d/jiangjunfu/npc/guanbing.c:47
'      set_skill' in '     feature/skill.c' ('d/jiangjunfu/npc/guanbing#535') /feature/skill.c:20
F_SKILL: No such skill (kunlun-force)
program: /feature/skill.c, object: /d/jiangjunfu/npc/guanbing#536, file: /feature/skill.c:20
'          reset' in '          std/room.c' (' d/center/jiangjunfu') /std/room.c:76
' make_inventory' in '          std/room.c' (' d/center/jiangjunfu') /std/room.c:19
'         create' in 'd/jiangjunfu/npc/guanbing.c' ('d/jiangjunfu/npc/guanbing#536') /d/jiangjunfu/npc/guanbing.c:47
'      set_skill' in '     feature/skill.c' ('d/jiangjunfu/npc/guanbing#536') /feature/skill.c:20
3
F_SKILL: No such skill (kunlun-force)
program: /feature/skill.c, object: /d/jiangjunfu/npc/guanbing#624, file: /feature/skill.c:20
'          reset' in '          std/room.c' (' d/center/jiangjunfu') /std/room.c:76
' make_inventory' in '          std/room.c' (' d/center/jiangjunfu') /std/room.c:19
'         create' in 'd/jiangjunfu/npc/guanbing.c' ('d/jiangjunfu/npc/guanbing#624') /d/jiangjunfu/npc/guanbing.c:47
'      set_skill' in '     feature/skill.c' ('d/jiangjunfu/npc/guanbing#624') /feature/skill.c:20
F_SKILL: No such skill (kunlun-force)
program: /feature/skill.c, object: /d/jiangjunfu/npc/guanbing#625, file: /feature/skill.c:20
'          reset' in '          std/room.c' (' d/center/jiangjunfu') /std/room.c:76
' make_inventory' in '          std/room.c' (' d/center/jiangjunfu') /std/room.c:19
'         create' in 'd/jiangjunfu/npc/guanbing.c' ('d/jiangjunfu/npc/guanbing#625') /d/jiangjunfu/npc/guanbing.c:47
'      set_skill' in '     feature/skill.c' ('d/jiangjunfu/npc/guanbing#625') /feature/skill.c:20
F_SKILL: No such skill (kunlun-force)
program: /feature/skill.c, object: /d/jiangjunfu/npc/guanbing#626, file: /feature/skill.c:20
'          reset' in '          std/room.c' (' d/center/jiangjunfu') /std/room.c:76
' make_inventory' in '          std/room.c' (' d/center/jiangjunfu') /std/room.c:19
'         create' in 'd/jiangjunfu/npc/guanbing.c' ('d/jiangjunfu/npc/guanbing#626') /d/jiangjunfu/npc/guanbing.c:47
'      set_skill' in '     feature/skill.c' ('d/jiangjunfu/npc/guanbing#626') /feature/skill.c:20
3
F_SKILL: No such skill (kunlun-force)
program: /feature/skill.c, object: /d/jiangjunfu/npc/guanbing#689, file: /feature/skill.c:20
'          reset' in '          std/room.c' (' d/center/jiangjunfu') /std/room.c:76
' make_inventory' in '          std/room.c' (' d/center/jiangjunfu') /std/room.c:19
'         create' in 'd/jiangjunfu/npc/guanbing.c' ('d/jiangjunfu/npc/guanbing#689') /d/jiangjunfu/npc/guanbing.c:47
'      set_skill' in '     feature/skill.c' ('d/jiangjunfu/npc/guanbing#689') /feature/skill.c:20
F_SKILL: No such skill (kunlun-force)
program: /feature/skill.c, object: /d/jiangjunfu/npc/guanbing#709, file: /feature/skill.c:20
'          reset' in '          std/room.c' (' d/center/jiangjunfu') /std/room.c:76
' make_inventory' in '          std/room.c' (' d/center/jiangjunfu') /std/room.c:19
'         create' in 'd/jiangjunfu/npc/guanbing.c' ('d/jiangjunfu/npc/guanbing#709') /d/jiangjunfu/npc/guanbing.c:47
'      set_skill' in '     feature/skill.c' ('d/jiangjunfu/npc/guanbing#709') /feature/skill.c:20
Bad argument 3 to message()
Expected: string or array or object Got: 0.
program: /adm/obj/simul_efun.c, object: /adm/obj/simul_efun, file: /adm/simul_efun/message.c:30
'    follow_path' in '      feature/team.c' ('        obj/user#684') /feature/team.c:26
'           main' in '       cmds/std/go.c' ('         cmds/std/go') /cmds/std/go.c:118
'    valid_leave' in 'd/shenxianzhuang/sx-zxl9.c' ('d/shenxianzhuang/sx-zxl9') /d/shenxianzhuang/sx-zxl9.c:41
'    tell_object' in 'adm/obj/simul_efun.c' ('  adm/obj/simul_efun') /adm/simul_efun/message.c:30
F_SKILL: No such skill (kunlun-force)
program: /feature/skill.c, object: /d/jiangjunfu/npc/guanbing#789, file: /feature/skill.c:20
'          reset' in '          std/room.c' (' d/center/jiangjunfu') /std/room.c:76
' make_inventory' in '          std/room.c' (' d/center/jiangjunfu') /std/room.c:19
'         create' in 'd/jiangjunfu/npc/guanbing.c' ('d/jiangjunfu/npc/guanbing#789') /d/jiangjunfu/npc/guanbing.c:47
'      set_skill' in '     feature/skill.c' ('d/jiangjunfu/npc/guanbing#789') /feature/skill.c:20
Bad argument 1 to sscanf
Expected: string Got: 0.
program: /d/wqa/obj/start_card.c, object: /d/wqa/obj/start_card#791, file: /d/wqa/obj/start_card.c:33
'         do_use' in 'd/wqa/obj/start_card.c' ('d/wqa/obj/start_card#791') /d/wqa/obj/start_card.c:33
F_SKILL: No such skill (kunlun-force)
program: /feature/skill.c, object: /d/jiangjunfu/npc/guanbing#822, file: /feature/skill.c:20
'          reset' in '          std/room.c' (' d/center/jiangjunfu') /std/room.c:76
' make_inventory' in '          std/room.c' (' d/center/jiangjunfu') /std/room.c:19
'         create' in 'd/jiangjunfu/npc/guanbing.c' ('d/jiangjunfu/npc/guanbing#822') /d/jiangjunfu/npc/guanbing.c:47
'      set_skill' in '     feature/skill.c' ('d/jiangjunfu/npc/guanbing#822') /feature/skill.c:20
Bad argument 1 to environment()
Expected: object Got: 0.
program: /cmds/apr/summon.c, object: /cmds/apr/summon, file: /cmds/apr/summon.c:58
'   command_hook' in '   feature/command.c' ('        obj/user#720') /feature/command.c:66
'           main' in '   cmds/apr/summon.c' ('     cmds/apr/summon') /cmds/apr/summon.c:58
F_SKILL: No such skill (kunlun-force)
program: /feature/skill.c, object: /d/jiangjunfu/npc/guanbing#866, file: /feature/skill.c:20
'          reset' in '          std/room.c' (' d/center/jiangjunfu') /std/room.c:76
' make_inventory' in '          std/room.c' (' d/center/jiangjunfu') /std/room.c:19
'         create' in 'd/jiangjunfu/npc/guanbing.c' ('d/jiangjunfu/npc/guanbing#866') /d/jiangjunfu/npc/guanbing.c:47
'      set_skill' in '     feature/skill.c' ('d/jiangjunfu/npc/guanbing#866') /feature/skill.c:20
F_SKILL: No such skill (kunlun-force)
program: /feature/skill.c, object: /d/jiangjunfu/npc/guanbing#967, file: /feature/skill.c:20
'          reset' in '          std/room.c' (' d/center/jiangjunfu') /std/room.c:76
' make_inventory' in '          std/room.c' (' d/center/jiangjunfu') /std/room.c:19
'         create' in 'd/jiangjunfu/npc/guanbing.c' ('d/jiangjunfu/npc/guanbing#967') /d/jiangjunfu/npc/guanbing.c:47
'      set_skill' in '     feature/skill.c' ('d/jiangjunfu/npc/guanbing#967') /feature/skill.c:20
F_SKILL: No such skill (kunlun-force)
program: /feature/skill.c, object: /d/jiangjunfu/npc/guanbing#968, file: /feature/skill.c:20
'          reset' in '          std/room.c' (' d/center/jiangjunfu') /std/room.c:76
' make_inventory' in '          std/room.c' (' d/center/jiangjunfu') /std/room.c:19
'         create' in 'd/jiangjunfu/npc/guanbing.c' ('d/jiangjunfu/npc/guanbing#968') /d/jiangjunfu/npc/guanbing.c:47
'      set_skill' in '     feature/skill.c' ('d/jiangjunfu/npc/guanbing#968') /feature/skill.c:20
