99.03.14 12:46 B f:\mirror1\d\chongyang\bagua.h --> www1.yn.cninfo.net /mudcctx/mudlib/d/chongyang bagua.h
99.03.14 12:46 B f:\mirror1\d\chongyang\bagua0.c --> www1.yn.cninfo.net /mudcctx/mudlib/d/chongyang bagua0.c
99.03.14 12:46 B f:\mirror1\d\chongyang\bagua1.c --> www1.yn.cninfo.net /mudcctx/mudlib/d/chongyang bagua1.c
99.03.14 12:46 B f:\mirror1\d\chongyang\bagua2.c --> www1.yn.cninfo.net /mudcctx/mudlib/d/chongyang bagua2.c
99.03.14 12:46 B f:\mirror1\d\chongyang\bagua3.c --> www1.yn.cninfo.net /mudcctx/mudlib/d/chongyang bagua3.c
99.03.14 12:46 B f:\mirror1\d\chongyang\bagua4.c --> www1.yn.cninfo.net /mudcctx/mudlib/d/chongyang bagua4.c
99.03.14 12:46 B f:\mirror1\d\chongyang\bagua5.c --> www1.yn.cninfo.net /mudcctx/mudlib/d/chongyang bagua5.c
99.03.14 12:46 B f:\mirror1\d\chongyang\bagua6.c --> www1.yn.cninfo.net /mudcctx/mudlib/d/chongyang bagua6.c
99.03.14 12:46 B f:\mirror1\d\chongyang\bagua7.c --> www1.yn.cninfo.net /mudcctx/mudlib/d/chongyang bagua7.c
99.03.14 12:46 B f:\mirror1\d\chongyang\ccdian.c --> www1.yn.cninfo.net /mudcctx/mudlib/d/chongyang ccdian.c
99.03.14 12:46 B f:\mirror1\d\chongyang\changlang1.c --> www1.yn.cninfo.net /mudcctx/mudlib/d/chongyang changlang1.c
99.03.14 12:46 B f:\mirror1\d\chongyang\changlang2.c --> www1.yn.cninfo.net /mudcctx/mudlib/d/chongyang changlang2.c
99.03.14 12:46 B f:\mirror1\d\chongyang\chufang.c --> www1.yn.cninfo.net /mudcctx/mudlib/d/chongyang chufang.c
99.03.14 12:46 B f:\mirror1\d\chongyang\cjge.c --> www1.yn.cninfo.net /mudcctx/mudlib/d/chongyang cjge.c
99.03.14 12:46 B f:\mirror1\d\chongyang\cjge1.c --> www1.yn.cninfo.net /mudcctx/mudlib/d/chongyang cjge1.c
99.03.14 12:46 B f:\mirror1\d\chongyang\cjge2.c --> www1.yn.cninfo.net /mudcctx/mudlib/d/chongyang cjge2.c
99.03.14 12:46 B f:\mirror1\d\chongyang\cjlou.c --> www1.yn.cninfo.net /mudcctx/mudlib/d/chongyang cjlou.c
99.03.14 12:46 B f:\mirror1\d\chongyang\csdian.c --> www1.yn.cninfo.net /mudcctx/mudlib/d/chongyang csdian.c
99.03.14 12:46 B f:\mirror1\d\chongyang\damen.c --> www1.yn.cninfo.net /mudcctx/mudlib/d/chongyang damen.c
99.03.14 12:46 B f:\mirror1\d\chongyang\fengding.c --> www1.yn.cninfo.net /mudcctx/mudlib/d/chongyang fengding.c
99.03.14 12:46 B f:\mirror1\d\chongyang\gndian.c --> www1.yn.cninfo.net /mudcctx/mudlib/d/chongyang gndian.c
99.03.14 12:46 B f:\mirror1\d\chongyang\guangchang.c --> www1.yn.cninfo.net /mudcctx/mudlib/d/chongyang guangchang.c
99.03.14 12:46 B f:\mirror1\d\chongyang\houdian.c --> www1.yn.cninfo.net /mudcctx/mudlib/d/chongyang houdian.c
99.03.14 12:46 B f:\mirror1\d\chongyang\houyuan.c --> www1.yn.cninfo.net /mudcctx/mudlib/d/chongyang houyuan.c
99.03.14 12:46 B f:\mirror1\d\chongyang\jingshi.c --> www1.yn.cninfo.net /mudcctx/mudlib/d/chongyang jingshi.c
99.03.14 12:46 B f:\mirror1\d\chongyang\liandanfang.c --> www1.yn.cninfo.net /mudcctx/mudlib/d/chongyang liandanfang.c
99.03.14 12:46 B f:\mirror1\d\chongyang\liangongfang1.c --> www1.yn.cninfo.net /mudcctx/mudlib/d/chongyang liangongfang1.c
99.03.14 12:46 B f:\mirror1\d\chongyang\liangongfang2.c --> www1.yn.cninfo.net /mudcctx/mudlib/d/chongyang liangongfang2.c
99.03.14 12:46 B f:\mirror1\d\chongyang\liangongfang3.c --> www1.yn.cninfo.net /mudcctx/mudlib/d/chongyang liangongfang3.c
99.03.14 12:46 B f:\mirror1\d\chongyang\liangongfang4.c --> www1.yn.cninfo.net /mudcctx/mudlib/d/chongyang liangongfang4.c
99.03.14 12:46 B f:\mirror1\d\chongyang\liangongfang5.c --> www1.yn.cninfo.net /mudcctx/mudlib/d/chongyang liangongfang5.c
99.03.14 12:46 B f:\mirror1\d\chongyang\lianwuchang1.c --> www1.yn.cninfo.net /mudcctx/mudlib/d/chongyang lianwuchang1.c
99.03.14 12:46 B f:\mirror1\d\chongyang\map.qz --> www1.yn.cninfo.net /mudcctx/mudlib/d/chongyang map.qz
99.03.14 12:46 B f:\mirror1\d\chongyang\midao1.c --> www1.yn.cninfo.net /mudcctx/mudlib/d/chongyang midao1.c
99.03.14 12:46 B f:\mirror1\d\chongyang\nanxxs.c --> www1.yn.cninfo.net /mudcctx/mudlib/d/chongyang nanxxs.c
99.03.14 12:46 B f:\mirror1\d\chongyang\qzroad1.c --> www1.yn.cninfo.net /mudcctx/mudlib/d/chongyang qzroad1.c
99.03.14 12:46 B f:\mirror1\d\chongyang\qzroad10.c --> www1.yn.cninfo.net /mudcctx/mudlib/d/chongyang qzroad10.c
99.03.14 12:46 B f:\mirror1\d\chongyang\qzroad11.c --> www1.yn.cninfo.net /mudcctx/mudlib/d/chongyang qzroad11.c
99.03.14 12:46 B f:\mirror1\d\chongyang\qzroad12.c --> www1.yn.cninfo.net /mudcctx/mudlib/d/chongyang qzroad12.c
99.03.14 12:46 B f:\mirror1\d\chongyang\qzroad2-1.c --> www1.yn.cninfo.net /mudcctx/mudlib/d/chongyang qzroad2-1.c
99.03.14 12:46 B f:\mirror1\d\chongyang\qzroad2.c --> www1.yn.cninfo.net /mudcctx/mudlib/d/chongyang qzroad2.c
99.03.14 12:46 B f:\mirror1\d\chongyang\qzroad3.c --> www1.yn.cninfo.net /mudcctx/mudlib/d/chongyang qzroad3.c
99.03.14 12:46 B f:\mirror1\d\chongyang\qzroad4.c --> www1.yn.cninfo.net /mudcctx/mudlib/d/chongyang qzroad4.c
99.03.14 12:46 B f:\mirror1\d\chongyang\qzroad5.c --> www1.yn.cninfo.net /mudcctx/mudlib/d/chongyang qzroad5.c
99.03.14 12:46 B f:\mirror1\d\chongyang\qzroad6.c --> www1.yn.cninfo.net /mudcctx/mudlib/d/chongyang qzroad6.c
99.03.14 12:46 B f:\mirror1\d\chongyang\qzroad7.c --> www1.yn.cninfo.net /mudcctx/mudlib/d/chongyang qzroad7.c
99.03.14 12:46 B f:\mirror1\d\chongyang\qzroad8.c --> www1.yn.cninfo.net /mudcctx/mudlib/d/chongyang qzroad8.c
99.03.14 12:46 B f:\mirror1\d\chongyang\qzroad9.c --> www1.yn.cninfo.net /mudcctx/mudlib/d/chongyang qzroad9.c
99.03.14 12:46 B f:\mirror1\d\chongyang\sanqingdian.c --> www1.yn.cninfo.net /mudcctx/mudlib/d/chongyang sanqingdian.c
99.03.14 12:46 B f:\mirror1\d\chongyang\shanlu1.c --> www1.yn.cninfo.net /mudcctx/mudlib/d/chongyang shanlu1.c
99.03.14 12:46 B f:\mirror1\d\chongyang\shanlu2.c --> www1.yn.cninfo.net /mudcctx/mudlib/d/chongyang shanlu2.c
99.03.14 12:46 B f:\mirror1\d\chongyang\shanlu3.c --> www1.yn.cninfo.net /mudcctx/mudlib/d/chongyang shanlu3.c
99.03.14 12:46 B f:\mirror1\d\chongyang\taijie1.c --> www1.yn.cninfo.net /mudcctx/mudlib/d/chongyang taijie1.c
99.03.14 12:46 B f:\mirror1\d\chongyang\taijie2.c --> www1.yn.cninfo.net /mudcctx/mudlib/d/chongyang taijie2.c
99.03.14 12:46 B f:\mirror1\d\chongyang\taijie3.c --> www1.yn.cninfo.net /mudcctx/mudlib/d/chongyang taijie3.c
99.03.14 12:46 B f:\mirror1\d\chongyang\wuqishi.c --> www1.yn.cninfo.net /mudcctx/mudlib/d/chongyang wuqishi.c
99.03.14 12:46 B f:\mirror1\d\chongyang\xiaoyuan.c --> www1.yn.cninfo.net /mudcctx/mudlib/d/chongyang xiaoyuan.c
99.03.14 12:46 B f:\mirror1\d\chongyang\xiuxishi.c --> www1.yn.cninfo.net /mudcctx/mudlib/d/chongyang xiuxishi.c
99.03.14 12:46 B f:\mirror1\d\chongyang\yanwuting.c --> www1.yn.cninfo.net /mudcctx/mudlib/d/chongyang yanwuting.c
99.03.14 12:46 B f:\mirror1\d\chongyang\ynxiaojing1.c --> www1.yn.cninfo.net /mudcctx/mudlib/d/chongyang ynxiaojing1.c
99.03.14 12:46 B f:\mirror1\d\chongyang\ynxiaojing2.c --> www1.yn.cninfo.net /mudcctx/mudlib/d/chongyang ynxiaojing2.c
99.03.14 12:46 B f:\mirror1\d\chongyang\ynxiaojing3.c --> www1.yn.cninfo.net /mudcctx/mudlib/d/chongyang ynxiaojing3.c
99.03.14 12:46 B f:\mirror1\d\chongyang\ynxiaojing4.c --> www1.yn.cninfo.net /mudcctx/mudlib/d/chongyang ynxiaojing4.c
99.03.14 12:46 B f:\mirror1\d\chongyang\ynxiaojing5.c --> www1.yn.cninfo.net /mudcctx/mudlib/d/chongyang ynxiaojing5.c
99.03.14 12:46 B f:\mirror1\d\chongyang\ynxiaojing6.c --> www1.yn.cninfo.net /mudcctx/mudlib/d/chongyang ynxiaojing6.c
99.03.14 12:46 B f:\mirror1\d\chongyang\ynxiaojing7.c --> www1.yn.cninfo.net /mudcctx/mudlib/d/chongyang ynxiaojing7.c
99.03.14 12:46 B f:\mirror1\d\chongyang\ynxiaojing8.c --> www1.yn.cninfo.net /mudcctx/mudlib/d/chongyang ynxiaojing8.c
99.03.14 12:46 B f:\mirror1\d\chongyang\youpiandian.c --> www1.yn.cninfo.net /mudcctx/mudlib/d/chongyang youpiandian.c
99.03.14 12:46 B f:\mirror1\d\chongyang\yuanping.c --> www1.yn.cninfo.net /mudcctx/mudlib/d/chongyang yuanping.c
99.03.14 12:46 B f:\mirror1\d\chongyang\yuqingchi.c --> www1.yn.cninfo.net /mudcctx/mudlib/d/chongyang yuqingchi.c
99.03.14 12:46 B f:\mirror1\d\chongyang\yxdian.c --> www1.yn.cninfo.net /mudcctx/mudlib/d/chongyang yxdian.c
99.03.14 12:46 B f:\mirror1\d\chongyang\zawufang.c --> www1.yn.cninfo.net /mudcctx/mudlib/d/chongyang zawufang.c
99.03.14 12:46 B f:\mirror1\d\chongyang\zoulang1.c --> www1.yn.cninfo.net /mudcctx/mudlib/d/chongyang zoulang1.c
99.03.14 12:46 B f:\mirror1\d\chongyang\zoulang2.c --> www1.yn.cninfo.net /mudcctx/mudlib/d/chongyang zoulang2.c
99.03.14 12:46 B f:\mirror1\d\chongyang\zuopiandian.c --> www1.yn.cninfo.net /mudcctx/mudlib/d/chongyang zuopiandian.c
99.03.17 11:12 B f:\mirror1\d\chongyang\bagua.h --> www1.yn.cninfo.net /mudlab/mudlib/d/chongyang bagua.h
99.03.17 11:12 B f:\mirror1\d\chongyang\bagua0.c --> www1.yn.cninfo.net /mudlab/mudlib/d/chongyang bagua0.c
99.03.17 11:12 B f:\mirror1\d\chongyang\bagua1.c --> www1.yn.cninfo.net /mudlab/mudlib/d/chongyang bagua1.c
99.03.17 11:12 B f:\mirror1\d\chongyang\bagua2.c --> www1.yn.cninfo.net /mudlab/mudlib/d/chongyang bagua2.c
99.03.17 11:12 B f:\mirror1\d\chongyang\bagua3.c --> www1.yn.cninfo.net /mudlab/mudlib/d/chongyang bagua3.c
99.03.17 11:12 B f:\mirror1\d\chongyang\bagua4.c --> www1.yn.cninfo.net /mudlab/mudlib/d/chongyang bagua4.c
99.03.17 11:12 B f:\mirror1\d\chongyang\bagua5.c --> www1.yn.cninfo.net /mudlab/mudlib/d/chongyang bagua5.c
99.03.17 11:12 B f:\mirror1\d\chongyang\bagua6.c --> www1.yn.cninfo.net /mudlab/mudlib/d/chongyang bagua6.c
99.03.17 11:12 B f:\mirror1\d\chongyang\bagua7.c --> www1.yn.cninfo.net /mudlab/mudlib/d/chongyang bagua7.c
99.03.17 11:12 B f:\mirror1\d\chongyang\ccdian.c --> www1.yn.cninfo.net /mudlab/mudlib/d/chongyang ccdian.c
99.03.17 11:12 B f:\mirror1\d\chongyang\changlang1.c --> www1.yn.cninfo.net /mudlab/mudlib/d/chongyang changlang1.c
99.03.17 11:12 B f:\mirror1\d\chongyang\changlang2.c --> www1.yn.cninfo.net /mudlab/mudlib/d/chongyang changlang2.c
99.03.17 11:12 B f:\mirror1\d\chongyang\chufang.c --> www1.yn.cninfo.net /mudlab/mudlib/d/chongyang chufang.c
99.03.17 11:12 B f:\mirror1\d\chongyang\cjge.c --> www1.yn.cninfo.net /mudlab/mudlib/d/chongyang cjge.c
99.03.17 11:12 B f:\mirror1\d\chongyang\cjge1.c --> www1.yn.cninfo.net /mudlab/mudlib/d/chongyang cjge1.c
99.03.17 11:12 B f:\mirror1\d\chongyang\cjge2.c --> www1.yn.cninfo.net /mudlab/mudlib/d/chongyang cjge2.c
99.03.17 11:12 B f:\mirror1\d\chongyang\cjlou.c --> www1.yn.cninfo.net /mudlab/mudlib/d/chongyang cjlou.c
99.03.17 11:12 B f:\mirror1\d\chongyang\csdian.c --> www1.yn.cninfo.net /mudlab/mudlib/d/chongyang csdian.c
99.03.17 11:12 B f:\mirror1\d\chongyang\damen.c --> www1.yn.cninfo.net /mudlab/mudlib/d/chongyang damen.c
99.03.17 11:12 B f:\mirror1\d\chongyang\fengding.c --> www1.yn.cninfo.net /mudlab/mudlib/d/chongyang fengding.c
99.03.17 11:12 B f:\mirror1\d\chongyang\gndian.c --> www1.yn.cninfo.net /mudlab/mudlib/d/chongyang gndian.c
99.03.17 11:12 B f:\mirror1\d\chongyang\guangchang.c --> www1.yn.cninfo.net /mudlab/mudlib/d/chongyang guangchang.c
99.03.17 11:12 B f:\mirror1\d\chongyang\houdian.c --> www1.yn.cninfo.net /mudlab/mudlib/d/chongyang houdian.c
99.03.17 11:12 B f:\mirror1\d\chongyang\houyuan.c --> www1.yn.cninfo.net /mudlab/mudlib/d/chongyang houyuan.c
99.03.17 11:12 B f:\mirror1\d\chongyang\jingshi.c --> www1.yn.cninfo.net /mudlab/mudlib/d/chongyang jingshi.c
99.03.17 11:13 B f:\mirror1\d\chongyang\liandanfang.c --> www1.yn.cninfo.net /mudlab/mudlib/d/chongyang liandanfang.c
99.03.17 11:13 B f:\mirror1\d\chongyang\liangongfang1.c --> www1.yn.cninfo.net /mudlab/mudlib/d/chongyang liangongfang1.c
99.03.17 11:13 B f:\mirror1\d\chongyang\liangongfang2.c --> www1.yn.cninfo.net /mudlab/mudlib/d/chongyang liangongfang2.c
99.03.17 11:13 B f:\mirror1\d\chongyang\liangongfang3.c --> www1.yn.cninfo.net /mudlab/mudlib/d/chongyang liangongfang3.c
99.03.17 11:13 B f:\mirror1\d\chongyang\liangongfang4.c --> www1.yn.cninfo.net /mudlab/mudlib/d/chongyang liangongfang4.c
99.03.17 11:13 B f:\mirror1\d\chongyang\liangongfang5.c --> www1.yn.cninfo.net /mudlab/mudlib/d/chongyang liangongfang5.c
99.03.17 11:13 B f:\mirror1\d\chongyang\lianwuchang1.c --> www1.yn.cninfo.net /mudlab/mudlib/d/chongyang lianwuchang1.c
99.03.17 11:13 B f:\mirror1\d\chongyang\map.qz --> www1.yn.cninfo.net /mudlab/mudlib/d/chongyang map.qz
99.03.17 11:14 B f:\mirror1\d\chongyang\midao1.c --> www1.yn.cninfo.net /mudlab/mudlib/d/chongyang midao1.c
99.03.17 11:16 B f:\mirror1\d\chongyang\nanxxs.c --> www1.yn.cninfo.net /mudlab/mudlib/d/chongyang nanxxs.c
99.03.17 11:16 B f:\mirror1\d\chongyang\qzroad1.c --> www1.yn.cninfo.net /mudlab/mudlib/d/chongyang qzroad1.c
99.03.17 11:16 B f:\mirror1\d\chongyang\qzroad10.c --> www1.yn.cninfo.net /mudlab/mudlib/d/chongyang qzroad10.c
99.03.17 11:16 B f:\mirror1\d\chongyang\qzroad11.c --> www1.yn.cninfo.net /mudlab/mudlib/d/chongyang qzroad11.c
99.03.17 11:16 B f:\mirror1\d\chongyang\qzroad12.c --> www1.yn.cninfo.net /mudlab/mudlib/d/chongyang qzroad12.c
99.03.17 11:16 B f:\mirror1\d\chongyang\qzroad2-1.c --> www1.yn.cninfo.net /mudlab/mudlib/d/chongyang qzroad2-1.c
99.03.17 11:16 B f:\mirror1\d\chongyang\qzroad2.c --> www1.yn.cninfo.net /mudlab/mudlib/d/chongyang qzroad2.c
99.03.17 11:16 B f:\mirror1\d\chongyang\qzroad3.c --> www1.yn.cninfo.net /mudlab/mudlib/d/chongyang qzroad3.c
99.03.17 11:16 B f:\mirror1\d\chongyang\qzroad4.c --> www1.yn.cninfo.net /mudlab/mudlib/d/chongyang qzroad4.c
99.03.17 11:16 B f:\mirror1\d\chongyang\qzroad5.c --> www1.yn.cninfo.net /mudlab/mudlib/d/chongyang qzroad5.c
99.03.17 11:16 B f:\mirror1\d\chongyang\qzroad6.c --> www1.yn.cninfo.net /mudlab/mudlib/d/chongyang qzroad6.c
99.03.17 11:16 B f:\mirror1\d\chongyang\qzroad7.c --> www1.yn.cninfo.net /mudlab/mudlib/d/chongyang qzroad7.c
99.03.17 11:16 B f:\mirror1\d\chongyang\qzroad8.c --> www1.yn.cninfo.net /mudlab/mudlib/d/chongyang qzroad8.c
99.03.17 11:16 B f:\mirror1\d\chongyang\qzroad9.c --> www1.yn.cninfo.net /mudlab/mudlib/d/chongyang qzroad9.c
99.03.17 11:16 B f:\mirror1\d\chongyang\sanqingdian.c --> www1.yn.cninfo.net /mudlab/mudlib/d/chongyang sanqingdian.c
99.03.17 11:16 B f:\mirror1\d\chongyang\shanlu1.c --> www1.yn.cninfo.net /mudlab/mudlib/d/chongyang shanlu1.c
99.03.17 11:16 B f:\mirror1\d\chongyang\shanlu2.c --> www1.yn.cninfo.net /mudlab/mudlib/d/chongyang shanlu2.c
99.03.17 11:16 B f:\mirror1\d\chongyang\shanlu3.c --> www1.yn.cninfo.net /mudlab/mudlib/d/chongyang shanlu3.c
99.03.17 11:16 B f:\mirror1\d\chongyang\taijie1.c --> www1.yn.cninfo.net /mudlab/mudlib/d/chongyang taijie1.c
99.03.17 11:16 B f:\mirror1\d\chongyang\taijie2.c --> www1.yn.cninfo.net /mudlab/mudlib/d/chongyang taijie2.c
99.03.17 11:16 B f:\mirror1\d\chongyang\taijie3.c --> www1.yn.cninfo.net /mudlab/mudlib/d/chongyang taijie3.c
