1422762432 434 0
1422762432 451 0 451 0
1415263677 451 0 451 0
1415263500 451 0 451 0
1415263200 451 0 451 0
1415262900 451 0 451 0
1415262600 451 0 451 0
1415262300 451 0 451 0
1415262000 451 0 451 0
1415261700 451 0 451 0
1415261400 451 0 451 0
1415261100 450 0 451 0
1415260800 450 0 450 0
1415260500 450 0 450 0
1415260200 450 0 450 0
1415259900 450 0 450 0
1415259600 450 0 450 0
1415259300 450 0 450 0
1415259000 450 0 450 0
1415258700 449 0 450 0
1415258400 449 0 449 0
1415258100 449 0 449 0
1415257800 449 0 449 0
1415257500 449 0 449 0
1415257200 449 0 449 0
1415256900 449 0 449 0
1415256600 449 0 449 0
1415256300 449 0 449 0
1415256000 449 0 449 0
1415255700 449 0 449 0
1415255400 449 0 449 0
1415255100 449 0 449 0
1415254800 449 0 449 0
1415254500 449 0 449 0
1415254200 449 0 449 0
1415253900 449 0 449 0
1415253600 449 0 449 0
1415253300 449 0 449 0
1415253000 449 0 449 0
1415252700 449 0 449 0
1415252400 449 0 449 0
1415252100 449 0 449 0
1415251800 449 0 449 0
1415251500 449 0 449 0
1415251200 449 0 449 0
1415250900 449 0 449 0
1415250600 449 0 449 0
1415250300 449 0 449 0
1415250000 449 0 449 0
1415249700 449 0 449 0
1415249400 449 0 449 0
1415249100 449 0 449 0
1415248800 449 0 449 0
1415248500 449 0 449 0
1415248200 465 0 468 0
1415247900 468 0 468 0
1415247600 468 0 468 0
1415247300 468 0 468 0
1415247000 468 0 468 0
1415246700 468 0 468 0
1415246400 468 0 468 0
1415246100 468 0 468 0
1415245800 468 0 468 0
1415245500 468 0 468 0
1415245200 468 0 468 0
1415244900 468 0 468 0
1415244600 468 0 468 0
1415244300 468 0 468 0
1415244000 468 0 468 0
1415243700 468 0 468 0
1415243400 468 0 468 0
1415243100 468 0 468 0
1415242800 468 0 468 0
1415242500 468 0 468 0
1415242200 468 0 468 0
1415241900 468 0 468 0
1415241600 468 0 468 0
1415241300 468 0 468 0
1415241000 468 0 468 0
1415240700 468 0 468 0
1415240400 468 0 468 0
1415240100 468 0 468 0
1415239800 468 0 468 0
1415239500 468 0 468 0
1415239200 468 0 468 0
1415238900 468 0 468 0
1415238600 468 0 468 0
1415238300 468 0 468 0
1415238000 468 0 468 0
1415237700 468 0 468 0
1415237400 468 0 468 0
1415237100 468 0 468 0
1415236800 468 0 468 0
1415236500 468 0 468 0
1415236200 468 0 468 0
1415235900 468 0 468 0
1415235600 468 0 468 0
1415235300 468 0 468 0
1415235000 468 0 468 0
1415234700 468 0 468 0
1415234400 468 0 468 0
1415234100 468 0 468 0
1415233800 468 0 468 0
1415233500 468 0 468 0
1415233200 468 0 468 0
1415232900 468 0 468 0
1415232600 468 0 468 0
1415232300 468 0 468 0
1415232000 468 0 468 0
1415231700 468 0 468 0
1415231400 468 0 468 0
1415231100 468 0 468 0
1415230800 468 0 468 0
1415230500 468 0 468 0
1415230200 468 0 468 0
1415229900 468 0 468 0
1415229600 468 0 468 0
1415229300 468 0 468 0
1415229000 468 0 468 0
1415228700 468 0 468 0
1415228400 468 0 468 0
1415228100 468 0 468 0
1415227800 468 0 468 0
1415227500 468 0 468 0
1415227200 468 0 468 0
1415226900 468 0 468 0
1415226600 468 0 468 0
1415226300 468 0 468 0
1415226000 468 0 468 0
1415225700 468 0 468 0
1415225400 468 0 468 0
1415225100 468 0 468 0
1415224800 468 0 468 0
1415224500 468 0 468 0
1415224200 468 0 468 0
1415223900 468 0 468 0
1415223600 468 0 468 0
1415223300 468 0 468 0
1415223000 468 0 468 0
1415222700 468 0 468 0
1415222400 468 0 468 0
1415222100 468 0 468 0
1415221800 468 0 468 0
1415221500 468 0 468 0
1415221200 468 0 468 0
1415220900 468 0 468 0
1415220600 468 0 468 0
1415220300 468 0 468 0
1415220000 468 0 468 0
1415219700 468 0 468 0
1415219400 468 0 468 0
1415219100 468 0 468 0
1415218800 468 0 468 0
1415218500 468 0 468 0
1415218200 468 0 468 0
1415217900 468 0 468 0
1415217600 468 0 468 0
1415217300 468 0 468 0
1415217000 468 0 468 0
1415216700 468 0 468 0
1415216400 468 0 468 0
1415216100 468 0 468 0
1415215800 468 0 468 0
1415215500 468 0 468 0
1415215200 468 0 468 0
1415214900 468 0 468 0
1415214600 468 0 468 0
1415214300 468 0 468 0
1415214000 468 0 468 0
1415213700 468 0 468 0
1415213400 468 0 468 0
1415213100 468 0 468 0
1415212800 468 0 468 0
1415212500 468 0 468 0
1415212200 468 0 468 0
1415211900 468 0 468 0
1415211600 468 0 468 0
1415211300 468 0 468 0
1415211000 468 0 468 0
1415210700 468 0 468 0
1415210400 468 0 468 0
1415210100 468 0 468 0
1415209800 468 0 468 0
1415209500 468 0 468 0
1415209200 468 0 468 0
1415208900 468 0 468 0
1415208600 468 0 468 0
1415208300 468 0 468 0
1415208000 468 0 468 0
1415207700 468 0 468 0
1415207400 468 0 468 0
1415207100 468 0 468 0
1415206800 468 0 468 0
1415206500 468 0 468 0
1415206200 468 0 468 0
1415205900 468 0 468 0
1415205600 468 0 468 0
1415205300 468 0 468 0
1415205000 468 0 468 0
1415204700 468 0 468 0
1415204400 468 0 468 0
1415204100 468 0 468 0
1415203800 468 0 468 0
1415203500 468 0 468 0
1415203200 468 0 468 0
1415202900 468 0 468 0
1415202600 468 0 468 0
1415202300 468 0 468 0
1415202000 468 0 468 0
1415201700 468 0 468 0
1415201400 468 0 468 0
1415201100 468 0 468 0
1415200800 468 0 468 0
1415200500 468 0 468 0
1415200200 468 0 468 0
1415199900 468 0 468 0
1415199600 468 0 468 0
1415199300 468 0 468 0
1415199000 458 0 468 0
1415198700 455 0 455 0
1415198400 455 0 455 0
1415198100 455 0 455 0
1415197800 454 0 455 0
1415197500 454 0 454 0
1415197200 454 0 454 0
1415196900 454 0 454 0
1415196600 454 0 454 0
1415196300 454 0 454 0
1415196000 454 0 454 0
1415195700 450 0 454 0
1415195400 450 0 450 0
1415195100 450 0 450 0
1415194800 450 0 450 0
1415194500 450 0 450 0
1415194200 450 0 450 0
1415193900 450 0 450 0
1415193600 450 0 450 0
1415193300 450 0 450 0
1415193000 424 0 450 0
1415192700 424 0 424 0
1415192400 424 0 424 0
1415192100 424 0 424 0
1415191800 424 0 424 0
1415191500 424 0 424 0
1415191200 424 0 424 0
1415190900 424 0 424 0
1415190600 424 0 424 0
1415190300 424 0 424 0
1415190000 424 0 424 0
1415189700 424 0 424 0
1415189400 424 0 424 0
1415189100 424 0 424 0
1415188800 424 0 424 0
1415188500 424 0 424 0
1415188200 424 0 424 0
1415187900 424 0 424 0
1415187600 424 0 424 0
1415187300 424 0 424 0
1415187000 424 0 424 0
1415186700 424 0 424 0
1415186400 424 0 424 0
1415186100 424 0 424 0
1415185800 424 0 424 0
1415185500 424 0 424 0
1415185200 424 0 424 0
1415184900 424 0 424 0
1415184600 424 0 424 0
1415184300 424 0 424 0
1415184000 424 0 424 0
1415183700 424 0 424 0
1415183400 424 0 424 0
1415183100 424 0 424 0
1415182800 424 0 424 0
1415182500 424 0 424 0
1415182200 424 0 424 0
1415181900 424 0 424 0
1415181600 424 0 424 0
1415181300 424 0 424 0
1415181000 424 0 424 0
1415180700 424 0 424 0
1415180400 424 0 424 0
1415180100 424 0 424 0
1415179800 424 0 424 0
1415179500 424 0 424 0
1415179200 424 0 424 0
1415178900 424 0 424 0
1415178600 424 0 424 0
1415178300 424 0 424 0
1415178000 424 0 424 0
1415177700 424 0 424 0
1415177400 424 0 424 0
1415177100 424 0 424 0
1415176800 424 0 424 0
1415176500 424 0 424 0
1415176200 424 0 424 0
1415175900 424 0 424 0
1415175600 424 0 424 0
1415175300 424 0 424 0
1415175000 424 0 424 0
1415174700 424 0 424 0
1415174400 424 0 424 0
1415174100 424 0 424 0
1415173800 424 0 424 0
1415173500 424 0 424 0
1415173200 424 0 424 0
1415172900 424 0 424 0
1415172600 424 0 424 0
1415172300 424 0 424 0
1415172000 424 0 424 0
1415171700 424 0 424 0
1415171400 424 0 424 0
1415171100 424 0 424 0
1415170800 424 0 424 0
1415170500 424 0 424 0
1415170200 424 0 424 0
1415169900 424 0 424 0
1415169600 424 0 424 0
1415169300 424 0 424 0
1415169000 424 0 424 0
1415168700 424 0 424 0
1415168400 424 0 424 0
1415168100 424 0 424 0
1415167800 424 0 424 0
1415167500 424 0 424 0
1415167200 424 0 424 0
1415166900 424 0 424 0
1415166600 424 0 424 0
1415166300 424 0 424 0
1415166000 424 0 424 0
1415165700 424 0 424 0
1415165400 424 0 424 0
1415165100 424 0 424 0
1415164800 424 0 424 0
1415164500 424 0 424 0
1415164200 424 0 424 0
1415163900 424 0 424 0
1415163600 424 0 424 0
1415163300 424 0 424 0
1415163000 424 0 424 0
1415162700 424 0 424 0
1415162400 424 0 424 0
1415162100 424 0 424 0
1415161800 424 0 424 0
1415161500 424 0 424 0
1415161200 424 0 424 0
1415160900 424 0 424 0
1415160600 424 0 424 0
1415160300 424 0 424 0
1415160000 424 0 424 0
1415159700 424 0 424 0
1415159400 424 0 424 0
1415159100 424 0 424 0
1415158800 424 0 424 0
1415158500 424 0 424 0
1415158200 424 0 424 0
1415157900 424 0 424 0
1415157600 424 0 424 0
1415157300 424 0 424 0
1415157000 424 0 424 0
1415156700 424 0 424 0
1415156400 424 0 424 0
1415156100 424 0 424 0
1415155800 424 0 424 0
1415155500 424 0 424 0
1415155200 424 0 424 0
1415154900 424 0 424 0
1415154600 424 0 424 0
1415154300 424 0 424 0
1415154000 424 0 424 0
1415153700 424 0 424 0
1415153400 424 0 424 0
1415153100 424 0 424 0
1415152800 424 0 424 0
1415152500 424 0 424 0
1415152200 424 0 424 0
1415151900 424 0 424 0
1415151600 424 0 424 0
1415151300 424 0 424 0
1415151000 424 0 424 0
1415150700 424 0 424 0
1415150400 424 0 424 0
1415150100 424 0 424 0
1415149800 424 0 424 0
1415149500 424 0 424 0
1415149200 424 0 424 0
1415148900 424 0 424 0
1415148600 424 0 424 0
1415148300 424 0 424 0
1415148000 424 0 424 0
1415147700 424 0 424 0
1415147400 424 0 424 0
1415147100 424 0 424 0
1415146800 424 0 424 0
1415146500 424 0 424 0
1415146200 424 0 424 0
1415145900 424 0 424 0
1415145600 424 0 424 0
1415145300 424 0 424 0
1415145000 424 0 424 0
1415144700 424 0 424 0
1415144400 424 0 424 0
1415144100 424 0 424 0
1415143800 424 0 424 0
1415143500 424 0 424 0
1415143200 424 0 424 0
1415142900 424 0 424 0
1415142600 424 0 424 0
1415142300 424 0 424 0
1415142000 424 0 424 0
1415141700 424 0 424 0
1415141400 424 0 424 0
1415141100 424 0 424 0
1415140800 424 0 424 0
1415140500 424 0 424 0
1415140200 424 0 424 0
1415139900 424 0 424 0
1415139600 424 0 424 0
1415139300 424 0 424 0
1415139000 424 0 424 0
1415138700 424 0 424 0
1415138400 424 0 424 0
1415138100 424 0 424 0
1415137800 424 0 424 0
1415137500 424 0 424 0
1415137200 424 0 424 0
1415136900 424 0 424 0
1415136600 424 0 424 0
1415136300 424 0 424 0
1415136000 424 0 424 0
1415135700 424 0 424 0
1415135400 424 0 424 0
1415135100 424 0 424 0
1415134800 424 0 424 0
1415134500 424 0 424 0
1415134200 424 0 424 0
1415133900 424 0 424 0
1415133600 424 0 424 0
1415133300 424 0 424 0
1415133000 424 0 424 0
1415132700 424 0 424 0
1415132400 424 0 424 0
1415132100 424 0 424 0
1415131800 424 0 424 0
1415131500 424 0 424 0
1415131200 424 0 424 0
1415130900 424 0 424 0
1415130600 424 0 424 0
1415130300 424 0 424 0
1415130000 424 0 424 0
1415129700 424 0 424 0
1415129400 424 0 424 0
1415129100 424 0 424 0
1415128800 424 0 424 0
1415128500 424 0 424 0
1415128200 424 0 424 0
1415127900 424 0 424 0
1415127600 424 0 424 0
1415127300 424 0 424 0
1415127000 424 0 424 0
1415126700 424 0 424 0
1415126400 424 0 424 0
1415126100 424 0 424 0
1415125800 424 0 424 0
1415125500 424 0 424 0
1415125200 424 0 424 0
1415124900 424 0 424 0
1415124600 424 0 424 0
1415124300 424 0 424 0
1415124000 424 0 424 0
1415123700 424 0 424 0
1415123400 424 0 424 0
1415123100 424 0 424 0
1415122800 424 0 424 0
1415122500 424 0 424 0
1415122200 424 0 424 0
1415121900 424 0 424 0
1415121600 424 0 424 0
1415121300 424 0 424 0
1415121000 424 0 424 0
1415120700 424 0 424 0
1415120400 424 0 424 0
1415120100 424 0 424 0
1415119800 424 0 424 0
1415119500 424 0 424 0
1415119200 424 0 424 0
1415118900 424 0 424 0
1415118600 424 0 424 0
1415118300 424 0 424 0
1415118000 424 0 424 0
1415117700 424 0 424 0
1415117400 424 0 424 0
1415117100 424 0 424 0
1415116800 424 0 424 0
1415116500 424 0 424 0
1415116200 424 0 424 0
1415115900 424 0 424 0
1415115600 424 0 424 0
1415115300 424 0 424 0
1415115000 424 0 424 0
1415114700 424 0 424 0
1415114400 424 0 424 0
1415114100 424 0 424 0
1415113800 424 0 424 0
1415113500 424 0 424 0
1415113200 424 0 424 0
1415112900 424 0 424 0
1415112600 424 0 424 0
1415112300 424 0 424 0
1415112000 424 0 424 0
1415111700 424 0 424 0
1415111400 424 0 424 0
1415111100 424 0 424 0
1415110800 424 0 424 0
1415110500 424 0 424 0
1415110200 424 0 424 0
1415109900 424 0 424 0
1415109600 424 0 424 0
1415109300 424 0 424 0
1415109000 424 0 424 0
1415108700 424 0 424 0
1415108400 424 0 424 0
1415108100 424 0 424 0
1415107800 424 0 424 0
1415107500 424 0 424 0
1415107200 424 0 424 0
1415106900 424 0 424 0
1415106600 424 0 424 0
1415106300 424 0 424 0
1415106000 424 0 424 0
1415105700 424 0 424 0
1415105400 424 0 424 0
1415105100 424 0 424 0
1415104800 424 0 424 0
1415104500 424 0 424 0
1415104200 424 0 424 0
1415103900 424 0 424 0
1415103600 424 0 424 0
1415103300 424 0 424 0
1415103000 424 0 424 0
1415102700 424 0 424 0
1415102400 424 0 424 0
1415102100 424 0 424 0
1415101800 424 0 424 0
1415101500 424 0 424 0
1415101200 424 0 424 0
1415100900 424 0 424 0
1415100600 424 0 424 0
1415100300 424 0 424 0
1415100000 424 0 424 0
1415099700 424 0 424 0
1415099400 424 0 424 0
1415099100 424 0 424 0
1415098800 424 0 424 0
1415098500 424 0 424 0
1415098200 424 0 424 0
1415097900 424 0 424 0
1415097600 424 0 424 0
1415097300 424 0 424 0
1415097000 424 0 424 0
1415096700 424 0 424 0
1415096400 424 0 424 0
1415096100 424 0 424 0
1415095800 424 0 424 0
1415095500 424 0 424 0
1415095200 424 0 424 0
1415094900 424 0 424 0
1415094600 424 0 424 0
1415094300 424 0 424 0
1415094000 424 0 424 0
1415093700 424 0 424 0
1415093400 424 0 424 0
1415093100 424 0 424 0
1415092800 424 0 424 0
1415092500 424 0 424 0
1415092200 424 0 424 0
1415091900 424 0 424 0
1415091600 424 0 424 0
1415091300 424 0 424 0
1415091000 424 0 424 0
1415090700 424 0 424 0
1415090400 424 0 424 0
1415090100 424 0 424 0
1415089800 424 0 424 0
1415089500 424 0 424 0
1415089200 424 0 424 0
1415088900 424 0 424 0
1415088600 424 0 424 0
1415088300 424 0 424 0
1415088000 424 0 424 0
1415087700 424 0 424 0
1415087400 424 0 424 0
1415087100 424 0 424 0
1415086800 424 0 424 0
1415086500 424 0 424 0
1415086200 424 0 424 0
1415085900 424 0 424 0
1415085600 424 0 424 0
1415085300 424 0 424 0
1415085000 424 0 424 0
1415084700 424 0 424 0
1415084400 424 0 424 0
1415084100 424 0 424 0
1415083800 424 0 424 0
1415082600 424 0 424 0
1415080800 424 0 424 0
1415079000 424 0 424 0
1415077200 424 0 424 0
1415075400 424 0 424 0
1415073600 424 0 424 0
1415071800 424 0 424 0
1415070000 424 0 424 0
1415068200 424 0 424 0
1415066400 424 0 424 0
1415064600 424 0 424 0
1415062800 424 0 424 0
1415061000 424 0 424 0
1415059200 424 0 424 0
1415057400 424 0 424 0
1415055600 424 0 424 0
1415053800 424 0 424 0
1415052000 424 0 424 0
1415050200 424 0 424 0
1415048400 424 0 424 0
1415046600 424 0 424 0
1415044800 424 0 424 0
1415043000 424 0 424 0
1415041200 424 0 424 0
1415039400 424 0 424 0
1415037600 424 0 424 0
1415035800 424 0 424 0
1415034000 424 0 424 0
1415032200 424 0 424 0
1415030400 424 0 424 0
1415028600 424 0 424 0
1415026800 424 0 424 0
1415025000 424 0 424 0
1415023200 424 0 424 0
1415021400 424 0 424 0
1415019600 424 0 424 0
1415017800 424 0 424 0
1415016000 424 0 424 0
1415014200 424 0 424 0
1415012400 424 0 424 0
1415010600 424 0 424 0
1415008800 424 0 424 0
1415007000 424 0 424 0
1415005200 424 0 424 0
1415003400 424 0 424 0
1415001600 424 0 424 0
1414999800 424 0 424 0
1414998000 424 0 424 0
1414996200 424 0 424 0
1414994400 424 0 424 0
1414992600 424 0 424 0
1414990800 424 0 424 0
1414989000 424 0 424 0
1414987200 424 0 424 0
1414985400 424 0 424 0
1414983600 424 0 424 0
1414981800 424 0 424 0
1414980000 424 0 424 0
1414978200 424 0 424 0
1414976400 424 0 424 0
1414974600 424 0 424 0
1414972800 424 0 424 0
1414971000 424 0 424 0
1414969200 424 0 424 0
1414967400 424 0 424 0
1414965600 424 0 424 0
1414963800 424 0 424 0
1414962000 424 0 424 0
1414960200 424 0 424 0
1414958400 424 0 424 0
1414956600 424 0 424 0
1414954800 424 0 424 0
1414953000 424 0 424 0
1414951200 424 0 424 0
1414949400 424 0 424 0
1414947600 424 0 424 0
1414945800 424 0 424 0
1414944000 424 0 424 0
1414942200 424 0 424 0
1414940400 424 0 424 0
1414938600 424 0 424 0
1414936800 424 0 424 0
1414935000 424 0 424 0
1414933200 424 0 424 0
1414931400 424 0 424 0
1414929600 424 0 424 0
1414927800 424 0 424 0
1414926000 424 0 424 0
1414924200 424 0 424 0
1414922400 424 0 424 0
1414920600 424 0 424 0
1414918800 424 0 424 0
1414917000 424 0 424 0
1414915200 424 0 424 0
1414913400 424 0 424 0
1414911600 424 0 424 0
1414909800 424 0 424 0
1414908000 424 0 424 0
1414906200 424 0 424 0
1414904400 424 0 424 0
1414902600 424 0 424 0
1414900800 424 0 424 0
1414899000 424 0 424 0
1414897200 424 0 424 0
1414895400 424 0 424 0
1414893600 424 0 424 0
1414891800 424 0 424 0
1414890000 424 0 424 0
1414888200 424 0 424 0
1414886400 424 0 424 0
1414884600 424 0 424 0
1414882800 424 0 424 0
1414881000 424 0 424 0
1414879200 424 0 424 0
1414877400 424 0 424 0
1414875600 424 0 424 0
1414873800 424 0 424 0
1414872000 424 0 424 0
1414870200 424 0 424 0
1414868400 424 0 424 0
1414866600 424 0 424 0
1414864800 424 0 424 0
1414863000 424 0 424 0
1414861200 424 0 424 0
1414859400 424 0 424 0
1414857600 424 0 424 0
1414855800 424 0 424 0
1414854000 424 0 424 0
1414852200 424 0 424 0
1414850400 424 0 424 0
1414848600 424 0 424 0
1414846800 424 0 424 0
1414845000 424 0 424 0
1414843200 424 0 424 0
1414841400 424 0 424 0
1414839600 424 0 424 0
1414837800 424 0 424 0
1414836000 424 0 424 0
1414834200 424 0 424 0
1414832400 424 0 424 0
1414830600 424 0 424 0
1414828800 424 0 424 0
1414827000 424 0 424 0
1414825200 424 0 424 0
1414823400 424 0 424 0
1414821600 424 0 424 0
1414819800 424 0 424 0
1414818000 424 0 424 0
1414816200 424 0 424 0
1414814400 424 0 424 0
1414812600 424 0 424 0
1414810800 424 0 424 0
1414809000 424 0 424 0
1414807200 424 0 424 0
1414805400 424 0 424 0
1414803600 424 0 424 0
1414801800 424 0 424 0
1414800000 424 0 424 0
1414798200 424 0 424 0
1414796400 424 0 424 0
1414794600 424 0 424 0
1414792800 424 0 424 0
1414791000 424 0 424 0
1414789200 424 0 424 0
1414787400 424 0 424 0
1414785600 424 0 424 0
1414783800 424 0 424 0
1414782000 424 0 424 0
1414780200 424 0 424 0
1414778400 424 0 424 0
1414776600 424 0 424 0
1414774800 424 0 424 0
1414773000 424 0 424 0
1414771200 424 0 424 0
1414769400 424 0 424 0
1414767600 424 0 424 0
1414765800 424 0 424 0
1414764000 424 0 424 0
1414762200 424 0 424 0
1414760400 424 0 424 0
1414758600 424 0 424 0
1414756800 424 0 424 0
1414755000 424 0 424 0
1414753200 424 0 424 0
1414751400 424 0 424 0
1414749600 424 0 424 0
1414747800 424 0 424 0
1414746000 424 0 424 0
1414744200 424 0 424 0
1414742400 424 0 424 0
1414740600 424 0 424 0
1414738800 424 0 424 0
1414737000 424 0 424 0
1414735200 424 0 424 0
1414733400 424 0 424 0
1414731600 424 0 424 0
1414729800 424 0 424 0
1414728000 424 0 424 0
1414726200 424 0 424 0
1414724400 424 0 424 0
1414722600 424 0 424 0
1414720800 424 0 424 0
1414719000 424 0 424 0
1414717200 424 0 424 0
1414715400 424 0 424 0
1414713600 424 0 424 0
1414711800 424 0 424 0
1414710000 424 0 424 0
1414708200 424 0 424 0
1414706400 424 0 424 0
1414704600 424 0 424 0
1414702800 424 0 424 0
1414701000 424 0 424 0
1414699200 424 0 424 0
1414697400 424 0 424 0
1414695600 424 0 424 0
1414693800 424 0 424 0
1414692000 424 0 424 0
1414690200 424 0 424 0
1414688400 424 0 424 0
1414686600 424 0 424 0
1414684800 424 0 424 0
1414683000 424 0 424 0
1414681200 424 0 424 0
1414679400 424 0 424 0
1414677600 424 0 424 0
1414675800 424 0 424 0
1414674000 424 0 424 0
1414672200 424 0 424 0
1414670400 424 0 424 0
1414668600 424 0 424 0
1414666800 424 0 424 0
1414665000 424 0 424 0
1414663200 424 0 424 0
1414661400 424 0 424 0
1414659600 424 0 424 0
1414657800 424 0 424 0
1414656000 424 0 424 0
1414654200 424 0 424 0
1414652400 424 0 424 0
1414650600 424 0 424 0
1414648800 424 0 424 0
1414647000 424 0 424 0
1414645200 424 0 424 0
1414643400 424 0 424 0
1414641600 424 0 424 0
1414639800 424 0 424 0
1414638000 424 0 424 0
1414636200 424 0 424 0
1414634400 424 0 424 0
1414632600 424 0 424 0
1414630800 424 0 424 0
1414629000 424 0 424 0
1414627200 424 0 424 0
1414625400 424 0 424 0
1414623600 424 0 424 0
1414621800 424 0 424 0
1414620000 424 0 424 0
1414618200 424 0 424 0
1414616400 424 0 424 0
1414614600 424 0 424 0
1414612800 424 0 424 0
1414611000 424 0 424 0
1414609200 424 0 424 0
1414607400 424 0 424 0
1414605600 424 0 424 0
1414603800 424 0 424 0
1414602000 424 0 424 0
1414600200 424 0 424 0
1414598400 424 0 424 0
1414596600 424 0 424 0
1414594800 424 0 424 0
1414593000 424 0 424 0
1414591200 424 0 424 0
1414589400 424 0 424 0
1414587600 424 0 424 0
1414585800 424 0 424 0
1414584000 424 0 424 0
1414582200 424 0 424 0
1414580400 424 0 424 0
1414578600 424 0 424 0
1414576800 424 0 424 0
1414575000 424 0 424 0
1414573200 424 0 424 0
1414571400 424 0 424 0
1414569600 424 0 424 0
1414567800 424 0 424 0
1414566000 424 0 424 0
1414564200 424 0 424 0
1414562400 424 0 424 0
1414560600 424 0 424 0
1414558800 424 0 424 0
1414557000 424 0 424 0
1414555200 424 0 424 0
1414553400 424 0 424 0
1414551600 424 0 424 0
1414549800 424 0 424 0
1414548000 424 0 424 0
1414546200 424 0 424 0
1414544400 424 0 424 0
1414542600 424 0 424 0
1414540800 424 0 424 0
1414539000 424 0 424 0
1414537200 424 0 424 0
1414535400 424 0 424 0
1414533600 424 0 424 0
1414531800 424 0 424 0
1414530000 424 0 424 0
1414528200 424 0 424 0
1414526400 424 0 424 0
1414524600 424 0 424 0
1414522800 424 0 424 0
1414521000 424 0 424 0
1414519200 424 0 424 0
1414517400 424 0 424 0
1414515600 424 0 424 0
1414513800 424 0 424 0
1414512000 424 0 424 0
1414510200 424 0 424 0
1414508400 424 0 424 0
1414506600 424 0 424 0
1414504800 424 0 424 0
1414503000 424 0 424 0
1414501200 424 0 424 0
1414499400 424 0 424 0
1414497600 424 0 424 0
1414495800 424 0 424 0
1414494000 424 0 424 0
1414492200 424 0 424 0
1414490400 424 0 424 0
1414488600 424 0 424 0
1414486800 424 0 424 0
1414485000 424 0 424 0
1414483200 424 0 424 0
1414481400 424 0 424 0
1414479600 424 0 424 0
1414477800 424 0 424 0
1414476000 424 0 424 0
1414474200 424 0 424 0
1414472400 424 0 424 0
1414470600 424 0 424 0
1414468800 424 0 424 0
1414467000 424 0 424 0
1414465200 424 0 424 0
1414463400 424 0 424 0
1414461600 424 0 424 0
1414459800 424 0 424 0
1414458000 424 0 424 0
1414456200 424 0 424 0
1414454400 424 0 424 0
1414452600 424 0 424 0
1414450800 424 0 424 0
1414449000 423 0 424 0
1414447200 420 0 421 0
1414445400 420 0 421 0
1414443600 403 0 403 0
1414441800 403 0 405 0
1414440000 404 0 405 0
1414438200 404 0 405 0
1414436400 405 0 425 0
1414434600 425 0 426 0
1414432800 426 0 449 0
1414431000 449 0 451 0
1414429200 451 0 451 0
1414427400 451 0 451 0
1414425600 451 0 458 0
1414423800 457 0 458 0
1414422000 446 0 448 0
1414420200 448 0 451 0
1414418400 450 0 451 0
1414416600 425 0 448 0
1414414800 447 0 448 0
1414413000 447 0 450 0
1414411200 450 0 450 0
1414409400 450 0 469 0
1414407600 468 0 469 0
1414405800 449 0 471 0
1414404000 470 0 471 0
1414402200 449 0 479 0
1414400400 479 0 479 0
1414398600 478 0 479 0
1414396800 471 0 472 0
1414395000 471 0 472 0
1414393200 469 0 470 0
1414391400 466 0 467 0
1414389600 465 0 466 0
1414387800 448 0 469 0
1414386000 468 0 469 0
1414384200 468 0 469 0
1414382400 469 0 470 0
1414380600 469 0 470 0
1414378800 461 0 462 0
1414377000 457 0 458 0
1414375200 436 0 437 0
1414373400 419 0 424 0
1414371600 423 0 424 0
1414369800 418 0 419 0
1414368000 400 0 401 0
1414366200 391 0 392 0
1414364400 379 0 379 0
1414362600 378 0 379 0
1414360800 377 0 378 0
1414359000 373 0 373 0
1414357200 373 0 397 0
1414355400 396 0 397 0
1414353600 376 0 377 0
1414351800 377 0 377 0
1414350000 377 0 377 0
1414348200 377 0 379 0
1414346400 378 0 379 0
1414344600 378 0 386 0
1414342800 386 0 444 0
1414341000 443 0 444 0
1414339200 424 0 429 0
1414337400 429 0 431 0
1414335600 430 0 431 0
1414333800 430 0 432 0
1414332000 431 0 432 0
1414330200 416 0 417 0
1414328400 410 0 411 0
1414326600 410 0 411 0
1414324800 410 0 412 0
1414323000 411 0 412 0
1414321200 407 0 409 0
1414319400 409 0 424 0
1414317600 424 0 428 0
1414315800 427 0 428 0
1414314000 426 0 427 0
1414312200 427 0 427 0
1414310400 426 0 427 0
1414308600 423 0 423 0
1414306800 422 0 423 0
1414305000 420 0 421 0
1414303200 420 0 420 0
1414301400 419 0 420 0
1414299600 419 0 420 0
1414297800 419 0 420 0
1414296000 416 0 417 0
1414294200 417 0 419 0
1414292400 419 0 419 0
1414290600 418 0 419 0
1414288800 416 0 417 0
1414287000 416 0 418 0
1414285200 418 0 422 0
1414283400 421 0 422 0
1414281600 407 0 408 0
1414279800 402 0 402 0
1414278000 402 0 402 0
1414276200 402 0 402 0
1414274400 401 0 402 0
1414272600 388 0 389 0
1414270800 387 0 400 0
1414269000 399 0 400 0
1414267200 399 0 402 0
1414265400 402 0 402 0
1414263600 402 0 404 0
1414261800 403 0 404 0
1414260000 402 0 402 0
1414258200 402 0 403 0
1414256400 403 0 403 0
1414254600 402 0 403 0
1414252800 399 0 400 0
1414251000 400 0 405 0
1414249200 404 0 405 0
1414247400 404 0 407 0
1414245600 407 0 407 0
1414243800 407 0 419 0
1414242000 419 0 419 0
1414240200 419 0 422 0
1414238400 421 0 422 0
1414236600 398 0 399 0
1414234800 395 0 396 0
1414233000 394 0 396 0
1414231200 395 0 396 0
1414229400 379 0 417 0
1414227600 417 0 417 0
1414225800 416 0 417 0
1414224000 416 0 417 0
1414222200 417 0 417 0
1414220400 417 0 417 0
1414218600 416 0 417 0
1414216800 416 0 417 0
1414215000 416 0 417 0
1414213200 416 0 416 0
1414211400 415 0 416 0
1414209600 415 0 416 0
1414207800 415 0 416 0
1414206000 412 0 413 0
1414204200 403 0 405 0
1414202400 405 0 428 0
1414200600 428 0 436 0
1414198800 436 0 439 0
1414197000 438 0 439 0
1414195200 413 0 414 0
1414193400 408 0 409 0
1414191600 405 0 406 0
1414189800 405 0 409 0
1414188000 409 0 409 0
1414186200 409 0 409 0
1414184400 408 0 409 0
1414182600 406 0 407 0
1414180800 391 0 392 0
1414179000 389 0 390 0
1414177200 388 0 389 0
1414175400 388 0 388 0
1414173600 388 0 390 0
1414171800 390 0 391 0
1414170000 391 0 392 0
1414168200 392 0 399 0
1414166400 398 0 399 0
1414164600 398 0 412 0
1414162800 411 0 412 0
1414161000 411 0 426 0
1414159200 426 0 427 0
1414157400 426 0 427 0
1414155600 426 0 435 0
1414153800 434 0 435 0
1414152000 432 0 433 0
1414150200 428 0 429 0
1414148400 408 0 428 0
1414146600 428 0 428 0
1414144800 428 0 431 0
1414143000 431 0 436 0
1414141200 436 0 443 0
1414139400 443 0 453 0
1414137600 453 0 453 0
1414135800 452 0 453 0
1414134000 450 0 451 0
1414132200 449 0 450 0
1414130400 440 0 441 0
1414128600 432 0 433 0
1414126800 431 0 440 0
1414125000 440 0 442 0
1414123200 442 0 443 0
1414121400 442 0 443 0
1414119600 438 0 451 0
1414117800 450 0 451 0
1414116000 419 0 420 0
1414114200 418 0 419 0
1414112400 415 0 417 0
1414110600 416 0 417 0
1414108800 404 0 405 0
1414107000 405 0 405 0
1414105200 404 0 405 0
1414103400 384 0 385 0
1414101600 380 0 380 0
1414099800 380 0 395 0
1414098000 395 0 395 0
1414096200 395 0 395 0
1414094400 395 0 395 0
1414092600 395 0 395 0
1414090800 395 0 395 0
1414089000 395 0 395 0
1414087200 395 0 418 0
1414085400 418 0 421 0
1414083600 421 0 426 0
1414081800 426 0 427 0
1414080000 427 0 429 0
1414078200 429 0 433 0
1414076400 432 0 433 0
1414074600 422 0 423 0
1414072800 419 0 420 0
1414071000 419 0 420 0
1414069200 417 0 421 0
1414067400 420 0 421 0
1414065600 417 0 418 0
1414063800 404 0 406 0
1414062000 405 0 406 0
1414060200 396 0 408 0
1414058400 408 0 422 0
1414056600 422 0 425 0
1414054800 425 0 428 0
1414053000 427 0 428 0
1414051200 426 0 426 0
1414049400 426 0 429 0
1414047600 428 0 429 0
1414045800 428 0 430 0
1414044000 430 0 430 0
1414042200 429 0 430 0
1414040400 422 0 422 0
1414038600 421 0 422 0
1414036800 420 0 421 0
1414035000 420 0 422 0
1414033200 421 0 422 0
1414031400 418 0 418 0
1414029600 417 0 418 0
1414027800 380 0 381 0
1414026000 378 0 379 0
1414024200 375 0 376 0
1414022400 366 0 367 0
1414020600 359 0 360 0
1414018800 355 0 356 0
1414017000 355 0 359 0
1414015200 359 0 359 0
1414013400 359 0 359 0
1414011600 359 0 359 0
1414009800 359 0 360 0
1414008000 359 0 360 0
1414006200 355 0 357 0
1414004400 357 0 357 0
1414002600 357 0 358 0
1414000800 357 0 360 0
1413993600 301 0 406 0
1413986400 407 0 413 0
1413979200 378 0 392 0
1413972000 401 0 412 0
1413964800 412 0 415 0
1413957600 416 0 428 0
1413950400 420 0 425 0
1413943200 410 0 414 0
1413936000 405 0 409 0
1413928800 397 0 403 0
1413921600 401 0 405 0
1413914400 403 0 430 0
1413907200 449 0 458 0
1413900000 431 0 439 0
1413892800 411 0 415 0
1413885600 412 0 417 0
1413878400 414 0 418 0
1413871200 429 0 437 0
1413864000 432 0 435 0
1413856800 434 0 441 0
1413849600 432 0 440 0
1413842400 426 0 428 0
1413835200 421 0 425 0
1413828000 420 0 422 0
1413820800 434 0 443 0
1413813600 434 0 443 0
1413806400 445 0 454 0
1413799200 443 0 454 0
1413792000 445 0 454 0
1413784800 451 0 457 0
1413777600 454 0 457 0
1413770400 427 0 444 0
1413763200 417 0 420 0
1413756000 419 0 420 0
1413748800 419 0 421 0
1413741600 422 0 426 0
1413734400 431 0 436 0
1413727200 432 0 443 0
1413720000 439 0 443 0
1413712800 436 0 440 0
1413705600 429 0 433 0
1413698400 430 0 434 0
1413691200 428 0 430 0
1413684000 426 0 429 0
1413676800 420 0 427 0
1413669600 413 0 416 0
1413662400 414 0 415 0
1413655200 425 0 435 0
1413648000 432 0 436 0
1413640800 440 0 452 0
1413633600 414 0 418 0
1413626400 410 0 416 0
1413619200 413 0 417 0
1413612000 404 0 413 0
1413604800 392 0 400 0
1413597600 395 0 400 0
1413590400 389 0 392 0
1413583200 384 0 387 0
1413576000 384 0 396 0
1413568800 397 0 399 0
1413561600 405 0 410 0
1413554400 398 0 403 0
1413547200 387 0 394 0
1413540000 393 0 406 0
1413532800 389 0 398 0
1413525600 402 0 412 0
1413518400 404 0 407 0
1413511200 399 0 407 0
1413504000 379 0 386 0
1413496800 376 0 384 0
1413489600 380 0 384 0
1413482400 389 0 422 0
1413475200 428 0 454 0
1413468000 459 0 462 0
1413460800 446 0 455 0
1413453600 447 0 452 0
1413446400 448 0 450 0
1413439200 435 0 448 0
1413432000 442 0 444 0
1413424800 322 0 443 0
1413417600 399 0 414 0
1413410400 389 0 414 0
1413403200 414 0 415 0
1413396000 431 0 440 0
1413388800 445 0 450 0
1413381600 447 0 450 0
1413374400 441 0 445 0
1413367200 443 0 449 0
1413360000 437 0 456 0
1413352800 403 0 408 0
1413345600 407 0 415 0
1413338400 395 0 406 0
1413331200 387 0 390 0
1413324000 388 0 390 0
1413316800 388 0 389 0
1413309600 403 0 420 0
1413302400 416 0 421 0
1413295200 419 0 428 0
1413288000 418 0 428 0
1413280800 426 0 429 0
1413273600 428 0 457 0
1413266400 454 0 457 0
1413259200 444 0 448 0
1413252000 413 0 420 0
1413244800 411 0 421 0
1413237600 422 0 424 0
1413230400 423 0 448 0
1413223200 450 0 462 0
1413216000 473 0 484 0
1413208800 503 0 528 0
1413201600 421 0 459 0
1413194400 320 0 364 0
1413187200 330 0 445 0
1413180000 434 0 441 0
1413172800 455 0 463 0
1413165600 439 0 446 0
1413158400 436 0 449 0
1413151200 444 0 445 0
1413144000 449 0 468 0
1413136800 470 0 474 0
1413129600 484 0 495 0
1413122400 500 0 515 0
1413115200 492 0 496 0
1413108000 486 0 494 0
1413100800 493 0 496 0
1413093600 495 0 497 0
1413086400 488 0 492 0
1413079200 473 0 480 0
1413072000 457 0 461 0
1413064800 459 0 460 0
1413057600 459 0 460 0
1413050400 460 0 486 0
1413043200 490 0 494 0
1413036000 509 0 518 0
1413028800 506 0 516 0
1413021600 484 0 487 0
1413014400 483 0 493 0
1413007200 499 0 509 0
1413000000 495 0 512 0
1412992800 472 0 479 0
1412985600 464 0 470 0
1412978400 448 0 460 0
1412971200 468 0 472 0
1412964000 483 0 499 0
1412956800 499 0 503 0
1412949600 491 0 503 0
1412942400 470 0 475 0
1412935200 463 0 465 0
1412928000 464 0 471 0
1412920800 463 0 466 0
1412913600 462 0 469 0
1412906400 459 0 462 0
1412899200 459 0 466 0
1412892000 459 0 466 0
1412884800 459 0 470 0
1412877600 470 0 476 0
1412870400 479 0 484 0
1412863200 477 0 481 0
1412856000 474 0 478 0
1412848800 477 0 482 0
1412841600 479 0 483 0
1412834400 474 0 481 0
1412827200 475 0 485 0
1412820000 442 0 464 0
1412812800 431 0 433 0
1412805600 422 0 432 0
1412798400 411 0 412 0
1412791200 411 0 416 0
1412784000 433 0 449 0
1412776800 445 0 467 0
1412769600 457 0 467 0
1412762400 452 0 461 0
1412755200 459 0 463 0
1412748000 455 0 461 0
1412740800 405 0 413 0
1412733600 389 0 396 0
1412726400 395 0 400 0
1412719200 399 0 403 0
1412712000 402 0 404 0
1412704800 415 0 433 0
1412697600 434 0 446 0
1412690400 417 0 420 0
1412683200 416 0 419 0
1412676000 415 0 418 0
1412668800 410 0 413 0
1412661600 397 0 410 0
1412654400 392 0 397 0
1412647200 384 0 392 0
1412640000 382 0 391 0
1412632800 389 0 389 0
1412625600 387 0 389 0
1412618400 371 0 390 0
1412611200 390 0 396 0
1412604000 387 0 401 0
1412596800 401 0 418 0
1412589600 421 0 425 0
1412582400 410 0 417 0
1412575200 401 0 404 0
1412568000 397 0 404 0
1412560800 375 0 379 0
1412553600 368 0 375 0
1412546400 358 0 364 0
1412539200 351 0 357 0
1412532000 386 0 404 0
1412524800 401 0 411 0
1412517600 382 0 392 0
1412510400 372 0 373 0
1412503200 375 0 398 0
1412496000 395 0 398 0
1412488800 405 0 418 0
1412481600 414 0 423 0
1412474400 400 0 404 0
1412467200 390 0 396 0
1412460000 374 0 378 0
1412452800 374 0 377 0
1412445600 378 0 382 0
1412438400 390 0 398 0
1412431200 403 0 418 0
1412424000 416 0 419 0
1412416800 394 0 412 0
1412409600 390 0 395 0
1412402400 379 0 381 0
1412395200 371 0 381 0
1412388000 350 0 358 0
1412380800 359 0 370 0
1412373600 369 0 371 0
1412366400 370 0 371 0
1412359200 383 0 400 0
1412352000 402 0 408 0
1412344800 401 0 404 0
1412337600 394 0 407 0
1412330400 406 0 409 0
1412323200 406 0 415 0
1412316000 415 0 423 0
1412308800 418 0 422 0
1412301600 392 0 396 0
1412294400 397 0 400 0
1412287200 398 0 399 0
1412280000 398 0 399 0
1412272800 398 0 400 0
1412265600 402 0 407 0
1412258400 400 0 406 0
1412251200 410 0 424 0
1412244000 422 0 425 0
1412236800 423 0 426 0
1412229600 424 0 428 0
1412222400 423 0 425 0
1412215200 421 0 423 0
1412208000 419 0 422 0
1412200800 414 0 419 0
1412193600 398 0 405 0
1412186400 405 0 412 0
1412179200 410 0 416 0
1412172000 387 0 401 0
1412164800 391 0 403 0
1412157600 402 0 404 0
1412150400 413 0 440 0
1412143200 429 0 442 0
1412136000 395 0 399 0
1412128800 410 0 419 0
1412121600 416 0 419 0
1412114400 413 0 417 0
1412107200 413 0 415 0
1412100000 431 0 441 0
1412092800 444 0 465 0
1412085600 453 0 466 0
1412078400 425 0 436 0
1412071200 409 0 422 0
1412064000 408 0 413 0
1412056800 407 0 419 0
1412049600 396 0 419 0
1412042400 378 0 396 0
1412035200 391 0 395 0
1412028000 386 0 388 0
1412020800 386 0 388 0
1412013600 388 0 391 0
1412006400 396 0 405 0
1411999200 416 0 423 0
1411992000 432 0 453 0
1411984800 438 0 444 0
1411977600 442 0 444 0
1411970400 431 0 444 0
1411963200 437 0 450 0
1411956000 433 0 440 0
1411948800 424 0 429 0
1411941600 417 0 418 0
1411934400 417 0 418 0
1411927200 430 0 444 0
1411920000 454 0 467 0
1411912800 463 0 465 0
1411905600 489 0 505 0
1411898400 504 0 506 0
1411891200 497 0 502 0
1411884000 490 0 494 0
1411876800 467 0 471 0
1411869600 434 0 444 0
1411862400 413 0 426 0
1411855200 402 0 403 0
1411848000 403 0 406 0
1411840800 407 0 410 0
1411833600 413 0 427 0
1411826400 425 0 428 0
1411819200 426 0 431 0
1411812000 404 0 417 0
1411804800 419 0 428 0
1411797600 427 0 429 0
1411790400 425 0 429 0
1411783200 392 0 405 0
1411776000 373 0 378 0
1411768800 375 0 379 0
1411761600 360 0 372 0
1411754400 374 0 381 0
1411747200 382 0 402 0
1411740000 405 0 422 0
1411732800 395 0 410 0
1411725600 385 0 389 0
1411718400 378 0 394 0
1411711200 369 0 382 0
1411704000 361 0 375 0
1411696800 364 0 375 0
1411689600 350 0 353 0
1411682400 345 0 350 0
1411675200 349 0 372 0
1411668000 372 0 375 0
1411660800 365 0 376 0
1411653600 364 0 391 0
1411646400 400 0 415 0
1411639200 396 0 398 0
1411632000 392 0 395 0
1411624800 385 0 395 0
1411617600 403 0 408 0
1411610400 381 0 390 0
1411603200 379 0 382 0
1411596000 379 0 382 0
1411588800 378 0 380 0
1411581600 376 0 381 0
1411574400 373 0 378 0
1411567200 381 0 398 0
1411560000 407 0 418 0
1411552800 395 0 398 0
1411545600 394 0 397 0
1411538400 395 0 397 0
1411531200 390 0 395 0
1411524000 378 0 383 0
1411516800 378 0 383 0
1411509600 377 0 377 0
1411502400 377 0 380 0
1411495200 384 0 389 0
1411488000 388 0 393 0
1411480800 403 0 412 0
1411473600 412 0 426 0
1411466400 405 0 408 0
1411459200 403 0 406 0
1411452000 402 0 408 0
1411444800 406 0 408 0
1411437600 400 0 404 0
1411430400 398 0 403 0
1411423200 397 0 397 0
1411416000 400 0 415 0
1411408800 415 0 419 0
1411401600 419 0 423 0
1411394400 416 0 420 0
1411387200 427 0 441 0
1411380000 420 0 424 0
1411372800 414 0 416 0
1411365600 413 0 415 0
1411358400 410 0 414 0
1411351200 405 0 410 0
1411344000 404 0 408 0
1411336800 408 0 409 0
1411329600 409 0 416 0
1411322400 419 0 430 0
1411315200 430 0 436 0
1411308000 437 0 441 0
1411300800 445 0 457 0
1411293600 461 0 474 0
1411286400 474 0 482 0
1411279200 472 0 482 0
1411272000 454 0 467 0
1411264800 439 0 449 0
1411257600 431 0 444 0
1411250400 442 0 446 0
1411243200 442 0 447 0
1411236000 452 0 456 0
1411228800 458 0 480 0
1411221600 468 0 480 0
1411214400 461 0 465 0
1411207200 461 0 465 0
1411200000 455 0 459 0
1411192800 448 0 450 0
1411185600 441 0 449 0
1411178400 419 0 432 0
1411171200 414 0 416 0
1411164000 414 0 414 0
1411156800 414 0 426 0
1411149600 426 0 428 0
1411142400 422 0 428 0
1411135200 416 0 418 0
1411128000 418 0 428 0
1411120800 409 0 413 0
1411113600 402 0 407 0
1411106400 404 0 408 0
1411099200 407 0 411 0
1411092000 404 0 412 0
1411084800 318 0 406 0
1411077600 402 0 402 0
1411070400 402 0 405 0
1411063200 410 0 416 0
1411056000 419 0 424 0
1411048800 422 0 425 0
1411041600 441 0 451 0
1411034400 432 0 434 0
1411027200 431 0 434 0
1411020000 419 0 429 0
1411012800 420 0 429 0
1411005600 405 0 411 0
1410998400 400 0 403 0
1410991200 400 0 400 0
1410984000 400 0 403 0
1410976800 405 0 425 0
1410969600 425 0 431 0
1410962400 431 0 446 0
1410955200 417 0 433 0
1410948000 401 0 412 0
1410940800 424 0 437 0
1410933600 433 0 450 0
1410926400 448 0 450 0
1410919200 442 0 446 0
1410912000 441 0 443 0
1410904800 439 0 441 0
1410897600 439 0 442 0
1410890400 443 0 450 0
1410883200 449 0 453 0
1410876000 453 0 464 0
1410868800 468 0 481 0
1410861600 449 0 461 0
1410854400 452 0 458 0
1410847200 456 0 463 0
1410840000 461 0 463 0
1410832800 452 0 460 0
1410825600 447 0 450 0
1410818400 448 0 450 0
1410811200 447 0 448 0
1410804000 453 0 466 0
1410796800 462 0 466 0
1410789600 476 0 482 0
1410782400 479 0 481 0
1410775200 475 0 479 0
1410768000 472 0 477 0
1410760800 473 0 477 0
1410753600 483 0 497 0
1410746400 481 0 485 0
1410739200 470 0 474 0
1410732000 473 0 474 0
1410724800 472 0 475 0
1410717600 475 0 482 0
1410710400 494 0 507 0
1410703200 499 0 504 0
1410696000 487 0 491 0
1410688800 481 0 488 0
1410681600 482 0 489 0
1410674400 485 0 489 0
1410667200 449 0 462 0
1410660000 439 0 444 0
1410652800 436 0 440 0
1410645600 433 0 435 0
1410638400 432 0 438 0
1410631200 438 0 441 0
1410624000 444 0 457 0
1410616800 452 0 454 0
1410609600 452 0 454 0
1410602400 453 0 480 0
1410595200 482 0 499 0
1410588000 495 0 499 0
1410580800 494 0 497 0
1410573600 472 0 491 0
1410566400 340 0 443 0
1410559200 429 0 455 0
1410552000 455 0 459 0
1410544800 459 0 462 0
1410537600 475 0 483 0
1410530400 475 0 483 0
1410523200 461 0 464 0
1410516000 459 0 462 0
1410508800 460 0 462 0
1410501600 466 0 477 0
1410494400 458 0 467 0
1410487200 451 0 457 0
1410480000 424 0 449 0
1410472800 409 0 429 0
1410465600 428 0 431 0
1410458400 432 0 437 0
1410451200 436 0 460 0
1410444000 457 0 466 0
1410436800 444 0 466 0
1410429600 452 0 475 0
1410422400 475 0 484 0
1410415200 482 0 485 0
1410408000 482 0 485 0
1410400800 438 0 478 0
1410393600 411 0 414 0
1410386400 411 0 411 0
1410379200 415 0 441 0
1410372000 447 0 456 0
1410364800 453 0 481 0
1410357600 484 0 503 0
1410350400 490 0 503 0
1410343200 459 0 462 0
1410336000 457 0 460 0
1410328800 459 0 471 0
1410321600 466 0 471 0
1410314400 434 0 458 0
1410307200 411 0 414 0
1410300000 414 0 420 0
1410292800 435 0 446 0
1410285600 446 0 450 0
1410278400 450 0 476 0
1410271200 472 0 480 0
1410264000 456 0 460 0
1410256800 457 0 461 0
1410249600 459 0 463 0
1410242400 464 0 471 0
1410235200 461 0 471 0
1410228000 448 0 451 0
1410220800 455 0 461 0
1410213600 459 0 461 0
1410206400 458 0 460 0
1410199200 457 0 458 0
1410192000 461 0 494 0
1410184800 493 0 498 0
1410177600 495 0 499 0
1410170400 493 0 496 0
1410163200 484 0 488 0
1410156000 484 0 496 0
1410148800 467 0 472 0
1410141600 457 0 472 0
1410134400 432 0 434 0
1410127200 429 0 432 0
1410120000 425 0 430 0
1410112800 437 0 441 0
1410105600 447 0 472 0
1410098400 475 0 481 0
1410091200 481 0 503 0
1410084000 501 0 514 0
1410076800 483 0 487 0
1410069600 486 0 492 0
1410062400 483 0 487 0
1410055200 469 0 477 0
1410048000 440 0 445 0
1410040800 438 0 439 0
1410033600 439 0 443 0
1410026400 442 0 446 0
1410019200 453 0 476 0
1410012000 470 0 478 0
1410004800 464 0 467 0
1409997600 466 0 476 0
1409990400 458 0 462 0
1409983200 467 0 476 0
1409976000 458 0 463 0
1409968800 460 0 471 0
1409961600 423 0 427 0
1409954400 424 0 429 0
1409947200 429 0 430 0
1409940000 428 0 431 0
1409932800 434 0 452 0
1409925600 461 0 473 0
1409918400 457 0 465 0
1409911200 458 0 464 0
1409904000 457 0 459 0
1409896800 456 0 466 0
1409889600 456 0 459 0
1409882400 456 0 459 0
1409875200 438 0 455 0
1409868000 433 0 434 0
1409860800 433 0 434 0
1409853600 433 0 436 0
1409846400 435 0 471 0
1409839200 465 0 485 0
1409832000 456 0 460 0
1409824800 451 0 455 0
1409817600 444 0 446 0
1409810400 449 0 452 0
1409803200 453 0 473 0
1409796000 436 0 444 0
1409788800 420 0 437 0
1409781600 414 0 415 0
1409774400 416 0 418 0
1409767200 421 0 430 0
1409760000 431 0 479 0
1409752800 473 0 479 0
1409745600 446 0 456 0
1409738400 443 0 446 0
1409731200 438 0 444 0
1409724000 415 0 428 0
1409716800 417 0 425 0
1409709600 407 0 423 0
1409702400 410 0 423 0
1409695200 406 0 407 0
1409688000 407 0 407 0
1409680800 451 0 491 0
1409616000 429 0 471 0
1409529600 144 0 406 0
1409443200 0 0 0 0
1409356800 0 0 0 0
1409270400 222 0 433 0
1409184000 405 0 447 0
1409097600 401 0 433 0
1409011200 392 0 425 0
1408924800 400 0 447 0
1408838400 417 0 464 0
1408752000 398 0 426 0
1408665600 416 0 445 0
1408579200 381 0 416 0
1408492800 361 0 409 0
1408406400 344 0 384 0
1408320000 377 0 400 0
1408233600 394 0 462 0
1408147200 374 0 413 0
1408060800 376 0 388 0
1407974400 348 0 373 0
1407888000 350 0 394 0
1407801600 371 0 409 0
1407715200 378 0 441 0
1407628800 397 0 447 0
1407542400 402 0 430 0
1407456000 399 0 431 0
1407369600 407 0 447 0
1407283200 395 0 444 0
1407196800 391 0 431 0
1407110400 394 0 447 0
1407024000 405 0 466 0
1406937600 413 0 454 0
1406851200 412 0 448 0
1406764800 395 0 430 0
1406678400 369 0 407 0
1406592000 377 0 417 0
1406505600 390 0 455 0
1406419200 412 0 458 0
1406332800 408 0 446 0
1406246400 409 0 457 0
1406160000 395 0 434 0
1406073600 380 0 421 0
1405987200 362 0 412 0
1405900800 381 0 427 0
1405814400 382 0 418 0
1405728000 380 0 414 0
1405641600 404 0 466 0
1405555200 399 0 452 0
1405468800 395 0 472 0
1405382400 395 0 455 0
1405296000 407 0 458 0
1405209600 404 0 472 0
1405123200 364 0 391 0
1405036800 343 0 416 0
1404950400 361 0 401 0
1404864000 373 0 411 0
1404777600 360 0 408 0
1404691200 378 0 439 0
1404604800 390 0 442 0
1404518400 372 0 415 0
1404432000 348 0 392 0
1404345600 356 0 392 0
1404259200 327 0 377 0
1404172800 327 0 356 0
1404086400 326 0 369 0
1404000000 315 0 345 0
1403913600 316 0 351 0
1403827200 319 0 355 0
1403740800 360 0 392 0
1403654400 357 0 399 0
1403568000 345 0 390 0
1403481600 377 0 416 0
1403395200 353 0 390 0
1403308800 344 0 386 0
1403222400 370 0 438 0
1403136000 376 0 422 0
1403049600 378 0 432 0
1402963200 372 0 416 0
1402876800 387 0 437 0
1402790400 380 0 416 0
1402704000 369 0 417 0
1402617600 355 0 397 0
1402531200 330 0 367 0
1402444800 306 0 357 0
1402358400 320 0 387 0
1402272000 354 0 412 0
1402185600 355 0 384 0
1402099200 349 0 394 0
1402012800 354 0 403 0
1401926400 339 0 377 0
1401840000 320 0 360 0
1401753600 327 0 376 0
1401667200 353 0 399 0
1401580800 333 0 364 0
1401494400 343 0 386 0
1401408000 255 0 373 0
1401321600 320 0 364 0
1401235200 276 0 314 0
1401148800 311 0 365 0
1401062400 346 0 386 0
1400976000 339 0 373 0
1400889600 334 0 369 0
1400803200 324 0 359 0
1400716800 328 0 367 0
1400630400 356 0 402 0
1400544000 341 0 391 0
1400457600 335 0 379 0
1400371200 331 0 372 0
1400284800 252 0 376 0
1400198400 328 0 348 0
1400112000 325 0 350 0
1400025600 330 0 370 0
1399939200 307 0 338 0
1399852800 364 0 414 0
1399766400 361 0 400 0
1399680000 350 0 401 0
1399593600 204 0 347 0
1399507200 311 0 345 0
1399420800 298 0 327 0
1399334400 332 0 386 0
1399248000 355 0 394 0
1399161600 382 0 476 0
1399075200 408 0 450 0
1398988800 404 0 439 0
1398902400 387 0 424 0
1398816000 393 0 422 0
1398729600 375 0 401 0
1398643200 374 0 417 0
1398556800 381 0 410 0
1398470400 379 0 394 0
1398384000 378 0 414 0
1398297600 364 0 411 0
1398211200 394 0 453 0
1398124800 404 0 442 0
1398038400 371 0 404 0
1397952000 390 0 423 0
1397865600 395 0 435 0
1397779200 379 0 417 0
1397692800 374 0 400 0
1397606400 361 0 407 0
1397520000 333 0 427 0
1397433600 381 0 420 0
1397347200 378 0 425 0
1397260800 382 0 431 0
1397174400 350 0 413 0
1397088000 381 0 447 0
1397001600 383 0 433 0
1396915200 417 0 458 0
1396828800 415 0 465 0
1396742400 415 0 464 0
1396656000 398 0 429 0
1396569600 409 0 445 0
1396483200 392 0 422 0
1396396800 403 0 465 0
1396310400 388 0 437 0
1396224000 387 0 432 0
1396137600 404 0 436 0
1396051200 390 0 445 0
1395964800 399 0 436 0
1395878400 391 0 411 0
1395792000 387 0 416 0
1395705600 377 0 398 0
1395619200 395 0 428 0
1395532800 402 0 429 0
1395446400 400 0 432 0
1395360000 387 0 418 0
1395273600 392 0 410 0
1395187200 392 0 412 0
1395100800 413 0 454 0
1395014400 417 0 447 0
1394928000 397 0 425 0
1394841600 389 0 415 0
1394755200 401 0 420 0
1394668800 392 0 409 0
1394582400 415 0 443 0
1394496000 423 0 448 0
1394409600 423 0 461 0
1394323200 437 0 465 0
1394236800 423 0 454 0
1394150400 416 0 448 0
1394064000 373 0 421 0
1393977600 347 0 380 0
1393891200 363 0 408 0
1393804800 371 0 410 0
1393718400 373 0 416 0
1393632000 315 0 399 0
1393545600 339 0 393 0
1393459200 317 0 353 0
1393372800 317 0 363 0
1393286400 343 0 392 0
1393200000 351 0 398 0
1393113600 336 0 379 0
1393027200 338 0 382 0
1392940800 321 0 363 0
1392854400 319 0 368 0
1392768000 335 0 387 0
1392681600 341 0 395 0
1392595200 360 0 427 0
1392508800 360 0 423 0
1392422400 332 0 380 0
1392336000 289 0 322 0
1392249600 302 0 373 0
1392163200 373 0 424 0
1392076800 363 0 428 0
1391990400 376 0 438 0
1391904000 393 0 444 0
1391817600 393 0 436 0
1391731200 364 0 409 0
1391644800 327 0 350 0
1391558400 344 0 375 0
1391472000 346 0 384 0
1391385600 372 0 420 0
1391299200 389 0 437 0
1391212800 405 0 453 0
1391126400 382 0 417 0
1391040000 403 0 438 0
1390953600 414 0 462 0
1390867200 403 0 460 0
1390780800 373 0 412 0
1390694400 375 0 413 0
1390608000 352 0 383 0
1390521600 374 0 422 0
1390435200 394 0 425 0
1390348800 380 0 439 0
1390262400 372 0 417 0
1390176000 404 0 444 0
1390089600 425 0 464 0
1390003200 396 0 438 0
1389916800 404 0 434 0
1389830400 414 0 467 0
1389744000 422 0 467 0
1389657600 344 0 484 0
1389571200 411 0 463 0
1389484800 407 0 452 0
1389398400 400 0 443 0
1389312000 403 0 443 0
1389225600 431 0 464 0
1389139200 419 0 451 0
1389052800 426 0 458 0
1388966400 444 0 480 0
1388880000 429 0 468 0
1388793600 427 0 481 0
1388707200 439 0 498 0
1388620800 462 0 513 0
1388534400 446 0 485 0
1388448000 405 0 441 0
1388361600 423 0 484 0
1388275200 423 0 468 0
1388188800 206 0 438 0
1388102400 0 0 0 0
1388016000 0 0 0 0
1387929600 0 0 0 0
1387843200 0 0 0 0
1387756800 0 0 0 0
1387670400 0 0 0 0
1387584000 0 0 0 0
1387497600 0 0 0 0
1387411200 0 0 0 0
1387324800 0 0 0 0
1387238400 0 0 0 0
1387152000 0 0 0 0
1387065600 0 0 0 0
1386979200 0 0 0 0
1386892800 0 0 0 0
1386806400 0 0 0 0
1386720000 0 0 0 0
1386633600 0 0 0 0
1386547200 0 0 0 0
1386460800 0 0 0 0
1386374400 0 0 0 0
1386288000 0 0 0 0
1386201600 0 0 0 0
1386115200 0 0 0 0
1386028800 0 0 0 0
1385942400 0 0 0 0
1385856000 0 0 0 0
1385769600 0 0 0 0
1385683200 0 0 0 0
1385596800 0 0 0 0
1385510400 0 0 0 0
1385424000 0 0 0 0
1385337600 0 0 0 0
1385251200 0 0 0 0
1385164800 0 0 0 0
1385078400 0 0 0 0
1384992000 0 0 0 0
1384905600 0 0 0 0
1384819200 0 0 0 0
1384732800 0 0 0 0
1384646400 0 0 0 0
1384560000 0 0 0 0
1384473600 0 0 0 0
1384387200 0 0 0 0
1384300800 0 0 0 0
1384214400 0 0 0 0
1384128000 0 0 0 0
1384041600 0 0 0 0
1383955200 0 0 0 0
1383868800 0 0 0 0
1383782400 0 0 0 0
1383696000 0 0 0 0
1383609600 0 0 0 0
1383523200 0 0 0 0
1383436800 0 0 0 0
1383350400 0 0 0 0
1383264000 0 0 0 0
1383177600 0 0 0 0
1383091200 0 0 0 0
1383004800 0 0 0 0
1382918400 0 0 0 0
1382832000 0 0 0 0
1382745600 0 0 0 0
1382659200 0 0 0 0
1382572800 0 0 0 0
1382486400 0 0 0 0
1382400000 0 0 0 0
1382313600 0 0 0 0
1382227200 0 0 0 0
1382140800 0 0 0 0
1382054400 0 0 0 0
1381968000 0 0 0 0
1381881600 0 0 0 0
1381795200 0 0 0 0
1381708800 0 0 0 0
1381622400 0 0 0 0
1381536000 0 0 0 0
1381449600 0 0 0 0
1381363200 0 0 0 0
1381276800 0 0 0 0
1381190400 0 0 0 0
1381104000 0 0 0 0
1381017600 0 0 0 0
1380931200 0 0 0 0
1380844800 0 0 0 0
1380758400 0 0 0 0
1380672000 0 0 0 0
1380585600 0 0 0 0
1380499200 0 0 0 0
1380412800 0 0 0 0
1380326400 0 0 0 0
1380240000 0 0 0 0
1380153600 0 0 0 0
1380067200 0 0 0 0
1379980800 0 0 0 0
1379894400 0 0 0 0
1379808000 0 0 0 0
1379721600 0 0 0 0
1379635200 0 0 0 0
1379548800 0 0 0 0
1379462400 0 0 0 0
1379376000 0 0 0 0
1379289600 0 0 0 0
1379203200 0 0 0 0
1379116800 0 0 0 0
1379030400 0 0 0 0
1378944000 0 0 0 0
1378857600 0 0 0 0
1378771200 0 0 0 0
1378684800 0 0 0 0
1378598400 0 0 0 0
1378512000 0 0 0 0
1378425600 0 0 0 0
1378339200 0 0 0 0
1378252800 0 0 0 0
1378166400 0 0 0 0
1378080000 0 0 0 0
1377993600 0 0 0 0
1377907200 0 0 0 0
1377820800 0 0 0 0
1377734400 0 0 0 0
1377648000 0 0 0 0
1377561600 0 0 0 0
1377475200 0 0 0 0
1377388800 0 0 0 0
1377302400 0 0 0 0
1377216000 0 0 0 0
1377129600 0 0 0 0
1377043200 0 0 0 0
1376956800 0 0 0 0
1376870400 0 0 0 0
1376784000 0 0 0 0
1376697600 0 0 0 0
1376611200 0 0 0 0
1376524800 0 0 0 0
1376438400 0 0 0 0
1376352000 0 0 0 0
1376265600 0 0 0 0
1376179200 0 0 0 0
1376092800 0 0 0 0
1376006400 0 0 0 0
1375920000 0 0 0 0
1375833600 0 0 0 0
1375747200 0 0 0 0
1375660800 0 0 0 0
1375574400 0 0 0 0
1375488000 0 0 0 0
1375401600 0 0 0 0
1375315200 0 0 0 0
1375228800 0 0 0 0
1375142400 0 0 0 0
1375056000 0 0 0 0
1374969600 0 0 0 0
1374883200 0 0 0 0
1374796800 0 0 0 0
1374710400 0 0 0 0
1374624000 0 0 0 0
1374537600 0 0 0 0
1374451200 0 0 0 0
1374364800 0 0 0 0
1374278400 0 0 0 0
1374192000 0 0 0 0
1374105600 0 0 0 0
1374019200 0 0 0 0
1373932800 0 0 0 0
1373846400 0 0 0 0
1373760000 0 0 0 0
1373673600 0 0 0 0
1373587200 0 0 0 0
1373500800 0 0 0 0
1373414400 0 0 0 0
1373328000 0 0 0 0
1373241600 0 0 0 0
1373155200 0 0 0 0
1373068800 0 0 0 0
1372982400 0 0 0 0
1372896000 0 0 0 0
1372809600 0 0 0 0
1372723200 0 0 0 0
1372636800 0 0 0 0
1372550400 0 0 0 0
1372464000 0 0 0 0
1372377600 0 0 0 0
1372291200 0 0 0 0
1372204800 0 0 0 0
1372118400 0 0 0 0
1372032000 0 0 0 0
1371945600 0 0 0 0
1371859200 0 0 0 0
1371772800 0 0 0 0
1371686400 0 0 0 0
1371600000 0 0 0 0
1371513600 0 0 0 0
1371427200 0 0 0 0
1371340800 0 0 0 0
1371254400 0 0 0 0
1371168000 0 0 0 0
1371081600 0 0 0 0
1370995200 0 0 0 0
1370908800 0 0 0 0
1370822400 0 0 0 0
1370736000 0 0 0 0
1370649600 0 0 0 0
1370563200 0 0 0 0
1370476800 0 0 0 0
1370390400 0 0 0 0
1370304000 0 0 0 0
1370217600 0 0 0 0
1370131200 0 0 0 0
1370044800 0 0 0 0
1369958400 0 0 0 0
1369872000 0 0 0 0
1369785600 0 0 0 0
1369699200 0 0 0 0
1369612800 0 0 0 0
1369526400 0 0 0 0
1369440000 0 0 0 0
1369353600 0 0 0 0
1369267200 0 0 0 0
1369180800 0 0 0 0
1369094400 0 0 0 0
1369008000 0 0 0 0
1368921600 0 0 0 0
1368835200 0 0 0 0
1368748800 0 0 0 0
1368662400 0 0 0 0
1368576000 0 0 0 0
1368489600 0 0 0 0
1368403200 0 0 0 0
1368316800 0 0 0 0
1368230400 0 0 0 0
1368144000 0 0 0 0
1368057600 0 0 0 0
1367971200 0 0 0 0
1367884800 0 0 0 0
1367798400 0 0 0 0
1367712000 0 0 0 0
1367625600 0 0 0 0
1367539200 0 0 0 0
1367452800 0 0 0 0
1367366400 0 0 0 0
1367280000 0 0 0 0
1367193600 0 0 0 0
1367107200 0 0 0 0
1367020800 0 0 0 0
1366934400 0 0 0 0
1366848000 0 0 0 0
1366761600 0 0 0 0
1366675200 0 0 0 0
1366588800 0 0 0 0
1366502400 0 0 0 0
1366416000 0 0 0 0
1366329600 0 0 0 0
1366243200 0 0 0 0
1366156800 0 0 0 0
1366070400 0 0 0 0
1365984000 0 0 0 0
1365897600 0 0 0 0
1365811200 0 0 0 0
1365724800 0 0 0 0
1365638400 0 0 0 0
1365552000 0 0 0 0
1365465600 0 0 0 0
1365379200 0 0 0 0
1365292800 0 0 0 0
1365206400 0 0 0 0
1365120000 0 0 0 0
1365033600 0 0 0 0
1364947200 0 0 0 0
1364860800 0 0 0 0
1364774400 0 0 0 0
1364688000 0 0 0 0
1364601600 0 0 0 0
1364515200 0 0 0 0
1364428800 0 0 0 0
1364342400 0 0 0 0
1364256000 0 0 0 0
1364169600 0 0 0 0
1364083200 0 0 0 0
1363996800 0 0 0 0
1363910400 0 0 0 0
1363824000 0 0 0 0
1363737600 0 0 0 0
1363651200 0 0 0 0
1363564800 0 0 0 0
1363478400 0 0 0 0
1363392000 0 0 0 0
1363305600 0 0 0 0
1363219200 0 0 0 0
1363132800 0 0 0 0
1363046400 0 0 0 0
1362960000 0 0 0 0
1362873600 0 0 0 0
1362787200 0 0 0 0
1362700800 0 0 0 0
1362614400 0 0 0 0
1362528000 0 0 0 0
1362441600 0 0 0 0
1362355200 0 0 0 0
1362268800 0 0 0 0
1362182400 0 0 0 0
1362096000 0 0 0 0
1362009600 0 0 0 0
1361923200 0 0 0 0
1361836800 0 0 0 0
1361750400 0 0 0 0
1361664000 0 0 0 0
1361577600 0 0 0 0
1361491200 0 0 0 0
1361404800 0 0 0 0
1361318400 0 0 0 0
1361232000 0 0 0 0
1361145600 0 0 0 0
1361059200 0 0 0 0
1360972800 0 0 0 0
1360886400 0 0 0 0
1360800000 0 0 0 0
1360713600 0 0 0 0
1360627200 0 0 0 0
1360540800 0 0 0 0
1360454400 0 0 0 0
1360368000 0 0 0 0
1360281600 0 0 0 0
1360195200 0 0 0 0
1360108800 0 0 0 0
1360022400 0 0 0 0
1359936000 0 0 0 0
1359849600 0 0 0 0
1359763200 0 0 0 0
1359676800 0 0 0 0
1359590400 0 0 0 0
1359504000 0 0 0 0
1359417600 0 0 0 0
1359331200 0 0 0 0
1359244800 0 0 0 0
1359158400 0 0 0 0
1359072000 0 0 0 0
1358985600 0 0 0 0
1358899200 0 0 0 0
1358812800 0 0 0 0
1358726400 0 0 0 0
1358640000 0 0 0 0
1358553600 0 0 0 0
1358467200 0 0 0 0
1358380800 0 0 0 0
1358294400 0 0 0 0
1358208000 0 0 0 0
1358121600 0 0 0 0
1358035200 0 0 0 0
1357948800 0 0 0 0
1357862400 0 0 0 0
1357776000 0 0 0 0
1357689600 0 0 0 0
1357603200 0 0 0 0
1357516800 0 0 0 0
1357430400 0 0 0 0
1357344000 0 0 0 0
1357257600 0 0 0 0
1357171200 0 0 0 0
1357084800 0 0 0 0
1356998400 0 0 0 0
1356912000 0 0 0 0
1356825600 0 0 0 0
1356739200 0 0 0 0
1356652800 0 0 0 0
1356566400 0 0 0 0
1356480000 0 0 0 0
1356393600 0 0 0 0
1356307200 0 0 0 0
1356220800 0 0 0 0
1356134400 0 0 0 0
1356048000 0 0 0 0
1355961600 0 0 0 0
1355875200 0 0 0 0
1355788800 0 0 0 0
1355702400 0 0 0 0
1355616000 0 0 0 0
1355529600 0 0 0 0
1355443200 0 0 0 0
1355356800 0 0 0 0
1355270400 0 0 0 0
1355184000 0 0 0 0
1355097600 0 0 0 0
1355011200 0 0 0 0
1354924800 0 0 0 0
1354838400 0 0 0 0
1354752000 0 0 0 0
1354665600 0 0 0 0
1354579200 0 0 0 0
1354492800 0 0 0 0
1354406400 0 0 0 0
1354320000 0 0 0 0
1354233600 0 0 0 0
1354147200 0 0 0 0
1354060800 0 0 0 0
1353974400 0 0 0 0
1353888000 0 0 0 0
1353801600 0 0 0 0
1353715200 0 0 0 0
1353628800 0 0 0 0
1353542400 0 0 0 0
1353456000 0 0 0 0
1353369600 0 0 0 0
1353283200 0 0 0 0
1353196800 0 0 0 0
1353110400 0 0 0 0
1353024000 0 0 0 0
1352937600 0 0 0 0
1352851200 0 0 0 0
1352764800 0 0 0 0
1352678400 0 0 0 0
1352592000 0 0 0 0
1352505600 0 0 0 0
1352419200 0 0 0 0
1352332800 0 0 0 0
1352246400 0 0 0 0
1352160000 0 0 0 0
1352073600 0 0 0 0
1351987200 0 0 0 0
1351900800 0 0 0 0
1351814400 0 0 0 0
1351728000 0 0 0 0
1351641600 0 0 0 0
1351555200 0 0 0 0
1351468800 0 0 0 0
1351382400 0 0 0 0
1351296000 0 0 0 0
1351209600 0 0 0 0
1351123200 0 0 0 0
1351036800 0 0 0 0
1350950400 0 0 0 0
1350864000 0 0 0 0
1350777600 0 0 0 0
1350691200 0 0 0 0
1350604800 0 0 0 0
1350518400 0 0 0 0
1350432000 0 0 0 0
1350345600 0 0 0 0
1350259200 0 0 0 0
1350172800 0 0 0 0
1350086400 0 0 0 0
1350000000 0 0 0 0
1349913600 0 0 0 0
1349827200 0 0 0 0
1349740800 0 0 0 0
1349654400 0 0 0 0
1349568000 0 0 0 0
1349481600 0 0 0 0
1349395200 0 0 0 0
1349308800 0 0 0 0
1349222400 0 0 0 0
1349136000 0 0 0 0
1349049600 0 0 0 0
1348963200 0 0 0 0
1348876800 0 0 0 0
1348790400 0 0 0 0
1348704000 0 0 0 0
1348617600 0 0 0 0
1348531200 0 0 0 0
1348444800 0 0 0 0
1348358400 0 0 0 0
1348272000 0 0 0 0
1348185600 0 0 0 0
1348099200 0 0 0 0
1348012800 0 0 0 0
1347926400 0 0 0 0
1347840000 0 0 0 0
1347753600 0 0 0 0
1347667200 0 0 0 0
1347580800 0 0 0 0
1347494400 0 0 0 0
1347408000 0 0 0 0
1347321600 0 0 0 0
1347235200 0 0 0 0
1347148800 0 0 0 0
1347062400 0 0 0 0
1346976000 0 0 0 0
1346889600 0 0 0 0
1346803200 0 0 0 0
1346716800 0 0 0 0
1346630400 0 0 0 0
1346544000 0 0 0 0
1346457600 0 0 0 0
