2003.06.15 10:14 B F:\login\f\fairy.o <-- www.vmud.com /lonely/mudlib/data/login/f fairy.o
2003.06.15 10:14 B F:\login\f\fakljfl.o <-- www.vmud.com /lonely/mudlib/data/login/f fakljfl.o
2003.06.15 10:14 B F:\login\f\fallstar.o <-- www.vmud.com /lonely/mudlib/data/login/f fallstar.o
2003.06.15 10:14 B F:\login\f\fans.o <-- www.vmud.com /lonely/mudlib/data/login/f fans.o
2003.06.15 10:14 B F:\login\f\fashion.o <-- www.vmud.com /lonely/mudlib/data/login/f fashion.o
2003.06.15 10:14 B F:\login\f\fcnb.o <-- www.vmud.com /lonely/mudlib/data/login/f fcnb.o
2003.06.15 10:14 B F:\login\f\fdfd.o <-- www.vmud.com /lonely/mudlib/data/login/f fdfd.o
2003.06.15 10:14 B F:\login\f\fdhgngf.o <-- www.vmud.com /lonely/mudlib/data/login/f fdhgngf.o
2003.06.15 10:14 B F:\login\f\feather.o <-- www.vmud.com /lonely/mudlib/data/login/f feather.o
2003.06.15 10:14 B F:\login\f\fedex.o <-- www.vmud.com /lonely/mudlib/data/login/f fedex.o
2003.06.15 10:14 B F:\login\f\fei.o <-- www.vmud.com /lonely/mudlib/data/login/f fei.o
2003.06.15 10:14 B F:\login\f\feichui.o <-- www.vmud.com /lonely/mudlib/data/login/f feichui.o
2003.06.15 10:14 B F:\login\f\feihong.o <-- www.vmud.com /lonely/mudlib/data/login/f feihong.o
2003.06.15 10:14 B F:\login\f\feilong.o <-- www.vmud.com /lonely/mudlib/data/login/f feilong.o
2003.06.15 10:14 B F:\login\f\feisha.o <-- www.vmud.com /lonely/mudlib/data/login/f feisha.o
2003.06.15 10:14 B F:\login\f\feixue.o <-- www.vmud.com /lonely/mudlib/data/login/f feixue.o
2003.06.15 10:14 B F:\login\f\feng.o <-- www.vmud.com /lonely/mudlib/data/login/f feng.o
2003.06.15 10:14 B F:\login\f\fenger.o <-- www.vmud.com /lonely/mudlib/data/login/f fenger.o
2003.06.15 10:14 B F:\login\f\fenghuang.o <-- www.vmud.com /lonely/mudlib/data/login/f fenghuang.o
2003.06.15 10:14 B F:\login\f\fengz.o <-- www.vmud.com /lonely/mudlib/data/login/f fengz.o
2003.06.15 10:14 B F:\login\f\fengzi.o <-- www.vmud.com /lonely/mudlib/data/login/f fengzi.o
2003.06.15 10:14 B F:\login\f\fenlang.o <-- www.vmud.com /lonely/mudlib/data/login/f fenlang.o
2003.06.15 10:14 B F:\login\f\fenrir.o <-- www.vmud.com /lonely/mudlib/data/login/f fenrir.o
2003.06.15 10:14 B F:\login\f\ffc.o <-- www.vmud.com /lonely/mudlib/data/login/f ffc.o
2003.06.15 10:14 B F:\login\f\ffjj.o <-- www.vmud.com /lonely/mudlib/data/login/f ffjj.o
2003.06.15 10:14 B F:\login\f\fgtyu.o <-- www.vmud.com /lonely/mudlib/data/login/f fgtyu.o
2003.06.15 10:14 B F:\login\f\fiend.o <-- www.vmud.com /lonely/mudlib/data/login/f fiend.o
2003.06.15 10:14 B F:\login\f\fiery.o <-- www.vmud.com /lonely/mudlib/data/login/f fiery.o
2003.06.15 10:14 B F:\login\f\fifily.o <-- www.vmud.com /lonely/mudlib/data/login/f fifily.o
2003.06.15 10:14 B F:\login\f\fire.o <-- www.vmud.com /lonely/mudlib/data/login/f fire.o
2003.06.15 10:14 B F:\login\f\firefox.o <-- www.vmud.com /lonely/mudlib/data/login/f firefox.o
2003.06.15 10:14 B F:\login\f\firemen.o <-- www.vmud.com /lonely/mudlib/data/login/f firemen.o
2003.06.15 10:14 B F:\login\f\firemount.o <-- www.vmud.com /lonely/mudlib/data/login/f firemount.o
2003.06.15 10:14 B F:\login\f\fireo.o <-- www.vmud.com /lonely/mudlib/data/login/f fireo.o
2003.06.15 10:14 B F:\login\f\firerose.o <-- www.vmud.com /lonely/mudlib/data/login/f firerose.o
2003.06.15 10:14 B F:\login\f\firespirit.o <-- www.vmud.com /lonely/mudlib/data/login/f firespirit.o
2003.06.15 10:14 B F:\login\f\fireway.o <-- www.vmud.com /lonely/mudlib/data/login/f fireway.o
2003.06.15 10:14 B F:\login\f\firstdami.o <-- www.vmud.com /lonely/mudlib/data/login/f firstdami.o
2003.06.15 10:14 B F:\login\f\fjl.o <-- www.vmud.com /lonely/mudlib/data/login/f fjl.o
2003.06.15 10:14 B F:\login\f\fjxm.o <-- www.vmud.com /lonely/mudlib/data/login/f fjxm.o
2003.06.15 10:14 B F:\login\f\flame.o <-- www.vmud.com /lonely/mudlib/data/login/f flame.o
2003.06.15 10:14 B F:\login\f\flower.o <-- www.vmud.com /lonely/mudlib/data/login/f flower.o
2003.06.15 10:14 B F:\login\f\fly.o <-- www.vmud.com /lonely/mudlib/data/login/f fly.o
2003.06.15 10:14 B F:\login\f\folwodks.o <-- www.vmud.com /lonely/mudlib/data/login/f folwodks.o
2003.06.15 10:14 B F:\login\f\fong.o <-- www.vmud.com /lonely/mudlib/data/login/f fong.o
2003.06.15 10:14 B F:\login\f\foor.o <-- www.vmud.com /lonely/mudlib/data/login/f foor.o
2003.06.15 10:14 B F:\login\f\forever.o <-- www.vmud.com /lonely/mudlib/data/login/f forever.o
2003.06.15 10:14 B F:\login\f\fox.o <-- www.vmud.com /lonely/mudlib/data/login/f fox.o
2003.06.15 10:14 B F:\login\f\foxfly.o <-- www.vmud.com /lonely/mudlib/data/login/f foxfly.o
2003.06.15 10:14 B F:\login\f\foxx.o <-- www.vmud.com /lonely/mudlib/data/login/f foxx.o
2003.06.15 10:14 B F:\login\f\freefriend.o <-- www.vmud.com /lonely/mudlib/data/login/f freefriend.o
2003.06.15 10:14 B F:\login\f\fukada.o <-- www.vmud.com /lonely/mudlib/data/login/f fukada.o
2003.06.15 10:14 B F:\login\f\fun.o <-- www.vmud.com /lonely/mudlib/data/login/f fun.o
2003.06.15 10:14 B F:\login\f\furysoul.o <-- www.vmud.com /lonely/mudlib/data/login/f furysoul.o
2003.06.15 10:14 B F:\login\f\fuw.o <-- www.vmud.com /lonely/mudlib/data/login/f fuw.o
2003.06.15 10:14 B F:\login\f\fypx.o <-- www.vmud.com /lonely/mudlib/data/login/f fypx.o
2003.06.15 10:14 B F:\login\f\fyy.o <-- www.vmud.com /lonely/mudlib/data/login/f fyy.o
