99.03.14 13:27 B f:\mirror1\d\quanzhou\bamboo.c --> www1.yn.cninfo.net /mudcctx/mudlib/d/quanzhou bamboo.c
99.03.14 13:27 B f:\mirror1\d\quanzhou\beimen.c --> www1.yn.cninfo.net /mudcctx/mudlib/d/quanzhou beimen.c
99.03.14 13:27 B f:\mirror1\d\quanzhou\haigang.c --> www1.yn.cninfo.net /mudcctx/mudlib/d/quanzhou haigang.c
99.03.14 13:27 B f:\mirror1\d\quanzhou\houyuan.c --> www1.yn.cninfo.net /mudcctx/mudlib/d/quanzhou houyuan.c
99.03.14 13:27 B f:\mirror1\d\quanzhou\jiaxing.c --> www1.yn.cninfo.net /mudcctx/mudlib/d/quanzhou jiaxing.c
99.03.14 13:27 B f:\mirror1\d\quanzhou\jxnanmen.c --> www1.yn.cninfo.net /mudcctx/mudlib/d/quanzhou jxnanmen.c
99.03.14 13:27 B f:\mirror1\d\quanzhou\laozhai.c --> www1.yn.cninfo.net /mudcctx/mudlib/d/quanzhou laozhai.c
99.03.14 13:27 B f:\mirror1\d\quanzhou\liang.c --> www1.yn.cninfo.net /mudcctx/mudlib/d/quanzhou liang.c
99.03.14 13:27 B f:\mirror1\d\quanzhou\midao.c --> www1.yn.cninfo.net /mudcctx/mudlib/d/quanzhou midao.c
99.03.14 13:27 B f:\mirror1\d\quanzhou\mishi.c --> www1.yn.cninfo.net /mudcctx/mudlib/d/quanzhou mishi.c
99.03.14 13:27 B f:\mirror1\d\quanzhou\nanhu.c --> www1.yn.cninfo.net /mudcctx/mudlib/d/quanzhou nanhu.c
99.03.14 13:27 B f:\mirror1\d\quanzhou\nanhu1.c --> www1.yn.cninfo.net /mudcctx/mudlib/d/quanzhou nanhu1.c
99.03.14 13:27 B f:\mirror1\d\quanzhou\nanmen.c --> www1.yn.cninfo.net /mudcctx/mudlib/d/quanzhou nanmen.c
99.03.14 13:27 B f:\mirror1\d\quanzhou\qinglong.c --> www1.yn.cninfo.net /mudcctx/mudlib/d/quanzhou qinglong.c
99.03.14 13:27 B f:\mirror1\d\quanzhou\qinglong1.c --> www1.yn.cninfo.net /mudcctx/mudlib/d/quanzhou qinglong1.c
99.03.14 13:27 B f:\mirror1\d\quanzhou\qinglong2.c --> www1.yn.cninfo.net /mudcctx/mudlib/d/quanzhou qinglong2.c
99.03.14 13:27 B f:\mirror1\d\quanzhou\qinglong3.c --> www1.yn.cninfo.net /mudcctx/mudlib/d/quanzhou qinglong3.c
99.03.14 13:27 B f:\mirror1\d\quanzhou\qzroad1.c --> www1.yn.cninfo.net /mudcctx/mudlib/d/quanzhou qzroad1.c
99.03.14 13:27 B f:\mirror1\d\quanzhou\qzroad2.c --> www1.yn.cninfo.net /mudcctx/mudlib/d/quanzhou qzroad2.c
99.03.14 13:27 B f:\mirror1\d\quanzhou\qzroad3.c --> www1.yn.cninfo.net /mudcctx/mudlib/d/quanzhou qzroad3.c
99.03.14 13:27 B f:\mirror1\d\quanzhou\qzroad4.c --> www1.yn.cninfo.net /mudcctx/mudlib/d/quanzhou qzroad4.c
99.03.14 13:27 B f:\mirror1\d\quanzhou\qzroad5.c --> www1.yn.cninfo.net /mudcctx/mudlib/d/quanzhou qzroad5.c
99.03.14 13:27 B f:\mirror1\d\quanzhou\tieqiang.c --> www1.yn.cninfo.net /mudcctx/mudlib/d/quanzhou tieqiang.c
99.03.14 13:27 B f:\mirror1\d\quanzhou\well.c --> www1.yn.cninfo.net /mudcctx/mudlib/d/quanzhou well.c
99.03.14 13:27 B f:\mirror1\d\quanzhou\well1.c --> www1.yn.cninfo.net /mudcctx/mudlib/d/quanzhou well1.c
99.03.14 13:27 B f:\mirror1\d\quanzhou\xijie.c --> www1.yn.cninfo.net /mudcctx/mudlib/d/quanzhou xijie.c
99.03.14 13:27 B f:\mirror1\d\quanzhou\yanyu.c --> www1.yn.cninfo.net /mudcctx/mudlib/d/quanzhou yanyu.c
99.03.14 13:27 B f:\mirror1\d\quanzhou\yanyu1.c --> www1.yn.cninfo.net /mudcctx/mudlib/d/quanzhou yanyu1.c
99.03.14 13:27 B f:\mirror1\d\quanzhou\zahuopu.c --> www1.yn.cninfo.net /mudcctx/mudlib/d/quanzhou zahuopu.c
99.03.14 13:27 B f:\mirror1\d\quanzhou\zhongxin.c --> www1.yn.cninfo.net /mudcctx/mudlib/d/quanzhou zhongxin.c
99.03.14 13:27 B f:\mirror1\d\quanzhou\zhulin.c --> www1.yn.cninfo.net /mudcctx/mudlib/d/quanzhou zhulin.c
