99.03.14 12:42 B f:\mirror1\d\changan\obj\baozi.c --> www1.yn.cninfo.net /mudcctx/mudlib/d/changan/obj baozi.c
99.03.14 12:42 B f:\mirror1\d\changan\obj\beixin.c --> www1.yn.cninfo.net /mudcctx/mudlib/d/changan/obj beixin.c
99.03.14 12:42 B f:\mirror1\d\changan\obj\box.c --> www1.yn.cninfo.net /mudcctx/mudlib/d/changan/obj box.c
99.03.14 12:42 B f:\mirror1\d\changan\obj\caoxie.c --> www1.yn.cninfo.net /mudcctx/mudlib/d/changan/obj caoxie.c
99.03.14 12:42 B f:\mirror1\d\changan\obj\changjian.c --> www1.yn.cninfo.net /mudcctx/mudlib/d/changan/obj changjian.c
99.03.14 12:42 B f:\mirror1\d\changan\obj\cloth.c --> www1.yn.cninfo.net /mudcctx/mudlib/d/changan/obj cloth.c
99.03.14 12:42 B f:\mirror1\d\changan\obj\cycle.c --> www1.yn.cninfo.net /mudcctx/mudlib/d/changan/obj cycle.c
99.03.14 12:42 B f:\mirror1\d\changan\obj\dagger.c --> www1.yn.cninfo.net /mudcctx/mudlib/d/changan/obj dagger.c
99.03.14 12:42 B f:\mirror1\d\changan\obj\dofu.c --> www1.yn.cninfo.net /mudcctx/mudlib/d/changan/obj dofu.c
99.03.14 12:42 B f:\mirror1\d\changan\obj\duanjian.c --> www1.yn.cninfo.net /mudcctx/mudlib/d/changan/obj duanjian.c
99.03.14 12:42 B f:\mirror1\d\changan\obj\fake-zi.c --> www1.yn.cninfo.net /mudcctx/mudlib/d/changan/obj fake-zi.c
99.03.14 12:42 B f:\mirror1\d\changan\obj\flower_shoe.c --> www1.yn.cninfo.net /mudcctx/mudlib/d/changan/obj flower_shoe.c
99.03.14 12:42 B f:\mirror1\d\changan\obj\gangdao.c --> www1.yn.cninfo.net /mudcctx/mudlib/d/changan/obj gangdao.c
99.03.14 12:42 B f:\mirror1\d\changan\obj\gangjian.c --> www1.yn.cninfo.net /mudcctx/mudlib/d/changan/obj gangjian.c
99.03.14 12:42 B f:\mirror1\d\changan\obj\goldring.c --> www1.yn.cninfo.net /mudcctx/mudlib/d/changan/obj goldring.c
99.03.14 12:42 B f:\mirror1\d\changan\obj\goupi.c --> www1.yn.cninfo.net /mudcctx/mudlib/d/changan/obj goupi.c
99.03.14 12:42 B f:\mirror1\d\changan\obj\gourou.c --> www1.yn.cninfo.net /mudcctx/mudlib/d/changan/obj gourou.c
99.03.14 12:42 B f:\mirror1\d\changan\obj\guiyuan.c --> www1.yn.cninfo.net /mudcctx/mudlib/d/changan/obj guiyuan.c
99.03.14 12:42 B f:\mirror1\d\changan\obj\hammer.c --> www1.yn.cninfo.net /mudcctx/mudlib/d/changan/obj hammer.c
99.03.14 12:42 B f:\mirror1\d\changan\obj\hdjiudai.c --> www1.yn.cninfo.net /mudcctx/mudlib/d/changan/obj hdjiudai.c
99.03.14 12:42 B f:\mirror1\d\changan\obj\huwan.c --> www1.yn.cninfo.net /mudcctx/mudlib/d/changan/obj huwan.c
99.03.14 12:42 B f:\mirror1\d\changan\obj\huyao.c --> www1.yn.cninfo.net /mudcctx/mudlib/d/changan/obj huyao.c
99.03.14 12:42 B f:\mirror1\d\changan\obj\jiaohuaji.c --> www1.yn.cninfo.net /mudcctx/mudlib/d/changan/obj jiaohuaji.c
99.03.14 12:42 B f:\mirror1\d\changan\obj\jinchuang.c --> www1.yn.cninfo.net /mudcctx/mudlib/d/changan/obj jinchuang.c
99.03.14 12:42 B f:\mirror1\d\changan\obj\jitui.c --> www1.yn.cninfo.net /mudcctx/mudlib/d/changan/obj jitui.c
99.03.14 12:42 B f:\mirror1\d\changan\obj\jiudai.c --> www1.yn.cninfo.net /mudcctx/mudlib/d/changan/obj jiudai.c
99.03.14 12:42 B f:\mirror1\d\changan\obj\junfu.c --> www1.yn.cninfo.net /mudcctx/mudlib/d/changan/obj junfu.c
99.03.14 12:42 B f:\mirror1\d\changan\obj\kaoya.c --> www1.yn.cninfo.net /mudcctx/mudlib/d/changan/obj kaoya.c
99.03.14 12:42 B f:\mirror1\d\changan\obj\mabudai.c --> www1.yn.cninfo.net /mudcctx/mudlib/d/changan/obj mabudai.c
99.03.14 12:42 B f:\mirror1\d\changan\obj\mian.c --> www1.yn.cninfo.net /mudcctx/mudlib/d/changan/obj mian.c
99.03.14 12:42 B f:\mirror1\d\changan\obj\mianju.c --> www1.yn.cninfo.net /mudcctx/mudlib/d/changan/obj mianju.c
99.03.14 12:42 B f:\mirror1\d\changan\obj\necklace.c --> www1.yn.cninfo.net /mudcctx/mudlib/d/changan/obj necklace.c
99.03.14 12:42 B f:\mirror1\d\changan\obj\peanut.c --> www1.yn.cninfo.net /mudcctx/mudlib/d/changan/obj peanut.c
99.03.14 12:42 B f:\mirror1\d\changan\obj\pink_cloth.c --> www1.yn.cninfo.net /mudcctx/mudlib/d/changan/obj pink_cloth.c
99.03.14 12:42 B f:\mirror1\d\changan\obj\pixue.c --> www1.yn.cninfo.net /mudcctx/mudlib/d/changan/obj pixue.c
99.03.14 12:42 B f:\mirror1\d\changan\obj\shanshen.c --> www1.yn.cninfo.net /mudcctx/mudlib/d/changan/obj shanshen.c
99.03.14 12:42 B f:\mirror1\d\changan\obj\shield.c --> www1.yn.cninfo.net /mudcctx/mudlib/d/changan/obj shield.c
99.03.14 12:42 B f:\mirror1\d\changan\obj\shoutao.c --> www1.yn.cninfo.net /mudcctx/mudlib/d/changan/obj shoutao.c
99.03.14 12:42 B f:\mirror1\d\changan\obj\shouwu.c --> www1.yn.cninfo.net /mudcctx/mudlib/d/changan/obj shouwu.c
99.03.14 12:42 B f:\mirror1\d\changan\obj\sleepbag.c --> www1.yn.cninfo.net /mudcctx/mudlib/d/changan/obj sleepbag.c
99.03.14 12:42 B f:\mirror1\d\changan\obj\surcoat.c --> www1.yn.cninfo.net /mudcctx/mudlib/d/changan/obj surcoat.c
99.03.14 12:42 B f:\mirror1\d\changan\obj\tiejia.c --> www1.yn.cninfo.net /mudcctx/mudlib/d/changan/obj tiejia.c
99.03.14 12:42 B f:\mirror1\d\changan\obj\tieshou.c --> www1.yn.cninfo.net /mudcctx/mudlib/d/changan/obj tieshou.c
99.03.14 12:42 B f:\mirror1\d\changan\obj\toukui.c --> www1.yn.cninfo.net /mudcctx/mudlib/d/changan/obj toukui.c
99.03.14 12:42 B f:\mirror1\d\changan\obj\yang.c --> www1.yn.cninfo.net /mudcctx/mudlib/d/changan/obj yang.c
99.03.14 12:42 B f:\mirror1\d\changan\obj\yangjing.c --> www1.yn.cninfo.net /mudcctx/mudlib/d/changan/obj yangjing.c
99.03.14 12:42 B f:\mirror1\d\changan\obj\yangxin.c --> www1.yn.cninfo.net /mudcctx/mudlib/d/changan/obj yangxin.c
99.03.14 12:42 B f:\mirror1\d\changan\obj\yaoshi.c --> www1.yn.cninfo.net /mudcctx/mudlib/d/changan/obj yaoshi.c
99.03.14 12:42 B f:\mirror1\d\changan\obj\yayifu.c --> www1.yn.cninfo.net /mudcctx/mudlib/d/changan/obj yayifu.c
99.03.14 12:42 B f:\mirror1\d\changan\obj\zaisheng.c --> www1.yn.cninfo.net /mudcctx/mudlib/d/changan/obj zaisheng.c
99.03.14 12:42 B f:\mirror1\d\changan\obj\zhitao.c --> www1.yn.cninfo.net /mudcctx/mudlib/d/changan/obj zhitao.c
99.03.14 12:42 B f:\mirror1\d\changan\obj\zhubang.c --> www1.yn.cninfo.net /mudcctx/mudlib/d/changan/obj zhubang.c
99.03.15 17:34 B f:\mirror1\d\changan\obj\yang.c --> www1.yn.cninfo.net /mudlab/mudlib/d/changan/obj yang.c
