99.03.14 13:11 B f:\mirror1\d\heimuya\npc\obj\card1.c --> www1.yn.cninfo.net /mudcctx/mudlib/d/heimuya/npc/obj card1.c
99.03.14 13:11 B f:\mirror1\d\heimuya\npc\obj\card2.c --> www1.yn.cninfo.net /mudcctx/mudlib/d/heimuya/npc/obj card2.c
99.03.14 13:11 B f:\mirror1\d\heimuya\npc\obj\card3.c --> www1.yn.cninfo.net /mudcctx/mudlib/d/heimuya/npc/obj card3.c
99.03.14 13:11 B f:\mirror1\d\heimuya\npc\obj\card4.c --> www1.yn.cninfo.net /mudcctx/mudlib/d/heimuya/npc/obj card4.c
99.03.14 13:11 B f:\mirror1\d\heimuya\npc\obj\changjian.c --> www1.yn.cninfo.net /mudcctx/mudlib/d/heimuya/npc/obj changjian.c
99.03.14 13:11 B f:\mirror1\d\heimuya\npc\obj\cloth.c --> www1.yn.cninfo.net /mudcctx/mudlib/d/heimuya/npc/obj cloth.c
99.03.14 13:11 B f:\mirror1\d\heimuya\npc\obj\dadao.c --> www1.yn.cninfo.net /mudcctx/mudlib/d/heimuya/npc/obj dadao.c
99.03.14 13:11 B f:\mirror1\d\heimuya\npc\obj\gangzhang.c --> www1.yn.cninfo.net /mudcctx/mudlib/d/heimuya/npc/obj gangzhang.c
99.03.14 13:11 B f:\mirror1\d\heimuya\npc\obj\hongchouxiaoshan.c --> www1.yn.cninfo.net /mudcctx/mudlib/d/heimuya/npc/obj hongchouxiaoshan.c
99.03.14 13:11 B f:\mirror1\d\heimuya\npc\obj\jin.c --> www1.yn.cninfo.net /mudcctx/mudlib/d/heimuya/npc/obj jin.c
99.03.14 13:11 B f:\mirror1\d\heimuya\npc\obj\kuihuazhen.c --> www1.yn.cninfo.net /mudcctx/mudlib/d/heimuya/npc/obj kuihuazhen.c
99.03.14 13:11 B f:\mirror1\d\heimuya\npc\obj\letter.c --> www1.yn.cninfo.net /mudcctx/mudlib/d/heimuya/npc/obj letter.c
99.03.14 13:11 B f:\mirror1\d\heimuya\npc\obj\pixie-jian.c --> www1.yn.cninfo.net /mudcctx/mudlib/d/heimuya/npc/obj pixie-jian.c
99.03.14 13:11 B f:\mirror1\d\heimuya\npc\obj\ren.c --> www1.yn.cninfo.net /mudcctx/mudlib/d/heimuya/npc/obj ren.c
99.03.14 13:11 B f:\mirror1\d\heimuya\npc\obj\yancao.c --> www1.yn.cninfo.net /mudcctx/mudlib/d/heimuya/npc/obj yancao.c
99.03.14 13:11 B f:\mirror1\d\heimuya\npc\obj\yaoshi.c --> www1.yn.cninfo.net /mudcctx/mudlib/d/heimuya/npc/obj yaoshi.c
99.03.14 13:11 B f:\mirror1\d\heimuya\npc\obj\yuxiao.c --> www1.yn.cninfo.net /mudcctx/mudlib/d/heimuya/npc/obj yuxiao.c
99.03.14 13:11 B f:\mirror1\d\heimuya\npc\obj\zaohong.c --> www1.yn.cninfo.net /mudcctx/mudlib/d/heimuya/npc/obj zaohong.c
99.03.14 13:11 B f:\mirror1\d\heimuya\npc\obj\zhen.c --> www1.yn.cninfo.net /mudcctx/mudlib/d/heimuya/npc/obj zhen.c
99.03.14 13:11 B f:\mirror1\d\heimuya\npc\obj\zhenzhu.c --> www1.yn.cninfo.net /mudcctx/mudlib/d/heimuya/npc/obj zhenzhu.c
99.03.14 13:11 B f:\mirror1\d\heimuya\npc\obj\zichoush.c --> www1.yn.cninfo.net /mudcctx/mudlib/d/heimuya/npc/obj zichoush.c
99.03.14 13:11 B f:\mirror1\d\heimuya\npc\obj\zijinchui.c --> www1.yn.cninfo.net /mudcctx/mudlib/d/heimuya/npc/obj zijinchui.c
