
<---中华英雄苏州站: MudOs v22pre11 (by oukaya,May 19 2006) startup on Microsoft Windows NT at Wed May 24 06:25:08 2006

using config file: D:\zhxy2\config.cfg
Can't find "mudos", ignoring old binaries.
Try invoking the driver using the full pathname.
System Error: init_addr_server: connect: 由于目标机器积极拒绝，无法连接。

]simul_efun loaded successfully.

Loading preloaded files ...
错误讯息被拦截：
执行时段错误：*Error in loading object '/adm/daemons/logind'

程式：adm/single/master.c 第 164 行
物件：/adm/single/master
呼叫来自：adm/single/master.c 的 preload() 第 164 行，物件： adm/single/master
呼叫来自：adm/single/master.c 的 CATCH() 第 164 行，物件： adm/single/master
错误讯息被拦截：
执行时段错误：*Error in loading object '/adm/daemons/toptend'

程式：adm/single/master.c 第 164 行
物件：/adm/single/master
呼叫来自：adm/single/master.c 的 preload() 第 164 行，物件： adm/single/master
呼叫来自：adm/single/master.c 的 CATCH() 第 164 行，物件： adm/single/master
Initializations complete.

Accepting connections on port 8899.

执行时段错误：*Error in loading object '/adm/daemons/logind'

程式：clone/user/login.c 第 21 行
物件：/clone/user/login#45
呼叫来自：clone/user/login.c 的 logon() 第 21 行，物件： clone/user/login#45
Initializing internal tables....

<---中华英雄苏州站: MudOs v22pre11 (by oukaya,May 19 2006) startup on Microsoft Windows NT at Wed May 24 06:27:46 2006

using config file: D:\zhxy2\config.cfg
Can't find "mudos", ignoring old binaries.
Try invoking the driver using the full pathname.
System Error: init_addr_server: connect: 由于目标机器积极拒绝，无法连接。

]simul_efun loaded successfully.

Loading preloaded files ...
错误讯息被拦截：
执行时段错误：*Error in loading object '/adm/daemons/toptend'

程式：adm/single/master.c 第 164 行
物件：/adm/single/master
呼叫来自：adm/single/master.c 的 preload() 第 164 行，物件： adm/single/master
呼叫来自：adm/single/master.c 的 CATCH() 第 164 行，物件： adm/single/master
Initializations complete.

Accepting connections on port 8899.

执行时段错误：*call_other() couldn't find object

程式：adm/daemons/npcd.c 第 334 行
物件：/adm/daemons/npcd
呼叫来自：u/sanben/task/set_task.c 的 set_task() 第 92 行，物件： u/sanben/task/set_task
呼叫来自：adm/daemons/npcd.c 的 random_move() 第 334 行，物件： adm/daemons/npcd
Initializing internal tables....

<---中华英雄苏州站: MudOs v22pre11 (by oukaya,May 19 2006) startup on Microsoft Windows NT at Wed May 24 06:32:53 2006

using config file: D:\zhxy2\config.cfg
Can't find "mudos", ignoring old binaries.
Try invoking the driver using the full pathname.
System Error: init_addr_server: connect: 由于目标机器积极拒绝，无法连接。

]simul_efun loaded successfully.

Loading preloaded files ...
错误讯息被拦截：
执行时段错误：*Error in loading object '/adm/daemons/toptend'

程式：adm/single/master.c 第 164 行
物件：/adm/single/master
呼叫来自：adm/single/master.c 的 preload() 第 164 行，物件： adm/single/master
呼叫来自：adm/single/master.c 的 CATCH() 第 164 行，物件： adm/single/master
Initializations complete.

Accepting connections on port 8899.
Initializing internal tables....

<---中华英雄苏州站: MudOs v22pre11 (by oukaya,May 19 2006) startup on Microsoft Windows NT at Wed May 24 06:34:09 2006

using config file: D:\zhxy2\config.cfg
Can't find "mudos", ignoring old binaries.
Try invoking the driver using the full pathname.
System Error: init_addr_server: connect: 由于目标机器积极拒绝，无法连接。

]simul_efun loaded successfully.

Loading preloaded files ...
错误讯息被拦截：
执行时段错误：*Error in loading object '/adm/daemons/toptend'

程式：adm/single/master.c 第 164 行
物件：/adm/single/master
呼叫来自：adm/single/master.c 的 preload() 第 164 行，物件： adm/single/master
呼叫来自：adm/single/master.c 的 CATCH() 第 164 行，物件： adm/single/master
Initializations complete.

Accepting connections on port 8899.

执行时段错误：*Bad argument 1 to call_other()
Expected: string or array or object Got: 0.

程式：d/city/lichunyuan2.c 第 28 行
物件：/d/city/lichunyuan2
呼叫来自：u/sanben/task/set_task.c 的 set_task() 第 95 行，物件： u/sanben/task/set_task
呼叫来自：adm/daemons/npcd.c 的 random_move() 第 349 行，物件： adm/daemons/npcd
呼叫来自：cmds/std/go.c 的 main() 第 162 行，物件： cmds/std/go
呼叫来自：d/city/lichunyuan2.c 的 valid_leave() 第 28 行，物件： d/city/lichunyuan2

执行时段错误：*call_other() couldn't find object

程式：feature/move.c 第 80 行
物件：/u/sanben/task/npc/task_carrier#179
呼叫来自：inherit/char/char.c 的 heart_beat() 第 177 行，物件： u/sanben/task/npc/task_carrier#179 ("完颜隘")
呼叫来自：inherit/char/npc.c 的 scan() 第 336 行，物件： u/sanben/task/npc/task_carrier#179 ("完颜隘")
呼叫来自：inherit/char/npc.c 的 chat() 第 428 行，物件： u/sanben/task/npc/task_carrier#179 ("完颜隘")
呼叫来自：<function> 的 <function>() 第 0 行，物件： u/sanben/task/npc/task_carrier#179 ("完颜隘")
呼叫来自：u/sanben/task/npc/task_carrier.c 的 do_leave() 第 109 行，物件： u/sanben/task/npc/task_carrier#179 ("完颜隘")
呼叫来自：inherit/char/npc.c 的 random_move() 第 444 行，物件： u/sanben/task/npc/task_carrier#179 ("完颜隘")
呼叫来自：feature/command.c 的 command_hook() 第 76 行，物件： u/sanben/task/npc/task_carrier#179 ("完颜隘")
呼叫来自：cmds/std/go.c 的 main() 第 284 行，物件： cmds/std/go
呼叫来自：feature/move.c 的 move() 第 198 行，物件： u/sanben/task/npc/task_carrier#179 ("完颜隘")
呼叫来自：d/zhuanshi/qilindong/dongkou.c 的 init() 第 37 行，物件： d/zhuanshi/qilindong/dongkou
呼叫来自：feature/move.c 的 move() 第 80 行，物件： u/sanben/task/npc/task_carrier#179 ("完颜隘")
Heart beat in u/sanben/task/npc/task_carrier#179 turned off.

执行时段错误：*Inherited file '/feature/heidian' does not exist!

程式：cmds/std/go.c 第 175 行
物件：/cmds/std/go
呼叫来自：inherit/char/char.c 的 heart_beat() 第 177 行，物件： u/sanben/task/npc/task_carrier#250 ("徐长")
呼叫来自：inherit/char/npc.c 的 scan() 第 336 行，物件： u/sanben/task/npc/task_carrier#250 ("徐长")
呼叫来自：inherit/char/npc.c 的 chat() 第 428 行，物件： u/sanben/task/npc/task_carrier#250 ("徐长")
呼叫来自：<function> 的 <function>() 第 0 行，物件： u/sanben/task/npc/task_carrier#250 ("徐长")
呼叫来自：u/sanben/task/npc/task_carrier.c 的 do_leave() 第 109 行，物件： u/sanben/task/npc/task_carrier#250 ("徐长")
呼叫来自：inherit/char/npc.c 的 random_move() 第 444 行，物件： u/sanben/task/npc/task_carrier#250 ("徐长")
呼叫来自：feature/command.c 的 command_hook() 第 76 行，物件： u/sanben/task/npc/task_carrier#250 ("徐长")
呼叫来自：cmds/std/go.c 的 main() 第 175 行，物件： cmds/std/go
Heart beat in u/sanben/task/npc/task_carrier#250 turned off.
Initializing internal tables....

<---中华英雄苏州站: MudOs v22pre11 (by oukaya,May 19 2006) startup on Microsoft Windows NT at Wed May 24 06:49:27 2006

using config file: D:\zhxy2\config.cfg
Can't find "mudos", ignoring old binaries.
Try invoking the driver using the full pathname.
System Error: init_addr_server: connect: 由于目标机器积极拒绝，无法连接。

]simul_efun loaded successfully.

Loading preloaded files ...
错误讯息被拦截：
执行时段错误：*Error in loading object '/adm/daemons/logind'

程式：adm/single/master.c 第 164 行
物件：/adm/single/master
呼叫来自：adm/single/master.c 的 preload() 第 164 行，物件： adm/single/master
呼叫来自：adm/single/master.c 的 CATCH() 第 164 行，物件： adm/single/master
错误讯息被拦截：
执行时段错误：*Error in loading object '/adm/daemons/toptend'

程式：adm/single/master.c 第 164 行
物件：/adm/single/master
呼叫来自：adm/single/master.c 的 preload() 第 164 行，物件： adm/single/master
呼叫来自：adm/single/master.c 的 CATCH() 第 164 行，物件： adm/single/master
Initializations complete.

Accepting connections on port 8899.

执行时段错误：*Error in loading object '/adm/daemons/logind'

程式：clone/user/login.c 第 21 行
物件：/clone/user/login#0
呼叫来自：clone/user/login.c 的 logon() 第 21 行，物件： clone/user/login#0
Initializing internal tables....

<---中华英雄苏州站: MudOs v22pre11 (by oukaya,May 19 2006) startup on Microsoft Windows NT at Wed May 24 06:50:02 2006

using config file: D:\zhxy2\config.cfg
Can't find "mudos", ignoring old binaries.
Try invoking the driver using the full pathname.
System Error: init_addr_server: connect: 由于目标机器积极拒绝，无法连接。

]simul_efun loaded successfully.

Loading preloaded files ...
错误讯息被拦截：
执行时段错误：*Error in loading object '/adm/daemons/logind'

程式：adm/single/master.c 第 164 行
物件：/adm/single/master
呼叫来自：adm/single/master.c 的 preload() 第 164 行，物件： adm/single/master
呼叫来自：adm/single/master.c 的 CATCH() 第 164 行，物件： adm/single/master
错误讯息被拦截：
执行时段错误：*Error in loading object '/adm/daemons/toptend'

程式：adm/single/master.c 第 164 行
物件：/adm/single/master
呼叫来自：adm/single/master.c 的 preload() 第 164 行，物件： adm/single/master
呼叫来自：adm/single/master.c 的 CATCH() 第 164 行，物件： adm/single/master
Initializations complete.

Accepting connections on port 8899.

执行时段错误：*Error in loading object '/adm/daemons/logind'

程式：clone/user/login.c 第 21 行
物件：/clone/user/login#0
呼叫来自：clone/user/login.c 的 logon() 第 21 行，物件： clone/user/login#0
Initializing internal tables....

<---中华英雄苏州站: MudOs v22pre11 (by oukaya,May 19 2006) startup on Microsoft Windows NT at Wed May 24 06:50:47 2006

using config file: D:\zhxy2\config.cfg
Can't find "mudos", ignoring old binaries.
Try invoking the driver using the full pathname.
System Error: init_addr_server: connect: 由于目标机器积极拒绝，无法连接。

]simul_efun loaded successfully.

Loading preloaded files ...
错误讯息被拦截：
执行时段错误：*Error in loading object '/adm/daemons/toptend'

程式：adm/single/master.c 第 164 行
物件：/adm/single/master
呼叫来自：adm/single/master.c 的 preload() 第 164 行，物件： adm/single/master
呼叫来自：adm/single/master.c 的 CATCH() 第 164 行，物件： adm/single/master
Initializations complete.

Accepting connections on port 8899.
Error in error handler: *Bad argument 1 to receive()
Expected: string Got: 0.
program: /feature/message.c, object: /clone/user/user#73, file: /feature/message.c:194
'   command_hook' in '   feature/command.c' ('  clone/user/user#73') /feature/command.c:76
arguments were ("north")
locals were: "go","/cmds/std/go.c",clone/user/user#73 ("册是"),([ /* sizeof() == 3 */
  "way" : 1,
  "wimpy" : 60,
  "prompt" : "time",
])
'           main' in '       cmds/std/go.c' ('         cmds/std/go') /cmds/std/go.c:284
arguments were (clone/user/user#73 ("册是"),"north")
locals were: "/d/register/roomn","册是往北方离开。
","册是赤着身子走了过来。
","北方",0,0,0,"赤着身子",0,0,0,d/register/entry,d/register/roomn,0,0,0,0,1,0,([ /* sizeof() == 4 */
  "south" : "/d/register/rooms",
  "east" : "/d/register/roome",
  "north" : "/d/register/roomn",
  "west" : "/d/register/roomw",
]),({ }),0,0,0,([ /* sizeof() == 38 */
  "shen" : 0,
  "can_speak" : 1,
  "water" : 239,
  "type" : "智慧型",
  "str" : 14,
  "unit" : "位",
  "sec_id" : "lcJLjWm520Uzw",
  "purename" : "是",
  "qi" : 100,
  "env" : ([ /* sizeof() == 3 */
      "way" : 1,
      "wimpy" : 60,
      "prompt" : "time",
    ]),
  "food" : 239,
  "name" : "册是",
  "gender" : "男性",
  "channels" : ({ /* sizeof() == 8 */
      "chat",
      "rumor",
      "party",
      "bill",
      "sos",
      "family",
      "ic",
      "rultra"
    }),
  "birthday" : 1148424677,
  "max_qi" : 100,
  "attitude" : "peaceful",
  "mud_age" : 5,
  "eff_qi" : 100,
  "shen_type" : 0,
  "per" : 20,
  "title" : "普通百姓",
  "limbs" : ({ /* sizeof() == 16 */
      "头部",
      "颈部",
      "胸口",
      "后心",
      "左肩",
      "右肩",
      "左臂",
      "右臂",
      "左手",
      "右手",
      "腰间",
      "小腹",
      "左腿",
      "右腿",
      "左脚",
      "右脚"
    }),
  "last_read_news" : 1148424678,
  "max_jing" : 100,
  "id" : "ceshi",
  "surname" : "册",
  "int" : 14,
  "potential" : 99,
  "eff_jing" : 100,
  "jing" : 100,
  "registered" : 1,
  "con" : 14,
  "race" : "人类",
  "last_save" : 1148424677,
  "startroom" : "/d/register/entry",
  "dex" : 14,
  "age" : 14,
]),([ /* sizeof() == 4 */
  "notify_fail" : "你过不去。
",
  "user_setup" : 1,
  "error" : ([ /* sizeof() == 6 */
      "file" : "d/register/npc/dizangwang.c",
      "object" : d/register/npc/dizangwang ("地藏王"),
      "program" : "d/register/npc/dizangwang.c",
      "trace" : ({ /* sizeof() == 9 */
          ([ /* sizeof() == 7 */
            "locals" : ({ /* sizeof() == 4 */
                "go",
                "/cmds/std/go.c",
                clone/user/user#73 ("册是"),
                ([ /* sizeof() == 3 */
                  "way" : 1,
                  "wimpy" : 60,
                  "prompt" : "time",
                ])
              }),
            "arguments" : ({ /* sizeof() == 1 */
                "north"
              }),
            "file" : "feature/command.c",
            "object" : clone/user/user#73 ("册是"),
            "program" : "feature/command.c",
            "function" : "command_hook",
            "line" : 76,
          ]),
          ([ /* sizeof() == 7 */
            "locals" : ({ /* sizeof() == 38 */
                "/d/register/roomn",
                "册是往北方离开。
",
                "册是赤着身子走了过来。
",
                "北方",
                0,
                0,
                0,
                "赤着身子",
                0,
                0,
                0,
                d/register/entry,
                d/register/roomn,
                0,
                0,
                0,
                0,
                1,
                0,
                ([ /* sizeof() == 4 */
                  "south" : "/d/register/rooms",
                  "east" : "/d/register/roome",
                  "north" : "/d/register/roomn",
                  "west" : "/d/register/roomw",
                ]),
                ({ }),
                0,
                0,
                0,
                ([ /* sizeof() == 38 */
                  "shen" : 0,
                  "can_speak" : 1,
                  "water" : 239,
                  "type" : "智慧型",
                  "str" : 14,
                  "unit" : "位",
                  "sec_id" : "lcJLjWm520Uzw",
                  "purename" : "是",
                  "qi" : 100,
                  "env" : ([ /* sizeof() == 3 */
... : ...... : ...... : ...                    ]),
                  "food" : 239,
                  "name" : "册是",
                  "gender" : "男性",
                  "channels" : ({ /* sizeof() == 8 */
........................
                    }),
                  "birthday" : 1148424677,
                  "max_qi" : 100,
                  "attitude" : "peaceful",
                  "mud_age" : 5,
                  "eff_qi" : 100,
                  "shen_type" : 0,
                  "per" : 20,
                  "title" : "普通百姓",
                  "limbs" : ({ /* sizeof() == 16 */
................................................
                    }),
                  "last_read_news" : 1148424678,
                  "max_jing" : 100,
                  "id" : "ceshi",
                  "surname" : "册",
                  "int" : 14,
                  "potential" : 99,
                  "eff_jing" : 100,
                  "jing" : 100,
                  "registered" : 1,
                  "con" : 14,
                  "race" : "人类",
                  "last_save" : 1148424677,
                  "startroom" : "/d/register/entry",
                  "dex" : 14,
                  "age" : 14,
                ]),
                ([ /* sizeof() == 4 */
                  "notify_fail" : "你过不去。
",
                  "user_setup" : 1,
                  "error" : ([ /* sizeof() == 6 */
... : ...... : ...... : ...... : ...... : ...... : ...                    ]),
                  "link_ob" : clone/user/login#69,
                ]),
                ([ /* sizeof() == 3 */
                  "way" : 1,
                  "wimpy" : 60,
                  "prompt" : "time",
                ]),
                ([ ]),
                0,
                0,
                0,
                0,
                0,
                0,
                0,
                0,
                0,
                0
              }),
            "arguments" : ({ /* sizeof() == 2 */
                clone/user/user#73 ("册是"),
                "north"
              }),
            "file" : "cmds/std/go.c",
            "object" : cmds/std/go,
            "program" : "cmds/std/go.c",
            "function" : "main",
            "line" : 284,
          ]),
          ([ /* sizeof() == 7 */
            "locals" : ({ /* sizeof() == 8 */
                d/register/roomn,
                d/register/entry,
                0,
                0,
                clone/user/user#73 ("册是"),
                1,
                0,
                0
              }),
            "arguments" : ({ /* sizeof() == 2 */
                "/d/register/roomn",
                0
              }),
            "file" : "feature/move.c",
            "object" : clone/user/user#73 ("册是"),
            "program" : "feature/move.c",
            "function" : "move",
            "line" : 179,
          ]),
          ([ /* sizeof() == 7 */
            "locals" : ({ /* sizeof() == 6 */
                0,
                ([ /* sizeof() == 2 */
                  "south" : "/d/register/entry",
                  "out" : "/d/register/yanluodian",
                ]),
                "[1;36m[2;37;0m[37m【桃源茅屋】[2;37;0m[2;37;0m
    [37m
                    桃     源     茅     屋

    这里是桃源北侧的一间小茅屋，屋内几乎没有任何陈设，简单的出
乎意料。屋内坐着一位坦胸露乳的大汉，正大碗酒、大块肉的落肚，看
见你进来，只是略略一点头。


[2;37;0m[2;37;0m    这里明显的出口是 [1mout[2;37;0m 和 [1msouth[2;37;0m。
    ",
                ({ /* sizeof() == 2 */
                  "out",
                  "south"
                }),
                0,
                ([ /* sizeof() == 19 */
                  "southup" : "※",
                  "eastdown" : "＃",
                  "enter" : "⊙",
                  "eastup" : "☆",
                  "westup" : "△",
                  "westdown" : "§",
                  "south" : "↓",
                  "down" : "★",
                  "southeast" : "◆",
                  "northwest" : "φ",
                  "southdown" : "№",
                  "east" : "→",
                  "up" : "▲",
                  "north" : "↑",
                  "northeast" : "◇",
                  "northdown" : "〓",
                  "southwest" : "ψ",
                  "northup" : "■",
                  "west" : "←",
                ])
              }),
            "arguments" : ({ /* sizeof() == 3 */
                clone/user/user#73 ("册是"),
                d/register/roomn,
                0
              }),
            "file" : "cmds/std/look.c",
            "object" : cmds/std/look,
            "program" : "cmds/std/look.c",
            "function" : "look_room",
            "line" : 179,
          ]),
          ([ /* sizeof() == 7 */
            "locals" : ({ /* sizeof() == 4 */
                22,
                21,
                "投胎乃人生大事，切记不可草率！选好方向，就输入born <中文地名>。
[1;31m如 <born 扬州人氏>
[2;37;0m 1. [1;37m中原人氏[2;37;0m
 2. [1;37m云南人氏[2;37;0m
 3. [1;37m杭州人氏[2;37;0m
 4. [1;37m燕赵人氏[2;37;0m
 5. [1;37m扬州人氏[2;37;0m
 6. [1;37m两广人氏[2;37;0m
 7. [1;37m福建人氏[2;37;0m
 8. [1;37m荆州人氏[2;37;0m
 9. [1;37m关外人氏[2;37;0m
10. [1;37m西域人氏[2;37;0m
11. [1;37m齐鲁人氏[2;37;0m
12. [1;37m巴蜀人氏[2;37;0m
13. [1;37m苏州人氏[2;37;0m
14. [1;37m秦晋人氏[2;37;0m
15. [1;36m慕容世家[2;37;0m
16. [1;36m段氏皇族[2;37;0m
17. [1;36m关外胡家[2;37;0m
18. [1;36m中原苗家[2;37;0m
19. [1;36m欧阳世家[2;37;0m
20. [1;36m山东商家[2;37;0m
",
                ({ /* sizeof() == 22 */
                  "中原人氏",
                  "慕容世家",
                  "云南人氏",
                  "段氏皇族",
                  "杭州人氏",
                  "燕赵人氏",
                  "扬州人氏",
                  "关外胡家",
                  "黔中人氏",
                  "蒙古人氏",
                  "两广人氏",
                  "福建人氏",
                  "荆州人氏",
                  "关外人氏",
                  "中原苗家",
                  "西域人氏",
                  "齐鲁人氏",
                  "欧阳世家",
                  "巴蜀人氏",
                  "山东商家",
                  "苏州人氏",
                  "秦晋人氏"
                })
              }),
            "arguments" : ({ }),
            "file" : "d/register/yanluodian.c",
            "object" : d/register/yanluodian,
            "program" : "d/register/yanluodian.c",
            "function" : "create",
            "line" : 107,
          ]),
          ([ /* sizeof() == 6 */
            "arguments" : ({ }),
            "file" : "inherit/room/room.c",
            "object" : d/register/yanluodian,
            "program" : "inherit/room/room.c",
            "function" : "setup",
            "line" : 266,
          ]),
          ([ /* sizeof() == 7 */
            "locals" : ({ /* sizeof() == 7 */
                ([ /* sizeof() == 2 */
                  "/d/death/npc/niutou" : 1,
                  "/d/register/npc/dizangwang" : 1,
                ]),
                ([ ]),
                ({ /* sizeof() == 2 */
                  "/d/register/npc/dizangwang",
                  "/d/death/npc/niutou"
                }),
                0,
                0,
                0,
                0
              }),
            "arguments" : ({ }),
            "file" : "inherit/room/room.c",
            "object" : d/register/yanluodian,
            "program" : "inherit/room/room.c",
            "function" : "reset",
            "line" : 99,
          ]),
          ([ /* sizeof() == 7 */
            "locals" : ({ /* sizeof() == 1 */
                0
              }),
            "arguments" : ({ /* sizeof() == 1 */
                "/d/register/npc/dizangwang"
              }),
            "file" : "inherit/room/room.c",
            "object" : d/register/yanluodian,
            "program" : "inherit/room/room.c",
            "function" : "make_inventory",
            "line" : 31,
          ]),
          ([ /* sizeof() == 6 */
            "arguments" : ({ }),
            "file" : "d/register/npc/dizangwang.c",
            "object" : d/register/npc/dizangwang ("地藏王"),
            "program" : "d/register/npc/dizangwang.c",
            "function" : "create",
            "line" : 19,
          ])
        }),
      "line" : 19,
      "error" : "*Bad argument 1 to call_other()
Expected: string or array or object Got: 0.
",
    ]),
  "link_ob" : clone/user/login#69,
]),([ /* sizeof() == 3 */
  "way" : 1,
  "wimpy" : 60,
  "prompt" : "time",
]),([ ]),0,0,0,0,0,0,0,0,0,0
'           move' in '      feature/move.c' ('  clone/user/user#73') /feature/move.c:179
arguments were ("/d/register/roomn",0)
locals were: d/register/roomn,d/register/entry,0,0,clone/user/user#73 ("册是"),1,0,0
'      look_room' in '     cmds/std/look.c' ('       cmds/std/look') /cmds/std/look.c:179
arguments were (clone/user/user#73 ("册是"),d/register/roomn,0)
locals were: 0,([ /* sizeof() == 2 */
  "south" : "/d/register/entry",
  "out" : "/d/register/yanluodian",
]),"[1;36m[2;37;0m[37m【桃源茅屋】[2;37;0m[2;37;0m
    [37m
                    桃     源     茅     屋

    这里是桃源北侧的一间小茅屋，屋内几乎没有任何陈设，简单的出
乎意料。屋内坐着一位坦胸露乳的大汉，正大碗酒、大块肉的落肚，看
见你进来，只是略略一点头。


[2;37;0m[2;37;0m    这里明显的出口是 [1mout[2;37;0m 和 [1msouth[2;37;0m。
    ",({ /* sizeof() == 2 */
  "out",
  "south"
}),0,([ /* sizeof() == 19 */
  "southup" : "※",
  "eastdown" : "＃",
  "enter" : "⊙",
  "eastup" : "☆",
  "westup" : "△",
  "westdown" : "§",
  "south" : "↓",
  "down" : "★",
  "southeast" : "◆",
  "northwest" : "φ",
  "southdown" : "№",
  "east" : "→",
  "up" : "▲",
  "north" : "↑",
  "northeast" : "◇",
  "northdown" : "〓",
  "southwest" : "ψ",
  "northup" : "■",
  "west" : "←",
])
'         create' in 'd/register/yanluodian.c' ('d/register/yanluodian') /d/register/yanluodian.c:107
arguments were ()
locals were: 22,21,"投胎乃人生大事，切记不可草率！选好方向，就输入born <中文地名>。
[1;31m如 <born 扬州人氏>
[2;37;0m 1. [1;37m中原人氏[2;37;0m
 2. [1;37m云南人氏[2;37;0m
 3. [1;37m杭州人氏[2;37;0m
 4. [1;37m燕赵人氏[2;37;0m
 5. [1;37m扬州人氏[2;37;0m
 6. [1;37m两广人氏[2;37;0m
 7. [1;37m福建人氏[2;37;0m
 8. [1;37m荆州人氏[2;37;0m
 9. [1;37m关外人氏[2;37;0m
10. [1;37m西域人氏[2;37;0m
11. [1;37m齐鲁人氏[2;37;0m
12. [1;37m巴蜀人氏[2;37;0m
13. [1;37m苏州人氏[2;37;0m
14. [1;37m秦晋人氏[2;37;0m
15. [1;36m慕容世家[2;37;0m
16. [1;36m段氏皇族[2;37;0m
17. [1;36m关外胡家[2;37;0m
18. [1;36m中原苗家[2;37;0m
19. [1;36m欧阳世家[2;37;0m
20. [1;36m山东商家[2;37;0m
",({ /* sizeof() == 22 */
  "中原人氏",
  "慕容世家",
  "云南人氏",
  "段氏皇族",
  "杭州人氏",
  "燕赵人氏",
  "扬州人氏",
  "关外胡家",
  "黔中人氏",
  "蒙古人氏",
  "两广人氏",
  "福建人氏",
  "荆州人氏",
  "关外人氏",
  "中原苗家",
  "西域人氏",
  "齐鲁人氏",
  "欧阳世家",
  "巴蜀人氏",
  "山东商家",
  "苏州人氏",
  "秦晋人氏"
})
'          setup' in ' inherit/room/room.c' ('d/register/yanluodian') /inherit/room/room.c:266
arguments were ()
'          reset' in ' inherit/room/room.c' ('d/register/yanluodian') /inherit/room/room.c:99
arguments were ()
locals were: ([ /* sizeof() == 2 */
  "/d/death/npc/niutou" : 1,
  "/d/register/npc/dizangwang" : 1,
]),([ ]),({ /* sizeof() == 2 */
  "/d/register/npc/dizangwang",
  "/d/death/npc/niutou"
}),0,0,0,0
' make_inventory' in ' inherit/room/room.c' ('d/register/yanluodian') /inherit/room/room.c:31
arguments were ("/d/register/npc/dizangwang")
locals were: 0
'         create' in 'd/register/npc/dizangwang.c' ('d/register/npc/dizangwang') /d/register/npc/dizangwang.c:19
arguments were ()
'  error_handler' in ' adm/single/master.c' ('   adm/single/master') /adm/single/master.c:337
arguments were (([ /* sizeof() == 6 */
  "file" : "d/register/npc/dizangwang.c",
  "object" : d/register/npc/dizangwang ("地藏王"),
  "program" : "d/register/npc/dizangwang.c",
  "trace" : ({ /* sizeof() == 9 */
      ([ /* sizeof() == 7 */
        "locals" : ({ /* sizeof() == 4 */
            "go",
            "/cmds/std/go.c",
            clone/user/user#73 ("册是"),
            ([ /* sizeof() == 3 */
              "way" : 1,
              "wimpy" : 60,
              "prompt" : "time",
            ])
          }),
        "arguments" : ({ /* sizeof() == 1 */
            "north"
          }),
        "file" : "feature/command.c",
        "object" : clone/user/user#73 ("册是"),
        "program" : "feature/command.c",
        "function" : "command_hook",
        "line" : 76,
      ]),
      ([ /* sizeof() == 7 */
        "locals" : ({ /* sizeof() == 38 */
            "/d/register/roomn",
            "册是往北方离开。
",
            "册是赤着身子走了过来。
",
            "北方",
            0,
            0,
            0,
            "赤着身子",
            0,
            0,
            0,
            d/register/entry,
            d/register/roomn,
            0,
            0,
            0,
            0,
            1,
            0,
            ([ /* sizeof() == 4 */
              "south" : "/d/register/rooms",
              "east" : "/d/register/roome",
              "north" : "/d/register/roomn",
              "west" : "/d/register/roomw",
            ]),
            ({ }),
            0,
            0,
            0,
            ([ /* sizeof() == 38 */
              "shen" : 0,
              "can_speak" : 1,
              "water" : 239,
              "type" : "智慧型",
              "str" : 14,
              "unit" : "位",
              "sec_id" : "lcJLjWm520Uzw",
              "purename" : "是",
              "qi" : 100,
              "env" : ([ /* sizeof() == 3 */
                  "way" : 1,
                  "wimpy" : 60,
                  "prompt" : "time",
                ]),
              "food" : 239,
              "name" : "册是",
              "gender" : "男性",
              "channels" : ({ /* sizeof() == 8 */
                  "chat",
                  "rumor",
                  "party",
                  "bill",
                  "sos",
                  "family",
                  "ic",
                  "rultra"
                }),
              "birthday" : 1148424677,
              "max_qi" : 100,
              "attitude" : "peaceful",
              "mud_age" : 5,
              "eff_qi" : 100,
              "shen_type" : 0,
              "per" : 20,
              "title" : "普通百姓",
              "limbs" : ({ /* sizeof() == 16 */
                  "头部",
                  "颈部",
                  "胸口",
                  "后心",
                  "左肩",
                  "右肩",
                  "左臂",
                  "右臂",
                  "左手",
                  "右手",
                  "腰间",
                  "小腹",
                  "左腿",
                  "右腿",
                  "左脚",
                  "右脚"
                }),
              "last_read_news" : 1148424678,
              "max_jing" : 100,
              "id" : "ceshi",
              "surname" : "册",
              "int" : 14,
              "potential" : 99,
              "eff_jing" : 100,
              "jing" : 100,
              "registered" : 1,
              "con" : 14,
              "race" : "人类",
              "last_save" : 1148424677,
              "startroom" : "/d/register/entry",
              "dex" : 14,
              "age" : 14,
            ]),
            ([ /* sizeof() == 4 */
              "notify_fail" : "你过不去。
",
              "user_setup" : 1,
              "error" : ([ /* sizeof() == 6 */
                  "file" : "d/register/npc/dizangwang.c",
                  "object" : d/register/npc/dizangwang ("地藏王"),
                  "program" : "d/register/npc/dizangwang.c",
                  "trace" : ({ /* sizeof() == 9 */
...........................
                    }),
                  "line" : 19,
                  "error" : "*Bad argument 1 to call_other()
Expected: string or array or object Got: 0.
",
                ]),
              "link_ob" : clone/user/login#69,
            ]),
            ([ /* sizeof() == 3 */
              "way" : 1,
              "wimpy" : 60,
              "prompt" : "time",
            ]),
            ([ ]),
            0,
            0,
            0,
            0,
            0,
            0,
            0,
            0,
            0,
            0
          }),
        "arguments" : ({ /* sizeof() == 2 */
            clone/user/user#73 ("册是"),
            "north"
          }),
        "file" : "cmds/std/go.c",
        "object" : cmds/std/go,
        "program" : "cmds/std/go.c",
        "function" : "main",
        "line" : 284,
      ]),
      ([ /* sizeof() == 7 */
        "locals" : ({ /* sizeof() == 8 */
            d/register/roomn,
            d/register/entry,
            0,
            0,
            clone/user/user#73 ("册是"),
            1,
            0,
            0
          }),
        "arguments" : ({ /* sizeof() == 2 */
            "/d/register/roomn",
            0
          }),
        "file" : "feature/move.c",
        "object" : clone/user/user#73 ("册是"),
        "program" : "feature/move.c",
        "function" : "move",
        "line" : 179,
      ]),
      ([ /* sizeof() == 7 */
        "locals" : ({ /* sizeof() == 6 */
            0,
            ([ /* sizeof() == 2 */
              "south" : "/d/register/entry",
              "out" : "/d/register/yanluodian",
            ]),
            "[1;36m[2;37;0m[37m【桃源茅屋】[2;37;0m[2;37;0m
    [37m
                    桃     源     茅     屋

    这里是桃源北侧的一间小茅屋，屋内几乎没有任何陈设，简单的出
乎意料。屋内坐着一位坦胸露乳的大汉，正大碗酒、大块肉的落肚，看
见你进来，只是略略一点头。


[2;37;0m[2;37;0m    这里明显的出口是 [1mout[2;37;0m 和 [1msouth[2;37;0m。
    ",
            ({ /* sizeof() == 2 */
              "out",
              "south"
            }),
            0,
            ([ /* sizeof() == 19 */
              "southup" : "※",
              "eastdown" : "＃",
              "enter" : "⊙",
              "eastup" : "☆",
              "westup" : "△",
              "westdown" : "§",
              "south" : "↓",
              "down" : "★",
              "southeast" : "◆",
              "northwest" : "φ",
              "southdown" : "№",
              "east" : "→",
              "up" : "▲",
              "north" : "↑",
              "northeast" : "◇",
              "northdown" : "〓",
              "southwest" : "ψ",
              "northup" : "■",
              "west" : "←",
            ])
          }),
        "arguments" : ({ /* sizeof() == 3 */
            clone/user/user#73 ("册是"),
            d/register/roomn,
            0
          }),
        "file" : "cmds/std/look.c",
        "object" : cmds/std/look,
        "program" : "cmds/std/look.c",
        "function" : "look_room",
        "line" : 179,
      ]),
      ([ /* sizeof() == 7 */
        "locals" : ({ /* sizeof() == 4 */
            22,
            21,
            "投胎乃人生大事，切记不可草率！选好方向，就输入born <中文地名>。
[1;31m如 <born 扬州人氏>
[2;37;0m 1. [1;37m中原人氏[2;37;0m
 2. [1;37m云南人氏[2;37;0m
 3. [1;37m杭州人氏[2;37;0m
 4. [1;37m燕赵人氏[2;37;0m
 5. [1;37m扬州人氏[2;37;0m
 6. [1;37m两广人氏[2;37;0m
 7. [1;37m福建人氏[2;37;0m
 8. [1;37m荆州人氏[2;37;0m
 9. [1;37m关外人氏[2;37;0m
10. [1;37m西域人氏[2;37;0m
11. [1;37m齐鲁人氏[2;37;0m
12. [1;37m巴蜀人氏[2;37;0m
13. [1;37m苏州人氏[2;37;0m
14. [1;37m秦晋人氏[2;37;0m
15. [1;36m慕容世家[2;37;0m
16. [1;36m段氏皇族[2;37;0m
17. [1;36m关外胡家[2;37;0m
18. [1;36m中原苗家[2;37;0m
19. [1;36m欧阳世家[2;37;0m
20. [1;36m山东商家[2;37;0m
",
            ({ /* sizeof() == 22 */
              "中原人氏",
              "慕容世家",
              "云南人氏",
              "段氏皇族",
              "杭州人氏",
              "燕赵人氏",
              "扬州人氏",
              "关外胡家",
              "黔中人氏",
              "蒙古人氏",
              "两广人氏",
              "福建人氏",
              "荆州人氏",
              "关外人氏",
              "中原苗家",
              "西域人氏",
              "齐鲁人氏",
              "欧阳世家",
              "巴蜀人氏",
              "山东商家",
              "苏州人氏",
              "秦晋人氏"
            })
          }),
        "arguments" : ({ }),
        "file" : "d/register/yanluodian.c",
        "object" : d/register/yanluodian,
        "program" : "d/register/yanluodian.c",
        "function" : "create",
        "line" : 107,
      ]),
      ([ /* sizeof() == 6 */
        "arguments" : ({ }),
        "file" : "inherit/room/room.c",
        "object" : d/register/yanluodian,
        "program" : "inherit/room/room.c",
        "function" : "setup",
        "line" : 266,
      ]),
      ([ /* sizeof() == 7 */
        "locals" : ({ /* sizeof() == 7 */
            ([ /* sizeof() == 2 */
              "/d/death/npc/niutou" : 1,
              "/d/register/npc/dizangwang" : 1,
            ]),
            ([ ]),
            ({ /* sizeof() == 2 */
              "/d/register/npc/dizangwang",
              "/d/death/npc/niutou"
            }),
            0,
            0,
            0,
            0
          }),
        "arguments" : ({ }),
        "file" : "inherit/room/room.c",
        "object" : d/register/yanluodian,
        "program" : "inherit/room/room.c",
        "function" : "reset",
        "line" : 99,
      ]),
      ([ /* sizeof() == 7 */
        "locals" : ({ /* sizeof() == 1 */
            0
          }),
        "arguments" : ({ /* sizeof() == 1 */
            "/d/register/npc/dizangwang"
          }),
        "file" : "inherit/room/room.c",
        "object" : d/register/yanluodian,
        "program" : "inherit/room/room.c",
        "function" : "make_inventory",
        "line" : 31,
      ]),
      ([ /* sizeof() == 6 */
        "arguments" : ({ }),
        "file" : "d/register/npc/dizangwang.c",
        "object" : d/register/npc/dizangwang ("地藏王"),
        "program" : "d/register/npc/dizangwang.c",
        "function" : "create",
        "line" : 19,
      ])
    }),
  "line" : 19,
  "error" : "*Bad argument 1 to call_other()
Expected: string or array or object Got: 0.
",
]),0)
'    tell_object' in 'adm/single/simul_efun.c' ('adm/single/simul_efun') /adm/simul_efun/message.c:312
arguments were (clone/user/user#73 ("册是"),0)
'receive_message' in '   feature/message.c' ('  clone/user/user#73') /feature/message.c:194
arguments were ("tell_object",0)
locals were: 0,0
错误讯息被拦截：
执行时段错误：*Error in loading object '/adm/daemons/toptend'

程式：cmds/wiz/update.c 第 84 行
物件：/cmds/wiz/update
呼叫来自：feature/command.c 的 command_hook() 第 76 行，物件： clone/user/user#182 ("浪翻云")
呼叫来自：cmds/wiz/update.c 的 main() 第 84 行，物件： cmds/wiz/update
呼叫来自：cmds/wiz/update.c 的 CATCH() 第 84 行，物件： cmds/wiz/update

执行时段错误：*Bad argument 1 to call_other()
Expected: string or array or object Got: 0.

程式：quest/invasion/npc/invader.c 第 204 行
物件：/quest/invasion/npc/european#1332
呼叫来自：inherit/char/char.c 的 heart_beat() 第 177 行，物件： quest/invasion/npc/european#1332 ("克里斯特·内瓦蒂亚")
呼叫来自：inherit/char/npc.c 的 scan() 第 336 行，物件： quest/invasion/npc/european#1332 ("克里斯特·内瓦蒂亚")
呼叫来自：inherit/char/npc.c 的 chat() 第 428 行，物件： quest/invasion/npc/european#1332 ("克里斯特·内瓦蒂亚")
呼叫来自：<function> 的 <function>() 第 0 行，物件： quest/invasion/npc/european#1332 ("克里斯特·内瓦蒂亚")
呼叫来自：quest/invasion/npc/invader.c 的 do_leave() 第 204 行，物件： quest/invasion/npc/european#1332 ("克里斯特·内瓦蒂亚")
Heart beat in quest/invasion/npc/european#1332 turned off.

执行时段错误：*Bad argument 1 to call_other()
Expected: string or array or object Got: 0.

程式：quest/invasion/npc/invader.c 第 204 行
物件：/quest/invasion/npc/european#1214
呼叫来自：inherit/char/char.c 的 heart_beat() 第 177 行，物件： quest/invasion/npc/european#1214 ("希曼·塞吉维克")
呼叫来自：inherit/char/npc.c 的 scan() 第 336 行，物件： quest/invasion/npc/european#1214 ("希曼·塞吉维克")
呼叫来自：inherit/char/npc.c 的 chat() 第 428 行，物件： quest/invasion/npc/european#1214 ("希曼·塞吉维克")
呼叫来自：<function> 的 <function>() 第 0 行，物件： quest/invasion/npc/european#1214 ("希曼·塞吉维克")
呼叫来自：quest/invasion/npc/invader.c 的 do_leave() 第 204 行，物件： quest/invasion/npc/european#1214 ("希曼·塞吉维克")
Heart beat in quest/invasion/npc/european#1214 turned off.
Initializing internal tables....

<---中华英雄苏州站: MudOs v22pre11 (by oukaya,May 19 2006) startup on Microsoft Windows NT at Wed May 24 07:06:52 2006

using config file: D:\zhxy2\config.cfg
Can't find "mudos", ignoring old binaries.
Try invoking the driver using the full pathname.
System Error: init_addr_server: connect: 由于目标机器积极拒绝，无法连接。

]simul_efun loaded successfully.

Loading preloaded files ...
Initializations complete.

Accepting connections on port 8899.

执行时段错误：*call_other() couldn't find object

程式：adm/daemons/npcd.c 第 334 行
物件：/adm/daemons/npcd
呼叫来自：inherit/char/char.c 的 heart_beat() 第 177 行，物件： kungfu/class/generate/shennpc#184 ("王易")
呼叫来自：inherit/char/npc.c 的 scan() 第 336 行，物件： kungfu/class/generate/shennpc#184 ("王易")
呼叫来自：inherit/char/npc.c 的 chat() 第 428 行，物件： kungfu/class/generate/shennpc#184 ("王易")
呼叫来自：<function> 的 <function>() 第 0 行，物件： kungfu/class/generate/shennpc#184 ("王易")
呼叫来自：kungfu/class/generate/shennpc.c 的 random_move() 第 76 行，物件： kungfu/class/generate/shennpc#184 ("王易")
呼叫来自：adm/daemons/npcd.c 的 random_move() 第 334 行，物件： adm/daemons/npcd
Heart beat in kungfu/class/generate/shennpc#184 turned off.
Initializing internal tables....

<---中华英雄苏州站: MudOs v22pre11 (by oukaya,May 19 2006) startup on Microsoft Windows NT at Wed May 24 07:10:48 2006

using config file: D:\zhxy2\config.cfg
Can't find "mudos", ignoring old binaries.
Try invoking the driver using the full pathname.
System Error: init_addr_server: connect: 由于目标机器积极拒绝，无法连接。

]simul_efun loaded successfully.

Loading preloaded files ...
Initializations complete.

Accepting connections on port 8899.
Initializing internal tables....

<---中华英雄苏州站: MudOs v22pre11 (by oukaya,May 19 2006) startup on Microsoft Windows NT at Wed May 24 07:18:06 2006

using config file: D:\zhxy2\config.cfg
Can't find "mudos", ignoring old binaries.
Try invoking the driver using the full pathname.
System Error: init_addr_server: connect: 由于目标机器积极拒绝，无法连接。

]simul_efun loaded successfully.

Loading preloaded files ...
Initializations complete.

Accepting connections on port 8899.
错误讯息被拦截：
执行时段错误：*Bad argument 1 to ctime()

程式：adm/daemons/logind.c 第 1032 行
物件：/adm/daemons/logind
呼叫来自：adm/daemons/logind.c 的 get_passwd() 第 258 行，物件： adm/daemons/logind
呼叫来自：adm/daemons/logind.c 的 check_ok() 第 368 行，物件： adm/daemons/logind
呼叫来自：adm/daemons/logind.c 的 CATCH() 第 368 行，物件： adm/daemons/logind
呼叫来自：adm/daemons/logind.c 的 enter_world() 第 1032 行，物件： adm/daemons/logind
Initializing internal tables....

<---中华英雄苏州站: MudOs v22pre11 (by oukaya,May 19 2006) startup on Microsoft Windows NT at Wed May 24 07:19:04 2006

using config file: D:\zhxy2\config.cfg
Can't find "mudos", ignoring old binaries.
Try invoking the driver using the full pathname.
System Error: init_addr_server: connect: 由于目标机器积极拒绝，无法连接。

]simul_efun loaded successfully.

Loading preloaded files ...
Initializations complete.

Accepting connections on port 8899.

执行时段错误：*Error in loading object '/clone/user/user'

程式：adm/daemons/logind.c 第 799 行
物件：/adm/daemons/logind
呼叫来自：adm/daemons/logind.c 的 get_passwd() 第 258 行，物件： adm/daemons/logind
呼叫来自：adm/daemons/logind.c 的 check_ok() 第 344 行，物件： adm/daemons/logind
呼叫来自：adm/daemons/logind.c 的 make_body() 第 799 行，物件： adm/daemons/logind

执行时段错误：*call_other() couldn't find object

程式：adm/daemons/npcd.c 第 334 行
物件：/adm/daemons/npcd
呼叫来自：u/sanben/task/set_task.c 的 set_task() 第 94 行，物件： u/sanben/task/set_task
呼叫来自：adm/daemons/npcd.c 的 random_move() 第 334 行，物件： adm/daemons/npcd
Initializing internal tables....

<---中华英雄苏州站: MudOs v22pre11 (by oukaya,May 19 2006) startup on Microsoft Windows NT at Wed May 24 07:23:57 2006

using config file: D:\zhxy2\config.cfg
Can't find "mudos", ignoring old binaries.
Try invoking the driver using the full pathname.
System Error: init_addr_server: connect: 由于目标机器积极拒绝，无法连接。

]simul_efun loaded successfully.

Loading preloaded files ...
Initializations complete.

Accepting connections on port 8899.
错误讯息被拦截：
执行时段错误：*Bad argument 1 to ctime()

程式：adm/daemons/logind.c 第 1032 行
物件：/adm/daemons/logind
呼叫来自：adm/daemons/logind.c 的 get_passwd() 第 258 行，物件： adm/daemons/logind
呼叫来自：adm/daemons/logind.c 的 check_ok() 第 368 行，物件： adm/daemons/logind
呼叫来自：adm/daemons/logind.c 的 CATCH() 第 368 行，物件： adm/daemons/logind
呼叫来自：adm/daemons/logind.c 的 enter_world() 第 1032 行，物件： adm/daemons/logind
Initializing internal tables....

<---中华英雄苏州站: MudOs v22pre11 (by oukaya,May 19 2006) startup on Microsoft Windows NT at Wed May 24 07:29:31 2006

using config file: D:\zhxy2\config.cfg
Can't find "mudos", ignoring old binaries.
Try invoking the driver using the full pathname.
System Error: init_addr_server: connect: 由于目标机器积极拒绝，无法连接。

]simul_efun loaded successfully.

Loading preloaded files ...
Initializations complete.

Accepting connections on port 8899.

执行时段错误：*call_other() couldn't find object

程式：adm/daemons/npcd.c 第 334 行
物件：/adm/daemons/npcd
呼叫来自：u/sanben/task/set_task.c 的 set_task() 第 92 行，物件： u/sanben/task/set_task
呼叫来自：adm/daemons/npcd.c 的 random_move() 第 334 行，物件： adm/daemons/npcd

执行时段错误：*call_other() couldn't find object

程式：adm/daemons/npcd.c 第 334 行
物件：/adm/daemons/npcd
呼叫来自：inherit/char/char.c 的 heart_beat() 第 177 行，物件： d/city/npc/liapo#74 ("李阿婆")
呼叫来自：inherit/char/npc.c 的 scan() 第 336 行，物件： d/city/npc/liapo#74 ("李阿婆")
呼叫来自：inherit/char/npc.c 的 chat() 第 428 行，物件： d/city/npc/liapo#74 ("李阿婆")
呼叫来自：<function> 的 <function>() 第 0 行，物件： d/city/npc/liapo#74 ("李阿婆")
呼叫来自：d/city/npc/liapo.c 的 <function>() 第 26 行，物件： d/city/npc/liapo#74 ("李阿婆")
呼叫来自：adm/daemons/npcd.c 的 random_move() 第 334 行，物件： adm/daemons/npcd
Heart beat in d/city/npc/liapo#74 turned off.

执行时段错误：*Bad argument 1 to call_other()
Expected: string or array or object Got: 0.

程式：inherit/room/room.c 第 32 行
物件：/d/beijing/liandan_neiting
呼叫来自：inherit/char/char.c 的 heart_beat() 第 177 行，物件： quest/invasion/npc/japanese#1194 ("阵内伟次")
呼叫来自：inherit/char/npc.c 的 scan() 第 336 行，物件： quest/invasion/npc/japanese#1194 ("阵内伟次")
呼叫来自：inherit/char/npc.c 的 chat() 第 428 行，物件： quest/invasion/npc/japanese#1194 ("阵内伟次")
呼叫来自：<function> 的 <function>() 第 0 行，物件： quest/invasion/npc/japanese#1194 ("阵内伟次")
呼叫来自：quest/invasion/npc/invader.c 的 do_leave() 第 203 行，物件： quest/invasion/npc/japanese#1194 ("阵内伟次")
呼叫来自：d/beijing/liandan_neiting.c 的 create() 第 20 行，物件： d/beijing/liandan_neiting
呼叫来自：inherit/room/room.c 的 setup() 第 266 行，物件： d/beijing/liandan_neiting
呼叫来自：inherit/room/room.c 的 reset() 第 99 行，物件： d/beijing/liandan_neiting
呼叫来自：inherit/room/room.c 的 make_inventory() 第 32 行，物件： d/beijing/liandan_neiting
Heart beat in quest/invasion/npc/japanese#1194 turned off.

执行时段错误：*Bad argument 1 to call_other()
Expected: string or array or object Got: 0.

程式：inherit/room/room.c 第 32 行
物件：/d/beijing/liandan_yaoshi
呼叫来自：feature/command.c 的 command_hook() 第 77 行，物件： clone/user/user#1 ("浪翻云")
呼叫来自：cmds/wiz/goto.c 的 main() 第 74 行，物件： cmds/wiz/goto
呼叫来自：feature/move.c 的 move() 第 179 行，物件： clone/user/user#1 ("浪翻云")
呼叫来自：cmds/std/look.c 的 look_room() 第 179 行，物件： cmds/std/look
呼叫来自：d/beijing/liandan_yaoshi.c 的 create() 第 22 行，物件： d/beijing/liandan_yaoshi
呼叫来自：inherit/room/room.c 的 setup() 第 266 行，物件： d/beijing/liandan_yaoshi
呼叫来自：inherit/room/room.c 的 reset() 第 99 行，物件： d/beijing/liandan_yaoshi
呼叫来自：inherit/room/room.c 的 make_inventory() 第 32 行，物件： d/beijing/liandan_yaoshi

执行时段错误：*call_other() couldn't find object

程式：adm/daemons/npcd.c 第 334 行
物件：/adm/daemons/npcd
呼叫来自：inherit/char/char.c 的 heart_beat() 第 177 行，物件： kungfu/class/generate/questnpc#3977 ("西门资竹")
呼叫来自：inherit/char/npc.c 的 scan() 第 336 行，物件： kungfu/class/generate/questnpc#3977 ("西门资竹")
呼叫来自：inherit/char/npc.c 的 chat() 第 428 行，物件： kungfu/class/generate/questnpc#3977 ("西门资竹")
呼叫来自：<function> 的 <function>() 第 0 行，物件： kungfu/class/generate/questnpc#3977 ("西门资竹")
呼叫来自：kungfu/class/generate/questnpc.c 的 random_move() 第 65 行，物件： kungfu/class/generate/questnpc#3977 ("西门资竹")
呼叫来自：adm/daemons/npcd.c 的 random_move() 第 334 行，物件： adm/daemons/npcd
Heart beat in kungfu/class/generate/questnpc#3977 turned off.

执行时段错误：*Bad argument 1 to call_other()
Expected: string or array or object Got: 0.

程式：inherit/room/room.c 第 32 行
物件：/d/city/qnbank1
呼叫来自：inherit/char/char.c 的 heart_beat() 第 177 行，物件： clone/npc/xunbu#112 ("纳兰谦")
呼叫来自：clone/npc/xunbu.c 的 scan() 第 265 行，物件： clone/npc/xunbu#112 ("纳兰谦")
呼叫来自：inherit/char/npc.c 的 scan() 第 336 行，物件： clone/npc/xunbu#112 ("纳兰谦")
呼叫来自：inherit/char/npc.c 的 chat() 第 428 行，物件： clone/npc/xunbu#112 ("纳兰谦")
呼叫来自：<function> 的 <function>() 第 0 行，物件： clone/npc/xunbu#112 ("纳兰谦")
呼叫来自：clone/npc/xunbu.c 的 do_chat() 第 106 行，物件： clone/npc/xunbu#112 ("纳兰谦")
呼叫来自：inherit/char/npc.c 的 random_move() 第 444 行，物件： clone/npc/xunbu#112 ("纳兰谦")
呼叫来自：feature/command.c 的 command_hook() 第 77 行，物件： clone/npc/xunbu#112 ("纳兰谦")
呼叫来自：cmds/std/go.c 的 main() 第 151 行，物件： cmds/std/go
呼叫来自：d/city/qnbank1.c 的 create() 第 46 行，物件： d/city/qnbank1
呼叫来自：inherit/room/room.c 的 setup() 第 266 行，物件： d/city/qnbank1
呼叫来自：inherit/room/room.c 的 reset() 第 99 行，物件： d/city/qnbank1
呼叫来自：inherit/room/room.c 的 make_inventory() 第 32 行，物件： d/city/qnbank1
Heart beat in clone/npc/xunbu#112 turned off.
][256D[K[1;31m〖[1;33m系统报告[1;31m〗浪翻云[1;31m[Yuchang][1;31m：断线了。
[2;37;0m[1;36m09:02:38[1;33m> [2;37;0m
执行时段错误：*call_other() couldn't find object

程式：adm/daemons/npcd.c 第 334 行
物件：/adm/daemons/npcd
呼叫来自：inherit/char/char.c 的 heart_beat() 第 177 行，物件： kungfu/class/generate/questnpc#9371 ("卫席")
呼叫来自：inherit/char/npc.c 的 scan() 第 336 行，物件： kungfu/class/generate/questnpc#9371 ("卫席")
呼叫来自：inherit/char/npc.c 的 chat() 第 428 行，物件： kungfu/class/generate/questnpc#9371 ("卫席")
呼叫来自：<function> 的 <function>() 第 0 行，物件： kungfu/class/generate/questnpc#9371 ("卫席")
呼叫来自：kungfu/class/generate/questnpc.c 的 random_move() 第 65 行，物件： kungfu/class/generate/questnpc#9371 ("卫席")
呼叫来自：adm/daemons/npcd.c 的 random_move() 第 334 行，物件： adm/daemons/npcd
Heart beat in kungfu/class/generate/questnpc#9371 turned off.

执行时段错误：*call_other() couldn't find object

程式：feature/move.c 第 80 行
物件：/u/sanben/task/npc/task_carrier#9853
呼叫来自：inherit/char/char.c 的 heart_beat() 第 177 行，物件： u/sanben/task/npc/task_carrier#9853 ("南官洗")
呼叫来自：inherit/char/npc.c 的 scan() 第 336 行，物件： u/sanben/task/npc/task_carrier#9853 ("南官洗")
呼叫来自：inherit/char/npc.c 的 chat() 第 428 行，物件： u/sanben/task/npc/task_carrier#9853 ("南官洗")
呼叫来自：<function> 的 <function>() 第 0 行，物件： u/sanben/task/npc/task_carrier#9853 ("南官洗")
呼叫来自：u/sanben/task/npc/task_carrier.c 的 do_leave() 第 109 行，物件： u/sanben/task/npc/task_carrier#9853 ("南官洗")
呼叫来自：inherit/char/npc.c 的 random_move() 第 444 行，物件： u/sanben/task/npc/task_carrier#9853 ("南官洗")
呼叫来自：feature/command.c 的 command_hook() 第 77 行，物件： u/sanben/task/npc/task_carrier#9853 ("南官洗")
呼叫来自：cmds/std/go.c 的 main() 第 246 行，物件： cmds/std/go
呼叫来自：feature/move.c 的 move() 第 198 行，物件： u/sanben/task/npc/task_carrier#9853 ("南官洗")
呼叫来自：d/zhuanshi/qilindong/dongkou.c 的 init() 第 37 行，物件： d/zhuanshi/qilindong/dongkou
呼叫来自：feature/move.c 的 move() 第 80 行，物件： u/sanben/task/npc/task_carrier#9853 ("南官洗")
Heart beat in u/sanben/task/npc/task_carrier#9853 turned off.

执行时段错误：*call_other() couldn't find object

程式：feature/move.c 第 80 行
物件：/clone/user/user#1
呼叫来自：feature/command.c 的 command_hook() 第 77 行，物件： clone/user/user#1 ("浪翻云")
呼叫来自：cmds/wiz/goto.c 的 main() 第 74 行，物件： cmds/wiz/goto
呼叫来自：feature/move.c 的 move() 第 198 行，物件： clone/user/user#1 ("浪翻云")
呼叫来自：d/zhuanshi/qilindong/dongkou.c 的 init() 第 46 行，物件： d/zhuanshi/qilindong/dongkou
呼叫来自：feature/move.c 的 move() 第 80 行，物件： clone/user/user#1 ("浪翻云")

执行时段错误：*call_other() couldn't find object

程式：feature/move.c 第 80 行
物件：/clone/user/user#1
呼叫来自：feature/command.c 的 command_hook() 第 77 行，物件： clone/user/user#1 ("浪翻云")
呼叫来自：cmds/wiz/goto.c 的 main() 第 74 行，物件： cmds/wiz/goto
呼叫来自：feature/move.c 的 move() 第 198 行，物件： clone/user/user#1 ("浪翻云")
呼叫来自：d/zhuanshi/qilindong/dongkou.c 的 init() 第 46 行，物件： d/zhuanshi/qilindong/dongkou
呼叫来自：feature/move.c 的 move() 第 80 行，物件： clone/user/user#1 ("浪翻云")
Initializing internal tables....

<---中华英雄苏州站: MudOs v22pre11 (by oukaya,May 19 2006) startup on Microsoft Windows NT at Wed May 24 10:09:05 2006

using config file: D:\zhxy2\config.cfg
Can't find "mudos", ignoring old binaries.
Try invoking the driver using the full pathname.
System Error: init_addr_server: connect: 由于目标机器积极拒绝，无法连接。

]simul_efun loaded successfully.

Loading preloaded files ...
Initializations complete.

Accepting connections on port 8899.

执行时段错误：*Error in loading object '/feature/master'

程式：inherit/room/room.c 第 31 行
物件：/d/tulong/tulong/huichang
呼叫来自：u/sanben/task/set_task.c 的 set_task() 第 95 行，物件： u/sanben/task/set_task
呼叫来自：adm/daemons/npcd.c 的 random_move() 第 334 行，物件： adm/daemons/npcd
呼叫来自：d/beijing/haigang.c 的 create() 第 29 行，物件： d/beijing/haigang
呼叫来自：inherit/room/room.c 的 setup() 第 266 行，物件： d/beijing/haigang
呼叫来自：inherit/room/room.c 的 reset() 第 99 行，物件： d/beijing/haigang
呼叫来自：inherit/room/room.c 的 make_inventory() 第 33 行，物件： d/beijing/haigang
呼叫来自：feature/move.c 的 move() 第 198 行，物件： d/shenlong/npc/chuanfu#405 ("老船夫")
呼叫来自：d/beijing/haigang.c 的 init() 第 35 行，物件： d/beijing/haigang
呼叫来自：d/tulong/tulong/huichang.c 的 create() 第 23 行，物件： d/tulong/tulong/huichang
呼叫来自：inherit/room/room.c 的 setup() 第 266 行，物件： d/tulong/tulong/huichang
呼叫来自：inherit/room/room.c 的 reset() 第 99 行，物件： d/tulong/tulong/huichang
呼叫来自：inherit/room/room.c 的 make_inventory() 第 31 行，物件： d/tulong/tulong/huichang

执行时段错误：*Error in loading object '/feature/master'

程式：inherit/room/room.c 第 31 行
物件：/d/xiangyang/juyihuayuan
呼叫来自：inherit/char/char.c 的 heart_beat() 第 177 行，物件： u/sanben/task/npc/task_carrier#261 ("阿不高")
呼叫来自：inherit/char/npc.c 的 scan() 第 336 行，物件： u/sanben/task/npc/task_carrier#261 ("阿不高")
呼叫来自：inherit/char/npc.c 的 chat() 第 428 行，物件： u/sanben/task/npc/task_carrier#261 ("阿不高")
呼叫来自：<function> 的 <function>() 第 0 行，物件： u/sanben/task/npc/task_carrier#261 ("阿不高")
呼叫来自：u/sanben/task/npc/task_carrier.c 的 do_leave() 第 109 行，物件： u/sanben/task/npc/task_carrier#261 ("阿不高")
呼叫来自：inherit/char/npc.c 的 random_move() 第 444 行，物件： u/sanben/task/npc/task_carrier#261 ("阿不高")
呼叫来自：feature/command.c 的 command_hook() 第 77 行，物件： u/sanben/task/npc/task_carrier#261 ("阿不高")
呼叫来自：cmds/std/go.c 的 main() 第 151 行，物件： cmds/std/go
呼叫来自：d/xiangyang/juyihuayuan.c 的 create() 第 27 行，物件： d/xiangyang/juyihuayuan
呼叫来自：inherit/room/room.c 的 setup() 第 266 行，物件： d/xiangyang/juyihuayuan
呼叫来自：inherit/room/room.c 的 reset() 第 99 行，物件： d/xiangyang/juyihuayuan
呼叫来自：inherit/room/room.c 的 make_inventory() 第 31 行，物件： d/xiangyang/juyihuayuan
Heart beat in u/sanben/task/npc/task_carrier#261 turned off.

执行时段错误：*Error in loading object '/feature/master'

程式：inherit/room/room.c 第 31 行
物件：/d/city/ximen
呼叫来自：adm/daemons/quest/judge.c 的 heart_beat() 第 34 行，物件： adm/daemons/quest/judge
呼叫来自：adm/daemons/quest/judge.c 的 start_quest() 第 23 行，物件： adm/daemons/quest/judge
呼叫来自：clone/quest/judge.c 的 init_quest() 第 62 行，物件： clone/quest/judge#530 ("萧族枞和孔鞍的事")
呼叫来自：adm/daemons/npcd.c 的 place_npc() 第 290 行，物件： adm/daemons/npcd
呼叫来自：adm/single/simul_efun.c 的 get_object() 第 152 行，物件： adm/single/simul_efun
呼叫来自：d/city/ximen.c 的 create() 第 33 行，物件： d/city/ximen
呼叫来自：inherit/room/room.c 的 setup() 第 266 行，物件： d/city/ximen
呼叫来自：inherit/room/room.c 的 reset() 第 99 行，物件： d/city/ximen
呼叫来自：inherit/room/room.c 的 make_inventory() 第 31 行，物件： d/city/ximen
Heart beat in adm/daemons/quest/judge turned off.

执行时段错误：*Error in loading object '/feature/master'

程式：inherit/room/room.c 第 31 行
物件：/d/dali/qiandian
呼叫来自：adm/daemons/quest/explore.c 的 heart_beat() 第 129 行，物件： adm/daemons/quest/explore
呼叫来自：adm/daemons/quest/explore.c 的 start_quest() 第 82 行，物件： adm/daemons/quest/explore
呼叫来自：adm/single/simul_efun.c 的 get_object() 第 152 行，物件： adm/single/simul_efun
呼叫来自：d/dali/qiandian.c 的 create() 第 24 行，物件： d/dali/qiandian
呼叫来自：inherit/room/room.c 的 setup() 第 266 行，物件： d/dali/qiandian
呼叫来自：inherit/room/room.c 的 reset() 第 99 行，物件： d/dali/qiandian
呼叫来自：inherit/room/room.c 的 make_inventory() 第 31 行，物件： d/dali/qiandian
Heart beat in adm/daemons/quest/explore turned off.

执行时段错误：*Error in loading object '/feature/master'

程式：d/taishan/npc/wei-shi1.c 第 53 行
物件：/d/taishan/npc/wei-shi1#616
呼叫来自：inherit/char/char.c 的 heart_beat() 第 177 行，物件： u/sanben/task/npc/task_carrier#393 ("百里冒")
呼叫来自：inherit/char/npc.c 的 scan() 第 336 行，物件： u/sanben/task/npc/task_carrier#393 ("百里冒")
呼叫来自：inherit/char/npc.c 的 chat() 第 428 行，物件： u/sanben/task/npc/task_carrier#393 ("百里冒")
呼叫来自：<function> 的 <function>() 第 0 行，物件： u/sanben/task/npc/task_carrier#393 ("百里冒")
呼叫来自：u/sanben/task/npc/task_carrier.c 的 do_leave() 第 109 行，物件： u/sanben/task/npc/task_carrier#393 ("百里冒")
呼叫来自：inherit/char/npc.c 的 random_move() 第 444 行，物件： u/sanben/task/npc/task_carrier#393 ("百里冒")
呼叫来自：feature/command.c 的 command_hook() 第 77 行，物件： u/sanben/task/npc/task_carrier#393 ("百里冒")
呼叫来自：cmds/std/go.c 的 main() 第 246 行，物件： cmds/std/go
呼叫来自：feature/move.c 的 move() 第 198 行，物件： u/sanben/task/npc/task_carrier#393 ("百里冒")
呼叫来自：d/taishan/npc/jian-ke.c 的 init() 第 39 行，物件： d/taishan/npc/jian-ke#607 ("剑客")
呼叫来自：d/taishan/fengchan.c 的 create() 第 23 行，物件： d/taishan/fengchan
呼叫来自：inherit/room/room.c 的 setup() 第 266 行，物件： d/taishan/fengchan
呼叫来自：inherit/room/room.c 的 reset() 第 113 行，物件： d/taishan/fengchan
呼叫来自：inherit/room/room.c 的 make_inventory() 第 33 行，物件： d/taishan/fengchan
呼叫来自：feature/move.c 的 move() 第 198 行，物件： d/taishan/npc/wei-shi1#616 ("白衣武士")
呼叫来自：d/taishan/npc/wei-shi1.c 的 init() 第 53 行，物件： d/taishan/npc/wei-shi1#616 ("白衣武士")
Heart beat in u/sanben/task/npc/task_carrier#393 turned off.
Initializing internal tables....

<---中华英雄苏州站: MudOs v22pre11 (by oukaya,May 19 2006) startup on Microsoft Windows NT at Wed May 24 10:14:42 2006

using config file: D:\zhxy2\config.cfg
Can't find "mudos", ignoring old binaries.
Try invoking the driver using the full pathname.
System Error: init_addr_server: connect: 由于目标机器积极拒绝，无法连接。

]simul_efun loaded successfully.

Loading preloaded files ...
Initializations complete.

Accepting connections on port 8899.

执行时段错误：*Error in loading object '/feature/master'

程式：inherit/room/room.c 第 31 行
物件：/d/city/beidajie1
呼叫来自：inherit/char/char.c 的 heart_beat() 第 177 行，物件： d/city/npc/liapo#62 ("李阿婆")
呼叫来自：inherit/char/npc.c 的 scan() 第 336 行，物件： d/city/npc/liapo#62 ("李阿婆")
呼叫来自：inherit/char/npc.c 的 chat() 第 428 行，物件： d/city/npc/liapo#62 ("李阿婆")
呼叫来自：<function> 的 <function>() 第 0 行，物件： d/city/npc/liapo#62 ("李阿婆")
呼叫来自：d/city/npc/liapo.c 的 <function>() 第 26 行，物件： d/city/npc/liapo#62 ("李阿婆")
呼叫来自：adm/daemons/npcd.c 的 random_move() 第 334 行，物件： adm/daemons/npcd
呼叫来自：d/city/beidajie1.c 的 create() 第 26 行，物件： d/city/beidajie1
呼叫来自：inherit/room/room.c 的 setup() 第 266 行，物件： d/city/beidajie1
呼叫来自：inherit/room/room.c 的 reset() 第 99 行，物件： d/city/beidajie1
呼叫来自：inherit/room/room.c 的 make_inventory() 第 31 行，物件： d/city/beidajie1
Heart beat in d/city/npc/liapo#62 turned off.

执行时段错误：*Wrong permissions for opening file /u/npc/log for append.
"No such file or directory"

程式：adm/single/master.c 第 186 行
物件：/adm/single/master
呼叫来自：feature/command.c 的 command_hook() 第 77 行，物件： clone/user/user#1 ("浪翻云")
呼叫来自：cmds/std/go.c 的 main() 第 246 行，物件： cmds/std/go
呼叫来自：feature/move.c 的 move() 第 179 行，物件： clone/user/user#1 ("浪翻云")
呼叫来自：cmds/std/look.c 的 look_room() 第 179 行，物件： cmds/std/look
呼叫来自：d/city/wumiao.c 的 create() 第 32 行，物件： d/city/wumiao
呼叫来自：inherit/room/room.c 的 setup() 第 266 行，物件： d/city/wumiao
呼叫来自：inherit/room/room.c 的 reset() 第 99 行，物件： d/city/wumiao
呼叫来自：inherit/room/room.c 的 make_inventory() 第 31 行，物件： d/city/wumiao
呼叫来自：adm/single/master.c 的 log_error() 第 186 行，物件： adm/single/master
u/yuchang/npc/bobo.c line 250: parse error before  ( ! me->query("opin

执行时段错误：*Error in loading object '/u/yuchang/npc/bobo'

程式：inherit/room/room.c 第 31 行
物件：/d/city/wumiao
呼叫来自：feature/command.c 的 command_hook() 第 77 行，物件： clone/user/user#1 ("浪翻云")
呼叫来自：cmds/std/go.c 的 main() 第 246 行，物件： cmds/std/go
呼叫来自：feature/move.c 的 move() 第 179 行，物件： clone/user/user#1 ("浪翻云")
呼叫来自：cmds/std/look.c 的 look_room() 第 179 行，物件： cmds/std/look
呼叫来自：d/city/wumiao.c 的 create() 第 32 行，物件： d/city/wumiao
呼叫来自：inherit/room/room.c 的 setup() 第 266 行，物件： d/city/wumiao
呼叫来自：inherit/room/room.c 的 reset() 第 99 行，物件： d/city/wumiao
呼叫来自：inherit/room/room.c 的 make_inventory() 第 31 行，物件： d/city/wumiao

执行时段错误：*Wrong permissions for opening file /u/npc/log for append.
"No such file or directory"

程式：adm/single/master.c 第 186 行
物件：/adm/single/master
呼叫来自：feature/command.c 的 command_hook() 第 77 行，物件： clone/user/user#1 ("浪翻云")
呼叫来自：cmds/wiz/update.c 的 main() 第 84 行，物件： cmds/wiz/update
呼叫来自：cmds/wiz/update.c 的 CATCH() 第 84 行，物件： cmds/wiz/update
呼叫来自：adm/single/master.c 的 log_error() 第 186 行，物件： adm/single/master
u/yuchang/npc/bobo.c line 250: parse error before  ( ! me->query("opin
错误讯息被拦截：
执行时段错误：*Error in loading object '/u/yuchang/npc/bobo'

程式：cmds/wiz/update.c 第 84 行
物件：/cmds/wiz/update
呼叫来自：feature/command.c 的 command_hook() 第 77 行，物件： clone/user/user#1 ("浪翻云")
呼叫来自：cmds/wiz/update.c 的 main() 第 84 行，物件： cmds/wiz/update
呼叫来自：cmds/wiz/update.c 的 CATCH() 第 84 行，物件： cmds/wiz/update
][256D[K[1;31m〖[1;33m系统报告[1;31m〗浪翻云[1;31m[Yuchang][1;31m：断线了。
[2;37;0m[1;36m10:26:20[1;33m> [2;37;0m
执行时段错误：*call_other() couldn't find object

程式：adm/daemons/npcd.c 第 334 行
物件：/adm/daemons/npcd
呼叫来自：u/sanben/task/set_task.c 的 set_task() 第 94 行，物件： u/sanben/task/set_task
呼叫来自：adm/daemons/npcd.c 的 random_move() 第 334 行，物件： adm/daemons/npcd

执行时段错误：*call_other() couldn't find object

程式：adm/daemons/npcd.c 第 334 行
物件：/adm/daemons/npcd
呼叫来自：u/sanben/task/set_task.c 的 set_task() 第 94 行，物件： u/sanben/task/set_task
呼叫来自：adm/daemons/npcd.c 的 random_move() 第 334 行，物件： adm/daemons/npcd

执行时段错误：*Bad argument 1 to environment()
Expected: object Got: 0.

程式：cmds/std/go.c 第 143 行
物件：/cmds/std/go
呼叫来自：inherit/char/char.c 的 heart_beat() 第 177 行，物件： 0
呼叫来自：inherit/char/npc.c 的 scan() 第 336 行，物件： 0
呼叫来自：inherit/char/npc.c 的 chat() 第 428 行，物件： 0
呼叫来自：<function> 的 <function>() 第 0 行，物件： 0
呼叫来自：u/sanben/task/npc/task_carrier.c 的 do_leave() 第 109 行，物件： 0
呼叫来自：inherit/char/npc.c 的 random_move() 第 444 行，物件： 0
呼叫来自：feature/command.c 的 command_hook() 第 77 行，物件： 0
呼叫来自：cmds/std/go.c 的 main() 第 143 行，物件： cmds/std/go
Heart beat in u/sanben/task/npc/task_carrier#13430 turned off.

执行时段错误：*Bad argument 1 to environment()
Expected: object Got: 0.

程式：cmds/std/go.c 第 143 行
物件：/cmds/std/go
呼叫来自：inherit/char/char.c 的 heart_beat() 第 177 行，物件： 0
呼叫来自：inherit/char/npc.c 的 scan() 第 336 行，物件： 0
呼叫来自：inherit/char/npc.c 的 chat() 第 428 行，物件： 0
呼叫来自：<function> 的 <function>() 第 0 行，物件： 0
呼叫来自：u/sanben/task/npc/task_carrier.c 的 do_leave() 第 109 行，物件： 0
呼叫来自：inherit/char/npc.c 的 random_move() 第 444 行，物件： 0
呼叫来自：feature/command.c 的 command_hook() 第 77 行，物件： 0
呼叫来自：cmds/std/go.c 的 main() 第 143 行，物件： cmds/std/go
Heart beat in u/sanben/task/npc/task_carrier#17604 turned off.
Initializing internal tables....

<---中华英雄苏州站: MudOs v22pre11 (by oukaya,May 19 2006) startup on Microsoft Windows NT at Wed May 24 16:45:30 2006

using config file: D:\zhxy2\config.cfg
Can't find "mudos", ignoring old binaries.
Try invoking the driver using the full pathname.
System Error: init_addr_server: connect: 由于目标机器积极拒绝，无法连接。

]simul_efun loaded successfully.

Loading preloaded files ...
Initializations complete.

Accepting connections on port 8899.
Initializing internal tables....

<---中华英雄苏州站: MudOs v22pre11 (by oukaya,May 19 2006) startup on Microsoft Windows NT at Wed May 24 17:14:40 2006

using config file: D:\zhxy2\config.cfg
Can't find "mudos", ignoring old binaries.
Try invoking the driver using the full pathname.
System Error: init_addr_server: connect: 由于目标机器积极拒绝，无法连接。

]simul_efun loaded successfully.

Loading preloaded files ...
Initializations complete.

Accepting connections on port 8899.
Initializing internal tables....
