99.03.14 13:26 B f:\mirror1\d\qingzh\kunltop.c --> www1.yn.cninfo.net /mudcctx/mudlib/d/qingzh kunltop.c
99.03.14 13:26 B f:\mirror1\d\qingzh\kunltop.cbak --> www1.yn.cninfo.net /mudcctx/mudlib/d/qingzh kunltop.cbak
99.03.14 13:26 B f:\mirror1\d\qingzh\kunlun.c --> www1.yn.cninfo.net /mudcctx/mudlib/d/qingzh kunlun.c
99.03.14 13:26 B f:\mirror1\d\qingzh\kunlun1.c --> www1.yn.cninfo.net /mudcctx/mudlib/d/qingzh kunlun1.c
99.03.14 13:26 B f:\mirror1\d\qingzh\kunlun10.c --> www1.yn.cninfo.net /mudcctx/mudlib/d/qingzh kunlun10.c
99.03.14 13:26 B f:\mirror1\d\qingzh\kunlun11.c --> www1.yn.cninfo.net /mudcctx/mudlib/d/qingzh kunlun11.c
99.03.14 13:26 B f:\mirror1\d\qingzh\kunlun12.c --> www1.yn.cninfo.net /mudcctx/mudlib/d/qingzh kunlun12.c
99.03.14 13:26 B f:\mirror1\d\qingzh\kunlun13.c --> www1.yn.cninfo.net /mudcctx/mudlib/d/qingzh kunlun13.c
99.03.14 13:26 B f:\mirror1\d\qingzh\kunlun14.c --> www1.yn.cninfo.net /mudcctx/mudlib/d/qingzh kunlun14.c
99.03.14 13:26 B f:\mirror1\d\qingzh\kunlun15.c --> www1.yn.cninfo.net /mudcctx/mudlib/d/qingzh kunlun15.c
99.03.14 13:26 B f:\mirror1\d\qingzh\kunlun16.c --> www1.yn.cninfo.net /mudcctx/mudlib/d/qingzh kunlun16.c
99.03.14 13:26 B f:\mirror1\d\qingzh\kunlun17.c --> www1.yn.cninfo.net /mudcctx/mudlib/d/qingzh kunlun17.c
99.03.14 13:26 B f:\mirror1\d\qingzh\kunlun18.c --> www1.yn.cninfo.net /mudcctx/mudlib/d/qingzh kunlun18.c
99.03.14 13:26 B f:\mirror1\d\qingzh\kunlun19.c --> www1.yn.cninfo.net /mudcctx/mudlib/d/qingzh kunlun19.c
99.03.14 13:26 B f:\mirror1\d\qingzh\kunlun2.c --> www1.yn.cninfo.net /mudcctx/mudlib/d/qingzh kunlun2.c
99.03.14 13:26 B f:\mirror1\d\qingzh\kunlun20.c --> www1.yn.cninfo.net /mudcctx/mudlib/d/qingzh kunlun20.c
99.03.14 13:26 B f:\mirror1\d\qingzh\kunlun3.c --> www1.yn.cninfo.net /mudcctx/mudlib/d/qingzh kunlun3.c
99.03.14 13:26 B f:\mirror1\d\qingzh\kunlun4.c --> www1.yn.cninfo.net /mudcctx/mudlib/d/qingzh kunlun4.c
99.03.14 13:26 B f:\mirror1\d\qingzh\kunlun5.c --> www1.yn.cninfo.net /mudcctx/mudlib/d/qingzh kunlun5.c
99.03.14 13:26 B f:\mirror1\d\qingzh\kunlun6.c --> www1.yn.cninfo.net /mudcctx/mudlib/d/qingzh kunlun6.c
99.03.14 13:26 B f:\mirror1\d\qingzh\kunlun7.c --> www1.yn.cninfo.net /mudcctx/mudlib/d/qingzh kunlun7.c
99.03.14 13:26 B f:\mirror1\d\qingzh\kunlun8.c --> www1.yn.cninfo.net /mudcctx/mudlib/d/qingzh kunlun8.c
99.03.14 13:26 B f:\mirror1\d\qingzh\kunlun9.c --> www1.yn.cninfo.net /mudcctx/mudlib/d/qingzh kunlun9.c
99.03.14 13:26 B f:\mirror1\d\qingzh\road.c --> www1.yn.cninfo.net /mudcctx/mudlib/d/qingzh road.c
99.03.14 13:26 B f:\mirror1\d\qingzh\road1.c --> www1.yn.cninfo.net /mudcctx/mudlib/d/qingzh road1.c
99.03.14 13:26 B f:\mirror1\d\qingzh\road2.c --> www1.yn.cninfo.net /mudcctx/mudlib/d/qingzh road2.c
99.03.14 13:26 B f:\mirror1\d\qingzh\road3.c --> www1.yn.cninfo.net /mudcctx/mudlib/d/qingzh road3.c
99.03.14 13:26 B f:\mirror1\d\qingzh\road4.c --> www1.yn.cninfo.net /mudcctx/mudlib/d/qingzh road4.c
99.03.14 13:26 B f:\mirror1\d\qingzh\road5.c --> www1.yn.cninfo.net /mudcctx/mudlib/d/qingzh road5.c
99.03.14 13:26 B f:\mirror1\d\qingzh\road6.c --> www1.yn.cninfo.net /mudcctx/mudlib/d/qingzh road6.c
99.03.14 13:26 B f:\mirror1\d\qingzh\road7.c --> www1.yn.cninfo.net /mudcctx/mudlib/d/qingzh road7.c
99.03.14 13:26 B f:\mirror1\d\qingzh\road8.c --> www1.yn.cninfo.net /mudcctx/mudlib/d/qingzh road8.c
99.03.14 13:26 B f:\mirror1\d\qingzh\xroad.c --> www1.yn.cninfo.net /mudcctx/mudlib/d/qingzh xroad.c
99.03.14 13:26 B f:\mirror1\d\qingzh\xroad1.c --> www1.yn.cninfo.net /mudcctx/mudlib/d/qingzh xroad1.c
99.03.14 13:26 B f:\mirror1\d\qingzh\xroad2.c --> www1.yn.cninfo.net /mudcctx/mudlib/d/qingzh xroad2.c
99.03.14 13:26 B f:\mirror1\d\qingzh\xroad3.c --> www1.yn.cninfo.net /mudcctx/mudlib/d/qingzh xroad3.c
