2003.06.15 10:16 B F:\login\j\jackaly.o <-- www.vmud.com /lonely/mudlib/data/login/j jackaly.o
2003.06.15 10:16 B F:\login\j\jade.o <-- www.vmud.com /lonely/mudlib/data/login/j jade.o
2003.06.15 10:16 B F:\login\j\jan.o <-- www.vmud.com /lonely/mudlib/data/login/j jan.o
2003.06.15 10:16 B F:\login\j\jaoegj.o <-- www.vmud.com /lonely/mudlib/data/login/j jaoegj.o
2003.06.15 10:16 B F:\login\j\jap.o <-- www.vmud.com /lonely/mudlib/data/login/j jap.o
2003.06.15 10:16 B F:\login\j\java.o <-- www.vmud.com /lonely/mudlib/data/login/j java.o
2003.06.15 10:16 B F:\login\j\jbc.o <-- www.vmud.com /lonely/mudlib/data/login/j jbc.o
2003.06.15 10:16 B F:\login\j\jbxxx.o <-- www.vmud.com /lonely/mudlib/data/login/j jbxxx.o
2003.06.15 10:16 B F:\login\j\jeff.o <-- www.vmud.com /lonely/mudlib/data/login/j jeff.o
2003.06.15 10:16 B F:\login\j\jessy.o <-- www.vmud.com /lonely/mudlib/data/login/j jessy.o
2003.06.15 10:16 B F:\login\j\jfeng.o <-- www.vmud.com /lonely/mudlib/data/login/j jfeng.o
2003.06.15 10:16 B F:\login\j\jhfy.o <-- www.vmud.com /lonely/mudlib/data/login/j jhfy.o
2003.06.15 10:16 B F:\login\j\jiama.o <-- www.vmud.com /lonely/mudlib/data/login/j jiama.o
2003.06.15 10:16 B F:\login\j\jiancha.o <-- www.vmud.com /lonely/mudlib/data/login/j jiancha.o
2003.06.15 10:16 B F:\login\j\jiang.o <-- www.vmud.com /lonely/mudlib/data/login/j jiang.o
2003.06.15 10:16 B F:\login\j\jiangong.o <-- www.vmud.com /lonely/mudlib/data/login/j jiangong.o
2003.06.15 10:16 B F:\login\j\jianm.o <-- www.vmud.com /lonely/mudlib/data/login/j jianm.o
2003.06.15 10:16 B F:\login\j\jianxin.o <-- www.vmud.com /lonely/mudlib/data/login/j jianxin.o
2003.06.15 10:16 B F:\login\j\jianyi.o <-- www.vmud.com /lonely/mudlib/data/login/j jianyi.o
2003.06.15 10:16 B F:\login\j\jiaohua.o <-- www.vmud.com /lonely/mudlib/data/login/j jiaohua.o
2003.06.15 10:16 B F:\login\j\jicke.o <-- www.vmud.com /lonely/mudlib/data/login/j jicke.o
2003.06.15 10:16 B F:\login\j\jiejie.o <-- www.vmud.com /lonely/mudlib/data/login/j jiejie.o
2003.06.15 10:16 B F:\login\j\jin.o <-- www.vmud.com /lonely/mudlib/data/login/j jin.o
2003.06.15 10:16 B F:\login\j\jinbb.o <-- www.vmud.com /lonely/mudlib/data/login/j jinbb.o
2003.06.15 10:16 B F:\login\j\jing.o <-- www.vmud.com /lonely/mudlib/data/login/j jing.o
2003.06.15 10:16 B F:\login\j\jinm.o <-- www.vmud.com /lonely/mudlib/data/login/j jinm.o
2003.06.15 10:16 B F:\login\j\jinshe.o <-- www.vmud.com /lonely/mudlib/data/login/j jinshe.o
2003.06.15 10:16 B F:\login\j\jinshejian.o <-- www.vmud.com /lonely/mudlib/data/login/j jinshejian.o
2003.06.15 10:16 B F:\login\j\jiujian.o <-- www.vmud.com /lonely/mudlib/data/login/j jiujian.o
2003.06.15 10:16 B F:\login\j\jjjjjjjjj.o <-- www.vmud.com /lonely/mudlib/data/login/j jjjjjjjjj.o
2003.06.15 10:16 B F:\login\j\jlhxxx.o <-- www.vmud.com /lonely/mudlib/data/login/j jlhxxx.o
2003.06.15 10:16 B F:\login\j\joke.o <-- www.vmud.com /lonely/mudlib/data/login/j joke.o
2003.06.15 10:16 B F:\login\j\jonathan.o <-- www.vmud.com /lonely/mudlib/data/login/j jonathan.o
2003.06.15 10:16 B F:\login\j\jong.o <-- www.vmud.com /lonely/mudlib/data/login/j jong.o
2003.06.15 10:16 B F:\login\j\jorden.o <-- www.vmud.com /lonely/mudlib/data/login/j jorden.o
2003.06.15 10:17 B F:\login\j\jpren.o <-- www.vmud.com /lonely/mudlib/data/login/j jpren.o
2003.06.15 10:17 B F:\login\j\jpx.o <-- www.vmud.com /lonely/mudlib/data/login/j jpx.o
2003.06.15 10:17 B F:\login\j\jsf.o <-- www.vmud.com /lonely/mudlib/data/login/j jsf.o
2003.06.15 10:17 B F:\login\j\judy.o <-- www.vmud.com /lonely/mudlib/data/login/j judy.o
2003.06.15 10:17 B F:\login\j\junfeng.o <-- www.vmud.com /lonely/mudlib/data/login/j junfeng.o
2003.06.15 10:17 B F:\login\j\justin.o <-- www.vmud.com /lonely/mudlib/data/login/j justin.o
2003.06.15 10:17 B F:\login\j\justme.o <-- www.vmud.com /lonely/mudlib/data/login/j justme.o
2003.06.15 10:17 B F:\login\j\jxbxxx.o <-- www.vmud.com /lonely/mudlib/data/login/j jxbxxx.o
2003.06.15 10:17 B F:\login\j\jxdgf.o <-- www.vmud.com /lonely/mudlib/data/login/j jxdgf.o
2003.06.15 10:17 B F:\login\j\jyd.o <-- www.vmud.com /lonely/mudlib/data/login/j jyd.o
