
<---东方故事Ⅱ: MudOs v22pre11 (by wwj,Jan  1 1999) startup on Microsoft Windows 98 at Mon Jan 10 20:02:30 2000

using config file: C:\WINDOWS\Desktop\fs\adm\etc\config.ES2
Can't find "mudos", ignoring old binaries.
Try invoking the driver using the full pathname.
System Error: init_addr_server: connect: WSAECONNREFUSED
]simul_efun loaded successfully.

Loading preloaded files ...
Initializations complete.

Accepting connections on port 4000.

执行时段错误：*Denied write permission in save_object().

程式：feature/save.c 第 9 行
物件: /obj/login#0
呼叫来自：adm/daemons/logind.c 的 get_points() 第 502 行，物件： adm/daemons/logind
呼叫来自：adm/daemons/logind.c 的 enter_world() 第 640 行，物件： adm/daemons/logind
呼叫来自：feature/save.c 的 save() 第 9 行，物件： obj/login#0

执行时段错误：*Denied write permission in save_object().

程式：feature/save.c 第 9 行
物件: /obj/login#0
呼叫来自：feature/command.c 的 command_hook() 第 101 行，物件： obj/user#1 ("喔喔喔")
呼叫来自：feature/command.c 的 do_command() 第 70 行，物件： obj/user#1 ("喔喔喔")
呼叫来自：cmds/std/save.c 的 main() 第 27 行，物件： cmds/std/save
呼叫来自：feature/save.c 的 save() 第 9 行，物件： obj/login#0
Initializing internal tables....
