
<---炎龙封印: MudOs v22pre12 (by wenwu,Nov 12 2006) startup on Microsoft Windows NT at Tue May 10 15:30:18 2011

using config file: D:\ylfy\configs.cfg
Can't find "mudos", ignoring old binaries.
Try invoking the driver using the full pathname.

连接到地址服务器：localhost (3000)
]simul_efun 成功加载.

加载系统进程中...
初始化完成。

允许连接端口：4000
允许连接端口：6000
Initializing internal tables....

<---炎龙封印: MudOs v22pre12 (by wenwu,Nov 12 2006) startup on Microsoft Windows NT at Tue May 10 15:40:11 2011

using config file: D:\ylfy\configs.cfg
Can't find "mudos", ignoring old binaries.
Try invoking the driver using the full pathname.

连接到地址服务器：localhost (3000)
]simul_efun 成功加载.

加载系统进程中...
初始化完成。

允许连接端口：4000
允许连接端口：6000
Initializing internal tables....

<---炎龙封印: MudOs v22pre12 (by wenwu,Nov 12 2006) startup on Microsoft Windows NT at Tue May 10 15:50:27 2011

using config file: D:\ylfy\configs.cfg
Can't find "mudos", ignoring old binaries.
Try invoking the driver using the full pathname.

连接到地址服务器：localhost (3000)
]simul_efun 成功加载.

加载系统进程中...
初始化完成。

允许连接端口：4000
允许连接端口：6000
Error in error handler: *Too deep recursion.
program: /feature/message.c, object: /clone/user/user#10, file: /feature/message.c:121
'  choose_baoshi' in 'adm/daemons/baoshid.c' (' adm/daemons/baoshid') /adm/daemons/baoshid.c:150
arguments were ()
locals were: 0,18,0,0,5,0,quest/baoshi/baoshis/baoshi#441,"神",0,0
'receive_message' in '   feature/message.c' ('  clone/user/user#10') /feature/message.c:130
arguments were ("chat","[1;32m【[1;35m奇珍异宝[1;32m】：[1;37m突然空中打了个炸雷,一个火球横空出世,拖着一道神光向蒙古的方向落去！
[2;37;0m")
locals were: clone/user/user#10,"channel",({ /* sizeof() == 8 */
  "chat",
  "jypm",
  "es",
  "xyxw",
  "rumor",
  "new",
  "jh",
  "xy"
}),0,0,0,0,0,0,0,0,118,0,0,1
'    tell_object' in 'adm/obj/simul_efun.c' ('  adm/obj/simul_efun') /adm/simul_efun/message.c:63
arguments were (clone/user/user#10,"[1;33m
您输入文字发呆的时间超过[1;36m 五 [1;33m分钟了，还是先想好了再说吧。
[2;37;0m")
'receive_message' in '   feature/message.c' ('  clone/user/user#10') /feature/message.c:130
arguments were ("tell_object","[1;33m
您输入文字发呆的时间超过[1;36m 五 [1;33m分钟了，还是先想好了再说吧。
[2;37;0m")
locals were: clone/user/user#10,0,0,0,0,0,0,0,0,0,0,88,0,0,1
'    tell_object' in 'adm/obj/simul_efun.c' ('  adm/obj/simul_efun') /adm/simul_efun/message.c:63
arguments were (clone/user/user#10,"[1;33m
您输入文字发呆的时间超过[1;36m 五 [1;33m分钟了，还是先想好了再说吧。
[2;37;0m")
'receive_message' in '   feature/message.c' ('  clone/user/user#10') /feature/message.c:130
arguments were ("tell_object","[1;33m
您输入文字发呆的时间超过[1;36m 五 [1;33m分钟了，还是先想好了再说吧。
[2;37;0m")
locals were: clone/user/user#10,0,0,0,0,0,0,0,0,0,0,88,0,0,1
'    tell_object' in 'adm/obj/simul_efun.c' ('  adm/obj/simul_efun') /adm/simul_efun/message.c:63
arguments were (clone/user/user#10,"[1;33m
您输入文字发呆的时间超过[1;36m 五 [1;33m分钟了，还是先想好了再说吧。
[2;37;0m")
'receive_message' in '   feature/message.c' ('  clone/user/user#10') /feature/message.c:130
arguments were ("tell_object","[1;33m
您输入文字发呆的时间超过[1;36m 五 [1;33m分钟了，还是先想好了再说吧。
[2;37;0m")
locals were: clone/user/user#10,0,0,0,0,0,0,0,0,0,0,88,0,0,1
'    tell_object' in 'adm/obj/simul_efun.c' ('  adm/obj/simul_efun') /adm/simul_efun/message.c:63
arguments were (clone/user/user#10,"[1;33m
您输入文字发呆的时间超过[1;36m 五 [1;33m分钟了，还是先想好了再说吧。
[2;37;0m")
'receive_message' in '   feature/message.c' ('  clone/user/user#10') /feature/message.c:130
arguments were ("tell_object","[1;33m
您输入文字发呆的时间超过[1;36m 五 [1;33m分钟了，还是先想好了再说吧。
[2;37;0m")
locals were: clone/user/user#10,0,0,0,0,0,0,0,0,0,0,88,0,0,1
'    tell_object' in 'adm/obj/simul_efun.c' ('  adm/obj/simul_efun') /adm/simul_efun/message.c:63
arguments were (clone/user/user#10,"[1;33m
您输入文字发呆的时间超过[1;36m 五 [1;33m分钟了，还是先想好了再说吧。
[2;37;0m")
'receive_message' in '   feature/message.c' ('  clone/user/user#10') /feature/message.c:130
arguments were ("tell_object","[1;33m
您输入文字发呆的时间超过[1;36m 五 [1;33m分钟了，还是先想好了再说吧。
[2;37;0m")
locals were: clone/user/user#10,0,0,0,0,0,0,0,0,0,0,88,0,0,1
'    tell_object' in 'adm/obj/simul_efun.c' ('  adm/obj/simul_efun') /adm/simul_efun/message.c:63
arguments were (clone/user/user#10,"[1;33m
您输入文字发呆的时间超过[1;36m 五 [1;33m分钟了，还是先想好了再说吧。
[2;37;0m")
'receive_message' in '   feature/message.c' ('  clone/user/user#10') /feature/message.c:130
arguments were ("tell_object","[1;33m
您输入文字发呆的时间超过[1;36m 五 [1;33m分钟了，还是先想好了再说吧。
[2;37;0m")
locals were: clone/user/user#10,0,0,0,0,0,0,0,0,0,0,88,0,0,1
'    tell_object' in 'adm/obj/simul_efun.c' ('  adm/obj/simul_efun') /adm/simul_efun/message.c:63
arguments were (clone/user/user#10,"[1;33m
您输入文字发呆的时间超过[1;36m 五 [1;33m分钟了，还是先想好了再说吧。
[2;37;0m")
'receive_message' in '   feature/message.c' ('  clone/user/user#10') /feature/message.c:130
arguments were ("tell_object","[1;33m
您输入文字发呆的时间超过[1;36m 五 [1;33m分钟了，还是先想好了再说吧。
[2;37;0m")
locals were: clone/user/user#10,0,0,0,0,0,0,0,0,0,0,88,0,0,1
'    tell_object' in 'adm/obj/simul_efun.c' ('  adm/obj/simul_efun') /adm/simul_efun/message.c:63
arguments were (clone/user/user#10,"[1;33m
您输入文字发呆的时间超过[1;36m 五 [1;33m分钟了，还是先想好了再说吧。
[2;37;0m")
'receive_message' in '   feature/message.c' ('  clone/user/user#10') /feature/message.c:130
arguments were ("tell_object","[1;33m
您输入文字发呆的时间超过[1;36m 五 [1;33m分钟了，还是先想好了再说吧。
[2;37;0m")
locals were: clone/user/user#10,0,0,0,0,0,0,0,0,0,0,88,0,0,1
'    tell_object' in 'adm/obj/simul_efun.c' ('  adm/obj/simul_efun') /adm/simul_efun/message.c:63
arguments were (clone/user/user#10,"[1;33m
您输入文字发呆的时间超过[1;36m 五 [1;33m分钟了，还是先想好了再说吧。
[2;37;0m")
'receive_message' in '   feature/message.c' ('  clone/user/user#10') /feature/message.c:130
arguments were ("tell_object","[1;33m
您输入文字发呆的时间超过[1;36m 五 [1;33m分钟了，还是先想好了再说吧。
[2;37;0m")
locals were: clone/user/user#10,0,0,0,0,0,0,0,0,0,0,88,0,0,1
'    tell_object' in 'adm/obj/simul_efun.c' ('  adm/obj/simul_efun') /adm/simul_efun/message.c:63
arguments were (clone/user/user#10,"[1;33m
您输入文字发呆的时间超过[1;36m 五 [1;33m分钟了，还是先想好了再说吧。
[2;37;0m")
'receive_message' in '   feature/message.c' ('  clone/user/user#10') /feature/message.c:130
arguments were ("tell_object","[1;33m
您输入文字发呆的时间超过[1;36m 五 [1;33m分钟了，还是先想好了再说吧。
[2;37;0m")
locals were: clone/user/user#10,0,0,0,0,0,0,0,0,0,0,88,0,0,1
'    tell_object' in 'adm/obj/simul_efun.c' ('  adm/obj/simul_efun') /adm/simul_efun/message.c:63
arguments were (clone/user/user#10,"[1;33m
您输入文字发呆的时间超过[1;36m 五 [1;33m分钟了，还是先想好了再说吧。
[2;37;0m")
'receive_message' in '   feature/message.c' ('  clone/user/user#10') /feature/message.c:130
arguments were ("tell_object","[1;33m
您输入文字发呆的时间超过[1;36m 五 [1;33m分钟了，还是先想好了再说吧。
[2;37;0m")
locals were: clone/user/user#10,0,0,0,0,0,0,0,0,0,0,88,0,0,1
'    tell_object' in 'adm/obj/simul_efun.c' ('  adm/obj/simul_efun') /adm/simul_efun/message.c:63
arguments were (clone/user/user#10,"[1;33m
您输入文字发呆的时间超过[1;36m 五 [1;33m分钟了，还是先想好了再说吧。
[2;37;0m")
'receive_message' in '   feature/message.c' ('  clone/user/user#10') /feature/message.c:130
arguments were ("tell_object","[1;33m
您输入文字发呆的时间超过[1;36m 五 [1;33m分钟了，还是先想好了再说吧。
[2;37;0m")
locals were: clone/user/user#10,0,0,0,0,0,0,0,0,0,0,88,0,0,1
'    tell_object' in 'adm/obj/simul_efun.c' ('  adm/obj/simul_efun') /adm/simul_efun/message.c:63
arguments were (clone/user/user#10,"[1;33m
您输入文字发呆的时间超过[1;36m 五 [1;33m分钟了，还是先想好了再说吧。
[2;37;0m")
'receive_message' in '   feature/message.c' ('  clone/user/user#10') /feature/message.c:130
arguments were ("tell_object","[1;33m
您输入文字发呆的时间超过[1;36m 五 [1;33m分钟了，还是先想好了再说吧。
[2;37;0m")
locals were: clone/user/user#10,0,0,0,0,0,0,0,0,0,0,88,0,0,1
'    tell_object' in 'adm/obj/simul_efun.c' ('  adm/obj/simul_efun') /adm/simul_efun/message.c:63
arguments were (clone/user/user#10,"[1;33m
您输入文字发呆的时间超过[1;36m 五 [1;33m分钟了，还是先想好了再说吧。
[2;37;0m")
'receive_message' in '   feature/message.c' ('  clone/user/user#10') /feature/message.c:130
arguments were ("tell_object","[1;33m
您输入文字发呆的时间超过[1;36m 五 [1;33m分钟了，还是先想好了再说吧。
[2;37;0m")
locals were: clone/user/user#10,0,0,0,0,0,0,0,0,0,0,88,0,0,1
'    tell_object' in 'adm/obj/simul_efun.c' ('  adm/obj/simul_efun') /adm/simul_efun/message.c:63
arguments were (clone/user/user#10,"[1;33m
您输入文字发呆的时间超过[1;36m 五 [1;33m分钟了，还是先想好了再说吧。
[2;37;0m")
'receive_message' in '   feature/message.c' ('  clone/user/user#10') /feature/message.c:130
arguments were ("tell_object","[1;33m
您输入文字发呆的时间超过[1;36m 五 [1;33m分钟了，还是先想好了再说吧。
[2;37;0m")
locals were: clone/user/user#10,0,0,0,0,0,0,0,0,0,0,88,0,0,1
'    tell_object' in 'adm/obj/simul_efun.c' ('  adm/obj/simul_efun') /adm/simul_efun/message.c:63
arguments were (clone/user/user#10,"[1;33m
您输入文字发呆的时间超过[1;36m 五 [1;33m分钟了，还是先想好了再说吧。
[2;37;0m")
'receive_message' in '   feature/message.c' ('  clone/user/user#10') /feature/message.c:130
arguments were ("tell_object","[1;33m
您输入文字发呆的时间超过[1;36m 五 [1;33m分钟了，还是先想好了再说吧。
[2;37;0m")
locals were: clone/user/user#10,0,0,0,0,0,0,0,0,0,0,88,0,0,1
'    tell_object' in 'adm/obj/simul_efun.c' ('  adm/obj/simul_efun') /adm/simul_efun/message.c:63
arguments were (clone/user/user#10,"[1;33m
您输入文字发呆的时间超过[1;36m 五 [1;33m分钟了，还是先想好了再说吧。
[2;37;0m")
'receive_message' in '   feature/message.c' ('  clone/user/user#10') /feature/message.c:130
arguments were ("tell_object","[1;33m
您输入文字发呆的时间超过[1;36m 五 [1;33m分钟了，还是先想好了再说吧。
[2;37;0m")
locals were: clone/user/user#10,0,0,0,0,0,0,0,0,0,0,88,0,0,1
'    tell_object' in 'adm/obj/simul_efun.c' ('  adm/obj/simul_efun') /adm/simul_efun/message.c:63
arguments were (clone/user/user#10,"[1;33m
您输入文字发呆的时间超过[1;36m 五 [1;33m分钟了，还是先想好了再说吧。
[2;37;0m")
'receive_message' in '   feature/message.c' ('  clone/user/user#10') /feature/message.c:130
arguments were ("tell_object","[1;33m
您输入文字发呆的时间超过[1;36m 五 [1;33m分钟了，还是先想好了再说吧。
[2;37;0m")
locals were: clone/user/user#10,0,0,0,0,0,0,0,0,0,0,88,0,0,1
'    tell_object' in 'adm/obj/simul_efun.c' ('  adm/obj/simul_efun') /adm/simul_efun/message.c:63
arguments were (clone/user/user#10,"[1;33m
您输入文字发呆的时间超过[1;36m 五 [1;33m分钟了，还是先想好了再说吧。
[2;37;0m")
'receive_message' in '   feature/message.c' ('  clone/user/user#10') /feature/message.c:130
arguments were ("tell_object","[1;33m
您输入文字发呆的时间超过[1;36m 五 [1;33m分钟了，还是先想好了再说吧。
[2;37;0m")
locals were: clone/user/user#10,0,0,0,0,0,0,0,0,0,0,88,0,0,1
'    tell_object' in 'adm/obj/simul_efun.c' ('  adm/obj/simul_efun') /adm/simul_efun/message.c:63
arguments were (clone/user/user#10,"[1;33m
您输入文字发呆的时间超过[1;36m 五 [1;33m分钟了，还是先想好了再说吧。
[2;37;0m")
'receive_message' in '   feature/message.c' ('  clone/user/user#10') /feature/message.c:130
arguments were ("tell_object","[1;33m
您输入文字发呆的时间超过[1;36m 五 [1;33m分钟了，还是先想好了再说吧。
[2;37;0m")
locals were: clone/user/user#10,0,0,0,0,0,0,0,0,0,0,88,0,0,1
'    tell_object' in 'adm/obj/simul_efun.c' ('  adm/obj/simul_efun') /adm/simul_efun/message.c:63
arguments were (clone/user/user#10,"[1;33m
您输入文字发呆的时间超过[1;36m 五 [1;33m分钟了，还是先想好了再说吧。
[2;37;0m")
'receive_message' in '   feature/message.c' ('  clone/user/user#10') /feature/message.c:130
arguments were ("tell_object","[1;33m
您输入文字发呆的时间超过[1;36m 五 [1;33m分钟了，还是先想好了再说吧。
[2;37;0m")
locals were: clone/user/user#10,0,0,0,0,0,0,0,0,0,0,88,0,0,1
'    tell_object' in 'adm/obj/simul_efun.c' ('  adm/obj/simul_efun') /adm/simul_efun/message.c:63
arguments were (clone/user/user#10,"[1;33m
您输入文字发呆的时间超过[1;36m 五 [1;33m分钟了，还是先想好了再说吧。
[2;37;0m")
'receive_message' in '   feature/message.c' ('  clone/user/user#10') /feature/message.c:130
arguments were ("tell_object","[1;33m
您输入文字发呆的时间超过[1;36m 五 [1;33m分钟了，还是先想好了再说吧。
[2;37;0m")
locals were: clone/user/user#10,0,0,0,0,0,0,0,0,0,0,88,0,0,1
'    tell_object' in 'adm/obj/simul_efun.c' ('  adm/obj/simul_efun') /adm/simul_efun/message.c:63
arguments were (clone/user/user#10,"[1;33m
您输入文字发呆的时间超过[1;36m 五 [1;33m分钟了，还是先想好了再说吧。
[2;37;0m")
'receive_message' in '   feature/message.c' ('  clone/user/user#10') /feature/message.c:130
arguments were ("tell_object","[1;33m
您输入文字发呆的时间超过[1;36m 五 [1;33m分钟了，还是先想好了再说吧。
[2;37;0m")
locals were: clone/user/user#10,0,0,0,0,0,0,0,0,0,0,88,0,0,1
'    tell_object' in 'adm/obj/simul_efun.c' ('  adm/obj/simul_efun') /adm/simul_efun/message.c:63
arguments were (clone/user/user#10,"[1;33m
您输入文字发呆的时间超过[1;36m 五 [1;33m分钟了，还是先想好了再说吧。
[2;37;0m")
'receive_message' in '   feature/message.c' ('  clone/user/user#10') /feature/message.c:121
arguments were ("tell_object","[1;33m
您输入文字发呆的时间超过[1;36m 五 [1;33m分钟了，还是先想好了再说吧。
[2;37;0m")
locals were: clone/user/user#10,0,0,0,0,0,0,0,0,0,0,88,0,0,1
Error in error handler: *Too deep recursion.
program: /feature/message.c, object: /clone/user/user#10, file: /feature/message.c:121
'     heart_beat' in ' inherit/char/char.c' ('  clone/user/user#10') /inherit/char/char.c:332
arguments were ()
locals were: 0,0,([ /* sizeof() == 40 */
  "mud_age" : 1191,
  "age" : 14,
  "name" : "测试",
  "combat_exp" : 5,
  "actions" : (: call_other,     "/adm/daemons/race/human.c",     "query_action" :),
  "xyzx_sys" : ([ /* sizeof() == 6 */
      "shuxingdian" : 5,
      "jingzhun" : 10,
      "minjie" : 10,
      "level" : 0,
      "lingxing" : 10,
      "fanying" : 10,
    ]),
  "qi" : 100,
  "shen" : 0,
  "race" : "人类",
  "default_actions" : (: call_other,     "/adm/daemons/race/human.c",     "query_action" :),
  "per" : 19,
  "eff_qi" : 100,
  "kar" : 19,
  "dex" : 19,
  "max_qi" : 100,
  "gender" : "男性",
  "water" : 211,
  "pighead" : 0,
  "int" : 22,
  "money" : 2000,
  "str" : 20,
  "biguan_is_online" : 1199,
  "eff_jing" : 100,
  "con" : 19,
  "xy_huiyuan" : "2012年1月1日",
  "food" : 211,
  "id" : "tan",
  "fashufali" : 100,
  "wuxing" : ([ /* sizeof() == 1 */
      "mofa" : 2,
    ]),
  "xieyi" : ([ /* sizeof() == 1 */
      "zmud" : 1,
    ]),
  "jing" : 100,
  "max_fashufali" : 100,
  "icon" : "50001",
  "env" : ([ /* sizeof() == 2 */
      "prompt" : "null",
      "wimpy" : 50,
    ]),
  "channels" : ({ /* sizeof() == 8 */
      "chat",
      "jypm",
      "es",
      "xyxw",
      "rumor",
      "new",
      "jh",
      "xy"
    }),
  "birthday" : 1305013244,
  "max_jing" : 100,
  "title" : "普通百姓",
  "potential" : 100,
  "registered" : 1,
]),clone/user/user#10,0,d/dali/kezhan,0,0,0
'      user_dump' in '   clone/user/user.c' ('  clone/user/user#10') /clone/user/user.c:250
arguments were (2)
'    tell_object' in 'adm/obj/simul_efun.c' ('  adm/obj/simul_efun') /adm/simul_efun/message.c:63
arguments were (clone/user/user#10,"[1;33m
您输入文字发呆的时间超过 [1;36m15[1;33m 分钟了，还是先想好了再说吧。
[2;37;0m")
'receive_message' in '   feature/message.c' ('  clone/user/user#10') /feature/message.c:130
arguments were ("tell_object","[1;33m
您输入文字发呆的时间超过 [1;36m15[1;33m 分钟了，还是先想好了再说吧。
[2;37;0m")
locals were: clone/user/user#10,0,0,0,0,0,0,0,0,0,0,88,0,0,1
'    tell_object' in 'adm/obj/simul_efun.c' ('  adm/obj/simul_efun') /adm/simul_efun/message.c:63
arguments were (clone/user/user#10,"[1;33m
您输入文字发呆的时间超过[1;36m 五 [1;33m分钟了，还是先想好了再说吧。
[2;37;0m")
'receive_message' in '   feature/message.c' ('  clone/user/user#10') /feature/message.c:130
arguments were ("tell_object","[1;33m
您输入文字发呆的时间超过[1;36m 五 [1;33m分钟了，还是先想好了再说吧。
[2;37;0m")
locals were: clone/user/user#10,0,0,0,0,0,0,0,0,0,0,88,0,0,1
'    tell_object' in 'adm/obj/simul_efun.c' ('  adm/obj/simul_efun') /adm/simul_efun/message.c:63
arguments were (clone/user/user#10,"[1;33m
您输入文字发呆的时间超过[1;36m 五 [1;33m分钟了，还是先想好了再说吧。
[2;37;0m")
'receive_message' in '   feature/message.c' ('  clone/user/user#10') /feature/message.c:130
arguments were ("tell_object","[1;33m
您输入文字发呆的时间超过[1;36m 五 [1;33m分钟了，还是先想好了再说吧。
[2;37;0m")
locals were: clone/user/user#10,0,0,0,0,0,0,0,0,0,0,88,0,0,1
'    tell_object' in 'adm/obj/simul_efun.c' ('  adm/obj/simul_efun') /adm/simul_efun/message.c:63
arguments were (clone/user/user#10,"[1;33m
您输入文字发呆的时间超过[1;36m 五 [1;33m分钟了，还是先想好了再说吧。
[2;37;0m")
'receive_message' in '   feature/message.c' ('  clone/user/user#10') /feature/message.c:130
arguments were ("tell_object","[1;33m
您输入文字发呆的时间超过[1;36m 五 [1;33m分钟了，还是先想好了再说吧。
[2;37;0m")
locals were: clone/user/user#10,0,0,0,0,0,0,0,0,0,0,88,0,0,1
'    tell_object' in 'adm/obj/simul_efun.c' ('  adm/obj/simul_efun') /adm/simul_efun/message.c:63
arguments were (clone/user/user#10,"[1;33m
您输入文字发呆的时间超过[1;36m 五 [1;33m分钟了，还是先想好了再说吧。
[2;37;0m")
'receive_message' in '   feature/message.c' ('  clone/user/user#10') /feature/message.c:130
arguments were ("tell_object","[1;33m
您输入文字发呆的时间超过[1;36m 五 [1;33m分钟了，还是先想好了再说吧。
[2;37;0m")
locals were: clone/user/user#10,0,0,0,0,0,0,0,0,0,0,88,0,0,1
'    tell_object' in 'adm/obj/simul_efun.c' ('  adm/obj/simul_efun') /adm/simul_efun/message.c:63
arguments were (clone/user/user#10,"[1;33m
您输入文字发呆的时间超过[1;36m 五 [1;33m分钟了，还是先想好了再说吧。
[2;37;0m")
'receive_message' in '   feature/message.c' ('  clone/user/user#10') /feature/message.c:130
arguments were ("tell_object","[1;33m
您输入文字发呆的时间超过[1;36m 五 [1;33m分钟了，还是先想好了再说吧。
[2;37;0m")
locals were: clone/user/user#10,0,0,0,0,0,0,0,0,0,0,88,0,0,1
'    tell_object' in 'adm/obj/simul_efun.c' ('  adm/obj/simul_efun') /adm/simul_efun/message.c:63
arguments were (clone/user/user#10,"[1;33m
您输入文字发呆的时间超过[1;36m 五 [1;33m分钟了，还是先想好了再说吧。
[2;37;0m")
'receive_message' in '   feature/message.c' ('  clone/user/user#10') /feature/message.c:130
arguments were ("tell_object","[1;33m
您输入文字发呆的时间超过[1;36m 五 [1;33m分钟了，还是先想好了再说吧。
[2;37;0m")
locals were: clone/user/user#10,0,0,0,0,0,0,0,0,0,0,88,0,0,1
'    tell_object' in 'adm/obj/simul_efun.c' ('  adm/obj/simul_efun') /adm/simul_efun/message.c:63
arguments were (clone/user/user#10,"[1;33m
您输入文字发呆的时间超过[1;36m 五 [1;33m分钟了，还是先想好了再说吧。
[2;37;0m")
'receive_message' in '   feature/message.c' ('  clone/user/user#10') /feature/message.c:130
arguments were ("tell_object","[1;33m
您输入文字发呆的时间超过[1;36m 五 [1;33m分钟了，还是先想好了再说吧。
[2;37;0m")
locals were: clone/user/user#10,0,0,0,0,0,0,0,0,0,0,88,0,0,1
'    tell_object' in 'adm/obj/simul_efun.c' ('  adm/obj/simul_efun') /adm/simul_efun/message.c:63
arguments were (clone/user/user#10,"[1;33m
您输入文字发呆的时间超过[1;36m 五 [1;33m分钟了，还是先想好了再说吧。
[2;37;0m")
'receive_message' in '   feature/message.c' ('  clone/user/user#10') /feature/message.c:130
arguments were ("tell_object","[1;33m
您输入文字发呆的时间超过[1;36m 五 [1;33m分钟了，还是先想好了再说吧。
[2;37;0m")
locals were: clone/user/user#10,0,0,0,0,0,0,0,0,0,0,88,0,0,1
'    tell_object' in 'adm/obj/simul_efun.c' ('  adm/obj/simul_efun') /adm/simul_efun/message.c:63
arguments were (clone/user/user#10,"[1;33m
您输入文字发呆的时间超过[1;36m 五 [1;33m分钟了，还是先想好了再说吧。
[2;37;0m")
'receive_message' in '   feature/message.c' ('  clone/user/user#10') /feature/message.c:130
arguments were ("tell_object","[1;33m
您输入文字发呆的时间超过[1;36m 五 [1;33m分钟了，还是先想好了再说吧。
[2;37;0m")
locals were: clone/user/user#10,0,0,0,0,0,0,0,0,0,0,88,0,0,1
'    tell_object' in 'adm/obj/simul_efun.c' ('  adm/obj/simul_efun') /adm/simul_efun/message.c:63
arguments were (clone/user/user#10,"[1;33m
您输入文字发呆的时间超过[1;36m 五 [1;33m分钟了，还是先想好了再说吧。
[2;37;0m")
'receive_message' in '   feature/message.c' ('  clone/user/user#10') /feature/message.c:130
arguments were ("tell_object","[1;33m
您输入文字发呆的时间超过[1;36m 五 [1;33m分钟了，还是先想好了再说吧。
[2;37;0m")
locals were: clone/user/user#10,0,0,0,0,0,0,0,0,0,0,88,0,0,1
'    tell_object' in 'adm/obj/simul_efun.c' ('  adm/obj/simul_efun') /adm/simul_efun/message.c:63
arguments were (clone/user/user#10,"[1;33m
您输入文字发呆的时间超过[1;36m 五 [1;33m分钟了，还是先想好了再说吧。
[2;37;0m")
'receive_message' in '   feature/message.c' ('  clone/user/user#10') /feature/message.c:130
arguments were ("tell_object","[1;33m
您输入文字发呆的时间超过[1;36m 五 [1;33m分钟了，还是先想好了再说吧。
[2;37;0m")
locals were: clone/user/user#10,0,0,0,0,0,0,0,0,0,0,88,0,0,1
'    tell_object' in 'adm/obj/simul_efun.c' ('  adm/obj/simul_efun') /adm/simul_efun/message.c:63
arguments were (clone/user/user#10,"[1;33m
您输入文字发呆的时间超过[1;36m 五 [1;33m分钟了，还是先想好了再说吧。
[2;37;0m")
'receive_message' in '   feature/message.c' ('  clone/user/user#10') /feature/message.c:130
arguments were ("tell_object","[1;33m
您输入文字发呆的时间超过[1;36m 五 [1;33m分钟了，还是先想好了再说吧。
[2;37;0m")
locals were: clone/user/user#10,0,0,0,0,0,0,0,0,0,0,88,0,0,1
'    tell_object' in 'adm/obj/simul_efun.c' ('  adm/obj/simul_efun') /adm/simul_efun/message.c:63
arguments were (clone/user/user#10,"[1;33m
您输入文字发呆的时间超过[1;36m 五 [1;33m分钟了，还是先想好了再说吧。
[2;37;0m")
'receive_message' in '   feature/message.c' ('  clone/user/user#10') /feature/message.c:130
arguments were ("tell_object","[1;33m
您输入文字发呆的时间超过[1;36m 五 [1;33m分钟了，还是先想好了再说吧。
[2;37;0m")
locals were: clone/user/user#10,0,0,0,0,0,0,0,0,0,0,88,0,0,1
'    tell_object' in 'adm/obj/simul_efun.c' ('  adm/obj/simul_efun') /adm/simul_efun/message.c:63
arguments were (clone/user/user#10,"[1;33m
您输入文字发呆的时间超过[1;36m 五 [1;33m分钟了，还是先想好了再说吧。
[2;37;0m")
'receive_message' in '   feature/message.c' ('  clone/user/user#10') /feature/message.c:130
arguments were ("tell_object","[1;33m
您输入文字发呆的时间超过[1;36m 五 [1;33m分钟了，还是先想好了再说吧。
[2;37;0m")
locals were: clone/user/user#10,0,0,0,0,0,0,0,0,0,0,88,0,0,1
'    tell_object' in 'adm/obj/simul_efun.c' ('  adm/obj/simul_efun') /adm/simul_efun/message.c:63
arguments were (clone/user/user#10,"[1;33m
您输入文字发呆的时间超过[1;36m 五 [1;33m分钟了，还是先想好了再说吧。
[2;37;0m")
'receive_message' in '   feature/message.c' ('  clone/user/user#10') /feature/message.c:130
arguments were ("tell_object","[1;33m
您输入文字发呆的时间超过[1;36m 五 [1;33m分钟了，还是先想好了再说吧。
[2;37;0m")
locals were: clone/user/user#10,0,0,0,0,0,0,0,0,0,0,88,0,0,1
'    tell_object' in 'adm/obj/simul_efun.c' ('  adm/obj/simul_efun') /adm/simul_efun/message.c:63
arguments were (clone/user/user#10,"[1;33m
您输入文字发呆的时间超过[1;36m 五 [1;33m分钟了，还是先想好了再说吧。
[2;37;0m")
'receive_message' in '   feature/message.c' ('  clone/user/user#10') /feature/message.c:130
arguments were ("tell_object","[1;33m
您输入文字发呆的时间超过[1;36m 五 [1;33m分钟了，还是先想好了再说吧。
[2;37;0m")
locals were: clone/user/user#10,0,0,0,0,0,0,0,0,0,0,88,0,0,1
'    tell_object' in 'adm/obj/simul_efun.c' ('  adm/obj/simul_efun') /adm/simul_efun/message.c:63
arguments were (clone/user/user#10,"[1;33m
您输入文字发呆的时间超过[1;36m 五 [1;33m分钟了，还是先想好了再说吧。
[2;37;0m")
'receive_message' in '   feature/message.c' ('  clone/user/user#10') /feature/message.c:130
arguments were ("tell_object","[1;33m
您输入文字发呆的时间超过[1;36m 五 [1;33m分钟了，还是先想好了再说吧。
[2;37;0m")
locals were: clone/user/user#10,0,0,0,0,0,0,0,0,0,0,88,0,0,1
'    tell_object' in 'adm/obj/simul_efun.c' ('  adm/obj/simul_efun') /adm/simul_efun/message.c:63
arguments were (clone/user/user#10,"[1;33m
您输入文字发呆的时间超过[1;36m 五 [1;33m分钟了，还是先想好了再说吧。
[2;37;0m")
'receive_message' in '   feature/message.c' ('  clone/user/user#10') /feature/message.c:130
arguments were ("tell_object","[1;33m
您输入文字发呆的时间超过[1;36m 五 [1;33m分钟了，还是先想好了再说吧。
[2;37;0m")
locals were: clone/user/user#10,0,0,0,0,0,0,0,0,0,0,88,0,0,1
'    tell_object' in 'adm/obj/simul_efun.c' ('  adm/obj/simul_efun') /adm/simul_efun/message.c:63
arguments were (clone/user/user#10,"[1;33m
您输入文字发呆的时间超过[1;36m 五 [1;33m分钟了，还是先想好了再说吧。
[2;37;0m")
'receive_message' in '   feature/message.c' ('  clone/user/user#10') /feature/message.c:130
arguments were ("tell_object","[1;33m
您输入文字发呆的时间超过[1;36m 五 [1;33m分钟了，还是先想好了再说吧。
[2;37;0m")
locals were: clone/user/user#10,0,0,0,0,0,0,0,0,0,0,88,0,0,1
'    tell_object' in 'adm/obj/simul_efun.c' ('  adm/obj/simul_efun') /adm/simul_efun/message.c:63
arguments were (clone/user/user#10,"[1;33m
您输入文字发呆的时间超过[1;36m 五 [1;33m分钟了，还是先想好了再说吧。
[2;37;0m")
'receive_message' in '   feature/message.c' ('  clone/user/user#10') /feature/message.c:130
arguments were ("tell_object","[1;33m
您输入文字发呆的时间超过[1;36m 五 [1;33m分钟了，还是先想好了再说吧。
[2;37;0m")
locals were: clone/user/user#10,0,0,0,0,0,0,0,0,0,0,88,0,0,1
'    tell_object' in 'adm/obj/simul_efun.c' ('  adm/obj/simul_efun') /adm/simul_efun/message.c:63
arguments were (clone/user/user#10,"[1;33m
您输入文字发呆的时间超过[1;36m 五 [1;33m分钟了，还是先想好了再说吧。
[2;37;0m")
'receive_message' in '   feature/message.c' ('  clone/user/user#10') /feature/message.c:130
arguments were ("tell_object","[1;33m
您输入文字发呆的时间超过[1;36m 五 [1;33m分钟了，还是先想好了再说吧。
[2;37;0m")
locals were: clone/user/user#10,0,0,0,0,0,0,0,0,0,0,88,0,0,1
'    tell_object' in 'adm/obj/simul_efun.c' ('  adm/obj/simul_efun') /adm/simul_efun/message.c:63
arguments were (clone/user/user#10,"[1;33m
您输入文字发呆的时间超过[1;36m 五 [1;33m分钟了，还是先想好了再说吧。
[2;37;0m")
'receive_message' in '   feature/message.c' ('  clone/user/user#10') /feature/message.c:130
arguments were ("tell_object","[1;33m
您输入文字发呆的时间超过[1;36m 五 [1;33m分钟了，还是先想好了再说吧。
[2;37;0m")
locals were: clone/user/user#10,0,0,0,0,0,0,0,0,0,0,88,0,0,1
'    tell_object' in 'adm/obj/simul_efun.c' ('  adm/obj/simul_efun') /adm/simul_efun/message.c:63
arguments were (clone/user/user#10,"[1;33m
您输入文字发呆的时间超过[1;36m 五 [1;33m分钟了，还是先想好了再说吧。
[2;37;0m")
'receive_message' in '   feature/message.c' ('  clone/user/user#10') /feature/message.c:121
arguments were ("tell_object","[1;33m
您输入文字发呆的时间超过[1;36m 五 [1;33m分钟了，还是先想好了再说吧。
[2;37;0m")
locals were: clone/user/user#10,0,0,0,0,0,0,0,0,0,0,88,0,0,1
Heart beat in clone/user/user#10 turned off.
Initializing internal tables....

<---炎龙封印: MudOs v22pre12 (by wenwu,Nov 12 2006) startup on Microsoft Windows NT at Tue May 10 16:06:06 2011

using config file: D:\ylfy\configs.cfg
Can't find "mudos", ignoring old binaries.
Try invoking the driver using the full pathname.

连接到地址服务器：localhost (3000)
]simul_efun 成功加载.

加载系统进程中...
初始化完成。

允许连接端口：4000
允许连接端口：6000

执行时段错误：*Error in loading object '/cmds/usr/its'

程式：feature/command.c 第 41 行
物件：/clone/user/user#10
呼叫来自：feature/command.c 的 command_hook() 第 41 行，物件： clone/user/user#10 ("测试")

执行时段错误：*Error in loading object '/cmds/usr/its'

程式：feature/command.c 第 41 行
物件：/clone/user/user#10
呼叫来自：feature/command.c 的 command_hook() 第 41 行，物件： clone/user/user#10 ("测试")

执行时段错误：*Error in loading object '/cmds/usr/its'

程式：feature/command.c 第 41 行
物件：/clone/user/user#10
呼叫来自：feature/command.c 的 command_hook() 第 41 行，物件： clone/user/user#10 ("测试")
错误讯息被拦截：
执行时段错误：*Error in loading object '/cmds/usr/its'

程式：cmds/app/update.c 第 98 行
物件：/cmds/app/update
呼叫来自：feature/command.c 的 command_hook() 第 41 行，物件： clone/user/user#28 ("梦")
呼叫来自：cmds/app/update.c 的 main() 第 98 行，物件： cmds/app/update
呼叫来自：cmds/app/update.c 的 CATCH() 第 98 行，物件： cmds/app/update
错误讯息被拦截：
执行时段错误：*Error in loading object '/cmds/usr/its'

程式：cmds/app/update.c 第 98 行
物件：/cmds/app/update
呼叫来自：feature/command.c 的 command_hook() 第 41 行，物件： clone/user/user#28 ("梦")
呼叫来自：cmds/app/update.c 的 main() 第 98 行，物件： cmds/app/update
呼叫来自：cmds/app/update.c 的 CATCH() 第 98 行，物件： cmds/app/update
错误讯息被拦截：
执行时段错误：*Error in loading object '/cmds/usr/its'

程式：cmds/app/update.c 第 98 行
物件：/cmds/app/update
呼叫来自：feature/command.c 的 command_hook() 第 41 行，物件： clone/user/user#28 ("梦")
呼叫来自：cmds/app/update.c 的 main() 第 98 行，物件： cmds/app/update
呼叫来自：cmds/app/update.c 的 CATCH() 第 98 行，物件： cmds/app/update
错误讯息被拦截：
执行时段错误：*Error in loading object '/cmds/usr/its'

程式：cmds/app/update.c 第 98 行
物件：/cmds/app/update
呼叫来自：feature/command.c 的 command_hook() 第 41 行，物件： clone/user/user#28 ("梦")
呼叫来自：cmds/app/update.c 的 main() 第 98 行，物件： cmds/app/update
呼叫来自：cmds/app/update.c 的 CATCH() 第 98 行，物件： cmds/app/update
错误讯息被拦截：
执行时段错误：*Error in loading object '/cmds/usr/its'

程式：cmds/app/update.c 第 98 行
物件：/cmds/app/update
呼叫来自：feature/command.c 的 command_hook() 第 41 行，物件： clone/user/user#28 ("梦")
呼叫来自：cmds/app/update.c 的 main() 第 98 行，物件： cmds/app/update
呼叫来自：cmds/app/update.c 的 CATCH() 第 98 行，物件： cmds/app/update
错误讯息被拦截：
执行时段错误：*Error in loading object '/cmds/usr/its'

程式：cmds/app/update.c 第 98 行
物件：/cmds/app/update
呼叫来自：feature/command.c 的 command_hook() 第 41 行，物件： clone/user/user#28 ("梦")
呼叫来自：cmds/app/update.c 的 main() 第 98 行，物件： cmds/app/update
呼叫来自：cmds/app/update.c 的 CATCH() 第 98 行，物件： cmds/app/update
错误讯息被拦截：
执行时段错误：*Error in loading object '/cmds/usr/its'

程式：cmds/app/update.c 第 98 行
物件：/cmds/app/update
呼叫来自：feature/command.c 的 command_hook() 第 41 行，物件： clone/user/user#28 ("梦")
呼叫来自：cmds/app/update.c 的 main() 第 98 行，物件： cmds/app/update
呼叫来自：cmds/app/update.c 的 CATCH() 第 98 行，物件： cmds/app/update
错误讯息被拦截：
执行时段错误：*Error in loading object '/cmds/usr/its'

程式：cmds/app/update.c 第 98 行
物件：/cmds/app/update
呼叫来自：feature/command.c 的 command_hook() 第 41 行，物件： clone/user/user#28 ("梦")
呼叫来自：cmds/app/update.c 的 main() 第 98 行，物件： cmds/app/update
呼叫来自：cmds/app/update.c 的 CATCH() 第 98 行，物件： cmds/app/update
错误讯息被拦截：
执行时段错误：*Error in loading object '/cmds/usr/its'

程式：cmds/app/update.c 第 98 行
物件：/cmds/app/update
呼叫来自：feature/command.c 的 command_hook() 第 41 行，物件： clone/user/user#28 ("梦")
呼叫来自：cmds/app/update.c 的 main() 第 98 行，物件： cmds/app/update
呼叫来自：cmds/app/update.c 的 CATCH() 第 98 行，物件： cmds/app/update
Initializing internal tables....

<---炎龙封印: MudOs v22pre12 (by wenwu,Nov 12 2006) startup on Microsoft Windows NT at Tue May 10 16:25:56 2011

using config file: D:\ylfy\configs.cfg
Can't find "mudos", ignoring old binaries.
Try invoking the driver using the full pathname.

连接到地址服务器：localhost (3000)
]simul_efun 成功加载.

加载系统进程中...
初始化完成。

允许连接端口：4000
允许连接端口：6000
Initializing internal tables....

<---炎龙封印: MudOs v22pre12 (by wenwu,Nov 12 2006) startup on Microsoft Windows NT at Tue May 10 16:27:42 2011

using config file: D:\ylfy\configs.cfg
Can't find "mudos", ignoring old binaries.
Try invoking the driver using the full pathname.

连接到地址服务器：localhost (3000)
]simul_efun 成功加载.

加载系统进程中...
初始化完成。

允许连接端口：4000
允许连接端口：6000
Initializing internal tables....

<---炎龙封印: MudOs v22pre12 (by wenwu,Nov 12 2006) startup on Microsoft Windows NT at Tue May 10 16:30:58 2011

using config file: D:\ylfy\configs.cfg
Can't find "mudos", ignoring old binaries.
Try invoking the driver using the full pathname.

连接到地址服务器：localhost (3000)
]simul_efun 成功加载.

加载系统进程中...
初始化完成。

允许连接端口：4000
允许连接端口：6000
Initializing internal tables....

<---炎龙封印: MudOs v22pre12 (by wenwu,Nov 12 2006) startup on Microsoft Windows NT at Tue May 10 16:31:37 2011

using config file: D:\ylfy\configs.cfg
Can't find "mudos", ignoring old binaries.
Try invoking the driver using the full pathname.

连接到地址服务器：localhost (3000)
]simul_efun 成功加载.

加载系统进程中...
初始化完成。

允许连接端口：4000
允许连接端口：6000
Initializing internal tables....
