2003.06.15 10:33 B F:\user\k\kaede.o <-- www.vmud.com /lonely/mudlib/data/user/k kaede.o
2003.06.15 10:33 B F:\user\k\kagari.o <-- www.vmud.com /lonely/mudlib/data/user/k kagari.o
2003.06.15 10:33 B F:\user\k\kagome.o <-- www.vmud.com /lonely/mudlib/data/user/k kagome.o
2003.06.15 10:33 B F:\user\k\kagura.o <-- www.vmud.com /lonely/mudlib/data/user/k kagura.o
2003.06.15 10:33 B F:\user\k\kaituo.o <-- www.vmud.com /lonely/mudlib/data/user/k kaituo.o
2003.06.15 10:33 B F:\user\k\kakashi.o <-- www.vmud.com /lonely/mudlib/data/user/k kakashi.o
2003.06.15 10:33 B F:\user\k\kanera.o <-- www.vmud.com /lonely/mudlib/data/user/k kanera.o
2003.06.15 10:33 B F:\user\k\kard.o <-- www.vmud.com /lonely/mudlib/data/user/k kard.o
2003.06.15 10:33 B F:\user\k\kardd.o <-- www.vmud.com /lonely/mudlib/data/user/k kardd.o
2003.06.15 10:33 B F:\user\k\kavvie.o <-- www.vmud.com /lonely/mudlib/data/user/k kavvie.o
2003.06.15 10:33 B F:\user\k\kcy.o <-- www.vmud.com /lonely/mudlib/data/user/k kcy.o
2003.06.15 10:33 B F:\user\k\kdj.o <-- www.vmud.com /lonely/mudlib/data/user/k kdj.o
2003.06.15 10:33 B F:\user\k\kelly.o <-- www.vmud.com /lonely/mudlib/data/user/k kelly.o
2003.06.15 10:33 B F:\user\k\ken.o <-- www.vmud.com /lonely/mudlib/data/user/k ken.o
2003.06.15 10:33 B F:\user\k\kenshin.o <-- www.vmud.com /lonely/mudlib/data/user/k kenshin.o
2003.06.15 10:33 B F:\user\k\kent.o <-- www.vmud.com /lonely/mudlib/data/user/k kent.o
2003.06.15 10:33 B F:\user\k\kick.o <-- www.vmud.com /lonely/mudlib/data/user/k kick.o
2003.06.15 10:33 B F:\user\k\kickyou.o <-- www.vmud.com /lonely/mudlib/data/user/k kickyou.o
2003.06.15 10:33 B F:\user\k\kike.o <-- www.vmud.com /lonely/mudlib/data/user/k kike.o
2003.06.15 10:33 B F:\user\k\kikyou.o <-- www.vmud.com /lonely/mudlib/data/user/k kikyou.o
2003.06.15 10:33 B F:\user\k\kill.o <-- www.vmud.com /lonely/mudlib/data/user/k kill.o
2003.06.15 10:33 B F:\user\k\king.o <-- www.vmud.com /lonely/mudlib/data/user/k king.o
2003.06.15 10:33 B F:\user\k\kingkill.o <-- www.vmud.com /lonely/mudlib/data/user/k kingkill.o
2003.06.15 10:33 B F:\user\k\kira.o <-- www.vmud.com /lonely/mudlib/data/user/k kira.o
2003.06.15 10:33 B F:\user\k\kissall.o <-- www.vmud.com /lonely/mudlib/data/user/k kissall.o
2003.06.15 10:33 B F:\user\k\kissbye.o <-- www.vmud.com /lonely/mudlib/data/user/k kissbye.o
2003.06.15 10:33 B F:\user\k\kissme.o <-- www.vmud.com /lonely/mudlib/data/user/k kissme.o
2003.06.15 10:33 B F:\user\k\kitt.o <-- www.vmud.com /lonely/mudlib/data/user/k kitt.o
2003.06.15 10:33 B F:\user\k\kitty.o <-- www.vmud.com /lonely/mudlib/data/user/k kitty.o
2003.06.15 10:33 B F:\user\k\kittypig.o <-- www.vmud.com /lonely/mudlib/data/user/k kittypig.o
2003.06.15 10:33 B F:\user\k\kjs.o <-- www.vmud.com /lonely/mudlib/data/user/k kjs.o
2003.06.15 10:33 B F:\user\k\kkard.o <-- www.vmud.com /lonely/mudlib/data/user/k kkard.o
2003.06.15 10:33 B F:\user\k\kkardd.o <-- www.vmud.com /lonely/mudlib/data/user/k kkardd.o
2003.06.15 10:33 B F:\user\k\kkk.o <-- www.vmud.com /lonely/mudlib/data/user/k kkk.o
2003.06.15 10:33 B F:\user\k\kkkard.o <-- www.vmud.com /lonely/mudlib/data/user/k kkkard.o
2003.06.15 10:33 B F:\user\k\kkrad.o <-- www.vmud.com /lonely/mudlib/data/user/k kkrad.o
2003.06.15 10:33 B F:\user\k\kkradd.o <-- www.vmud.com /lonely/mudlib/data/user/k kkradd.o
2003.06.15 10:33 B F:\user\k\koala.o <-- www.vmud.com /lonely/mudlib/data/user/k koala.o
2003.06.15 10:33 B F:\user\k\kof.o <-- www.vmud.com /lonely/mudlib/data/user/k kof.o
2003.06.15 10:33 B F:\user\k\koker.o <-- www.vmud.com /lonely/mudlib/data/user/k koker.o
2003.06.15 10:33 B F:\user\k\komii.o <-- www.vmud.com /lonely/mudlib/data/user/k komii.o
2003.06.15 10:33 B F:\user\k\kool.o <-- www.vmud.com /lonely/mudlib/data/user/k kool.o
2003.06.15 10:33 B F:\user\k\kou.o <-- www.vmud.com /lonely/mudlib/data/user/k kou.o
2003.06.15 10:33 B F:\user\k\kouzhong.o <-- www.vmud.com /lonely/mudlib/data/user/k kouzhong.o
2003.06.15 10:33 B F:\user\k\krad.o <-- www.vmud.com /lonely/mudlib/data/user/k krad.o
2003.06.15 10:33 B F:\user\k\kradd.o <-- www.vmud.com /lonely/mudlib/data/user/k kradd.o
2003.06.15 10:33 B F:\user\k\kstste.o <-- www.vmud.com /lonely/mudlib/data/user/k kstste.o
