
<---Mudos v22pre11 for WIN95/NT (by wwj,May 18 1998) Config: [1;37m书剑[0;37;0m startup at Thu Jul 06 12:16:31 2000

using config file: config.sj
----------------------------------------------------------------------------
[1;37m书剑[0;37;0m (MudOS v22pre11) starting up on Microsoft Windows 95 - Thu Jul 06 12:16:31 2000


Connected to address server on localhost port 3990
]simul_efun loaded successfully.

Loading preloaded files ...
Initializations complete.

Accepting connections on port 5555.
Initializing internal tables....

<---Mudos v22pre11 for WIN95/NT (by wwj,May 18 1998) Config: [1;37m书剑[0;37;0m startup at Thu Jul 06 12:16:43 2000

using config file: config.sj
----------------------------------------------------------------------------
[1;37m书剑[0;37;0m (MudOS v22pre11) starting up on Microsoft Windows 95 - Thu Jul 06 12:16:43 2000


Connected to address server on localhost port 3990
]simul_efun loaded successfully.

Loading preloaded files ...
Initializations complete.

Accepting connections on port 5555.
Initializing internal tables....

<---Mudos v22pre11 for WIN95/NT (by wwj,May 18 1998) Config: [1;37m书剑[0;37;0m startup at Thu Jul 06 12:22:13 2000

using config file: config.sj
----------------------------------------------------------------------------
[1;37m书剑[0;37;0m (MudOS v22pre11) starting up on Microsoft Windows 95 - Thu Jul 06 12:22:13 2000


Connected to address server on localhost port 3990
]simul_efun loaded successfully.

Loading preloaded files ...
Initializations complete.

Accepting connections on port 5555.
Initializing internal tables....

<---Mudos v22pre11 for WIN95/NT (by wwj,May 18 1998) Config: [1;37m书剑[0;37;0m startup at Thu Jul 06 12:22:33 2000

using config file: config.sj
----------------------------------------------------------------------------
[1;37m书剑[0;37;0m (MudOS v22pre11) starting up on Microsoft Windows 95 - Thu Jul 06 12:22:33 2000


Connected to address server on localhost port 3990
]simul_efun loaded successfully.

Loading preloaded files ...
Initializations complete.

Accepting connections on port 5555.
Initializing internal tables....

<---Mudos v22pre11 for WIN95/NT (by wwj,May 18 1998) Config: [1;37m书剑[0;37;0m startup at Thu Jul 06 12:27:19 2000

using config file: config.sj
----------------------------------------------------------------------------
[1;37m书剑[0;37;0m (MudOS v22pre11) starting up on Microsoft Windows 95 - Thu Jul 06 12:27:19 2000


Connected to address server on localhost port 3990
]simul_efun loaded successfully.

Loading preloaded files ...
Initializations complete.

Accepting connections on port 5555.
Initializing internal tables....
][1;31m【系统】连线精灵：[0;37;0m普通百姓 曹斌(Caobin)[1;31m 断线了。
[0;37;0m
<---Mudos v22pre11 for WIN95/NT (by wwj,May 18 1998) Config: [1;37m书剑[0;37;0m startup at Thu Jul 06 13:00:49 2000

using config file: config.sj
----------------------------------------------------------------------------
[1;37m书剑[0;37;0m (MudOS v22pre11) starting up on Microsoft Windows 95 - Thu Jul 06 13:00:49 2000


Connected to address server on localhost port 3990
]simul_efun loaded successfully.

Loading preloaded files ...
Initializations complete.

Accepting connections on port 5555.
Initializing internal tables....

<---Mudos v22pre11 for WIN95/NT (by wwj,May 18 1998) Config: [1;37m书剑[0;37;0m startup at Thu Jul 06 13:05:11 2000

using config file: config.sj
----------------------------------------------------------------------------
[1;37m书剑[0;37;0m (MudOS v22pre11) starting up on Microsoft Windows 95 - Thu Jul 06 13:05:11 2000


Connected to address server on localhost port 3990
]simul_efun loaded successfully.

Loading preloaded files ...
Initializations complete.

Accepting connections on port 5555.
Initializing internal tables....

<---Mudos v22pre11 for WIN95/NT (by wwj,May 18 1998) Config: [1;37m书剑[0;37;0m startup at Thu Jul 06 13:11:31 2000

using config file: config.sj
----------------------------------------------------------------------------
[1;37m书剑[0;37;0m (MudOS v22pre11) starting up on Microsoft Windows 95 - Thu Jul 06 13:11:31 2000


Connected to address server on localhost port 3990
]simul_efun loaded successfully.

Loading preloaded files ...
Initializations complete.

Accepting connections on port 5555.
Initializing internal tables....

<---Mudos v22pre11 for WIN95/NT (by wwj,May 18 1998) Config: [1;37m书剑[0;37;0m startup at Thu Jul 06 13:23:44 2000

using config file: config.sj
----------------------------------------------------------------------------
[1;37m书剑[0;37;0m (MudOS v22pre11) starting up on Microsoft Windows 95 - Thu Jul 06 13:23:44 2000


Connected to address server on localhost port 3990
]simul_efun loaded successfully.

Loading preloaded files ...
Initializations complete.

Accepting connections on port 5555.
错误
执行时段错误：*call_other() couldn't find object

程式：cmds/std/go.c 第 68 行
物件: cmds/std/go ("0(0)")
呼叫来自：feature/command.c 的 command_hook() 第 66 行，物件： clone/user/user#1 ("曹斌(caobin)")
呼叫来自：cmds/std/go.c 的 main() 第 68 行，物件： cmds/std/go ("0(0)")
错误
执行时段错误：*call_other() couldn't find object

程式：cmds/std/go.c 第 68 行
物件: cmds/std/go ("0(0)")
呼叫来自：feature/command.c 的 command_hook() 第 66 行，物件： clone/user/user#1 ("曹斌(caobin)")
呼叫来自：cmds/std/go.c 的 main() 第 68 行，物件： cmds/std/go ("0(0)")
错误讯息被拦截: 
执行时段错误：*Error in loading object '/u/live/npc/tianboguang3'

程式：cmds/app/update.c 第 56 行
物件: cmds/app/update ("0(0)")
呼叫来自：feature/command.c 的 command_hook() 第 66 行，物件： clone/user/user#1 ("曹斌(caobin)")
呼叫来自：cmds/app/update.c 的 main() 第 56 行，物件： cmds/app/update ("0(0)")
呼叫来自：cmds/app/update.c 的 CATCH() 第 56 行，物件： cmds/app/update ("0(0)")
Initializing internal tables....

<---Mudos v22pre11 for WIN95/NT (by wwj,May 18 1998) Config: [1;37m书剑[0;37;0m startup at Thu Jul 06 17:55:32 2000

using config file: config.sj
----------------------------------------------------------------------------
[1;37m书剑[0;37;0m (MudOS v22pre11) starting up on Microsoft Windows 95 - Thu Jul 06 17:55:33 2000


Connected to address server on localhost port 3990
]simul_efun loaded successfully.

Loading preloaded files ...
Initializations complete.

Accepting connections on port 5555.
Initializing internal tables....

<---Mudos v22pre11 for WIN95/NT (by wwj,May 18 1998) Config: [1;37m书剑[0;37;0m startup at Thu Jul 06 18:01:16 2000

using config file: config.sj
----------------------------------------------------------------------------
[1;37m书剑[0;37;0m (MudOS v22pre11) starting up on Microsoft Windows 95 - Thu Jul 06 18:01:16 2000


Connected to address server on localhost port 3990
]simul_efun loaded successfully.

Loading preloaded files ...
Initializations complete.

Accepting connections on port 5555.
Initializing internal tables....

<---Mudos v22pre11 for WIN95/NT (by wwj,May 18 1998) Config: [1;37m书剑[0;37;0m startup at Thu Jul 06 18:15:51 2000

using config file: config.sj
----------------------------------------------------------------------------
[1;37m书剑[0;37;0m (MudOS v22pre11) starting up on Microsoft Windows 95 - Thu Jul 06 18:15:51 2000


Connected to address server on localhost port 3990
]simul_efun loaded successfully.

Loading preloaded files ...
Initializations complete.

Accepting connections on port 5555.
Initializing internal tables....
][1;31m╰参硈絬弘艶[0;37;0m炊硄κ﹎ 变賧(Caobin)[1;31m 耞絬
[0;37;0m
<---Mudos v22pre11 for WIN95/NT (by wwj,May 18 1998) Config: [1;37m书剑[0;37;0m startup at Thu Jul 06 18:16:33 2000

using config file: config.sj
----------------------------------------------------------------------------
[1;37m书剑[0;37;0m (MudOS v22pre11) starting up on Microsoft Windows 95 - Thu Jul 06 18:16:33 2000


Connected to address server on localhost port 3990
]simul_efun loaded successfully.

Loading preloaded files ...
Initializations complete.

Accepting connections on port 5555.
Initializing internal tables....
][1;31m╰参硈絬弘艶[0;37;0m炊硄κ﹎ 变賧(Caobin)[1;31m 耞絬
[0;37;0m
<---Mudos v22pre11 for WIN95/NT (by wwj,May 18 1998) Config: [1;37m书剑[0;37;0m startup at Thu Jul 06 18:17:46 2000

using config file: config.sj
----------------------------------------------------------------------------
[1;37m书剑[0;37;0m (MudOS v22pre11) starting up on Microsoft Windows 95 - Thu Jul 06 18:17:46 2000


Connected to address server on localhost port 3990
]simul_efun loaded successfully.

Loading preloaded files ...
Initializations complete.

Accepting connections on port 5555.
Initializing internal tables....

<---Mudos v22pre11 for WIN95/NT (by wwj,May 18 1998) Config: [1;37m书剑[0;37;0m startup at Thu Jul 06 18:18:27 2000

using config file: config.sj
----------------------------------------------------------------------------
[1;37m书剑[0;37;0m (MudOS v22pre11) starting up on Microsoft Windows 95 - Thu Jul 06 18:18:27 2000


Connected to address server on localhost port 3990
]simul_efun loaded successfully.

Loading preloaded files ...
Initializations complete.

Accepting connections on port 5555.
Initializing internal tables....

<---Mudos v22pre11 for WIN95/NT (by wwj,May 18 1998) Config: [1;37m书剑[0;37;0m startup at Thu Jul 06 18:31:27 2000

using config file: config.sj
----------------------------------------------------------------------------
[1;37m书剑[0;37;0m (MudOS v22pre11) starting up on Microsoft Windows 95 - Thu Jul 06 18:31:28 2000


Connected to address server on localhost port 3990
]simul_efun loaded successfully.

Loading preloaded files ...
Initializations complete.

Accepting connections on port 5555.
Initializing internal tables....

<---Mudos v22pre11 for WIN95/NT (by wwj,May 18 1998) Config: [1;37m书剑[0;37;0m startup at Sun Jul 09 11:16:02 2000

using config file: config.sj
----------------------------------------------------------------------------
[1;37m书剑[0;37;0m (MudOS v22pre11) starting up on Microsoft Windows 95 - Sun Jul 09 11:16:02 2000


Connected to address server on localhost port 3990
]simul_efun loaded successfully.

Loading preloaded files ...
Initializations complete.

Accepting connections on port 5555.
Initializing internal tables....
][1;31m【系统】连线精灵：[0;37;0m普通百姓 曹斌(Caobin)[1;31m 断线了。
[0;37;0m
<---Mudos v22pre11 for WIN95/NT (by wwj,May 18 1998) Config: [1;37m书剑[0;37;0m startup at Sun Jul 09 14:36:26 2000

using config file: config.sj
----------------------------------------------------------------------------
[1;37m书剑[0;37;0m (MudOS v22pre11) starting up on Microsoft Windows 95 - Sun Jul 09 14:36:26 2000


Connected to address server on localhost port 3990
]simul_efun loaded successfully.

Loading preloaded files ...
Initializations complete.

Accepting connections on port 5555.
Initializing internal tables....

<---Mudos v22pre11 for WIN95/NT (by wwj,May 18 1998) Config: [1;37m书剑[0;37;0m startup at Sun Jul 09 17:58:07 2000

using config file: config.sj
----------------------------------------------------------------------------
[1;37m书剑[0;37;0m (MudOS v22pre11) starting up on Microsoft Windows 95 - Sun Jul 09 17:58:07 2000


Connected to address server on localhost port 3990
]simul_efun loaded successfully.

Loading preloaded files ...
Initializations complete.

Accepting connections on port 5555.
Initializing internal tables....
][1;31m【系统】连线精灵：[0;37;0m普通百姓 曹斌(Caobin)[1;31m 断线了。
[0;37;0m
<---Mudos v22pre11 for WIN95/NT (by wwj,May 18 1998) Config: [1;37m书剑[0;37;0m startup at Mon Jul 10 12:05:56 2000

using config file: config.sj
----------------------------------------------------------------------------
[1;37m书剑[0;37;0m (MudOS v22pre11) starting up on Microsoft Windows 95 - Mon Jul 10 12:05:56 2000


Connected to address server on localhost port 3990
]simul_efun loaded successfully.

Loading preloaded files ...
Initializations complete.

Accepting connections on port 5555.
Initializing internal tables....

<---Mudos v22pre11 for WIN95/NT (by wwj,May 18 1998) Config: [1;37m书剑[0;37;0m startup at Mon Jul 10 16:28:05 2000

using config file: config.sj
----------------------------------------------------------------------------
[1;37m书剑[0;37;0m (MudOS v22pre11) starting up on Microsoft Windows 95 - Mon Jul 10 16:28:06 2000


Connected to address server on localhost port 3990
]simul_efun loaded successfully.

Loading preloaded files ...
Initializations complete.

Accepting connections on port 5555.
Initializing internal tables....

<---Mudos v22pre11 for WIN95/NT (by wwj,May 18 1998) Config: [1;37m书剑[0;37;0m startup at Tue Jul 11 12:27:43 2000

using config file: config.sj
----------------------------------------------------------------------------
[1;37m书剑[0;37;0m (MudOS v22pre11) starting up on Microsoft Windows 95 - Tue Jul 11 12:27:43 2000


Connected to address server on localhost port 3990
]simul_efun loaded successfully.

Loading preloaded files ...
Initializations complete.

Accepting connections on port 5555.
Initializing internal tables....

<---Mudos v22pre11 for WIN95/NT (by wwj,May 18 1998) Config: [1;37m书剑[0;37;0m startup at Wed Jul 12 16:25:38 2000

using config file: config.sj
----------------------------------------------------------------------------
[1;37m书剑[0;37;0m (MudOS v22pre11) starting up on Microsoft Windows 95 - Wed Jul 12 16:25:38 2000


Connected to address server on localhost port 3990
]simul_efun loaded successfully.

Loading preloaded files ...
Initializations complete.

Accepting connections on port 5555.
Initializing internal tables....

<---Mudos v22pre11 for WIN95/NT (by wwj,May 18 1998) Config: [1;37m书剑[0;37;0m startup at Thu Jul 13 15:00:06 2000


<---Mudos v22pre11 for WIN95/NT (by wwj,May 18 1998) Config: [1;37m书剑[0;37;0m startup at Thu Jul 13 15:24:15 2000

using config file: config.sj
----------------------------------------------------------------------------
[1;37m书剑[0;37;0m (MudOS v22pre11) starting up on Microsoft Windows 95 - Thu Jul 13 15:24:15 2000


Connected to address server on localhost port 3990
]simul_efun loaded successfully.

Loading preloaded files ...
Initializations complete.

Accepting connections on port 5555.
System Error: socket_write: send:unknow error 10057
Initializing internal tables....

<---Mudos v22pre11 for WIN95/NT (by wwj,May 18 1998) Config: [1;37m书剑[0;37;0m startup at Thu Jul 13 15:24:56 2000

using config file: config.sj
----------------------------------------------------------------------------
[1;37m书剑[0;37;0m (MudOS v22pre11) starting up on Microsoft Windows 95 - Thu Jul 13 15:24:56 2000


Connected to address server on localhost port 3990
]simul_efun loaded successfully.

Loading preloaded files ...
Initializations complete.

Accepting connections on port 5555.
Initializing internal tables....

<---Mudos v22pre11 for WIN95/NT (by wwj,May 18 1998) Config: [1;37m书剑[0;37;0m startup at Thu Jul 13 15:25:55 2000

using config file: config.sj
----------------------------------------------------------------------------
[1;37m书剑[0;37;0m (MudOS v22pre11) starting up on Microsoft Windows 95 - Thu Jul 13 15:25:55 2000


Connected to address server on localhost port 3990
]simul_efun loaded successfully.

Loading preloaded files ...
Initializations complete.

Accepting connections on port 5555.
Initializing internal tables....

<---Mudos v22pre11 for WIN95/NT (by wwj,May 18 1998) Config: 侠客英雄传 startup at Sun Feb 04 08:27:09 2001

using config file: config.cfg
----------------------------------------------------------------------------
侠客英雄传 (MudOS v22pre11) starting up on Microsoft Windows 95 - Sun Feb 04 08:27:09 2001


Can't find "mudos", ignoring old binaries.
Try invoking the driver using the full pathname.
Connected to address server on localhost port 3990
]simul_efun loaded successfully.

Loading preloaded files ...
错误讯息被拦截: 
执行时段错误：*Error in loading object '/adm/daemons/network/services/mudlist_a'

程式：adm/daemons/network/dns_master.c 第 814 行
物件: /adm/daemons/network/dns_master
呼叫来自：adm/obj/master.c 的 preload() 第 104 行，物件： adm/obj/master
呼叫来自：adm/obj/master.c 的 CATCH() 第 104 行，物件： adm/obj/master
呼叫来自：adm/daemons/network/dns_master.c 的 create() 第 814 行，物件： adm/daemons/network/dns_master
Initializations complete.

Accepting connections on port 5555.
Initializing internal tables....

<---Mudos v22pre11 for WIN95/NT (by wwj,May 18 1998) Config: 侠客英雄传 startup at Sun Feb 04 08:28:53 2001

using config file: config.cfg
----------------------------------------------------------------------------
侠客英雄传 (MudOS v22pre11) starting up on Microsoft Windows 95 - Sun Feb 04 08:28:53 2001


Can't find "mudos", ignoring old binaries.
Try invoking the driver using the full pathname.
Connected to address server on localhost port 3990
]simul_efun loaded successfully.

Loading preloaded files ...
错误讯息被拦截: 
执行时段错误：*Error in loading object '/adm/daemons/network/services/mudlist_a'

程式：adm/daemons/network/dns_master.c 第 814 行
物件: /adm/daemons/network/dns_master
呼叫来自：adm/obj/master.c 的 preload() 第 104 行，物件： adm/obj/master
呼叫来自：adm/obj/master.c 的 CATCH() 第 104 行，物件： adm/obj/master
呼叫来自：adm/daemons/network/dns_master.c 的 create() 第 814 行，物件： adm/daemons/network/dns_master
Initializations complete.

Accepting connections on port 8888.
3

执行时段错误：*restore_object(): Illegal file format.

程式：feature/save.c 第 22 行
物件: /obj/npc/meng-zhu
呼叫来自：feature/command.c 的 command_hook() 第 62 行，物件： obj/user#1 ("缑十三")
呼叫来自：cmds/std/go.c 的 main() 第 113 行，物件： cmds/std/go
呼叫来自：d/center/guangchang.c 的 create() 第 57 行，物件： d/center/guangchang
呼叫来自：std/room.c 的 setup() 第 214 行，物件： d/center/guangchang
呼叫来自：std/room.c 的 reset() 第 65 行，物件： d/center/guangchang
呼叫来自：std/room.c 的 make_inventory() 第 19 行，物件： d/center/guangchang
呼叫来自：obj/npc/meng-zhu.c 的 create() 第 31 行，物件： obj/npc/meng-zhu ("/obj/npc/meng-zhu")
呼叫来自：feature/save.c 的 restore() 第 22 行，物件： obj/npc/meng-zhu ("/obj/npc/meng-zhu")
Initializing internal tables....

<---Mudos v22pre11 for WIN95/NT (by wwj,May 18 1998) Config: 侠客英雄传 startup at Sun Feb 04 08:31:02 2001

using config file: config.cfg
----------------------------------------------------------------------------
侠客英雄传 (MudOS v22pre11) starting up on Microsoft Windows 95 - Sun Feb 04 08:31:02 2001


Can't find "mudos", ignoring old binaries.
Try invoking the driver using the full pathname.
Connected to address server on localhost port 3990
]simul_efun loaded successfully.

Loading preloaded files ...
错误讯息被拦截: 
执行时段错误：*Error in loading object '/adm/daemons/network/services/mudlist_a'

程式：adm/daemons/network/dns_master.c 第 814 行
物件: /adm/daemons/network/dns_master
呼叫来自：adm/obj/master.c 的 preload() 第 104 行，物件： adm/obj/master
呼叫来自：adm/obj/master.c 的 CATCH() 第 104 行，物件： adm/obj/master
呼叫来自：adm/daemons/network/dns_master.c 的 create() 第 814 行，物件： adm/daemons/network/dns_master
Initializations complete.

Accepting connections on port 8888.
3
Initializing internal tables....
