99.03.14 13:09 B f:\mirror1\d\emei\bailongdong.c --> www1.yn.cninfo.net /mudcctx/mudlib/d/emei bailongdong.c
99.03.14 13:09 B f:\mirror1\d\emei\bamboo1.c --> www1.yn.cninfo.net /mudcctx/mudlib/d/emei bamboo1.c
99.03.14 13:09 B f:\mirror1\d\emei\baoguosi.c --> www1.yn.cninfo.net /mudcctx/mudlib/d/emei baoguosi.c
99.03.14 13:09 B f:\mirror1\d\emei\basipan1.c --> www1.yn.cninfo.net /mudcctx/mudlib/d/emei basipan1.c
99.03.14 13:09 B f:\mirror1\d\emei\basipan2.c --> www1.yn.cninfo.net /mudcctx/mudlib/d/emei basipan2.c
99.03.14 13:09 B f:\mirror1\d\emei\basipan3.c --> www1.yn.cninfo.net /mudcctx/mudlib/d/emei basipan3.c
99.03.14 13:09 B f:\mirror1\d\emei\chunyangd.c --> www1.yn.cninfo.net /mudcctx/mudlib/d/emei chunyangd.c
99.03.14 13:09 B f:\mirror1\d\emei\duguangtai.c --> www1.yn.cninfo.net /mudcctx/mudlib/d/emei duguangtai.c
99.03.14 13:09 B f:\mirror1\d\emei\eshanmen.c --> www1.yn.cninfo.net /mudcctx/mudlib/d/emei eshanmen.c
99.03.14 13:09 B f:\mirror1\d\emei\fuhusi.c --> www1.yn.cninfo.net /mudcctx/mudlib/d/emei fuhusi.c
99.03.14 13:09 B f:\mirror1\d\emei\fushouan.c --> www1.yn.cninfo.net /mudcctx/mudlib/d/emei fushouan.c
99.03.14 13:09 B f:\mirror1\d\emei\guanyintang.c --> www1.yn.cninfo.net /mudcctx/mudlib/d/emei guanyintang.c
99.03.14 13:09 B f:\mirror1\d\emei\gudelin.c --> www1.yn.cninfo.net /mudcctx/mudlib/d/emei gudelin.c
99.03.14 13:09 B f:\mirror1\d\emei\guiyunge.c --> www1.yn.cninfo.net /mudcctx/mudlib/d/emei guiyunge.c
99.03.14 13:09 B f:\mirror1\d\emei\heilngdao.c --> www1.yn.cninfo.net /mudcctx/mudlib/d/emei heilngdao.c
99.03.14 13:09 B f:\mirror1\d\emei\heilongdao.c --> www1.yn.cninfo.net /mudcctx/mudlib/d/emei heilongdao.c
99.03.14 13:09 B f:\mirror1\d\emei\huayanding.c --> www1.yn.cninfo.net /mudcctx/mudlib/d/emei huayanding.c
99.03.14 13:09 B f:\mirror1\d\emei\huazangan.c --> www1.yn.cninfo.net /mudcctx/mudlib/d/emei huazangan.c
99.03.14 13:09 B f:\mirror1\d\emei\jidaoguai1.c --> www1.yn.cninfo.net /mudcctx/mudlib/d/emei jidaoguai1.c
99.03.14 13:09 B f:\mirror1\d\emei\jidaoguai2.c --> www1.yn.cninfo.net /mudcctx/mudlib/d/emei jidaoguai2.c
99.03.14 13:09 B f:\mirror1\d\emei\jidaoguai3.c --> www1.yn.cninfo.net /mudcctx/mudlib/d/emei jidaoguai3.c
99.03.14 13:09 B f:\mirror1\d\emei\jidaoguai4.c --> www1.yn.cninfo.net /mudcctx/mudlib/d/emei jidaoguai4.c
99.03.14 13:09 B f:\mirror1\d\emei\jietuopo.c --> www1.yn.cninfo.net /mudcctx/mudlib/d/emei jietuopo.c
99.03.14 13:09 B f:\mirror1\d\emei\jieyindian.c --> www1.yn.cninfo.net /mudcctx/mudlib/d/emei jieyindian.c
99.03.14 13:09 B f:\mirror1\d\emei\jinding.c --> www1.yn.cninfo.net /mudcctx/mudlib/d/emei jinding.c
99.03.14 13:09 B f:\mirror1\d\emei\jiulaodong.c --> www1.yn.cninfo.net /mudcctx/mudlib/d/emei jiulaodong.c
99.03.14 13:09 B f:\mirror1\d\emei\leidongping.c --> www1.yn.cninfo.net /mudcctx/mudlib/d/emei leidongping.c
99.03.14 13:09 B f:\mirror1\d\emei\lengshanlin.c --> www1.yn.cninfo.net /mudcctx/mudlib/d/emei lengshanlin.c
99.03.14 13:09 B f:\mirror1\d\emei\lianhuashi.c --> www1.yn.cninfo.net /mudcctx/mudlib/d/emei lianhuashi.c
99.03.14 13:09 B f:\mirror1\d\emei\lingwenge.c --> www1.yn.cninfo.net /mudcctx/mudlib/d/emei lingwenge.c
99.03.14 13:09 B f:\mirror1\d\emei\lingyunti.c --> www1.yn.cninfo.net /mudcctx/mudlib/d/emei lingyunti.c
99.03.14 13:09 B f:\mirror1\d\emei\milin1.c --> www1.yn.cninfo.net /mudcctx/mudlib/d/emei milin1.c
99.03.14 13:09 B f:\mirror1\d\emei\milin2.c --> www1.yn.cninfo.net /mudcctx/mudlib/d/emei milin2.c
99.03.14 13:09 B f:\mirror1\d\emei\podao1.c --> www1.yn.cninfo.net /mudcctx/mudlib/d/emei podao1.c
99.03.14 13:09 B f:\mirror1\d\emei\podao2.c --> www1.yn.cninfo.net /mudcctx/mudlib/d/emei podao2.c
99.03.14 13:09 B f:\mirror1\d\emei\putao.c --> www1.yn.cninfo.net /mudcctx/mudlib/d/emei putao.c
99.03.14 13:09 B f:\mirror1\d\emei\qianfoan.c --> www1.yn.cninfo.net /mudcctx/mudlib/d/emei qianfoan.c
99.03.14 13:09 B f:\mirror1\d\emei\qingyinge.c --> www1.yn.cninfo.net /mudcctx/mudlib/d/emei qingyinge.c
99.03.14 13:09 B f:\mirror1\d\emei\shenshuige.c --> www1.yn.cninfo.net /mudcctx/mudlib/d/emei shenshuige.c
99.03.14 13:09 B f:\mirror1\d\emei\shierpan1.c --> www1.yn.cninfo.net /mudcctx/mudlib/d/emei shierpan1.c
99.03.14 13:09 B f:\mirror1\d\emei\shierpan2.c --> www1.yn.cninfo.net /mudcctx/mudlib/d/emei shierpan2.c
99.03.14 13:09 B f:\mirror1\d\emei\shierpan3.c --> www1.yn.cninfo.net /mudcctx/mudlib/d/emei shierpan3.c
99.03.14 13:09 B f:\mirror1\d\emei\shierpan4.c --> www1.yn.cninfo.net /mudcctx/mudlib/d/emei shierpan4.c
99.03.14 13:09 B f:\mirror1\d\emei\wannianan.c --> www1.yn.cninfo.net /mudcctx/mudlib/d/emei wannianan.c
99.03.14 13:09 B f:\mirror1\d\emei\wanxingan.c --> www1.yn.cninfo.net /mudcctx/mudlib/d/emei wanxingan.c
99.03.14 13:09 B f:\mirror1\d\emei\woyunan.c --> www1.yn.cninfo.net /mudcctx/mudlib/d/emei woyunan.c
99.03.14 13:09 B f:\mirror1\d\emei\xixiangchi.c --> www1.yn.cninfo.net /mudcctx/mudlib/d/emei xixiangchi.c
99.03.14 13:09 B f:\mirror1\d\emei\yunu.c --> www1.yn.cninfo.net /mudcctx/mudlib/d/emei yunu.c
99.03.14 13:10 B f:\mirror1\d\emei\yunvfeng.c --> www1.yn.cninfo.net /mudcctx/mudlib/d/emei yunvfeng.c
99.03.14 13:10 B f:\mirror1\d\emei\zfengsi.c --> www1.yn.cninfo.net /mudcctx/mudlib/d/emei zfengsi.c
