2003.06.15 10:26 B F:\login\z\zar.o <-- www.vmud.com /lonely/mudlib/data/login/z zar.o
2003.06.15 10:26 B F:\login\z\zary.o <-- www.vmud.com /lonely/mudlib/data/login/z zary.o
2003.06.15 10:26 B F:\login\z\zbd.o <-- www.vmud.com /lonely/mudlib/data/login/z zbd.o
2003.06.15 10:26 B F:\login\z\zcn.o <-- www.vmud.com /lonely/mudlib/data/login/z zcn.o
2003.06.15 10:26 B F:\login\z\zeini.o <-- www.vmud.com /lonely/mudlib/data/login/z zeini.o
2003.06.15 10:26 B F:\login\z\zeng.o <-- www.vmud.com /lonely/mudlib/data/login/z zeng.o
2003.06.15 10:26 B F:\login\z\zflm.o <-- www.vmud.com /lonely/mudlib/data/login/z zflm.o
2003.06.15 10:26 B F:\login\z\zhanzan.o <-- www.vmud.com /lonely/mudlib/data/login/z zhanzan.o
2003.06.15 10:26 B F:\login\z\zhaosr.o <-- www.vmud.com /lonely/mudlib/data/login/z zhaosr.o
2003.06.15 10:26 B F:\login\z\zhizhu.o <-- www.vmud.com /lonely/mudlib/data/login/z zhizhu.o
2003.06.15 10:26 B F:\login\z\zhu.o <-- www.vmud.com /lonely/mudlib/data/login/z zhu.o
2003.06.15 10:26 B F:\login\z\zhuguo.o <-- www.vmud.com /lonely/mudlib/data/login/z zhuguo.o
2003.06.15 10:26 B F:\login\z\zhuyun.o <-- www.vmud.com /lonely/mudlib/data/login/z zhuyun.o
2003.06.15 10:26 B F:\login\z\zigong.o <-- www.vmud.com /lonely/mudlib/data/login/z zigong.o
2003.06.15 10:26 B F:\login\z\zilei.o <-- www.vmud.com /lonely/mudlib/data/login/z zilei.o
2003.06.15 10:26 B F:\login\z\ziyu.o <-- www.vmud.com /lonely/mudlib/data/login/z ziyu.o
2003.06.15 10:26 B F:\login\z\zjb.o <-- www.vmud.com /lonely/mudlib/data/login/z zjb.o
2003.06.15 10:26 B F:\login\z\zjlmak.o <-- www.vmud.com /lonely/mudlib/data/login/z zjlmak.o
2003.06.15 10:26 B F:\login\z\zjpwxh.o <-- www.vmud.com /lonely/mudlib/data/login/z zjpwxh.o
2003.06.15 10:26 B F:\login\z\zjsix.o <-- www.vmud.com /lonely/mudlib/data/login/z zjsix.o
2003.06.15 10:26 B F:\login\z\zoe.o <-- www.vmud.com /lonely/mudlib/data/login/z zoe.o
2003.06.15 10:26 B F:\login\z\zombie.o <-- www.vmud.com /lonely/mudlib/data/login/z zombie.o
2003.06.15 10:26 B F:\login\z\zplsl.o <-- www.vmud.com /lonely/mudlib/data/login/z zplsl.o
2003.06.15 10:26 B F:\login\z\zqc.o <-- www.vmud.com /lonely/mudlib/data/login/z zqc.o
2003.06.15 10:26 B F:\login\z\zuizui.o <-- www.vmud.com /lonely/mudlib/data/login/z zuizui.o
2003.06.15 10:26 B F:\login\z\zur.o <-- www.vmud.com /lonely/mudlib/data/login/z zur.o
2003.06.15 10:26 B F:\login\z\zxcvbnm.o <-- www.vmud.com /lonely/mudlib/data/login/z zxcvbnm.o
2003.06.15 10:26 B F:\login\z\zyuxiao.o <-- www.vmud.com /lonely/mudlib/data/login/z zyuxiao.o
2003.06.15 10:26 B F:\login\z\zyx.o <-- www.vmud.com /lonely/mudlib/data/login/z zyx.o
2003.06.15 10:26 B F:\login\z\zyy.o <-- www.vmud.com /lonely/mudlib/data/login/z zyy.o
