1422762432 -1 -1
1422762432 21 21 21 21
1415263677 21 21 21 21
1415263500 21 21 21 21
1415263200 21 21 21 21
1415262900 57 57 1108 1108
1415262600 13 13 14 14
1415262300 14 14 14 14
1415262000 14 14 14 14
1415261700 14 14 14 14
1415261400 14 14 14 14
1415261100 18 18 33 33
1415260800 33 33 33 33
1415260500 29 29 33 33
1415260200 20 20 20 20
1415259900 20 20 20 20
1415259600 20 20 20 20
1415259300 20 20 20 20
1415259000 20 20 20 20
1415258700 15 15 20 20
1415258400 9 9 9 9
1415258100 47 47 48 48
1415257800 48 48 48 48
1415257500 48 48 48 48
1415257200 48 48 48 48
1415256900 48 48 48 48
1415256600 48 48 48 48
1415256300 48 48 48 48
1415256000 48 48 48 48
1415255700 48 48 48 48
1415255400 48 48 48 48
1415255100 48 48 48 48
1415254800 48 48 48 48
1415254500 48 48 48 48
1415254200 48 48 48 48
1415253900 48 48 48 48
1415253600 48 48 48 48
1415253300 48 48 48 48
1415253000 48 48 48 48
1415252700 48 48 48 48
1415252400 48 48 48 48
1415252100 48 48 48 48
1415251800 48 48 48 48
1415251500 48 48 48 48
1415251200 48 48 48 48
1415250900 48 48 48 48
1415250600 48 48 48 48
1415250300 48 48 48 48
1415250000 48 48 48 48
1415249700 48 48 48 48
1415249400 48 48 48 48
1415249100 48 48 48 48
1415248800 48 48 48 48
1415248500 48 48 48 48
1415248200 26 26 48 48
1415247900 23 23 23 23
1415247600 23 23 23 23
1415247300 23 23 23 23
1415247000 23 23 23 23
1415246700 23 23 23 23
1415246400 23 23 23 23
1415246100 23 23 23 23
1415245800 23 23 23 23
1415245500 23 23 23 23
1415245200 23 23 23 23
1415244900 23 23 23 23
1415244600 23 23 23 23
1415244300 23 23 23 23
1415244000 23 23 23 23
1415243700 23 23 23 23
1415243400 23 23 23 23
1415243100 23 23 23 23
1415242800 23 23 23 23
1415242500 23 23 23 23
1415242200 23 23 23 23
1415241900 23 23 23 23
1415241600 23 23 23 23
1415241300 23 23 23 23
1415241000 23 23 23 23
1415240700 23 23 23 23
1415240400 23 23 23 23
1415240100 23 23 23 23
1415239800 23 23 23 23
1415239500 23 23 23 23
1415239200 23 23 23 23
1415238900 23 23 23 23
1415238600 23 23 23 23
1415238300 23 23 23 23
1415238000 23 23 23 23
1415237700 23 23 23 23
1415237400 23 23 23 23
1415237100 23 23 23 23
1415236800 23 23 23 23
1415236500 23 23 23 23
1415236200 23 23 23 23
1415235900 23 23 23 23
1415235600 23 23 23 23
1415235300 23 23 23 23
1415235000 23 23 23 23
1415234700 23 23 23 23
1415234400 23 23 23 23
1415234100 23 23 23 23
1415233800 23 23 23 23
1415233500 23 23 23 23
1415233200 23 23 23 23
1415232900 23 23 23 23
1415232600 23 23 23 23
1415232300 23 23 23 23
1415232000 23 23 23 23
1415231700 23 23 23 23
1415231400 23 23 23 23
1415231100 23 23 23 23
1415230800 23 23 23 23
1415230500 23 23 23 23
1415230200 23 23 23 23
1415229900 23 23 23 23
1415229600 23 23 23 23
1415229300 23 23 23 23
1415229000 23 23 23 23
1415228700 23 23 23 23
1415228400 23 23 23 23
1415228100 23 23 23 23
1415227800 23 23 23 23
1415227500 23 23 23 23
1415227200 23 23 23 23
1415226900 23 23 23 23
1415226600 23 23 23 23
1415226300 23 23 23 23
1415226000 23 23 23 23
1415225700 23 23 23 23
1415225400 23 23 23 23
1415225100 23 23 23 23
1415224800 23 23 23 23
1415224500 23 23 23 23
1415224200 23 23 23 23
1415223900 23 23 23 23
1415223600 23 23 23 23
1415223300 23 23 23 23
1415223000 23 23 23 23
1415222700 23 23 23 23
1415222400 23 23 23 23
1415222100 23 23 23 23
1415221800 23 23 23 23
1415221500 23 23 23 23
1415221200 23 23 23 23
1415220900 23 23 23 23
1415220600 23 23 23 23
1415220300 23 23 23 23
1415220000 23 23 23 23
1415219700 23 23 23 23
1415219400 23 23 23 23
1415219100 23 23 23 23
1415218800 23 23 23 23
1415218500 23 23 23 23
1415218200 23 23 23 23
1415217900 23 23 23 23
1415217600 23 23 23 23
1415217300 23 23 23 23
1415217000 23 23 23 23
1415216700 23 23 23 23
1415216400 23 23 23 23
1415216100 23 23 23 23
1415215800 23 23 23 23
1415215500 23 23 23 23
1415215200 23 23 23 23
1415214900 23 23 23 23
1415214600 23 23 23 23
1415214300 23 23 23 23
1415214000 23 23 23 23
1415213700 23 23 23 23
1415213400 23 23 23 23
1415213100 23 23 23 23
1415212800 23 23 23 23
1415212500 23 23 23 23
1415212200 23 23 23 23
1415211900 23 23 23 23
1415211600 23 23 23 23
1415211300 23 23 23 23
1415211000 23 23 23 23
1415210700 23 23 23 23
1415210400 23 23 23 23
1415210100 23 23 23 23
1415209800 23 23 23 23
1415209500 23 23 23 23
1415209200 23 23 23 23
1415208900 23 23 23 23
1415208600 23 23 23 23
1415208300 23 23 23 23
1415208000 23 23 23 23
1415207700 23 23 23 23
1415207400 23 23 23 23
1415207100 23 23 23 23
1415206800 23 23 23 23
1415206500 23 23 23 23
1415206200 23 23 23 23
1415205900 23 23 23 23
1415205600 23 23 23 23
1415205300 23 23 23 23
1415205000 23 23 23 23
1415204700 23 23 23 23
1415204400 23 23 23 23
1415204100 23 23 23 23
1415203800 23 23 23 23
1415203500 23 23 23 23
1415203200 23 23 23 23
1415202900 23 23 23 23
1415202600 23 23 23 23
1415202300 23 23 23 23
1415202000 23 23 23 23
1415201700 23 23 23 23
1415201400 23 23 23 23
1415201100 23 23 23 23
1415200800 23 23 23 23
1415200500 23 23 23 23
1415200200 23 23 23 23
1415199900 23 23 23 23
1415199600 23 23 23 23
1415199300 23 23 23 23
1415199000 23 23 23 23
1415198700 23 23 23 23
1415198400 23 23 23 23
1415198100 23 23 23 23
1415197800 5 5 23 23
1415197500 24 24 586 586
1415197200 13 13 13 13
1415196900 13 13 13 13
1415196600 21 21 29 29
1415196300 29 29 29 29
1415196000 29 29 29 29
1415195700 19 19 29 29
1415195400 18 18 18 18
1415195100 18 18 18 18
1415194800 18 18 18 18
1415194500 18 18 18 18
1415194200 18 18 18 18
1415193900 15 15 18 18
1415193600 13 13 13 13
1415193300 13 13 86 86
1415193000 11 11 12 12
1415192700 12 12 12 12
1415192400 12 12 12 12
1415192100 12 12 12 12
1415191800 12 12 12 12
1415191500 12 12 12 12
1415191200 12 12 12 12
1415190900 12 12 12 12
1415190600 12 12 12 12
1415190300 12 12 12 12
1415190000 12 12 12 12
1415189700 12 12 12 12
1415189400 12 12 12 12
1415189100 12 12 12 12
1415188800 12 12 12 12
1415188500 12 12 12 12
1415188200 12 12 12 12
1415187900 12 12 12 12
1415187600 12 12 12 12
1415187300 12 12 12 12
1415187000 12 12 12 12
1415186700 12 12 12 12
1415186400 12 12 12 12
1415186100 12 12 12 12
1415185800 12 12 12 12
1415185500 12 12 12 12
1415185200 12 12 12 12
1415184900 12 12 12 12
1415184600 12 12 12 12
1415184300 12 12 12 12
1415184000 12 12 12 12
1415183700 12 12 12 12
1415183400 12 12 12 12
1415183100 12 12 12 12
1415182800 12 12 12 12
1415182500 12 12 12 12
1415182200 12 12 12 12
1415181900 12 12 12 12
1415181600 12 12 12 12
1415181300 12 12 12 12
1415181000 12 12 12 12
1415180700 12 12 12 12
1415180400 12 12 12 12
1415180100 12 12 12 12
1415179800 12 12 12 12
1415179500 12 12 12 12
1415179200 12 12 12 12
1415178900 12 12 12 12
1415178600 12 12 12 12
1415178300 12 12 12 12
1415178000 12 12 12 12
1415177700 12 12 12 12
1415177400 12 12 12 12
1415177100 12 12 12 12
1415176800 12 12 12 12
1415176500 12 12 12 12
1415176200 12 12 12 12
1415175900 12 12 12 12
1415175600 12 12 12 12
1415175300 12 12 12 12
1415175000 12 12 12 12
1415174700 12 12 12 12
1415174400 12 12 12 12
1415174100 12 12 12 12
1415173800 12 12 12 12
1415173500 12 12 12 12
1415173200 12 12 12 12
1415172900 12 12 12 12
1415172600 12 12 12 12
1415172300 12 12 12 12
1415172000 12 12 12 12
1415171700 12 12 12 12
1415171400 12 12 12 12
1415171100 12 12 12 12
1415170800 12 12 12 12
1415170500 12 12 12 12
1415170200 12 12 12 12
1415169900 12 12 12 12
1415169600 12 12 12 12
1415169300 12 12 12 12
1415169000 12 12 12 12
1415168700 12 12 12 12
1415168400 12 12 12 12
1415168100 12 12 12 12
1415167800 12 12 12 12
1415167500 12 12 12 12
1415167200 12 12 12 12
1415166900 12 12 12 12
1415166600 12 12 12 12
1415166300 12 12 12 12
1415166000 12 12 12 12
1415165700 12 12 12 12
1415165400 12 12 12 12
1415165100 12 12 12 12
1415164800 12 12 12 12
1415164500 12 12 12 12
1415164200 12 12 12 12
1415163900 12 12 12 12
1415163600 12 12 12 12
1415163300 12 12 12 12
1415163000 12 12 12 12
1415162700 12 12 12 12
1415162400 12 12 12 12
1415162100 12 12 12 12
1415161800 12 12 12 12
1415161500 12 12 12 12
1415161200 12 12 12 12
1415160900 12 12 12 12
1415160600 12 12 12 12
1415160300 12 12 12 12
1415160000 12 12 12 12
1415159700 12 12 12 12
1415159400 12 12 12 12
1415159100 12 12 12 12
1415158800 12 12 12 12
1415158500 12 12 12 12
1415158200 12 12 12 12
1415157900 12 12 12 12
1415157600 12 12 12 12
1415157300 12 12 12 12
1415157000 12 12 12 12
1415156700 12 12 12 12
1415156400 12 12 12 12
1415156100 12 12 12 12
1415155800 12 12 12 12
1415155500 12 12 12 12
1415155200 12 12 12 12
1415154900 12 12 12 12
1415154600 12 12 12 12
1415154300 12 12 12 12
1415154000 12 12 12 12
1415153700 12 12 12 12
1415153400 12 12 12 12
1415153100 12 12 12 12
1415152800 12 12 12 12
1415152500 12 12 12 12
1415152200 12 12 12 12
1415151900 12 12 12 12
1415151600 12 12 12 12
1415151300 12 12 12 12
1415151000 12 12 12 12
1415150700 12 12 12 12
1415150400 12 12 12 12
1415150100 12 12 12 12
1415149800 12 12 12 12
1415149500 12 12 12 12
1415149200 12 12 12 12
1415148900 12 12 12 12
1415148600 12 12 12 12
1415148300 12 12 12 12
1415148000 12 12 12 12
1415147700 12 12 12 12
1415147400 12 12 12 12
1415147100 12 12 12 12
1415146800 12 12 12 12
1415146500 12 12 12 12
1415146200 12 12 12 12
1415145900 12 12 12 12
1415145600 12 12 12 12
1415145300 12 12 12 12
1415145000 12 12 12 12
1415144700 12 12 12 12
1415144400 12 12 12 12
1415144100 12 12 12 12
1415143800 12 12 12 12
1415143500 12 12 12 12
1415143200 12 12 12 12
1415142900 12 12 12 12
1415142600 12 12 12 12
1415142300 12 12 12 12
1415142000 12 12 12 12
1415141700 12 12 12 12
1415141400 12 12 12 12
1415141100 12 12 12 12
1415140800 12 12 12 12
1415140500 12 12 12 12
1415140200 12 12 12 12
1415139900 12 12 12 12
1415139600 12 12 12 12
1415139300 12 12 12 12
1415139000 12 12 12 12
1415138700 12 12 12 12
1415138400 12 12 12 12
1415138100 12 12 12 12
1415137800 12 12 12 12
1415137500 12 12 12 12
1415137200 12 12 12 12
1415136900 12 12 12 12
1415136600 12 12 12 12
1415136300 12 12 12 12
1415136000 12 12 12 12
1415135700 12 12 12 12
1415135400 12 12 12 12
1415135100 12 12 12 12
1415134800 12 12 12 12
1415134500 12 12 12 12
1415134200 12 12 12 12
1415133900 12 12 12 12
1415133600 12 12 12 12
1415133300 12 12 12 12
1415133000 12 12 12 12
1415132700 12 12 12 12
1415132400 12 12 12 12
1415132100 12 12 12 12
1415131800 12 12 12 12
1415131500 12 12 12 12
1415131200 12 12 12 12
1415130900 12 12 12 12
1415130600 12 12 12 12
1415130300 12 12 12 12
1415130000 12 12 12 12
1415129700 12 12 12 12
1415129400 12 12 12 12
1415129100 12 12 12 12
1415128800 12 12 12 12
1415128500 12 12 12 12
1415128200 12 12 12 12
1415127900 12 12 12 12
1415127600 12 12 12 12
1415127300 12 12 12 12
1415127000 12 12 12 12
1415126700 12 12 12 12
1415126400 12 12 12 12
1415126100 12 12 12 12
1415125800 12 12 12 12
1415125500 12 12 12 12
1415125200 12 12 12 12
1415124900 12 12 12 12
1415124600 12 12 12 12
1415124300 12 12 12 12
1415124000 12 12 12 12
1415123700 12 12 12 12
1415123400 12 12 12 12
1415123100 12 12 12 12
1415122800 12 12 12 12
1415122500 12 12 12 12
1415122200 12 12 12 12
1415121900 12 12 12 12
1415121600 12 12 12 12
1415121300 12 12 12 12
1415121000 12 12 12 12
1415120700 12 12 12 12
1415120400 12 12 12 12
1415120100 12 12 12 12
1415119800 12 12 12 12
1415119500 12 12 12 12
1415119200 12 12 12 12
1415118900 12 12 12 12
1415118600 12 12 12 12
1415118300 12 12 12 12
1415118000 12 12 12 12
1415117700 12 12 12 12
1415117400 12 12 12 12
1415117100 12 12 12 12
1415116800 12 12 12 12
1415116500 12 12 12 12
1415116200 12 12 12 12
1415115900 12 12 12 12
1415115600 12 12 12 12
1415115300 12 12 12 12
1415115000 12 12 12 12
1415114700 12 12 12 12
1415114400 12 12 12 12
1415114100 12 12 12 12
1415113800 12 12 12 12
1415113500 12 12 12 12
1415113200 12 12 12 12
1415112900 12 12 12 12
1415112600 12 12 12 12
1415112300 12 12 12 12
1415112000 12 12 12 12
1415111700 12 12 12 12
1415111400 12 12 12 12
1415111100 12 12 12 12
1415110800 12 12 12 12
1415110500 12 12 12 12
1415110200 12 12 12 12
1415109900 12 12 12 12
1415109600 12 12 12 12
1415109300 12 12 12 12
1415109000 12 12 12 12
1415108700 12 12 12 12
1415108400 12 12 12 12
1415108100 12 12 12 12
1415107800 12 12 12 12
1415107500 12 12 12 12
1415107200 12 12 12 12
1415106900 12 12 12 12
1415106600 12 12 12 12
1415106300 12 12 12 12
1415106000 12 12 12 12
1415105700 12 12 12 12
1415105400 12 12 12 12
1415105100 12 12 12 12
1415104800 12 12 12 12
1415104500 12 12 12 12
1415104200 12 12 12 12
1415103900 12 12 12 12
1415103600 12 12 12 12
1415103300 12 12 12 12
1415103000 12 12 12 12
1415102700 12 12 12 12
1415102400 12 12 12 12
1415102100 12 12 12 12
1415101800 12 12 12 12
1415101500 12 12 12 12
1415101200 12 12 12 12
1415100900 12 12 12 12
1415100600 12 12 12 12
1415100300 12 12 12 12
1415100000 12 12 12 12
1415099700 12 12 12 12
1415099400 12 12 12 12
1415099100 12 12 12 12
1415098800 12 12 12 12
1415098500 12 12 12 12
1415098200 12 12 12 12
1415097900 12 12 12 12
1415097600 12 12 12 12
1415097300 12 12 12 12
1415097000 12 12 12 12
1415096700 12 12 12 12
1415096400 12 12 12 12
1415096100 12 12 12 12
1415095800 12 12 12 12
1415095500 12 12 12 12
1415095200 12 12 12 12
1415094900 12 12 12 12
1415094600 12 12 12 12
1415094300 12 12 12 12
1415094000 12 12 12 12
1415093700 12 12 12 12
1415093400 12 12 12 12
1415093100 12 12 12 12
1415092800 12 12 12 12
1415092500 12 12 12 12
1415092200 12 12 12 12
1415091900 12 12 12 12
1415091600 12 12 12 12
1415091300 12 12 12 12
1415091000 12 12 12 12
1415090700 12 12 12 12
1415090400 12 12 12 12
1415090100 12 12 12 12
1415089800 12 12 12 12
1415089500 12 12 12 12
1415089200 12 12 12 12
1415088900 12 12 12 12
1415088600 12 12 12 12
1415088300 12 12 12 12
1415088000 12 12 12 12
1415087700 12 12 12 12
1415087400 12 12 12 12
1415087100 12 12 12 12
1415086800 12 12 12 12
1415086500 12 12 12 12
1415086200 12 12 12 12
1415085900 12 12 12 12
1415085600 12 12 12 12
1415085300 12 12 12 12
1415085000 12 12 12 12
1415084700 12 12 12 12
1415084400 12 12 12 12
1415084100 12 12 12 12
1415083800 12 12 12 12
1415082600 12 12 12 12
1415080800 12 12 12 12
1415079000 12 12 12 12
1415077200 12 12 12 12
1415075400 12 12 12 12
1415073600 12 12 12 12
1415071800 12 12 12 12
1415070000 12 12 12 12
1415068200 12 12 12 12
1415066400 12 12 12 12
1415064600 12 12 12 12
1415062800 12 12 12 12
1415061000 12 12 12 12
1415059200 12 12 12 12
1415057400 12 12 12 12
1415055600 12 12 12 12
1415053800 12 12 12 12
1415052000 12 12 12 12
1415050200 12 12 12 12
1415048400 12 12 12 12
1415046600 12 12 12 12
1415044800 12 12 12 12
1415043000 12 12 12 12
1415041200 12 12 12 12
1415039400 12 12 12 12
1415037600 12 12 12 12
1415035800 12 12 12 12
1415034000 12 12 12 12
1415032200 12 12 12 12
1415030400 12 12 12 12
1415028600 12 12 12 12
1415026800 12 12 12 12
1415025000 12 12 12 12
1415023200 12 12 12 12
1415021400 12 12 12 12
1415019600 12 12 12 12
1415017800 12 12 12 12
1415016000 12 12 12 12
1415014200 12 12 12 12
1415012400 12 12 12 12
1415010600 12 12 12 12
1415008800 12 12 12 12
1415007000 12 12 12 12
1415005200 12 12 12 12
1415003400 12 12 12 12
1415001600 12 12 12 12
1414999800 12 12 12 12
1414998000 12 12 12 12
1414996200 12 12 12 12
1414994400 12 12 12 12
1414992600 12 12 12 12
1414990800 12 12 12 12
1414989000 12 12 12 12
1414987200 12 12 12 12
1414985400 12 12 12 12
1414983600 12 12 12 12
1414981800 12 12 12 12
1414980000 12 12 12 12
1414978200 12 12 12 12
1414976400 12 12 12 12
1414974600 12 12 12 12
1414972800 12 12 12 12
1414971000 12 12 12 12
1414969200 12 12 12 12
1414967400 12 12 12 12
1414965600 12 12 12 12
1414963800 12 12 12 12
1414962000 12 12 12 12
1414960200 12 12 12 12
1414958400 12 12 12 12
1414956600 12 12 12 12
1414954800 12 12 12 12
1414953000 12 12 12 12
1414951200 12 12 12 12
1414949400 12 12 12 12
1414947600 12 12 12 12
1414945800 12 12 12 12
1414944000 12 12 12 12
1414942200 12 12 12 12
1414940400 12 12 12 12
1414938600 12 12 12 12
1414936800 12 12 12 12
1414935000 12 12 12 12
1414933200 12 12 12 12
1414931400 12 12 12 12
1414929600 12 12 12 12
1414927800 12 12 12 12
1414926000 12 12 12 12
1414924200 12 12 12 12
1414922400 12 12 12 12
1414920600 12 12 12 12
1414918800 12 12 12 12
1414917000 12 12 12 12
1414915200 12 12 12 12
1414913400 12 12 12 12
1414911600 12 12 12 12
1414909800 12 12 12 12
1414908000 12 12 12 12
1414906200 12 12 12 12
1414904400 12 12 12 12
1414902600 12 12 12 12
1414900800 12 12 12 12
1414899000 12 12 12 12
1414897200 12 12 12 12
1414895400 12 12 12 12
1414893600 12 12 12 12
1414891800 12 12 12 12
1414890000 12 12 12 12
1414888200 12 12 12 12
1414886400 12 12 12 12
1414884600 12 12 12 12
1414882800 12 12 12 12
1414881000 12 12 12 12
1414879200 12 12 12 12
1414877400 12 12 12 12
1414875600 12 12 12 12
1414873800 12 12 12 12
1414872000 12 12 12 12
1414870200 12 12 12 12
1414868400 12 12 12 12
1414866600 12 12 12 12
1414864800 12 12 12 12
1414863000 12 12 12 12
1414861200 12 12 12 12
1414859400 12 12 12 12
1414857600 12 12 12 12
1414855800 12 12 12 12
1414854000 12 12 12 12
1414852200 12 12 12 12
1414850400 12 12 12 12
1414848600 12 12 12 12
1414846800 12 12 12 12
1414845000 12 12 12 12
1414843200 12 12 12 12
1414841400 12 12 12 12
1414839600 12 12 12 12
1414837800 12 12 12 12
1414836000 12 12 12 12
1414834200 12 12 12 12
1414832400 12 12 12 12
1414830600 12 12 12 12
1414828800 12 12 12 12
1414827000 12 12 12 12
1414825200 12 12 12 12
1414823400 12 12 12 12
1414821600 12 12 12 12
1414819800 12 12 12 12
1414818000 12 12 12 12
1414816200 12 12 12 12
1414814400 12 12 12 12
1414812600 12 12 12 12
1414810800 12 12 12 12
1414809000 12 12 12 12
1414807200 12 12 12 12
1414805400 12 12 12 12
1414803600 12 12 12 12
1414801800 12 12 12 12
1414800000 12 12 12 12
1414798200 12 12 12 12
1414796400 12 12 12 12
1414794600 12 12 12 12
1414792800 12 12 12 12
1414791000 12 12 12 12
1414789200 12 12 12 12
1414787400 12 12 12 12
1414785600 12 12 12 12
1414783800 12 12 12 12
1414782000 12 12 12 12
1414780200 12 12 12 12
1414778400 12 12 12 12
1414776600 12 12 12 12
1414774800 12 12 12 12
1414773000 12 12 12 12
1414771200 12 12 12 12
1414769400 12 12 12 12
1414767600 12 12 12 12
1414765800 12 12 12 12
1414764000 12 12 12 12
1414762200 12 12 12 12
1414760400 12 12 12 12
1414758600 12 12 12 12
1414756800 12 12 12 12
1414755000 12 12 12 12
1414753200 12 12 12 12
1414751400 12 12 12 12
1414749600 12 12 12 12
1414747800 12 12 12 12
1414746000 12 12 12 12
1414744200 12 12 12 12
1414742400 12 12 12 12
1414740600 12 12 12 12
1414738800 12 12 12 12
1414737000 12 12 12 12
1414735200 12 12 12 12
1414733400 12 12 12 12
1414731600 12 12 12 12
1414729800 12 12 12 12
1414728000 12 12 12 12
1414726200 12 12 12 12
1414724400 12 12 12 12
1414722600 12 12 12 12
1414720800 12 12 12 12
1414719000 12 12 12 12
1414717200 12 12 12 12
1414715400 12 12 12 12
1414713600 12 12 12 12
1414711800 12 12 12 12
1414710000 12 12 12 12
1414708200 12 12 12 12
1414706400 12 12 12 12
1414704600 12 12 12 12
1414702800 12 12 12 12
1414701000 12 12 12 12
1414699200 12 12 12 12
1414697400 12 12 12 12
1414695600 12 12 12 12
1414693800 12 12 12 12
1414692000 12 12 12 12
1414690200 12 12 12 12
1414688400 12 12 12 12
1414686600 12 12 12 12
1414684800 12 12 12 12
1414683000 12 12 12 12
1414681200 12 12 12 12
1414679400 12 12 12 12
1414677600 12 12 12 12
1414675800 12 12 12 12
1414674000 12 12 12 12
1414672200 12 12 12 12
1414670400 12 12 12 12
1414668600 12 12 12 12
1414666800 12 12 12 12
1414665000 12 12 12 12
1414663200 12 12 12 12
1414661400 12 12 12 12
1414659600 12 12 12 12
1414657800 12 12 12 12
1414656000 12 12 12 12
1414654200 12 12 12 12
1414652400 12 12 12 12
1414650600 12 12 12 12
1414648800 12 12 12 12
1414647000 12 12 12 12
1414645200 12 12 12 12
1414643400 12 12 12 12
1414641600 12 12 12 12
1414639800 12 12 12 12
1414638000 12 12 12 12
1414636200 12 12 12 12
1414634400 12 12 12 12
1414632600 12 12 12 12
1414630800 12 12 12 12
1414629000 12 12 12 12
1414627200 12 12 12 12
1414625400 12 12 12 12
1414623600 12 12 12 12
1414621800 12 12 12 12
1414620000 12 12 12 12
1414618200 12 12 12 12
1414616400 12 12 12 12
1414614600 12 12 12 12
1414612800 12 12 12 12
1414611000 12 12 12 12
1414609200 12 12 12 12
1414607400 12 12 12 12
1414605600 12 12 12 12
1414603800 12 12 12 12
1414602000 12 12 12 12
1414600200 12 12 12 12
1414598400 12 12 12 12
1414596600 12 12 12 12
1414594800 12 12 12 12
1414593000 12 12 12 12
1414591200 12 12 12 12
1414589400 12 12 12 12
1414587600 12 12 12 12
1414585800 12 12 12 12
1414584000 12 12 12 12
1414582200 12 12 12 12
1414580400 12 12 12 12
1414578600 12 12 12 12
1414576800 12 12 12 12
1414575000 12 12 12 12
1414573200 12 12 12 12
1414571400 12 12 12 12
1414569600 12 12 12 12
1414567800 12 12 12 12
1414566000 12 12 12 12
1414564200 12 12 12 12
1414562400 12 12 12 12
1414560600 12 12 12 12
1414558800 12 12 12 12
1414557000 12 12 12 12
1414555200 12 12 12 12
1414553400 12 12 12 12
1414551600 12 12 12 12
1414549800 12 12 12 12
1414548000 12 12 12 12
1414546200 12 12 12 12
1414544400 12 12 12 12
1414542600 12 12 12 12
1414540800 12 12 12 12
1414539000 12 12 12 12
1414537200 12 12 12 12
1414535400 12 12 12 12
1414533600 12 12 12 12
1414531800 12 12 12 12
1414530000 12 12 12 12
1414528200 12 12 12 12
1414526400 12 12 12 12
1414524600 12 12 12 12
1414522800 12 12 12 12
1414521000 12 12 12 12
1414519200 12 12 12 12
1414517400 12 12 12 12
1414515600 12 12 12 12
1414513800 12 12 12 12
1414512000 12 12 12 12
1414510200 12 12 12 12
1414508400 12 12 12 12
1414506600 12 12 12 12
1414504800 12 12 12 12
1414503000 12 12 12 12
1414501200 12 12 12 12
1414499400 12 12 12 12
1414497600 12 12 12 12
1414495800 12 12 12 12
1414494000 12 12 12 12
1414492200 12 12 12 12
1414490400 12 12 12 12
1414488600 12 12 12 12
1414486800 12 12 12 12
1414485000 12 12 12 12
1414483200 12 12 12 12
1414481400 12 12 12 12
1414479600 12 12 12 12
1414477800 12 12 12 12
1414476000 12 12 12 12
1414474200 12 12 12 12
1414472400 12 12 12 12
1414470600 12 12 12 12
1414468800 12 12 12 12
1414467000 12 12 12 12
1414465200 12 12 12 12
1414463400 12 12 12 12
1414461600 12 12 12 12
1414459800 12 12 12 12
1414458000 12 12 12 12
1414456200 12 12 12 12
1414454400 12 12 12 12
1414452600 12 12 12 12
1414450800 12 12 12 12
1414449000 20 20 65 65
1414447200 23 23 66 66
1414445400 24 24 66 66
1414443600 23 23 67 67
1414441800 23 23 66 66
1414440000 23 23 66 66
1414438200 23 23 66 66
1414436400 23 23 69 69
1414434600 24 24 66 66
1414432800 23 23 66 66
1414431000 23 23 66 66
1414429200 23 23 67 67
1414427400 23 23 66 66
1414425600 23 23 66 66
1414423800 24 24 66 66
1414422000 23 23 66 66
1414420200 23 23 66 66
1414418400 32 32 118 118
1414416600 25 25 67 67
1414414800 23 23 67 67
1414413000 24 24 67 67
1414411200 23 23 67 67
1414409400 22 22 66 66
1414407600 22 22 66 66
1414405800 23 23 69 69
1414404000 23 23 69 69
1414402200 24 24 69 69
1414400400 23 23 69 69
1414398600 23 23 69 69
1414396800 23 23 70 70
1414395000 23 23 69 69
1414393200 23 23 70 70
1414391400 25 25 73 73
1414389600 24 24 70 70
1414387800 24 24 70 70
1414386000 24 24 70 70
1414384200 24 24 70 70
1414382400 24 24 70 70
1414380600 25 25 70 70
1414378800 24 24 70 70
1414377000 24 24 70 70
1414375200 24 24 70 70
1414373400 24 24 70 70
1414371600 24 24 70 70
1414369800 25 25 70 70
1414368000 24 24 70 70
1414366200 24 24 70 70
1414364400 24 24 70 70
1414362600 24 24 73 73
1414360800 24 24 70 70
1414359000 25 25 70 70
1414357200 24 24 70 70
1414355400 24 24 70 70
1414353600 24 24 70 70
1414351800 24 24 71 71
1414350000 24 24 70 70
1414348200 24 24 70 70
1414346400 23 23 69 69
1414344600 23 23 70 70
1414342800 23 23 70 70
1414341000 23 23 69 69
1414339200 23 23 69 69
1414337400 25 25 72 72
1414335600 23 23 69 69
1414333800 23 23 69 69
1414332000 23 23 70 70
1414330200 24 24 70 70
1414328400 24 24 70 70
1414326600 25 25 70 70
1414324800 23 23 69 69
1414323000 24 24 69 69
1414321200 23 23 70 70
1414319400 23 23 67 67
1414317600 23 23 67 67
1414315800 24 24 67 67
1414314000 23 23 67 67
1414312200 23 23 67 67
1414310400 24 24 67 67
1414308600 24 24 67 67
1414306800 23 23 66 66
1414305000 24 24 67 67
1414303200 24 24 67 67
1414301400 23 23 66 66
1414299600 23 23 66 66
1414297800 24 24 67 67
1414296000 24 24 67 67
1414294200 25 25 67 67
1414292400 24 24 67 67
1414290600 24 24 67 67
1414288800 24 24 67 67
1414287000 24 24 67 67
1414285200 24 24 67 67
1414283400 24 24 67 67
1414281600 24 24 67 67
1414279800 24 24 67 67
1414278000 24 24 67 67
1414276200 24 24 67 67
1414274400 24 24 67 67
1414272600 25 25 67 67
1414270800 23 23 66 66
1414269000 23 23 67 67
1414267200 23 23 67 67
1414265400 23 23 66 66
1414263600 23 23 67 67
1414261800 24 24 67 67
1414260000 23 23 67 67
1414258200 22 22 67 67
1414256400 22 22 68 68
1414254600 22 22 67 67
1414252800 22 22 67 67
1414251000 24 24 67 67
1414249200 22 22 67 67
1414247400 22 22 68 68
1414245600 22 22 66 66
1414243800 22 22 68 68
1414242000 22 22 67 67
1414240200 24 24 67 67
1414238400 23 23 67 67
1414236600 23 23 69 69
1414234800 23 23 67 67
1414233000 23 23 70 70
1414231200 22 22 67 67
1414229400 24 24 67 67
1414227600 22 22 70 70
1414225800 22 22 69 69
1414224000 22 22 70 70
1414222200 23 23 69 69
1414220400 23 23 70 70
1414218600 24 24 70 70
1414216800 23 23 70 70
1414215000 23 23 70 70
1414213200 23 23 70 70
1414211400 23 23 70 70
1414209600 23 23 70 70
1414207800 23 23 70 70
1414206000 22 22 70 70
1414204200 22 22 70 70
1414202400 23 23 70 70
1414200600 23 23 70 70
1414198800 23 23 70 70
1414197000 24 24 70 70
1414195200 23 23 70 70
1414193400 23 23 70 70
1414191600 23 23 70 70
1414189800 23 23 70 70
1414188000 23 23 70 70
1414186200 24 24 70 70
1414184400 23 23 70 70
1414182600 23 23 70 70
1414180800 23 23 70 70
1414179000 23 23 70 70
1414177200 23 23 70 70
1414175400 24 24 70 70
1414173600 23 23 70 70
1414171800 23 23 70 70
1414170000 23 23 70 70
1414168200 23 23 70 70
1414166400 23 23 70 70
1414164600 24 24 70 70
1414162800 23 23 70 70
1414161000 23 23 70 70
1414159200 23 23 70 70
1414157400 23 23 70 70
1414155600 23 23 70 70
1414153800 24 24 70 70
1414152000 24 24 71 71
1414150200 23 23 70 70
1414148400 23 23 71 71
1414146600 23 23 70 70
1414144800 23 23 70 70
1414143000 24 24 70 70
1414141200 23 23 70 70
1414139400 23 23 71 71
1414137600 23 23 70 70
1414135800 23 23 70 70
1414134000 23 23 71 71
1414132200 24 24 70 70
1414130400 24 24 70 70
1414128600 23 23 70 70
1414126800 23 23 71 71
1414125000 23 23 71 71
1414123200 23 23 70 70
1414121400 24 24 70 70
1414119600 23 23 69 69
1414117800 22 22 70 70
1414116000 22 22 69 69
1414114200 22 22 69 69
1414112400 22 22 69 69
1414110600 24 24 72 72
1414108800 22 22 70 70
1414107000 23 23 72 72
1414105200 22 22 70 70
1414103400 22 22 69 69
1414101600 22 22 69 69
1414099800 24 24 69 69
1414098000 22 22 68 68
1414096200 22 22 69 69
1414094400 22 22 69 69
1414092600 22 22 70 70
1414090800 23 23 69 69
1414089000 24 24 69 69
1414087200 22 22 70 70
1414085400 22 22 69 69
1414083600 22 22 70 70
1414081800 23 23 70 70
1414080000 23 23 70 70
1414078200 24 24 70 70
1414076400 23 23 70 70
1414074600 23 23 70 70
1414072800 23 23 70 70
1414071000 23 23 70 70
1414069200 23 23 70 70
1414067400 24 24 70 70
1414065600 23 23 70 70
1414063800 22 22 69 69
1414062000 22 22 70 70
1414060200 22 22 69 69
1414058400 22 22 66 66
1414056600 23 23 66 66
1414054800 22 22 67 67
1414053000 22 22 67 67
1414051200 22 22 67 67
1414049400 22 22 68 68
1414047600 23 23 70 70
1414045800 24 24 67 67
1414044000 23 23 67 67
1414042200 23 23 67 67
1414040400 23 23 67 67
1414038600 23 23 67 67
1414036800 23 23 67 67
1414035000 24 24 68 68
1414033200 23 23 67 67
1414031400 22 22 67 67
1414029600 23 23 67 67
1414027800 23 23 67 67
1414026000 23 23 67 67
1414024200 24 24 67 67
1414022400 23 23 67 67
1414020600 23 23 67 67
1414018800 23 23 67 67
1414017000 23 23 67 67
1414015200 23 23 67 67
1414013400 24 24 67 67
1414011600 23 23 67 67
1414009800 23 23 67 67
1414008000 23 23 67 67
1414006200 23 23 67 67
1414004400 23 23 68 68
1414002600 24 24 67 67
1414000800 23 23 67 67
1413993600 23 23 67 67
1413986400 23 23 67 67
1413979200 23 23 67 67
1413972000 23 23 67 67
1413964800 23 23 67 67
1413957600 22 22 67 67
1413950400 22 22 67 67
1413943200 22 22 67 67
1413936000 22 22 67 67
1413928800 22 22 67 67
1413921600 23 23 67 67
1413914400 23 23 67 67
1413907200 23 23 67 67
1413900000 22 22 77 77
1413892800 22 22 70 70
1413885600 23 23 76 76
1413878400 23 23 76 76
1413871200 22 22 70 70
1413864000 22 22 76 76
1413856800 22 22 76 76
1413849600 22 22 80 80
1413842400 23 23 77 77
1413835200 23 23 77 77
1413828000 23 23 70 70
1413820800 23 23 76 76
1413813600 23 23 77 77
1413806400 23 23 70 70
1413799200 22 22 76 76
1413792000 22 22 67 67
1413784800 23 23 67 67
1413777600 22 22 67 67
1413770400 22 22 68 68
1413763200 22 22 68 68
1413756000 23 23 68 68
1413748800 23 23 67 67
1413741600 23 23 67 67
1413734400 23 23 67 67
1413727200 23 23 67 67
1413720000 23 23 67 67
1413712800 22 22 67 67
1413705600 22 22 70 70
1413698400 23 23 71 71
1413691200 23 23 71 71
1413684000 22 22 70 70
1413676800 23 23 69 69
1413669600 23 23 69 69
1413662400 22 22 70 70
1413655200 23 23 70 70
1413648000 23 23 70 70
1413640800 22 22 72 72
1413633600 22 22 70 70
1413626400 23 23 71 71
1413619200 22 22 71 71
1413612000 23 23 68 68
1413604800 23 23 79 79
1413597600 22 22 68 68
1413590400 23 23 68 68
1413583200 22 22 68 68
1413576000 22 22 67 67
1413568800 23 23 67 67
1413561600 22 22 67 67
1413554400 22 22 67 67
1413547200 22 22 79 79
1413540000 22 22 68 68
1413532800 22 22 68 68
1413525600 22 22 68 68
1413518400 22 22 68 68
1413511200 23 23 68 68
1413504000 23 23 68 68
1413496800 23 23 82 82
1413489600 22 22 70 70
1413482400 23 23 71 71
1413475200 24 24 72 72
1413468000 22 22 70 70
1413460800 22 22 72 72
1413453600 20 20 70 70
1413446400 24 24 82 82
1413439200 23 23 71 71
1413432000 23 23 71 71
1413424800 23 23 71 71
1413417600 23 23 71 71
1413410400 24 24 72 72
1413403200 23 23 70 70
1413396000 23 23 70 70
1413388800 25 25 80 80
1413381600 23 23 70 70
1413374400 23 23 76 76
1413367200 23 23 76 76
1413360000 23 23 70 70
1413352800 22 22 71 71
1413345600 23 23 77 77
1413338400 23 23 71 71
1413331200 22 22 77 77
1413324000 23 23 89 89
1413316800 22 22 70 70
1413309600 23 23 77 77
1413302400 23 23 77 77
1413295200 23 23 70 70
1413288000 23 23 76 76
1413280800 22 22 68 68
1413273600 21 21 82 82
1413266400 24 24 69 69
1413259200 22 22 69 69
1413252000 22 22 69 69
1413244800 22 22 68 68
1413237600 23 23 69 69
1413230400 23 23 69 69
1413223200 23 23 68 68
1413216000 23 23 68 68
1413208800 22 22 71 71
1413201600 23 23 67 67
1413194400 23 23 67 67
1413187200 22 22 80 80
1413180000 21 21 69 69
1413172800 22 22 69 69
1413165600 22 22 69 69
1413158400 22 22 69 69
1413151200 22 22 68 68
1413144000 22 22 79 79
1413136800 22 22 68 68
1413129600 22 22 67 67
1413122400 22 22 69 69
1413115200 22 22 70 70
1413108000 22 22 69 69
1413100800 22 22 70 70
1413093600 20 20 82 82
1413086400 23 23 71 71
1413079200 22 22 71 71
1413072000 22 22 72 72
1413064800 22 22 71 71
1413057600 22 22 70 70
1413050400 22 22 70 70
1413043200 22 22 70 70
1413036000 22 22 70 70
1413028800 22 22 70 70
1413021600 22 22 67 67
1413014400 21 21 67 67
1413007200 22 22 68 68
1413000000 22 22 70 70
1412992800 19 19 79 79
1412985600 24 24 70 70
1412978400 21 21 68 68
1412971200 21 21 68 68
1412964000 22 22 68 68
1412956800 22 22 68 68
1412949600 22 22 68 68
1412942400 22 22 73 73
1412935200 22 22 71 71
1412928000 22 22 71 71
1412920800 22 22 70 70
1412913600 22 22 70 70
1412906400 22 22 69 69
1412899200 22 22 70 70
1412892000 22 22 70 70
1412884800 22 22 70 70
1412877600 22 22 70 70
1412870400 22 22 69 69
1412863200 22 22 70 70
1412856000 22 22 70 70
1412848800 22 22 70 70
1412841600 22 22 67 67
1412834400 19 19 78 78
1412827200 21 21 79 79
1412820000 24 24 68 68
1412812800 22 22 68 68
1412805600 21 21 68 68
1412798400 21 21 68 68
1412791200 22 22 68 68
1412784000 22 22 67 67
1412776800 22 22 67 67
1412769600 22 22 67 67
1412762400 22 22 75 75
1412755200 22 22 72 72
1412748000 23 23 76 76
1412740800 21 21 77 77
1412733600 22 22 71 71
1412726400 22 22 77 77
1412719200 22 22 77 77
1412712000 22 22 70 70
1412704800 22 22 75 75
1412697600 22 22 75 75
1412690400 22 22 70 70
1412683200 22 22 75 75
1412676000 22 22 75 75
1412668800 22 22 70 70
1412661600 22 22 75 75
1412654400 22 22 88 88
1412647200 22 22 82 82
1412640000 21 21 70 70
1412632800 22 22 76 76
1412625600 22 22 71 71
1412618400 22 22 76 76
1412611200 22 22 77 77
1412604000 22 22 74 74
1412596800 22 22 67 67
1412589600 22 22 67 67
1412582400 22 22 67 67
1412575200 22 22 70 70
1412568000 24 24 77 77
1412560800 22 22 69 69
1412553600 19 19 81 81
1412546400 23 23 71 71
1412539200 22 22 71 71
1412532000 22 22 70 70
1412524800 22 22 70 70
1412517600 22 22 70 70
1412510400 22 22 69 69
1412503200 22 22 69 69
1412496000 22 22 67 67
1412488800 22 22 67 67
1412481600 22 22 67 67
1412474400 22 22 67 67
1412467200 22 22 68 68
1412460000 21 21 68 68
1412452800 22 22 68 68
1412445600 22 22 68 68
1412438400 22 22 68 68
1412431200 22 22 78 78
1412424000 22 22 69 69
1412416800 22 22 69 69
1412409600 22 22 69 69
1412402400 21 21 69 69
1412395200 21 21 69 69
1412388000 22 22 72 72
1412380800 22 22 69 69
1412373600 21 21 81 81
1412366400 22 22 81 81
1412359200 22 22 70 70
1412352000 22 22 70 70
1412344800 22 22 70 70
1412337600 22 22 70 70
1412330400 22 22 71 71
1412323200 22 22 69 69
1412316000 22 22 69 69
1412308800 22 22 70 70
1412301600 22 22 68 68
1412294400 22 22 68 68
1412287200 22 22 67 67
1412280000 21 21 68 68
1412272800 22 22 68 68
1412265600 22 22 68 68
1412258400 22 22 68 68
1412251200 21 21 68 68
1412244000 21 21 67 67
1412236800 21 21 67 67
1412229600 21 21 67 67
1412222400 21 21 66 66
1412215200 21 21 69 69
1412208000 21 21 66 66
1412200800 21 21 67 67
1412193600 21 21 66 66
1412186400 21 21 67 67
1412179200 21 21 71 71
1412172000 22 22 77 77
1412164800 22 22 77 77
1412157600 22 22 71 71
1412150400 22 22 76 76
1412143200 22 22 75 75
1412136000 22 22 69 69
1412128800 22 22 75 75
1412121600 22 22 75 75
1412114400 22 22 70 70
1412107200 20 20 81 81
1412100000 22 22 76 76
1412092800 22 22 71 71
1412085600 22 22 76 76
1412078400 23 23 76 76
1412071200 22 22 71 71
1412064000 23 23 77 77
1412056800 23 23 78 78
1412049600 23 23 71 71
1412042400 23 23 77 77
1412035200 23 23 76 76
1412028000 22 22 70 70
1412020800 23 23 68 68
1412013600 23 23 68 68
1412006400 22 22 71 71
1411999200 22 22 68 68
1411992000 22 22 68 68
1411984800 23 23 68 68
1411977600 22 22 68 68
1411970400 25 25 80 80
1411963200 21 21 67 67
1411956000 20 20 79 79
1411948800 23 23 68 68
1411941600 22 22 68 68
1411934400 22 22 68 68
1411927200 22 22 68 68
1411920000 22 22 68 68
1411912800 22 22 68 68
1411905600 22 22 68 68
1411898400 22 22 68 68
1411891200 22 22 70 70
1411884000 22 22 67 67
1411876800 22 22 67 67
1411869600 22 22 70 70
1411862400 22 22 68 68
1411855200 22 22 68 68
1411848000 23 23 68 68
1411840800 23 23 67 67
1411833600 22 22 67 67
1411826400 22 22 70 70
1411819200 22 22 69 69
1411812000 19 19 69 69
1411804800 23 23 71 71
1411797600 22 22 71 71
1411790400 22 22 70 70
1411783200 22 22 71 71
1411776000 22 22 71 71
1411768800 22 22 70 70
1411761600 22 22 68 68
1411754400 23 23 68 68
1411747200 22 22 68 68
1411740000 23 23 68 68
1411732800 23 23 81 81
1411725600 22 22 69 69
1411718400 22 22 69 69
1411711200 22 22 69 69
1411704000 22 22 71 71
1411696800 22 22 69 69
1411689600 22 22 68 68
1411682400 22 22 67 67
1411675200 22 22 74 74
1411668000 23 23 74 74
1411660800 22 22 70 70
1411653600 23 23 76 76
1411646400 23 23 73 73
1411639200 22 22 70 70
1411632000 23 23 76 76
1411624800 22 22 77 77
1411617600 23 23 72 72
1411610400 23 23 77 77
1411603200 22 22 71 71
1411596000 23 23 71 71
1411588800 22 22 76 76
1411581600 21 21 75 75
1411574400 22 22 70 70
1411567200 23 23 76 76
1411560000 23 23 77 77
1411552800 22 22 70 70
1411545600 23 23 82 82
1411538400 22 22 78 78
1411531200 22 22 70 70
1411524000 22 22 76 76
1411516800 22 22 78 78
1411509600 22 22 71 71
1411502400 22 22 68 68
1411495200 22 22 68 68
1411488000 22 22 67 67
1411480800 22 22 68 68
1411473600 22 22 67 67
1411466400 22 22 67 67
1411459200 22 22 68 68
1411452000 20 20 71 71
1411444800 23 23 68 68
1411437600 22 22 68 68
1411430400 21 21 68 68
1411423200 22 22 68 68
1411416000 21 21 68 68
1411408800 21 21 67 67
1411401600 20 20 65 65
1411394400 20 20 65 65
1411387200 20 20 65 65
1411380000 20 20 65 65
1411372800 20 20 65 65
1411365600 20 20 66 66
1411358400 20 20 68 68
1411351200 20 20 65 65
1411344000 18 18 65 65
1411336800 21 21 69 69
1411329600 21 21 69 69
1411322400 21 21 72 72
1411315200 21 21 69 69
1411308000 21 21 69 69
1411300800 20 20 68 68
1411293600 21 21 68 68
1411286400 20 20 68 68
1411279200 20 20 67 67
1411272000 21 21 67 67
1411264800 20 20 67 67
1411257600 17 17 71 71
1411250400 21 21 68 68
1411243200 20 20 68 68
1411236000 20 20 68 68
1411228800 20 20 66 66
1411221600 21 21 74 74
1411214400 20 20 65 65
1411207200 20 20 65 65
1411200000 21 21 67 67
1411192800 21 21 70 70
1411185600 21 21 67 67
1411178400 21 21 67 67
1411171200 21 21 70 70
1411164000 18 18 67 67
1411156800 24 24 68 68
1411149600 21 21 70 70
1411142400 21 21 67 67
1411135200 21 21 68 68
1411128000 21 21 67 67
1411120800 21 21 66 66
1411113600 21 21 66 66
1411106400 21 21 67 67
1411099200 21 21 67 67
1411092000 21 21 66 66
1411084800 20 20 66 66
1411077600 21 21 69 69
1411070400 21 21 68 68
1411063200 21 21 82 82
1411056000 21 21 70 70
1411048800 22 22 71 71
1411041600 18 18 91 91
1411034400 22 22 67 67
1411027200 15 15 80 80
1411020000 22 22 68 68
1411012800 22 22 68 68
1411005600 22 22 69 69
1410998400 22 22 68 68
1410991200 20 20 69 69
1410984000 22 22 68 68
1410976800 21 21 68 68
1410969600 21 21 72 72
1410962400 22 22 68 68
1410955200 21 21 68 68
1410948000 22 22 69 69
1410940800 22 22 69 69
1410933600 22 22 69 69
1410926400 22 22 69 69
1410919200 22 22 68 68
1410912000 21 21 67 67
1410904800 22 22 70 70
1410897600 22 22 70 70
1410890400 22 22 70 70
1410883200 23 23 70 70
1410876000 23 23 70 70
1410868800 23 23 70 70
1410861600 23 23 70 70
1410854400 23 23 70 70
1410847200 23 23 71 71
1410840000 23 23 70 70
1410832800 23 23 70 70
1410825600 23 23 70 70
1410818400 21 21 76 76
1410811200 23 23 53 53
1410804000 23 23 71 71
1410796800 22 22 71 71
1410789600 22 22 71 71
1410782400 23 23 71 71
1410775200 23 23 70 70
1410768000 23 23 70 70
1410760800 23 23 70 70
1410753600 23 23 71 71
1410746400 23 23 71 71
1410739200 23 23 84 84
1410732000 22 22 84 84
1410724800 23 23 69 69
1410717600 23 23 69 69
1410710400 23 23 69 69
1410703200 24 24 69 69
1410696000 23 23 68 68
1410688800 23 23 69 69
1410681600 23 23 69 69
1410674400 23 23 69 69
1410667200 23 23 69 69
1410660000 23 23 69 69
1410652800 23 23 69 69
1410645600 23 23 68 68
1410638400 20 20 82 82
1410631200 24 24 69 69
1410624000 23 23 72 72
1410616800 23 23 69 69
1410609600 22 22 69 69
1410602400 23 23 69 69
1410595200 22 22 68 68
1410588000 22 22 68 68
1410580800 23 23 68 68
1410573600 23 23 68 68
1410566400 21 21 68 68
1410559200 20 20 74 74
1410552000 25 25 71 71
1410544800 23 23 71 71
1410537600 22 22 74 74
1410530400 23 23 71 71
1410523200 23 23 71 71
1410516000 23 23 71 71
1410508800 23 23 69 69
1410501600 23 23 69 69
1410494400 23 23 69 69
1410487200 23 23 69 69
1410480000 22 22 69 69
1410472800 20 20 79 79
1410465600 24 24 68 68
1410458400 22 22 68 68
1410451200 22 22 68 68
1410444000 22 22 79 79
1410436800 23 23 71 71
1410429600 22 22 68 68
1410422400 22 22 79 79
1410415200 23 23 68 68
1410408000 23 23 68 68
1410400800 23 23 68 68
1410393600 23 23 72 72
1410386400 23 23 77 77
1410379200 23 23 75 75
1410372000 23 23 71 71
1410364800 23 23 76 76
1410357600 22 22 84 84
1410350400 23 23 71 71
1410343200 23 23 76 76
1410336000 23 23 89 89
1410328800 22 22 70 70
1410321600 23 23 75 75
1410314400 23 23 76 76
1410307200 21 21 71 71
1410300000 23 23 75 75
1410292800 23 23 76 76
1410285600 23 23 71 71
1410278400 23 23 77 77
1410271200 21 21 83 83
1410264000 24 24 71 71
1410256800 23 23 68 68
1410249600 23 23 68 68
1410242400 24 24 69 69
1410235200 23 23 69 69
1410228000 23 23 70 70
1410220800 22 22 68 68
1410213600 23 23 71 71
1410206400 23 23 69 69
1410199200 23 23 69 69
1410192000 21 21 72 72
1410184800 24 24 69 69
1410177600 23 23 68 68
1410170400 23 23 68 68
1410163200 23 23 68 68
1410156000 23 23 68 68
1410148800 22 22 67 67
1410141600 23 23 68 68
1410134400 23 23 68 68
1410127200 23 23 68 68
1410120000 23 23 68 68
1410112800 23 23 69 69
1410105600 23 23 68 68
1410098400 23 23 72 72
1410091200 23 23 68 68
1410084000 20 20 81 81
1410076800 23 23 66 66
1410069600 24 24 71 71
1410062400 32 32 226 226
1410055200 23 23 71 71
1410048000 24 24 73 73
1410040800 24 24 72 72
1410033600 24 24 71 71
1410026400 24 24 71 71
1410019200 24 24 84 84
1410012000 25 25 76 76
1410004800 23 23 71 71
1409997600 23 23 71 71
1409990400 23 23 74 74
1409983200 27 27 135 135
1409976000 23 23 69 69
1409968800 23 23 69 69
1409961600 23 23 69 69
1409954400 23 23 81 81
1409947200 23 23 69 69
1409940000 23 23 69 69
1409932800 23 23 69 69
1409925600 24 24 84 84
1409918400 23 23 71 71
1409911200 23 23 71 71
1409904000 23 23 71 71
1409896800 24 24 71 71
1409889600 23 23 71 71
1409882400 24 24 71 71
1409875200 23 23 71 71
1409868000 23 23 79 79
1409860800 23 23 71 71
1409853600 24 24 71 71
1409846400 24 24 71 71
1409839200 23 23 71 71
1409832000 24 24 83 83
1409824800 24 24 71 71
1409817600 23 23 71 71
1409810400 23 23 71 71
1409803200 24 24 72 72
1409796000 24 24 72 72
1409788800 24 24 72 72
1409781600 22 22 71 71
1409774400 24 24 69 69
1409767200 23 23 69 69
1409760000 23 23 69 69
1409752800 23 23 70 70
1409745600 23 23 69 69
1409738400 24 24 69 69
1409731200 24 24 69 69
1409724000 24 24 69 69
1409716800 24 24 69 69
1409709600 23 23 69 69
1409702400 24 24 70 70
1409695200 24 24 69 69
1409688000 24 24 69 69
1409680800 23 23 70 70
1409616000 23 23 78 78
1409529600 23 23 78 78
1409443200 23 23 78 78
1409356800 23 23 75 75
1409270400 23 23 134 134
1409184000 23 23 75 75
1409097600 23 23 73 73
1409011200 23 23 77 77
1408924800 23 23 77 77
1408838400 23 23 77 77
1408752000 22 22 74 74
1408665600 22 22 72 72
1408579200 22 22 72 72
1408492800 22 22 74 74
1408406400 22 22 72 72
1408320000 21 21 69 69
1408233600 23 23 76 76
1408147200 22 22 77 77
1408060800 22 22 78 78
1407974400 22 22 81 81
1407888000 22 22 75 75
1407801600 22 22 73 73
1407715200 21 21 72 72
1407628800 22 22 70 70
1407542400 21 21 78 78
1407456000 22 22 80 80
1407369600 21 21 72 72
1407283200 21 21 72 72
1407196800 22 22 75 75
1407110400 21 21 79 79
1407024000 22 22 122 122
1406937600 22 22 69 69
1406851200 23 23 80 80
1406764800 22 22 72 72
1406678400 21 21 78 78
1406592000 21 21 80 80
1406505600 22 22 77 77
1406419200 22 22 71 71
1406332800 22 22 73 73
1406246400 21 21 74 74
1406160000 22 22 71 71
1406073600 22 22 127 127
1405987200 22 22 83 83
1405900800 21 21 70 70
1405814400 22 22 77 77
1405728000 21 21 78 78
1405641600 22 22 70 70
1405555200 21 21 71 71
1405468800 22 22 74 74
1405382400 22 22 68 68
1405296000 21 21 70 70
1405209600 20 20 158 158
1405123200 20 20 60 60
1405036800 20 20 67 67
1404950400 20 20 67 67
1404864000 20 20 71 71
1404777600 21 21 71 71
1404691200 22 22 71 71
1404604800 22 22 73 73
1404518400 23 23 68 68
1404432000 22 22 77 77
1404345600 22 22 79 79
1404259200 22 22 71 71
1404172800 20 20 69 69
1404086400 21 21 73 73
1404000000 22 22 67 67
1403913600 21 21 70 70
1403827200 20 20 72 72
1403740800 21 21 72 72
1403654400 22 22 70 70
1403568000 20 20 70 70
1403481600 21 21 79 79
1403395200 20 20 70 70
1403308800 21 21 70 70
1403222400 21 21 69 69
1403136000 20 20 69 69
1403049600 20 20 70 70
1402963200 20 20 69 69
1402876800 20 20 67 67
1402790400 20 20 75 75
1402704000 20 20 75 75
1402617600 21 21 74 74
1402531200 20 20 69 69
1402444800 20 20 72 72
1402358400 20 20 73 73
1402272000 21 21 70 70
1402185600 21 21 68 68
1402099200 20 20 75 75
1402012800 21 21 76 76
1401926400 20 20 76 76
1401840000 21 21 68 68
1401753600 22 22 74 74
1401667200 22 22 74 74
1401580800 22 22 71 71
1401494400 21 21 71 71
1401408000 22 22 71 71
1401321600 22 22 76 76
1401235200 20 20 80 80
1401148800 22 22 70 70
1401062400 22 22 72 72
1400976000 22 22 70 70
1400889600 21 21 71 71
1400803200 23 23 102 102
1400716800 22 22 124 124
1400630400 22 22 77 77
1400544000 22 22 77 77
1400457600 21 21 73 73
1400371200 22 22 71 71
1400284800 22 22 92 92
1400198400 22 22 73 73
1400112000 22 22 77 77
1400025600 22 22 77 77
1399939200 22 22 74 74
1399852800 22 22 71 71
1399766400 22 22 71 71
1399680000 21 21 73 73
1399593600 22 22 71 71
1399507200 23 23 71 71
1399420800 21 21 77 77
1399334400 22 22 75 75
1399248000 22 22 70 70
1399161600 21 21 71 71
1399075200 22 22 72 72
1398988800 23 23 70 70
1398902400 22 22 73 73
1398816000 22 22 71 71
1398729600 22 22 76 76
1398643200 22 22 72 72
1398556800 21 21 73 73
1398470400 22 22 74 74
1398384000 22 22 70 70
1398297600 21 21 71 71
1398211200 21 21 72 72
1398124800 22 22 70 70
1398038400 20 20 67 67
1397952000 20 20 173 173
1397865600 21 21 76 76
1397779200 22 22 76 76
1397692800 20 20 74 74
1397606400 21 21 73 73
1397520000 21 21 71 71
1397433600 21 21 74 74
1397347200 20 20 72 72
1397260800 20 20 71 71
1397174400 21 21 120 120
1397088000 22 22 70 70
1397001600 19 19 76 76
1396915200 21 21 77 77
1396828800 21 21 76 76
1396742400 21 21 69 69
1396656000 21 21 72 72
1396569600 21 21 73 73
1396483200 22 22 70 70
1396396800 21 21 70 70
1396310400 21 21 70 70
1396224000 22 22 74 74
1396137600 22 22 71 71
1396051200 21 21 69 69
1395964800 22 22 76 76
1395878400 22 22 77 77
1395792000 22 22 77 77
1395705600 21 21 73 73
1395619200 22 22 75 75
1395532800 22 22 72 72
1395446400 22 22 75 75
1395360000 21 21 71 71
1395273600 22 22 69 69
1395187200 22 22 77 77
1395100800 21 21 79 79
1395014400 21 21 76 76
1394928000 21 21 75 75
1394841600 21 21 71 71
1394755200 21 21 72 72
1394668800 20 20 70 70
1394582400 21 21 72 72
1394496000 21 21 71 71
1394409600 22 22 72 72
1394323200 21 21 71 71
1394236800 22 22 69 69
1394150400 22 22 77 77
1394064000 22 22 78 78
1393977600 22 22 77 77
1393891200 73 73 395 395
1393804800 97 97 168 168
1393718400 98 98 161 161
1393632000 98 98 218 218
1393545600 98 98 192 192
1393459200 99 99 165 165
1393372800 102 102 167 167
1393286400 101 101 168 168
1393200000 99 99 178 178
1393113600 98 98 165 165
1393027200 96 96 183 183
1392940800 97 97 182 182
1392854400 95 95 176 176
1392768000 94 94 178 178
1392681600 96 96 163 163
1392595200 95 95 167 167
1392508800 92 92 154 154
1392422400 92 92 225 225
1392336000 89 89 154 154
1392249600 75 75 142 142
1392163200 77 77 142 142
1392076800 78 78 145 145
1391990400 79 79 147 147
1391904000 80 80 148 148
1391817600 85 85 170 170
1391731200 86 86 167 167
1391644800 89 89 155 155
1391558400 86 86 173 173
1391472000 85 85 147 147
1391385600 97 97 171 171
1391299200 99 99 168 168
1391212800 99 99 253 253
1391126400 103 103 178 178
1391040000 116 116 192 192
1390953600 116 116 194 194
1390867200 116 116 182 182
1390780800 118 118 190 190
1390694400 119 119 186 186
1390608000 112 112 276 276
1390521600 102 102 247 247
1390435200 101 101 175 175
1390348800 104 104 186 186
1390262400 105 105 216 216
1390176000 104 104 198 198
1390089600 105 105 180 180
1390003200 105 105 177 177
1389916800 108 108 184 184
1389830400 106 106 186 186
1389744000 105 105 170 170
1389657600 134 134 258 258
1389571200 130 130 268 268
1389484800 159 159 353 353
1389398400 167 167 261 261
1389312000 179 179 284 284
1389225600 166 166 284 284
1389139200 173 173 295 295
1389052800 166 166 272 272
1388966400 159 159 277 277
1388880000 156 156 251 251
1388793600 119 119 301 301
1388707200 138 138 288 288
1388620800 164 164 237 237
1388534400 160 160 237 237
1388448000 167 167 251 251
1388361600 144 144 217 217
1388275200 113 113 189 189
1388188800 108 108 216 216
1388102400 92 92 92 92
1388016000 92 92 92 92
1387929600 92 92 92 92
1387843200 92 92 92 92
1387756800 92 92 92 92
1387670400 92 92 92 92
1387584000 92 92 92 92
1387497600 92 92 92 92
1387411200 92 92 92 92
1387324800 92 92 92 92
1387238400 92 92 92 92
1387152000 92 92 92 92
1387065600 92 92 92 92
1386979200 92 92 92 92
1386892800 92 92 92 92
1386806400 92 92 92 92
1386720000 92 92 92 92
1386633600 92 92 92 92
1386547200 92 92 92 92
1386460800 92 92 92 92
1386374400 92 92 92 92
1386288000 92 92 92 92
1386201600 92 92 92 92
1386115200 92 92 92 92
1386028800 92 92 92 92
1385942400 92 92 92 92
1385856000 92 92 92 92
1385769600 92 92 92 92
1385683200 92 92 92 92
1385596800 92 92 92 92
1385510400 92 92 92 92
1385424000 92 92 92 92
1385337600 92 92 92 92
1385251200 92 92 92 92
1385164800 92 92 92 92
1385078400 92 92 92 92
1384992000 92 92 92 92
1384905600 92 92 92 92
1384819200 92 92 92 92
1384732800 92 92 92 92
1384646400 92 92 92 92
1384560000 92 92 92 92
1384473600 92 92 92 92
1384387200 92 92 92 92
1384300800 92 92 92 92
1384214400 92 92 92 92
1384128000 92 92 92 92
1384041600 92 92 92 92
1383955200 92 92 92 92
1383868800 92 92 92 92
1383782400 92 92 92 92
1383696000 92 92 92 92
1383609600 92 92 92 92
1383523200 92 92 92 92
1383436800 92 92 92 92
1383350400 92 92 92 92
1383264000 92 92 92 92
1383177600 92 92 92 92
1383091200 92 92 92 92
1383004800 92 92 92 92
1382918400 92 92 92 92
1382832000 92 92 92 92
1382745600 92 92 92 92
1382659200 92 92 92 92
1382572800 92 92 92 92
1382486400 92 92 92 92
1382400000 92 92 92 92
1382313600 92 92 92 92
1382227200 92 92 92 92
1382140800 92 92 92 92
1382054400 92 92 92 92
1381968000 92 92 92 92
1381881600 92 92 92 92
1381795200 92 92 92 92
1381708800 92 92 92 92
1381622400 92 92 92 92
1381536000 92 92 92 92
1381449600 92 92 92 92
1381363200 92 92 92 92
1381276800 92 92 92 92
1381190400 92 92 92 92
1381104000 92 92 92 92
1381017600 92 92 92 92
1380931200 92 92 92 92
1380844800 92 92 92 92
1380758400 92 92 92 92
1380672000 92 92 92 92
1380585600 92 92 92 92
1380499200 92 92 92 92
1380412800 92 92 92 92
1380326400 92 92 92 92
1380240000 92 92 92 92
1380153600 92 92 92 92
1380067200 92 92 92 92
1379980800 92 92 92 92
1379894400 92 92 92 92
1379808000 92 92 92 92
1379721600 92 92 92 92
1379635200 92 92 92 92
1379548800 92 92 92 92
1379462400 92 92 92 92
1379376000 92 92 92 92
1379289600 92 92 92 92
1379203200 92 92 92 92
1379116800 92 92 92 92
1379030400 92 92 92 92
1378944000 92 92 92 92
1378857600 92 92 92 92
1378771200 92 92 92 92
1378684800 92 92 92 92
1378598400 92 92 92 92
1378512000 92 92 92 92
1378425600 92 92 92 92
1378339200 92 92 92 92
1378252800 92 92 92 92
1378166400 92 92 92 92
1378080000 92 92 92 92
1377993600 92 92 92 92
1377907200 92 92 92 92
1377820800 92 92 92 92
1377734400 92 92 92 92
1377648000 92 92 92 92
1377561600 92 92 92 92
1377475200 92 92 92 92
1377388800 92 92 92 92
1377302400 92 92 92 92
1377216000 92 92 92 92
1377129600 92 92 92 92
1377043200 92 92 92 92
1376956800 92 92 92 92
1376870400 92 92 92 92
1376784000 92 92 92 92
1376697600 92 92 92 92
1376611200 92 92 92 92
1376524800 92 92 92 92
1376438400 92 92 92 92
1376352000 92 92 92 92
1376265600 92 92 92 92
1376179200 92 92 92 92
1376092800 92 92 92 92
1376006400 92 92 92 92
1375920000 92 92 92 92
1375833600 92 92 92 92
1375747200 92 92 92 92
1375660800 92 92 92 92
1375574400 92 92 92 92
1375488000 92 92 92 92
1375401600 92 92 92 92
1375315200 92 92 92 92
1375228800 92 92 92 92
1375142400 92 92 92 92
1375056000 92 92 92 92
1374969600 92 92 92 92
1374883200 92 92 92 92
1374796800 92 92 92 92
1374710400 92 92 92 92
1374624000 92 92 92 92
1374537600 92 92 92 92
1374451200 92 92 92 92
1374364800 92 92 92 92
1374278400 92 92 92 92
1374192000 92 92 92 92
1374105600 92 92 92 92
1374019200 92 92 92 92
1373932800 92 92 92 92
1373846400 92 92 92 92
1373760000 92 92 92 92
1373673600 92 92 92 92
1373587200 92 92 92 92
1373500800 92 92 92 92
1373414400 92 92 92 92
1373328000 92 92 92 92
1373241600 92 92 92 92
1373155200 92 92 92 92
1373068800 92 92 92 92
1372982400 92 92 92 92
1372896000 92 92 92 92
1372809600 92 92 92 92
1372723200 92 92 92 92
1372636800 92 92 92 92
1372550400 92 92 92 92
1372464000 92 92 92 92
1372377600 92 92 92 92
1372291200 92 92 92 92
1372204800 92 92 92 92
1372118400 92 92 92 92
1372032000 92 92 92 92
1371945600 92 92 92 92
1371859200 92 92 92 92
1371772800 92 92 92 92
1371686400 92 92 92 92
1371600000 92 92 92 92
1371513600 92 92 92 92
1371427200 92 92 92 92
1371340800 92 92 92 92
1371254400 92 92 92 92
1371168000 92 92 92 92
1371081600 92 92 92 92
1370995200 92 92 92 92
1370908800 92 92 92 92
1370822400 92 92 92 92
1370736000 92 92 92 92
1370649600 92 92 92 92
1370563200 92 92 92 92
1370476800 92 92 92 92
1370390400 92 92 92 92
1370304000 92 92 92 92
1370217600 92 92 92 92
1370131200 92 92 92 92
1370044800 92 92 92 92
1369958400 92 92 92 92
1369872000 92 92 92 92
1369785600 92 92 92 92
1369699200 92 92 92 92
1369612800 92 92 92 92
1369526400 92 92 92 92
1369440000 92 92 92 92
1369353600 92 92 92 92
1369267200 92 92 92 92
1369180800 92 92 92 92
1369094400 92 92 92 92
1369008000 92 92 92 92
1368921600 92 92 92 92
1368835200 92 92 92 92
1368748800 92 92 92 92
1368662400 92 92 92 92
1368576000 92 92 92 92
1368489600 92 92 92 92
1368403200 92 92 92 92
1368316800 92 92 92 92
1368230400 92 92 92 92
1368144000 92 92 92 92
1368057600 92 92 92 92
1367971200 92 92 92 92
1367884800 92 92 92 92
1367798400 92 92 92 92
1367712000 92 92 92 92
1367625600 92 92 92 92
1367539200 92 92 92 92
1367452800 92 92 92 92
1367366400 92 92 92 92
1367280000 92 92 92 92
1367193600 92 92 92 92
1367107200 92 92 92 92
1367020800 92 92 92 92
1366934400 92 92 92 92
1366848000 92 92 92 92
1366761600 92 92 92 92
1366675200 92 92 92 92
1366588800 92 92 92 92
1366502400 92 92 92 92
1366416000 92 92 92 92
1366329600 92 92 92 92
1366243200 92 92 92 92
1366156800 92 92 92 92
1366070400 92 92 92 92
1365984000 92 92 92 92
1365897600 92 92 92 92
1365811200 92 92 92 92
1365724800 92 92 92 92
1365638400 92 92 92 92
1365552000 92 92 92 92
1365465600 92 92 92 92
1365379200 92 92 92 92
1365292800 92 92 92 92
1365206400 92 92 92 92
1365120000 92 92 92 92
1365033600 92 92 92 92
1364947200 92 92 92 92
1364860800 92 92 92 92
1364774400 92 92 92 92
1364688000 92 92 92 92
1364601600 92 92 92 92
1364515200 92 92 92 92
1364428800 92 92 92 92
1364342400 92 92 92 92
1364256000 92 92 92 92
1364169600 92 92 92 92
1364083200 92 92 92 92
1363996800 92 92 92 92
1363910400 92 92 92 92
1363824000 92 92 92 92
1363737600 92 92 92 92
1363651200 92 92 92 92
1363564800 92 92 92 92
1363478400 92 92 92 92
1363392000 92 92 92 92
1363305600 92 92 92 92
1363219200 92 92 92 92
1363132800 92 92 92 92
1363046400 92 92 92 92
1362960000 92 92 92 92
1362873600 92 92 92 92
1362787200 92 92 92 92
1362700800 92 92 92 92
1362614400 92 92 92 92
1362528000 92 92 92 92
1362441600 92 92 92 92
1362355200 92 92 92 92
1362268800 92 92 92 92
1362182400 92 92 92 92
1362096000 92 92 92 92
1362009600 92 92 92 92
1361923200 92 92 92 92
1361836800 92 92 92 92
1361750400 92 92 92 92
1361664000 92 92 92 92
1361577600 92 92 92 92
1361491200 92 92 92 92
1361404800 92 92 92 92
1361318400 92 92 92 92
1361232000 92 92 92 92
1361145600 92 92 92 92
1361059200 92 92 92 92
1360972800 92 92 92 92
1360886400 92 92 92 92
1360800000 92 92 92 92
1360713600 92 92 92 92
1360627200 92 92 92 92
1360540800 92 92 92 92
1360454400 92 92 92 92
1360368000 92 92 92 92
1360281600 92 92 92 92
1360195200 92 92 92 92
1360108800 92 92 92 92
1360022400 92 92 92 92
1359936000 92 92 92 92
1359849600 92 92 92 92
1359763200 92 92 92 92
1359676800 92 92 92 92
1359590400 92 92 92 92
1359504000 92 92 92 92
1359417600 92 92 92 92
1359331200 92 92 92 92
1359244800 92 92 92 92
1359158400 92 92 92 92
1359072000 92 92 92 92
1358985600 92 92 92 92
1358899200 92 92 92 92
1358812800 92 92 92 92
1358726400 92 92 92 92
1358640000 92 92 92 92
1358553600 92 92 92 92
1358467200 92 92 92 92
1358380800 92 92 92 92
1358294400 92 92 92 92
1358208000 92 92 92 92
1358121600 92 92 92 92
1358035200 92 92 92 92
1357948800 92 92 92 92
1357862400 92 92 92 92
1357776000 92 92 92 92
1357689600 92 92 92 92
1357603200 92 92 92 92
1357516800 92 92 92 92
1357430400 92 92 92 92
1357344000 92 92 92 92
1357257600 92 92 92 92
1357171200 92 92 92 92
1357084800 92 92 92 92
1356998400 92 92 92 92
1356912000 92 92 92 92
1356825600 92 92 92 92
1356739200 92 92 92 92
1356652800 92 92 92 92
1356566400 92 92 92 92
1356480000 92 92 92 92
1356393600 92 92 92 92
1356307200 92 92 92 92
1356220800 92 92 92 92
1356134400 92 92 92 92
1356048000 92 92 92 92
1355961600 92 92 92 92
1355875200 92 92 92 92
1355788800 92 92 92 92
1355702400 92 92 92 92
1355616000 92 92 92 92
1355529600 92 92 92 92
1355443200 92 92 92 92
1355356800 92 92 92 92
1355270400 92 92 92 92
1355184000 92 92 92 92
1355097600 92 92 92 92
1355011200 92 92 92 92
1354924800 92 92 92 92
1354838400 92 92 92 92
1354752000 92 92 92 92
1354665600 92 92 92 92
1354579200 92 92 92 92
1354492800 92 92 92 92
1354406400 92 92 92 92
1354320000 92 92 92 92
1354233600 92 92 92 92
1354147200 92 92 92 92
1354060800 92 92 92 92
1353974400 92 92 92 92
1353888000 92 92 92 92
1353801600 92 92 92 92
1353715200 92 92 92 92
1353628800 92 92 92 92
1353542400 92 92 92 92
1353456000 92 92 92 92
1353369600 92 92 92 92
1353283200 92 92 92 92
1353196800 92 92 92 92
1353110400 92 92 92 92
1353024000 92 92 92 92
1352937600 92 92 92 92
1352851200 92 92 92 92
1352764800 92 92 92 92
1352678400 92 92 92 92
1352592000 92 92 92 92
1352505600 92 92 92 92
1352419200 92 92 92 92
1352332800 92 92 92 92
1352246400 92 92 92 92
1352160000 92 92 92 92
1352073600 92 92 92 92
1351987200 92 92 92 92
1351900800 92 92 92 92
1351814400 92 92 92 92
1351728000 92 92 92 92
1351641600 92 92 92 92
1351555200 92 92 92 92
1351468800 92 92 92 92
1351382400 92 92 92 92
1351296000 92 92 92 92
1351209600 92 92 92 92
1351123200 92 92 92 92
1351036800 92 92 92 92
1350950400 92 92 92 92
1350864000 92 92 92 92
1350777600 92 92 92 92
1350691200 92 92 92 92
1350604800 92 92 92 92
1350518400 92 92 92 92
1350432000 92 92 92 92
1350345600 92 92 92 92
1350259200 92 92 92 92
1350172800 92 92 92 92
1350086400 92 92 92 92
1350000000 92 92 92 92
1349913600 92 92 92 92
1349827200 92 92 92 92
1349740800 92 92 92 92
1349654400 92 92 92 92
1349568000 92 92 92 92
1349481600 92 92 92 92
1349395200 92 92 92 92
1349308800 92 92 92 92
1349222400 92 92 92 92
1349136000 92 92 92 92
1349049600 92 92 92 92
1348963200 92 92 92 92
1348876800 92 92 92 92
1348790400 92 92 92 92
1348704000 92 92 92 92
1348617600 92 92 92 92
1348531200 92 92 92 92
1348444800 92 92 92 92
1348358400 92 92 92 92
1348272000 92 92 92 92
1348185600 92 92 92 92
1348099200 92 92 92 92
1348012800 92 92 92 92
1347926400 92 92 92 92
1347840000 92 92 92 92
1347753600 92 92 92 92
1347667200 92 92 92 92
1347580800 92 92 92 92
1347494400 92 92 92 92
1347408000 92 92 92 92
1347321600 92 92 92 92
1347235200 92 92 92 92
1347148800 92 92 92 92
1347062400 92 92 92 92
1346976000 92 92 92 92
1346889600 92 92 92 92
1346803200 92 92 92 92
1346716800 92 92 92 92
1346630400 92 92 92 92
1346544000 92 92 92 92
1346457600 92 92 92 92
