2003.06.15 10:21 B F:\login\s\sad.o <-- www.vmud.com /lonely/mudlib/data/login/s sad.o
2003.06.15 10:22 B F:\login\s\said.o <-- www.vmud.com /lonely/mudlib/data/login/s said.o
2003.06.15 10:22 B F:\login\s\sakura.o <-- www.vmud.com /lonely/mudlib/data/login/s sakura.o
2003.06.15 10:22 B F:\login\s\sam.o <-- www.vmud.com /lonely/mudlib/data/login/s sam.o
2003.06.15 10:22 B F:\login\s\samuel.o <-- www.vmud.com /lonely/mudlib/data/login/s samuel.o
2003.06.15 10:22 B F:\login\s\sann.o <-- www.vmud.com /lonely/mudlib/data/login/s sann.o
2003.06.15 10:22 B F:\login\s\sanny.o <-- www.vmud.com /lonely/mudlib/data/login/s sanny.o
2003.06.15 10:22 B F:\login\s\sannyyy.o <-- www.vmud.com /lonely/mudlib/data/login/s sannyyy.o
2003.06.15 10:22 B F:\login\s\sars.o <-- www.vmud.com /lonely/mudlib/data/login/s sars.o
2003.06.15 10:22 B F:\login\s\sau.o <-- www.vmud.com /lonely/mudlib/data/login/s sau.o
2003.06.15 10:22 B F:\login\s\score.o <-- www.vmud.com /lonely/mudlib/data/login/s score.o
2003.06.15 10:22 B F:\login\s\sdoy.o <-- www.vmud.com /lonely/mudlib/data/login/s sdoy.o
2003.06.15 10:22 B F:\login\s\sdsd.o <-- www.vmud.com /lonely/mudlib/data/login/s sdsd.o
2003.06.15 10:22 B F:\login\s\sea.o <-- www.vmud.com /lonely/mudlib/data/login/s sea.o
2003.06.15 10:22 B F:\login\s\seasons.o <-- www.vmud.com /lonely/mudlib/data/login/s seasons.o
2003.06.15 10:22 B F:\login\s\secret.o <-- www.vmud.com /lonely/mudlib/data/login/s secret.o
2003.06.15 10:22 B F:\login\s\seeing.o <-- www.vmud.com /lonely/mudlib/data/login/s seeing.o
2003.06.15 10:22 B F:\login\s\seer.o <-- www.vmud.com /lonely/mudlib/data/login/s seer.o
2003.06.15 10:22 B F:\login\s\seesoul.o <-- www.vmud.com /lonely/mudlib/data/login/s seesoul.o
2003.06.15 10:22 B F:\login\s\ser.o <-- www.vmud.com /lonely/mudlib/data/login/s ser.o
2003.06.15 10:22 B F:\login\s\setty.o <-- www.vmud.com /lonely/mudlib/data/login/s setty.o
2003.06.15 10:22 B F:\login\s\settyy.o <-- www.vmud.com /lonely/mudlib/data/login/s settyy.o
2003.06.15 10:22 B F:\login\s\sha.o <-- www.vmud.com /lonely/mudlib/data/login/s sha.o
2003.06.15 10:22 B F:\login\s\shadow.o <-- www.vmud.com /lonely/mudlib/data/login/s shadow.o
2003.06.15 10:22 B F:\login\s\shadowlady.o <-- www.vmud.com /lonely/mudlib/data/login/s shadowlady.o
2003.06.15 10:22 B F:\login\s\shadows.o <-- www.vmud.com /lonely/mudlib/data/login/s shadows.o
2003.06.15 10:22 B F:\login\s\shang.o <-- www.vmud.com /lonely/mudlib/data/login/s shang.o
2003.06.15 10:22 B F:\login\s\shao.o <-- www.vmud.com /lonely/mudlib/data/login/s shao.o
2003.06.15 10:22 B F:\login\s\shaolian.o <-- www.vmud.com /lonely/mudlib/data/login/s shaolian.o
2003.06.15 10:22 B F:\login\s\shaoliang.o <-- www.vmud.com /lonely/mudlib/data/login/s shaoliang.o
2003.06.15 10:22 B F:\login\s\shaolin.o <-- www.vmud.com /lonely/mudlib/data/login/s shaolin.o
2003.06.15 10:22 B F:\login\s\shaolinn.o <-- www.vmud.com /lonely/mudlib/data/login/s shaolinn.o
2003.06.15 10:22 B F:\login\s\shaoyi.o <-- www.vmud.com /lonely/mudlib/data/login/s shaoyi.o
2003.06.15 10:22 B F:\login\s\shashou.o <-- www.vmud.com /lonely/mudlib/data/login/s shashou.o
2003.06.15 10:22 B F:\login\s\sheing.o <-- www.vmud.com /lonely/mudlib/data/login/s sheing.o
2003.06.15 10:22 B F:\login\s\shenmo.o <-- www.vmud.com /lonely/mudlib/data/login/s shenmo.o
2003.06.15 10:22 B F:\login\s\shenmomo.o <-- www.vmud.com /lonely/mudlib/data/login/s shenmomo.o
2003.06.15 10:22 B F:\login\s\shenz.o <-- www.vmud.com /lonely/mudlib/data/login/s shenz.o
2003.06.15 10:22 B F:\login\s\shi.o <-- www.vmud.com /lonely/mudlib/data/login/s shi.o
2003.06.15 10:22 B F:\login\s\shifang.o <-- www.vmud.com /lonely/mudlib/data/login/s shifang.o
2003.06.15 10:22 B F:\login\s\shima.o <-- www.vmud.com /lonely/mudlib/data/login/s shima.o
2003.06.15 10:22 B F:\login\s\shipotian.o <-- www.vmud.com /lonely/mudlib/data/login/s shipotian.o
2003.06.15 10:22 B F:\login\s\shippo.o <-- www.vmud.com /lonely/mudlib/data/login/s shippo.o
2003.06.15 10:22 B F:\login\s\shitong.o <-- www.vmud.com /lonely/mudlib/data/login/s shitong.o
2003.06.15 10:22 B F:\login\s\shizen.o <-- www.vmud.com /lonely/mudlib/data/login/s shizen.o
2003.06.15 10:22 B F:\login\s\shock.o <-- www.vmud.com /lonely/mudlib/data/login/s shock.o
2003.06.15 10:22 B F:\login\s\show.o <-- www.vmud.com /lonely/mudlib/data/login/s show.o
2003.06.15 10:22 B F:\login\s\shuang.o <-- www.vmud.com /lonely/mudlib/data/login/s shuang.o
2003.06.15 10:22 B F:\login\s\shui.o <-- www.vmud.com /lonely/mudlib/data/login/s shui.o
2003.06.15 10:22 B F:\login\s\sick.o <-- www.vmud.com /lonely/mudlib/data/login/s sick.o
2003.06.15 10:22 B F:\login\s\sidney.o <-- www.vmud.com /lonely/mudlib/data/login/s sidney.o
2003.06.15 10:22 B F:\login\s\sigfried.o <-- www.vmud.com /lonely/mudlib/data/login/s sigfried.o
2003.06.15 10:22 B F:\login\s\sigh.o <-- www.vmud.com /lonely/mudlib/data/login/s sigh.o
2003.06.15 10:22 B F:\login\s\silverbird.o <-- www.vmud.com /lonely/mudlib/data/login/s silverbird.o
2003.06.15 10:22 B F:\login\s\sima.o <-- www.vmud.com /lonely/mudlib/data/login/s sima.o
2003.06.15 10:22 B F:\login\s\sinb.o <-- www.vmud.com /lonely/mudlib/data/login/s sinb.o
2003.06.15 10:22 B F:\login\s\sinbtest.o <-- www.vmud.com /lonely/mudlib/data/login/s sinbtest.o
2003.06.15 10:22 B F:\login\s\singer.o <-- www.vmud.com /lonely/mudlib/data/login/s singer.o
2003.06.15 10:22 B F:\login\s\sintin.o <-- www.vmud.com /lonely/mudlib/data/login/s sintin.o
2003.06.15 10:22 B F:\login\s\siren.o <-- www.vmud.com /lonely/mudlib/data/login/s siren.o
2003.06.15 10:22 B F:\login\s\sisihaha.o <-- www.vmud.com /lonely/mudlib/data/login/s sisihaha.o
2003.06.15 10:22 B F:\login\s\sitong.o <-- www.vmud.com /lonely/mudlib/data/login/s sitong.o
2003.06.15 10:22 B F:\login\s\siuchun.o <-- www.vmud.com /lonely/mudlib/data/login/s siuchun.o
2003.06.15 10:22 B F:\login\s\siuee.o <-- www.vmud.com /lonely/mudlib/data/login/s siuee.o
2003.06.15 10:22 B F:\login\s\six.o <-- www.vmud.com /lonely/mudlib/data/login/s six.o
2003.06.15 10:22 B F:\login\s\sjdjs.o <-- www.vmud.com /lonely/mudlib/data/login/s sjdjs.o
2003.06.15 10:22 B F:\login\s\skeleton.o <-- www.vmud.com /lonely/mudlib/data/login/s skeleton.o
2003.06.15 10:22 B F:\login\s\skiests.o <-- www.vmud.com /lonely/mudlib/data/login/s skiests.o
2003.06.15 10:22 B F:\login\s\skii.o <-- www.vmud.com /lonely/mudlib/data/login/s skii.o
2003.06.15 10:22 B F:\login\s\skim.o <-- www.vmud.com /lonely/mudlib/data/login/s skim.o
2003.06.15 10:22 B F:\login\s\skkkk.o <-- www.vmud.com /lonely/mudlib/data/login/s skkkk.o
2003.06.15 10:22 B F:\login\s\sky.o <-- www.vmud.com /lonely/mudlib/data/login/s sky.o
2003.06.15 10:22 B F:\login\s\skykid.o <-- www.vmud.com /lonely/mudlib/data/login/s skykid.o
2003.06.15 10:22 B F:\login\s\skywalker.o <-- www.vmud.com /lonely/mudlib/data/login/s skywalker.o
2003.06.15 10:22 B F:\login\s\slanse.o <-- www.vmud.com /lonely/mudlib/data/login/s slanse.o
2003.06.15 10:22 B F:\login\s\slayer.o <-- www.vmud.com /lonely/mudlib/data/login/s slayer.o
2003.06.15 10:22 B F:\login\s\slbb.o <-- www.vmud.com /lonely/mudlib/data/login/s slbb.o
2003.06.15 10:22 B F:\login\s\sldm.o <-- www.vmud.com /lonely/mudlib/data/login/s sldm.o
2003.06.15 10:22 B F:\login\s\sleeper.o <-- www.vmud.com /lonely/mudlib/data/login/s sleeper.o
2003.06.15 10:22 B F:\login\s\slin.o <-- www.vmud.com /lonely/mudlib/data/login/s slin.o
2003.06.15 10:22 B F:\login\s\slip.o <-- www.vmud.com /lonely/mudlib/data/login/s slip.o
2003.06.15 10:22 B F:\login\s\slon.o <-- www.vmud.com /lonely/mudlib/data/login/s slon.o
2003.06.15 10:22 B F:\login\s\sluo.o <-- www.vmud.com /lonely/mudlib/data/login/s sluo.o
2003.06.15 10:22 B F:\login\s\slwind.o <-- www.vmud.com /lonely/mudlib/data/login/s slwind.o
2003.06.15 10:22 B F:\login\s\slwindy.o <-- www.vmud.com /lonely/mudlib/data/login/s slwindy.o
2003.06.15 10:22 B F:\login\s\smallfish.o <-- www.vmud.com /lonely/mudlib/data/login/s smallfish.o
2003.06.15 10:22 B F:\login\s\smallpen.o <-- www.vmud.com /lonely/mudlib/data/login/s smallpen.o
2003.06.15 10:23 B F:\login\s\smartfly.o <-- www.vmud.com /lonely/mudlib/data/login/s smartfly.o
2003.06.15 10:23 B F:\login\s\smire.o <-- www.vmud.com /lonely/mudlib/data/login/s smire.o
2003.06.15 10:23 B F:\login\s\smirk.o <-- www.vmud.com /lonely/mudlib/data/login/s smirk.o
2003.06.15 10:23 B F:\login\s\smirt.o <-- www.vmud.com /lonely/mudlib/data/login/s smirt.o
2003.06.15 10:23 B F:\login\s\snake.o <-- www.vmud.com /lonely/mudlib/data/login/s snake.o
2003.06.15 10:23 B F:\login\s\snapple.o <-- www.vmud.com /lonely/mudlib/data/login/s snapple.o
2003.06.15 10:23 B F:\login\s\sneer.o <-- www.vmud.com /lonely/mudlib/data/login/s sneer.o
2003.06.15 10:23 B F:\login\s\snow.o <-- www.vmud.com /lonely/mudlib/data/login/s snow.o
2003.06.15 10:23 B F:\login\s\snowy.o <-- www.vmud.com /lonely/mudlib/data/login/s snowy.o
2003.06.15 10:23 B F:\login\s\sob.o <-- www.vmud.com /lonely/mudlib/data/login/s sob.o
2003.06.15 10:23 B F:\login\s\song.o <-- www.vmud.com /lonely/mudlib/data/login/s song.o
2003.06.15 10:23 B F:\login\s\songa.o <-- www.vmud.com /lonely/mudlib/data/login/s songa.o
2003.06.15 10:23 B F:\login\s\soul.o <-- www.vmud.com /lonely/mudlib/data/login/s soul.o
2003.06.15 10:23 B F:\login\s\south.o <-- www.vmud.com /lonely/mudlib/data/login/s south.o
2003.06.15 10:23 B F:\login\s\southover.o <-- www.vmud.com /lonely/mudlib/data/login/s southover.o
2003.06.15 10:23 B F:\login\s\southwind.o <-- www.vmud.com /lonely/mudlib/data/login/s southwind.o
2003.06.15 10:23 B F:\login\s\spear.o <-- www.vmud.com /lonely/mudlib/data/login/s spear.o
2003.06.15 10:23 B F:\login\s\special.o <-- www.vmud.com /lonely/mudlib/data/login/s special.o
2003.06.15 10:23 B F:\login\s\spooks.o <-- www.vmud.com /lonely/mudlib/data/login/s spooks.o
2003.06.15 10:23 B F:\login\s\ssss.o <-- www.vmud.com /lonely/mudlib/data/login/s ssss.o
2003.06.15 10:23 B F:\login\s\sssss.o <-- www.vmud.com /lonely/mudlib/data/login/s sssss.o
2003.06.15 10:23 B F:\login\s\star.o <-- www.vmud.com /lonely/mudlib/data/login/s star.o
2003.06.15 10:23 B F:\login\s\starcom.o <-- www.vmud.com /lonely/mudlib/data/login/s starcom.o
2003.06.15 10:23 B F:\login\s\starry.o <-- www.vmud.com /lonely/mudlib/data/login/s starry.o
2003.06.15 10:23 B F:\login\s\steal.o <-- www.vmud.com /lonely/mudlib/data/login/s steal.o
2003.06.15 10:23 B F:\login\s\stealer.o <-- www.vmud.com /lonely/mudlib/data/login/s stealer.o
2003.06.15 10:23 B F:\login\s\steey.o <-- www.vmud.com /lonely/mudlib/data/login/s steey.o
2003.06.15 10:23 B F:\login\s\stone.o <-- www.vmud.com /lonely/mudlib/data/login/s stone.o
2003.06.15 10:23 B F:\login\s\storm.o <-- www.vmud.com /lonely/mudlib/data/login/s storm.o
2003.06.15 10:23 B F:\login\s\stormdevil.o <-- www.vmud.com /lonely/mudlib/data/login/s stormdevil.o
2003.06.15 10:23 B F:\login\s\strong.o <-- www.vmud.com /lonely/mudlib/data/login/s strong.o
2003.06.15 10:23 B F:\login\s\sucker.o <-- www.vmud.com /lonely/mudlib/data/login/s sucker.o
2003.06.15 10:23 B F:\login\s\suicide.o <-- www.vmud.com /lonely/mudlib/data/login/s suicide.o
2003.06.15 10:23 B F:\login\s\sula.o <-- www.vmud.com /lonely/mudlib/data/login/s sula.o
2003.06.15 10:23 B F:\login\s\sun.o <-- www.vmud.com /lonely/mudlib/data/login/s sun.o
2003.06.15 10:23 B F:\login\s\sunny.o <-- www.vmud.com /lonely/mudlib/data/login/s sunny.o
2003.06.15 10:23 B F:\login\s\super.o <-- www.vmud.com /lonely/mudlib/data/login/s super.o
2003.06.15 10:23 B F:\login\s\suphan.o <-- www.vmud.com /lonely/mudlib/data/login/s suphan.o
2003.06.15 10:23 B F:\login\s\suqe.o <-- www.vmud.com /lonely/mudlib/data/login/s suqe.o
2003.06.15 10:23 B F:\login\s\swei.o <-- www.vmud.com /lonely/mudlib/data/login/s swei.o
2003.06.15 10:23 B F:\login\s\sword.o <-- www.vmud.com /lonely/mudlib/data/login/s sword.o
2003.06.15 10:23 B F:\login\s\sworda.o <-- www.vmud.com /lonely/mudlib/data/login/s sworda.o
2003.06.15 10:23 B F:\login\s\swordb.o <-- www.vmud.com /lonely/mudlib/data/login/s swordb.o
2003.06.15 10:23 B F:\login\s\swordc.o <-- www.vmud.com /lonely/mudlib/data/login/s swordc.o
2003.06.15 10:23 B F:\login\s\swordd.o <-- www.vmud.com /lonely/mudlib/data/login/s swordd.o
2003.06.15 10:23 B F:\login\s\swordkuang.o <-- www.vmud.com /lonely/mudlib/data/login/s swordkuang.o
2003.06.15 10:23 B F:\login\s\swordshen.o <-- www.vmud.com /lonely/mudlib/data/login/s swordshen.o
2003.06.15 10:23 B F:\login\s\swordsheng.o <-- www.vmud.com /lonely/mudlib/data/login/s swordsheng.o
2003.06.15 10:23 B F:\login\s\swordzong.o <-- www.vmud.com /lonely/mudlib/data/login/s swordzong.o
2003.06.15 10:23 B F:\login\s\sys.o <-- www.vmud.com /lonely/mudlib/data/login/s sys.o
