2003.06.13 23:17 A F:\data\item\ring\ayumi.c <-- www.vmud.com /lonely/mudlib/data/item/ring ayumi.c
2003.06.13 23:17 A F:\data\item\ring\coolgirl.c <-- www.vmud.com /lonely/mudlib/data/item/ring coolgirl.c
2003.06.13 23:17 A F:\data\item\ring\haner.c <-- www.vmud.com /lonely/mudlib/data/item/ring haner.c
2003.06.13 23:17 A F:\data\item\ring\hanxx.c <-- www.vmud.com /lonely/mudlib/data/item/ring hanxx.c
2003.06.13 23:17 A F:\data\item\ring\haolp.c <-- www.vmud.com /lonely/mudlib/data/item/ring haolp.c
2003.06.13 23:17 A F:\data\item\ring\hongdou.c <-- www.vmud.com /lonely/mudlib/data/item/ring hongdou.c
2003.06.13 23:17 A F:\data\item\ring\mai.c <-- www.vmud.com /lonely/mudlib/data/item/ring mai.c
2003.06.13 23:17 A F:\data\item\ring\maifans.c <-- www.vmud.com /lonely/mudlib/data/item/ring maifans.c
2003.06.13 23:17 A F:\data\item\ring\mhyj.c <-- www.vmud.com /lonely/mudlib/data/item/ring mhyj.c
2003.06.13 23:17 A F:\data\item\ring\ouyanger.c <-- www.vmud.com /lonely/mudlib/data/item/ring ouyanger.c
2003.06.13 23:17 A F:\data\item\ring\qiankun.c <-- www.vmud.com /lonely/mudlib/data/item/ring qiankun.c
2003.06.13 23:17 A F:\data\item\ring\qinger.c <-- www.vmud.com /lonely/mudlib/data/item/ring qinger.c
2003.06.13 23:17 A F:\data\item\ring\roujing.c <-- www.vmud.com /lonely/mudlib/data/item/ring roujing.c
2003.06.13 23:17 A F:\data\item\ring\sad.c <-- www.vmud.com /lonely/mudlib/data/item/ring sad.c
2003.06.13 23:17 A F:\data\item\ring\setty.c <-- www.vmud.com /lonely/mudlib/data/item/ring setty.c
2003.06.13 23:17 A F:\data\item\ring\sinb.c <-- www.vmud.com /lonely/mudlib/data/item/ring sinb.c
2003.06.13 23:17 A F:\data\item\ring\slwind.c <-- www.vmud.com /lonely/mudlib/data/item/ring slwind.c
2003.06.13 23:17 A F:\data\item\ring\snowy.c <-- www.vmud.com /lonely/mudlib/data/item/ring snowy.c
2003.06.13 23:17 A F:\data\item\ring\tang.c <-- www.vmud.com /lonely/mudlib/data/item/ring tang.c
2003.06.13 23:17 A F:\data\item\ring\xlz.c <-- www.vmud.com /lonely/mudlib/data/item/ring xlz.c
2003.06.13 23:17 A F:\data\item\ring\xxhan.c <-- www.vmud.com /lonely/mudlib/data/item/ring xxhan.c
2003.06.13 23:17 A F:\data\item\ring\yao.c <-- www.vmud.com /lonely/mudlib/data/item/ring yao.c
2003.06.13 23:17 A F:\data\item\ring\yuxiao.c <-- www.vmud.com /lonely/mudlib/data/item/ring yuxiao.c
2003.06.13 23:17 A F:\data\item\ring\yzhang.c <-- www.vmud.com /lonely/mudlib/data/item/ring yzhang.c
2003.06.13 23:17 A F:\data\item\ring\zhuyun.c <-- www.vmud.com /lonely/mudlib/data/item/ring zhuyun.c
2003.06.13 23:17 A F:\data\item\ring\zilei.c <-- www.vmud.com /lonely/mudlib/data/item/ring zilei.c
2003.06.15 10:59 B F:\data\item\ring\WS_FTP.LOG <-- 61.128.162.80 /nitan/data/item/ring WS_FTP.LOG
2003.06.15 10:59 B F:\data\item\ring\xlz.c <-- 61.128.162.80 /nitan/data/item/ring xlz.c
2003.06.15 10:59 B F:\data\item\ring\xxhan.c <-- 61.128.162.80 /nitan/data/item/ring xxhan.c
2003.06.15 10:59 B F:\data\item\ring\yao.c <-- 61.128.162.80 /nitan/data/item/ring yao.c
2003.06.15 10:59 B F:\data\item\ring\yuxiao.c <-- 61.128.162.80 /nitan/data/item/ring yuxiao.c
2003.06.15 10:59 B F:\data\item\ring\yzhang.c <-- 61.128.162.80 /nitan/data/item/ring yzhang.c
2003.06.15 10:59 B F:\data\item\ring\zhuyun.c <-- 61.128.162.80 /nitan/data/item/ring zhuyun.c
2003.06.15 10:59 B F:\data\item\ring\zilei.c <-- 61.128.162.80 /nitan/data/item/ring zilei.c
2003.06.15 23:28 A F:\data\item\ring\ayumi.c <-- www.vmud.com /lonely/mudlib/data/item/ring ayumi.c
2003.06.15 23:28 A F:\data\item\ring\coolgirl.c <-- www.vmud.com /lonely/mudlib/data/item/ring coolgirl.c
2003.06.15 23:28 A F:\data\item\ring\haner.c <-- www.vmud.com /lonely/mudlib/data/item/ring haner.c
2003.06.15 23:28 A F:\data\item\ring\hanxx.c <-- www.vmud.com /lonely/mudlib/data/item/ring hanxx.c
2003.06.15 23:28 A F:\data\item\ring\haolp.c <-- www.vmud.com /lonely/mudlib/data/item/ring haolp.c
2003.06.15 23:28 A F:\data\item\ring\hongdou.c <-- www.vmud.com /lonely/mudlib/data/item/ring hongdou.c
2003.06.15 23:28 A F:\data\item\ring\mai.c <-- www.vmud.com /lonely/mudlib/data/item/ring mai.c
2003.06.15 23:28 A F:\data\item\ring\maifans.c <-- www.vmud.com /lonely/mudlib/data/item/ring maifans.c
2003.06.15 23:28 A F:\data\item\ring\mhyj.c <-- www.vmud.com /lonely/mudlib/data/item/ring mhyj.c
2003.06.15 23:28 A F:\data\item\ring\ouyanger.c <-- www.vmud.com /lonely/mudlib/data/item/ring ouyanger.c
2003.06.15 23:28 A F:\data\item\ring\qiankun.c <-- www.vmud.com /lonely/mudlib/data/item/ring qiankun.c
2003.06.15 23:28 A F:\data\item\ring\qinger.c <-- www.vmud.com /lonely/mudlib/data/item/ring qinger.c
2003.06.15 23:28 A F:\data\item\ring\roujing.c <-- www.vmud.com /lonely/mudlib/data/item/ring roujing.c
2003.06.15 23:28 A F:\data\item\ring\sad.c <-- www.vmud.com /lonely/mudlib/data/item/ring sad.c
2003.06.15 23:28 A F:\data\item\ring\setty.c <-- www.vmud.com /lonely/mudlib/data/item/ring setty.c
2003.06.15 23:28 A F:\data\item\ring\sinb.c <-- www.vmud.com /lonely/mudlib/data/item/ring sinb.c
2003.06.15 23:28 A F:\data\item\ring\slwind.c <-- www.vmud.com /lonely/mudlib/data/item/ring slwind.c
2003.06.15 23:28 A F:\data\item\ring\snowy.c <-- www.vmud.com /lonely/mudlib/data/item/ring snowy.c
2003.06.15 23:28 A F:\data\item\ring\tang.c <-- www.vmud.com /lonely/mudlib/data/item/ring tang.c
2003.06.15 23:28 A F:\data\item\ring\xlz.c <-- www.vmud.com /lonely/mudlib/data/item/ring xlz.c
2003.06.15 23:28 A F:\data\item\ring\xxhan.c <-- www.vmud.com /lonely/mudlib/data/item/ring xxhan.c
2003.06.15 23:28 A F:\data\item\ring\yao.c <-- www.vmud.com /lonely/mudlib/data/item/ring yao.c
2003.06.15 23:28 A F:\data\item\ring\yuxiao.c <-- www.vmud.com /lonely/mudlib/data/item/ring yuxiao.c
2003.06.15 23:28 A F:\data\item\ring\yzhang.c <-- www.vmud.com /lonely/mudlib/data/item/ring yzhang.c
2003.06.15 23:28 A F:\data\item\ring\zhuyun.c <-- www.vmud.com /lonely/mudlib/data/item/ring zhuyun.c
2003.06.15 23:28 A F:\data\item\ring\zilei.c <-- www.vmud.com /lonely/mudlib/data/item/ring zilei.c
