2003.06.15 10:17 B F:\login\l\ladykiller.o <-- www.vmud.com /lonely/mudlib/data/login/l ladykiller.o
2003.06.15 10:17 B F:\login\l\lakers.o <-- www.vmud.com /lonely/mudlib/data/login/l lakers.o
2003.06.15 10:17 B F:\login\l\land.o <-- www.vmud.com /lonely/mudlib/data/login/l land.o
2003.06.15 10:17 B F:\login\l\langgui.o <-- www.vmud.com /lonely/mudlib/data/login/l langgui.o
2003.06.15 10:17 B F:\login\l\last.o <-- www.vmud.com /lonely/mudlib/data/login/l last.o
2003.06.15 10:17 B F:\login\l\laugh.o <-- www.vmud.com /lonely/mudlib/data/login/l laugh.o
2003.06.15 10:17 B F:\login\l\laurens.o <-- www.vmud.com /lonely/mudlib/data/login/l laurens.o
2003.06.15 10:17 B F:\login\l\layer.o <-- www.vmud.com /lonely/mudlib/data/login/l layer.o
2003.06.15 10:17 B F:\login\l\lays.o <-- www.vmud.com /lonely/mudlib/data/login/l lays.o
2003.06.15 10:17 B F:\login\l\lbx.o <-- www.vmud.com /lonely/mudlib/data/login/l lbx.o
2003.06.15 10:17 B F:\login\l\leeoh.o <-- www.vmud.com /lonely/mudlib/data/login/l leeoh.o
2003.06.15 10:17 B F:\login\l\lelele.o <-- www.vmud.com /lonely/mudlib/data/login/l lelele.o
2003.06.15 10:17 B F:\login\l\lemon.o <-- www.vmud.com /lonely/mudlib/data/login/l lemon.o
2003.06.15 10:17 B F:\login\l\leontin.o <-- www.vmud.com /lonely/mudlib/data/login/l leontin.o
2003.06.15 10:17 B F:\login\l\leooo.o <-- www.vmud.com /lonely/mudlib/data/login/l leooo.o
2003.06.15 10:17 B F:\login\l\lerya.o <-- www.vmud.com /lonely/mudlib/data/login/l lerya.o
2003.06.15 10:17 B F:\login\l\lianni.o <-- www.vmud.com /lonely/mudlib/data/login/l lianni.o
2003.06.15 10:17 B F:\login\l\lianyi.o <-- www.vmud.com /lonely/mudlib/data/login/l lianyi.o
2003.06.15 10:17 B F:\login\l\libai.o <-- www.vmud.com /lonely/mudlib/data/login/l libai.o
2003.06.15 10:17 B F:\login\l\lili.o <-- www.vmud.com /lonely/mudlib/data/login/l lili.o
2003.06.15 10:17 B F:\login\l\lilin.o <-- www.vmud.com /lonely/mudlib/data/login/l lilin.o
2003.06.15 10:17 B F:\login\l\lilina.o <-- www.vmud.com /lonely/mudlib/data/login/l lilina.o
2003.06.15 10:17 B F:\login\l\limmdy.o <-- www.vmud.com /lonely/mudlib/data/login/l limmdy.o
2003.06.15 10:17 B F:\login\l\limpid.o <-- www.vmud.com /lonely/mudlib/data/login/l limpid.o
2003.06.15 10:18 B F:\login\l\lin.o <-- www.vmud.com /lonely/mudlib/data/login/l lin.o
2003.06.15 10:18 B F:\login\l\linchong.o <-- www.vmud.com /lonely/mudlib/data/login/l linchong.o
2003.06.15 10:18 B F:\login\l\linclon.o <-- www.vmud.com /lonely/mudlib/data/login/l linclon.o
2003.06.15 10:18 B F:\login\l\ling.o <-- www.vmud.com /lonely/mudlib/data/login/l ling.o
2003.06.15 10:18 B F:\login\l\linyueru.o <-- www.vmud.com /lonely/mudlib/data/login/l linyueru.o
2003.06.15 10:18 B F:\login\l\lion.o <-- www.vmud.com /lonely/mudlib/data/login/l lion.o
2003.06.15 10:18 B F:\login\l\liqueur.o <-- www.vmud.com /lonely/mudlib/data/login/l liqueur.o
2003.06.15 10:18 B F:\login\l\lista.o <-- www.vmud.com /lonely/mudlib/data/login/l lista.o
2003.06.15 10:18 B F:\login\l\live.o <-- www.vmud.com /lonely/mudlib/data/login/l live.o
2003.06.15 10:18 B F:\login\l\liwami.o <-- www.vmud.com /lonely/mudlib/data/login/l liwami.o
2003.06.15 10:18 B F:\login\l\lixingui.o <-- www.vmud.com /lonely/mudlib/data/login/l lixingui.o
2003.06.15 10:18 B F:\login\l\ljlj.o <-- www.vmud.com /lonely/mudlib/data/login/l ljlj.o
2003.06.15 10:18 B F:\login\l\lllllb.o <-- www.vmud.com /lonely/mudlib/data/login/l lllllb.o
2003.06.15 10:18 B F:\login\l\lloi.o <-- www.vmud.com /lonely/mudlib/data/login/l lloi.o
2003.06.15 10:18 B F:\login\l\llow.o <-- www.vmud.com /lonely/mudlib/data/login/l llow.o
2003.06.15 10:18 B F:\login\l\lmbc.o <-- www.vmud.com /lonely/mudlib/data/login/l lmbc.o
2003.06.15 10:18 B F:\login\l\local.o <-- www.vmud.com /lonely/mudlib/data/login/l local.o
2003.06.15 10:18 B F:\login\l\lock.o <-- www.vmud.com /lonely/mudlib/data/login/l lock.o
2003.06.15 10:18 B F:\login\l\lok.o <-- www.vmud.com /lonely/mudlib/data/login/l lok.o
2003.06.15 10:18 B F:\login\l\lolo.o <-- www.vmud.com /lonely/mudlib/data/login/l lolo.o
2003.06.15 10:18 B F:\login\l\lom.o <-- www.vmud.com /lonely/mudlib/data/login/l lom.o
2003.06.15 10:18 B F:\login\l\lonely.o <-- www.vmud.com /lonely/mudlib/data/login/l lonely.o
2003.06.15 10:18 B F:\login\l\longsky.o <-- www.vmud.com /lonely/mudlib/data/login/l longsky.o
2003.06.15 10:18 B F:\login\l\longwang.o <-- www.vmud.com /lonely/mudlib/data/login/l longwang.o
2003.06.15 10:18 B F:\login\l\look.o <-- www.vmud.com /lonely/mudlib/data/login/l look.o
2003.06.15 10:18 B F:\login\l\lookid.o <-- www.vmud.com /lonely/mudlib/data/login/l lookid.o
2003.06.15 10:18 B F:\login\l\lookit.o <-- www.vmud.com /lonely/mudlib/data/login/l lookit.o
2003.06.15 10:18 B F:\login\l\loop.o <-- www.vmud.com /lonely/mudlib/data/login/l loop.o
2003.06.15 10:18 B F:\login\l\lopo.o <-- www.vmud.com /lonely/mudlib/data/login/l lopo.o
2003.06.15 10:18 B F:\login\l\lori.o <-- www.vmud.com /lonely/mudlib/data/login/l lori.o
2003.06.15 10:18 B F:\login\l\lostall.o <-- www.vmud.com /lonely/mudlib/data/login/l lostall.o
2003.06.15 10:18 B F:\login\l\louis.o <-- www.vmud.com /lonely/mudlib/data/login/l louis.o
2003.06.15 10:18 B F:\login\l\loulou.o <-- www.vmud.com /lonely/mudlib/data/login/l loulou.o
2003.06.15 10:18 B F:\login\l\love.o <-- www.vmud.com /lonely/mudlib/data/login/l love.o
2003.06.15 10:18 B F:\login\l\lovell.o <-- www.vmud.com /lonely/mudlib/data/login/l lovell.o
2003.06.15 10:18 B F:\login\l\lovewho.o <-- www.vmud.com /lonely/mudlib/data/login/l lovewho.o
2003.06.15 10:18 B F:\login\l\lubaby.o <-- www.vmud.com /lonely/mudlib/data/login/l lubaby.o
2003.06.15 10:18 B F:\login\l\lubei.o <-- www.vmud.com /lonely/mudlib/data/login/l lubei.o
2003.06.15 10:18 B F:\login\l\lucifer.o <-- www.vmud.com /lonely/mudlib/data/login/l lucifer.o
2003.06.15 10:18 B F:\login\l\lucky.o <-- www.vmud.com /lonely/mudlib/data/login/l lucky.o
2003.06.15 10:18 B F:\login\l\lueis.o <-- www.vmud.com /lonely/mudlib/data/login/l lueis.o
2003.06.15 10:18 B F:\login\l\luna.o <-- www.vmud.com /lonely/mudlib/data/login/l luna.o
2003.06.15 10:18 B F:\login\l\luoji.o <-- www.vmud.com /lonely/mudlib/data/login/l luoji.o
2003.06.15 10:18 B F:\login\l\luoluo.o <-- www.vmud.com /lonely/mudlib/data/login/l luoluo.o
2003.06.15 10:18 B F:\login\l\lvbu.o <-- www.vmud.com /lonely/mudlib/data/login/l lvbu.o
2003.06.15 10:18 B F:\login\l\lwb.o <-- www.vmud.com /lonely/mudlib/data/login/l lwb.o
2003.06.15 10:18 B F:\login\l\lwx.o <-- www.vmud.com /lonely/mudlib/data/login/l lwx.o
2003.06.15 10:18 B F:\login\l\lxn.o <-- www.vmud.com /lonely/mudlib/data/login/l lxn.o
2003.06.15 10:18 B F:\login\l\lxw.o <-- www.vmud.com /lonely/mudlib/data/login/l lxw.o
2003.06.15 10:18 B F:\login\l\lywin.o <-- www.vmud.com /lonely/mudlib/data/login/l lywin.o
