
<---Lypeng Mud 实验室: MudOs v22pre11 (by wwj,Jan  1 1999) startup on Microsoft Windows 98 at Sun Jul 01 09:06:47 2001

using config file: C:\aa\new\config.study.txt
Can't find "mudos", ignoring old binaries.
Try invoking the driver using the full pathname.
System Error: init_addr_server: connect: WSAECONNREFUSED
]simul_efun loaded successfully.

Loading preloaded files ...
<catch 模式>: 
执行时段错误: *Inherited file '/feature/dbase' does not exist!
程式: adm/obj/master.c:98
物件: adm/obj/master
函数呼叫回溯:
preload()                 adm/obj/master.c:98
CATCH()                   adm/obj/master.c:98
<catch 模式>: 
执行时段错误: *Inherited file '/feature/save' does not exist!
程式: adm/obj/master.c:98
物件: adm/obj/master
函数呼叫回溯:
preload()                 adm/obj/master.c:98
CATCH()                   adm/obj/master.c:98
<catch 模式>: 
执行时段错误: *Inherited file '/feature/save' does not exist!
程式: adm/obj/master.c:98
物件: adm/obj/master
函数呼叫回溯:
preload()                 adm/obj/master.c:98
CATCH()                   adm/obj/master.c:98
Initializations complete.

Accepting connections on port 3000.
Accepting connections on port 3001.
<catch 模式>: 
执行时段错误: *Inherited file '/feature/dbase' does not exist!
程式: adm/obj/master.c:13
物件: adm/obj/master
函数呼叫回溯:
connect()                 adm/obj/master.c:13
CATCH()                   adm/obj/master.c:13
Connection from 202.38.84.164 aborted.
<catch 模式>: 
执行时段错误: *Inherited file '/feature/dbase' does not exist!
程式: adm/obj/master.c:13
物件: adm/obj/master
函数呼叫回溯:
connect()                 adm/obj/master.c:13
CATCH()                   adm/obj/master.c:13
Connection from 202.38.84.164 aborted.
<catch 模式>: 
执行时段错误: *Inherited file '/feature/dbase' does not exist!
程式: adm/obj/master.c:13
物件: adm/obj/master
函数呼叫回溯:
connect()                 adm/obj/master.c:13
CATCH()                   adm/obj/master.c:13
Connection from 202.38.84.164 aborted.
Initializing internal tables....
