Failed to load condition daemon /kungfu/condition/cuixin_poison, removed from clone/user/user#2328914 ("留云")
Error: *call_other() couldn't find object

Failed to load condition daemon /kungfu/condition/cuixin_poison, removed from clone/user/user#3013473 ("留云")
Error: *call_other() couldn't find object

Failed to load condition daemon /kungfu/condition/cuixin_poison, removed from clone/user/user#342 ("扮猪")
Error: *call_other() couldn't find object

Failed to load condition daemon /kungfu/condition/cuixin_poison, removed from clone/user/user#1261 ("必须的必")
Error: *call_other() couldn't find object

Failed to load condition daemon /kungfu/condition/cuixin_poison, removed from clone/user/user#1261 ("必须的必")
Error: *call_other() couldn't find object

Failed to load condition daemon /kungfu/condition/cuixin_poison, removed from clone/user/user#1261 ("必须的必")
Error: *call_other() couldn't find object

Failed to load condition daemon /kungfu/condition/cuixin_poison, removed from clone/user/user#1261 ("必须的必")
Error: *call_other() couldn't find object

Failed to load condition daemon /kungfu/condition/cuixin_poison, removed from clone/user/user#1261 ("必须的必")
Error: *call_other() couldn't find object

Failed to load condition daemon /kungfu/condition/cuixin_poison, removed from clone/user/user#1261 ("必须的必")
Error: *call_other() couldn't find object

Failed to load condition daemon /kungfu/condition/cuixin_poison, removed from clone/user/user#4503 ("上官贝")
Error: *call_other() couldn't find object

Failed to load condition daemon /kungfu/condition/cuixin_poison, removed from clone/user/user#127 ("林子")
Error: *call_other() couldn't find object

Failed to load condition daemon /kungfu/condition/cuixin_poison, removed from clone/user/user#127 ("林子")
Error: *call_other() couldn't find object

