Can't find "mudos", ignoring old binaries.
Try invoking the driver using the full pathname.
System Error: init_addr_server: connect: 由于目标机器积极拒绝，无法连接。


Loading preloaded files ...
Initializations complete.

Accepting connections on port 9000.
Accepting connections on port 9000.

执行时段错误：*Bad argument 1 to call_other()
Expected: string or array or object Got: 0.

程式：adm/obj/simul_efun.c 第 276 行
物件: /adm/obj/simul_efun
呼叫来自：adm/daemons/backupd.c 的 heart_beat() 第 85 行，物件： adm/daemons/backupd，地方:<none>
呼叫来自：adm/daemons/backupd.c 的 change_state() 第 120 行，物件： adm/daemons/backupd，地方:<none>
呼叫来自：adm/daemons/backupd.c 的 backup_data() 第 197 行，物件： adm/daemons/backupd，地方:<none>
呼叫来自：cmds/adm/adrm.c 的 rm_dir() 第 96 行，物件： cmds/adm/adrm，地方:<none>
呼叫来自：cmds/adm/adrm.c 的 rm_dir() 第 100 行，物件： cmds/adm/adrm，地方:<none>
呼叫来自：adm/obj/simul_efun.c 的 rmdir() 第 276 行，物件： adm/obj/simul_efun，地方:<none>
Heart beat in adm/daemons/backupd turned off.

执行时段错误：*Function for verb 'open' not found.

程式：inherit/char/char.c 第 172 行
物件: /d/city/npc/bigeye#627
呼叫来自：inherit/char/char.c 的 heart_beat() 第 107 行，物件： d/city/npc/bigeye#627 ("千里眼")，地方:/d/wizard/guest_room
呼叫来自：inherit/char/npc.c 的 chat() 第 133 行，物件： d/city/npc/bigeye#627 ("千里眼")，地方:/d/wizard/guest_room
呼叫来自：<function> 的 <function>() 第 0 行，物件： d/city/npc/bigeye#627 ("千里眼")，地方:/d/wizard/guest_room
呼叫来自：d/city/npc/bigeye.c 的 <function>() 第 23 行，物件： d/city/npc/bigeye#627 ("千里眼")，地方:/d/wizard/guest_room
呼叫来自：inherit/char/char.c 的 command() 第 172 行，物件： d/city/npc/bigeye#627 ("千里眼")，地方:/d/wizard/guest_room
Heart beat in d/city/npc/bigeye#627 turned off.
