99.03.14 13:14 B f:\mirror1\d\item\make\adx1761.c --> www1.yn.cninfo.net /mudcctx/mudlib/d/item/make adx1761.c
99.03.14 13:14 B f:\mirror1\d\item\make\adx3463.c --> www1.yn.cninfo.net /mudcctx/mudlib/d/item/make adx3463.c
99.03.14 13:14 B f:\mirror1\d\item\make\adx4242.c --> www1.yn.cninfo.net /mudcctx/mudlib/d/item/make adx4242.c
99.03.14 13:14 B f:\mirror1\d\item\make\adx5073.c --> www1.yn.cninfo.net /mudcctx/mudlib/d/item/make adx5073.c
99.03.14 13:14 B f:\mirror1\d\item\make\adx6723.c --> www1.yn.cninfo.net /mudcctx/mudlib/d/item/make adx6723.c
99.03.14 13:14 B f:\mirror1\d\item\make\army5610.c --> www1.yn.cninfo.net /mudcctx/mudlib/d/item/make army5610.c
99.03.14 13:14 B f:\mirror1\d\item\make\bujingyun4775.c --> www1.yn.cninfo.net /mudcctx/mudlib/d/item/make bujingyun4775.c
99.03.14 13:14 B f:\mirror1\d\item\make\bujingyun7907.c --> www1.yn.cninfo.net /mudcctx/mudlib/d/item/make bujingyun7907.c
99.03.14 13:14 B f:\mirror1\d\item\make\bujingyun8761.c --> www1.yn.cninfo.net /mudcctx/mudlib/d/item/make bujingyun8761.c
99.03.14 13:14 B f:\mirror1\d\item\make\chong7151.c --> www1.yn.cninfo.net /mudcctx/mudlib/d/item/make chong7151.c
99.03.14 13:14 B f:\mirror1\d\item\make\congw1736.c --> www1.yn.cninfo.net /mudcctx/mudlib/d/item/make congw1736.c
99.03.14 13:14 B f:\mirror1\d\item\make\congw6602.c --> www1.yn.cninfo.net /mudcctx/mudlib/d/item/make congw6602.c
99.03.14 13:14 B f:\mirror1\d\item\make\cxin9345.c --> www1.yn.cninfo.net /mudcctx/mudlib/d/item/make cxin9345.c
99.03.14 13:14 B f:\mirror1\d\item\make\dbao9032.c --> www1.yn.cninfo.net /mudcctx/mudlib/d/item/make dbao9032.c
99.03.14 13:14 B f:\mirror1\d\item\make\dfx5368.c --> www1.yn.cninfo.net /mudcctx/mudlib/d/item/make dfx5368.c
99.03.14 13:14 B f:\mirror1\d\item\make\dfx7292.c --> www1.yn.cninfo.net /mudcctx/mudlib/d/item/make dfx7292.c
99.03.14 13:14 B f:\mirror1\d\item\make\doing7453.c --> www1.yn.cninfo.net /mudcctx/mudlib/d/item/make doing7453.c
99.03.14 13:14 B f:\mirror1\d\item\make\dyu3256.c --> www1.yn.cninfo.net /mudcctx/mudlib/d/item/make dyu3256.c
99.03.14 13:14 B f:\mirror1\d\item\make\dyu7412.c --> www1.yn.cninfo.net /mudcctx/mudlib/d/item/make dyu7412.c
99.03.14 13:14 B f:\mirror1\d\item\make\eva2673.c --> www1.yn.cninfo.net /mudcctx/mudlib/d/item/make eva2673.c
99.03.14 13:14 B f:\mirror1\d\item\make\fire1448.c --> www1.yn.cninfo.net /mudcctx/mudlib/d/item/make fire1448.c
99.03.14 13:14 B f:\mirror1\d\item\make\goby8736.c --> www1.yn.cninfo.net /mudcctx/mudlib/d/item/make goby8736.c
99.03.14 13:14 B f:\mirror1\d\item\make\goby9582.c --> www1.yn.cninfo.net /mudcctx/mudlib/d/item/make goby9582.c
99.03.14 13:14 B f:\mirror1\d\item\make\hawk6945.c --> www1.yn.cninfo.net /mudcctx/mudlib/d/item/make hawk6945.c
99.03.14 13:14 B f:\mirror1\d\item\make\hch9410.c --> www1.yn.cninfo.net /mudcctx/mudlib/d/item/make hch9410.c
99.03.14 13:14 B f:\mirror1\d\item\make\heisei9564.c --> www1.yn.cninfo.net /mudcctx/mudlib/d/item/make heisei9564.c
99.03.14 13:14 B f:\mirror1\d\item\make\hem5048.c --> www1.yn.cninfo.net /mudcctx/mudlib/d/item/make hem5048.c
99.03.14 13:14 B f:\mirror1\d\item\make\hhh3785.c --> www1.yn.cninfo.net /mudcctx/mudlib/d/item/make hhh3785.c
99.03.14 13:14 B f:\mirror1\d\item\make\hhh5193.c --> www1.yn.cninfo.net /mudcctx/mudlib/d/item/make hhh5193.c
99.03.14 13:14 B f:\mirror1\d\item\make\hwq1424.c --> www1.yn.cninfo.net /mudcctx/mudlib/d/item/make hwq1424.c
99.03.14 13:14 B f:\mirror1\d\item\make\hwq5725.c --> www1.yn.cninfo.net /mudcctx/mudlib/d/item/make hwq5725.c
99.03.14 13:14 B f:\mirror1\d\item\make\hwq7814.c --> www1.yn.cninfo.net /mudcctx/mudlib/d/item/make hwq7814.c
99.03.14 13:14 B f:\mirror1\d\item\make\hwq7835.c --> www1.yn.cninfo.net /mudcctx/mudlib/d/item/make hwq7835.c
99.03.14 13:14 B f:\mirror1\d\item\make\jackyboy1811.c --> www1.yn.cninfo.net /mudcctx/mudlib/d/item/make jackyboy1811.c
99.03.14 13:14 B f:\mirror1\d\item\make\jackyboy4156.c --> www1.yn.cninfo.net /mudcctx/mudlib/d/item/make jackyboy4156.c
99.03.14 13:14 B f:\mirror1\d\item\make\jhs5103.c --> www1.yn.cninfo.net /mudcctx/mudlib/d/item/make jhs5103.c
99.03.14 13:14 B f:\mirror1\d\item\make\juy3496.c --> www1.yn.cninfo.net /mudcctx/mudlib/d/item/make juy3496.c
99.03.14 13:14 B f:\mirror1\d\item\make\juy8496.c --> www1.yn.cninfo.net /mudcctx/mudlib/d/item/make juy8496.c
99.03.14 13:14 B f:\mirror1\d\item\make\keyin1252.c --> www1.yn.cninfo.net /mudcctx/mudlib/d/item/make keyin1252.c
99.03.14 13:14 B f:\mirror1\d\item\make\keyin1387.c --> www1.yn.cninfo.net /mudcctx/mudlib/d/item/make keyin1387.c
99.03.14 13:14 B f:\mirror1\d\item\make\keyin1392.c --> www1.yn.cninfo.net /mudcctx/mudlib/d/item/make keyin1392.c
99.03.14 13:14 B f:\mirror1\d\item\make\keyin1801.c --> www1.yn.cninfo.net /mudcctx/mudlib/d/item/make keyin1801.c
99.03.14 13:14 B f:\mirror1\d\item\make\keyin2650.c --> www1.yn.cninfo.net /mudcctx/mudlib/d/item/make keyin2650.c
99.03.14 13:14 B f:\mirror1\d\item\make\keyin2876.c --> www1.yn.cninfo.net /mudcctx/mudlib/d/item/make keyin2876.c
99.03.14 13:14 B f:\mirror1\d\item\make\keyin4421.c --> www1.yn.cninfo.net /mudcctx/mudlib/d/item/make keyin4421.c
99.03.14 13:14 B f:\mirror1\d\item\make\keyin4723.c --> www1.yn.cninfo.net /mudcctx/mudlib/d/item/make keyin4723.c
99.03.14 13:14 B f:\mirror1\d\item\make\keyin5846.c --> www1.yn.cninfo.net /mudcctx/mudlib/d/item/make keyin5846.c
99.03.14 13:14 B f:\mirror1\d\item\make\keyin7696.c --> www1.yn.cninfo.net /mudcctx/mudlib/d/item/make keyin7696.c
99.03.14 13:14 B f:\mirror1\d\item\make\keyin7911.c --> www1.yn.cninfo.net /mudcctx/mudlib/d/item/make keyin7911.c
99.03.14 13:14 B f:\mirror1\d\item\make\keyin8025.c --> www1.yn.cninfo.net /mudcctx/mudlib/d/item/make keyin8025.c
99.03.14 13:14 B f:\mirror1\d\item\make\keyin8619.c --> www1.yn.cninfo.net /mudcctx/mudlib/d/item/make keyin8619.c
99.03.14 13:14 B f:\mirror1\d\item\make\keyin8626.c --> www1.yn.cninfo.net /mudcctx/mudlib/d/item/make keyin8626.c
99.03.14 13:14 B f:\mirror1\d\item\make\keyin9246.c --> www1.yn.cninfo.net /mudcctx/mudlib/d/item/make keyin9246.c
99.03.14 13:14 B f:\mirror1\d\item\make\keyin9939.c --> www1.yn.cninfo.net /mudcctx/mudlib/d/item/make keyin9939.c
99.03.14 13:14 B f:\mirror1\d\item\make\letten3307.c --> www1.yn.cninfo.net /mudcctx/mudlib/d/item/make letten3307.c
99.03.14 13:14 B f:\mirror1\d\item\make\lipu6261.c --> www1.yn.cninfo.net /mudcctx/mudlib/d/item/make lipu6261.c
99.03.14 13:14 B f:\mirror1\d\item\make\lsss4087.c --> www1.yn.cninfo.net /mudcctx/mudlib/d/item/make lsss4087.c
99.03.14 13:14 B f:\mirror1\d\item\make\lyl1837.c --> www1.yn.cninfo.net /mudcctx/mudlib/d/item/make lyl1837.c
99.03.14 13:14 B f:\mirror1\d\item\make\lyl3262.c --> www1.yn.cninfo.net /mudcctx/mudlib/d/item/make lyl3262.c
99.03.14 13:14 B f:\mirror1\d\item\make\lyl5431.c --> www1.yn.cninfo.net /mudcctx/mudlib/d/item/make lyl5431.c
99.03.14 13:14 B f:\mirror1\d\item\make\lyl5844.c --> www1.yn.cninfo.net /mudcctx/mudlib/d/item/make lyl5844.c
99.03.14 13:14 B f:\mirror1\d\item\make\lyl7340.c --> www1.yn.cninfo.net /mudcctx/mudlib/d/item/make lyl7340.c
99.03.14 13:14 B f:\mirror1\d\item\make\lyl9069.c --> www1.yn.cninfo.net /mudcctx/mudlib/d/item/make lyl9069.c
99.03.14 13:14 B f:\mirror1\d\item\make\netplay1727.c --> www1.yn.cninfo.net /mudcctx/mudlib/d/item/make netplay1727.c
99.03.14 13:14 B f:\mirror1\d\item\make\noise6996.c --> www1.yn.cninfo.net /mudcctx/mudlib/d/item/make noise6996.c
99.03.14 13:14 B f:\mirror1\d\item\make\pind1138.c --> www1.yn.cninfo.net /mudcctx/mudlib/d/item/make pind1138.c
99.03.14 13:14 B f:\mirror1\d\item\make\pind1280.c --> www1.yn.cninfo.net /mudcctx/mudlib/d/item/make pind1280.c
99.03.14 13:14 B f:\mirror1\d\item\make\pind1364.c --> www1.yn.cninfo.net /mudcctx/mudlib/d/item/make pind1364.c
99.03.14 13:14 B f:\mirror1\d\item\make\pind2045.c --> www1.yn.cninfo.net /mudcctx/mudlib/d/item/make pind2045.c
99.03.14 13:14 B f:\mirror1\d\item\make\rrll8017.c --> www1.yn.cninfo.net /mudcctx/mudlib/d/item/make rrll8017.c
99.03.14 13:14 B f:\mirror1\d\item\make\rui4503.c --> www1.yn.cninfo.net /mudcctx/mudlib/d/item/make rui4503.c
99.03.14 13:14 B f:\mirror1\d\item\make\rui6223.c --> www1.yn.cninfo.net /mudcctx/mudlib/d/item/make rui6223.c
99.03.14 13:14 B f:\mirror1\d\item\make\rui8620.c --> www1.yn.cninfo.net /mudcctx/mudlib/d/item/make rui8620.c
99.03.14 13:14 B f:\mirror1\d\item\make\ste1158.c --> www1.yn.cninfo.net /mudcctx/mudlib/d/item/make ste1158.c
99.03.14 13:14 B f:\mirror1\d\item\make\suyu1767.c --> www1.yn.cninfo.net /mudcctx/mudlib/d/item/make suyu1767.c
99.03.14 13:14 B f:\mirror1\d\item\make\suyu3253.c --> www1.yn.cninfo.net /mudcctx/mudlib/d/item/make suyu3253.c
99.03.14 13:14 B f:\mirror1\d\item\make\suyu3425.c --> www1.yn.cninfo.net /mudcctx/mudlib/d/item/make suyu3425.c
99.03.14 13:14 B f:\mirror1\d\item\make\suyu5729.c --> www1.yn.cninfo.net /mudcctx/mudlib/d/item/make suyu5729.c
99.03.14 13:14 B f:\mirror1\d\item\make\vapour4388.c --> www1.yn.cninfo.net /mudcctx/mudlib/d/item/make vapour4388.c
99.03.14 13:14 B f:\mirror1\d\item\make\vapour6992.c --> www1.yn.cninfo.net /mudcctx/mudlib/d/item/make vapour6992.c
99.03.14 13:14 B f:\mirror1\d\item\make\vapour7677.c --> www1.yn.cninfo.net /mudcctx/mudlib/d/item/make vapour7677.c
99.03.14 13:14 B f:\mirror1\d\item\make\vapour8150.c --> www1.yn.cninfo.net /mudcctx/mudlib/d/item/make vapour8150.c
99.03.14 13:14 B f:\mirror1\d\item\make\water5254.c --> www1.yn.cninfo.net /mudcctx/mudlib/d/item/make water5254.c
99.03.14 13:14 B f:\mirror1\d\item\make\water9599.c --> www1.yn.cninfo.net /mudcctx/mudlib/d/item/make water9599.c
99.03.14 13:14 B f:\mirror1\d\item\make\wus4502.c --> www1.yn.cninfo.net /mudcctx/mudlib/d/item/make wus4502.c
99.03.14 13:14 B f:\mirror1\d\item\make\xemen7190.c --> www1.yn.cninfo.net /mudcctx/mudlib/d/item/make xemen7190.c
99.03.14 13:14 B f:\mirror1\d\item\make\xfeng6569.c --> www1.yn.cninfo.net /mudcctx/mudlib/d/item/make xfeng6569.c
99.03.14 13:14 B f:\mirror1\d\item\make\xfx4951.c --> www1.yn.cninfo.net /mudcctx/mudlib/d/item/make xfx4951.c
99.03.14 13:14 B f:\mirror1\d\item\make\xingplay1344.c --> www1.yn.cninfo.net /mudcctx/mudlib/d/item/make xingplay1344.c
99.03.14 13:14 B f:\mirror1\d\item\make\xixi9026.c --> www1.yn.cninfo.net /mudcctx/mudlib/d/item/make xixi9026.c
99.03.14 13:14 B f:\mirror1\d\item\make\xkm4184.c --> www1.yn.cninfo.net /mudcctx/mudlib/d/item/make xkm4184.c
99.03.14 13:14 B f:\mirror1\d\item\make\xkm6255.c --> www1.yn.cninfo.net /mudcctx/mudlib/d/item/make xkm6255.c
99.03.14 13:14 B f:\mirror1\d\item\make\xkm6501.c --> www1.yn.cninfo.net /mudcctx/mudlib/d/item/make xkm6501.c
99.03.14 13:14 B f:\mirror1\d\item\make\xws3121.c --> www1.yn.cninfo.net /mudcctx/mudlib/d/item/make xws3121.c
99.03.14 13:14 B f:\mirror1\d\item\make\yangx1362.c --> www1.yn.cninfo.net /mudcctx/mudlib/d/item/make yangx1362.c
99.03.14 13:14 B f:\mirror1\d\item\make\yangx1806.c --> www1.yn.cninfo.net /mudcctx/mudlib/d/item/make yangx1806.c
99.03.14 13:14 B f:\mirror1\d\item\make\yangx2836.c --> www1.yn.cninfo.net /mudcctx/mudlib/d/item/make yangx2836.c
99.03.14 13:14 B f:\mirror1\d\item\make\yangx6242.c --> www1.yn.cninfo.net /mudcctx/mudlib/d/item/make yangx6242.c
99.03.14 13:14 B f:\mirror1\d\item\make\yangx7442.c --> www1.yn.cninfo.net /mudcctx/mudlib/d/item/make yangx7442.c
99.03.14 13:14 B f:\mirror1\d\item\make\yangx7845.c --> www1.yn.cninfo.net /mudcctx/mudlib/d/item/make yangx7845.c
99.03.14 13:14 B f:\mirror1\d\item\make\yangx8944.c --> www1.yn.cninfo.net /mudcctx/mudlib/d/item/make yangx8944.c
99.03.14 13:14 B f:\mirror1\d\item\make\yangx9555.c --> www1.yn.cninfo.net /mudcctx/mudlib/d/item/make yangx9555.c
99.03.14 13:14 B f:\mirror1\d\item\make\youyou8189.c --> www1.yn.cninfo.net /mudcctx/mudlib/d/item/make youyou8189.c
99.03.14 13:14 B f:\mirror1\d\item\make\youyou9733.c --> www1.yn.cninfo.net /mudcctx/mudlib/d/item/make youyou9733.c
99.03.14 13:14 B f:\mirror1\d\item\make\yuner3066.c --> www1.yn.cninfo.net /mudcctx/mudlib/d/item/make yuner3066.c
99.03.14 13:14 B f:\mirror1\d\item\make\yuner3831.c --> www1.yn.cninfo.net /mudcctx/mudlib/d/item/make yuner3831.c
99.03.14 13:14 B f:\mirror1\d\item\make\yuner3923.c --> www1.yn.cninfo.net /mudcctx/mudlib/d/item/make yuner3923.c
99.03.14 13:14 B f:\mirror1\d\item\make\yuner8336.c --> www1.yn.cninfo.net /mudcctx/mudlib/d/item/make yuner8336.c
99.03.14 13:14 B f:\mirror1\d\item\make\zhangwen3279.c --> www1.yn.cninfo.net /mudcctx/mudlib/d/item/make zhangwen3279.c
99.03.14 13:14 B f:\mirror1\d\item\make\zhtao1685.c --> www1.yn.cninfo.net /mudcctx/mudlib/d/item/make zhtao1685.c
99.03.14 13:14 B f:\mirror1\d\item\make\zhtao8816.c --> www1.yn.cninfo.net /mudcctx/mudlib/d/item/make zhtao8816.c
99.03.14 13:14 B f:\mirror1\d\item\make\zhwen5168.c --> www1.yn.cninfo.net /mudcctx/mudlib/d/item/make zhwen5168.c
99.03.14 13:14 B f:\mirror1\d\item\make\zls5122.c --> www1.yn.cninfo.net /mudcctx/mudlib/d/item/make zls5122.c
99.03.14 13:14 B f:\mirror1\d\item\make\zsaq3095.c --> www1.yn.cninfo.net /mudcctx/mudlib/d/item/make zsaq3095.c
99.03.14 13:14 B f:\mirror1\d\item\make\zsaq5620.c --> www1.yn.cninfo.net /mudcctx/mudlib/d/item/make zsaq5620.c
99.03.14 13:14 B f:\mirror1\d\item\make\zsaq7905.c --> www1.yn.cninfo.net /mudcctx/mudlib/d/item/make zsaq7905.c
99.03.14 13:14 B f:\mirror1\d\item\make\zsaq9396.c --> www1.yn.cninfo.net /mudcctx/mudlib/d/item/make zsaq9396.c
99.03.14 13:14 B f:\mirror1\d\item\make\zslong4711.c --> www1.yn.cninfo.net /mudcctx/mudlib/d/item/make zslong4711.c
99.03.14 13:14 B f:\mirror1\d\item\make\zslong5736.c --> www1.yn.cninfo.net /mudcctx/mudlib/d/item/make zslong5736.c
99.03.14 13:14 B f:\mirror1\d\item\make\zslong6805.c --> www1.yn.cninfo.net /mudcctx/mudlib/d/item/make zslong6805.c
99.03.14 13:14 B f:\mirror1\d\item\make\zslong7234.c --> www1.yn.cninfo.net /mudcctx/mudlib/d/item/make zslong7234.c
99.03.14 13:14 B f:\mirror1\d\item\make\zslong7545.c --> www1.yn.cninfo.net /mudcctx/mudlib/d/item/make zslong7545.c
99.03.14 13:15 B f:\mirror1\d\item\make\zslong9569.c --> www1.yn.cninfo.net /mudcctx/mudlib/d/item/make zslong9569.c
99.03.14 13:15 B f:\mirror1\d\item\make\zslong9878.c --> www1.yn.cninfo.net /mudcctx/mudlib/d/item/make zslong9878.c
