99.03.14 13:12 B f:\mirror1\d\heimuya\baihutang.c --> www1.yn.cninfo.net /mudcctx/mudlib/d/heimuya baihutang.c
99.03.14 13:12 B f:\mirror1\d\heimuya\baistep1.c --> www1.yn.cninfo.net /mudcctx/mudlib/d/heimuya baistep1.c
99.03.14 13:12 B f:\mirror1\d\heimuya\baistep2.c --> www1.yn.cninfo.net /mudcctx/mudlib/d/heimuya baistep2.c
99.03.14 13:12 B f:\mirror1\d\heimuya\basket.c --> www1.yn.cninfo.net /mudcctx/mudlib/d/heimuya basket.c
99.03.14 13:12 B f:\mirror1\d\heimuya\bridge.c --> www1.yn.cninfo.net /mudcctx/mudlib/d/heimuya bridge.c
99.03.14 13:12 B f:\mirror1\d\heimuya\card1.c --> www1.yn.cninfo.net /mudcctx/mudlib/d/heimuya card1.c
99.03.14 13:12 B f:\mirror1\d\heimuya\chengdedian.c --> www1.yn.cninfo.net /mudcctx/mudlib/d/heimuya chengdedian.c
99.03.14 13:12 B f:\mirror1\d\heimuya\chitang.c --> www1.yn.cninfo.net /mudcctx/mudlib/d/heimuya chitang.c
99.03.14 13:12 B f:\mirror1\d\heimuya\chlang1.c --> www1.yn.cninfo.net /mudcctx/mudlib/d/heimuya chlang1.c
99.03.14 13:12 B f:\mirror1\d\heimuya\chlang2.c --> www1.yn.cninfo.net /mudcctx/mudlib/d/heimuya chlang2.c
99.03.14 13:12 B f:\mirror1\d\heimuya\chufang1.c --> www1.yn.cninfo.net /mudcctx/mudlib/d/heimuya chufang1.c
99.03.14 13:12 B f:\mirror1\d\heimuya\chufang2.c --> www1.yn.cninfo.net /mudcctx/mudlib/d/heimuya chufang2.c
99.03.14 13:12 B f:\mirror1\d\heimuya\dating1.c --> www1.yn.cninfo.net /mudcctx/mudlib/d/heimuya dating1.c
99.03.14 13:12 B f:\mirror1\d\heimuya\dating2.c --> www1.yn.cninfo.net /mudcctx/mudlib/d/heimuya dating2.c
99.03.14 13:12 B f:\mirror1\d\heimuya\dating2.txt --> www1.yn.cninfo.net /mudcctx/mudlib/d/heimuya dating2.txt
99.03.14 13:12 B f:\mirror1\d\heimuya\dating3.c --> www1.yn.cninfo.net /mudcctx/mudlib/d/heimuya dating3.c
99.03.14 13:12 B f:\mirror1\d\heimuya\dating4.c --> www1.yn.cninfo.net /mudcctx/mudlib/d/heimuya dating4.c
99.03.14 13:12 B f:\mirror1\d\heimuya\didao1.c --> www1.yn.cninfo.net /mudcctx/mudlib/d/heimuya didao1.c
99.03.14 13:12 B f:\mirror1\d\heimuya\didao2.c --> www1.yn.cninfo.net /mudcctx/mudlib/d/heimuya didao2.c
99.03.14 13:12 B f:\mirror1\d\heimuya\didao3.c --> www1.yn.cninfo.net /mudcctx/mudlib/d/heimuya didao3.c
99.03.14 13:12 B f:\mirror1\d\heimuya\didao4.c --> www1.yn.cninfo.net /mudcctx/mudlib/d/heimuya didao4.c
99.03.14 13:12 B f:\mirror1\d\heimuya\didao5.c --> www1.yn.cninfo.net /mudcctx/mudlib/d/heimuya didao5.c
99.03.14 13:12 B f:\mirror1\d\heimuya\didao6.c --> www1.yn.cninfo.net /mudcctx/mudlib/d/heimuya didao6.c
99.03.14 13:12 B f:\mirror1\d\heimuya\fen0.c --> www1.yn.cninfo.net /mudcctx/mudlib/d/heimuya fen0.c
99.03.14 13:12 B f:\mirror1\d\heimuya\grass1.c --> www1.yn.cninfo.net /mudcctx/mudlib/d/heimuya grass1.c
99.03.14 13:12 B f:\mirror1\d\heimuya\grass2.c --> www1.yn.cninfo.net /mudcctx/mudlib/d/heimuya grass2.c
99.03.14 13:12 B f:\mirror1\d\heimuya\guang.c --> www1.yn.cninfo.net /mudcctx/mudlib/d/heimuya guang.c
99.03.14 13:12 B f:\mirror1\d\heimuya\house1.c --> www1.yn.cninfo.net /mudcctx/mudlib/d/heimuya house1.c
99.03.14 13:12 B f:\mirror1\d\heimuya\hua1.c --> www1.yn.cninfo.net /mudcctx/mudlib/d/heimuya hua1.c
99.03.14 13:12 B f:\mirror1\d\heimuya\huoting.c --> www1.yn.cninfo.net /mudcctx/mudlib/d/heimuya huoting.c
99.03.14 13:12 B f:\mirror1\d\heimuya\insert.c --> www1.yn.cninfo.net /mudcctx/mudlib/d/heimuya insert.c
99.03.14 13:12 B f:\mirror1\d\heimuya\insert.h --> www1.yn.cninfo.net /mudcctx/mudlib/d/heimuya insert.h
99.03.14 13:12 B f:\mirror1\d\heimuya\jiaotu.c --> www1.yn.cninfo.net /mudcctx/mudlib/d/heimuya jiaotu.c
99.03.14 13:12 B f:\mirror1\d\heimuya\linjxd1.c --> www1.yn.cninfo.net /mudcctx/mudlib/d/heimuya linjxd1.c
99.03.14 13:12 B f:\mirror1\d\heimuya\linjxd2.c --> www1.yn.cninfo.net /mudcctx/mudlib/d/heimuya linjxd2.c
99.03.14 13:12 B f:\mirror1\d\heimuya\linjxd3.c --> www1.yn.cninfo.net /mudcctx/mudlib/d/heimuya linjxd3.c
99.03.14 13:12 B f:\mirror1\d\heimuya\linjxd4.c --> www1.yn.cninfo.net /mudcctx/mudlib/d/heimuya linjxd4.c
99.03.14 13:12 B f:\mirror1\d\heimuya\linjxd5.c --> www1.yn.cninfo.net /mudcctx/mudlib/d/heimuya linjxd5.c
99.03.14 13:12 B f:\mirror1\d\heimuya\linjxd6.c --> www1.yn.cninfo.net /mudcctx/mudlib/d/heimuya linjxd6.c
99.03.14 13:12 B f:\mirror1\d\heimuya\map.txt --> www1.yn.cninfo.net /mudcctx/mudlib/d/heimuya map.txt
99.03.14 13:12 B f:\mirror1\d\heimuya\mishi.c --> www1.yn.cninfo.net /mudcctx/mudlib/d/heimuya mishi.c
99.03.14 13:12 B f:\mirror1\d\heimuya\mudi.c --> www1.yn.cninfo.net /mudcctx/mudlib/d/heimuya mudi.c
99.03.14 13:12 B f:\mirror1\d\heimuya\neishi.c --> www1.yn.cninfo.net /mudcctx/mudlib/d/heimuya neishi.c
99.03.14 13:12 B f:\mirror1\d\heimuya\qing.c --> www1.yn.cninfo.net /mudcctx/mudlib/d/heimuya qing.c
99.03.14 13:12 B f:\mirror1\d\heimuya\ren.c --> www1.yn.cninfo.net /mudcctx/mudlib/d/heimuya ren.c
99.03.14 13:13 B f:\mirror1\d\heimuya\restroom.c --> www1.yn.cninfo.net /mudcctx/mudlib/d/heimuya restroom.c
99.03.14 13:13 B f:\mirror1\d\heimuya\road1.c --> www1.yn.cninfo.net /mudcctx/mudlib/d/heimuya road1.c
99.03.14 13:13 B f:\mirror1\d\heimuya\shenggu.c --> www1.yn.cninfo.net /mudcctx/mudlib/d/heimuya shenggu.c
99.03.14 13:13 B f:\mirror1\d\heimuya\tang.c --> www1.yn.cninfo.net /mudcctx/mudlib/d/heimuya tang.c
99.03.14 13:13 B f:\mirror1\d\heimuya\up1.c --> www1.yn.cninfo.net /mudcctx/mudlib/d/heimuya up1.c
99.03.14 13:13 B f:\mirror1\d\heimuya\up2.c --> www1.yn.cninfo.net /mudcctx/mudlib/d/heimuya up2.c
99.03.14 13:13 B f:\mirror1\d\heimuya\up3.c --> www1.yn.cninfo.net /mudcctx/mudlib/d/heimuya up3.c
99.03.14 13:13 B f:\mirror1\d\heimuya\up4.c --> www1.yn.cninfo.net /mudcctx/mudlib/d/heimuya up4.c
99.03.14 13:13 B f:\mirror1\d\heimuya\xiaohuayuan.c --> www1.yn.cninfo.net /mudcctx/mudlib/d/heimuya xiaohuayuan.c
99.03.14 13:13 B f:\mirror1\d\heimuya\xiaoshe.c --> www1.yn.cninfo.net /mudcctx/mudlib/d/heimuya xiaoshe.c
