obj/user#1072308 ("眠兔") 未组队而进朱雀窟 ! 
obj/user#1072308 ("眠兔") 未组队而进朱雀窟 ! 
obj/user#1072308 ("眠兔") 未组队而进朱雀窟 ! 
obj/user#1298394 ("眠兔") 未组队而进朱雀窟 ! 
obj/user#1298394 ("眠兔") 未组队而进朱雀窟 ! 
obj/user#1298394 ("眠兔") 未组队而进朱雀窟 ! 
obj/user#1298394 ("眠兔") 未组队而进朱雀窟 ! 
obj/user#1308093 ("眠兔") 未组队而进朱雀窟 ! 
obj/user#1308093 ("眠兔") 未组队而进朱雀窟 ! 
obj/user#390057 ("无暇") 未组队而进朱雀窟 ! 
obj/user#594827 ("天意") 未组队而进朱雀窟 ! 
obj/user#372 ("马尔斯") 未组队而进朱雀窟 ! 
obj/user#594827 ("天意") 未组队而进朱雀窟 ! 
obj/user#436653 ("清舞飞扬") 未组队而进朱雀窟 ! 
obj/user#436653 ("清舞飞扬") 未组队而进朱雀窟 ! 
obj/user#436653 ("清舞飞扬") 未组队而进朱雀窟 ! 
obj/user#436653 ("清舞飞扬") 未组队而进朱雀窟 ! 
obj/user#436653 ("清舞飞扬") 未组队而进朱雀窟 ! 
obj/user#436653 ("清舞飞扬") 未组队而进朱雀窟 ! 
obj/user#436653 ("清舞飞扬") 未组队而进朱雀窟 ! 
obj/user#436653 ("清舞飞扬") 未组队而进朱雀窟 ! 
obj/user#436653 ("清舞飞扬") 未组队而进朱雀窟 ! 
obj/user#781147 ("眠兔") 未组队而进朱雀窟 ! 
obj/user#877382 ("机器猫") 未组队而进朱雀窟 ! 
obj/user#877382 ("机器猫") 未组队而进朱雀窟 ! 
obj/user#421 ("飞公子") 未组队而进朱雀窟 ! 
obj/user#1869 ("冰河") 未组队而进朱雀窟 ! 
obj/user#945224 ("眠兔") 未组队而进朱雀窟 ! 
obj/user#16673 ("眠兔") 未组队而进朱雀窟 ! 
obj/user#1288801 ("加勒比海盗") 未组队而进朱雀窟 ! 
obj/user#1381962 ("风无影") 未组队而进朱雀窟 ! 
obj/user#1237676 ("眠兔") 未组队而进朱雀窟 ! 
obj/user#2775618 ("眠兔") 未组队而进朱雀窟 ! 
obj/user#2745418 ("困扰") 未组队而进朱雀窟 ! 
u/snowtu/obj/fight#166231 ("木头人") 未组队而进朱雀窟 ! 
d/nanhai/npc/guanyin#6991559 ("观音菩萨") 未组队而进朱雀窟 ! 
d/lingtai/npc/puti#7019441 ("[1;37m菩提祖师[2;37;0m") 未组队而进朱雀窟 ! 
d/lingtai/npc/puti#7021053 ("[1;37m菩提祖师[2;37;0m") 未组队而进朱雀窟 ! 
