2003.06.15 10:32 B F:\user\j\jackaly.o <-- www.vmud.com /lonely/mudlib/data/user/j jackaly.o
2003.06.15 10:32 B F:\user\j\jade.o <-- www.vmud.com /lonely/mudlib/data/user/j jade.o
2003.06.15 10:32 B F:\user\j\jan.o <-- www.vmud.com /lonely/mudlib/data/user/j jan.o
2003.06.15 10:32 B F:\user\j\jaoegj.o <-- www.vmud.com /lonely/mudlib/data/user/j jaoegj.o
2003.06.15 10:32 B F:\user\j\jap.o <-- www.vmud.com /lonely/mudlib/data/user/j jap.o
2003.06.15 10:32 B F:\user\j\java.o <-- www.vmud.com /lonely/mudlib/data/user/j java.o
2003.06.15 10:32 B F:\user\j\jbc.o <-- www.vmud.com /lonely/mudlib/data/user/j jbc.o
2003.06.15 10:32 B F:\user\j\jbxxx.o <-- www.vmud.com /lonely/mudlib/data/user/j jbxxx.o
2003.06.15 10:32 B F:\user\j\jeff.o <-- www.vmud.com /lonely/mudlib/data/user/j jeff.o
2003.06.15 10:32 B F:\user\j\jessy.o <-- www.vmud.com /lonely/mudlib/data/user/j jessy.o
2003.06.15 10:32 B F:\user\j\jfeng.o <-- www.vmud.com /lonely/mudlib/data/user/j jfeng.o
2003.06.15 10:32 B F:\user\j\jhfy.o <-- www.vmud.com /lonely/mudlib/data/user/j jhfy.o
2003.06.15 10:32 B F:\user\j\jiama.o <-- www.vmud.com /lonely/mudlib/data/user/j jiama.o
2003.06.15 10:32 B F:\user\j\jiancha.o <-- www.vmud.com /lonely/mudlib/data/user/j jiancha.o
2003.06.15 10:32 B F:\user\j\jiang.o <-- www.vmud.com /lonely/mudlib/data/user/j jiang.o
2003.06.15 10:32 B F:\user\j\jiangong.o <-- www.vmud.com /lonely/mudlib/data/user/j jiangong.o
2003.06.15 10:32 B F:\user\j\jianm.o <-- www.vmud.com /lonely/mudlib/data/user/j jianm.o
2003.06.15 10:32 B F:\user\j\jianxin.o <-- www.vmud.com /lonely/mudlib/data/user/j jianxin.o
2003.06.15 10:32 B F:\user\j\jianyi.o <-- www.vmud.com /lonely/mudlib/data/user/j jianyi.o
2003.06.15 10:32 B F:\user\j\jiaohua.o <-- www.vmud.com /lonely/mudlib/data/user/j jiaohua.o
2003.06.15 10:32 B F:\user\j\jicke.o <-- www.vmud.com /lonely/mudlib/data/user/j jicke.o
2003.06.15 10:32 B F:\user\j\jiejie.o <-- www.vmud.com /lonely/mudlib/data/user/j jiejie.o
2003.06.15 10:32 B F:\user\j\jin.o <-- www.vmud.com /lonely/mudlib/data/user/j jin.o
2003.06.15 10:32 B F:\user\j\jinbb.o <-- www.vmud.com /lonely/mudlib/data/user/j jinbb.o
2003.06.15 10:32 B F:\user\j\jing.o <-- www.vmud.com /lonely/mudlib/data/user/j jing.o
2003.06.15 10:32 B F:\user\j\jinm.o <-- www.vmud.com /lonely/mudlib/data/user/j jinm.o
2003.06.15 10:32 B F:\user\j\jinshe.o <-- www.vmud.com /lonely/mudlib/data/user/j jinshe.o
2003.06.15 10:32 B F:\user\j\jinshejian.o <-- www.vmud.com /lonely/mudlib/data/user/j jinshejian.o
2003.06.15 10:32 B F:\user\j\jiujian.o <-- www.vmud.com /lonely/mudlib/data/user/j jiujian.o
2003.06.15 10:33 B F:\user\j\jjjjjjjjj.o <-- www.vmud.com /lonely/mudlib/data/user/j jjjjjjjjj.o
2003.06.15 10:33 B F:\user\j\jlhxxx.o <-- www.vmud.com /lonely/mudlib/data/user/j jlhxxx.o
2003.06.15 10:33 B F:\user\j\joke.o <-- www.vmud.com /lonely/mudlib/data/user/j joke.o
2003.06.15 10:33 B F:\user\j\jonathan.o <-- www.vmud.com /lonely/mudlib/data/user/j jonathan.o
2003.06.15 10:33 B F:\user\j\jong.o <-- www.vmud.com /lonely/mudlib/data/user/j jong.o
2003.06.15 10:33 B F:\user\j\jorden.o <-- www.vmud.com /lonely/mudlib/data/user/j jorden.o
2003.06.15 10:33 B F:\user\j\jpren.o <-- www.vmud.com /lonely/mudlib/data/user/j jpren.o
2003.06.15 10:33 B F:\user\j\jpx.o <-- www.vmud.com /lonely/mudlib/data/user/j jpx.o
2003.06.15 10:33 B F:\user\j\jsf.o <-- www.vmud.com /lonely/mudlib/data/user/j jsf.o
2003.06.15 10:33 B F:\user\j\judy.o <-- www.vmud.com /lonely/mudlib/data/user/j judy.o
2003.06.15 10:33 B F:\user\j\junfeng.o <-- www.vmud.com /lonely/mudlib/data/user/j junfeng.o
2003.06.15 10:33 B F:\user\j\justin.o <-- www.vmud.com /lonely/mudlib/data/user/j justin.o
2003.06.15 10:33 B F:\user\j\justme.o <-- www.vmud.com /lonely/mudlib/data/user/j justme.o
2003.06.15 10:33 B F:\user\j\jxbxxx.o <-- www.vmud.com /lonely/mudlib/data/user/j jxbxxx.o
2003.06.15 10:33 B F:\user\j\jxdgf.o <-- www.vmud.com /lonely/mudlib/data/user/j jxdgf.o
2003.06.15 10:33 B F:\user\j\jyd.o <-- www.vmud.com /lonely/mudlib/data/user/j jyd.o
