LOGIN FAILURE: fQd0CgmTYl04g (fQMszE1Ph/kEQ)
User not found: u841512 (/home/mud/lib/data/std/connection/u/u841512.o)
LOGIN FAILURE: GtuwlYnFs1up2 (GtOpVakzdK0v6)
User not found: u841512 (/home/mud/lib/data/std/connection/u/u841512.o)
User not found: u841512 (/home/mud/lib/data/std/connection/u/u841512.o)
User not found: u841512 (/home/mud/lib/data/std/connection/u/u841512.o)
User not found: u841512 (/home/mud/lib/data/std/connection/u/u841512.o)
LOGIN FAILURE: KLlC4.JCLnxaY (KLqazmrucMEiU)
LOGIN FAILURE: txIDggYYCyfSs (tx5cobpmQTH9U)
LOGIN FAILURE: txqQb6mMUcen. (tx5cobpmQTH9U)
LOGIN FAILURE: txYY//wdP8eAg (tx5cobpmQTH9U)
LOGIN FAILURE: txJSwdg42k3ms (tx5cobpmQTH9U)
LOGIN FAILURE: txUAw9uVZfaN6 (tx5cobpmQTH9U)
User not found: ' (/home/mud/lib/data/std/connection/'/'.o)
LOGIN FAILURE: fQ2CfCOZNnHh2 (fQMszE1Ph/kEQ)
LOGIN FAILURE: GtAiSNBDGNuWc (GtOpVakzdK0v6)
LOGIN FAILURE: Ix221IQQ5hN5M (IxkGYrI6GH60g)
Guest login by tsaih@140.109.247.45.
Guest login by f5482140@sparc8.ncku.edu.tw.
User not found: linsj (/home/mud/lib/data/std/connection/l/linsj.o)
LOGIN FAILURE: tx5n7B6qPRXD2 (tx5cobpmQTH9U)
LOGIN FAILURE: TZ3QW4Ce7MTq. (TZ2uk9nOAokd2)
LOGIN FAILURE: TZCxpT.wzLctI (TZ2uk9nOAokd2)
LOGIN FAILURE: TZ8KpJYHQTc5. (TZ2uk9nOAokd2)
User not found: u841512 (/home/mud/lib/data/std/connection/u/u841512.o)
User not found: tsuanmi (/home/mud/lib/data/std/connection/t/tsuanmi.o)
LOGIN FAILURE: FDpN.GjUzX5KE (FDUcQoemmKYNg)
LOGIN FAILURE: IV7Mrh9hOw61I (IVmkdFgGCII5o)
LOGIN FAILURE: IVPSIdHTiw6kQ (IVmkdFgGCII5o)
Guest login by salkda@.
LOGIN FAILURE: mRJktNJVE2YGc (mRx.BON1WAAYI)
LOGIN FAILURE: Yaa2qVYrlGwtI (YaGrt9nBmUlJY)
User not found: almuhara (/home/mud/lib/data/std/connection/a/almuhara.o)
LOGIN FAILURE: JRWxeAsoNSpVo (JRyDsnPkPjks2)
LOGIN FAILURE: JRgJ8hkv3KrQ2 (JRyDsnPkPjks2)
LOGIN FAILURE: YappE68PPNgMY (YaGrt9nBmUlJY)
LOGIN FAILURE: VwUsEB8oTdYDo (VwjmJfR3C/g5g)
LOGIN FAILURE: VwUsEB8oTdYDo (VwjmJfR3C/g5g)
LOGIN FAILURE: VwyeSbJM4qGZc (VwjmJfR3C/g5g)
LOGIN FAILURE: VwyeSbJM4qGZc (VwjmJfR3C/g5g)
LOGIN FAILURE: cZtcMLT8CsWP6 (cZ4AmAnhhzpbY)
LOGIN FAILURE: cZSNpGRGFpo4c (cZ4AmAnhhzpbY)
LOGIN FAILURE: cZ0Cqt/kYLwhY (cZ4AmAnhhzpbY)
LOGIN FAILURE: cZ06S7I50ad3c (cZ4AmAnhhzpbY)
LOGIN FAILURE: TfMfcIAHlb6xw (TfC13xb4Ioeuc)
LOGIN FAILURE: tGlcfFvPJej46 (tGVvDuF54O292)
LOGIN FAILURE: cZTR24RmX2AJY (cZ4AmAnhhzpbY)
User not found: c2483131 (/home/mud/lib/data/std/connection/c/c2483131.o)
LOGIN FAILURE: KLZCdV3GgOFe6 (KLqazmrucMEiU)
User not found: caesare (/home/mud/lib/data/std/connection/c/caesare.o)
Guest login by f5482140@cc.sparc6.edu./tw.
LOGIN FAILURE: txXaTCk//iHY. (tx5cobpmQTH9U)
Guest login by f5482140@cc.sparc9.edu.tw.
