99.03.14 13:37 B f:\mirror1\d\taohua\npc\binu.c --> www1.yn.cninfo.net /mudcctx/mudlib/d/taohua/npc binu.c
99.03.14 13:37 B f:\mirror1\d\taohua\npc\chuanfu.c --> www1.yn.cninfo.net /mudcctx/mudlib/d/taohua/npc chuanfu.c
99.03.14 13:37 B f:\mirror1\d\taohua\npc\dushe.c --> www1.yn.cninfo.net /mudcctx/mudlib/d/taohua/npc dushe.c
99.03.14 13:37 B f:\mirror1\d\taohua\npc\niurou.c --> www1.yn.cninfo.net /mudcctx/mudlib/d/taohua/npc niurou.c
99.03.14 13:37 B f:\mirror1\d\taohua\npc\puren.c --> www1.yn.cninfo.net /mudcctx/mudlib/d/taohua/npc puren.c
99.03.14 13:37 B f:\mirror1\d\taohua\npc\puren1.c --> www1.yn.cninfo.net /mudcctx/mudlib/d/taohua/npc puren1.c
99.03.14 13:37 B f:\mirror1\d\taohua\npc\puren2.c --> www1.yn.cninfo.net /mudcctx/mudlib/d/taohua/npc puren2.c
99.03.14 13:37 B f:\mirror1\d\taohua\npc\puren3.c --> www1.yn.cninfo.net /mudcctx/mudlib/d/taohua/npc puren3.c
99.03.14 13:37 B f:\mirror1\d\taohua\npc\puren4.c --> www1.yn.cninfo.net /mudcctx/mudlib/d/taohua/npc puren4.c
99.03.14 13:37 B f:\mirror1\d\taohua\npc\rong.c --> www1.yn.cninfo.net /mudcctx/mudlib/d/taohua/npc rong.c
99.03.14 13:37 B f:\mirror1\d\taohua\npc\shagu.c --> www1.yn.cninfo.net /mudcctx/mudlib/d/taohua/npc shagu.c
99.03.14 13:37 B f:\mirror1\d\taohua\npc\shitong.c --> www1.yn.cninfo.net /mudcctx/mudlib/d/taohua/npc shitong.c
99.03.14 13:37 B f:\mirror1\d\taohua\npc\shoumu.c --> www1.yn.cninfo.net /mudcctx/mudlib/d/taohua/npc shoumu.c
99.03.14 13:37 B f:\mirror1\d\taohua\npc\shoumu1.c --> www1.yn.cninfo.net /mudcctx/mudlib/d/taohua/npc shoumu1.c
99.03.14 13:37 B f:\mirror1\d\taohua\npc\shusheng.c --> www1.yn.cninfo.net /mudcctx/mudlib/d/taohua/npc shusheng.c
99.03.14 13:37 B f:\mirror1\d\taohua\npc\xiaoniu.c --> www1.yn.cninfo.net /mudcctx/mudlib/d/taohua/npc xiaoniu.c
99.03.14 13:37 B f:\mirror1\d\taohua\npc\xiaoturou.c --> www1.yn.cninfo.net /mudcctx/mudlib/d/taohua/npc xiaoturou.c
99.03.14 13:37 B f:\mirror1\d\taohua\npc\xiaozhu.c --> www1.yn.cninfo.net /mudcctx/mudlib/d/taohua/npc xiaozhu.c
99.03.14 13:37 B f:\mirror1\d\taohua\npc\yanggao.c --> www1.yn.cninfo.net /mudcctx/mudlib/d/taohua/npc yanggao.c
99.03.14 13:37 B f:\mirror1\d\taohua\npc\yangrou.c --> www1.yn.cninfo.net /mudcctx/mudlib/d/taohua/npc yangrou.c
99.03.14 13:37 B f:\mirror1\d\taohua\npc\yapu.c --> www1.yn.cninfo.net /mudcctx/mudlib/d/taohua/npc yapu.c
99.03.14 13:37 B f:\mirror1\d\taohua\npc\yapu1.c --> www1.yn.cninfo.net /mudcctx/mudlib/d/taohua/npc yapu1.c
99.03.14 13:37 B f:\mirror1\d\taohua\npc\yetu.c --> www1.yn.cninfo.net /mudcctx/mudlib/d/taohua/npc yetu.c
99.03.14 13:37 B f:\mirror1\d\taohua\npc\yingwu.c --> www1.yn.cninfo.net /mudcctx/mudlib/d/taohua/npc yingwu.c
99.03.14 13:37 B f:\mirror1\d\taohua\npc\zhang.c --> www1.yn.cninfo.net /mudcctx/mudlib/d/taohua/npc zhang.c
99.03.14 13:37 B f:\mirror1\d\taohua\npc\zhangrou.c --> www1.yn.cninfo.net /mudcctx/mudlib/d/taohua/npc zhangrou.c
99.03.14 13:37 B f:\mirror1\d\taohua\npc\zhurou.c --> www1.yn.cninfo.net /mudcctx/mudlib/d/taohua/npc zhurou.c
99.03.17 13:45 B f:\mirror1\d\taohua\npc\binu.c --> www1.yn.cninfo.net /mudlab/mudlib/d/taohua/npc binu.c
99.03.17 13:45 B f:\mirror1\d\taohua\npc\chuanfu.c --> www1.yn.cninfo.net /mudlab/mudlib/d/taohua/npc chuanfu.c
99.03.17 13:45 B f:\mirror1\d\taohua\npc\dushe.c --> www1.yn.cninfo.net /mudlab/mudlib/d/taohua/npc dushe.c
99.03.17 13:45 B f:\mirror1\d\taohua\npc\niurou.c --> www1.yn.cninfo.net /mudlab/mudlib/d/taohua/npc niurou.c
99.03.17 13:45 B f:\mirror1\d\taohua\npc\puren.c --> www1.yn.cninfo.net /mudlab/mudlib/d/taohua/npc puren.c
99.03.17 13:45 B f:\mirror1\d\taohua\npc\puren1.c --> www1.yn.cninfo.net /mudlab/mudlib/d/taohua/npc puren1.c
99.03.17 13:45 B f:\mirror1\d\taohua\npc\puren2.c --> www1.yn.cninfo.net /mudlab/mudlib/d/taohua/npc puren2.c
99.03.17 13:45 B f:\mirror1\d\taohua\npc\puren3.c --> www1.yn.cninfo.net /mudlab/mudlib/d/taohua/npc puren3.c
99.03.17 13:45 B f:\mirror1\d\taohua\npc\puren4.c --> www1.yn.cninfo.net /mudlab/mudlib/d/taohua/npc puren4.c
99.03.17 13:45 B f:\mirror1\d\taohua\npc\rong.c --> www1.yn.cninfo.net /mudlab/mudlib/d/taohua/npc rong.c
99.03.17 13:45 B f:\mirror1\d\taohua\npc\shagu.c --> www1.yn.cninfo.net /mudlab/mudlib/d/taohua/npc shagu.c
99.03.17 13:45 B f:\mirror1\d\taohua\npc\shitong.c --> www1.yn.cninfo.net /mudlab/mudlib/d/taohua/npc shitong.c
99.03.17 13:45 B f:\mirror1\d\taohua\npc\shoumu.c --> www1.yn.cninfo.net /mudlab/mudlib/d/taohua/npc shoumu.c
99.03.17 13:45 B f:\mirror1\d\taohua\npc\shoumu1.c --> www1.yn.cninfo.net /mudlab/mudlib/d/taohua/npc shoumu1.c
99.03.17 13:45 B f:\mirror1\d\taohua\npc\shusheng.c --> www1.yn.cninfo.net /mudlab/mudlib/d/taohua/npc shusheng.c
