99.03.14 12:43 B f:\mirror1\d\chengdu\npc\obj\baozi.c --> www1.yn.cninfo.net /mudcctx/mudlib/d/chengdu/npc/obj baozi.c
99.03.14 12:43 B f:\mirror1\d\chengdu\npc\obj\beixin.c --> www1.yn.cninfo.net /mudcctx/mudlib/d/chengdu/npc/obj beixin.c
99.03.14 12:43 B f:\mirror1\d\chengdu\npc\obj\bottle.c --> www1.yn.cninfo.net /mudcctx/mudlib/d/chengdu/npc/obj bottle.c
99.03.14 12:43 B f:\mirror1\d\chengdu\npc\obj\box.c --> www1.yn.cninfo.net /mudcctx/mudlib/d/chengdu/npc/obj box.c
99.03.14 12:43 B f:\mirror1\d\chengdu\npc\obj\bupao.c --> www1.yn.cninfo.net /mudcctx/mudlib/d/chengdu/npc/obj bupao.c
99.03.14 12:43 B f:\mirror1\d\chengdu\npc\obj\caoxie.c --> www1.yn.cninfo.net /mudcctx/mudlib/d/chengdu/npc/obj caoxie.c
99.03.14 12:43 B f:\mirror1\d\chengdu\npc\obj\cloth.c --> www1.yn.cninfo.net /mudcctx/mudlib/d/chengdu/npc/obj cloth.c
99.03.14 12:43 B f:\mirror1\d\chengdu\npc\obj\cycle.c --> www1.yn.cninfo.net /mudcctx/mudlib/d/chengdu/npc/obj cycle.c
99.03.14 12:43 B f:\mirror1\d\chengdu\npc\obj\dagger.c --> www1.yn.cninfo.net /mudcctx/mudlib/d/chengdu/npc/obj dagger.c
99.03.14 12:43 B f:\mirror1\d\chengdu\npc\obj\doufu.c --> www1.yn.cninfo.net /mudcctx/mudlib/d/chengdu/npc/obj doufu.c
99.03.14 12:43 B f:\mirror1\d\chengdu\npc\obj\duanjian.c --> www1.yn.cninfo.net /mudcctx/mudlib/d/chengdu/npc/obj duanjian.c
99.03.14 12:43 B f:\mirror1\d\chengdu\npc\obj\fake-zi.c --> www1.yn.cninfo.net /mudcctx/mudlib/d/chengdu/npc/obj fake-zi.c
99.03.14 12:43 B f:\mirror1\d\chengdu\npc\obj\feipiang.c --> www1.yn.cninfo.net /mudcctx/mudlib/d/chengdu/npc/obj feipiang.c
99.03.14 12:43 B f:\mirror1\d\chengdu\npc\obj\fire.c --> www1.yn.cninfo.net /mudcctx/mudlib/d/chengdu/npc/obj fire.c
99.03.14 12:43 B f:\mirror1\d\chengdu\npc\obj\flower_shoe.c --> www1.yn.cninfo.net /mudcctx/mudlib/d/chengdu/npc/obj flower_shoe.c
99.03.14 12:43 B f:\mirror1\d\chengdu\npc\obj\gangdao.c --> www1.yn.cninfo.net /mudcctx/mudlib/d/chengdu/npc/obj gangdao.c
99.03.14 12:43 B f:\mirror1\d\chengdu\npc\obj\gangjian.c --> www1.yn.cninfo.net /mudcctx/mudlib/d/chengdu/npc/obj gangjian.c
99.03.14 12:43 B f:\mirror1\d\chengdu\npc\obj\goldring.c --> www1.yn.cninfo.net /mudcctx/mudlib/d/chengdu/npc/obj goldring.c
99.03.14 12:43 B f:\mirror1\d\chengdu\npc\obj\goupi.c --> www1.yn.cninfo.net /mudcctx/mudlib/d/chengdu/npc/obj goupi.c
99.03.14 12:43 B f:\mirror1\d\chengdu\npc\obj\gourou.c --> www1.yn.cninfo.net /mudcctx/mudlib/d/chengdu/npc/obj gourou.c
99.03.14 12:43 B f:\mirror1\d\chengdu\npc\obj\guiyuan.c --> www1.yn.cninfo.net /mudcctx/mudlib/d/chengdu/npc/obj guiyuan.c
99.03.14 12:43 B f:\mirror1\d\chengdu\npc\obj\hammer.c --> www1.yn.cninfo.net /mudcctx/mudlib/d/chengdu/npc/obj hammer.c
99.03.14 12:43 B f:\mirror1\d\chengdu\npc\obj\hdjiudai.c --> www1.yn.cninfo.net /mudcctx/mudlib/d/chengdu/npc/obj hdjiudai.c
99.03.14 12:43 B f:\mirror1\d\chengdu\npc\obj\huasheng.c --> www1.yn.cninfo.net /mudcctx/mudlib/d/chengdu/npc/obj huasheng.c
99.03.14 12:43 B f:\mirror1\d\chengdu\npc\obj\huwan.c --> www1.yn.cninfo.net /mudcctx/mudlib/d/chengdu/npc/obj huwan.c
99.03.14 12:43 B f:\mirror1\d\chengdu\npc\obj\huyao.c --> www1.yn.cninfo.net /mudcctx/mudlib/d/chengdu/npc/obj huyao.c
99.03.14 12:43 B f:\mirror1\d\chengdu\npc\obj\jiaohuaji.c --> www1.yn.cninfo.net /mudcctx/mudlib/d/chengdu/npc/obj jiaohuaji.c
99.03.14 12:43 B f:\mirror1\d\chengdu\npc\obj\jinchuang.c --> www1.yn.cninfo.net /mudcctx/mudlib/d/chengdu/npc/obj jinchuang.c
99.03.14 12:43 B f:\mirror1\d\chengdu\npc\obj\jitui.c --> www1.yn.cninfo.net /mudcctx/mudlib/d/chengdu/npc/obj jitui.c
99.03.14 12:43 B f:\mirror1\d\chengdu\npc\obj\jiudai.c --> www1.yn.cninfo.net /mudcctx/mudlib/d/chengdu/npc/obj jiudai.c
99.03.14 12:43 B f:\mirror1\d\chengdu\npc\obj\junfu.c --> www1.yn.cninfo.net /mudcctx/mudlib/d/chengdu/npc/obj junfu.c
99.03.14 12:44 B f:\mirror1\d\chengdu\npc\obj\kaoya.c --> www1.yn.cninfo.net /mudcctx/mudlib/d/chengdu/npc/obj kaoya.c
99.03.14 12:44 B f:\mirror1\d\chengdu\npc\obj\mabudai.c --> www1.yn.cninfo.net /mudcctx/mudlib/d/chengdu/npc/obj mabudai.c
99.03.14 12:44 B f:\mirror1\d\chengdu\npc\obj\mian.c --> www1.yn.cninfo.net /mudcctx/mudlib/d/chengdu/npc/obj mian.c
99.03.14 12:44 B f:\mirror1\d\chengdu\npc\obj\mianju.c --> www1.yn.cninfo.net /mudcctx/mudlib/d/chengdu/npc/obj mianju.c
99.03.14 12:44 B f:\mirror1\d\chengdu\npc\obj\necklace.c --> www1.yn.cninfo.net /mudcctx/mudlib/d/chengdu/npc/obj necklace.c
99.03.14 12:44 B f:\mirror1\d\chengdu\npc\obj\peanut.c --> www1.yn.cninfo.net /mudcctx/mudlib/d/chengdu/npc/obj peanut.c
99.03.14 12:44 B f:\mirror1\d\chengdu\npc\obj\pink_cloth.c --> www1.yn.cninfo.net /mudcctx/mudlib/d/chengdu/npc/obj pink_cloth.c
99.03.14 12:44 B f:\mirror1\d\chengdu\npc\obj\pixue.c --> www1.yn.cninfo.net /mudcctx/mudlib/d/chengdu/npc/obj pixue.c
99.03.14 12:44 B f:\mirror1\d\chengdu\npc\obj\quanxing.c --> www1.yn.cninfo.net /mudcctx/mudlib/d/chengdu/npc/obj quanxing.c
99.03.14 12:44 B f:\mirror1\d\chengdu\npc\obj\renshen.c --> www1.yn.cninfo.net /mudcctx/mudlib/d/chengdu/npc/obj renshen.c
99.03.14 12:44 B f:\mirror1\d\chengdu\npc\obj\shanshen.c --> www1.yn.cninfo.net /mudcctx/mudlib/d/chengdu/npc/obj shanshen.c
99.03.14 12:44 B f:\mirror1\d\chengdu\npc\obj\shield.c --> www1.yn.cninfo.net /mudcctx/mudlib/d/chengdu/npc/obj shield.c
99.03.14 12:44 B f:\mirror1\d\chengdu\npc\obj\shoes.c --> www1.yn.cninfo.net /mudcctx/mudlib/d/chengdu/npc/obj shoes.c
99.03.14 12:44 B f:\mirror1\d\chengdu\npc\obj\shoutao.c --> www1.yn.cninfo.net /mudcctx/mudlib/d/chengdu/npc/obj shoutao.c
99.03.14 12:44 B f:\mirror1\d\chengdu\npc\obj\shouwu.c --> www1.yn.cninfo.net /mudcctx/mudlib/d/chengdu/npc/obj shouwu.c
99.03.14 12:44 B f:\mirror1\d\chengdu\npc\obj\stick.c --> www1.yn.cninfo.net /mudcctx/mudlib/d/chengdu/npc/obj stick.c
99.03.14 12:44 B f:\mirror1\d\chengdu\npc\obj\surcoat.c --> www1.yn.cninfo.net /mudcctx/mudlib/d/chengdu/npc/obj surcoat.c
99.03.14 12:44 B f:\mirror1\d\chengdu\npc\obj\tea.c --> www1.yn.cninfo.net /mudcctx/mudlib/d/chengdu/npc/obj tea.c
99.03.14 12:44 B f:\mirror1\d\chengdu\npc\obj\tiejia.c --> www1.yn.cninfo.net /mudcctx/mudlib/d/chengdu/npc/obj tiejia.c
99.03.14 12:44 B f:\mirror1\d\chengdu\npc\obj\tieshou.c --> www1.yn.cninfo.net /mudcctx/mudlib/d/chengdu/npc/obj tieshou.c
99.03.14 12:44 B f:\mirror1\d\chengdu\npc\obj\tofu.c --> www1.yn.cninfo.net /mudcctx/mudlib/d/chengdu/npc/obj tofu.c
99.03.14 12:44 B f:\mirror1\d\chengdu\npc\obj\toukui.c --> www1.yn.cninfo.net /mudcctx/mudlib/d/chengdu/npc/obj toukui.c
99.03.14 12:44 B f:\mirror1\d\chengdu\npc\obj\yang.c --> www1.yn.cninfo.net /mudcctx/mudlib/d/chengdu/npc/obj yang.c
99.03.14 12:44 B f:\mirror1\d\chengdu\npc\obj\yangjing.c --> www1.yn.cninfo.net /mudcctx/mudlib/d/chengdu/npc/obj yangjing.c
99.03.14 12:44 B f:\mirror1\d\chengdu\npc\obj\yangxin.c --> www1.yn.cninfo.net /mudcctx/mudlib/d/chengdu/npc/obj yangxin.c
99.03.14 12:44 B f:\mirror1\d\chengdu\npc\obj\yaoshi.c --> www1.yn.cninfo.net /mudcctx/mudlib/d/chengdu/npc/obj yaoshi.c
99.03.14 12:44 B f:\mirror1\d\chengdu\npc\obj\yayifu.c --> www1.yn.cninfo.net /mudcctx/mudlib/d/chengdu/npc/obj yayifu.c
99.03.14 12:44 B f:\mirror1\d\chengdu\npc\obj\yushan.c --> www1.yn.cninfo.net /mudcctx/mudlib/d/chengdu/npc/obj yushan.c
99.03.14 12:44 B f:\mirror1\d\chengdu\npc\obj\zaisheng.c --> www1.yn.cninfo.net /mudcctx/mudlib/d/chengdu/npc/obj zaisheng.c
99.03.14 12:44 B f:\mirror1\d\chengdu\npc\obj\zhitao.c --> www1.yn.cninfo.net /mudcctx/mudlib/d/chengdu/npc/obj zhitao.c
99.03.14 12:44 B f:\mirror1\d\chengdu\npc\obj\zhubang.c --> www1.yn.cninfo.net /mudcctx/mudlib/d/chengdu/npc/obj zhubang.c
99.03.15 18:01 B f:\mirror1\d\chengdu\npc\obj\yang.c --> www1.yn.cninfo.net /mudlab/mudlib/d/chengdu/npc/obj yang.c
