西游记   (MudOS v21.7) starting up on Microsoft Windows NT - Sat Oct 31 18:37:38 1998


Can't find "mudos", ignoring old binaries.
Try invoking the driver using the full pathname.
System Error: init_addr_server: connect:No such file or directory
adm/obj/simul_efun.c line 1: Warning: Unknown #pragma, ignored.

Loading preloaded files ...
Initializations complete.

Accepting connections on port 5555.
错误讯息被拦截：
执行时段错误：*restore_object(): Illegal string format while restoring SAVE_NAME.

程序：feature/save.c 第 19 行
物件：/d/city/npc/xiaoer#10
呼叫来自：adm/daemons/logind.c 的 confirm_gift() 第 593 行，物件： adm/daemons/logind
调用参数：confirm_gift("y")
局部变量：NULL
呼叫来自：adm/daemons/logind.c 的 enter_world() 第 703 行，物件： adm/daemons/logind
调用参数：enter_world(NULL)
局部变量：NULL, NULL, NULL, "/d/city/kezhan", NULL, NULL
呼叫来自：adm/daemons/logind.c 的 CATCH() 第 703 行，物件： adm/daemons/logind
调用参数：CATCH()
局部变量：
呼叫来自：d/city/kezhan.c 的 create() 第 30 行，物件： d/city/kezhan
调用参数：create()
局部变量：
呼叫来自：std/room.c 的 setup() 第 204 行，物件： d/city/kezhan
调用参数：setup()
局部变量：
呼叫来自：std/room.c 的 reset() 第 55 行，物件： d/city/kezhan
调用参数：reset()
局部变量：([ ... ]), ([ ... ]), ({ ... }), 1, NULL
呼叫来自：std/room.c 的 make_inventory() 第 20 行，物件： d/city/kezhan
调用参数：make_inventory("/d/city/npc/xiaoer")
局部变量：NULL
呼叫来自：d/city/npc/xiaoer.c 的 create() 第 6 行，物件： d/city/npc/xiaoer#10 ("店小二")
调用参数：create()
局部变量：
呼叫来自：feature/vendor_sale.c 的 reload() 第 475 行，物件： d/city/npc/xiaoer#10 ("店小二")
调用参数：reload("xiaoer")
局部变量：NULL
呼叫来自：std/char/npcsave.c 的 reload() 第 54 行，物件： d/city/npc/xiaoer#10 ("店小二")
调用参数：reload("xiaoer")
局部变量：
呼叫来自：feature/save.c 的 restore() 第 19 行，物件： d/city/npc/xiaoer#10 ("店小二")
调用参数：restore()
局部变量："/data/npc/boss/xiaoer"
this_player: obj/user#1 ("王振宇")
previous_object(0): d/city/npc/xiaoer#10 ("店小二")
previous_object(1): d/city/kezhan
previous_object(2): d/city/kezhan
previous_object(3): adm/daemons/logind
+----------------------------------------------------------------------+

