99.03.14 13:19 B f:\mirror1\d\jingzhou\afang.c --> www1.yn.cninfo.net /mudcctx/mudlib/d/jingzhou afang.c
99.03.14 13:19 B f:\mirror1\d\jingzhou\baita.c --> www1.yn.cninfo.net /mudcctx/mudlib/d/jingzhou baita.c
99.03.14 13:19 B f:\mirror1\d\jingzhou\baita.txt --> www1.yn.cninfo.net /mudcctx/mudlib/d/jingzhou baita.txt
99.03.14 13:19 B f:\mirror1\d\jingzhou\baita1.c --> www1.yn.cninfo.net /mudcctx/mudlib/d/jingzhou baita1.c
99.03.14 13:19 B f:\mirror1\d\jingzhou\baita2.c --> www1.yn.cninfo.net /mudcctx/mudlib/d/jingzhou baita2.c
99.03.14 13:19 B f:\mirror1\d\jingzhou\beidajie1.c --> www1.yn.cninfo.net /mudcctx/mudlib/d/jingzhou beidajie1.c
99.03.14 13:19 B f:\mirror1\d\jingzhou\beidajie2.c --> www1.yn.cninfo.net /mudcctx/mudlib/d/jingzhou beidajie2.c
99.03.14 13:19 B f:\mirror1\d\jingzhou\bqku.c --> www1.yn.cninfo.net /mudcctx/mudlib/d/jingzhou bqku.c
99.03.14 13:19 B f:\mirror1\d\jingzhou\bqkumen.c --> www1.yn.cninfo.net /mudcctx/mudlib/d/jingzhou bqkumen.c
99.03.14 13:19 B f:\mirror1\d\jingzhou\caidi.c --> www1.yn.cninfo.net /mudcctx/mudlib/d/jingzhou caidi.c
99.03.14 13:19 B f:\mirror1\d\jingzhou\chaliao.c --> www1.yn.cninfo.net /mudcctx/mudlib/d/jingzhou chaliao.c
99.03.14 13:19 B f:\mirror1\d\jingzhou\chibi1.c --> www1.yn.cninfo.net /mudcctx/mudlib/d/jingzhou chibi1.c
99.03.14 13:19 B f:\mirror1\d\jingzhou\chibi2.c --> www1.yn.cninfo.net /mudcctx/mudlib/d/jingzhou chibi2.c
99.03.14 13:19 B f:\mirror1\d\jingzhou\chibi3.c --> www1.yn.cninfo.net /mudcctx/mudlib/d/jingzhou chibi3.c
99.03.14 13:19 B f:\mirror1\d\jingzhou\chibi4.c --> www1.yn.cninfo.net /mudcctx/mudlib/d/jingzhou chibi4.c
99.03.14 13:19 B f:\mirror1\d\jingzhou\chibi5.c --> www1.yn.cninfo.net /mudcctx/mudlib/d/jingzhou chibi5.c
99.03.14 13:19 B f:\mirror1\d\jingzhou\chibi6.c --> www1.yn.cninfo.net /mudcctx/mudlib/d/jingzhou chibi6.c
99.03.14 13:19 B f:\mirror1\d\jingzhou\datiepu.c --> www1.yn.cninfo.net /mudcctx/mudlib/d/jingzhou datiepu.c
99.03.14 13:19 B f:\mirror1\d\jingzhou\dayuan.c --> www1.yn.cninfo.net /mudcctx/mudlib/d/jingzhou dayuan.c
99.03.14 13:19 B f:\mirror1\d\jingzhou\dongdajie1.c --> www1.yn.cninfo.net /mudcctx/mudlib/d/jingzhou dongdajie1.c
99.03.14 13:19 B f:\mirror1\d\jingzhou\dongdajie2.c --> www1.yn.cninfo.net /mudcctx/mudlib/d/jingzhou dongdajie2.c
99.03.14 13:19 B f:\mirror1\d\jingzhou\dting.c --> www1.yn.cninfo.net /mudcctx/mudlib/d/jingzhou dting.c
99.03.14 13:19 B f:\mirror1\d\jingzhou\guandao1.c --> www1.yn.cninfo.net /mudcctx/mudlib/d/jingzhou guandao1.c
99.03.14 13:19 B f:\mirror1\d\jingzhou\guandao2.c --> www1.yn.cninfo.net /mudcctx/mudlib/d/jingzhou guandao2.c
99.03.14 13:19 B f:\mirror1\d\jingzhou\guandao3.c --> www1.yn.cninfo.net /mudcctx/mudlib/d/jingzhou guandao3.c
99.03.14 13:19 B f:\mirror1\d\jingzhou\guangchang.c --> www1.yn.cninfo.net /mudcctx/mudlib/d/jingzhou guangchang.c
99.03.14 13:19 B f:\mirror1\d\jingzhou\guanmiao.c --> www1.yn.cninfo.net /mudcctx/mudlib/d/jingzhou guanmiao.c
99.03.14 13:19 B f:\mirror1\d\jingzhou\houdian.c --> www1.yn.cninfo.net /mudcctx/mudlib/d/jingzhou houdian.c
99.03.14 13:19 B f:\mirror1\d\jingzhou\houmen.c --> www1.yn.cninfo.net /mudcctx/mudlib/d/jingzhou houmen.c
99.03.14 13:19 B f:\mirror1\d\jingzhou\houyuan.c --> www1.yn.cninfo.net /mudcctx/mudlib/d/jingzhou houyuan.c
99.03.14 13:19 B f:\mirror1\d\jingzhou\jing.c --> www1.yn.cninfo.net /mudcctx/mudlib/d/jingzhou jing.c
99.03.14 13:19 B f:\mirror1\d\jingzhou\jzbeimen.c --> www1.yn.cninfo.net /mudcctx/mudlib/d/jingzhou jzbeimen.c
99.03.14 13:19 B f:\mirror1\d\jingzhou\jzbeimenc.c --> www1.yn.cninfo.net /mudcctx/mudlib/d/jingzhou jzbeimenc.c
99.03.14 13:19 B f:\mirror1\d\jingzhou\jzbeimenc.txt --> www1.yn.cninfo.net /mudcctx/mudlib/d/jingzhou jzbeimenc.txt
99.03.14 13:19 B f:\mirror1\d\jingzhou\jzdongmen.c --> www1.yn.cninfo.net /mudcctx/mudlib/d/jingzhou jzdongmen.c
99.03.14 13:19 B f:\mirror1\d\jingzhou\jznanmen.c --> www1.yn.cninfo.net /mudcctx/mudlib/d/jingzhou jznanmen.c
99.03.14 13:19 B f:\mirror1\d\jingzhou\jzximen.c --> www1.yn.cninfo.net /mudcctx/mudlib/d/jingzhou jzximen.c
99.03.14 13:19 B f:\mirror1\d\jingzhou\jzyamen.c --> www1.yn.cninfo.net /mudcctx/mudlib/d/jingzhou jzyamen.c
99.03.14 13:20 B f:\mirror1\d\jingzhou\kedian.c --> www1.yn.cninfo.net /mudcctx/mudlib/d/jingzhou kedian.c
99.03.14 13:20 B f:\mirror1\d\jingzhou\kedian2.c --> www1.yn.cninfo.net /mudcctx/mudlib/d/jingzhou kedian2.c
99.03.14 13:20 B f:\mirror1\d\jingzhou\kedian3.c --> www1.yn.cninfo.net /mudcctx/mudlib/d/jingzhou kedian3.c
99.03.14 13:20 B f:\mirror1\d\jingzhou\lcmen.c --> www1.yn.cninfo.net /mudcctx/mudlib/d/jingzhou lcmen.c
99.03.14 13:20 B f:\mirror1\d\jingzhou\liangcang.c --> www1.yn.cninfo.net /mudcctx/mudlib/d/jingzhou liangcang.c
99.03.14 13:20 B f:\mirror1\d\jingzhou\libailou.c --> www1.yn.cninfo.net /mudcctx/mudlib/d/jingzhou libailou.c
99.03.14 13:20 B f:\mirror1\d\jingzhou\libailou2.c --> www1.yn.cninfo.net /mudcctx/mudlib/d/jingzhou libailou2.c
99.03.14 13:20 B f:\mirror1\d\jingzhou\luan.c --> www1.yn.cninfo.net /mudcctx/mudlib/d/jingzhou luan.c
99.03.14 13:20 B f:\mirror1\d\jingzhou\luan2.c --> www1.yn.cninfo.net /mudcctx/mudlib/d/jingzhou luan2.c
99.03.14 13:20 B f:\mirror1\d\jingzhou\lydao1.c --> www1.yn.cninfo.net /mudcctx/mudlib/d/jingzhou lydao1.c
99.03.14 13:20 B f:\mirror1\d\jingzhou\lydao2.c --> www1.yn.cninfo.net /mudcctx/mudlib/d/jingzhou lydao2.c
99.03.14 13:20 B f:\mirror1\d\jingzhou\lydao3.c --> www1.yn.cninfo.net /mudcctx/mudlib/d/jingzhou lydao3.c
99.03.14 13:20 B f:\mirror1\d\jingzhou\lydao4.c --> www1.yn.cninfo.net /mudcctx/mudlib/d/jingzhou lydao4.c
99.03.14 13:20 B f:\mirror1\d\jingzhou\nandajie1.c --> www1.yn.cninfo.net /mudcctx/mudlib/d/jingzhou nandajie1.c
99.03.14 13:20 B f:\mirror1\d\jingzhou\nandajie2.c --> www1.yn.cninfo.net /mudcctx/mudlib/d/jingzhou nandajie2.c
99.03.14 13:20 B f:\mirror1\d\jingzhou\nanshilu.c --> www1.yn.cninfo.net /mudcctx/mudlib/d/jingzhou nanshilu.c
99.03.14 13:20 B f:\mirror1\d\jingzhou\nanshilu1.c --> www1.yn.cninfo.net /mudcctx/mudlib/d/jingzhou nanshilu1.c
99.03.14 13:20 B f:\mirror1\d\jingzhou\qianzhuang.c --> www1.yn.cninfo.net /mudcctx/mudlib/d/jingzhou qianzhuang.c
99.03.14 13:20 B f:\mirror1\d\jingzhou\qingshan.c --> www1.yn.cninfo.net /mudcctx/mudlib/d/jingzhou qingshan.c
99.03.14 13:20 B f:\mirror1\d\jingzhou\qingshan1.c --> www1.yn.cninfo.net /mudcctx/mudlib/d/jingzhou qingshan1.c
99.03.14 13:20 B f:\mirror1\d\jingzhou\qingshan2.c --> www1.yn.cninfo.net /mudcctx/mudlib/d/jingzhou qingshan2.c
99.03.14 13:20 B f:\mirror1\d\jingzhou\road1.c --> www1.yn.cninfo.net /mudcctx/mudlib/d/jingzhou road1.c
99.03.14 13:20 B f:\mirror1\d\jingzhou\road2.c --> www1.yn.cninfo.net /mudcctx/mudlib/d/jingzhou road2.c
99.03.14 13:20 B f:\mirror1\d\jingzhou\road3.c --> www1.yn.cninfo.net /mudcctx/mudlib/d/jingzhou road3.c
99.03.14 13:20 B f:\mirror1\d\jingzhou\road4.c --> www1.yn.cninfo.net /mudcctx/mudlib/d/jingzhou road4.c
99.03.14 13:20 B f:\mirror1\d\jingzhou\road5.c --> www1.yn.cninfo.net /mudcctx/mudlib/d/jingzhou road5.c
99.03.14 13:20 B f:\mirror1\d\jingzhou\road6.c --> www1.yn.cninfo.net /mudcctx/mudlib/d/jingzhou road6.c
99.03.14 13:20 B f:\mirror1\d\jingzhou\road7.c --> www1.yn.cninfo.net /mudcctx/mudlib/d/jingzhou road7.c
99.03.14 13:20 B f:\mirror1\d\jingzhou\sec1.c --> www1.yn.cninfo.net /mudcctx/mudlib/d/jingzhou sec1.c
99.03.14 13:20 B f:\mirror1\d\jingzhou\sec2.c --> www1.yn.cninfo.net /mudcctx/mudlib/d/jingzhou sec2.c
99.03.14 13:20 B f:\mirror1\d\jingzhou\sec3.c --> www1.yn.cninfo.net /mudcctx/mudlib/d/jingzhou sec3.c
99.03.14 13:20 B f:\mirror1\d\jingzhou\shijie.c --> www1.yn.cninfo.net /mudcctx/mudlib/d/jingzhou shijie.c
99.03.14 13:20 B f:\mirror1\d\jingzhou\shop.c --> www1.yn.cninfo.net /mudcctx/mudlib/d/jingzhou shop.c
99.03.14 13:20 B f:\mirror1\d\jingzhou\shuyuan.c --> www1.yn.cninfo.net /mudcctx/mudlib/d/jingzhou shuyuan.c
99.03.14 13:20 B f:\mirror1\d\jingzhou\shuyuan1.c --> www1.yn.cninfo.net /mudcctx/mudlib/d/jingzhou shuyuan1.c
99.03.14 13:20 B f:\mirror1\d\jingzhou\tiesuo.c --> www1.yn.cninfo.net /mudcctx/mudlib/d/jingzhou tiesuo.c
99.03.14 13:20 B f:\mirror1\d\jingzhou\tomb.c --> www1.yn.cninfo.net /mudcctx/mudlib/d/jingzhou tomb.c
99.03.14 13:20 B f:\mirror1\d\jingzhou\wanghouse.c --> www1.yn.cninfo.net /mudcctx/mudlib/d/jingzhou wanghouse.c
99.03.14 13:20 B f:\mirror1\d\jingzhou\wenquan.c --> www1.yn.cninfo.net /mudcctx/mudlib/d/jingzhou wenquan.c
99.03.14 13:20 B f:\mirror1\d\jingzhou\whouyuan.c --> www1.yn.cninfo.net /mudcctx/mudlib/d/jingzhou whouyuan.c
99.03.14 13:20 B f:\mirror1\d\jingzhou\xiaoshan.c --> www1.yn.cninfo.net /mudcctx/mudlib/d/jingzhou xiaoshan.c
99.03.14 13:20 B f:\mirror1\d\jingzhou\xiaoyuan.c --> www1.yn.cninfo.net /mudcctx/mudlib/d/jingzhou xiaoyuan.c
99.03.14 13:20 B f:\mirror1\d\jingzhou\xidajie1.c --> www1.yn.cninfo.net /mudcctx/mudlib/d/jingzhou xidajie1.c
99.03.14 13:20 B f:\mirror1\d\jingzhou\xidajie2.c --> www1.yn.cninfo.net /mudcctx/mudlib/d/jingzhou xidajie2.c
99.03.14 13:20 B f:\mirror1\d\jingzhou\xting.c --> www1.yn.cninfo.net /mudcctx/mudlib/d/jingzhou xting.c
99.03.14 13:20 B f:\mirror1\d\jingzhou\xxend.c --> www1.yn.cninfo.net /mudcctx/mudlib/d/jingzhou xxend.c
99.03.14 13:20 B f:\mirror1\d\jingzhou\xxiang.c --> www1.yn.cninfo.net /mudcctx/mudlib/d/jingzhou xxiang.c
99.03.14 13:20 B f:\mirror1\d\jingzhou\yaopu.c --> www1.yn.cninfo.net /mudcctx/mudlib/d/jingzhou yaopu.c
99.03.14 13:20 B f:\mirror1\d\jingzhou\ymzhengting.c --> www1.yn.cninfo.net /mudcctx/mudlib/d/jingzhou ymzhengting.c
99.03.14 13:20 B f:\mirror1\d\jingzhou\zizhulin.c --> www1.yn.cninfo.net /mudcctx/mudlib/d/jingzhou zizhulin.c
99.03.14 13:20 B f:\mirror1\d\jingzhou\zizhulin1.c --> www1.yn.cninfo.net /mudcctx/mudlib/d/jingzhou zizhulin1.c
99.03.14 13:20 B f:\mirror1\d\jingzhou\zizhulin2.c --> www1.yn.cninfo.net /mudcctx/mudlib/d/jingzhou zizhulin2.c
99.03.14 13:20 B f:\mirror1\d\jingzhou\zizhulin3.c --> www1.yn.cninfo.net /mudcctx/mudlib/d/jingzhou zizhulin3.c
99.03.14 13:20 B f:\mirror1\d\jingzhou\zizhulin4.c --> www1.yn.cninfo.net /mudcctx/mudlib/d/jingzhou zizhulin4.c
99.03.14 13:20 B f:\mirror1\d\jingzhou\zizhulin5.c --> www1.yn.cninfo.net /mudcctx/mudlib/d/jingzhou zizhulin5.c
99.03.14 13:20 B f:\mirror1\d\jingzhou\zizhulin6.c --> www1.yn.cninfo.net /mudcctx/mudlib/d/jingzhou zizhulin6.c
99.03.14 13:20 B f:\mirror1\d\jingzhou\zizhulin7.c --> www1.yn.cninfo.net /mudcctx/mudlib/d/jingzhou zizhulin7.c
