
杀手(seaking) 删除 /data/user/c on Fri Dec 31 21:22:04 1999
杀手(seaking) 删除 /data/user/a on Fri Dec 31 21:22:09 1999
杀手(seaking) 删除 /data/user/b on Fri Dec 31 21:22:11 1999
杀手(seaking) 删除 /data/user/e on Fri Dec 31 21:22:13 1999
杀手(seaking) 删除 /data/user/d on Fri Dec 31 21:22:16 1999
杀手(seaking) 删除 /data/user/f on Fri Dec 31 21:22:18 1999
杀手(seaking) 删除 /data/user/h on Fri Dec 31 21:22:20 1999
杀手(seaking) 删除 /data/user/i on Fri Dec 31 21:22:22 1999
杀手(seaking) 删除 /data/user/j on Fri Dec 31 21:22:24 1999
杀手(seaking) 删除 /data/user/o on Fri Dec 31 21:22:26 1999
杀手(seaking) 删除 /data/user/n on Fri Dec 31 21:22:28 1999
杀手(seaking) 删除 /data/user/p on Fri Dec 31 21:22:29 1999
杀手(seaking) 删除 /data/user/q on Fri Dec 31 21:22:31 1999
杀手(seaking) 删除 /data/user/k on Fri Dec 31 21:22:35 1999
杀手(seaking) 删除 /data/user/m on Fri Dec 31 21:22:39 1999
杀手(seaking) 删除 /data/user/r on Fri Dec 31 21:22:40 1999
杀手(seaking) 删除 /data/user/y on Fri Dec 31 21:22:45 1999
杀手(seaking) 删除 /data/user/x on Fri Dec 31 21:22:54 1999
杀手(seaking) 删除 /data/login/a on Fri Dec 31 21:23:37 1999
杀手(seaking) 删除 /data/login/b on Fri Dec 31 21:23:39 1999
杀手(seaking) 删除 /data/login/c on Fri Dec 31 21:23:41 1999
杀手(seaking) 删除 /data/login/d on Fri Dec 31 21:23:42 1999
杀手(seaking) 删除 /data/login/e on Fri Dec 31 21:23:45 1999
杀手(seaking) 删除 /data/login/f on Fri Dec 31 21:23:49 1999
杀手(seaking) 删除 /data/login/h on Fri Dec 31 21:23:51 1999
杀手(seaking) 删除 /data/login/i on Fri Dec 31 21:23:52 1999
杀手(seaking) 删除 /data/login/j on Fri Dec 31 21:23:55 1999
杀手(seaking) 删除 /data/login/m on Fri Dec 31 21:24:00 1999
杀手(seaking) 删除 /data/login/n on Fri Dec 31 21:24:01 1999
杀手(seaking) 删除 /data/login/o on Fri Dec 31 21:24:03 1999
杀手(seaking) 删除 /data/login/p on Fri Dec 31 21:24:04 1999
杀手(seaking) 删除 /data/login/x on Fri Dec 31 21:24:09 1999
杀手(seaking) 删除 /data/login/y on Fri Dec 31 21:24:11 1999
杀手(seaking) 删除 /data/login/r on Fri Dec 31 21:24:15 1999
杀手(seaking) 删除 /data/login/k on Fri Dec 31 21:24:20 1999
杀手(seaking) 删除 /data/login/q on Fri Dec 31 21:24:24 1999
杀手(seaking) 删除 /d/suzhou on Fri Dec 31 22:02:36 1999
杀手(seaking) 删除 /d/village on Fri Dec 31 22:03:00 1999
杀手(seaking) 删除 /d/xiakedao on Fri Dec 31 22:03:04 1999
杀手(seaking) 删除 /d/xiangyang on Fri Dec 31 22:03:08 1999
杀手(seaking) 删除 /d/wanjiegu on Fri Dec 31 22:03:13 1999
杀手(seaking) 删除 /d/wudang on Fri Dec 31 22:03:19 1999
杀手(seaking) 删除 /d/tiezhang on Fri Dec 31 22:03:31 1999
杀手(seaking) 删除 /d/test on Fri Dec 31 22:04:38 1999
杀手(seaking) 删除 /kungfu/class/btshan on Fri Dec 31 22:04:54 1999
杀手(seaking) 删除 /kungfu/class/chongyang on Fri Dec 31 22:04:58 1999
杀手(seaking) 删除 /kungfu/class/dali on Fri Dec 31 22:05:00 1999
杀手(seaking) 删除 /kungfu/class/emei on Fri Dec 31 22:05:03 1999
杀手(seaking) 删除 /kungfu/class/gaibang on Fri Dec 31 22:05:06 1999
杀手(seaking) 删除 /kungfu/class/gumu on Fri Dec 31 22:05:08 1999
杀手(seaking) 删除 /kungfu/class/huashan on Fri Dec 31 22:05:13 1999
杀手(seaking) 删除 /kungfu/class/lingjiu on Fri Dec 31 22:05:19 1999
杀手(seaking) 删除 /kungfu/class/mingjiao on Fri Dec 31 22:05:22 1999
杀手(seaking) 删除 /kungfu/class/oshaolin on Fri Dec 31 22:05:25 1999
杀手(seaking) 删除 /kungfu/class/shenlong on Fri Dec 31 22:05:29 1999
杀手(seaking) 删除 /kungfu/class/tangmen on Fri Dec 31 22:05:32 1999
杀手(seaking) 删除 /kungfu/class/taohua on Fri Dec 31 22:05:34 1999
杀手(seaking) 删除 /kungfu/class/wudang on Fri Dec 31 22:05:36 1999
杀手(seaking) 删除 /kungfu/class/xiake on Fri Dec 31 22:05:39 1999
杀手(seaking) 删除 /kungfu/class/xiakedao on Fri Dec 31 22:05:42 1999
杀手(seaking) 删除 /kungfu/class/xingxiu on Fri Dec 31 22:05:44 1999
杀手(seaking) 删除 /kungfu/class/xueshan on Fri Dec 31 22:05:47 1999
杀手(seaking) 删除 /kungfu/class/yunlong on Fri Dec 31 22:05:50 1999
杀手(seaking) 删除 /kungfu/class/yue-buqun.c on Fri Dec 31 22:05:55 1999
杀手(seaking) 删除 /kungfu/class/shaolin on Fri Dec 31 22:06:01 1999
杀手(seaking) 删除 /kungfu/class/wudu on Fri Dec 31 22:06:09 1999
杀手(seaking) 删除 /kungfu/class/kunming on Fri Dec 31 22:06:38 1999
杀手(seaking) 删除 /kungfu/class/skill on Fri Dec 31 22:06:51 1999
杀手(seaking) 删除 /d/shengdian on Sat Jan 01 22:28:46 2000
杀手(seaking) 删除 /d/npc on Sun Jan 02 20:39:23 2000
杀手(seaking) 删除 /doc/build on Mon Jan 03 18:13:53 2000
杀手(seaking) 删除 /doc/skill on Mon Jan 03 18:14:33 2000
杀手(seaking) 删除 /doc/newhelp on Mon Jan 03 18:14:45 2000
杀手(seaking) 删除 /doc/board on Mon Jan 03 18:15:26 2000
杀手(seaking) 删除 /doc/legend on Mon Jan 03 18:15:44 2000
杀手(seaking) 删除 /tmp on Mon Jan 03 18:17:21 2000
杀手(seaking) 删除 /u/badbad on Mon Jan 03 18:17:37 2000
杀手(seaking) 删除 /u/girl on Mon Jan 03 18:17:43 2000
杀手(seaking) 删除 /u/zurn on Mon Jan 03 18:17:50 2000
杀手(seaking) 删除 /clone/book on Mon Jan 03 18:18:40 2000
杀手(seaking) 删除 /clone/drug on Mon Jan 03 18:18:55 2000
杀手(seaking) 删除 /clone/misc on Mon Jan 03 18:19:15 2000
杀手(seaking) 删除 /clone/money on Mon Jan 03 18:19:21 2000
杀手(seaking) 删除 /clone/npc on Mon Jan 03 18:19:34 2000
杀手(seaking) 删除 /quest on Mon Jan 03 18:22:23 2000
杀手(seaking) 删除 /www on Mon Jan 03 18:22:28 2000
杀手(seaking) 删除 /open on Mon Jan 03 18:22:36 2000
杀手(seaking) 删除 /kungfu/skill/taiji-quan on Mon Jan 03 18:24:58 2000
杀手(seaking) 删除 /kungfu/skill/taiji-quan.c on Mon Jan 03 18:25:00 2000
杀手(seaking) 删除 /kungfu/skill/taiji-jian on Mon Jan 03 18:25:12 2000
杀手(seaking) 删除 /kungfu/skill/wudu-bian on Mon Jan 03 18:25:17 2000
杀手(seaking) 删除 /kungfu/skill/sun-finger on Mon Jan 03 18:25:22 2000
杀手(seaking) 删除 /kungfu/skill/tanzhi-shentong on Mon Jan 03 18:25:33 2000
杀手(seaking) 删除 /kungfu/skill/taiji-shengong on Mon Jan 03 18:25:43 2000
杀手(seaking) 删除 /kungfu/skill/wudu-shengong on Mon Jan 03 18:25:49 2000
杀手(seaking) 删除 /kungfu/skill/wudu-shenzhang on Mon Jan 03 18:25:52 2000
杀手(seaking) 删除 /kungfu/skill/biye-wu on Mon Jan 03 18:28:39 2000
杀手(seaking) 删除 /kungfu/skill/biyun-xinfa.c on Mon Jan 03 18:29:21 2000
杀手(seaking) 删除 /kungfu/skill/biyun-xinfa on Mon Jan 03 18:29:24 2000
杀手(seaking) 删除 /kungfu/skill/chixin-qingchang-jian.c on Mon Jan 03 18:29:37 2000
杀手(seaking) 删除 /kungfu/skill/cibei-dao.c on Mon Jan 03 18:30:10 2000
杀手(seaking) 删除 /kungfu/skill/daneng-force on Mon Jan 03 18:30:20 2000
杀手(seaking) 删除 /kungfu/skill/ding-dodge.c on Mon Jan 03 18:30:26 2000
杀手(seaking) 删除 /kungfu/skill/ding-force.c on Mon Jan 03 18:30:29 2000
杀手(seaking) 删除 /kungfu/skill/ding-unarmed.c on Mon Jan 03 18:30:34 2000
杀手(seaking) 删除 /kungfu/skill/duanyun-bian on Mon Jan 03 18:30:58 2000
杀手(seaking) 删除 /kungfu/skill/duanyun-bian.c on Mon Jan 03 18:31:00 2000
杀手(seaking) 删除 /kungfu/skill/duanyun-fu on Mon Jan 03 18:31:04 2000
杀手(seaking) 删除 /kungfu/skill/duanyun-fu.c on Mon Jan 03 18:31:05 2000
杀手(seaking) 删除 /kungfu/skill/dugu-jiujian.c on Mon Jan 03 18:31:10 2000
杀手(seaking) 删除 /kungfu/skill/duoming-biao.c on Mon Jan 03 18:31:14 2000
杀手(seaking) 删除 /kungfu/skill/duoming-jinhua.c on Mon Jan 03 18:31:20 2000
杀手(seaking) 删除 /kungfu/skill/dushi-jiren.c on Mon Jan 03 18:31:26 2000
杀手(seaking) 删除 /kungfu/skill/fanliangyi-dao.c on Mon Jan 03 18:31:33 2000
杀手(seaking) 删除 /kungfu/skill/feifeng-whip.c on Mon Jan 03 18:31:37 2000
杀手(seaking) 删除 /kungfu/skill/feiyan-huixiang.c on Mon Jan 03 18:31:49 2000
杀手(seaking) 删除 /kungfu/skill/fenghuang-jian on Mon Jan 03 18:31:53 2000
杀手(seaking) 删除 /kungfu/skill/fenghuang-jian.c on Mon Jan 03 18:32:01 2000
杀手(seaking) 删除 /kungfu/skill/poyu-quan on Mon Jan 03 18:32:47 2000
杀手(seaking) 删除 /kungfu/skill/poyu-quan.c on Mon Jan 03 18:32:48 2000
杀手(seaking) 删除 /kungfu/skill/pixie-sword on Mon Jan 03 18:32:53 2000
杀手(seaking) 删除 /kungfu/skill/pixie-sword.c on Mon Jan 03 18:32:55 2000
杀手(seaking) 删除 /kungfu/skill/qianye-shou.c on Mon Jan 03 18:33:01 2000
杀手(seaking) 删除 /kungfu/skill/pudu-zhang.c on Mon Jan 03 18:33:07 2000
杀手(seaking) 删除 /kungfu/skill/qiankun-danuoyi.c on Mon Jan 03 18:33:15 2000
杀手(seaking) 删除 /kungfu/skill/qiankundanuoyi.c on Mon Jan 03 18:33:20 2000
杀手(seaking) 删除 /kungfu/skill/qishang-quan.c on Mon Jan 03 18:33:38 2000
杀手(seaking) 删除 /kungfu/skill/qiufeng-chenfa on Mon Jan 03 18:33:45 2000
杀手(seaking) 删除 /kungfu/skill/qiufeng-chenfa.c on Mon Jan 03 18:33:53 2000
杀手(seaking) 删除 /kungfu/skill/quanzhen-jian on Mon Jan 03 18:34:01 2000
杀手(seaking) 删除 /kungfu/skill/quanzhen-jianfa on Mon Jan 03 18:34:02 2000
杀手(seaking) 删除 /kungfu/skill/quanzhen-jian.c on Mon Jan 03 18:34:05 2000
杀手(seaking) 删除 /kungfu/skill/riyue-bian on Mon Jan 03 18:34:10 2000
杀手(seaking) 删除 /kungfu/skill/riyue-bian.c on Mon Jan 03 18:34:11 2000
杀手(seaking) 删除 /kungfu/skill/riyue-lun.c on Mon Jan 03 18:34:15 2000
杀手(seaking) 删除 /kungfu/skill/riyi-dao.c on Mon Jan 03 18:34:22 2000
杀手(seaking) 删除 /kungfu/skill/sanhua-zhang.c on Mon Jan 03 18:34:29 2000
杀手(seaking) 删除 /kungfu/skill/sanhuajuding on Mon Jan 03 18:34:33 2000
杀手(seaking) 删除 /kungfu/skill/sanhuajuding.c on Mon Jan 03 18:34:37 2000
杀手(seaking) 删除 /kungfu/skill/sanyin-wugongzhao.c on Mon Jan 03 18:34:44 2000
杀手(seaking) 删除 /kungfu/skill/yuxiao-jian on Tue Jan 04 11:32:33 2000
杀手(seaking) 删除 /kungfu/skill/yuxiao-jian.c on Tue Jan 04 11:32:35 2000
杀手(seaking) 删除 /kungfu/skill/yunv-xinfa on Tue Jan 04 11:32:43 2000
杀手(seaking) 删除 /kungfu/skill/yunv-jian.c on Tue Jan 04 11:32:47 2000
杀手(seaking) 删除 /kungfu/skill/yunv-jian on Tue Jan 04 11:32:48 2000
杀手(seaking) 删除 /kungfu/skill/zui-gun on Tue Jan 04 11:32:56 2000
杀手(seaking) 删除 /kungfu/skill/zui-gun.c on Tue Jan 04 11:32:57 2000
杀手(seaking) 删除 /kungfu/skill/yunlong-bian on Tue Jan 04 11:33:04 2000
杀手(seaking) 删除 /kungfu/skill/yunlong-bian.c on Tue Jan 04 11:33:05 2000
杀手(seaking) 删除 /kungfu/skill/yunlong-jian.c on Tue Jan 04 11:33:08 2000
杀手(seaking) 删除 /kungfu/skill/yunlong-jian on Tue Jan 04 11:33:11 2000
杀手(seaking) 删除 /kungfu/skill/yunlong-shou on Tue Jan 04 11:33:14 2000
杀手(seaking) 删除 /kungfu/skill/yunlong-shou.c on Tue Jan 04 11:33:16 2000
杀手(seaking) 删除 /kungfu/skill/yunlong-shenfa.c on Tue Jan 04 11:33:24 2000
杀手(seaking) 删除 /kungfu/skill/yunlong-shenfa.java on Tue Jan 04 11:33:26 2000
杀手(seaking) 删除 /kungfu/skill/yuxiao-jianfa on Tue Jan 04 11:33:34 2000
杀手(seaking) 删除 /kungfu/skill/yuxiao-jianfa.c on Tue Jan 04 11:33:35 2000
