1422762432 16 0
1422762432 27 0 27 0
1415263677 27 0 27 0
1415263500 27 0 27 0
1415263200 27 0 27 0
1415262900 27 0 28 0
1415262600 28 0 28 0
1415262300 28 0 28 0
1415262000 28 0 28 0
1415261700 28 0 28 0
1415261400 28 0 28 0
1415261100 28 0 28 0
1415260800 28 0 28 0
1415260500 28 0 29 0
1415260200 29 0 29 0
1415259900 29 0 29 0
1415259600 29 0 29 0
1415259300 29 0 29 0
1415259000 29 0 29 0
1415258700 29 0 29 0
1415258400 29 0 29 0
1415258100 29 0 29 0
1415257800 29 0 29 0
1415257500 29 0 29 0
1415257200 29 0 29 0
1415256900 29 0 29 0
1415256600 29 0 29 0
1415256300 29 0 29 0
1415256000 29 0 29 0
1415255700 29 0 29 0
1415255400 29 0 29 0
1415255100 29 0 29 0
1415254800 29 0 29 0
1415254500 29 0 29 0
1415254200 29 0 29 0
1415253900 29 0 29 0
1415253600 29 0 29 0
1415253300 29 0 29 0
1415253000 29 0 29 0
1415252700 29 0 29 0
1415252400 29 0 29 0
1415252100 29 0 29 0
1415251800 29 0 29 0
1415251500 29 0 29 0
1415251200 29 0 29 0
1415250900 29 0 29 0
1415250600 29 0 29 0
1415250300 29 0 29 0
1415250000 29 0 29 0
1415249700 29 0 29 0
1415249400 29 0 29 0
1415249100 29 0 29 0
1415248800 29 0 29 0
1415248500 29 0 29 0
1415248200 22 0 29 0
1415247900 21 0 21 0
1415247600 21 0 21 0
1415247300 21 0 21 0
1415247000 21 0 21 0
1415246700 21 0 21 0
1415246400 21 0 21 0
1415246100 21 0 21 0
1415245800 21 0 21 0
1415245500 21 0 21 0
1415245200 21 0 21 0
1415244900 21 0 21 0
1415244600 21 0 21 0
1415244300 21 0 21 0
1415244000 21 0 21 0
1415243700 21 0 21 0
1415243400 21 0 21 0
1415243100 21 0 21 0
1415242800 21 0 21 0
1415242500 21 0 21 0
1415242200 21 0 21 0
1415241900 21 0 21 0
1415241600 21 0 21 0
1415241300 21 0 21 0
1415241000 21 0 21 0
1415240700 21 0 21 0
1415240400 21 0 21 0
1415240100 21 0 21 0
1415239800 21 0 21 0
1415239500 21 0 21 0
1415239200 21 0 21 0
1415238900 21 0 21 0
1415238600 21 0 21 0
1415238300 21 0 21 0
1415238000 21 0 21 0
1415237700 21 0 21 0
1415237400 21 0 21 0
1415237100 21 0 21 0
1415236800 21 0 21 0
1415236500 21 0 21 0
1415236200 21 0 21 0
1415235900 21 0 21 0
1415235600 21 0 21 0
1415235300 21 0 21 0
1415235000 21 0 21 0
1415234700 21 0 21 0
1415234400 21 0 21 0
1415234100 21 0 21 0
1415233800 21 0 21 0
1415233500 21 0 21 0
1415233200 21 0 21 0
1415232900 21 0 21 0
1415232600 21 0 21 0
1415232300 21 0 21 0
1415232000 21 0 21 0
1415231700 21 0 21 0
1415231400 21 0 21 0
1415231100 21 0 21 0
1415230800 21 0 21 0
1415230500 21 0 21 0
1415230200 21 0 21 0
1415229900 21 0 21 0
1415229600 21 0 21 0
1415229300 21 0 21 0
1415229000 21 0 21 0
1415228700 21 0 21 0
1415228400 21 0 21 0
1415228100 21 0 21 0
1415227800 21 0 21 0
1415227500 21 0 21 0
1415227200 21 0 21 0
1415226900 21 0 21 0
1415226600 21 0 21 0
1415226300 21 0 21 0
1415226000 21 0 21 0
1415225700 21 0 21 0
1415225400 21 0 21 0
1415225100 21 0 21 0
1415224800 21 0 21 0
1415224500 21 0 21 0
1415224200 21 0 21 0
1415223900 21 0 21 0
1415223600 21 0 21 0
1415223300 21 0 21 0
1415223000 21 0 21 0
1415222700 21 0 21 0
1415222400 21 0 21 0
1415222100 21 0 21 0
1415221800 21 0 21 0
1415221500 21 0 21 0
1415221200 21 0 21 0
1415220900 21 0 21 0
1415220600 21 0 21 0
1415220300 21 0 21 0
1415220000 21 0 21 0
1415219700 21 0 21 0
1415219400 21 0 21 0
1415219100 21 0 21 0
1415218800 21 0 21 0
1415218500 21 0 21 0
1415218200 21 0 21 0
1415217900 21 0 21 0
1415217600 21 0 21 0
1415217300 21 0 21 0
1415217000 21 0 21 0
1415216700 21 0 21 0
1415216400 21 0 21 0
1415216100 21 0 21 0
1415215800 21 0 21 0
1415215500 21 0 21 0
1415215200 21 0 21 0
1415214900 21 0 21 0
1415214600 21 0 21 0
1415214300 21 0 21 0
1415214000 21 0 21 0
1415213700 21 0 21 0
1415213400 21 0 21 0
1415213100 21 0 21 0
1415212800 21 0 21 0
1415212500 21 0 21 0
1415212200 21 0 21 0
1415211900 21 0 21 0
1415211600 21 0 21 0
1415211300 21 0 21 0
1415211000 21 0 21 0
1415210700 21 0 21 0
1415210400 21 0 21 0
1415210100 21 0 21 0
1415209800 21 0 21 0
1415209500 21 0 21 0
1415209200 21 0 21 0
1415208900 21 0 21 0
1415208600 21 0 21 0
1415208300 21 0 21 0
1415208000 21 0 21 0
1415207700 21 0 21 0
1415207400 21 0 21 0
1415207100 21 0 21 0
1415206800 21 0 21 0
1415206500 21 0 21 0
1415206200 21 0 21 0
1415205900 21 0 21 0
1415205600 21 0 21 0
1415205300 21 0 21 0
1415205000 21 0 21 0
1415204700 21 0 21 0
1415204400 21 0 21 0
1415204100 21 0 21 0
1415203800 21 0 21 0
1415203500 21 0 21 0
1415203200 21 0 21 0
1415202900 21 0 21 0
1415202600 21 0 21 0
1415202300 21 0 21 0
1415202000 21 0 21 0
1415201700 21 0 21 0
1415201400 21 0 21 0
1415201100 21 0 21 0
1415200800 21 0 21 0
1415200500 21 0 21 0
1415200200 21 0 21 0
1415199900 21 0 21 0
1415199600 21 0 21 0
1415199300 21 0 21 0
1415199000 21 0 21 0
1415198700 21 0 21 0
1415198400 21 0 21 0
1415198100 21 0 21 0
1415197800 21 0 21 0
1415197500 21 0 21 0
1415197200 21 0 21 0
1415196900 21 0 21 0
1415196600 21 0 21 0
1415196300 21 0 21 0
1415196000 21 0 21 0
1415195700 21 0 21 0
1415195400 21 0 21 0
1415195100 21 0 21 0
1415194800 21 0 21 0
1415194500 21 0 21 0
1415194200 21 0 21 0
1415193900 20 0 21 0
1415193600 20 0 20 0
1415193300 20 0 20 0
1415193000 19 0 20 0
1415192700 19 0 19 0
1415192400 19 0 19 0
1415192100 19 0 19 0
1415191800 19 0 19 0
1415191500 19 0 19 0
1415191200 19 0 19 0
1415190900 19 0 19 0
1415190600 19 0 19 0
1415190300 19 0 19 0
1415190000 19 0 19 0
1415189700 19 0 19 0
1415189400 19 0 19 0
1415189100 19 0 19 0
1415188800 19 0 19 0
1415188500 19 0 19 0
1415188200 19 0 19 0
1415187900 19 0 19 0
1415187600 19 0 19 0
1415187300 19 0 19 0
1415187000 19 0 19 0
1415186700 19 0 19 0
1415186400 19 0 19 0
1415186100 19 0 19 0
1415185800 19 0 19 0
1415185500 19 0 19 0
1415185200 19 0 19 0
1415184900 19 0 19 0
1415184600 19 0 19 0
1415184300 19 0 19 0
1415184000 19 0 19 0
1415183700 19 0 19 0
1415183400 19 0 19 0
1415183100 19 0 19 0
1415182800 19 0 19 0
1415182500 19 0 19 0
1415182200 19 0 19 0
1415181900 19 0 19 0
1415181600 19 0 19 0
1415181300 19 0 19 0
1415181000 19 0 19 0
1415180700 19 0 19 0
1415180400 19 0 19 0
1415180100 19 0 19 0
1415179800 19 0 19 0
1415179500 19 0 19 0
1415179200 19 0 19 0
1415178900 19 0 19 0
1415178600 19 0 19 0
1415178300 19 0 19 0
1415178000 19 0 19 0
1415177700 19 0 19 0
1415177400 19 0 19 0
1415177100 19 0 19 0
1415176800 19 0 19 0
1415176500 19 0 19 0
1415176200 19 0 19 0
1415175900 19 0 19 0
1415175600 19 0 19 0
1415175300 19 0 19 0
1415175000 19 0 19 0
1415174700 19 0 19 0
1415174400 19 0 19 0
1415174100 19 0 19 0
1415173800 19 0 19 0
1415173500 19 0 19 0
1415173200 19 0 19 0
1415172900 19 0 19 0
1415172600 19 0 19 0
1415172300 19 0 19 0
1415172000 19 0 19 0
1415171700 19 0 19 0
1415171400 19 0 19 0
1415171100 19 0 19 0
1415170800 19 0 19 0
1415170500 19 0 19 0
1415170200 19 0 19 0
1415169900 19 0 19 0
1415169600 19 0 19 0
1415169300 19 0 19 0
1415169000 19 0 19 0
1415168700 19 0 19 0
1415168400 19 0 19 0
1415168100 19 0 19 0
1415167800 19 0 19 0
1415167500 19 0 19 0
1415167200 19 0 19 0
1415166900 19 0 19 0
1415166600 19 0 19 0
1415166300 19 0 19 0
1415166000 19 0 19 0
1415165700 19 0 19 0
1415165400 19 0 19 0
1415165100 19 0 19 0
1415164800 19 0 19 0
1415164500 19 0 19 0
1415164200 19 0 19 0
1415163900 19 0 19 0
1415163600 19 0 19 0
1415163300 19 0 19 0
1415163000 19 0 19 0
1415162700 19 0 19 0
1415162400 19 0 19 0
1415162100 19 0 19 0
1415161800 19 0 19 0
1415161500 19 0 19 0
1415161200 19 0 19 0
1415160900 19 0 19 0
1415160600 19 0 19 0
1415160300 19 0 19 0
1415160000 19 0 19 0
1415159700 19 0 19 0
1415159400 19 0 19 0
1415159100 19 0 19 0
1415158800 19 0 19 0
1415158500 19 0 19 0
1415158200 19 0 19 0
1415157900 19 0 19 0
1415157600 19 0 19 0
1415157300 19 0 19 0
1415157000 19 0 19 0
1415156700 19 0 19 0
1415156400 19 0 19 0
1415156100 19 0 19 0
1415155800 19 0 19 0
1415155500 19 0 19 0
1415155200 19 0 19 0
1415154900 19 0 19 0
1415154600 19 0 19 0
1415154300 19 0 19 0
1415154000 19 0 19 0
1415153700 19 0 19 0
1415153400 19 0 19 0
1415153100 19 0 19 0
1415152800 19 0 19 0
1415152500 19 0 19 0
1415152200 19 0 19 0
1415151900 19 0 19 0
1415151600 19 0 19 0
1415151300 19 0 19 0
1415151000 19 0 19 0
1415150700 19 0 19 0
1415150400 19 0 19 0
1415150100 19 0 19 0
1415149800 19 0 19 0
1415149500 19 0 19 0
1415149200 19 0 19 0
1415148900 19 0 19 0
1415148600 19 0 19 0
1415148300 19 0 19 0
1415148000 19 0 19 0
1415147700 19 0 19 0
1415147400 19 0 19 0
1415147100 19 0 19 0
1415146800 19 0 19 0
1415146500 19 0 19 0
1415146200 19 0 19 0
1415145900 19 0 19 0
1415145600 19 0 19 0
1415145300 19 0 19 0
1415145000 19 0 19 0
1415144700 19 0 19 0
1415144400 19 0 19 0
1415144100 19 0 19 0
1415143800 19 0 19 0
1415143500 19 0 19 0
1415143200 19 0 19 0
1415142900 19 0 19 0
1415142600 19 0 19 0
1415142300 19 0 19 0
1415142000 19 0 19 0
1415141700 19 0 19 0
1415141400 19 0 19 0
1415141100 19 0 19 0
1415140800 19 0 19 0
1415140500 19 0 19 0
1415140200 19 0 19 0
1415139900 19 0 19 0
1415139600 19 0 19 0
1415139300 19 0 19 0
1415139000 19 0 19 0
1415138700 19 0 19 0
1415138400 19 0 19 0
1415138100 19 0 19 0
1415137800 19 0 19 0
1415137500 19 0 19 0
1415137200 19 0 19 0
1415136900 19 0 19 0
1415136600 19 0 19 0
1415136300 19 0 19 0
1415136000 19 0 19 0
1415135700 19 0 19 0
1415135400 19 0 19 0
1415135100 19 0 19 0
1415134800 19 0 19 0
1415134500 19 0 19 0
1415134200 19 0 19 0
1415133900 19 0 19 0
1415133600 19 0 19 0
1415133300 19 0 19 0
1415133000 19 0 19 0
1415132700 19 0 19 0
1415132400 19 0 19 0
1415132100 19 0 19 0
1415131800 19 0 19 0
1415131500 19 0 19 0
1415131200 19 0 19 0
1415130900 19 0 19 0
1415130600 19 0 19 0
1415130300 19 0 19 0
1415130000 19 0 19 0
1415129700 19 0 19 0
1415129400 19 0 19 0
1415129100 19 0 19 0
1415128800 19 0 19 0
1415128500 19 0 19 0
1415128200 19 0 19 0
1415127900 19 0 19 0
1415127600 19 0 19 0
1415127300 19 0 19 0
1415127000 19 0 19 0
1415126700 19 0 19 0
1415126400 19 0 19 0
1415126100 19 0 19 0
1415125800 19 0 19 0
1415125500 19 0 19 0
1415125200 19 0 19 0
1415124900 19 0 19 0
1415124600 19 0 19 0
1415124300 19 0 19 0
1415124000 19 0 19 0
1415123700 19 0 19 0
1415123400 19 0 19 0
1415123100 19 0 19 0
1415122800 19 0 19 0
1415122500 19 0 19 0
1415122200 19 0 19 0
1415121900 19 0 19 0
1415121600 19 0 19 0
1415121300 19 0 19 0
1415121000 19 0 19 0
1415120700 19 0 19 0
1415120400 19 0 19 0
1415120100 19 0 19 0
1415119800 19 0 19 0
1415119500 19 0 19 0
1415119200 19 0 19 0
1415118900 19 0 19 0
1415118600 19 0 19 0
1415118300 19 0 19 0
1415118000 19 0 19 0
1415117700 19 0 19 0
1415117400 19 0 19 0
1415117100 19 0 19 0
1415116800 19 0 19 0
1415116500 19 0 19 0
1415116200 19 0 19 0
1415115900 19 0 19 0
1415115600 19 0 19 0
1415115300 19 0 19 0
1415115000 19 0 19 0
1415114700 19 0 19 0
1415114400 19 0 19 0
1415114100 19 0 19 0
1415113800 19 0 19 0
1415113500 19 0 19 0
1415113200 19 0 19 0
1415112900 19 0 19 0
1415112600 19 0 19 0
1415112300 19 0 19 0
1415112000 19 0 19 0
1415111700 19 0 19 0
1415111400 19 0 19 0
1415111100 19 0 19 0
1415110800 19 0 19 0
1415110500 19 0 19 0
1415110200 19 0 19 0
1415109900 19 0 19 0
1415109600 19 0 19 0
1415109300 19 0 19 0
1415109000 19 0 19 0
1415108700 19 0 19 0
1415108400 19 0 19 0
1415108100 19 0 19 0
1415107800 19 0 19 0
1415107500 19 0 19 0
1415107200 19 0 19 0
1415106900 19 0 19 0
1415106600 19 0 19 0
1415106300 19 0 19 0
1415106000 19 0 19 0
1415105700 19 0 19 0
1415105400 19 0 19 0
1415105100 19 0 19 0
1415104800 19 0 19 0
1415104500 19 0 19 0
1415104200 19 0 19 0
1415103900 19 0 19 0
1415103600 19 0 19 0
1415103300 19 0 19 0
1415103000 19 0 19 0
1415102700 19 0 19 0
1415102400 19 0 19 0
1415102100 19 0 19 0
1415101800 19 0 19 0
1415101500 19 0 19 0
1415101200 19 0 19 0
1415100900 19 0 19 0
1415100600 19 0 19 0
1415100300 19 0 19 0
1415100000 19 0 19 0
1415099700 19 0 19 0
1415099400 19 0 19 0
1415099100 19 0 19 0
1415098800 19 0 19 0
1415098500 19 0 19 0
1415098200 19 0 19 0
1415097900 19 0 19 0
1415097600 19 0 19 0
1415097300 19 0 19 0
1415097000 19 0 19 0
1415096700 19 0 19 0
1415096400 19 0 19 0
1415096100 19 0 19 0
1415095800 19 0 19 0
1415095500 19 0 19 0
1415095200 19 0 19 0
1415094900 19 0 19 0
1415094600 19 0 19 0
1415094300 19 0 19 0
1415094000 19 0 19 0
1415093700 19 0 19 0
1415093400 19 0 19 0
1415093100 19 0 19 0
1415092800 19 0 19 0
1415092500 19 0 19 0
1415092200 19 0 19 0
1415091900 19 0 19 0
1415091600 19 0 19 0
1415091300 19 0 19 0
1415091000 19 0 19 0
1415090700 19 0 19 0
1415090400 19 0 19 0
1415090100 19 0 19 0
1415089800 19 0 19 0
1415089500 19 0 19 0
1415089200 19 0 19 0
1415088900 19 0 19 0
1415088600 19 0 19 0
1415088300 19 0 19 0
1415088000 19 0 19 0
1415087700 19 0 19 0
1415087400 19 0 19 0
1415087100 19 0 19 0
1415086800 19 0 19 0
1415086500 19 0 19 0
1415086200 19 0 19 0
1415085900 19 0 19 0
1415085600 19 0 19 0
1415085300 19 0 19 0
1415085000 19 0 19 0
1415084700 19 0 19 0
1415084400 19 0 19 0
1415084100 19 0 19 0
1415083800 19 0 19 0
1415082600 19 0 19 0
1415080800 19 0 19 0
1415079000 19 0 19 0
1415077200 19 0 19 0
1415075400 19 0 19 0
1415073600 19 0 19 0
1415071800 19 0 19 0
1415070000 19 0 19 0
1415068200 19 0 19 0
1415066400 19 0 19 0
1415064600 19 0 19 0
1415062800 19 0 19 0
1415061000 19 0 19 0
1415059200 19 0 19 0
1415057400 19 0 19 0
1415055600 19 0 19 0
1415053800 19 0 19 0
1415052000 19 0 19 0
1415050200 19 0 19 0
1415048400 19 0 19 0
1415046600 19 0 19 0
1415044800 19 0 19 0
1415043000 19 0 19 0
1415041200 19 0 19 0
1415039400 19 0 19 0
1415037600 19 0 19 0
1415035800 19 0 19 0
1415034000 19 0 19 0
1415032200 19 0 19 0
1415030400 19 0 19 0
1415028600 19 0 19 0
1415026800 19 0 19 0
1415025000 19 0 19 0
1415023200 19 0 19 0
1415021400 19 0 19 0
1415019600 19 0 19 0
1415017800 19 0 19 0
1415016000 19 0 19 0
1415014200 19 0 19 0
1415012400 19 0 19 0
1415010600 19 0 19 0
1415008800 19 0 19 0
1415007000 19 0 19 0
1415005200 19 0 19 0
1415003400 19 0 19 0
1415001600 19 0 19 0
1414999800 19 0 19 0
1414998000 19 0 19 0
1414996200 19 0 19 0
1414994400 19 0 19 0
1414992600 19 0 19 0
1414990800 19 0 19 0
1414989000 19 0 19 0
1414987200 19 0 19 0
1414985400 19 0 19 0
1414983600 19 0 19 0
1414981800 19 0 19 0
1414980000 19 0 19 0
1414978200 19 0 19 0
1414976400 19 0 19 0
1414974600 19 0 19 0
1414972800 19 0 19 0
1414971000 19 0 19 0
1414969200 19 0 19 0
1414967400 19 0 19 0
1414965600 19 0 19 0
1414963800 19 0 19 0
1414962000 19 0 19 0
1414960200 19 0 19 0
1414958400 19 0 19 0
1414956600 19 0 19 0
1414954800 19 0 19 0
1414953000 19 0 19 0
1414951200 19 0 19 0
1414949400 19 0 19 0
1414947600 19 0 19 0
1414945800 19 0 19 0
1414944000 19 0 19 0
1414942200 19 0 19 0
1414940400 19 0 19 0
1414938600 19 0 19 0
1414936800 19 0 19 0
1414935000 19 0 19 0
1414933200 19 0 19 0
1414931400 19 0 19 0
1414929600 19 0 19 0
1414927800 19 0 19 0
1414926000 19 0 19 0
1414924200 19 0 19 0
1414922400 19 0 19 0
1414920600 19 0 19 0
1414918800 19 0 19 0
1414917000 19 0 19 0
1414915200 19 0 19 0
1414913400 19 0 19 0
1414911600 19 0 19 0
1414909800 19 0 19 0
1414908000 19 0 19 0
1414906200 19 0 19 0
1414904400 19 0 19 0
1414902600 19 0 19 0
1414900800 19 0 19 0
1414899000 19 0 19 0
1414897200 19 0 19 0
1414895400 19 0 19 0
1414893600 19 0 19 0
1414891800 19 0 19 0
1414890000 19 0 19 0
1414888200 19 0 19 0
1414886400 19 0 19 0
1414884600 19 0 19 0
1414882800 19 0 19 0
1414881000 19 0 19 0
1414879200 19 0 19 0
1414877400 19 0 19 0
1414875600 19 0 19 0
1414873800 19 0 19 0
1414872000 19 0 19 0
1414870200 19 0 19 0
1414868400 19 0 19 0
1414866600 19 0 19 0
1414864800 19 0 19 0
1414863000 19 0 19 0
1414861200 19 0 19 0
1414859400 19 0 19 0
1414857600 19 0 19 0
1414855800 19 0 19 0
1414854000 19 0 19 0
1414852200 19 0 19 0
1414850400 19 0 19 0
1414848600 19 0 19 0
1414846800 19 0 19 0
1414845000 19 0 19 0
1414843200 19 0 19 0
1414841400 19 0 19 0
1414839600 19 0 19 0
1414837800 19 0 19 0
1414836000 19 0 19 0
1414834200 19 0 19 0
1414832400 19 0 19 0
1414830600 19 0 19 0
1414828800 19 0 19 0
1414827000 19 0 19 0
1414825200 19 0 19 0
1414823400 19 0 19 0
1414821600 19 0 19 0
1414819800 19 0 19 0
1414818000 19 0 19 0
1414816200 19 0 19 0
1414814400 19 0 19 0
1414812600 19 0 19 0
1414810800 19 0 19 0
1414809000 19 0 19 0
1414807200 19 0 19 0
1414805400 19 0 19 0
1414803600 19 0 19 0
1414801800 19 0 19 0
1414800000 19 0 19 0
1414798200 19 0 19 0
1414796400 19 0 19 0
1414794600 19 0 19 0
1414792800 19 0 19 0
1414791000 19 0 19 0
1414789200 19 0 19 0
1414787400 19 0 19 0
1414785600 19 0 19 0
1414783800 19 0 19 0
1414782000 19 0 19 0
1414780200 19 0 19 0
1414778400 19 0 19 0
1414776600 19 0 19 0
1414774800 19 0 19 0
1414773000 19 0 19 0
1414771200 19 0 19 0
1414769400 19 0 19 0
1414767600 19 0 19 0
1414765800 19 0 19 0
1414764000 19 0 19 0
1414762200 19 0 19 0
1414760400 19 0 19 0
1414758600 19 0 19 0
1414756800 19 0 19 0
1414755000 19 0 19 0
1414753200 19 0 19 0
1414751400 19 0 19 0
1414749600 19 0 19 0
1414747800 19 0 19 0
1414746000 19 0 19 0
1414744200 19 0 19 0
1414742400 19 0 19 0
1414740600 19 0 19 0
1414738800 19 0 19 0
1414737000 19 0 19 0
1414735200 19 0 19 0
1414733400 19 0 19 0
1414731600 19 0 19 0
1414729800 19 0 19 0
1414728000 19 0 19 0
1414726200 19 0 19 0
1414724400 19 0 19 0
1414722600 19 0 19 0
1414720800 19 0 19 0
1414719000 19 0 19 0
1414717200 19 0 19 0
1414715400 19 0 19 0
1414713600 19 0 19 0
1414711800 19 0 19 0
1414710000 19 0 19 0
1414708200 19 0 19 0
1414706400 19 0 19 0
1414704600 19 0 19 0
1414702800 19 0 19 0
1414701000 19 0 19 0
1414699200 19 0 19 0
1414697400 19 0 19 0
1414695600 19 0 19 0
1414693800 19 0 19 0
1414692000 19 0 19 0
1414690200 19 0 19 0
1414688400 19 0 19 0
1414686600 19 0 19 0
1414684800 19 0 19 0
1414683000 19 0 19 0
1414681200 19 0 19 0
1414679400 19 0 19 0
1414677600 19 0 19 0
1414675800 19 0 19 0
1414674000 19 0 19 0
1414672200 19 0 19 0
1414670400 19 0 19 0
1414668600 19 0 19 0
1414666800 19 0 19 0
1414665000 19 0 19 0
1414663200 19 0 19 0
1414661400 19 0 19 0
1414659600 19 0 19 0
1414657800 19 0 19 0
1414656000 19 0 19 0
1414654200 19 0 19 0
1414652400 19 0 19 0
1414650600 19 0 19 0
1414648800 19 0 19 0
1414647000 19 0 19 0
1414645200 19 0 19 0
1414643400 19 0 19 0
1414641600 19 0 19 0
1414639800 19 0 19 0
1414638000 19 0 19 0
1414636200 19 0 19 0
1414634400 19 0 19 0
1414632600 19 0 19 0
1414630800 19 0 19 0
1414629000 19 0 19 0
1414627200 19 0 19 0
1414625400 19 0 19 0
1414623600 19 0 19 0
1414621800 19 0 19 0
1414620000 19 0 19 0
1414618200 19 0 19 0
1414616400 19 0 19 0
1414614600 19 0 19 0
1414612800 19 0 19 0
1414611000 19 0 19 0
1414609200 19 0 19 0
1414607400 19 0 19 0
1414605600 19 0 19 0
1414603800 19 0 19 0
1414602000 19 0 19 0
1414600200 19 0 19 0
1414598400 19 0 19 0
1414596600 19 0 19 0
1414594800 19 0 19 0
1414593000 19 0 19 0
1414591200 19 0 19 0
1414589400 19 0 19 0
1414587600 19 0 19 0
1414585800 19 0 19 0
1414584000 19 0 19 0
1414582200 19 0 19 0
1414580400 19 0 19 0
1414578600 19 0 19 0
1414576800 19 0 19 0
1414575000 19 0 19 0
1414573200 19 0 19 0
1414571400 19 0 19 0
1414569600 19 0 19 0
1414567800 19 0 19 0
1414566000 19 0 19 0
1414564200 19 0 19 0
1414562400 19 0 19 0
1414560600 19 0 19 0
1414558800 19 0 19 0
1414557000 19 0 19 0
1414555200 19 0 19 0
1414553400 19 0 19 0
1414551600 19 0 19 0
1414549800 19 0 19 0
1414548000 19 0 19 0
1414546200 19 0 19 0
1414544400 19 0 19 0
1414542600 19 0 19 0
1414540800 19 0 19 0
1414539000 19 0 19 0
1414537200 19 0 19 0
1414535400 19 0 19 0
1414533600 19 0 19 0
1414531800 19 0 19 0
1414530000 19 0 19 0
1414528200 19 0 19 0
1414526400 19 0 19 0
1414524600 19 0 19 0
1414522800 19 0 19 0
1414521000 19 0 19 0
1414519200 19 0 19 0
1414517400 19 0 19 0
1414515600 19 0 19 0
1414513800 19 0 19 0
1414512000 19 0 19 0
1414510200 19 0 19 0
1414508400 19 0 19 0
1414506600 19 0 19 0
1414504800 19 0 19 0
1414503000 19 0 19 0
1414501200 19 0 19 0
1414499400 19 0 19 0
1414497600 19 0 19 0
1414495800 19 0 19 0
1414494000 19 0 19 0
1414492200 19 0 19 0
1414490400 19 0 19 0
1414488600 19 0 19 0
1414486800 19 0 19 0
1414485000 19 0 19 0
1414483200 19 0 19 0
1414481400 19 0 19 0
1414479600 19 0 19 0
1414477800 19 0 19 0
1414476000 19 0 19 0
1414474200 19 0 19 0
1414472400 19 0 19 0
1414470600 19 0 19 0
1414468800 19 0 19 0
1414467000 19 0 19 0
1414465200 19 0 19 0
1414463400 19 0 19 0
1414461600 19 0 19 0
1414459800 19 0 19 0
1414458000 19 0 19 0
1414456200 19 0 19 0
1414454400 19 0 19 0
1414452600 19 0 19 0
1414450800 19 0 19 0
1414449000 19 0 20 0
1414447200 19 0 20 0
1414445400 19 0 20 0
1414443600 20 0 20 0
1414441800 20 0 21 0
1414440000 21 0 21 0
1414438200 21 0 21 0
1414436400 21 0 21 0
1414434600 21 0 21 0
1414432800 20 0 21 0
1414431000 20 0 21 0
1414429200 21 0 21 0
1414427400 21 0 22 0
1414425600 21 0 22 0
1414423800 21 0 24 0
1414422000 24 0 24 0
1414420200 24 0 25 0
1414418400 24 0 25 0
1414416600 21 0 22 0
1414414800 20 0 21 0
1414413000 19 0 20 0
1414411200 18 0 18 0
1414409400 18 0 19 0
1414407600 19 0 27 0
1414405800 26 0 27 0
1414404000 21 0 21 0
1414402200 21 0 21 0
1414400400 21 0 27 0
1414398600 26 0 27 0
1414396800 24 0 25 0
1414395000 23 0 23 0
1414393200 22 0 23 0
1414391400 19 0 20 0
1414389600 19 0 21 0
1414387800 21 0 21 0
1414386000 21 0 21 0
1414384200 20 0 21 0
1414382400 18 0 18 0
1414380600 18 0 19 0
1414378800 18 0 19 0
1414377000 18 0 18 0
1414375200 18 0 20 0
1414373400 20 0 21 0
1414371600 20 0 21 0
1414369800 19 0 20 0
1414368000 18 0 19 0
1414366200 18 0 18 0
1414364400 17 0 18 0
1414362600 17 0 18 0
1414360800 18 0 18 0
1414359000 17 0 18 0
1414357200 16 0 19 0
1414355400 19 0 19 0
1414353600 19 0 19 0
1414351800 19 0 19 0
1414350000 18 0 19 0
1414348200 18 0 18 0
1414346400 17 0 18 0
1414344600 16 0 18 0
1414342800 18 0 20 0
1414341000 19 0 20 0
1414339200 19 0 21 0
1414337400 20 0 21 0
1414335600 19 0 20 0
1414333800 18 0 19 0
1414332000 19 0 20 0
1414330200 20 0 21 0
1414328400 20 0 21 0
1414326600 20 0 20 0
1414324800 20 0 20 0
1414323000 20 0 20 0
1414321200 20 0 20 0
1414319400 20 0 21 0
1414317600 21 0 22 0
1414315800 22 0 22 0
1414314000 22 0 23 0
1414312200 23 0 23 0
1414310400 22 0 23 0
1414308600 18 0 20 0
1414306800 20 0 21 0
1414305000 20 0 21 0
1414303200 19 0 20 0
1414301400 19 0 20 0
1414299600 20 0 20 0
1414297800 20 0 21 0
1414296000 21 0 22 0
1414294200 22 0 23 0
1414292400 22 0 23 0
1414290600 21 0 22 0
1414288800 21 0 22 0
1414287000 21 0 21 0
1414285200 21 0 21 0
1414283400 20 0 21 0
1414281600 20 0 21 0
1414279800 21 0 21 0
1414278000 21 0 21 0
1414276200 21 0 21 0
1414274400 21 0 21 0
1414272600 21 0 21 0
1414270800 21 0 21 0
1414269000 21 0 21 0
1414267200 20 0 21 0
1414265400 20 0 21 0
1414263600 21 0 21 0
1414261800 20 0 21 0
1414260000 20 0 22 0
1414258200 22 0 22 0
1414256400 22 0 23 0
1414254600 23 0 23 0
1414252800 22 0 23 0
1414251000 22 0 22 0
1414249200 21 0 22 0
1414247400 21 0 23 0
1414245600 22 0 23 0
1414243800 20 0 21 0
1414242000 20 0 20 0
1414240200 20 0 23 0
1414238400 23 0 23 0
1414236600 23 0 23 0
1414234800 22 0 23 0
1414233000 21 0 22 0
1414231200 18 0 19 0
1414229400 18 0 18 0
1414227600 18 0 19 0
1414225800 19 0 20 0
1414224000 20 0 21 0
1414222200 21 0 22 0
1414220400 21 0 22 0
1414218600 20 0 21 0
1414216800 18 0 19 0
1414215000 19 0 20 0
1414213200 20 0 22 0
1414211400 21 0 22 0
1414209600 21 0 21 0
1414207800 20 0 21 0
1414206000 19 0 20 0
1414204200 18 0 18 0
1414202400 18 0 18 0
1414200600 18 0 19 0
1414198800 18 0 19 0
1414197000 18 0 18 0
1414195200 18 0 19 0
1414193400 18 0 19 0
1414191600 18 0 18 0
1414189800 18 0 19 0
1414188000 18 0 19 0
1414186200 18 0 19 0
1414184400 19 0 19 0
1414182600 19 0 19 0
1414180800 19 0 20 0
1414179000 20 0 21 0
1414177200 20 0 21 0
1414175400 20 0 20 0
1414173600 19 0 20 0
1414171800 19 0 20 0
1414170000 20 0 21 0
1414168200 20 0 21 0
1414166400 19 0 21 0
1414164600 21 0 21 0
1414162800 21 0 21 0
1414161000 21 0 21 0
1414159200 21 0 29 0
1414157400 28 0 29 0
1414155600 27 0 28 0
1414153800 27 0 29 0
1414152000 29 0 29 0
1414150200 29 0 29 0
1414148400 29 0 29 0
1414146600 29 0 29 0
1414144800 29 0 30 0
1414143000 30 0 31 0
1414141200 30 0 31 0
1414139400 29 0 30 0
1414137600 29 0 31 0
1414135800 31 0 31 0
1414134000 31 0 32 0
1414132200 31 0 32 0
1414130400 30 0 30 0
1414128600 29 0 30 0
1414126800 28 0 29 0
1414125000 29 0 29 0
1414123200 28 0 29 0
1414121400 28 0 28 0
1414119600 28 0 30 0
1414117800 29 0 30 0
1414116000 27 0 27 0
1414114200 26 0 27 0
1414112400 21 0 21 0
1414110600 20 0 21 0
1414108800 20 0 21 0
1414107000 20 0 21 0
1414105200 20 0 21 0
1414103400 21 0 21 0
1414101600 21 0 21 0
1414099800 21 0 22 0
1414098000 21 0 22 0
1414096200 21 0 21 0
1414094400 21 0 22 0
1414092600 22 0 22 0
1414090800 22 0 22 0
1414089000 21 0 22 0
1414087200 21 0 21 0
1414085400 21 0 22 0
1414083600 22 0 23 0
1414081800 23 0 23 0
1414080000 22 0 23 0
1414078200 21 0 21 0
1414076400 21 0 22 0
1414074600 22 0 29 0
1414072800 29 0 30 0
1414071000 30 0 30 0
1414069200 30 0 30 0
1414067400 29 0 30 0
1414065600 29 0 29 0
1414063800 28 0 29 0
1414062000 28 0 30 0
1414060200 29 0 30 0
1414058400 23 0 23 0
1414056600 23 0 30 0
1414054800 29 0 30 0
1414053000 29 0 30 0
1414051200 30 0 30 0
1414049400 29 0 30 0
1414047600 29 0 30 0
1414045800 30 0 30 0
1414044000 30 0 30 0
1414042200 30 0 31 0
1414040400 31 0 31 0
1414038600 31 0 32 0
1414036800 31 0 32 0
1414035000 30 0 31 0
1414033200 30 0 30 0
1414031400 29 0 30 0
1414029600 20 0 21 0
1414027800 20 0 22 0
1414026000 22 0 23 0
1414024200 22 0 23 0
1414022400 22 0 22 0
1414020600 22 0 22 0
1414018800 22 0 22 0
1414017000 21 0 22 0
1414015200 21 0 23 0
1414013400 23 0 23 0
1414011600 23 0 23 0
1414009800 23 0 23 0
1414008000 23 0 23 0
1414006200 23 0 25 0
1414004400 25 0 26 0
1414002600 26 0 26 0
1414000800 26 0 28 0
1413993600 28 0 31 0
1413986400 33 0 38 0
1413979200 33 0 35 0
1413972000 24 0 30 0
1413964800 30 0 32 0
1413957600 30 0 32 0
1413950400 30 0 31 0
1413943200 24 0 30 0
1413936000 20 0 21 0
1413928800 20 0 22 0
1413921600 21 0 23 0
1413914400 22 0 28 0
1413907200 25 0 28 0
1413900000 23 0 30 0
1413892800 30 0 33 0
1413885600 26 0 30 0
1413878400 28 0 30 0
1413871200 28 0 30 0
1413864000 27 0 28 0
1413856800 24 0 28 0
1413849600 21 0 22 0
1413842400 22 0 23 0
1413835200 22 0 22 0
1413828000 21 0 23 0
1413820800 23 0 25 0
1413813600 22 0 25 0
1413806400 26 0 32 0
1413799200 25 0 28 0
1413792000 26 0 27 0
1413784800 26 0 28 0
1413777600 25 0 28 0
1413770400 19 0 23 0
1413763200 15 0 16 0
1413756000 15 0 16 0
1413748800 17 0 19 0
1413741600 18 0 19 0
1413734400 19 0 23 0
1413727200 21 0 23 0
1413720000 22 0 25 0
1413712800 22 0 25 0
1413705600 20 0 22 0
1413698400 21 0 22 0
1413691200 22 0 24 0
1413684000 22 0 28 0
1413676800 20 0 22 0
1413669600 21 0 24 0
1413662400 22 0 24 0
1413655200 23 0 25 0
1413648000 24 0 28 0
1413640800 24 0 25 0
1413633600 23 0 24 0
1413626400 19 0 21 0
1413619200 21 0 22 0
1413612000 21 0 22 0
1413604800 19 0 20 0
1413597600 20 0 26 0
1413590400 18 0 20 0
1413583200 20 0 21 0
1413576000 21 0 21 0
1413568800 21 0 23 0
1413561600 23 0 24 0
1413554400 23 0 26 0
1413547200 27 0 29 0
1413540000 22 0 26 0
1413532800 24 0 25 0
1413525600 24 0 27 0
1413518400 25 0 27 0
1413511200 19 0 21 0
1413504000 17 0 17 0
1413496800 17 0 20 0
1413489600 20 0 20 0
1413482400 20 0 24 0
1413475200 21 0 23 0
1413468000 18 0 19 0
1413460800 22 0 27 0
1413453600 20 0 24 0
1413446400 22 0 24 0
1413439200 22 0 23 0
1413432000 21 0 23 0
1413424800 19 0 23 0
1413417600 19 0 21 0
1413410400 19 0 21 0
1413403200 20 0 23 0
1413396000 21 0 23 0
1413388800 22 0 24 0
1413381600 17 0 17 0
1413374400 16 0 18 0
1413367200 0 0 0 0
1413360000 0 0 0 0
1413352800 12 0 25 0
1413345600 25 0 28 0
1413338400 25 0 28 0
1413331200 17 0 24 0
1413324000 23 0 23 0
1413316800 22 0 23 0
1413309600 20 0 25 0
1413302400 24 0 25 0
1413295200 26 0 28 0
1413288000 27 0 32 0
1413280800 27 0 30 0
1413273600 28 0 29 0
1413266400 31 0 34 0
1413259200 32 0 34 0
1413252000 28 0 32 0
1413244800 27 0 30 0
1413237600 29 0 30 0
1413230400 30 0 32 0
1413223200 31 0 32 0
1413216000 30 0 35 0
1413208800 33 0 36 0
1413201600 33 0 35 0
1413194400 28 0 31 0
1413187200 30 0 31 0
1413180000 29 0 34 0
1413172800 30 0 34 0
1413165600 25 0 26 0
1413158400 16 0 24 0
1413151200 23 0 24 0
1413144000 23 0 24 0
1413136800 27 0 36 0
1413129600 29 0 36 0
1413122400 23 0 24 0
1413115200 23 0 29 0
1413108000 29 0 37 0
1413100800 30 0 32 0
1413093600 29 0 32 0
1413086400 30 0 32 0
1413079200 29 0 35 0
1413072000 29 0 30 0
1413064800 29 0 31 0
1413057600 29 0 31 0
1413050400 27 0 31 0
1413043200 24 0 26 0
1413036000 22 0 25 0
1413028800 22 0 24 0
1413021600 21 0 24 0
1413014400 22 0 24 0
1413007200 23 0 35 0
1413000000 37 0 39 0
1412992800 36 0 40 0
1412985600 30 0 31 0
1412978400 30 0 32 0
1412971200 32 0 33 0
1412964000 33 0 38 0
1412956800 33 0 38 0
1412949600 26 0 30 0
1412942400 30 0 32 0
1412935200 25 0 29 0
1412928000 26 0 28 0
1412920800 27 0 28 0
1412913600 26 0 29 0
1412906400 21 0 28 0
1412899200 17 0 20 0
1412892000 20 0 21 0
1412884800 20 0 21 0
1412877600 27 0 37 0
1412870400 30 0 37 0
1412863200 26 0 28 0
1412856000 31 0 35 0
1412848800 29 0 32 0
1412841600 30 0 32 0
1412834400 30 0 33 0
1412827200 32 0 36 0
1412820000 32 0 35 0
1412812800 31 0 33 0
1412805600 33 0 34 0
1412798400 33 0 34 0
1412791200 31 0 35 0
1412784000 32 0 35 0
1412776800 32 0 34 0
1412769600 32 0 34 0
1412762400 34 0 37 0
1412755200 29 0 32 0
1412748000 30 0 32 0
1412740800 28 0 32 0
1412733600 24 0 28 0
1412726400 23 0 24 0
1412719200 24 0 27 0
1412712000 26 0 27 0
1412704800 25 0 29 0
1412697600 26 0 29 0
1412690400 25 0 29 0
1412683200 27 0 29 0
1412676000 27 0 29 0
1412668800 28 0 29 0
1412661600 27 0 29 0
1412654400 27 0 29 0
1412647200 26 0 30 0
1412640000 25 0 27 0
1412632800 26 0 29 0
1412625600 29 0 29 0
1412618400 29 0 31 0
1412611200 31 0 32 0
1412604000 28 0 32 0
1412596800 26 0 29 0
1412589600 27 0 28 0
1412582400 26 0 28 0
1412575200 25 0 32 0
1412568000 32 0 34 0
1412560800 26 0 32 0
1412553600 17 0 24 0
1412546400 23 0 24 0
1412539200 24 0 25 0
1412532000 26 0 30 0
1412524800 30 0 35 0
1412517600 25 0 29 0
1412510400 24 0 28 0
1412503200 29 0 32 0
1412496000 30 0 34 0
1412488800 26 0 27 0
1412481600 26 0 27 0
1412474400 26 0 32 0
1412467200 25 0 27 0
1412460000 27 0 28 0
1412452800 28 0 28 0
1412445600 28 0 30 0
1412438400 27 0 30 0
1412431200 25 0 29 0
1412424000 26 0 29 0
1412416800 33 0 37 0
1412409600 34 0 37 0
1412402400 34 0 36 0
1412395200 33 0 35 0
1412388000 28 0 33 0
1412380800 30 0 31 0
1412373600 30 0 31 0
1412366400 30 0 32 0
1412359200 30 0 32 0
1412352000 29 0 31 0
1412344800 26 0 30 0
1412337600 26 0 30 0
1412330400 27 0 32 0
1412323200 34 0 38 0
1412316000 37 0 38 0
1412308800 37 0 38 0
1412301600 35 0 38 0
1412294400 32 0 33 0
1412287200 32 0 33 0
1412280000 32 0 34 0
1412272800 31 0 36 0
1412265600 36 0 40 0
1412258400 36 0 40 0
1412251200 39 0 42 0
1412244000 40 0 42 0
1412236800 38 0 40 0
1412229600 39 0 40 0
1412222400 34 0 39 0
1412215200 34 0 39 0
1412208000 31 0 32 0
1412200800 31 0 32 0
1412193600 32 0 35 0
1412186400 32 0 36 0
1412179200 34 0 36 0
1412172000 28 0 33 0
1412164800 29 0 32 0
1412157600 32 0 39 0
1412150400 39 0 40 0
1412143200 38 0 41 0
1412136000 34 0 38 0
1412128800 28 0 33 0
1412121600 26 0 29 0
1412114400 28 0 29 0
1412107200 28 0 30 0
1412100000 32 0 36 0
1412092800 37 0 42 0
1412085600 39 0 43 0
1412078400 42 0 45 0
1412071200 43 0 45 0
1412064000 38 0 42 0
1412056800 37 0 42 0
1412049600 40 0 43 0
1412042400 34 0 37 0
1412035200 32 0 33 0
1412028000 33 0 33 0
1412020800 33 0 37 0
1412013600 36 0 42 0
1412006400 42 0 45 0
1411999200 37 0 39 0
1411992000 27 0 38 0
1411984800 34 0 38 0
1411977600 36 0 37 0
1411970400 34 0 37 0
1411963200 33 0 35 0
1411956000 30 0 33 0
1411948800 27 0 29 0
1411941600 29 0 29 0
1411934400 29 0 29 0
1411927200 29 0 39 0
1411920000 37 0 43 0
1411912800 41 0 43 0
1411905600 42 0 43 0
1411898400 35 0 36 0
1411891200 35 0 37 0
1411884000 35 0 37 0
1411876800 35 0 36 0
1411869600 29 0 36 0
1411862400 26 0 28 0
1411855200 28 0 30 0
1411848000 30 0 31 0
1411840800 31 0 35 0
1411833600 31 0 36 0
1411826400 36 0 39 0
1411819200 36 0 39 0
1411812000 36 0 40 0
1411804800 39 0 41 0
1411797600 39 0 41 0
1411790400 37 0 41 0
1411783200 32 0 39 0
1411776000 17 0 25 0
1411768800 25 0 25 0
1411761600 24 0 26 0
1411754400 27 0 33 0
1411747200 29 0 33 0
1411740000 32 0 37 0
1411732800 35 0 38 0
1411725600 31 0 35 0
1411718400 34 0 38 0
1411711200 37 0 39 0
1411704000 35 0 39 0
1411696800 26 0 34 0
1411689600 15 0 24 0
1411682400 18 0 21 0
1411675200 21 0 28 0
1411668000 28 0 36 0
1411660800 33 0 36 0
1411653600 33 0 40 0
1411646400 41 0 45 0
1411639200 37 0 42 0
1411632000 40 0 45 0
1411624800 36 0 38 0
1411617600 36 0 38 0
1411610400 31 0 35 0
1411603200 20 0 30 0
1411596000 30 0 30 0
1411588800 30 0 32 0
1411581600 32 0 36 0
1411574400 35 0 37 0
1411567200 35 0 41 0
1411560000 35 0 36 0
1411552800 30 0 33 0
1411545600 32 0 33 0
1411538400 32 0 34 0
1411531200 31 0 34 0
1411524000 29 0 32 0
1411516800 21 0 30 0
1411509600 29 0 31 0
1411502400 30 0 31 0
1411495200 29 0 31 0
1411488000 30 0 37 0
1411480800 37 0 38 0
1411473600 37 0 40 0
1411466400 32 0 39 0
1411459200 31 0 32 0
1411452000 30 0 31 0
1411444800 31 0 35 0
1411437600 31 0 35 0
1411430400 22 0 32 0
1411423200 31 0 32 0
1411416000 32 0 35 0
1411408800 35 0 40 0
1411401600 37 0 40 0
1411394400 29 0 37 0
1411387200 37 0 38 0
1411380000 30 0 32 0
1411372800 31 0 32 0
1411365600 31 0 31 0
1411358400 27 0 31 0
1411351200 25 0 28 0
1411344000 17 0 25 0
1411336800 24 0 26 0
1411329600 26 0 28 0
1411322400 28 0 30 0
1411315200 26 0 29 0
1411308000 26 0 29 0
1411300800 28 0 36 0
1411293600 35 0 37 0
1411286400 37 0 38 0
1411279200 37 0 39 0
1411272000 35 0 39 0
1411264800 32 0 36 0
1411257600 28 0 30 0
1411250400 30 0 30 0
1411243200 30 0 30 0
1411236000 30 0 33 0
1411228800 30 0 33 0
1411221600 32 0 32 0
1411214400 35 0 41 0
1411207200 36 0 41 0
1411200000 39 0 41 0
1411192800 41 0 43 0
1411185600 41 0 43 0
1411178400 33 0 39 0
1411171200 29 0 31 0
1411164000 29 0 30 0
1411156800 30 0 31 0
1411149600 31 0 34 0
1411142400 26 0 38 0
1411135200 34 0 38 0
1411128000 34 0 39 0
1411120800 37 0 40 0
1411113600 38 0 40 0
1411106400 37 0 43 0
1411099200 43 0 45 0
1411092000 38 0 45 0
1411084800 25 0 34 0
1411077600 34 0 35 0
1411070400 34 0 36 0
1411063200 37 0 43 0
1411056000 40 0 44 0
1411048800 40 0 45 0
1411041600 43 0 46 0
1411034400 37 0 39 0
1411027200 38 0 39 0
1411020000 35 0 38 0
1411012800 37 0 39 0
1411005600 31 0 35 0
1410998400 28 0 30 0
1410991200 30 0 31 0
1410984000 31 0 33 0
1410976800 33 0 35 0
1410969600 34 0 36 0
1410962400 33 0 38 0
1410955200 38 0 42 0
1410948000 34 0 36 0
1410940800 34 0 36 0
1410933600 33 0 37 0
1410926400 31 0 34 0
1410919200 31 0 34 0
1410912000 24 0 36 0
1410904800 36 0 37 0
1410897600 37 0 38 0
1410890400 38 0 45 0
1410883200 45 0 48 0
1410876000 41 0 45 0
1410868800 37 0 40 0
1410861600 32 0 32 0
1410854400 34 0 37 0
1410847200 36 0 38 0
1410840000 36 0 38 0
1410832800 33 0 37 0
1410825600 22 0 32 0
1410818400 32 0 32 0
1410811200 32 0 34 0
1410804000 36 0 40 0
1410796800 41 0 44 0
1410789600 42 0 44 0
1410782400 40 0 42 0
1410775200 36 0 38 0
1410768000 38 0 39 0
1410760800 37 0 40 0
1410753600 37 0 39 0
1410746400 32 0 35 0
1410739200 32 0 33 0
1410732000 33 0 34 0
1410724800 35 0 38 0
1410717600 39 0 42 0
1410710400 38 0 42 0
1410703200 38 0 44 0
1410696000 41 0 44 0
1410688800 40 0 41 0
1410681600 40 0 43 0
1410674400 43 0 43 0
1410667200 41 0 43 0
1410660000 38 0 42 0
1410652800 35 0 35 0
1410645600 34 0 35 0
1410638400 34 0 35 0
1410631200 34 0 36 0
1410624000 34 0 43 0
1410616800 41 0 44 0
1410609600 39 0 43 0
1410602400 39 0 42 0
1410595200 41 0 42 0
1410588000 39 0 43 0
1410580800 36 0 39 0
1410573600 36 0 40 0
1410566400 23 0 32 0
1410559200 31 0 32 0
1410552000 30 0 33 0
1410544800 31 0 32 0
1410537600 32 0 38 0
1410530400 38 0 43 0
1410523200 43 0 43 0
1410516000 43 0 45 0
1410508800 39 0 45 0
1410501600 35 0 38 0
1410494400 38 0 43 0
1410487200 39 0 43 0
1410480000 26 0 31 0
1410472800 26 0 32 0
1410465600 31 0 35 0
1410458400 35 0 39 0
1410451200 35 0 39 0
1410444000 31 0 33 0
1410436800 37 0 43 0
1410429600 34 0 36 0
1410422400 29 0 32 0
1410415200 30 0 32 0
1410408000 30 0 31 0
1410400800 27 0 32 0
1410393600 25 0 27 0
1410386400 28 0 32 0
1410379200 33 0 35 0
1410372000 34 0 36 0
1410364800 38 0 43 0
1410357600 36 0 43 0
1410350400 34 0 38 0
1410343200 29 0 31 0
1410336000 30 0 36 0
1410328800 34 0 37 0
1410321600 34 0 35 0
1410314400 31 0 35 0
1410307200 30 0 35 0
1410300000 34 0 35 0
1410292800 35 0 36 0
1410285600 36 0 38 0
1410278400 38 0 41 0
1410271200 35 0 40 0
1410264000 35 0 39 0
1410256800 39 0 41 0
1410249600 38 0 41 0
1410242400 33 0 40 0
1410235200 31 0 32 0
1410228000 28 0 31 0
1410220800 23 0 26 0
1410213600 24 0 26 0
1410206400 26 0 28 0
1410199200 28 0 28 0
1410192000 34 0 40 0
1410184800 39 0 42 0
1410177600 34 0 36 0
1410170400 32 0 36 0
1410163200 31 0 33 0
1410156000 32 0 34 0
1410148800 33 0 34 0
1410141600 31 0 34 0
1410134400 25 0 28 0
1410127200 28 0 28 0
1410120000 27 0 29 0
1410112800 27 0 30 0
1410105600 28 0 30 0
1410098400 28 0 31 0
1410091200 33 0 35 0
1410084000 33 0 35 0
1410076800 34 0 36 0
1410069600 36 0 38 0
1410062400 36 0 39 0
1410055200 34 0 38 0
1410048000 29 0 31 0
1410040800 30 0 32 0
1410033600 30 0 32 0
1410026400 31 0 33 0
1410019200 31 0 33 0
1410012000 29 0 33 0
1410004800 24 0 39 0
1409997600 37 0 39 0
1409990400 36 0 38 0
1409983200 36 0 38 0
1409976000 35 0 38 0
1409968800 33 0 35 0
1409961600 19 0 28 0
1409954400 20 0 31 0
1409947200 31 0 31 0
1409940000 29 0 31 0
1409932800 36 0 45 0
1409925600 38 0 45 0
1409918400 34 0 39 0
1409911200 39 0 43 0
1409904000 38 0 39 0
1409896800 37 0 39 0
1409889600 37 0 39 0
1409882400 35 0 38 0
1409875200 33 0 37 0
1409868000 35 0 38 0
1409860800 37 0 40 0
1409853600 38 0 40 0
1409846400 42 0 46 0
1409839200 45 0 49 0
1409832000 46 0 49 0
1409824800 39 0 40 0
1409817600 40 0 44 0
1409810400 41 0 44 0
1409803200 40 0 42 0
1409796000 38 0 41 0
1409788800 37 0 40 0
1409781600 39 0 42 0
1409774400 40 0 42 0
1409767200 43 0 50 0
1409760000 47 0 50 0
1409752800 41 0 44 0
1409745600 37 0 38 0
1409738400 35 0 38 0
1409731200 38 0 39 0
1409724000 38 0 39 0
1409716800 36 0 38 0
1409709600 36 0 38 0
1409702400 35 0 37 0
1409695200 37 0 38 0
1409688000 37 0 38 0
1409680800 34 0 51 0
1409616000 40 0 51 0
1409529600 15 0 47 0
1409443200 0 0 0 0
1409356800 0 0 0 0
1409270400 18 0 43 0
1409184000 33 0 43 0
1409097600 28 0 37 0
1409011200 33 0 44 0
1408924800 32 0 41 0
1408838400 32 0 43 0
1408752000 34 0 49 0
1408665600 30 0 41 0
1408579200 33 0 46 0
1408492800 36 0 51 0
1408406400 30 0 45 0
1408320000 28 0 37 0
1408233600 28 0 36 0
1408147200 28 0 40 0
1408060800 25 0 43 0
1407974400 27 0 45 0
1407888000 38 0 54 0
1407801600 38 0 51 0
1407715200 36 0 44 0
1407628800 34 0 47 0
1407542400 30 0 42 0
1407456000 30 0 52 0
1407369600 29 0 40 0
1407283200 34 0 51 0
1407196800 35 0 48 0
1407110400 33 0 46 0
1407024000 36 0 53 0
1406937600 29 0 42 0
1406851200 30 0 43 0
1406764800 27 0 41 0
1406678400 32 0 45 0
1406592000 31 0 47 0
1406505600 33 0 46 0
1406419200 34 0 46 0
1406332800 32 0 43 0
1406246400 30 0 40 0
1406160000 25 0 39 0
1406073600 26 0 40 0
1405987200 29 0 43 0
1405900800 33 0 46 0
1405814400 32 0 43 0
1405728000 14 0 41 0
1405641600 22 0 41 0
1405555200 30 0 41 0
1405468800 28 0 45 0
1405382400 28 0 41 0
1405296000 29 0 40 0
1405209600 30 0 41 0
1405123200 28 0 46 0
1405036800 30 0 44 0
1404950400 32 0 41 0
1404864000 34 0 46 0
1404777600 32 0 47 0
1404691200 34 0 46 0
1404604800 36 0 54 0
1404518400 35 0 49 0
1404432000 40 0 56 0
1404345600 28 0 50 0
1404259200 19 0 47 0
1404172800 37 0 50 0
1404086400 36 0 49 0
1404000000 40 0 61 0
1403913600 39 0 54 0
1403827200 36 0 51 0
1403740800 37 0 47 0
1403654400 38 0 52 0
1403568000 38 0 58 0
1403481600 39 0 53 0
1403395200 36 0 47 0
1403308800 33 0 47 0
1403222400 35 0 48 0
1403136000 38 0 50 0
1403049600 40 0 51 0
1402963200 43 0 54 0
1402876800 41 0 55 0
1402790400 39 0 57 0
1402704000 38 0 49 0
1402617600 35 0 50 0
1402531200 39 0 53 0
1402444800 45 0 58 0
1402358400 33 0 50 0
1402272000 28 0 43 0
1402185600 35 0 61 0
1402099200 35 0 51 0
1402012800 36 0 52 0
1401926400 40 0 63 0
1401840000 34 0 51 0
1401753600 49 0 67 0
1401667200 52 0 71 0
1401580800 48 0 59 0
1401494400 42 0 53 0
1401408000 43 0 56 0
1401321600 45 0 63 0
1401235200 40 0 51 0
1401148800 45 0 59 0
1401062400 46 0 64 0
1400976000 54 0 68 0
1400889600 48 0 70 0
1400803200 42 0 59 0
1400716800 40 0 61 0
1400630400 48 0 71 0
1400544000 49 0 65 0
1400457600 50 0 67 0
1400371200 56 0 71 0
1400284800 53 0 64 0
1400198400 47 0 60 0
1400112000 50 0 65 0
1400025600 46 0 57 0
1399939200 20 0 56 0
1399852800 0 0 0 0
1399766400 0 0 0 0
1399680000 0 0 0 0
1399593600 11 0 66 0
1399507200 0 0 0 0
1399420800 0 0 0 0
1399334400 36 0 75 0
1399248000 44 0 68 0
1399161600 53 0 71 0
1399075200 44 0 62 0
1398988800 46 0 67 0
1398902400 44 0 56 0
1398816000 44 0 63 0
1398729600 47 0 66 0
1398643200 52 0 65 0
1398556800 51 0 64 0
1398470400 48 0 69 0
1398384000 46 0 61 0
1398297600 43 0 62 0
1398211200 46 0 66 0
1398124800 43 0 60 0
1398038400 43 0 65 0
1397952000 46 0 60 0
1397865600 41 0 55 0
1397779200 40 0 56 0
1397692800 40 0 61 0
1397606400 45 0 62 0
1397520000 47 0 65 0
1397433600 55 0 70 0
1397347200 49 0 64 0
1397260800 45 0 59 0
1397174400 44 0 69 0
1397088000 40 0 62 0
1397001600 40 0 64 0
1396915200 55 0 73 0
1396828800 59 0 82 0
1396742400 56 0 78 0
1396656000 54 0 69 0
1396569600 49 0 66 0
1396483200 44 0 66 0
1396396800 55 0 74 0
1396310400 49 0 68 0
1396224000 56 0 71 0
1396137600 56 0 77 0
1396051200 45 0 60 0
1395964800 50 0 64 0
1395878400 51 0 73 0
1395792000 44 0 60 0
1395705600 45 0 68 0
1395619200 60 0 81 0
1395532800 59 0 73 0
1395446400 45 0 67 0
1395360000 44 0 62 0
1395273600 36 0 56 0
1395187200 40 0 65 0
1395100800 40 0 64 0
1395014400 40 0 55 0
1394928000 44 0 62 0
1394841600 41 0 55 0
1394755200 47 0 63 0
1394668800 49 0 70 0
1394582400 50 0 65 0
1394496000 52 0 70 0
1394409600 54 0 70 0
1394323200 50 0 59 0
1394236800 50 0 66 0
1394150400 51 0 66 0
1394064000 48 0 76 0
1393977600 51 0 67 0
1393891200 48 0 60 0
1393804800 52 0 70 0
1393718400 49 0 73 0
1393632000 36 0 54 0
1393545600 39 0 53 0
1393459200 50 0 75 0
1393372800 65 0 77 0
1393286400 71 0 96 0
1393200000 74 0 91 0
1393113600 69 0 92 0
1393027200 62 0 82 0
1392940800 67 0 86 0
1392854400 64 0 87 0
1392768000 69 0 91 0
1392681600 71 0 93 0
1392595200 70 0 90 0
1392508800 67 0 88 0
1392422400 67 0 87 0
1392336000 64 0 82 0
1392249600 66 0 92 0
1392163200 67 0 87 0
1392076800 68 0 89 0
1391990400 67 0 86 0
1391904000 58 0 88 0
1391817600 69 0 85 0
1391731200 64 0 89 0
1391644800 58 0 84 0
1391558400 49 0 70 0
1391472000 47 0 64 0
1391385600 46 0 60 0
1391299200 50 0 68 0
1391212800 52 0 70 0
1391126400 55 0 68 0
1391040000 62 0 79 0
1390953600 68 0 86 0
1390867200 68 0 89 0
1390780800 65 0 85 0
1390694400 60 0 76 0
1390608000 59 0 73 0
1390521600 61 0 76 0
1390435200 62 0 78 0
1390348800 47 0 77 0
1390262400 0 0 0 0
1390176000 0 0 0 0
1390089600 0 0 0 0
1390003200 29 0 73 0
1389916800 53 0 65 0
1389830400 61 0 81 0
1389744000 70 0 89 0
1389657600 62 0 82 0
1389571200 70 0 85 0
1389484800 70 0 90 0
1389398400 66 0 91 0
1389312000 66 0 86 0
1389225600 63 0 94 0
1389139200 53 0 72 0
1389052800 62 0 86 0
1388966400 66 0 79 0
1388880000 64 0 79 0
1388793600 70 0 88 0
1388707200 66 0 90 0
1388620800 66 0 85 0
1388534400 67 0 83 0
1388448000 62 0 82 0
1388361600 57 0 75 0
1388275200 64 0 87 0
1388188800 68 0 90 0
1388102400 65 0 65 0
1388016000 65 0 65 0
1387929600 65 0 65 0
1387843200 65 0 65 0
1387756800 65 0 65 0
1387670400 65 0 65 0
1387584000 65 0 65 0
1387497600 65 0 65 0
1387411200 65 0 65 0
1387324800 65 0 65 0
1387238400 65 0 65 0
1387152000 65 0 65 0
1387065600 65 0 65 0
1386979200 65 0 65 0
1386892800 65 0 65 0
1386806400 65 0 65 0
1386720000 65 0 65 0
1386633600 65 0 65 0
1386547200 65 0 65 0
1386460800 65 0 65 0
1386374400 65 0 65 0
1386288000 65 0 65 0
1386201600 65 0 65 0
1386115200 65 0 65 0
1386028800 65 0 65 0
1385942400 65 0 65 0
1385856000 65 0 65 0
1385769600 65 0 65 0
1385683200 65 0 65 0
1385596800 65 0 65 0
1385510400 65 0 65 0
1385424000 65 0 65 0
1385337600 65 0 65 0
1385251200 65 0 65 0
1385164800 65 0 65 0
1385078400 65 0 65 0
1384992000 65 0 65 0
1384905600 65 0 65 0
1384819200 65 0 65 0
1384732800 65 0 65 0
1384646400 65 0 65 0
1384560000 65 0 65 0
1384473600 65 0 65 0
1384387200 65 0 65 0
1384300800 65 0 65 0
1384214400 65 0 65 0
1384128000 65 0 65 0
1384041600 65 0 65 0
1383955200 65 0 65 0
1383868800 65 0 65 0
1383782400 65 0 65 0
1383696000 65 0 65 0
1383609600 65 0 65 0
1383523200 65 0 65 0
1383436800 65 0 65 0
1383350400 65 0 65 0
1383264000 65 0 65 0
1383177600 65 0 65 0
1383091200 65 0 65 0
1383004800 65 0 65 0
1382918400 65 0 65 0
1382832000 65 0 65 0
1382745600 65 0 65 0
1382659200 65 0 65 0
1382572800 65 0 65 0
1382486400 65 0 65 0
1382400000 65 0 65 0
1382313600 65 0 65 0
1382227200 65 0 65 0
1382140800 65 0 65 0
1382054400 65 0 65 0
1381968000 65 0 65 0
1381881600 65 0 65 0
1381795200 65 0 65 0
1381708800 65 0 65 0
1381622400 65 0 65 0
1381536000 65 0 65 0
1381449600 65 0 65 0
1381363200 65 0 65 0
1381276800 65 0 65 0
1381190400 65 0 65 0
1381104000 65 0 65 0
1381017600 65 0 65 0
1380931200 65 0 65 0
1380844800 65 0 65 0
1380758400 65 0 65 0
1380672000 65 0 65 0
1380585600 65 0 65 0
1380499200 65 0 65 0
1380412800 65 0 65 0
1380326400 65 0 65 0
1380240000 65 0 65 0
1380153600 65 0 65 0
1380067200 65 0 65 0
1379980800 65 0 65 0
1379894400 65 0 65 0
1379808000 65 0 65 0
1379721600 65 0 65 0
1379635200 65 0 65 0
1379548800 65 0 65 0
1379462400 65 0 65 0
1379376000 65 0 65 0
1379289600 65 0 65 0
1379203200 65 0 65 0
1379116800 65 0 65 0
1379030400 65 0 65 0
1378944000 65 0 65 0
1378857600 65 0 65 0
1378771200 65 0 65 0
1378684800 65 0 65 0
1378598400 65 0 65 0
1378512000 65 0 65 0
1378425600 65 0 65 0
1378339200 65 0 65 0
1378252800 65 0 65 0
1378166400 65 0 65 0
1378080000 65 0 65 0
1377993600 65 0 65 0
1377907200 65 0 65 0
1377820800 65 0 65 0
1377734400 65 0 65 0
1377648000 65 0 65 0
1377561600 65 0 65 0
1377475200 65 0 65 0
1377388800 65 0 65 0
1377302400 65 0 65 0
1377216000 65 0 65 0
1377129600 65 0 65 0
1377043200 65 0 65 0
1376956800 65 0 65 0
1376870400 65 0 65 0
1376784000 65 0 65 0
1376697600 65 0 65 0
1376611200 65 0 65 0
1376524800 65 0 65 0
1376438400 65 0 65 0
1376352000 65 0 65 0
1376265600 65 0 65 0
1376179200 65 0 65 0
1376092800 65 0 65 0
1376006400 65 0 65 0
1375920000 65 0 65 0
1375833600 65 0 65 0
1375747200 65 0 65 0
1375660800 65 0 65 0
1375574400 65 0 65 0
1375488000 65 0 65 0
1375401600 65 0 65 0
1375315200 65 0 65 0
1375228800 65 0 65 0
1375142400 65 0 65 0
1375056000 65 0 65 0
1374969600 65 0 65 0
1374883200 65 0 65 0
1374796800 65 0 65 0
1374710400 65 0 65 0
1374624000 65 0 65 0
1374537600 65 0 65 0
1374451200 65 0 65 0
1374364800 65 0 65 0
1374278400 65 0 65 0
1374192000 65 0 65 0
1374105600 65 0 65 0
1374019200 65 0 65 0
1373932800 65 0 65 0
1373846400 65 0 65 0
1373760000 65 0 65 0
1373673600 65 0 65 0
1373587200 65 0 65 0
1373500800 65 0 65 0
1373414400 65 0 65 0
1373328000 65 0 65 0
1373241600 65 0 65 0
1373155200 65 0 65 0
1373068800 65 0 65 0
1372982400 65 0 65 0
1372896000 65 0 65 0
1372809600 65 0 65 0
1372723200 65 0 65 0
1372636800 65 0 65 0
1372550400 65 0 65 0
1372464000 65 0 65 0
1372377600 65 0 65 0
1372291200 65 0 65 0
1372204800 65 0 65 0
1372118400 65 0 65 0
1372032000 65 0 65 0
1371945600 65 0 65 0
1371859200 65 0 65 0
1371772800 65 0 65 0
1371686400 65 0 65 0
1371600000 65 0 65 0
1371513600 65 0 65 0
1371427200 65 0 65 0
1371340800 65 0 65 0
1371254400 65 0 65 0
1371168000 65 0 65 0
1371081600 65 0 65 0
1370995200 65 0 65 0
1370908800 65 0 65 0
1370822400 65 0 65 0
1370736000 65 0 65 0
1370649600 65 0 65 0
1370563200 65 0 65 0
1370476800 65 0 65 0
1370390400 65 0 65 0
1370304000 65 0 65 0
1370217600 65 0 65 0
1370131200 65 0 65 0
1370044800 65 0 65 0
1369958400 65 0 65 0
1369872000 65 0 65 0
1369785600 65 0 65 0
1369699200 65 0 65 0
1369612800 65 0 65 0
1369526400 65 0 65 0
1369440000 65 0 65 0
1369353600 65 0 65 0
1369267200 65 0 65 0
1369180800 65 0 65 0
1369094400 65 0 65 0
1369008000 65 0 65 0
1368921600 65 0 65 0
1368835200 65 0 65 0
1368748800 65 0 65 0
1368662400 65 0 65 0
1368576000 65 0 65 0
1368489600 65 0 65 0
1368403200 65 0 65 0
1368316800 65 0 65 0
1368230400 65 0 65 0
1368144000 65 0 65 0
1368057600 65 0 65 0
1367971200 65 0 65 0
1367884800 65 0 65 0
1367798400 65 0 65 0
1367712000 65 0 65 0
1367625600 65 0 65 0
1367539200 65 0 65 0
1367452800 65 0 65 0
1367366400 65 0 65 0
1367280000 65 0 65 0
1367193600 65 0 65 0
1367107200 65 0 65 0
1367020800 65 0 65 0
1366934400 65 0 65 0
1366848000 65 0 65 0
1366761600 65 0 65 0
1366675200 65 0 65 0
1366588800 65 0 65 0
1366502400 65 0 65 0
1366416000 65 0 65 0
1366329600 65 0 65 0
1366243200 65 0 65 0
1366156800 65 0 65 0
1366070400 65 0 65 0
1365984000 65 0 65 0
1365897600 65 0 65 0
1365811200 65 0 65 0
1365724800 65 0 65 0
1365638400 65 0 65 0
1365552000 65 0 65 0
1365465600 65 0 65 0
1365379200 65 0 65 0
1365292800 65 0 65 0
1365206400 65 0 65 0
1365120000 65 0 65 0
1365033600 65 0 65 0
1364947200 65 0 65 0
1364860800 65 0 65 0
1364774400 65 0 65 0
1364688000 65 0 65 0
1364601600 65 0 65 0
1364515200 65 0 65 0
1364428800 65 0 65 0
1364342400 65 0 65 0
1364256000 65 0 65 0
1364169600 65 0 65 0
1364083200 65 0 65 0
1363996800 65 0 65 0
1363910400 65 0 65 0
1363824000 65 0 65 0
1363737600 65 0 65 0
1363651200 65 0 65 0
1363564800 65 0 65 0
1363478400 65 0 65 0
1363392000 65 0 65 0
1363305600 65 0 65 0
1363219200 65 0 65 0
1363132800 65 0 65 0
1363046400 65 0 65 0
1362960000 65 0 65 0
1362873600 65 0 65 0
1362787200 65 0 65 0
1362700800 65 0 65 0
1362614400 65 0 65 0
1362528000 65 0 65 0
1362441600 65 0 65 0
1362355200 65 0 65 0
1362268800 65 0 65 0
1362182400 65 0 65 0
1362096000 65 0 65 0
1362009600 65 0 65 0
1361923200 65 0 65 0
1361836800 65 0 65 0
1361750400 65 0 65 0
1361664000 65 0 65 0
1361577600 65 0 65 0
1361491200 65 0 65 0
1361404800 65 0 65 0
1361318400 65 0 65 0
1361232000 65 0 65 0
1361145600 65 0 65 0
1361059200 65 0 65 0
1360972800 65 0 65 0
1360886400 65 0 65 0
1360800000 65 0 65 0
1360713600 65 0 65 0
1360627200 65 0 65 0
1360540800 65 0 65 0
1360454400 65 0 65 0
1360368000 65 0 65 0
1360281600 65 0 65 0
1360195200 65 0 65 0
1360108800 65 0 65 0
1360022400 65 0 65 0
1359936000 65 0 65 0
1359849600 65 0 65 0
1359763200 65 0 65 0
1359676800 65 0 65 0
1359590400 65 0 65 0
1359504000 65 0 65 0
1359417600 65 0 65 0
1359331200 65 0 65 0
1359244800 65 0 65 0
1359158400 65 0 65 0
1359072000 65 0 65 0
1358985600 65 0 65 0
1358899200 65 0 65 0
1358812800 65 0 65 0
1358726400 65 0 65 0
1358640000 65 0 65 0
1358553600 65 0 65 0
1358467200 65 0 65 0
1358380800 65 0 65 0
1358294400 65 0 65 0
1358208000 65 0 65 0
1358121600 65 0 65 0
1358035200 65 0 65 0
1357948800 65 0 65 0
1357862400 65 0 65 0
1357776000 65 0 65 0
1357689600 65 0 65 0
1357603200 65 0 65 0
1357516800 65 0 65 0
1357430400 65 0 65 0
1357344000 65 0 65 0
1357257600 65 0 65 0
1357171200 65 0 65 0
1357084800 65 0 65 0
1356998400 65 0 65 0
1356912000 65 0 65 0
1356825600 65 0 65 0
1356739200 65 0 65 0
1356652800 65 0 65 0
1356566400 65 0 65 0
1356480000 65 0 65 0
1356393600 65 0 65 0
1356307200 65 0 65 0
1356220800 65 0 65 0
1356134400 65 0 65 0
1356048000 65 0 65 0
1355961600 65 0 65 0
1355875200 65 0 65 0
1355788800 65 0 65 0
1355702400 65 0 65 0
1355616000 65 0 65 0
1355529600 65 0 65 0
1355443200 65 0 65 0
1355356800 65 0 65 0
1355270400 65 0 65 0
1355184000 65 0 65 0
1355097600 65 0 65 0
1355011200 65 0 65 0
1354924800 65 0 65 0
1354838400 65 0 65 0
1354752000 65 0 65 0
1354665600 65 0 65 0
1354579200 65 0 65 0
1354492800 65 0 65 0
1354406400 65 0 65 0
1354320000 65 0 65 0
1354233600 65 0 65 0
1354147200 65 0 65 0
1354060800 65 0 65 0
1353974400 65 0 65 0
1353888000 65 0 65 0
1353801600 65 0 65 0
1353715200 65 0 65 0
1353628800 65 0 65 0
1353542400 65 0 65 0
1353456000 65 0 65 0
1353369600 65 0 65 0
1353283200 65 0 65 0
1353196800 65 0 65 0
1353110400 65 0 65 0
1353024000 65 0 65 0
1352937600 65 0 65 0
1352851200 65 0 65 0
1352764800 65 0 65 0
1352678400 65 0 65 0
1352592000 65 0 65 0
1352505600 65 0 65 0
1352419200 65 0 65 0
1352332800 65 0 65 0
1352246400 65 0 65 0
1352160000 65 0 65 0
1352073600 65 0 65 0
1351987200 65 0 65 0
1351900800 65 0 65 0
1351814400 65 0 65 0
1351728000 65 0 65 0
1351641600 65 0 65 0
1351555200 65 0 65 0
1351468800 66 0 92 0
1351382400 55 0 89 0
1351296000 52 0 81 0
1351209600 53 0 89 0
1351123200 58 0 102 0
1351036800 59 0 91 0
1350950400 51 0 82 0
1350864000 59 0 86 0
1350777600 60 0 85 0
1350691200 58 0 89 0
1350604800 48 0 77 0
1350518400 49 0 82 0
1350432000 43 0 83 0
1350345600 57 0 86 0
1350259200 65 0 92 0
1350172800 51 0 86 0
1350086400 51 0 70 0
1350000000 49 0 72 0
1349913600 49 0 74 0
1349827200 51 0 89 0
1349740800 51 0 86 0
1349654400 59 0 82 0
1349568000 53 0 81 0
1349481600 50 0 81 0
1349395200 60 0 91 0
1349308800 59 0 88 0
1349222400 55 0 89 0
1349136000 74 0 116 0
1349049600 81 0 116 0
1348963200 64 0 102 0
1348876800 60 0 86 0
1348790400 56 0 88 0
1348704000 58 0 90 0
1348617600 66 0 97 0
1348531200 68 0 92 0
1348444800 77 0 112 0
1348358400 73 0 89 0
1348272000 56 0 75 0
1348185600 57 0 74 0
1348099200 55 0 77 0
1348012800 51 0 77 0
1347926400 46 0 74 0
1347840000 65 0 88 0
1347753600 54 0 103 0
1347667200 5 0 69 0
1347580800 68 0 98 0
1347494400 53 0 95 0
1347408000 67 0 104 0
1347321600 83 0 110 0
1347235200 71 0 100 0
1347148800 73 0 101 0
1347062400 38 0 93 0
1346976000 0 0 0 0
1346889600 0 0 0 0
1346803200 0 0 0 0
1346716800 0 0 0 0
1346630400 0 0 0 0
1346544000 0 0 0 0
1346457600 0 0 0 0
