2003.06.15 10:11 B F:\login\b\bai.o <-- www.vmud.com /lonely/mudlib/data/login/b bai.o
2003.06.15 10:11 B F:\login\b\baichi.o <-- www.vmud.com /lonely/mudlib/data/login/b baichi.o
2003.06.15 10:11 B F:\login\b\baiyi.o <-- www.vmud.com /lonely/mudlib/data/login/b baiyi.o
2003.06.15 10:11 B F:\login\b\baiyiren.o <-- www.vmud.com /lonely/mudlib/data/login/b baiyiren.o
2003.06.15 10:11 B F:\login\b\bamboo.o <-- www.vmud.com /lonely/mudlib/data/login/b bamboo.o
2003.06.15 10:11 B F:\login\b\banken.o <-- www.vmud.com /lonely/mudlib/data/login/b banken.o
2003.06.15 10:11 B F:\login\b\baobao.o <-- www.vmud.com /lonely/mudlib/data/login/b baobao.o
2003.06.15 10:11 B F:\login\b\baozou.o <-- www.vmud.com /lonely/mudlib/data/login/b baozou.o
2003.06.15 10:11 B F:\login\b\bashen.o <-- www.vmud.com /lonely/mudlib/data/login/b bashen.o
2003.06.15 10:11 B F:\login\b\bbcat.o <-- www.vmud.com /lonely/mudlib/data/login/b bbcat.o
2003.06.15 10:11 B F:\login\b\bbp.o <-- www.vmud.com /lonely/mudlib/data/login/b bbp.o
2003.06.15 10:11 B F:\login\b\bbq.o <-- www.vmud.com /lonely/mudlib/data/login/b bbq.o
2003.06.15 10:11 B F:\login\b\bbx.o <-- www.vmud.com /lonely/mudlib/data/login/b bbx.o
2003.06.15 10:11 B F:\login\b\bcat.o <-- www.vmud.com /lonely/mudlib/data/login/b bcat.o
2003.06.15 10:11 B F:\login\b\bdzhang.o <-- www.vmud.com /lonely/mudlib/data/login/b bdzhang.o
2003.06.15 10:11 B F:\login\b\beauty.o <-- www.vmud.com /lonely/mudlib/data/login/b beauty.o
2003.06.15 10:11 B F:\login\b\beger.o <-- www.vmud.com /lonely/mudlib/data/login/b beger.o
2003.06.15 10:11 B F:\login\b\belinda.o <-- www.vmud.com /lonely/mudlib/data/login/b belinda.o
2003.06.15 10:11 B F:\login\b\bellinwind.o <-- www.vmud.com /lonely/mudlib/data/login/b bellinwind.o
2003.06.15 10:11 B F:\login\b\ben.o <-- www.vmud.com /lonely/mudlib/data/login/b ben.o
2003.06.15 10:11 B F:\login\b\berserk.o <-- www.vmud.com /lonely/mudlib/data/login/b berserk.o
2003.06.15 10:11 B F:\login\b\best.o <-- www.vmud.com /lonely/mudlib/data/login/b best.o
2003.06.15 10:11 B F:\login\b\beta.o <-- www.vmud.com /lonely/mudlib/data/login/b beta.o
2003.06.15 10:11 B F:\login\b\big.o <-- www.vmud.com /lonely/mudlib/data/login/b big.o
2003.06.15 10:11 B F:\login\b\bigk.o <-- www.vmud.com /lonely/mudlib/data/login/b bigk.o
2003.06.15 10:11 B F:\login\b\bigtun.o <-- www.vmud.com /lonely/mudlib/data/login/b bigtun.o
2003.06.15 10:11 B F:\login\b\bihai.o <-- www.vmud.com /lonely/mudlib/data/login/b bihai.o
2003.06.15 10:11 B F:\login\b\bilang.o <-- www.vmud.com /lonely/mudlib/data/login/b bilang.o
2003.06.15 10:11 B F:\login\b\bileng.o <-- www.vmud.com /lonely/mudlib/data/login/b bileng.o
2003.06.15 10:11 B F:\login\b\bjbj.o <-- www.vmud.com /lonely/mudlib/data/login/b bjbj.o
2003.06.15 10:11 B F:\login\b\black.o <-- www.vmud.com /lonely/mudlib/data/login/b black.o
2003.06.15 10:11 B F:\login\b\blackwood.o <-- www.vmud.com /lonely/mudlib/data/login/b blackwood.o
2003.06.15 10:11 B F:\login\b\blader.o <-- www.vmud.com /lonely/mudlib/data/login/b blader.o
2003.06.15 10:11 B F:\login\b\blushe.o <-- www.vmud.com /lonely/mudlib/data/login/b blushe.o
2003.06.15 10:11 B F:\login\b\bmguifcxz.o <-- www.vmud.com /lonely/mudlib/data/login/b bmguifcxz.o
2003.06.15 10:12 B F:\login\b\bmyh.o <-- www.vmud.com /lonely/mudlib/data/login/b bmyh.o
2003.06.15 10:12 B F:\login\b\bnz.o <-- www.vmud.com /lonely/mudlib/data/login/b bnz.o
2003.06.15 10:12 B F:\login\b\bobou.o <-- www.vmud.com /lonely/mudlib/data/login/b bobou.o
2003.06.15 10:12 B F:\login\b\bobyshen.o <-- www.vmud.com /lonely/mudlib/data/login/b bobyshen.o
2003.06.15 10:12 B F:\login\b\boli.o <-- www.vmud.com /lonely/mudlib/data/login/b boli.o
2003.06.15 10:12 B F:\login\b\bond.o <-- www.vmud.com /lonely/mudlib/data/login/b bond.o
2003.06.15 10:12 B F:\login\b\boo.o <-- www.vmud.com /lonely/mudlib/data/login/b boo.o
2003.06.15 10:12 B F:\login\b\bored.o <-- www.vmud.com /lonely/mudlib/data/login/b bored.o
2003.06.15 10:12 B F:\login\b\boy.o <-- www.vmud.com /lonely/mudlib/data/login/b boy.o
2003.06.15 10:12 B F:\login\b\breaker.o <-- www.vmud.com /lonely/mudlib/data/login/b breaker.o
2003.06.15 10:12 B F:\login\b\brian.o <-- www.vmud.com /lonely/mudlib/data/login/b brian.o
2003.06.15 10:12 B F:\login\b\bruce.o <-- www.vmud.com /lonely/mudlib/data/login/b bruce.o
2003.06.15 10:12 B F:\login\b\buffer.o <-- www.vmud.com /lonely/mudlib/data/login/b buffer.o
2003.06.15 10:12 B F:\login\b\bug.o <-- www.vmud.com /lonely/mudlib/data/login/b bug.o
2003.06.15 10:12 B F:\login\b\bwit.o <-- www.vmud.com /lonely/mudlib/data/login/b bwit.o
2003.06.15 10:12 B F:\login\b\bywind.o <-- www.vmud.com /lonely/mudlib/data/login/b bywind.o
2003.06.15 10:12 B F:\login\b\byy.o <-- www.vmud.com /lonely/mudlib/data/login/b byy.o
