99.03.14 12:42 B f:\mirror1\d\changan\b-dajie1.c --> www1.yn.cninfo.net /mudcctx/mudlib/d/changan b-dajie1.c
99.03.14 12:42 B f:\mirror1\d\changan\b-dajie2.c --> www1.yn.cninfo.net /mudcctx/mudlib/d/changan b-dajie2.c
99.03.14 12:42 B f:\mirror1\d\changan\b-dajie3.c --> www1.yn.cninfo.net /mudcctx/mudlib/d/changan b-dajie3.c
99.03.14 12:42 B f:\mirror1\d\changan\baihuayuan1.c --> www1.yn.cninfo.net /mudcctx/mudlib/d/changan baihuayuan1.c
99.03.14 12:42 B f:\mirror1\d\changan\baihuayuan2.c --> www1.yn.cninfo.net /mudcctx/mudlib/d/changan baihuayuan2.c
99.03.14 12:42 B f:\mirror1\d\changan\beimen.c --> www1.yn.cninfo.net /mudcctx/mudlib/d/changan beimen.c
99.03.14 12:42 B f:\mirror1\d\changan\biaoju1.c --> www1.yn.cninfo.net /mudcctx/mudlib/d/changan biaoju1.c
99.03.14 12:42 B f:\mirror1\d\changan\biaoju2.c --> www1.yn.cninfo.net /mudcctx/mudlib/d/changan biaoju2.c
99.03.14 12:42 B f:\mirror1\d\changan\bingqipu.c --> www1.yn.cninfo.net /mudcctx/mudlib/d/changan bingqipu.c
99.03.14 12:42 B f:\mirror1\d\changan\bingying1.c --> www1.yn.cninfo.net /mudcctx/mudlib/d/changan bingying1.c
99.03.14 12:42 B f:\mirror1\d\changan\bingying2.c --> www1.yn.cninfo.net /mudcctx/mudlib/d/changan bingying2.c
99.03.14 12:42 B f:\mirror1\d\changan\caifengpu.c --> www1.yn.cninfo.net /mudcctx/mudlib/d/changan caifengpu.c
99.03.14 12:42 B f:\mirror1\d\changan\ceting1.c --> www1.yn.cninfo.net /mudcctx/mudlib/d/changan ceting1.c
99.03.14 12:42 B f:\mirror1\d\changan\ceting2.c --> www1.yn.cninfo.net /mudcctx/mudlib/d/changan ceting2.c
99.03.14 12:42 B f:\mirror1\d\changan\chaifang.c --> www1.yn.cninfo.net /mudcctx/mudlib/d/changan chaifang.c
99.03.14 12:42 B f:\mirror1\d\changan\chazhuang.c --> www1.yn.cninfo.net /mudcctx/mudlib/d/changan chazhuang.c
99.03.14 12:42 B f:\mirror1\d\changan\d-dajie1.c --> www1.yn.cninfo.net /mudcctx/mudlib/d/changan d-dajie1.c
99.03.14 12:42 B f:\mirror1\d\changan\d-dajie2.c --> www1.yn.cninfo.net /mudcctx/mudlib/d/changan d-dajie2.c
99.03.14 12:42 B f:\mirror1\d\changan\d-dajie3.c --> www1.yn.cninfo.net /mudcctx/mudlib/d/changan d-dajie3.c
99.03.14 12:42 B f:\mirror1\d\changan\dangpu.c --> www1.yn.cninfo.net /mudcctx/mudlib/d/changan dangpu.c
99.03.14 12:42 B f:\mirror1\d\changan\dangpu.c.918577993 --> www1.yn.cninfo.net /mudcctx/mudlib/d/changan dangpu.c.918577993
99.03.14 12:42 B f:\mirror1\d\changan\datiepu.c --> www1.yn.cninfo.net /mudcctx/mudlib/d/changan datiepu.c
99.03.14 12:42 B f:\mirror1\d\changan\dating.c --> www1.yn.cninfo.net /mudcctx/mudlib/d/changan dating.c
99.03.14 12:42 B f:\mirror1\d\changan\dongmen.c --> www1.yn.cninfo.net /mudcctx/mudlib/d/changan dongmen.c
99.03.14 12:43 B f:\mirror1\d\changan\duguan.c --> www1.yn.cninfo.net /mudcctx/mudlib/d/changan duguan.c
99.03.14 12:43 B f:\mirror1\d\changan\eroad1.c --> www1.yn.cninfo.net /mudcctx/mudlib/d/changan eroad1.c
99.03.14 12:43 B f:\mirror1\d\changan\eroad2.c --> www1.yn.cninfo.net /mudcctx/mudlib/d/changan eroad2.c
99.03.14 12:43 B f:\mirror1\d\changan\eroad3.c --> www1.yn.cninfo.net /mudcctx/mudlib/d/changan eroad3.c
99.03.14 12:43 B f:\mirror1\d\changan\eroad4.c --> www1.yn.cninfo.net /mudcctx/mudlib/d/changan eroad4.c
99.03.14 12:43 B f:\mirror1\d\changan\eroad5.c --> www1.yn.cninfo.net /mudcctx/mudlib/d/changan eroad5.c
99.03.14 12:43 B f:\mirror1\d\changan\eroad6.c --> www1.yn.cninfo.net /mudcctx/mudlib/d/changan eroad6.c
99.03.14 12:43 B f:\mirror1\d\changan\fobaoxuan.c --> www1.yn.cninfo.net /mudcctx/mudlib/d/changan fobaoxuan.c
99.03.14 12:43 B f:\mirror1\d\changan\guangchang.c --> www1.yn.cninfo.net /mudcctx/mudlib/d/changan guangchang.c
99.03.14 12:43 B f:\mirror1\d\changan\houhuayuan.c --> www1.yn.cninfo.net /mudcctx/mudlib/d/changan houhuayuan.c
99.03.14 12:43 B f:\mirror1\d\changan\houting.c --> www1.yn.cninfo.net /mudcctx/mudlib/d/changan houting.c
99.03.14 12:43 B f:\mirror1\d\changan\huadian.c --> www1.yn.cninfo.net /mudcctx/mudlib/d/changan huadian.c
99.03.14 12:43 B f:\mirror1\d\changan\huating.c --> www1.yn.cninfo.net /mudcctx/mudlib/d/changan huating.c
99.03.14 12:43 B f:\mirror1\d\changan\jiudian.c --> www1.yn.cninfo.net /mudcctx/mudlib/d/changan jiudian.c
99.03.14 12:43 B f:\mirror1\d\changan\kedian.c --> www1.yn.cninfo.net /mudcctx/mudlib/d/changan kedian.c
99.03.14 12:43 B f:\mirror1\d\changan\kedian2.c --> www1.yn.cninfo.net /mudcctx/mudlib/d/changan kedian2.c
99.03.14 12:43 B f:\mirror1\d\changan\kedian3.c --> www1.yn.cninfo.net /mudcctx/mudlib/d/changan kedian3.c
99.03.14 12:43 B f:\mirror1\d\changan\mafang.c --> www1.yn.cninfo.net /mudcctx/mudlib/d/changan mafang.c
99.03.14 12:43 B f:\mirror1\d\changan\map.ca --> www1.yn.cninfo.net /mudcctx/mudlib/d/changan map.ca
99.03.14 12:43 B f:\mirror1\d\changan\men1.c --> www1.yn.cninfo.net /mudcctx/mudlib/d/changan men1.c
99.03.14 12:43 B f:\mirror1\d\changan\n-dajie1.c --> www1.yn.cninfo.net /mudcctx/mudlib/d/changan n-dajie1.c
99.03.14 12:43 B f:\mirror1\d\changan\n-dajie2.c --> www1.yn.cninfo.net /mudcctx/mudlib/d/changan n-dajie2.c
99.03.14 12:43 B f:\mirror1\d\changan\n-dajie3.c --> www1.yn.cninfo.net /mudcctx/mudlib/d/changan n-dajie3.c
99.03.14 12:43 B f:\mirror1\d\changan\nanmen.c --> www1.yn.cninfo.net /mudcctx/mudlib/d/changan nanmen.c
99.03.14 12:43 B f:\mirror1\d\changan\nroad1.c --> www1.yn.cninfo.net /mudcctx/mudlib/d/changan nroad1.c
99.03.14 12:43 B f:\mirror1\d\changan\nroad2.c --> www1.yn.cninfo.net /mudcctx/mudlib/d/changan nroad2.c
99.03.14 12:43 B f:\mirror1\d\changan\nroad3.c --> www1.yn.cninfo.net /mudcctx/mudlib/d/changan nroad3.c
99.03.14 12:43 B f:\mirror1\d\changan\nroad4.c --> www1.yn.cninfo.net /mudcctx/mudlib/d/changan nroad4.c
99.03.14 12:43 B f:\mirror1\d\changan\nroad5.c --> www1.yn.cninfo.net /mudcctx/mudlib/d/changan nroad5.c
99.03.14 12:43 B f:\mirror1\d\changan\nroad6.c --> www1.yn.cninfo.net /mudcctx/mudlib/d/changan nroad6.c
99.03.14 12:43 B f:\mirror1\d\changan\qianzhuang.c --> www1.yn.cninfo.net /mudcctx/mudlib/d/changan qianzhuang.c
99.03.14 12:43 B f:\mirror1\d\changan\shanghui1.c --> www1.yn.cninfo.net /mudcctx/mudlib/d/changan shanghui1.c
99.03.14 12:43 B f:\mirror1\d\changan\shanghui2.c --> www1.yn.cninfo.net /mudcctx/mudlib/d/changan shanghui2.c
99.03.14 12:43 B f:\mirror1\d\changan\shanghui3.c --> www1.yn.cninfo.net /mudcctx/mudlib/d/changan shanghui3.c
99.03.14 12:43 B f:\mirror1\d\changan\shangren1.c --> www1.yn.cninfo.net /mudcctx/mudlib/d/changan shangren1.c
99.03.14 12:43 B f:\mirror1\d\changan\shuaifu.c --> www1.yn.cninfo.net /mudcctx/mudlib/d/changan shuaifu.c
99.03.14 12:43 B f:\mirror1\d\changan\shufang.c --> www1.yn.cninfo.net /mudcctx/mudlib/d/changan shufang.c
99.03.14 12:43 B f:\mirror1\d\changan\shuyuan.c --> www1.yn.cninfo.net /mudcctx/mudlib/d/changan shuyuan.c
99.03.14 12:43 B f:\mirror1\d\changan\sroad1.c --> www1.yn.cninfo.net /mudcctx/mudlib/d/changan sroad1.c
99.03.14 12:43 B f:\mirror1\d\changan\sroad2.c --> www1.yn.cninfo.net /mudcctx/mudlib/d/changan sroad2.c
99.03.14 12:43 B f:\mirror1\d\changan\taibaiju1.c --> www1.yn.cninfo.net /mudcctx/mudlib/d/changan taibaiju1.c
99.03.14 12:43 B f:\mirror1\d\changan\taibaiju2.c --> www1.yn.cninfo.net /mudcctx/mudlib/d/changan taibaiju2.c
99.03.14 12:43 B f:\mirror1\d\changan\tianjing.c --> www1.yn.cninfo.net /mudcctx/mudlib/d/changan tianjing.c
99.03.14 12:43 B f:\mirror1\d\changan\tudimiao.c --> www1.yn.cninfo.net /mudcctx/mudlib/d/changan tudimiao.c
99.03.14 12:43 B f:\mirror1\d\changan\tufeitou.c --> www1.yn.cninfo.net /mudcctx/mudlib/d/changan tufeitou.c
99.03.14 12:43 B f:\mirror1\d\changan\tufeiwo1.c --> www1.yn.cninfo.net /mudcctx/mudlib/d/changan tufeiwo1.c
99.03.14 12:43 B f:\mirror1\d\changan\tufeiwo2.c --> www1.yn.cninfo.net /mudcctx/mudlib/d/changan tufeiwo2.c
99.03.14 12:43 B f:\mirror1\d\changan\tufeiwo3.c --> www1.yn.cninfo.net /mudcctx/mudlib/d/changan tufeiwo3.c
99.03.14 12:43 B f:\mirror1\d\changan\tufeiwo4.c --> www1.yn.cninfo.net /mudcctx/mudlib/d/changan tufeiwo4.c
99.03.14 12:43 B f:\mirror1\d\changan\wdxiaolu.c --> www1.yn.cninfo.net /mudcctx/mudlib/d/changan wdxiaolu.c
99.03.14 12:43 B f:\mirror1\d\changan\wdxiaolu2.c --> www1.yn.cninfo.net /mudcctx/mudlib/d/changan wdxiaolu2.c
99.03.14 12:43 B f:\mirror1\d\changan\wdxiaolu3.c --> www1.yn.cninfo.net /mudcctx/mudlib/d/changan wdxiaolu3.c
99.03.14 12:43 B f:\mirror1\d\changan\wdxiaolu4.c --> www1.yn.cninfo.net /mudcctx/mudlib/d/changan wdxiaolu4.c
99.03.14 12:43 B f:\mirror1\d\changan\woshi.c --> www1.yn.cninfo.net /mudcctx/mudlib/d/changan woshi.c
99.03.14 12:43 B f:\mirror1\d\changan\wuguan1.c --> www1.yn.cninfo.net /mudcctx/mudlib/d/changan wuguan1.c
99.03.14 12:43 B f:\mirror1\d\changan\wuguan2.c --> www1.yn.cninfo.net /mudcctx/mudlib/d/changan wuguan2.c
99.03.14 12:43 B f:\mirror1\d\changan\wuguan3.c --> www1.yn.cninfo.net /mudcctx/mudlib/d/changan wuguan3.c
99.03.14 12:43 B f:\mirror1\d\changan\wuguan4.c --> www1.yn.cninfo.net /mudcctx/mudlib/d/changan wuguan4.c
99.03.14 12:43 B f:\mirror1\d\changan\x-dajie1.c --> www1.yn.cninfo.net /mudcctx/mudlib/d/changan x-dajie1.c
99.03.14 12:43 B f:\mirror1\d\changan\x-dajie2.c --> www1.yn.cninfo.net /mudcctx/mudlib/d/changan x-dajie2.c
99.03.14 12:43 B f:\mirror1\d\changan\x-dajie3.c --> www1.yn.cninfo.net /mudcctx/mudlib/d/changan x-dajie3.c
99.03.14 12:43 B f:\mirror1\d\changan\ximen.c --> www1.yn.cninfo.net /mudcctx/mudlib/d/changan ximen.c
99.03.14 12:43 B f:\mirror1\d\changan\xiyuan1.c --> www1.yn.cninfo.net /mudcctx/mudlib/d/changan xiyuan1.c
99.03.14 12:43 B f:\mirror1\d\changan\xiyuan2.c --> www1.yn.cninfo.net /mudcctx/mudlib/d/changan xiyuan2.c
99.03.14 12:43 B f:\mirror1\d\changan\yaopu.c --> www1.yn.cninfo.net /mudcctx/mudlib/d/changan yaopu.c
99.03.14 12:43 B f:\mirror1\d\changan\yaopu.c.917237332 --> www1.yn.cninfo.net /mudcctx/mudlib/d/changan yaopu.c.917237332
99.03.14 12:43 B f:\mirror1\d\changan\zahuopu.c --> www1.yn.cninfo.net /mudcctx/mudlib/d/changan zahuopu.c
99.03.14 12:43 B f:\mirror1\d\changan\zoulang1.c --> www1.yn.cninfo.net /mudcctx/mudlib/d/changan zoulang1.c
99.03.14 12:43 B f:\mirror1\d\changan\zoulang2.c --> www1.yn.cninfo.net /mudcctx/mudlib/d/changan zoulang2.c
99.03.14 12:43 B f:\mirror1\d\changan\zoulang3.c --> www1.yn.cninfo.net /mudcctx/mudlib/d/changan zoulang3.c
99.03.14 12:43 B f:\mirror1\d\changan\zoulang4.c --> www1.yn.cninfo.net /mudcctx/mudlib/d/changan zoulang4.c
99.03.15 17:51 B f:\mirror1\d\changan\taibaiju1.c --> www1.yn.cninfo.net /mudlab/mudlib/d/changan taibaiju1.c
99.03.15 17:51 B f:\mirror1\d\changan\taibaiju2.c --> www1.yn.cninfo.net /mudlab/mudlib/d/changan taibaiju2.c
