99.03.14 13:36 B f:\mirror1\d\tangmen\obj\anqibook.c --> www1.yn.cninfo.net /mudcctx/mudlib/d/tangmen/obj anqibook.c
99.03.14 13:36 B f:\mirror1\d\tangmen\obj\changjian.c --> www1.yn.cninfo.net /mudcctx/mudlib/d/tangmen/obj changjian.c
99.03.14 13:36 B f:\mirror1\d\tangmen\obj\cloth.c --> www1.yn.cninfo.net /mudcctx/mudlib/d/tangmen/obj cloth.c
99.03.14 13:36 B f:\mirror1\d\tangmen\obj\dawancha.c --> www1.yn.cninfo.net /mudcctx/mudlib/d/tangmen/obj dawancha.c
99.03.14 13:36 B f:\mirror1\d\tangmen\obj\duomingbiao.c --> www1.yn.cninfo.net /mudcctx/mudlib/d/tangmen/obj duomingbiao.c
99.03.14 13:36 B f:\mirror1\d\tangmen\obj\gangbiao.c --> www1.yn.cninfo.net /mudcctx/mudlib/d/tangmen/obj gangbiao.c
99.03.14 13:36 B f:\mirror1\d\tangmen\obj\gangbiao1.c --> www1.yn.cninfo.net /mudcctx/mudlib/d/tangmen/obj gangbiao1.c
99.03.14 13:36 B f:\mirror1\d\tangmen\obj\gangdao.c --> www1.yn.cninfo.net /mudcctx/mudlib/d/tangmen/obj gangdao.c
99.03.14 13:36 B f:\mirror1\d\tangmen\obj\jinduan.c --> www1.yn.cninfo.net /mudcctx/mudlib/d/tangmen/obj jinduan.c
99.03.14 13:36 B f:\mirror1\d\tangmen\obj\jitui.c --> www1.yn.cninfo.net /mudcctx/mudlib/d/tangmen/obj jitui.c
99.03.14 13:36 B f:\mirror1\d\tangmen\obj\jiudai.c --> www1.yn.cninfo.net /mudcctx/mudlib/d/tangmen/obj jiudai.c
99.03.14 13:36 B f:\mirror1\d\tangmen\obj\qingduan.c --> www1.yn.cninfo.net /mudcctx/mudlib/d/tangmen/obj qingduan.c
99.03.14 13:36 B f:\mirror1\d\tangmen\obj\roupian.c --> www1.yn.cninfo.net /mudcctx/mudlib/d/tangmen/obj roupian.c
99.03.14 13:36 B f:\mirror1\d\tangmen\obj\shan.c --> www1.yn.cninfo.net /mudcctx/mudlib/d/tangmen/obj shan.c
99.03.14 13:36 B f:\mirror1\d\tangmen\obj\shuimitao.c --> www1.yn.cninfo.net /mudcctx/mudlib/d/tangmen/obj shuimitao.c
99.03.14 13:36 B f:\mirror1\d\tangmen\obj\shujin.c --> www1.yn.cninfo.net /mudcctx/mudlib/d/tangmen/obj shujin.c
99.03.14 13:36 B f:\mirror1\d\tangmen\obj\shuxiu.c --> www1.yn.cninfo.net /mudcctx/mudlib/d/tangmen/obj shuxiu.c
99.03.14 13:36 B f:\mirror1\d\tangmen\obj\suozijia.c --> www1.yn.cninfo.net /mudcctx/mudlib/d/tangmen/obj suozijia.c
99.03.14 13:36 B f:\mirror1\d\tangmen\obj\tea.c --> www1.yn.cninfo.net /mudcctx/mudlib/d/tangmen/obj tea.c
99.03.14 13:36 B f:\mirror1\d\tangmen\obj\throwbook.c --> www1.yn.cninfo.net /mudcctx/mudlib/d/tangmen/obj throwbook.c
99.03.14 13:36 B f:\mirror1\d\tangmen\obj\yupei.c --> www1.yn.cninfo.net /mudcctx/mudlib/d/tangmen/obj yupei.c
99.03.14 13:36 B f:\mirror1\d\tangmen\obj\zhusun.c --> www1.yn.cninfo.net /mudcctx/mudlib/d/tangmen/obj zhusun.c
99.03.14 13:36 B f:\mirror1\d\tangmen\obj\zhuyebiao.c --> www1.yn.cninfo.net /mudcctx/mudlib/d/tangmen/obj zhuyebiao.c
99.03.14 13:36 B f:\mirror1\d\tangmen\obj\zimuzhen.c --> www1.yn.cninfo.net /mudcctx/mudlib/d/tangmen/obj zimuzhen.c
