99.03.15 09:55 B f:\mirror1\kungfu\skill\anying-fuxiang.c --> www1.yn.cninfo.net /mudcctx/mudlib/kungfu/skill anying-fuxiang.c
99.03.15 09:55 B f:\mirror1\kungfu\skill\axe.c --> www1.yn.cninfo.net /mudcctx/mudlib/kungfu/skill axe.c
99.03.15 09:55 B f:\mirror1\kungfu\skill\bahuang-gong.c --> www1.yn.cninfo.net /mudcctx/mudlib/kungfu/skill bahuang-gong.c
99.03.15 09:55 B f:\mirror1\kungfu\skill\banruo-zhang.c --> www1.yn.cninfo.net /mudcctx/mudlib/kungfu/skill banruo-zhang.c
99.03.15 09:55 B f:\mirror1\kungfu\skill\begging.c --> www1.yn.cninfo.net /mudcctx/mudlib/kungfu/skill begging.c
99.03.15 09:56 B f:\mirror1\kungfu\skill\beiming-shengong.c --> www1.yn.cninfo.net /mudcctx/mudlib/kungfu/skill beiming-shengong.c
99.03.15 09:56 B f:\mirror1\kungfu\skill\bibo-shengong.c --> www1.yn.cninfo.net /mudcctx/mudlib/kungfu/skill bibo-shengong.c
99.03.15 09:56 B f:\mirror1\kungfu\skill\biye-wu.c --> www1.yn.cninfo.net /mudcctx/mudlib/kungfu/skill biye-wu.c
99.03.15 09:56 B f:\mirror1\kungfu\skill\biyun-xinfa.c --> www1.yn.cninfo.net /mudcctx/mudlib/kungfu/skill biyun-xinfa.c
99.03.15 09:56 B f:\mirror1\kungfu\skill\blade.c --> www1.yn.cninfo.net /mudcctx/mudlib/kungfu/skill blade.c
99.03.15 09:56 B f:\mirror1\kungfu\skill\buddhism.c --> www1.yn.cninfo.net /mudcctx/mudlib/kungfu/skill buddhism.c
99.03.15 09:56 B f:\mirror1\kungfu\skill\chanchu-bufa.c --> www1.yn.cninfo.net /mudcctx/mudlib/kungfu/skill chanchu-bufa.c
99.03.15 09:56 B f:\mirror1\kungfu\skill\checking.c --> www1.yn.cninfo.net /mudcctx/mudlib/kungfu/skill checking.c
99.03.15 09:56 B f:\mirror1\kungfu\skill\cibei-dao.c --> www1.yn.cninfo.net /mudcctx/mudlib/kungfu/skill cibei-dao.c
99.03.15 09:56 B f:\mirror1\kungfu\skill\claw.c --> www1.yn.cninfo.net /mudcctx/mudlib/kungfu/skill claw.c
99.03.15 09:56 B f:\mirror1\kungfu\skill\club.c --> www1.yn.cninfo.net /mudcctx/mudlib/kungfu/skill club.c
99.03.15 09:56 B f:\mirror1\kungfu\skill\cuff.c --> www1.yn.cninfo.net /mudcctx/mudlib/kungfu/skill cuff.c
99.03.15 09:56 B f:\mirror1\kungfu\skill\cuixin-zhang.c --> www1.yn.cninfo.net /mudcctx/mudlib/kungfu/skill cuixin-zhang.c
99.03.15 09:56 B f:\mirror1\kungfu\skill\dagou-bang.c --> www1.yn.cninfo.net /mudcctx/mudlib/kungfu/skill dagou-bang.c
99.03.15 09:56 B f:\mirror1\kungfu\skill\damo-jian.c --> www1.yn.cninfo.net /mudcctx/mudlib/kungfu/skill damo-jian.c
99.03.15 09:56 B f:\mirror1\kungfu\skill\dashou-yin.c --> www1.yn.cninfo.net /mudcctx/mudlib/kungfu/skill dashou-yin.c
99.03.15 09:56 B f:\mirror1\kungfu\skill\ding-dodge.c --> www1.yn.cninfo.net /mudcctx/mudlib/kungfu/skill ding-dodge.c
99.03.15 09:56 B f:\mirror1\kungfu\skill\ding-force.c --> www1.yn.cninfo.net /mudcctx/mudlib/kungfu/skill ding-force.c
99.03.15 09:56 B f:\mirror1\kungfu\skill\ding-unarmed.c --> www1.yn.cninfo.net /mudcctx/mudlib/kungfu/skill ding-unarmed.c
99.03.15 09:56 B f:\mirror1\kungfu\skill\dodge.c --> www1.yn.cninfo.net /mudcctx/mudlib/kungfu/skill dodge.c
99.03.15 09:56 B f:\mirror1\kungfu\skill\duanyun-bian.c --> www1.yn.cninfo.net /mudcctx/mudlib/kungfu/skill duanyun-bian.c
99.03.15 09:56 B f:\mirror1\kungfu\skill\dugu-jiujian.c --> www1.yn.cninfo.net /mudcctx/mudlib/kungfu/skill dugu-jiujian.c
99.03.15 09:56 B f:\mirror1\kungfu\skill\duoming-biao.c --> www1.yn.cninfo.net /mudcctx/mudlib/kungfu/skill duoming-biao.c
99.03.15 09:56 B f:\mirror1\kungfu\skill\dushi-jiren.c --> www1.yn.cninfo.net /mudcctx/mudlib/kungfu/skill dushi-jiren.c
99.03.15 09:56 B f:\mirror1\kungfu\skill\fanliangyi-dao.c --> www1.yn.cninfo.net /mudcctx/mudlib/kungfu/skill fanliangyi-dao.c
99.03.15 09:56 B f:\mirror1\kungfu\skill\fengyun-shou.c --> www1.yn.cninfo.net /mudcctx/mudlib/kungfu/skill fengyun-shou.c
99.03.15 09:56 B f:\mirror1\kungfu\skill\finger.c --> www1.yn.cninfo.net /mudcctx/mudlib/kungfu/skill finger.c
99.03.15 09:56 B f:\mirror1\kungfu\skill\force.c --> www1.yn.cninfo.net /mudcctx/mudlib/kungfu/skill force.c
99.03.15 09:56 B f:\mirror1\kungfu\skill\fumo-jian.c --> www1.yn.cninfo.net /mudcctx/mudlib/kungfu/skill fumo-jian.c
99.03.15 09:56 B f:\mirror1\kungfu\skill\guimei-shenfa.c --> www1.yn.cninfo.net /mudcctx/mudlib/kungfu/skill guimei-shenfa.c
99.03.15 09:56 B f:\mirror1\kungfu\skill\hamagong.c --> www1.yn.cninfo.net /mudcctx/mudlib/kungfu/skill hamagong.c
99.03.15 09:56 B f:\mirror1\kungfu\skill\hammer.c --> www1.yn.cninfo.net /mudcctx/mudlib/kungfu/skill hammer.c
99.03.15 09:56 B f:\mirror1\kungfu\skill\hanbing-mianzhang.c --> www1.yn.cninfo.net /mudcctx/mudlib/kungfu/skill hanbing-mianzhang.c
99.03.15 09:56 B f:\mirror1\kungfu\skill\hanbing-zhang.c --> www1.yn.cninfo.net /mudcctx/mudlib/kungfu/skill hanbing-zhang.c
99.03.15 09:56 B f:\mirror1\kungfu\skill\hand.c --> www1.yn.cninfo.net /mudcctx/mudlib/kungfu/skill hand.c
99.03.15 09:56 B f:\mirror1\kungfu\skill\houquan.c --> www1.yn.cninfo.net /mudcctx/mudlib/kungfu/skill houquan.c
99.03.15 09:56 B f:\mirror1\kungfu\skill\huagong-dafa.c --> www1.yn.cninfo.net /mudcctx/mudlib/kungfu/skill huagong-dafa.c
99.03.15 09:56 B f:\mirror1\kungfu\skill\huashan-jianfa.c --> www1.yn.cninfo.net /mudcctx/mudlib/kungfu/skill huashan-jianfa.c
99.03.15 09:56 B f:\mirror1\kungfu\skill\huashan-shenfa.c --> www1.yn.cninfo.net /mudcctx/mudlib/kungfu/skill huashan-shenfa.c
99.03.15 09:56 B f:\mirror1\kungfu\skill\huashan-zhangfa.c --> www1.yn.cninfo.net /mudcctx/mudlib/kungfu/skill huashan-zhangfa.c
99.03.15 09:56 B f:\mirror1\kungfu\skill\hubo.c --> www1.yn.cninfo.net /mudcctx/mudlib/kungfu/skill hubo.c
99.03.15 09:56 B f:\mirror1\kungfu\skill\hujia-dao.c --> www1.yn.cninfo.net /mudcctx/mudlib/kungfu/skill hujia-dao.c
99.03.15 09:56 B f:\mirror1\kungfu\skill\hujia-daofa.c --> www1.yn.cninfo.net /mudcctx/mudlib/kungfu/skill hujia-daofa.c
99.03.15 09:56 B f:\mirror1\kungfu\skill\huntian-qigong.c --> www1.yn.cninfo.net /mudcctx/mudlib/kungfu/skill huntian-qigong.c
99.03.15 09:56 B f:\mirror1\kungfu\skill\hunyuan-yiqi.c --> www1.yn.cninfo.net /mudcctx/mudlib/kungfu/skill hunyuan-yiqi.c
99.03.15 09:56 B f:\mirror1\kungfu\skill\hunyuan-zhang.c --> www1.yn.cninfo.net /mudcctx/mudlib/kungfu/skill hunyuan-zhang.c
99.03.15 09:56 B f:\mirror1\kungfu\skill\huoyan-dao.c --> www1.yn.cninfo.net /mudcctx/mudlib/kungfu/skill huoyan-dao.c
99.03.15 09:56 B f:\mirror1\kungfu\skill\jingang-quan.c --> www1.yn.cninfo.net /mudcctx/mudlib/kungfu/skill jingang-quan.c
99.03.15 09:56 B f:\mirror1\kungfu\skill\jinwu.c --> www1.yn.cninfo.net /mudcctx/mudlib/kungfu/skill jinwu.c
99.03.15 09:56 B f:\mirror1\kungfu\skill\jinyan-gong.c --> www1.yn.cninfo.net /mudcctx/mudlib/kungfu/skill jinyan-gong.c
99.03.15 09:56 B f:\mirror1\kungfu\skill\jiuyang-shengong.c --> www1.yn.cninfo.net /mudcctx/mudlib/kungfu/skill jiuyang-shengong.c
99.03.15 09:56 B f:\mirror1\kungfu\skill\jiuyin-baiguzhao.c --> www1.yn.cninfo.net /mudcctx/mudlib/kungfu/skill jiuyin-baiguzhao.c
99.03.15 09:56 B f:\mirror1\kungfu\skill\jiuyin-shenzhao.c --> www1.yn.cninfo.net /mudcctx/mudlib/kungfu/skill jiuyin-shenzhao.c
99.03.15 09:56 B f:\mirror1\kungfu\skill\king-of-dragon.c --> www1.yn.cninfo.net /mudcctx/mudlib/kungfu/skill king-of-dragon.c
99.03.15 09:56 B f:\mirror1\kungfu\skill\kongming-quan.c --> www1.yn.cninfo.net /mudcctx/mudlib/kungfu/skill kongming-quan.c
99.03.15 09:56 B f:\mirror1\kungfu\skill\kuihua-xinfa.c --> www1.yn.cninfo.net /mudcctx/mudlib/kungfu/skill kuihua-xinfa.c
99.03.15 09:56 B f:\mirror1\kungfu\skill\kurong-shengong.c --> www1.yn.cninfo.net /mudcctx/mudlib/kungfu/skill kurong-shengong.c
99.03.15 09:56 B f:\mirror1\kungfu\skill\liancheng-jian.c --> www1.yn.cninfo.net /mudcctx/mudlib/kungfu/skill liancheng-jian.c
99.03.15 09:56 B f:\mirror1\kungfu\skill\lingboweibu.c --> www1.yn.cninfo.net /mudcctx/mudlib/kungfu/skill lingboweibu.c
99.03.15 09:56 B f:\mirror1\kungfu\skill\lingfa.c --> www1.yn.cninfo.net /mudcctx/mudlib/kungfu/skill lingfa.c
99.03.15 09:56 B f:\mirror1\kungfu\skill\lingjiu-bufa.c --> www1.yn.cninfo.net /mudcctx/mudlib/kungfu/skill lingjiu-bufa.c
99.03.15 10:00 B f:\mirror1\kungfu\skill\lingshe-zhangfa.c --> www1.yn.cninfo.net /mudcctx/mudlib/kungfu/skill lingshe-zhangfa.c
99.03.15 10:00 B f:\mirror1\kungfu\skill\lingxu-bu.c --> www1.yn.cninfo.net /mudcctx/mudlib/kungfu/skill lingxu-bu.c
99.03.15 10:00 B f:\mirror1\kungfu\skill\literate.c --> www1.yn.cninfo.net /mudcctx/mudlib/kungfu/skill literate.c
99.03.15 10:00 B f:\mirror1\kungfu\skill\liumai-shenjian.c --> www1.yn.cninfo.net /mudcctx/mudlib/kungfu/skill liumai-shenjian.c
99.03.15 10:00 B f:\mirror1\kungfu\skill\liuxing-dao.c --> www1.yn.cninfo.net /mudcctx/mudlib/kungfu/skill liuxing-dao.c
99.03.15 10:00 B f:\mirror1\kungfu\skill\liuyang-zhang.c --> www1.yn.cninfo.net /mudcctx/mudlib/kungfu/skill liuyang-zhang.c
99.03.15 10:00 B f:\mirror1\kungfu\skill\lm-guanchong.c --> www1.yn.cninfo.net /mudcctx/mudlib/kungfu/skill lm-guanchong.c
99.03.15 10:00 B f:\mirror1\kungfu\skill\lm-shangyang.c --> www1.yn.cninfo.net /mudcctx/mudlib/kungfu/skill lm-shangyang.c
99.03.15 10:00 B f:\mirror1\kungfu\skill\lm-shaochong.c --> www1.yn.cninfo.net /mudcctx/mudlib/kungfu/skill lm-shaochong.c
99.03.15 10:00 B f:\mirror1\kungfu\skill\lm-shaoshang.c --> www1.yn.cninfo.net /mudcctx/mudlib/kungfu/skill lm-shaoshang.c
99.03.15 10:00 B f:\mirror1\kungfu\skill\lm-shaoze.c --> www1.yn.cninfo.net /mudcctx/mudlib/kungfu/skill lm-shaoze.c
99.03.15 10:00 B f:\mirror1\kungfu\skill\lm-zhongchong.c --> www1.yn.cninfo.net /mudcctx/mudlib/kungfu/skill lm-zhongchong.c
99.03.15 10:00 B f:\mirror1\kungfu\skill\longxiang.c --> www1.yn.cninfo.net /mudcctx/mudlib/kungfu/skill longxiang.c
99.03.15 10:00 B f:\mirror1\kungfu\skill\longzhua-gong.c --> www1.yn.cninfo.net /mudcctx/mudlib/kungfu/skill longzhua-gong.c
99.03.15 10:00 B f:\mirror1\kungfu\skill\luohan-quan.c --> www1.yn.cninfo.net /mudcctx/mudlib/kungfu/skill luohan-quan.c
99.03.15 10:00 B f:\mirror1\kungfu\skill\luoying-shenjian.c --> www1.yn.cninfo.net /mudcctx/mudlib/kungfu/skill luoying-shenjian.c
99.03.15 10:00 B f:\mirror1\kungfu\skill\luoying-zhang.c --> www1.yn.cninfo.net /mudcctx/mudlib/kungfu/skill luoying-zhang.c
99.03.15 10:00 B f:\mirror1\kungfu\skill\mingwang-jian.c --> www1.yn.cninfo.net /mudcctx/mudlib/kungfu/skill mingwang-jian.c
99.03.15 10:00 B f:\mirror1\kungfu\skill\mizong-xinfa.c --> www1.yn.cninfo.net /mudcctx/mudlib/kungfu/skill mizong-xinfa.c
99.03.15 10:00 B f:\mirror1\kungfu\skill\nianhua-zhi.c --> www1.yn.cninfo.net /mudcctx/mudlib/kungfu/skill nianhua-zhi.c
99.03.15 10:00 B f:\mirror1\kungfu\skill\parry.c --> www1.yn.cninfo.net /mudcctx/mudlib/kungfu/skill parry.c
99.03.15 10:00 B f:\mirror1\kungfu\skill\pili-biao.c --> www1.yn.cninfo.net /mudcctx/mudlib/kungfu/skill pili-biao.c
99.03.15 10:00 B f:\mirror1\kungfu\skill\pixie-jian.c --> www1.yn.cninfo.net /mudcctx/mudlib/kungfu/skill pixie-jian.c
99.03.15 10:00 B f:\mirror1\kungfu\skill\poyu-quan.c --> www1.yn.cninfo.net /mudcctx/mudlib/kungfu/skill poyu-quan.c
99.03.15 10:00 B f:\mirror1\kungfu\skill\pudu-zhang.c --> www1.yn.cninfo.net /mudcctx/mudlib/kungfu/skill pudu-zhang.c
99.03.15 10:00 B f:\mirror1\kungfu\skill\qiankundanuoyi.c --> www1.yn.cninfo.net /mudcctx/mudlib/kungfu/skill qiankundanuoyi.c
99.03.15 10:00 B f:\mirror1\kungfu\skill\qianye-shou.c --> www1.yn.cninfo.net /mudcctx/mudlib/kungfu/skill qianye-shou.c
99.03.15 10:00 B f:\mirror1\kungfu\skill\qimen-wuxing.c --> www1.yn.cninfo.net /mudcctx/mudlib/kungfu/skill qimen-wuxing.c
99.03.15 10:00 B f:\mirror1\kungfu\skill\qingdie-shenfa.c --> www1.yn.cninfo.net /mudcctx/mudlib/kungfu/skill qingdie-shenfa.c
99.03.15 10:00 B f:\mirror1\kungfu\skill\qingfu-shenfa.c --> www1.yn.cninfo.net /mudcctx/mudlib/kungfu/skill qingfu-shenfa.c
99.03.15 10:00 B f:\mirror1\kungfu\skill\qishang-quan.c --> www1.yn.cninfo.net /mudcctx/mudlib/kungfu/skill qishang-quan.c
99.03.15 10:00 B f:\mirror1\kungfu\skill\qiufeng-chenfa.c --> www1.yn.cninfo.net /mudcctx/mudlib/kungfu/skill qiufeng-chenfa.c
99.03.15 10:00 B f:\mirror1\kungfu\skill\qiulinshiye.c --> www1.yn.cninfo.net /mudcctx/mudlib/kungfu/skill qiulinshiye.c
99.03.15 10:00 B f:\mirror1\kungfu\skill\quanzhen-jianfa.c --> www1.yn.cninfo.net /mudcctx/mudlib/kungfu/skill quanzhen-jianfa.c
99.03.15 10:00 B f:\mirror1\kungfu\skill\riyue-bian.c --> www1.yn.cninfo.net /mudcctx/mudlib/kungfu/skill riyue-bian.c
99.03.15 10:00 B f:\mirror1\kungfu\skill\riyue-lun.c --> www1.yn.cninfo.net /mudcctx/mudlib/kungfu/skill riyue-lun.c
99.03.15 10:03 B f:\mirror1\kungfu\skill\ruyi-dao.c --> www1.yn.cninfo.net /mudcctx/mudlib/kungfu/skill ruyi-dao.c
99.03.15 10:03 B f:\mirror1\kungfu\skill\sanhua-zhang.c --> www1.yn.cninfo.net /mudcctx/mudlib/kungfu/skill sanhua-zhang.c
99.03.15 10:03 B f:\mirror1\kungfu\skill\sanhuajuding.c --> www1.yn.cninfo.net /mudcctx/mudlib/kungfu/skill sanhuajuding.c
99.03.15 10:03 B f:\mirror1\kungfu\skill\shaolin-shenfa.c --> www1.yn.cninfo.net /mudcctx/mudlib/kungfu/skill shaolin-shenfa.c
99.03.15 10:03 B f:\mirror1\kungfu\skill\shedao-qigong.c --> www1.yn.cninfo.net /mudcctx/mudlib/kungfu/skill shedao-qigong.c
99.03.15 10:03 B f:\mirror1\kungfu\skill\shenghuo-lingfa.c --> www1.yn.cninfo.net /mudcctx/mudlib/kungfu/skill shenghuo-lingfa.c
99.03.15 10:03 B f:\mirror1\kungfu\skill\shenghuo-shengong.c --> www1.yn.cninfo.net /mudcctx/mudlib/kungfu/skill shenghuo-shengong.c
99.03.15 10:03 B f:\mirror1\kungfu\skill\shenghuo-xinfa.c --> www1.yn.cninfo.net /mudcctx/mudlib/kungfu/skill shenghuo-xinfa.c
99.03.15 10:03 B f:\mirror1\kungfu\skill\shenkong-xing.c --> www1.yn.cninfo.net /mudcctx/mudlib/kungfu/skill shenkong-xing.c
99.03.15 10:03 B f:\mirror1\kungfu\skill\shenlong-bashi.c --> www1.yn.cninfo.net /mudcctx/mudlib/kungfu/skill shenlong-bashi.c
99.03.15 10:03 B f:\mirror1\kungfu\skill\shenlong-xinfa.c --> www1.yn.cninfo.net /mudcctx/mudlib/kungfu/skill shenlong-xinfa.c
99.03.15 10:04 B f:\mirror1\kungfu\skill\shenxing-baibian.c --> www1.yn.cninfo.net /mudcctx/mudlib/kungfu/skill shenxing-baibian.c
99.03.15 10:04 B f:\mirror1\kungfu\skill\shenzhao-shengong.c --> www1.yn.cninfo.net /mudcctx/mudlib/kungfu/skill shenzhao-shengong.c
99.03.15 10:04 B f:\mirror1\kungfu\skill\shexing-diaoshou.c --> www1.yn.cninfo.net /mudcctx/mudlib/kungfu/skill shexing-diaoshou.c
99.03.15 10:04 B f:\mirror1\kungfu\skill\sougu.c --> www1.yn.cninfo.net /mudcctx/mudlib/kungfu/skill sougu.c
99.03.15 10:04 B f:\mirror1\kungfu\skill\staff.c --> www1.yn.cninfo.net /mudcctx/mudlib/kungfu/skill staff.c
99.03.15 10:04 B f:\mirror1\kungfu\skill\stealing.c --> www1.yn.cninfo.net /mudcctx/mudlib/kungfu/skill stealing.c
99.03.15 10:04 B f:\mirror1\kungfu\skill\stick.c --> www1.yn.cninfo.net /mudcctx/mudlib/kungfu/skill stick.c
99.03.15 10:04 B f:\mirror1\kungfu\skill\strike.c --> www1.yn.cninfo.net /mudcctx/mudlib/kungfu/skill strike.c
99.03.15 10:04 B f:\mirror1\kungfu\skill\sword.c --> www1.yn.cninfo.net /mudcctx/mudlib/kungfu/skill sword.c
99.03.15 10:04 B f:\mirror1\kungfu\skill\taiji-dao.c --> www1.yn.cninfo.net /mudcctx/mudlib/kungfu/skill taiji-dao.c
99.03.15 10:04 B f:\mirror1\kungfu\skill\taiji-jian.c --> www1.yn.cninfo.net /mudcctx/mudlib/kungfu/skill taiji-jian.c
99.03.15 10:04 B f:\mirror1\kungfu\skill\taiji-quan.c --> www1.yn.cninfo.net /mudcctx/mudlib/kungfu/skill taiji-quan.c
99.03.15 10:04 B f:\mirror1\kungfu\skill\taiji-shengong.c --> www1.yn.cninfo.net /mudcctx/mudlib/kungfu/skill taiji-shengong.c
99.03.15 10:04 B f:\mirror1\kungfu\skill\taizuchangquan.c --> www1.yn.cninfo.net /mudcctx/mudlib/kungfu/skill taizuchangquan.c
99.03.15 10:04 B f:\mirror1\kungfu\skill\tanzhi-shentong.c --> www1.yn.cninfo.net /mudcctx/mudlib/kungfu/skill tanzhi-shentong.c
99.03.15 10:04 B f:\mirror1\kungfu\skill\taoism.c --> www1.yn.cninfo.net /mudcctx/mudlib/kungfu/skill taoism.c
99.03.15 10:04 B f:\mirror1\kungfu\skill\throwing.c --> www1.yn.cninfo.net /mudcctx/mudlib/kungfu/skill throwing.c
99.03.15 10:04 B f:\mirror1\kungfu\skill\tianlong-shengong.c --> www1.yn.cninfo.net /mudcctx/mudlib/kungfu/skill tianlong-shengong.c
99.03.15 10:04 B f:\mirror1\kungfu\skill\tianshan-zhang.c --> www1.yn.cninfo.net /mudcctx/mudlib/kungfu/skill tianshan-zhang.c
99.03.15 10:04 B f:\mirror1\kungfu\skill\tianyu-qijian.c --> www1.yn.cninfo.net /mudcctx/mudlib/kungfu/skill tianyu-qijian.c
99.03.15 10:04 B f:\mirror1\kungfu\skill\tiyunzong.c --> www1.yn.cninfo.net /mudcctx/mudlib/kungfu/skill tiyunzong.c
99.03.15 10:04 B f:\mirror1\kungfu\skill\unarmed.c --> www1.yn.cninfo.net /mudcctx/mudlib/kungfu/skill unarmed.c
99.03.15 10:04 B f:\mirror1\kungfu\skill\weituo-gun.c --> www1.yn.cninfo.net /mudcctx/mudlib/kungfu/skill weituo-gun.c
99.03.15 10:04 B f:\mirror1\kungfu\skill\whip.c --> www1.yn.cninfo.net /mudcctx/mudlib/kungfu/skill whip.c
99.03.15 10:04 B f:\mirror1\kungfu\skill\wuchang-zhang.c --> www1.yn.cninfo.net /mudcctx/mudlib/kungfu/skill wuchang-zhang.c
99.03.15 10:04 B f:\mirror1\kungfu\skill\wudu-bian.c --> www1.yn.cninfo.net /mudcctx/mudlib/kungfu/skill wudu-bian.c
99.03.15 10:04 B f:\mirror1\kungfu\skill\wudu-shengong.c --> www1.yn.cninfo.net /mudcctx/mudlib/kungfu/skill wudu-shengong.c
99.03.15 10:04 B f:\mirror1\kungfu\skill\wudu-xinfa.c --> www1.yn.cninfo.net /mudcctx/mudlib/kungfu/skill wudu-xinfa.c
99.03.15 10:04 B f:\mirror1\kungfu\skill\wudu-zhang.c --> www1.yn.cninfo.net /mudcctx/mudlib/kungfu/skill wudu-zhang.c
99.03.15 10:04 B f:\mirror1\kungfu\skill\wuhu-duanmendao.c --> www1.yn.cninfo.net /mudcctx/mudlib/kungfu/skill wuhu-duanmendao.c
99.03.15 10:04 B f:\mirror1\kungfu\skill\wuying-jian.c --> www1.yn.cninfo.net /mudcctx/mudlib/kungfu/skill wuying-jian.c
99.03.15 10:04 B f:\mirror1\kungfu\skill\wuying-shenquan.c --> www1.yn.cninfo.net /mudcctx/mudlib/kungfu/skill wuying-shenquan.c
99.03.15 10:04 B f:\mirror1\kungfu\skill\wuzhan-mei.c --> www1.yn.cninfo.net /mudcctx/mudlib/kungfu/skill wuzhan-mei.c
99.03.15 10:04 B f:\mirror1\kungfu\skill\xianglong-zhang.c --> www1.yn.cninfo.net /mudcctx/mudlib/kungfu/skill xianglong-zhang.c
99.03.15 10:04 B f:\mirror1\kungfu\skill\xiangmo-chu.c --> www1.yn.cninfo.net /mudcctx/mudlib/kungfu/skill xiangmo-chu.c
99.03.15 10:04 B f:\mirror1\kungfu\skill\xiantian-gong.c --> www1.yn.cninfo.net /mudcctx/mudlib/kungfu/skill xiantian-gong.c
99.03.15 10:04 B f:\mirror1\kungfu\skill\xiaowuxiang.c --> www1.yn.cninfo.net /mudcctx/mudlib/kungfu/skill xiaowuxiang.c
99.03.15 10:04 B f:\mirror1\kungfu\skill\xiaoyao-dao.c --> www1.yn.cninfo.net /mudcctx/mudlib/kungfu/skill xiaoyao-dao.c
99.03.15 10:04 B f:\mirror1\kungfu\skill\xiaoyao-jian.c --> www1.yn.cninfo.net /mudcctx/mudlib/kungfu/skill xiaoyao-jian.c
99.03.15 10:04 B f:\mirror1\kungfu\skill\xiaoyaoyou.c --> www1.yn.cninfo.net /mudcctx/mudlib/kungfu/skill xiaoyaoyou.c
99.03.15 10:04 B f:\mirror1\kungfu\skill\xingxiu-duzhang.c --> www1.yn.cninfo.net /mudcctx/mudlib/kungfu/skill xingxiu-duzhang.c
99.03.15 10:04 B f:\mirror1\kungfu\skill\xiuluo-dao.c --> www1.yn.cninfo.net /mudcctx/mudlib/kungfu/skill xiuluo-dao.c
99.03.15 10:04 B f:\mirror1\kungfu\skill\xue-dao.c --> www1.yn.cninfo.net /mudcctx/mudlib/kungfu/skill xue-dao.c
99.03.15 10:04 B f:\mirror1\kungfu\skill\xuedao-xinfa.c --> www1.yn.cninfo.net /mudcctx/mudlib/kungfu/skill xuedao-xinfa.c
99.03.15 10:04 B f:\mirror1\kungfu\skill\xueying-shenfa.c --> www1.yn.cninfo.net /mudcctx/mudlib/kungfu/skill xueying-shenfa.c
99.03.15 10:04 B f:\mirror1\kungfu\skill\yan-shuangfei.c --> www1.yn.cninfo.net /mudcctx/mudlib/kungfu/skill yan-shuangfei.c
99.03.15 10:04 B f:\mirror1\kungfu\skill\yingzhua-gong.c --> www1.yn.cninfo.net /mudcctx/mudlib/kungfu/skill yingzhua-gong.c
99.03.15 10:04 B f:\mirror1\kungfu\skill\yingzhua-shou.c --> www1.yn.cninfo.net /mudcctx/mudlib/kungfu/skill yingzhua-shou.c
99.03.15 10:04 B f:\mirror1\kungfu\skill\yixingbu.c --> www1.yn.cninfo.net /mudcctx/mudlib/kungfu/skill yixingbu.c
99.03.15 10:04 B f:\mirror1\kungfu\skill\yiyang-zhi.c --> www1.yn.cninfo.net /mudcctx/mudlib/kungfu/skill yiyang-zhi.c
99.03.15 10:04 B f:\mirror1\kungfu\skill\yizhi-chan.c --> www1.yn.cninfo.net /mudcctx/mudlib/kungfu/skill yizhi-chan.c
99.03.15 10:04 B f:\mirror1\kungfu\skill\yueying-wubu.c --> www1.yn.cninfo.net /mudcctx/mudlib/kungfu/skill yueying-wubu.c
99.03.15 10:04 B f:\mirror1\kungfu\skill\yujiamu-quan.c --> www1.yn.cninfo.net /mudcctx/mudlib/kungfu/skill yujiamu-quan.c
99.03.15 10:04 B f:\mirror1\kungfu\skill\yunlong-bian.c --> www1.yn.cninfo.net /mudcctx/mudlib/kungfu/skill yunlong-bian.c
99.03.15 10:04 B f:\mirror1\kungfu\skill\yunlong-jian.c --> www1.yn.cninfo.net /mudcctx/mudlib/kungfu/skill yunlong-jian.c
99.03.15 10:04 B f:\mirror1\kungfu\skill\yunlong-shenfa.c --> www1.yn.cninfo.net /mudcctx/mudlib/kungfu/skill yunlong-shenfa.c
99.03.15 10:04 B f:\mirror1\kungfu\skill\yunlong-shengong.c --> www1.yn.cninfo.net /mudcctx/mudlib/kungfu/skill yunlong-shengong.c
99.03.15 10:04 B f:\mirror1\kungfu\skill\yunlong-shou.c --> www1.yn.cninfo.net /mudcctx/mudlib/kungfu/skill yunlong-shou.c
99.03.15 10:04 B f:\mirror1\kungfu\skill\yunlong-xinfa.c --> www1.yn.cninfo.net /mudcctx/mudlib/kungfu/skill yunlong-xinfa.c
99.03.15 10:04 B f:\mirror1\kungfu\skill\yunlong-zhua.c --> www1.yn.cninfo.net /mudcctx/mudlib/kungfu/skill yunlong-zhua.c
99.03.15 10:04 B f:\mirror1\kungfu\skill\yuxiao-jianfa.c --> www1.yn.cninfo.net /mudcctx/mudlib/kungfu/skill yuxiao-jianfa.c
99.03.15 10:04 B f:\mirror1\kungfu\skill\zhaixinggong.c --> www1.yn.cninfo.net /mudcctx/mudlib/kungfu/skill zhaixinggong.c
99.03.15 10:04 B f:\mirror1\kungfu\skill\zhemei-shou.c --> www1.yn.cninfo.net /mudcctx/mudlib/kungfu/skill zhemei-shou.c
99.03.15 10:04 B f:\mirror1\kungfu\skill\zhengqijue.c --> www1.yn.cninfo.net /mudcctx/mudlib/kungfu/skill zhengqijue.c
99.03.15 10:05 B f:\mirror1\kungfu\skill\zhuihun-biao.c --> www1.yn.cninfo.net /mudcctx/mudlib/kungfu/skill zhuihun-biao.c
99.03.15 10:05 B f:\mirror1\kungfu\skill\zimu-zhen.c --> www1.yn.cninfo.net /mudcctx/mudlib/kungfu/skill zimu-zhen.c
99.03.15 10:05 B f:\mirror1\kungfu\skill\zixia-shengong.c --> www1.yn.cninfo.net /mudcctx/mudlib/kungfu/skill zixia-shengong.c
99.03.15 10:05 B f:\mirror1\kungfu\skill\zui-gun.c --> www1.yn.cninfo.net /mudcctx/mudlib/kungfu/skill zui-gun.c
