99.03.14 12:59 B f:\mirror1\d\city2\andao1.c --> www1.yn.cninfo.net /mudcctx/mudlib/d/city2 andao1.c
99.03.14 12:59 B f:\mirror1\d\city2\andao10.c --> www1.yn.cninfo.net /mudcctx/mudlib/d/city2 andao10.c
99.03.14 12:59 B f:\mirror1\d\city2\andao2.c --> www1.yn.cninfo.net /mudcctx/mudlib/d/city2 andao2.c
99.03.14 12:59 B f:\mirror1\d\city2\andao3.c --> www1.yn.cninfo.net /mudcctx/mudlib/d/city2 andao3.c
99.03.14 12:59 B f:\mirror1\d\city2\andao4.c --> www1.yn.cninfo.net /mudcctx/mudlib/d/city2 andao4.c
99.03.14 12:59 B f:\mirror1\d\city2\andao5.c --> www1.yn.cninfo.net /mudcctx/mudlib/d/city2 andao5.c
99.03.14 12:59 B f:\mirror1\d\city2\andao6.c --> www1.yn.cninfo.net /mudcctx/mudlib/d/city2 andao6.c
99.03.14 12:59 B f:\mirror1\d\city2\andao7.c --> www1.yn.cninfo.net /mudcctx/mudlib/d/city2 andao7.c
99.03.14 12:59 B f:\mirror1\d\city2\andao8.c --> www1.yn.cninfo.net /mudcctx/mudlib/d/city2 andao8.c
99.03.14 12:59 B f:\mirror1\d\city2\andao9.c --> www1.yn.cninfo.net /mudcctx/mudlib/d/city2 andao9.c
99.03.14 12:59 B f:\mirror1\d\city2\aobai10.c --> www1.yn.cninfo.net /mudcctx/mudlib/d/city2 aobai10.c
99.03.14 12:59 B f:\mirror1\d\city2\aobai11.c --> www1.yn.cninfo.net /mudcctx/mudlib/d/city2 aobai11.c
99.03.14 12:59 B f:\mirror1\d\city2\aobai12.c --> www1.yn.cninfo.net /mudcctx/mudlib/d/city2 aobai12.c
99.03.14 12:59 B f:\mirror1\d\city2\aobai2.c --> www1.yn.cninfo.net /mudcctx/mudlib/d/city2 aobai2.c
99.03.14 12:59 B f:\mirror1\d\city2\aobai3.c --> www1.yn.cninfo.net /mudcctx/mudlib/d/city2 aobai3.c
99.03.14 12:59 B f:\mirror1\d\city2\aobai4.c --> www1.yn.cninfo.net /mudcctx/mudlib/d/city2 aobai4.c
99.03.14 12:59 B f:\mirror1\d\city2\aobai5.c --> www1.yn.cninfo.net /mudcctx/mudlib/d/city2 aobai5.c
99.03.14 12:59 B f:\mirror1\d\city2\aobai6.c --> www1.yn.cninfo.net /mudcctx/mudlib/d/city2 aobai6.c
99.03.14 12:59 B f:\mirror1\d\city2\aobai7.c --> www1.yn.cninfo.net /mudcctx/mudlib/d/city2 aobai7.c
99.03.14 12:59 B f:\mirror1\d\city2\aobai8.c --> www1.yn.cninfo.net /mudcctx/mudlib/d/city2 aobai8.c
99.03.14 12:59 B f:\mirror1\d\city2\aobai9.c --> www1.yn.cninfo.net /mudcctx/mudlib/d/city2 aobai9.c
99.03.14 12:59 B f:\mirror1\d\city2\baozipu.c --> www1.yn.cninfo.net /mudcctx/mudlib/d/city2 baozipu.c
99.03.14 12:59 B f:\mirror1\d\city2\beigc.c --> www1.yn.cninfo.net /mudcctx/mudlib/d/city2 beigc.c
99.03.14 12:59 B f:\mirror1\d\city2\beiguangchang.c --> www1.yn.cninfo.net /mudcctx/mudlib/d/city2 beiguangchang.c
99.03.14 12:59 B f:\mirror1\d\city2\beijc.c --> www1.yn.cninfo.net /mudcctx/mudlib/d/city2 beijc.c
99.03.14 12:59 B f:\mirror1\d\city2\beiroad1.c --> www1.yn.cninfo.net /mudcctx/mudlib/d/city2 beiroad1.c
99.03.14 12:59 B f:\mirror1\d\city2\beiroad2.c --> www1.yn.cninfo.net /mudcctx/mudlib/d/city2 beiroad2.c
99.03.14 12:59 B f:\mirror1\d\city2\bingbu.c --> www1.yn.cninfo.net /mudcctx/mudlib/d/city2 bingbu.c
99.03.14 12:59 B f:\mirror1\d\city2\bingbu1.c --> www1.yn.cninfo.net /mudcctx/mudlib/d/city2 bingbu1.c
99.03.14 13:02 B f:\mirror1\d\city2\bingqiku.c --> www1.yn.cninfo.net /mudcctx/mudlib/d/city2 bingqiku.c
99.03.14 13:02 B f:\mirror1\d\city2\bingyin.c --> www1.yn.cninfo.net /mudcctx/mudlib/d/city2 bingyin.c
99.03.14 13:02 B f:\mirror1\d\city2\bpmen.c --> www1.yn.cninfo.net /mudcctx/mudlib/d/city2 bpmen.c
99.03.14 13:02 B f:\mirror1\d\city2\bpmenup.c --> www1.yn.cninfo.net /mudcctx/mudlib/d/city2 bpmenup.c
99.03.14 13:02 B f:\mirror1\d\city2\buzhuang.c --> www1.yn.cninfo.net /mudcctx/mudlib/d/city2 buzhuang.c
99.03.14 13:02 B f:\mirror1\d\city2\caifengp.c --> www1.yn.cninfo.net /mudcctx/mudlib/d/city2 caifengp.c
99.03.14 13:02 B f:\mirror1\d\city2\center.c --> www1.yn.cninfo.net /mudcctx/mudlib/d/city2 center.c
99.03.14 13:02 B f:\mirror1\d\city2\ceting.c --> www1.yn.cninfo.net /mudcctx/mudlib/d/city2 ceting.c
99.03.14 13:02 B f:\mirror1\d\city2\ceting1.c --> www1.yn.cninfo.net /mudcctx/mudlib/d/city2 ceting1.c
99.03.14 13:02 B f:\mirror1\d\city2\chengshou.c --> www1.yn.cninfo.net /mudcctx/mudlib/d/city2 chengshou.c
99.03.14 13:02 B f:\mirror1\d\city2\dafosi.c --> www1.yn.cninfo.net /mudcctx/mudlib/d/city2 dafosi.c
99.03.14 13:02 B f:\mirror1\d\city2\dangpu.c --> www1.yn.cninfo.net /mudcctx/mudlib/d/city2 dangpu.c
99.03.14 13:02 B f:\mirror1\d\city2\datiepu.c --> www1.yn.cninfo.net /mudcctx/mudlib/d/city2 datiepu.c
99.03.14 13:02 B f:\mirror1\d\city2\dating.c --> www1.yn.cninfo.net /mudcctx/mudlib/d/city2 dating.c
99.03.14 13:02 B f:\mirror1\d\city2\dongchengmen.c --> www1.yn.cninfo.net /mudcctx/mudlib/d/city2 dongchengmen.c
99.03.14 13:02 B f:\mirror1\d\city2\dongdajie.c --> www1.yn.cninfo.net /mudcctx/mudlib/d/city2 dongdajie.c
99.03.14 13:02 B f:\mirror1\d\city2\dongdajie1.c --> www1.yn.cninfo.net /mudcctx/mudlib/d/city2 dongdajie1.c
99.03.14 13:02 B f:\mirror1\d\city2\dongdajie2.c --> www1.yn.cninfo.net /mudcctx/mudlib/d/city2 dongdajie2.c
99.03.14 13:02 B f:\mirror1\d\city2\dongdajie3.c --> www1.yn.cninfo.net /mudcctx/mudlib/d/city2 dongdajie3.c
99.03.14 13:02 B f:\mirror1\d\city2\donggc.c --> www1.yn.cninfo.net /mudcctx/mudlib/d/city2 donggc.c
99.03.14 13:03 B f:\mirror1\d\city2\donghuamen.c --> www1.yn.cninfo.net /mudcctx/mudlib/d/city2 donghuamen.c
99.03.14 13:03 B f:\mirror1\d\city2\dzsi.c --> www1.yn.cninfo.net /mudcctx/mudlib/d/city2 dzsi.c
99.03.14 13:03 B f:\mirror1\d\city2\eguangchang.c --> www1.yn.cninfo.net /mudcctx/mudlib/d/city2 eguangchang.c
99.03.14 13:03 B f:\mirror1\d\city2\enroad1.c --> www1.yn.cninfo.net /mudcctx/mudlib/d/city2 enroad1.c
99.03.14 13:03 B f:\mirror1\d\city2\enroad2.c --> www1.yn.cninfo.net /mudcctx/mudlib/d/city2 enroad2.c
99.03.14 13:03 B f:\mirror1\d\city2\enroad3.c --> www1.yn.cninfo.net /mudcctx/mudlib/d/city2 enroad3.c
99.03.14 13:03 B f:\mirror1\d\city2\fota.c --> www1.yn.cninfo.net /mudcctx/mudlib/d/city2 fota.c
99.03.14 13:03 B f:\mirror1\d\city2\fotang.c --> www1.yn.cninfo.net /mudcctx/mudlib/d/city2 fotang.c
99.03.14 13:03 B f:\mirror1\d\city2\gongbu.c --> www1.yn.cninfo.net /mudcctx/mudlib/d/city2 gongbu.c
99.03.14 13:03 B f:\mirror1\d\city2\gongbu1.c --> www1.yn.cninfo.net /mudcctx/mudlib/d/city2 gongbu1.c
99.03.14 13:03 B f:\mirror1\d\city2\guancai2.c --> www1.yn.cninfo.net /mudcctx/mudlib/d/city2 guancai2.c
99.03.14 13:03 B f:\mirror1\d\city2\guancaipu.c --> www1.yn.cninfo.net /mudcctx/mudlib/d/city2 guancaipu.c
99.03.14 13:03 B f:\mirror1\d\city2\gugong.c --> www1.yn.cninfo.net /mudcctx/mudlib/d/city2 gugong.c
99.03.14 13:03 B f:\mirror1\d\city2\guoyuan.c --> www1.yn.cninfo.net /mudcctx/mudlib/d/city2 guoyuan.c
99.03.14 13:03 B f:\mirror1\d\city2\guyizai.c --> www1.yn.cninfo.net /mudcctx/mudlib/d/city2 guyizai.c
99.03.14 13:03 B f:\mirror1\d\city2\hanlin.c --> www1.yn.cninfo.net /mudcctx/mudlib/d/city2 hanlin.c
99.03.14 13:03 B f:\mirror1\d\city2\hanlin2.c --> www1.yn.cninfo.net /mudcctx/mudlib/d/city2 hanlin2.c
99.03.14 13:03 B f:\mirror1\d\city2\hspaidang.c --> www1.yn.cninfo.net /mudcctx/mudlib/d/city2 hspaidang.c
99.03.14 13:03 B f:\mirror1\d\city2\huayuan.c --> www1.yn.cninfo.net /mudcctx/mudlib/d/city2 huayuan.c
99.03.14 13:03 B f:\mirror1\d\city2\hubu.c --> www1.yn.cninfo.net /mudcctx/mudlib/d/city2 hubu.c
99.03.14 13:03 B f:\mirror1\d\city2\hubu1.c --> www1.yn.cninfo.net /mudcctx/mudlib/d/city2 hubu1.c
99.03.14 13:03 B f:\mirror1\d\city2\huichunt.c --> www1.yn.cninfo.net /mudcctx/mudlib/d/city2 huichunt.c
99.03.14 13:03 B f:\mirror1\d\city2\jimaogc.c --> www1.yn.cninfo.net /mudcctx/mudlib/d/city2 jimaogc.c
99.03.14 13:03 B f:\mirror1\d\city2\jingdongjie1.c --> www1.yn.cninfo.net /mudcctx/mudlib/d/city2 jingdongjie1.c
99.03.14 13:03 B f:\mirror1\d\city2\jingdongjie2.c --> www1.yn.cninfo.net /mudcctx/mudlib/d/city2 jingdongjie2.c
99.03.14 13:03 B f:\mirror1\d\city2\jingdongjie3.c --> www1.yn.cninfo.net /mudcctx/mudlib/d/city2 jingdongjie3.c
99.03.14 13:03 B f:\mirror1\d\city2\jinyiwei.c --> www1.yn.cninfo.net /mudcctx/mudlib/d/city2 jinyiwei.c
99.03.14 13:03 B f:\mirror1\d\city2\jinyiwei2.c --> www1.yn.cninfo.net /mudcctx/mudlib/d/city2 jinyiwei2.c
99.03.14 13:03 B f:\mirror1\d\city2\jiulou1.c --> www1.yn.cninfo.net /mudcctx/mudlib/d/city2 jiulou1.c
99.03.14 13:03 B f:\mirror1\d\city2\jiulou2.c --> www1.yn.cninfo.net /mudcctx/mudlib/d/city2 jiulou2.c
99.03.14 13:03 B f:\mirror1\d\city2\jiuxianq.c --> www1.yn.cninfo.net /mudcctx/mudlib/d/city2 jiuxianq.c
99.03.14 13:03 B f:\mirror1\d\city2\jxdajie1.c --> www1.yn.cninfo.net /mudcctx/mudlib/d/city2 jxdajie1.c
99.03.14 13:03 B f:\mirror1\d\city2\jxdajie2.c --> www1.yn.cninfo.net /mudcctx/mudlib/d/city2 jxdajie2.c
99.03.14 13:03 B f:\mirror1\d\city2\jxdajie3.c --> www1.yn.cninfo.net /mudcctx/mudlib/d/city2 jxdajie3.c
99.03.14 13:03 B f:\mirror1\d\city2\kang1.c --> www1.yn.cninfo.net /mudcctx/mudlib/d/city2 kang1.c
99.03.14 13:03 B f:\mirror1\d\city2\kang2.c --> www1.yn.cninfo.net /mudcctx/mudlib/d/city2 kang2.c
99.03.14 13:03 B f:\mirror1\d\city2\kang3.c --> www1.yn.cninfo.net /mudcctx/mudlib/d/city2 kang3.c
99.03.14 13:03 B f:\mirror1\d\city2\kedian1.c --> www1.yn.cninfo.net /mudcctx/mudlib/d/city2 kedian1.c
99.03.14 13:03 B f:\mirror1\d\city2\kedian2.c --> www1.yn.cninfo.net /mudcctx/mudlib/d/city2 kedian2.c
99.03.14 13:03 B f:\mirror1\d\city2\kedian3.c --> www1.yn.cninfo.net /mudcctx/mudlib/d/city2 kedian3.c
99.03.14 13:03 B f:\mirror1\d\city2\kedian4.c --> www1.yn.cninfo.net /mudcctx/mudlib/d/city2 kedian4.c
99.03.14 13:03 B f:\mirror1\d\city2\kedianup.c --> www1.yn.cninfo.net /mudcctx/mudlib/d/city2 kedianup.c
99.03.14 13:03 B f:\mirror1\d\city2\libu.c --> www1.yn.cninfo.net /mudcctx/mudlib/d/city2 libu.c
99.03.14 13:03 B f:\mirror1\d\city2\libu1.c --> www1.yn.cninfo.net /mudcctx/mudlib/d/city2 libu1.c
99.03.14 13:03 B f:\mirror1\d\city2\luding.c --> www1.yn.cninfo.net /mudcctx/mudlib/d/city2 luding.c
99.03.14 13:03 B f:\mirror1\d\city2\luding2.c --> www1.yn.cninfo.net /mudcctx/mudlib/d/city2 luding2.c
99.03.14 13:03 B f:\mirror1\d\city2\mapeng.c --> www1.yn.cninfo.net /mudcctx/mudlib/d/city2 mapeng.c
99.03.14 13:03 B f:\mirror1\d\city2\nanjc.c --> www1.yn.cninfo.net /mudcctx/mudlib/d/city2 nanjc.c
99.03.14 13:03 B f:\mirror1\d\city2\nanmen.c --> www1.yn.cninfo.net /mudcctx/mudlib/d/city2 nanmen.c
99.03.14 13:03 B f:\mirror1\d\city2\nanmendajie1.c --> www1.yn.cninfo.net /mudcctx/mudlib/d/city2 nanmendajie1.c
99.03.14 13:03 B f:\mirror1\d\city2\nanmendajie2.c --> www1.yn.cninfo.net /mudcctx/mudlib/d/city2 nanmendajie2.c
99.03.14 13:03 B f:\mirror1\d\city2\neitang.c --> www1.yn.cninfo.net /mudcctx/mudlib/d/city2 neitang.c
99.03.14 13:03 B f:\mirror1\d\city2\nibu.c --> www1.yn.cninfo.net /mudcctx/mudlib/d/city2 nibu.c
99.03.14 13:03 B f:\mirror1\d\city2\nibu1..txt --> www1.yn.cninfo.net /mudcctx/mudlib/d/city2 nibu1..txt
99.03.14 13:03 B f:\mirror1\d\city2\nibu1.c --> www1.yn.cninfo.net /mudcctx/mudlib/d/city2 nibu1.c
99.03.14 13:03 B f:\mirror1\d\city2\nmdajie1.c --> www1.yn.cninfo.net /mudcctx/mudlib/d/city2 nmdajie1.c
99.03.14 13:03 B f:\mirror1\d\city2\nmdajie2.c --> www1.yn.cninfo.net /mudcctx/mudlib/d/city2 nmdajie2.c
99.03.14 13:03 B f:\mirror1\d\city2\nmguangchang.c --> www1.yn.cninfo.net /mudcctx/mudlib/d/city2 nmguangchang.c
99.03.14 13:03 B f:\mirror1\d\city2\nroad1.c --> www1.yn.cninfo.net /mudcctx/mudlib/d/city2 nroad1.c
99.03.14 13:03 B f:\mirror1\d\city2\qianzhuang.c --> www1.yn.cninfo.net /mudcctx/mudlib/d/city2 qianzhuang.c
99.03.14 13:03 B f:\mirror1\d\city2\qisheng.c --> www1.yn.cninfo.net /mudcctx/mudlib/d/city2 qisheng.c
99.03.14 13:03 B f:\mirror1\d\city2\qmtdamen.c --> www1.yn.cninfo.net /mudcctx/mudlib/d/city2 qmtdamen.c
99.03.14 13:03 B f:\mirror1\d\city2\road1.c --> www1.yn.cninfo.net /mudcctx/mudlib/d/city2 road1.c
99.03.14 13:03 B f:\mirror1\d\city2\road10.c --> www1.yn.cninfo.net /mudcctx/mudlib/d/city2 road10.c
99.03.14 13:03 B f:\mirror1\d\city2\road2.c --> www1.yn.cninfo.net /mudcctx/mudlib/d/city2 road2.c
99.03.14 13:03 B f:\mirror1\d\city2\shanghui.c --> www1.yn.cninfo.net /mudcctx/mudlib/d/city2 shanghui.c
99.03.14 13:03 B f:\mirror1\d\city2\shenwu.c --> www1.yn.cninfo.net /mudcctx/mudlib/d/city2 shenwu.c
99.03.14 13:03 B f:\mirror1\d\city2\shufang.c --> www1.yn.cninfo.net /mudcctx/mudlib/d/city2 shufang.c
99.03.14 13:03 B f:\mirror1\d\city2\siliju.c --> www1.yn.cninfo.net /mudcctx/mudlib/d/city2 siliju.c
99.03.14 13:03 B f:\mirror1\d\city2\sroad1.c --> www1.yn.cninfo.net /mudcctx/mudlib/d/city2 sroad1.c
99.03.14 13:03 B f:\mirror1\d\city2\sroad2.c --> www1.yn.cninfo.net /mudcctx/mudlib/d/city2 sroad2.c
99.03.14 13:03 B f:\mirror1\d\city2\sroad3.c --> www1.yn.cninfo.net /mudcctx/mudlib/d/city2 sroad3.c
99.03.14 13:03 B f:\mirror1\d\city2\stfu.c --> www1.yn.cninfo.net /mudcctx/mudlib/d/city2 stfu.c
99.03.14 13:03 B f:\mirror1\d\city2\ta1.c --> www1.yn.cninfo.net /mudcctx/mudlib/d/city2 ta1.c
99.03.14 13:03 B f:\mirror1\d\city2\tearoom.c --> www1.yn.cninfo.net /mudcctx/mudlib/d/city2 tearoom.c
99.03.14 13:03 B f:\mirror1\d\city2\tiantan.c --> www1.yn.cninfo.net /mudcctx/mudlib/d/city2 tiantan.c
99.03.14 13:03 B f:\mirror1\d\city2\ttenter.c --> www1.yn.cninfo.net /mudcctx/mudlib/d/city2 ttenter.c
99.03.14 13:03 B f:\mirror1\d\city2\tuzai.c --> www1.yn.cninfo.net /mudcctx/mudlib/d/city2 tuzai.c
99.03.14 13:03 B f:\mirror1\d\city2\wckedian.c --> www1.yn.cninfo.net /mudcctx/mudlib/d/city2 wckedian.c
99.03.14 13:03 B f:\mirror1\d\city2\wroad1.c --> www1.yn.cninfo.net /mudcctx/mudlib/d/city2 wroad1.c
99.03.14 13:03 B f:\mirror1\d\city2\wroad2.c --> www1.yn.cninfo.net /mudcctx/mudlib/d/city2 wroad2.c
99.03.14 13:03 B f:\mirror1\d\city2\wroad3.c --> www1.yn.cninfo.net /mudcctx/mudlib/d/city2 wroad3.c
99.03.14 13:03 B f:\mirror1\d\city2\wroad4.c --> www1.yn.cninfo.net /mudcctx/mudlib/d/city2 wroad4.c
99.03.14 13:03 B f:\mirror1\d\city2\wuchang.c --> www1.yn.cninfo.net /mudcctx/mudlib/d/city2 wuchang.c
99.03.14 13:03 B f:\mirror1\d\city2\wumen.c --> www1.yn.cninfo.net /mudcctx/mudlib/d/city2 wumen.c
99.03.14 13:03 B f:\mirror1\d\city2\wuqiku.c --> www1.yn.cninfo.net /mudcctx/mudlib/d/city2 wuqiku.c
99.03.14 13:03 B f:\mirror1\d\city2\xbstreet1.c --> www1.yn.cninfo.net /mudcctx/mudlib/d/city2 xbstreet1.c
99.03.14 13:03 B f:\mirror1\d\city2\xbstreet2.c --> www1.yn.cninfo.net /mudcctx/mudlib/d/city2 xbstreet2.c
99.03.14 13:03 B f:\mirror1\d\city2\xbstreet3.c --> www1.yn.cninfo.net /mudcctx/mudlib/d/city2 xbstreet3.c
99.03.14 13:03 B f:\mirror1\d\city2\xcjiulou1.c --> www1.yn.cninfo.net /mudcctx/mudlib/d/city2 xcjiulou1.c
99.03.14 13:03 B f:\mirror1\d\city2\xcjiulou2.c --> www1.yn.cninfo.net /mudcctx/mudlib/d/city2 xcjiulou2.c
99.03.14 13:03 B f:\mirror1\d\city2\xiaochidian.c --> www1.yn.cninfo.net /mudcctx/mudlib/d/city2 xiaochidian.c
99.03.14 13:03 B f:\mirror1\d\city2\xiaoerb.c --> www1.yn.cninfo.net /mudcctx/mudlib/d/city2 xiaoerb.c
99.03.14 13:03 B f:\mirror1\d\city2\xidajie.c --> www1.yn.cninfo.net /mudcctx/mudlib/d/city2 xidajie.c
99.03.14 13:03 B f:\mirror1\d\city2\xidajie2.c --> www1.yn.cninfo.net /mudcctx/mudlib/d/city2 xidajie2.c
99.03.14 13:03 B f:\mirror1\d\city2\xidajie3.c --> www1.yn.cninfo.net /mudcctx/mudlib/d/city2 xidajie3.c
99.03.14 13:03 B f:\mirror1\d\city2\xiguangchang.c --> www1.yn.cninfo.net /mudcctx/mudlib/d/city2 xiguangchang.c
99.03.14 13:03 B f:\mirror1\d\city2\xihuamen.c --> www1.yn.cninfo.net /mudcctx/mudlib/d/city2 xihuamen.c
99.03.14 13:03 B f:\mirror1\d\city2\ximen.c --> www1.yn.cninfo.net /mudcctx/mudlib/d/city2 ximen.c
99.03.14 13:03 B f:\mirror1\d\city2\xingbu.c --> www1.yn.cninfo.net /mudcctx/mudlib/d/city2 xingbu.c
99.03.14 13:03 B f:\mirror1\d\city2\xingbu1.c --> www1.yn.cninfo.net /mudcctx/mudlib/d/city2 xingbu1.c
99.03.14 13:03 B f:\mirror1\d\city2\yixiangyuan.c --> www1.yn.cninfo.net /mudcctx/mudlib/d/city2 yixiangyuan.c
99.03.14 13:03 B f:\mirror1\d\city2\yuanmen.c --> www1.yn.cninfo.net /mudcctx/mudlib/d/city2 yuanmen.c
99.03.14 13:03 B f:\mirror1\d\city2\yuyuantan.c --> www1.yn.cninfo.net /mudcctx/mudlib/d/city2 yuyuantan.c
99.03.14 13:03 B f:\mirror1\d\city2\yuzhenfang.c --> www1.yn.cninfo.net /mudcctx/mudlib/d/city2 yuzhenfang.c
99.03.14 13:03 B f:\mirror1\d\city2\zhuang1.c --> www1.yn.cninfo.net /mudcctx/mudlib/d/city2 zhuang1.c
99.03.14 13:03 B f:\mirror1\d\city2\zhuang2.c --> www1.yn.cninfo.net /mudcctx/mudlib/d/city2 zhuang2.c
99.03.14 13:03 B f:\mirror1\d\city2\zhuang3.c --> www1.yn.cninfo.net /mudcctx/mudlib/d/city2 zhuang3.c
99.03.14 13:03 B f:\mirror1\d\city2\zhuang4.c --> www1.yn.cninfo.net /mudcctx/mudlib/d/city2 zhuang4.c
99.03.14 13:03 B f:\mirror1\d\city2\zhuang5.c --> www1.yn.cninfo.net /mudcctx/mudlib/d/city2 zhuang5.c
99.03.14 13:03 B f:\mirror1\d\city2\zhuang6.c --> www1.yn.cninfo.net /mudcctx/mudlib/d/city2 zhuang6.c
99.03.14 13:03 B f:\mirror1\d\city2\zhuang7.c --> www1.yn.cninfo.net /mudcctx/mudlib/d/city2 zhuang7.c
99.03.14 13:03 B f:\mirror1\d\city2\zhuang8.c --> www1.yn.cninfo.net /mudcctx/mudlib/d/city2 zhuang8.c
99.03.14 13:03 B f:\mirror1\d\city2\zhuang9.c --> www1.yn.cninfo.net /mudcctx/mudlib/d/city2 zhuang9.c
99.03.14 13:03 B f:\mirror1\d\city2\zhuyuan.c --> www1.yn.cninfo.net /mudcctx/mudlib/d/city2 zhuyuan.c
99.03.14 13:03 B f:\mirror1\d\city2\zongfu.c --> www1.yn.cninfo.net /mudcctx/mudlib/d/city2 zongfu.c
99.03.15 19:43 B f:\mirror1\d\city2\jiulou2.c --> www1.yn.cninfo.net /mudlab/mudlib/d/city2 jiulou2.c
99.03.15 19:43 B f:\mirror1\d\city2\xcjiulou2.c --> www1.yn.cninfo.net /mudlab/mudlib/d/city2 xcjiulou2.c
