2003.06.15 10:26 B F:\login\y\yagami.o <-- www.vmud.com /lonely/mudlib/data/login/y yagami.o
2003.06.15 10:26 B F:\login\y\yamaki.o <-- www.vmud.com /lonely/mudlib/data/login/y yamaki.o
2003.06.15 10:26 B F:\login\y\yamato.o <-- www.vmud.com /lonely/mudlib/data/login/y yamato.o
2003.06.15 10:26 B F:\login\y\yangjun.o <-- www.vmud.com /lonely/mudlib/data/login/y yangjun.o
2003.06.15 10:26 B F:\login\y\yanyu.o <-- www.vmud.com /lonely/mudlib/data/login/y yanyu.o
2003.06.15 10:26 B F:\login\y\yao.o <-- www.vmud.com /lonely/mudlib/data/login/y yao.o
2003.06.15 10:26 B F:\login\y\yaoer.o <-- www.vmud.com /lonely/mudlib/data/login/y yaoer.o
2003.06.15 10:26 B F:\login\y\yaolinke.o <-- www.vmud.com /lonely/mudlib/data/login/y yaolinke.o
2003.06.15 10:26 B F:\login\y\ycsf.o <-- www.vmud.com /lonely/mudlib/data/login/y ycsf.o
2003.06.15 10:26 B F:\login\y\ydd.o <-- www.vmud.com /lonely/mudlib/data/login/y ydd.o
2003.06.15 10:26 B F:\login\y\ydfq.o <-- www.vmud.com /lonely/mudlib/data/login/y ydfq.o
2003.06.15 10:26 B F:\login\y\yeah.o <-- www.vmud.com /lonely/mudlib/data/login/y yeah.o
2003.06.15 10:26 B F:\login\y\yes.o <-- www.vmud.com /lonely/mudlib/data/login/y yes.o
2003.06.15 10:26 B F:\login\y\yhq.o <-- www.vmud.com /lonely/mudlib/data/login/y yhq.o
2003.06.15 10:26 B F:\login\y\yida.o <-- www.vmud.com /lonely/mudlib/data/login/y yida.o
2003.06.15 10:26 B F:\login\y\yiner.o <-- www.vmud.com /lonely/mudlib/data/login/y yiner.o
2003.06.15 10:26 B F:\login\y\yinhusi.o <-- www.vmud.com /lonely/mudlib/data/login/y yinhusi.o
2003.06.15 10:26 B F:\login\y\yinxian.o <-- www.vmud.com /lonely/mudlib/data/login/y yinxian.o
2003.06.15 10:26 B F:\login\y\yling.o <-- www.vmud.com /lonely/mudlib/data/login/y yling.o
2003.06.15 10:26 B F:\login\y\ymmm.o <-- www.vmud.com /lonely/mudlib/data/login/y ymmm.o
2003.06.15 10:26 B F:\login\y\youhua.o <-- www.vmud.com /lonely/mudlib/data/login/y youhua.o
2003.06.15 10:26 B F:\login\y\youran.o <-- www.vmud.com /lonely/mudlib/data/login/y youran.o
2003.06.15 10:26 B F:\login\y\yrl.o <-- www.vmud.com /lonely/mudlib/data/login/y yrl.o
2003.06.15 10:26 B F:\login\y\yuanlu.o <-- www.vmud.com /lonely/mudlib/data/login/y yuanlu.o
2003.06.15 10:26 B F:\login\y\yueyaer.o <-- www.vmud.com /lonely/mudlib/data/login/y yueyaer.o
2003.06.15 10:26 B F:\login\y\yuna.o <-- www.vmud.com /lonely/mudlib/data/login/y yuna.o
2003.06.15 10:26 B F:\login\y\yunlong.o <-- www.vmud.com /lonely/mudlib/data/login/y yunlong.o
2003.06.15 10:26 B F:\login\y\yuxiao.o <-- www.vmud.com /lonely/mudlib/data/login/y yuxiao.o
2003.06.15 10:26 B F:\login\y\yvette.o <-- www.vmud.com /lonely/mudlib/data/login/y yvette.o
2003.06.15 10:26 B F:\login\y\yzf.o <-- www.vmud.com /lonely/mudlib/data/login/y yzf.o
2003.06.15 10:26 B F:\login\y\yzhang.o <-- www.vmud.com /lonely/mudlib/data/login/y yzhang.o
