99.03.14 12:41 B f:\mirror1\d\baituo\bridge.c --> www1.yn.cninfo.net /mudcctx/mudlib/d/baituo bridge.c
99.03.14 12:41 B f:\mirror1\d\baituo\cao1.c --> www1.yn.cninfo.net /mudcctx/mudlib/d/baituo cao1.c
99.03.14 12:41 B f:\mirror1\d\baituo\cao2.c --> www1.yn.cninfo.net /mudcctx/mudlib/d/baituo cao2.c
99.03.14 12:41 B f:\mirror1\d\baituo\caomeide.c --> www1.yn.cninfo.net /mudcctx/mudlib/d/baituo caomeide.c
99.03.14 12:41 B f:\mirror1\d\baituo\caoping.c --> www1.yn.cninfo.net /mudcctx/mudlib/d/baituo caoping.c
99.03.14 12:41 B f:\mirror1\d\baituo\cave.c --> www1.yn.cninfo.net /mudcctx/mudlib/d/baituo cave.c
99.03.14 12:41 B f:\mirror1\d\baituo\cave1.c --> www1.yn.cninfo.net /mudcctx/mudlib/d/baituo cave1.c
99.03.14 12:41 B f:\mirror1\d\baituo\cedong.c --> www1.yn.cninfo.net /mudcctx/mudlib/d/baituo cedong.c
99.03.14 12:41 B f:\mirror1\d\baituo\chaifang.c --> www1.yn.cninfo.net /mudcctx/mudlib/d/baituo chaifang.c
99.03.14 12:41 B f:\mirror1\d\baituo\changlang.c --> www1.yn.cninfo.net /mudcctx/mudlib/d/baituo changlang.c
99.03.14 12:41 B f:\mirror1\d\baituo\chufang.c --> www1.yn.cninfo.net /mudcctx/mudlib/d/baituo chufang.c
99.03.14 12:41 B f:\mirror1\d\baituo\damen.c --> www1.yn.cninfo.net /mudcctx/mudlib/d/baituo damen.c
99.03.14 12:41 B f:\mirror1\d\baituo\datiepu.c --> www1.yn.cninfo.net /mudcctx/mudlib/d/baituo datiepu.c
99.03.14 12:41 B f:\mirror1\d\baituo\dating.c --> www1.yn.cninfo.net /mudcctx/mudlib/d/baituo dating.c
99.03.14 12:41 B f:\mirror1\d\baituo\dongjie.c --> www1.yn.cninfo.net /mudcctx/mudlib/d/baituo dongjie.c
99.03.14 12:41 B f:\mirror1\d\baituo\dongkou.c --> www1.yn.cninfo.net /mudcctx/mudlib/d/baituo dongkou.c
99.03.14 12:41 B f:\mirror1\d\baituo\dongnei.c --> www1.yn.cninfo.net /mudcctx/mudlib/d/baituo dongnei.c
99.03.14 12:41 B f:\mirror1\d\baituo\fang.c --> www1.yn.cninfo.net /mudcctx/mudlib/d/baituo fang.c
99.03.14 12:41 B f:\mirror1\d\baituo\fende.c --> www1.yn.cninfo.net /mudcctx/mudlib/d/baituo fende.c
99.03.14 12:41 B f:\mirror1\d\baituo\gebi.c --> www1.yn.cninfo.net /mudcctx/mudlib/d/baituo gebi.c
99.03.14 12:41 B f:\mirror1\d\baituo\guangchang.c --> www1.yn.cninfo.net /mudcctx/mudlib/d/baituo guangchang.c
99.03.14 12:41 B f:\mirror1\d\baituo\houmen.c --> www1.yn.cninfo.net /mudcctx/mudlib/d/baituo houmen.c
99.03.14 12:41 B f:\mirror1\d\baituo\houyuan.c --> www1.yn.cninfo.net /mudcctx/mudlib/d/baituo houyuan.c
99.03.14 12:41 B f:\mirror1\d\baituo\huayuan.c --> www1.yn.cninfo.net /mudcctx/mudlib/d/baituo huayuan.c
99.03.14 12:41 B f:\mirror1\d\baituo\jiudian.c --> www1.yn.cninfo.net /mudcctx/mudlib/d/baituo jiudian.c
99.03.14 12:41 B f:\mirror1\d\baituo\liangong.c --> www1.yn.cninfo.net /mudcctx/mudlib/d/baituo liangong.c
99.03.14 12:41 B f:\mirror1\d\baituo\menlang.c --> www1.yn.cninfo.net /mudcctx/mudlib/d/baituo menlang.c
99.03.14 12:41 B f:\mirror1\d\baituo\midao.c --> www1.yn.cninfo.net /mudcctx/mudlib/d/baituo midao.c
99.03.14 12:41 B f:\mirror1\d\baituo\mumen.c --> www1.yn.cninfo.net /mudcctx/mudlib/d/baituo mumen.c
99.03.14 12:41 B f:\mirror1\d\baituo\neishi.c --> www1.yn.cninfo.net /mudcctx/mudlib/d/baituo neishi.c
99.03.14 12:41 B f:\mirror1\d\baituo\nongshe.c --> www1.yn.cninfo.net /mudcctx/mudlib/d/baituo nongshe.c
99.03.14 12:41 B f:\mirror1\d\baituo\ouyangfeng.c --> www1.yn.cninfo.net /mudcctx/mudlib/d/baituo ouyangfeng.c
99.03.14 12:41 B f:\mirror1\d\baituo\restroom.c --> www1.yn.cninfo.net /mudcctx/mudlib/d/baituo restroom.c
99.03.14 12:41 B f:\mirror1\d\baituo\room1.c --> www1.yn.cninfo.net /mudcctx/mudlib/d/baituo room1.c
99.03.14 12:41 B f:\mirror1\d\baituo\room2.c --> www1.yn.cninfo.net /mudcctx/mudlib/d/baituo room2.c
99.03.14 12:41 B f:\mirror1\d\baituo\room3.c --> www1.yn.cninfo.net /mudcctx/mudlib/d/baituo room3.c
99.03.14 12:41 B f:\mirror1\d\baituo\shanlu.c --> www1.yn.cninfo.net /mudcctx/mudlib/d/baituo shanlu.c
99.03.14 12:41 B f:\mirror1\d\baituo\shanlu1.c --> www1.yn.cninfo.net /mudcctx/mudlib/d/baituo shanlu1.c
99.03.14 12:41 B f:\mirror1\d\baituo\shijie.c --> www1.yn.cninfo.net /mudcctx/mudlib/d/baituo shijie.c
99.03.14 12:41 B f:\mirror1\d\baituo\shulin.c --> www1.yn.cninfo.net /mudcctx/mudlib/d/baituo shulin.c
99.03.14 12:41 B f:\mirror1\d\baituo\shulin1.c --> www1.yn.cninfo.net /mudcctx/mudlib/d/baituo shulin1.c
99.03.14 12:41 B f:\mirror1\d\baituo\storeroom.c --> www1.yn.cninfo.net /mudcctx/mudlib/d/baituo storeroom.c
99.03.14 12:41 B f:\mirror1\d\baituo\tuyuan.c --> www1.yn.cninfo.net /mudcctx/mudlib/d/baituo tuyuan.c
99.03.14 12:41 B f:\mirror1\d\baituo\wuqiku.c --> www1.yn.cninfo.net /mudcctx/mudlib/d/baituo wuqiku.c
99.03.14 12:41 B f:\mirror1\d\baituo\xiaolu1.c --> www1.yn.cninfo.net /mudcctx/mudlib/d/baituo xiaolu1.c
99.03.14 12:41 B f:\mirror1\d\baituo\xiaolu2.c --> www1.yn.cninfo.net /mudcctx/mudlib/d/baituo xiaolu2.c
99.03.14 12:41 B f:\mirror1\d\baituo\xiaolu3.c --> www1.yn.cninfo.net /mudcctx/mudlib/d/baituo xiaolu3.c
99.03.14 12:41 B f:\mirror1\d\baituo\xiaolu4.c --> www1.yn.cninfo.net /mudcctx/mudlib/d/baituo xiaolu4.c
99.03.14 12:41 B f:\mirror1\d\baituo\xijie.c --> www1.yn.cninfo.net /mudcctx/mudlib/d/baituo xijie.c
99.03.14 12:41 B f:\mirror1\d\baituo\ximen.c --> www1.yn.cninfo.net /mudcctx/mudlib/d/baituo ximen.c
99.03.14 12:41 B f:\mirror1\d\baituo\yaofang.c --> www1.yn.cninfo.net /mudcctx/mudlib/d/baituo yaofang.c
99.03.14 12:41 B f:\mirror1\d\baituo\yuanzi.c --> www1.yn.cninfo.net /mudcctx/mudlib/d/baituo yuanzi.c
99.03.14 12:41 B f:\mirror1\d\baituo\zhailuo.c --> www1.yn.cninfo.net /mudcctx/mudlib/d/baituo zhailuo.c
99.03.14 12:41 B f:\mirror1\d\baituo\zhulin.c --> www1.yn.cninfo.net /mudcctx/mudlib/d/baituo zhulin.c
99.03.14 12:41 B f:\mirror1\d\baituo\zhuyuan.c --> www1.yn.cninfo.net /mudcctx/mudlib/d/baituo zhuyuan.c
99.03.15 19:54 B f:\mirror1\d\baituo\bridge.c --> www1.yn.cninfo.net /mudlab/mudlib/d/baituo bridge.c
99.03.15 19:54 B f:\mirror1\d\baituo\cao1.c --> www1.yn.cninfo.net /mudlab/mudlib/d/baituo cao1.c
99.03.15 19:54 B f:\mirror1\d\baituo\cao2.c --> www1.yn.cninfo.net /mudlab/mudlib/d/baituo cao2.c
99.03.15 19:54 B f:\mirror1\d\baituo\caomeide.c --> www1.yn.cninfo.net /mudlab/mudlib/d/baituo caomeide.c
99.03.15 19:54 B f:\mirror1\d\baituo\caoping.c --> www1.yn.cninfo.net /mudlab/mudlib/d/baituo caoping.c
99.03.15 19:54 B f:\mirror1\d\baituo\cave.c --> www1.yn.cninfo.net /mudlab/mudlib/d/baituo cave.c
99.03.15 19:54 B f:\mirror1\d\baituo\cave1.c --> www1.yn.cninfo.net /mudlab/mudlib/d/baituo cave1.c
99.03.15 19:54 B f:\mirror1\d\baituo\cedong.c --> www1.yn.cninfo.net /mudlab/mudlib/d/baituo cedong.c
99.03.15 19:54 B f:\mirror1\d\baituo\chaifang.c --> www1.yn.cninfo.net /mudlab/mudlib/d/baituo chaifang.c
99.03.15 19:54 B f:\mirror1\d\baituo\changlang.c --> www1.yn.cninfo.net /mudlab/mudlib/d/baituo changlang.c
99.03.15 19:54 B f:\mirror1\d\baituo\chufang.c --> www1.yn.cninfo.net /mudlab/mudlib/d/baituo chufang.c
99.03.15 19:54 B f:\mirror1\d\baituo\damen.c --> www1.yn.cninfo.net /mudlab/mudlib/d/baituo damen.c
99.03.15 19:54 B f:\mirror1\d\baituo\datiepu.c --> www1.yn.cninfo.net /mudlab/mudlib/d/baituo datiepu.c
99.03.15 19:54 B f:\mirror1\d\baituo\dating.c --> www1.yn.cninfo.net /mudlab/mudlib/d/baituo dating.c
99.03.15 19:54 B f:\mirror1\d\baituo\dongjie.c --> www1.yn.cninfo.net /mudlab/mudlib/d/baituo dongjie.c
99.03.15 19:54 B f:\mirror1\d\baituo\dongkou.c --> www1.yn.cninfo.net /mudlab/mudlib/d/baituo dongkou.c
99.03.15 19:54 B f:\mirror1\d\baituo\dongnei.c --> www1.yn.cninfo.net /mudlab/mudlib/d/baituo dongnei.c
99.03.15 19:54 B f:\mirror1\d\baituo\fang.c --> www1.yn.cninfo.net /mudlab/mudlib/d/baituo fang.c
99.03.15 19:54 B f:\mirror1\d\baituo\fende.c --> www1.yn.cninfo.net /mudlab/mudlib/d/baituo fende.c
99.03.15 19:54 B f:\mirror1\d\baituo\gebi.c --> www1.yn.cninfo.net /mudlab/mudlib/d/baituo gebi.c
99.03.15 19:54 B f:\mirror1\d\baituo\guangchang.c --> www1.yn.cninfo.net /mudlab/mudlib/d/baituo guangchang.c
99.03.15 19:55 B f:\mirror1\d\baituo\houmen.c --> www1.yn.cninfo.net /mudlab/mudlib/d/baituo houmen.c
99.03.15 19:55 B f:\mirror1\d\baituo\houyuan.c --> www1.yn.cninfo.net /mudlab/mudlib/d/baituo houyuan.c
99.03.15 19:55 B f:\mirror1\d\baituo\huayuan.c --> www1.yn.cninfo.net /mudlab/mudlib/d/baituo huayuan.c
99.03.15 19:55 B f:\mirror1\d\baituo\jiudian.c --> www1.yn.cninfo.net /mudlab/mudlib/d/baituo jiudian.c
99.03.15 19:55 B f:\mirror1\d\baituo\liangong.c --> www1.yn.cninfo.net /mudlab/mudlib/d/baituo liangong.c
99.03.15 19:55 B f:\mirror1\d\baituo\menlang.c --> www1.yn.cninfo.net /mudlab/mudlib/d/baituo menlang.c
99.03.15 19:55 B f:\mirror1\d\baituo\midao.c --> www1.yn.cninfo.net /mudlab/mudlib/d/baituo midao.c
99.03.15 19:55 B f:\mirror1\d\baituo\mumen.c --> www1.yn.cninfo.net /mudlab/mudlib/d/baituo mumen.c
99.03.15 19:55 B f:\mirror1\d\baituo\neishi.c --> www1.yn.cninfo.net /mudlab/mudlib/d/baituo neishi.c
99.03.15 19:55 B f:\mirror1\d\baituo\nongshe.c --> www1.yn.cninfo.net /mudlab/mudlib/d/baituo nongshe.c
99.03.15 19:55 B f:\mirror1\d\baituo\ouyangfeng.c --> www1.yn.cninfo.net /mudlab/mudlib/d/baituo ouyangfeng.c
99.03.15 19:55 B f:\mirror1\d\baituo\restroom.c --> www1.yn.cninfo.net /mudlab/mudlib/d/baituo restroom.c
99.03.15 19:55 B f:\mirror1\d\baituo\room1.c --> www1.yn.cninfo.net /mudlab/mudlib/d/baituo room1.c
99.03.15 19:55 B f:\mirror1\d\baituo\room2.c --> www1.yn.cninfo.net /mudlab/mudlib/d/baituo room2.c
99.03.15 19:55 B f:\mirror1\d\baituo\room3.c --> www1.yn.cninfo.net /mudlab/mudlib/d/baituo room3.c
99.03.15 19:55 B f:\mirror1\d\baituo\shanlu.c --> www1.yn.cninfo.net /mudlab/mudlib/d/baituo shanlu.c
99.03.15 19:55 B f:\mirror1\d\baituo\shanlu1.c --> www1.yn.cninfo.net /mudlab/mudlib/d/baituo shanlu1.c
99.03.15 19:55 B f:\mirror1\d\baituo\shijie.c --> www1.yn.cninfo.net /mudlab/mudlib/d/baituo shijie.c
99.03.15 19:55 B f:\mirror1\d\baituo\shulin.c --> www1.yn.cninfo.net /mudlab/mudlib/d/baituo shulin.c
99.03.15 19:55 B f:\mirror1\d\baituo\shulin1.c --> www1.yn.cninfo.net /mudlab/mudlib/d/baituo shulin1.c
99.03.15 19:56 B f:\mirror1\d\baituo\storeroom.c --> www1.yn.cninfo.net /mudlab/mudlib/d/baituo storeroom.c
99.03.15 19:56 B f:\mirror1\d\baituo\tuyuan.c --> www1.yn.cninfo.net /mudlab/mudlib/d/baituo tuyuan.c
99.03.15 19:56 B f:\mirror1\d\baituo\WS_FTP.LOG --> www1.yn.cninfo.net /mudlab/mudlib/d/baituo WS_FTP.LOG
99.03.15 19:56 B f:\mirror1\d\baituo\wuqiku.c --> www1.yn.cninfo.net /mudlab/mudlib/d/baituo wuqiku.c
99.03.15 19:56 B f:\mirror1\d\baituo\xiaolu1.c --> www1.yn.cninfo.net /mudlab/mudlib/d/baituo xiaolu1.c
99.03.15 19:56 B f:\mirror1\d\baituo\xiaolu2.c --> www1.yn.cninfo.net /mudlab/mudlib/d/baituo xiaolu2.c
99.03.15 19:56 B f:\mirror1\d\baituo\xiaolu3.c --> www1.yn.cninfo.net /mudlab/mudlib/d/baituo xiaolu3.c
99.03.15 19:56 B f:\mirror1\d\baituo\xiaolu4.c --> www1.yn.cninfo.net /mudlab/mudlib/d/baituo xiaolu4.c
99.03.15 19:56 B f:\mirror1\d\baituo\xijie.c --> www1.yn.cninfo.net /mudlab/mudlib/d/baituo xijie.c
99.03.15 19:56 B f:\mirror1\d\baituo\ximen.c --> www1.yn.cninfo.net /mudlab/mudlib/d/baituo ximen.c
99.03.15 19:56 B f:\mirror1\d\baituo\yaofang.c --> www1.yn.cninfo.net /mudlab/mudlib/d/baituo yaofang.c
99.03.15 19:56 B f:\mirror1\d\baituo\yuanzi.c --> www1.yn.cninfo.net /mudlab/mudlib/d/baituo yuanzi.c
99.03.15 19:56 B f:\mirror1\d\baituo\zhailuo.c --> www1.yn.cninfo.net /mudlab/mudlib/d/baituo zhailuo.c
99.03.15 19:56 B f:\mirror1\d\baituo\zhulin.c --> www1.yn.cninfo.net /mudlab/mudlib/d/baituo zhulin.c
99.03.15 19:56 B f:\mirror1\d\baituo\zhuyuan.c --> www1.yn.cninfo.net /mudlab/mudlib/d/baituo zhuyuan.c
