2003.06.15 10:29 B F:\user\e\east.o <-- www.vmud.com /lonely/mudlib/data/user/e east.o
2003.06.15 10:29 B F:\user\e\eastover.o <-- www.vmud.com /lonely/mudlib/data/user/e eastover.o
2003.06.15 10:29 B F:\user\e\eclipse.o <-- www.vmud.com /lonely/mudlib/data/user/e eclipse.o
2003.06.15 10:29 B F:\user\e\eda.o <-- www.vmud.com /lonely/mudlib/data/user/e eda.o
2003.06.15 10:29 B F:\user\e\edwina.o <-- www.vmud.com /lonely/mudlib/data/user/e edwina.o
2003.06.15 10:29 B F:\user\e\eee.o <-- www.vmud.com /lonely/mudlib/data/user/e eee.o
2003.06.15 10:29 B F:\user\e\ehy.o <-- www.vmud.com /lonely/mudlib/data/user/e ehy.o
2003.06.15 10:29 B F:\user\e\eino.o <-- www.vmud.com /lonely/mudlib/data/user/e eino.o
2003.06.15 10:29 B F:\user\e\elf.o <-- www.vmud.com /lonely/mudlib/data/user/e elf.o
2003.06.15 10:29 B F:\user\e\elva.o <-- www.vmud.com /lonely/mudlib/data/user/e elva.o
2003.06.15 10:29 B F:\user\e\emei.o <-- www.vmud.com /lonely/mudlib/data/user/e emei.o
2003.06.15 10:29 B F:\user\e\eminem.o <-- www.vmud.com /lonely/mudlib/data/user/e eminem.o
2003.06.15 10:29 B F:\user\e\emotion.o <-- www.vmud.com /lonely/mudlib/data/user/e emotion.o
2003.06.15 10:29 B F:\user\e\ems.o <-- www.vmud.com /lonely/mudlib/data/user/e ems.o
2003.06.15 10:29 B F:\user\e\emsems.o <-- www.vmud.com /lonely/mudlib/data/user/e emsems.o
2003.06.15 10:29 B F:\user\e\emsflymice.o <-- www.vmud.com /lonely/mudlib/data/user/e emsflymice.o
2003.06.15 10:29 B F:\user\e\emshimmmm.o <-- www.vmud.com /lonely/mudlib/data/user/e emshimmmm.o
2003.06.15 10:29 B F:\user\e\emsjoytony.o <-- www.vmud.com /lonely/mudlib/data/user/e emsjoytony.o
2003.06.15 10:29 B F:\user\e\emsloveatp.o <-- www.vmud.com /lonely/mudlib/data/user/e emsloveatp.o
2003.06.15 10:29 B F:\user\e\emsqian.o <-- www.vmud.com /lonely/mudlib/data/user/e emsqian.o
2003.06.15 10:29 B F:\user\e\end.o <-- www.vmud.com /lonely/mudlib/data/user/e end.o
2003.06.15 10:30 B F:\user\e\evilsing.o <-- www.vmud.com /lonely/mudlib/data/user/e evilsing.o
2003.06.15 10:30 B F:\user\e\ewq.o <-- www.vmud.com /lonely/mudlib/data/user/e ewq.o
