Can't find "mudos", ignoring old binaries.
Try invoking the driver using the full pathname.
System Error: init_addr_server: connect: WSAECONNREFUSED

Loading preloaded files ...
错误讯息被拦截: 
执行时段错误：*Error in loading object '/adm/daemons/securityd'

程式：adm/single/master.c 第 99 行
物件: /adm/single/master
呼叫来自：adm/single/master.c 的 preload() 第 99 行，物件： adm/single/master
呼叫来自：adm/single/master.c 的 CATCH() 第 99 行，物件： adm/single/master
错误讯息被拦截: 
执行时段错误：*Error in loading object '/d/hangzhou/obj/eluanshi'

程式：inherit/room/room.c 第 19 行
物件: /d/suzhou/huqiu
呼叫来自：adm/single/master.c 的 preload() 第 99 行，物件： adm/single/master
呼叫来自：adm/single/master.c 的 CATCH() 第 99 行，物件： adm/single/master
呼叫来自：adm/daemons/questd.c 的 create() 第 47 行，物件： adm/daemons/questd
呼叫来自：adm/daemons/questd.c 的 init_dynamic_quest() 第 155 行，物件： adm/daemons/questd
呼叫来自：adm/daemons/questd.c 的 spread_quest() 第 193 行，物件： adm/daemons/questd
呼叫来自：d/suzhou/huqiu.c 的 create() 第 25 行，物件： d/suzhou/huqiu
呼叫来自：inherit/room/room.c 的 setup() 第 215 行，物件： d/suzhou/huqiu
呼叫来自：inherit/room/room.c 的 reset() 第 66 行，物件： d/suzhou/huqiu
呼叫来自：inherit/room/room.c 的 make_inventory() 第 19 行，物件： d/suzhou/huqiu
Initializations complete.

Accepting connections on port 5555.
错误讯息被拦截: 
执行时段错误：*Error in loading object '/d/xingxiu/npc/shangren'

程式：cmds/wiz/clone.c 第 38 行
物件: /cmds/wiz/clone
呼叫来自：feature/command.c 的 command_hook() 第 66 行，物件： clone/user/user#102 ("邓小刀")
呼叫来自：cmds/wiz/clone.c 的 main() 第 38 行，物件： cmds/wiz/clone
呼叫来自：cmds/wiz/clone.c 的 CATCH() 第 38 行，物件： cmds/wiz/clone
错误讯息被拦截: 
执行时段错误：*Error in loading object '/d/xingxiu/obj/yao'

程式：cmds/wiz/clone.c 第 38 行
物件: /cmds/wiz/clone
呼叫来自：feature/command.c 的 command_hook() 第 66 行，物件： clone/user/user#102 ("邓小刀")
呼叫来自：cmds/wiz/clone.c 的 main() 第 38 行，物件： cmds/wiz/clone
呼叫来自：cmds/wiz/clone.c 的 CATCH() 第 38 行，物件： cmds/wiz/clone
