99.03.14 13:35 B f:\mirror1\d\taishan\baihe.c --> www1.yn.cninfo.net /mudcctx/mudlib/d/taishan baihe.c
99.03.14 13:35 B f:\mirror1\d\taishan\baozang.c --> www1.yn.cninfo.net /mudcctx/mudlib/d/taishan baozang.c
99.03.14 13:35 B f:\mirror1\d\taishan\beitian.c --> www1.yn.cninfo.net /mudcctx/mudlib/d/taishan beitian.c
99.03.14 13:35 B f:\mirror1\d\taishan\bixia.c --> www1.yn.cninfo.net /mudcctx/mudlib/d/taishan bixia.c
99.03.14 13:35 B f:\mirror1\d\taishan\daizong.c --> www1.yn.cninfo.net /mudcctx/mudlib/d/taishan daizong.c
99.03.14 13:35 B f:\mirror1\d\taishan\dongtian.c --> www1.yn.cninfo.net /mudcctx/mudlib/d/taishan dongtian.c
99.03.14 13:35 B f:\mirror1\d\taishan\doumo.c --> www1.yn.cninfo.net /mudcctx/mudlib/d/taishan doumo.c
99.03.14 13:35 B f:\mirror1\d\taishan\ertian.c --> www1.yn.cninfo.net /mudcctx/mudlib/d/taishan ertian.c
99.03.14 13:35 B f:\mirror1\d\taishan\fengchan.c --> www1.yn.cninfo.net /mudcctx/mudlib/d/taishan fengchan.c
99.03.14 13:35 B f:\mirror1\d\taishan\huima.c --> www1.yn.cninfo.net /mudcctx/mudlib/d/taishan huima.c
99.03.14 13:35 B f:\mirror1\d\taishan\lianhua.c --> www1.yn.cninfo.net /mudcctx/mudlib/d/taishan lianhua.c
99.03.14 13:35 B f:\mirror1\d\taishan\longmen.c --> www1.yn.cninfo.net /mudcctx/mudlib/d/taishan longmen.c
99.03.14 13:35 B f:\mirror1\d\taishan\nantian.c --> www1.yn.cninfo.net /mudcctx/mudlib/d/taishan nantian.c
99.03.14 13:35 B f:\mirror1\d\taishan\riguan.c --> www1.yn.cninfo.net /mudcctx/mudlib/d/taishan riguan.c
99.03.14 13:35 B f:\mirror1\d\taishan\shengxian.c --> www1.yn.cninfo.net /mudcctx/mudlib/d/taishan shengxian.c
99.03.14 13:35 B f:\mirror1\d\taishan\shijin.c --> www1.yn.cninfo.net /mudcctx/mudlib/d/taishan shijin.c
99.03.14 13:35 B f:\mirror1\d\taishan\shixin.c --> www1.yn.cninfo.net /mudcctx/mudlib/d/taishan shixin.c
99.03.14 13:35 B f:\mirror1\d\taishan\tang2.c --> www1.yn.cninfo.net /mudcctx/mudlib/d/taishan tang2.c
99.03.14 13:35 B f:\mirror1\d\taishan\tang3.c --> www1.yn.cninfo.net /mudcctx/mudlib/d/taishan tang3.c
99.03.14 13:35 B f:\mirror1\d\taishan\tanhai.c --> www1.yn.cninfo.net /mudcctx/mudlib/d/taishan tanhai.c
99.03.14 13:35 B f:\mirror1\d\taishan\tianjie.c --> www1.yn.cninfo.net /mudcctx/mudlib/d/taishan tianjie.c
99.03.14 13:35 B f:\mirror1\d\taishan\weipin.c --> www1.yn.cninfo.net /mudcctx/mudlib/d/taishan weipin.c
99.03.14 13:35 B f:\mirror1\d\taishan\wudafu.c --> www1.yn.cninfo.net /mudcctx/mudlib/d/taishan wudafu.c
99.03.14 13:35 B f:\mirror1\d\taishan\xiayi.c --> www1.yn.cninfo.net /mudcctx/mudlib/d/taishan xiayi.c
99.03.14 13:35 B f:\mirror1\d\taishan\xingtang.c --> www1.yn.cninfo.net /mudcctx/mudlib/d/taishan xingtang.c
99.03.14 13:35 B f:\mirror1\d\taishan\xitian.c --> www1.yn.cninfo.net /mudcctx/mudlib/d/taishan xitian.c
99.03.14 13:35 B f:\mirror1\d\taishan\yidao.c --> www1.yn.cninfo.net /mudcctx/mudlib/d/taishan yidao.c
99.03.14 13:35 B f:\mirror1\d\taishan\yidao1.c --> www1.yn.cninfo.net /mudcctx/mudlib/d/taishan yidao1.c
99.03.14 13:35 B f:\mirror1\d\taishan\yidao2.c --> www1.yn.cninfo.net /mudcctx/mudlib/d/taishan yidao2.c
99.03.14 13:35 B f:\mirror1\d\taishan\yidao3.c --> www1.yn.cninfo.net /mudcctx/mudlib/d/taishan yidao3.c
99.03.14 13:35 B f:\mirror1\d\taishan\yitian.c --> www1.yn.cninfo.net /mudcctx/mudlib/d/taishan yitian.c
99.03.14 13:35 B f:\mirror1\d\taishan\yueguan.c --> www1.yn.cninfo.net /mudcctx/mudlib/d/taishan yueguan.c
99.03.14 13:35 B f:\mirror1\d\taishan\yuhuang.c --> www1.yn.cninfo.net /mudcctx/mudlib/d/taishan yuhuang.c
99.03.14 13:35 B f:\mirror1\d\taishan\zhangren.c --> www1.yn.cninfo.net /mudcctx/mudlib/d/taishan zhangren.c
99.03.14 13:35 B f:\mirror1\d\taishan\zhengqi.c --> www1.yn.cninfo.net /mudcctx/mudlib/d/taishan zhengqi.c
