========================================================================
Full Command Line: /home/sunyc/src/fluffos/build-debug/src/driver config.fluffos 
Boot Time: Thu Jul 30 21:31:34 2026
Version: fluffos 20260721-25c87bbc (Linux/x86-64)
Jemalloc is disabled, this is not suitable for production.
ICU Version: 70.1
Backtrace support: libdw.
Core Dump: No, Max FD: 65535.
========================================================================
Final Debug Level: 0
Processing config file: config.fluffos
maximum local variables: invalid new value, resetting to default.
living hash table size: invalid new value, resetting to default.
New Debug log location: "log/debug.log".
Execution root: /home/sunyc/src/mudlib/libs/yhwhpublicfi/work
Initializing internal stuff ....
Event backend in use: epoll
==== Runtime Config Table ====
time to clean up : 50000 # default: 600
time to reset : 1200 # default: 900
time to swap : 10000 # default: 300
evaluator stack size : 1000 # default: 65536
inherit chain size : 60 # default: 30
maximum evaluation cost : 700000 # default: 30000000
maximum local variables : 64
maximum call depth : 30 # default: 150
maximum array size : 25000 # default: 15000
maximum buffer size : 600000 # default: 1048576
maximum mapping size : 25000 # default: 150000
maximum string length : 300000 # default: 1048576
maximum bits in a bitfield : 1200 # default: 12000
maximum byte transfer : 20000 # default: 262144
maximum read file size : 300000 # default: 262144
hash table size : 8192 # default: 65536
object table size : 1501 # default: 4096
living hash table size : 256
gametick msec : 1000
heartbeat interval msec : 1000
sane explode string : 1
reversible explode string : 0
sane sorting : 1
call other type check : 0
call other warn : 0
mudlib error handler : 1
no resets : 0
lazy resets : 0
randomized resets : 1
no ansi : 1
strip before process input : 1
this_player in call_out : 1
trace : 1
trace code : 0
interactive catch tell : 0
receive snoop : 1
snoop shadowed : 0
reverse defer : 0
has console : 1
noninteractive stderr write : 0
trap crashes : 1
old type behavior : 0
old range behavior : 0
warn old range behavior : 1
suppress argument warnings : 1
enable_commands call init : 1
sprintf add_justified ignore ANSI colors : 1
call_out(0) nest level : 1000
trace lpc execution context : 0
trace lpc instructions : 0
display preload progress : 1
enable mxp : 0
enable gmcp : 0
enable zmp : 0
enable mssp : 1
enable msp : 1
enable msdp : 0
==============================
==== LPC Predefines ====
#define FLUFFOS 
#define HAS_DEBUG_LEVEL 
#define HAS_ED 
#define HAS_PRINTF 
#define MAX_FLOAT 179769313486231570814527423731704356798070567525844996598917476803157260780028538760589558632766878171540458953514382464234321326889464182768467546703537516986049910576551282076245490090389328944075868508455133942304583236903222948165808559332123348274797826204144723168738177180919299881250404026184124858368.000000
#define MAX_INT 9223372036854775807
#define MIN_FLOAT 0.000000
#define MIN_INT -9223372036854775808
#define MUDOS 
#define MUD_NAME "yhwhpublicfi"
#define SIZEOFINT 8
#define __ARCH__ "Linux/x86-64"
#define __ARGUMENTS_IN_TRACEBACK__ 
#define __ARRAY_STATS__ 
#define __AUTO_SETEUID__ 
#define __CACHE_STATS__ 
#define __CALLOUT_HANDLES__ 
#define __CFG_COMPILER_STACK_SIZE__ 600
#define __CFG_EVALUATOR_STACK_SIZE__ 65536
#define __CFG_MAX_CALL_DEPTH__ 150
#define __CFG_MAX_GLOBAL_VARIABLES__ 65536
#define __CHECK_MEMORY__ 
#define __CLASS_STATS__ 
#define __COMMAND_BUF_SIZE__ 2000
#define __COMPILER__ "/usr/bin/c++"
#define __CXXFLAGS__ "Broken"
#define __DEBUGMALLOC_EXTENSIONS__ 
#define __DEBUGMALLOC__ 
#define __DEBUG_MACRO__ 
#define __DEBUG__ 
#define __DEFAULT_DB__ 1
#define __DEFAULT_PRAGMAS__ PRAGMA_WARNINGS + PRAGMA_SAVE_TYPES + PRAGMA_ERROR_CONTEXT + PRAGMA_OPTIMIZE
#define __DSLIB__ 
#define __ED_INDENT_SPACES__ 4
#define __ED_TAB_WIDTH__ 8
#define __GET_CHAR_IS_BUFFERED__ 
#define __HAS_CONSOLE__ 
#define __HAVE_DIRENT_H__ 1
#define __HAVE_SIGNAL_H__ 1
#define __HAVE_SYS_RESOURCE_H__ 1
#define __HAVE_SYS_STAT_H__ 1
#define __HAVE_SYS_TIME_H__ 1
#define __HAVE_TIME_H__ 1
#define __LARGEST_PRINTABLE_STRING__ 65535
#define __LARGE_STRING_SIZE__ 1000
#define __LOCALS_IN_TRACEBACK__ 
#define __MAX_SAVE_SVALUE_DEPTH__ 100
#define __MUDLIB_ERROR_HANDLER__ 
#define __OLD_ED__ 
#define __PACKAGES_PACKAGES_H__ 
#define __PACKAGE_ASYNC__ 
#define __PACKAGE_COMPRESS__ 
#define __PACKAGE_CONTRIB__ 
#define __PACKAGE_CORE__ 
#define __PACKAGE_CRYPTO__ 
#define __PACKAGE_DB__ 
#define __PACKAGE_DEVELOP__ 
#define __PACKAGE_EXTERNAL__ 
#define __PACKAGE_FFI__ 
#define __PACKAGE_MATH__ 
#define __PACKAGE_MATRIX__ 
#define __PACKAGE_MUDLIB_STATS__ 
#define __PACKAGE_OPS__ 
#define __PACKAGE_PARSER__ 
#define __PACKAGE_PCRE__ 
#define __PACKAGE_SHA1__ 
#define __PACKAGE_SOCKETS__ 
#define __PACKAGE_TRIM__ 
#define __PACKAGE_UIDS__ 
#define __PARSE_DEBUG__ 
#define __PORT__ 40132
#define __PRIVS__ 
#define __PROJECT_VERSION__ "fluffos 20260721-25c87bbc"
#define __RANDOMIZED_RESETS__ 
#define __RECEIVE_SNOOP__ 
#define __REF_RESERVED_WORD__ 
#define __RESTRICTED_ED__ 
#define __SANE_EXPLODE_STRING__ 
#define __SANE_SORTING__ 
#define __SAVE_EXTENSION__ ".o"
#define __SAVE_GZ_EXTENSION__ ".o.gz"
#define __SENSIBLE_MODIFIERS__ 
#define __SMALL_STRING_SIZE__ 100
#define __STRING_STATS__ 
#define __STRUCT_CLASS__ 
#define __STRUCT_STRUCT__ 
#define __SUPPRESS_ARGUMENT_WARNINGS__ 
#define __THIS_PLAYER_IN_CALL_OUT__ 
#define __TIME_WITH_SYS_TIME__ 1
#define __TRACE__ 
#define __TRAP_CRASHES__ 
#define __USE_32BIT_ADDRESSES__ 
#define __USE_MYSQL__ 1
#define __VERSION__ "fluffos 20260721-25c87bbc"
#define __WARN_OLD_RANGE_BEHAVIOR__ 
========================
Loading simul_efun file : /adm/single/simul_efun
In file included from /adm/single/simul_efun.lpc:0:
/include/globals.h:4: warning: Unknown #pragma, ignored.
/adm/single/simul_efun.lpc:2: warning: Unknown #pragma, ignored.
Loading master file: /adm/single/master
In file included from /adm/single/master.lpc:0:
/include/globals.h:4: warning: Unknown #pragma, ignored.
/adm/single/master.lpc:12: warning: Unknown #pragma, ignored.
/adm/single/master.lpc:50:18: warning: Illegal to declare nosave function.
   50 | nosave void crash(string error, object command_giver, object current_object)
      |                  ^
/adm/single/master.lpc:123:27: warning: Illegal to declare nosave function.
  123 | nosave string *update_file(string file)
      |                           ^
*Warning: unable to open stat file domain_stats for reading.
*Warning: unable to open stat file author_stats for reading.

Loading preload files ...
/adm/daemons/securityd...
In file included from /adm/daemons/securityd.lpc:0:
/include/globals.h:4: warning: Unknown #pragma, ignored.
/adm/daemons/securityd.lpc:4: warning: Unknown #pragma, ignored.
In file included from /feature/save.lpc:0:
/include/globals.h:4: warning: Unknown #pragma, ignored.
  note: while loading '/feature/save' inherited by '/adm/daemons/securityd'
In file included from /adm/daemons/securityd.lpc:0:
/include/globals.h:4: warning: Unknown #pragma, ignored.
/adm/daemons/securityd.lpc:4: warning: Unknown #pragma, ignored.
/adm/daemons/securityd.lpc:85:1: warning: Unused local variable 'i'
   85 | }
      | ^
/adm/daemons/securityd.lpc:199:1: warning: Unused local variable 'sec'
  199 | }
      | ^
/adm/daemons/logind...
In file included from /adm/daemons/logind.lpc:0:
/include/globals.h:4: warning: Unknown #pragma, ignored.
In file included from /feature/dbase.lpc:0:
/include/globals.h:4: warning: Unknown #pragma, ignored.
  note: while loading '/feature/dbase' inherited by '/adm/daemons/logind'
In file included from /feature/treemap.lpc:0:
/include/globals.h:4: warning: Unknown #pragma, ignored.
  note: while loading '/feature/treemap' inherited by '/feature/dbase'
/feature/treemap.lpc:1: warning: Unknown #pragma, ignored.
  note: while loading '/feature/treemap' inherited by '/feature/dbase'
/feature/treemap.lpc:13:27: warning: Illegal to declare nosave function.
   13 | nosave nomask mixed _query( mapping map, string *parts )
      |                           ^
  note: while loading '/feature/treemap' inherited by '/feature/dbase'
/feature/treemap.lpc:29:26: warning: Illegal to declare nosave function.
   29 | nosave nomask int _delete( mapping map, string *parts )
      |                          ^
  note: while loading '/feature/treemap' inherited by '/feature/dbase'
/feature/treemap.lpc:40:25: warning: Illegal to declare nosave function.
   40 | nosave nomask mixed _set( mapping map, string *parts, mixed value )
      |                         ^
  note: while loading '/feature/treemap' inherited by '/feature/dbase'
In file included from /feature/dbase.lpc:0:
/include/globals.h:4: warning: Unknown #pragma, ignored.
In file included from /adm/daemons/logind.lpc:0:
/include/globals.h:4: warning: Unknown #pragma, ignored.
/adm/daemons/logind.lpc:119:1: warning: Unused local variable 'user_num'
  119 | }
      | ^
/adm/daemons/logind.lpc:301:1: warning: Unused local variable 'my'
  301 | }
      | ^
/adm/daemons/logind.lpc:602:1: warning: Unused local variable 'my'
  602 | }
      | ^
/adm/daemons/logind.lpc:665:1: warning: Unused local variable 'my'
  665 | }
      | ^
/adm/daemons/logind.lpc:802:1: warning: Unused local variable 'n'
  802 | }
      | ^
/adm/daemons/logind.lpc:1063:1: warning: Unused local variable 'room'
 1063 | }
      | ^
In file included from /adm/daemons/configd.lpc:0:
/include/globals.h:4: warning: Unknown #pragma, ignored.
/adm/daemons/configd.lpc:6: warning: Unknown #pragma, ignored.
/adm/daemons/virtuald...
In file included from /adm/daemons/virtuald.lpc:0:
/include/globals.h:4: warning: Unknown #pragma, ignored.
/adm/daemons/rankd...
In file included from /adm/daemons/rankd.lpc:0:
/include/globals.h:4: warning: Unknown #pragma, ignored.
/adm/daemons/rankd.lpc:4: warning: Unknown #pragma, ignored.
/adm/daemons/commandd...
In file included from /adm/daemons/commandd.lpc:0:
/include/globals.h:4: warning: Unknown #pragma, ignored.
/adm/daemons/commandd.lpc:8: warning: Unknown #pragma, ignored.
/adm/daemons/chinesed...
In file included from /adm/daemons/chinesed.lpc:0:
/include/globals.h:4: warning: Unknown #pragma, ignored.
/adm/daemons/chinesed.lpc:6: warning: Unknown #pragma, ignored.
/adm/daemons/emoted...
In file included from /adm/daemons/emoted.lpc:0:
/include/globals.h:4: warning: Unknown #pragma, ignored.
/adm/daemons/emoted.lpc:7: warning: Unknown #pragma, ignored.
/adm/daemons/aliasd...
In file included from /adm/daemons/aliasd.lpc:0:
/include/globals.h:4: warning: Unknown #pragma, ignored.
/adm/daemons/aliasd.lpc:4: warning: Unknown #pragma, ignored.
/adm/daemons/fingerd...
In file included from /adm/daemons/fingerd.lpc:0:
/include/globals.h:4: warning: Unknown #pragma, ignored.
/adm/daemons/fingerd.lpc:149:1: warning: Unused local variable 'fip'
  149 | }
      | ^
/adm/daemons/fingerd.lpc:275:1: warning: Unused local variable 'i'
  275 | }
      | ^
/adm/daemons/fingerd.lpc:358:1: warning: Unused local variable 'conn'
  358 | }
      | ^
/adm/daemons/channeld...
In file included from /adm/daemons/channeld.lpc:0:
/include/globals.h:4: warning: Unknown #pragma, ignored.
/adm/daemons/channeld.lpc:7: warning: Unknown #pragma, ignored.
/adm/daemons/natured...
In file included from /adm/daemons/natured.lpc:0:
/include/globals.h:4: warning: Unknown #pragma, ignored.
/adm/daemons/natured.lpc:4: warning: Unknown #pragma, ignored.
错误讯息被拦截：
执行时段错误：*Bad argument 4 to EFUN message()
Expected: object, array,  Got: int(0).

程式：/adm/single/simul_efun.lpc 第 326 行
物件：/adm/single/simul_efun
呼叫来自：/adm/single/master.lpc 的 preload() 第 161 行，物件： /adm/single/master
呼叫来自：/adm/single/master.lpc 的 CATCH() 第 161 行，物件： /adm/single/master
呼叫来自：/adm/daemons/natured.lpc 的 create() 第 39 行，物件： /adm/daemons/natured
呼叫来自：/adm/daemons/natured.lpc 的 select_day_phase() 第 85 行，物件： /adm/daemons/natured
呼叫来自：/adm/daemons/natured.lpc 的 update_day_phase() 第 48 行，物件： /adm/daemons/natured
呼叫来自：/adm/single/simul_efun.lpc 的 message() 第 326 行，物件： /adm/single/simul_efun
/adm/daemons/named...
In file included from /adm/daemons/named.lpc:0:
/include/globals.h:4: warning: Unknown #pragma, ignored.
/adm/daemons/named.lpc:6: warning: Unknown #pragma, ignored.
/adm/daemons/punishd...
In file included from /adm/daemons/punishd.lpc:0:
/include/globals.h:4: warning: Unknown #pragma, ignored.
/adm/daemons/punishd.lpc:5: warning: Unknown #pragma, ignored.
/adm/daemons/punishd.lpc:129:1: warning: Unused local variable 'catcher'
  129 | }
      | ^
错误讯息被拦截：
执行时段错误：*Bad argument 4 to EFUN message()
Expected: object, array,  Got: int(0).

程式：/adm/single/simul_efun.lpc 第 326 行
物件：/adm/single/simul_efun
呼叫来自：/adm/single/master.lpc 的 preload() 第 161 行，物件： /adm/single/master
呼叫来自：/adm/single/master.lpc 的 CATCH() 第 161 行，物件： /adm/single/master
呼叫来自：/adm/daemons/punishd.lpc 的 create() 第 13 行，物件： /adm/daemons/punishd
呼叫来自：/adm/daemons/channeld.lpc 的 do_channel() 第 518 行，物件： /adm/daemons/channeld
呼叫来自：/adm/single/simul_efun.lpc 的 message() 第 326 行，物件： /adm/single/simul_efun
/adm/daemons/storyd...
In file included from /adm/daemons/storyd.lpc:0:
/include/globals.h:4: warning: Unknown #pragma, ignored.
错误讯息被拦截：
执行时段错误：*Bad argument 4 to EFUN message()
Expected: object, array,  Got: int(0).

程式：/adm/single/simul_efun.lpc 第 326 行
物件：/adm/single/simul_efun
呼叫来自：/adm/single/master.lpc 的 preload() 第 161 行，物件： /adm/single/master
呼叫来自：/adm/single/master.lpc 的 CATCH() 第 161 行，物件： /adm/single/master
呼叫来自：/adm/daemons/storyd.lpc 的 create() 第 25 行，物件： /adm/daemons/storyd
呼叫来自：/adm/daemons/channeld.lpc 的 do_channel() 第 518 行，物件： /adm/daemons/channeld
呼叫来自：/adm/single/simul_efun.lpc 的 message() 第 326 行，物件： /adm/single/simul_efun
/adm/daemons/eventd...
In file included from /adm/daemons/eventd.lpc:0:
/include/globals.h:4: warning: Unknown #pragma, ignored.
/adm/daemons/eventd.lpc:82:1: warning: Unused local variable 't'
   82 | }
      | ^
错误讯息被拦截：
执行时段错误：*Bad argument 4 to EFUN message()
Expected: object, array,  Got: int(0).

程式：/adm/single/simul_efun.lpc 第 326 行
物件：/adm/single/simul_efun
呼叫来自：/adm/single/master.lpc 的 preload() 第 161 行，物件： /adm/single/master
呼叫来自：/adm/single/master.lpc 的 CATCH() 第 161 行，物件： /adm/single/master
呼叫来自：/adm/daemons/eventd.lpc 的 create() 第 20 行，物件： /adm/daemons/eventd
呼叫来自：/adm/daemons/channeld.lpc 的 do_channel() 第 518 行，物件： /adm/daemons/channeld
呼叫来自：/adm/single/simul_efun.lpc 的 message() 第 326 行，物件： /adm/single/simul_efun
/adm/daemons/closed...
In file included from /adm/daemons/closed.lpc:0:
/include/globals.h:4: warning: Unknown #pragma, ignored.
/adm/daemons/closed.lpc:4: warning: Unknown #pragma, ignored.
/adm/daemons/pkd...
In file included from /adm/daemons/pkd.lpc:0:
/include/globals.h:4: warning: Unknown #pragma, ignored.
/adm/daemons/pkd.lpc:298:1: warning: Unused local variable 'shadow'
  298 | }
      | ^
错误讯息被拦截：
执行时段错误：*Bad argument 4 to EFUN message()
Expected: object, array,  Got: int(0).

程式：/adm/single/simul_efun.lpc 第 326 行
物件：/adm/single/simul_efun
呼叫来自：/adm/single/master.lpc 的 preload() 第 161 行，物件： /adm/single/master
呼叫来自：/adm/single/master.lpc 的 CATCH() 第 161 行，物件： /adm/single/master
呼叫来自：/adm/daemons/pkd.lpc 的 create() 第 72 行，物件： /adm/daemons/pkd
呼叫来自：/adm/daemons/channeld.lpc 的 do_channel() 第 518 行，物件： /adm/daemons/channeld
呼叫来自：/adm/single/simul_efun.lpc 的 message() 第 326 行，物件： /adm/single/simul_efun
/adm/daemons/memoryd...
In file included from /adm/daemons/memoryd.lpc:0:
/include/globals.h:4: warning: Unknown #pragma, ignored.
/adm/daemons/memoryd.lpc:2: warning: Unknown #pragma, ignored.
错误讯息被拦截：
执行时段错误：*Bad argument 4 to EFUN message()
Expected: object, array,  Got: int(0).

程式：/adm/single/simul_efun.lpc 第 326 行
物件：/adm/single/simul_efun
呼叫来自：/adm/single/master.lpc 的 preload() 第 161 行，物件： /adm/single/master
呼叫来自：/adm/single/master.lpc 的 CATCH() 第 161 行，物件： /adm/single/master
呼叫来自：/adm/daemons/memoryd.lpc 的 create() 第 18 行，物件： /adm/daemons/memoryd
呼叫来自：/adm/daemons/channeld.lpc 的 do_channel() 第 518 行，物件： /adm/daemons/channeld
呼叫来自：/adm/single/simul_efun.lpc 的 message() 第 326 行，物件： /adm/single/simul_efun
/adm/daemons/messaged...
/adm/daemons/backupd...
In file included from /adm/daemons/backupd.lpc:0:
/include/globals.h:4: warning: Unknown #pragma, ignored.
错误讯息被拦截：
执行时段错误：*Bad argument 4 to EFUN message()
Expected: object, array,  Got: int(0).

程式：/adm/single/simul_efun.lpc 第 326 行
物件：/adm/single/simul_efun
呼叫来自：/adm/single/master.lpc 的 preload() 第 161 行，物件： /adm/single/master
呼叫来自：/adm/single/master.lpc 的 CATCH() 第 161 行，物件： /adm/single/master
呼叫来自：/adm/daemons/backupd.lpc 的 create() 第 50 行，物件： /adm/daemons/backupd
呼叫来自：/adm/daemons/backupd.lpc 的 sys_info() 第 306 行，物件： /adm/daemons/backupd
呼叫来自：/adm/daemons/channeld.lpc 的 do_channel() 第 518 行，物件： /adm/daemons/channeld
呼叫来自：/adm/single/simul_efun.lpc 的 message() 第 326 行，物件： /adm/single/simul_efun
/adm/daemons/mapd...
In file included from /adm/daemons/mapd.lpc:0:
/include/globals.h:4: warning: Unknown #pragma, ignored.
/adm/daemons/mapd.lpc:4: warning: Unknown #pragma, ignored.
/adm/daemons/familyd...
In file included from /adm/daemons/familyd.lpc:0:
/include/globals.h:4: warning: Unknown #pragma, ignored.
/adm/daemons/familyd.lpc:6: warning: Unknown #pragma, ignored.
/adm/daemons/questd...
In file included from /adm/daemons/questd.lpc:0:
/include/globals.h:4: warning: Unknown #pragma, ignored.
/adm/daemons/questd.lpc:9: warning: Unknown #pragma, ignored.
/adm/daemons/cpud...
In file included from /adm/daemons/cpud.lpc:0:
/include/globals.h:4: warning: Unknown #pragma, ignored.
/adm/daemons/cpud.lpc:4: warning: Unknown #pragma, ignored.
错误讯息被拦截：
执行时段错误：*Bad argument 4 to EFUN message()
Expected: object, array,  Got: int(0).

程式：/adm/single/simul_efun.lpc 第 326 行
物件：/adm/single/simul_efun
呼叫来自：/adm/single/master.lpc 的 preload() 第 161 行，物件： /adm/single/master
呼叫来自：/adm/single/master.lpc 的 CATCH() 第 161 行，物件： /adm/single/master
呼叫来自：/adm/daemons/cpud.lpc 的 create() 第 32 行，物件： /adm/daemons/cpud
呼叫来自：/adm/daemons/channeld.lpc 的 do_channel() 第 518 行，物件： /adm/daemons/channeld
呼叫来自：/adm/single/simul_efun.lpc 的 message() 第 326 行，物件： /adm/single/simul_efun
/adm/daemons/analectad...
In file included from /adm/daemons/analectad.lpc:0:
/include/globals.h:4: warning: Unknown #pragma, ignored.
错误讯息被拦截：
执行时段错误：*Bad argument 4 to EFUN message()
Expected: object, array,  Got: int(0).

程式：/adm/single/simul_efun.lpc 第 326 行
物件：/adm/single/simul_efun
呼叫来自：/adm/single/master.lpc 的 preload() 第 161 行，物件： /adm/single/master
呼叫来自：/adm/single/master.lpc 的 CATCH() 第 161 行，物件： /adm/single/master
呼叫来自：/adm/daemons/analectad.lpc 的 create() 第 26 行，物件： /adm/daemons/analectad
呼叫来自：/adm/daemons/channeld.lpc 的 do_channel() 第 518 行，物件： /adm/daemons/channeld
呼叫来自：/adm/single/simul_efun.lpc 的 message() 第 326 行，物件： /adm/single/simul_efun
/adm/daemons/invasion/invasiond...
In file included from /adm/daemons/invasion/invasiond.lpc:0:
/include/globals.h:4: warning: Unknown #pragma, ignored.
/adm/daemons/task/set_task...
In file included from /adm/daemons/task/set_task.lpc:0:
/include/globals.h:4: warning: Unknown #pragma, ignored.
/adm/daemons/task/set_task.lpc:252:1: warning: Unused local variable 'tihui'
  252 | }
      | ^
Accepting telnet connections on 0.0.0.0:40132.
Initializations complete.


执行时段错误：*Bad argument 4 to EFUN message()
Expected: object, array,  Got: int(0).

程式：/adm/single/simul_efun.lpc 第 326 行
物件：/adm/single/simul_efun
呼叫来自：/adm/daemons/questd.lpc 的 collect_all_quest_information() 第 1543 行，物件： /adm/daemons/questd
呼叫来自：/adm/daemons/channeld.lpc 的 do_channel() 第 518 行，物件： /adm/daemons/channeld
呼叫来自：/adm/single/simul_efun.lpc 的 message() 第 326 行，物件： /adm/single/simul_efun
In file included from /adm/daemons/versiond.lpc:0:
/include/globals.h:4: warning: Unknown #pragma, ignored.
/adm/daemons/versiond.lpc:10: warning: Unknown #pragma, ignored.
/adm/daemons/versiond.lpc:317:1: warning: Unused local variable 'dbase'
  317 | }
      | ^
/adm/daemons/versiond.lpc:629:1: warning: Unused local variable 'files'
  629 | }
      | ^
/adm/daemons/versiond.lpc:912:1: warning: Unused local variable 'result'
  912 | }
      | ^
/adm/daemons/versiond.lpc:1643:1: warning: Unused local variable 'ver'
 1643 | }
      | ^
/adm/daemons/versiond.lpc:1643:1: warning: Unused local variable 'msg'
 1643 | }
      | ^
/adm/daemons/versiond.lpc:1990:1: warning: Unused local variable 'ban'
 1990 | }
      | ^
/adm/daemons/versiond.lpc:2118:1: warning: Unused local variable 'msg'
 2118 | }
      | ^
In file included from /clone/user/login.lpc:0:
/include/globals.h:4: warning: Unknown #pragma, ignored.
Stack trace (most recent call last):
#14   Object "", at 0xffffffffffffffff, in 
#13   Object "/home/sunyc/src/fluffos/build-debug/src/driver", at 0x5636670f00f4, in _start
#12   Object "/usr/lib/x86_64-linux-gnu/libc.so.6", at 0x7f1a8ee8ee3f, in __libc_start_main@@GLIBC_2.34
      Source "../csu/libc-start.c", line 392, in __libc_start_main_impl [0x7f1a8ee8ee3f]
#11   Object "/usr/lib/x86_64-linux-gnu/libc.so.6", at 0x7f1a8ee8ed8f, in __libc_start_call_main
      Source "../sysdeps/nptl/libc_start_call_main.h", line 58, in __libc_start_call_main [0x7f1a8ee8ed8f]
#10   Object "/home/sunyc/src/fluffos/build-debug/src/driver", at 0x5636670f01eb, in main
      Source "/home/sunyc/src/fluffos/src/main.cc", line 5, in main [0x5636670f01eb]
          2: extern "C" {
          3: int driver_main(int argc, char** argv);
          4: }
      >   5: int main(int argc, char** argv) { driver_main(argc, argv); }
#9    Object "/home/sunyc/src/fluffos/build-debug/src/driver", at 0x5636671081fc, in driver_main
      Source "/home/sunyc/src/fluffos/src/mainlib.cc", line 430, in driver_main [0x5636671081fc]
        428:   debug_message("Initializations complete.\n\n");
        429:   setup_signal_handlers();
      > 430:   backend(base);
        431: 
        432:   return 0;
        433: }
#8    Object "/home/sunyc/src/fluffos/build-debug/src/driver", at 0x5636671e5407, in backend(event_base*)
      Source "/home/sunyc/src/fluffos/src/backend_libevent.cc", line 127, in backend [0x5636671e5407]
        124:   event_add(g_ev_tick, &t);
        125: 
        126:   try {
      > 127:     event_base_loop(base, 0);
        128:   } catch (...) {  // catch everything
        129:     fatal("BUG: jumped out of event loop!");
        130:   }
#7    Object "/home/sunyc/src/fluffos/build-debug/src/driver", at 0x56366741562a, in event_base_loop
      Source "/home/sunyc/src/fluffos/src/thirdparty/libevent/event.c", line 2046, in event_base_loop [0x56366741562a]
       2044: 		clear_time_cache(base);
       2045: 
      >2046: 		res = evsel->dispatch(base, tv_p);
       2047: 
       2048: 		if (res == -1) {
       2049: 			event_debug(("%s: dispatch returned unsuccessfully.",
#6    Object "/home/sunyc/src/fluffos/build-debug/src/driver", at 0x56366742a3cc, in epoll_dispatch
      Source "/home/sunyc/src/fluffos/src/thirdparty/libevent/epoll.c", line 517, in epoll_dispatch [0x56366742a3cc]
        514: 	EVBASE_RELEASE_LOCK(base, th_base_lock);
        515: 
        516: #if defined(EVENT__HAVE_EPOLL_PWAIT2)
      > 517: 	res = epoll_pwait2(epollop->epfd, events, epollop->nevents, tv ? &ts : NULL, NULL);
        518: #else /* no epoll_pwait2() */
        519: 	res = epoll_wait(epollop->epfd, events, epollop->nevents, timeout);
        520: #endif /* EVENT__HAVE_EPOLL_PWAIT2 */
#5    Object "/usr/lib/x86_64-linux-gnu/libc.so.6", at 0x7f1a8ef8ac60, in epoll_pwait2
      Source "../sysdeps/unix/sysv/linux/epoll_pwait2.c", line 27, in epoll_pwait2 [0x7f1a8ef8ac60]
#4    Object "/usr/lib/x86_64-linux-gnu/libc.so.6", at 0x7f1a8eea751f, in 
#3    Object "/home/sunyc/src/fluffos/build-debug/src/driver", at 0x5636671073e4, in (anonymous namespace)::attempt_shutdown(int)
      Source "/home/sunyc/src/fluffos/src/mainlib.cc", line 169, in attempt_shutdown [0x5636671073e4]
        166:   signal(SIGINT, SIG_DFL);
        167: 
        168:   // Print backtrace
      > 169:   print_native_stacktrace();
        170: 
        171:   // Attempt to call crash()
        172:   fatal(msg);
#2    Object "/home/sunyc/src/fluffos/build-debug/src/driver", at 0x5636671ec9a8, in print_native_stacktrace()
      Source "/home/sunyc/src/fluffos/src/base/internal/crash_handler.cc", line 37, in print_native_stacktrace [0x5636671ec9a8]
         34:   static StackTrace st;
         35:   static Printer p;
         36: 
      >  37:   st.load_here(64);
         38:   p.object = true;
         39:   p.color_mode = ColorMode::automatic;
         40:   p.address = true;
#1    Object "/home/sunyc/src/fluffos/build-debug/src/driver", at 0x5636670f1769, in backward::StackTraceImpl<backward::system_tag::linux_tag>::load_here(unsigned long, void*, void*)
      Source "/home/sunyc/src/fluffos/src/thirdparty/backward-cpp/backward.hpp", line 882, in load_here [0x5636670f1769]
        879:       return 0;
        880:     }
        881:     _stacktrace.resize(depth);
      > 882:     size_t trace_cnt = details::unwind(callback(*this), depth);
        883:     _stacktrace.resize(trace_cnt);
        884:     skip_n_firsts(0);
        885:     return size();
#0    Object "/home/sunyc/src/fluffos/build-debug/src/driver", at 0x5636670f6308, in unsigned long backward::details::unwind<backward::StackTraceImpl<backward::system_tag::linux_tag>::callback>(backward::StackTraceImpl<backward::system_tag::linux_tag>::callback, unsigned long)
      Source "/home/sunyc/src/fluffos/src/thirdparty/backward-cpp/backward.hpp", line 864, in unwind<backward::StackTraceImpl<backward::system_tag::linux_tag>::callback> [0x5636670f6308]
        862: template <typename F> size_t unwind(F f, size_t depth) {
        863:   Unwinder<F> unwinder;
      > 864:   return unwinder(f, depth);
        865: }
        866: 
        867: } // namespace details
******** FATAL ERROR: SIGTERM: Process terminated
