2003.06.13 23:14 A F:\data\board\baituo_b.o <-- www.vmud.com /lonely/mudlib/data/board baituo_b.o
2003.06.13 23:14 A F:\data\board\chatroom_godlysword.o <-- www.vmud.com /lonely/mudlib/data/board chatroom_godlysword.o
2003.06.13 23:14 A F:\data\board\chatroom_ken.o <-- www.vmud.com /lonely/mudlib/data/board chatroom_ken.o
2003.06.13 23:14 A F:\data\board\chatroom_lonely.o <-- www.vmud.com /lonely/mudlib/data/board chatroom_lonely.o
2003.06.13 23:14 A F:\data\board\chatroom_mmme.o <-- www.vmud.com /lonely/mudlib/data/board chatroom_mmme.o
2003.06.13 23:14 A F:\data\board\chatroom_pipip.o <-- www.vmud.com /lonely/mudlib/data/board chatroom_pipip.o
2003.06.13 23:14 A F:\data\board\chatroom_poor.o <-- www.vmud.com /lonely/mudlib/data/board chatroom_poor.o
2003.06.13 23:15 A F:\data\board\chatroom_rakeni.o <-- www.vmud.com /lonely/mudlib/data/board chatroom_rakeni.o
2003.06.13 23:15 A F:\data\board\chatroom_xlz.o <-- www.vmud.com /lonely/mudlib/data/board chatroom_xlz.o
2003.06.13 23:15 A F:\data\board\chatroom_zyuxiao.o <-- www.vmud.com /lonely/mudlib/data/board chatroom_zyuxiao.o
2003.06.13 23:15 A F:\data\board\comm_b.o <-- www.vmud.com /lonely/mudlib/data/board comm_b.o
2003.06.13 23:15 A F:\data\board\dali_b.o <-- www.vmud.com /lonely/mudlib/data/board dali_b.o
2003.06.13 23:15 A F:\data\board\gaibang_b.o <-- www.vmud.com /lonely/mudlib/data/board gaibang_b.o
2003.06.13 23:15 A F:\data\board\gaibang_r.o <-- www.vmud.com /lonely/mudlib/data/board gaibang_r.o
2003.06.13 23:15 A F:\data\board\guiyun_b.o <-- www.vmud.com /lonely/mudlib/data/board guiyun_b.o
2003.06.13 23:15 A F:\data\board\gumu_b.o <-- www.vmud.com /lonely/mudlib/data/board gumu_b.o
2003.06.13 23:15 A F:\data\board\henshan_b.o <-- www.vmud.com /lonely/mudlib/data/board henshan_b.o
2003.06.13 23:15 A F:\data\board\hu_b.o <-- www.vmud.com /lonely/mudlib/data/board hu_b.o
2003.06.13 23:15 A F:\data\board\huashan_b.o <-- www.vmud.com /lonely/mudlib/data/board huashan_b.o
2003.06.13 23:15 A F:\data\board\jianzong_b.o <-- www.vmud.com /lonely/mudlib/data/board jianzong_b.o
2003.06.13 23:15 A F:\data\board\kedian2_b.o <-- www.vmud.com /lonely/mudlib/data/board kedian2_b.o
2003.06.13 23:15 A F:\data\board\kedian3_b.o <-- www.vmud.com /lonely/mudlib/data/board kedian3_b.o
2003.06.13 23:15 A F:\data\board\kedian_b.o <-- www.vmud.com /lonely/mudlib/data/board kedian_b.o
2003.06.13 23:15 A F:\data\board\lonely_b.o <-- www.vmud.com /lonely/mudlib/data/board lonely_b.o
2003.06.13 23:15 A F:\data\board\mingjiao_b.o <-- www.vmud.com /lonely/mudlib/data/board mingjiao_b.o
2003.06.13 23:15 A F:\data\board\murong_b.o <-- www.vmud.com /lonely/mudlib/data/board murong_b.o
2003.06.13 23:15 A F:\data\board\player_b.o <-- www.vmud.com /lonely/mudlib/data/board player_b.o
2003.06.13 23:15 A F:\data\board\qingcheng_b.o <-- www.vmud.com /lonely/mudlib/data/board qingcheng_b.o
2003.06.13 23:15 A F:\data\board\quanzhen_b.o <-- www.vmud.com /lonely/mudlib/data/board quanzhen_b.o
2003.06.13 23:15 A F:\data\board\shaolin_b.o <-- www.vmud.com /lonely/mudlib/data/board shaolin_b.o
2003.06.13 23:15 A F:\data\board\sinb_b.o <-- www.vmud.com /lonely/mudlib/data/board sinb_b.o
2003.06.13 23:15 A F:\data\board\soo_b.o <-- www.vmud.com /lonely/mudlib/data/board soo_b.o
2003.06.13 23:15 A F:\data\board\taishan_b.o <-- www.vmud.com /lonely/mudlib/data/board taishan_b.o
2003.06.13 23:15 A F:\data\board\taohua_b.o <-- www.vmud.com /lonely/mudlib/data/board taohua_b.o
2003.06.13 23:15 A F:\data\board\tiandi_b.o <-- www.vmud.com /lonely/mudlib/data/board tiandi_b.o
2003.06.13 23:15 A F:\data\board\towiz_b.o <-- www.vmud.com /lonely/mudlib/data/board towiz_b.o
2003.06.13 23:15 A F:\data\board\wiz_b.o <-- www.vmud.com /lonely/mudlib/data/board wiz_b.o
2003.06.13 23:15 A F:\data\board\wudang_b.o <-- www.vmud.com /lonely/mudlib/data/board wudang_b.o
2003.06.13 23:15 A F:\data\board\xiake_b.o <-- www.vmud.com /lonely/mudlib/data/board xiake_b.o
2003.06.13 23:15 A F:\data\board\xiaoy_b.o <-- www.vmud.com /lonely/mudlib/data/board xiaoy_b.o
2003.06.13 23:15 A F:\data\board\xingxiu_b.o <-- www.vmud.com /lonely/mudlib/data/board xingxiu_b.o
2003.06.13 23:15 A F:\data\board\xueshan_b.o <-- www.vmud.com /lonely/mudlib/data/board xueshan_b.o
2003.06.15 10:56 B F:\data\board\WS_FTP.LOG <-- 61.128.162.80 /nitan/data/board WS_FTP.LOG
2003.06.15 10:56 B F:\data\board\wudang_b.o <-- 61.128.162.80 /nitan/data/board wudang_b.o
2003.06.15 10:56 B F:\data\board\xiake_b.o <-- 61.128.162.80 /nitan/data/board xiake_b.o
2003.06.15 10:56 B F:\data\board\xiaoy_b.o <-- 61.128.162.80 /nitan/data/board xiaoy_b.o
2003.06.15 10:56 B F:\data\board\xingxiu_b.o <-- 61.128.162.80 /nitan/data/board xingxiu_b.o
2003.06.15 10:56 B F:\data\board\xueshan_b.o <-- 61.128.162.80 /nitan/data/board xueshan_b.o
