Can't find "mudos", ignoring old binaries.
Try invoking the driver using the full pathname.
System Error: init_addr_server: connect: 由于目标机器积极拒绝，无法连接。


Loading preloaded files ...
错误讯息被拦截: 
执行时段错误：*Illegal array size.

程式：adm/daemons/convertd.c 第 7074 行
物件: /adm/daemons/convertd
呼叫来自：adm/obj/master.c 的 preload() 第 99 行，物件： adm/obj/master
呼叫来自：adm/obj/master.c 的 CATCH() 第 99 行，物件： adm/obj/master
呼叫来自：adm/daemons/convertd.c 的 #global_init#() 第 7074 行，物件： adm/daemons/convertd
Initializations complete.

Accepting connections on port 6666.
Accepting connections on port 8080.

执行时段错误：*Bad argument 1 to call_other()
Expected: string or array or object Got: 0.

程式：d/npc/choose.c 第 57 行
物件: /d/npc/choose
呼叫来自：d/npc/choose.c 的 choose_npc() 第 57 行，物件： d/npc/choose
get_user_data: read on fd 476
System Error: get_user_data: read: Cannot create a file when that file already exists.

get_user_data: read on fd 848
System Error: get_user_data: read: Cannot create a file when that file already exists.

get_user_data: read on fd 1052
System Error: get_user_data: read: Cannot create a file when that file already exists.

