1422762432 4 0
1422762432 16 0 16 0
1415263677 16 0 16 0
1415263500 16 0 16 0
1415263200 16 0 16 0
1415262900 16 0 16 0
1415262600 16 0 16 0
1415262300 16 0 16 0
1415262000 16 0 16 0
1415261700 16 0 16 0
1415261400 16 0 16 0
1415261100 16 0 16 0
1415260800 16 0 16 0
1415260500 16 0 16 0
1415260200 16 0 16 0
1415259900 16 0 16 0
1415259600 16 0 16 0
1415259300 16 0 16 0
1415259000 16 0 16 0
1415258700 16 0 16 0
1415258400 16 0 16 0
1415258100 16 0 16 0
1415257800 16 0 16 0
1415257500 16 0 16 0
1415257200 16 0 16 0
1415256900 16 0 16 0
1415256600 16 0 16 0
1415256300 16 0 16 0
1415256000 16 0 16 0
1415255700 16 0 16 0
1415255400 16 0 16 0
1415255100 16 0 16 0
1415254800 16 0 16 0
1415254500 16 0 16 0
1415254200 16 0 16 0
1415253900 16 0 16 0
1415253600 16 0 16 0
1415253300 16 0 16 0
1415253000 16 0 16 0
1415252700 16 0 16 0
1415252400 16 0 16 0
1415252100 16 0 16 0
1415251800 16 0 16 0
1415251500 16 0 16 0
1415251200 16 0 16 0
1415250900 16 0 16 0
1415250600 16 0 16 0
1415250300 16 0 16 0
1415250000 16 0 16 0
1415249700 16 0 16 0
1415249400 16 0 16 0
1415249100 16 0 16 0
1415248800 16 0 16 0
1415248500 16 0 16 0
1415248200 3 0 16 0
1415247900 1 0 1 0
1415247600 1 0 1 0
1415247300 1 0 1 0
1415247000 1 0 1 0
1415246700 1 0 1 0
1415246400 1 0 1 0
1415246100 1 0 1 0
1415245800 1 0 1 0
1415245500 1 0 1 0
1415245200 1 0 1 0
1415244900 1 0 1 0
1415244600 1 0 1 0
1415244300 1 0 1 0
1415244000 1 0 1 0
1415243700 1 0 1 0
1415243400 1 0 1 0
1415243100 1 0 1 0
1415242800 1 0 1 0
1415242500 1 0 1 0
1415242200 1 0 1 0
1415241900 1 0 1 0
1415241600 1 0 1 0
1415241300 1 0 1 0
1415241000 1 0 1 0
1415240700 1 0 1 0
1415240400 1 0 1 0
1415240100 1 0 1 0
1415239800 1 0 1 0
1415239500 1 0 1 0
1415239200 1 0 1 0
1415238900 1 0 1 0
1415238600 1 0 1 0
1415238300 1 0 1 0
1415238000 1 0 1 0
1415237700 1 0 1 0
1415237400 1 0 1 0
1415237100 1 0 1 0
1415236800 1 0 1 0
1415236500 1 0 1 0
1415236200 1 0 1 0
1415235900 1 0 1 0
1415235600 1 0 1 0
1415235300 1 0 1 0
1415235000 1 0 1 0
1415234700 1 0 1 0
1415234400 1 0 1 0
1415234100 1 0 1 0
1415233800 1 0 1 0
1415233500 1 0 1 0
1415233200 1 0 1 0
1415232900 1 0 1 0
1415232600 1 0 1 0
1415232300 1 0 1 0
1415232000 1 0 1 0
1415231700 1 0 1 0
1415231400 1 0 1 0
1415231100 1 0 1 0
1415230800 1 0 1 0
1415230500 1 0 1 0
1415230200 1 0 1 0
1415229900 1 0 1 0
1415229600 1 0 1 0
1415229300 1 0 1 0
1415229000 1 0 1 0
1415228700 1 0 1 0
1415228400 1 0 1 0
1415228100 1 0 1 0
1415227800 1 0 1 0
1415227500 1 0 1 0
1415227200 1 0 1 0
1415226900 1 0 1 0
1415226600 1 0 1 0
1415226300 1 0 1 0
1415226000 1 0 1 0
1415225700 1 0 1 0
1415225400 1 0 1 0
1415225100 1 0 1 0
1415224800 1 0 1 0
1415224500 1 0 1 0
1415224200 1 0 1 0
1415223900 1 0 1 0
1415223600 1 0 1 0
1415223300 1 0 1 0
1415223000 1 0 1 0
1415222700 1 0 1 0
1415222400 1 0 1 0
1415222100 1 0 1 0
1415221800 1 0 1 0
1415221500 1 0 1 0
1415221200 1 0 1 0
1415220900 1 0 1 0
1415220600 1 0 1 0
1415220300 1 0 1 0
1415220000 1 0 1 0
1415219700 1 0 1 0
1415219400 1 0 1 0
1415219100 1 0 1 0
1415218800 1 0 1 0
1415218500 1 0 1 0
1415218200 1 0 1 0
1415217900 1 0 1 0
1415217600 1 0 1 0
1415217300 1 0 1 0
1415217000 1 0 1 0
1415216700 1 0 1 0
1415216400 1 0 1 0
1415216100 1 0 1 0
1415215800 1 0 1 0
1415215500 1 0 1 0
1415215200 1 0 1 0
1415214900 1 0 1 0
1415214600 1 0 1 0
1415214300 1 0 1 0
1415214000 1 0 1 0
1415213700 1 0 1 0
1415213400 1 0 1 0
1415213100 1 0 1 0
1415212800 1 0 1 0
1415212500 1 0 1 0
1415212200 1 0 1 0
1415211900 1 0 1 0
1415211600 1 0 1 0
1415211300 1 0 1 0
1415211000 1 0 1 0
1415210700 1 0 1 0
1415210400 1 0 1 0
1415210100 1 0 1 0
1415209800 1 0 1 0
1415209500 1 0 1 0
1415209200 1 0 1 0
1415208900 1 0 1 0
1415208600 1 0 1 0
1415208300 1 0 1 0
1415208000 1 0 1 0
1415207700 1 0 1 0
1415207400 1 0 1 0
1415207100 1 0 1 0
1415206800 1 0 1 0
1415206500 1 0 1 0
1415206200 1 0 1 0
1415205900 1 0 1 0
1415205600 1 0 1 0
1415205300 1 0 1 0
1415205000 1 0 1 0
1415204700 1 0 1 0
1415204400 1 0 1 0
1415204100 1 0 1 0
1415203800 1 0 1 0
1415203500 1 0 1 0
1415203200 1 0 1 0
1415202900 1 0 1 0
1415202600 1 0 1 0
1415202300 1 0 1 0
1415202000 1 0 1 0
1415201700 1 0 1 0
1415201400 1 0 1 0
1415201100 1 0 1 0
1415200800 1 0 1 0
1415200500 1 0 1 0
1415200200 1 0 1 0
1415199900 1 0 1 0
1415199600 1 0 1 0
1415199300 1 0 1 0
1415199000 0 0 1 0
1415198700 0 0 0 0
1415198400 0 0 0 0
1415198100 0 0 0 0
1415197800 0 0 0 0
1415197500 0 0 0 0
1415197200 0 0 0 0
1415196900 0 0 0 0
1415196600 0 0 0 0
1415196300 0 0 0 0
1415196000 0 0 0 0
1415195700 0 0 0 0
1415195400 0 0 0 0
1415195100 0 0 0 0
1415194800 0 0 0 0
1415194500 0 0 0 0
1415194200 0 0 0 0
1415193900 0 0 0 0
1415193600 0 0 0 0
1415193300 0 0 0 0
1415193000 11 0 12 0
1415192700 12 0 12 0
1415192400 12 0 12 0
1415192100 12 0 12 0
1415191800 12 0 12 0
1415191500 12 0 12 0
1415191200 12 0 12 0
1415190900 12 0 12 0
1415190600 12 0 12 0
1415190300 12 0 12 0
1415190000 12 0 12 0
1415189700 12 0 12 0
1415189400 12 0 12 0
1415189100 12 0 12 0
1415188800 12 0 12 0
1415188500 12 0 12 0
1415188200 12 0 12 0
1415187900 12 0 12 0
1415187600 12 0 12 0
1415187300 12 0 12 0
1415187000 12 0 12 0
1415186700 12 0 12 0
1415186400 12 0 12 0
1415186100 12 0 12 0
1415185800 12 0 12 0
1415185500 12 0 12 0
1415185200 12 0 12 0
1415184900 12 0 12 0
1415184600 12 0 12 0
1415184300 12 0 12 0
1415184000 12 0 12 0
1415183700 12 0 12 0
1415183400 12 0 12 0
1415183100 12 0 12 0
1415182800 12 0 12 0
1415182500 12 0 12 0
1415182200 12 0 12 0
1415181900 12 0 12 0
1415181600 12 0 12 0
1415181300 12 0 12 0
1415181000 12 0 12 0
1415180700 12 0 12 0
1415180400 12 0 12 0
1415180100 12 0 12 0
1415179800 12 0 12 0
1415179500 12 0 12 0
1415179200 12 0 12 0
1415178900 12 0 12 0
1415178600 12 0 12 0
1415178300 12 0 12 0
1415178000 12 0 12 0
1415177700 12 0 12 0
1415177400 12 0 12 0
1415177100 12 0 12 0
1415176800 12 0 12 0
1415176500 12 0 12 0
1415176200 12 0 12 0
1415175900 12 0 12 0
1415175600 12 0 12 0
1415175300 12 0 12 0
1415175000 12 0 12 0
1415174700 12 0 12 0
1415174400 12 0 12 0
1415174100 12 0 12 0
1415173800 12 0 12 0
1415173500 12 0 12 0
1415173200 12 0 12 0
1415172900 12 0 12 0
1415172600 12 0 12 0
1415172300 12 0 12 0
1415172000 12 0 12 0
1415171700 12 0 12 0
1415171400 12 0 12 0
1415171100 12 0 12 0
1415170800 12 0 12 0
1415170500 12 0 12 0
1415170200 12 0 12 0
1415169900 12 0 12 0
1415169600 12 0 12 0
1415169300 12 0 12 0
1415169000 12 0 12 0
1415168700 12 0 12 0
1415168400 12 0 12 0
1415168100 12 0 12 0
1415167800 12 0 12 0
1415167500 12 0 12 0
1415167200 12 0 12 0
1415166900 12 0 12 0
1415166600 12 0 12 0
1415166300 12 0 12 0
1415166000 12 0 12 0
1415165700 12 0 12 0
1415165400 12 0 12 0
1415165100 12 0 12 0
1415164800 12 0 12 0
1415164500 12 0 12 0
1415164200 12 0 12 0
1415163900 12 0 12 0
1415163600 12 0 12 0
1415163300 12 0 12 0
1415163000 12 0 12 0
1415162700 12 0 12 0
1415162400 12 0 12 0
1415162100 12 0 12 0
1415161800 12 0 12 0
1415161500 12 0 12 0
1415161200 12 0 12 0
1415160900 12 0 12 0
1415160600 12 0 12 0
1415160300 12 0 12 0
1415160000 12 0 12 0
1415159700 12 0 12 0
1415159400 12 0 12 0
1415159100 12 0 12 0
1415158800 12 0 12 0
1415158500 12 0 12 0
1415158200 12 0 12 0
1415157900 12 0 12 0
1415157600 12 0 12 0
1415157300 12 0 12 0
1415157000 12 0 12 0
1415156700 12 0 12 0
1415156400 12 0 12 0
1415156100 12 0 12 0
1415155800 12 0 12 0
1415155500 12 0 12 0
1415155200 12 0 12 0
1415154900 12 0 12 0
1415154600 12 0 12 0
1415154300 12 0 12 0
1415154000 12 0 12 0
1415153700 12 0 12 0
1415153400 12 0 12 0
1415153100 12 0 12 0
1415152800 12 0 12 0
1415152500 12 0 12 0
1415152200 12 0 12 0
1415151900 12 0 12 0
1415151600 12 0 12 0
1415151300 12 0 12 0
1415151000 12 0 12 0
1415150700 12 0 12 0
1415150400 12 0 12 0
1415150100 12 0 12 0
1415149800 12 0 12 0
1415149500 12 0 12 0
1415149200 12 0 12 0
1415148900 12 0 12 0
1415148600 12 0 12 0
1415148300 12 0 12 0
1415148000 12 0 12 0
1415147700 12 0 12 0
1415147400 12 0 12 0
1415147100 12 0 12 0
1415146800 12 0 12 0
1415146500 12 0 12 0
1415146200 12 0 12 0
1415145900 12 0 12 0
1415145600 12 0 12 0
1415145300 12 0 12 0
1415145000 12 0 12 0
1415144700 12 0 12 0
1415144400 12 0 12 0
1415144100 12 0 12 0
1415143800 12 0 12 0
1415143500 12 0 12 0
1415143200 12 0 12 0
1415142900 12 0 12 0
1415142600 12 0 12 0
1415142300 12 0 12 0
1415142000 12 0 12 0
1415141700 12 0 12 0
1415141400 12 0 12 0
1415141100 12 0 12 0
1415140800 12 0 12 0
1415140500 12 0 12 0
1415140200 12 0 12 0
1415139900 12 0 12 0
1415139600 12 0 12 0
1415139300 12 0 12 0
1415139000 12 0 12 0
1415138700 12 0 12 0
1415138400 12 0 12 0
1415138100 12 0 12 0
1415137800 12 0 12 0
1415137500 12 0 12 0
1415137200 12 0 12 0
1415136900 12 0 12 0
1415136600 12 0 12 0
1415136300 12 0 12 0
1415136000 12 0 12 0
1415135700 12 0 12 0
1415135400 12 0 12 0
1415135100 12 0 12 0
1415134800 12 0 12 0
1415134500 12 0 12 0
1415134200 12 0 12 0
1415133900 12 0 12 0
1415133600 12 0 12 0
1415133300 12 0 12 0
1415133000 12 0 12 0
1415132700 12 0 12 0
1415132400 12 0 12 0
1415132100 12 0 12 0
1415131800 12 0 12 0
1415131500 12 0 12 0
1415131200 12 0 12 0
1415130900 12 0 12 0
1415130600 12 0 12 0
1415130300 12 0 12 0
1415130000 12 0 12 0
1415129700 12 0 12 0
1415129400 12 0 12 0
1415129100 12 0 12 0
1415128800 12 0 12 0
1415128500 12 0 12 0
1415128200 12 0 12 0
1415127900 12 0 12 0
1415127600 12 0 12 0
1415127300 12 0 12 0
1415127000 12 0 12 0
1415126700 12 0 12 0
1415126400 12 0 12 0
1415126100 12 0 12 0
1415125800 12 0 12 0
1415125500 12 0 12 0
1415125200 12 0 12 0
1415124900 12 0 12 0
1415124600 12 0 12 0
1415124300 12 0 12 0
1415124000 12 0 12 0
1415123700 12 0 12 0
1415123400 12 0 12 0
1415123100 12 0 12 0
1415122800 12 0 12 0
1415122500 12 0 12 0
1415122200 12 0 12 0
1415121900 12 0 12 0
1415121600 12 0 12 0
1415121300 12 0 12 0
1415121000 12 0 12 0
1415120700 12 0 12 0
1415120400 12 0 12 0
1415120100 12 0 12 0
1415119800 12 0 12 0
1415119500 12 0 12 0
1415119200 12 0 12 0
1415118900 12 0 12 0
1415118600 12 0 12 0
1415118300 12 0 12 0
1415118000 12 0 12 0
1415117700 12 0 12 0
1415117400 12 0 12 0
1415117100 12 0 12 0
1415116800 12 0 12 0
1415116500 12 0 12 0
1415116200 12 0 12 0
1415115900 12 0 12 0
1415115600 12 0 12 0
1415115300 12 0 12 0
1415115000 12 0 12 0
1415114700 12 0 12 0
1415114400 12 0 12 0
1415114100 12 0 12 0
1415113800 12 0 12 0
1415113500 12 0 12 0
1415113200 12 0 12 0
1415112900 12 0 12 0
1415112600 12 0 12 0
1415112300 12 0 12 0
1415112000 12 0 12 0
1415111700 12 0 12 0
1415111400 12 0 12 0
1415111100 12 0 12 0
1415110800 12 0 12 0
1415110500 12 0 12 0
1415110200 12 0 12 0
1415109900 12 0 12 0
1415109600 12 0 12 0
1415109300 12 0 12 0
1415109000 12 0 12 0
1415108700 12 0 12 0
1415108400 12 0 12 0
1415108100 12 0 12 0
1415107800 12 0 12 0
1415107500 12 0 12 0
1415107200 12 0 12 0
1415106900 12 0 12 0
1415106600 12 0 12 0
1415106300 12 0 12 0
1415106000 12 0 12 0
1415105700 12 0 12 0
1415105400 12 0 12 0
1415105100 12 0 12 0
1415104800 12 0 12 0
1415104500 12 0 12 0
1415104200 12 0 12 0
1415103900 12 0 12 0
1415103600 12 0 12 0
1415103300 12 0 12 0
1415103000 12 0 12 0
1415102700 12 0 12 0
1415102400 12 0 12 0
1415102100 12 0 12 0
1415101800 12 0 12 0
1415101500 12 0 12 0
1415101200 12 0 12 0
1415100900 12 0 12 0
1415100600 12 0 12 0
1415100300 12 0 12 0
1415100000 12 0 12 0
1415099700 12 0 12 0
1415099400 12 0 12 0
1415099100 12 0 12 0
1415098800 12 0 12 0
1415098500 12 0 12 0
1415098200 12 0 12 0
1415097900 12 0 12 0
1415097600 12 0 12 0
1415097300 12 0 12 0
1415097000 12 0 12 0
1415096700 12 0 12 0
1415096400 12 0 12 0
1415096100 12 0 12 0
1415095800 12 0 12 0
1415095500 12 0 12 0
1415095200 12 0 12 0
1415094900 12 0 12 0
1415094600 12 0 12 0
1415094300 12 0 12 0
1415094000 12 0 12 0
1415093700 12 0 12 0
1415093400 12 0 12 0
1415093100 12 0 12 0
1415092800 12 0 12 0
1415092500 12 0 12 0
1415092200 12 0 12 0
1415091900 12 0 12 0
1415091600 12 0 12 0
1415091300 12 0 12 0
1415091000 12 0 12 0
1415090700 12 0 12 0
1415090400 12 0 12 0
1415090100 12 0 12 0
1415089800 12 0 12 0
1415089500 12 0 12 0
1415089200 12 0 12 0
1415088900 12 0 12 0
1415088600 12 0 12 0
1415088300 12 0 12 0
1415088000 12 0 12 0
1415087700 12 0 12 0
1415087400 12 0 12 0
1415087100 12 0 12 0
1415086800 12 0 12 0
1415086500 12 0 12 0
1415086200 12 0 12 0
1415085900 12 0 12 0
1415085600 12 0 12 0
1415085300 12 0 12 0
1415085000 12 0 12 0
1415084700 12 0 12 0
1415084400 12 0 12 0
1415084100 12 0 12 0
1415083800 12 0 12 0
1415082600 12 0 12 0
1415080800 12 0 12 0
1415079000 12 0 12 0
1415077200 12 0 12 0
1415075400 12 0 12 0
1415073600 12 0 12 0
1415071800 12 0 12 0
1415070000 12 0 12 0
1415068200 12 0 12 0
1415066400 12 0 12 0
1415064600 12 0 12 0
1415062800 12 0 12 0
1415061000 12 0 12 0
1415059200 12 0 12 0
1415057400 12 0 12 0
1415055600 12 0 12 0
1415053800 12 0 12 0
1415052000 12 0 12 0
1415050200 12 0 12 0
1415048400 12 0 12 0
1415046600 12 0 12 0
1415044800 12 0 12 0
1415043000 12 0 12 0
1415041200 12 0 12 0
1415039400 12 0 12 0
1415037600 12 0 12 0
1415035800 12 0 12 0
1415034000 12 0 12 0
1415032200 12 0 12 0
1415030400 12 0 12 0
1415028600 12 0 12 0
1415026800 12 0 12 0
1415025000 12 0 12 0
1415023200 12 0 12 0
1415021400 12 0 12 0
1415019600 12 0 12 0
1415017800 12 0 12 0
1415016000 12 0 12 0
1415014200 12 0 12 0
1415012400 12 0 12 0
1415010600 12 0 12 0
1415008800 12 0 12 0
1415007000 12 0 12 0
1415005200 12 0 12 0
1415003400 12 0 12 0
1415001600 12 0 12 0
1414999800 12 0 12 0
1414998000 12 0 12 0
1414996200 12 0 12 0
1414994400 12 0 12 0
1414992600 12 0 12 0
1414990800 12 0 12 0
1414989000 12 0 12 0
1414987200 12 0 12 0
1414985400 12 0 12 0
1414983600 12 0 12 0
1414981800 12 0 12 0
1414980000 12 0 12 0
1414978200 12 0 12 0
1414976400 12 0 12 0
1414974600 12 0 12 0
1414972800 12 0 12 0
1414971000 12 0 12 0
1414969200 12 0 12 0
1414967400 12 0 12 0
1414965600 12 0 12 0
1414963800 12 0 12 0
1414962000 12 0 12 0
1414960200 12 0 12 0
1414958400 12 0 12 0
1414956600 12 0 12 0
1414954800 12 0 12 0
1414953000 12 0 12 0
1414951200 12 0 12 0
1414949400 12 0 12 0
1414947600 12 0 12 0
1414945800 12 0 12 0
1414944000 12 0 12 0
1414942200 12 0 12 0
1414940400 12 0 12 0
1414938600 12 0 12 0
1414936800 12 0 12 0
1414935000 12 0 12 0
1414933200 12 0 12 0
1414931400 12 0 12 0
1414929600 12 0 12 0
1414927800 12 0 12 0
1414926000 12 0 12 0
1414924200 12 0 12 0
1414922400 12 0 12 0
1414920600 12 0 12 0
1414918800 12 0 12 0
1414917000 12 0 12 0
1414915200 12 0 12 0
1414913400 12 0 12 0
1414911600 12 0 12 0
1414909800 12 0 12 0
1414908000 12 0 12 0
1414906200 12 0 12 0
1414904400 12 0 12 0
1414902600 12 0 12 0
1414900800 12 0 12 0
1414899000 12 0 12 0
1414897200 12 0 12 0
1414895400 12 0 12 0
1414893600 12 0 12 0
1414891800 12 0 12 0
1414890000 12 0 12 0
1414888200 12 0 12 0
1414886400 12 0 12 0
1414884600 12 0 12 0
1414882800 12 0 12 0
1414881000 12 0 12 0
1414879200 12 0 12 0
1414877400 12 0 12 0
1414875600 12 0 12 0
1414873800 12 0 12 0
1414872000 12 0 12 0
1414870200 12 0 12 0
1414868400 12 0 12 0
1414866600 12 0 12 0
1414864800 12 0 12 0
1414863000 12 0 12 0
1414861200 12 0 12 0
1414859400 12 0 12 0
1414857600 12 0 12 0
1414855800 12 0 12 0
1414854000 12 0 12 0
1414852200 12 0 12 0
1414850400 12 0 12 0
1414848600 12 0 12 0
1414846800 12 0 12 0
1414845000 12 0 12 0
1414843200 12 0 12 0
1414841400 12 0 12 0
1414839600 12 0 12 0
1414837800 12 0 12 0
1414836000 12 0 12 0
1414834200 12 0 12 0
1414832400 12 0 12 0
1414830600 12 0 12 0
1414828800 12 0 12 0
1414827000 12 0 12 0
1414825200 12 0 12 0
1414823400 12 0 12 0
1414821600 12 0 12 0
1414819800 12 0 12 0
1414818000 12 0 12 0
1414816200 12 0 12 0
1414814400 12 0 12 0
1414812600 12 0 12 0
1414810800 12 0 12 0
1414809000 12 0 12 0
1414807200 12 0 12 0
1414805400 12 0 12 0
1414803600 12 0 12 0
1414801800 12 0 12 0
1414800000 12 0 12 0
1414798200 12 0 12 0
1414796400 12 0 12 0
1414794600 12 0 12 0
1414792800 12 0 12 0
1414791000 12 0 12 0
1414789200 12 0 12 0
1414787400 12 0 12 0
1414785600 12 0 12 0
1414783800 12 0 12 0
1414782000 12 0 12 0
1414780200 12 0 12 0
1414778400 12 0 12 0
1414776600 12 0 12 0
1414774800 12 0 12 0
1414773000 12 0 12 0
1414771200 12 0 12 0
1414769400 12 0 12 0
1414767600 12 0 12 0
1414765800 12 0 12 0
1414764000 12 0 12 0
1414762200 12 0 12 0
1414760400 12 0 12 0
1414758600 12 0 12 0
1414756800 12 0 12 0
1414755000 12 0 12 0
1414753200 12 0 12 0
1414751400 12 0 12 0
1414749600 12 0 12 0
1414747800 12 0 12 0
1414746000 12 0 12 0
1414744200 12 0 12 0
1414742400 12 0 12 0
1414740600 12 0 12 0
1414738800 12 0 12 0
1414737000 12 0 12 0
1414735200 12 0 12 0
1414733400 12 0 12 0
1414731600 12 0 12 0
1414729800 12 0 12 0
1414728000 12 0 12 0
1414726200 12 0 12 0
1414724400 12 0 12 0
1414722600 12 0 12 0
1414720800 12 0 12 0
1414719000 12 0 12 0
1414717200 12 0 12 0
1414715400 12 0 12 0
1414713600 12 0 12 0
1414711800 12 0 12 0
1414710000 12 0 12 0
1414708200 12 0 12 0
1414706400 12 0 12 0
1414704600 12 0 12 0
1414702800 12 0 12 0
1414701000 12 0 12 0
1414699200 12 0 12 0
1414697400 12 0 12 0
1414695600 12 0 12 0
1414693800 12 0 12 0
1414692000 12 0 12 0
1414690200 12 0 12 0
1414688400 12 0 12 0
1414686600 12 0 12 0
1414684800 12 0 12 0
1414683000 12 0 12 0
1414681200 12 0 12 0
1414679400 12 0 12 0
1414677600 12 0 12 0
1414675800 12 0 12 0
1414674000 12 0 12 0
1414672200 12 0 12 0
1414670400 12 0 12 0
1414668600 12 0 12 0
1414666800 12 0 12 0
1414665000 12 0 12 0
1414663200 12 0 12 0
1414661400 12 0 12 0
1414659600 12 0 12 0
1414657800 12 0 12 0
1414656000 12 0 12 0
1414654200 12 0 12 0
1414652400 12 0 12 0
1414650600 12 0 12 0
1414648800 12 0 12 0
1414647000 12 0 12 0
1414645200 12 0 12 0
1414643400 12 0 12 0
1414641600 12 0 12 0
1414639800 12 0 12 0
1414638000 12 0 12 0
1414636200 12 0 12 0
1414634400 12 0 12 0
1414632600 12 0 12 0
1414630800 12 0 12 0
1414629000 12 0 12 0
1414627200 12 0 12 0
1414625400 12 0 12 0
1414623600 12 0 12 0
1414621800 12 0 12 0
1414620000 12 0 12 0
1414618200 12 0 12 0
1414616400 12 0 12 0
1414614600 12 0 12 0
1414612800 12 0 12 0
1414611000 12 0 12 0
1414609200 12 0 12 0
1414607400 12 0 12 0
1414605600 12 0 12 0
1414603800 12 0 12 0
1414602000 12 0 12 0
1414600200 12 0 12 0
1414598400 12 0 12 0
1414596600 12 0 12 0
1414594800 12 0 12 0
1414593000 12 0 12 0
1414591200 12 0 12 0
1414589400 12 0 12 0
1414587600 12 0 12 0
1414585800 12 0 12 0
1414584000 12 0 12 0
1414582200 12 0 12 0
1414580400 12 0 12 0
1414578600 12 0 12 0
1414576800 12 0 12 0
1414575000 12 0 12 0
1414573200 12 0 12 0
1414571400 12 0 12 0
1414569600 12 0 12 0
1414567800 12 0 12 0
1414566000 12 0 12 0
1414564200 12 0 12 0
1414562400 12 0 12 0
1414560600 12 0 12 0
1414558800 12 0 12 0
1414557000 12 0 12 0
1414555200 12 0 12 0
1414553400 12 0 12 0
1414551600 12 0 12 0
1414549800 12 0 12 0
1414548000 12 0 12 0
1414546200 12 0 12 0
1414544400 12 0 12 0
1414542600 12 0 12 0
1414540800 12 0 12 0
1414539000 12 0 12 0
1414537200 12 0 12 0
1414535400 12 0 12 0
1414533600 12 0 12 0
1414531800 12 0 12 0
1414530000 12 0 12 0
1414528200 12 0 12 0
1414526400 12 0 12 0
1414524600 12 0 12 0
1414522800 12 0 12 0
1414521000 12 0 12 0
1414519200 12 0 12 0
1414517400 12 0 12 0
1414515600 12 0 12 0
1414513800 12 0 12 0
1414512000 12 0 12 0
1414510200 12 0 12 0
1414508400 12 0 12 0
1414506600 12 0 12 0
1414504800 12 0 12 0
1414503000 12 0 12 0
1414501200 12 0 12 0
1414499400 12 0 12 0
1414497600 12 0 12 0
1414495800 12 0 12 0
1414494000 12 0 12 0
1414492200 12 0 12 0
1414490400 12 0 12 0
1414488600 12 0 12 0
1414486800 12 0 12 0
1414485000 12 0 12 0
1414483200 12 0 12 0
1414481400 12 0 12 0
1414479600 12 0 12 0
1414477800 12 0 12 0
1414476000 12 0 12 0
1414474200 12 0 12 0
1414472400 12 0 12 0
1414470600 12 0 12 0
1414468800 12 0 12 0
1414467000 12 0 12 0
1414465200 12 0 12 0
1414463400 12 0 12 0
1414461600 12 0 12 0
1414459800 12 0 12 0
1414458000 12 0 12 0
1414456200 12 0 12 0
1414454400 12 0 12 0
1414452600 12 0 12 0
1414450800 12 0 12 0
1414449000 12 0 12 0
1414447200 12 0 12 0
1414445400 12 0 12 0
1414443600 12 0 12 0
1414441800 12 0 12 0
1414440000 12 0 12 0
1414438200 12 0 12 0
1414436400 12 0 12 0
1414434600 12 0 12 0
1414432800 12 0 12 0
1414431000 12 0 12 0
1414429200 12 0 12 0
1414427400 12 0 12 0
1414425600 12 0 26 0
1414423800 26 0 27 0
1414422000 27 0 27 0
1414420200 27 0 27 0
1414418400 27 0 27 0
1414416600 27 0 27 0
1414414800 27 0 27 0
1414413000 27 0 27 0
1414411200 27 0 27 0
1414409400 27 0 27 0
1414407600 27 0 27 0
1414405800 27 0 27 0
1414404000 27 0 29 0
1414402200 29 0 29 0
1414400400 29 0 29 0
1414398600 29 0 29 0
1414396800 29 0 29 0
1414395000 29 0 29 0
1414393200 29 0 29 0
1414391400 28 0 29 0
1414389600 28 0 29 0
1414387800 29 0 29 0
1414386000 29 0 29 0
1414384200 29 0 29 0
1414382400 29 0 29 0
1414380600 29 0 29 0
1414378800 29 0 29 0
1414377000 29 0 29 0
1414375200 28 0 29 0
1414373400 22 0 23 0
1414371600 16 0 17 0
1414369800 14 0 14 0
1414368000 14 0 14 0
1414366200 14 0 14 0
1414364400 14 0 14 0
1414362600 14 0 14 0
1414360800 14 0 16 0
1414359000 15 0 16 0
1414357200 14 0 15 0
1414355400 14 0 15 0
1414353600 15 0 15 0
1414351800 15 0 15 0
1414350000 15 0 15 0
1414348200 15 0 15 0
1414346400 15 0 15 0
1414344600 15 0 15 0
1414342800 15 0 15 0
1414341000 15 0 15 0
1414339200 15 0 15 0
1414337400 14 0 15 0
1414335600 14 0 14 0
1414333800 14 0 14 0
1414332000 14 0 14 0
1414330200 14 0 14 0
1414328400 14 0 14 0
1414326600 13 0 14 0
1414324800 12 0 13 0
1414323000 0 0 0 0
1414321200 0 0 0 0
1414319400 0 0 0 0
1414317600 0 0 0 0
1414315800 0 0 0 0
1414314000 0 0 0 0
1414312200 0 0 0 0
1414310400 0 0 0 0
1414308600 0 0 0 0
1414306800 0 0 0 0
1414305000 0 0 10 0
1414303200 10 0 11 0
1414301400 11 0 11 0
1414299600 11 0 11 0
1414297800 11 0 11 0
1414296000 11 0 11 0
1414294200 11 0 11 0
1414292400 10 0 11 0
1414290600 1 0 1 0
1414288800 1 0 1 0
1414287000 1 0 1 0
1414285200 1 0 1 0
1414283400 1 0 1 0
1414281600 1 0 1 0
1414279800 1 0 1 0
1414278000 1 0 1 0
1414276200 1 0 1 0
1414274400 1 0 1 0
1414272600 1 0 1 0
1414270800 1 0 1 0
1414269000 1 0 1 0
1414267200 1 0 1 0
1414265400 1 0 1 0
1414263600 1 0 1 0
1414261800 1 0 1 0
1414260000 1 0 2 0
1414258200 2 0 2 0
1414256400 2 0 12 0
1414254600 12 0 17 0
1414252800 17 0 17 0
1414251000 17 0 17 0
1414249200 16 0 17 0
1414247400 16 0 16 0
1414245600 16 0 17 0
1414243800 16 0 17 0
1414242000 16 0 16 0
1414240200 15 0 16 0
1414238400 14 0 14 0
1414236600 14 0 14 0
1414234800 13 0 14 0
1414233000 12 0 12 0
1414231200 12 0 12 0
1414229400 12 0 12 0
1414227600 12 0 12 0
1414225800 12 0 12 0
1414224000 12 0 12 0
1414222200 12 0 12 0
1414220400 12 0 12 0
1414218600 12 0 12 0
1414216800 12 0 12 0
1414215000 12 0 14 0
1414213200 14 0 14 0
1414211400 14 0 14 0
1414209600 13 0 14 0
1414207800 12 0 12 0
1414206000 12 0 12 0
1414204200 12 0 12 0
1414202400 12 0 12 0
1414200600 12 0 12 0
1414198800 11 0 12 0
1414197000 11 0 11 0
1414195200 11 0 13 0
1414193400 13 0 13 0
1414191600 13 0 13 0
1414189800 13 0 14 0
1414188000 14 0 14 0
1414186200 14 0 14 0
1414184400 14 0 14 0
1414182600 14 0 14 0
1414180800 13 0 14 0
1414179000 13 0 14 0
1414177200 14 0 14 0
1414175400 14 0 14 0
1414173600 13 0 14 0
1414171800 13 0 13 0
1414170000 13 0 14 0
1414168200 14 0 14 0
1414166400 13 0 14 0
1414164600 12 0 12 0
1414162800 12 0 12 0
1414161000 12 0 12 0
1414159200 12 0 12 0
1414157400 12 0 12 0
1414155600 12 0 12 0
1414153800 11 0 12 0
1414152000 0 0 0 0
1414150200 0 0 0 0
1414148400 0 0 0 0
1414146600 0 0 1 0
1414144800 1 0 3 0
1414143000 3 0 14 0
1414141200 14 0 15 0
1414139400 15 0 15 0
1414137600 15 0 15 0
1414135800 15 0 15 0
1414134000 14 0 15 0
1414132200 14 0 15 0
1414130400 15 0 15 0
1414128600 15 0 15 0
1414126800 15 0 17 0
1414125000 17 0 17 0
1414123200 17 0 17 0
1414121400 17 0 17 0
1414119600 17 0 17 0
1414117800 17 0 17 0
1414116000 17 0 17 0
1414114200 16 0 17 0
1414112400 13 0 14 0
1414110600 9 0 12 0
1414108800 12 0 13 0
1414107000 13 0 21 0
1414105200 21 0 22 0
1414103400 22 0 22 0
1414101600 22 0 22 0
1414099800 22 0 22 0
1414098000 21 0 22 0
1414096200 21 0 22 0
1414094400 22 0 22 0
1414092600 21 0 22 0
1414090800 20 0 20 0
1414089000 20 0 20 0
1414087200 20 0 20 0
1414085400 20 0 20 0
1414083600 20 0 20 0
1414081800 20 0 20 0
1414080000 20 0 21 0
1414078200 21 0 21 0
1414076400 21 0 21 0
1414074600 21 0 21 0
1414072800 21 0 22 0
1414071000 22 0 22 0
1414069200 22 0 22 0
1414067400 22 0 22 0
1414065600 21 0 22 0
1414063800 12 0 12 0
1414062000 12 0 12 0
1414060200 12 0 15 0
1414058400 15 0 15 0
1414056600 15 0 15 0
1414054800 15 0 15 0
1414053000 15 0 15 0
1414051200 15 0 15 0
1414049400 15 0 15 0
1414047600 15 0 15 0
1414045800 15 0 19 0
1414044000 18 0 19 0
1414042200 15 0 15 0
1414040400 15 0 17 0
1414038600 17 0 17 0
1414036800 17 0 17 0
1414035000 17 0 17 0
1414033200 16 0 17 0
1414031400 16 0 17 0
1414029600 17 0 17 0
1414027800 16 0 17 0
1414026000 12 0 13 0
1414024200 10 0 10 0
1414022400 10 0 10 0
1414020600 10 0 20 0
1414018800 20 0 20 0
1414017000 20 0 20 0
1414015200 20 0 20 0
1414013400 20 0 20 0
1414011600 20 0 23 0
1414009800 23 0 23 0
1414008000 23 0 23 0
1414006200 22 0 23 0
1414004400 22 0 22 0
1414002600 22 0 23 0
1414000800 23 0 23 0
1413993600 21 0 23 0
1413986400 22 0 23 0
1413979200 18 0 22 0
1413972000 14 0 15 0
1413964800 15 0 16 0
1413957600 15 0 16 0
1413950400 14 0 15 0
1413943200 8 0 15 0
1413936000 4 0 7 0
1413928800 7 0 8 0
1413921600 8 0 8 0
1413914400 6 0 8 0
1413907200 5 0 6 0
1413900000 5 0 6 0
1413892800 1 0 5 0
1413885600 15 0 20 0
1413878400 20 0 20 0
1413871200 20 0 21 0
1413864000 20 0 21 0
1413856800 9 0 20 0
1413849600 1 0 2 0
1413842400 2 0 2 0
1413835200 2 0 2 0
1413828000 1 0 2 0
1413820800 0 0 1 0
1413813600 0 0 0 0
1413806400 0 0 2 0
1413799200 15 0 20 0
1413792000 20 0 20 0
1413784800 20 0 21 0
1413777600 21 0 22 0
1413770400 10 0 21 0
1413763200 0 0 0 0
1413756000 0 0 0 0
1413748800 0 0 3 0
1413741600 3 0 7 0
1413734400 4 0 6 0
1413727200 1 0 5 0
1413720000 5 0 5 0
1413712800 4 0 5 0
1413705600 5 0 5 0
1413698400 6 0 7 0
1413691200 6 0 7 0
1413684000 2 0 2 0
1413676800 2 0 2 0
1413669600 2 0 2 0
1413662400 1 0 2 0
1413655200 1 0 1 0
1413648000 1 0 1 0
1413640800 0 0 1 0
1413633600 0 0 0 0
1413626400 0 0 0 0
1413619200 0 0 0 0
1413612000 0 0 1 0
1413604800 8 0 12 0
1413597600 2 0 11 0
1413590400 0 0 1 0
1413583200 1 0 2 0
1413576000 2 0 2 0
1413568800 4 0 10 0
1413561600 9 0 12 0
1413554400 8 0 11 0
1413547200 0 0 1 0
1413540000 7 0 9 0
1413532800 9 0 9 0
1413525600 9 0 11 0
1413518400 6 0 11 0
1413511200 2 0 3 0
1413504000 0 0 2 0
1413496800 2 0 2 0
1413489600 2 0 2 0
1413482400 2 0 2 0
1413475200 2 0 2 0
1413468000 0 0 2 0
1413460800 0 0 0 0
1413453600 7 0 13 0
1413446400 12 0 12 0
1413439200 12 0 12 0
1413432000 12 0 14 0
1413424800 5 0 12 0
1413417600 1 0 2 0
1413410400 2 0 2 0
1413403200 2 0 2 0
1413396000 2 0 2 0
1413388800 0 0 2 0
1413381600 0 0 0 0
1413374400 0 0 0 0
1413367200 6 0 12 0
1413360000 12 0 12 0
1413352800 12 0 12 0
1413345600 12 0 13 0
1413338400 6 0 13 0
1413331200 0 0 2 0
1413324000 2 0 2 0
1413316800 0 0 2 0
1413309600 1 0 2 0
1413302400 0 0 0 0
1413295200 0 0 0 0
1413288000 0 0 11 0
1413280800 11 0 12 0
1413273600 12 0 12 0
1413266400 12 0 14 0
1413259200 13 0 14 0
1413252000 4 0 12 0
1413244800 2 0 2 0
1413237600 2 0 2 0
1413230400 2 0 2 0
1413223200 2 0 2 0
1413216000 0 0 2 0
1413208800 0 0 0 0
1413201600 0 0 12 0
1413194400 12 0 13 0
1413187200 12 0 12 0
1413180000 12 0 12 0
1413172800 7 0 12 0
1413165600 0 0 0 0
1413158400 0 0 0 0
1413151200 0 0 0 0
1413144000 0 0 0 0
1413136800 0 0 0 0
1413129600 0 0 0 0
1413122400 0 0 0 0
1413115200 0 0 0 0
1413108000 0 0 0 0
1413100800 0 0 0 0
1413093600 0 0 0 0
1413086400 1 0 2 0
1413079200 2 0 2 0
1413072000 0 0 2 0
1413064800 0 0 0 0
1413057600 0 0 2 0
1413050400 1 0 2 0
1413043200 0 0 2 0
1413036000 0 0 0 0
1413028800 0 0 0 0
1413021600 0 0 0 0
1413014400 0 0 0 0
1413007200 9 0 14 0
1413000000 12 0 14 0
1412992800 6 0 12 0
1412985600 2 0 3 0
1412978400 2 0 3 0
1412971200 2 0 2 0
1412964000 1 0 2 0
1412956800 0 0 2 0
1412949600 0 0 0 0
1412942400 0 0 1 0
1412935200 2 0 3 0
1412928000 3 0 3 0
1412920800 3 0 3 0
1412913600 3 0 3 0
1412906400 2 0 3 0
1412899200 1 0 2 0
1412892000 2 0 2 0
1412884800 2 0 3 0
1412877600 2 0 3 0
1412870400 0 0 2 0
1412863200 0 0 0 0
1412856000 0 0 1 0
1412848800 10 0 15 0
1412841600 15 0 15 0
1412834400 15 0 15 0
1412827200 15 0 16 0
1412820000 6 0 15 0
1412812800 1 0 2 0
1412805600 2 0 2 0
1412798400 2 0 2 0
1412791200 2 0 2 0
1412784000 0 0 2 0
1412776800 0 0 0 0
1412769600 0 0 13 0
1412762400 14 0 15 0
1412755200 15 0 16 0
1412748000 15 0 17 0
1412740800 15 0 17 0
1412733600 7 0 15 0
1412726400 2 0 2 0
1412719200 2 0 2 0
1412712000 2 0 2 0
1412704800 2 0 2 0
1412697600 0 0 2 0
1412690400 0 0 2 0
1412683200 0 0 0 0
1412676000 0 0 0 0
1412668800 0 0 0 0
1412661600 0 0 2 0
1412654400 2 0 2 0
1412647200 0 0 2 0
1412640000 0 0 2 0
1412632800 2 0 2 0
1412625600 2 0 2 0
1412618400 2 0 2 0
1412611200 1 0 3 0
1412604000 0 0 3 0
1412596800 0 0 0 0
1412589600 0 0 0 0
1412582400 0 0 0 0
1412575200 0 0 0 0
1412568000 0 0 1 0
1412560800 0 0 1 0
1412553600 0 0 0 0
1412546400 0 0 0 0
1412539200 0 0 0 0
1412532000 0 0 0 0
1412524800 1 0 6 0
1412517600 3 0 6 0
1412510400 1 0 4 0
1412503200 1 0 4 0
1412496000 0 0 0 0
1412488800 0 0 2 0
1412481600 10 0 14 0
1412474400 5 0 12 0
1412467200 0 0 0 0
1412460000 0 0 0 0
1412452800 1 0 2 0
1412445600 2 0 2 0
1412438400 3 0 5 0
1412431200 2 0 5 0
1412424000 0 0 0 0
1412416800 0 0 0 0
1412409600 0 0 0 0
1412402400 1 0 2 0
1412395200 0 0 2 0
1412388000 0 0 2 0
1412380800 2 0 2 0
1412373600 2 0 2 0
1412366400 1 0 2 0
1412359200 2 0 2 0
1412352000 2 0 3 0
1412344800 2 0 3 0
1412337600 0 0 3 0
1412330400 0 0 0 0
1412323200 0 0 0 0
1412316000 2 0 3 0
1412308800 3 0 4 0
1412301600 3 0 4 0
1412294400 2 0 4 0
1412287200 1 0 1 0
1412280000 0 0 1 0
1412272800 0 0 0 0
1412265600 0 0 3 0
1412258400 3 0 3 0
1412251200 3 0 3 0
1412244000 0 0 3 0
1412236800 0 0 0 0
1412229600 0 0 1 0
1412222400 2 0 4 0
1412215200 2 0 4 0
1412208000 0 0 1 0
1412200800 1 0 1 0
1412193600 1 0 2 0
1412186400 0 0 1 0
1412179200 1 0 2 0
1412172000 2 0 2 0
1412164800 2 0 2 0
1412157600 2 0 2 0
1412150400 2 0 3 0
1412143200 2 0 3 0
1412136000 0 0 0 0
1412128800 2 0 3 0
1412121600 0 0 3 0
1412114400 0 0 1 0
1412107200 0 0 0 0
1412100000 0 0 0 0
1412092800 0 0 0 0
1412085600 0 0 0 0
1412078400 0 0 4 0
1412071200 5 0 18 0
1412064000 18 0 18 0
1412056800 18 0 18 0
1412049600 18 0 19 0
1412042400 9 0 18 0
1412035200 0 0 0 0
1412028000 0 0 0 0
1412020800 0 0 0 0
1412013600 0 0 0 0
1412006400 1 0 3 0
1411999200 3 0 3 0
1411992000 0 0 4 0
1411984800 14 0 18 0
1411977600 18 0 18 0
1411970400 18 0 18 0
1411963200 18 0 19 0
1411956000 14 0 19 0
1411948800 0 0 0 0
1411941600 0 0 0 0
1411934400 0 0 0 0
1411927200 0 0 0 0
1411920000 1 0 5 0
1411912800 5 0 5 0
1411905600 4 0 18 0
1411898400 19 0 20 0
1411891200 20 0 20 0
1411884000 20 0 20 0
1411876800 20 0 21 0
1411869600 13 0 22 0
1411862400 3 0 4 0
1411855200 3 0 3 0
1411848000 3 0 4 0
1411840800 3 0 4 0
1411833600 4 0 6 0
1411826400 6 0 6 0
1411819200 6 0 7 0
1411812000 3 0 7 0
1411804800 3 0 3 0
1411797600 3 0 3 0
1411790400 3 0 3 0
1411783200 2 0 3 0
1411776000 0 0 0 0
1411768800 0 0 2 0
1411761600 2 0 3 0
1411754400 3 0 3 0
1411747200 3 0 6 0
1411740000 6 0 7 0
1411732800 3 0 6 0
1411725600 4 0 5 0
1411718400 5 0 6 0
1411711200 5 0 6 0
1411704000 8 0 18 0
1411696800 9 0 18 0
1411689600 0 0 0 0
1411682400 0 0 0 0
1411675200 0 0 0 0
1411668000 0 0 0 0
1411660800 1 0 6 0
1411653600 5 0 6 0
1411646400 4 0 7 0
1411639200 17 0 21 0
1411632000 21 0 21 0
1411624800 21 0 22 0
1411617600 20 0 22 0
1411610400 14 0 22 0
1411603200 2 0 4 0
1411596000 4 0 4 0
1411588800 4 0 5 0
1411581600 4 0 5 0
1411574400 4 0 6 0
1411567200 5 0 6 0
1411560000 0 0 6 0
1411552800 15 0 18 0
1411545600 18 0 18 0
1411538400 9 0 18 0
1411531200 7 0 7 0
1411524000 3 0 7 0
1411516800 0 0 1 0
1411509600 1 0 1 0
1411502400 1 0 1 0
1411495200 1 0 1 0
1411488000 1 0 3 0
1411480800 2 0 3 0
1411473600 1 0 4 0
1411466400 5 0 6 0
1411459200 3 0 6 0
1411452000 3 0 4 0
1411444800 10 0 16 0
1411437600 7 0 16 0
1411430400 0 0 1 0
1411423200 1 0 1 0
1411416000 1 0 1 0
1411408800 0 0 1 0
1411401600 1 0 3 0
1411394400 2 0 3 0
1411387200 0 0 2 0
1411380000 3 0 4 0
1411372800 4 0 4 0
1411365600 4 0 4 0
1411358400 4 0 5 0
1411351200 3 0 6 0
1411344000 0 0 2 0
1411336800 1 0 2 0
1411329600 0 0 1 0
1411322400 0 0 1 0
1411315200 1 0 4 0
1411308000 3 0 4 0
1411300800 1 0 4 0
1411293600 4 0 4 0
1411286400 4 0 4 0
1411279200 4 0 5 0
1411272000 3 0 5 0
1411264800 2 0 3 0
1411257600 0 0 0 0
1411250400 0 0 0 0
1411243200 0 0 0 0
1411236000 0 0 0 0
1411228800 0 0 0 0
1411221600 0 0 1 0
1411214400 0 0 3 0
1411207200 3 0 3 0
1411200000 3 0 3 0
1411192800 3 0 4 0
1411185600 4 0 4 0
1411178400 2 0 4 0
1411171200 0 0 2 0
1411164000 2 0 3 0
1411156800 0 0 4 0
1411149600 4 0 5 0
1411142400 5 0 7 0
1411135200 5 0 7 0
1411128000 3 0 16 0
1411120800 15 0 18 0
1411113600 15 0 15 0
1411106400 16 0 18 0
1411099200 14 0 17 0
1411092000 7 0 15 0
1411084800 0 0 2 0
1411077600 2 0 2 0
1411070400 2 0 2 0
1411063200 2 0 2 0
1411056000 0 0 2 0
1411048800 0 0 0 0
1411041600 2 0 7 0
1411034400 15 0 18 0
1411027200 18 0 18 0
1411020000 18 0 20 0
1411012800 20 0 20 0
1411005600 11 0 20 0
1410998400 0 0 2 0
1410991200 2 0 6 0
1410984000 5 0 6 0
1410976800 4 0 5 0
1410969600 4 0 6 0
1410962400 6 0 6 0
1410955200 1 0 16 0
1410948000 17 0 18 0
1410940800 18 0 18 0
1410933600 18 0 19 0
1410926400 18 0 19 0
1410919200 10 0 20 0
1410912000 0 0 2 0
1410904800 2 0 3 0
1410897600 3 0 4 0
1410890400 2 0 4 0
1410883200 3 0 6 0
1410876000 4 0 6 0
1410868800 3 0 15 0
1410861600 15 0 17 0
1410854400 17 0 17 0
1410847200 17 0 20 0
1410840000 20 0 20 0
1410832800 11 0 20 0
1410825600 1 0 3 0
1410818400 2 0 6 0
1410811200 3 0 5 0
1410804000 3 0 3 0
1410796800 3 0 6 0
1410789600 6 0 6 0
1410782400 1 0 6 0
1410775200 11 0 18 0
1410768000 18 0 18 0
1410760800 18 0 19 0
1410753600 19 0 22 0
1410746400 13 0 22 0
1410739200 2 0 2 0
1410732000 2 0 2 0
1410724800 1 0 3 0
1410717600 0 0 1 0
1410710400 0 0 4 0
1410703200 3 0 5 0
1410696000 2 0 5 0
1410688800 4 0 5 0
1410681600 5 0 5 0
1410674400 5 0 7 0
1410667200 7 0 7 0
1410660000 5 0 7 0
1410652800 2 0 3 0
1410645600 1 0 3 0
1410638400 1 0 3 0
1410631200 3 0 4 0
1410624000 4 0 7 0
1410616800 5 0 7 0
1410609600 3 0 5 0
1410602400 3 0 3 0
1410595200 3 0 3 0
1410588000 4 0 6 0
1410580800 3 0 6 0
1410573600 2 0 3 0
1410566400 0 0 3 0
1410559200 2 0 3 0
1410552000 2 0 2 0
1410544800 2 0 2 0
1410537600 1 0 3 0
1410530400 1 0 3 0
1410523200 1 0 4 0
1410516000 5 0 18 0
1410508800 18 0 18 0
1410501600 18 0 18 0
1410494400 18 0 18 0
1410487200 9 0 18 0
1410480000 1 0 2 0
1410472800 0 0 0 0
1410465600 0 0 0 0
1410458400 0 0 0 0
1410451200 0 0 3 0
1410444000 0 0 3 0
1410436800 2 0 4 0
1410429600 14 0 18 0
1410422400 18 0 18 0
1410415200 18 0 18 0
1410408000 19 0 21 0
1410400800 9 0 19 0
1410393600 1 0 4 0
1410386400 1 0 4 0
1410379200 3 0 4 0
1410372000 2 0 4 0
1410364800 2 0 6 0
1410357600 3 0 3 0
1410350400 5 0 17 0
1410343200 17 0 18 0
1410336000 18 0 18 0
1410328800 17 0 18 0
1410321600 8 0 18 0
1410314400 4 0 9 0
1410307200 0 0 0 0
1410300000 0 0 3 0
1410292800 3 0 3 0
1410285600 3 0 3 0
1410278400 3 0 6 0
1410271200 3 0 3 0
1410264000 2 0 14 0
1410256800 16 0 18 0
1410249600 18 0 18 0
1410242400 19 0 21 0
1410235200 15 0 18 0
1410228000 9 0 18 0
1410220800 0 0 3 0
1410213600 3 0 3 0
1410206400 3 0 4 0
1410199200 2 0 4 0
1410192000 0 0 2 0
1410184800 0 0 0 0
1410177600 0 0 0 0
1410170400 0 0 0 0
1410163200 0 0 0 0
1410156000 1 0 2 0
1410148800 0 0 2 0
1410141600 0 0 3 0
1410134400 3 0 3 0
1410127200 1 0 3 0
1410120000 2 0 3 0
1410112800 3 0 3 0
1410105600 2 0 3 0
1410098400 1 0 3 0
1410091200 1 0 3 0
1410084000 3 0 3 0
1410076800 3 0 6 0
1410069600 6 0 6 0
1410062400 5 0 8 0
1410055200 4 0 8 0
1410048000 3 0 3 0
1410040800 3 0 3 0
1410033600 3 0 3 0
1410026400 2 0 3 0
1410019200 0 0 2 0
1410012000 2 0 4 0
1410004800 0 0 4 0
1409997600 3 0 3 0
1409990400 3 0 3 0
1409983200 4 0 6 0
1409976000 3 0 6 0
1409968800 0 0 3 0
1409961600 0 0 0 0
1409954400 0 0 0 0
1409947200 0 0 0 0
1409940000 0 0 0 0
1409932800 0 0 3 0
1409925600 3 0 3 0
1409918400 0 0 4 0
1409911200 5 0 6 0
1409904000 6 0 7 0
1409896800 6 0 18 0
1409889600 18 0 18 0
1409882400 9 0 18 0
1409875200 0 0 0 0
1409868000 0 0 0 0
1409860800 0 0 2 0
1409853600 0 0 1 0
1409846400 1 0 3 0
1409839200 0 0 3 0
1409832000 0 0 4 0
1409824800 5 0 6 0
1409817600 6 0 6 0
1409810400 6 0 6 0
1409803200 6 0 6 0
1409796000 2 0 6 0
1409788800 0 0 0 0
1409781600 0 0 4 0
1409774400 4 0 4 0
1409767200 4 0 4 0
1409760000 4 0 6 0
1409752800 6 0 7 0
1409745600 5 0 7 0
1409738400 8 0 9 0
1409731200 12 0 14 0
1409724000 14 0 14 0
1409716800 14 0 14 0
1409709600 9 0 14 0
1409702400 0 0 0 0
1409695200 0 0 0 0
1409688000 0 0 0 0
1409680800 9 0 24 0
1409616000 8 0 26 0
1409529600 3 0 12 0
1409443200 1 0 9 0
1409356800 7 0 25 0
1409270400 8 0 18 0
1409184000 7 0 21 0
1409097600 8 0 24 0
1409011200 8 0 21 0
1408924800 1 0 6 0
1408838400 0 0 5 0
1408752000 5 0 21 0
1408665600 2 0 9 0
1408579200 1 0 12 0
1408492800 0 0 11 0
1408406400 11 0 31 0
1408320000 10 0 14 0
1408233600 0 0 10 0
1408147200 6 0 23 0
1408060800 1 0 11 0
1407974400 0 0 13 0
1407888000 8 0 27 0
1407801600 7 0 24 0
1407715200 0 0 6 0
1407628800 1 0 7 0
1407542400 6 0 23 0
1407456000 6 0 22 0
1407369600 6 0 23 0
1407283200 6 0 22 0
1407196800 6 0 23 0
1407110400 0 0 5 0
1407024000 0 0 6 0
1406937600 2 0 16 0
1406851200 4 0 17 0
1406764800 4 0 19 0
1406678400 4 0 18 0
1406592000 5 0 19 0
1406505600 2 0 12 0
1406419200 6 0 11 0
1406332800 7 0 21 0
1406246400 7 0 24 0
1406160000 12 0 31 0
1406073600 15 0 30 0
1405987200 14 0 29 0
1405900800 19 0 27 0
1405814400 17 0 24 0
1405728000 6 0 14 0
1405641600 1 0 10 0
1405555200 7 0 21 0
1405468800 14 0 33 0
1405382400 9 0 20 0
1405296000 8 0 13 0
1405209600 8 0 15 0
1405123200 11 0 20 0
1405036800 10 0 20 0
1404950400 11 0 18 0
1404864000 5 0 12 0
1404777600 7 0 20 0
1404691200 9 0 16 0
1404604800 10 0 17 0
1404518400 15 0 31 0
1404432000 7 0 17 0
1404345600 15 0 33 0
1404259200 13 0 18 0
1404172800 14 0 19 0
1404086400 11 0 18 0
1404000000 12 0 16 0
1403913600 12 0 20 0
1403827200 13 0 20 0
1403740800 11 0 20 0
1403654400 14 0 26 0
1403568000 7 0 16 0
1403481600 9 0 13 0
1403395200 7 0 19 0
1403308800 13 0 22 0
1403222400 12 0 18 0
1403136000 13 0 18 0
1403049600 6 0 18 0
1402963200 11 0 23 0
1402876800 10 0 14 0
1402790400 11 0 15 0
1402704000 13 0 28 0
1402617600 2 0 13 0
1402531200 9 0 22 0
1402444800 18 0 32 0
1402358400 13 0 20 0
1402272000 15 0 37 0
1402185600 20 0 35 0
1402099200 27 0 44 0
1402012800 28 0 43 0
1401926400 24 0 43 0
1401840000 24 0 39 0
1401753600 21 0 33 0
1401667200 23 0 33 0
1401580800 20 0 31 0
1401494400 26 0 34 0
1401408000 19 0 36 0
1401321600 25 0 41 0
1401235200 26 0 38 0
1401148800 27 0 36 0
1401062400 23 0 31 0
1400976000 20 0 30 0
1400889600 18 0 26 0
1400803200 24 0 37 0
1400716800 31 0 45 0
1400630400 30 0 46 0
1400544000 26 0 42 0
1400457600 29 0 40 0
1400371200 26 0 41 0
1400284800 12 0 27 0
1400198400 23 0 41 0
1400112000 26 0 40 0
1400025600 26 0 39 0
1399939200 26 0 44 0
1399852800 19 0 23 0
1399766400 13 0 23 0
1399680000 18 0 38 0
1399593600 17 0 33 0
1399507200 18 0 30 0
1399420800 13 0 24 0
1399334400 19 0 36 0
1399248000 21 0 45 0
1399161600 23 0 39 0
1399075200 25 0 36 0
1398988800 30 0 42 0
1398902400 25 0 40 0
1398816000 21 0 35 0
1398729600 14 0 21 0
1398643200 4 0 12 0
1398556800 6 0 15 0
1398470400 0 0 8 0
1398384000 6 0 25 0
1398297600 11 0 28 0
1398211200 7 0 21 0
1398124800 9 0 24 0
1398038400 10 0 18 0
1397952000 11 0 18 0
1397865600 5 0 18 0
1397779200 4 0 18 0
1397692800 4 0 15 0
1397606400 5 0 17 0
1397520000 4 0 17 0
1397433600 5 0 14 0
1397347200 7 0 14 0
1397260800 7 0 23 0
1397174400 7 0 21 0
1397088000 6 0 22 0
1397001600 8 0 25 0
1396915200 6 0 15 0
1396828800 0 0 6 0
1396742400 6 0 12 0
1396656000 5 0 21 0
1396569600 3 0 21 0
1396483200 4 0 15 0
1396396800 2 0 12 0
1396310400 1 0 10 0
1396224000 2 0 12 0
1396137600 3 0 13 0
1396051200 7 0 19 0
1395964800 4 0 19 0
1395878400 5 0 19 0
1395792000 7 0 19 0
1395705600 4 0 19 0
1395619200 2 0 7 0
1395532800 4 0 12 0
1395446400 1 0 11 0
1395360000 6 0 21 0
1395273600 3 0 17 0
1395187200 5 0 23 0
1395100800 8 0 20 0
1395014400 0 0 9 0
1394928000 0 0 9 0
1394841600 4 0 16 0
1394755200 5 0 19 0
1394668800 3 0 16 0
1394582400 2 0 13 0
1394496000 0 0 8 0
1394409600 4 0 11 0
1394323200 4 0 9 0
1394236800 5 0 15 0
1394150400 3 0 14 0
1394064000 4 0 15 0
1393977600 2 0 16 0
1393891200 6 0 21 0
1393804800 1 0 8 0
1393718400 2 0 8 0
1393632000 3 0 13 0
1393545600 5 0 18 0
1393459200 5 0 18 0
1393372800 2 0 15 0
1393286400 2 0 14 0
1393200000 2 0 11 0
1393113600 2 0 5 0
1393027200 2 0 15 0
1392940800 2 0 13 0
1392854400 6 0 25 0
1392768000 3 0 13 0
1392681600 1 0 16 0
1392595200 0 0 4 0
1392508800 2 0 14 0
1392422400 11 0 23 0
1392336000 12 0 27 0
1392249600 10 0 23 0
1392163200 10 0 22 0
1392076800 7 0 17 0
1391990400 4 0 14 0
1391904000 5 0 16 0
1391817600 2 0 10 0
1391731200 3 0 10 0
1391644800 4 0 14 0
1391558400 3 0 12 0
1391472000 4 0 12 0
1391385600 8 0 21 0
1391299200 15 0 23 0
1391212800 14 0 25 0
1391126400 18 0 29 0
1391040000 15 0 26 0
1390953600 14 0 25 0
1390867200 20 0 36 0
1390780800 22 0 37 0
1390694400 18 0 27 0
1390608000 24 0 40 0
1390521600 19 0 34 0
1390435200 16 0 32 0
1390348800 19 0 32 0
1390262400 16 0 27 0
1390176000 21 0 32 0
1390089600 19 0 31 0
1390003200 24 0 40 0
1389916800 20 0 36 0
1389830400 26 0 40 0
1389744000 22 0 37 0
1389657600 20 0 32 0
1389571200 22 0 36 0
1389484800 26 0 38 0
1389398400 23 0 40 0
1389312000 21 0 36 0
1389225600 21 0 38 0
1389139200 25 0 40 0
1389052800 18 0 35 0
1388966400 18 0 36 0
1388880000 26 0 39 0
1388793600 24 0 36 0
1388707200 26 0 40 0
1388620800 22 0 33 0
1388534400 24 0 38 0
1388448000 21 0 39 0
1388361600 27 0 40 0
1388275200 26 0 38 0
1388188800 16 0 27 0
1388102400 18 0 18 0
1388016000 18 0 18 0
1387929600 18 0 18 0
1387843200 18 0 18 0
1387756800 18 0 18 0
1387670400 18 0 18 0
1387584000 18 0 18 0
1387497600 18 0 18 0
1387411200 18 0 18 0
1387324800 18 0 18 0
1387238400 18 0 18 0
1387152000 18 0 18 0
1387065600 18 0 18 0
1386979200 18 0 18 0
1386892800 18 0 18 0
1386806400 18 0 18 0
1386720000 18 0 18 0
1386633600 18 0 18 0
1386547200 18 0 18 0
1386460800 18 0 18 0
1386374400 18 0 18 0
1386288000 18 0 18 0
1386201600 18 0 18 0
1386115200 18 0 18 0
1386028800 18 0 18 0
1385942400 18 0 18 0
1385856000 18 0 18 0
1385769600 18 0 18 0
1385683200 18 0 18 0
1385596800 18 0 18 0
1385510400 18 0 18 0
1385424000 18 0 18 0
1385337600 18 0 18 0
1385251200 18 0 18 0
1385164800 18 0 18 0
1385078400 18 0 18 0
1384992000 18 0 18 0
1384905600 18 0 18 0
1384819200 18 0 18 0
1384732800 18 0 18 0
1384646400 18 0 18 0
1384560000 18 0 18 0
1384473600 18 0 18 0
1384387200 18 0 18 0
1384300800 18 0 18 0
1384214400 18 0 18 0
1384128000 18 0 18 0
1384041600 18 0 18 0
1383955200 18 0 18 0
1383868800 18 0 18 0
1383782400 18 0 18 0
1383696000 18 0 18 0
1383609600 18 0 18 0
1383523200 18 0 18 0
1383436800 18 0 18 0
1383350400 18 0 18 0
1383264000 18 0 18 0
1383177600 18 0 18 0
1383091200 18 0 18 0
1383004800 18 0 18 0
1382918400 18 0 18 0
1382832000 18 0 18 0
1382745600 18 0 18 0
1382659200 18 0 18 0
1382572800 18 0 18 0
1382486400 18 0 18 0
1382400000 18 0 18 0
1382313600 18 0 18 0
1382227200 18 0 18 0
1382140800 18 0 18 0
1382054400 18 0 18 0
1381968000 18 0 18 0
1381881600 18 0 18 0
1381795200 18 0 18 0
1381708800 18 0 18 0
1381622400 18 0 18 0
1381536000 18 0 18 0
1381449600 18 0 18 0
1381363200 18 0 18 0
1381276800 18 0 18 0
1381190400 18 0 18 0
1381104000 18 0 18 0
1381017600 18 0 18 0
1380931200 18 0 18 0
1380844800 18 0 18 0
1380758400 18 0 18 0
1380672000 18 0 18 0
1380585600 18 0 18 0
1380499200 18 0 18 0
1380412800 18 0 18 0
1380326400 18 0 18 0
1380240000 18 0 18 0
1380153600 18 0 18 0
1380067200 18 0 18 0
1379980800 18 0 18 0
1379894400 18 0 18 0
1379808000 18 0 18 0
1379721600 18 0 18 0
1379635200 18 0 18 0
1379548800 18 0 18 0
1379462400 18 0 18 0
1379376000 18 0 18 0
1379289600 18 0 18 0
1379203200 18 0 18 0
1379116800 18 0 18 0
1379030400 18 0 18 0
1378944000 18 0 18 0
1378857600 18 0 18 0
1378771200 18 0 18 0
1378684800 18 0 18 0
1378598400 18 0 18 0
1378512000 18 0 18 0
1378425600 18 0 18 0
1378339200 18 0 18 0
1378252800 18 0 18 0
1378166400 18 0 18 0
1378080000 18 0 18 0
1377993600 18 0 18 0
1377907200 18 0 18 0
1377820800 18 0 18 0
1377734400 18 0 18 0
1377648000 18 0 18 0
1377561600 18 0 18 0
1377475200 18 0 18 0
1377388800 18 0 18 0
1377302400 18 0 18 0
1377216000 18 0 18 0
1377129600 18 0 18 0
1377043200 18 0 18 0
1376956800 18 0 18 0
1376870400 18 0 18 0
1376784000 18 0 18 0
1376697600 18 0 18 0
1376611200 18 0 18 0
1376524800 18 0 18 0
1376438400 18 0 18 0
1376352000 18 0 18 0
1376265600 18 0 18 0
1376179200 18 0 18 0
1376092800 18 0 18 0
1376006400 18 0 18 0
1375920000 18 0 18 0
1375833600 18 0 18 0
1375747200 18 0 18 0
1375660800 18 0 18 0
1375574400 18 0 18 0
1375488000 18 0 18 0
1375401600 18 0 18 0
1375315200 18 0 18 0
1375228800 18 0 18 0
1375142400 18 0 18 0
1375056000 18 0 18 0
1374969600 18 0 18 0
1374883200 18 0 18 0
1374796800 18 0 18 0
1374710400 18 0 18 0
1374624000 18 0 18 0
1374537600 18 0 18 0
1374451200 18 0 18 0
1374364800 18 0 18 0
1374278400 18 0 18 0
1374192000 18 0 18 0
1374105600 18 0 18 0
1374019200 18 0 18 0
1373932800 18 0 18 0
1373846400 18 0 18 0
1373760000 18 0 18 0
1373673600 18 0 18 0
1373587200 18 0 18 0
1373500800 18 0 18 0
1373414400 18 0 18 0
1373328000 18 0 18 0
1373241600 18 0 18 0
1373155200 18 0 18 0
1373068800 18 0 18 0
1372982400 18 0 18 0
1372896000 18 0 18 0
1372809600 18 0 18 0
1372723200 18 0 18 0
1372636800 18 0 18 0
1372550400 18 0 18 0
1372464000 18 0 18 0
1372377600 18 0 18 0
1372291200 18 0 18 0
1372204800 18 0 18 0
1372118400 18 0 18 0
1372032000 18 0 18 0
1371945600 18 0 18 0
1371859200 18 0 18 0
1371772800 18 0 18 0
1371686400 18 0 18 0
1371600000 18 0 18 0
1371513600 18 0 18 0
1371427200 18 0 18 0
1371340800 18 0 18 0
1371254400 18 0 18 0
1371168000 18 0 18 0
1371081600 18 0 18 0
1370995200 18 0 18 0
1370908800 18 0 18 0
1370822400 18 0 18 0
1370736000 18 0 18 0
1370649600 18 0 18 0
1370563200 18 0 18 0
1370476800 18 0 18 0
1370390400 18 0 18 0
1370304000 18 0 18 0
1370217600 18 0 18 0
1370131200 18 0 18 0
1370044800 18 0 18 0
1369958400 18 0 18 0
1369872000 18 0 18 0
1369785600 18 0 18 0
1369699200 18 0 18 0
1369612800 18 0 18 0
1369526400 18 0 18 0
1369440000 18 0 18 0
1369353600 18 0 18 0
1369267200 18 0 18 0
1369180800 18 0 18 0
1369094400 18 0 18 0
1369008000 18 0 18 0
1368921600 18 0 18 0
1368835200 18 0 18 0
1368748800 18 0 18 0
1368662400 18 0 18 0
1368576000 18 0 18 0
1368489600 18 0 18 0
1368403200 18 0 18 0
1368316800 18 0 18 0
1368230400 18 0 18 0
1368144000 18 0 18 0
1368057600 18 0 18 0
1367971200 18 0 18 0
1367884800 18 0 18 0
1367798400 18 0 18 0
1367712000 18 0 18 0
1367625600 18 0 18 0
1367539200 18 0 18 0
1367452800 18 0 18 0
1367366400 18 0 18 0
1367280000 18 0 18 0
1367193600 18 0 18 0
1367107200 18 0 18 0
1367020800 18 0 18 0
1366934400 18 0 18 0
1366848000 18 0 18 0
1366761600 18 0 18 0
1366675200 18 0 18 0
1366588800 18 0 18 0
1366502400 18 0 18 0
1366416000 18 0 18 0
1366329600 18 0 18 0
1366243200 18 0 18 0
1366156800 18 0 18 0
1366070400 18 0 18 0
1365984000 18 0 18 0
1365897600 18 0 18 0
1365811200 18 0 18 0
1365724800 18 0 18 0
1365638400 18 0 18 0
1365552000 18 0 18 0
1365465600 18 0 18 0
1365379200 18 0 18 0
1365292800 18 0 18 0
1365206400 18 0 18 0
1365120000 18 0 18 0
1365033600 18 0 18 0
1364947200 18 0 18 0
1364860800 18 0 18 0
1364774400 18 0 18 0
1364688000 18 0 18 0
1364601600 18 0 18 0
1364515200 18 0 18 0
1364428800 18 0 18 0
1364342400 18 0 18 0
1364256000 18 0 18 0
1364169600 18 0 18 0
1364083200 18 0 18 0
1363996800 18 0 18 0
1363910400 18 0 18 0
1363824000 18 0 18 0
1363737600 18 0 18 0
1363651200 18 0 18 0
1363564800 18 0 18 0
1363478400 18 0 18 0
1363392000 18 0 18 0
1363305600 18 0 18 0
1363219200 18 0 18 0
1363132800 18 0 18 0
1363046400 18 0 18 0
1362960000 18 0 18 0
1362873600 18 0 18 0
1362787200 18 0 18 0
1362700800 18 0 18 0
1362614400 18 0 18 0
1362528000 18 0 18 0
1362441600 18 0 18 0
1362355200 18 0 18 0
1362268800 18 0 18 0
1362182400 18 0 18 0
1362096000 18 0 18 0
1362009600 18 0 18 0
1361923200 18 0 18 0
1361836800 18 0 18 0
1361750400 18 0 18 0
1361664000 18 0 18 0
1361577600 18 0 18 0
1361491200 18 0 18 0
1361404800 18 0 18 0
1361318400 18 0 18 0
1361232000 18 0 18 0
1361145600 18 0 18 0
1361059200 18 0 18 0
1360972800 18 0 18 0
1360886400 18 0 18 0
1360800000 18 0 18 0
1360713600 18 0 18 0
1360627200 18 0 18 0
1360540800 18 0 18 0
1360454400 18 0 18 0
1360368000 18 0 18 0
1360281600 18 0 18 0
1360195200 18 0 18 0
1360108800 18 0 18 0
1360022400 18 0 18 0
1359936000 18 0 18 0
1359849600 18 0 18 0
1359763200 18 0 18 0
1359676800 18 0 18 0
1359590400 18 0 18 0
1359504000 18 0 18 0
1359417600 18 0 18 0
1359331200 18 0 18 0
1359244800 18 0 18 0
1359158400 18 0 18 0
1359072000 18 0 18 0
1358985600 18 0 18 0
1358899200 18 0 18 0
1358812800 18 0 18 0
1358726400 18 0 18 0
1358640000 18 0 18 0
1358553600 18 0 18 0
1358467200 18 0 18 0
1358380800 18 0 18 0
1358294400 18 0 18 0
1358208000 18 0 18 0
1358121600 18 0 18 0
1358035200 18 0 18 0
1357948800 18 0 18 0
1357862400 18 0 18 0
1357776000 18 0 18 0
1357689600 18 0 18 0
1357603200 18 0 18 0
1357516800 18 0 18 0
1357430400 18 0 18 0
1357344000 18 0 18 0
1357257600 18 0 18 0
1357171200 18 0 18 0
1357084800 18 0 18 0
1356998400 18 0 18 0
1356912000 18 0 18 0
1356825600 18 0 18 0
1356739200 18 0 18 0
1356652800 18 0 18 0
1356566400 18 0 18 0
1356480000 18 0 18 0
1356393600 18 0 18 0
1356307200 18 0 18 0
1356220800 18 0 18 0
1356134400 18 0 18 0
1356048000 18 0 18 0
1355961600 18 0 18 0
1355875200 18 0 18 0
1355788800 18 0 18 0
1355702400 18 0 18 0
1355616000 18 0 18 0
1355529600 18 0 18 0
1355443200 18 0 18 0
1355356800 18 0 18 0
1355270400 18 0 18 0
1355184000 18 0 18 0
1355097600 18 0 18 0
1355011200 18 0 18 0
1354924800 18 0 18 0
1354838400 18 0 18 0
1354752000 18 0 18 0
1354665600 18 0 18 0
1354579200 18 0 18 0
1354492800 18 0 18 0
1354406400 18 0 18 0
1354320000 18 0 18 0
1354233600 18 0 18 0
1354147200 18 0 18 0
1354060800 18 0 18 0
1353974400 18 0 18 0
1353888000 18 0 18 0
1353801600 18 0 18 0
1353715200 18 0 18 0
1353628800 18 0 18 0
1353542400 18 0 18 0
1353456000 18 0 18 0
1353369600 18 0 18 0
1353283200 18 0 18 0
1353196800 18 0 18 0
1353110400 18 0 18 0
1353024000 18 0 18 0
1352937600 18 0 18 0
1352851200 18 0 18 0
1352764800 18 0 18 0
1352678400 18 0 18 0
1352592000 18 0 18 0
1352505600 18 0 18 0
1352419200 18 0 18 0
1352332800 18 0 18 0
1352246400 18 0 18 0
1352160000 18 0 18 0
1352073600 18 0 18 0
1351987200 18 0 18 0
1351900800 18 0 18 0
1351814400 18 0 18 0
1351728000 18 0 18 0
1351641600 18 0 18 0
1351555200 18 0 18 0
1351468800 19 0 39 0
1351382400 19 0 35 0
1351296000 13 0 25 0
1351209600 19 0 32 0
1351123200 13 0 31 0
1351036800 15 0 38 0
1350950400 10 0 35 0
1350864000 15 0 37 0
1350777600 13 0 39 0
1350691200 17 0 47 0
1350604800 21 0 28 0
1350518400 27 0 43 0
1350432000 21 0 32 0
1350345600 28 0 38 0
1350259200 26 0 44 0
1350172800 26 0 38 0
1350086400 25 0 35 0
1350000000 22 0 33 0
1349913600 15 0 25 0
1349827200 21 0 35 0
1349740800 12 0 23 0
1349654400 20 0 33 0
1349568000 14 0 23 0
1349481600 21 0 39 0
1349395200 16 0 27 0
1349308800 19 0 36 0
1349222400 16 0 26 0
1349136000 22 0 33 0
1349049600 31 0 45 0
1348963200 28 0 45 0
1348876800 23 0 29 0
1348790400 31 0 38 0
1348704000 19 0 34 0
1348617600 7 0 34 0
1348531200 22 0 39 0
1348444800 32 0 49 0
1348358400 34 0 53 0
1348272000 36 0 52 0
1348185600 29 0 49 0
1348099200 32 0 44 0
1348012800 17 0 28 0
1347926400 20 0 34 0
1347840000 25 0 51 0
1347753600 30 0 43 0
1347667200 33 0 44 0
1347580800 33 0 44 0
1347494400 26 0 41 0
1347408000 24 0 42 0
1347321600 27 0 37 0
1347235200 17 0 43 0
1347148800 26 0 39 0
1347062400 26 0 35 0
1346976000 25 0 34 0
1346889600 19 0 36 0
1346803200 19 0 29 0
1346716800 25 0 30 0
1346630400 23 0 41 0
1346544000 23 0 34 0
1346457600 19 0 29 0
