99.03.23 17:34 B f:\mirror1\d\lingjiu\obj\baiyunwan.c --> mud.yn.cninfo.net /mudlab/mudlib/d/lingjiu/obj baiyunwan.c
99.03.23 17:34 B f:\mirror1\d\lingjiu\obj\changpao.c --> mud.yn.cninfo.net /mudlab/mudlib/d/lingjiu/obj changpao.c
99.03.23 17:34 B f:\mirror1\d\lingjiu\obj\doupeng.c --> mud.yn.cninfo.net /mudlab/mudlib/d/lingjiu/obj doupeng.c
99.03.23 17:34 B f:\mirror1\d\lingjiu\obj\gao.c --> mud.yn.cninfo.net /mudlab/mudlib/d/lingjiu/obj gao.c
99.03.23 17:34 B f:\mirror1\d\lingjiu\obj\hjiudai.c --> mud.yn.cninfo.net /mudlab/mudlib/d/lingjiu/obj hjiudai.c
99.03.23 17:34 B f:\mirror1\d\lingjiu\obj\huwan.c --> mud.yn.cninfo.net /mudlab/mudlib/d/lingjiu/obj huwan.c
99.03.23 17:34 B f:\mirror1\d\lingjiu\obj\huyao.c --> mud.yn.cninfo.net /mudlab/mudlib/d/lingjiu/obj huyao.c
99.03.23 17:34 B f:\mirror1\d\lingjiu\obj\jiudai.c --> mud.yn.cninfo.net /mudlab/mudlib/d/lingjiu/obj jiudai.c
99.03.23 17:34 B f:\mirror1\d\lingjiu\obj\key.c --> mud.yn.cninfo.net /mudlab/mudlib/d/lingjiu/obj key.c
99.03.23 17:34 B f:\mirror1\d\lingjiu\obj\lingjiu.c --> mud.yn.cninfo.net /mudlab/mudlib/d/lingjiu/obj lingjiu.c
99.03.23 17:34 B f:\mirror1\d\lingjiu\obj\liuyangzhangfa1.c --> mud.yn.cninfo.net /mudlab/mudlib/d/lingjiu/obj liuyangzhangfa1.c
99.03.23 17:34 B f:\mirror1\d\lingjiu\obj\liuyangzhangfa2.c --> mud.yn.cninfo.net /mudlab/mudlib/d/lingjiu/obj liuyangzhangfa2.c
99.03.23 17:34 B f:\mirror1\d\lingjiu\obj\ljjian.c --> mud.yn.cninfo.net /mudlab/mudlib/d/lingjiu/obj ljjian.c
99.03.23 17:35 B f:\mirror1\d\lingjiu\obj\ljjian0.c --> mud.yn.cninfo.net /mudlab/mudlib/d/lingjiu/obj ljjian0.c
99.03.23 17:35 B f:\mirror1\d\lingjiu\obj\ljjian1.c --> mud.yn.cninfo.net /mudlab/mudlib/d/lingjiu/obj ljjian1.c
99.03.23 17:35 B f:\mirror1\d\lingjiu\obj\lpjiudai.c --> mud.yn.cninfo.net /mudlab/mudlib/d/lingjiu/obj lpjiudai.c
99.03.23 17:35 B f:\mirror1\d\lingjiu\obj\luxue.c --> mud.yn.cninfo.net /mudlab/mudlib/d/lingjiu/obj luxue.c
99.03.23 17:35 B f:\mirror1\d\lingjiu\obj\pixue.c --> mud.yn.cninfo.net /mudlab/mudlib/d/lingjiu/obj pixue.c
99.03.23 17:35 B f:\mirror1\d\lingjiu\obj\qijianpu.c --> mud.yn.cninfo.net /mudlab/mudlib/d/lingjiu/obj qijianpu.c
99.03.23 17:35 B f:\mirror1\d\lingjiu\obj\qingyi.c --> mud.yn.cninfo.net /mudlab/mudlib/d/lingjiu/obj qingyi.c
99.03.23 17:35 B f:\mirror1\d\lingjiu\obj\shoufapu.c --> mud.yn.cninfo.net /mudlab/mudlib/d/lingjiu/obj shoufapu.c
99.03.23 17:35 B f:\mirror1\d\lingjiu\obj\shoutao.c --> mud.yn.cninfo.net /mudlab/mudlib/d/lingjiu/obj shoutao.c
99.03.23 17:36 B f:\mirror1\d\lingjiu\obj\suanmei.c --> mud.yn.cninfo.net /mudlab/mudlib/d/lingjiu/obj suanmei.c
99.03.23 17:36 B f:\mirror1\d\lingjiu\obj\towel.c --> mud.yn.cninfo.net /mudlab/mudlib/d/lingjiu/obj towel.c
99.03.23 17:36 B f:\mirror1\d\lingjiu\obj\zhangfapu.c --> mud.yn.cninfo.net /mudlab/mudlib/d/lingjiu/obj zhangfapu.c
99.03.23 17:36 B f:\mirror1\d\lingjiu\obj\zhemeitu1.c --> mud.yn.cninfo.net /mudlab/mudlib/d/lingjiu/obj zhemeitu1.c
99.03.23 17:36 B f:\mirror1\d\lingjiu\obj\zhemeitu2.c --> mud.yn.cninfo.net /mudlab/mudlib/d/lingjiu/obj zhemeitu2.c
99.03.23 17:46 B f:\mirror1\d\lingjiu\obj\baiyunwan.c --> mud.yn.cninfo.net /mudlab/mudlib/d/lingjiu/obj baiyunwan.c
99.03.23 17:46 B f:\mirror1\d\lingjiu\obj\changpao.c --> mud.yn.cninfo.net /mudlab/mudlib/d/lingjiu/obj changpao.c
99.03.23 17:46 B f:\mirror1\d\lingjiu\obj\doupeng.c --> mud.yn.cninfo.net /mudlab/mudlib/d/lingjiu/obj doupeng.c
99.03.23 17:46 B f:\mirror1\d\lingjiu\obj\gao.c --> mud.yn.cninfo.net /mudlab/mudlib/d/lingjiu/obj gao.c
99.03.23 17:46 B f:\mirror1\d\lingjiu\obj\hjiudai.c --> mud.yn.cninfo.net /mudlab/mudlib/d/lingjiu/obj hjiudai.c
99.03.23 17:46 B f:\mirror1\d\lingjiu\obj\huwan.c --> mud.yn.cninfo.net /mudlab/mudlib/d/lingjiu/obj huwan.c
99.03.23 17:46 B f:\mirror1\d\lingjiu\obj\huyao.c --> mud.yn.cninfo.net /mudlab/mudlib/d/lingjiu/obj huyao.c
99.03.23 17:46 B f:\mirror1\d\lingjiu\obj\jiudai.c --> mud.yn.cninfo.net /mudlab/mudlib/d/lingjiu/obj jiudai.c
99.03.23 17:46 B f:\mirror1\d\lingjiu\obj\key.c --> mud.yn.cninfo.net /mudlab/mudlib/d/lingjiu/obj key.c
99.03.23 17:46 B f:\mirror1\d\lingjiu\obj\lingjiu.c --> mud.yn.cninfo.net /mudlab/mudlib/d/lingjiu/obj lingjiu.c
99.03.23 17:46 B f:\mirror1\d\lingjiu\obj\liuyangzhangfa1.c --> mud.yn.cninfo.net /mudlab/mudlib/d/lingjiu/obj liuyangzhangfa1.c
99.03.23 17:46 B f:\mirror1\d\lingjiu\obj\liuyangzhangfa2.c --> mud.yn.cninfo.net /mudlab/mudlib/d/lingjiu/obj liuyangzhangfa2.c
99.03.23 17:46 B f:\mirror1\d\lingjiu\obj\ljjian.c --> mud.yn.cninfo.net /mudlab/mudlib/d/lingjiu/obj ljjian.c
99.03.23 17:46 B f:\mirror1\d\lingjiu\obj\ljjian0.c --> mud.yn.cninfo.net /mudlab/mudlib/d/lingjiu/obj ljjian0.c
99.03.23 17:46 B f:\mirror1\d\lingjiu\obj\ljjian1.c --> mud.yn.cninfo.net /mudlab/mudlib/d/lingjiu/obj ljjian1.c
99.03.23 17:47 B f:\mirror1\d\lingjiu\obj\lpjiudai.c --> mud.yn.cninfo.net /mudlab/mudlib/d/lingjiu/obj lpjiudai.c
99.03.23 17:47 B f:\mirror1\d\lingjiu\obj\luxue.c --> mud.yn.cninfo.net /mudlab/mudlib/d/lingjiu/obj luxue.c
99.03.23 17:47 B f:\mirror1\d\lingjiu\obj\pixue.c --> mud.yn.cninfo.net /mudlab/mudlib/d/lingjiu/obj pixue.c
99.03.23 17:47 B f:\mirror1\d\lingjiu\obj\qijianpu.c --> mud.yn.cninfo.net /mudlab/mudlib/d/lingjiu/obj qijianpu.c
99.03.23 17:47 B f:\mirror1\d\lingjiu\obj\qingyi.c --> mud.yn.cninfo.net /mudlab/mudlib/d/lingjiu/obj qingyi.c
99.03.23 17:47 B f:\mirror1\d\lingjiu\obj\shoufapu.c --> mud.yn.cninfo.net /mudlab/mudlib/d/lingjiu/obj shoufapu.c
99.03.23 17:47 B f:\mirror1\d\lingjiu\obj\shoutao.c --> mud.yn.cninfo.net /mudlab/mudlib/d/lingjiu/obj shoutao.c
99.03.23 17:47 B f:\mirror1\d\lingjiu\obj\suanmei.c --> mud.yn.cninfo.net /mudlab/mudlib/d/lingjiu/obj suanmei.c
99.03.23 17:47 B f:\mirror1\d\lingjiu\obj\towel.c --> mud.yn.cninfo.net /mudlab/mudlib/d/lingjiu/obj towel.c
