Initializations complete.

Accepting connections on port 6666.
Initializing internal tables....

<---三界神话: MudOs v22pre11 (by wwj,Nov 22 2001) startup on Microsoft Windows NT at Sun Jul 28 21:10:13 2002

using config file: D:\ssdd\mud\sjsh\bin\config.sjsh
Can't find "mudos", ignoring old binaries.
Try invoking the driver using the full pathname.
Connected to address server on 127.0.0.1 port 7900
]simul_efun loaded successfully.

Loading preloaded files ...
Initializations complete.

Accepting connections on port 6666.
Initializing internal tables....

<---三界神话: MudOs v22pre11 (by wwj,Nov 22 2001) startup on Microsoft Windows NT at Sun Jul 28 21:26:20 2002

using config file: D:\mud\sjsh\bin\config.sjsh
Can't find "mudos", ignoring old binaries.
Try invoking the driver using the full pathname.
Connected to address server on 127.0.0.1 port 7900
]simul_efun loaded successfully.

Loading preloaded files ...
Initializations complete.

Accepting connections on port 6666.

执行时段错误：*Error in loading object '/d/obj/weapon/halberd/chubai'

程式：std/char/npc.c 第 15 行
物件: /d/nanhai/npc/prince
呼叫来自：adm/daemons/auto_cleard.c 的 auto_clear() 第 38 行，物件： adm/daemons/auto_cleard
呼叫来自：adm/daemons/money.c 的 move_money() 第 33 行，物件： adm/daemons/money
呼叫来自：d/nanhai/taizifu.c 的 create() 第 26 行，物件： d/nanhai/taizifu
呼叫来自：std/room.c 的 setup() 第 223 行，物件： d/nanhai/taizifu
呼叫来自：std/room.c 的 reset() 第 64 行，物件： d/nanhai/taizifu
呼叫来自：std/room.c 的 make_inventory() 第 18 行，物件： d/nanhai/taizifu
呼叫来自：d/nanhai/npc/prince.c 的 create() 第 78 行，物件： d/nanhai/npc/prince ("小张太子")
呼叫来自：std/char/npc.c 的 carry_object() 第 15 行，物件： d/nanhai/npc/prince ("小张太子")

执行时段错误：*Error in loading object '/d/obj/weapon/halberd/chubai'

程式：std/char/npc.c 第 15 行
物件: /d/xuyi/npc/prince
呼叫来自：adm/daemons/natured.c 的 update_day_phase() 第 206 行，物件： adm/daemons/natured
呼叫来自：adm/daemons/natured.c 的 event_morning() 第 279 行，物件： adm/daemons/natured
呼叫来自：d/nanhai/road11.c 的 create() 第 22 行，物件： d/nanhai/road11
呼叫来自：std/room.c 的 setup() 第 223 行，物件： d/nanhai/road11
呼叫来自：std/room.c 的 reset() 第 64 行，物件： d/nanhai/road11
呼叫来自：std/room.c 的 make_inventory() 第 18 行，物件： d/nanhai/road11
呼叫来自：d/xuyi/npc/prince.c 的 create() 第 78 行，物件： d/xuyi/npc/prince ("小张太子")
呼叫来自：std/char/npc.c 的 carry_object() 第 15 行，物件： d/xuyi/npc/prince ("小张太子")

执行时段错误：*Error in loading object '/d/obj/weapon/halberd/chubai'

程式：std/char/npc.c 第 15 行
物件: /d/xuyi/npc/prince#1161
呼叫来自：std/room.c 的 reset() 第 64 行，物件： d/nanhai/road11
呼叫来自：std/room.c 的 make_inventory() 第 18 行，物件： d/nanhai/road11
呼叫来自：d/xuyi/npc/prince.c 的 create() 第 78 行，物件： d/xuyi/npc/prince#1161 ("小张太子")
呼叫来自：std/char/npc.c 的 carry_object() 第 15 行，物件： d/xuyi/npc/prince#1161 ("小张太子")

执行时段错误：*Error in loading object '/d/obj/weapon/halberd/chubai'

程式：std/char/npc.c 第 15 行
物件: /d/nanhai/npc/prince#1166
呼叫来自：std/room.c 的 reset() 第 64 行，物件： d/nanhai/taizifu
呼叫来自：std/room.c 的 make_inventory() 第 18 行，物件： d/nanhai/taizifu
呼叫来自：d/nanhai/npc/prince.c 的 create() 第 78 行，物件： d/nanhai/npc/prince#1166 ("小张太子")
呼叫来自：std/char/npc.c 的 carry_object() 第 15 行，物件： d/nanhai/npc/prince#1166 ("小张太子")
Initializing internal tables....
