2003.06.15 10:21 B F:\login\r\radish.o <-- www.vmud.com /lonely/mudlib/data/login/r radish.o
2003.06.15 10:21 B F:\login\r\radishii.o <-- www.vmud.com /lonely/mudlib/data/login/r radishii.o
2003.06.15 10:21 B F:\login\r\ragou.o <-- www.vmud.com /lonely/mudlib/data/login/r ragou.o
2003.06.15 10:21 B F:\login\r\rain.o <-- www.vmud.com /lonely/mudlib/data/login/r rain.o
2003.06.15 10:21 B F:\login\r\raken.o <-- www.vmud.com /lonely/mudlib/data/login/r raken.o
2003.06.15 10:21 B F:\login\r\rakeni.o <-- www.vmud.com /lonely/mudlib/data/login/r rakeni.o
2003.06.15 10:21 B F:\login\r\rakens.o <-- www.vmud.com /lonely/mudlib/data/login/r rakens.o
2003.06.15 10:21 B F:\login\r\rakeny.o <-- www.vmud.com /lonely/mudlib/data/login/r rakeny.o
2003.06.15 10:21 B F:\login\r\rakenz.o <-- www.vmud.com /lonely/mudlib/data/login/r rakenz.o
2003.06.15 10:21 B F:\login\r\rakuna.o <-- www.vmud.com /lonely/mudlib/data/login/r rakuna.o
2003.06.15 10:21 B F:\login\r\rakusu.o <-- www.vmud.com /lonely/mudlib/data/login/r rakusu.o
2003.06.15 10:21 B F:\login\r\rambus.o <-- www.vmud.com /lonely/mudlib/data/login/r rambus.o
2003.06.15 10:21 B F:\login\r\ranger.o <-- www.vmud.com /lonely/mudlib/data/login/r ranger.o
2003.06.15 10:21 B F:\login\r\raya.o <-- www.vmud.com /lonely/mudlib/data/login/r raya.o
2003.06.15 10:21 B F:\login\r\rcwiz.o <-- www.vmud.com /lonely/mudlib/data/login/r rcwiz.o
2003.06.15 10:21 B F:\login\r\recruit.o <-- www.vmud.com /lonely/mudlib/data/login/r recruit.o
2003.06.15 10:21 B F:\login\r\reinhard.o <-- www.vmud.com /lonely/mudlib/data/login/r reinhard.o
2003.06.15 10:21 B F:\login\r\renwu.o <-- www.vmud.com /lonely/mudlib/data/login/r renwu.o
2003.06.15 10:21 B F:\login\r\rescal.o <-- www.vmud.com /lonely/mudlib/data/login/r rescal.o
2003.06.15 10:21 B F:\login\r\ribbon.o <-- www.vmud.com /lonely/mudlib/data/login/r ribbon.o
2003.06.15 10:21 B F:\login\r\rice.o <-- www.vmud.com /lonely/mudlib/data/login/r rice.o
2003.06.15 10:21 B F:\login\r\rick.o <-- www.vmud.com /lonely/mudlib/data/login/r rick.o
2003.06.15 10:21 B F:\login\r\rid.o <-- www.vmud.com /lonely/mudlib/data/login/r rid.o
2003.06.15 10:21 B F:\login\r\rik.o <-- www.vmud.com /lonely/mudlib/data/login/r rik.o
2003.06.15 10:21 B F:\login\r\rine.o <-- www.vmud.com /lonely/mudlib/data/login/r rine.o
2003.06.15 10:21 B F:\login\r\ron.o <-- www.vmud.com /lonely/mudlib/data/login/r ron.o
2003.06.15 10:21 B F:\login\r\room.o <-- www.vmud.com /lonely/mudlib/data/login/r room.o
2003.06.15 10:21 B F:\login\r\rosalie.o <-- www.vmud.com /lonely/mudlib/data/login/r rosalie.o
2003.06.15 10:21 B F:\login\r\roses.o <-- www.vmud.com /lonely/mudlib/data/login/r roses.o
2003.06.15 10:21 B F:\login\r\rouer.o <-- www.vmud.com /lonely/mudlib/data/login/r rouer.o
2003.06.15 10:21 B F:\login\r\roujing.o <-- www.vmud.com /lonely/mudlib/data/login/r roujing.o
2003.06.15 10:21 B F:\login\r\rrrrrrr.o <-- www.vmud.com /lonely/mudlib/data/login/r rrrrrrr.o
2003.06.15 10:21 B F:\login\r\ruder.o <-- www.vmud.com /lonely/mudlib/data/login/r ruder.o
2003.06.15 10:21 B F:\login\r\ruger.o <-- www.vmud.com /lonely/mudlib/data/login/r ruger.o
2003.06.15 10:21 B F:\login\r\rumors.o <-- www.vmud.com /lonely/mudlib/data/login/r rumors.o
2003.06.15 10:21 B F:\login\r\ryosuke.o <-- www.vmud.com /lonely/mudlib/data/login/r ryosuke.o
