
执行时段错误：*Bad argument 4 to EFUN message()
Expected: object, array,  Got: int(0).

程式：/adm/kernel/simul_efun.lpc 第 348 行
物件：/adm/kernel/simul_efun
呼叫来自：/kungfu/class/taohua/rong.lpc 的 create() 第 103 行，物件： /kungfu/class/taohua/rong ("束发金带")
呼叫来自：/feature/noclone.lpc 的 check_clone() 第 21 行，物件： /kungfu/class/taohua/rong ("束发金带")
呼叫来自：/adm/kernel/simul_efun.lpc 的 message() 第 348 行，物件： /adm/kernel/simul_efun

执行时段错误：*Bad argument 4 to EFUN message()
Expected: object, array,  Got: int(0).

程式：/adm/kernel/simul_efun.lpc 第 348 行
物件：/adm/kernel/simul_efun
呼叫来自：/kungfu/class/ultra/shenni.lpc 的 create() 第 120 行，物件： /kungfu/class/ultra/shenni ("竹棒")
呼叫来自：/feature/noclone.lpc 的 check_clone() 第 21 行，物件： /kungfu/class/ultra/shenni ("竹棒")
呼叫来自：/adm/kernel/simul_efun.lpc 的 message() 第 348 行，物件： /adm/kernel/simul_efun

执行时段错误：*Bad argument 4 to EFUN message()
Expected: object, array,  Got: int(0).

程式：/adm/kernel/simul_efun.lpc 第 348 行
物件：/adm/kernel/simul_efun
呼叫来自：/kungfu/class/ultra/huoshan.lpc 的 create() 第 76 行，物件： /kungfu/class/ultra/huoshan ("布衣")
呼叫来自：/feature/noclone.lpc 的 check_clone() 第 21 行，物件： /kungfu/class/ultra/huoshan ("布衣")
呼叫来自：/adm/kernel/simul_efun.lpc 的 message() 第 348 行，物件： /adm/kernel/simul_efun

执行时段错误：*Bad argument 4 to EFUN message()
Expected: object, array,  Got: int(0).

程式：/adm/kernel/simul_efun.lpc 第 348 行
物件：/adm/kernel/simul_efun
呼叫来自：/kungfu/class/ultra/huang.lpc 的 create() 第 108 行，物件： /kungfu/class/ultra/huang ("布衣")
呼叫来自：/feature/noclone.lpc 的 check_clone() 第 21 行，物件： /kungfu/class/ultra/huang ("布衣")
呼叫来自：/adm/kernel/simul_efun.lpc 的 message() 第 348 行，物件： /adm/kernel/simul_efun

执行时段错误：*Bad argument 4 to EFUN message()
Expected: object, array,  Got: int(0).

程式：/adm/kernel/simul_efun.lpc 第 348 行
物件：/adm/kernel/simul_efun
呼叫来自：/kungfu/class/ultra/dugu.lpc 的 create() 第 149 行，物件： /kungfu/class/ultra/dugu ("竹剑")
呼叫来自：/feature/noclone.lpc 的 check_clone() 第 21 行，物件： /kungfu/class/ultra/dugu ("竹剑")
呼叫来自：/adm/kernel/simul_efun.lpc 的 message() 第 348 行，物件： /adm/kernel/simul_efun

执行时段错误：*Bad argument 4 to EFUN message()
Expected: object, array,  Got: int(0).

程式：/adm/kernel/simul_efun.lpc 第 348 行
物件：/adm/kernel/simul_efun
呼叫来自：/kungfu/class/ultra/kuihua.lpc 的 create() 第 90 行，物件： /kungfu/class/ultra/kuihua ("[1;37m银针[2;37;0m")
呼叫来自：/feature/noclone.lpc 的 check_clone() 第 21 行，物件： /kungfu/class/ultra/kuihua ("[1;37m银针[2;37;0m")
呼叫来自：/adm/kernel/simul_efun.lpc 的 message() 第 348 行，物件： /adm/kernel/simul_efun

执行时段错误：*Bad argument 1 to capitalize()
Expected: string Got: 0.

程式：/inherit/char/first.lpc 第 109 行
物件：/kungfu/class/gaibang/first#1245
呼叫来自：/kungfu/class/gaibang/hong.lpc 的 create() 第 213 行，物件： /kungfu/class/gaibang/hong ("布衣")
呼叫来自：/feature/noclone.lpc 的 check_clone() 第 18 行，物件： /kungfu/class/gaibang/hong ("布衣")
呼叫来自：/feature/move.lpc 的 move() 第 231 行，物件： /kungfu/class/gaibang/hong ("布衣")
呼叫来自：/inherit/char/first.lpc 的 init() 第 48 行，物件： /kungfu/class/gaibang/first#1245 ("布衣")
呼叫来自：/inherit/char/first.lpc 的 create_identity() 第 91 行，物件： /kungfu/class/gaibang/first#1245 ("布衣")
呼叫来自：/inherit/char/first.lpc 的 init_identity() 第 109 行，物件： /kungfu/class/gaibang/first#1245 ("布衣")

执行时段错误：*Bad argument 4 to EFUN message()
Expected: object, array,  Got: int(0).

程式：/adm/kernel/simul_efun.lpc 第 348 行
物件：/adm/kernel/simul_efun
呼叫来自：/kungfu/skill/bingpo-blade/xuan.lpc 的 #global_init#() 第 11 行，物件： /kungfu/skill/bingpo-blade/xuan
呼叫来自：/adm/daemons/natured.lpc 的 create() 第 41 行，物件： /adm/daemons/natured
呼叫来自：/adm/daemons/natured.lpc 的 select_day_phase() 第 88 行，物件： /adm/daemons/natured
呼叫来自：/adm/daemons/natured.lpc 的 update_day_phase() 第 50 行，物件： /adm/daemons/natured
呼叫来自：/adm/kernel/simul_efun.lpc 的 message() 第 348 行，物件： /adm/kernel/simul_efun

执行时段错误：*No program in object '/kungfu/skill/qiantian-yiyang/jujing'!

程式：0 第 0 行
物件：/adm/kernel/master

执行时段错误：*No program in object '/inherit/condition/damo'!

程式：0 第 0 行
物件：/adm/kernel/master

执行时段错误：*No program in object '/inherit/condition/damo'!

程式：0 第 0 行
物件：/adm/kernel/master

执行时段错误：*No program in object '/inherit/condition/damo'!

程式：0 第 0 行
物件：/adm/kernel/master

执行时段错误：*No program in object '/quest/japan/huo-yuanjia'!

程式：0 第 0 行
物件：/adm/kernel/master

执行时段错误：*No program in object '/quest/skybook/flagwar/flagwar/obj/flag'!

程式：0 第 0 行
物件：/adm/kernel/master

执行时段错误：*No program in object '/quest/skybook/flagwar/flagd'!

程式：0 第 0 行
物件：/adm/kernel/master

执行时段错误：*No program in object '/quest/skybook/flagwar/flag'!

程式：0 第 0 行
物件：/adm/kernel/master

执行时段错误：*Bad argument 1 to EFUN call_other()
Expected: object, string, array,  Got: int(0).

程式：/inherit/room/room.lpc 第 33 行
物件：/quest/skybook/jiuyin/jitan
呼叫来自：/quest/skybook/jiuyin/jitan.lpc 的 create() 第 20 行，物件： /quest/skybook/jiuyin/jitan
呼叫来自：/inherit/room/room.lpc 的 setup() 第 296 行，物件： /quest/skybook/jiuyin/jitan
呼叫来自：/inherit/room/room.lpc 的 reset() 第 129 行，物件： /quest/skybook/jiuyin/jitan
呼叫来自：/inherit/room/room.lpc 的 make_inventory() 第 33 行，物件： /quest/skybook/jiuyin/jitan

执行时段错误：*No program in object '/quest/skybook/jiuyin/houdian'!

程式：0 第 0 行
物件：/adm/kernel/master

执行时段错误：*No program in object '/quest/skybook/jiuyin/zhou'!

程式：0 第 0 行
物件：/adm/kernel/master

执行时段错误：*No program in object '/quest/skybook/jiuyin/mm2'!

程式：0 第 0 行
物件：/adm/kernel/master

执行时段错误：*F_SKILL: No such skill (quanzhen-jianfa)

程式：/feature/skill.lpc 第 75 行
物件：/quest/skybook/jiuyin/yangkang
呼叫来自：/quest/skybook/jiuyin/yangkang.lpc 的 create() 第 56 行，物件： /quest/skybook/jiuyin/yangkang ("杨康")
呼叫来自：/feature/skill.lpc 的 set_skill() 第 75 行，物件： /quest/skybook/jiuyin/yangkang ("杨康")

执行时段错误：*No program in object '/quest/skybook/jiuyin/chen'!

程式：0 第 0 行
物件：/adm/kernel/master

执行时段错误：*No program in object '/quest/skybook/kuihua/linzhennan'!

程式：0 第 0 行
物件：/adm/kernel/master

执行时段错误：*No program in object '/quest/skybook/kuihua/mm2'!

程式：0 第 0 行
物件：/adm/kernel/master

执行时段错误：*No program in object '/quest/skybook/kuihua/dongfang'!

程式：0 第 0 行
物件：/adm/kernel/master

执行时段错误：*No program in object '/quest/skybook/kuihua/jiasha'!

程式：0 第 0 行
物件：/adm/kernel/master

执行时段错误：*No program in object '/quest/skybook/hubiao/biaotou'!

程式：0 第 0 行
物件：/adm/kernel/master

执行时段错误：*No program in object '/quest/skybook/hubiao/biaoshi'!

程式：0 第 0 行
物件：/adm/kernel/master

执行时段错误：*No program in object '/quest/skybook/hubiao/linzhennan'!

程式：0 第 0 行
物件：/adm/kernel/master

执行时段错误：*No program in object '/quest/skybook/hubiao/obj/cart'!

程式：0 第 0 行
物件：/adm/kernel/master

执行时段错误：*No program in object '/quest/skybook/hubiao/obj/cateran1'!

程式：0 第 0 行
物件：/adm/kernel/master

执行时段错误：*No program in object '/quest/skybook/hubiao/obj/cateran'!

程式：0 第 0 行
物件：/adm/kernel/master

执行时段错误：*No program in object '/quest/skybook/hubiao/hbtarget'!

程式：0 第 0 行
物件：/adm/kernel/master

执行时段错误：*No program in object '/quest/skybook/qianzhu/yinli'!

程式：0 第 0 行
物件：/adm/kernel/master

执行时段错误：*No program in object '/quest/skybook/qianzhu/mm2'!

程式：0 第 0 行
物件：/adm/kernel/master

执行时段错误：*No program in object '/quest/skybook/update'!

程式：0 第 0 行
物件：/adm/kernel/master

执行时段错误：*No program in object '/quest/skybook/jinshe/wenyi (2)'!

程式：0 第 0 行
物件：/adm/kernel/master

执行时段错误：*No program in object '/quest/skybook/jinshe/xia'!

程式：0 第 0 行
物件：/adm/kernel/master

执行时段错误：*No program in object '/quest/skybook/jinshe/datiehe'!

程式：0 第 0 行
物件：/adm/kernel/master

执行时段错误：*No program in object '/quest/skybook/jinshe/wenyi'!

程式：0 第 0 行
物件：/adm/kernel/master

执行时段错误：*No program in object '/quest/skybook/jinshe/wenfangda'!

程式：0 第 0 行
物件：/adm/kernel/master

执行时段错误：*No program in object '/quest/skybook/mm2'!

程式：0 第 0 行
物件：/adm/kernel/master

执行时段错误：*F_SKILL: No such skill (taizu-quan)

程式：/feature/skill.lpc 第 75 行
物件：/quest/skybook/shediao/yang
呼叫来自：/quest/skybook/shediao/yang.lpc 的 create() 第 34 行，物件： /quest/skybook/shediao/yang ("杨铁心")
呼叫来自：/feature/skill.lpc 的 set_skill() 第 75 行，物件： /quest/skybook/shediao/yang ("杨铁心")

执行时段错误：*F_SKILL: No such skill (quanzhen-jianfa)

程式：/feature/skill.lpc 第 75 行
物件：/quest/skybook/shediao/yangkang
呼叫来自：/quest/skybook/shediao/yangkang.lpc 的 create() 第 55 行，物件： /quest/skybook/shediao/yangkang ("杨康")
呼叫来自：/feature/skill.lpc 的 set_skill() 第 75 行，物件： /quest/skybook/shediao/yangkang ("杨康")

执行时段错误：*Bad argument 1 to EFUN call_other()
Expected: object, string, array,  Got: int(0).

程式：/inherit/room/room.lpc 第 33 行
物件：/quest/skybook/shediao/houyuan
呼叫来自：/quest/skybook/shediao/houyuan.lpc 的 create() 第 26 行，物件： /quest/skybook/shediao/houyuan
呼叫来自：/inherit/room/room.lpc 的 setup() 第 296 行，物件： /quest/skybook/shediao/houyuan
呼叫来自：/inherit/room/room.lpc 的 reset() 第 129 行，物件： /quest/skybook/shediao/houyuan
呼叫来自：/inherit/room/room.lpc 的 make_inventory() 第 33 行，物件： /quest/skybook/shediao/houyuan

执行时段错误：*Bad argument 1 to EFUN call_other()
Expected: object, string, array,  Got: int(0).

程式：/inherit/room/room.lpc 第 33 行
物件：/quest/skybook/xsfh/fendi
呼叫来自：/quest/skybook/xsfh/fendi.lpc 的 create() 第 50 行，物件： /quest/skybook/xsfh/fendi
呼叫来自：/inherit/room/room.lpc 的 setup() 第 296 行，物件： /quest/skybook/xsfh/fendi
呼叫来自：/inherit/room/room.lpc 的 reset() 第 129 行，物件： /quest/skybook/xsfh/fendi
呼叫来自：/inherit/room/room.lpc 的 make_inventory() 第 33 行，物件： /quest/skybook/xsfh/fendi

执行时段错误：*No program in object '/quest/skybook/xsfh/npc/hu-fei2'!

程式：0 第 0 行
物件：/adm/kernel/master

执行时段错误：*F_SKILL: No such skill (jinshe-zhangfa)

程式：/feature/skill.lpc 第 75 行
物件：/quest/skybook/xsfh/npc/chenglingsu
呼叫来自：/quest/skybook/xsfh/npc/chenglingsu.lpc 的 create() 第 45 行，物件： /quest/skybook/xsfh/npc/chenglingsu ("程灵素")
呼叫来自：/feature/skill.lpc 的 set_skill() 第 75 行，物件： /quest/skybook/xsfh/npc/chenglingsu ("程灵素")

执行时段错误：*No program in object '/quest/skybook/xsfh/npc/hu-fei1'!

程式：0 第 0 行
物件：/adm/kernel/master

执行时段错误：*No program in object '/quest/skybook/xsfh/npc/yan-ji'!

程式：0 第 0 行
物件：/adm/kernel/master

执行时段错误：*No program in object '/quest/skybook/xsfh/npc/miaorenfeng'!

程式：0 第 0 行
物件：/adm/kernel/master

执行时段错误：*No program in object '/quest/skybook/xsfh/baozang/gaoshou'!

程式：0 第 0 行
物件：/adm/kernel/master

执行时段错误：*No program in object '/quest/skybook/xsfh/baozang/mishi'!

程式：0 第 0 行
物件：/adm/kernel/master

执行时段错误：*No program in object '/quest/skybook/xsfh/baozang/npc/gaoshou'!

程式：0 第 0 行
物件：/adm/kernel/master

执行时段错误：*No program in object '/quest/skybook/jimou/qibing'!

程式：0 第 0 行
物件：/adm/kernel/master

执行时段错误：*No program in object '/quest/skybook/jimou/dantiao'!

程式：0 第 0 行
物件：/adm/kernel/master

执行时段错误：*No program in object '/quest/skybook/jimou/maifu'!

程式：0 第 0 行
物件：/adm/kernel/master

执行时段错误：*No program in object '/quest/skybook/jimou/sugong'!

程式：0 第 0 行
物件：/adm/kernel/master

执行时段错误：*No program in object '/quest/skybook/jimou/shidu'!

程式：0 第 0 行
物件：/adm/kernel/master

执行时段错误：*No program in object '/quest/skybook/jimou/guwu'!

程式：0 第 0 行
物件：/adm/kernel/master

执行时段错误：*No program in object '/quest/skybook/jimou/tianbian'!

程式：0 第 0 行
物件：/adm/kernel/master

执行时段错误：*No program in object '/quest/skybook/jimou/neihong'!

程式：0 第 0 行
物件：/adm/kernel/master

执行时段错误：*No program in object '/quest/skybook/jimou/scout'!

程式：0 第 0 行
物件：/adm/kernel/master

执行时段错误：*No program in object '/quest/skybook/jimou/chenzhuo'!

程式：0 第 0 行
物件：/adm/kernel/master

执行时段错误：*No program in object '/quest/skybook/jimou/zhanbu'!

程式：0 第 0 行
物件：/adm/kernel/master

执行时段错误：*No program in object '/quest/skybook/jimou/huangbao'!

程式：0 第 0 行
物件：/adm/kernel/master

执行时段错误：*No program in object '/quest/skybook/jimou/fenfa'!

程式：0 第 0 行
物件：/adm/kernel/master

执行时段错误：*No program in object '/quest/skybook/jimou/jbsj'!

程式：0 第 0 行
物件：/adm/kernel/master

执行时段错误：*No program in object '/quest/skybook/jimou/jiaoma'!

程式：0 第 0 行
物件：/adm/kernel/master

执行时段错误：*No program in object '/quest/skybook/jimou/luanshe'!

程式：0 第 0 行
物件：/adm/kernel/master

执行时段错误：*No program in object '/quest/skybook/jimou/luoshi'!

程式：0 第 0 行
物件：/adm/kernel/master

执行时段错误：*No program in object '/quest/skybook/jimou/fengbian'!

程式：0 第 0 行
物件：/adm/kernel/master

执行时段错误：*No program in object '/quest/skybook/jimou/hunluan'!

程式：0 第 0 行
物件：/adm/kernel/master

执行时段错误：*No program in object '/quest/skybook/jimou/shoushi'!

程式：0 第 0 行
物件：/adm/kernel/master

执行时段错误：*No program in object '/quest/skybook/jimou/jbhj'!

程式：0 第 0 行
物件：/adm/kernel/master

执行时段错误：*No program in object '/quest/skybook/jimou/fakeorder'!

程式：0 第 0 行
物件：/adm/kernel/master

执行时段错误：*No program in object '/quest/skybook/jimou/jiedu'!

程式：0 第 0 行
物件：/adm/kernel/master

执行时段错误：*No program in object '/quest/skybook/tlbb/liao-huo'!

程式：0 第 0 行
物件：/adm/kernel/master

执行时段错误：*F_SKILL: No such skill (qingyan-zhang)

程式：/feature/skill.lpc 第 75 行
物件：/quest/skybook/tlbb/duanzm
呼叫来自：/quest/skybook/tlbb/duanzm.lpc 的 create() 第 53 行，物件： /quest/skybook/tlbb/duanzm ("段正明")
呼叫来自：/feature/skill.lpc 的 set_skill() 第 75 行，物件： /quest/skybook/tlbb/duanzm ("段正明")

执行时段错误：*F_SKILL: No such skill (daode-jing)

程式：/feature/skill.lpc 第 75 行
物件：/quest/skybook/tlbb/dy (2)
呼叫来自：/quest/skybook/tlbb/dy (2).lpc 的 create() 第 87 行，物件： /quest/skybook/tlbb/dy (2) ("青年男子")
呼叫来自：/feature/skill.lpc 的 set_skill() 第 75 行，物件： /quest/skybook/tlbb/dy (2) ("青年男子")

执行时段错误：*No program in object '/quest/skybook/tlbb/silk3'!

程式：0 第 0 行
物件：/adm/kernel/master

执行时段错误：*No program in object '/quest/skybook/tlbb/dzc'!

程式：0 第 0 行
物件：/adm/kernel/master

执行时段错误：*F_SKILL: No such skill (qingyan-zhang)

程式：/feature/skill.lpc 第 75 行
物件：/quest/skybook/tlbb/fusigui
呼叫来自：/quest/skybook/tlbb/fusigui.lpc 的 create() 第 44 行，物件： /quest/skybook/tlbb/fusigui ("傅思归")
呼叫来自：/feature/skill.lpc 的 set_skill() 第 75 行，物件： /quest/skybook/tlbb/fusigui ("傅思归")

执行时段错误：*F_SKILL: No such skill (qingyan-zhang)

程式：/feature/skill.lpc 第 75 行
物件：/quest/skybook/tlbb/sima
呼叫来自：/quest/skybook/tlbb/sima.lpc 的 create() 第 41 行，物件： /quest/skybook/tlbb/sima ("范晔")
呼叫来自：/feature/skill.lpc 的 set_skill() 第 75 行，物件： /quest/skybook/tlbb/sima ("范晔")

执行时段错误：*Bad argument 1 to EFUN call_other()
Expected: object, string, array,  Got: int(0).

程式：/inherit/room/room.lpc 第 33 行
物件：/quest/skybook/tlbb/smdian
呼叫来自：/quest/skybook/tlbb/smdian.lpc 的 create() 第 37 行，物件： /quest/skybook/tlbb/smdian
呼叫来自：/inherit/room/room.lpc 的 setup() 第 296 行，物件： /quest/skybook/tlbb/smdian
呼叫来自：/inherit/room/room.lpc 的 reset() 第 143 行，物件： /quest/skybook/tlbb/smdian
呼叫来自：/inherit/room/room.lpc 的 make_inventory() 第 33 行，物件： /quest/skybook/tlbb/smdian

执行时段错误：*No program in object '/quest/skybook/tlbb/xiaofeng'!

程式：0 第 0 行
物件：/adm/kernel/master

执行时段错误：*F_SKILL: No such skill (yijin-jing)

程式：/feature/skill.lpc 第 75 行
物件：/quest/skybook/tlbb/xuan-ci
呼叫来自：/quest/skybook/tlbb/xuan-ci.lpc 的 create() 第 61 行，物件： /quest/skybook/tlbb/xuan-ci ("玄慈大师")
呼叫来自：/feature/skill.lpc 的 set_skill() 第 75 行，物件： /quest/skybook/tlbb/xuan-ci ("玄慈大师")

执行时段错误：*No program in object '/quest/skybook/tlbb/dong2'!

程式：0 第 0 行
物件：/adm/kernel/master

执行时段错误：*Bad argument 1 to EFUN call_other()
Expected: object, string, array,  Got: int(0).

程式：/inherit/room/room.lpc 第 33 行
物件：/quest/skybook/tlbb/road_copy
呼叫来自：/quest/skybook/tlbb/road_copy.lpc 的 create() 第 30 行，物件： /quest/skybook/tlbb/road_copy
呼叫来自：/inherit/room/room.lpc 的 setup() 第 296 行，物件： /quest/skybook/tlbb/road_copy
呼叫来自：/inherit/room/room.lpc 的 reset() 第 129 行，物件： /quest/skybook/tlbb/road_copy
呼叫来自：/inherit/room/room.lpc 的 make_inventory() 第 33 行，物件： /quest/skybook/tlbb/road_copy

执行时段错误：*Bad argument 1 to EFUN call_other()
Expected: object, string, array,  Got: int(0).

程式：/inherit/room/room.lpc 第 33 行
物件：/quest/skybook/tlbb/dating
呼叫来自：/quest/skybook/tlbb/dating.lpc 的 create() 第 39 行，物件： /quest/skybook/tlbb/dating
呼叫来自：/inherit/room/room.lpc 的 setup() 第 296 行，物件： /quest/skybook/tlbb/dating
呼叫来自：/inherit/room/room.lpc 的 reset() 第 129 行，物件： /quest/skybook/tlbb/dating
呼叫来自：/inherit/room/room.lpc 的 make_inventory() 第 33 行，物件： /quest/skybook/tlbb/dating

执行时段错误：*No program in object '/quest/skybook/tlbb/kurong'!

程式：0 第 0 行
物件：/adm/kernel/master

执行时段错误：*Bad argument 1 to EFUN call_other()
Expected: object, string, array,  Got: int(0).

程式：/quest/skybook/tlbb/xiaoyaozi.lpc 第 85 行
物件：/quest/skybook/tlbb/xiaoyaozi
呼叫来自：/quest/skybook/tlbb/xiaoyaozi.lpc 的 create() 第 85 行，物件： /quest/skybook/tlbb/xiaoyaozi ("逍遥子")

执行时段错误：*F_SKILL: No such skill (daode-jing)

程式：/feature/skill.lpc 第 75 行
物件：/quest/skybook/tlbb/dy
呼叫来自：/quest/skybook/tlbb/dy.lpc 的 create() 第 87 行，物件： /quest/skybook/tlbb/dy ("青年男子")
呼叫来自：/feature/skill.lpc 的 set_skill() 第 75 行，物件： /quest/skybook/tlbb/dy ("青年男子")

执行时段错误：*No program in object '/quest/skybook/tlbb/tlbb_npc'!

程式：0 第 0 行
物件：/adm/kernel/master

执行时段错误：*Bad argument 1 to EFUN call_other()
Expected: object, string, array,  Got: int(0).

程式：/inherit/room/room.lpc 第 33 行
物件：/quest/skybook/tlbb/shanya
呼叫来自：/quest/skybook/tlbb/shanya.lpc 的 create() 第 31 行，物件： /quest/skybook/tlbb/shanya
呼叫来自：/inherit/room/room.lpc 的 setup() 第 296 行，物件： /quest/skybook/tlbb/shanya
呼叫来自：/inherit/room/room.lpc 的 reset() 第 143 行，物件： /quest/skybook/tlbb/shanya
呼叫来自：/inherit/room/room.lpc 的 make_inventory() 第 33 行，物件： /quest/skybook/tlbb/shanya

执行时段错误：*F_SKILL: No such skill (wuliang-jianfa)

程式：/feature/skill.lpc 第 75 行
物件：/quest/skybook/tlbb/wu_guangsheng
呼叫来自：/quest/skybook/tlbb/wu_guangsheng.lpc 的 create() 第 39 行，物件： /quest/skybook/tlbb/wu_guangsheng ("吴光胜")
呼叫来自：/feature/skill.lpc 的 set_skill() 第 75 行，物件： /quest/skybook/tlbb/wu_guangsheng ("吴光胜")

执行时段错误：*Bad argument 1 to EFUN call_other()
Expected: object, string, array,  Got: int(0).

程式：/inherit/room/room.lpc 第 33 行
物件：/quest/skybook/tlbb/jxzhuang
呼叫来自：/quest/skybook/tlbb/jxzhuang.lpc 的 create() 第 29 行，物件： /quest/skybook/tlbb/jxzhuang
呼叫来自：/inherit/room/room.lpc 的 setup() 第 296 行，物件： /quest/skybook/tlbb/jxzhuang
呼叫来自：/inherit/room/room.lpc 的 reset() 第 129 行，物件： /quest/skybook/tlbb/jxzhuang
呼叫来自：/inherit/room/room.lpc 的 make_inventory() 第 33 行，物件： /quest/skybook/tlbb/jxzhuang

执行时段错误：*F_SKILL: No such skill (wuliang-jianfa)

程式：/feature/skill.lpc 第 75 行
物件：/quest/skybook/tlbb/yu_guangbiao
呼叫来自：/quest/skybook/tlbb/yu_guangbiao.lpc 的 create() 第 40 行，物件： /quest/skybook/tlbb/yu_guangbiao ("郁光标")
呼叫来自：/feature/skill.lpc 的 set_skill() 第 75 行，物件： /quest/skybook/tlbb/yu_guangbiao ("郁光标")

执行时段错误：*No program in object '/quest/skybook/tlbb/xiaofeng_bak'!

程式：0 第 0 行
物件：/adm/kernel/master

执行时段错误：*F_SKILL: No such skill (duanjia-jianfa)

程式：/feature/skill.lpc 第 75 行
物件：/quest/skybook/tlbb/dyq
呼叫来自：/quest/skybook/tlbb/dyq.lpc 的 create() 第 54 行，物件： /quest/skybook/tlbb/dyq ("青袍客")
呼叫来自：/feature/skill.lpc 的 set_skill() 第 75 行，物件： /quest/skybook/tlbb/dyq ("青袍客")

执行时段错误：*No program in object '/quest/skybook/tlbb/ben-yin'!

程式：0 第 0 行
物件：/adm/kernel/master

执行时段错误：*Bad argument 1 to EFUN call_other()
Expected: object, string, array,  Got: int(0).

程式：/inherit/room/room.lpc 第 33 行
物件：/quest/skybook/tlbb/road
呼叫来自：/quest/skybook/tlbb/road.lpc 的 create() 第 31 行，物件： /quest/skybook/tlbb/road
呼叫来自：/inherit/room/room.lpc 的 setup() 第 296 行，物件： /quest/skybook/tlbb/road
呼叫来自：/inherit/room/room.lpc 的 reset() 第 129 行，物件： /quest/skybook/tlbb/road
呼叫来自：/inherit/room/room.lpc 的 make_inventory() 第 33 行，物件： /quest/skybook/tlbb/road

执行时段错误：*F_SKILL: No such skill (qingyan-zhang)

程式：/feature/skill.lpc 第 75 行
物件：/quest/skybook/tlbb/sikong
呼叫来自：/quest/skybook/tlbb/sikong.lpc 的 create() 第 41 行，物件： /quest/skybook/tlbb/sikong ("巴天石")
呼叫来自：/feature/skill.lpc 的 set_skill() 第 75 行，物件： /quest/skybook/tlbb/sikong ("巴天石")

执行时段错误：*No program in object '/quest/skybook/tlbb/murong-fu'!

程式：0 第 0 行
物件：/adm/kernel/master

执行时段错误：*F_SKILL: No such skill (qingyan-zhang)

程式：/feature/skill.lpc 第 75 行
物件：/quest/skybook/tlbb/situ
呼叫来自：/quest/skybook/tlbb/situ.lpc 的 create() 第 41 行，物件： /quest/skybook/tlbb/situ ("华赫艮")
呼叫来自：/feature/skill.lpc 的 set_skill() 第 75 行，物件： /quest/skybook/tlbb/situ ("华赫艮")

执行时段错误：*Bad argument 1 to EFUN call_other()
Expected: object, string, array,  Got: int(0).

程式：/inherit/room/room.lpc 第 33 行
物件：/quest/skybook/lcj/damen
呼叫来自：/quest/skybook/lcj/damen.lpc 的 create() 第 35 行，物件： /quest/skybook/lcj/damen
呼叫来自：/inherit/room/room.lpc 的 setup() 第 296 行，物件： /quest/skybook/lcj/damen
呼叫来自：/inherit/room/room.lpc 的 reset() 第 129 行，物件： /quest/skybook/lcj/damen
呼叫来自：/inherit/room/room.lpc 的 make_inventory() 第 33 行，物件： /quest/skybook/lcj/damen

执行时段错误：*No program in object '/quest/skybook/lcj/dizi7'!

程式：0 第 0 行
物件：/adm/kernel/master

执行时段错误：*No program in object '/quest/skybook/lcj/wan'!

程式：0 第 0 行
物件：/adm/kernel/master

执行时段错误：*No program in object '/quest/skybook/lcj/qi'!

程式：0 第 0 行
物件：/adm/kernel/master

执行时段错误：*No program in object '/quest/skybook/lcj/taohong'!

程式：0 第 0 行
物件：/adm/kernel/master

执行时段错误：*No program in object '/quest/quest5/job2/robber4'!

程式：0 第 0 行
物件：/adm/kernel/master

执行时段错误：*No program in object '/inherit/gems/robe'!

程式：0 第 0 行
物件：/adm/kernel/master

执行时段错误：*No program in object '/inherit/gems/weapon'!

程式：0 第 0 行
物件：/adm/kernel/master

执行时段错误：*No program in object '/inherit/gems/ring'!

程式：0 第 0 行
物件：/adm/kernel/master

执行时段错误：*No program in object '/inherit/misc/dboard'!

程式：0 第 0 行
物件：/adm/kernel/master

执行时段错误：*No program in object '/inherit/banghui/banghui_auth'!

程式：0 第 0 行
物件：/adm/kernel/master

执行时段错误：*No program in object '/inherit/banghui/smith'!

程式：0 第 0 行
物件：/adm/kernel/master

执行时段错误：*No program in object '/inherit/room/danger_road'!

程式：0 第 0 行
物件：/adm/kernel/master

执行时段错误：*No program in object '/inherit/room/hockshop'!

程式：0 第 0 行
物件：/adm/kernel/master

执行时段错误：*No program in object '/inherit/room/pawn_d'!

程式：0 第 0 行
物件：/adm/kernel/master

执行时段错误：*No program in object '/inherit/self/weapon/dhammer'!

程式：0 第 0 行
物件：/adm/kernel/master

执行时段错误：*No program in object '/inherit/self/weapon/stick'!

程式：0 第 0 行
物件：/adm/kernel/master

执行时段错误：*No program in object '/inherit/self/weapon/whip'!

程式：0 第 0 行
物件：/adm/kernel/master

执行时段错误：*No program in object '/inherit/self/weapon/sword'!

程式：0 第 0 行
物件：/adm/kernel/master

执行时段错误：*No program in object '/inherit/self/weapon/spear'!

程式：0 第 0 行
物件：/adm/kernel/master

执行时段错误：*No program in object '/inherit/self/weapon/axe'!

程式：0 第 0 行
物件：/adm/kernel/master

执行时段错误：*No program in object '/inherit/self/weapon/blade'!

程式：0 第 0 行
物件：/adm/kernel/master

执行时段错误：*No program in object '/inherit/self/weapon/dagger'!

程式：0 第 0 行
物件：/adm/kernel/master

执行时段错误：*No program in object '/inherit/self/weapon/hammer'!

程式：0 第 0 行
物件：/adm/kernel/master

执行时段错误：*No program in object '/inherit/self/weapon/staff'!

程式：0 第 0 行
物件：/adm/kernel/master

执行时段错误：*No program in object '/inherit/condition/damo'!

程式：0 第 0 行
物件：/adm/kernel/master

执行时段错误：*No program in object '/inherit/meskill/skill_model_unarmed'!

程式：0 第 0 行
物件：/adm/kernel/master

执行时段错误：*No program in object '/inherit/meskill/skill_model_default'!

程式：0 第 0 行
物件：/adm/kernel/master

执行时段错误：*No program in object '/inherit/meskill/skill_model_weapon'!

程式：0 第 0 行
物件：/adm/kernel/master

执行时段错误：*No program in object '/maze/battle3/npc/dadao'!

程式：0 第 0 行
物件：/adm/kernel/master

执行时段错误：*No program in object '/maze/battle/battlefield_experience'!

程式：0 第 0 行
物件：/adm/kernel/master

执行时段错误：*No program in object '/maze/battle/battlefield_player_1'!

程式：0 第 0 行
物件：/adm/kernel/master

执行时段错误：*No program in object '/maze/sand_dragon/npc/sand_dragon'!

程式：0 第 0 行
物件：/adm/kernel/master

执行时段错误：*No program in object '/maze/yanmen/luanshi1'!

程式：0 第 0 行
物件：/adm/kernel/master

执行时段错误：*No program in object '/maze/yanmen/luanshi4'!

程式：0 第 0 行
物件：/adm/kernel/master

执行时段错误：*No program in object '/maze/yanmen/luanshi6'!

程式：0 第 0 行
物件：/adm/kernel/master

执行时段错误：*No program in object '/maze/yanmen/luanshi2'!

程式：0 第 0 行
物件：/adm/kernel/master

执行时段错误：*No program in object '/maze/yanmen/luanshi5'!

程式：0 第 0 行
物件：/adm/kernel/master

执行时段错误：*No program in object '/maze/yanmen/luanshi3'!

程式：0 第 0 行
物件：/adm/kernel/master

执行时段错误：*F_SKILL: No such skill (longxiang)

程式：/feature/skill.lpc 第 75 行
物件：/maze/yanmen/npc/xiao
呼叫来自：/maze/yanmen/npc/xiao.lpc 的 create() 第 61 行，物件： /maze/yanmen/npc/xiao ("萧远山")
呼叫来自：/feature/skill.lpc 的 set_skill() 第 75 行，物件： /maze/yanmen/npc/xiao ("萧远山")

执行时段错误：*No program in object '/maze/yanmen/npc/horse'!

程式：0 第 0 行
物件：/adm/kernel/master

执行时段错误：*F_SKILL: No such skill (longxiang)

程式：/feature/skill.lpc 第 75 行
物件：/maze/yanmen/npc/qidanbing
呼叫来自：/maze/yanmen/npc/qidanbing.lpc 的 create() 第 64 行，物件： /maze/yanmen/npc/qidanbing ("契丹军官")
呼叫来自：/feature/skill.lpc 的 set_skill() 第 75 行，物件： /maze/yanmen/npc/qidanbing ("契丹军官")

执行时段错误：*No program in object '/maze/yanmen/luanshi8'!

程式：0 第 0 行
物件：/adm/kernel/master

执行时段错误：*No program in object '/maze/yanmen/luanshi7'!

程式：0 第 0 行
物件：/adm/kernel/master

执行时段错误：*No program in object '/maze/wuliang/shulin1'!

程式：0 第 0 行
物件：/adm/kernel/master

执行时段错误：*F_SKILL: No such skill (liuhe-blade)

程式：/feature/skill.lpc 第 75 行
物件：/maze/juxianzhuang/npc/gaibang
呼叫来自：/maze/juxianzhuang/npc/gaibang.lpc 的 create() 第 39 行，物件： /maze/juxianzhuang/npc/gaibang ("丐帮弟子")
呼叫来自：/feature/skill.lpc 的 set_skill() 第 75 行，物件： /maze/juxianzhuang/npc/gaibang ("丐帮弟子")

执行时段错误：*F_SKILL: No such skill (yijin-jing)

程式：/feature/skill.lpc 第 75 行
物件：/maze/juxianzhuang/npc/youji
呼叫来自：/maze/juxianzhuang/npc/youji.lpc 的 create() 第 32 行，物件： /maze/juxianzhuang/npc/youji ("游骥")
呼叫来自：/feature/skill.lpc 的 set_skill() 第 75 行，物件： /maze/juxianzhuang/npc/youji ("游骥")

执行时段错误：*F_SKILL: No such skill (huashan-jianfa)

程式：/feature/skill.lpc 第 75 行
物件：/maze/juxianzhuang/npc/haojie
呼叫来自：/maze/juxianzhuang/npc/haojie.lpc 的 create() 第 38 行，物件： /maze/juxianzhuang/npc/haojie ("江湖豪杰")
呼叫来自：/feature/skill.lpc 的 set_skill() 第 75 行，物件： /maze/juxianzhuang/npc/haojie ("江湖豪杰")

执行时段错误：*F_SKILL: No such skill (yijin-jing)

程式：/feature/skill.lpc 第 75 行
物件：/maze/juxianzhuang/npc/youju
呼叫来自：/maze/juxianzhuang/npc/youju.lpc 的 create() 第 32 行，物件： /maze/juxianzhuang/npc/youju ("游驹")
呼叫来自：/feature/skill.lpc 的 set_skill() 第 75 行，物件： /maze/juxianzhuang/npc/youju ("游驹")

执行时段错误：*F_SKILL: No such skill (yijin-jing)

程式：/feature/skill.lpc 第 75 行
物件：/maze/juxianzhuang/npc/xuan-ji
呼叫来自：/maze/juxianzhuang/npc/xuan-ji.lpc 的 create() 第 39 行，物件： /maze/juxianzhuang/npc/xuan-ji ("玄寂大师")
呼叫来自：/feature/skill.lpc 的 set_skill() 第 75 行，物件： /maze/juxianzhuang/npc/xuan-ji ("玄寂大师")

执行时段错误：*Bad argument 1 to wizardp()
Expected: object Got: 0.

程式：/maze/battle1/obj/walkie-talkie.lpc 第 19 行
物件：/maze/battle1/obj/walkie-talkie
呼叫来自：/maze/battle1/obj/walkie-talkie.lpc 的 create() 第 19 行，物件： /maze/battle1/obj/walkie-talkie ("对讲机")

执行时段错误：*Bad argument 1 to capitalize()
Expected: string Got: 0.

程式：/inherit/char/first.lpc 第 109 行
物件：/kungfu/class/xingxiu/first#2394
呼叫来自：/clone/board/xingxiu_b.lpc 的 create() 第 11 行，物件： /clone/board/xingxiu_b ("布衣")
呼叫来自：/inherit/misc/bboard.lpc 的 setup() 第 40 行，物件： /clone/board/xingxiu_b ("布衣")
呼叫来自：/feature/move.lpc 的 move() 第 78 行，物件： /clone/board/xingxiu_b ("布衣")
呼叫来自：/d/xingxiu/riyuedong1.lpc 的 create() 第 40 行，物件： /d/xingxiu/riyuedong1
呼叫来自：/inherit/room/room.lpc 的 setup() 第 296 行，物件： /d/xingxiu/riyuedong1
呼叫来自：/inherit/room/room.lpc 的 reset() 第 129 行，物件： /d/xingxiu/riyuedong1
呼叫来自：/inherit/room/room.lpc 的 make_inventory() 第 45 行，物件： /d/xingxiu/riyuedong1
呼叫来自：/feature/move.lpc 的 move() 第 231 行，物件： /kungfu/class/xingxiu/first#2394 ("布衣")
呼叫来自：/inherit/char/first.lpc 的 init() 第 48 行，物件： /kungfu/class/xingxiu/first#2394 ("布衣")
呼叫来自：/inherit/char/first.lpc 的 create_identity() 第 91 行，物件： /kungfu/class/xingxiu/first#2394 ("布衣")
呼叫来自：/inherit/char/first.lpc 的 init_identity() 第 109 行，物件： /kungfu/class/xingxiu/first#2394 ("布衣")

执行时段错误：*Bad argument 1 to capitalize()
Expected: string Got: 0.

程式：/inherit/char/first.lpc 第 109 行
物件：/kungfu/class/yunlong/first#2396
呼叫来自：/clone/board/tiandihui_b.lpc 的 create() 第 11 行，物件： /clone/board/tiandihui_b ("布衣")
呼叫来自：/inherit/misc/bboard.lpc 的 setup() 第 40 行，物件： /clone/board/tiandihui_b ("布衣")
呼叫来自：/feature/move.lpc 的 move() 第 78 行，物件： /clone/board/tiandihui_b ("布衣")
呼叫来自：/d/beijing/qingmu_dating.lpc 的 create() 第 34 行，物件： /d/beijing/qingmu_dating
呼叫来自：/inherit/room/room.lpc 的 setup() 第 296 行，物件： /d/beijing/qingmu_dating
呼叫来自：/inherit/room/room.lpc 的 reset() 第 129 行，物件： /d/beijing/qingmu_dating
呼叫来自：/inherit/room/room.lpc 的 make_inventory() 第 45 行，物件： /d/beijing/qingmu_dating
呼叫来自：/feature/move.lpc 的 move() 第 231 行，物件： /kungfu/class/yunlong/chen#2398 ("布衣")
呼叫来自：/inherit/char/first.lpc 的 init() 第 48 行，物件： /kungfu/class/yunlong/first#2396 ("布衣")
呼叫来自：/inherit/char/first.lpc 的 create_identity() 第 91 行，物件： /kungfu/class/yunlong/first#2396 ("布衣")
呼叫来自：/inherit/char/first.lpc 的 init_identity() 第 109 行，物件： /kungfu/class/yunlong/first#2396 ("布衣")

执行时段错误：*Bad argument 1 to capitalize()
Expected: string Got: 0.

程式：/inherit/char/first.lpc 第 109 行
物件：/kungfu/class/quanzhen/first#2415
呼叫来自：/clone/board/quanzhen_b.lpc 的 create() 第 11 行，物件： /clone/board/quanzhen_b ("布衣")
呼叫来自：/inherit/misc/bboard.lpc 的 setup() 第 40 行，物件： /clone/board/quanzhen_b ("布衣")
呼叫来自：/feature/move.lpc 的 move() 第 78 行，物件： /clone/board/quanzhen_b ("布衣")
呼叫来自：/d/quanzhen/datang1.lpc 的 create() 第 30 行，物件： /d/quanzhen/datang1
呼叫来自：/inherit/room/room.lpc 的 setup() 第 296 行，物件： /d/quanzhen/datang1
呼叫来自：/inherit/room/room.lpc 的 reset() 第 129 行，物件： /d/quanzhen/datang1
呼叫来自：/inherit/room/room.lpc 的 make_inventory() 第 45 行，物件： /d/quanzhen/datang1
呼叫来自：/feature/move.lpc 的 move() 第 231 行，物件： /kungfu/class/quanzhen/first#2415 ("布衣")
呼叫来自：/inherit/char/first.lpc 的 init() 第 48 行，物件： /kungfu/class/quanzhen/first#2415 ("布衣")
呼叫来自：/inherit/char/first.lpc 的 create_identity() 第 91 行，物件： /kungfu/class/quanzhen/first#2415 ("布衣")
呼叫来自：/inherit/char/first.lpc 的 init_identity() 第 109 行，物件： /kungfu/class/quanzhen/first#2415 ("布衣")

执行时段错误：*No program in object '/d/city/kedian4'!

程式：/feature/move.lpc 第 78 行
物件：/clone/board/kedian_b
呼叫来自：/clone/board/kedian_b.lpc 的 create() 第 11 行，物件： /clone/board/kedian_b ("客店留言板")
呼叫来自：/inherit/misc/bboard.lpc 的 setup() 第 40 行，物件： /clone/board/kedian_b ("客店留言板")
呼叫来自：/feature/move.lpc 的 move() 第 78 行，物件： /clone/board/kedian_b ("客店留言板")

执行时段错误：*Bad argument 1 to capitalize()
Expected: string Got: 0.

程式：/inherit/char/first.lpc 第 109 行
物件：/kungfu/class/shaolin/first#2429
呼叫来自：/clone/board/bonze_b.lpc 的 create() 第 11 行，物件： /clone/board/bonze_b ("灰布镶边袈裟")
呼叫来自：/inherit/misc/bboard.lpc 的 setup() 第 40 行，物件： /clone/board/bonze_b ("灰布镶边袈裟")
呼叫来自：/feature/move.lpc 的 move() 第 78 行，物件： /clone/board/bonze_b ("灰布镶边袈裟")
呼叫来自：/d/shaolin/dxbdian.lpc 的 create() 第 24 行，物件： /d/shaolin/dxbdian
呼叫来自：/inherit/room/room.lpc 的 setup() 第 296 行，物件： /d/shaolin/dxbdian
呼叫来自：/inherit/room/room.lpc 的 reset() 第 129 行，物件： /d/shaolin/dxbdian
呼叫来自：/inherit/room/room.lpc 的 make_inventory() 第 45 行，物件： /d/shaolin/dxbdian
呼叫来自：/feature/move.lpc 的 move() 第 231 行，物件： /kungfu/class/shaolin/dao-zheng#2431 ("灰布镶边袈裟")
呼叫来自：/inherit/char/first.lpc 的 init() 第 48 行，物件： /kungfu/class/shaolin/first#2429 ("灰布镶边袈裟")
呼叫来自：/inherit/char/first.lpc 的 create_identity() 第 91 行，物件： /kungfu/class/shaolin/first#2429 ("灰布镶边袈裟")
呼叫来自：/inherit/char/first.lpc 的 init_identity() 第 109 行，物件： /kungfu/class/shaolin/first#2429 ("灰布镶边袈裟")

执行时段错误：*Bad argument 1 to capitalize()
Expected: string Got: 0.

程式：/inherit/char/first.lpc 第 109 行
物件：/kungfu/class/duan/first#2471
呼叫来自：/clone/board/dali_b.lpc 的 create() 第 11 行，物件： /clone/board/dali_b ("布衣")
呼叫来自：/inherit/misc/bboard.lpc 的 setup() 第 40 行，物件： /clone/board/dali_b ("布衣")
呼叫来自：/feature/move.lpc 的 move() 第 78 行，物件： /clone/board/dali_b ("布衣")
呼叫来自：/d/dali/wangfugate.lpc 的 create() 第 30 行，物件： /d/dali/wangfugate
呼叫来自：/inherit/room/room.lpc 的 setup() 第 296 行，物件： /d/dali/wangfugate
呼叫来自：/inherit/room/room.lpc 的 reset() 第 129 行，物件： /d/dali/wangfugate
呼叫来自：/inherit/room/room.lpc 的 make_inventory() 第 45 行，物件： /d/dali/wangfugate
呼叫来自：/feature/move.lpc 的 move() 第 231 行，物件： /kungfu/class/duan/first#2471 ("布衣")
呼叫来自：/inherit/char/first.lpc 的 init() 第 48 行，物件： /kungfu/class/duan/first#2471 ("布衣")
呼叫来自：/inherit/char/first.lpc 的 create_identity() 第 91 行，物件： /kungfu/class/duan/first#2471 ("布衣")
呼叫来自：/inherit/char/first.lpc 的 init_identity() 第 109 行，物件： /kungfu/class/duan/first#2471 ("布衣")

执行时段错误：*Bad argument 1 to capitalize()
Expected: string Got: 0.

程式：/inherit/char/first.lpc 第 109 行
物件：/kungfu/class/emei/first#2476
呼叫来自：/clone/board/emei_b.lpc 的 create() 第 11 行，物件： /clone/board/emei_b ("[1;36m灰布尼鞋[2;37;0m")
呼叫来自：/inherit/misc/bboard.lpc 的 setup() 第 40 行，物件： /clone/board/emei_b ("[1;36m灰布尼鞋[2;37;0m")
呼叫来自：/feature/move.lpc 的 move() 第 78 行，物件： /clone/board/emei_b ("[1;36m灰布尼鞋[2;37;0m")
呼叫来自：/d/emei/hcaguangchang.lpc 的 create() 第 31 行，物件： /d/emei/hcaguangchang
呼叫来自：/inherit/room/room.lpc 的 setup() 第 296 行，物件： /d/emei/hcaguangchang
呼叫来自：/inherit/room/room.lpc 的 reset() 第 129 行，物件： /d/emei/hcaguangchang
呼叫来自：/inherit/room/room.lpc 的 make_inventory() 第 45 行，物件： /d/emei/hcaguangchang
呼叫来自：/feature/move.lpc 的 move() 第 231 行，物件： /kungfu/class/emei/xu#2478 ("[1;36m灰布尼鞋[2;37;0m")
呼叫来自：/inherit/char/first.lpc 的 init() 第 48 行，物件： /kungfu/class/emei/first#2476 ("[1;36m灰布尼鞋[2;37;0m")
呼叫来自：/inherit/char/first.lpc 的 create_identity() 第 91 行，物件： /kungfu/class/emei/first#2476 ("[1;36m灰布尼鞋[2;37;0m")
呼叫来自：/inherit/char/first.lpc 的 init_identity() 第 109 行，物件： /kungfu/class/emei/first#2476 ("[1;36m灰布尼鞋[2;37;0m")

执行时段错误：*call_other() couldn't find object '/u/wuji/workroom'.

程式：/feature/move.lpc 第 78 行
物件：/clone/board/wuji_b
呼叫来自：/clone/board/wuji_b.lpc 的 create() 第 10 行，物件： /clone/board/wuji_b ("工作笔记")
呼叫来自：/inherit/misc/bboard.lpc 的 setup() 第 40 行，物件： /clone/board/wuji_b ("工作笔记")
呼叫来自：/feature/move.lpc 的 move() 第 78 行，物件： /clone/board/wuji_b ("工作笔记")

执行时段错误：*Bad argument 1 to capitalize()
Expected: string Got: 0.

程式：/inherit/char/first.lpc 第 109 行
物件：/kungfu/class/hu/first#2487
呼叫来自：/clone/board/hu_b.lpc 的 create() 第 11 行，物件： /clone/board/hu_b ("布衣")
呼叫来自：/inherit/misc/bboard.lpc 的 setup() 第 40 行，物件： /clone/board/hu_b ("布衣")
呼叫来自：/feature/move.lpc 的 move() 第 78 行，物件： /clone/board/hu_b ("布衣")
呼叫来自：/d/guanwai/xiaowu.lpc 的 create() 第 22 行，物件： /d/guanwai/xiaowu
呼叫来自：/inherit/room/room.lpc 的 setup() 第 296 行，物件： /d/guanwai/xiaowu
呼叫来自：/inherit/room/room.lpc 的 reset() 第 129 行，物件： /d/guanwai/xiaowu
呼叫来自：/inherit/room/room.lpc 的 make_inventory() 第 45 行，物件： /d/guanwai/xiaowu
呼叫来自：/feature/move.lpc 的 move() 第 231 行，物件： /kungfu/class/hu/first#2487 ("布衣")
呼叫来自：/inherit/char/first.lpc 的 init() 第 48 行，物件： /kungfu/class/hu/first#2487 ("布衣")
呼叫来自：/inherit/char/first.lpc 的 create_identity() 第 91 行，物件： /kungfu/class/hu/first#2487 ("布衣")
呼叫来自：/inherit/char/first.lpc 的 init_identity() 第 109 行，物件： /kungfu/class/hu/first#2487 ("布衣")

执行时段错误：*Bad argument 1 to capitalize()
Expected: string Got: 0.

程式：/inherit/char/first.lpc 第 109 行
物件：/kungfu/class/wudu/first#2489
呼叫来自：/clone/board/wudu_b.lpc 的 create() 第 11 行，物件： /clone/board/wudu_b ("[37m银子[2;37;0m")
呼叫来自：/inherit/misc/bboard.lpc 的 setup() 第 40 行，物件： /clone/board/wudu_b ("[37m银子[2;37;0m")
呼叫来自：/feature/move.lpc 的 move() 第 78 行，物件： /clone/board/wudu_b ("[37m银子[2;37;0m")
呼叫来自：/d/wudu/dating.lpc 的 create() 第 25 行，物件： /d/wudu/dating
呼叫来自：/inherit/room/room.lpc 的 setup() 第 296 行，物件： /d/wudu/dating
呼叫来自：/inherit/room/room.lpc 的 reset() 第 129 行，物件： /d/wudu/dating
呼叫来自：/inherit/room/room.lpc 的 make_inventory() 第 45 行，物件： /d/wudu/dating
呼叫来自：/feature/move.lpc 的 move() 第 231 行，物件： /kungfu/class/wudu/panxiuda#2491 ("[37m银子[2;37;0m")
呼叫来自：/inherit/char/first.lpc 的 init() 第 48 行，物件： /kungfu/class/wudu/first#2489 ("[37m银子[2;37;0m")
呼叫来自：/inherit/char/first.lpc 的 create_identity() 第 91 行，物件： /kungfu/class/wudu/first#2489 ("[37m银子[2;37;0m")
呼叫来自：/inherit/char/first.lpc 的 init_identity() 第 109 行，物件： /kungfu/class/wudu/first#2489 ("[37m银子[2;37;0m")

执行时段错误：*Bad argument 1 to capitalize()
Expected: string Got: 0.

程式：/inherit/char/first.lpc 第 109 行
物件：/kungfu/class/xueshan/first#2500
呼叫来自：/clone/board/xueshan_b.lpc 的 create() 第 11 行，物件： /clone/board/xueshan_b ("布衣")
呼叫来自：/inherit/misc/bboard.lpc 的 setup() 第 40 行，物件： /clone/board/xueshan_b ("布衣")
呼叫来自：/feature/move.lpc 的 move() 第 78 行，物件： /clone/board/xueshan_b ("布衣")
呼叫来自：/d/xueshan/dadian.lpc 的 create() 第 27 行，物件： /d/xueshan/dadian
呼叫来自：/inherit/room/room.lpc 的 setup() 第 296 行，物件： /d/xueshan/dadian
呼叫来自：/inherit/room/room.lpc 的 reset() 第 129 行，物件： /d/xueshan/dadian
呼叫来自：/inherit/room/room.lpc 的 make_inventory() 第 45 行，物件： /d/xueshan/dadian
呼叫来自：/feature/move.lpc 的 move() 第 231 行，物件： /kungfu/class/xueshan/first#2500 ("布衣")
呼叫来自：/inherit/char/first.lpc 的 init() 第 48 行，物件： /kungfu/class/xueshan/first#2500 ("布衣")
呼叫来自：/inherit/char/first.lpc 的 create_identity() 第 91 行，物件： /kungfu/class/xueshan/first#2500 ("布衣")
呼叫来自：/inherit/char/first.lpc 的 init_identity() 第 109 行，物件： /kungfu/class/xueshan/first#2500 ("布衣")

执行时段错误：*Bad argument 1 to capitalize()
Expected: string Got: 0.

程式：/inherit/char/first.lpc 第 109 行
物件：/kungfu/class/songshan/first#2502
呼叫来自：/clone/board/songshan_b.lpc 的 create() 第 11 行，物件： /clone/board/songshan_b ("[33m赫黄袍[2;37;0m")
呼叫来自：/inherit/misc/bboard.lpc 的 setup() 第 40 行，物件： /clone/board/songshan_b ("[33m赫黄袍[2;37;0m")
呼叫来自：/feature/move.lpc 的 move() 第 78 行，物件： /clone/board/songshan_b ("[33m赫黄袍[2;37;0m")
呼叫来自：/d/songshan/chanyuan.lpc 的 create() 第 25 行，物件： /d/songshan/chanyuan
呼叫来自：/inherit/room/room.lpc 的 setup() 第 296 行，物件： /d/songshan/chanyuan
呼叫来自：/inherit/room/room.lpc 的 reset() 第 129 行，物件： /d/songshan/chanyuan
呼叫来自：/inherit/room/room.lpc 的 make_inventory() 第 45 行，物件： /d/songshan/chanyuan
呼叫来自：/feature/move.lpc 的 move() 第 231 行，物件： /kungfu/class/songshan/fei#2504 ("[33m赫黄袍[2;37;0m")
呼叫来自：/inherit/char/first.lpc 的 init() 第 48 行，物件： /kungfu/class/songshan/first#2502 ("[33m赫黄袍[2;37;0m")
呼叫来自：/inherit/char/first.lpc 的 create_identity() 第 91 行，物件： /kungfu/class/songshan/first#2502 ("[33m赫黄袍[2;37;0m")
呼叫来自：/inherit/char/first.lpc 的 init_identity() 第 109 行，物件： /kungfu/class/songshan/first#2502 ("[33m赫黄袍[2;37;0m")

执行时段错误：*Bad argument 1 to capitalize()
Expected: string Got: 0.

程式：/inherit/char/first.lpc 第 109 行
物件：/kungfu/class/mingjiao/first#2536
呼叫来自：/clone/board/mingjiao_b.lpc 的 create() 第 11 行，物件： /clone/board/mingjiao_b ("布衣")
呼叫来自：/inherit/misc/bboard.lpc 的 setup() 第 40 行，物件： /clone/board/mingjiao_b ("布衣")
呼叫来自：/feature/move.lpc 的 move() 第 78 行，物件： /clone/board/mingjiao_b ("布衣")
呼叫来自：/d/mingjiao/square.lpc 的 create() 第 28 行，物件： /d/mingjiao/square
呼叫来自：/inherit/room/room.lpc 的 setup() 第 296 行，物件： /d/mingjiao/square
呼叫来自：/inherit/room/room.lpc 的 reset() 第 129 行，物件： /d/mingjiao/square
呼叫来自：/inherit/room/room.lpc 的 make_inventory() 第 45 行，物件： /d/mingjiao/square
呼叫来自：/feature/move.lpc 的 move() 第 231 行，物件： /kungfu/class/mingjiao/first#2536 ("布衣")
呼叫来自：/inherit/char/first.lpc 的 init() 第 48 行，物件： /kungfu/class/mingjiao/first#2536 ("布衣")
呼叫来自：/inherit/char/first.lpc 的 create_identity() 第 91 行，物件： /kungfu/class/mingjiao/first#2536 ("布衣")
呼叫来自：/inherit/char/first.lpc 的 init_identity() 第 109 行，物件： /kungfu/class/mingjiao/first#2536 ("布衣")

执行时段错误：*Bad argument 1 to capitalize()
Expected: string Got: 0.

程式：/inherit/char/first.lpc 第 109 行
物件：/kungfu/class/shenlong/first#2541
呼叫来自：/clone/board/shenlong_b.lpc 的 create() 第 11 行，物件： /clone/board/shenlong_b ("布衣")
呼叫来自：/inherit/misc/bboard.lpc 的 setup() 第 40 行，物件： /clone/board/shenlong_b ("布衣")
呼叫来自：/feature/move.lpc 的 move() 第 78 行，物件： /clone/board/shenlong_b ("布衣")
呼叫来自：/d/shenlong/dating.lpc 的 create() 第 41 行，物件： /d/shenlong/dating
呼叫来自：/inherit/room/room.lpc 的 setup() 第 296 行，物件： /d/shenlong/dating
呼叫来自：/inherit/room/room.lpc 的 reset() 第 129 行，物件： /d/shenlong/dating
呼叫来自：/inherit/room/room.lpc 的 make_inventory() 第 45 行，物件： /d/shenlong/dating
呼叫来自：/feature/move.lpc 的 move() 第 231 行，物件： /d/shenlong/npc/boy3#2546 ("布衣")
呼叫来自：/inherit/char/first.lpc 的 init() 第 48 行，物件： /kungfu/class/shenlong/first#2541 ("布衣")
呼叫来自：/inherit/char/first.lpc 的 create_identity() 第 91 行，物件： /kungfu/class/shenlong/first#2541 ("布衣")
呼叫来自：/inherit/char/first.lpc 的 init_identity() 第 109 行，物件： /kungfu/class/shenlong/first#2541 ("布衣")

执行时段错误：*call_other() couldn't find object '/data/room/dcgz/woshi'.

程式：/feature/move.lpc 第 78 行
物件：/clone/board/dcgz_b
呼叫来自：/clone/board/dcgz_b.lpc 的 create() 第 11 行，物件： /clone/board/dcgz_b ("温馨笔记")
呼叫来自：/inherit/misc/bboard.lpc 的 setup() 第 40 行，物件： /clone/board/dcgz_b ("温馨笔记")
呼叫来自：/feature/move.lpc 的 move() 第 78 行，物件： /clone/board/dcgz_b ("温馨笔记")

执行时段错误：*Bad argument 1 to capitalize()
Expected: string Got: 0.

程式：/inherit/char/first.lpc 第 109 行
物件：/kungfu/class/kunlun/first#2560
呼叫来自：/clone/board/kunlun_b.lpc 的 create() 第 11 行，物件： /clone/board/kunlun_b ("[34m白边蓝色长袍[2;37;0m")
呼叫来自：/inherit/misc/bboard.lpc 的 setup() 第 40 行，物件： /clone/board/kunlun_b ("[34m白边蓝色长袍[2;37;0m")
呼叫来自：/feature/move.lpc 的 move() 第 78 行，物件： /clone/board/kunlun_b ("[34m白边蓝色长袍[2;37;0m")
呼叫来自：/d/kunlun/qianting.lpc 的 create() 第 30 行，物件： /d/kunlun/qianting
呼叫来自：/inherit/room/room.lpc 的 setup() 第 296 行，物件： /d/kunlun/qianting
呼叫来自：/inherit/room/room.lpc 的 reset() 第 129 行，物件： /d/kunlun/qianting
呼叫来自：/inherit/room/room.lpc 的 make_inventory() 第 45 行，物件： /d/kunlun/qianting
呼叫来自：/feature/move.lpc 的 move() 第 231 行，物件： /kungfu/class/kunlun/xihuazi#2562 ("[34m白边蓝色长袍[2;37;0m")
呼叫来自：/inherit/char/first.lpc 的 init() 第 48 行，物件： /kungfu/class/kunlun/first#2560 ("[34m白边蓝色长袍[2;37;0m")
呼叫来自：/inherit/char/first.lpc 的 create_identity() 第 91 行，物件： /kungfu/class/kunlun/first#2560 ("[34m白边蓝色长袍[2;37;0m")
呼叫来自：/inherit/char/first.lpc 的 init_identity() 第 109 行，物件： /kungfu/class/kunlun/first#2560 ("[34m白边蓝色长袍[2;37;0m")

执行时段错误：*Bad argument 1 to capitalize()
Expected: string Got: 0.

程式：/inherit/char/first.lpc 第 109 行
物件：/kungfu/class/henshan/first#2596
呼叫来自：/clone/board/henshan_b.lpc 的 create() 第 11 行，物件： /clone/board/henshan_b ("布衣")
呼叫来自：/inherit/misc/bboard.lpc 的 setup() 第 40 行，物件： /clone/board/henshan_b ("布衣")
呼叫来自：/feature/move.lpc 的 move() 第 78 行，物件： /clone/board/henshan_b ("布衣")
呼叫来自：/d/henshan/zhurongdian.lpc 的 create() 第 31 行，物件： /d/henshan/zhurongdian
呼叫来自：/inherit/room/room.lpc 的 setup() 第 296 行，物件： /d/henshan/zhurongdian
呼叫来自：/inherit/room/room.lpc 的 reset() 第 129 行，物件： /d/henshan/zhurongdian
呼叫来自：/inherit/room/room.lpc 的 make_inventory() 第 45 行，物件： /d/henshan/zhurongdian
呼叫来自：/feature/move.lpc 的 move() 第 231 行，物件： /kungfu/class/henshan/first#2596 ("布衣")
呼叫来自：/inherit/char/first.lpc 的 init() 第 48 行，物件： /kungfu/class/henshan/first#2596 ("布衣")
呼叫来自：/inherit/char/first.lpc 的 create_identity() 第 91 行，物件： /kungfu/class/henshan/first#2596 ("布衣")
呼叫来自：/inherit/char/first.lpc 的 init_identity() 第 109 行，物件： /kungfu/class/henshan/first#2596 ("布衣")

执行时段错误：*Bad argument 1 to capitalize()
Expected: string Got: 0.

程式：/inherit/char/first.lpc 第 109 行
物件：/kungfu/class/qingcheng/first#2633
呼叫来自：/clone/board/qingcheng_b.lpc 的 create() 第 11 行，物件： /clone/board/qingcheng_b ("布衣")
呼叫来自：/inherit/misc/bboard.lpc 的 setup() 第 40 行，物件： /clone/board/qingcheng_b ("布衣")
呼叫来自：/feature/move.lpc 的 move() 第 78 行，物件： /clone/board/qingcheng_b ("布衣")
呼叫来自：/d/qingcheng/songfengguan.lpc 的 create() 第 27 行，物件： /d/qingcheng/songfengguan
呼叫来自：/inherit/room/room.lpc 的 setup() 第 296 行，物件： /d/qingcheng/songfengguan
呼叫来自：/inherit/room/room.lpc 的 reset() 第 129 行，物件： /d/qingcheng/songfengguan
呼叫来自：/inherit/room/room.lpc 的 make_inventory() 第 45 行，物件： /d/qingcheng/songfengguan
呼叫来自：/feature/move.lpc 的 move() 第 231 行，物件： /kungfu/class/qingcheng/first#2633 ("布衣")
呼叫来自：/inherit/char/first.lpc 的 init() 第 48 行，物件： /kungfu/class/qingcheng/first#2633 ("布衣")
呼叫来自：/inherit/char/first.lpc 的 create_identity() 第 91 行，物件： /kungfu/class/qingcheng/first#2633 ("布衣")
呼叫来自：/inherit/char/first.lpc 的 init_identity() 第 109 行，物件： /kungfu/class/qingcheng/first#2633 ("布衣")

执行时段错误：*Bad argument 1 to capitalize()
Expected: string Got: 0.

程式：/inherit/char/first.lpc 第 109 行
物件：/kungfu/class/taohua/first#2684
呼叫来自：/clone/board/taohua_b.lpc 的 create() 第 12 行，物件： /clone/board/taohua_b ("布衣")
呼叫来自：/inherit/misc/bboard.lpc 的 setup() 第 40 行，物件： /clone/board/taohua_b ("布衣")
呼叫来自：/feature/move.lpc 的 move() 第 78 行，物件： /clone/board/taohua_b ("布衣")
呼叫来自：/d/taohua/jingshe.lpc 的 create() 第 40 行，物件： /d/taohua/jingshe
呼叫来自：/inherit/room/room.lpc 的 setup() 第 296 行，物件： /d/taohua/jingshe
呼叫来自：/inherit/room/room.lpc 的 reset() 第 129 行，物件： /d/taohua/jingshe
呼叫来自：/inherit/room/room.lpc 的 make_inventory() 第 45 行，物件： /d/taohua/jingshe
呼叫来自：/feature/move.lpc 的 move() 第 231 行，物件： /kungfu/class/taohua/first#2684 ("布衣")
呼叫来自：/inherit/char/first.lpc 的 init() 第 48 行，物件： /kungfu/class/taohua/first#2684 ("布衣")
呼叫来自：/inherit/char/first.lpc 的 create_identity() 第 91 行，物件： /kungfu/class/taohua/first#2684 ("布衣")
呼叫来自：/inherit/char/first.lpc 的 init_identity() 第 109 行，物件： /kungfu/class/taohua/first#2684 ("布衣")

执行时段错误：*No program in object '/clone/quest/supply'!

程式：0 第 0 行
物件：/adm/kernel/master

执行时段错误：*No program in object '/clone/quest/explore'!

程式：0 第 0 行
物件：/adm/kernel/master

执行时段错误：*No program in object '/clone/quest/shen'!

程式：0 第 0 行
物件：/adm/kernel/master

执行时段错误：*restore_object(): Illegal mapping format while restoring dbase.

程式：/feature/save.lpc 第 81 行
物件：/adm/daemons/named
呼叫来自：/clone/quest/killer1.lpc 的 create() 第 21 行，物件： /clone/quest/killer1 ("黑衣人")
呼叫来自：/adm/daemons/named.lpc 的 create() 第 24 行，物件： /adm/daemons/named
呼叫来自：/feature/save.lpc 的 restore() 第 81 行，物件： /adm/daemons/named

执行时段错误：*No program in object '/clone/quest/search'!

程式：0 第 0 行
物件：/adm/kernel/master

执行时段错误：*No program in object '/clone/quest/defend'!

程式：0 第 0 行
物件：/adm/kernel/master

执行时段错误：*No program in object '/clone/quest/capture'!

程式：0 第 0 行
物件：/adm/kernel/master

执行时段错误：*No program in object '/clone/quest/trace'!

程式：0 第 0 行
物件：/adm/kernel/master

执行时段错误：*No program in object '/clone/quest/deliver'!

程式：0 第 0 行
物件：/adm/kernel/master

执行时段错误：*No program in object '/clone/quest/judge'!

程式：0 第 0 行
物件：/adm/kernel/master

执行时段错误：*No program in object '/clone/gem/ring4'!

程式：0 第 0 行
物件：/adm/kernel/master

执行时段错误：*No program in object '/clone/gem/ring6'!

程式：0 第 0 行
物件：/adm/kernel/master

执行时段错误：*No program in object '/clone/gem/ring0'!

程式：0 第 0 行
物件：/adm/kernel/master

执行时段错误：*No program in object '/clone/gem/ring2'!

程式：0 第 0 行
物件：/adm/kernel/master

执行时段错误：*No program in object '/clone/gem/ring8'!

程式：0 第 0 行
物件：/adm/kernel/master

执行时段错误：*No program in object '/clone/gem/ring1'!

程式：0 第 0 行
物件：/adm/kernel/master

执行时段错误：*No program in object '/clone/gem/ring7'!

程式：0 第 0 行
物件：/adm/kernel/master

执行时段错误：*No program in object '/clone/gem/ring9'!

程式：0 第 0 行
物件：/adm/kernel/master

执行时段错误：*No program in object '/clone/gem/gem'!

程式：0 第 0 行
物件：/adm/kernel/master

执行时段错误：*No program in object '/clone/gem/ring3'!

程式：0 第 0 行
物件：/adm/kernel/master

执行时段错误：*No program in object '/clone/gem/ring'!

程式：0 第 0 行
物件：/adm/kernel/master

执行时段错误：*No program in object '/clone/gem/ring5'!

程式：0 第 0 行
物件：/adm/kernel/master

执行时段错误：*No program in object '/clone/game/pai21'!

程式：0 第 0 行
物件：/adm/kernel/master

执行时段错误：*No program in object '/clone/game/dhs'!

程式：0 第 0 行
物件：/adm/kernel/master

执行时段错误：*No program in object '/clone/game/pai'!

程式：0 第 0 行
物件：/adm/kernel/master

执行时段错误：*No program in object '/clone/game/seaf'!

程式：0 第 0 行
物件：/adm/kernel/master

执行时段错误：*Can't load objects when no effective user.

程式：/clone/misc/gaoshou.lpc 第 44 行
物件：/clone/misc/gaoshou
呼叫来自：/clone/misc/gaoshou.lpc 的 create() 第 44 行，物件： /clone/misc/gaoshou ("[5m[1;31m落日弓[2;37;0m")

执行时段错误：*Can't load objects when no effective user.

程式：/clone/misc/temp_xinrui.lpc 第 45 行
物件：/clone/misc/temp_xinrui
呼叫来自：/clone/misc/temp_xinrui.lpc 的 create() 第 45 行，物件： /clone/misc/temp_xinrui ("[1;37m巨型帆船（开往未知地点）[2;37;0m")

执行时段错误：*restore_object(): Illegal mapping format while restoring save_dbase.

程式：/feature/save.lpc 第 81 行
物件：/adm/daemons/dbased
呼叫来自：/clone/misc/wedding-ring.lpc 的 create() 第 37 行，物件： /clone/misc/wedding-ring ("[1;32m结婚戒指[2;37;0m")
呼叫来自：/feature/obsave.lpc 的 restore() 第 25 行，物件： /clone/misc/wedding-ring ("[1;32m结婚戒指[2;37;0m")
呼叫来自：/adm/daemons/dbased.lpc 的 create() 第 46 行，物件： /adm/daemons/dbased
呼叫来自：/feature/save.lpc 的 restore() 第 81 行，物件： /adm/daemons/dbased

执行时段错误：*Can't load objects when no effective user.

程式：/clone/misc/xinrui.lpc 第 44 行
物件：/clone/misc/xinrui
呼叫来自：/clone/misc/xinrui.lpc 的 create() 第 44 行，物件： /clone/misc/xinrui ("鱼饵")

执行时段错误：*No program in object '/clone/misc/socket_ob'!

程式：0 第 0 行
物件：/adm/kernel/master

执行时段错误：*Value being indexed is zero.

程式：/adm/daemons/dbased.lpc 第 185 行
物件：/adm/daemons/dbased
呼叫来自：/clone/misc/belt_ob.lpc 的 create() 第 22 行，物件： /clone/misc/belt_ob ("[1;35m勋章挂带[2;37;0m")
呼叫来自：/feature/obsave.lpc 的 restore() 第 25 行，物件： /clone/misc/belt_ob ("[1;35m勋章挂带[2;37;0m")
呼叫来自：/adm/daemons/dbased.lpc 的 query_data() 第 152 行，物件： /adm/daemons/dbased
呼叫来自：/adm/daemons/dbased.lpc 的 query_object_data() 第 185 行，物件： /adm/daemons/dbased

执行时段错误：*Can't load objects when no effective user.

程式：/clone/misc/temp_gaoshou.lpc 第 45 行
物件：/clone/misc/temp_gaoshou
呼叫来自：/clone/misc/temp_gaoshou.lpc 的 create() 第 45 行，物件： /clone/misc/temp_gaoshou ("[1;32m养精丹[2;37;0m")

执行时段错误：*Value being indexed is zero.

程式：/adm/daemons/dbased.lpc 第 185 行
物件：/adm/daemons/dbased
呼叫来自：/clone/npc/pet.lpc 的 create() 第 50 行，物件： /clone/npc/pet ("PET_NAME")
呼叫来自：/feature/obsave.lpc 的 restore() 第 25 行，物件： /clone/npc/pet ("PET_NAME")
呼叫来自：/adm/daemons/dbased.lpc 的 query_data() 第 152 行，物件： /adm/daemons/dbased
呼叫来自：/adm/daemons/dbased.lpc 的 query_object_data() 第 185 行，物件： /adm/daemons/dbased

执行时段错误：*No program in object '/clone/npc/warcraft'!

程式：0 第 0 行
物件：/adm/kernel/master

执行时段错误：*No program in object '/clone/pharmacy/herb/herb'!

程式：0 第 0 行
物件：/adm/kernel/master

执行时段错误：*No program in object '/clone/pharmacy/medicine/10'!

程式：0 第 0 行
物件：/adm/kernel/master

执行时段错误：*No program in object '/clone/drug/fengdong'!

程式：0 第 0 行
物件：/adm/kernel/master
