
<---Mudos v22pre11 for WIN95/NT (by wwj,May 18 1998) Config: 终极地狱 startup at Sat Aug 02 20:46:25 2008

using config file: config.xkx
----------------------------------------------------------------------------
终极地狱 (MudOS v22pre11) starting up on Microsoft Windows NT - Sat Aug 02 20:46:25 2008


Can't find "mudos", ignoring old binaries.
Try invoking the driver using the full pathname.
System Error: init_addr_server: connect:由于目标机器积极拒绝，无法连接。

]simul_efun loaded successfully.

Loading preloaded files ...
错误讯息被拦截：
执行时段错误：*Error in loading object '/adm/daemons/cpud'

程式：adm/single/master.c 第 143 行
物件：/adm/single/master
呼叫来自：adm/single/master.c 的 preload() 第 143 行，物件： adm/single/master
呼叫来自：adm/single/master.c 的 CATCH() 第 143 行，物件： adm/single/master
Initializations complete.

Accepting connections on port 2000.
Initializing internal tables....

<---Mudos v22pre11 for WIN95/NT (by wwj,May 18 1998) Config: 终极地狱 startup at Sun Aug 03 12:46:04 2008

using config file: config.xkx
----------------------------------------------------------------------------
终极地狱 (MudOS v22pre11) starting up on Microsoft Windows NT - Sun Aug 03 12:46:04 2008


Can't find "mudos", ignoring old binaries.
Try invoking the driver using the full pathname.
System Error: init_addr_server: connect:由于目标机器积极拒绝，无法连接。

]simul_efun loaded successfully.

Loading preloaded files ...
错误讯息被拦截：
执行时段错误：*Error in loading object '/adm/daemons/cpud'

程式：adm/single/master.c 第 143 行
物件：/adm/single/master
呼叫来自：adm/single/master.c 的 preload() 第 143 行，物件： adm/single/master
呼叫来自：adm/single/master.c 的 CATCH() 第 143 行，物件： adm/single/master
Initializations complete.

Accepting connections on port 2000.

执行时段错误：*call_other() couldn't find object

程式：feature/dealer.c 第 274 行
物件：/d/city/npc/xiaoer2#15
呼叫来自：feature/dealer.c 的 do_list() 第 274 行，物件： d/city/npc/xiaoer2#15 ("店小二")

执行时段错误：*call_other() couldn't find object

程式：feature/dealer.c 第 274 行
物件：/d/city/npc/xiaoer2#15
呼叫来自：feature/dealer.c 的 do_list() 第 274 行，物件： d/city/npc/xiaoer2#15 ("店小二")

执行时段错误：*call_other() couldn't find object

程式：feature/dealer.c 第 274 行
物件：/d/city/npc/xiaoer2#17
呼叫来自：feature/dealer.c 的 do_list() 第 274 行，物件： d/city/npc/xiaoer2#17 ("店小二")

执行时段错误：*call_other() couldn't find object

程式：feature/dealer.c 第 274 行
物件：/d/city/npc/xiaoer2#17
呼叫来自：feature/dealer.c 的 do_list() 第 274 行，物件： d/city/npc/xiaoer2#17 ("店小二")

执行时段错误：*call_other() couldn't find object

程式：feature/dealer.c 第 274 行
物件：/d/city/npc/xiaoer2#17
呼叫来自：feature/dealer.c 的 do_list() 第 274 行，物件： d/city/npc/xiaoer2#17 ("店小二")
Initializing internal tables....

<---Mudos v22pre11 for WIN95/NT (by wwj,May 18 1998) Config: 终极地狱 startup at Tue Aug 12 10:06:26 2008

using config file: config.xkx
----------------------------------------------------------------------------
终极地狱 (MudOS v22pre11) starting up on Microsoft Windows NT - Tue Aug 12 10:06:27 2008


Can't find "mudos", ignoring old binaries.
Try invoking the driver using the full pathname.
Connected to address server on localhost port 2000
]simul_efun loaded successfully.

Loading preloaded files ...
错误讯息被拦截：
执行时段错误：*Error in loading object '/adm/daemons/cpud'

程式：adm/single/master.c 第 143 行
物件：/adm/single/master
呼叫来自：adm/single/master.c 的 preload() 第 143 行，物件： adm/single/master
呼叫来自：adm/single/master.c 的 CATCH() 第 143 行，物件： adm/single/master
Initializations complete.

Accepting connections on port 2000.
Initializing internal tables....

<---Mudos v22pre11 for WIN95/NT (by wwj,May 18 1998) Config: 终极地狱 startup at Mon Mar 21 19:21:06 2011

using config file: config.xkx
----------------------------------------------------------------------------
终极地狱 (MudOS v22pre11) starting up on Microsoft Windows NT - Mon Mar 21 19:21:06 2011


Can't find "mudos", ignoring old binaries.
Try invoking the driver using the full pathname.
Connected to address server on localhost port 2000
]simul_efun loaded successfully.

Loading preloaded files ...
错误讯息被拦截：
执行时段错误：*Error in loading object '/adm/daemons/cpud'

程式：adm/single/master.c 第 143 行
物件：/adm/single/master
呼叫来自：adm/single/master.c 的 preload() 第 143 行，物件： adm/single/master
呼叫来自：adm/single/master.c 的 CATCH() 第 143 行，物件： adm/single/master
Initializations complete.

Accepting connections on port 2000.
Initializing internal tables....
