99.03.14 13:28 B f:\mirror1\d\shaolin\obj\allow-letter.c --> www1.yn.cninfo.net /mudcctx/mudlib/d/shaolin/obj allow-letter.c
99.03.14 13:28 B f:\mirror1\d\shaolin\obj\bailongdong.c --> www1.yn.cninfo.net /mudcctx/mudlib/d/shaolin/obj bailongdong.c
99.03.14 13:28 B f:\mirror1\d\shaolin\obj\basi-shanyao.c --> www1.yn.cninfo.net /mudcctx/mudlib/d/shaolin/obj basi-shanyao.c
99.03.14 13:28 B f:\mirror1\d\shaolin\obj\beixin.c --> www1.yn.cninfo.net /mudcctx/mudlib/d/shaolin/obj beixin.c
99.03.14 13:28 B f:\mirror1\d\shaolin\obj\bocai-fentiao.c --> www1.yn.cninfo.net /mudcctx/mudlib/d/shaolin/obj bocai-fentiao.c
99.03.14 13:28 B f:\mirror1\d\shaolin\obj\book-bamboo.c --> www1.yn.cninfo.net /mudcctx/mudlib/d/shaolin/obj book-bamboo.c
99.03.14 13:28 B f:\mirror1\d\shaolin\obj\book-iron.c --> www1.yn.cninfo.net /mudcctx/mudlib/d/shaolin/obj book-iron.c
99.03.14 13:28 B f:\mirror1\d\shaolin\obj\book-paper.c --> www1.yn.cninfo.net /mudcctx/mudlib/d/shaolin/obj book-paper.c
99.03.14 13:28 B f:\mirror1\d\shaolin\obj\book-silk.c --> www1.yn.cninfo.net /mudcctx/mudlib/d/shaolin/obj book-silk.c
99.03.14 13:28 B f:\mirror1\d\shaolin\obj\book-stone.c --> www1.yn.cninfo.net /mudcctx/mudlib/d/shaolin/obj book-stone.c
99.03.14 13:28 B f:\mirror1\d\shaolin\obj\changbian.c --> www1.yn.cninfo.net /mudcctx/mudlib/d/shaolin/obj changbian.c
99.03.14 13:28 B f:\mirror1\d\shaolin\obj\changjian.c --> www1.yn.cninfo.net /mudcctx/mudlib/d/shaolin/obj changjian.c
99.03.14 13:28 B f:\mirror1\d\shaolin\obj\chanzhang.c --> www1.yn.cninfo.net /mudcctx/mudlib/d/shaolin/obj chanzhang.c
99.03.14 13:28 B f:\mirror1\d\shaolin\obj\cheng-cloth.c --> www1.yn.cninfo.net /mudcctx/mudlib/d/shaolin/obj cheng-cloth.c
99.03.14 13:28 B f:\mirror1\d\shaolin\obj\cloth.c --> www1.yn.cninfo.net /mudcctx/mudlib/d/shaolin/obj cloth.c
99.03.14 13:28 B f:\mirror1\d\shaolin\obj\dahuan-dan.c --> www1.yn.cninfo.net /mudcctx/mudlib/d/shaolin/obj dahuan-dan.c
99.03.14 13:28 B f:\mirror1\d\shaolin\obj\damo-ling.c --> www1.yn.cninfo.net /mudcctx/mudlib/d/shaolin/obj damo-ling.c
99.03.14 13:28 B f:\mirror1\d\shaolin\obj\dao-cloth.c --> www1.yn.cninfo.net /mudcctx/mudlib/d/shaolin/obj dao-cloth.c
99.03.14 13:28 B f:\mirror1\d\shaolin\obj\fake-gold.c --> www1.yn.cninfo.net /mudcctx/mudlib/d/shaolin/obj fake-gold.c
99.03.14 13:28 B f:\mirror1\d\shaolin\obj\fojing10.c --> www1.yn.cninfo.net /mudcctx/mudlib/d/shaolin/obj fojing10.c
99.03.14 13:28 B f:\mirror1\d\shaolin\obj\fojing11.c --> www1.yn.cninfo.net /mudcctx/mudlib/d/shaolin/obj fojing11.c
99.03.14 13:28 B f:\mirror1\d\shaolin\obj\fojing13.c --> www1.yn.cninfo.net /mudcctx/mudlib/d/shaolin/obj fojing13.c
99.03.14 13:28 B f:\mirror1\d\shaolin\obj\fojing20.c --> www1.yn.cninfo.net /mudcctx/mudlib/d/shaolin/obj fojing20.c
99.03.14 13:28 B f:\mirror1\d\shaolin\obj\fojing21.c --> www1.yn.cninfo.net /mudcctx/mudlib/d/shaolin/obj fojing21.c
99.03.14 13:28 B f:\mirror1\d\shaolin\obj\fumo-dao.c --> www1.yn.cninfo.net /mudcctx/mudlib/d/shaolin/obj fumo-dao.c
99.03.14 13:28 B f:\mirror1\d\shaolin\obj\furong-huagu.c --> www1.yn.cninfo.net /mudcctx/mudlib/d/shaolin/obj furong-huagu.c
99.03.14 13:28 B f:\mirror1\d\shaolin\obj\guide.c --> www1.yn.cninfo.net /mudcctx/mudlib/d/shaolin/obj guide.c
99.03.14 13:28 B f:\mirror1\d\shaolin\obj\houdian.c --> www1.yn.cninfo.net /mudcctx/mudlib/d/shaolin/obj houdian.c
99.03.14 13:28 B f:\mirror1\d\shaolin\obj\hui-cloth.c --> www1.yn.cninfo.net /mudcctx/mudlib/d/shaolin/obj hui-cloth.c
99.03.14 13:28 B f:\mirror1\d\shaolin\obj\hulu.c --> www1.yn.cninfo.net /mudcctx/mudlib/d/shaolin/obj hulu.c
99.03.14 13:28 B f:\mirror1\d\shaolin\obj\huwan.c --> www1.yn.cninfo.net /mudcctx/mudlib/d/shaolin/obj huwan.c
99.03.14 13:29 B f:\mirror1\d\shaolin\obj\huyao.c --> www1.yn.cninfo.net /mudcctx/mudlib/d/shaolin/obj huyao.c
99.03.14 13:29 B f:\mirror1\d\shaolin\obj\jiaxin-biji.c --> www1.yn.cninfo.net /mudcctx/mudlib/d/shaolin/obj jiaxin-biji.c
99.03.14 13:29 B f:\mirror1\d\shaolin\obj\jiedao.c --> www1.yn.cninfo.net /mudcctx/mudlib/d/shaolin/obj jiedao.c
99.03.14 13:29 B f:\mirror1\d\shaolin\obj\jinchuang-yao.c --> www1.yn.cninfo.net /mudcctx/mudlib/d/shaolin/obj jinchuang-yao.c
99.03.14 13:29 B f:\mirror1\d\shaolin\obj\jing.c --> www1.yn.cninfo.net /mudcctx/mudlib/d/shaolin/obj jing.c
99.03.14 13:29 B f:\mirror1\d\shaolin\obj\jingang-zhao.c --> www1.yn.cninfo.net /mudcctx/mudlib/d/shaolin/obj jingang-zhao.c
99.03.14 13:32 B f:\mirror1\d\shaolin\obj\kat.o --> www1.yn.cninfo.net /mudcctx/mudlib/d/shaolin/obj kat.o
99.03.14 13:32 B f:\mirror1\d\shaolin\obj\key.c --> www1.yn.cninfo.net /mudcctx/mudlib/d/shaolin/obj key.c
99.03.14 13:32 B f:\mirror1\d\shaolin\obj\liuli-qiezi.c --> www1.yn.cninfo.net /mudcctx/mudlib/d/shaolin/obj liuli-qiezi.c
99.03.14 13:32 B f:\mirror1\d\shaolin\obj\mala-doufu.c --> www1.yn.cninfo.net /mudcctx/mudlib/d/shaolin/obj mala-doufu.c
99.03.14 13:32 B f:\mirror1\d\shaolin\obj\map.c --> www1.yn.cninfo.net /mudcctx/mudlib/d/shaolin/obj map.c
99.03.14 13:32 B f:\mirror1\d\shaolin\obj\mizhi-tianou.c --> www1.yn.cninfo.net /mudcctx/mudlib/d/shaolin/obj mizhi-tianou.c
99.03.14 13:32 B f:\mirror1\d\shaolin\obj\mu-ren.c --> www1.yn.cninfo.net /mudcctx/mudlib/d/shaolin/obj mu-ren.c
99.03.14 13:32 B f:\mirror1\d\shaolin\obj\muchui.c --> www1.yn.cninfo.net /mudcctx/mudlib/d/shaolin/obj muchui.c
99.03.14 13:32 B f:\mirror1\d\shaolin\obj\mudao.c --> www1.yn.cninfo.net /mudcctx/mudlib/d/shaolin/obj mudao.c
99.03.14 13:32 B f:\mirror1\d\shaolin\obj\putao.c --> www1.yn.cninfo.net /mudcctx/mudlib/d/shaolin/obj putao.c
99.03.14 13:32 B f:\mirror1\d\shaolin\obj\puti-zi.c --> www1.yn.cninfo.net /mudcctx/mudlib/d/shaolin/obj puti-zi.c
99.03.14 13:32 B f:\mirror1\d\shaolin\obj\qimeigun.c --> www1.yn.cninfo.net /mudcctx/mudlib/d/shaolin/obj qimeigun.c
99.03.14 13:32 B f:\mirror1\d\shaolin\obj\qing-cloth.c --> www1.yn.cninfo.net /mudcctx/mudlib/d/shaolin/obj qing-cloth.c
99.03.14 13:32 B f:\mirror1\d\shaolin\obj\qingshui-hulu.c --> www1.yn.cninfo.net /mudcctx/mudlib/d/shaolin/obj qingshui-hulu.c
99.03.14 13:32 B f:\mirror1\d\shaolin\obj\sengxie.c --> www1.yn.cninfo.net /mudcctx/mudlib/d/shaolin/obj sengxie.c
99.03.14 13:32 B f:\mirror1\d\shaolin\obj\shanhu-baicai.c --> www1.yn.cninfo.net /mudcctx/mudlib/d/shaolin/obj shanhu-baicai.c
99.03.14 13:32 B f:\mirror1\d\shaolin\obj\shoutao.c --> www1.yn.cninfo.net /mudcctx/mudlib/d/shaolin/obj shoutao.c
99.03.14 13:32 B f:\mirror1\d\shaolin\obj\shuitan.c --> www1.yn.cninfo.net /mudcctx/mudlib/d/shaolin/obj shuitan.c
99.03.14 13:32 B f:\mirror1\d\shaolin\obj\skin.c --> www1.yn.cninfo.net /mudcctx/mudlib/d/shaolin/obj skin.c
99.03.14 13:32 B f:\mirror1\d\shaolin\obj\suji.c --> www1.yn.cninfo.net /mudcctx/mudlib/d/shaolin/obj suji.c
99.03.14 13:32 B f:\mirror1\d\shaolin\obj\suya.c --> www1.yn.cninfo.net /mudcctx/mudlib/d/shaolin/obj suya.c
99.03.14 13:32 B f:\mirror1\d\shaolin\obj\test.c --> www1.yn.cninfo.net /mudcctx/mudlib/d/shaolin/obj test.c
99.03.14 13:32 B f:\mirror1\d\shaolin\obj\tie-ling.c --> www1.yn.cninfo.net /mudcctx/mudlib/d/shaolin/obj tie-ling.c
99.03.14 13:32 B f:\mirror1\d\shaolin\obj\tieshou.c --> www1.yn.cninfo.net /mudcctx/mudlib/d/shaolin/obj tieshou.c
99.03.14 13:32 B f:\mirror1\d\shaolin\obj\tong.c --> www1.yn.cninfo.net /mudcctx/mudlib/d/shaolin/obj tong.c
99.03.14 13:32 B f:\mirror1\d\shaolin\obj\toukui.c --> www1.yn.cninfo.net /mudcctx/mudlib/d/shaolin/obj toukui.c
99.03.14 13:32 B f:\mirror1\d\shaolin\obj\tuijianxin-1.c --> www1.yn.cninfo.net /mudcctx/mudlib/d/shaolin/obj tuijianxin-1.c
99.03.14 13:32 B f:\mirror1\d\shaolin\obj\tuijianxin-2.c --> www1.yn.cninfo.net /mudcctx/mudlib/d/shaolin/obj tuijianxin-2.c
99.03.14 13:32 B f:\mirror1\d\shaolin\obj\tuijianxin-3.c --> www1.yn.cninfo.net /mudcctx/mudlib/d/shaolin/obj tuijianxin-3.c
99.03.14 13:32 B f:\mirror1\d\shaolin\obj\tuijianxin-4.c --> www1.yn.cninfo.net /mudcctx/mudlib/d/shaolin/obj tuijianxin-4.c
99.03.14 13:32 B f:\mirror1\d\shaolin\obj\weibo.c --> www1.yn.cninfo.net /mudcctx/mudlib/d/shaolin/obj weibo.c
99.03.14 13:32 B f:\mirror1\d\shaolin\obj\wuji1.c --> www1.yn.cninfo.net /mudcctx/mudlib/d/shaolin/obj wuji1.c
99.03.14 13:32 B f:\mirror1\d\shaolin\obj\wuji2.c --> www1.yn.cninfo.net /mudcctx/mudlib/d/shaolin/obj wuji2.c
99.03.14 13:32 B f:\mirror1\d\shaolin\obj\wuji3.c --> www1.yn.cninfo.net /mudcctx/mudlib/d/shaolin/obj wuji3.c
99.03.14 13:32 B f:\mirror1\d\shaolin\obj\xiaohuan-dan.c --> www1.yn.cninfo.net /mudcctx/mudlib/d/shaolin/obj xiaohuan-dan.c
99.03.14 13:32 B f:\mirror1\d\shaolin\obj\xu-cloth.c --> www1.yn.cninfo.net /mudcctx/mudlib/d/shaolin/obj xu-cloth.c
99.03.14 13:32 B f:\mirror1\d\shaolin\obj\xuan-cloth.c --> www1.yn.cninfo.net /mudcctx/mudlib/d/shaolin/obj xuan-cloth.c
99.03.14 13:32 B f:\mirror1\d\shaolin\obj\yaodai.c --> www1.yn.cninfo.net /mudcctx/mudlib/d/shaolin/obj yaodai.c
99.03.14 13:32 B f:\mirror1\d\shaolin\obj\zhitao.c --> www1.yn.cninfo.net /mudcctx/mudlib/d/shaolin/obj zhitao.c
99.03.14 13:32 B f:\mirror1\d\shaolin\obj\zhujian.c --> www1.yn.cninfo.net /mudcctx/mudlib/d/shaolin/obj zhujian.c
99.03.14 13:32 B f:\mirror1\d\shaolin\obj\zhuzhi.c --> www1.yn.cninfo.net /mudcctx/mudlib/d/shaolin/obj zhuzhi.c
