  ＿＿＿＿＿＿＿＿＿＿             ＿＿            ＿＿＿＿＿＿          ＿＿＿＿＿＿
╱                    ╲         ▕ △ ╲＿＿＿＿╱[0;1;37m[1m[1m[1m[1m[1m[1m[1m[1m[1m[1m[1m[0m╲      ╱            ╲
▏      [0;1;32m[1m[1m[1m[0m            ╲＿＿     ╲[0;1;37m[1m[1m[1m[1m[1m[1m [1m[1m[1m[1m[1m[1m[1m[1m[1m[1m[1m[1m[1m[1m[1m[1m[1m[1m[1m [1m[1m[0m╲＿╱△              ▏
▏       [0;1;32m[1m[1m[1m[1m[1m[0m       ▲      ╲     ╲ [0;1;37m[1m[1m [1m[1m[1m[1m[1m[1m[1m [1m[1mj[1m[1m[1m[1m[1m [1m[1m[1m[1m[1m[1m[1m [1m [1m[1m[1m[1m[1m[1m[0m                ▏
▏      [0;1;32m[1m[1m[1m[1m[1m[1m[1m[1m[1m[0m      ▲▲▲  ╲     ╲     [0;1;37m[1m[1m[1m[1m[1m[1m[1m[1m[1m[1m [1m [1m [1m [1m [1m [1m [1m [1m [1m [1m[1m[1m[1m[0m               ╱
╲    [0;1;32m[1m[1m[1m[0m                    ▲  ╲     ╲                                  [0;1;32m[1m[1m[1m[1m[1m[0m  ▏ ﹌
  ¯╲    ╱¯¯¯╲                ▏船塚 ︳               ￥            [0;1;32m[1m[1m[1m[1m[1m[1m[1m[1m[1m[0m ▏﹌﹌
      ¯¯   ﹌﹌   ╲              ▏ ※  ︳             [33m◢[0;1;31m[1m[0;33m◣[0m         [0;1;32m[1m[1m[1m[1m[1m[1m[1m[1m[1m[0m  ▏
 ﹌  ／＼             ¯¯¯╲      ╲＿＿╱            [33m◢███◣[0m        [0;1;32m[1m[1m[1m[1m[1m[0m   ╱
   ／    ＼ ﹌      ﹌﹌﹌﹌  ╲                      [33m◢█ 火山 █◣[0m    [0;1;32m [1m[1m[1m[1m[1m[1m[1m[1m[0m  ▏
 ／   ★   ＼            ﹌﹌ ╱              [0;1;32m[1m[1m[1m[0m          ▲▲▲        [0;1;32m[1m[1m[1mL[1m[1m[1m[1m[0m ▏
 ＼        ／       ﹌    ＿╱              [0;1;32m[1m[1m [1m[1m[1m[1m[1m[1m[1m[1m[0m      ▲▲        [0;1;32m[1m[1m[1m[1m[1m[1m[1m[0m  ▏
   ＼    ／           ＿╱                   [0;1;32m [1m[1m[1m[1m[1m[1m[1m[1m[1m[1m[1m[1m[0m ▲▲▲▲      [0;1;32m [1m[1m[1m[1m[1m[1m[0m ╱
 ﹌  ＼／ ﹌﹌    ＿╱▲                   [0;1;32m[1m[1m[1m[1m[1m[0m ▲↑ ▲▲ ▲   ▲▲▲   [0;1;32m [1m[1m[0m  ╱
   ﹌    ﹌   ＿╱▲▲                 [0;1;32m [1m[1m[1m[1m[1m[1m[1m[1m[1m[1m[1m [1m[1m[0m▲▲         ▲▲▲    ↑ ▏﹌﹌
        ＿＿╱▲▲   [33m ∵∴ [0m           [0;1;32m [1m[1m[1m[1m[1m[1m[1m[1m[1m [1m[1m[1m[1m[1m [1m[1m[1m[1m[1m[1m[1m [1m[1m[0m      ▲千▲     ▏﹌ ﹌
      ╱▲▲▲    [33m ∵∴∵∴[0m          [0;1;32m [1m[1m[1m[1m[0m [0;1;36m[1m~[1m[1mX[1m[1mX[1m[1m[1;32m[1m[1m [1m[1m[1m[1m[1m [1m[1m[1m[1m[1m [0m      ▲僖▲   ╲
    ▕▲    [33m ∵∴∵∴∵∴ [0m               [0;1;36m[1m~[1m[1m[1m[1m[1m[1m[1m[1m[1m[1;32m[1m[1m[1m[1m[1m[1m[1m [1m[0m    平   ▲山▲    ▏
    ▕▲▲  [33m∵∴∵∴沙∴∵∴[0m           [0;1;36m[1m~[1m[1m[1m[1m[1m[1m[1m[1m[1m[1m[1m[1m[1m[1mX[1m[1;32m[1m [1m[1m[1m [0m            ▲脈▲  ╲
     ╰╮▲    [33m∵∴∵漠∵∴ [0m           [0;1;36m[1mW[1m[1m[1m[1m[1m [1m[1m[1m[1my[1m [1m[1m[1m[1m[1m[1mW[1;32m[1m[1m [1m[1m[1;36m [1m [0m   原      ▲▲    ▏﹌﹌
      ▕ ▲▲   [33m∵∴∵∴∵∴[0m           [0;1;36m[1m[1m[1m[1m[1m[1m[1m[1m[1m[1m [1m[1m[1m [1m[1m~[1m[1m[0m ↑                 ▲▲  ╲
        ╲ ▲▲▲  [33m∵∴∵∴ [0m             [0;1;36m[1m[1m[1m[1m[1m[1m [1m[1m[1m [1m[1m~[1m[1m[0m                  ╱╲   ▲   ╲
    ﹌﹌  ¯╲▲_▲                        [0;1;36m[1m[1m[1mX[1m[1mX[1m[1mX[1m[1m[0m    ╱¯¯¯¯╲    ▏▕     ▲   ╲
      ﹌  ﹌  ¯ ¯▏                                  ╱ ﹌﹌﹌﹌   ¯¯   ╰╮    ▲   ╲
                 ╱                                    ▏﹌﹌﹌﹌﹌﹌﹌       ╰——╮▲   ╲
            ﹌ ╱          ╱¯¯╲                  ╱ ﹌﹌    ﹌           ﹌﹌  ▕      ▕
               ¯¯¯¯¯¯   ﹌﹌ ╲              ╱                 ﹌       ﹌﹌▕ ╭╮ ▕
            ﹌﹌   ﹌﹌     ﹌       ¯¯¯¯╲  ╱   ﹌﹌                          ╰╯╰—╯
          ﹌﹌﹌﹌                   ﹌﹌      ¯ ﹌﹌﹌                        ﹌﹌ ﹌﹌

