太子(keyboy) call 谜(windy)->set(combat_exp,100000000) on Fri Sep 08 16:14:19 2000
太子(keyboy) call 谜(windy)->set(hp,100000000) on Fri Sep 08 16:14:28 2000
太子(keyboy) call 谜(windy)->set(money,100000000) on Fri Sep 08 16:14:33 2000
太子(keyboy) call 谜(windy)->set(potential,100000000) on Fri Sep 08 16:14:54 2000
索尔(dalone) call 简单(easy)->set_skill("duzun-zhao",240) on Fri Sep 08 16:55:51 2000
索尔(dalone) call 简单(easy)->set_skill("guimei",240) on Fri Sep 08 16:55:56 2000
索尔(dalone) call 简单(easy)->set_skill("long-jian",240) on Fri Sep 08 16:56:02 2000
索尔(dalone) call 简单(easy)->set_skill("shixue-daofa",240) on Fri Sep 08 16:56:07 2000
索尔(dalone) call 简单(easy)->set_skill("anhei-xinfa",240) on Fri Sep 08 16:56:12 2000
索尔(dalone) call 简单(easy)->set_skill("anhei-shengong",240) on Fri Sep 08 16:56:17 2000
索尔(dalone) call 简单(easy)->set_skill("rennai",240) on Fri Sep 08 16:56:25 2000
索尔(dalone) call 简单(easy)->set_skill("flying-shu",240) on Fri Sep 08 16:56:30 2000
索尔(dalone) call 简单(easy)->set_skill("sword",240) on Fri Sep 08 16:56:47 2000
索尔(dalone) call 简单(easy)->set_skill("blade",240) on Fri Sep 08 16:56:50 2000
索尔(dalone) call 简单(easy)->set_skill("unarmed",240) on Fri Sep 08 16:56:54 2000
索尔(dalone) call 简单(easy)->set_skill("literate",240) on Fri Sep 08 16:56:58 2000
索尔(dalone) call 简单(easy)->set_skill("force",240) on Fri Sep 08 16:57:02 2000
索尔(dalone) call 简单(easy)->set_skill("dodge",240) on Fri Sep 08 16:57:06 2000
索尔(dalone) call 简单(easy)->set("max_qi",50000) on Fri Sep 08 16:58:38 2000
索尔(dalone) call 简单(easy)->set("max_jing",50000) on Fri Sep 08 16:58:40 2000
索尔(dalone) call 简单(easy)->set("max_jingli",50000) on Fri Sep 08 16:58:43 2000
索尔(dalone) call 简单(easy)->set("max_neili",50000) on Fri Sep 08 16:58:46 2000
索尔(dalone) call 简单(easy)->set("shen",-50000) on Fri Sep 08 16:58:54 2000
索尔(dalone) call 简单(easy)->set("combat_exp",2123412) on Fri Sep 08 16:59:20 2000
索尔(dalone) call 简单(easy)->set("money",2123412) on Fri Sep 08 16:59:47 2000
索尔(dalone) call 简单(easy)->set("money",321512) on Fri Sep 08 16:59:53 2000
索尔(dalone) call 简单(easy)->set("potential",432151) on Fri Sep 08 17:00:41 2000
索尔(dalone) call 简单(easy)->set("title", HIR 暗黑王者 NOR ) on Fri Sep 08 17:01:32 2000
索尔(dalone) call 简单(easy)->set("title","HIR"暗黑王者"NOR") on Fri Sep 08 17:01:52 2000
索尔(dalone) call 简单(easy)->set("title", HIR "暗黑王者" NOR ) on Fri Sep 08 17:02:14 2000
索尔(dalone) call 简单(easy)->set("title",暗黑王者) on Fri Sep 08 17:02:29 2000
索尔(dalone) call 简单(easy)->set("title","$HIR$暗黑王者") on Fri Sep 08 17:02:53 2000
索尔(dalone) call 简单(easy)->set("title","$HIR$暗黑王者$NOR$") on Fri Sep 08 17:03:02 2000
索尔(dalone) call 简单(easy)->set("family_name","暗黑门") on Fri Sep 08 17:03:53 2000
索尔(dalone) call 简单(easy)->set("master_name","宋天楚") on Fri Sep 08 17:04:07 2000
索尔(dalone) call 简单(easy)->set("title","$HIR$暗黑王者$NOR$") on Fri Sep 08 17:05:47 2000
索尔(dalone) call 简单(easy)->set("oldtitle","$HIR$暗黑王者$NOR$") on Fri Sep 08 17:06:42 2000
索尔(dalone) call 简单(easy)->set("per",30) on Fri Sep 08 17:07:33 2000
索尔(dalone) call 简单(easy)->set("kar",30) on Fri Sep 08 17:07:37 2000
索尔(dalone) call 简单(easy)->set("family_name",暗黑门) on Fri Sep 08 17:08:11 2000
索尔(dalone) call 简单(easy)->set("ltitle",暗黑门) on Fri Sep 08 17:10:21 2000
索尔(dalone) call 简单(easy)->set("max_qi",5000) on Fri Sep 08 17:17:07 2000
索尔(dalone) call 简单(easy)->set("max_jing",5000) on Fri Sep 08 17:17:11 2000
索尔(dalone) call 简单(easy)->set("max_jingli",5000) on Fri Sep 08 17:17:13 2000
索尔(dalone) call 简单(easy)->set("max_neili",5000) on Fri Sep 08 17:17:18 2000
索尔(dalone) call 简单(easy)->set("combat_exp",2351122) on Fri Sep 08 17:18:08 2000
索尔(dalone) call 简单(easy)->set("shen",-5000) on Fri Sep 08 17:18:17 2000
索尔(dalone) call 简单(easy)->set("jingli",-5000) on Fri Sep 08 17:19:02 2000
索尔(dalone) call 简单(easy)->set("jingli",5000) on Fri Sep 08 17:19:05 2000
索尔(dalone) call 简单(easy)->set("money",2225000) on Fri Sep 08 17:19:16 2000
索尔(dalone) call 简单(easy)->set_skill("duzun-zhao",200) on Fri Sep 08 17:19:55 2000
索尔(dalone) call 简单(easy)->set_skill("unarmed",200) on Fri Sep 08 17:19:59 2000
索尔(dalone) call 简单(easy)->set_skill("literate",200) on Fri Sep 08 17:20:05 2000
索尔(dalone) call 简单(easy)->set_skill("shixue-daofa",200) on Fri Sep 08 17:20:12 2000
索尔(dalone) call 简单(easy)->set_skill("anhei-xinfa",200) on Fri Sep 08 17:20:19 2000
索尔(dalone) call 简单(easy)->set_skill("anhei-shengong",200) on Fri Sep 08 17:20:23 2000
索尔(dalone) call 简单(easy)->set_skill("long-jian",200) on Fri Sep 08 17:20:29 2000
索尔(dalone) call 简单(easy)->set_skill("sword",200) on Fri Sep 08 17:20:32 2000
索尔(dalone) call 简单(easy)->set_skill("parry",200) on Fri Sep 08 17:20:35 2000
索尔(dalone) call 简单(easy)->set_skill("unarmed",200) on Fri Sep 08 17:20:39 2000
索尔(dalone) call 简单(easy)->set_skill("rennai",200) on Fri Sep 08 17:20:45 2000
索尔(dalone) call 简单(easy)->set_skill("flying-shu",200) on Fri Sep 08 17:20:52 2000
索尔(dalone) call 简单(easy)->set_skill("blade",200) on Fri Sep 08 17:20:57 2000
索尔(dalone) call 简单(easy)->set_skill("dodge",200) on Fri Sep 08 17:21:06 2000
索尔(dalone) call 简单(easy)->set_skill("guimei",200) on Fri Sep 08 17:21:11 2000
索尔(dalone) call 简单(easy)->set("title","$BLINK$$HIR$暗黑破坏神$NOR$) on Fri Sep 08 17:23:50 2000
索尔(dalone) call 小鱼儿(newcool)->set_skill("anhei-shengong",60) on Sat Sep 09 20:43:36 2000
索尔(dalone) call 简单(easy)->set("combat_exp",300000) on Sat Sep 09 21:00:16 2000
索尔(dalone) call 简单(easy)->set("combat_exp",400000) on Mon Sep 11 17:47:24 2000
索尔(dalone) call 简单(easy)->set("potential",400000) on Mon Sep 11 17:48:08 2000
索尔(dalone) call 简单(easy)->set("potential",1000000) on Mon Sep 11 17:53:24 2000
索尔(dalone) call 简单(easy)->set("combat_exp",1000000) on Mon Sep 11 17:53:33 2000
索尔(dalone) call 简单(easy)->set("combat_exp",490000) on Tue Sep 12 12:24:26 2000
索尔(dalone) call 超人(sgq)->set("money",0) on Tue Sep 12 12:24:42 2000
索尔(dalone) call 简单(easy)->set("shen",1000) on Tue Sep 12 12:26:07 2000
索尔(dalone) call 超人(sgq)->set("money",1000) on Tue Sep 12 12:27:54 2000
索尔(dalone) call 简简单单(easy)->set_skill("anhei-shengong",200) on Sat Sep 16 15:26:58 2000
索尔(dalone) call 简简单单(easy)->set_skill("blade",200) on Sat Sep 16 15:27:04 2000
索尔(dalone) call 简简单单(easy)->set_skill("dodge",200) on Sat Sep 16 15:27:07 2000
索尔(dalone) call 简简单单(easy)->set_skill("duanqing-xinfa",200) on Sat Sep 16 15:27:14 2000
索尔(dalone) call 简简单单(easy)->set_skill("flying-shu",200) on Sat Sep 16 15:27:26 2000
索尔(dalone) call 简简单单(easy)->set_skill("force",200) on Sat Sep 16 15:27:31 2000
索尔(dalone) call 简简单单(easy)->set_skill("guang-jian",200) on Sat Sep 16 15:27:37 2000
索尔(dalone) call 简简单单(easy)->set_skill("lieyang-jian",200) on Sat Sep 16 15:27:43 2000
索尔(dalone) call 简简单单(easy)->set_skill("jiashi-shu",200) on Sat Sep 16 15:27:57 2000
索尔(dalone) call 简简单单(easy)->set_skill("jiqi-gaizao",200) on Sat Sep 16 15:28:05 2000
索尔(dalone) call 简简单单(easy)->set_skill("lengxue-dao",200) on Sat Sep 16 15:28:13 2000
索尔(dalone) call 简简单单(easy)->set_skill("literate",250) on Sat Sep 16 15:28:23 2000
索尔(dalone) call 简简单单(easy)->set_skill("parry",200) on Sat Sep 16 15:28:34 2000
索尔(dalone) call 简简单单(easy)->set_skill("rennai",200) on Sat Sep 16 15:28:38 2000
索尔(dalone) call 简简单单(easy)->set_skill("sheshen-zhang",200) on Sat Sep 16 15:28:44 2000
索尔(dalone) call 简简单单(easy)->set_skill("shunjian-yidong",200) on Sat Sep 16 15:28:50 2000
索尔(dalone) call 简简单单(easy)->set_skill("sword",200) on Sat Sep 16 15:28:54 2000
索尔(dalone) call 简简单单(easy)->set_skill("unarmed",200) on Sat Sep 16 15:29:00 2000
索尔(dalone) call 简简单单(easy)->set_skill("wuzhu-xinfa",200) on Sat Sep 16 15:29:06 2000
索尔(dalone) call 简简单单(easy)->set_skill("yinyang-zhang",200) on Sat Sep 16 15:29:15 2000
索尔(dalone) call 简简单单(easy)->set_skill("zhizao-shu",200) on Sat Sep 16 15:29:21 2000
索尔(dalone) call 蟑螂客星(easy)->set_skill("anhei-xinfa",140) on Sat Sep 16 16:03:22 2000
索尔(dalone) call 蟑螂客星(easy)->set("time",969004223) on Sat Sep 16 16:05:46 2000
索尔(dalone) call 蟑螂客星(easy)->set("mud_age",436580) on Sat Sep 16 16:06:09 2000
索尔(dalone) call 蟑螂客星(easy)->set("age",20) on Sat Sep 16 16:06:32 2000
索尔(dalone) call 蟑螂客星(easy)->set("name",$HIC$简简单单) on Sat Sep 16 16:06:52 2000
索尔(dalone) call [1;36m简简单单(easy)->set_skill("anhei-shengong",140) on Sat Sep 16 16:10:34 2000
索尔(dalone) call [1;36m简简单单(easy)->set("name",$HIC$简单$NOR$) on Sat Sep 16 16:12:59 2000
索尔(dalone) call [1;36m简单[2;37;0m(easy)->set("name",简单) on Sat Sep 16 16:14:15 2000
