[1;37m太子([1;32mkeyboy)[2;37;0mcat[1;36m/wiz/fyue/gift.c[2;37;0m[37m2000年9月8日[1;33m 上午 [2;37;0m[37m10点52分[1;36m 星期五[2;37;0m
[1;37m太子([1;32mkeyboy)[2;37;0mcat[1;36m/d/tianlang/npc/xietingfeng.c[2;37;0m[37m2000年9月8日[1;36m 下午 [2;37;0m[37m5点55分[1;36m 星期五[2;37;0m
[1;37m太子([1;32mkeyboy)[2;37;0mcat[1;36m/d/taikong/gangkou.c[2;37;0m[37m2000年9月9日[1;35m 早上 [2;37;0m[37m6点40分[1;31m 星期六[2;37;0m
[1;37m仙儿([1;32mxianer)[2;37;0mcat[1;36m/wiz/xianer/workroom.c[2;37;0m[37m2000年9月9日[1;35m 早上 [2;37;0m[37m7点2分[1;31m 星期六[2;37;0m
[1;37m仙儿([1;32mxianer)[2;37;0mcat[1;36m/wiz/kuangf/workroom.c[2;37;0m[37m2000年9月9日[1;35m 早上 [2;37;0m[37m7点3分[1;31m 星期六[2;37;0m
[1;37m仙儿([1;32mxianer)[2;37;0mcat[1;36m/wiz/xianer/workroom.c[2;37;0m[37m2000年9月9日[1;35m 早上 [2;37;0m[37m7点4分[1;31m 星期六[2;37;0m
[1;37m太子([1;32mkeyboy)[2;37;0mcat[1;36m/d/huang/npc/questman.c[2;37;0m[37m2000年9月16日[1;34m 晚上 [2;37;0m[37m10点48分[1;31m 星期六[2;37;0m
[1;37m太子([1;32mkeyboy)[2;37;0mcat[1;36m/d/huang/npc/questman.c[2;37;0m[37m2000年9月16日[1;34m 晚上 [2;37;0m[37m11点2分[1;31m 星期六[2;37;0m
[1;37m太子([1;32mkeyboy)[2;37;0mcat[1;36m/d/huang/npc/questman1.c[2;37;0m[37m2000年9月16日[1;34m 晚上 [2;37;0m[37m11点8分[1;31m 星期六[2;37;0m
[1;37m太子([1;32mkeyboy)[2;37;0mcat[1;36m/adm/daemons/network/services/gtell.c[2;37;0m[37m2000年9月17日[1;31m 中午 [2;37;0m[37m12点37分[1;31m 星期天[2;37;0m
[1;37m太子([1;32mkeyboy)[2;37;0mcat[1;36m/cmds/usr/sc.c[2;37;0m[37m2000年9月17日[1;31m 中午 [2;37;0m[37m12点58分[1;31m 星期天[2;37;0m
[1;37m太子([1;32mkeyboy)[2;37;0mcat[1;36m/wiz/keyboy/score.c[2;37;0m[37m2000年9月17日[1;36m 下午 [2;37;0m[37m2点4分[1;31m 星期天[2;37;0m
[1;37m雾风([1;32mset)[2;37;0mcat[1;36m/cmds/usr/set.c[2;37;0m[37m2000年9月17日[1;36m 下午 [2;37;0m[37m2点28分[1;31m 星期天[2;37;0m
[1;37m雾风([1;32mset)[2;37;0mcat[1;36m/cmds/std/say.c[2;37;0m[37m2000年9月17日[1;36m 下午 [2;37;0m[37m2点29分[1;31m 星期天[2;37;0m
[1;37m雾风([1;32mset)[2;37;0mcat[1;36m/cmds/arch/reboot.c[2;37;0m[37m2000年9月17日[1;36m 下午 [2;37;0m[37m2点46分[1;31m 星期天[2;37;0m
[1;37m雾风([1;32mset)[2;37;0mcat[1;36m/adm/daemons/ftpd.c[2;37;0m[37m2000年9月18日[1;34m 晚上 [2;37;0m[37m7点19分[1;36m 星期一[2;37;0m
[1;37m雾风([1;32mset)[2;37;0mcat[1;36m/include/net/ftpd.h[2;37;0m[37m2000年9月18日[1;34m 晚上 [2;37;0m[37m7点20分[1;36m 星期一[2;37;0m
[1;37m雾风([1;32mset)[2;37;0mcat[1;36m/include/net/ftpdconf.h[2;37;0m[37m2000年9月18日[1;34m 晚上 [2;37;0m[37m7点21分[1;36m 星期一[2;37;0m
[1;37m太子([1;32mkeyboy)[2;37;0mcat[1;36m/cmds/std/look.c[2;37;0m[37m2000年9月30日[1;34m 晚上 [2;37;0m[37m7点35分[1;31m 星期六[2;37;0m
[1;37m太子([1;32mkeyboy)[2;37;0mcat[1;36m/adm/daemons/network/dns_master.c[2;37;0m[37m2000年10月1日[1;37m 深夜 [2;37;0m[37m1点20分[1;31m 星期天[2;37;0m
[1;37m太子([1;32mkeyboy)[2;37;0mcat[1;36m/include/net/config.h[2;37;0m[37m2000年10月1日[1;33m 上午 [2;37;0m[37m10点0分[1;31m 星期天[2;37;0m
[1;37m太子([1;32mkeyboy)[2;37;0mcat[1;36m/cmds/usr/mudlist.c[2;37;0m[37m2000年10月1日[1;33m 上午 [2;37;0m[37m11点31分[1;31m 星期天[2;37;0m
[1;37m太子([1;32mkeyboy)[2;37;0mcat[1;36m/cmds/usr/mudlist.c[2;37;0m[37m2000年10月1日[1;33m 上午 [2;37;0m[37m11点48分[1;31m 星期天[2;37;0m
[1;37m太子([1;32mkeyboy)[2;37;0mcat[1;36m/adm/daemons/backupd.c[2;37;0m[37m2000年10月1日[1;36m 下午 [2;37;0m[37m5点28分[1;31m 星期天[2;37;0m
[1;37m太子([1;32mkeyboy)[2;37;0mcat[1;36m/cmds/arch/reboot.c[2;37;0m[37m2000年10月5日[1;34m 晚上 [2;37;0m[37m7点27分[1;36m 星期四[2;37;0m
[1;37m太子([1;32mkeyboy)[2;37;0mcat[1;36m/cmds/arch/promote.c[2;37;0m[37m2000年10月5日[1;34m 晚上 [2;37;0m[37m7点31分[1;36m 星期四[2;37;0m
[1;37m太子([1;32mkeyboy)[2;37;0mcat[1;36m/cmds/arch/promote.c[2;37;0m[37m2000年10月5日[1;34m 晚上 [2;37;0m[37m7点37分[1;36m 星期四[2;37;0m
[1;37m太子([1;32mkeyboy)[2;37;0mcat[1;36m/cmds/usr/mudlist.c[2;37;0m[37m2000年12月2日[1;33m 上午 [2;37;0m[37m11点38分[1;31m 星期六[2;37;0m
[1;37m太子([1;32mkeyboy)[2;37;0mcat[1;36m/wiz/keyboy/logind.c[2;37;0m[37m2001年1月16日[1;36m 下午 [2;37;0m[37m6点57分[1;36m 星期二[2;37;0m
[1;37m原振侠([1;32mzhenxia)[2;37;0mcat[1;36m/d/biwu/caipan.c[2;37;0m[37m2000年1月31日[1;32m 凌晨 [2;37;0m[37m4点24分[1;36m 星期一[2;37;0m
[1;37m原振侠([1;32mzhenxia)[2;37;0mcat[1;36m/d/biwu/caipan.c[2;37;0m[37m2000年1月31日[1;32m 凌晨 [2;37;0m[37m4点25分[1;36m 星期一[2;37;0m
[1;37m原振侠([1;32mzhenxia)[2;37;0mcat[1;36m/d/wizard/bugroom.c[2;37;0m[37m2000年1月31日[1;32m 凌晨 [2;37;0m[37m4点43分[1;36m 星期一[2;37;0m
[1;37m太子([1;32mkeyboy)[2;37;0mcat[1;36m/cmds/arch/reboot.c[2;37;0m[37m2001年1月30日[1;35m 早上 [2;37;0m[37m6点6分[1;36m 星期二[2;37;0m
