太子(keyboy)more/include/login.h[37m2000年9月8日[1;37m 深夜 [2;37;0m[37m1点26分[1;36m 星期五[2;37;0m
太子(keyboy)more/wiz/keyboy/telnet.c[37m2000年9月8日[1;33m 上午 [2;37;0m[37m9点16分[1;36m 星期五[2;37;0m
太子(keyboy)more/log/static/zuanzhang.log[37m2000年9月8日[1;33m 上午 [2;37;0m[37m9点38分[1;36m 星期五[2;37;0m
红玫瑰(redrose)more/wiz/redrose/workroom.c[37m2000年9月8日[1;33m 上午 [2;37;0m[37m9点53分[1;36m 星期五[2;37;0m
红玫瑰(redrose)more/wiz/redrose/workroom.c[37m2000年9月8日[1;33m 上午 [2;37;0m[37m9点55分[1;36m 星期五[2;37;0m
红玫瑰(redrose)more/wiz/redrose/workroom.c[37m2000年9月8日[1;33m 上午 [2;37;0m[37m9点59分[1;36m 星期五[2;37;0m
红玫瑰(redrose)more/wiz/redrose/workroom.c[37m2000年9月8日[1;33m 上午 [2;37;0m[37m10点11分[1;36m 星期五[2;37;0m
太子(keyboy)more/wiz/redrose/workroom.c[37m2000年9月8日[1;33m 上午 [2;37;0m[37m10点19分[1;36m 星期五[2;37;0m
红玫瑰(redrose)more/wiz/redrose/workroom.c[37m2000年9月8日[1;33m 上午 [2;37;0m[37m10点26分[1;36m 星期五[2;37;0m
太子(keyboy)more/cmds/app/more.c[37m2000年9月8日[1;33m 上午 [2;37;0m[37m11点5分[1;36m 星期五[2;37;0m
太子(keyboy)more/cmds/imm/ls.c[37m2000年9月8日[1;33m 上午 [2;37;0m[37m11点17分[1;36m 星期五[2;37;0m
红玫瑰(redrose)more/topten/exp.top[37m2000年9月8日[1;31m 中午 [2;37;0m[37m12点25分[1;36m 星期五[2;37;0m
胡葳(edward)more/wiz/edward/look.c[37m2000年9月8日[1;36m 下午 [2;37;0m[37m4点7分[1;36m 星期五[2;37;0m
太子(keyboy)more/wiz/edward/look.c[37m2000年9月8日[1;36m 下午 [2;37;0m[37m4点7分[1;36m 星期五[2;37;0m
胡葳(edward)more/wiz/edward/look.c[37m2000年9月8日[1;36m 下午 [2;37;0m[37m4点8分[1;36m 星期五[2;37;0m
索尔(dalone)more/quest/anhei/landith.c[37m2000年9月8日[1;36m 下午 [2;37;0m[37m4点8分[1;36m 星期五[2;37;0m
太子(keyboy)more/include/globals.h[37m2000年9月8日[1;36m 下午 [2;37;0m[37m4点8分[1;36m 星期五[2;37;0m
索尔(dalone)more/wiz/dalone/quest/anhei/landith.c[37m2000年9月8日[1;36m 下午 [2;37;0m[37m4点9分[1;36m 星期五[2;37;0m
索尔(dalone)more/kungfu/class/anhei/deathgod.c[37m2000年9月8日[1;36m 下午 [2;37;0m[37m4点17分[1;36m 星期五[2;37;0m
索尔(dalone)more/kungfu/class/anhei/deathgod.c[37m2000年9月8日[1;36m 下午 [2;37;0m[37m4点19分[1;36m 星期五[2;37;0m
索尔(dalone)more/d/earth/npc/weishi.c[37m2000年9月8日[1;36m 下午 [2;37;0m[37m4点24分[1;36m 星期五[2;37;0m
索尔(dalone)more/kungfu/class/anhei/song.c[37m2000年9月8日[1;36m 下午 [2;37;0m[37m4点27分[1;36m 星期五[2;37;0m
索尔(dalone)more/kungfu/class/anhei/deathgod.c[37m2000年9月8日[1;36m 下午 [2;37;0m[37m4点37分[1;36m 星期五[2;37;0m
索尔(dalone)more/kungfu/class/anhei/jin.c[37m2000年9月8日[1;36m 下午 [2;37;0m[37m4点38分[1;36m 星期五[2;37;0m
索尔(dalone)more/kungfu/class/anhei/xi.c[37m2000年9月8日[1;36m 下午 [2;37;0m[37m4点40分[1;36m 星期五[2;37;0m
索尔(dalone)more/kungfu/class/anhei/song.c[37m2000年9月8日[1;36m 下午 [2;37;0m[37m4点52分[1;36m 星期五[2;37;0m
索尔(dalone)more/d/anhei/damen.c[37m2000年9月8日[1;36m 下午 [2;37;0m[37m4点53分[1;36m 星期五[2;37;0m
索尔(dalone)more/data/user/z/ziyou.o[37m2000年9月8日[1;36m 下午 [2;37;0m[37m5点0分[1;36m 星期五[2;37;0m
索尔(dalone)more/data/user/b/beckham.o[37m2000年9月8日[1;36m 下午 [2;37;0m[37m5点7分[1;36m 星期五[2;37;0m
太子(keyboy)more/log/cmds/more.log[37m2000年9月8日[1;36m 下午 [2;37;0m[37m5点12分[1;36m 星期五[2;37;0m
太子(keyboy)more/log/error.log[37m2000年9月8日[1;36m 下午 [2;37;0m[37m5点39分[1;36m 星期五[2;37;0m
太子(keyboy)more/quest/anhei.c[37m2000年9月8日[1;36m 下午 [2;37;0m[37m5点39分[1;36m 星期五[2;37;0m
太子(keyboy)more/quest/quest.c[37m2000年9月8日[1;36m 下午 [2;37;0m[37m5点40分[1;36m 星期五[2;37;0m
太子(keyboy)more/quest/letter.c[37m2000年9月8日[1;36m 下午 [2;37;0m[37m5点40分[1;36m 星期五[2;37;0m
太子(keyboy)more/quest/xiaoafeng.c[37m2000年9月8日[1;36m 下午 [2;37;0m[37m5点40分[1;36m 星期五[2;37;0m
太子(keyboy)more/quest/youju.c[37m2000年9月8日[1;36m 下午 [2;37;0m[37m5点41分[1;36m 星期五[2;37;0m
太子(keyboy)more/include/globals.h[37m2000年9月8日[1;36m 下午 [2;37;0m[37m5点43分[1;36m 星期五[2;37;0m
太子(keyboy)more/d/huang/npc/questman.c[37m2000年9月8日[1;36m 下午 [2;37;0m[37m6点0分[1;36m 星期五[2;37;0m
太子(keyboy)more/d/huang/npc/questman.c[37m2000年9月8日[1;36m 下午 [2;37;0m[37m6点13分[1;36m 星期五[2;37;0m
太子(keyboy)more/log/error.log[37m2000年9月8日[1;36m 下午 [2;37;0m[37m6点29分[1;36m 星期五[2;37;0m
太子(keyboy)more/log/read_fail.log[37m2000年9月8日[1;36m 下午 [2;37;0m[37m6点29分[1;36m 星期五[2;37;0m
太子(keyboy)more/log/wiz_read_fail.log[37m2000年9月8日[1;36m 下午 [2;37;0m[37m6点30分[1;36m 星期五[2;37;0m
太子(keyboy)more/d/huang/npc/lou.c[37m2000年9月8日[1;34m 晚上 [2;37;0m[37m7点10分[1;36m 星期五[2;37;0m
太子(keyboy)more/adm/daemons/channeld.c[37m2000年9月8日[1;34m 晚上 [2;37;0m[37m7点43分[1;36m 星期五[2;37;0m
红玫瑰(redrose)more/d/shendian/npc/banker.c[37m2000年9月8日[1;34m 晚上 [2;37;0m[37m8点0分[1;36m 星期五[2;37;0m
红玫瑰(redrose)more/d/shendian/npc/banker.c[37m2000年9月8日[1;34m 晚上 [2;37;0m[37m8点3分[1;36m 星期五[2;37;0m
红玫瑰(redrose)more/wiz/redrose/banker.c[37m2000年9月8日[1;34m 晚上 [2;37;0m[37m8点17分[1;36m 星期五[2;37;0m
红玫瑰(redrose)more/wiz/redrose/banker.c[37m2000年9月8日[1;34m 晚上 [2;37;0m[37m8点17分[1;36m 星期五[2;37;0m
太子(keyboy)more/clone/npc/meng-zhu.c[37m2000年9月8日[1;34m 晚上 [2;37;0m[37m9点6分[1;36m 星期五[2;37;0m
太子(keyboy)more/data/npc/fa-e.o[37m2000年9月8日[1;34m 晚上 [2;37;0m[37m9点9分[1;36m 星期五[2;37;0m
太子(keyboy)more/data/npc/shang-shan.o[37m2000年9月8日[1;34m 晚上 [2;37;0m[37m9点9分[1;36m 星期五[2;37;0m
太子(keyboy)more/clone/misc/sleepbag.c[37m2000年9月8日[1;34m 晚上 [2;37;0m[37m9点11分[1;36m 星期五[2;37;0m
太子(keyboy)more/adm/daemons/combatd.c[37m2000年9月8日[1;34m 晚上 [2;37;0m[37m10点45分[1;36m 星期五[2;37;0m
太子(keyboy)more/adm/daemons/combatd.c[37m2000年9月8日[1;34m 晚上 [2;37;0m[37m10点47分[1;36m 星期五[2;37;0m
太子(keyboy)more/clone/npc/meng-zhu.c[37m2000年9月8日[1;34m 晚上 [2;37;0m[37m11点18分[1;36m 星期五[2;37;0m
太子(keyboy)more/clone/npc/meng-zhu.c[37m2000年9月8日[1;34m 晚上 [2;37;0m[37m11点19分[1;36m 星期五[2;37;0m
太子(keyboy)more/clone/npc/meng-zhu.c[37m2000年9月8日[1;34m 晚上 [2;37;0m[37m11点21分[1;36m 星期五[2;37;0m
太子(keyboy)more/d/taikong/gangkou.c[37m2000年9月9日[1;35m 早上 [2;37;0m[37m6点34分[1;31m 星期六[2;37;0m
太子(keyboy)more/d/taikong/npc/yangwuliu.c[37m2000年9月9日[1;35m 早上 [2;37;0m[37m6点34分[1;31m 星期六[2;37;0m
太子(keyboy)more/d/taikong/gangkou.c[37m2000年9月9日[1;35m 早上 [2;37;0m[37m6点36分[1;31m 星期六[2;37;0m
太子(keyboy)more/d/taikong/npc/yangwuliu.c[37m2000年9月9日[1;35m 早上 [2;37;0m[37m6点39分[1;31m 星期六[2;37;0m
太子(keyboy)more/d/taikong/gangkou.c[37m2000年9月9日[1;35m 早上 [2;37;0m[37m6点45分[1;31m 星期六[2;37;0m
太子(keyboy)more/d/huang/luxingchu.c[37m2000年9月9日[1;35m 早上 [2;37;0m[37m6点48分[1;31m 星期六[2;37;0m
红玫瑰(redrose)more/d/fenghuang/fenghuang/obj/jqr1.c[37m2000年9月9日[1;33m 上午 [2;37;0m[37m8点16分[1;31m 星期六[2;37;0m
红玫瑰(redrose)more/help/help/topics[37m2000年9月9日[1;36m 下午 [2;37;0m[37m2点6分[1;31m 星期六[2;37;0m
红玫瑰(redrose)more/quest/qslist500000.c[37m2000年9月9日[1;36m 下午 [2;37;0m[37m2点18分[1;31m 星期六[2;37;0m
红玫瑰(redrose)more/data/topten.1[37m2000年9月9日[1;36m 下午 [2;37;0m[37m2点21分[1;31m 星期六[2;37;0m
红玫瑰(redrose)more/data/topten.o[37m2000年9月9日[1;36m 下午 [2;37;0m[37m2点22分[1;31m 星期六[2;37;0m
索尔(dalone)more/d/anhei/fangjian2.c[37m2000年9月9日[1;34m 晚上 [2;37;0m[37m8点6分[1;31m 星期六[2;37;0m
索尔(dalone)more/d/anhei/fangjian2.c[37m2000年9月9日[1;34m 晚上 [2;37;0m[37m8点13分[1;31m 星期六[2;37;0m
索尔(dalone)more/kungfu/class/anhei/sour.c[37m2000年9月9日[1;34m 晚上 [2;37;0m[37m8点17分[1;31m 星期六[2;37;0m
索尔(dalone)more/data//user/z/ziyou.o[37m2000年9月9日[1;34m 晚上 [2;37;0m[37m8点54分[1;31m 星期六[2;37;0m
太子(keyboy)more/log/cmds/promote[37m2000年9月10日[1;36m 下午 [2;37;0m[37m1点7分[1;31m 星期天[2;37;0m
太子(keyboy)more/log/cmds/more.log[37m2000年9月10日[1;36m 下午 [2;37;0m[37m1点8分[1;31m 星期天[2;37;0m
太子(keyboy)more/log/cmds/call_player.log[37m2000年9月10日[1;36m 下午 [2;37;0m[37m1点8分[1;31m 星期天[2;37;0m
太子(keyboy)more/log/cmds/summon[37m2000年9月10日[1;36m 下午 [2;37;0m[37m1点8分[1;31m 星期天[2;37;0m
太子(keyboy)more/log/cmds/cat.log[37m2000年9月10日[1;36m 下午 [2;37;0m[37m1点9分[1;31m 星期天[2;37;0m
太子(keyboy)more/log/cmds/clone[37m2000年9月10日[1;36m 下午 [2;37;0m[37m1点9分[1;31m 星期天[2;37;0m
太子(keyboy)more/adm/daemons/securd.c[37m2000年9月10日[1;36m 下午 [2;37;0m[37m1点9分[1;31m 星期天[2;37;0m
太子(keyboy)more/log/static/promotion[37m2000年9月10日[1;36m 下午 [2;37;0m[37m1点14分[1;31m 星期天[2;37;0m
太子(keyboy)more/feature/command.c[37m2000年9月10日[1;36m 下午 [2;37;0m[37m1点18分[1;31m 星期天[2;37;0m
太子(keyboy)more/log/cmds/promote[37m2000年9月10日[1;36m 下午 [2;37;0m[37m1点22分[1;31m 星期天[2;37;0m
太子(keyboy)more/wiz/xianer/workroom[37m2000年9月10日[1;36m 下午 [2;37;0m[37m1点24分[1;31m 星期天[2;37;0m
太子(keyboy)more/wiz/xianer/workroom.c[37m2000年9月10日[1;36m 下午 [2;37;0m[37m1点24分[1;31m 星期天[2;37;0m
太子(keyboy)more/wiz/redrose/banker.c[37m2000年9月10日[1;36m 下午 [2;37;0m[37m1点24分[1;31m 星期天[2;37;0m
太子(keyboy)more/log/static/suicide[37m2000年9月10日[1;36m 下午 [2;37;0m[37m1点25分[1;31m 星期天[2;37;0m
太子(keyboy)more/log/static/suicide[37m2000年9月10日[1;36m 下午 [2;37;0m[37m1点26分[1;31m 星期天[2;37;0m
太子(keyboy)more/d/tianlang/jiagong.c[37m2000年9月10日[1;36m 下午 [2;37;0m[37m1点28分[1;31m 星期天[2;37;0m
太子(keyboy)more/log/login.log[37m2000年9月10日[1;36m 下午 [2;37;0m[37m1点29分[1;31m 星期天[2;37;0m
太子(keyboy)more/adm/single/editfile[37m2000年9月10日[1;36m 下午 [2;37;0m[37m1点35分[1;31m 星期天[2;37;0m
太子(keyboy)more/log/login.log[37m2000年9月10日[1;36m 下午 [2;37;0m[37m4点6分[1;31m 星期天[2;37;0m
太子(keyboy)more/log/cmds/clone[37m2000年9月10日[1;36m 下午 [2;37;0m[37m4点6分[1;31m 星期天[2;37;0m
太子(keyboy)more/wiz/dalone/xi.c[37m2000年9月10日[1;36m 下午 [2;37;0m[37m4点6分[1;31m 星期天[2;37;0m
太子(keyboy)more/wiz/dalone/sour.c[37m2000年9月10日[1;36m 下午 [2;37;0m[37m4点7分[1;31m 星期天[2;37;0m
太子(keyboy)more/wiz/dalone/song.c[37m2000年9月10日[1;36m 下午 [2;37;0m[37m4点7分[1;31m 星期天[2;37;0m
太子(keyboy)more/wiz/dalone/menghuan.c[37m2000年9月10日[1;36m 下午 [2;37;0m[37m4点7分[1;31m 星期天[2;37;0m
太子(keyboy)more/wiz/dalone/xi.c[37m2000年9月10日[1;36m 下午 [2;37;0m[37m4点7分[1;31m 星期天[2;37;0m
太子(keyboy)more/log/cmds/xrm.log[37m2000年9月10日[1;36m 下午 [2;37;0m[37m4点8分[1;31m 星期天[2;37;0m
太子(keyboy)more/log/cmds/editfile[37m2000年9月10日[1;36m 下午 [2;37;0m[37m4点10分[1;31m 星期天[2;37;0m
太子(keyboy)more/log/cmds/promote[37m2000年9月10日[1;36m 下午 [2;37;0m[37m4点10分[1;31m 星期天[2;37;0m
太子(keyboy)more/log/cmds/more.log[37m2000年9月10日[1;36m 下午 [2;37;0m[37m4点10分[1;31m 星期天[2;37;0m
太子(keyboy)more/log/cmds/xrm.log[37m2000年9月10日[1;36m 下午 [2;37;0m[37m4点10分[1;31m 星期天[2;37;0m
太子(keyboy)more/log/cmds/snoop_player[37m2000年9月10日[1;36m 下午 [2;37;0m[37m4点10分[1;31m 星期天[2;37;0m
太子(keyboy)more/log/cmds/purge[37m2000年9月10日[1;36m 下午 [2;37;0m[37m4点11分[1;31m 星期天[2;37;0m
太子(keyboy)more/log/cmds/call_player.log[37m2000年9月10日[1;36m 下午 [2;37;0m[37m4点11分[1;31m 星期天[2;37;0m
太子(keyboy)more/log/static/exp[37m2000年9月10日[1;36m 下午 [2;37;0m[37m4点11分[1;31m 星期天[2;37;0m
太子(keyboy)more/log/static/recover[37m2000年9月10日[1;36m 下午 [2;37;0m[37m4点12分[1;31m 星期天[2;37;0m
太子(keyboy)more/log/static/zuanzhang.log[37m2000年9月10日[1;36m 下午 [2;37;0m[37m4点12分[1;31m 星期天[2;37;0m
太子(keyboy)more/cmds/zhu/fp.c[37m2000年9月10日[1;36m 下午 [2;37;0m[37m4点28分[1;31m 星期天[2;37;0m
太子(keyboy)more/cmds/wiz/kickout.c[37m2000年9月10日[1;36m 下午 [2;37;0m[37m4点33分[1;31m 星期天[2;37;0m
太子(keyboy)more/log/map_error[37m2000年9月10日[1;36m 下午 [2;37;0m[37m4点39分[1;31m 星期天[2;37;0m
太子(keyboy)more/log/试徒盗用[37m2000年9月10日[1;36m 下午 [2;37;0m[37m4点39分[1;31m 星期天[2;37;0m
太子(keyboy)more/log/static/promotion[37m2000年9月10日[1;36m 下午 [2;37;0m[37m4点40分[1;31m 星期天[2;37;0m
太子(keyboy)more/log/static/player_bug[37m2000年9月10日[1;36m 下午 [2;37;0m[37m4点40分[1;31m 星期天[2;37;0m
太子(keyboy)more/log/static/suicide[37m2000年9月10日[1;36m 下午 [2;37;0m[37m4点40分[1;31m 星期天[2;37;0m
太子(keyboy)more/log/static/rmfile[37m2000年9月10日[1;36m 下午 [2;37;0m[37m4点40分[1;31m 星期天[2;37;0m
太子(keyboy)more/log/static/exp[37m2000年9月10日[1;36m 下午 [2;37;0m[37m4点40分[1;31m 星期天[2;37;0m
太子(keyboy)more/log/static/suicide[37m2000年9月10日[1;36m 下午 [2;37;0m[37m4点41分[1;31m 星期天[2;37;0m
索尔(dalone)more/kungfu/skill/anhei-shengong.c[37m2000年9月11日[1;36m 下午 [2;37;0m[37m4点48分[1;36m 星期一[2;37;0m
索尔(dalone)more/kungfu/skill/shunjian-yidong.c[37m2000年9月11日[1;36m 下午 [2;37;0m[37m5点3分[1;36m 星期一[2;37;0m
索尔(dalone)more/d/tianlang/jiyuan2.c[37m2000年9月11日[1;36m 下午 [2;37;0m[37m5点10分[1;36m 星期一[2;37;0m
索尔(dalone)more/d/tianlang/npc/girl.c[37m2000年9月11日[1;36m 下午 [2;37;0m[37m5点11分[1;36m 星期一[2;37;0m
索尔(dalone)more/d/huang/npc/questman.c[37m2000年9月11日[1;36m 下午 [2;37;0m[37m5点17分[1;36m 星期一[2;37;0m
索尔(dalone)more/d/huang/npc/questman.c[37m2000年9月11日[1;36m 下午 [2;37;0m[37m5点20分[1;36m 星期一[2;37;0m
索尔(dalone)more/d/huang/npc/questman.c[37m2000年9月11日[1;36m 下午 [2;37;0m[37m5点20分[1;36m 星期一[2;37;0m
索尔(dalone)more/d/huang/npc/questman.c[37m2000年9月11日[1;36m 下午 [2;37;0m[37m5点26分[1;36m 星期一[2;37;0m
索尔(dalone)more/data/user/s/sgq.o[37m2000年9月11日[1;36m 下午 [2;37;0m[37m5点47分[1;36m 星期一[2;37;0m
仙儿(xianer)more/d/city/startroom.c[37m2000年9月12日[1;37m 深夜 [2;37;0m[37m2点50分[1;36m 星期二[2;37;0m
仙儿(xianer)more/wiz/keyboy/gift.c[37m2000年9月12日[1;37m 深夜 [2;37;0m[37m2点52分[1;36m 星期二[2;37;0m
仙儿(xianer)more/wiz/keyboy/telnet.c[37m2000年9月12日[1;32m 凌晨 [2;37;0m[37m4点7分[1;36m 星期二[2;37;0m
索尔(dalone)more/d/shendian/npc/lianchang.c[37m2000年9月12日[1;31m 中午 [2;37;0m[37m12点33分[1;36m 星期二[2;37;0m
索尔(dalone)more/d/tianlang/jiagong.c[37m2000年9月12日[1;36m 下午 [2;37;0m[37m4点21分[1;36m 星期二[2;37;0m
索尔(dalone)more/kungfu/skill/flying-shu.c[37m2000年9月12日[1;36m 下午 [2;37;0m[37m4点39分[1;36m 星期二[2;37;0m
索尔(dalone)more/kungfu/skill/flying-shu/flying.c[37m2000年9月12日[1;36m 下午 [2;37;0m[37m4点39分[1;36m 星期二[2;37;0m
索尔(dalone)more/kungfu/skill/flying-shu/powerup.c[37m2000年9月12日[1;36m 下午 [2;37;0m[37m4点39分[1;36m 星期二[2;37;0m
索尔(dalone)more/kungfu/skill/guang-jian.c[37m2000年9月12日[1;36m 下午 [2;37;0m[37m4点40分[1;36m 星期二[2;37;0m
索尔(dalone)more/kungfu/skill/guang-jian/guangmang.c[37m2000年9月12日[1;36m 下午 [2;37;0m[37m4点41分[1;36m 星期二[2;37;0m
索尔(dalone)more/kungfu/skill/wuzhu-xinfa.c[37m2000年9月12日[1;36m 下午 [2;37;0m[37m4点42分[1;36m 星期二[2;37;0m
太子(keyboy)more/log/static/player_bug[37m2000年9月12日[1;36m 下午 [2;37;0m[37m6点21分[1;36m 星期二[2;37;0m
太子(keyboy)more/log/static/rmfile[37m2000年9月12日[1;36m 下午 [2;37;0m[37m6点21分[1;36m 星期二[2;37;0m
太子(keyboy)more/log/cmds/promote[37m2000年9月12日[1;36m 下午 [2;37;0m[37m6点21分[1;36m 星期二[2;37;0m
太子(keyboy)more/log/cmds/editfile[37m2000年9月12日[1;36m 下午 [2;37;0m[37m6点21分[1;36m 星期二[2;37;0m
太子(keyboy)more/log/cmds/kip.log[37m2000年9月12日[1;36m 下午 [2;37;0m[37m6点21分[1;36m 星期二[2;37;0m
太子(keyboy)more/log/cmds/clone[37m2000年9月12日[1;36m 下午 [2;37;0m[37m6点21分[1;36m 星期二[2;37;0m
索尔(dalone)more/data/user/l/lwblwb.o[37m2000年9月13日[1;36m 下午 [2;37;0m[37m4点40分[1;36m 星期三[2;37;0m
索尔(dalone)more/data/feng[37m2000年9月13日[1;36m 下午 [2;37;0m[37m4点48分[1;36m 星期三[2;37;0m
索尔(dalone)more/data/readme[37m2000年9月13日[1;36m 下午 [2;37;0m[37m4点48分[1;36m 星期三[2;37;0m
索尔(dalone)more/data/topten.1[37m2000年9月13日[1;36m 下午 [2;37;0m[37m4点49分[1;36m 星期三[2;37;0m
索尔(dalone)more/data/topten.o[37m2000年9月13日[1;36m 下午 [2;37;0m[37m4点49分[1;36m 星期三[2;37;0m
索尔(dalone)more/data/topten.o[37m2000年9月13日[1;36m 下午 [2;37;0m[37m4点49分[1;36m 星期三[2;37;0m
索尔(dalone)more/data/e2c_dict.o[37m2000年9月13日[1;36m 下午 [2;37;0m[37m4点50分[1;36m 星期三[2;37;0m
索尔(dalone)more/log/试徒盗用[37m2000年9月13日[1;36m 下午 [2;37;0m[37m4点52分[1;36m 星期三[2;37;0m
索尔(dalone)more/d/shendian/xiulisi1.c[37m2000年9月13日[1;36m 下午 [2;37;0m[37m4点53分[1;36m 星期三[2;37;0m
索尔(dalone)more/d/shendian/xiulisi.c[37m2000年9月13日[1;36m 下午 [2;37;0m[37m4点56分[1;36m 星期三[2;37;0m
索尔(dalone)more/d/tianlang/jiagong.c[37m2000年9月13日[1;36m 下午 [2;37;0m[37m4点56分[1;36m 星期三[2;37;0m
索尔(dalone)more/d/fenghuang/fenghuang/mishi5.c[37m2000年9月13日[1;36m 下午 [2;37;0m[37m5点56分[1;36m 星期三[2;37;0m
索尔(dalone)more/d/fenghuang/fenghuang/mishi6.c[37m2000年9月13日[1;36m 下午 [2;37;0m[37m5点56分[1;36m 星期三[2;37;0m
索尔(dalone)more/kungfu/skill/anhei-shengong/roar.c[37m2000年9月13日[1;34m 晚上 [2;37;0m[37m8点22分[1;36m 星期三[2;37;0m
索尔(dalone)more/d/biwu/npc/gongping.c[37m2000年9月14日[1;31m 中午 [2;37;0m[37m12点2分[1;36m 星期四[2;37;0m
索尔(dalone)more/d/tianlang/gaimingchu.c[37m2000年9月14日[1;31m 中午 [2;37;0m[37m12点10分[1;36m 星期四[2;37;0m
索尔(dalone)more/d/tianlang/npc/jin-shuji.c[37m2000年9月14日[1;31m 中午 [2;37;0m[37m12点10分[1;36m 星期四[2;37;0m
索尔(dalone)more/d/city/npc/jiashiyuan.c[37m2000年9月14日[1;36m 下午 [2;37;0m[37m4点38分[1;36m 星期四[2;37;0m
索尔(dalone)more/d/npc/daoshen.c[37m2000年9月15日[1;36m 下午 [2;37;0m[37m3点13分[1;36m 星期五[2;37;0m
索尔(dalone)more/d/npc/daoshen.c[37m2000年9月16日[1;36m 下午 [2;37;0m[37m2点16分[1;31m 星期六[2;37;0m
索尔(dalone)more/d/npc/daoshen.c[37m2000年9月16日[1;36m 下午 [2;37;0m[37m2点19分[1;31m 星期六[2;37;0m
索尔(dalone)more/d/npc/obj/m_blade.c[37m2000年9月16日[1;36m 下午 [2;37;0m[37m2点32分[1;31m 星期六[2;37;0m
索尔(dalone)more/kungfu/class/huang/tian.c[37m2000年9月16日[1;36m 下午 [2;37;0m[37m2点35分[1;31m 星期六[2;37;0m
索尔(dalone)more/d/huang/obj/taigu.c[37m2000年9月16日[1;36m 下午 [2;37;0m[37m2点36分[1;31m 星期六[2;37;0m
索尔(dalone)more/d/huang/obj/pao.c[37m2000年9月16日[1;36m 下午 [2;37;0m[37m3点7分[1;31m 星期六[2;37;0m
索尔(dalone)more/data/user/s/sgq.o[37m2000年9月16日[1;36m 下午 [2;37;0m[37m4点4分[1;31m 星期六[2;37;0m
索尔(dalone)more/data/user/z/ziyou.o[37m2000年9月16日[1;36m 下午 [2;37;0m[37m4点5分[1;31m 星期六[2;37;0m
太子(keyboy)more/log/cmds/editfile[37m2000年9月16日[1;34m 晚上 [2;37;0m[37m9点29分[1;31m 星期六[2;37;0m
太子(keyboy)more/wiz/dalone/liangong.c[37m2000年9月16日[1;34m 晚上 [2;37;0m[37m9点35分[1;31m 星期六[2;37;0m
索尔(dalone)more/d/tianlang/jiagong.c[37m2000年9月16日[1;34m 晚上 [2;37;0m[37m9点45分[1;31m 星期六[2;37;0m
索尔(dalone)more/d/tianlang/jiagong.c[37m2000年9月16日[1;34m 晚上 [2;37;0m[37m9点45分[1;31m 星期六[2;37;0m
太子(keyboy)more/d/huang/npc/questman.c[37m2000年9月16日[1;34m 晚上 [2;37;0m[37m10点47分[1;31m 星期六[2;37;0m
太子(keyboy)more/d/huang/npc/questman2.c[37m2000年9月16日[1;34m 晚上 [2;37;0m[37m10点48分[1;31m 星期六[2;37;0m
太子(keyboy)more/d/huang/npc/questman.c[37m2000年9月16日[1;34m 晚上 [2;37;0m[37m10点49分[1;31m 星期六[2;37;0m
太子(keyboy)more/d/huang/npc/questman.c[37m2000年9月16日[1;34m 晚上 [2;37;0m[37m10点50分[1;31m 星期六[2;37;0m
太子(keyboy)more/data/user/k/keyboy.o[37m2000年9月16日[1;34m 晚上 [2;37;0m[37m10点58分[1;31m 星期六[2;37;0m
太子(keyboy)more/d/huang/npc/questman1.c[37m2000年9月16日[1;34m 晚上 [2;37;0m[37m11点8分[1;31m 星期六[2;37;0m
太子(keyboy)more/adm/daemons/network/ftpd.c[37m2000年9月17日[1;37m 深夜 [2;37;0m[37m1点29分[1;31m 星期天[2;37;0m
太子(keyboy)more/log/allowip[37m2000年9月17日[1;35m 早上 [2;37;0m[37m7点41分[1;31m 星期天[2;37;0m
太子(keyboy)more/log/changename[37m2000年9月17日[1;35m 早上 [2;37;0m[37m7点41分[1;31m 星期天[2;37;0m
太子(keyboy)more/log/ftpd[37m2000年9月17日[1;35m 早上 [2;37;0m[37m7点43分[1;31m 星期天[2;37;0m
太子(keyboy)more/log/ftpd[37m2000年9月17日[1;35m 早上 [2;37;0m[37m7点55分[1;31m 星期天[2;37;0m
太子(keyboy)more/log/ftpd[37m2000年9月17日[1;33m 上午 [2;37;0m[37m8点3分[1;31m 星期天[2;37;0m
太子(keyboy)more/log/ftpd[37m2000年9月17日[1;33m 上午 [2;37;0m[37m8点3分[1;31m 星期天[2;37;0m
太子(keyboy)more/log/ftpd[37m2000年9月17日[1;33m 上午 [2;37;0m[37m8点7分[1;31m 星期天[2;37;0m
太子(keyboy)more/log/ftpd[37m2000年9月17日[1;33m 上午 [2;37;0m[37m8点8分[1;31m 星期天[2;37;0m
太子(keyboy)more/adm/etc/welcome[37m2000年9月17日[1;33m 上午 [2;37;0m[37m8点9分[1;31m 星期天[2;37;0m
太子(keyboy)more/adm/etc/welcome1[37m2000年9月17日[1;33m 上午 [2;37;0m[37m8点9分[1;31m 星期天[2;37;0m
太子(keyboy)more/adm/etc/welcome2[37m2000年9月17日[1;33m 上午 [2;37;0m[37m8点9分[1;31m 星期天[2;37;0m
太子(keyboy)more/adm/etc/welcome3[37m2000年9月17日[1;33m 上午 [2;37;0m[37m8点9分[1;31m 星期天[2;37;0m
太子(keyboy)more/log/cmds/call_player.log[37m2000年9月17日[1;33m 上午 [2;37;0m[37m8点10分[1;31m 星期天[2;37;0m
太子(keyboy)more/log/cmds/editfile[37m2000年9月17日[1;33m 上午 [2;37;0m[37m8点11分[1;31m 星期天[2;37;0m
太子(keyboy)more/log/cmds/cat.log[37m2000年9月17日[1;33m 上午 [2;37;0m[37m8点11分[1;31m 星期天[2;37;0m
太子(keyboy)more/log/cmds/more.log[37m2000年9月17日[1;33m 上午 [2;37;0m[37m8点11分[1;31m 星期天[2;37;0m
太子(keyboy)more/log/试徒盗用[37m2000年9月17日[1;33m 上午 [2;37;0m[37m8点12分[1;31m 星期天[2;37;0m
太子(keyboy)more/log/backup[37m2000年9月17日[1;33m 上午 [2;37;0m[37m8点14分[1;31m 星期天[2;37;0m
太子(keyboy)more/log/move.bug[37m2000年9月17日[1;33m 上午 [2;37;0m[37m8点14分[1;31m 星期天[2;37;0m
太子(keyboy)more/d/tianlang/obj/telnet.c[37m2000年9月17日[1;33m 上午 [2;37;0m[37m8点54分[1;31m 星期天[2;37;0m
太子(keyboy)more/d/fenghuang/fenghuang/npc/menghuoming.c[37m2000年9月17日[1;33m 上午 [2;37;0m[37m10点56分[1;31m 星期天[2;37;0m
太子(keyboy)more/d/fenghuang/fenghuang/yandong1.c[37m2000年9月17日[1;33m 上午 [2;37;0m[37m10点59分[1;31m 星期天[2;37;0m
太子(keyboy)more/d/fenghuang/fenghuang/zhengting.c[37m2000年9月17日[1;33m 上午 [2;37;0m[37m11点3分[1;31m 星期天[2;37;0m
太子(keyboy)more/d/fenghuang/fenghuang/npc/menghuoming.c[37m2000年9月17日[1;33m 上午 [2;37;0m[37m11点3分[1;31m 星期天[2;37;0m
太子(keyboy)more/d/fenghuang/fenghuang/zhengting.c[37m2000年9月17日[1;33m 上午 [2;37;0m[37m11点4分[1;31m 星期天[2;37;0m
太子(keyboy)more/d/fenghuang/fenghuang/npc/menghuoming.c[37m2000年9月17日[1;33m 上午 [2;37;0m[37m11点5分[1;31m 星期天[2;37;0m
太子(keyboy)more/d/fenghuang/fenghuang/yandong1.c[37m2000年9月17日[1;33m 上午 [2;37;0m[37m11点6分[1;31m 星期天[2;37;0m
太子(keyboy)more/d/fenghuang/fenghuang/npc/guaishou.c[37m2000年9月17日[1;33m 上午 [2;37;0m[37m11点7分[1;31m 星期天[2;37;0m
太子(keyboy)more/d/huang/npc/questman.c[37m2000年9月17日[1;33m 上午 [2;37;0m[37m11点17分[1;31m 星期天[2;37;0m
太子(keyboy)more/d/huang/npc/questman.c[37m2000年9月17日[1;33m 上午 [2;37;0m[37m11点18分[1;31m 星期天[2;37;0m
太子(keyboy)more/log/cmds/editfile[37m2000年9月17日[1;31m 中午 [2;37;0m[37m12点0分[1;31m 星期天[2;37;0m
太子(keyboy)more/log/cmds/more.log[37m2000年9月17日[1;31m 中午 [2;37;0m[37m12点1分[1;31m 星期天[2;37;0m
太子(keyboy)more/adm/daemons/network/services/gfinger_a.c[37m2000年9月17日[1;31m 中午 [2;37;0m[37m12点24分[1;31m 星期天[2;37;0m
太子(keyboy)more/adm/daemons/network/services/gfinger_a.c[37m2000年9月17日[1;31m 中午 [2;37;0m[37m12点24分[1;31m 星期天[2;37;0m
太子(keyboy)more/adm/daemons/network/services/gfinger_q.c[37m2000年9月17日[1;31m 中午 [2;37;0m[37m12点24分[1;31m 星期天[2;37;0m
太子(keyboy)more/include/mudlib.h[37m2000年9月17日[1;31m 中午 [2;37;0m[37m12点25分[1;31m 星期天[2;37;0m
太子(keyboy)more/adm/daemons/network/services/gfinger_a.c[37m2000年9月17日[1;31m 中午 [2;37;0m[37m12点29分[1;31m 星期天[2;37;0m
太子(keyboy)more/adm/daemons/network/services/mail_a.c[37m2000年9月17日[1;31m 中午 [2;37;0m[37m12点37分[1;31m 星期天[2;37;0m
太子(keyboy)more/adm/daemons/network/services/gtell.c[37m2000年9月17日[1;31m 中午 [2;37;0m[37m12点37分[1;31m 星期天[2;37;0m
太子(keyboy)more/feature/name.c[37m2000年9月17日[1;31m 中午 [2;37;0m[37m12点46分[1;31m 星期天[2;37;0m
太子(keyboy)more/cmds/std/hit.c[37m2000年9月17日[1;31m 中午 [2;37;0m[37m12点48分[1;31m 星期天[2;37;0m
太子(keyboy)more/feature/name.c[37m2000年9月17日[1;31m 中午 [2;37;0m[37m12点49分[1;31m 星期天[2;37;0m
太子(keyboy)more/wiz/keyboy/score.c[37m2000年9月17日[1;36m 下午 [2;37;0m[37m2点4分[1;31m 星期天[2;37;0m
太子(keyboy)more/adm/daemons/combatd.c[37m2000年9月17日[1;36m 下午 [2;37;0m[37m2点16分[1;31m 星期天[2;37;0m
太子(keyboy)more/adm/daemons/logind.c[37m2000年9月17日[1;36m 下午 [2;37;0m[37m4点42分[1;31m 星期天[2;37;0m
太子(keyboy)more/cmds/zhu./fp.c[37m2000年9月17日[1;36m 下午 [2;37;0m[37m5点8分[1;31m 星期天[2;37;0m
太子(keyboy)more/include/login.h[37m2000年9月17日[1;36m 下午 [2;37;0m[37m5点9分[1;31m 星期天[2;37;0m
太子(keyboy)more/adm/daemons/logind.c[37m2000年9月17日[1;36m 下午 [2;37;0m[37m5点10分[1;31m 星期天[2;37;0m
太子(keyboy)more/adm/daemons/securd.c[37m2000年9月17日[1;36m 下午 [2;37;0m[37m5点10分[1;31m 星期天[2;37;0m
太子(keyboy)more/cmds/arch/wizlock.c[37m2000年9月17日[1;36m 下午 [2;37;0m[37m5点44分[1;31m 星期天[2;37;0m
太子(keyboy)more/adm/daemons/logind.c[37m2000年9月17日[1;36m 下午 [2;37;0m[37m5点47分[1;31m 星期天[2;37;0m
太子(keyboy)more/adm/daemons/logind.c[37m2000年9月17日[1;36m 下午 [2;37;0m[37m5点51分[1;31m 星期天[2;37;0m
太子(keyboy)more/adm/daemons/gb_b5d.c[37m2000年9月17日[1;34m 晚上 [2;37;0m[37m7点12分[1;31m 星期天[2;37;0m
太子(keyboy)more/adm/daemons/updated.c[37m2000年9月17日[1;34m 晚上 [2;37;0m[37m7点13分[1;31m 星期天[2;37;0m
雾风(set)more/adm/daemons/ftpd.c[37m2000年9月18日[1;34m 晚上 [2;37;0m[37m7点19分[1;36m 星期一[2;37;0m
索尔(dalone)more/d/tianlang/street.c[37m2000年9月21日[1;33m 上午 [2;37;0m[37m11点59分[1;36m 星期四[2;37;0m
索尔(dalone)more/d/city/startroom.c[37m2000年9月21日[1;31m 中午 [2;37;0m[37m12点0分[1;36m 星期四[2;37;0m
索尔(dalone)more/d/tianlang/obj/marry_card.c[37m2000年9月21日[1;31m 中午 [2;37;0m[37m12点1分[1;36m 星期四[2;37;0m
索尔(dalone)more/wiz/keyboy/gift.c[37m2000年9月21日[1;31m 中午 [2;37;0m[37m12点1分[1;36m 星期四[2;37;0m
索尔(dalone)more/d/city/startroom.c[37m2000年9月21日[1;31m 中午 [2;37;0m[37m12点11分[1;36m 星期四[2;37;0m
索尔(dalone)more/d/huang/obj/liedi.c[37m2000年9月24日[1;36m 下午 [2;37;0m[37m5点8分[1;31m 星期天[2;37;0m
太子(keyboy)more/log/cmds/editfile[37m2000年9月24日[1;36m 下午 [2;37;0m[37m5点33分[1;31m 星期天[2;37;0m
太子(keyboy)more/log/cmds/cat.log[37m2000年9月24日[1;36m 下午 [2;37;0m[37m5点34分[1;31m 星期天[2;37;0m
太子(keyboy)more/cmds/std/look.c[37m2000年9月30日[1;34m 晚上 [2;37;0m[37m7点33分[1;31m 星期六[2;37;0m
太子(keyboy)more/cmds/std/look.c[37m2000年9月30日[1;34m 晚上 [2;37;0m[37m7点35分[1;31m 星期六[2;37;0m
太子(keyboy)more/adm/daemons/network/dns_master2.c[37m2000年10月1日[1;37m 深夜 [2;37;0m[37m1点7分[1;31m 星期天[2;37;0m
太子(keyboy)more/adm/daemons/network/dns_master.c[37m2000年10月1日[1;37m 深夜 [2;37;0m[37m1点8分[1;31m 星期天[2;37;0m
太子(keyboy)more/adm/daemons/network/dns_master.c[37m2000年10月1日[1;37m 深夜 [2;37;0m[37m1点8分[1;31m 星期天[2;37;0m
太子(keyboy)more/adm/daemons/channeld.c[37m2000年10月1日[1;37m 深夜 [2;37;0m[37m1点31分[1;31m 星期天[2;37;0m
太子(keyboy)more/adm/daemons/network/dns_master.c[37m2000年10月1日[1;37m 深夜 [2;37;0m[37m1点37分[1;31m 星期天[2;37;0m
太子(keyboy)more/adm/daemons/network/dns_master2.c[37m2000年10月1日[1;37m 深夜 [2;37;0m[37m1点37分[1;31m 星期天[2;37;0m
太子(keyboy)more/adm/daemons/backupd.c[37m2000年10月1日[1;37m 深夜 [2;37;0m[37m1点44分[1;31m 星期天[2;37;0m
太子(keyboy)more/log/backup[37m2000年10月1日[1;37m 深夜 [2;37;0m[37m1点44分[1;31m 星期天[2;37;0m
太子(keyboy)more/adm/daemons/network/dns_master.c[37m2000年10月1日[1;37m 深夜 [2;37;0m[37m2点20分[1;31m 星期天[2;37;0m
太子(keyboy)more/adm/daemons/network/services/shutdown.c[37m2000年10月1日[1;37m 深夜 [2;37;0m[37m2点22分[1;31m 星期天[2;37;0m
太子(keyboy)more/include/net/config.h[37m2000年10月1日[1;33m 上午 [2;37;0m[37m10点0分[1;31m 星期天[2;37;0m
太子(keyboy)more/wiz/keyboy/telnet.c[37m2000年10月1日[1;33m 上午 [2;37;0m[37m10点5分[1;31m 星期天[2;37;0m
太子(keyboy)more/d/tianlang/jiagong.c[37m2000年10月1日[1;33m 上午 [2;37;0m[37m10点41分[1;31m 星期天[2;37;0m
太子(keyboy)more/wiz/fyue/table.c[37m2000年10月1日[1;33m 上午 [2;37;0m[37m10点53分[1;31m 星期天[2;37;0m
太子(keyboy)more/d/tianlang/street.c[37m2000年10月1日[1;33m 上午 [2;37;0m[37m10点53分[1;31m 星期天[2;37;0m
太子(keyboy)more/clone/misc/block.c[37m2000年10月1日[1;33m 上午 [2;37;0m[37m10点55分[1;31m 星期天[2;37;0m
太子(keyboy)more/wiz/keyboy/telnet.c[37m2000年10月1日[1;33m 上午 [2;37;0m[37m11点2分[1;31m 星期天[2;37;0m
太子(keyboy)more/cmds/usr/mudlist.c[37m2000年10月1日[1;33m 上午 [2;37;0m[37m11点24分[1;31m 星期天[2;37;0m
太子(keyboy)more/adm/daemons/logind.c[37m2000年10月1日[1;36m 下午 [2;37;0m[37m2点34分[1;31m 星期天[2;37;0m
太子(keyboy)more/adm/daemons/logind.c[37m2000年10月1日[1;36m 下午 [2;37;0m[37m2点43分[1;31m 星期天[2;37;0m
太子(keyboy)more/adm/daemons/logind.c[37m2000年10月1日[1;36m 下午 [2;37;0m[37m2点43分[1;31m 星期天[2;37;0m
太子(keyboy)more/adm/daemons/logind.c[37m2000年10月1日[1;36m 下午 [2;37;0m[37m2点45分[1;31m 星期天[2;37;0m
太子(keyboy)more/feature/food.c[37m2000年10月1日[1;36m 下午 [2;37;0m[37m3点53分[1;31m 星期天[2;37;0m
太子(keyboy)more/feature/message.c[37m2000年10月1日[1;36m 下午 [2;37;0m[37m3点53分[1;31m 星期天[2;37;0m
太子(keyboy)more/adm/daemons/backupd.c[37m2000年10月1日[1;36m 下午 [2;37;0m[37m5点28分[1;31m 星期天[2;37;0m
太子(keyboy)more/adm/daemons/backupd.c[37m2000年10月1日[1;36m 下午 [2;37;0m[37m5点30分[1;31m 星期天[2;37;0m
太子(keyboy)more/adm/daemons/backupd.c[37m2000年10月1日[1;36m 下午 [2;37;0m[37m5点30分[1;31m 星期天[2;37;0m
太子(keyboy)more/cmds/wiz/color.c[37m2000年10月5日[1;34m 晚上 [2;37;0m[37m7点4分[1;36m 星期四[2;37;0m
太子(keyboy)more/wiz/fyue/table.c[37m2000年10月5日[1;34m 晚上 [2;37;0m[37m7点5分[1;36m 星期四[2;37;0m
太子(keyboy)more/adm/single/master.c[37m2000年10月5日[1;34m 晚上 [2;37;0m[37m7点17分[1;36m 星期四[2;37;0m
太子(keyboy)more/adm/single/master.c[37m2000年10月5日[1;34m 晚上 [2;37;0m[37m7点25分[1;36m 星期四[2;37;0m
太子(keyboy)more/include/net/ftpdconf.h[37m2000年10月5日[1;34m 晚上 [2;37;0m[37m7点49分[1;36m 星期四[2;37;0m
太子(keyboy)more/wiz/keyboy/suit.c[37m2000年10月5日[1;34m 晚上 [2;37;0m[37m7点50分[1;36m 星期四[2;37;0m
太子(keyboy)more/wiz/keyboy/suit.c[37m2000年10月5日[1;34m 晚上 [2;37;0m[37m7点52分[1;36m 星期四[2;37;0m
太子(keyboy)more/cmds/arch/promote.c[37m2000年10月5日[1;34m 晚上 [2;37;0m[37m7点53分[1;36m 星期四[2;37;0m
太子(keyboy)more/d/fenghuang/fenghuang/xiaowu.c[37m2000年11月12日[1;33m 上午 [2;37;0m[37m11点28分[1;31m 星期天[2;37;0m
太子(keyboy)more/adm/daemons/logind.c[37m2000年11月12日[1;36m 下午 [2;37;0m[37m1点56分[1;31m 星期天[2;37;0m
太子(keyboy)more/adm/daemons/logind.c[37m2000年11月12日[1;36m 下午 [2;37;0m[37m4点18分[1;31m 星期天[2;37;0m
太子(keyboy)more/cmds/usr/mudlist2.c[37m2000年12月2日[1;33m 上午 [2;37;0m[37m11点22分[1;31m 星期六[2;37;0m
太子(keyboy)more/cmds/usr/mudlist.c[37m2000年12月2日[1;33m 上午 [2;37;0m[37m11点27分[1;31m 星期六[2;37;0m
太子(keyboy)more/clone/misc/block.c[37m2000年12月15日[1;36m 下午 [2;37;0m[37m1点40分[1;36m 星期五[2;37;0m
太子(keyboy)more/clone/misc/bm.c[37m2000年12月16日[1;36m 下午 [2;37;0m[37m1点13分[1;31m 星期六[2;37;0m
太子(keyboy)more/include/mudlib.h[37m2001年1月12日[1;33m 上午 [2;37;0m[37m11点19分[1;36m 星期五[2;37;0m
太子(keyboy)more/include/mudlib.h[37m2001年1月12日[1;33m 上午 [2;37;0m[37m11点23分[1;36m 星期五[2;37;0m
太子(keyboy)more/cmds/arch/reboot.c[37m2001年1月14日[1;34m 晚上 [2;37;0m[37m10点47分[1;31m 星期天[2;37;0m
太子(keyboy)more/cmds/arch/reboot.c[37m2001年1月14日[1;34m 晚上 [2;37;0m[37m10点57分[1;31m 星期天[2;37;0m
太子(keyboy)more/adm/daemons/logind.c[37m2001年1月16日[1;36m 下午 [2;37;0m[37m6点50分[1;36m 星期二[2;37;0m
太子(keyboy)more/adm/daemons/natured.c[37m2001年1月18日[1;34m 晚上 [2;37;0m[37m10点27分[1;36m 星期四[2;37;0m
太子(keyboy)more/adm/daemons/natured.c[37m2001年1月18日[1;34m 晚上 [2;37;0m[37m11点15分[1;36m 星期四[2;37;0m
太子(keyboy)more/adm/daemons/logind.c[37m2001年1月18日[1;34m 晚上 [2;37;0m[37m11点18分[1;36m 星期四[2;37;0m
太子(keyboy)more/cmds/arch/reboot.c[37m2001年1月18日[1;34m 晚上 [2;37;0m[37m11点18分[1;36m 星期四[2;37;0m
太子(keyboy)more/adm/daemons/tenrichman.c[37m2001年1月18日[1;34m 晚上 [2;37;0m[37m11点55分[1;36m 星期四[2;37;0m
太子(keyboy)more/adm/daemons/logind.c[37m2001年1月30日[1;32m 凌晨 [2;37;0m[37m5点56分[1;36m 星期二[2;37;0m
太子(keyboy)more/adm/daemons/logind2.c[37m2001年1月30日[1;35m 早上 [2;37;0m[37m6点12分[1;36m 星期二[2;37;0m
太子(keyboy)more/adm/daemons/logind.c[37m2001年1月30日[1;36m 下午 [2;37;0m[37m3点47分[1;36m 星期二[2;37;0m
太子(keyboy)more/adm/daemons/logind.c[37m2001年1月30日[1;36m 下午 [2;37;0m[37m5点28分[1;36m 星期二[2;37;0m
笑天宝(bswhm)more/d/npc/daoshen.c[37m2001年2月1日[1;36m 下午 [2;37;0m[37m6点59分[1;36m 星期四[2;37;0m
太子(keyboy)more/d/tianlang/jiagong.c[37m2001年2月1日[1;34m 晚上 [2;37;0m[37m7点0分[1;36m 星期四[2;37;0m
太子(keyboy)more/feature/name.c[37m2001年2月1日[1;34m 晚上 [2;37;0m[37m7点2分[1;36m 星期四[2;37;0m
太子(keyboy)more/cmds/app/edit.c[37m2001年2月1日[1;34m 晚上 [2;37;0m[37m7点2分[1;36m 星期四[2;37;0m
笑天宝(bswhm)more/doc/lpc/chapter1[37m2001年2月1日[1;34m 晚上 [2;37;0m[37m7点2分[1;36m 星期四[2;37;0m
笑天宝(bswhm)more/data/user/k/keyboy.o[37m2001年2月1日[1;34m 晚上 [2;37;0m[37m7点12分[1;36m 星期四[2;37;0m
笑天宝(bswhm)more/clone/quest/explist[37m2001年2月1日[1;34m 晚上 [2;37;0m[37m7点15分[1;36m 星期四[2;37;0m
