2003.06.15 10:17 B F:\login\k\kaede.o <-- www.vmud.com /lonely/mudlib/data/login/k kaede.o
2003.06.15 10:17 B F:\login\k\kagari.o <-- www.vmud.com /lonely/mudlib/data/login/k kagari.o
2003.06.15 10:17 B F:\login\k\kagome.o <-- www.vmud.com /lonely/mudlib/data/login/k kagome.o
2003.06.15 10:17 B F:\login\k\kagura.o <-- www.vmud.com /lonely/mudlib/data/login/k kagura.o
2003.06.15 10:17 B F:\login\k\kaituo.o <-- www.vmud.com /lonely/mudlib/data/login/k kaituo.o
2003.06.15 10:17 B F:\login\k\kakashi.o <-- www.vmud.com /lonely/mudlib/data/login/k kakashi.o
2003.06.15 10:17 B F:\login\k\kanera.o <-- www.vmud.com /lonely/mudlib/data/login/k kanera.o
2003.06.15 10:17 B F:\login\k\kard.o <-- www.vmud.com /lonely/mudlib/data/login/k kard.o
2003.06.15 10:17 B F:\login\k\kardd.o <-- www.vmud.com /lonely/mudlib/data/login/k kardd.o
2003.06.15 10:17 B F:\login\k\kavvie.o <-- www.vmud.com /lonely/mudlib/data/login/k kavvie.o
2003.06.15 10:17 B F:\login\k\kcy.o <-- www.vmud.com /lonely/mudlib/data/login/k kcy.o
2003.06.15 10:17 B F:\login\k\kdj.o <-- www.vmud.com /lonely/mudlib/data/login/k kdj.o
2003.06.15 10:17 B F:\login\k\kelly.o <-- www.vmud.com /lonely/mudlib/data/login/k kelly.o
2003.06.15 10:17 B F:\login\k\ken.o <-- www.vmud.com /lonely/mudlib/data/login/k ken.o
2003.06.15 10:17 B F:\login\k\kenshin.o <-- www.vmud.com /lonely/mudlib/data/login/k kenshin.o
2003.06.15 10:17 B F:\login\k\kent.o <-- www.vmud.com /lonely/mudlib/data/login/k kent.o
2003.06.15 10:17 B F:\login\k\kick.o <-- www.vmud.com /lonely/mudlib/data/login/k kick.o
2003.06.15 10:17 B F:\login\k\kickyou.o <-- www.vmud.com /lonely/mudlib/data/login/k kickyou.o
2003.06.15 10:17 B F:\login\k\kike.o <-- www.vmud.com /lonely/mudlib/data/login/k kike.o
2003.06.15 10:17 B F:\login\k\kikyou.o <-- www.vmud.com /lonely/mudlib/data/login/k kikyou.o
2003.06.15 10:17 B F:\login\k\kill.o <-- www.vmud.com /lonely/mudlib/data/login/k kill.o
2003.06.15 10:17 B F:\login\k\king.o <-- www.vmud.com /lonely/mudlib/data/login/k king.o
2003.06.15 10:17 B F:\login\k\kingkill.o <-- www.vmud.com /lonely/mudlib/data/login/k kingkill.o
2003.06.15 10:17 B F:\login\k\kira.o <-- www.vmud.com /lonely/mudlib/data/login/k kira.o
2003.06.15 10:17 B F:\login\k\kissall.o <-- www.vmud.com /lonely/mudlib/data/login/k kissall.o
2003.06.15 10:17 B F:\login\k\kissbye.o <-- www.vmud.com /lonely/mudlib/data/login/k kissbye.o
2003.06.15 10:17 B F:\login\k\kissme.o <-- www.vmud.com /lonely/mudlib/data/login/k kissme.o
2003.06.15 10:17 B F:\login\k\kitt.o <-- www.vmud.com /lonely/mudlib/data/login/k kitt.o
2003.06.15 10:17 B F:\login\k\kitty.o <-- www.vmud.com /lonely/mudlib/data/login/k kitty.o
2003.06.15 10:17 B F:\login\k\kittypig.o <-- www.vmud.com /lonely/mudlib/data/login/k kittypig.o
2003.06.15 10:17 B F:\login\k\kjs.o <-- www.vmud.com /lonely/mudlib/data/login/k kjs.o
2003.06.15 10:17 B F:\login\k\kkard.o <-- www.vmud.com /lonely/mudlib/data/login/k kkard.o
2003.06.15 10:17 B F:\login\k\kkardd.o <-- www.vmud.com /lonely/mudlib/data/login/k kkardd.o
2003.06.15 10:17 B F:\login\k\kkk.o <-- www.vmud.com /lonely/mudlib/data/login/k kkk.o
2003.06.15 10:17 B F:\login\k\kkkard.o <-- www.vmud.com /lonely/mudlib/data/login/k kkkard.o
2003.06.15 10:17 B F:\login\k\kkrad.o <-- www.vmud.com /lonely/mudlib/data/login/k kkrad.o
2003.06.15 10:17 B F:\login\k\kkradd.o <-- www.vmud.com /lonely/mudlib/data/login/k kkradd.o
2003.06.15 10:17 B F:\login\k\koala.o <-- www.vmud.com /lonely/mudlib/data/login/k koala.o
2003.06.15 10:17 B F:\login\k\kof.o <-- www.vmud.com /lonely/mudlib/data/login/k kof.o
2003.06.15 10:17 B F:\login\k\koker.o <-- www.vmud.com /lonely/mudlib/data/login/k koker.o
2003.06.15 10:17 B F:\login\k\komii.o <-- www.vmud.com /lonely/mudlib/data/login/k komii.o
2003.06.15 10:17 B F:\login\k\kool.o <-- www.vmud.com /lonely/mudlib/data/login/k kool.o
2003.06.15 10:17 B F:\login\k\kou.o <-- www.vmud.com /lonely/mudlib/data/login/k kou.o
2003.06.15 10:17 B F:\login\k\kouzhong.o <-- www.vmud.com /lonely/mudlib/data/login/k kouzhong.o
2003.06.15 10:17 B F:\login\k\krad.o <-- www.vmud.com /lonely/mudlib/data/login/k krad.o
2003.06.15 10:17 B F:\login\k\kradd.o <-- www.vmud.com /lonely/mudlib/data/login/k kradd.o
2003.06.15 10:17 B F:\login\k\kstste.o <-- www.vmud.com /lonely/mudlib/data/login/k kstste.o
