2003.06.15 10:43 B F:\user\z\zar.o <-- www.vmud.com /lonely/mudlib/data/user/z zar.o
2003.06.15 10:43 B F:\user\z\zary.o <-- www.vmud.com /lonely/mudlib/data/user/z zary.o
2003.06.15 10:43 B F:\user\z\zbd.o <-- www.vmud.com /lonely/mudlib/data/user/z zbd.o
2003.06.15 10:43 B F:\user\z\zcn.o <-- www.vmud.com /lonely/mudlib/data/user/z zcn.o
2003.06.15 10:43 B F:\user\z\zeini.o <-- www.vmud.com /lonely/mudlib/data/user/z zeini.o
2003.06.15 10:43 B F:\user\z\zeng.o <-- www.vmud.com /lonely/mudlib/data/user/z zeng.o
2003.06.15 10:43 B F:\user\z\zflm.o <-- www.vmud.com /lonely/mudlib/data/user/z zflm.o
2003.06.15 10:43 B F:\user\z\zhanzan.o <-- www.vmud.com /lonely/mudlib/data/user/z zhanzan.o
2003.06.15 10:43 B F:\user\z\zhaosr.o <-- www.vmud.com /lonely/mudlib/data/user/z zhaosr.o
2003.06.15 10:43 B F:\user\z\zhizhu.o <-- www.vmud.com /lonely/mudlib/data/user/z zhizhu.o
2003.06.15 10:43 B F:\user\z\zhu.o <-- www.vmud.com /lonely/mudlib/data/user/z zhu.o
2003.06.15 10:43 B F:\user\z\zhuguo.o <-- www.vmud.com /lonely/mudlib/data/user/z zhuguo.o
2003.06.15 10:43 B F:\user\z\zhuyun.o <-- www.vmud.com /lonely/mudlib/data/user/z zhuyun.o
2003.06.15 10:43 B F:\user\z\zigong.o <-- www.vmud.com /lonely/mudlib/data/user/z zigong.o
2003.06.15 10:43 B F:\user\z\zilei.o <-- www.vmud.com /lonely/mudlib/data/user/z zilei.o
2003.06.15 10:43 B F:\user\z\ziyu.o <-- www.vmud.com /lonely/mudlib/data/user/z ziyu.o
2003.06.15 10:43 B F:\user\z\zjb.o <-- www.vmud.com /lonely/mudlib/data/user/z zjb.o
2003.06.15 10:43 B F:\user\z\zjlmak.o <-- www.vmud.com /lonely/mudlib/data/user/z zjlmak.o
2003.06.15 10:43 B F:\user\z\zjpwxh.o <-- www.vmud.com /lonely/mudlib/data/user/z zjpwxh.o
2003.06.15 10:43 B F:\user\z\zjsix.o <-- www.vmud.com /lonely/mudlib/data/user/z zjsix.o
2003.06.15 10:43 B F:\user\z\zoe.o <-- www.vmud.com /lonely/mudlib/data/user/z zoe.o
2003.06.15 10:43 B F:\user\z\zombie.o <-- www.vmud.com /lonely/mudlib/data/user/z zombie.o
2003.06.15 10:43 B F:\user\z\zplsl.o <-- www.vmud.com /lonely/mudlib/data/user/z zplsl.o
2003.06.15 10:43 B F:\user\z\zqc.o <-- www.vmud.com /lonely/mudlib/data/user/z zqc.o
2003.06.15 10:43 B F:\user\z\zuizui.o <-- www.vmud.com /lonely/mudlib/data/user/z zuizui.o
2003.06.15 10:43 B F:\user\z\zur.o <-- www.vmud.com /lonely/mudlib/data/user/z zur.o
2003.06.15 10:43 B F:\user\z\zxcvbnm.o <-- www.vmud.com /lonely/mudlib/data/user/z zxcvbnm.o
2003.06.15 10:43 B F:\user\z\zyuxiao.o <-- www.vmud.com /lonely/mudlib/data/user/z zyuxiao.o
2003.06.15 10:43 B F:\user\z\zyx.o <-- www.vmud.com /lonely/mudlib/data/user/z zyx.o
2003.06.15 10:43 B F:\user\z\zyy.o <-- www.vmud.com /lonely/mudlib/data/user/z zyy.o
