1422762421 129 0
1422762421 129 0 129 0
1415263677 129 0 129 0
1415263500 129 0 129 0
1415263200 129 0 129 0
1415262900 129 0 129 0
1415262600 129 0 129 0
1415262300 129 0 129 0
1415262000 129 0 129 0
1415261700 129 0 129 0
1415261400 129 0 129 0
1415261100 129 0 129 0
1415260800 129 0 129 0
1415260500 128 0 129 0
1415260200 126 0 126 0
1415259900 126 0 126 0
1415259600 126 0 126 0
1415259300 126 0 126 0
1415259000 126 0 126 0
1415258700 123 0 126 0
1415258400 119 0 119 0
1415258100 139 0 140 0
1415257800 140 0 140 0
1415257500 140 0 140 0
1415257200 140 0 140 0
1415256900 140 0 140 0
1415256600 140 0 140 0
1415256300 140 0 140 0
1415256000 140 0 140 0
1415255700 140 0 140 0
1415255400 140 0 140 0
1415255100 140 0 140 0
1415254800 140 0 140 0
1415254500 140 0 140 0
1415254200 140 0 140 0
1415253900 140 0 140 0
1415253600 140 0 140 0
1415253300 140 0 140 0
1415253000 140 0 140 0
1415252700 140 0 140 0
1415252400 140 0 140 0
1415252100 140 0 140 0
1415251800 140 0 140 0
1415251500 140 0 140 0
1415251200 140 0 140 0
1415250900 140 0 140 0
1415250600 140 0 140 0
1415250300 140 0 140 0
1415250000 140 0 140 0
1415249700 140 0 140 0
1415249400 140 0 140 0
1415249100 140 0 140 0
1415248800 140 0 140 0
1415248500 140 0 140 0
1415248200 134 0 140 0
1415247900 133 0 133 0
1415247600 133 0 133 0
1415247300 133 0 133 0
1415247000 133 0 133 0
1415246700 133 0 133 0
1415246400 133 0 133 0
1415246100 133 0 133 0
1415245800 133 0 133 0
1415245500 133 0 133 0
1415245200 133 0 133 0
1415244900 133 0 133 0
1415244600 133 0 133 0
1415244300 133 0 133 0
1415244000 133 0 133 0
1415243700 133 0 133 0
1415243400 133 0 133 0
1415243100 133 0 133 0
1415242800 133 0 133 0
1415242500 133 0 133 0
1415242200 133 0 133 0
1415241900 133 0 133 0
1415241600 133 0 133 0
1415241300 133 0 133 0
1415241000 133 0 133 0
1415240700 133 0 133 0
1415240400 133 0 133 0
1415240100 133 0 133 0
1415239800 133 0 133 0
1415239500 133 0 133 0
1415239200 133 0 133 0
1415238900 133 0 133 0
1415238600 133 0 133 0
1415238300 133 0 133 0
1415238000 133 0 133 0
1415237700 133 0 133 0
1415237400 133 0 133 0
1415237100 133 0 133 0
1415236800 133 0 133 0
1415236500 133 0 133 0
1415236200 133 0 133 0
1415235900 133 0 133 0
1415235600 133 0 133 0
1415235300 133 0 133 0
1415235000 133 0 133 0
1415234700 133 0 133 0
1415234400 133 0 133 0
1415234100 133 0 133 0
1415233800 133 0 133 0
1415233500 133 0 133 0
1415233200 133 0 133 0
1415232900 133 0 133 0
1415232600 133 0 133 0
1415232300 133 0 133 0
1415232000 133 0 133 0
1415231700 133 0 133 0
1415231400 133 0 133 0
1415231100 133 0 133 0
1415230800 133 0 133 0
1415230500 133 0 133 0
1415230200 133 0 133 0
1415229900 133 0 133 0
1415229600 133 0 133 0
1415229300 133 0 133 0
1415229000 133 0 133 0
1415228700 133 0 133 0
1415228400 133 0 133 0
1415228100 133 0 133 0
1415227800 133 0 133 0
1415227500 133 0 133 0
1415227200 133 0 133 0
1415226900 133 0 133 0
1415226600 133 0 133 0
1415226300 133 0 133 0
1415226000 133 0 133 0
1415225700 133 0 133 0
1415225400 133 0 133 0
1415225100 133 0 133 0
1415224800 133 0 133 0
1415224500 133 0 133 0
1415224200 133 0 133 0
1415223900 133 0 133 0
1415223600 133 0 133 0
1415223300 133 0 133 0
1415223000 133 0 133 0
1415222700 133 0 133 0
1415222400 133 0 133 0
1415222100 133 0 133 0
1415221800 133 0 133 0
1415221500 133 0 133 0
1415221200 133 0 133 0
1415220900 133 0 133 0
1415220600 133 0 133 0
1415220300 133 0 133 0
1415220000 133 0 133 0
1415219700 133 0 133 0
1415219400 133 0 133 0
1415219100 133 0 133 0
1415218800 133 0 133 0
1415218500 133 0 133 0
1415218200 133 0 133 0
1415217900 133 0 133 0
1415217600 133 0 133 0
1415217300 133 0 133 0
1415217000 133 0 133 0
1415216700 133 0 133 0
1415216400 133 0 133 0
1415216100 133 0 133 0
1415215800 133 0 133 0
1415215500 133 0 133 0
1415215200 133 0 133 0
1415214900 133 0 133 0
1415214600 133 0 133 0
1415214300 133 0 133 0
1415214000 133 0 133 0
1415213700 133 0 133 0
1415213400 133 0 133 0
1415213100 133 0 133 0
1415212800 133 0 133 0
1415212500 133 0 133 0
1415212200 133 0 133 0
1415211900 133 0 133 0
1415211600 133 0 133 0
1415211300 133 0 133 0
1415211000 133 0 133 0
1415210700 133 0 133 0
1415210400 133 0 133 0
1415210100 133 0 133 0
1415209800 133 0 133 0
1415209500 133 0 133 0
1415209200 133 0 133 0
1415208900 133 0 133 0
1415208600 133 0 133 0
1415208300 133 0 133 0
1415208000 133 0 133 0
1415207700 133 0 133 0
1415207400 133 0 133 0
1415207100 133 0 133 0
1415206800 133 0 133 0
1415206500 133 0 133 0
1415206200 133 0 133 0
1415205900 133 0 133 0
1415205600 133 0 133 0
1415205300 133 0 133 0
1415205000 133 0 133 0
1415204700 133 0 133 0
1415204400 133 0 133 0
1415204100 133 0 133 0
1415203800 133 0 133 0
1415203500 133 0 133 0
1415203200 133 0 133 0
1415202900 133 0 133 0
1415202600 133 0 133 0
1415202300 133 0 133 0
1415202000 133 0 133 0
1415201700 133 0 133 0
1415201400 133 0 133 0
1415201100 133 0 133 0
1415200800 133 0 133 0
1415200500 133 0 133 0
1415200200 133 0 133 0
1415199900 133 0 133 0
1415199600 133 0 133 0
1415199300 133 0 133 0
1415199000 139 0 142 0
1415198700 142 0 142 0
1415198400 142 0 142 0
1415198100 142 0 142 0
1415197800 144 0 145 0
1415197500 145 0 145 0
1415197200 145 0 145 0
1415196900 145 0 145 0
1415196600 145 0 145 0
1415196300 145 0 145 0
1415196000 145 0 145 0
1415195700 143 0 145 0
1415195400 143 0 143 0
1415195100 143 0 143 0
1415194800 143 0 143 0
1415194500 143 0 143 0
1415194200 143 0 143 0
1415193900 139 0 143 0
1415193600 134 0 134 0
1415193300 134 0 134 0
1415193000 130 0 134 0
1415192700 130 0 130 0
1415192400 130 0 130 0
1415192100 130 0 130 0
1415191800 130 0 130 0
1415191500 130 0 130 0
1415191200 130 0 130 0
1415190900 130 0 130 0
1415190600 130 0 130 0
1415190300 130 0 130 0
1415190000 130 0 130 0
1415189700 130 0 130 0
1415189400 130 0 130 0
1415189100 130 0 130 0
1415188800 130 0 130 0
1415188500 130 0 130 0
1415188200 130 0 130 0
1415187900 130 0 130 0
1415187600 130 0 130 0
1415187300 130 0 130 0
1415187000 130 0 130 0
1415186700 130 0 130 0
1415186400 130 0 130 0
1415186100 130 0 130 0
1415185800 130 0 130 0
1415185500 130 0 130 0
1415185200 130 0 130 0
1415184900 130 0 130 0
1415184600 130 0 130 0
1415184300 130 0 130 0
1415184000 130 0 130 0
1415183700 130 0 130 0
1415183400 130 0 130 0
1415183100 130 0 130 0
1415182800 130 0 130 0
1415182500 130 0 130 0
1415182200 130 0 130 0
1415181900 130 0 130 0
1415181600 130 0 130 0
1415181300 130 0 130 0
1415181000 130 0 130 0
1415180700 130 0 130 0
1415180400 130 0 130 0
1415180100 130 0 130 0
1415179800 130 0 130 0
1415179500 130 0 130 0
1415179200 130 0 130 0
1415178900 130 0 130 0
1415178600 130 0 130 0
1415178300 130 0 130 0
1415178000 130 0 130 0
1415177700 130 0 130 0
1415177400 130 0 130 0
1415177100 130 0 130 0
1415176800 130 0 130 0
1415176500 130 0 130 0
1415176200 130 0 130 0
1415175900 130 0 130 0
1415175600 130 0 130 0
1415175300 130 0 130 0
1415175000 130 0 130 0
1415174700 130 0 130 0
1415174400 130 0 130 0
1415174100 130 0 130 0
1415173800 130 0 130 0
1415173500 130 0 130 0
1415173200 130 0 130 0
1415172900 130 0 130 0
1415172600 130 0 130 0
1415172300 130 0 130 0
1415172000 130 0 130 0
1415171700 130 0 130 0
1415171400 130 0 130 0
1415171100 130 0 130 0
1415170800 130 0 130 0
1415170500 130 0 130 0
1415170200 130 0 130 0
1415169900 130 0 130 0
1415169600 130 0 130 0
1415169300 130 0 130 0
1415169000 130 0 130 0
1415168700 130 0 130 0
1415168400 130 0 130 0
1415168100 130 0 130 0
1415167800 130 0 130 0
1415167500 130 0 130 0
1415167200 130 0 130 0
1415166900 130 0 130 0
1415166600 130 0 130 0
1415166300 130 0 130 0
1415166000 130 0 130 0
1415165700 130 0 130 0
1415165400 130 0 130 0
1415165100 130 0 130 0
1415164800 130 0 130 0
1415164500 130 0 130 0
1415164200 130 0 130 0
1415163900 130 0 130 0
1415163600 130 0 130 0
1415163300 130 0 130 0
1415163000 130 0 130 0
1415162700 130 0 130 0
1415162400 130 0 130 0
1415162100 130 0 130 0
1415161800 130 0 130 0
1415161500 130 0 130 0
1415161200 130 0 130 0
1415160900 130 0 130 0
1415160600 130 0 130 0
1415160300 130 0 130 0
1415160000 130 0 130 0
1415159700 130 0 130 0
1415159400 130 0 130 0
1415159100 130 0 130 0
1415158800 130 0 130 0
1415158500 130 0 130 0
1415158200 130 0 130 0
1415157900 130 0 130 0
1415157600 130 0 130 0
1415157300 130 0 130 0
1415157000 130 0 130 0
1415156700 130 0 130 0
1415156400 130 0 130 0
1415156100 130 0 130 0
1415155800 130 0 130 0
1415155500 130 0 130 0
1415155200 130 0 130 0
1415154900 130 0 130 0
1415154600 130 0 130 0
1415154300 130 0 130 0
1415154000 130 0 130 0
1415153700 130 0 130 0
1415153400 130 0 130 0
1415153100 130 0 130 0
1415152800 130 0 130 0
1415152500 130 0 130 0
1415152200 130 0 130 0
1415151900 130 0 130 0
1415151600 130 0 130 0
1415151300 130 0 130 0
1415151000 130 0 130 0
1415150700 130 0 130 0
1415150400 130 0 130 0
1415150100 130 0 130 0
1415149800 130 0 130 0
1415149500 130 0 130 0
1415149200 130 0 130 0
1415148900 130 0 130 0
1415148600 130 0 130 0
1415148300 130 0 130 0
1415148000 130 0 130 0
1415147700 130 0 130 0
1415147400 130 0 130 0
1415147100 130 0 130 0
1415146800 130 0 130 0
1415146500 130 0 130 0
1415146200 130 0 130 0
1415145900 130 0 130 0
1415145600 130 0 130 0
1415145300 130 0 130 0
1415145000 130 0 130 0
1415144700 130 0 130 0
1415144400 130 0 130 0
1415144100 130 0 130 0
1415143800 130 0 130 0
1415143500 130 0 130 0
1415143200 130 0 130 0
1415142900 130 0 130 0
1415142600 130 0 130 0
1415142300 130 0 130 0
1415142000 130 0 130 0
1415141700 130 0 130 0
1415141400 130 0 130 0
1415141100 130 0 130 0
1415140800 130 0 130 0
1415140500 130 0 130 0
1415140200 130 0 130 0
1415139900 130 0 130 0
1415139600 130 0 130 0
1415139300 130 0 130 0
1415139000 130 0 130 0
1415138700 130 0 130 0
1415138400 130 0 130 0
1415138100 130 0 130 0
1415137800 130 0 130 0
1415137500 130 0 130 0
1415137200 130 0 130 0
1415136900 130 0 130 0
1415136600 130 0 130 0
1415136300 130 0 130 0
1415136000 130 0 130 0
1415135700 130 0 130 0
1415135400 130 0 130 0
1415135100 130 0 130 0
1415134800 130 0 130 0
1415134500 130 0 130 0
1415134200 130 0 130 0
1415133900 130 0 130 0
1415133600 130 0 130 0
1415133300 130 0 130 0
1415133000 130 0 130 0
1415132700 130 0 130 0
1415132400 130 0 130 0
1415132100 130 0 130 0
1415131800 130 0 130 0
1415131500 130 0 130 0
1415131200 130 0 130 0
1415130900 130 0 130 0
1415130600 130 0 130 0
1415130300 130 0 130 0
1415130000 130 0 130 0
1415129700 130 0 130 0
1415129400 130 0 130 0
1415129100 130 0 130 0
1415128800 130 0 130 0
1415128500 130 0 130 0
1415128200 130 0 130 0
1415127900 130 0 130 0
1415127600 130 0 130 0
1415127300 130 0 130 0
1415127000 130 0 130 0
1415126700 130 0 130 0
1415126400 130 0 130 0
1415126100 130 0 130 0
1415125800 130 0 130 0
1415125500 130 0 130 0
1415125200 130 0 130 0
1415124900 130 0 130 0
1415124600 130 0 130 0
1415124300 130 0 130 0
1415124000 130 0 130 0
1415123700 130 0 130 0
1415123400 130 0 130 0
1415123100 130 0 130 0
1415122800 130 0 130 0
1415122500 130 0 130 0
1415122200 130 0 130 0
1415121900 130 0 130 0
1415121600 130 0 130 0
1415121300 130 0 130 0
1415121000 130 0 130 0
1415120700 130 0 130 0
1415120400 130 0 130 0
1415120100 130 0 130 0
1415119800 130 0 130 0
1415119500 130 0 130 0
1415119200 130 0 130 0
1415118900 130 0 130 0
1415118600 130 0 130 0
1415118300 130 0 130 0
1415118000 130 0 130 0
1415117700 130 0 130 0
1415117400 130 0 130 0
1415117100 130 0 130 0
1415116800 130 0 130 0
1415116500 130 0 130 0
1415116200 130 0 130 0
1415115900 130 0 130 0
1415115600 130 0 130 0
1415115300 130 0 130 0
1415115000 130 0 130 0
1415114700 130 0 130 0
1415114400 130 0 130 0
1415114100 130 0 130 0
1415113800 130 0 130 0
1415113500 130 0 130 0
1415113200 130 0 130 0
1415112900 130 0 130 0
1415112600 130 0 130 0
1415112300 130 0 130 0
1415112000 130 0 130 0
1415111700 130 0 130 0
1415111400 130 0 130 0
1415111100 130 0 130 0
1415110800 130 0 130 0
1415110500 130 0 130 0
1415110200 130 0 130 0
1415109900 130 0 130 0
1415109600 130 0 130 0
1415109300 130 0 130 0
1415109000 130 0 130 0
1415108700 130 0 130 0
1415108400 130 0 130 0
1415108100 130 0 130 0
1415107800 130 0 130 0
1415107500 130 0 130 0
1415107200 130 0 130 0
1415106900 130 0 130 0
1415106600 130 0 130 0
1415106300 130 0 130 0
1415106000 130 0 130 0
1415105700 130 0 130 0
1415105400 130 0 130 0
1415105100 130 0 130 0
1415104800 130 0 130 0
1415104500 130 0 130 0
1415104200 130 0 130 0
1415103900 130 0 130 0
1415103600 130 0 130 0
1415103300 130 0 130 0
1415103000 130 0 130 0
1415102700 130 0 130 0
1415102400 130 0 130 0
1415102100 130 0 130 0
1415101800 130 0 130 0
1415101500 130 0 130 0
1415101200 130 0 130 0
1415100900 130 0 130 0
1415100600 130 0 130 0
1415100300 130 0 130 0
1415100000 130 0 130 0
1415099700 130 0 130 0
1415099400 130 0 130 0
1415099100 130 0 130 0
1415098800 130 0 130 0
1415098500 130 0 130 0
1415098200 130 0 130 0
1415097900 130 0 130 0
1415097600 130 0 130 0
1415097300 130 0 130 0
1415097000 130 0 130 0
1415096700 130 0 130 0
1415096400 130 0 130 0
1415096100 130 0 130 0
1415095800 130 0 130 0
1415095500 130 0 130 0
1415095200 130 0 130 0
1415094900 130 0 130 0
1415094600 130 0 130 0
1415094300 130 0 130 0
1415094000 130 0 130 0
1415093700 130 0 130 0
1415093400 130 0 130 0
1415093100 130 0 130 0
1415092800 130 0 130 0
1415092500 130 0 130 0
1415092200 130 0 130 0
1415091900 130 0 130 0
1415091600 130 0 130 0
1415091300 130 0 130 0
1415091000 130 0 130 0
1415090700 130 0 130 0
1415090400 130 0 130 0
1415090100 130 0 130 0
1415089800 130 0 130 0
1415089500 130 0 130 0
1415089200 130 0 130 0
1415088900 130 0 130 0
1415088600 130 0 130 0
1415088300 130 0 130 0
1415088000 130 0 130 0
1415087700 130 0 130 0
1415087400 130 0 130 0
1415087100 130 0 130 0
1415086800 130 0 130 0
1415086500 130 0 130 0
1415086200 130 0 130 0
1415085900 130 0 130 0
1415085600 130 0 130 0
1415085300 130 0 130 0
1415085000 130 0 130 0
1415084700 130 0 130 0
1415084400 130 0 130 0
1415084100 130 0 130 0
1415083800 130 0 130 0
1415082600 130 0 130 0
1415080800 130 0 130 0
1415079000 130 0 130 0
1415077200 130 0 130 0
1415075400 130 0 130 0
1415073600 130 0 130 0
1415071800 130 0 130 0
1415070000 130 0 130 0
1415068200 130 0 130 0
1415066400 130 0 130 0
1415064600 130 0 130 0
1415062800 130 0 130 0
1415061000 130 0 130 0
1415059200 130 0 130 0
1415057400 130 0 130 0
1415055600 130 0 130 0
1415053800 130 0 130 0
1415052000 130 0 130 0
1415050200 130 0 130 0
1415048400 130 0 130 0
1415046600 130 0 130 0
1415044800 130 0 130 0
1415043000 130 0 130 0
1415041200 130 0 130 0
1415039400 130 0 130 0
1415037600 130 0 130 0
1415035800 130 0 130 0
1415034000 130 0 130 0
1415032200 130 0 130 0
1415030400 130 0 130 0
1415028600 130 0 130 0
1415026800 130 0 130 0
1415025000 130 0 130 0
1415023200 130 0 130 0
1415021400 130 0 130 0
1415019600 130 0 130 0
1415017800 130 0 130 0
1415016000 130 0 130 0
1415014200 130 0 130 0
1415012400 130 0 130 0
1415010600 130 0 130 0
1415008800 130 0 130 0
1415007000 130 0 130 0
1415005200 130 0 130 0
1415003400 130 0 130 0
1415001600 130 0 130 0
1414999800 130 0 130 0
1414998000 130 0 130 0
1414996200 130 0 130 0
1414994400 130 0 130 0
1414992600 130 0 130 0
1414990800 130 0 130 0
1414989000 130 0 130 0
1414987200 130 0 130 0
1414985400 130 0 130 0
1414983600 130 0 130 0
1414981800 130 0 130 0
1414980000 130 0 130 0
1414978200 130 0 130 0
1414976400 130 0 130 0
1414974600 130 0 130 0
1414972800 130 0 130 0
1414971000 130 0 130 0
1414969200 130 0 130 0
1414967400 130 0 130 0
1414965600 130 0 130 0
1414963800 130 0 130 0
1414962000 130 0 130 0
1414960200 130 0 130 0
1414958400 130 0 130 0
1414956600 130 0 130 0
1414954800 130 0 130 0
1414953000 130 0 130 0
1414951200 130 0 130 0
1414949400 130 0 130 0
1414947600 130 0 130 0
1414945800 130 0 130 0
1414944000 130 0 130 0
1414942200 130 0 130 0
1414940400 130 0 130 0
1414938600 130 0 130 0
1414936800 130 0 130 0
1414935000 130 0 130 0
1414933200 130 0 130 0
1414931400 130 0 130 0
1414929600 130 0 130 0
1414927800 130 0 130 0
1414926000 130 0 130 0
1414924200 130 0 130 0
1414922400 130 0 130 0
1414920600 130 0 130 0
1414918800 130 0 130 0
1414917000 130 0 130 0
1414915200 130 0 130 0
1414913400 130 0 130 0
1414911600 130 0 130 0
1414909800 130 0 130 0
1414908000 130 0 130 0
1414906200 130 0 130 0
1414904400 130 0 130 0
1414902600 130 0 130 0
1414900800 130 0 130 0
1414899000 130 0 130 0
1414897200 130 0 130 0
1414895400 130 0 130 0
1414893600 130 0 130 0
1414891800 130 0 130 0
1414890000 130 0 130 0
1414888200 130 0 130 0
1414886400 130 0 130 0
1414884600 130 0 130 0
1414882800 130 0 130 0
1414881000 130 0 130 0
1414879200 130 0 130 0
1414877400 130 0 130 0
1414875600 130 0 130 0
1414873800 130 0 130 0
1414872000 130 0 130 0
1414870200 130 0 130 0
1414868400 130 0 130 0
1414866600 130 0 130 0
1414864800 130 0 130 0
1414863000 130 0 130 0
1414861200 130 0 130 0
1414859400 130 0 130 0
1414857600 130 0 130 0
1414855800 130 0 130 0
1414854000 130 0 130 0
1414852200 130 0 130 0
1414850400 130 0 130 0
1414848600 130 0 130 0
1414846800 130 0 130 0
1414845000 130 0 130 0
1414843200 130 0 130 0
1414841400 130 0 130 0
1414839600 130 0 130 0
1414837800 130 0 130 0
1414836000 130 0 130 0
1414834200 130 0 130 0
1414832400 130 0 130 0
1414830600 130 0 130 0
1414828800 130 0 130 0
1414827000 130 0 130 0
1414825200 130 0 130 0
1414823400 130 0 130 0
1414821600 130 0 130 0
1414819800 130 0 130 0
1414818000 130 0 130 0
1414816200 130 0 130 0
1414814400 130 0 130 0
1414812600 130 0 130 0
1414810800 130 0 130 0
1414809000 130 0 130 0
1414807200 130 0 130 0
1414805400 130 0 130 0
1414803600 130 0 130 0
1414801800 130 0 130 0
1414800000 130 0 130 0
1414798200 130 0 130 0
1414796400 130 0 130 0
1414794600 130 0 130 0
1414792800 130 0 130 0
1414791000 130 0 130 0
1414789200 130 0 130 0
1414787400 130 0 130 0
1414785600 130 0 130 0
1414783800 130 0 130 0
1414782000 130 0 130 0
1414780200 130 0 130 0
1414778400 130 0 130 0
1414776600 130 0 130 0
1414774800 130 0 130 0
1414773000 130 0 130 0
1414771200 130 0 130 0
1414769400 130 0 130 0
1414767600 130 0 130 0
1414765800 130 0 130 0
1414764000 130 0 130 0
1414762200 130 0 130 0
1414760400 130 0 130 0
1414758600 130 0 130 0
1414756800 130 0 130 0
1414755000 130 0 130 0
1414753200 130 0 130 0
1414751400 130 0 130 0
1414749600 130 0 130 0
1414747800 130 0 130 0
1414746000 130 0 130 0
1414744200 130 0 130 0
1414742400 130 0 130 0
1414740600 130 0 130 0
1414738800 130 0 130 0
1414737000 130 0 130 0
1414735200 130 0 130 0
1414733400 130 0 130 0
1414731600 130 0 130 0
1414729800 130 0 130 0
1414728000 130 0 130 0
1414726200 130 0 130 0
1414724400 130 0 130 0
1414722600 130 0 130 0
1414720800 130 0 130 0
1414719000 130 0 130 0
1414717200 130 0 130 0
1414715400 130 0 130 0
1414713600 130 0 130 0
1414711800 130 0 130 0
1414710000 130 0 130 0
1414708200 130 0 130 0
1414706400 130 0 130 0
1414704600 130 0 130 0
1414702800 130 0 130 0
1414701000 130 0 130 0
1414699200 130 0 130 0
1414697400 130 0 130 0
1414695600 130 0 130 0
1414693800 130 0 130 0
1414692000 130 0 130 0
1414690200 130 0 130 0
1414688400 130 0 130 0
1414686600 130 0 130 0
1414684800 130 0 130 0
1414683000 130 0 130 0
1414681200 130 0 130 0
1414679400 130 0 130 0
1414677600 130 0 130 0
1414675800 130 0 130 0
1414674000 130 0 130 0
1414672200 130 0 130 0
1414670400 130 0 130 0
1414668600 130 0 130 0
1414666800 130 0 130 0
1414665000 130 0 130 0
1414663200 130 0 130 0
1414661400 130 0 130 0
1414659600 130 0 130 0
1414657800 130 0 130 0
1414656000 130 0 130 0
1414654200 130 0 130 0
1414652400 130 0 130 0
1414650600 130 0 130 0
1414648800 130 0 130 0
1414647000 130 0 130 0
1414645200 130 0 130 0
1414643400 130 0 130 0
1414641600 130 0 130 0
1414639800 130 0 130 0
1414638000 130 0 130 0
1414636200 130 0 130 0
1414634400 130 0 130 0
1414632600 130 0 130 0
1414630800 130 0 130 0
1414629000 130 0 130 0
1414627200 130 0 130 0
1414625400 130 0 130 0
1414623600 130 0 130 0
1414621800 130 0 130 0
1414620000 130 0 130 0
1414618200 130 0 130 0
1414616400 130 0 130 0
1414614600 130 0 130 0
1414612800 130 0 130 0
1414611000 130 0 130 0
1414609200 130 0 130 0
1414607400 130 0 130 0
1414605600 130 0 130 0
1414603800 130 0 130 0
1414602000 130 0 130 0
1414600200 130 0 130 0
1414598400 130 0 130 0
1414596600 130 0 130 0
1414594800 130 0 130 0
1414593000 130 0 130 0
1414591200 130 0 130 0
1414589400 130 0 130 0
1414587600 130 0 130 0
1414585800 130 0 130 0
1414584000 130 0 130 0
1414582200 130 0 130 0
1414580400 130 0 130 0
1414578600 130 0 130 0
1414576800 130 0 130 0
1414575000 130 0 130 0
1414573200 130 0 130 0
1414571400 130 0 130 0
1414569600 130 0 130 0
1414567800 130 0 130 0
1414566000 130 0 130 0
1414564200 130 0 130 0
1414562400 130 0 130 0
1414560600 130 0 130 0
1414558800 130 0 130 0
1414557000 130 0 130 0
1414555200 130 0 130 0
1414553400 130 0 130 0
1414551600 130 0 130 0
1414549800 130 0 130 0
1414548000 130 0 130 0
1414546200 130 0 130 0
1414544400 130 0 130 0
1414542600 130 0 130 0
1414540800 130 0 130 0
1414539000 130 0 130 0
1414537200 130 0 130 0
1414535400 130 0 130 0
1414533600 130 0 130 0
1414531800 130 0 130 0
1414530000 130 0 130 0
1414528200 130 0 130 0
1414526400 130 0 130 0
1414524600 130 0 130 0
1414522800 130 0 130 0
1414521000 130 0 130 0
1414519200 130 0 130 0
1414517400 130 0 130 0
1414515600 130 0 130 0
1414513800 130 0 130 0
1414512000 130 0 130 0
1414510200 130 0 130 0
1414508400 130 0 130 0
1414506600 130 0 130 0
1414504800 130 0 130 0
1414503000 130 0 130 0
1414501200 130 0 130 0
1414499400 130 0 130 0
1414497600 130 0 130 0
1414495800 130 0 130 0
1414494000 130 0 130 0
1414492200 130 0 130 0
1414490400 130 0 130 0
1414488600 130 0 130 0
1414486800 130 0 130 0
1414485000 130 0 130 0
1414483200 130 0 130 0
1414481400 130 0 130 0
1414479600 130 0 130 0
1414477800 130 0 130 0
1414476000 130 0 130 0
1414474200 130 0 130 0
1414472400 130 0 130 0
1414470600 130 0 130 0
1414468800 130 0 130 0
1414467000 130 0 130 0
1414465200 130 0 130 0
1414463400 130 0 130 0
1414461600 130 0 130 0
1414459800 130 0 130 0
1414458000 130 0 130 0
1414456200 130 0 130 0
1414454400 130 0 130 0
1414452600 130 0 130 0
1414450800 130 0 130 0
1414449000 130 0 130 0
1414447200 130 0 130 0
1414445400 129 0 130 0
1414443600 129 0 130 0
1414441800 130 0 130 0
1414440000 130 0 130 0
1414438200 130 0 130 0
1414436400 130 0 130 0
1414434600 130 0 130 0
1414432800 130 0 133 0
1414431000 133 0 136 0
1414429200 136 0 138 0
1414427400 138 0 139 0
1414425600 138 0 139 0
1414423800 138 0 139 0
1414422000 138 0 139 0
1414420200 138 0 144 0
1414418400 144 0 145 0
1414416600 144 0 145 0
1414414800 138 0 138 0
1414413000 138 0 142 0
1414411200 141 0 142 0
1414409400 140 0 141 0
1414407600 138 0 142 0
1414405800 142 0 143 0
1414404000 142 0 143 0
1414402200 142 0 144 0
1414400400 143 0 144 0
1414398600 142 0 143 0
1414396800 137 0 137 0
1414395000 137 0 138 0
1414393200 138 0 138 0
1414391400 138 0 141 0
1414389600 140 0 141 0
1414387800 139 0 140 0
1414386000 138 0 139 0
1414384200 135 0 136 0
1414382400 134 0 135 0
1414380600 134 0 135 0
1414378800 133 0 134 0
1414377000 134 0 135 0
1414375200 135 0 135 0
1414373400 134 0 135 0
1414371600 133 0 134 0
1414369800 132 0 133 0
1414368000 132 0 132 0
1414366200 132 0 133 0
1414364400 132 0 133 0
1414362600 132 0 133 0
1414360800 133 0 133 0
1414359000 133 0 133 0
1414357200 133 0 133 0
1414355400 132 0 133 0
1414353600 132 0 133 0
1414351800 133 0 134 0
1414350000 134 0 134 0
1414348200 134 0 134 0
1414346400 134 0 134 0
1414344600 134 0 134 0
1414342800 134 0 137 0
1414341000 137 0 143 0
1414339200 142 0 143 0
1414337400 142 0 144 0
1414335600 143 0 144 0
1414333800 139 0 140 0
1414332000 139 0 142 0
1414330200 142 0 142 0
1414328400 142 0 145 0
1414326600 144 0 145 0
1414324800 144 0 144 0
1414323000 144 0 145 0
1414321200 145 0 147 0
1414319400 147 0 148 0
1414317600 148 0 149 0
1414315800 149 0 149 0
1414314000 149 0 151 0
1414312200 150 0 151 0
1414310400 149 0 150 0
1414308600 149 0 150 0
1414306800 111 0 145 0
1414305000 144 0 145 0
1414303200 142 0 142 0
1414301400 142 0 143 0
1414299600 143 0 145 0
1414297800 144 0 145 0
1414296000 143 0 143 0
1414294200 143 0 145 0
1414292400 144 0 145 0
1414290600 143 0 144 0
1414288800 142 0 143 0
1414287000 140 0 141 0
1414285200 138 0 138 0
1414283400 138 0 138 0
1414281600 137 0 138 0
1414279800 134 0 134 0
1414278000 133 0 134 0
1414276200 132 0 133 0
1414274400 133 0 133 0
1414272600 133 0 133 0
1414270800 133 0 133 0
1414269000 132 0 133 0
1414267200 132 0 133 0
1414265400 133 0 133 0
1414263600 133 0 134 0
1414261800 133 0 134 0
1414260000 133 0 135 0
1414258200 135 0 136 0
1414256400 136 0 136 0
1414254600 136 0 140 0
1414252800 139 0 140 0
1414251000 138 0 139 0
1414249200 137 0 138 0
1414247400 137 0 138 0
1414245600 136 0 139 0
1414243800 139 0 139 0
1414242000 139 0 140 0
1414240200 139 0 140 0
1414238400 139 0 139 0
1414236600 139 0 139 0
1414234800 139 0 139 0
1414233000 138 0 139 0
1414231200 136 0 139 0
1414229400 138 0 139 0
1414227600 136 0 136 0
1414225800 136 0 136 0
1414224000 136 0 136 0
1414222200 136 0 136 0
1414220400 136 0 136 0
1414218600 136 0 136 0
1414216800 135 0 136 0
1414215000 133 0 133 0
1414213200 133 0 133 0
1414211400 132 0 133 0
1414209600 132 0 134 0
1414207800 134 0 134 0
1414206000 134 0 134 0
1414204200 133 0 134 0
1414202400 129 0 130 0
1414200600 129 0 130 0
1414198800 129 0 130 0
1414197000 130 0 131 0
1414195200 130 0 131 0
1414193400 128 0 129 0
1414191600 129 0 129 0
1414189800 128 0 129 0
1414188000 127 0 127 0
1414186200 127 0 127 0
1414184400 127 0 127 0
1414182600 127 0 127 0
1414180800 127 0 132 0
1414179000 132 0 132 0
1414177200 132 0 132 0
1414175400 132 0 133 0
1414173600 132 0 133 0
1414171800 131 0 132 0
1414170000 130 0 131 0
1414168200 131 0 135 0
1414166400 135 0 137 0
1414164600 136 0 137 0
1414162800 131 0 132 0
1414161000 131 0 135 0
1414159200 135 0 135 0
1414157400 134 0 135 0
1414155600 133 0 134 0
1414153800 132 0 133 0
1414152000 131 0 131 0
1414150200 131 0 131 0
1414148400 131 0 132 0
1414146600 132 0 132 0
1414144800 132 0 135 0
1414143000 135 0 136 0
1414141200 136 0 136 0
1414139400 136 0 136 0
1414137600 135 0 136 0
1414135800 132 0 132 0
1414134000 131 0 132 0
1414132200 131 0 132 0
1414130400 132 0 132 0
1414128600 132 0 135 0
1414126800 134 0 135 0
1414125000 132 0 137 0
1414123200 137 0 137 0
1414121400 137 0 137 0
1414119600 136 0 137 0
1414117800 135 0 136 0
1414116000 129 0 130 0
1414114200 127 0 128 0
1414112400 126 0 126 0
1414110600 126 0 126 0
1414108800 126 0 130 0
1414107000 129 0 130 0
1414105200 127 0 128 0
1414103400 126 0 127 0
1414101600 127 0 127 0
1414099800 127 0 128 0
1414098000 128 0 128 0
1414096200 128 0 129 0
1414094400 128 0 129 0
1414092600 127 0 128 0
1414090800 127 0 129 0
1414089000 129 0 132 0
1414087200 132 0 136 0
1414085400 136 0 136 0
1414083600 136 0 142 0
1414081800 142 0 143 0
1414080000 142 0 143 0
1414078200 142 0 144 0
1414076400 143 0 144 0
1414074600 137 0 138 0
1414072800 138 0 138 0
1414071000 137 0 138 0
1414069200 134 0 135 0
1414067400 130 0 131 0
1414065600 129 0 130 0
1414063800 126 0 127 0
1414062000 124 0 129 0
1414060200 129 0 129 0
1414058400 129 0 131 0
1414056600 131 0 134 0
1414054800 133 0 134 0
1414053000 130 0 131 0
1414051200 130 0 130 0
1414049400 129 0 130 0
1414047600 129 0 130 0
1414045800 130 0 130 0
1414044000 130 0 130 0
1414042200 130 0 131 0
1414040400 131 0 131 0
1414038600 131 0 131 0
1414036800 131 0 134 0
1414035000 133 0 134 0
1414033200 132 0 133 0
1414031400 131 0 132 0
1414029600 129 0 129 0
1414027800 128 0 129 0
1414026000 125 0 126 0
1414024200 126 0 129 0
1414022400 129 0 130 0
1414020600 129 0 130 0
1414018800 129 0 130 0
1414017000 130 0 130 0
1414015200 130 0 130 0
1414013400 129 0 130 0
1414011600 129 0 130 0
1414009800 130 0 130 0
1414008000 130 0 130 0
1414006200 129 0 130 0
1414004400 129 0 131 0
1414002600 131 0 131 0
1414000800 129 0 132 0
1413993600 132 0 135 0
1413986400 131 0 134 0
1413979200 129 0 131 0
1413972000 134 0 138 0
1413964800 136 0 137 0
1413957600 136 0 140 0
1413950400 138 0 140 0
1413943200 133 0 138 0
1413936000 131 0 135 0
1413928800 131 0 132 0
1413921600 131 0 131 0
1413914400 140 0 156 0
1413907200 150 0 156 0
1413900000 142 0 150 0
1413892800 133 0 139 0
1413885600 138 0 141 0
1413878400 131 0 134 0
1413871200 138 0 143 0
1413864000 143 0 145 0
1413856800 131 0 144 0
1413849600 130 0 131 0
1413842400 131 0 131 0
1413835200 131 0 132 0
1413828000 134 0 135 0
1413820800 133 0 135 0
1413813600 131 0 136 0
1413806400 136 0 140 0
1413799200 139 0 141 0
1413792000 132 0 137 0
1413784800 138 0 149 0
1413777600 136 0 139 0
1413770400 130 0 139 0
1413763200 131 0 132 0
1413756000 132 0 132 0
1413748800 132 0 132 0
1413741600 132 0 135 0
1413734400 140 0 147 0
1413727200 134 0 137 0
1413720000 132 0 135 0
1413712800 130 0 131 0
1413705600 129 0 131 0
1413698400 123 0 128 0
1413691200 122 0 125 0
1413684000 122 0 123 0
1413676800 123 0 125 0
1413669600 123 0 124 0
1413662400 124 0 125 0
1413655200 126 0 130 0
1413648000 130 0 132 0
1413640800 131 0 143 0
1413633600 127 0 129 0
1413626400 122 0 124 0
1413619200 122 0 124 0
1413612000 121 0 122 0
1413604800 121 0 123 0
1413597600 120 0 123 0
1413590400 124 0 127 0
1413583200 126 0 127 0
1413576000 127 0 127 0
1413568800 126 0 134 0
1413561600 130 0 134 0
1413554400 126 0 130 0
1413547200 120 0 128 0
1413540000 128 0 130 0
1413532800 125 0 132 0
1413525600 130 0 133 0
1413518400 132 0 134 0
1413511200 121 0 133 0
1413504000 122 0 125 0
1413496800 122 0 124 0
1413489600 122 0 126 0
1413482400 129 0 136 0
1413475200 135 0 139 0
1413468000 127 0 131 0
1413460800 124 0 130 0
1413453600 125 0 130 0
1413446400 120 0 127 0
1413439200 127 0 131 0
1413432000 122 0 125 0
1413424800 116 0 130 0
1413417600 130 0 131 0
1413410400 130 0 130 0
1413403200 130 0 130 0
1413396000 130 0 131 0
1413388800 134 0 138 0
1413381600 128 0 134 0
1413374400 118 0 122 0
1413367200 123 0 126 0
1413360000 123 0 126 0
1413352800 122 0 124 0
1413345600 118 0 120 0
1413338400 112 0 117 0
1413331200 85 0 118 0
1413324000 118 0 118 0
1413316800 118 0 118 0
1413309600 117 0 120 0
1413302400 129 0 138 0
1413295200 135 0 140 0
1413288000 128 0 131 0
1413280800 117 0 120 0
1413273600 116 0 118 0
1413266400 122 0 126 0
1413259200 124 0 126 0
1413252000 123 0 124 0
1413244800 125 0 126 0
1413237600 122 0 125 0
1413230400 121 0 122 0
1413223200 124 0 129 0
1413216000 138 0 143 0
1413208800 136 0 142 0
1413201600 118 0 124 0
1413194400 117 0 120 0
1413187200 116 0 119 0
1413180000 114 0 121 0
1413172800 119 0 121 0
1413165600 112 0 119 0
1413158400 84 0 114 0
1413151200 113 0 113 0
1413144000 113 0 113 0
1413136800 118 0 125 0
1413129600 121 0 125 0
1413122400 117 0 121 0
1413115200 117 0 120 0
1413108000 112 0 115 0
1413100800 112 0 112 0
1413093600 112 0 116 0
1413086400 113 0 116 0
1413079200 113 0 114 0
1413072000 112 0 115 0
1413064800 112 0 112 0
1413057600 112 0 114 0
1413050400 113 0 117 0
1413043200 117 0 120 0
1413036000 116 0 119 0
1413028800 114 0 116 0
1413021600 115 0 119 0
1413014400 114 0 115 0
1413007200 114 0 116 0
1413000000 113 0 117 0
1412992800 112 0 117 0
1412985600 82 0 111 0
1412978400 111 0 111 0
1412971200 110 0 112 0
1412964000 112 0 117 0
1412956800 115 0 118 0
1412949600 113 0 115 0
1412942400 111 0 117 0
1412935200 119 0 124 0
1412928000 124 0 128 0
1412920800 126 0 127 0
1412913600 124 0 126 0
1412906400 119 0 123 0
1412899200 118 0 120 0
1412892000 119 0 120 0
1412884800 119 0 121 0
1412877600 120 0 124 0
1412870400 123 0 126 0
1412863200 125 0 129 0
1412856000 123 0 127 0
1412848800 122 0 126 0
1412841600 124 0 127 0
1412834400 120 0 123 0
1412827200 119 0 125 0
1412820000 114 0 118 0
1412812800 113 0 115 0
1412805600 114 0 115 0
1412798400 115 0 117 0
1412791200 118 0 121 0
1412784000 124 0 128 0
1412776800 130 0 135 0
1412769600 123 0 128 0
1412762400 125 0 130 0
1412755200 122 0 125 0
1412748000 119 0 122 0
1412740800 98 0 118 0
1412733600 114 0 118 0
1412726400 113 0 117 0
1412719200 112 0 114 0
1412712000 114 0 114 0
1412704800 114 0 118 0
1412697600 123 0 130 0
1412690400 127 0 130 0
1412683200 118 0 120 0
1412676000 120 0 121 0
1412668800 119 0 121 0
1412661600 120 0 121 0
1412654400 120 0 122 0
1412647200 115 0 119 0
1412640000 112 0 115 0
1412632800 113 0 113 0
1412625600 113 0 115 0
1412618400 115 0 120 0
1412611200 120 0 124 0
1412604000 124 0 128 0
1412596800 123 0 125 0
1412589600 124 0 128 0
1412582400 116 0 119 0
1412575200 115 0 116 0
1412568000 115 0 117 0
1412560800 110 0 113 0
1412553600 84 0 116 0
1412546400 115 0 115 0
1412539200 114 0 117 0
1412532000 117 0 119 0
1412524800 116 0 122 0
1412517600 119 0 122 0
1412510400 120 0 123 0
1412503200 117 0 121 0
1412496000 114 0 115 0
1412488800 114 0 115 0
1412481600 112 0 114 0
1412474400 109 0 112 0
1412467200 108 0 111 0
1412460000 108 0 109 0
1412452800 109 0 113 0
1412445600 110 0 113 0
1412438400 112 0 115 0
1412431200 113 0 115 0
1412424000 113 0 115 0
1412416800 113 0 115 0
1412409600 111 0 114 0
1412402400 110 0 112 0
1412395200 78 0 111 0
1412388000 0 0 0 0
1412380800 0 0 0 0
1412373600 0 0 0 0
1412366400 0 0 0 0
1412359200 0 0 0 0
1412352000 0 0 122 0
1412344800 122 0 124 0
1412337600 119 0 123 0
1412330400 118 0 120 0
1412323200 115 0 118 0
1412316000 113 0 115 0
1412308800 111 0 115 0
1412301600 109 0 111 0
1412294400 112 0 115 0
1412287200 114 0 116 0
1412280000 116 0 119 0
1412272800 118 0 120 0
1412265600 119 0 122 0
1412258400 118 0 119 0
1412251200 114 0 118 0
1412244000 116 0 118 0
1412236800 115 0 117 0
1412229600 112 0 115 0
1412222400 108 0 112 0
1412215200 107 0 108 0
1412208000 108 0 112 0
1412200800 110 0 112 0
1412193600 111 0 113 0
1412186400 112 0 117 0
1412179200 119 0 124 0
1412172000 120 0 122 0
1412164800 114 0 118 0
1412157600 118 0 119 0
1412150400 116 0 118 0
1412143200 114 0 117 0
1412136000 117 0 120 0
1412128800 113 0 116 0
1412121600 111 0 112 0
1412114400 111 0 112 0
1412107200 112 0 114 0
1412100000 114 0 119 0
1412092800 118 0 120 0
1412085600 115 0 119 0
1412078400 117 0 123 0
1412071200 119 0 122 0
1412064000 120 0 122 0
1412056800 119 0 122 0
1412049600 116 0 120 0
1412042400 113 0 116 0
1412035200 113 0 115 0
1412028000 113 0 114 0
1412020800 114 0 116 0
1412013600 116 0 119 0
1412006400 120 0 128 0
1411999200 122 0 128 0
1411992000 120 0 125 0
1411984800 123 0 126 0
1411977600 123 0 126 0
1411970400 120 0 124 0
1411963200 117 0 120 0
1411956000 115 0 119 0
1411948800 116 0 121 0
1411941600 120 0 124 0
1411934400 121 0 124 0
1411927200 122 0 127 0
1411920000 124 0 127 0
1411912800 124 0 127 0
1411905600 126 0 131 0
1411898400 121 0 124 0
1411891200 120 0 122 0
1411884000 122 0 124 0
1411876800 122 0 124 0
1411869600 117 0 122 0
1411862400 111 0 113 0
1411855200 113 0 113 0
1411848000 112 0 114 0
1411840800 115 0 119 0
1411833600 121 0 124 0
1411826400 121 0 123 0
1411819200 117 0 120 0
1411812000 119 0 123 0
1411804800 121 0 124 0
1411797600 119 0 121 0
1411790400 117 0 120 0
1411783200 113 0 116 0
1411776000 83 0 115 0
1411768800 115 0 115 0
1411761600 114 0 116 0
1411754400 115 0 116 0
1411747200 120 0 126 0
1411740000 121 0 124 0
1411732800 119 0 124 0
1411725600 121 0 123 0
1411718400 119 0 123 0
1411711200 120 0 123 0
1411704000 121 0 122 0
1411696800 116 0 121 0
1411689600 88 0 120 0
1411682400 119 0 121 0
1411675200 121 0 122 0
1411668000 122 0 127 0
1411660800 124 0 127 0
1411653600 118 0 124 0
1411646400 119 0 121 0
1411639200 118 0 121 0
1411632000 118 0 119 0
1411624800 121 0 129 0
1411617600 124 0 131 0
1411610400 124 0 129 0
1411603200 93 0 125 0
1411596000 124 0 125 0
1411588800 121 0 126 0
1411581600 125 0 137 0
1411574400 132 0 137 0
1411567200 127 0 132 0
1411560000 116 0 120 0
1411552800 119 0 122 0
1411545600 117 0 121 0
1411538400 117 0 121 0
1411531200 117 0 121 0
1411524000 115 0 121 0
1411516800 85 0 116 0
1411509600 115 0 117 0
1411502400 116 0 117 0
1411495200 117 0 120 0
1411488000 121 0 124 0
1411480800 118 0 123 0
1411473600 120 0 126 0
1411466400 124 0 125 0
1411459200 118 0 125 0
1411452000 118 0 121 0
1411444800 121 0 125 0
1411437600 117 0 125 0
1411430400 87 0 119 0
1411423200 117 0 119 0
1411416000 119 0 121 0
1411408800 123 0 129 0
1411401600 128 0 130 0
1411394400 121 0 124 0
1411387200 118 0 124 0
1411380000 120 0 124 0
1411372800 111 0 115 0
1411365600 113 0 119 0
1411358400 116 0 122 0
1411351200 98 0 114 0
1411344000 45 0 67 0
1411336800 0 0 0 0
1411329600 0 0 0 0
1411322400 0 0 0 0
1411315200 0 0 0 0
1411308000 58 0 119 0
1411300800 117 0 119 0
1411293600 116 0 119 0
1411286400 116 0 118 0
1411279200 112 0 113 0
1411272000 109 0 112 0
1411264800 108 0 110 0
1411257600 109 0 110 0
1411250400 109 0 110 0
1411243200 114 0 118 0
1411236000 117 0 122 0
1411228800 122 0 124 0
1411221600 120 0 125 0
1411214400 114 0 116 0
1411207200 113 0 115 0
1411200000 112 0 115 0
1411192800 112 0 113 0
1411185600 100 0 112 0
1411178400 55 0 75 0
1411171200 0 0 0 0
1411164000 0 0 0 0
1411156800 0 0 0 0
1411149600 0 0 0 0
1411142400 0 0 0 0
1411135200 54 0 108 0
1411128000 108 0 112 0
1411120800 111 0 112 0
1411113600 108 0 112 0
1411106400 110 0 113 0
1411099200 109 0 113 0
1411092000 95 0 110 0
1411084800 57 0 77 0
1411077600 54 0 110 0
1411070400 109 0 110 0
1411063200 111 0 117 0
1411056000 117 0 121 0
1411048800 112 0 116 0
1411041600 107 0 109 0
1411034400 108 0 113 0
1411027200 50 0 118 0
1411020000 112 0 117 0
1411012800 111 0 114 0
1411005600 108 0 111 0
1410998400 114 0 119 0
1410991200 115 0 117 0
1410984000 115 0 118 0
1410976800 122 0 134 0
1410969600 133 0 136 0
1410962400 123 0 133 0
1410955200 114 0 118 0
1410948000 118 0 122 0
1410940800 114 0 118 0
1410933600 113 0 120 0
1410926400 117 0 120 0
1410919200 110 0 114 0
1410912000 79 0 106 0
1410904800 106 0 107 0
1410897600 106 0 109 0
1410890400 115 0 124 0
1410883200 121 0 124 0
1410876000 117 0 119 0
1410868800 111 0 117 0
1410861600 116 0 117 0
1410854400 114 0 117 0
1410847200 113 0 115 0
1410840000 112 0 114 0
1410832800 111 0 114 0
1410825600 85 0 115 0
1410818400 113 0 114 0
1410811200 114 0 118 0
1410804000 119 0 122 0
1410796800 122 0 128 0
1410789600 119 0 122 0
1410782400 117 0 134 0
1410775200 132 0 134 0
1410768000 126 0 133 0
1410760800 126 0 130 0
1410753600 120 0 125 0
1410746400 110 0 115 0
1410739200 109 0 113 0
1410732000 111 0 113 0
1410724800 113 0 114 0
1410717600 117 0 126 0
1410710400 124 0 125 0
1410703200 121 0 124 0
1410696000 117 0 123 0
1410688800 116 0 119 0
1410681600 118 0 119 0
1410674400 114 0 118 0
1410667200 117 0 120 0
1410660000 110 0 114 0
1410652800 110 0 111 0
1410645600 110 0 111 0
1410638400 110 0 113 0
1410631200 116 0 122 0
1410624000 120 0 123 0
1410616800 115 0 118 0
1410609600 118 0 121 0
1410602400 114 0 119 0
1410595200 114 0 115 0
1410588000 114 0 123 0
1410580800 119 0 123 0
1410573600 115 0 119 0
1410566400 89 0 115 0
1410559200 113 0 114 0
1410552000 113 0 116 0
1410544800 117 0 123 0
1410537600 122 0 124 0
1410530400 117 0 123 0
1410523200 115 0 120 0
1410516000 117 0 119 0
1410508800 118 0 120 0
1410501600 115 0 118 0
1410494400 114 0 115 0
1410487200 109 0 113 0
1410480000 113 0 116 0
1410472800 115 0 116 0
1410465600 116 0 116 0
1410458400 116 0 119 0
1410451200 123 0 127 0
1410444000 123 0 127 0
1410436800 123 0 125 0
1410429600 122 0 123 0
1410422400 123 0 125 0
1410415200 121 0 125 0
1410408000 117 0 121 0
1410400800 109 0 116 0
1410393600 81 0 105 0
1410386400 103 0 106 0
1410379200 109 0 116 0
1410372000 115 0 116 0
1410364800 120 0 125 0
1410357600 123 0 129 0
1410350400 118 0 121 0
1410343200 116 0 119 0
1410336000 117 0 120 0
1410328800 117 0 119 0
1410321600 116 0 117 0
1410314400 110 0 113 0
1410307200 114 0 117 0
1410300000 114 0 115 0
1410292800 115 0 115 0
1410285600 115 0 118 0
1410278400 119 0 123 0
1410271200 120 0 124 0
1410264000 116 0 125 0
1410256800 123 0 133 0
1410249600 129 0 133 0
1410242400 129 0 132 0
1410235200 116 0 122 0
1410228000 108 0 115 0
1410220800 108 0 110 0
1410213600 109 0 110 0
1410206400 110 0 112 0
1410199200 116 0 121 0
1410192000 120 0 124 0
1410184800 96 0 121 0
1410177600 114 0 117 0
1410170400 113 0 115 0
1410163200 114 0 117 0
1410156000 113 0 115 0
1410148800 114 0 120 0
1410141600 116 0 120 0
1410134400 120 0 121 0
1410127200 120 0 121 0
1410120000 118 0 121 0
1410112800 118 0 121 0
1410105600 121 0 127 0
1410098400 123 0 127 0
1410091200 121 0 125 0
1410084000 117 0 121 0
1410076800 121 0 122 0
1410069600 122 0 124 0
1410062400 121 0 124 0
1410055200 123 0 130 0
1410048000 124 0 125 0
1410040800 122 0 124 0
1410033600 127 0 131 0
1410026400 125 0 130 0
1410019200 118 0 121 0
1410012000 127 0 131 0
1410004800 127 0 130 0
1409997600 124 0 127 0
1409990400 123 0 124 0
1409983200 124 0 128 0
1409976000 121 0 125 0
1409968800 115 0 118 0
1409961600 86 0 117 0
1409954400 116 0 117 0
1409947200 116 0 120 0
1409940000 118 0 122 0
1409932800 118 0 126 0
1409925600 125 0 127 0
1409918400 125 0 130 0
1409911200 129 0 132 0
1409904000 128 0 130 0
1409896800 130 0 133 0
1409889600 129 0 131 0
1409882400 127 0 131 0
1409875200 93 0 126 0
1409868000 126 0 127 0
1409860800 128 0 134 0
1409853600 130 0 134 0
1409846400 128 0 131 0
1409839200 136 0 141 0
1409832000 137 0 141 0
1409824800 131 0 135 0
1409817600 131 0 135 0
1409810400 135 0 136 0
1409803200 129 0 133 0
1409796000 122 0 126 0
1409788800 124 0 125 0
1409781600 124 0 126 0
1409774400 125 0 133 0
1409767200 133 0 138 0
1409760000 141 0 143 0
1409752800 138 0 143 0
1409745600 131 0 135 0
1409738400 129 0 133 0
1409731200 131 0 135 0
1409724000 131 0 135 0
1409716800 131 0 134 0
1409709600 124 0 131 0
1409702400 118 0 122 0
1409695200 121 0 122 0
1409688000 124 0 127 0
1409680800 125 0 134 0
1409616000 121 0 143 0
1409529600 124 0 138 0
1409443200 117 0 133 0
1409356800 118 0 133 0
1409270400 119 0 130 0
1409184000 120 0 139 0
1409097600 127 0 157 0
1409011200 134 0 156 0
1408924800 131 0 156 0
1408838400 123 0 138 0
1408752000 118 0 125 0
1408665600 120 0 131 0
1408579200 117 0 133 0
1408492800 119 0 142 0
1408406400 119 0 130 0
1408320000 117 0 130 0
1408233600 119 0 129 0
1408147200 120 0 130 0
1408060800 122 0 132 0
1407974400 112 0 137 0
1407888000 93 0 124 0
1407801600 116 0 131 0
1407715200 111 0 126 0
1407628800 119 0 130 0
1407542400 114 0 136 0
1407456000 111 0 129 0
1407369600 100 0 123 0
1407283200 111 0 121 0
1407196800 113 0 121 0
1407110400 107 0 116 0
1407024000 115 0 119 0
1406937600 112 0 121 0
1406851200 110 0 123 0
1406764800 110 0 132 0
1406678400 77 0 121 0
1406592000 118 0 133 0
1406505600 111 0 132 0
1406419200 92 0 135 0
1406332800 111 0 138 0
1406246400 119 0 128 0
1406160000 116 0 131 0
1406073600 113 0 128 0
1405987200 117 0 132 0
1405900800 116 0 124 0
1405814400 116 0 127 0
1405728000 115 0 128 0
1405641600 114 0 123 0
1405555200 115 0 140 0
1405468800 106 0 118 0
1405382400 116 0 131 0
1405296000 92 0 122 0
1405209600 101 0 123 0
1405123200 121 0 138 0
1405036800 98 0 119 0
1404950400 104 0 118 0
1404864000 108 0 113 0
1404777600 101 0 114 0
1404691200 99 0 116 0
1404604800 106 0 118 0
1404518400 107 0 119 0
1404432000 84 0 102 0
1404345600 100 0 105 0
1404259200 100 0 104 0
1404172800 103 0 112 0
1404086400 103 0 109 0
1404000000 107 0 114 0
1403913600 109 0 122 0
1403827200 108 0 121 0
1403740800 100 0 118 0
1403654400 104 0 111 0
1403568000 105 0 115 0
1403481600 103 0 109 0
1403395200 106 0 113 0
1403308800 107 0 119 0
1403222400 98 0 111 0
1403136000 97 0 107 0
1403049600 81 0 107 0
1402963200 99 0 107 0
1402876800 103 0 113 0
1402790400 103 0 111 0
1402704000 103 0 117 0
1402617600 102 0 108 0
1402531200 98 0 114 0
1402444800 102 0 111 0
1402358400 99 0 111 0
1402272000 105 0 119 0
1402185600 102 0 118 0
1402099200 98 0 110 0
1402012800 105 0 122 0
1401926400 103 0 122 0
1401840000 101 0 109 0
1401753600 95 0 109 0
1401667200 100 0 109 0
1401580800 98 0 103 0
1401494400 97 0 100 0
1401408000 86 0 103 0
1401321600 89 0 104 0
1401235200 96 0 105 0
1401148800 99 0 107 0
1401062400 100 0 111 0
1400976000 100 0 111 0
1400889600 101 0 110 0
1400803200 99 0 112 0
1400716800 105 0 112 0
1400630400 107 0 113 0
1400544000 91 0 110 0
1400457600 101 0 108 0
1400371200 101 0 107 0
1400284800 95 0 105 0
1400198400 94 0 101 0
1400112000 88 0 101 0
1400025600 93 0 105 0
1399939200 93 0 99 0
1399852800 90 0 100 0
1399766400 93 0 101 0
1399680000 92 0 99 0
1399593600 95 0 102 0
1399507200 89 0 105 0
1399420800 96 0 103 0
1399334400 91 0 103 0
1399248000 95 0 105 0
1399161600 92 0 101 0
1399075200 93 0 101 0
1398988800 91 0 104 0
1398902400 88 0 113 0
1398816000 104 0 114 0
1398729600 93 0 102 0
1398643200 69 0 106 0
1398556800 92 0 105 0
1398470400 96 0 109 0
1398384000 53 0 104 0
1398297600 84 0 115 0
1398211200 100 0 111 0
1398124800 99 0 110 0
1398038400 92 0 106 0
1397952000 94 0 105 0
1397865600 99 0 106 0
1397779200 101 0 118 0
1397692800 98 0 108 0
1397606400 108 0 120 0
1397520000 112 0 126 0
1397433600 116 0 128 0
1397347200 114 0 130 0
1397260800 113 0 140 0
1397174400 117 0 131 0
1397088000 115 0 134 0
1397001600 102 0 127 0
1396915200 112 0 128 0
1396828800 105 0 119 0
1396742400 106 0 121 0
1396656000 107 0 118 0
1396569600 112 0 121 0
1396483200 105 0 117 0
1396396800 105 0 119 0
1396310400 115 0 132 0
1396224000 107 0 120 0
1396137600 105 0 130 0
1396051200 118 0 135 0
1395964800 113 0 134 0
1395878400 91 0 106 0
1395792000 85 0 100 0
1395705600 88 0 96 0
1395619200 87 0 95 0
1395532800 91 0 98 0
1395446400 93 0 102 0
1395360000 95 0 107 0
1395273600 108 0 123 0
1395187200 101 0 116 0
1395100800 108 0 123 0
1395014400 105 0 126 0
1394928000 94 0 109 0
1394841600 91 0 99 0
1394755200 101 0 118 0
1394668800 94 0 107 0
1394582400 85 0 100 0
1394496000 83 0 100 0
1394409600 79 0 88 0
1394323200 78 0 87 0
1394236800 81 0 93 0
1394150400 83 0 93 0
1394064000 90 0 98 0
1393977600 87 0 101 0
1393891200 81 0 104 0
1393804800 99 0 121 0
1393718400 99 0 116 0
1393632000 95 0 111 0
1393545600 93 0 110 0
1393459200 91 0 111 0
1393372800 75 0 92 0
1393286400 70 0 96 0
1393200000 0 0 0 0
1393113600 30 0 103 0
1393027200 93 0 105 0
1392940800 96 0 110 0
1392854400 94 0 109 0
1392768000 97 0 114 0
1392681600 95 0 110 0
1392595200 82 0 97 0
1392508800 83 0 103 0
1392422400 80 0 91 0
1392336000 81 0 97 0
1392249600 82 0 89 0
1392163200 84 0 93 0
1392076800 84 0 93 0
1391990400 85 0 94 0
1391904000 84 0 94 0
1391817600 81 0 89 0
1391731200 71 0 81 0
1391644800 65 0 85 0
1391558400 69 0 81 0
1391472000 73 0 87 0
1391385600 74 0 84 0
1391299200 76 0 86 0
1391212800 74 0 81 0
1391126400 73 0 83 0
1391040000 81 0 92 0
1390953600 93 0 111 0
1390867200 92 0 101 0
1390780800 68 0 95 0
1390694400 0 0 0 0
1390608000 0 0 0 0
1390521600 0 0 0 0
1390435200 0 0 87 0
1390348800 84 0 99 0
1390262400 90 0 113 0
1390176000 110 0 125 0
1390089600 116 0 127 0
1390003200 115 0 135 0
1389916800 112 0 129 0
1389830400 110 0 122 0
1389744000 117 0 144 0
1389657600 112 0 129 0
1389571200 95 0 116 0
1389484800 102 0 128 0
1389398400 109 0 130 0
1389312000 117 0 131 0
1389225600 102 0 119 0
1389139200 101 0 114 0
1389052800 94 0 107 0
1388966400 99 0 118 0
1388880000 105 0 119 0
1388793600 106 0 120 0
1388707200 113 0 138 0
1388620800 121 0 143 0
1388534400 118 0 129 0
1388448000 109 0 125 0
1388361600 112 0 131 0
1388275200 114 0 133 0
1388188800 60 0 134 0
1388102400 0 0 0 0
1388016000 0 0 0 0
1387929600 0 0 0 0
1387843200 0 0 0 0
1387756800 0 0 0 0
1387670400 0 0 0 0
1387584000 0 0 0 0
1387497600 0 0 0 0
1387411200 0 0 0 0
1387324800 0 0 0 0
1387238400 0 0 0 0
1387152000 0 0 0 0
1387065600 0 0 0 0
1386979200 0 0 0 0
1386892800 0 0 0 0
1386806400 0 0 0 0
1386720000 0 0 0 0
1386633600 0 0 0 0
1386547200 0 0 0 0
1386460800 0 0 0 0
1386374400 0 0 0 0
1386288000 0 0 0 0
1386201600 0 0 0 0
1386115200 0 0 0 0
1386028800 0 0 0 0
1385942400 0 0 0 0
1385856000 0 0 0 0
1385769600 0 0 0 0
1385683200 0 0 0 0
1385596800 0 0 0 0
1385510400 0 0 0 0
1385424000 0 0 0 0
1385337600 0 0 0 0
1385251200 0 0 0 0
1385164800 0 0 0 0
1385078400 0 0 0 0
1384992000 0 0 0 0
1384905600 0 0 0 0
1384819200 0 0 0 0
1384732800 0 0 0 0
1384646400 0 0 0 0
1384560000 0 0 0 0
1384473600 0 0 0 0
1384387200 0 0 0 0
1384300800 0 0 0 0
1384214400 0 0 0 0
1384128000 0 0 0 0
1384041600 0 0 0 0
1383955200 0 0 0 0
1383868800 0 0 0 0
1383782400 0 0 0 0
1383696000 0 0 0 0
1383609600 0 0 0 0
1383523200 0 0 0 0
1383436800 0 0 0 0
1383350400 0 0 0 0
1383264000 0 0 0 0
1383177600 0 0 0 0
1383091200 0 0 0 0
1383004800 0 0 0 0
1382918400 0 0 0 0
1382832000 0 0 0 0
1382745600 0 0 0 0
1382659200 0 0 0 0
1382572800 0 0 0 0
1382486400 0 0 0 0
1382400000 0 0 0 0
1382313600 0 0 0 0
1382227200 0 0 0 0
1382140800 0 0 0 0
1382054400 0 0 0 0
1381968000 0 0 0 0
1381881600 0 0 0 0
1381795200 0 0 0 0
1381708800 0 0 0 0
1381622400 0 0 0 0
1381536000 0 0 0 0
1381449600 0 0 0 0
1381363200 0 0 0 0
1381276800 0 0 0 0
1381190400 0 0 0 0
1381104000 0 0 0 0
1381017600 0 0 0 0
1380931200 0 0 0 0
1380844800 0 0 0 0
1380758400 0 0 0 0
1380672000 0 0 0 0
1380585600 0 0 0 0
1380499200 0 0 0 0
1380412800 0 0 0 0
1380326400 0 0 0 0
1380240000 0 0 0 0
1380153600 0 0 0 0
1380067200 0 0 0 0
1379980800 0 0 0 0
1379894400 0 0 0 0
1379808000 0 0 0 0
1379721600 0 0 0 0
1379635200 0 0 0 0
1379548800 0 0 0 0
1379462400 0 0 0 0
1379376000 0 0 0 0
1379289600 0 0 0 0
1379203200 0 0 0 0
1379116800 0 0 0 0
1379030400 0 0 0 0
1378944000 0 0 0 0
1378857600 0 0 0 0
1378771200 0 0 0 0
1378684800 0 0 0 0
1378598400 0 0 0 0
1378512000 0 0 0 0
1378425600 0 0 0 0
1378339200 0 0 0 0
1378252800 0 0 0 0
1378166400 0 0 0 0
1378080000 0 0 0 0
1377993600 0 0 0 0
1377907200 0 0 0 0
1377820800 0 0 0 0
1377734400 0 0 0 0
1377648000 0 0 0 0
1377561600 0 0 0 0
1377475200 0 0 0 0
1377388800 0 0 0 0
1377302400 0 0 0 0
1377216000 0 0 0 0
1377129600 0 0 0 0
1377043200 0 0 0 0
1376956800 0 0 0 0
1376870400 0 0 0 0
1376784000 0 0 0 0
1376697600 0 0 0 0
1376611200 0 0 0 0
1376524800 0 0 0 0
1376438400 0 0 0 0
1376352000 0 0 0 0
1376265600 0 0 0 0
1376179200 0 0 0 0
1376092800 0 0 0 0
1376006400 0 0 0 0
1375920000 0 0 0 0
1375833600 0 0 0 0
1375747200 0 0 0 0
1375660800 0 0 0 0
1375574400 0 0 0 0
1375488000 0 0 0 0
1375401600 0 0 0 0
1375315200 0 0 0 0
1375228800 0 0 0 0
1375142400 0 0 0 0
1375056000 0 0 0 0
1374969600 0 0 0 0
1374883200 0 0 0 0
1374796800 0 0 0 0
1374710400 0 0 0 0
1374624000 0 0 0 0
1374537600 0 0 0 0
1374451200 0 0 0 0
1374364800 0 0 0 0
1374278400 0 0 0 0
1374192000 0 0 0 0
1374105600 0 0 0 0
1374019200 0 0 0 0
1373932800 0 0 0 0
1373846400 0 0 0 0
1373760000 0 0 0 0
1373673600 0 0 0 0
1373587200 0 0 0 0
1373500800 0 0 0 0
1373414400 0 0 0 0
1373328000 0 0 0 0
1373241600 0 0 0 0
1373155200 0 0 0 0
1373068800 0 0 0 0
1372982400 0 0 0 0
1372896000 0 0 0 0
1372809600 0 0 0 0
1372723200 0 0 0 0
1372636800 0 0 0 0
1372550400 0 0 0 0
1372464000 0 0 0 0
1372377600 0 0 0 0
1372291200 0 0 0 0
1372204800 0 0 0 0
1372118400 0 0 0 0
1372032000 0 0 0 0
1371945600 0 0 0 0
1371859200 0 0 0 0
1371772800 0 0 0 0
1371686400 0 0 0 0
1371600000 0 0 0 0
1371513600 0 0 0 0
1371427200 0 0 0 0
1371340800 0 0 0 0
1371254400 0 0 0 0
1371168000 0 0 0 0
1371081600 0 0 0 0
1370995200 0 0 0 0
1370908800 0 0 0 0
1370822400 0 0 0 0
1370736000 0 0 0 0
1370649600 0 0 0 0
1370563200 0 0 0 0
1370476800 0 0 0 0
1370390400 0 0 0 0
1370304000 0 0 0 0
1370217600 0 0 0 0
1370131200 0 0 0 0
1370044800 0 0 0 0
1369958400 0 0 0 0
1369872000 0 0 0 0
1369785600 0 0 0 0
1369699200 0 0 0 0
1369612800 0 0 0 0
1369526400 0 0 0 0
1369440000 0 0 0 0
1369353600 0 0 0 0
1369267200 0 0 0 0
1369180800 0 0 0 0
1369094400 0 0 0 0
1369008000 0 0 0 0
1368921600 0 0 0 0
1368835200 0 0 0 0
1368748800 0 0 0 0
1368662400 0 0 0 0
1368576000 0 0 0 0
1368489600 0 0 0 0
1368403200 0 0 0 0
1368316800 0 0 0 0
1368230400 0 0 0 0
1368144000 0 0 0 0
1368057600 0 0 0 0
1367971200 0 0 0 0
1367884800 0 0 0 0
1367798400 0 0 0 0
1367712000 0 0 0 0
1367625600 0 0 0 0
1367539200 0 0 0 0
1367452800 0 0 0 0
1367366400 0 0 0 0
1367280000 0 0 0 0
1367193600 0 0 0 0
1367107200 0 0 0 0
1367020800 0 0 0 0
1366934400 0 0 0 0
1366848000 0 0 0 0
1366761600 0 0 0 0
1366675200 0 0 0 0
1366588800 0 0 0 0
1366502400 0 0 0 0
1366416000 0 0 0 0
1366329600 0 0 0 0
1366243200 0 0 0 0
1366156800 0 0 0 0
1366070400 0 0 0 0
1365984000 0 0 0 0
1365897600 0 0 0 0
1365811200 0 0 0 0
1365724800 0 0 0 0
1365638400 0 0 0 0
1365552000 0 0 0 0
1365465600 0 0 0 0
1365379200 0 0 0 0
1365292800 0 0 0 0
1365206400 0 0 0 0
1365120000 0 0 0 0
1365033600 0 0 0 0
1364947200 0 0 0 0
1364860800 0 0 0 0
1364774400 0 0 0 0
1364688000 0 0 0 0
1364601600 0 0 0 0
1364515200 0 0 0 0
1364428800 0 0 0 0
1364342400 0 0 0 0
1364256000 0 0 0 0
1364169600 0 0 0 0
1364083200 0 0 0 0
1363996800 0 0 0 0
1363910400 0 0 0 0
1363824000 0 0 0 0
1363737600 0 0 0 0
1363651200 0 0 0 0
1363564800 0 0 0 0
1363478400 0 0 0 0
1363392000 0 0 0 0
1363305600 0 0 0 0
1363219200 0 0 0 0
1363132800 0 0 0 0
1363046400 0 0 0 0
1362960000 0 0 0 0
1362873600 0 0 0 0
1362787200 0 0 0 0
1362700800 0 0 0 0
1362614400 0 0 0 0
1362528000 0 0 0 0
1362441600 0 0 0 0
1362355200 0 0 0 0
1362268800 0 0 0 0
1362182400 0 0 0 0
1362096000 0 0 0 0
1362009600 0 0 0 0
1361923200 0 0 0 0
1361836800 0 0 0 0
1361750400 0 0 0 0
1361664000 0 0 0 0
1361577600 0 0 0 0
1361491200 0 0 0 0
1361404800 0 0 0 0
1361318400 0 0 0 0
1361232000 0 0 0 0
1361145600 0 0 0 0
1361059200 0 0 0 0
1360972800 0 0 0 0
1360886400 0 0 0 0
1360800000 0 0 0 0
1360713600 0 0 0 0
1360627200 0 0 0 0
1360540800 0 0 0 0
1360454400 0 0 0 0
1360368000 0 0 0 0
1360281600 0 0 0 0
1360195200 0 0 0 0
1360108800 0 0 0 0
1360022400 0 0 0 0
1359936000 0 0 0 0
1359849600 0 0 0 0
1359763200 0 0 0 0
1359676800 0 0 0 0
1359590400 0 0 0 0
1359504000 0 0 0 0
1359417600 0 0 0 0
1359331200 0 0 0 0
1359244800 0 0 0 0
1359158400 0 0 0 0
1359072000 0 0 0 0
1358985600 0 0 0 0
1358899200 0 0 0 0
1358812800 0 0 0 0
1358726400 0 0 0 0
1358640000 0 0 0 0
1358553600 0 0 0 0
1358467200 0 0 0 0
1358380800 0 0 0 0
1358294400 0 0 0 0
1358208000 0 0 0 0
1358121600 0 0 0 0
1358035200 0 0 0 0
1357948800 0 0 0 0
1357862400 0 0 0 0
1357776000 0 0 0 0
1357689600 0 0 0 0
1357603200 0 0 0 0
1357516800 0 0 0 0
1357430400 0 0 0 0
1357344000 0 0 0 0
1357257600 0 0 0 0
1357171200 0 0 0 0
1357084800 0 0 0 0
1356998400 0 0 0 0
1356912000 0 0 0 0
1356825600 0 0 0 0
1356739200 0 0 0 0
1356652800 0 0 0 0
1356566400 0 0 0 0
1356480000 0 0 0 0
1356393600 0 0 0 0
1356307200 0 0 0 0
1356220800 0 0 0 0
1356134400 0 0 0 0
1356048000 0 0 0 0
1355961600 0 0 0 0
1355875200 0 0 0 0
1355788800 0 0 0 0
1355702400 0 0 0 0
1355616000 0 0 0 0
1355529600 0 0 0 0
1355443200 0 0 0 0
1355356800 0 0 0 0
1355270400 0 0 0 0
1355184000 0 0 0 0
1355097600 0 0 0 0
1355011200 0 0 0 0
1354924800 0 0 0 0
1354838400 0 0 0 0
1354752000 0 0 0 0
1354665600 0 0 0 0
1354579200 0 0 0 0
1354492800 0 0 0 0
1354406400 0 0 0 0
1354320000 0 0 0 0
1354233600 0 0 0 0
1354147200 0 0 0 0
1354060800 0 0 0 0
1353974400 0 0 0 0
1353888000 0 0 0 0
1353801600 0 0 0 0
1353715200 0 0 0 0
1353628800 0 0 0 0
1353542400 0 0 0 0
1353456000 0 0 0 0
1353369600 0 0 0 0
1353283200 0 0 0 0
1353196800 0 0 0 0
1353110400 0 0 0 0
1353024000 0 0 0 0
1352937600 0 0 0 0
1352851200 0 0 0 0
1352764800 0 0 0 0
1352678400 0 0 0 0
1352592000 0 0 0 0
1352505600 0 0 0 0
1352419200 0 0 0 0
1352332800 0 0 0 0
1352246400 0 0 0 0
1352160000 0 0 0 0
1352073600 0 0 0 0
1351987200 0 0 0 0
1351900800 0 0 0 0
1351814400 0 0 0 0
1351728000 0 0 0 0
1351641600 0 0 0 0
1351555200 0 0 0 0
1351468800 0 0 0 0
1351382400 0 0 0 0
1351296000 0 0 0 0
1351209600 0 0 0 0
1351123200 0 0 0 0
1351036800 0 0 0 0
1350950400 0 0 0 0
1350864000 0 0 0 0
1350777600 0 0 0 0
1350691200 0 0 0 0
1350604800 0 0 0 0
1350518400 0 0 0 0
1350432000 0 0 0 0
1350345600 0 0 0 0
1350259200 0 0 0 0
1350172800 0 0 0 0
1350086400 0 0 0 0
1350000000 0 0 0 0
1349913600 0 0 0 0
1349827200 0 0 0 0
1349740800 0 0 0 0
1349654400 0 0 0 0
1349568000 0 0 0 0
1349481600 0 0 0 0
1349395200 0 0 0 0
1349308800 0 0 0 0
1349222400 0 0 0 0
1349136000 0 0 0 0
1349049600 0 0 0 0
1348963200 0 0 0 0
1348876800 0 0 0 0
1348790400 0 0 0 0
1348704000 0 0 0 0
1348617600 0 0 0 0
1348531200 0 0 0 0
1348444800 0 0 0 0
1348358400 0 0 0 0
1348272000 0 0 0 0
1348185600 0 0 0 0
1348099200 0 0 0 0
1348012800 0 0 0 0
1347926400 0 0 0 0
1347840000 0 0 0 0
1347753600 0 0 0 0
1347667200 0 0 0 0
1347580800 0 0 0 0
1347494400 0 0 0 0
1347408000 0 0 0 0
1347321600 0 0 0 0
1347235200 0 0 0 0
1347148800 0 0 0 0
1347062400 0 0 0 0
1346976000 0 0 0 0
1346889600 0 0 0 0
1346803200 0 0 0 0
1346716800 0 0 0 0
1346630400 0 0 0 0
1346544000 0 0 0 0
1346457600 0 0 0 0
