1422762432 100 0
1422762432 178 0 178 0
1415263677 178 0 178 0
1415263500 178 0 178 0
1415263200 178 0 178 0
1415262900 178 0 181 0
1415262600 181 0 181 0
1415262300 181 0 181 0
1415262000 181 0 181 0
1415261700 181 0 181 0
1415261400 181 0 181 0
1415261100 180 0 181 0
1415260800 180 0 180 0
1415260500 180 0 180 0
1415260200 180 0 180 0
1415259900 180 0 180 0
1415259600 180 0 180 0
1415259300 180 0 180 0
1415259000 180 0 180 0
1415258700 180 0 180 0
1415258400 180 0 180 0
1415258100 180 0 180 0
1415257800 180 0 180 0
1415257500 180 0 180 0
1415257200 180 0 180 0
1415256900 180 0 180 0
1415256600 180 0 180 0
1415256300 180 0 180 0
1415256000 180 0 180 0
1415255700 180 0 180 0
1415255400 180 0 180 0
1415255100 180 0 180 0
1415254800 180 0 180 0
1415254500 180 0 180 0
1415254200 180 0 180 0
1415253900 180 0 180 0
1415253600 180 0 180 0
1415253300 180 0 180 0
1415253000 180 0 180 0
1415252700 180 0 180 0
1415252400 180 0 180 0
1415252100 180 0 180 0
1415251800 180 0 180 0
1415251500 180 0 180 0
1415251200 180 0 180 0
1415250900 180 0 180 0
1415250600 180 0 180 0
1415250300 180 0 180 0
1415250000 180 0 180 0
1415249700 180 0 180 0
1415249400 180 0 180 0
1415249100 180 0 180 0
1415248800 180 0 180 0
1415248500 180 0 180 0
1415248200 194 0 197 0
1415247900 197 0 197 0
1415247600 197 0 197 0
1415247300 197 0 197 0
1415247000 197 0 197 0
1415246700 197 0 197 0
1415246400 197 0 197 0
1415246100 197 0 197 0
1415245800 197 0 197 0
1415245500 197 0 197 0
1415245200 197 0 197 0
1415244900 197 0 197 0
1415244600 197 0 197 0
1415244300 197 0 197 0
1415244000 197 0 197 0
1415243700 197 0 197 0
1415243400 197 0 197 0
1415243100 197 0 197 0
1415242800 197 0 197 0
1415242500 197 0 197 0
1415242200 197 0 197 0
1415241900 197 0 197 0
1415241600 197 0 197 0
1415241300 197 0 197 0
1415241000 197 0 197 0
1415240700 197 0 197 0
1415240400 197 0 197 0
1415240100 197 0 197 0
1415239800 197 0 197 0
1415239500 197 0 197 0
1415239200 197 0 197 0
1415238900 197 0 197 0
1415238600 197 0 197 0
1415238300 197 0 197 0
1415238000 197 0 197 0
1415237700 197 0 197 0
1415237400 197 0 197 0
1415237100 197 0 197 0
1415236800 197 0 197 0
1415236500 197 0 197 0
1415236200 197 0 197 0
1415235900 197 0 197 0
1415235600 197 0 197 0
1415235300 197 0 197 0
1415235000 197 0 197 0
1415234700 197 0 197 0
1415234400 197 0 197 0
1415234100 197 0 197 0
1415233800 197 0 197 0
1415233500 197 0 197 0
1415233200 197 0 197 0
1415232900 197 0 197 0
1415232600 197 0 197 0
1415232300 197 0 197 0
1415232000 197 0 197 0
1415231700 197 0 197 0
1415231400 197 0 197 0
1415231100 197 0 197 0
1415230800 197 0 197 0
1415230500 197 0 197 0
1415230200 197 0 197 0
1415229900 197 0 197 0
1415229600 197 0 197 0
1415229300 197 0 197 0
1415229000 197 0 197 0
1415228700 197 0 197 0
1415228400 197 0 197 0
1415228100 197 0 197 0
1415227800 197 0 197 0
1415227500 197 0 197 0
1415227200 197 0 197 0
1415226900 197 0 197 0
1415226600 197 0 197 0
1415226300 197 0 197 0
1415226000 197 0 197 0
1415225700 197 0 197 0
1415225400 197 0 197 0
1415225100 197 0 197 0
1415224800 197 0 197 0
1415224500 197 0 197 0
1415224200 197 0 197 0
1415223900 197 0 197 0
1415223600 197 0 197 0
1415223300 197 0 197 0
1415223000 197 0 197 0
1415222700 197 0 197 0
1415222400 197 0 197 0
1415222100 197 0 197 0
1415221800 197 0 197 0
1415221500 197 0 197 0
1415221200 197 0 197 0
1415220900 197 0 197 0
1415220600 197 0 197 0
1415220300 197 0 197 0
1415220000 197 0 197 0
1415219700 197 0 197 0
1415219400 197 0 197 0
1415219100 197 0 197 0
1415218800 197 0 197 0
1415218500 197 0 197 0
1415218200 197 0 197 0
1415217900 197 0 197 0
1415217600 197 0 197 0
1415217300 197 0 197 0
1415217000 197 0 197 0
1415216700 197 0 197 0
1415216400 197 0 197 0
1415216100 197 0 197 0
1415215800 197 0 197 0
1415215500 197 0 197 0
1415215200 197 0 197 0
1415214900 197 0 197 0
1415214600 197 0 197 0
1415214300 197 0 197 0
1415214000 197 0 197 0
1415213700 197 0 197 0
1415213400 197 0 197 0
1415213100 197 0 197 0
1415212800 197 0 197 0
1415212500 197 0 197 0
1415212200 197 0 197 0
1415211900 197 0 197 0
1415211600 197 0 197 0
1415211300 197 0 197 0
1415211000 197 0 197 0
1415210700 197 0 197 0
1415210400 197 0 197 0
1415210100 197 0 197 0
1415209800 197 0 197 0
1415209500 197 0 197 0
1415209200 197 0 197 0
1415208900 197 0 197 0
1415208600 197 0 197 0
1415208300 197 0 197 0
1415208000 197 0 197 0
1415207700 197 0 197 0
1415207400 197 0 197 0
1415207100 197 0 197 0
1415206800 197 0 197 0
1415206500 197 0 197 0
1415206200 197 0 197 0
1415205900 197 0 197 0
1415205600 197 0 197 0
1415205300 197 0 197 0
1415205000 197 0 197 0
1415204700 197 0 197 0
1415204400 197 0 197 0
1415204100 197 0 197 0
1415203800 197 0 197 0
1415203500 197 0 197 0
1415203200 197 0 197 0
1415202900 197 0 197 0
1415202600 197 0 197 0
1415202300 197 0 197 0
1415202000 197 0 197 0
1415201700 197 0 197 0
1415201400 197 0 197 0
1415201100 197 0 197 0
1415200800 197 0 197 0
1415200500 197 0 197 0
1415200200 197 0 197 0
1415199900 197 0 197 0
1415199600 197 0 197 0
1415199300 197 0 197 0
1415199000 190 0 197 0
1415198700 188 0 188 0
1415198400 188 0 188 0
1415198100 188 0 188 0
1415197800 200 0 203 0
1415197500 203 0 203 0
1415197200 203 0 203 0
1415196900 203 0 203 0
1415196600 203 0 203 0
1415196300 203 0 203 0
1415196000 203 0 203 0
1415195700 200 0 203 0
1415195400 200 0 200 0
1415195100 200 0 200 0
1415194800 200 0 200 0
1415194500 200 0 200 0
1415194200 200 0 200 0
1415193900 199 0 200 0
1415193600 198 0 198 0
1415193300 198 0 198 0
1415193000 172 0 198 0
1415192700 172 0 172 0
1415192400 172 0 172 0
1415192100 172 0 172 0
1415191800 172 0 172 0
1415191500 172 0 172 0
1415191200 172 0 172 0
1415190900 172 0 172 0
1415190600 172 0 172 0
1415190300 172 0 172 0
1415190000 172 0 172 0
1415189700 172 0 172 0
1415189400 172 0 172 0
1415189100 172 0 172 0
1415188800 172 0 172 0
1415188500 172 0 172 0
1415188200 172 0 172 0
1415187900 172 0 172 0
1415187600 172 0 172 0
1415187300 172 0 172 0
1415187000 172 0 172 0
1415186700 172 0 172 0
1415186400 172 0 172 0
1415186100 172 0 172 0
1415185800 172 0 172 0
1415185500 172 0 172 0
1415185200 172 0 172 0
1415184900 172 0 172 0
1415184600 172 0 172 0
1415184300 172 0 172 0
1415184000 172 0 172 0
1415183700 172 0 172 0
1415183400 172 0 172 0
1415183100 172 0 172 0
1415182800 172 0 172 0
1415182500 172 0 172 0
1415182200 172 0 172 0
1415181900 172 0 172 0
1415181600 172 0 172 0
1415181300 172 0 172 0
1415181000 172 0 172 0
1415180700 172 0 172 0
1415180400 172 0 172 0
1415180100 172 0 172 0
1415179800 172 0 172 0
1415179500 172 0 172 0
1415179200 172 0 172 0
1415178900 172 0 172 0
1415178600 172 0 172 0
1415178300 172 0 172 0
1415178000 172 0 172 0
1415177700 172 0 172 0
1415177400 172 0 172 0
1415177100 172 0 172 0
1415176800 172 0 172 0
1415176500 172 0 172 0
1415176200 172 0 172 0
1415175900 172 0 172 0
1415175600 172 0 172 0
1415175300 172 0 172 0
1415175000 172 0 172 0
1415174700 172 0 172 0
1415174400 172 0 172 0
1415174100 172 0 172 0
1415173800 172 0 172 0
1415173500 172 0 172 0
1415173200 172 0 172 0
1415172900 172 0 172 0
1415172600 172 0 172 0
1415172300 172 0 172 0
1415172000 172 0 172 0
1415171700 172 0 172 0
1415171400 172 0 172 0
1415171100 172 0 172 0
1415170800 172 0 172 0
1415170500 172 0 172 0
1415170200 172 0 172 0
1415169900 172 0 172 0
1415169600 172 0 172 0
1415169300 172 0 172 0
1415169000 172 0 172 0
1415168700 172 0 172 0
1415168400 172 0 172 0
1415168100 172 0 172 0
1415167800 172 0 172 0
1415167500 172 0 172 0
1415167200 172 0 172 0
1415166900 172 0 172 0
1415166600 172 0 172 0
1415166300 172 0 172 0
1415166000 172 0 172 0
1415165700 172 0 172 0
1415165400 172 0 172 0
1415165100 172 0 172 0
1415164800 172 0 172 0
1415164500 172 0 172 0
1415164200 172 0 172 0
1415163900 172 0 172 0
1415163600 172 0 172 0
1415163300 172 0 172 0
1415163000 172 0 172 0
1415162700 172 0 172 0
1415162400 172 0 172 0
1415162100 172 0 172 0
1415161800 172 0 172 0
1415161500 172 0 172 0
1415161200 172 0 172 0
1415160900 172 0 172 0
1415160600 172 0 172 0
1415160300 172 0 172 0
1415160000 172 0 172 0
1415159700 172 0 172 0
1415159400 172 0 172 0
1415159100 172 0 172 0
1415158800 172 0 172 0
1415158500 172 0 172 0
1415158200 172 0 172 0
1415157900 172 0 172 0
1415157600 172 0 172 0
1415157300 172 0 172 0
1415157000 172 0 172 0
1415156700 172 0 172 0
1415156400 172 0 172 0
1415156100 172 0 172 0
1415155800 172 0 172 0
1415155500 172 0 172 0
1415155200 172 0 172 0
1415154900 172 0 172 0
1415154600 172 0 172 0
1415154300 172 0 172 0
1415154000 172 0 172 0
1415153700 172 0 172 0
1415153400 172 0 172 0
1415153100 172 0 172 0
1415152800 172 0 172 0
1415152500 172 0 172 0
1415152200 172 0 172 0
1415151900 172 0 172 0
1415151600 172 0 172 0
1415151300 172 0 172 0
1415151000 172 0 172 0
1415150700 172 0 172 0
1415150400 172 0 172 0
1415150100 172 0 172 0
1415149800 172 0 172 0
1415149500 172 0 172 0
1415149200 172 0 172 0
1415148900 172 0 172 0
1415148600 172 0 172 0
1415148300 172 0 172 0
1415148000 172 0 172 0
1415147700 172 0 172 0
1415147400 172 0 172 0
1415147100 172 0 172 0
1415146800 172 0 172 0
1415146500 172 0 172 0
1415146200 172 0 172 0
1415145900 172 0 172 0
1415145600 172 0 172 0
1415145300 172 0 172 0
1415145000 172 0 172 0
1415144700 172 0 172 0
1415144400 172 0 172 0
1415144100 172 0 172 0
1415143800 172 0 172 0
1415143500 172 0 172 0
1415143200 172 0 172 0
1415142900 172 0 172 0
1415142600 172 0 172 0
1415142300 172 0 172 0
1415142000 172 0 172 0
1415141700 172 0 172 0
1415141400 172 0 172 0
1415141100 172 0 172 0
1415140800 172 0 172 0
1415140500 172 0 172 0
1415140200 172 0 172 0
1415139900 172 0 172 0
1415139600 172 0 172 0
1415139300 172 0 172 0
1415139000 172 0 172 0
1415138700 172 0 172 0
1415138400 172 0 172 0
1415138100 172 0 172 0
1415137800 172 0 172 0
1415137500 172 0 172 0
1415137200 172 0 172 0
1415136900 172 0 172 0
1415136600 172 0 172 0
1415136300 172 0 172 0
1415136000 172 0 172 0
1415135700 172 0 172 0
1415135400 172 0 172 0
1415135100 172 0 172 0
1415134800 172 0 172 0
1415134500 172 0 172 0
1415134200 172 0 172 0
1415133900 172 0 172 0
1415133600 172 0 172 0
1415133300 172 0 172 0
1415133000 172 0 172 0
1415132700 172 0 172 0
1415132400 172 0 172 0
1415132100 172 0 172 0
1415131800 172 0 172 0
1415131500 172 0 172 0
1415131200 172 0 172 0
1415130900 172 0 172 0
1415130600 172 0 172 0
1415130300 172 0 172 0
1415130000 172 0 172 0
1415129700 172 0 172 0
1415129400 172 0 172 0
1415129100 172 0 172 0
1415128800 172 0 172 0
1415128500 172 0 172 0
1415128200 172 0 172 0
1415127900 172 0 172 0
1415127600 172 0 172 0
1415127300 172 0 172 0
1415127000 172 0 172 0
1415126700 172 0 172 0
1415126400 172 0 172 0
1415126100 172 0 172 0
1415125800 172 0 172 0
1415125500 172 0 172 0
1415125200 172 0 172 0
1415124900 172 0 172 0
1415124600 172 0 172 0
1415124300 172 0 172 0
1415124000 172 0 172 0
1415123700 172 0 172 0
1415123400 172 0 172 0
1415123100 172 0 172 0
1415122800 172 0 172 0
1415122500 172 0 172 0
1415122200 172 0 172 0
1415121900 172 0 172 0
1415121600 172 0 172 0
1415121300 172 0 172 0
1415121000 172 0 172 0
1415120700 172 0 172 0
1415120400 172 0 172 0
1415120100 172 0 172 0
1415119800 172 0 172 0
1415119500 172 0 172 0
1415119200 172 0 172 0
1415118900 172 0 172 0
1415118600 172 0 172 0
1415118300 172 0 172 0
1415118000 172 0 172 0
1415117700 172 0 172 0
1415117400 172 0 172 0
1415117100 172 0 172 0
1415116800 172 0 172 0
1415116500 172 0 172 0
1415116200 172 0 172 0
1415115900 172 0 172 0
1415115600 172 0 172 0
1415115300 172 0 172 0
1415115000 172 0 172 0
1415114700 172 0 172 0
1415114400 172 0 172 0
1415114100 172 0 172 0
1415113800 172 0 172 0
1415113500 172 0 172 0
1415113200 172 0 172 0
1415112900 172 0 172 0
1415112600 172 0 172 0
1415112300 172 0 172 0
1415112000 172 0 172 0
1415111700 172 0 172 0
1415111400 172 0 172 0
1415111100 172 0 172 0
1415110800 172 0 172 0
1415110500 172 0 172 0
1415110200 172 0 172 0
1415109900 172 0 172 0
1415109600 172 0 172 0
1415109300 172 0 172 0
1415109000 172 0 172 0
1415108700 172 0 172 0
1415108400 172 0 172 0
1415108100 172 0 172 0
1415107800 172 0 172 0
1415107500 172 0 172 0
1415107200 172 0 172 0
1415106900 172 0 172 0
1415106600 172 0 172 0
1415106300 172 0 172 0
1415106000 172 0 172 0
1415105700 172 0 172 0
1415105400 172 0 172 0
1415105100 172 0 172 0
1415104800 172 0 172 0
1415104500 172 0 172 0
1415104200 172 0 172 0
1415103900 172 0 172 0
1415103600 172 0 172 0
1415103300 172 0 172 0
1415103000 172 0 172 0
1415102700 172 0 172 0
1415102400 172 0 172 0
1415102100 172 0 172 0
1415101800 172 0 172 0
1415101500 172 0 172 0
1415101200 172 0 172 0
1415100900 172 0 172 0
1415100600 172 0 172 0
1415100300 172 0 172 0
1415100000 172 0 172 0
1415099700 172 0 172 0
1415099400 172 0 172 0
1415099100 172 0 172 0
1415098800 172 0 172 0
1415098500 172 0 172 0
1415098200 172 0 172 0
1415097900 172 0 172 0
1415097600 172 0 172 0
1415097300 172 0 172 0
1415097000 172 0 172 0
1415096700 172 0 172 0
1415096400 172 0 172 0
1415096100 172 0 172 0
1415095800 172 0 172 0
1415095500 172 0 172 0
1415095200 172 0 172 0
1415094900 172 0 172 0
1415094600 172 0 172 0
1415094300 172 0 172 0
1415094000 172 0 172 0
1415093700 172 0 172 0
1415093400 172 0 172 0
1415093100 172 0 172 0
1415092800 172 0 172 0
1415092500 172 0 172 0
1415092200 172 0 172 0
1415091900 172 0 172 0
1415091600 172 0 172 0
1415091300 172 0 172 0
1415091000 172 0 172 0
1415090700 172 0 172 0
1415090400 172 0 172 0
1415090100 172 0 172 0
1415089800 172 0 172 0
1415089500 172 0 172 0
1415089200 172 0 172 0
1415088900 172 0 172 0
1415088600 172 0 172 0
1415088300 172 0 172 0
1415088000 172 0 172 0
1415087700 172 0 172 0
1415087400 172 0 172 0
1415087100 172 0 172 0
1415086800 172 0 172 0
1415086500 172 0 172 0
1415086200 172 0 172 0
1415085900 172 0 172 0
1415085600 172 0 172 0
1415085300 172 0 172 0
1415085000 172 0 172 0
1415084700 172 0 172 0
1415084400 172 0 172 0
1415084100 172 0 172 0
1415083800 172 0 172 0
1415082600 172 0 172 0
1415080800 172 0 172 0
1415079000 172 0 172 0
1415077200 172 0 172 0
1415075400 172 0 172 0
1415073600 172 0 172 0
1415071800 172 0 172 0
1415070000 172 0 172 0
1415068200 172 0 172 0
1415066400 172 0 172 0
1415064600 172 0 172 0
1415062800 172 0 172 0
1415061000 172 0 172 0
1415059200 172 0 172 0
1415057400 172 0 172 0
1415055600 172 0 172 0
1415053800 172 0 172 0
1415052000 172 0 172 0
1415050200 172 0 172 0
1415048400 172 0 172 0
1415046600 172 0 172 0
1415044800 172 0 172 0
1415043000 172 0 172 0
1415041200 172 0 172 0
1415039400 172 0 172 0
1415037600 172 0 172 0
1415035800 172 0 172 0
1415034000 172 0 172 0
1415032200 172 0 172 0
1415030400 172 0 172 0
1415028600 172 0 172 0
1415026800 172 0 172 0
1415025000 172 0 172 0
1415023200 172 0 172 0
1415021400 172 0 172 0
1415019600 172 0 172 0
1415017800 172 0 172 0
1415016000 172 0 172 0
1415014200 172 0 172 0
1415012400 172 0 172 0
1415010600 172 0 172 0
1415008800 172 0 172 0
1415007000 172 0 172 0
1415005200 172 0 172 0
1415003400 172 0 172 0
1415001600 172 0 172 0
1414999800 172 0 172 0
1414998000 172 0 172 0
1414996200 172 0 172 0
1414994400 172 0 172 0
1414992600 172 0 172 0
1414990800 172 0 172 0
1414989000 172 0 172 0
1414987200 172 0 172 0
1414985400 172 0 172 0
1414983600 172 0 172 0
1414981800 172 0 172 0
1414980000 172 0 172 0
1414978200 172 0 172 0
1414976400 172 0 172 0
1414974600 172 0 172 0
1414972800 172 0 172 0
1414971000 172 0 172 0
1414969200 172 0 172 0
1414967400 172 0 172 0
1414965600 172 0 172 0
1414963800 172 0 172 0
1414962000 172 0 172 0
1414960200 172 0 172 0
1414958400 172 0 172 0
1414956600 172 0 172 0
1414954800 172 0 172 0
1414953000 172 0 172 0
1414951200 172 0 172 0
1414949400 172 0 172 0
1414947600 172 0 172 0
1414945800 172 0 172 0
1414944000 172 0 172 0
1414942200 172 0 172 0
1414940400 172 0 172 0
1414938600 172 0 172 0
1414936800 172 0 172 0
1414935000 172 0 172 0
1414933200 172 0 172 0
1414931400 172 0 172 0
1414929600 172 0 172 0
1414927800 172 0 172 0
1414926000 172 0 172 0
1414924200 172 0 172 0
1414922400 172 0 172 0
1414920600 172 0 172 0
1414918800 172 0 172 0
1414917000 172 0 172 0
1414915200 172 0 172 0
1414913400 172 0 172 0
1414911600 172 0 172 0
1414909800 172 0 172 0
1414908000 172 0 172 0
1414906200 172 0 172 0
1414904400 172 0 172 0
1414902600 172 0 172 0
1414900800 172 0 172 0
1414899000 172 0 172 0
1414897200 172 0 172 0
1414895400 172 0 172 0
1414893600 172 0 172 0
1414891800 172 0 172 0
1414890000 172 0 172 0
1414888200 172 0 172 0
1414886400 172 0 172 0
1414884600 172 0 172 0
1414882800 172 0 172 0
1414881000 172 0 172 0
1414879200 172 0 172 0
1414877400 172 0 172 0
1414875600 172 0 172 0
1414873800 172 0 172 0
1414872000 172 0 172 0
1414870200 172 0 172 0
1414868400 172 0 172 0
1414866600 172 0 172 0
1414864800 172 0 172 0
1414863000 172 0 172 0
1414861200 172 0 172 0
1414859400 172 0 172 0
1414857600 172 0 172 0
1414855800 172 0 172 0
1414854000 172 0 172 0
1414852200 172 0 172 0
1414850400 172 0 172 0
1414848600 172 0 172 0
1414846800 172 0 172 0
1414845000 172 0 172 0
1414843200 172 0 172 0
1414841400 172 0 172 0
1414839600 172 0 172 0
1414837800 172 0 172 0
1414836000 172 0 172 0
1414834200 172 0 172 0
1414832400 172 0 172 0
1414830600 172 0 172 0
1414828800 172 0 172 0
1414827000 172 0 172 0
1414825200 172 0 172 0
1414823400 172 0 172 0
1414821600 172 0 172 0
1414819800 172 0 172 0
1414818000 172 0 172 0
1414816200 172 0 172 0
1414814400 172 0 172 0
1414812600 172 0 172 0
1414810800 172 0 172 0
1414809000 172 0 172 0
1414807200 172 0 172 0
1414805400 172 0 172 0
1414803600 172 0 172 0
1414801800 172 0 172 0
1414800000 172 0 172 0
1414798200 172 0 172 0
1414796400 172 0 172 0
1414794600 172 0 172 0
1414792800 172 0 172 0
1414791000 172 0 172 0
1414789200 172 0 172 0
1414787400 172 0 172 0
1414785600 172 0 172 0
1414783800 172 0 172 0
1414782000 172 0 172 0
1414780200 172 0 172 0
1414778400 172 0 172 0
1414776600 172 0 172 0
1414774800 172 0 172 0
1414773000 172 0 172 0
1414771200 172 0 172 0
1414769400 172 0 172 0
1414767600 172 0 172 0
1414765800 172 0 172 0
1414764000 172 0 172 0
1414762200 172 0 172 0
1414760400 172 0 172 0
1414758600 172 0 172 0
1414756800 172 0 172 0
1414755000 172 0 172 0
1414753200 172 0 172 0
1414751400 172 0 172 0
1414749600 172 0 172 0
1414747800 172 0 172 0
1414746000 172 0 172 0
1414744200 172 0 172 0
1414742400 172 0 172 0
1414740600 172 0 172 0
1414738800 172 0 172 0
1414737000 172 0 172 0
1414735200 172 0 172 0
1414733400 172 0 172 0
1414731600 172 0 172 0
1414729800 172 0 172 0
1414728000 172 0 172 0
1414726200 172 0 172 0
1414724400 172 0 172 0
1414722600 172 0 172 0
1414720800 172 0 172 0
1414719000 172 0 172 0
1414717200 172 0 172 0
1414715400 172 0 172 0
1414713600 172 0 172 0
1414711800 172 0 172 0
1414710000 172 0 172 0
1414708200 172 0 172 0
1414706400 172 0 172 0
1414704600 172 0 172 0
1414702800 172 0 172 0
1414701000 172 0 172 0
1414699200 172 0 172 0
1414697400 172 0 172 0
1414695600 172 0 172 0
1414693800 172 0 172 0
1414692000 172 0 172 0
1414690200 172 0 172 0
1414688400 172 0 172 0
1414686600 172 0 172 0
1414684800 172 0 172 0
1414683000 172 0 172 0
1414681200 172 0 172 0
1414679400 172 0 172 0
1414677600 172 0 172 0
1414675800 172 0 172 0
1414674000 172 0 172 0
1414672200 172 0 172 0
1414670400 172 0 172 0
1414668600 172 0 172 0
1414666800 172 0 172 0
1414665000 172 0 172 0
1414663200 172 0 172 0
1414661400 172 0 172 0
1414659600 172 0 172 0
1414657800 172 0 172 0
1414656000 172 0 172 0
1414654200 172 0 172 0
1414652400 172 0 172 0
1414650600 172 0 172 0
1414648800 172 0 172 0
1414647000 172 0 172 0
1414645200 172 0 172 0
1414643400 172 0 172 0
1414641600 172 0 172 0
1414639800 172 0 172 0
1414638000 172 0 172 0
1414636200 172 0 172 0
1414634400 172 0 172 0
1414632600 172 0 172 0
1414630800 172 0 172 0
1414629000 172 0 172 0
1414627200 172 0 172 0
1414625400 172 0 172 0
1414623600 172 0 172 0
1414621800 172 0 172 0
1414620000 172 0 172 0
1414618200 172 0 172 0
1414616400 172 0 172 0
1414614600 172 0 172 0
1414612800 172 0 172 0
1414611000 172 0 172 0
1414609200 172 0 172 0
1414607400 172 0 172 0
1414605600 172 0 172 0
1414603800 172 0 172 0
1414602000 172 0 172 0
1414600200 172 0 172 0
1414598400 172 0 172 0
1414596600 172 0 172 0
1414594800 172 0 172 0
1414593000 172 0 172 0
1414591200 172 0 172 0
1414589400 172 0 172 0
1414587600 172 0 172 0
1414585800 172 0 172 0
1414584000 172 0 172 0
1414582200 172 0 172 0
1414580400 172 0 172 0
1414578600 172 0 172 0
1414576800 172 0 172 0
1414575000 172 0 172 0
1414573200 172 0 172 0
1414571400 172 0 172 0
1414569600 172 0 172 0
1414567800 172 0 172 0
1414566000 172 0 172 0
1414564200 172 0 172 0
1414562400 172 0 172 0
1414560600 172 0 172 0
1414558800 172 0 172 0
1414557000 172 0 172 0
1414555200 172 0 172 0
1414553400 172 0 172 0
1414551600 172 0 172 0
1414549800 172 0 172 0
1414548000 172 0 172 0
1414546200 172 0 172 0
1414544400 172 0 172 0
1414542600 172 0 172 0
1414540800 172 0 172 0
1414539000 172 0 172 0
1414537200 172 0 172 0
1414535400 172 0 172 0
1414533600 172 0 172 0
1414531800 172 0 172 0
1414530000 172 0 172 0
1414528200 172 0 172 0
1414526400 172 0 172 0
1414524600 172 0 172 0
1414522800 172 0 172 0
1414521000 172 0 172 0
1414519200 172 0 172 0
1414517400 172 0 172 0
1414515600 172 0 172 0
1414513800 172 0 172 0
1414512000 172 0 172 0
1414510200 172 0 172 0
1414508400 172 0 172 0
1414506600 172 0 172 0
1414504800 172 0 172 0
1414503000 172 0 172 0
1414501200 172 0 172 0
1414499400 172 0 172 0
1414497600 172 0 172 0
1414495800 172 0 172 0
1414494000 172 0 172 0
1414492200 172 0 172 0
1414490400 172 0 172 0
1414488600 172 0 172 0
1414486800 172 0 172 0
1414485000 172 0 172 0
1414483200 172 0 172 0
1414481400 172 0 172 0
1414479600 172 0 172 0
1414477800 172 0 172 0
1414476000 172 0 172 0
1414474200 172 0 172 0
1414472400 172 0 172 0
1414470600 172 0 172 0
1414468800 172 0 172 0
1414467000 172 0 172 0
1414465200 172 0 172 0
1414463400 172 0 172 0
1414461600 172 0 172 0
1414459800 172 0 172 0
1414458000 172 0 172 0
1414456200 172 0 172 0
1414454400 172 0 172 0
1414452600 172 0 172 0
1414450800 172 0 172 0
1414449000 172 0 172 0
1414447200 172 0 172 0
1414445400 172 0 172 0
1414443600 172 0 172 0
1414441800 172 0 172 0
1414440000 171 0 172 0
1414438200 171 0 174 0
1414436400 174 0 175 0
1414434600 175 0 177 0
1414432800 177 0 179 0
1414431000 179 0 179 0
1414429200 178 0 179 0
1414427400 178 0 181 0
1414425600 181 0 183 0
1414423800 183 0 184 0
1414422000 184 0 186 0
1414420200 185 0 186 0
1414418400 183 0 184 0
1414416600 181 0 182 0
1414414800 179 0 180 0
1414413000 176 0 177 0
1414411200 176 0 183 0
1414409400 183 0 197 0
1414407600 197 0 197 0
1414405800 197 0 199 0
1414404000 199 0 200 0
1414402200 199 0 200 0
1414400400 199 0 202 0
1414398600 202 0 204 0
1414396800 203 0 204 0
1414395000 201 0 201 0
1414393200 200 0 201 0
1414391400 196 0 197 0
1414389600 189 0 190 0
1414387800 188 0 189 0
1414386000 185 0 186 0
1414384200 184 0 185 0
1414382400 176 0 177 0
1414380600 173 0 174 0
1414378800 168 0 169 0
1414377000 158 0 160 0
1414375200 159 0 160 0
1414373400 149 0 150 0
1414371600 144 0 145 0
1414369800 145 0 145 0
1414368000 144 0 145 0
1414366200 143 0 144 0
1414364400 144 0 144 0
1414362600 144 0 144 0
1414360800 144 0 144 0
1414359000 144 0 144 0
1414357200 143 0 144 0
1414355400 142 0 143 0
1414353600 143 0 143 0
1414351800 143 0 143 0
1414350000 143 0 143 0
1414348200 143 0 143 0
1414346400 143 0 143 0
1414344600 142 0 143 0
1414342800 142 0 145 0
1414341000 145 0 147 0
1414339200 146 0 147 0
1414337400 146 0 150 0
1414335600 149 0 150 0
1414333800 149 0 158 0
1414332000 157 0 158 0
1414330200 156 0 157 0
1414328400 154 0 155 0
1414326600 153 0 158 0
1414324800 158 0 160 0
1414323000 160 0 160 0
1414321200 159 0 160 0
1414319400 151 0 152 0
1414317600 149 0 150 0
1414315800 141 0 147 0
1414314000 147 0 147 0
1414312200 147 0 149 0
1414310400 148 0 149 0
1414308600 147 0 148 0
1414306800 146 0 146 0
1414305000 146 0 146 0
1414303200 146 0 146 0
1414301400 145 0 146 0
1414299600 145 0 145 0
1414297800 145 0 145 0
1414296000 145 0 145 0
1414294200 145 0 145 0
1414292400 145 0 145 0
1414290600 145 0 145 0
1414288800 145 0 145 0
1414287000 145 0 145 0
1414285200 144 0 145 0
1414283400 135 0 136 0
1414281600 133 0 134 0
1414279800 132 0 132 0
1414278000 132 0 132 0
1414276200 132 0 132 0
1414274400 131 0 132 0
1414272600 131 0 132 0
1414270800 132 0 139 0
1414269000 139 0 139 0
1414267200 139 0 139 0
1414265400 139 0 139 0
1414263600 139 0 144 0
1414261800 144 0 144 0
1414260000 144 0 145 0
1414258200 145 0 145 0
1414256400 145 0 146 0
1414254600 146 0 147 0
1414252800 147 0 147 0
1414251000 147 0 147 0
1414249200 147 0 154 0
1414247400 154 0 155 0
1414245600 155 0 156 0
1414243800 155 0 156 0
1414242000 147 0 148 0
1414240200 146 0 147 0
1414238400 145 0 145 0
1414236600 144 0 145 0
1414234800 144 0 144 0
1414233000 144 0 144 0
1414231200 144 0 145 0
1414229400 144 0 145 0
1414227600 144 0 145 0
1414225800 145 0 146 0
1414224000 145 0 146 0
1414222200 143 0 144 0
1414220400 142 0 145 0
1414218600 145 0 145 0
1414216800 145 0 146 0
1414215000 145 0 146 0
1414213200 144 0 145 0
1414211400 143 0 144 0
1414209600 142 0 144 0
1414207800 144 0 144 0
1414206000 143 0 144 0
1414204200 139 0 145 0
1414202400 145 0 148 0
1414200600 147 0 148 0
1414198800 138 0 139 0
1414197000 137 0 138 0
1414195200 132 0 133 0
1414193400 130 0 131 0
1414191600 127 0 128 0
1414189800 128 0 131 0
1414188000 131 0 134 0
1414186200 134 0 134 0
1414184400 134 0 134 0
1414182600 134 0 134 0
1414180800 134 0 134 0
1414179000 133 0 134 0
1414177200 132 0 134 0
1414175400 134 0 135 0
1414173600 135 0 135 0
1414171800 135 0 136 0
1414170000 136 0 136 0
1414168200 136 0 138 0
1414166400 138 0 141 0
1414164600 141 0 148 0
1414162800 147 0 148 0
1414161000 146 0 147 0
1414159200 145 0 148 0
1414157400 147 0 148 0
1414155600 145 0 173 0
1414153800 172 0 173 0
1414152000 172 0 177 0
1414150200 176 0 177 0
1414148400 176 0 176 0
1414146600 176 0 179 0
1414144800 179 0 185 0
1414143000 185 0 186 0
1414141200 186 0 187 0
1414139400 186 0 187 0
1414137600 184 0 189 0
1414135800 189 0 189 0
1414134000 188 0 189 0
1414132200 186 0 191 0
1414130400 191 0 192 0
1414128600 192 0 192 0
1414126800 191 0 192 0
1414125000 189 0 190 0
1414123200 182 0 185 0
1414121400 184 0 185 0
1414119600 182 0 183 0
1414117800 183 0 191 0
1414116000 190 0 191 0
1414114200 183 0 184 0
1414112400 182 0 183 0
1414110600 179 0 185 0
1414108800 184 0 185 0
1414107000 184 0 185 0
1414105200 184 0 185 0
1414103400 182 0 183 0
1414101600 181 0 182 0
1414099800 182 0 184 0
1414098000 184 0 185 0
1414096200 185 0 185 0
1414094400 184 0 185 0
1414092600 184 0 185 0
1414090800 185 0 186 0
1414089000 186 0 189 0
1414087200 189 0 191 0
1414085400 191 0 191 0
1414083600 190 0 191 0
1414081800 189 0 190 0
1414080000 185 0 186 0
1414078200 185 0 195 0
1414076400 195 0 195 0
1414074600 195 0 195 0
1414072800 194 0 195 0
1414071000 191 0 193 0
1414069200 192 0 193 0
1414067400 190 0 191 0
1414065600 187 0 188 0
1414063800 181 0 182 0
1414062000 166 0 175 0
1414060200 174 0 175 0
1414058400 173 0 176 0
1414056600 176 0 178 0
1414054800 178 0 180 0
1414053000 180 0 182 0
1414051200 182 0 185 0
1414049400 184 0 185 0
1414047600 182 0 183 0
1414045800 179 0 181 0
1414044000 180 0 181 0
1414042200 179 0 180 0
1414040400 178 0 179 0
1414038600 172 0 172 0
1414036800 172 0 179 0
1414035000 178 0 179 0
1414033200 177 0 178 0
1414031400 176 0 177 0
1414029600 171 0 172 0
1414027800 169 0 169 0
1414026000 168 0 169 0
1414024200 166 0 167 0
1414022400 156 0 159 0
1414020600 158 0 159 0
1414018800 154 0 166 0
1414017000 166 0 167 0
1414015200 167 0 167 0
1414013400 167 0 167 0
1414011600 167 0 168 0
1414009800 168 0 168 0
1414008000 168 0 168 0
1414006200 167 0 168 0
1414004400 167 0 168 0
1414002600 168 0 168 0
1414000800 168 0 172 0
1413993600 175 0 180 0
1413986400 177 0 180 0
1413979200 176 0 182 0
1413972000 162 0 165 0
1413964800 159 0 163 0
1413957600 158 0 162 0
1413950400 153 0 159 0
1413943200 155 0 160 0
1413936000 156 0 159 0
1413928800 156 0 158 0
1413921600 156 0 157 0
1413914400 153 0 156 0
1413907200 161 0 168 0
1413900000 171 0 175 0
1413892800 167 0 171 0
1413885600 158 0 168 0
1413878400 159 0 168 0
1413871200 159 0 161 0
1413864000 177 0 188 0
1413856800 172 0 178 0
1413849600 168 0 170 0
1413842400 167 0 168 0
1413835200 169 0 172 0
1413828000 173 0 177 0
1413820800 179 0 182 0
1413813600 180 0 182 0
1413806400 174 0 177 0
1413799200 154 0 158 0
1413792000 148 0 153 0
1413784800 155 0 160 0
1413777600 141 0 150 0
1413770400 106 0 111 0
1413763200 103 0 106 0
1413756000 106 0 107 0
1413748800 107 0 107 0
1413741600 106 0 108 0
1413734400 108 0 112 0
1413727200 139 0 154 0
1413720000 154 0 155 0
1413712800 152 0 154 0
1413705600 153 0 154 0
1413698400 150 0 153 0
1413691200 147 0 151 0
1413684000 151 0 151 0
1413676800 149 0 151 0
1413669600 149 0 150 0
1413662400 150 0 151 0
1413655200 153 0 159 0
1413648000 159 0 162 0
1413640800 156 0 158 0
1413633600 151 0 152 0
1413626400 174 0 187 0
1413619200 184 0 185 0
1413612000 183 0 185 0
1413604800 181 0 185 0
1413597600 173 0 180 0
1413590400 167 0 168 0
1413583200 166 0 168 0
1413576000 167 0 168 0
1413568800 166 0 167 0
1413561600 171 0 184 0
1413554400 182 0 185 0
1413547200 167 0 179 0
1413540000 170 0 175 0
1413532800 182 0 188 0
1413525600 189 0 191 0
1413518400 177 0 180 0
1413511200 172 0 176 0
1413504000 153 0 164 0
1413496800 149 0 159 0
1413489600 164 0 168 0
1413482400 169 0 173 0
1413475200 173 0 181 0
1413468000 174 0 181 0
1413460800 179 0 185 0
1413453600 186 0 189 0
1413446400 190 0 191 0
1413439200 191 0 194 0
1413432000 188 0 194 0
1413424800 175 0 178 0
1413417600 179 0 181 0
1413410400 180 0 189 0
1413403200 188 0 191 0
1413396000 194 0 199 0
1413388800 196 0 200 0
1413381600 190 0 193 0
1413374400 190 0 193 0
1413367200 192 0 195 0
1413360000 191 0 193 0
1413352800 184 0 193 0
1413345600 191 0 193 0
1413338400 184 0 190 0
1413331200 180 0 183 0
1413324000 180 0 182 0
1413316800 182 0 183 0
1413309600 181 0 184 0
1413302400 186 0 190 0
1413295200 191 0 194 0
1413288000 191 0 193 0
1413280800 196 0 202 0
1413273600 200 0 203 0
1413266400 200 0 203 0
1413259200 192 0 194 0
1413252000 185 0 190 0
1413244800 183 0 185 0
1413237600 183 0 185 0
1413230400 185 0 187 0
1413223200 188 0 190 0
1413216000 190 0 196 0
1413208800 185 0 191 0
1413201600 180 0 181 0
1413194400 180 0 184 0
1413187200 183 0 185 0
1413180000 182 0 185 0
1413172800 162 0 182 0
1413165600 148 0 155 0
1413158400 143 0 154 0
1413151200 153 0 155 0
1413144000 154 0 157 0
1413136800 158 0 165 0
1413129600 162 0 167 0
1413122400 164 0 183 0
1413115200 185 0 189 0
1413108000 189 0 198 0
1413100800 194 0 198 0
1413093600 198 0 204 0
1413086400 197 0 198 0
1413079200 196 0 198 0
1413072000 192 0 194 0
1413064800 192 0 194 0
1413057600 192 0 195 0
1413050400 191 0 198 0
1413043200 195 0 198 0
1413036000 191 0 196 0
1413028800 188 0 195 0
1413021600 196 0 205 0
1413014400 196 0 198 0
1413007200 195 0 200 0
1413000000 196 0 201 0
1412992800 197 0 201 0
1412985600 191 0 193 0
1412978400 191 0 191 0
1412971200 191 0 192 0
1412964000 192 0 195 0
1412956800 191 0 197 0
1412949600 196 0 199 0
1412942400 184 0 197 0
1412935200 198 0 201 0
1412928000 195 0 199 0
1412920800 188 0 191 0
1412913600 178 0 184 0
1412906400 171 0 177 0
1412899200 168 0 171 0
1412892000 170 0 173 0
1412884800 173 0 175 0
1412877600 176 0 193 0
1412870400 186 0 193 0
1412863200 184 0 188 0
1412856000 184 0 188 0
1412848800 188 0 193 0
1412841600 193 0 198 0
1412834400 195 0 200 0
1412827200 192 0 200 0
1412820000 182 0 188 0
1412812800 180 0 183 0
1412805600 180 0 181 0
1412798400 178 0 179 0
1412791200 177 0 180 0
1412784000 174 0 182 0
1412776800 0 0 0 0
1412769600 89 0 182 0
1412762400 182 0 185 0
1412755200 183 0 186 0
1412748000 186 0 189 0
1412740800 180 0 184 0
1412733600 174 0 178 0
1412726400 166 0 169 0
1412719200 164 0 167 0
1412712000 167 0 167 0
1412704800 167 0 171 0
1412697600 178 0 187 0
1412690400 178 0 187 0
1412683200 181 0 184 0
1412676000 179 0 184 0
1412668800 182 0 184 0
1412661600 179 0 182 0
1412654400 179 0 181 0
1412647200 177 0 180 0
1412640000 174 0 175 0
1412632800 172 0 174 0
1412625600 172 0 173 0
1412618400 168 0 173 0
1412611200 171 0 174 0
1412604000 171 0 175 0
1412596800 165 0 170 0
1412589600 160 0 163 0
1412582400 163 0 164 0
1412575200 170 0 177 0
1412568000 169 0 173 0
1412560800 172 0 178 0
1412553600 169 0 177 0
1412546400 172 0 174 0
1412539200 164 0 173 0
1412532000 162 0 166 0
1412524800 164 0 171 0
1412517600 169 0 174 0
1412510400 165 0 168 0
1412503200 158 0 165 0
1412496000 150 0 155 0
1412488800 155 0 156 0
1412481600 157 0 161 0
1412474400 159 0 167 0
1412467200 167 0 168 0
1412460000 166 0 166 0
1412452800 166 0 171 0
1412445600 169 0 171 0
1412438400 165 0 169 0
1412431200 167 0 169 0
1412424000 165 0 167 0
1412416800 165 0 167 0
1412409600 166 0 169 0
1412402400 164 0 168 0
1412395200 158 0 168 0
1412388000 159 0 165 0
1412380800 154 0 157 0
1412373600 154 0 156 0
1412366400 155 0 159 0
1412359200 152 0 155 0
1412352000 155 0 160 0
1412344800 162 0 166 0
1412337600 160 0 164 0
1412330400 155 0 159 0
1412323200 156 0 160 0
1412316000 156 0 158 0
1412308800 156 0 159 0
1412301600 158 0 159 0
1412294400 156 0 159 0
1412287200 157 0 158 0
1412280000 157 0 159 0
1412272800 158 0 163 0
1412265600 157 0 161 0
1412258400 159 0 161 0
1412251200 158 0 160 0
1412244000 154 0 156 0
1412236800 152 0 159 0
1412229600 157 0 159 0
1412222400 158 0 161 0
1412215200 157 0 161 0
1412208000 155 0 156 0
1412200800 154 0 158 0
1412193600 156 0 159 0
1412186400 155 0 157 0
1412179200 155 0 157 0
1412172000 155 0 158 0
1412164800 154 0 158 0
1412157600 154 0 156 0
1412150400 151 0 154 0
1412143200 145 0 146 0
1412136000 144 0 148 0
1412128800 151 0 159 0
1412121600 155 0 159 0
1412114400 155 0 155 0
1412107200 155 0 155 0
1412100000 155 0 158 0
1412092800 158 0 159 0
1412085600 155 0 157 0
1412078400 154 0 156 0
1412071200 155 0 162 0
1412064000 165 0 173 0
1412056800 167 0 169 0
1412049600 165 0 168 0
1412042400 159 0 162 0
1412035200 157 0 159 0
1412028000 156 0 160 0
1412020800 153 0 156 0
1412013600 152 0 154 0
1412006400 152 0 157 0
1411999200 155 0 157 0
1411992000 152 0 156 0
1411984800 164 0 169 0
1411977600 163 0 169 0
1411970400 165 0 171 0
1411963200 167 0 171 0
1411956000 161 0 164 0
1411948800 160 0 163 0
1411941600 160 0 161 0
1411934400 161 0 161 0
1411927200 155 0 161 0
1411920000 151 0 154 0
1411912800 149 0 155 0
1411905600 162 0 167 0
1411898400 171 0 178 0
1411891200 178 0 181 0
1411884000 178 0 179 0
1411876800 178 0 180 0
1411869600 163 0 167 0
1411862400 159 0 162 0
1411855200 158 0 160 0
1411848000 160 0 167 0
1411840800 165 0 167 0
1411833600 170 0 174 0
1411826400 173 0 175 0
1411819200 166 0 174 0
1411812000 172 0 174 0
1411804800 170 0 173 0
1411797600 173 0 174 0
1411790400 171 0 174 0
1411783200 157 0 161 0
1411776000 152 0 156 0
1411768800 153 0 155 0
1411761600 155 0 160 0
1411754400 159 0 160 0
1411747200 160 0 163 0
1411740000 160 0 162 0
1411732800 170 0 175 0
1411725600 171 0 175 0
1411718400 172 0 175 0
1411711200 173 0 182 0
1411704000 178 0 182 0
1411696800 176 0 179 0
1411689600 172 0 178 0
1411682400 173 0 174 0
1411675200 174 0 175 0
1411668000 174 0 177 0
1411660800 167 0 172 0
1411653600 161 0 164 0
1411646400 159 0 165 0
1411639200 160 0 164 0
1411632000 157 0 163 0
1411624800 147 0 152 0
1411617600 126 0 135 0
1411610400 126 0 131 0
1411603200 126 0 131 0
1411596000 129 0 130 0
1411588800 128 0 130 0
1411581600 133 0 136 0
1411574400 133 0 135 0
1411567200 130 0 132 0
1411560000 130 0 138 0
1411552800 151 0 167 0
1411545600 165 0 168 0
1411538400 164 0 168 0
1411531200 161 0 167 0
1411524000 155 0 162 0
1411516800 149 0 156 0
1411509600 152 0 156 0
1411502400 147 0 157 0
1411495200 157 0 158 0
1411488000 156 0 158 0
1411480800 140 0 150 0
1411473600 159 0 170 0
1411466400 169 0 174 0
1411459200 169 0 176 0
1411452000 163 0 169 0
1411444800 140 0 150 0
1411437600 126 0 159 0
1411430400 151 0 159 0
1411423200 160 0 164 0
1411416000 163 0 164 0
1411408800 124 0 171 0
1411401600 168 0 172 0
1411394400 148 0 155 0
1411387200 149 0 157 0
1411380000 157 0 166 0
1411372800 165 0 167 0
1411365600 162 0 165 0
1411358400 155 0 162 0
1411351200 149 0 154 0
1411344000 145 0 155 0
1411336800 153 0 154 0
1411329600 153 0 155 0
1411322400 153 0 155 0
1411315200 154 0 161 0
1411308000 153 0 162 0
1411300800 149 0 152 0
1411293600 150 0 151 0
1411286400 153 0 161 0
1411279200 156 0 161 0
1411272000 155 0 161 0
1411264800 147 0 151 0
1411257600 145 0 146 0
1411250400 143 0 145 0
1411243200 144 0 145 0
1411236000 146 0 149 0
1411228800 150 0 156 0
1411221600 149 0 153 0
1411214400 149 0 153 0
1411207200 148 0 153 0
1411200000 153 0 156 0
1411192800 156 0 157 0
1411185600 154 0 157 0
1411178400 149 0 156 0
1411171200 146 0 148 0
1411164000 147 0 147 0
1411156800 146 0 148 0
1411149600 149 0 153 0
1411142400 153 0 158 0
1411135200 158 0 160 0
1411128000 139 0 159 0
1411120800 136 0 151 0
1411113600 148 0 152 0
1411106400 149 0 154 0
1411099200 147 0 151 0
1411092000 134 0 140 0
1411084800 95 0 122 0
1411077600 122 0 123 0
1411070400 122 0 123 0
1411063200 120 0 123 0
1411056000 129 0 136 0
1411048800 133 0 135 0
1411041600 141 0 147 0
1411034400 140 0 144 0
1411027200 164 0 171 0
1411020000 166 0 169 0
1411012800 164 0 170 0
1411005600 159 0 163 0
1410998400 149 0 156 0
1410991200 156 0 156 0
1410984000 155 0 158 0
1410976800 158 0 159 0
1410969600 146 0 154 0
1410962400 143 0 148 0
1410955200 142 0 149 0
1410948000 134 0 139 0
1410940800 122 0 137 0
1410933600 130 0 158 0
1410926400 156 0 159 0
1410919200 153 0 159 0
1410912000 142 0 150 0
1410904800 149 0 151 0
1410897600 150 0 151 0
1410890400 151 0 153 0
1410883200 152 0 161 0
1410876000 153 0 155 0
1410868800 152 0 154 0
1410861600 143 0 155 0
1410854400 153 0 156 0
1410847200 156 0 158 0
1410840000 151 0 158 0
1410832800 143 0 145 0
1410825600 138 0 148 0
1410818400 147 0 148 0
1410811200 147 0 148 0
1410804000 148 0 152 0
1410796800 148 0 153 0
1410789600 136 0 141 0
1410782400 127 0 132 0
1410775200 111 0 115 0
1410768000 109 0 112 0
1410760800 108 0 110 0
1410753600 114 0 119 0
1410746400 123 0 137 0
1410739200 128 0 135 0
1410732000 135 0 136 0
1410724800 134 0 136 0
1410717600 134 0 137 0
1410710400 134 0 140 0
1410703200 129 0 140 0
1410696000 128 0 134 0
1410688800 126 0 133 0
1410681600 61 0 129 0
1410674400 102 0 138 0
1410667200 134 0 138 0
1410660000 130 0 133 0
1410652800 130 0 133 0
1410645600 131 0 132 0
1410638400 130 0 132 0
1410631200 129 0 131 0
1410624000 129 0 132 0
1410616800 131 0 136 0
1410609600 130 0 131 0
1410602400 130 0 132 0
1410595200 128 0 130 0
1410588000 130 0 134 0
1410580800 129 0 133 0
1410573600 124 0 129 0
1410566400 101 0 129 0
1410559200 129 0 129 0
1410552000 129 0 129 0
1410544800 128 0 129 0
1410537600 131 0 134 0
1410530400 131 0 132 0
1410523200 121 0 132 0
1410516000 130 0 133 0
1410508800 130 0 133 0
1410501600 124 0 133 0
1410494400 122 0 127 0
1410487200 120 0 129 0
1410480000 127 0 128 0
1410472800 127 0 128 0
1410465600 127 0 128 0
1410458400 128 0 129 0
1410451200 128 0 134 0
1410444000 130 0 134 0
1410436800 126 0 130 0
1410429600 126 0 130 0
1410422400 129 0 131 0
1410415200 128 0 130 0
1410408000 125 0 129 0
1410400800 114 0 116 0
1410393600 105 0 106 0
1410386400 105 0 111 0
1410379200 112 0 114 0
1410372000 116 0 125 0
1410364800 125 0 129 0
1410357600 123 0 129 0
1410350400 128 0 132 0
1410343200 128 0 130 0
1410336000 127 0 130 0
1410328800 127 0 128 0
1410321600 125 0 128 0
1410314400 120 0 124 0
1410307200 113 0 116 0
1410300000 112 0 113 0
1410292800 108 0 112 0
1410285600 104 0 106 0
1410278400 105 0 110 0
1410271200 109 0 113 0
1410264000 102 0 108 0
1410256800 96 0 102 0
1410249600 98 0 103 0
1410242400 100 0 104 0
1410235200 94 0 99 0
1410228000 96 0 99 0
1410220800 87 0 95 0
1410213600 91 0 92 0
1410206400 92 0 92 0
1410199200 95 0 103 0
1410192000 102 0 106 0
1410184800 104 0 106 0
1410177600 104 0 106 0
1410170400 106 0 108 0
1410163200 107 0 109 0
1410156000 108 0 113 0
1410148800 110 0 113 0
1410141600 112 0 118 0
1410134400 112 0 118 0
1410127200 117 0 118 0
1410120000 116 0 119 0
1410112800 117 0 125 0
1410105600 114 0 125 0
1410098400 121 0 137 0
1410091200 134 0 138 0
1410084000 127 0 129 0
1410076800 126 0 128 0
1410069600 127 0 128 0
1410062400 125 0 128 0
1410055200 123 0 126 0
1410048000 126 0 133 0
1410040800 128 0 129 0
1410033600 129 0 129 0
1410026400 128 0 131 0
1410019200 132 0 137 0
1410012000 136 0 139 0
1410004800 133 0 134 0
1409997600 131 0 134 0
1409990400 135 0 140 0
1409983200 134 0 137 0
1409976000 137 0 138 0
1409968800 133 0 138 0
1409961600 130 0 132 0
1409954400 131 0 132 0
1409947200 132 0 133 0
1409940000 133 0 138 0
1409932800 136 0 138 0
1409925600 130 0 137 0
1409918400 115 0 119 0
1409911200 112 0 127 0
1409904000 125 0 127 0
1409896800 120 0 122 0
1409889600 122 0 140 0
1409882400 136 0 140 0
1409875200 122 0 124 0
1409868000 122 0 125 0
1409860800 125 0 125 0
1409853600 122 0 125 0
1409846400 114 0 123 0
1409839200 110 0 112 0
1409832000 106 0 111 0
1409824800 77 0 96 0
1409817600 94 0 99 0
1409810400 98 0 104 0
1409803200 44 0 94 0
1409796000 0 0 0 0
1409788800 0 0 0 0
1409781600 0 0 0 0
1409774400 0 0 0 0
1409767200 0 0 0 0
1409760000 0 0 0 0
1409752800 0 0 0 0
1409745600 0 0 0 0
1409738400 0 0 0 0
1409731200 72 0 145 0
1409724000 144 0 148 0
1409716800 145 0 148 0
1409709600 133 0 141 0
1409702400 129 0 132 0
1409695200 129 0 130 0
1409688000 132 0 134 0
1409680800 127 0 137 0
1409616000 124 0 143 0
1409529600 121 0 142 0
1409443200 136 0 146 0
1409356800 124 0 141 0
1409270400 114 0 127 0
1409184000 120 0 133 0
1409097600 127 0 145 0
1409011200 122 0 136 0
1408924800 101 0 115 0
1408838400 109 0 119 0
1408752000 125 0 150 0
1408665600 133 0 153 0
1408579200 132 0 147 0
1408492800 115 0 132 0
1408406400 106 0 119 0
1408320000 102 0 132 0
1408233600 127 0 139 0
1408147200 134 0 144 0
1408060800 122 0 130 0
1407974400 69 0 124 0
1407888000 45 0 129 0
1407801600 118 0 132 0
1407715200 111 0 119 0
1407628800 114 0 119 0
1407542400 107 0 116 0
1407456000 109 0 122 0
1407369600 126 0 138 0
1407283200 102 0 122 0
1407196800 96 0 129 0
1407110400 110 0 140 0
1407024000 136 0 150 0
1406937600 134 0 158 0
1406851200 140 0 161 0
1406764800 124 0 156 0
1406678400 140 0 158 0
1406592000 139 0 155 0
1406505600 133 0 149 0
1406419200 131 0 138 0
1406332800 135 0 156 0
1406246400 141 0 158 0
1406160000 145 0 155 0
1406073600 138 0 154 0
1405987200 137 0 157 0
1405900800 145 0 157 0
1405814400 146 0 156 0
1405728000 130 0 152 0
1405641600 140 0 151 0
1405555200 141 0 153 0
1405468800 132 0 145 0
1405382400 128 0 140 0
1405296000 140 0 151 0
1405209600 140 0 151 0
1405123200 138 0 150 0
1405036800 133 0 149 0
1404950400 122 0 145 0
1404864000 38 0 150 0
1404777600 137 0 149 0
1404691200 135 0 151 0
1404604800 141 0 150 0
1404518400 143 0 155 0
1404432000 133 0 148 0
1404345600 140 0 149 0
1404259200 144 0 163 0
1404172800 160 0 171 0
1404086400 150 0 166 0
1404000000 140 0 152 0
1403913600 134 0 148 0
1403827200 153 0 172 0
1403740800 159 0 181 0
1403654400 169 0 183 0
1403568000 167 0 179 0
1403481600 161 0 176 0
1403395200 170 0 185 0
1403308800 172 0 188 0
1403222400 168 0 185 0
1403136000 159 0 180 0
1403049600 167 0 182 0
1402963200 163 0 179 0
1402876800 140 0 158 0
1402790400 137 0 150 0
1402704000 151 0 171 0
1402617600 159 0 170 0
1402531200 142 0 165 0
1402444800 104 0 119 0
1402358400 99 0 154 0
1402272000 150 0 161 0
1402185600 154 0 165 0
1402099200 149 0 158 0
1402012800 129 0 154 0
1401926400 153 0 174 0
1401840000 147 0 171 0
1401753600 109 0 125 0
1401667200 115 0 129 0
1401580800 116 0 130 0
1401494400 118 0 130 0
1401408000 118 0 134 0
1401321600 117 0 128 0
1401235200 116 0 134 0
1401148800 125 0 156 0
1401062400 142 0 157 0
1400976000 149 0 166 0
1400889600 147 0 164 0
1400803200 149 0 171 0
1400716800 114 0 147 0
1400630400 139 0 154 0
1400544000 145 0 155 0
1400457600 147 0 170 0
1400371200 149 0 169 0
1400284800 151 0 170 0
1400198400 105 0 164 0
1400112000 154 0 179 0
1400025600 151 0 177 0
1399939200 153 0 175 0
1399852800 152 0 176 0
1399766400 162 0 174 0
1399680000 162 0 182 0
1399593600 153 0 176 0
1399507200 188 0 206 0
1399420800 179 0 200 0
1399334400 171 0 189 0
1399248000 139 0 176 0
1399161600 82 0 91 0
1399075200 94 0 103 0
1398988800 137 0 179 0
1398902400 179 0 201 0
1398816000 171 0 198 0
1398729600 165 0 195 0
1398643200 155 0 181 0
1398556800 165 0 183 0
1398470400 170 0 190 0
1398384000 178 0 198 0
1398297600 170 0 197 0
1398211200 186 0 200 0
1398124800 163 0 188 0
1398038400 155 0 172 0
1397952000 171 0 192 0
1397865600 177 0 203 0
1397779200 186 0 204 0
1397692800 171 0 186 0
1397606400 152 0 184 0
1397520000 177 0 211 0
1397433600 174 0 191 0
1397347200 184 0 204 0
1397260800 182 0 205 0
1397174400 131 0 180 0
1397088000 175 0 202 0
1397001600 180 0 212 0
1396915200 175 0 204 0
1396828800 167 0 204 0
1396742400 194 0 217 0
1396656000 198 0 219 0
1396569600 208 0 227 0
1396483200 200 0 219 0
1396396800 191 0 218 0
1396310400 188 0 209 0
1396224000 172 0 194 0
1396137600 174 0 198 0
1396051200 183 0 205 0
1395964800 178 0 194 0
1395878400 175 0 196 0
1395792000 171 0 197 0
1395705600 182 0 202 0
1395619200 168 0 191 0
1395532800 170 0 187 0
1395446400 181 0 217 0
1395360000 200 0 221 0
1395273600 201 0 217 0
1395187200 207 0 226 0
1395100800 211 0 227 0
1395014400 182 0 214 0
1394928000 187 0 202 0
1394841600 197 0 214 0
1394755200 189 0 209 0
1394668800 185 0 204 0
1394582400 199 0 214 0
1394496000 197 0 215 0
1394409600 175 0 202 0
1394323200 170 0 191 0
1394236800 165 0 180 0
1394150400 187 0 212 0
1394064000 191 0 220 0
1393977600 190 0 210 0
1393891200 194 0 216 0
1393804800 189 0 208 0
1393718400 192 0 208 0
1393632000 194 0 214 0
1393545600 182 0 199 0
1393459200 185 0 215 0
1393372800 198 0 222 0
1393286400 195 0 220 0
1393200000 193 0 208 0
1393113600 186 0 206 0
1393027200 194 0 223 0
1392940800 199 0 222 0
1392854400 210 0 235 0
1392768000 208 0 227 0
1392681600 202 0 223 0
1392595200 197 0 211 0
1392508800 186 0 206 0
1392422400 193 0 208 0
1392336000 177 0 196 0
1392249600 174 0 197 0
1392163200 169 0 194 0
1392076800 134 0 149 0
1391990400 125 0 138 0
1391904000 129 0 147 0
1391817600 136 0 200 0
1391731200 183 0 205 0
1391644800 180 0 190 0
1391558400 174 0 204 0
1391472000 157 0 174 0
1391385600 154 0 173 0
1391299200 173 0 193 0
1391212800 174 0 193 0
1391126400 162 0 195 0
1391040000 186 0 204 0
1390953600 207 0 220 0
1390867200 211 0 232 0
1390780800 186 0 228 0
1390694400 148 0 248 0
1390608000 212 0 231 0
1390521600 204 0 230 0
1390435200 201 0 227 0
1390348800 200 0 226 0
1390262400 201 0 230 0
1390176000 177 0 197 0
1390089600 172 0 197 0
1390003200 201 0 220 0
1389916800 197 0 212 0
1389830400 186 0 201 0
1389744000 177 0 206 0
1389657600 188 0 213 0
1389571200 190 0 204 0
1389484800 191 0 206 0
1389398400 190 0 201 0
1389312000 183 0 201 0
1389225600 177 0 192 0
1389139200 192 0 205 0
1389052800 181 0 195 0
1388966400 184 0 201 0
1388880000 177 0 202 0
1388793600 185 0 204 0
1388707200 174 0 202 0
1388620800 152 0 177 0
1388534400 172 0 195 0
1388448000 166 0 189 0
1388361600 178 0 190 0
1388275200 175 0 184 0
1388188800 181 0 188 0
1388102400 188 0 188 0
1388016000 188 0 188 0
1387929600 188 0 188 0
1387843200 188 0 188 0
1387756800 188 0 188 0
1387670400 188 0 188 0
1387584000 188 0 188 0
1387497600 188 0 188 0
1387411200 188 0 188 0
1387324800 188 0 188 0
1387238400 188 0 188 0
1387152000 188 0 188 0
1387065600 188 0 188 0
1386979200 188 0 188 0
1386892800 188 0 188 0
1386806400 188 0 188 0
1386720000 188 0 188 0
1386633600 188 0 188 0
1386547200 188 0 188 0
1386460800 188 0 188 0
1386374400 188 0 188 0
1386288000 188 0 188 0
1386201600 188 0 188 0
1386115200 188 0 188 0
1386028800 188 0 188 0
1385942400 188 0 188 0
1385856000 188 0 188 0
1385769600 188 0 188 0
1385683200 188 0 188 0
1385596800 188 0 188 0
1385510400 188 0 188 0
1385424000 188 0 188 0
1385337600 188 0 188 0
1385251200 188 0 188 0
1385164800 188 0 188 0
1385078400 188 0 188 0
1384992000 188 0 188 0
1384905600 188 0 188 0
1384819200 188 0 188 0
1384732800 188 0 188 0
1384646400 188 0 188 0
1384560000 188 0 188 0
1384473600 188 0 188 0
1384387200 188 0 188 0
1384300800 188 0 188 0
1384214400 188 0 188 0
1384128000 188 0 188 0
1384041600 188 0 188 0
1383955200 188 0 188 0
1383868800 188 0 188 0
1383782400 188 0 188 0
1383696000 188 0 188 0
1383609600 188 0 188 0
1383523200 188 0 188 0
1383436800 188 0 188 0
1383350400 188 0 188 0
1383264000 188 0 188 0
1383177600 188 0 188 0
1383091200 188 0 188 0
1383004800 188 0 188 0
1382918400 188 0 188 0
1382832000 188 0 188 0
1382745600 188 0 188 0
1382659200 188 0 188 0
1382572800 188 0 188 0
1382486400 188 0 188 0
1382400000 188 0 188 0
1382313600 188 0 188 0
1382227200 188 0 188 0
1382140800 188 0 188 0
1382054400 188 0 188 0
1381968000 188 0 188 0
1381881600 188 0 188 0
1381795200 188 0 188 0
1381708800 188 0 188 0
1381622400 188 0 188 0
1381536000 188 0 188 0
1381449600 188 0 188 0
1381363200 188 0 188 0
1381276800 188 0 188 0
1381190400 188 0 188 0
1381104000 188 0 188 0
1381017600 188 0 188 0
1380931200 188 0 188 0
1380844800 188 0 188 0
1380758400 188 0 188 0
1380672000 188 0 188 0
1380585600 188 0 188 0
1380499200 188 0 188 0
1380412800 188 0 188 0
1380326400 188 0 188 0
1380240000 188 0 188 0
1380153600 188 0 188 0
1380067200 188 0 188 0
1379980800 188 0 188 0
1379894400 188 0 188 0
1379808000 188 0 188 0
1379721600 188 0 188 0
1379635200 188 0 188 0
1379548800 188 0 188 0
1379462400 188 0 188 0
1379376000 188 0 188 0
1379289600 188 0 188 0
1379203200 188 0 188 0
1379116800 188 0 188 0
1379030400 188 0 188 0
1378944000 188 0 188 0
1378857600 188 0 188 0
1378771200 188 0 188 0
1378684800 188 0 188 0
1378598400 188 0 188 0
1378512000 188 0 188 0
1378425600 188 0 188 0
1378339200 188 0 188 0
1378252800 188 0 188 0
1378166400 188 0 188 0
1378080000 188 0 188 0
1377993600 188 0 188 0
1377907200 188 0 188 0
1377820800 188 0 188 0
1377734400 188 0 188 0
1377648000 188 0 188 0
1377561600 188 0 188 0
1377475200 188 0 188 0
1377388800 188 0 188 0
1377302400 188 0 188 0
1377216000 188 0 188 0
1377129600 188 0 188 0
1377043200 188 0 188 0
1376956800 188 0 188 0
1376870400 188 0 188 0
1376784000 188 0 188 0
1376697600 188 0 188 0
1376611200 188 0 188 0
1376524800 188 0 188 0
1376438400 188 0 188 0
1376352000 188 0 188 0
1376265600 188 0 188 0
1376179200 188 0 188 0
1376092800 188 0 188 0
1376006400 188 0 188 0
1375920000 188 0 188 0
1375833600 188 0 188 0
1375747200 188 0 188 0
1375660800 188 0 188 0
1375574400 188 0 188 0
1375488000 188 0 188 0
1375401600 188 0 188 0
1375315200 188 0 188 0
1375228800 188 0 188 0
1375142400 188 0 188 0
1375056000 188 0 188 0
1374969600 188 0 188 0
1374883200 188 0 188 0
1374796800 188 0 188 0
1374710400 188 0 188 0
1374624000 188 0 188 0
1374537600 188 0 188 0
1374451200 188 0 188 0
1374364800 188 0 188 0
1374278400 188 0 188 0
1374192000 188 0 188 0
1374105600 188 0 188 0
1374019200 188 0 188 0
1373932800 188 0 188 0
1373846400 188 0 188 0
1373760000 188 0 188 0
1373673600 188 0 188 0
1373587200 188 0 188 0
1373500800 188 0 188 0
1373414400 188 0 188 0
1373328000 188 0 188 0
1373241600 188 0 188 0
1373155200 188 0 188 0
1373068800 188 0 188 0
1372982400 188 0 188 0
1372896000 188 0 188 0
1372809600 188 0 188 0
1372723200 188 0 188 0
1372636800 188 0 188 0
1372550400 188 0 188 0
1372464000 188 0 188 0
1372377600 188 0 188 0
1372291200 188 0 188 0
1372204800 188 0 188 0
1372118400 188 0 188 0
1372032000 188 0 188 0
1371945600 188 0 188 0
1371859200 188 0 188 0
1371772800 188 0 188 0
1371686400 188 0 188 0
1371600000 188 0 188 0
1371513600 188 0 188 0
1371427200 188 0 188 0
1371340800 188 0 188 0
1371254400 188 0 188 0
1371168000 188 0 188 0
1371081600 188 0 188 0
1370995200 188 0 188 0
1370908800 188 0 188 0
1370822400 188 0 188 0
1370736000 188 0 188 0
1370649600 188 0 188 0
1370563200 188 0 188 0
1370476800 188 0 188 0
1370390400 188 0 188 0
1370304000 188 0 188 0
1370217600 188 0 188 0
1370131200 188 0 188 0
1370044800 188 0 188 0
1369958400 188 0 188 0
1369872000 188 0 188 0
1369785600 188 0 188 0
1369699200 188 0 188 0
1369612800 188 0 188 0
1369526400 188 0 188 0
1369440000 188 0 188 0
1369353600 188 0 188 0
1369267200 188 0 188 0
1369180800 188 0 188 0
1369094400 188 0 188 0
1369008000 188 0 188 0
1368921600 188 0 188 0
1368835200 188 0 188 0
1368748800 188 0 188 0
1368662400 188 0 188 0
1368576000 188 0 188 0
1368489600 188 0 188 0
1368403200 188 0 188 0
1368316800 188 0 188 0
1368230400 188 0 188 0
1368144000 188 0 188 0
1368057600 188 0 188 0
1367971200 188 0 188 0
1367884800 188 0 188 0
1367798400 188 0 188 0
1367712000 188 0 188 0
1367625600 188 0 188 0
1367539200 188 0 188 0
1367452800 188 0 188 0
1367366400 188 0 188 0
1367280000 188 0 188 0
1367193600 188 0 188 0
1367107200 188 0 188 0
1367020800 188 0 188 0
1366934400 188 0 188 0
1366848000 188 0 188 0
1366761600 188 0 188 0
1366675200 188 0 188 0
1366588800 188 0 188 0
1366502400 188 0 188 0
1366416000 188 0 188 0
1366329600 188 0 188 0
1366243200 188 0 188 0
1366156800 188 0 188 0
1366070400 188 0 188 0
1365984000 188 0 188 0
1365897600 188 0 188 0
1365811200 188 0 188 0
1365724800 188 0 188 0
1365638400 188 0 188 0
1365552000 188 0 188 0
1365465600 188 0 188 0
1365379200 188 0 188 0
1365292800 188 0 188 0
1365206400 188 0 188 0
1365120000 188 0 188 0
1365033600 188 0 188 0
1364947200 188 0 188 0
1364860800 188 0 188 0
1364774400 188 0 188 0
1364688000 188 0 188 0
1364601600 188 0 188 0
1364515200 188 0 188 0
1364428800 188 0 188 0
1364342400 188 0 188 0
1364256000 188 0 188 0
1364169600 188 0 188 0
1364083200 188 0 188 0
1363996800 188 0 188 0
1363910400 188 0 188 0
1363824000 188 0 188 0
1363737600 188 0 188 0
1363651200 188 0 188 0
1363564800 188 0 188 0
1363478400 188 0 188 0
1363392000 188 0 188 0
1363305600 188 0 188 0
1363219200 188 0 188 0
1363132800 188 0 188 0
1363046400 188 0 188 0
1362960000 188 0 188 0
1362873600 188 0 188 0
1362787200 188 0 188 0
1362700800 188 0 188 0
1362614400 188 0 188 0
1362528000 188 0 188 0
1362441600 188 0 188 0
1362355200 188 0 188 0
1362268800 188 0 188 0
1362182400 188 0 188 0
1362096000 188 0 188 0
1362009600 188 0 188 0
1361923200 188 0 188 0
1361836800 188 0 188 0
1361750400 188 0 188 0
1361664000 188 0 188 0
1361577600 188 0 188 0
1361491200 188 0 188 0
1361404800 188 0 188 0
1361318400 188 0 188 0
1361232000 188 0 188 0
1361145600 188 0 188 0
1361059200 188 0 188 0
1360972800 188 0 188 0
1360886400 188 0 188 0
1360800000 188 0 188 0
1360713600 188 0 188 0
1360627200 188 0 188 0
1360540800 188 0 188 0
1360454400 188 0 188 0
1360368000 188 0 188 0
1360281600 188 0 188 0
1360195200 188 0 188 0
1360108800 188 0 188 0
1360022400 188 0 188 0
1359936000 188 0 188 0
1359849600 188 0 188 0
1359763200 188 0 188 0
1359676800 188 0 188 0
1359590400 188 0 188 0
1359504000 188 0 188 0
1359417600 188 0 188 0
1359331200 188 0 188 0
1359244800 188 0 188 0
1359158400 188 0 188 0
1359072000 188 0 188 0
1358985600 188 0 188 0
1358899200 188 0 188 0
1358812800 188 0 188 0
1358726400 188 0 188 0
1358640000 188 0 188 0
1358553600 188 0 188 0
1358467200 188 0 188 0
1358380800 188 0 188 0
1358294400 188 0 188 0
1358208000 188 0 188 0
1358121600 188 0 188 0
1358035200 188 0 188 0
1357948800 188 0 188 0
1357862400 188 0 188 0
1357776000 188 0 188 0
1357689600 188 0 188 0
1357603200 188 0 188 0
1357516800 188 0 188 0
1357430400 188 0 188 0
1357344000 188 0 188 0
1357257600 188 0 188 0
1357171200 188 0 188 0
1357084800 188 0 188 0
1356998400 188 0 188 0
1356912000 188 0 188 0
1356825600 188 0 188 0
1356739200 188 0 188 0
1356652800 188 0 188 0
1356566400 188 0 188 0
1356480000 188 0 188 0
1356393600 188 0 188 0
1356307200 188 0 188 0
1356220800 188 0 188 0
1356134400 188 0 188 0
1356048000 188 0 188 0
1355961600 188 0 188 0
1355875200 188 0 188 0
1355788800 188 0 188 0
1355702400 188 0 188 0
1355616000 188 0 188 0
1355529600 188 0 188 0
1355443200 188 0 188 0
1355356800 188 0 188 0
1355270400 188 0 188 0
1355184000 188 0 188 0
1355097600 188 0 188 0
1355011200 188 0 188 0
1354924800 188 0 188 0
1354838400 188 0 188 0
1354752000 188 0 188 0
1354665600 188 0 188 0
1354579200 188 0 188 0
1354492800 188 0 188 0
1354406400 188 0 188 0
1354320000 188 0 188 0
1354233600 188 0 188 0
1354147200 188 0 188 0
1354060800 188 0 188 0
1353974400 188 0 188 0
1353888000 188 0 188 0
1353801600 188 0 188 0
1353715200 188 0 188 0
1353628800 188 0 188 0
1353542400 188 0 188 0
1353456000 188 0 188 0
1353369600 188 0 188 0
1353283200 188 0 188 0
1353196800 188 0 188 0
1353110400 188 0 188 0
1353024000 188 0 188 0
1352937600 188 0 188 0
1352851200 188 0 188 0
1352764800 188 0 188 0
1352678400 188 0 188 0
1352592000 188 0 188 0
1352505600 188 0 188 0
1352419200 188 0 188 0
1352332800 188 0 188 0
1352246400 188 0 188 0
1352160000 188 0 188 0
1352073600 188 0 188 0
1351987200 188 0 188 0
1351900800 188 0 188 0
1351814400 188 0 188 0
1351728000 188 0 188 0
1351641600 188 0 188 0
1351555200 188 0 188 0
1351468800 185 0 227 0
1351382400 180 0 225 0
1351296000 202 0 242 0
1351209600 197 0 233 0
1351123200 182 0 239 0
1351036800 162 0 214 0
1350950400 156 0 218 0
1350864000 0 0 0 0
1350777600 0 0 0 0
1350691200 84 0 178 0
1350604800 91 0 209 0
1350518400 164 0 207 0
1350432000 176 0 208 0
1350345600 169 0 199 0
1350259200 162 0 189 0
1350172800 163 0 196 0
1350086400 161 0 208 0
1350000000 151 0 206 0
1349913600 148 0 181 0
1349827200 158 0 191 0
1349740800 146 0 175 0
1349654400 122 0 166 0
1349568000 124 0 149 0
1349481600 126 0 138 0
1349395200 98 0 131 0
1349308800 108 0 136 0
1349222400 99 0 135 0
1349136000 119 0 137 0
1349049600 121 0 144 0
1348963200 115 0 148 0
1348876800 99 0 131 0
1348790400 125 0 139 0
1348704000 107 0 153 0
1348617600 121 0 154 0
1348531200 112 0 137 0
1348444800 127 0 176 0
1348358400 171 0 189 0
1348272000 149 0 183 0
1348185600 154 0 186 0
1348099200 138 0 174 0
1348012800 123 0 169 0
1347926400 115 0 159 0
1347840000 127 0 153 0
1347753600 136 0 169 0
1347667200 141 0 169 0
1347580800 115 0 159 0
1347494400 0 0 0 0
1347408000 0 0 0 0
1347321600 0 0 0 0
1347235200 0 0 0 0
1347148800 0 0 0 0
1347062400 0 0 0 0
1346976000 0 0 0 0
1346889600 0 0 0 0
1346803200 0 0 0 0
1346716800 0 0 0 0
1346630400 0 0 0 0
1346544000 0 0 0 0
1346457600 0 0 0 0
