2003.06.15 10:33 B F:\user\l\ladykiller.o <-- www.vmud.com /lonely/mudlib/data/user/l ladykiller.o
2003.06.15 10:33 B F:\user\l\lakers.o <-- www.vmud.com /lonely/mudlib/data/user/l lakers.o
2003.06.15 10:33 B F:\user\l\land.o <-- www.vmud.com /lonely/mudlib/data/user/l land.o
2003.06.15 10:33 B F:\user\l\langgui.o <-- www.vmud.com /lonely/mudlib/data/user/l langgui.o
2003.06.15 10:33 B F:\user\l\last.o <-- www.vmud.com /lonely/mudlib/data/user/l last.o
2003.06.15 10:33 B F:\user\l\laugh.o <-- www.vmud.com /lonely/mudlib/data/user/l laugh.o
2003.06.15 10:33 B F:\user\l\laurens.o <-- www.vmud.com /lonely/mudlib/data/user/l laurens.o
2003.06.15 10:33 B F:\user\l\layer.o <-- www.vmud.com /lonely/mudlib/data/user/l layer.o
2003.06.15 10:33 B F:\user\l\lays.o <-- www.vmud.com /lonely/mudlib/data/user/l lays.o
2003.06.15 10:33 B F:\user\l\lbx.o <-- www.vmud.com /lonely/mudlib/data/user/l lbx.o
2003.06.15 10:33 B F:\user\l\leeoh.o <-- www.vmud.com /lonely/mudlib/data/user/l leeoh.o
2003.06.15 10:33 B F:\user\l\lelele.o <-- www.vmud.com /lonely/mudlib/data/user/l lelele.o
2003.06.15 10:34 B F:\user\l\lemon.o <-- www.vmud.com /lonely/mudlib/data/user/l lemon.o
2003.06.15 10:34 B F:\user\l\leontin.o <-- www.vmud.com /lonely/mudlib/data/user/l leontin.o
2003.06.15 10:34 B F:\user\l\leooo.o <-- www.vmud.com /lonely/mudlib/data/user/l leooo.o
2003.06.15 10:34 B F:\user\l\lerya.o <-- www.vmud.com /lonely/mudlib/data/user/l lerya.o
2003.06.15 10:34 B F:\user\l\lianni.o <-- www.vmud.com /lonely/mudlib/data/user/l lianni.o
2003.06.15 10:34 B F:\user\l\lianyi.o <-- www.vmud.com /lonely/mudlib/data/user/l lianyi.o
2003.06.15 10:34 B F:\user\l\libai.o <-- www.vmud.com /lonely/mudlib/data/user/l libai.o
2003.06.15 10:34 B F:\user\l\lili.o <-- www.vmud.com /lonely/mudlib/data/user/l lili.o
2003.06.15 10:34 B F:\user\l\lilin.o <-- www.vmud.com /lonely/mudlib/data/user/l lilin.o
2003.06.15 10:34 B F:\user\l\lilina.o <-- www.vmud.com /lonely/mudlib/data/user/l lilina.o
2003.06.15 10:34 B F:\user\l\limmdy.o <-- www.vmud.com /lonely/mudlib/data/user/l limmdy.o
2003.06.15 10:34 B F:\user\l\limpid.o <-- www.vmud.com /lonely/mudlib/data/user/l limpid.o
2003.06.15 10:34 B F:\user\l\lin.o <-- www.vmud.com /lonely/mudlib/data/user/l lin.o
2003.06.15 10:34 B F:\user\l\linchong.o <-- www.vmud.com /lonely/mudlib/data/user/l linchong.o
2003.06.15 10:34 B F:\user\l\linclon.o <-- www.vmud.com /lonely/mudlib/data/user/l linclon.o
2003.06.15 10:34 B F:\user\l\ling.o <-- www.vmud.com /lonely/mudlib/data/user/l ling.o
2003.06.15 10:34 B F:\user\l\linyueru.o <-- www.vmud.com /lonely/mudlib/data/user/l linyueru.o
2003.06.15 10:34 B F:\user\l\lion.o <-- www.vmud.com /lonely/mudlib/data/user/l lion.o
2003.06.15 10:34 B F:\user\l\liqueur.o <-- www.vmud.com /lonely/mudlib/data/user/l liqueur.o
2003.06.15 10:34 B F:\user\l\lista.o <-- www.vmud.com /lonely/mudlib/data/user/l lista.o
2003.06.15 10:34 B F:\user\l\live.o <-- www.vmud.com /lonely/mudlib/data/user/l live.o
2003.06.15 10:34 B F:\user\l\liwami.o <-- www.vmud.com /lonely/mudlib/data/user/l liwami.o
2003.06.15 10:34 B F:\user\l\lixingui.o <-- www.vmud.com /lonely/mudlib/data/user/l lixingui.o
2003.06.15 10:34 B F:\user\l\ljlj.o <-- www.vmud.com /lonely/mudlib/data/user/l ljlj.o
2003.06.15 10:34 B F:\user\l\lllllb.o <-- www.vmud.com /lonely/mudlib/data/user/l lllllb.o
2003.06.15 10:34 B F:\user\l\lloi.o <-- www.vmud.com /lonely/mudlib/data/user/l lloi.o
2003.06.15 10:34 B F:\user\l\llow.o <-- www.vmud.com /lonely/mudlib/data/user/l llow.o
2003.06.15 10:34 B F:\user\l\lmbc.o <-- www.vmud.com /lonely/mudlib/data/user/l lmbc.o
2003.06.15 10:34 B F:\user\l\local.o <-- www.vmud.com /lonely/mudlib/data/user/l local.o
2003.06.15 10:34 B F:\user\l\lock.o <-- www.vmud.com /lonely/mudlib/data/user/l lock.o
2003.06.15 10:34 B F:\user\l\lok.o <-- www.vmud.com /lonely/mudlib/data/user/l lok.o
2003.06.15 10:34 B F:\user\l\lolo.o <-- www.vmud.com /lonely/mudlib/data/user/l lolo.o
2003.06.15 10:34 B F:\user\l\lom.o <-- www.vmud.com /lonely/mudlib/data/user/l lom.o
2003.06.15 10:34 B F:\user\l\lonely.o <-- www.vmud.com /lonely/mudlib/data/user/l lonely.o
2003.06.15 10:34 B F:\user\l\longsky.o <-- www.vmud.com /lonely/mudlib/data/user/l longsky.o
2003.06.15 10:34 B F:\user\l\longwang.o <-- www.vmud.com /lonely/mudlib/data/user/l longwang.o
2003.06.15 10:34 B F:\user\l\look.o <-- www.vmud.com /lonely/mudlib/data/user/l look.o
2003.06.15 10:34 B F:\user\l\lookid.o <-- www.vmud.com /lonely/mudlib/data/user/l lookid.o
2003.06.15 10:34 B F:\user\l\lookit.o <-- www.vmud.com /lonely/mudlib/data/user/l lookit.o
2003.06.15 10:34 B F:\user\l\loop.o <-- www.vmud.com /lonely/mudlib/data/user/l loop.o
2003.06.15 10:34 B F:\user\l\lopo.o <-- www.vmud.com /lonely/mudlib/data/user/l lopo.o
2003.06.15 10:34 B F:\user\l\lori.o <-- www.vmud.com /lonely/mudlib/data/user/l lori.o
2003.06.15 10:34 B F:\user\l\lostall.o <-- www.vmud.com /lonely/mudlib/data/user/l lostall.o
2003.06.15 10:34 B F:\user\l\louis.o <-- www.vmud.com /lonely/mudlib/data/user/l louis.o
2003.06.15 10:34 B F:\user\l\loulou.o <-- www.vmud.com /lonely/mudlib/data/user/l loulou.o
2003.06.15 10:34 B F:\user\l\love.o <-- www.vmud.com /lonely/mudlib/data/user/l love.o
2003.06.15 10:34 B F:\user\l\lovell.o <-- www.vmud.com /lonely/mudlib/data/user/l lovell.o
2003.06.15 10:34 B F:\user\l\lovewho.o <-- www.vmud.com /lonely/mudlib/data/user/l lovewho.o
2003.06.15 10:34 B F:\user\l\lubaby.o <-- www.vmud.com /lonely/mudlib/data/user/l lubaby.o
2003.06.15 10:34 B F:\user\l\lubei.o <-- www.vmud.com /lonely/mudlib/data/user/l lubei.o
2003.06.15 10:34 B F:\user\l\lucifer.o <-- www.vmud.com /lonely/mudlib/data/user/l lucifer.o
2003.06.15 10:34 B F:\user\l\lucky.o <-- www.vmud.com /lonely/mudlib/data/user/l lucky.o
2003.06.15 10:34 B F:\user\l\lueis.o <-- www.vmud.com /lonely/mudlib/data/user/l lueis.o
2003.06.15 10:34 B F:\user\l\luna.o <-- www.vmud.com /lonely/mudlib/data/user/l luna.o
2003.06.15 10:34 B F:\user\l\luoji.o <-- www.vmud.com /lonely/mudlib/data/user/l luoji.o
2003.06.15 10:34 B F:\user\l\luoluo.o <-- www.vmud.com /lonely/mudlib/data/user/l luoluo.o
2003.06.15 10:34 B F:\user\l\lvbu.o <-- www.vmud.com /lonely/mudlib/data/user/l lvbu.o
2003.06.15 10:34 B F:\user\l\lwb.o <-- www.vmud.com /lonely/mudlib/data/user/l lwb.o
2003.06.15 10:34 B F:\user\l\lwx.o <-- www.vmud.com /lonely/mudlib/data/user/l lwx.o
2003.06.15 10:34 B F:\user\l\lxn.o <-- www.vmud.com /lonely/mudlib/data/user/l lxn.o
2003.06.15 10:34 B F:\user\l\lxw.o <-- www.vmud.com /lonely/mudlib/data/user/l lxw.o
2003.06.15 10:34 B F:\user\l\lywin.o <-- www.vmud.com /lonely/mudlib/data/user/l lywin.o
