99.03.15 09:40 B f:\mirror1\kungfu\class\chongyang\haodatong.c --> www1.yn.cninfo.net /mudcctx/mudlib/kungfu/class/chongyang haodatong.c
99.03.15 09:40 B f:\mirror1\kungfu\class\chongyang\liuchuxuan.c --> www1.yn.cninfo.net /mudcctx/mudlib/kungfu/class/chongyang liuchuxuan.c
99.03.15 09:40 B f:\mirror1\kungfu\class\chongyang\lizhichang.c --> www1.yn.cninfo.net /mudcctx/mudlib/kungfu/class/chongyang lizhichang.c
99.03.15 09:40 B f:\mirror1\kungfu\class\chongyang\mayu.c --> www1.yn.cninfo.net /mudcctx/mudlib/kungfu/class/chongyang mayu.c
99.03.15 09:40 B f:\mirror1\kungfu\class\chongyang\miaodaoyi.c --> www1.yn.cninfo.net /mudcctx/mudlib/kungfu/class/chongyang miaodaoyi.c
99.03.15 09:40 B f:\mirror1\kungfu\class\chongyang\qiuchuji.c --> www1.yn.cninfo.net /mudcctx/mudlib/kungfu/class/chongyang qiuchuji.c
99.03.15 09:40 B f:\mirror1\kungfu\class\chongyang\qizhicheng.c --> www1.yn.cninfo.net /mudcctx/mudlib/kungfu/class/chongyang qizhicheng.c
99.03.15 09:40 B f:\mirror1\kungfu\class\chongyang\sunbuer.c --> www1.yn.cninfo.net /mudcctx/mudlib/kungfu/class/chongyang sunbuer.c
99.03.15 09:40 B f:\mirror1\kungfu\class\chongyang\tanchuduan.c --> www1.yn.cninfo.net /mudcctx/mudlib/kungfu/class/chongyang tanchuduan.c
99.03.15 09:40 B f:\mirror1\kungfu\class\chongyang\wangchongyang.c --> www1.yn.cninfo.net /mudcctx/mudlib/kungfu/class/chongyang wangchongyang.c
99.03.15 09:40 B f:\mirror1\kungfu\class\chongyang\wangchuyi.c --> www1.yn.cninfo.net /mudcctx/mudlib/kungfu/class/chongyang wangchuyi.c
99.03.15 09:40 B f:\mirror1\kungfu\class\chongyang\wangzhitan.c --> www1.yn.cninfo.net /mudcctx/mudlib/kungfu/class/chongyang wangzhitan.c
99.03.15 09:40 B f:\mirror1\kungfu\class\chongyang\yzping.c --> www1.yn.cninfo.net /mudcctx/mudlib/kungfu/class/chongyang yzping.c
99.03.15 09:40 B f:\mirror1\kungfu\class\chongyang\zhangzhijing.c --> www1.yn.cninfo.net /mudcctx/mudlib/kungfu/class/chongyang zhangzhijing.c
99.03.15 09:40 B f:\mirror1\kungfu\class\chongyang\zhangzhixian.c --> www1.yn.cninfo.net /mudcctx/mudlib/kungfu/class/chongyang zhangzhixian.c
99.03.15 09:40 B f:\mirror1\kungfu\class\chongyang\zzjing.c --> www1.yn.cninfo.net /mudcctx/mudlib/kungfu/class/chongyang zzjing.c
99.03.17 11:29 B f:\mirror1\kungfu\class\chongyang\haodatong.c --> www1.yn.cninfo.net /mudlab/mudlib/kungfu/class/chongyang haodatong.c
99.03.17 11:29 B f:\mirror1\kungfu\class\chongyang\liuchuxuan.c --> www1.yn.cninfo.net /mudlab/mudlib/kungfu/class/chongyang liuchuxuan.c
99.03.17 11:29 B f:\mirror1\kungfu\class\chongyang\lizhichang.c --> www1.yn.cninfo.net /mudlab/mudlib/kungfu/class/chongyang lizhichang.c
99.03.17 11:29 B f:\mirror1\kungfu\class\chongyang\mayu.c --> www1.yn.cninfo.net /mudlab/mudlib/kungfu/class/chongyang mayu.c
99.03.17 11:29 B f:\mirror1\kungfu\class\chongyang\miaodaoyi.c --> www1.yn.cninfo.net /mudlab/mudlib/kungfu/class/chongyang miaodaoyi.c
99.03.17 11:29 B f:\mirror1\kungfu\class\chongyang\qiuchuji.c --> www1.yn.cninfo.net /mudlab/mudlib/kungfu/class/chongyang qiuchuji.c
99.03.17 11:29 B f:\mirror1\kungfu\class\chongyang\qizhicheng.c --> www1.yn.cninfo.net /mudlab/mudlib/kungfu/class/chongyang qizhicheng.c
99.03.17 11:29 B f:\mirror1\kungfu\class\chongyang\sunbuer.c --> www1.yn.cninfo.net /mudlab/mudlib/kungfu/class/chongyang sunbuer.c
99.03.17 11:29 B f:\mirror1\kungfu\class\chongyang\tanchuduan.c --> www1.yn.cninfo.net /mudlab/mudlib/kungfu/class/chongyang tanchuduan.c
99.03.17 11:29 B f:\mirror1\kungfu\class\chongyang\wangchongyang.c --> www1.yn.cninfo.net /mudlab/mudlib/kungfu/class/chongyang wangchongyang.c
99.03.17 11:29 B f:\mirror1\kungfu\class\chongyang\wangchuyi.c --> www1.yn.cninfo.net /mudlab/mudlib/kungfu/class/chongyang wangchuyi.c
99.03.17 11:29 B f:\mirror1\kungfu\class\chongyang\wangzhitan.c --> www1.yn.cninfo.net /mudlab/mudlib/kungfu/class/chongyang wangzhitan.c
