1422762421 13 0
1422762421 51 0 51 0
1415263677 51 0 51 0
1415263500 51 0 51 0
1415263200 51 0 51 0
1415262900 51 0 51 0
1415262600 51 0 51 0
1415262300 51 0 51 0
1415262000 51 0 51 0
1415261700 51 0 51 0
1415261400 51 0 51 0
1415261100 51 0 51 0
1415260800 51 0 51 0
1415260500 51 0 51 0
1415260200 51 0 51 0
1415259900 51 0 51 0
1415259600 51 0 51 0
1415259300 51 0 51 0
1415259000 51 0 51 0
1415258700 51 0 52 0
1415258400 52 0 52 0
1415258100 40 0 52 0
1415257800 40 0 40 0
1415257500 40 0 40 0
1415257200 40 0 40 0
1415256900 40 0 40 0
1415256600 40 0 40 0
1415256300 40 0 40 0
1415256000 40 0 40 0
1415255700 40 0 40 0
1415255400 40 0 40 0
1415255100 40 0 40 0
1415254800 40 0 40 0
1415254500 40 0 40 0
1415254200 40 0 40 0
1415253900 40 0 40 0
1415253600 40 0 40 0
1415253300 40 0 40 0
1415253000 40 0 40 0
1415252700 40 0 40 0
1415252400 40 0 40 0
1415252100 40 0 40 0
1415251800 40 0 40 0
1415251500 40 0 40 0
1415251200 40 0 40 0
1415250900 40 0 40 0
1415250600 40 0 40 0
1415250300 40 0 40 0
1415250000 40 0 40 0
1415249700 40 0 40 0
1415249400 40 0 40 0
1415249100 40 0 40 0
1415248800 40 0 40 0
1415248500 40 0 40 0
1415248200 45 0 47 0
1415247900 47 0 47 0
1415247600 47 0 47 0
1415247300 47 0 47 0
1415247000 47 0 47 0
1415246700 47 0 47 0
1415246400 47 0 47 0
1415246100 47 0 47 0
1415245800 47 0 47 0
1415245500 47 0 47 0
1415245200 47 0 47 0
1415244900 47 0 47 0
1415244600 47 0 47 0
1415244300 47 0 47 0
1415244000 47 0 47 0
1415243700 47 0 47 0
1415243400 47 0 47 0
1415243100 47 0 47 0
1415242800 47 0 47 0
1415242500 47 0 47 0
1415242200 47 0 47 0
1415241900 47 0 47 0
1415241600 47 0 47 0
1415241300 47 0 47 0
1415241000 47 0 47 0
1415240700 47 0 47 0
1415240400 47 0 47 0
1415240100 47 0 47 0
1415239800 47 0 47 0
1415239500 47 0 47 0
1415239200 47 0 47 0
1415238900 47 0 47 0
1415238600 47 0 47 0
1415238300 47 0 47 0
1415238000 47 0 47 0
1415237700 47 0 47 0
1415237400 47 0 47 0
1415237100 47 0 47 0
1415236800 47 0 47 0
1415236500 47 0 47 0
1415236200 47 0 47 0
1415235900 47 0 47 0
1415235600 47 0 47 0
1415235300 47 0 47 0
1415235000 47 0 47 0
1415234700 47 0 47 0
1415234400 47 0 47 0
1415234100 47 0 47 0
1415233800 47 0 47 0
1415233500 47 0 47 0
1415233200 47 0 47 0
1415232900 47 0 47 0
1415232600 47 0 47 0
1415232300 47 0 47 0
1415232000 47 0 47 0
1415231700 47 0 47 0
1415231400 47 0 47 0
1415231100 47 0 47 0
1415230800 47 0 47 0
1415230500 47 0 47 0
1415230200 47 0 47 0
1415229900 47 0 47 0
1415229600 47 0 47 0
1415229300 47 0 47 0
1415229000 47 0 47 0
1415228700 47 0 47 0
1415228400 47 0 47 0
1415228100 47 0 47 0
1415227800 47 0 47 0
1415227500 47 0 47 0
1415227200 47 0 47 0
1415226900 47 0 47 0
1415226600 47 0 47 0
1415226300 47 0 47 0
1415226000 47 0 47 0
1415225700 47 0 47 0
1415225400 47 0 47 0
1415225100 47 0 47 0
1415224800 47 0 47 0
1415224500 47 0 47 0
1415224200 47 0 47 0
1415223900 47 0 47 0
1415223600 47 0 47 0
1415223300 47 0 47 0
1415223000 47 0 47 0
1415222700 47 0 47 0
1415222400 47 0 47 0
1415222100 47 0 47 0
1415221800 47 0 47 0
1415221500 47 0 47 0
1415221200 47 0 47 0
1415220900 47 0 47 0
1415220600 47 0 47 0
1415220300 47 0 47 0
1415220000 47 0 47 0
1415219700 47 0 47 0
1415219400 47 0 47 0
1415219100 47 0 47 0
1415218800 47 0 47 0
1415218500 47 0 47 0
1415218200 47 0 47 0
1415217900 47 0 47 0
1415217600 47 0 47 0
1415217300 47 0 47 0
1415217000 47 0 47 0
1415216700 47 0 47 0
1415216400 47 0 47 0
1415216100 47 0 47 0
1415215800 47 0 47 0
1415215500 47 0 47 0
1415215200 47 0 47 0
1415214900 47 0 47 0
1415214600 47 0 47 0
1415214300 47 0 47 0
1415214000 47 0 47 0
1415213700 47 0 47 0
1415213400 47 0 47 0
1415213100 47 0 47 0
1415212800 47 0 47 0
1415212500 47 0 47 0
1415212200 47 0 47 0
1415211900 47 0 47 0
1415211600 47 0 47 0
1415211300 47 0 47 0
1415211000 47 0 47 0
1415210700 47 0 47 0
1415210400 47 0 47 0
1415210100 47 0 47 0
1415209800 47 0 47 0
1415209500 47 0 47 0
1415209200 47 0 47 0
1415208900 47 0 47 0
1415208600 47 0 47 0
1415208300 47 0 47 0
1415208000 47 0 47 0
1415207700 47 0 47 0
1415207400 47 0 47 0
1415207100 47 0 47 0
1415206800 47 0 47 0
1415206500 47 0 47 0
1415206200 47 0 47 0
1415205900 47 0 47 0
1415205600 47 0 47 0
1415205300 47 0 47 0
1415205000 47 0 47 0
1415204700 47 0 47 0
1415204400 47 0 47 0
1415204100 47 0 47 0
1415203800 47 0 47 0
1415203500 47 0 47 0
1415203200 47 0 47 0
1415202900 47 0 47 0
1415202600 47 0 47 0
1415202300 47 0 47 0
1415202000 47 0 47 0
1415201700 47 0 47 0
1415201400 47 0 47 0
1415201100 47 0 47 0
1415200800 47 0 47 0
1415200500 47 0 47 0
1415200200 47 0 47 0
1415199900 47 0 47 0
1415199600 47 0 47 0
1415199300 47 0 47 0
1415199000 47 0 47 0
1415198700 47 0 47 0
1415198400 47 0 47 0
1415198100 47 0 47 0
1415197800 33 0 47 0
1415197500 31 0 31 0
1415197200 31 0 31 0
1415196900 31 0 31 0
1415196600 31 0 31 0
1415196300 31 0 31 0
1415196000 31 0 31 0
1415195700 31 0 32 0
1415195400 32 0 32 0
1415195100 32 0 32 0
1415194800 32 0 32 0
1415194500 32 0 32 0
1415194200 32 0 32 0
1415193900 32 0 32 0
1415193600 32 0 32 0
1415193300 32 0 32 0
1415193000 32 0 33 0
1415192700 33 0 33 0
1415192400 33 0 33 0
1415192100 33 0 33 0
1415191800 33 0 33 0
1415191500 33 0 33 0
1415191200 33 0 33 0
1415190900 33 0 33 0
1415190600 33 0 33 0
1415190300 33 0 33 0
1415190000 33 0 33 0
1415189700 33 0 33 0
1415189400 33 0 33 0
1415189100 33 0 33 0
1415188800 33 0 33 0
1415188500 33 0 33 0
1415188200 33 0 33 0
1415187900 33 0 33 0
1415187600 33 0 33 0
1415187300 33 0 33 0
1415187000 33 0 33 0
1415186700 33 0 33 0
1415186400 33 0 33 0
1415186100 33 0 33 0
1415185800 33 0 33 0
1415185500 33 0 33 0
1415185200 33 0 33 0
1415184900 33 0 33 0
1415184600 33 0 33 0
1415184300 33 0 33 0
1415184000 33 0 33 0
1415183700 33 0 33 0
1415183400 33 0 33 0
1415183100 33 0 33 0
1415182800 33 0 33 0
1415182500 33 0 33 0
1415182200 33 0 33 0
1415181900 33 0 33 0
1415181600 33 0 33 0
1415181300 33 0 33 0
1415181000 33 0 33 0
1415180700 33 0 33 0
1415180400 33 0 33 0
1415180100 33 0 33 0
1415179800 33 0 33 0
1415179500 33 0 33 0
1415179200 33 0 33 0
1415178900 33 0 33 0
1415178600 33 0 33 0
1415178300 33 0 33 0
1415178000 33 0 33 0
1415177700 33 0 33 0
1415177400 33 0 33 0
1415177100 33 0 33 0
1415176800 33 0 33 0
1415176500 33 0 33 0
1415176200 33 0 33 0
1415175900 33 0 33 0
1415175600 33 0 33 0
1415175300 33 0 33 0
1415175000 33 0 33 0
1415174700 33 0 33 0
1415174400 33 0 33 0
1415174100 33 0 33 0
1415173800 33 0 33 0
1415173500 33 0 33 0
1415173200 33 0 33 0
1415172900 33 0 33 0
1415172600 33 0 33 0
1415172300 33 0 33 0
1415172000 33 0 33 0
1415171700 33 0 33 0
1415171400 33 0 33 0
1415171100 33 0 33 0
1415170800 33 0 33 0
1415170500 33 0 33 0
1415170200 33 0 33 0
1415169900 33 0 33 0
1415169600 33 0 33 0
1415169300 33 0 33 0
1415169000 33 0 33 0
1415168700 33 0 33 0
1415168400 33 0 33 0
1415168100 33 0 33 0
1415167800 33 0 33 0
1415167500 33 0 33 0
1415167200 33 0 33 0
1415166900 33 0 33 0
1415166600 33 0 33 0
1415166300 33 0 33 0
1415166000 33 0 33 0
1415165700 33 0 33 0
1415165400 33 0 33 0
1415165100 33 0 33 0
1415164800 33 0 33 0
1415164500 33 0 33 0
1415164200 33 0 33 0
1415163900 33 0 33 0
1415163600 33 0 33 0
1415163300 33 0 33 0
1415163000 33 0 33 0
1415162700 33 0 33 0
1415162400 33 0 33 0
1415162100 33 0 33 0
1415161800 33 0 33 0
1415161500 33 0 33 0
1415161200 33 0 33 0
1415160900 33 0 33 0
1415160600 33 0 33 0
1415160300 33 0 33 0
1415160000 33 0 33 0
1415159700 33 0 33 0
1415159400 33 0 33 0
1415159100 33 0 33 0
1415158800 33 0 33 0
1415158500 33 0 33 0
1415158200 33 0 33 0
1415157900 33 0 33 0
1415157600 33 0 33 0
1415157300 33 0 33 0
1415157000 33 0 33 0
1415156700 33 0 33 0
1415156400 33 0 33 0
1415156100 33 0 33 0
1415155800 33 0 33 0
1415155500 33 0 33 0
1415155200 33 0 33 0
1415154900 33 0 33 0
1415154600 33 0 33 0
1415154300 33 0 33 0
1415154000 33 0 33 0
1415153700 33 0 33 0
1415153400 33 0 33 0
1415153100 33 0 33 0
1415152800 33 0 33 0
1415152500 33 0 33 0
1415152200 33 0 33 0
1415151900 33 0 33 0
1415151600 33 0 33 0
1415151300 33 0 33 0
1415151000 33 0 33 0
1415150700 33 0 33 0
1415150400 33 0 33 0
1415150100 33 0 33 0
1415149800 33 0 33 0
1415149500 33 0 33 0
1415149200 33 0 33 0
1415148900 33 0 33 0
1415148600 33 0 33 0
1415148300 33 0 33 0
1415148000 33 0 33 0
1415147700 33 0 33 0
1415147400 33 0 33 0
1415147100 33 0 33 0
1415146800 33 0 33 0
1415146500 33 0 33 0
1415146200 33 0 33 0
1415145900 33 0 33 0
1415145600 33 0 33 0
1415145300 33 0 33 0
1415145000 33 0 33 0
1415144700 33 0 33 0
1415144400 33 0 33 0
1415144100 33 0 33 0
1415143800 33 0 33 0
1415143500 33 0 33 0
1415143200 33 0 33 0
1415142900 33 0 33 0
1415142600 33 0 33 0
1415142300 33 0 33 0
1415142000 33 0 33 0
1415141700 33 0 33 0
1415141400 33 0 33 0
1415141100 33 0 33 0
1415140800 33 0 33 0
1415140500 33 0 33 0
1415140200 33 0 33 0
1415139900 33 0 33 0
1415139600 33 0 33 0
1415139300 33 0 33 0
1415139000 33 0 33 0
1415138700 33 0 33 0
1415138400 33 0 33 0
1415138100 33 0 33 0
1415137800 33 0 33 0
1415137500 33 0 33 0
1415137200 33 0 33 0
1415136900 33 0 33 0
1415136600 33 0 33 0
1415136300 33 0 33 0
1415136000 33 0 33 0
1415135700 33 0 33 0
1415135400 33 0 33 0
1415135100 33 0 33 0
1415134800 33 0 33 0
1415134500 33 0 33 0
1415134200 33 0 33 0
1415133900 33 0 33 0
1415133600 33 0 33 0
1415133300 33 0 33 0
1415133000 33 0 33 0
1415132700 33 0 33 0
1415132400 33 0 33 0
1415132100 33 0 33 0
1415131800 33 0 33 0
1415131500 33 0 33 0
1415131200 33 0 33 0
1415130900 33 0 33 0
1415130600 33 0 33 0
1415130300 33 0 33 0
1415130000 33 0 33 0
1415129700 33 0 33 0
1415129400 33 0 33 0
1415129100 33 0 33 0
1415128800 33 0 33 0
1415128500 33 0 33 0
1415128200 33 0 33 0
1415127900 33 0 33 0
1415127600 33 0 33 0
1415127300 33 0 33 0
1415127000 33 0 33 0
1415126700 33 0 33 0
1415126400 33 0 33 0
1415126100 33 0 33 0
1415125800 33 0 33 0
1415125500 33 0 33 0
1415125200 33 0 33 0
1415124900 33 0 33 0
1415124600 33 0 33 0
1415124300 33 0 33 0
1415124000 33 0 33 0
1415123700 33 0 33 0
1415123400 33 0 33 0
1415123100 33 0 33 0
1415122800 33 0 33 0
1415122500 33 0 33 0
1415122200 33 0 33 0
1415121900 33 0 33 0
1415121600 33 0 33 0
1415121300 33 0 33 0
1415121000 33 0 33 0
1415120700 33 0 33 0
1415120400 33 0 33 0
1415120100 33 0 33 0
1415119800 33 0 33 0
1415119500 33 0 33 0
1415119200 33 0 33 0
1415118900 33 0 33 0
1415118600 33 0 33 0
1415118300 33 0 33 0
1415118000 33 0 33 0
1415117700 33 0 33 0
1415117400 33 0 33 0
1415117100 33 0 33 0
1415116800 33 0 33 0
1415116500 33 0 33 0
1415116200 33 0 33 0
1415115900 33 0 33 0
1415115600 33 0 33 0
1415115300 33 0 33 0
1415115000 33 0 33 0
1415114700 33 0 33 0
1415114400 33 0 33 0
1415114100 33 0 33 0
1415113800 33 0 33 0
1415113500 33 0 33 0
1415113200 33 0 33 0
1415112900 33 0 33 0
1415112600 33 0 33 0
1415112300 33 0 33 0
1415112000 33 0 33 0
1415111700 33 0 33 0
1415111400 33 0 33 0
1415111100 33 0 33 0
1415110800 33 0 33 0
1415110500 33 0 33 0
1415110200 33 0 33 0
1415109900 33 0 33 0
1415109600 33 0 33 0
1415109300 33 0 33 0
1415109000 33 0 33 0
1415108700 33 0 33 0
1415108400 33 0 33 0
1415108100 33 0 33 0
1415107800 33 0 33 0
1415107500 33 0 33 0
1415107200 33 0 33 0
1415106900 33 0 33 0
1415106600 33 0 33 0
1415106300 33 0 33 0
1415106000 33 0 33 0
1415105700 33 0 33 0
1415105400 33 0 33 0
1415105100 33 0 33 0
1415104800 33 0 33 0
1415104500 33 0 33 0
1415104200 33 0 33 0
1415103900 33 0 33 0
1415103600 33 0 33 0
1415103300 33 0 33 0
1415103000 33 0 33 0
1415102700 33 0 33 0
1415102400 33 0 33 0
1415102100 33 0 33 0
1415101800 33 0 33 0
1415101500 33 0 33 0
1415101200 33 0 33 0
1415100900 33 0 33 0
1415100600 33 0 33 0
1415100300 33 0 33 0
1415100000 33 0 33 0
1415099700 33 0 33 0
1415099400 33 0 33 0
1415099100 33 0 33 0
1415098800 33 0 33 0
1415098500 33 0 33 0
1415098200 33 0 33 0
1415097900 33 0 33 0
1415097600 33 0 33 0
1415097300 33 0 33 0
1415097000 33 0 33 0
1415096700 33 0 33 0
1415096400 33 0 33 0
1415096100 33 0 33 0
1415095800 33 0 33 0
1415095500 33 0 33 0
1415095200 33 0 33 0
1415094900 33 0 33 0
1415094600 33 0 33 0
1415094300 33 0 33 0
1415094000 33 0 33 0
1415093700 33 0 33 0
1415093400 33 0 33 0
1415093100 33 0 33 0
1415092800 33 0 33 0
1415092500 33 0 33 0
1415092200 33 0 33 0
1415091900 33 0 33 0
1415091600 33 0 33 0
1415091300 33 0 33 0
1415091000 33 0 33 0
1415090700 33 0 33 0
1415090400 33 0 33 0
1415090100 33 0 33 0
1415089800 33 0 33 0
1415089500 33 0 33 0
1415089200 33 0 33 0
1415088900 33 0 33 0
1415088600 33 0 33 0
1415088300 33 0 33 0
1415088000 33 0 33 0
1415087700 33 0 33 0
1415087400 33 0 33 0
1415087100 33 0 33 0
1415086800 33 0 33 0
1415086500 33 0 33 0
1415086200 33 0 33 0
1415085900 33 0 33 0
1415085600 33 0 33 0
1415085300 33 0 33 0
1415085000 33 0 33 0
1415084700 33 0 33 0
1415084400 33 0 33 0
1415084100 33 0 33 0
1415083800 33 0 33 0
1415082600 33 0 33 0
1415080800 33 0 33 0
1415079000 33 0 33 0
1415077200 33 0 33 0
1415075400 33 0 33 0
1415073600 33 0 33 0
1415071800 33 0 33 0
1415070000 33 0 33 0
1415068200 33 0 33 0
1415066400 33 0 33 0
1415064600 33 0 33 0
1415062800 33 0 33 0
1415061000 33 0 33 0
1415059200 33 0 33 0
1415057400 33 0 33 0
1415055600 33 0 33 0
1415053800 33 0 33 0
1415052000 33 0 33 0
1415050200 33 0 33 0
1415048400 33 0 33 0
1415046600 33 0 33 0
1415044800 33 0 33 0
1415043000 33 0 33 0
1415041200 33 0 33 0
1415039400 33 0 33 0
1415037600 33 0 33 0
1415035800 33 0 33 0
1415034000 33 0 33 0
1415032200 33 0 33 0
1415030400 33 0 33 0
1415028600 33 0 33 0
1415026800 33 0 33 0
1415025000 33 0 33 0
1415023200 33 0 33 0
1415021400 33 0 33 0
1415019600 33 0 33 0
1415017800 33 0 33 0
1415016000 33 0 33 0
1415014200 33 0 33 0
1415012400 33 0 33 0
1415010600 33 0 33 0
1415008800 33 0 33 0
1415007000 33 0 33 0
1415005200 33 0 33 0
1415003400 33 0 33 0
1415001600 33 0 33 0
1414999800 33 0 33 0
1414998000 33 0 33 0
1414996200 33 0 33 0
1414994400 33 0 33 0
1414992600 33 0 33 0
1414990800 33 0 33 0
1414989000 33 0 33 0
1414987200 33 0 33 0
1414985400 33 0 33 0
1414983600 33 0 33 0
1414981800 33 0 33 0
1414980000 33 0 33 0
1414978200 33 0 33 0
1414976400 33 0 33 0
1414974600 33 0 33 0
1414972800 33 0 33 0
1414971000 33 0 33 0
1414969200 33 0 33 0
1414967400 33 0 33 0
1414965600 33 0 33 0
1414963800 33 0 33 0
1414962000 33 0 33 0
1414960200 33 0 33 0
1414958400 33 0 33 0
1414956600 33 0 33 0
1414954800 33 0 33 0
1414953000 33 0 33 0
1414951200 33 0 33 0
1414949400 33 0 33 0
1414947600 33 0 33 0
1414945800 33 0 33 0
1414944000 33 0 33 0
1414942200 33 0 33 0
1414940400 33 0 33 0
1414938600 33 0 33 0
1414936800 33 0 33 0
1414935000 33 0 33 0
1414933200 33 0 33 0
1414931400 33 0 33 0
1414929600 33 0 33 0
1414927800 33 0 33 0
1414926000 33 0 33 0
1414924200 33 0 33 0
1414922400 33 0 33 0
1414920600 33 0 33 0
1414918800 33 0 33 0
1414917000 33 0 33 0
1414915200 33 0 33 0
1414913400 33 0 33 0
1414911600 33 0 33 0
1414909800 33 0 33 0
1414908000 33 0 33 0
1414906200 33 0 33 0
1414904400 33 0 33 0
1414902600 33 0 33 0
1414900800 33 0 33 0
1414899000 33 0 33 0
1414897200 33 0 33 0
1414895400 33 0 33 0
1414893600 33 0 33 0
1414891800 33 0 33 0
1414890000 33 0 33 0
1414888200 33 0 33 0
1414886400 33 0 33 0
1414884600 33 0 33 0
1414882800 33 0 33 0
1414881000 33 0 33 0
1414879200 33 0 33 0
1414877400 33 0 33 0
1414875600 33 0 33 0
1414873800 33 0 33 0
1414872000 33 0 33 0
1414870200 33 0 33 0
1414868400 33 0 33 0
1414866600 33 0 33 0
1414864800 33 0 33 0
1414863000 33 0 33 0
1414861200 33 0 33 0
1414859400 33 0 33 0
1414857600 33 0 33 0
1414855800 33 0 33 0
1414854000 33 0 33 0
1414852200 33 0 33 0
1414850400 33 0 33 0
1414848600 33 0 33 0
1414846800 33 0 33 0
1414845000 33 0 33 0
1414843200 33 0 33 0
1414841400 33 0 33 0
1414839600 33 0 33 0
1414837800 33 0 33 0
1414836000 33 0 33 0
1414834200 33 0 33 0
1414832400 33 0 33 0
1414830600 33 0 33 0
1414828800 33 0 33 0
1414827000 33 0 33 0
1414825200 33 0 33 0
1414823400 33 0 33 0
1414821600 33 0 33 0
1414819800 33 0 33 0
1414818000 33 0 33 0
1414816200 33 0 33 0
1414814400 33 0 33 0
1414812600 33 0 33 0
1414810800 33 0 33 0
1414809000 33 0 33 0
1414807200 33 0 33 0
1414805400 33 0 33 0
1414803600 33 0 33 0
1414801800 33 0 33 0
1414800000 33 0 33 0
1414798200 33 0 33 0
1414796400 33 0 33 0
1414794600 33 0 33 0
1414792800 33 0 33 0
1414791000 33 0 33 0
1414789200 33 0 33 0
1414787400 33 0 33 0
1414785600 33 0 33 0
1414783800 33 0 33 0
1414782000 33 0 33 0
1414780200 33 0 33 0
1414778400 33 0 33 0
1414776600 33 0 33 0
1414774800 33 0 33 0
1414773000 33 0 33 0
1414771200 33 0 33 0
1414769400 33 0 33 0
1414767600 33 0 33 0
1414765800 33 0 33 0
1414764000 33 0 33 0
1414762200 33 0 33 0
1414760400 33 0 33 0
1414758600 33 0 33 0
1414756800 33 0 33 0
1414755000 33 0 33 0
1414753200 33 0 33 0
1414751400 33 0 33 0
1414749600 33 0 33 0
1414747800 33 0 33 0
1414746000 33 0 33 0
1414744200 33 0 33 0
1414742400 33 0 33 0
1414740600 33 0 33 0
1414738800 33 0 33 0
1414737000 33 0 33 0
1414735200 33 0 33 0
1414733400 33 0 33 0
1414731600 33 0 33 0
1414729800 33 0 33 0
1414728000 33 0 33 0
1414726200 33 0 33 0
1414724400 33 0 33 0
1414722600 33 0 33 0
1414720800 33 0 33 0
1414719000 33 0 33 0
1414717200 33 0 33 0
1414715400 33 0 33 0
1414713600 33 0 33 0
1414711800 33 0 33 0
1414710000 33 0 33 0
1414708200 33 0 33 0
1414706400 33 0 33 0
1414704600 33 0 33 0
1414702800 33 0 33 0
1414701000 33 0 33 0
1414699200 33 0 33 0
1414697400 33 0 33 0
1414695600 33 0 33 0
1414693800 33 0 33 0
1414692000 33 0 33 0
1414690200 33 0 33 0
1414688400 33 0 33 0
1414686600 33 0 33 0
1414684800 33 0 33 0
1414683000 33 0 33 0
1414681200 33 0 33 0
1414679400 33 0 33 0
1414677600 33 0 33 0
1414675800 33 0 33 0
1414674000 33 0 33 0
1414672200 33 0 33 0
1414670400 33 0 33 0
1414668600 33 0 33 0
1414666800 33 0 33 0
1414665000 33 0 33 0
1414663200 33 0 33 0
1414661400 33 0 33 0
1414659600 33 0 33 0
1414657800 33 0 33 0
1414656000 33 0 33 0
1414654200 33 0 33 0
1414652400 33 0 33 0
1414650600 33 0 33 0
1414648800 33 0 33 0
1414647000 33 0 33 0
1414645200 33 0 33 0
1414643400 33 0 33 0
1414641600 33 0 33 0
1414639800 33 0 33 0
1414638000 33 0 33 0
1414636200 33 0 33 0
1414634400 33 0 33 0
1414632600 33 0 33 0
1414630800 33 0 33 0
1414629000 33 0 33 0
1414627200 33 0 33 0
1414625400 33 0 33 0
1414623600 33 0 33 0
1414621800 33 0 33 0
1414620000 33 0 33 0
1414618200 33 0 33 0
1414616400 33 0 33 0
1414614600 33 0 33 0
1414612800 33 0 33 0
1414611000 33 0 33 0
1414609200 33 0 33 0
1414607400 33 0 33 0
1414605600 33 0 33 0
1414603800 33 0 33 0
1414602000 33 0 33 0
1414600200 33 0 33 0
1414598400 33 0 33 0
1414596600 33 0 33 0
1414594800 33 0 33 0
1414593000 33 0 33 0
1414591200 33 0 33 0
1414589400 33 0 33 0
1414587600 33 0 33 0
1414585800 33 0 33 0
1414584000 33 0 33 0
1414582200 33 0 33 0
1414580400 33 0 33 0
1414578600 33 0 33 0
1414576800 33 0 33 0
1414575000 33 0 33 0
1414573200 33 0 33 0
1414571400 33 0 33 0
1414569600 33 0 33 0
1414567800 33 0 33 0
1414566000 33 0 33 0
1414564200 33 0 33 0
1414562400 33 0 33 0
1414560600 33 0 33 0
1414558800 33 0 33 0
1414557000 33 0 33 0
1414555200 33 0 33 0
1414553400 33 0 33 0
1414551600 33 0 33 0
1414549800 33 0 33 0
1414548000 33 0 33 0
1414546200 33 0 33 0
1414544400 33 0 33 0
1414542600 33 0 33 0
1414540800 33 0 33 0
1414539000 33 0 33 0
1414537200 33 0 33 0
1414535400 33 0 33 0
1414533600 33 0 33 0
1414531800 33 0 33 0
1414530000 33 0 33 0
1414528200 33 0 33 0
1414526400 33 0 33 0
1414524600 33 0 33 0
1414522800 33 0 33 0
1414521000 33 0 33 0
1414519200 33 0 33 0
1414517400 33 0 33 0
1414515600 33 0 33 0
1414513800 33 0 33 0
1414512000 33 0 33 0
1414510200 33 0 33 0
1414508400 33 0 33 0
1414506600 33 0 33 0
1414504800 33 0 33 0
1414503000 33 0 33 0
1414501200 33 0 33 0
1414499400 33 0 33 0
1414497600 33 0 33 0
1414495800 33 0 33 0
1414494000 33 0 33 0
1414492200 33 0 33 0
1414490400 33 0 33 0
1414488600 33 0 33 0
1414486800 33 0 33 0
1414485000 33 0 33 0
1414483200 33 0 33 0
1414481400 33 0 33 0
1414479600 33 0 33 0
1414477800 33 0 33 0
1414476000 33 0 33 0
1414474200 33 0 33 0
1414472400 33 0 33 0
1414470600 33 0 33 0
1414468800 33 0 33 0
1414467000 33 0 33 0
1414465200 33 0 33 0
1414463400 33 0 33 0
1414461600 33 0 33 0
1414459800 33 0 33 0
1414458000 33 0 33 0
1414456200 33 0 33 0
1414454400 33 0 33 0
1414452600 33 0 33 0
1414450800 33 0 33 0
1414449000 33 0 33 0
1414447200 33 0 33 0
1414445400 33 0 33 0
1414443600 33 0 33 0
1414441800 33 0 33 0
1414440000 33 0 33 0
1414438200 33 0 33 0
1414436400 33 0 33 0
1414434600 33 0 33 0
1414432800 33 0 33 0
1414431000 33 0 33 0
1414429200 33 0 33 0
1414427400 33 0 33 0
1414425600 33 0 33 0
1414423800 33 0 33 0
1414422000 33 0 33 0
1414420200 33 0 33 0
1414418400 32 0 33 0
1414416600 31 0 31 0
1414414800 31 0 31 0
1414413000 31 0 31 0
1414411200 31 0 31 0
1414409400 31 0 31 0
1414407600 31 0 31 0
1414405800 31 0 31 0
1414404000 31 0 31 0
1414402200 31 0 31 0
1414400400 31 0 31 0
1414398600 31 0 31 0
1414396800 31 0 31 0
1414395000 30 0 31 0
1414393200 26 0 27 0
1414391400 25 0 26 0
1414389600 24 0 25 0
1414387800 22 0 23 0
1414386000 22 0 22 0
1414384200 22 0 22 0
1414382400 22 0 24 0
1414380600 23 0 24 0
1414378800 22 0 22 0
1414377000 21 0 22 0
1414375200 20 0 20 0
1414373400 19 0 20 0
1414371600 19 0 19 0
1414369800 19 0 32 0
1414368000 32 0 32 0
1414366200 32 0 32 0
1414364400 32 0 32 0
1414362600 32 0 32 0
1414360800 32 0 32 0
1414359000 32 0 32 0
1414357200 32 0 32 0
1414355400 32 0 32 0
1414353600 32 0 32 0
1414351800 32 0 32 0
1414350000 32 0 32 0
1414348200 32 0 32 0
1414346400 32 0 32 0
1414344600 32 0 32 0
1414342800 32 0 32 0
1414341000 32 0 32 0
1414339200 32 0 32 0
1414337400 32 0 32 0
1414335600 32 0 33 0
1414333800 33 0 34 0
1414332000 33 0 34 0
1414330200 33 0 34 0
1414328400 34 0 36 0
1414326600 36 0 36 0
1414324800 36 0 36 0
1414323000 35 0 36 0
1414321200 35 0 35 0
1414319400 35 0 35 0
1414317600 34 0 35 0
1414315800 34 0 34 0
1414314000 34 0 34 0
1414312200 34 0 34 0
1414310400 34 0 34 0
1414308600 34 0 34 0
1414306800 34 0 34 0
1414305000 34 0 34 0
1414303200 34 0 34 0
1414301400 33 0 34 0
1414299600 26 0 33 0
1414297800 32 0 33 0
1414296000 32 0 32 0
1414294200 32 0 32 0
1414292400 32 0 32 0
1414290600 32 0 32 0
1414288800 32 0 32 0
1414287000 32 0 32 0
1414285200 31 0 32 0
1414283400 31 0 32 0
1414281600 32 0 32 0
1414279800 32 0 32 0
1414278000 32 0 32 0
1414276200 32 0 32 0
1414274400 32 0 32 0
1414272600 32 0 32 0
1414270800 32 0 32 0
1414269000 32 0 32 0
1414267200 32 0 32 0
1414265400 32 0 32 0
1414263600 32 0 32 0
1414261800 32 0 32 0
1414260000 32 0 32 0
1414258200 32 0 32 0
1414256400 32 0 33 0
1414254600 33 0 34 0
1414252800 33 0 34 0
1414251000 33 0 33 0
1414249200 33 0 33 0
1414247400 33 0 33 0
1414245600 32 0 33 0
1414243800 31 0 31 0
1414242000 31 0 31 0
1414240200 31 0 31 0
1414238400 31 0 31 0
1414236600 31 0 31 0
1414234800 31 0 31 0
1414233000 31 0 31 0
1414231200 30 0 31 0
1414229400 29 0 30 0
1414227600 27 0 28 0
1414225800 26 0 27 0
1414224000 26 0 27 0
1414222200 26 0 27 0
1414220400 25 0 26 0
1414218600 25 0 25 0
1414216800 25 0 25 0
1414215000 25 0 26 0
1414213200 26 0 31 0
1414211400 30 0 31 0
1414209600 25 0 26 0
1414207800 23 0 24 0
1414206000 24 0 24 0
1414204200 24 0 24 0
1414202400 24 0 24 0
1414200600 23 0 24 0
1414198800 23 0 23 0
1414197000 23 0 24 0
1414195200 23 0 24 0
1414193400 23 0 23 0
1414191600 23 0 23 0
1414189800 23 0 23 0
1414188000 23 0 23 0
1414186200 23 0 23 0
1414184400 23 0 23 0
1414182600 23 0 23 0
1414180800 23 0 23 0
1414179000 23 0 23 0
1414177200 23 0 23 0
1414175400 23 0 23 0
1414173600 23 0 23 0
1414171800 23 0 23 0
1414170000 23 0 24 0
1414168200 24 0 24 0
1414166400 23 0 24 0
1414164600 23 0 23 0
1414162800 23 0 23 0
1414161000 23 0 25 0
1414159200 25 0 25 0
1414157400 25 0 25 0
1414155600 25 0 25 0
1414153800 25 0 25 0
1414152000 25 0 25 0
1414150200 25 0 25 0
1414148400 25 0 25 0
1414146600 25 0 26 0
1414144800 26 0 29 0
1414143000 28 0 29 0
1414141200 28 0 28 0
1414139400 28 0 28 0
1414137600 28 0 29 0
1414135800 29 0 29 0
1414134000 29 0 29 0
1414132200 29 0 32 0
1414130400 32 0 32 0
1414128600 32 0 32 0
1414126800 32 0 32 0
1414125000 32 0 33 0
1414123200 32 0 33 0
1414121400 32 0 32 0
1414119600 31 0 32 0
1414117800 29 0 30 0
1414116000 28 0 28 0
1414114200 27 0 28 0
1414112400 24 0 24 0
1414110600 24 0 24 0
1414108800 24 0 24 0
1414107000 24 0 24 0
1414105200 24 0 24 0
1414103400 24 0 24 0
1414101600 24 0 24 0
1414099800 24 0 24 0
1414098000 24 0 24 0
1414096200 24 0 24 0
1414094400 24 0 24 0
1414092600 24 0 24 0
1414090800 24 0 24 0
1414089000 24 0 24 0
1414087200 24 0 31 0
1414085400 31 0 32 0
1414083600 32 0 32 0
1414081800 32 0 32 0
1414080000 32 0 32 0
1414078200 32 0 33 0
1414076400 32 0 33 0
1414074600 32 0 32 0
1414072800 32 0 32 0
1414071000 31 0 32 0
1414069200 31 0 31 0
1414067400 31 0 31 0
1414065600 31 0 31 0
1414063800 31 0 33 0
1414062000 32 0 33 0
1414060200 31 0 34 0
1414058400 33 0 34 0
1414056600 33 0 35 0
1414054800 35 0 35 0
1414053000 35 0 35 0
1414051200 35 0 35 0
1414049400 35 0 35 0
1414047600 35 0 35 0
1414045800 35 0 35 0
1414044000 34 0 35 0
1414042200 34 0 35 0
1414040400 35 0 35 0
1414038600 35 0 35 0
1414036800 35 0 35 0
1414035000 35 0 35 0
1414033200 35 0 35 0
1414031400 35 0 35 0
1414029600 34 0 35 0
1414027800 31 0 31 0
1414026000 31 0 31 0
1414024200 31 0 31 0
1414022400 31 0 31 0
1414020600 31 0 31 0
1414018800 31 0 31 0
1414017000 31 0 31 0
1414015200 31 0 31 0
1414013400 31 0 31 0
1414011600 31 0 31 0
1414009800 31 0 31 0
1414008000 31 0 31 0
1414006200 31 0 31 0
1414004400 31 0 31 0
1414002600 31 0 31 0
1414000800 31 0 33 0
1413993600 30 0 33 0
1413986400 32 0 33 0
1413979200 31 0 33 0
1413972000 35 0 40 0
1413964800 35 0 37 0
1413957600 34 0 35 0
1413950400 35 0 37 0
1413943200 34 0 37 0
1413936000 33 0 33 0
1413928800 33 0 33 0
1413921600 33 0 33 0
1413914400 33 0 35 0
1413907200 34 0 38 0
1413900000 34 0 36 0
1413892800 33 0 35 0
1413885600 32 0 34 0
1413878400 37 0 42 0
1413871200 39 0 42 0
1413864000 39 0 40 0
1413856800 34 0 39 0
1413849600 33 0 33 0
1413842400 33 0 33 0
1413835200 33 0 33 0
1413828000 33 0 34 0
1413820800 34 0 38 0
1413813600 38 0 40 0
1413806400 34 0 40 0
1413799200 29 0 30 0
1413792000 30 0 30 0
1413784800 29 0 30 0
1413777600 29 0 30 0
1413770400 28 0 36 0
1413763200 36 0 36 0
1413756000 35 0 36 0
1413748800 35 0 36 0
1413741600 36 0 39 0
1413734400 38 0 39 0
1413727200 40 0 43 0
1413720000 41 0 43 0
1413712800 42 0 43 0
1413705600 41 0 43 0
1413698400 39 0 42 0
1413691200 39 0 40 0
1413684000 39 0 40 0
1413676800 39 0 40 0
1413669600 40 0 40 0
1413662400 39 0 40 0
1413655200 39 0 40 0
1413648000 39 0 40 0
1413640800 30 0 39 0
1413633600 25 0 28 0
1413626400 29 0 35 0
1413619200 33 0 35 0
1413612000 34 0 35 0
1413604800 29 0 34 0
1413597600 30 0 34 0
1413590400 33 0 33 0
1413583200 33 0 33 0
1413576000 33 0 33 0
1413568800 34 0 39 0
1413561600 37 0 39 0
1413554400 36 0 37 0
1413547200 34 0 37 0
1413540000 35 0 38 0
1413532800 31 0 33 0
1413525600 32 0 36 0
1413518400 34 0 35 0
1413511200 33 0 35 0
1413504000 30 0 31 0
1413496800 31 0 31 0
1413489600 31 0 32 0
1413482400 32 0 33 0
1413475200 32 0 34 0
1413468000 32 0 34 0
1413460800 31 0 31 0
1413453600 31 0 33 0
1413446400 33 0 34 0
1413439200 33 0 34 0
1413432000 31 0 33 0
1413424800 29 0 30 0
1413417600 28 0 28 0
1413410400 28 0 28 0
1413403200 28 0 28 0
1413396000 28 0 28 0
1413388800 29 0 32 0
1413381600 30 0 31 0
1413374400 26 0 29 0
1413367200 30 0 31 0
1413360000 27 0 31 0
1413352800 26 0 26 0
1413345600 27 0 29 0
1413338400 28 0 29 0
1413331200 28 0 29 0
1413324000 29 0 29 0
1413316800 29 0 29 0
1413309600 32 0 34 0
1413302400 33 0 34 0
1413295200 33 0 34 0
1413288000 28 0 34 0
1413280800 26 0 29 0
1413273600 29 0 33 0
1413266400 29 0 30 0
1413259200 27 0 29 0
1413252000 28 0 29 0
1413244800 26 0 28 0
1413237600 26 0 26 0
1413230400 26 0 27 0
1413223200 27 0 28 0
1413216000 24 0 28 0
1413208800 28 0 32 0
1413201600 31 0 34 0
1413194400 22 0 34 0
1413187200 18 0 22 0
1413180000 18 0 22 0
1413172800 18 0 19 0
1413165600 17 0 18 0
1413158400 17 0 17 0
1413151200 17 0 17 0
1413144000 17 0 17 0
1413136800 17 0 20 0
1413129600 21 0 23 0
1413122400 23 0 24 0
1413115200 21 0 24 0
1413108000 23 0 23 0
1413100800 23 0 24 0
1413093600 20 0 24 0
1413086400 17 0 19 0
1413079200 16 0 17 0
1413072000 17 0 17 0
1413064800 17 0 18 0
1413057600 18 0 18 0
1413050400 18 0 19 0
1413043200 17 0 20 0
1413036000 16 0 16 0
1413028800 13 0 17 0
1413021600 20 0 25 0
1413014400 23 0 25 0
1413007200 22 0 23 0
1413000000 22 0 22 0
1412992800 22 0 23 0
1412985600 23 0 23 0
1412978400 23 0 23 0
1412971200 23 0 24 0
1412964000 23 0 25 0
1412956800 22 0 26 0
1412949600 18 0 21 0
1412942400 22 0 27 0
1412935200 27 0 30 0
1412928000 27 0 29 0
1412920800 24 0 26 0
1412913600 24 0 31 0
1412906400 30 0 31 0
1412899200 28 0 28 0
1412892000 28 0 28 0
1412884800 28 0 28 0
1412877600 28 0 29 0
1412870400 29 0 32 0
1412863200 32 0 33 0
1412856000 33 0 36 0
1412848800 37 0 40 0
1412841600 45 0 56 0
1412834400 53 0 53 0
1412827200 52 0 53 0
1412820000 50 0 52 0
1412812800 50 0 50 0
1412805600 50 0 51 0
1412798400 50 0 51 0
1412791200 50 0 50 0
1412784000 49 0 50 0
1412776800 47 0 49 0
1412769600 38 0 40 0
1412762400 40 0 40 0
1412755200 40 0 40 0
1412748000 39 0 46 0
1412740800 46 0 47 0
1412733600 47 0 48 0
1412726400 43 0 48 0
1412719200 46 0 46 0
1412712000 46 0 47 0
1412704800 47 0 49 0
1412697600 48 0 50 0
1412690400 48 0 50 0
1412683200 50 0 51 0
1412676000 47 0 50 0
1412668800 47 0 48 0
1412661600 48 0 50 0
1412654400 49 0 49 0
1412647200 49 0 49 0
1412640000 49 0 49 0
1412632800 49 0 49 0
1412625600 48 0 49 0
1412618400 48 0 49 0
1412611200 48 0 50 0
1412604000 50 0 52 0
1412596800 49 0 52 0
1412589600 49 0 49 0
1412582400 49 0 49 0
1412575200 49 0 50 0
1412568000 47 0 49 0
1412560800 48 0 49 0
1412553600 33 0 33 0
1412546400 33 0 33 0
1412539200 33 0 33 0
1412532000 33 0 34 0
1412524800 38 0 50 0
1412517600 37 0 38 0
1412510400 37 0 37 0
1412503200 36 0 38 0
1412496000 34 0 35 0
1412488800 33 0 35 0
1412481600 31 0 34 0
1412474400 32 0 32 0
1412467200 32 0 33 0
1412460000 33 0 33 0
1412452800 33 0 33 0
1412445600 33 0 39 0
1412438400 37 0 39 0
1412431200 36 0 38 0
1412424000 35 0 36 0
1412416800 36 0 36 0
1412409600 36 0 37 0
1412402400 36 0 37 0
1412395200 36 0 37 0
1412388000 36 0 37 0
1412380800 32 0 36 0
1412373600 31 0 32 0
1412366400 31 0 31 0
1412359200 31 0 32 0
1412352000 34 0 36 0
1412344800 35 0 36 0
1412337600 35 0 36 0
1412330400 35 0 36 0
1412323200 33 0 35 0
1412316000 34 0 35 0
1412308800 38 0 40 0
1412301600 37 0 40 0
1412294400 36 0 36 0
1412287200 36 0 36 0
1412280000 36 0 36 0
1412272800 37 0 40 0
1412265600 40 0 42 0
1412258400 42 0 42 0
1412251200 41 0 42 0
1412244000 41 0 43 0
1412236800 40 0 42 0
1412229600 40 0 42 0
1412222400 39 0 42 0
1412215200 37 0 37 0
1412208000 37 0 37 0
1412200800 37 0 37 0
1412193600 37 0 37 0
1412186400 37 0 42 0
1412179200 41 0 43 0
1412172000 41 0 41 0
1412164800 41 0 42 0
1412157600 42 0 42 0
1412150400 42 0 42 0
1412143200 40 0 42 0
1412136000 42 0 42 0
1412128800 38 0 42 0
1412121600 38 0 38 0
1412114400 38 0 38 0
1412107200 38 0 38 0
1412100000 38 0 42 0
1412092800 42 0 44 0
1412085600 37 0 44 0
1412078400 36 0 41 0
1412071200 39 0 41 0
1412064000 40 0 41 0
1412056800 48 0 52 0
1412049600 52 0 54 0
1412042400 49 0 52 0
1412035200 47 0 47 0
1412028000 47 0 47 0
1412020800 47 0 47 0
1412013600 47 0 48 0
1412006400 48 0 53 0
1411999200 49 0 52 0
1411992000 46 0 47 0
1411984800 49 0 52 0
1411977600 51 0 53 0
1411970400 50 0 52 0
1411963200 50 0 50 0
1411956000 48 0 50 0
1411948800 46 0 46 0
1411941600 46 0 46 0
1411934400 46 0 48 0
1411927200 48 0 49 0
1411920000 46 0 48 0
1411912800 43 0 46 0
1411905600 44 0 48 0
1411898400 50 0 53 0
1411891200 52 0 53 0
1411884000 48 0 51 0
1411876800 50 0 51 0
1411869600 47 0 50 0
1411862400 47 0 49 0
1411855200 49 0 49 0
1411848000 49 0 49 0
1411840800 49 0 50 0
1411833600 49 0 51 0
1411826400 44 0 48 0
1411819200 43 0 44 0
1411812000 45 0 47 0
1411804800 46 0 47 0
1411797600 45 0 47 0
1411790400 44 0 45 0
1411783200 45 0 46 0
1411776000 43 0 43 0
1411768800 43 0 43 0
1411761600 43 0 43 0
1411754400 43 0 47 0
1411747200 43 0 47 0
1411740000 41 0 41 0
1411732800 42 0 46 0
1411725600 46 0 48 0
1411718400 44 0 45 0
1411711200 46 0 48 0
1411704000 46 0 48 0
1411696800 42 0 44 0
1411689600 42 0 42 0
1411682400 42 0 42 0
1411675200 41 0 42 0
1411668000 41 0 46 0
1411660800 42 0 46 0
1411653600 41 0 42 0
1411646400 41 0 45 0
1411639200 45 0 47 0
1411632000 46 0 48 0
1411624800 43 0 48 0
1411617600 36 0 37 0
1411610400 34 0 37 0
1411603200 39 0 42 0
1411596000 42 0 42 0
1411588800 42 0 42 0
1411581600 42 0 43 0
1411574400 42 0 46 0
1411567200 41 0 45 0
1411560000 41 0 42 0
1411552800 43 0 46 0
1411545600 45 0 46 0
1411538400 44 0 45 0
1411531200 44 0 45 0
1411524000 42 0 44 0
1411516800 40 0 41 0
1411509600 41 0 41 0
1411502400 41 0 41 0
1411495200 41 0 45 0
1411488000 43 0 45 0
1411480800 41 0 45 0
1411473600 41 0 42 0
1411466400 41 0 44 0
1411459200 45 0 46 0
1411452000 44 0 46 0
1411444800 44 0 46 0
1411437600 41 0 42 0
1411430400 41 0 41 0
1411423200 41 0 41 0
1411416000 41 0 42 0
1411408800 42 0 44 0
1411401600 45 0 47 0
1411394400 45 0 47 0
1411387200 41 0 45 0
1411380000 46 0 51 0
1411372800 51 0 53 0
1411365600 53 0 53 0
1411358400 50 0 53 0
1411351200 46 0 48 0
1411344000 46 0 47 0
1411336800 47 0 47 0
1411329600 47 0 47 0
1411322400 47 0 50 0
1411315200 50 0 52 0
1411308000 48 0 50 0
1411300800 47 0 49 0
1411293600 46 0 49 0
1411286400 48 0 50 0
1411279200 43 0 47 0
1411272000 43 0 45 0
1411264800 43 0 45 0
1411257600 43 0 43 0
1411250400 43 0 44 0
1411243200 42 0 44 0
1411236000 42 0 51 0
1411228800 49 0 51 0
1411221600 48 0 51 0
1411214400 50 0 51 0
1411207200 48 0 51 0
1411200000 46 0 49 0
1411192800 46 0 47 0
1411185600 45 0 46 0
1411178400 42 0 46 0
1411171200 43 0 43 0
1411164000 43 0 43 0
1411156800 45 0 46 0
1411149600 49 0 54 0
1411142400 48 0 53 0
1411135200 44 0 47 0
1411128000 45 0 50 0
1411120800 50 0 53 0
1411113600 52 0 53 0
1411106400 50 0 52 0
1411099200 47 0 50 0
1411092000 44 0 45 0
1411084800 32 0 42 0
1411077600 42 0 42 0
1411070400 42 0 42 0
1411063200 42 0 47 0
1411056000 47 0 48 0
1411048800 44 0 47 0
1411041600 50 0 56 0
1411034400 57 0 59 0
1411027200 58 0 59 0
1411020000 51 0 58 0
1411012800 45 0 48 0
1411005600 42 0 45 0
1410998400 42 0 42 0
1410991200 42 0 42 0
1410984000 42 0 45 0
1410976800 45 0 47 0
1410969600 45 0 46 0
1410962400 42 0 49 0
1410955200 52 0 58 0
1410948000 58 0 59 0
1410940800 58 0 59 0
1410933600 55 0 58 0
1410926400 52 0 55 0
1410919200 45 0 51 0
1410912000 44 0 44 0
1410904800 44 0 44 0
1410897600 44 0 44 0
1410890400 43 0 46 0
1410883200 47 0 49 0
1410876000 48 0 49 0
1410868800 46 0 48 0
1410861600 47 0 49 0
1410854400 50 0 53 0
1410847200 47 0 48 0
1410840000 45 0 51 0
1410832800 41 0 42 0
1410825600 40 0 42 0
1410818400 42 0 46 0
1410811200 48 0 50 0
1410804000 50 0 55 0
1410796800 51 0 55 0
1410789600 48 0 50 0
1410782400 40 0 46 0
1410775200 41 0 46 0
1410768000 46 0 48 0
1410760800 44 0 47 0
1410753600 45 0 45 0
1410746400 41 0 45 0
1410739200 41 0 41 0
1410732000 41 0 41 0
1410724800 44 0 47 0
1410717600 47 0 47 0
1410710400 46 0 49 0
1410703200 48 0 49 0
1410696000 49 0 50 0
1410688800 47 0 50 0
1410681600 50 0 53 0
1410674400 47 0 51 0
1410667200 44 0 47 0
1410660000 44 0 45 0
1410652800 44 0 45 0
1410645600 44 0 45 0
1410638400 45 0 47 0
1410631200 47 0 50 0
1410624000 44 0 50 0
1410616800 43 0 46 0
1410609600 45 0 46 0
1410602400 45 0 51 0
1410595200 51 0 54 0
1410588000 51 0 54 0
1410580800 40 0 49 0
1410573600 40 0 43 0
1410566400 33 0 43 0
1410559200 43 0 53 0
1410552000 58 0 62 0
1410544800 61 0 64 0
1410537600 55 0 59 0
1410530400 51 0 57 0
1410523200 50 0 54 0
1410516000 52 0 54 0
1410508800 51 0 54 0
1410501600 47 0 50 0
1410494400 41 0 44 0
1410487200 40 0 43 0
1410480000 42 0 42 0
1410472800 42 0 42 0
1410465600 43 0 47 0
1410458400 47 0 51 0
1410451200 54 0 57 0
1410444000 50 0 55 0
1410436800 46 0 48 0
1410429600 42 0 53 0
1410422400 53 0 54 0
1410415200 51 0 54 0
1410408000 47 0 50 0
1410400800 42 0 43 0
1410393600 39 0 39 0
1410386400 39 0 40 0
1410379200 40 0 44 0
1410372000 48 0 60 0
1410364800 57 0 60 0
1410357600 49 0 55 0
1410350400 47 0 53 0
1410343200 47 0 49 0
1410336000 47 0 48 0
1410328800 46 0 50 0
1410321600 47 0 48 0
1410314400 45 0 48 0
1410307200 35 0 44 0
1410300000 29 0 29 0
1410292800 29 0 29 0
1410285600 33 0 47 0
1410278400 49 0 53 0
1410271200 36 0 40 0
1410264000 37 0 43 0
1410256800 43 0 49 0
1410249600 47 0 49 0
1410242400 45 0 50 0
1410235200 43 0 50 0
1410228000 36 0 41 0
1410220800 41 0 41 0
1410213600 41 0 41 0
1410206400 41 0 44 0
1410199200 48 0 52 0
1410192000 48 0 51 0
1410184800 47 0 47 0
1410177600 47 0 47 0
1410170400 38 0 47 0
1410163200 36 0 37 0
1410156000 37 0 37 0
1410148800 35 0 39 0
1410141600 29 0 30 0
1410134400 29 0 29 0
1410127200 29 0 31 0
1410120000 29 0 39 0
1410112800 42 0 51 0
1410105600 46 0 50 0
1410098400 49 0 51 0
1410091200 49 0 50 0
1410084000 48 0 51 0
1410076800 51 0 52 0
1410069600 51 0 53 0
1410062400 39 0 49 0
1410055200 0 0 0 0
1410048000 0 0 0 0
1410040800 0 0 0 0
1410033600 0 0 0 0
1410026400 0 0 0 0
1410019200 0 0 0 0
1410012000 0 0 0 0
1410004800 0 0 0 0
1409997600 0 0 0 0
1409990400 0 0 0 0
1409983200 0 0 0 0
1409976000 0 0 0 0
1409968800 0 0 0 0
1409961600 0 0 0 0
1409954400 0 0 0 0
1409947200 0 0 0 0
1409940000 0 0 0 0
1409932800 0 0 0 0
1409925600 0 0 0 0
1409918400 0 0 0 0
1409911200 0 0 0 0
1409904000 0 0 0 0
1409896800 0 0 0 0
1409889600 0 0 0 0
1409882400 0 0 0 0
1409875200 0 0 0 0
1409868000 0 0 0 0
1409860800 0 0 0 0
1409853600 0 0 0 0
1409846400 0 0 0 0
1409839200 0 0 0 0
1409832000 0 0 0 0
1409824800 0 0 0 0
1409817600 0 0 0 0
1409810400 0 0 0 0
1409803200 0 0 0 0
1409796000 0 0 0 0
1409788800 0 0 0 0
1409781600 0 0 0 0
1409774400 0 0 0 0
1409767200 0 0 0 0
1409760000 0 0 0 0
1409752800 0 0 0 0
1409745600 0 0 0 0
1409738400 0 0 0 0
1409731200 0 0 0 0
1409724000 0 0 0 0
1409716800 0 0 0 0
1409709600 0 0 0 0
1409702400 0 0 0 0
1409695200 0 0 0 0
1409688000 0 0 0 0
1409680800 0 0 0 0
1409616000 0 0 0 0
1409529600 0 0 0 0
1409443200 0 0 0 0
1409356800 0 0 0 0
1409270400 0 0 0 0
1409184000 0 0 0 0
1409097600 0 0 0 0
1409011200 0 0 0 0
1408924800 0 0 0 0
1408838400 0 0 0 0
1408752000 0 0 0 0
1408665600 0 0 0 0
1408579200 0 0 0 0
1408492800 0 0 0 0
1408406400 0 0 0 0
1408320000 0 0 0 0
1408233600 0 0 0 0
1408147200 0 0 0 0
1408060800 0 0 0 0
1407974400 0 0 0 0
1407888000 0 0 0 0
1407801600 0 0 0 0
1407715200 0 0 0 0
1407628800 0 0 0 0
1407542400 0 0 0 0
1407456000 0 0 0 0
1407369600 0 0 0 0
1407283200 0 0 0 0
1407196800 0 0 0 0
1407110400 0 0 0 0
1407024000 0 0 0 0
1406937600 0 0 0 0
1406851200 0 0 0 0
1406764800 0 0 0 0
1406678400 0 0 0 0
1406592000 0 0 0 0
1406505600 0 0 0 0
1406419200 0 0 0 0
1406332800 0 0 0 0
1406246400 0 0 0 0
1406160000 0 0 0 0
1406073600 0 0 0 0
1405987200 0 0 0 0
1405900800 0 0 0 0
1405814400 0 0 0 0
1405728000 0 0 0 0
1405641600 0 0 0 0
1405555200 0 0 0 0
1405468800 0 0 0 0
1405382400 0 0 0 0
1405296000 0 0 0 0
1405209600 0 0 0 0
1405123200 0 0 0 0
1405036800 0 0 0 0
1404950400 0 0 0 0
1404864000 0 0 0 0
1404777600 0 0 0 0
1404691200 0 0 0 0
1404604800 0 0 0 0
1404518400 0 0 0 0
1404432000 0 0 0 0
1404345600 0 0 0 0
1404259200 0 0 0 0
1404172800 0 0 0 0
1404086400 0 0 0 0
1404000000 0 0 0 0
1403913600 0 0 0 0
1403827200 0 0 0 0
1403740800 0 0 0 0
1403654400 0 0 0 0
1403568000 0 0 0 0
1403481600 0 0 0 0
1403395200 0 0 0 0
1403308800 0 0 0 0
1403222400 0 0 0 0
1403136000 0 0 0 0
1403049600 0 0 0 0
1402963200 0 0 0 0
1402876800 0 0 0 0
1402790400 0 0 0 0
1402704000 0 0 0 0
1402617600 0 0 0 0
1402531200 0 0 0 0
1402444800 0 0 0 0
1402358400 0 0 0 0
1402272000 0 0 0 0
1402185600 0 0 0 0
1402099200 0 0 0 0
1402012800 0 0 0 0
1401926400 0 0 0 0
1401840000 0 0 0 0
1401753600 0 0 0 0
1401667200 0 0 0 0
1401580800 0 0 0 0
1401494400 0 0 0 0
1401408000 0 0 0 0
1401321600 0 0 0 0
1401235200 0 0 0 0
1401148800 0 0 0 0
1401062400 0 0 0 0
1400976000 0 0 0 0
1400889600 0 0 0 0
1400803200 0 0 0 0
1400716800 0 0 0 0
1400630400 0 0 0 0
1400544000 0 0 0 0
1400457600 0 0 0 0
1400371200 0 0 0 0
1400284800 0 0 0 0
1400198400 0 0 0 0
1400112000 0 0 0 0
1400025600 0 0 0 0
1399939200 0 0 0 0
1399852800 0 0 0 0
1399766400 0 0 0 0
1399680000 0 0 0 0
1399593600 0 0 0 0
1399507200 0 0 0 0
1399420800 0 0 0 0
1399334400 0 0 0 0
1399248000 0 0 0 0
1399161600 0 0 0 0
1399075200 0 0 0 0
1398988800 0 0 0 0
1398902400 0 0 0 0
1398816000 0 0 0 0
1398729600 0 0 0 0
1398643200 0 0 0 0
1398556800 0 0 0 0
1398470400 0 0 0 0
1398384000 0 0 0 0
1398297600 0 0 0 0
1398211200 0 0 0 0
1398124800 0 0 0 0
1398038400 0 0 0 0
1397952000 0 0 0 0
1397865600 0 0 0 0
1397779200 0 0 0 0
1397692800 0 0 0 0
1397606400 0 0 0 0
1397520000 0 0 0 0
1397433600 0 0 0 0
1397347200 0 0 0 0
1397260800 0 0 0 0
1397174400 0 0 0 0
1397088000 0 0 0 0
1397001600 0 0 0 0
1396915200 0 0 0 0
1396828800 0 0 0 0
1396742400 0 0 0 0
1396656000 0 0 0 0
1396569600 0 0 0 0
1396483200 0 0 0 0
1396396800 0 0 0 0
1396310400 0 0 0 0
1396224000 0 0 0 0
1396137600 0 0 0 0
1396051200 0 0 0 0
1395964800 0 0 0 0
1395878400 0 0 0 0
1395792000 0 0 0 0
1395705600 0 0 0 0
1395619200 0 0 0 0
1395532800 0 0 0 0
1395446400 0 0 0 0
1395360000 0 0 0 0
1395273600 0 0 0 0
1395187200 0 0 0 0
1395100800 0 0 0 0
1395014400 0 0 0 0
1394928000 0 0 0 0
1394841600 0 0 0 0
1394755200 0 0 0 0
1394668800 0 0 0 0
1394582400 0 0 0 0
1394496000 0 0 0 0
1394409600 0 0 0 0
1394323200 0 0 0 0
1394236800 0 0 0 0
1394150400 0 0 0 0
1394064000 0 0 0 0
1393977600 0 0 0 0
1393891200 0 0 0 0
1393804800 0 0 0 0
1393718400 0 0 0 0
1393632000 0 0 0 0
1393545600 0 0 0 0
1393459200 0 0 0 0
1393372800 0 0 0 0
1393286400 0 0 0 0
1393200000 0 0 0 0
1393113600 0 0 0 0
1393027200 0 0 0 0
1392940800 0 0 0 0
1392854400 0 0 0 0
1392768000 0 0 0 0
1392681600 0 0 0 0
1392595200 0 0 0 0
1392508800 0 0 0 0
1392422400 0 0 0 0
1392336000 0 0 0 0
1392249600 0 0 0 0
1392163200 0 0 0 0
1392076800 0 0 0 0
1391990400 0 0 0 0
1391904000 0 0 0 0
1391817600 0 0 0 0
1391731200 0 0 0 0
1391644800 0 0 0 0
1391558400 0 0 0 0
1391472000 0 0 0 0
1391385600 0 0 0 0
1391299200 0 0 0 0
1391212800 0 0 0 0
1391126400 0 0 0 0
1391040000 0 0 0 0
1390953600 0 0 0 0
1390867200 0 0 0 0
1390780800 0 0 0 0
1390694400 0 0 0 0
1390608000 0 0 0 0
1390521600 0 0 0 0
1390435200 0 0 0 0
1390348800 0 0 0 0
1390262400 0 0 0 0
1390176000 0 0 0 0
1390089600 0 0 0 0
1390003200 0 0 0 0
1389916800 0 0 0 0
1389830400 0 0 0 0
1389744000 0 0 0 0
1389657600 0 0 0 0
1389571200 0 0 0 0
1389484800 0 0 0 0
1389398400 0 0 0 0
1389312000 0 0 0 0
1389225600 0 0 0 0
1389139200 0 0 0 0
1389052800 0 0 0 0
1388966400 0 0 0 0
1388880000 0 0 0 0
1388793600 0 0 0 0
1388707200 0 0 0 0
1388620800 0 0 0 0
1388534400 0 0 0 0
1388448000 0 0 0 0
1388361600 0 0 0 0
1388275200 0 0 0 0
1388188800 0 0 0 0
1388102400 0 0 0 0
1388016000 0 0 0 0
1387929600 0 0 0 0
1387843200 0 0 0 0
1387756800 0 0 0 0
1387670400 0 0 0 0
1387584000 0 0 0 0
1387497600 0 0 0 0
1387411200 0 0 0 0
1387324800 0 0 0 0
1387238400 0 0 0 0
1387152000 0 0 0 0
1387065600 0 0 0 0
1386979200 0 0 0 0
1386892800 0 0 0 0
1386806400 0 0 0 0
1386720000 0 0 0 0
1386633600 0 0 0 0
1386547200 0 0 0 0
1386460800 0 0 0 0
1386374400 0 0 0 0
1386288000 0 0 0 0
1386201600 0 0 0 0
1386115200 0 0 0 0
1386028800 0 0 0 0
1385942400 0 0 0 0
1385856000 0 0 0 0
1385769600 0 0 0 0
1385683200 0 0 0 0
1385596800 0 0 0 0
1385510400 0 0 0 0
1385424000 0 0 0 0
1385337600 0 0 0 0
1385251200 0 0 0 0
1385164800 0 0 0 0
1385078400 0 0 0 0
1384992000 0 0 0 0
1384905600 0 0 0 0
1384819200 0 0 0 0
1384732800 0 0 0 0
1384646400 0 0 0 0
1384560000 0 0 0 0
1384473600 0 0 0 0
1384387200 0 0 0 0
1384300800 0 0 0 0
1384214400 0 0 0 0
1384128000 0 0 0 0
1384041600 0 0 0 0
1383955200 0 0 0 0
1383868800 0 0 0 0
1383782400 0 0 0 0
1383696000 0 0 0 0
1383609600 0 0 0 0
1383523200 0 0 0 0
1383436800 0 0 0 0
1383350400 0 0 0 0
1383264000 0 0 0 0
1383177600 0 0 0 0
1383091200 0 0 0 0
1383004800 0 0 0 0
1382918400 0 0 0 0
1382832000 0 0 0 0
1382745600 0 0 0 0
1382659200 0 0 0 0
1382572800 0 0 0 0
1382486400 0 0 0 0
1382400000 0 0 0 0
1382313600 0 0 0 0
1382227200 0 0 0 0
1382140800 0 0 0 0
1382054400 0 0 0 0
1381968000 0 0 0 0
1381881600 0 0 0 0
1381795200 0 0 0 0
1381708800 0 0 0 0
1381622400 0 0 0 0
1381536000 0 0 0 0
1381449600 0 0 0 0
1381363200 0 0 0 0
1381276800 0 0 0 0
1381190400 0 0 0 0
1381104000 0 0 0 0
1381017600 0 0 0 0
1380931200 0 0 0 0
1380844800 0 0 0 0
1380758400 0 0 0 0
1380672000 0 0 0 0
1380585600 0 0 0 0
1380499200 0 0 0 0
1380412800 0 0 0 0
1380326400 0 0 0 0
1380240000 0 0 0 0
1380153600 0 0 0 0
1380067200 0 0 0 0
1379980800 0 0 0 0
1379894400 0 0 0 0
1379808000 0 0 0 0
1379721600 0 0 0 0
1379635200 0 0 0 0
1379548800 0 0 0 0
1379462400 0 0 0 0
1379376000 0 0 0 0
1379289600 0 0 0 0
1379203200 0 0 0 0
1379116800 0 0 0 0
1379030400 0 0 0 0
1378944000 0 0 0 0
1378857600 0 0 0 0
1378771200 0 0 0 0
1378684800 0 0 0 0
1378598400 0 0 0 0
1378512000 0 0 0 0
1378425600 0 0 0 0
1378339200 0 0 0 0
1378252800 0 0 0 0
1378166400 0 0 0 0
1378080000 0 0 0 0
1377993600 0 0 0 0
1377907200 0 0 0 0
1377820800 0 0 0 0
1377734400 0 0 0 0
1377648000 0 0 0 0
1377561600 0 0 0 0
1377475200 0 0 0 0
1377388800 0 0 0 0
1377302400 0 0 0 0
1377216000 0 0 0 0
1377129600 0 0 0 0
1377043200 0 0 0 0
1376956800 0 0 0 0
1376870400 0 0 0 0
1376784000 0 0 0 0
1376697600 0 0 0 0
1376611200 0 0 0 0
1376524800 0 0 0 0
1376438400 0 0 0 0
1376352000 0 0 0 0
1376265600 0 0 0 0
1376179200 0 0 0 0
1376092800 0 0 0 0
1376006400 0 0 0 0
1375920000 0 0 0 0
1375833600 0 0 0 0
1375747200 0 0 0 0
1375660800 0 0 0 0
1375574400 0 0 0 0
1375488000 0 0 0 0
1375401600 0 0 0 0
1375315200 0 0 0 0
1375228800 0 0 0 0
1375142400 0 0 0 0
1375056000 0 0 0 0
1374969600 0 0 0 0
1374883200 0 0 0 0
1374796800 0 0 0 0
1374710400 0 0 0 0
1374624000 0 0 0 0
1374537600 0 0 0 0
1374451200 0 0 0 0
1374364800 0 0 0 0
1374278400 0 0 0 0
1374192000 0 0 0 0
1374105600 0 0 0 0
1374019200 0 0 0 0
1373932800 0 0 0 0
1373846400 0 0 0 0
1373760000 0 0 0 0
1373673600 0 0 0 0
1373587200 0 0 0 0
1373500800 0 0 0 0
1373414400 0 0 0 0
1373328000 0 0 0 0
1373241600 0 0 0 0
1373155200 0 0 0 0
1373068800 0 0 0 0
1372982400 0 0 0 0
1372896000 0 0 0 0
1372809600 0 0 0 0
1372723200 0 0 0 0
1372636800 0 0 0 0
1372550400 0 0 0 0
1372464000 0 0 0 0
1372377600 0 0 0 0
1372291200 0 0 0 0
1372204800 0 0 0 0
1372118400 0 0 0 0
1372032000 0 0 0 0
1371945600 0 0 0 0
1371859200 0 0 0 0
1371772800 0 0 0 0
1371686400 0 0 0 0
1371600000 0 0 0 0
1371513600 0 0 0 0
1371427200 0 0 0 0
1371340800 0 0 0 0
1371254400 0 0 0 0
1371168000 0 0 0 0
1371081600 0 0 0 0
1370995200 0 0 0 0
1370908800 0 0 0 0
1370822400 0 0 0 0
1370736000 0 0 0 0
1370649600 0 0 0 0
1370563200 0 0 0 0
1370476800 0 0 0 0
1370390400 0 0 0 0
1370304000 0 0 0 0
1370217600 0 0 0 0
1370131200 0 0 0 0
1370044800 0 0 0 0
1369958400 0 0 0 0
1369872000 0 0 0 0
1369785600 0 0 0 0
1369699200 0 0 0 0
1369612800 0 0 0 0
1369526400 0 0 0 0
1369440000 0 0 0 0
1369353600 0 0 0 0
1369267200 0 0 0 0
1369180800 0 0 0 0
1369094400 0 0 0 0
1369008000 0 0 0 0
1368921600 0 0 0 0
1368835200 0 0 0 0
1368748800 0 0 0 0
1368662400 0 0 0 0
1368576000 0 0 0 0
1368489600 0 0 0 0
1368403200 0 0 0 0
1368316800 0 0 0 0
1368230400 0 0 0 0
1368144000 0 0 0 0
1368057600 0 0 0 0
1367971200 0 0 0 0
1367884800 0 0 0 0
1367798400 0 0 0 0
1367712000 0 0 0 0
1367625600 0 0 0 0
1367539200 0 0 0 0
1367452800 0 0 0 0
1367366400 0 0 0 0
1367280000 0 0 0 0
1367193600 0 0 0 0
1367107200 0 0 0 0
1367020800 0 0 0 0
1366934400 0 0 0 0
1366848000 0 0 0 0
1366761600 0 0 0 0
1366675200 0 0 0 0
1366588800 0 0 0 0
1366502400 0 0 0 0
1366416000 0 0 0 0
1366329600 0 0 0 0
1366243200 0 0 0 0
1366156800 0 0 0 0
1366070400 0 0 0 0
1365984000 0 0 0 0
1365897600 0 0 0 0
1365811200 0 0 0 0
1365724800 0 0 0 0
1365638400 0 0 0 0
1365552000 0 0 0 0
1365465600 0 0 0 0
1365379200 0 0 0 0
1365292800 0 0 0 0
1365206400 0 0 0 0
1365120000 0 0 0 0
1365033600 0 0 0 0
1364947200 0 0 0 0
1364860800 0 0 0 0
1364774400 0 0 0 0
1364688000 0 0 0 0
1364601600 0 0 0 0
1364515200 0 0 0 0
1364428800 0 0 0 0
1364342400 0 0 0 0
1364256000 0 0 0 0
1364169600 0 0 0 0
1364083200 0 0 0 0
1363996800 0 0 0 0
1363910400 0 0 0 0
1363824000 0 0 0 0
1363737600 0 0 0 0
1363651200 0 0 0 0
1363564800 0 0 0 0
1363478400 0 0 0 0
1363392000 0 0 0 0
1363305600 0 0 0 0
1363219200 0 0 0 0
1363132800 0 0 0 0
1363046400 0 0 0 0
1362960000 0 0 0 0
1362873600 0 0 0 0
1362787200 0 0 0 0
1362700800 0 0 0 0
1362614400 0 0 0 0
1362528000 0 0 0 0
1362441600 0 0 0 0
1362355200 0 0 0 0
1362268800 0 0 0 0
1362182400 0 0 0 0
1362096000 0 0 0 0
1362009600 0 0 0 0
1361923200 0 0 0 0
1361836800 0 0 0 0
1361750400 0 0 0 0
1361664000 0 0 0 0
1361577600 0 0 0 0
1361491200 0 0 0 0
1361404800 0 0 0 0
1361318400 0 0 0 0
1361232000 0 0 0 0
1361145600 0 0 0 0
1361059200 0 0 0 0
1360972800 0 0 0 0
1360886400 0 0 0 0
1360800000 0 0 0 0
1360713600 0 0 0 0
1360627200 0 0 0 0
1360540800 0 0 0 0
1360454400 0 0 0 0
1360368000 0 0 0 0
1360281600 0 0 0 0
1360195200 0 0 0 0
1360108800 0 0 0 0
1360022400 0 0 0 0
1359936000 0 0 0 0
1359849600 0 0 0 0
1359763200 0 0 0 0
1359676800 0 0 0 0
1359590400 0 0 0 0
1359504000 0 0 0 0
1359417600 0 0 0 0
1359331200 0 0 0 0
1359244800 0 0 0 0
1359158400 0 0 0 0
1359072000 0 0 0 0
1358985600 0 0 0 0
1358899200 0 0 0 0
1358812800 0 0 0 0
1358726400 0 0 0 0
1358640000 0 0 0 0
1358553600 0 0 0 0
1358467200 0 0 0 0
1358380800 0 0 0 0
1358294400 0 0 0 0
1358208000 0 0 0 0
1358121600 0 0 0 0
1358035200 0 0 0 0
1357948800 0 0 0 0
1357862400 0 0 0 0
1357776000 0 0 0 0
1357689600 0 0 0 0
1357603200 0 0 0 0
1357516800 0 0 0 0
1357430400 0 0 0 0
1357344000 0 0 0 0
1357257600 0 0 0 0
1357171200 0 0 0 0
1357084800 0 0 0 0
1356998400 0 0 0 0
1356912000 0 0 0 0
1356825600 0 0 0 0
1356739200 0 0 0 0
1356652800 0 0 0 0
1356566400 0 0 0 0
1356480000 0 0 0 0
1356393600 0 0 0 0
1356307200 0 0 0 0
1356220800 0 0 0 0
1356134400 0 0 0 0
1356048000 0 0 0 0
1355961600 0 0 0 0
1355875200 0 0 0 0
1355788800 0 0 0 0
1355702400 0 0 0 0
1355616000 0 0 0 0
1355529600 0 0 0 0
1355443200 0 0 0 0
1355356800 0 0 0 0
1355270400 0 0 0 0
1355184000 0 0 0 0
1355097600 0 0 0 0
1355011200 0 0 0 0
1354924800 0 0 0 0
1354838400 0 0 0 0
1354752000 0 0 0 0
1354665600 0 0 0 0
1354579200 0 0 0 0
1354492800 0 0 0 0
1354406400 0 0 0 0
1354320000 0 0 0 0
1354233600 0 0 0 0
1354147200 0 0 0 0
1354060800 0 0 0 0
1353974400 0 0 0 0
1353888000 0 0 0 0
1353801600 0 0 0 0
1353715200 0 0 0 0
1353628800 0 0 0 0
1353542400 0 0 0 0
1353456000 0 0 0 0
1353369600 0 0 0 0
1353283200 0 0 0 0
1353196800 0 0 0 0
1353110400 0 0 0 0
1353024000 0 0 0 0
1352937600 0 0 0 0
1352851200 0 0 0 0
1352764800 0 0 0 0
1352678400 0 0 0 0
1352592000 0 0 0 0
1352505600 0 0 0 0
1352419200 0 0 0 0
1352332800 0 0 0 0
1352246400 0 0 0 0
1352160000 0 0 0 0
1352073600 0 0 0 0
1351987200 0 0 0 0
1351900800 0 0 0 0
1351814400 0 0 0 0
1351728000 0 0 0 0
1351641600 0 0 0 0
1351555200 0 0 0 0
1351468800 0 0 0 0
1351382400 0 0 0 0
1351296000 0 0 0 0
1351209600 0 0 0 0
1351123200 0 0 0 0
1351036800 0 0 0 0
1350950400 0 0 0 0
1350864000 0 0 0 0
1350777600 0 0 0 0
1350691200 0 0 0 0
1350604800 0 0 0 0
1350518400 0 0 0 0
1350432000 0 0 0 0
1350345600 0 0 0 0
1350259200 0 0 0 0
1350172800 0 0 0 0
1350086400 0 0 0 0
1350000000 0 0 0 0
1349913600 0 0 0 0
1349827200 0 0 0 0
1349740800 0 0 0 0
1349654400 0 0 0 0
1349568000 0 0 0 0
1349481600 0 0 0 0
1349395200 0 0 0 0
1349308800 0 0 0 0
1349222400 0 0 0 0
1349136000 0 0 0 0
1349049600 0 0 0 0
1348963200 0 0 0 0
1348876800 0 0 0 0
1348790400 0 0 0 0
1348704000 0 0 0 0
1348617600 0 0 0 0
1348531200 0 0 0 0
1348444800 0 0 0 0
1348358400 0 0 0 0
1348272000 0 0 0 0
1348185600 0 0 0 0
1348099200 0 0 0 0
1348012800 0 0 0 0
1347926400 0 0 0 0
1347840000 0 0 0 0
1347753600 0 0 0 0
1347667200 0 0 0 0
1347580800 0 0 0 0
1347494400 0 0 0 0
1347408000 0 0 0 0
1347321600 0 0 0 0
1347235200 0 0 0 0
1347148800 0 0 0 0
1347062400 0 0 0 0
1346976000 0 0 0 0
1346889600 0 0 0 0
1346803200 0 0 0 0
1346716800 0 0 0 0
1346630400 0 0 0 0
1346544000 0 0 0 0
1346457600 0 0 0 0
