1388145001 0 0
1388145001 0 0 0 0
1388144701 0 0 0 0
1388144700 0 0 0 0
1388144400 0 0 0 0
1388144100 0 0 0 0
1388143800 0 0 0 0
1388143500 0 0 4 0
1388143200 4 0 4 0
1388142900 4 0 4 0
1388142600 4 0 4 0
1388142300 4 0 4 0
1388142000 4 0 4 0
1388141700 4 0 4 0
1388141400 4 0 4 0
1388141100 4 0 4 0
1388140800 4 0 4 0
1388140500 4 0 4 0
1388140200 4 0 4 0
1388139900 4 0 4 0
1388139600 4 0 4 0
1388139300 4 0 4 0
1388139000 4 0 4 0
1388138700 4 0 4 0
1388138400 4 0 4 0
1388138100 4 0 4 0
1388137800 4 0 4 0
1388137500 4 0 4 0
1388137200 4 0 4 0
1388136900 4 0 4 0
1388136600 4 0 4 0
1388136300 4 0 4 0
1388136000 4 0 4 0
1388135700 4 0 4 0
1388135400 4 0 4 0
1388135100 4 0 4 0
1388134800 4 0 4 0
1388134500 4 0 4 0
1388134200 4 0 4 0
1388133900 4 0 4 0
1388133600 4 0 4 0
1388133300 4 0 4 0
1388133000 4 0 4 0
1388132700 4 0 4 0
1388132400 4 0 4 0
1388132100 4 0 4 0
1388131800 4 0 4 0
1388131500 4 0 4 0
1388131200 4 0 4 0
1388130900 4 0 4 0
1388130600 4 0 4 0
1388130300 4 0 4 0
1388130000 4 0 4 0
1388129700 4 0 4 0
1388129400 4 0 4 0
1388129100 4 0 4 0
1388128800 4 0 4 0
1388128500 4 0 4 0
1388128200 4 0 4 0
1388127900 4 0 4 0
1388127600 4 0 4 0
1388127300 4 0 4 0
1388127000 4 0 4 0
1388126700 4 0 4 0
1388126400 4 0 4 0
1388126100 4 0 4 0
1388125800 4 0 4 0
1388125500 4 0 4 0
1388125200 4 0 4 0
1388124900 4 0 4 0
1388124600 4 0 4 0
1388124300 4 0 4 0
1388124000 4 0 4 0
1388123700 4 0 4 0
1388123400 4 0 4 0
1388123100 4 0 4 0
1388122800 4 0 4 0
1388122500 4 0 4 0
1388122200 4 0 4 0
1388121900 4 0 4 0
1388121600 4 0 4 0
1388121300 4 0 4 0
1388121000 4 0 4 0
1388120700 4 0 4 0
1388120400 4 0 4 0
1388120100 4 0 4 0
1388119800 4 0 4 0
1388119500 4 0 4 0
1388119200 4 0 4 0
1388118900 4 0 4 0
1388118600 4 0 4 0
1388118300 4 0 4 0
1388118000 4 0 4 0
1388117700 4 0 4 0
1388117400 4 0 4 0
1388117100 4 0 4 0
1388116800 4 0 4 0
1388116500 4 0 4 0
1388116200 4 0 4 0
1388115900 4 0 4 0
1388115600 4 0 4 0
1388115300 4 0 4 0
1388115000 4 0 4 0
1388114700 4 0 4 0
1388114400 4 0 4 0
1388114100 4 0 4 0
1388113800 4 0 4 0
1388113500 4 0 4 0
1388113200 4 0 4 0
1388112900 4 0 4 0
1388112600 4 0 4 0
1388112300 4 0 4 0
1388112000 4 0 4 0
1388111700 4 0 4 0
1388111400 4 0 4 0
1388111100 4 0 4 0
1388110800 4 0 4 0
1388110500 4 0 4 0
1388110200 4 0 4 0
1388109900 4 0 4 0
1388109600 4 0 4 0
1388109300 4 0 4 0
1388109000 4 0 4 0
1388108700 4 0 4 0
1388108400 4 0 4 0
1388108100 4 0 4 0
1388107800 4 0 4 0
1388107500 4 0 4 0
1388107200 4 0 4 0
1388106900 4 0 4 0
1388106600 4 0 4 0
1388106300 4 0 4 0
1388106000 4 0 4 0
1388105700 4 0 4 0
1388105400 4 0 4 0
1388105100 4 0 4 0
1388104800 4 0 4 0
1388104500 4 0 4 0
1388104200 4 0 4 0
1388103900 4 0 4 0
1388103600 4 0 4 0
1388103300 4 0 4 0
1388103000 4 0 4 0
1388102700 4 0 4 0
1388102400 4 0 4 0
1388102100 4 0 4 0
1388101800 4 0 4 0
1388101500 4 0 4 0
1388101200 4 0 4 0
1388100900 4 0 4 0
1388100600 4 0 4 0
1388100300 4 0 4 0
1388100000 4 0 4 0
1388099700 4 0 4 0
1388099400 4 0 4 0
1388099100 4 0 4 0
1388098800 4 0 4 0
1388098500 4 0 4 0
1388098200 4 0 4 0
1388097900 4 0 4 0
1388097600 4 0 4 0
1388097300 4 0 4 0
1388097000 4 0 4 0
1388096700 4 0 4 0
1388096400 4 0 4 0
1388096100 4 0 4 0
1388095800 4 0 4 0
1388095500 4 0 4 0
1388095200 4 0 4 0
1388094900 4 0 4 0
1388094600 4 0 4 0
1388094300 4 0 4 0
1388094000 4 0 4 0
1388093700 4 0 4 0
1388093400 4 0 4 0
1388093100 4 0 4 0
1388092800 4 0 4 0
1388092500 4 0 4 0
1388092200 4 0 4 0
1388091900 4 0 4 0
1388091600 4 0 4 0
1388091300 4 0 4 0
1388091000 4 0 4 0
1388090700 4 0 4 0
1388090400 4 0 4 0
1388090100 4 0 4 0
1388089800 4 0 4 0
1388089500 4 0 4 0
1388089200 4 0 4 0
1388088900 4 0 4 0
1388088600 4 0 4 0
1388088300 4 0 4 0
1388088000 4 0 4 0
1388087700 4 0 4 0
1388087400 4 0 4 0
1388087100 4 0 4 0
1388086800 4 0 4 0
1388086500 4 0 4 0
1388086200 4 0 4 0
1388085900 4 0 4 0
1388085600 4 0 4 0
1388085300 4 0 4 0
1388085000 4 0 4 0
1388084700 4 0 4 0
1388084400 4 0 4 0
1388084100 4 0 4 0
1388083800 4 0 4 0
1388083500 4 0 4 0
1388083200 4 0 4 0
1388082900 4 0 4 0
1388082600 4 0 4 0
1388082300 4 0 4 0
1388082000 4 0 4 0
1388081700 4 0 4 0
1388081400 4 0 4 0
1388081100 4 0 4 0
1388080800 4 0 4 0
1388080500 4 0 4 0
1388080200 4 0 4 0
1388079900 4 0 4 0
1388079600 4 0 4 0
1388079300 4 0 4 0
1388079000 4 0 4 0
1388078700 4 0 4 0
1388078400 4 0 4 0
1388078100 4 0 4 0
1388077800 4 0 4 0
1388077500 4 0 4 0
1388077200 4 0 4 0
1388076900 4 0 4 0
1388076600 4 0 4 0
1388076300 4 0 4 0
1388076000 4 0 4 0
1388075700 4 0 4 0
1388075400 4 0 4 0
1388075100 4 0 4 0
1388074800 4 0 4 0
1388074500 4 0 4 0
1388074200 4 0 4 0
1388073900 4 0 4 0
1388073600 4 0 4 0
1388073300 4 0 4 0
1388073000 4 0 4 0
1388072700 4 0 4 0
1388072400 4 0 4 0
1388072100 4 0 4 0
1388071800 4 0 4 0
1388071500 4 0 4 0
1388071200 4 0 4 0
1388070900 4 0 4 0
1388070600 4 0 4 0
1388070300 4 0 4 0
1388070000 4 0 4 0
1388069700 4 0 4 0
1388069400 4 0 4 0
1388069100 4 0 4 0
1388068800 4 0 4 0
1388068500 4 0 4 0
1388068200 4 0 4 0
1388067900 4 0 4 0
1388067600 4 0 4 0
1388067300 4 0 4 0
1388067000 4 0 4 0
1388066700 4 0 4 0
1388066400 4 0 4 0
1388066100 4 0 4 0
1388065800 4 0 4 0
1388065500 4 0 4 0
1388065200 4 0 4 0
1388064900 4 0 4 0
1388064600 4 0 4 0
1388064300 4 0 4 0
1388064000 4 0 4 0
1388063700 4 0 4 0
1388063400 4 0 4 0
1388063100 4 0 4 0
1388062800 4 0 4 0
1388062500 4 0 4 0
1388062200 4 0 4 0
1388061900 4 0 4 0
1388061600 4 0 4 0
1388061300 4 0 4 0
1388061000 4 0 4 0
1388060700 4 0 4 0
1388060400 4 0 4 0
1388060100 4 0 4 0
1388059800 4 0 4 0
1388059500 4 0 4 0
1388059200 4 0 4 0
1388058900 4 0 4 0
1388058600 4 0 4 0
1388058300 4 0 4 0
1388058000 4 0 4 0
1388057700 4 0 4 0
1388057400 4 0 4 0
1388057100 4 0 4 0
1388056800 4 0 4 0
1388056500 4 0 4 0
1388056200 4 0 4 0
1388055900 4 0 4 0
1388055600 4 0 4 0
1388055300 4 0 4 0
1388055000 4 0 4 0
1388054700 4 0 4 0
1388054400 4 0 4 0
1388054100 4 0 4 0
1388053800 4 0 4 0
1388053500 4 0 4 0
1388053200 4 0 4 0
1388052900 4 0 4 0
1388052600 4 0 4 0
1388052300 4 0 4 0
1388052000 4 0 4 0
1388051700 4 0 4 0
1388051400 4 0 4 0
1388051100 4 0 4 0
1388050800 4 0 4 0
1388050500 4 0 4 0
1388050200 4 0 4 0
1388049900 4 0 4 0
1388049600 4 0 4 0
1388049300 4 0 4 0
1388049000 4 0 4 0
1388048700 4 0 4 0
1388048400 4 0 4 0
1388048100 4 0 4 0
1388047800 4 0 4 0
1388047500 4 0 4 0
1388047200 4 0 4 0
1388046900 4 0 4 0
1388046600 4 0 4 0
1388046300 4 0 4 0
1388046000 4 0 4 0
1388045700 4 0 4 0
1388045400 4 0 4 0
1388045100 4 0 4 0
1388044800 4 0 4 0
1388044500 4 0 4 0
1388044200 4 0 4 0
1388043900 4 0 4 0
1388043600 4 0 4 0
1388043300 4 0 4 0
1388043000 4 0 4 0
1388042700 4 0 4 0
1388042400 4 0 4 0
1388042100 4 0 4 0
1388041800 4 0 4 0
1388041500 4 0 4 0
1388041200 4 0 4 0
1388040900 4 0 4 0
1388040600 4 0 4 0
1388040300 4 0 4 0
1388040000 4 0 4 0
1388039700 4 0 4 0
1388039400 4 0 4 0
1388039100 4 0 4 0
1388038800 4 0 4 0
1388038500 4 0 4 0
1388038200 4 0 4 0
1388037900 4 0 4 0
1388037600 4 0 4 0
1388037300 4 0 4 0
1388037000 4 0 4 0
1388036700 4 0 4 0
1388036400 4 0 4 0
1388036100 4 0 4 0
1388035800 4 0 4 0
1388035500 4 0 4 0
1388035200 4 0 4 0
1388034900 4 0 4 0
1388034600 4 0 4 0
1388034300 4 0 4 0
1388034000 4 0 4 0
1388033700 4 0 4 0
1388033400 4 0 4 0
1388033100 4 0 4 0
1388032800 4 0 4 0
1388032500 4 0 4 0
1388032200 4 0 4 0
1388031900 4 0 4 0
1388031600 4 0 4 0
1388031300 4 0 4 0
1388031000 4 0 4 0
1388030700 4 0 4 0
1388030400 4 0 4 0
1388030100 4 0 4 0
1388029800 4 0 4 0
1388029500 4 0 4 0
1388029200 4 0 4 0
1388028900 4 0 4 0
1388028600 4 0 4 0
1388028300 4 0 4 0
1388028000 4 0 4 0
1388027700 4 0 4 0
1388027400 4 0 4 0
1388027100 4 0 4 0
1388026800 4 0 4 0
1388026500 4 0 4 0
1388026200 4 0 4 0
1388025900 4 0 4 0
1388025600 4 0 4 0
1388025300 4 0 4 0
1388025000 4 0 4 0
1388024700 4 0 4 0
1388024400 4 0 4 0
1388024100 4 0 4 0
1388023800 4 0 4 0
1388023500 4 0 4 0
1388023200 4 0 4 0
1388022900 4 0 4 0
1388022600 4 0 4 0
1388022300 4 0 4 0
1388022000 4 0 4 0
1388021700 4 0 4 0
1388021400 4 0 4 0
1388021100 4 0 4 0
1388020800 4 0 4 0
1388020500 4 0 4 0
1388020200 4 0 4 0
1388019900 4 0 4 0
1388019600 4 0 4 0
1388019300 4 0 4 0
1388019000 4 0 4 0
1388018700 4 0 4 0
1388018400 4 0 4 0
1388018100 4 0 4 0
1388017800 4 0 4 0
1388017500 4 0 4 0
1388017200 4 0 4 0
1388016900 4 0 4 0
1388016600 4 0 4 0
1388016300 4 0 4 0
1388016000 4 0 4 0
1388015700 4 0 4 0
1388015400 4 0 4 0
1388015100 4 0 4 0
1388014800 4 0 4 0
1388014500 4 0 4 0
1388014200 4 0 4 0
1388013900 4 0 4 0
1388013600 4 0 4 0
1388013300 4 0 4 0
1388013000 4 0 4 0
1388012700 4 0 4 0
1388012400 4 0 4 0
1388012100 4 0 4 0
1388011800 4 0 4 0
1388011500 4 0 4 0
1388011200 4 0 4 0
1388010900 4 0 4 0
1388010600 4 0 4 0
1388010300 4 0 4 0
1388010000 4 0 4 0
1388009700 4 0 4 0
1388009400 4 0 4 0
1388009100 4 0 4 0
1388008800 4 0 4 0
1388008500 4 0 4 0
1388008200 4 0 4 0
1388007900 4 0 4 0
1388007600 4 0 4 0
1388007300 4 0 4 0
1388007000 4 0 4 0
1388006700 4 0 4 0
1388006400 4 0 4 0
1388006100 4 0 4 0
1388005800 4 0 4 0
1388005500 4 0 4 0
1388005200 4 0 4 0
1388004900 4 0 4 0
1388004600 4 0 4 0
1388004300 4 0 4 0
1388004000 4 0 4 0
1388003700 4 0 4 0
1388003400 4 0 4 0
1388003100 4 0 4 0
1388002800 4 0 4 0
1388002500 4 0 4 0
1388002200 4 0 4 0
1388001900 4 0 4 0
1388001600 4 0 4 0
1388001300 4 0 4 0
1388001000 4 0 4 0
1388000700 4 0 4 0
1388000400 4 0 4 0
1388000100 4 0 4 0
1387999800 4 0 4 0
1387999500 4 0 4 0
1387999200 4 0 4 0
1387998900 4 0 4 0
1387998600 4 0 4 0
1387998300 4 0 4 0
1387998000 4 0 4 0
1387997700 4 0 4 0
1387997400 4 0 4 0
1387997100 4 0 4 0
1387996800 4 0 4 0
1387996500 4 0 4 0
1387996200 4 0 4 0
1387995900 4 0 4 0
1387995600 4 0 4 0
1387995300 4 0 4 0
1387995000 4 0 4 0
1387994700 4 0 4 0
1387994400 4 0 4 0
1387994100 4 0 4 0
1387993800 4 0 4 0
1387993500 4 0 4 0
1387993200 4 0 4 0
1387992900 4 0 4 0
1387992600 4 0 4 0
1387992300 4 0 4 0
1387992000 4 0 4 0
1387991700 4 0 4 0
1387991400 4 0 4 0
1387991100 4 0 4 0
1387990800 4 0 4 0
1387990500 4 0 4 0
1387990200 4 0 4 0
1387989900 4 0 4 0
1387989600 4 0 4 0
1387989300 4 0 4 0
1387989000 4 0 4 0
1387988700 4 0 4 0
1387988400 4 0 4 0
1387988100 4 0 4 0
1387987800 4 0 4 0
1387987500 4 0 4 0
1387987200 4 0 4 0
1387986900 4 0 4 0
1387986600 4 0 4 0
1387986300 4 0 4 0
1387986000 4 0 4 0
1387985700 4 0 4 0
1387985400 4 0 4 0
1387985100 4 0 4 0
1387984800 4 0 4 0
1387984500 4 0 4 0
1387984200 4 0 4 0
1387983900 4 0 4 0
1387983600 4 0 4 0
1387983300 4 0 4 0
1387983000 4 0 4 0
1387982700 4 0 4 0
1387982400 4 0 4 0
1387982100 4 0 4 0
1387981800 4 0 4 0
1387981500 4 0 4 0
1387981200 4 0 4 0
1387980900 4 0 4 0
1387980600 4 0 4 0
1387980300 4 0 4 0
1387980000 4 0 4 0
1387979700 4 0 4 0
1387979400 4 0 4 0
1387979100 4 0 4 0
1387978800 4 0 4 0
1387978500 4 0 4 0
1387978200 4 0 4 0
1387977900 4 0 4 0
1387977600 4 0 4 0
1387977300 4 0 4 0
1387977000 4 0 4 0
1387976700 4 0 4 0
1387976400 4 0 4 0
1387976100 4 0 4 0
1387975800 4 0 4 0
1387975500 4 0 4 0
1387975200 4 0 4 0
1387974900 4 0 4 0
1387974600 4 0 4 0
1387974300 4 0 4 0
1387974000 4 0 4 0
1387973700 4 0 4 0
1387973400 4 0 4 0
1387973100 4 0 4 0
1387972800 4 0 4 0
1387972500 4 0 4 0
1387972200 4 0 4 0
1387971900 4 0 4 0
1387971600 4 0 4 0
1387971300 4 0 4 0
1387971000 4 0 4 0
1387970700 4 0 4 0
1387970400 4 0 4 0
1387970100 4 0 4 0
1387969800 4 0 4 0
1387969500 4 0 4 0
1387969200 4 0 4 0
1387968900 4 0 4 0
1387968600 4 0 4 0
1387968300 4 0 4 0
1387968000 4 0 4 0
1387967700 4 0 4 0
1387967400 4 0 4 0
1387967100 4 0 4 0
1387966800 4 0 4 0
1387966500 4 0 4 0
1387966200 4 0 4 0
1387965900 4 0 4 0
1387965600 4 0 4 0
1387965300 4 0 4 0
1387965000 4 0 4 0
1387963800 4 0 4 0
1387962000 4 0 4 0
1387960200 4 0 4 0
1387958400 4 0 4 0
1387956600 4 0 4 0
1387954800 4 0 4 0
1387953000 4 0 4 0
1387951200 4 0 4 0
1387949400 4 0 4 0
1387947600 4 0 4 0
1387945800 4 0 4 0
1387944000 4 0 4 0
1387942200 4 0 4 0
1387940400 4 0 4 0
1387938600 4 0 4 0
1387936800 4 0 4 0
1387935000 4 0 4 0
1387933200 4 0 4 0
1387931400 4 0 4 0
1387929600 4 0 4 0
1387927800 4 0 4 0
1387926000 4 0 4 0
1387924200 4 0 4 0
1387922400 4 0 4 0
1387920600 4 0 4 0
1387918800 4 0 4 0
1387917000 4 0 4 0
1387915200 4 0 4 0
1387913400 4 0 4 0
1387911600 4 0 4 0
1387909800 4 0 4 0
1387908000 4 0 4 0
1387906200 4 0 4 0
1387904400 4 0 4 0
1387902600 4 0 4 0
1387900800 4 0 4 0
1387899000 4 0 4 0
1387897200 4 0 4 0
1387895400 4 0 4 0
1387893600 4 0 4 0
1387891800 4 0 4 0
1387890000 4 0 4 0
1387888200 4 0 4 0
1387886400 4 0 4 0
1387884600 4 0 4 0
1387882800 4 0 4 0
1387881000 4 0 4 0
1387879200 4 0 4 0
1387877400 4 0 4 0
1387875600 4 0 4 0
1387873800 4 0 4 0
1387872000 4 0 4 0
1387870200 4 0 4 0
1387868400 4 0 4 0
1387866600 4 0 4 0
1387864800 4 0 4 0
1387863000 4 0 4 0
1387861200 4 0 4 0
1387859400 4 0 4 0
1387857600 4 0 4 0
1387855800 4 0 4 0
1387854000 4 0 4 0
1387852200 4 0 4 0
1387850400 4 0 4 0
1387848600 4 0 4 0
1387846800 4 0 4 0
1387845000 4 0 4 0
1387843200 4 0 4 0
1387841400 4 0 4 0
1387839600 4 0 4 0
1387837800 4 0 4 0
1387836000 4 0 4 0
1387834200 4 0 4 0
1387832400 4 0 4 0
1387830600 4 0 4 0
1387828800 4 0 4 0
1387827000 4 0 4 0
1387825200 4 0 4 0
1387823400 4 0 4 0
1387821600 4 0 4 0
1387819800 4 0 4 0
1387818000 4 0 4 0
1387816200 4 0 4 0
1387814400 4 0 4 0
1387812600 4 0 4 0
1387810800 4 0 4 0
1387809000 4 0 4 0
1387807200 4 0 4 0
1387805400 4 0 4 0
1387803600 4 0 4 0
1387801800 4 0 4 0
1387800000 4 0 4 0
1387798200 4 0 4 0
1387796400 4 0 4 0
1387794600 4 0 4 0
1387792800 4 0 4 0
1387791000 4 0 4 0
1387789200 4 0 4 0
1387787400 4 0 4 0
1387785600 4 0 4 0
1387783800 4 0 4 0
1387782000 4 0 4 0
1387780200 4 0 4 0
1387778400 4 0 4 0
1387776600 4 0 4 0
1387774800 4 0 4 0
1387773000 4 0 4 0
1387771200 4 0 4 0
1387769400 4 0 4 0
1387767600 4 0 4 0
1387765800 4 0 4 0
1387764000 4 0 4 0
1387762200 4 0 4 0
1387760400 4 0 4 0
1387758600 4 0 4 0
1387756800 4 0 4 0
1387755000 4 0 4 0
1387753200 4 0 4 0
1387751400 4 0 4 0
1387749600 4 0 4 0
1387747800 4 0 4 0
1387746000 4 0 4 0
1387744200 4 0 4 0
1387742400 4 0 4 0
1387740600 4 0 4 0
1387738800 4 0 4 0
1387737000 4 0 4 0
1387735200 4 0 4 0
1387733400 4 0 4 0
1387731600 4 0 4 0
1387729800 4 0 4 0
1387728000 4 0 4 0
1387726200 4 0 4 0
1387724400 4 0 4 0
1387722600 4 0 4 0
1387720800 4 0 4 0
1387719000 4 0 4 0
1387717200 4 0 4 0
1387715400 4 0 4 0
1387713600 4 0 4 0
1387711800 4 0 4 0
1387710000 4 0 4 0
1387708200 4 0 4 0
1387706400 4 0 4 0
1387704600 4 0 4 0
1387702800 4 0 4 0
1387701000 4 0 4 0
1387699200 4 0 4 0
1387697400 4 0 4 0
1387695600 4 0 4 0
1387693800 4 0 4 0
1387692000 4 0 4 0
1387690200 4 0 4 0
1387688400 4 0 4 0
1387686600 4 0 4 0
1387684800 4 0 4 0
1387683000 4 0 4 0
1387681200 4 0 4 0
1387679400 4 0 4 0
1387677600 4 0 4 0
1387675800 4 0 4 0
1387674000 4 0 4 0
1387672200 4 0 4 0
1387670400 4 0 4 0
1387668600 4 0 4 0
1387666800 4 0 4 0
1387665000 4 0 4 0
1387663200 4 0 4 0
1387661400 4 0 4 0
1387659600 4 0 4 0
1387657800 4 0 4 0
1387656000 4 0 4 0
1387654200 4 0 4 0
1387652400 4 0 4 0
1387650600 4 0 4 0
1387648800 4 0 4 0
1387647000 4 0 4 0
1387645200 4 0 4 0
1387643400 4 0 4 0
1387641600 4 0 4 0
1387639800 4 0 4 0
1387638000 4 0 4 0
1387636200 4 0 4 0
1387634400 4 0 4 0
1387632600 4 0 4 0
1387630800 4 0 4 0
1387629000 4 0 4 0
1387627200 4 0 4 0
1387625400 4 0 4 0
1387623600 4 0 4 0
1387621800 4 0 4 0
1387620000 4 0 4 0
1387618200 4 0 4 0
1387616400 4 0 4 0
1387614600 4 0 4 0
1387612800 4 0 4 0
1387611000 4 0 4 0
1387609200 4 0 4 0
1387607400 4 0 4 0
1387605600 4 0 4 0
1387603800 4 0 4 0
1387602000 4 0 4 0
1387600200 4 0 4 0
1387598400 4 0 4 0
1387596600 4 0 4 0
1387594800 4 0 4 0
1387593000 4 0 4 0
1387591200 4 0 4 0
1387589400 4 0 4 0
1387587600 4 0 4 0
1387585800 4 0 4 0
1387584000 4 0 4 0
1387582200 4 0 4 0
1387580400 4 0 4 0
1387578600 4 0 4 0
1387576800 4 0 4 0
1387575000 4 0 4 0
1387573200 4 0 4 0
1387571400 4 0 4 0
1387569600 4 0 4 0
1387567800 4 0 4 0
1387566000 4 0 4 0
1387564200 4 0 4 0
1387562400 4 0 4 0
1387560600 4 0 4 0
1387558800 4 0 4 0
1387557000 4 0 4 0
1387555200 4 0 4 0
1387553400 4 0 4 0
1387551600 4 0 4 0
1387549800 4 0 4 0
1387548000 4 0 4 0
1387546200 4 0 4 0
1387544400 4 0 4 0
1387542600 4 0 4 0
1387540800 4 0 4 0
1387539000 4 0 4 0
1387537200 4 0 4 0
1387535400 4 0 4 0
1387533600 4 0 4 0
1387531800 4 0 4 0
1387530000 4 0 4 0
1387528200 4 0 4 0
1387526400 4 0 4 0
1387524600 4 0 4 0
1387522800 4 0 4 0
1387521000 4 0 4 0
1387519200 4 0 4 0
1387517400 4 0 4 0
1387515600 4 0 4 0
1387513800 4 0 4 0
1387512000 4 0 4 0
1387510200 4 0 4 0
1387508400 4 0 4 0
1387506600 4 0 4 0
1387504800 4 0 4 0
1387503000 4 0 4 0
1387501200 4 0 4 0
1387499400 4 0 4 0
1387497600 4 0 4 0
1387495800 4 0 4 0
1387494000 4 0 4 0
1387492200 4 0 4 0
1387490400 4 0 4 0
1387488600 4 0 4 0
1387486800 4 0 4 0
1387485000 4 0 4 0
1387483200 4 0 4 0
1387481400 4 0 4 0
1387479600 4 0 4 0
1387477800 4 0 4 0
1387476000 4 0 4 0
1387474200 4 0 4 0
1387472400 4 0 4 0
1387470600 4 0 4 0
1387468800 4 0 4 0
1387467000 4 0 4 0
1387465200 4 0 4 0
1387463400 4 0 4 0
1387461600 4 0 4 0
1387459800 4 0 4 0
1387458000 4 0 4 0
1387456200 4 0 4 0
1387454400 4 0 4 0
1387452600 4 0 4 0
1387450800 4 0 4 0
1387449000 4 0 4 0
1387447200 4 0 4 0
1387445400 4 0 4 0
1387443600 4 0 4 0
1387441800 4 0 4 0
1387440000 4 0 4 0
1387438200 4 0 4 0
1387436400 4 0 4 0
1387434600 4 0 4 0
1387432800 4 0 4 0
1387431000 4 0 4 0
1387429200 4 0 4 0
1387427400 4 0 4 0
1387425600 4 0 4 0
1387423800 4 0 4 0
1387422000 4 0 4 0
1387420200 4 0 4 0
1387418400 4 0 4 0
1387416600 4 0 4 0
1387414800 4 0 4 0
1387413000 4 0 4 0
1387411200 4 0 4 0
1387409400 4 0 4 0
1387407600 4 0 4 0
1387405800 4 0 4 0
1387404000 4 0 4 0
1387402200 4 0 4 0
1387400400 4 0 4 0
1387398600 4 0 4 0
1387396800 4 0 4 0
1387395000 4 0 4 0
1387393200 4 0 4 0
1387391400 4 0 4 0
1387389600 4 0 4 0
1387387800 4 0 4 0
1387386000 4 0 4 0
1387384200 4 0 4 0
1387382400 4 0 4 0
1387380600 4 0 4 0
1387378800 4 0 4 0
1387377000 4 0 4 0
1387375200 4 0 4 0
1387373400 4 0 4 0
1387371600 4 0 4 0
1387369800 4 0 4 0
1387368000 4 0 4 0
1387366200 4 0 4 0
1387364400 4 0 4 0
1387362600 4 0 4 0
1387360800 4 0 4 0
1387359000 4 0 4 0
1387357200 4 0 4 0
1387355400 4 0 4 0
1387353600 4 0 4 0
1387351800 4 0 4 0
1387350000 4 0 4 0
1387348200 4 0 4 0
1387346400 4 0 4 0
1387344600 4 0 4 0
1387342800 4 0 4 0
1387341000 4 0 4 0
1387339200 4 0 4 0
1387337400 4 0 4 0
1387335600 4 0 4 0
1387333800 4 0 4 0
1387332000 4 0 4 0
1387330200 4 0 4 0
1387328400 4 0 4 0
1387326600 4 0 4 0
1387324800 4 0 4 0
1387323000 4 0 4 0
1387321200 4 0 4 0
1387319400 4 0 4 0
1387317600 4 0 4 0
1387315800 4 0 4 0
1387314000 4 0 4 0
1387312200 4 0 4 0
1387310400 4 0 4 0
1387308600 4 0 4 0
1387306800 4 0 4 0
1387305000 4 0 4 0
1387303200 4 0 4 0
1387301400 4 0 4 0
1387299600 4 0 4 0
1387297800 4 0 4 0
1387296000 4 0 4 0
1387294200 4 0 4 0
1387292400 4 0 4 0
1387290600 4 0 4 0
1387288800 4 0 4 0
1387287000 4 0 4 0
1387285200 4 0 4 0
1387283400 4 0 4 0
1387281600 4 0 4 0
1387279800 4 0 4 0
1387278000 4 0 4 0
1387276200 4 0 4 0
1387274400 4 0 4 0
1387272600 4 0 4 0
1387270800 4 0 4 0
1387269000 4 0 4 0
1387267200 4 0 4 0
1387265400 4 0 4 0
1387263600 4 0 4 0
1387261800 4 0 4 0
1387260000 4 0 4 0
1387258200 4 0 4 0
1387256400 4 0 4 0
1387254600 4 0 4 0
1387252800 4 0 4 0
1387251000 4 0 4 0
1387249200 4 0 4 0
1387247400 4 0 4 0
1387245600 4 0 4 0
1387243800 4 0 4 0
1387242000 4 0 4 0
1387240200 4 0 4 0
1387238400 4 0 4 0
1387236600 4 0 4 0
1387234800 4 0 4 0
1387233000 4 0 4 0
1387231200 4 0 4 0
1387229400 4 0 4 0
1387227600 4 0 4 0
1387225800 4 0 4 0
1387224000 4 0 4 0
1387222200 4 0 4 0
1387220400 4 0 4 0
1387218600 4 0 4 0
1387216800 4 0 4 0
1387215000 4 0 4 0
1387213200 4 0 4 0
1387211400 4 0 4 0
1387209600 4 0 4 0
1387207800 4 0 4 0
1387206000 4 0 4 0
1387204200 4 0 4 0
1387202400 4 0 4 0
1387200600 4 0 4 0
1387198800 4 0 4 0
1387197000 4 0 4 0
1387195200 4 0 4 0
1387193400 4 0 4 0
1387191600 4 0 4 0
1387189800 4 0 4 0
1387188000 4 0 4 0
1387186200 4 0 4 0
1387184400 4 0 4 0
1387182600 4 0 4 0
1387180800 4 0 4 0
1387179000 4 0 4 0
1387177200 4 0 4 0
1387175400 4 0 4 0
1387173600 4 0 4 0
1387171800 4 0 4 0
1387170000 4 0 4 0
1387168200 4 0 4 0
1387166400 4 0 4 0
1387164600 4 0 4 0
1387162800 4 0 4 0
1387161000 4 0 4 0
1387159200 4 0 4 0
1387157400 4 0 4 0
1387155600 4 0 4 0
1387153800 4 0 4 0
1387152000 4 0 4 0
1387150200 4 0 4 0
1387148400 4 0 4 0
1387146600 4 0 4 0
1387144800 4 0 4 0
1387143000 4 0 4 0
1387141200 4 0 4 0
1387139400 4 0 4 0
1387137600 4 0 4 0
1387135800 4 0 4 0
1387134000 4 0 4 0
1387132200 4 0 4 0
1387130400 4 0 4 0
1387128600 4 0 4 0
1387126800 4 0 4 0
1387125000 4 0 4 0
1387123200 4 0 4 0
1387121400 4 0 4 0
1387119600 4 0 4 0
1387117800 4 0 4 0
1387116000 4 0 4 0
1387114200 4 0 4 0
1387112400 4 0 4 0
1387110600 4 0 4 0
1387108800 4 0 4 0
1387107000 4 0 4 0
1387105200 4 0 4 0
1387103400 4 0 4 0
1387101600 4 0 4 0
1387099800 4 0 4 0
1387098000 4 0 4 0
1387096200 4 0 4 0
1387094400 4 0 4 0
1387092600 4 0 4 0
1387090800 4 0 4 0
1387089000 4 0 4 0
1387087200 4 0 4 0
1387085400 4 0 4 0
1387083600 4 0 4 0
1387081800 4 0 4 0
1387080000 4 0 4 0
1387078200 4 0 4 0
1387076400 4 0 4 0
1387074600 4 0 4 0
1387072800 4 0 4 0
1387071000 4 0 4 0
1387069200 4 0 4 0
1387067400 4 0 4 0
1387065600 4 0 4 0
1387063800 4 0 4 0
1387062000 4 0 4 0
1387060200 4 0 4 0
1387058400 4 0 4 0
1387056600 4 0 4 0
1387054800 4 0 4 0
1387053000 4 0 4 0
1387051200 4 0 4 0
1387049400 4 0 4 0
1387047600 4 0 4 0
1387045800 4 0 4 0
1387044000 4 0 4 0
1387042200 4 0 4 0
1387040400 4 0 4 0
1387038600 4 0 4 0
1387036800 4 0 4 0
1387035000 4 0 4 0
1387033200 4 0 4 0
1387031400 4 0 4 0
1387029600 4 0 4 0
1387027800 4 0 4 0
1387026000 4 0 4 0
1387024200 4 0 4 0
1387022400 4 0 4 0
1387020600 4 0 4 0
1387018800 4 0 4 0
1387017000 4 0 4 0
1387015200 4 0 4 0
1387013400 4 0 4 0
1387011600 4 0 4 0
1387009800 4 0 4 0
1387008000 4 0 4 0
1387006200 4 0 4 0
1387004400 4 0 4 0
1387002600 4 0 4 0
1387000800 4 0 4 0
1386999000 4 0 4 0
1386997200 4 0 4 0
1386995400 4 0 4 0
1386993600 4 0 4 0
1386991800 4 0 4 0
1386990000 4 0 4 0
1386988200 4 0 4 0
1386986400 4 0 4 0
1386984600 4 0 4 0
1386982800 4 0 4 0
1386981000 4 0 4 0
1386979200 4 0 4 0
1386977400 4 0 4 0
1386975600 4 0 4 0
1386973800 4 0 4 0
1386972000 4 0 4 0
1386970200 4 0 4 0
1386968400 4 0 4 0
1386966600 4 0 4 0
1386964800 4 0 4 0
1386963000 4 0 4 0
1386961200 4 0 4 0
1386959400 4 0 4 0
1386957600 4 0 4 0
1386955800 4 0 4 0
1386954000 4 0 4 0
1386952200 4 0 4 0
1386950400 4 0 4 0
1386948600 4 0 4 0
1386946800 4 0 4 0
1386945000 4 0 4 0
1386943200 4 0 4 0
1386941400 4 0 4 0
1386939600 4 0 4 0
1386937800 4 0 4 0
1386936000 4 0 4 0
1386934200 4 0 4 0
1386932400 4 0 4 0
1386930600 4 0 4 0
1386928800 4 0 4 0
1386927000 4 0 4 0
1386925200 4 0 4 0
1386923400 4 0 4 0
1386921600 4 0 4 0
1386919800 4 0 4 0
1386918000 4 0 4 0
1386916200 4 0 4 0
1386914400 4 0 4 0
1386912600 4 0 4 0
1386910800 4 0 4 0
1386909000 4 0 4 0
1386907200 4 0 4 0
1386905400 4 0 4 0
1386903600 4 0 4 0
1386901800 4 0 4 0
1386900000 4 0 4 0
1386898200 4 0 4 0
1386896400 4 0 4 0
1386894600 4 0 4 0
1386892800 4 0 4 0
1386891000 4 0 4 0
1386889200 4 0 4 0
1386887400 4 0 4 0
1386885600 4 0 4 0
1386883800 4 0 4 0
1386878400 4 0 4 0
1386871200 4 0 4 0
1386864000 4 0 4 0
1386856800 4 0 4 0
1386849600 4 0 4 0
1386842400 4 0 4 0
1386835200 4 0 4 0
1386828000 4 0 4 0
1386820800 4 0 4 0
1386813600 4 0 4 0
1386806400 4 0 4 0
1386799200 4 0 4 0
1386792000 4 0 4 0
1386784800 4 0 4 0
1386777600 4 0 4 0
1386770400 4 0 4 0
1386763200 4 0 4 0
1386756000 4 0 4 0
1386748800 4 0 4 0
1386741600 4 0 4 0
1386734400 4 0 4 0
1386727200 4 0 4 0
1386720000 4 0 4 0
1386712800 4 0 4 0
1386705600 4 0 4 0
1386698400 4 0 4 0
1386691200 4 0 4 0
1386684000 4 0 4 0
1386676800 4 0 4 0
1386669600 4 0 4 0
1386662400 4 0 4 0
1386655200 4 0 4 0
1386648000 4 0 4 0
1386640800 4 0 4 0
1386633600 4 0 4 0
1386626400 4 0 4 0
1386619200 4 0 4 0
1386612000 4 0 4 0
1386604800 4 0 4 0
1386597600 4 0 4 0
1386590400 4 0 4 0
1386583200 4 0 4 0
1386576000 4 0 4 0
1386568800 4 0 4 0
1386561600 4 0 4 0
1386554400 4 0 4 0
1386547200 4 0 4 0
1386540000 4 0 4 0
1386532800 4 0 4 0
1386525600 4 0 4 0
1386518400 4 0 4 0
1386511200 4 0 4 0
1386504000 4 0 4 0
1386496800 4 0 4 0
1386489600 4 0 4 0
1386482400 4 0 4 0
1386475200 4 0 4 0
1386468000 4 0 4 0
1386460800 4 0 4 0
1386453600 4 0 4 0
1386446400 4 0 4 0
1386439200 4 0 4 0
1386432000 4 0 4 0
1386424800 4 0 4 0
1386417600 4 0 4 0
1386410400 4 0 4 0
1386403200 4 0 4 0
1386396000 4 0 4 0
1386388800 4 0 4 0
1386381600 4 0 4 0
1386374400 4 0 4 0
1386367200 4 0 4 0
1386360000 4 0 4 0
1386352800 4 0 4 0
1386345600 4 0 4 0
1386338400 4 0 4 0
1386331200 4 0 4 0
1386324000 4 0 4 0
1386316800 4 0 4 0
1386309600 4 0 4 0
1386302400 4 0 4 0
1386295200 4 0 4 0
1386288000 4 0 4 0
1386280800 4 0 4 0
1386273600 4 0 4 0
1386266400 4 0 4 0
1386259200 4 0 4 0
1386252000 4 0 4 0
1386244800 4 0 4 0
1386237600 4 0 4 0
1386230400 4 0 4 0
1386223200 4 0 4 0
1386216000 4 0 4 0
1386208800 4 0 4 0
1386201600 4 0 4 0
1386194400 4 0 4 0
1386187200 4 0 4 0
1386180000 4 0 4 0
1386172800 4 0 4 0
1386165600 4 0 4 0
1386158400 4 0 4 0
1386151200 4 0 4 0
1386144000 4 0 4 0
1386136800 4 0 4 0
1386129600 4 0 4 0
1386122400 4 0 4 0
1386115200 4 0 4 0
1386108000 4 0 4 0
1386100800 4 0 4 0
1386093600 4 0 4 0
1386086400 4 0 4 0
1386079200 4 0 4 0
1386072000 4 0 4 0
1386064800 4 0 4 0
1386057600 4 0 4 0
1386050400 4 0 4 0
1386043200 4 0 4 0
1386036000 4 0 4 0
1386028800 4 0 4 0
1386021600 4 0 4 0
1386014400 4 0 4 0
1386007200 4 0 4 0
1386000000 4 0 4 0
1385992800 4 0 4 0
1385985600 4 0 4 0
1385978400 4 0 4 0
1385971200 4 0 4 0
1385964000 4 0 4 0
1385956800 4 0 4 0
1385949600 4 0 4 0
1385942400 4 0 4 0
1385935200 4 0 4 0
1385928000 4 0 4 0
1385920800 4 0 4 0
1385913600 4 0 4 0
1385906400 4 0 4 0
1385899200 4 0 4 0
1385892000 4 0 4 0
1385884800 4 0 4 0
1385877600 4 0 4 0
1385870400 4 0 4 0
1385863200 4 0 4 0
1385856000 4 0 4 0
1385848800 4 0 4 0
1385841600 4 0 4 0
1385834400 4 0 4 0
1385827200 4 0 4 0
1385820000 4 0 4 0
1385812800 4 0 4 0
1385805600 4 0 4 0
1385798400 4 0 4 0
1385791200 4 0 4 0
1385784000 4 0 4 0
1385776800 4 0 4 0
1385769600 4 0 4 0
1385762400 4 0 4 0
1385755200 4 0 4 0
1385748000 4 0 4 0
1385740800 4 0 4 0
1385733600 4 0 4 0
1385726400 4 0 4 0
1385719200 4 0 4 0
1385712000 4 0 4 0
1385704800 4 0 4 0
1385697600 4 0 4 0
1385690400 4 0 4 0
1385683200 4 0 4 0
1385676000 4 0 4 0
1385668800 4 0 4 0
1385661600 4 0 4 0
1385654400 4 0 4 0
1385647200 4 0 4 0
1385640000 4 0 4 0
1385632800 4 0 4 0
1385625600 4 0 4 0
1385618400 4 0 4 0
1385611200 4 0 4 0
1385604000 4 0 4 0
1385596800 4 0 4 0
1385589600 4 0 4 0
1385582400 4 0 4 0
1385575200 4 0 4 0
1385568000 4 0 4 0
1385560800 4 0 4 0
1385553600 4 0 4 0
1385546400 4 0 4 0
1385539200 4 0 4 0
1385532000 4 0 4 0
1385524800 4 0 4 0
1385517600 4 0 4 0
1385510400 4 0 4 0
1385503200 4 0 4 0
1385496000 4 0 4 0
1385488800 4 0 4 0
1385481600 4 0 4 0
1385474400 4 0 4 0
1385467200 4 0 4 0
1385460000 4 0 4 0
1385452800 4 0 4 0
1385445600 4 0 4 0
1385438400 4 0 4 0
1385431200 4 0 4 0
1385424000 4 0 4 0
1385416800 4 0 4 0
1385409600 4 0 4 0
1385402400 4 0 4 0
1385395200 4 0 4 0
1385388000 4 0 4 0
1385380800 4 0 4 0
1385373600 4 0 4 0
1385366400 4 0 4 0
1385359200 4 0 4 0
1385352000 4 0 4 0
1385344800 4 0 4 0
1385337600 4 0 4 0
1385330400 4 0 4 0
1385323200 4 0 4 0
1385316000 4 0 4 0
1385308800 4 0 4 0
1385301600 4 0 4 0
1385294400 4 0 4 0
1385287200 4 0 4 0
1385280000 4 0 4 0
1385272800 4 0 4 0
1385265600 4 0 4 0
1385258400 4 0 4 0
1385251200 4 0 4 0
1385244000 4 0 4 0
1385236800 4 0 4 0
1385229600 4 0 4 0
1385222400 4 0 4 0
1385215200 4 0 4 0
1385208000 4 0 4 0
1385200800 4 0 4 0
1385193600 4 0 4 0
1385186400 4 0 4 0
1385179200 4 0 4 0
1385172000 4 0 4 0
1385164800 4 0 4 0
1385157600 4 0 4 0
1385150400 4 0 4 0
1385143200 4 0 4 0
1385136000 4 0 4 0
1385128800 4 0 4 0
1385121600 4 0 4 0
1385114400 4 0 4 0
1385107200 4 0 4 0
1385100000 4 0 4 0
1385092800 4 0 4 0
1385085600 4 0 4 0
1385078400 4 0 4 0
1385071200 4 0 4 0
1385064000 4 0 4 0
1385056800 4 0 4 0
1385049600 4 0 4 0
1385042400 4 0 4 0
1385035200 4 0 4 0
1385028000 4 0 4 0
1385020800 4 0 4 0
1385013600 4 0 4 0
1385006400 4 0 4 0
1384999200 4 0 4 0
1384992000 4 0 4 0
1384984800 4 0 4 0
1384977600 4 0 4 0
1384970400 4 0 4 0
1384963200 4 0 4 0
1384956000 4 0 4 0
1384948800 4 0 4 0
1384941600 4 0 4 0
1384934400 4 0 4 0
1384927200 4 0 4 0
1384920000 4 0 4 0
1384912800 4 0 4 0
1384905600 4 0 4 0
1384898400 4 0 4 0
1384891200 4 0 4 0
1384884000 4 0 4 0
1384876800 4 0 4 0
1384869600 4 0 4 0
1384862400 4 0 4 0
1384855200 4 0 4 0
1384848000 4 0 4 0
1384840800 4 0 4 0
1384833600 4 0 4 0
1384826400 4 0 4 0
1384819200 4 0 4 0
1384812000 4 0 4 0
1384804800 4 0 4 0
1384797600 4 0 4 0
1384790400 4 0 4 0
1384783200 4 0 4 0
1384776000 4 0 4 0
1384768800 4 0 4 0
1384761600 4 0 4 0
1384754400 4 0 4 0
1384747200 4 0 4 0
1384740000 4 0 4 0
1384732800 4 0 4 0
1384725600 4 0 4 0
1384718400 4 0 4 0
1384711200 4 0 4 0
1384704000 4 0 4 0
1384696800 4 0 4 0
1384689600 4 0 4 0
1384682400 4 0 4 0
1384675200 4 0 4 0
1384668000 4 0 4 0
1384660800 4 0 4 0
1384653600 4 0 4 0
1384646400 4 0 4 0
1384639200 4 0 4 0
1384632000 4 0 4 0
1384624800 4 0 4 0
1384617600 4 0 4 0
1384610400 4 0 4 0
1384603200 4 0 4 0
1384596000 4 0 4 0
1384588800 4 0 4 0
1384581600 4 0 4 0
1384574400 4 0 4 0
1384567200 4 0 4 0
1384560000 4 0 4 0
1384552800 4 0 4 0
1384545600 4 0 4 0
1384538400 4 0 4 0
1384531200 4 0 4 0
1384524000 4 0 4 0
1384516800 4 0 4 0
1384509600 4 0 4 0
1384502400 4 0 4 0
1384495200 4 0 4 0
1384488000 4 0 4 0
1384480800 4 0 4 0
1384473600 4 0 4 0
1384466400 4 0 4 0
1384459200 4 0 4 0
1384452000 4 0 4 0
1384444800 4 0 4 0
1384437600 4 0 4 0
1384430400 4 0 4 0
1384423200 4 0 4 0
1384416000 4 0 4 0
1384408800 4 0 4 0
1384401600 4 0 4 0
1384394400 4 0 4 0
1384387200 4 0 4 0
1384380000 4 0 4 0
1384372800 4 0 4 0
1384365600 4 0 4 0
1384358400 4 0 4 0
1384351200 4 0 4 0
1384344000 4 0 4 0
1384336800 4 0 4 0
1384329600 4 0 4 0
1384322400 4 0 4 0
1384315200 4 0 4 0
1384308000 4 0 4 0
1384300800 4 0 4 0
1384293600 4 0 4 0
1384286400 4 0 4 0
1384279200 4 0 4 0
1384272000 4 0 4 0
1384264800 4 0 4 0
1384257600 4 0 4 0
1384250400 4 0 4 0
1384243200 4 0 4 0
1384236000 4 0 4 0
1384228800 4 0 4 0
1384221600 4 0 4 0
1384214400 4 0 4 0
1384207200 4 0 4 0
1384200000 4 0 4 0
1384192800 4 0 4 0
1384185600 4 0 4 0
1384178400 4 0 4 0
1384171200 4 0 4 0
1384164000 4 0 4 0
1384156800 4 0 4 0
1384149600 4 0 4 0
1384142400 4 0 4 0
1384135200 4 0 4 0
1384128000 4 0 4 0
1384120800 4 0 4 0
1384113600 4 0 4 0
1384106400 4 0 4 0
1384099200 4 0 4 0
1384092000 4 0 4 0
1384084800 4 0 4 0
1384077600 4 0 4 0
1384070400 4 0 4 0
1384063200 4 0 4 0
1384056000 4 0 4 0
1384048800 4 0 4 0
1384041600 4 0 4 0
1384034400 4 0 4 0
1384027200 4 0 4 0
1384020000 4 0 4 0
1384012800 4 0 4 0
1384005600 4 0 4 0
1383998400 4 0 4 0
1383991200 4 0 4 0
1383984000 4 0 4 0
1383976800 4 0 4 0
1383969600 4 0 4 0
1383962400 4 0 4 0
1383955200 4 0 4 0
1383948000 4 0 4 0
1383940800 4 0 4 0
1383933600 4 0 4 0
1383926400 4 0 4 0
1383919200 4 0 4 0
1383912000 4 0 4 0
1383904800 4 0 4 0
1383897600 4 0 4 0
1383890400 4 0 4 0
1383883200 4 0 4 0
1383876000 4 0 4 0
1383868800 4 0 4 0
1383861600 4 0 4 0
1383854400 4 0 4 0
1383847200 4 0 4 0
1383840000 4 0 4 0
1383832800 4 0 4 0
1383825600 4 0 4 0
1383818400 4 0 4 0
1383811200 4 0 4 0
1383804000 4 0 4 0
1383796800 4 0 4 0
1383789600 4 0 4 0
1383782400 4 0 4 0
1383775200 4 0 4 0
1383768000 4 0 4 0
1383760800 4 0 4 0
1383753600 4 0 4 0
1383746400 4 0 4 0
1383739200 4 0 4 0
1383732000 4 0 4 0
1383724800 4 0 4 0
1383717600 4 0 4 0
1383710400 4 0 4 0
1383703200 4 0 4 0
1383696000 4 0 4 0
1383688800 4 0 4 0
1383681600 4 0 4 0
1383674400 4 0 4 0
1383667200 4 0 4 0
1383660000 4 0 4 0
1383652800 4 0 4 0
1383645600 4 0 4 0
1383638400 4 0 4 0
1383631200 4 0 4 0
1383624000 4 0 4 0
1383616800 4 0 4 0
1383609600 4 0 4 0
1383602400 4 0 4 0
1383595200 4 0 4 0
1383588000 4 0 4 0
1383580800 4 0 4 0
1383573600 4 0 4 0
1383566400 4 0 4 0
1383559200 4 0 4 0
1383552000 4 0 4 0
1383544800 4 0 4 0
1383537600 4 0 4 0
1383530400 4 0 4 0
1383523200 4 0 4 0
1383516000 4 0 4 0
1383508800 4 0 4 0
1383501600 4 0 4 0
1383494400 4 0 4 0
1383487200 4 0 4 0
1383480000 4 0 4 0
1383472800 4 0 4 0
1383465600 4 0 4 0
1383458400 4 0 4 0
1383451200 4 0 4 0
1383444000 4 0 4 0
1383436800 4 0 4 0
1383429600 4 0 4 0
1383422400 4 0 4 0
1383415200 4 0 4 0
1383408000 4 0 4 0
1383400800 4 0 4 0
1383393600 4 0 4 0
1383386400 4 0 4 0
1383379200 4 0 4 0
1383372000 4 0 4 0
1383364800 4 0 4 0
1383357600 4 0 4 0
1383350400 4 0 4 0
1383343200 4 0 4 0
1383336000 4 0 4 0
1383328800 4 0 4 0
1383321600 4 0 4 0
1383314400 4 0 4 0
1383307200 4 0 4 0
1383300000 4 0 4 0
1383292800 4 0 4 0
1383285600 4 0 4 0
1383278400 4 0 4 0
1383271200 4 0 4 0
1383264000 4 0 4 0
1383256800 4 0 4 0
1383249600 4 0 4 0
1383242400 4 0 4 0
1383235200 4 0 4 0
1383228000 4 0 4 0
1383220800 4 0 4 0
1383213600 4 0 4 0
1383206400 4 0 4 0
1383199200 4 0 4 0
1383192000 4 0 4 0
1383184800 4 0 4 0
1383177600 4 0 4 0
1383170400 4 0 4 0
1383163200 4 0 4 0
1383156000 4 0 4 0
1383148800 4 0 4 0
1383141600 4 0 4 0
1383134400 4 0 4 0
1383127200 4 0 4 0
1383120000 4 0 4 0
1383112800 4 0 4 0
1383105600 4 0 4 0
1383098400 4 0 4 0
1383091200 4 0 4 0
1383084000 4 0 4 0
1383076800 4 0 4 0
1383069600 4 0 4 0
1383062400 4 0 4 0
1383055200 4 0 4 0
1383048000 4 0 4 0
1383040800 4 0 4 0
1383033600 4 0 4 0
1383026400 4 0 4 0
1383019200 4 0 4 0
1383012000 4 0 4 0
1383004800 4 0 4 0
1382997600 4 0 4 0
1382990400 4 0 4 0
1382983200 4 0 4 0
1382976000 4 0 4 0
1382968800 4 0 4 0
1382961600 4 0 4 0
1382954400 4 0 4 0
1382947200 4 0 4 0
1382940000 4 0 4 0
1382932800 4 0 4 0
1382925600 4 0 4 0
1382918400 4 0 4 0
1382911200 4 0 4 0
1382904000 4 0 4 0
1382896800 4 0 4 0
1382889600 4 0 4 0
1382882400 4 0 4 0
1382875200 4 0 4 0
1382868000 4 0 4 0
1382860800 4 0 4 0
1382853600 4 0 4 0
1382846400 4 0 4 0
1382839200 4 0 4 0
1382832000 4 0 4 0
1382824800 4 0 4 0
1382817600 4 0 4 0
1382810400 4 0 4 0
1382803200 4 0 4 0
1382796000 4 0 4 0
1382788800 4 0 4 0
1382781600 4 0 4 0
1382774400 4 0 4 0
1382767200 4 0 4 0
1382760000 4 0 4 0
1382752800 4 0 4 0
1382745600 4 0 4 0
1382738400 4 0 4 0
1382731200 4 0 4 0
1382724000 4 0 4 0
1382716800 4 0 4 0
1382709600 4 0 4 0
1382702400 4 0 4 0
1382695200 4 0 4 0
1382688000 4 0 4 0
1382680800 4 0 4 0
1382673600 4 0 4 0
1382666400 4 0 4 0
1382659200 4 0 4 0
1382652000 4 0 4 0
1382644800 4 0 4 0
1382637600 4 0 4 0
1382630400 4 0 4 0
1382623200 4 0 4 0
1382616000 4 0 4 0
1382608800 4 0 4 0
1382601600 4 0 4 0
1382594400 4 0 4 0
1382587200 4 0 4 0
1382580000 4 0 4 0
1382572800 4 0 4 0
1382565600 4 0 4 0
1382558400 4 0 4 0
1382486400 4 0 4 0
1382400000 4 0 4 0
1382313600 4 0 4 0
1382227200 4 0 4 0
1382140800 4 0 4 0
1382054400 4 0 4 0
1381968000 4 0 4 0
1381881600 4 0 4 0
1381795200 4 0 4 0
1381708800 4 0 4 0
1381622400 4 0 4 0
1381536000 4 0 4 0
1381449600 4 0 4 0
1381363200 4 0 4 0
1381276800 4 0 4 0
1381190400 4 0 4 0
1381104000 4 0 4 0
1381017600 4 0 4 0
1380931200 4 0 4 0
1380844800 4 0 4 0
1380758400 4 0 4 0
1380672000 4 0 4 0
1380585600 4 0 4 0
1380499200 4 0 4 0
1380412800 4 0 4 0
1380326400 4 0 4 0
1380240000 4 0 4 0
1380153600 4 0 4 0
1380067200 4 0 4 0
1379980800 4 0 4 0
1379894400 4 0 4 0
1379808000 4 0 4 0
1379721600 4 0 4 0
1379635200 4 0 4 0
1379548800 4 0 4 0
1379462400 4 0 4 0
1379376000 4 0 4 0
1379289600 4 0 4 0
1379203200 4 0 4 0
1379116800 4 0 4 0
1379030400 4 0 4 0
1378944000 4 0 4 0
1378857600 4 0 4 0
1378771200 4 0 4 0
1378684800 4 0 4 0
1378598400 4 0 4 0
1378512000 4 0 4 0
1378425600 4 0 4 0
1378339200 4 0 4 0
1378252800 4 0 4 0
1378166400 4 0 4 0
1378080000 4 0 4 0
1377993600 4 0 4 0
1377907200 4 0 4 0
1377820800 4 0 4 0
1377734400 4 0 4 0
1377648000 4 0 4 0
1377561600 4 0 4 0
1377475200 4 0 4 0
1377388800 4 0 4 0
1377302400 4 0 4 0
1377216000 4 0 4 0
1377129600 4 0 4 0
1377043200 4 0 4 0
1376956800 4 0 4 0
1376870400 4 0 4 0
1376784000 4 0 4 0
1376697600 4 0 4 0
1376611200 4 0 4 0
1376524800 4 0 4 0
1376438400 4 0 4 0
1376352000 4 0 4 0
1376265600 4 0 4 0
1376179200 4 0 4 0
1376092800 4 0 4 0
1376006400 4 0 4 0
1375920000 4 0 4 0
1375833600 4 0 4 0
1375747200 4 0 4 0
1375660800 4 0 4 0
1375574400 4 0 4 0
1375488000 4 0 4 0
1375401600 4 0 4 0
1375315200 4 0 4 0
1375228800 4 0 4 0
1375142400 4 0 4 0
1375056000 4 0 4 0
1374969600 4 0 4 0
1374883200 4 0 4 0
1374796800 4 0 4 0
1374710400 4 0 4 0
1374624000 4 0 4 0
1374537600 4 0 4 0
1374451200 4 0 4 0
1374364800 4 0 4 0
1374278400 4 0 4 0
1374192000 4 0 4 0
1374105600 4 0 4 0
1374019200 4 0 4 0
1373932800 4 0 4 0
1373846400 4 0 4 0
1373760000 4 0 4 0
1373673600 4 0 4 0
1373587200 4 0 4 0
1373500800 4 0 4 0
1373414400 4 0 4 0
1373328000 4 0 4 0
1373241600 4 0 4 0
1373155200 4 0 4 0
1373068800 4 0 4 0
1372982400 4 0 4 0
1372896000 4 0 4 0
1372809600 4 0 4 0
1372723200 4 0 4 0
1372636800 4 0 4 0
1372550400 4 0 4 0
1372464000 4 0 4 0
1372377600 4 0 4 0
1372291200 4 0 4 0
1372204800 4 0 4 0
1372118400 4 0 4 0
1372032000 4 0 4 0
1371945600 4 0 4 0
1371859200 4 0 4 0
1371772800 4 0 4 0
1371686400 4 0 4 0
1371600000 4 0 4 0
1371513600 4 0 4 0
1371427200 4 0 4 0
1371340800 4 0 4 0
1371254400 4 0 4 0
1371168000 4 0 4 0
1371081600 4 0 4 0
1370995200 4 0 4 0
1370908800 4 0 4 0
1370822400 4 0 4 0
1370736000 4 0 4 0
1370649600 4 0 4 0
1370563200 4 0 4 0
1370476800 4 0 4 0
1370390400 4 0 4 0
1370304000 4 0 4 0
1370217600 4 0 4 0
1370131200 4 0 4 0
1370044800 4 0 4 0
1369958400 4 0 4 0
1369872000 4 0 4 0
1369785600 4 0 4 0
1369699200 4 0 4 0
1369612800 4 0 4 0
1369526400 4 0 4 0
1369440000 4 0 4 0
1369353600 4 0 4 0
1369267200 4 0 4 0
1369180800 4 0 4 0
1369094400 4 0 4 0
1369008000 4 0 4 0
1368921600 4 0 4 0
1368835200 4 0 4 0
1368748800 4 0 4 0
1368662400 4 0 4 0
1368576000 4 0 4 0
1368489600 4 0 4 0
1368403200 4 0 4 0
1368316800 4 0 4 0
1368230400 4 0 4 0
1368144000 4 0 4 0
1368057600 4 0 4 0
1367971200 4 0 4 0
1367884800 4 0 4 0
1367798400 4 0 4 0
1367712000 4 0 4 0
1367625600 4 0 4 0
1367539200 4 0 4 0
1367452800 4 0 4 0
1367366400 4 0 4 0
1367280000 4 0 4 0
1367193600 4 0 4 0
1367107200 4 0 4 0
1367020800 4 0 4 0
1366934400 4 0 4 0
1366848000 4 0 4 0
1366761600 4 0 4 0
1366675200 4 0 4 0
1366588800 4 0 4 0
1366502400 4 0 4 0
1366416000 4 0 4 0
1366329600 4 0 4 0
1366243200 4 0 4 0
1366156800 4 0 4 0
1366070400 4 0 4 0
1365984000 4 0 4 0
1365897600 4 0 4 0
1365811200 4 0 4 0
1365724800 4 0 4 0
1365638400 4 0 4 0
1365552000 4 0 4 0
1365465600 4 0 4 0
1365379200 4 0 4 0
1365292800 4 0 4 0
1365206400 4 0 4 0
1365120000 4 0 4 0
1365033600 4 0 4 0
1364947200 4 0 4 0
1364860800 4 0 4 0
1364774400 4 0 4 0
1364688000 4 0 4 0
1364601600 4 0 4 0
1364515200 4 0 4 0
1364428800 4 0 4 0
1364342400 4 0 4 0
1364256000 4 0 4 0
1364169600 4 0 4 0
1364083200 4 0 4 0
1363996800 4 0 4 0
1363910400 4 0 4 0
1363824000 4 0 4 0
1363737600 4 0 4 0
1363651200 4 0 4 0
1363564800 4 0 4 0
1363478400 4 0 4 0
1363392000 4 0 4 0
1363305600 4 0 4 0
1363219200 4 0 4 0
1363132800 4 0 4 0
1363046400 4 0 4 0
1362960000 4 0 4 0
1362873600 4 0 4 0
1362787200 4 0 4 0
1362700800 4 0 4 0
1362614400 4 0 4 0
1362528000 4 0 4 0
1362441600 4 0 4 0
1362355200 4 0 4 0
1362268800 4 0 4 0
1362182400 4 0 4 0
1362096000 4 0 4 0
1362009600 4 0 4 0
1361923200 4 0 4 0
1361836800 4 0 4 0
1361750400 4 0 4 0
1361664000 4 0 4 0
1361577600 4 0 4 0
1361491200 4 0 4 0
1361404800 4 0 4 0
1361318400 4 0 4 0
1361232000 4 0 4 0
1361145600 4 0 4 0
1361059200 4 0 4 0
1360972800 4 0 4 0
1360886400 4 0 4 0
1360800000 4 0 4 0
1360713600 4 0 4 0
1360627200 4 0 4 0
1360540800 4 0 4 0
1360454400 4 0 4 0
1360368000 4 0 4 0
1360281600 4 0 4 0
1360195200 4 0 4 0
1360108800 4 0 4 0
1360022400 4 0 4 0
1359936000 4 0 4 0
1359849600 4 0 4 0
1359763200 4 0 4 0
1359676800 4 0 4 0
1359590400 4 0 4 0
1359504000 4 0 4 0
1359417600 4 0 4 0
1359331200 4 0 4 0
1359244800 4 0 4 0
1359158400 4 0 4 0
1359072000 4 0 4 0
1358985600 4 0 4 0
1358899200 4 0 4 0
1358812800 4 0 4 0
1358726400 4 0 4 0
1358640000 4 0 4 0
1358553600 4 0 4 0
1358467200 4 0 4 0
1358380800 4 0 4 0
1358294400 4 0 4 0
1358208000 4 0 4 0
1358121600 4 0 4 0
1358035200 4 0 4 0
1357948800 4 0 4 0
1357862400 4 0 4 0
1357776000 4 0 4 0
1357689600 4 0 4 0
1357603200 4 0 4 0
1357516800 4 0 4 0
1357430400 4 0 4 0
1357344000 4 0 4 0
1357257600 4 0 4 0
1357171200 4 0 4 0
1357084800 4 0 4 0
1356998400 4 0 4 0
1356912000 4 0 4 0
1356825600 4 0 4 0
1356739200 4 0 4 0
1356652800 4 0 4 0
1356566400 4 0 4 0
1356480000 4 0 4 0
1356393600 4 0 4 0
1356307200 4 0 4 0
1356220800 4 0 4 0
1356134400 4 0 4 0
1356048000 4 0 4 0
1355961600 4 0 4 0
1355875200 4 0 4 0
1355788800 4 0 4 0
1355702400 4 0 4 0
1355616000 4 0 4 0
1355529600 4 0 4 0
1355443200 4 0 4 0
1355356800 4 0 4 0
1355270400 4 0 4 0
1355184000 4 0 4 0
1355097600 4 0 4 0
1355011200 4 0 4 0
1354924800 4 0 4 0
1354838400 4 0 4 0
1354752000 4 0 4 0
1354665600 4 0 4 0
1354579200 4 0 4 0
1354492800 4 0 4 0
1354406400 4 0 4 0
1354320000 4 0 4 0
1354233600 4 0 4 0
1354147200 4 0 4 0
1354060800 4 0 4 0
1353974400 4 0 4 0
1353888000 4 0 4 0
1353801600 4 0 4 0
1353715200 4 0 4 0
1353628800 4 0 4 0
1353542400 4 0 4 0
1353456000 4 0 4 0
1353369600 4 0 4 0
1353283200 4 0 4 0
1353196800 4 0 4 0
1353110400 4 0 4 0
1353024000 4 0 4 0
1352937600 4 0 4 0
1352851200 4 0 4 0
1352764800 4 0 4 0
1352678400 4 0 4 0
1352592000 4 0 4 0
1352505600 4 0 4 0
1352419200 4 0 4 0
1352332800 4 0 4 0
1352246400 4 0 4 0
1352160000 4 0 4 0
1352073600 4 0 4 0
1351987200 4 0 4 0
1351900800 4 0 4 0
1351814400 4 0 4 0
1351728000 4 0 4 0
1351641600 4 0 4 0
1351555200 4 0 4 0
1351468800 33 0 64 0
1351382400 21 0 45 0
1351296000 12 0 35 0
1351209600 12 0 35 0
1351123200 11 0 27 0
1351036800 9 0 22 0
1350950400 16 0 35 0
1350864000 13 0 24 0
1350777600 21 0 31 0
1350691200 15 0 28 0
1350604800 22 0 43 0
1350518400 20 0 39 0
1350432000 16 0 45 0
1350345600 18 0 32 0
1350259200 30 0 43 0
1350172800 27 0 45 0
1350086400 25 0 45 0
1350000000 32 0 46 0
1349913600 38 0 55 0
1349827200 23 0 59 0
1349740800 18 0 62 0
1349654400 15 0 53 0
1349568000 21 0 53 0
1349481600 15 0 55 0
1349395200 16 0 58 0
1349308800 20 0 69 0
1349222400 21 0 54 0
1349136000 23 0 59 0
1349049600 28 0 57 0
1348963200 28 0 55 0
1348876800 45 0 65 0
1348790400 46 0 66 0
1348704000 43 0 67 0
1348617600 34 0 53 0
1348531200 36 0 58 0
1348444800 53 0 84 0
1348358400 37 0 71 0
1348272000 40 0 59 0
1348185600 51 0 77 0
1348099200 44 0 64 0
1348012800 36 0 69 0
1347926400 20 0 64 0
1347840000 46 0 69 0
1347753600 27 0 63 0
1347667200 2 0 46 0
1347580800 20 0 69 0
1347494400 27 0 68 0
1347408000 39 0 62 0
1347321600 52 0 71 0
1347235200 43 0 58 0
1347148800 45 0 68 0
1347062400 45 0 65 0
1346976000 36 0 74 0
1346889600 42 0 62 0
1346803200 35 0 56 0
1346716800 37 0 59 0
1346630400 36 0 52 0
1346544000 50 0 67 0
1346457600 35 0 55 0
1346371200 23 0 55 0
1346284800 14 0 24 0
1346198400 9 0 23 0
1346112000 7 0 22 0
1346025600 7 0 20 0
1345939200 4 0 16 0
1345852800 4 0 15 0
1345766400 0 0 6 0
1345680000 1 0 54 0
1345593600 0 0 0 0
1345507200 62 0 101 0
1345420800 84 0 117 0
1345334400 83 0 113 0
1345248000 43 0 116 0
1345161600 0 0 0 0
1345075200 0 0 0 0
1344988800 0 0 0 0
1344902400 0 0 0 0
1344816000 0 0 0 0
1344729600 0 0 0 0
1344643200 0 0 0 0
1344556800 0 0 0 0
1344470400 0 0 0 0
1344384000 0 0 0 0
1344297600 0 0 0 0
1344211200 0 0 0 0
1344124800 0 0 0 0
1344038400 0 0 0 0
1343952000 0 0 0 0
1343865600 0 0 0 0
1343779200 0 0 0 0
1343692800 0 0 0 0
1343606400 0 0 0 0
1343520000 0 0 0 0
1343433600 0 0 0 0
1343347200 0 0 0 0
1343260800 0 0 0 0
1343174400 0 0 0 0
1343088000 0 0 0 0
1343001600 0 0 0 0
1342915200 0 0 0 0
1342828800 0 0 0 0
1342742400 0 0 0 0
1342656000 0 0 0 0
1342569600 0 0 0 0
1342483200 0 0 0 0
1342396800 0 0 0 0
1342310400 0 0 0 0
1342224000 0 0 0 0
1342137600 0 0 0 0
1342051200 0 0 0 0
1341964800 0 0 0 0
1341878400 0 0 0 0
1341792000 0 0 0 0
1341705600 0 0 0 0
1341619200 0 0 0 0
1341532800 0 0 0 0
1341446400 0 0 0 0
1341360000 0 0 0 0
1341273600 0 0 0 0
1341187200 0 0 0 0
1341100800 0 0 0 0
1341014400 0 0 0 0
1340928000 0 0 0 0
1340841600 0 0 0 0
1340755200 0 0 0 0
1340668800 0 0 0 0
1340582400 0 0 0 0
1340496000 0 0 0 0
1340409600 0 0 0 0
1340323200 0 0 0 0
1340236800 0 0 0 0
1340150400 0 0 0 0
1340064000 0 0 0 0
1339977600 0 0 0 0
1339891200 0 0 0 0
1339804800 0 0 0 0
1339718400 0 0 0 0
1339632000 0 0 0 0
1339545600 0 0 0 0
1339459200 0 0 0 0
1339372800 0 0 0 0
1339286400 0 0 0 0
1339200000 0 0 0 0
1339113600 0 0 0 0
1339027200 0 0 0 0
1338940800 0 0 0 0
1338854400 0 0 0 0
1338768000 0 0 0 0
1338681600 0 0 0 0
1338595200 0 0 0 0
1338508800 0 0 0 0
1338422400 0 0 0 0
1338336000 0 0 0 0
1338249600 0 0 0 0
1338163200 0 0 0 0
1338076800 0 0 0 0
1337990400 0 0 0 0
1337904000 0 0 0 0
1337817600 0 0 0 0
1337731200 0 0 0 0
1337644800 0 0 0 0
1337558400 0 0 0 0
1337472000 0 0 0 0
1337385600 0 0 0 0
1337299200 0 0 0 0
1337212800 0 0 0 0
1337126400 0 0 0 0
1337040000 0 0 0 0
1336953600 0 0 0 0
1336867200 0 0 0 0
1336780800 0 0 0 0
1336694400 0 0 0 0
1336608000 0 0 0 0
1336521600 0 0 0 0
1336435200 0 0 0 0
1336348800 0 0 0 0
1336262400 0 0 0 0
1336176000 0 0 0 0
1336089600 0 0 0 0
1336003200 0 0 0 0
1335916800 0 0 0 0
1335830400 0 0 0 0
1335744000 0 0 0 0
1335657600 0 0 0 0
1335571200 0 0 0 0
1335484800 0 0 0 0
1335398400 0 0 0 0
1335312000 0 0 0 0
1335225600 0 0 0 0
1335139200 0 0 0 0
1335052800 0 0 0 0
1334966400 0 0 0 0
1334880000 0 0 0 0
1334793600 0 0 0 0
1334707200 0 0 0 0
1334620800 0 0 0 0
1334534400 0 0 0 0
1334448000 0 0 0 0
1334361600 0 0 0 0
1334275200 0 0 0 0
1334188800 0 0 0 0
1334102400 0 0 0 0
1334016000 0 0 0 0
1333929600 0 0 0 0
1333843200 0 0 0 0
1333756800 0 0 0 0
1333670400 0 0 0 0
1333584000 0 0 0 0
1333497600 0 0 0 0
1333411200 0 0 0 0
1333324800 0 0 0 0
1333238400 0 0 0 0
1333152000 0 0 0 0
1333065600 0 0 0 0
1332979200 0 0 0 0
1332892800 0 0 0 0
1332806400 0 0 0 0
1332720000 0 0 0 0
1332633600 0 0 0 0
1332547200 0 0 0 0
1332460800 0 0 0 0
1332374400 0 0 0 0
1332288000 0 0 0 0
1332201600 0 0 0 0
1332115200 0 0 0 0
1332028800 0 0 0 0
1331942400 0 0 0 0
1331856000 0 0 0 0
1331769600 0 0 0 0
1331683200 0 0 0 0
1331596800 0 0 0 0
1331510400 0 0 0 0
1331424000 0 0 0 0
1331337600 0 0 0 0
1331251200 0 0 0 0
1331164800 0 0 0 0
1331078400 0 0 0 0
1330992000 0 0 0 0
1330905600 0 0 0 0
1330819200 0 0 0 0
1330732800 0 0 0 0
1330646400 0 0 0 0
1330560000 0 0 0 0
1330473600 0 0 0 0
1330387200 0 0 0 0
1330300800 0 0 0 0
1330214400 0 0 0 0
1330128000 0 0 0 0
1330041600 0 0 0 0
1329955200 0 0 0 0
1329868800 0 0 0 0
1329782400 0 0 0 0
1329696000 0 0 0 0
1329609600 0 0 0 0
1329523200 0 0 0 0
1329436800 0 0 0 0
1329350400 0 0 0 0
1329264000 0 0 0 0
1329177600 0 0 0 0
1329091200 0 0 0 0
1329004800 0 0 0 0
1328918400 0 0 0 0
1328832000 0 0 0 0
1328745600 0 0 0 0
1328659200 0 0 0 0
1328572800 0 0 0 0
1328486400 0 0 0 0
1328400000 0 0 0 0
1328313600 0 0 0 0
1328227200 0 0 0 0
1328140800 0 0 0 0
1328054400 0 0 0 0
1327968000 0 0 0 0
1327881600 0 0 0 0
1327795200 0 0 0 0
1327708800 0 0 0 0
1327622400 0 0 0 0
1327536000 0 0 0 0
1327449600 0 0 0 0
1327363200 0 0 0 0
1327276800 0 0 0 0
1327190400 0 0 0 0
1327104000 0 0 0 0
1327017600 0 0 0 0
1326931200 0 0 0 0
1326844800 0 0 0 0
1326758400 0 0 0 0
1326672000 0 0 0 0
1326585600 0 0 0 0
1326499200 0 0 0 0
1326412800 0 0 0 0
1326326400 0 0 0 0
1326240000 0 0 0 0
1326153600 0 0 0 0
1326067200 0 0 0 0
1325980800 0 0 0 0
1325894400 0 0 0 0
1325808000 0 0 0 0
1325721600 0 0 0 0
1325635200 0 0 0 0
1325548800 0 0 0 0
1325462400 0 0 0 0
1325376000 0 0 0 0
1325289600 0 0 0 0
1325203200 0 0 0 0
1325116800 0 0 0 0
1325030400 0 0 0 0
1324944000 0 0 0 0
1324857600 0 0 0 0
1324771200 0 0 0 0
1324684800 0 0 0 0
1324598400 0 0 0 0
1324512000 0 0 0 0
1324425600 0 0 0 0
1324339200 0 0 0 0
1324252800 0 0 0 0
1324166400 0 0 0 0
1324080000 0 0 0 0
1323993600 0 0 0 0
1323907200 0 0 0 0
1323820800 0 0 0 0
1323734400 0 0 0 0
1323648000 0 0 0 0
1323561600 0 0 0 0
1323475200 0 0 0 0
1323388800 0 0 0 0
1323302400 0 0 0 0
1323216000 0 0 0 0
1323129600 0 0 0 0
1323043200 0 0 0 0
1322956800 0 0 0 0
1322870400 0 0 0 0
1322784000 0 0 0 0
1322697600 0 0 0 0
1322611200 0 0 0 0
1322524800 0 0 0 0
1322438400 0 0 0 0
1322352000 0 0 0 0
1322265600 0 0 0 0
1322179200 0 0 0 0
1322092800 0 0 0 0
1322006400 0 0 0 0
1321920000 0 0 0 0
1321833600 0 0 0 0
1321747200 0 0 0 0
1321660800 0 0 0 0
1321574400 0 0 0 0
1321488000 0 0 0 0
1321401600 0 0 0 0
1321315200 0 0 0 0
1321228800 0 0 0 0
1321142400 0 0 0 0
1321056000 0 0 0 0
1320969600 0 0 0 0
1320883200 0 0 0 0
1320796800 0 0 0 0
1320710400 0 0 0 0
1320624000 0 0 0 0
1320537600 0 0 0 0
1320451200 0 0 0 0
1320364800 0 0 0 0
1320278400 0 0 0 0
1320192000 0 0 0 0
1320105600 0 0 0 0
1320019200 0 0 0 0
1319932800 0 0 0 0
1319846400 0 0 0 0
1319760000 0 0 0 0
1319673600 0 0 0 0
1319587200 0 0 0 0
1319500800 0 0 0 0
1319414400 0 0 0 0
1319328000 0 0 0 0
