2003.06.15 10:10 B F:\login\a\aaaaa.o <-- www.vmud.com /lonely/mudlib/data/login/a aaaaa.o
2003.06.15 10:10 B F:\login\a\aak.o <-- www.vmud.com /lonely/mudlib/data/login/a aak.o
2003.06.15 10:10 B F:\login\a\aaron.o <-- www.vmud.com /lonely/mudlib/data/login/a aaron.o
2003.06.15 10:10 B F:\login\a\aas.o <-- www.vmud.com /lonely/mudlib/data/login/a aas.o
2003.06.15 10:10 B F:\login\a\aayumi.o <-- www.vmud.com /lonely/mudlib/data/login/a aayumi.o
2003.06.15 10:10 B F:\login\a\abcd.o <-- www.vmud.com /lonely/mudlib/data/login/a abcd.o
2003.06.15 10:10 B F:\login\a\abcde.o <-- www.vmud.com /lonely/mudlib/data/login/a abcde.o
2003.06.15 10:11 B F:\login\a\abi.o <-- www.vmud.com /lonely/mudlib/data/login/a abi.o
2003.06.15 10:11 B F:\login\a\abin.o <-- www.vmud.com /lonely/mudlib/data/login/a abin.o
2003.06.15 10:11 B F:\login\a\accept.o <-- www.vmud.com /lonely/mudlib/data/login/a accept.o
2003.06.15 10:11 B F:\login\a\ada.o <-- www.vmud.com /lonely/mudlib/data/login/a ada.o
2003.06.15 10:11 B F:\login\a\adds.o <-- www.vmud.com /lonely/mudlib/data/login/a adds.o
2003.06.15 10:11 B F:\login\a\addsb.o <-- www.vmud.com /lonely/mudlib/data/login/a addsb.o
2003.06.15 10:11 B F:\login\a\addss.o <-- www.vmud.com /lonely/mudlib/data/login/a addss.o
2003.06.15 10:11 B F:\login\a\again.o <-- www.vmud.com /lonely/mudlib/data/login/a again.o
2003.06.15 10:11 B F:\login\a\agile.o <-- www.vmud.com /lonely/mudlib/data/login/a agile.o
2003.06.15 10:11 B F:\login\a\ahxia.o <-- www.vmud.com /lonely/mudlib/data/login/a ahxia.o
2003.06.15 10:11 B F:\login\a\ahya.o <-- www.vmud.com /lonely/mudlib/data/login/a ahya.o
2003.06.15 10:11 B F:\login\a\aiai.o <-- www.vmud.com /lonely/mudlib/data/login/a aiai.o
2003.06.15 10:11 B F:\login\a\aid.o <-- www.vmud.com /lonely/mudlib/data/login/a aid.o
2003.06.15 10:11 B F:\login\a\aiya.o <-- www.vmud.com /lonely/mudlib/data/login/a aiya.o
2003.06.15 10:11 B F:\login\a\ajsaga.o <-- www.vmud.com /lonely/mudlib/data/login/a ajsaga.o
2003.06.15 10:11 B F:\login\a\ajwen.o <-- www.vmud.com /lonely/mudlib/data/login/a ajwen.o
2003.06.15 10:11 B F:\login\a\ajxck.o <-- www.vmud.com /lonely/mudlib/data/login/a ajxck.o
2003.06.15 10:11 B F:\login\a\aking.o <-- www.vmud.com /lonely/mudlib/data/login/a aking.o
2003.06.15 10:11 B F:\login\a\akira.o <-- www.vmud.com /lonely/mudlib/data/login/a akira.o
2003.06.15 10:11 B F:\login\a\akuma.o <-- www.vmud.com /lonely/mudlib/data/login/a akuma.o
2003.06.15 10:11 B F:\login\a\alert.o <-- www.vmud.com /lonely/mudlib/data/login/a alert.o
2003.06.15 10:11 B F:\login\a\alfa.o <-- www.vmud.com /lonely/mudlib/data/login/a alfa.o
2003.06.15 10:11 B F:\login\a\almighty.o <-- www.vmud.com /lonely/mudlib/data/login/a almighty.o
2003.06.15 10:11 B F:\login\a\ambiel.o <-- www.vmud.com /lonely/mudlib/data/login/a ambiel.o
2003.06.15 10:11 B F:\login\a\amra.o <-- www.vmud.com /lonely/mudlib/data/login/a amra.o
2003.06.15 10:11 B F:\login\a\amu.o <-- www.vmud.com /lonely/mudlib/data/login/a amu.o
2003.06.15 10:11 B F:\login\a\andy.o <-- www.vmud.com /lonely/mudlib/data/login/a andy.o
2003.06.15 10:11 B F:\login\a\andyw.o <-- www.vmud.com /lonely/mudlib/data/login/a andyw.o
2003.06.15 10:11 B F:\login\a\angel.o <-- www.vmud.com /lonely/mudlib/data/login/a angel.o
2003.06.15 10:11 B F:\login\a\angia.o <-- www.vmud.com /lonely/mudlib/data/login/a angia.o
2003.06.15 10:11 B F:\login\a\aniu.o <-- www.vmud.com /lonely/mudlib/data/login/a aniu.o
2003.06.15 10:11 B F:\login\a\ansion.o <-- www.vmud.com /lonely/mudlib/data/login/a ansion.o
2003.06.15 10:11 B F:\login\a\aoke.o <-- www.vmud.com /lonely/mudlib/data/login/a aoke.o
2003.06.15 10:11 B F:\login\a\appie.o <-- www.vmud.com /lonely/mudlib/data/login/a appie.o
2003.06.15 10:11 B F:\login\a\are.o <-- www.vmud.com /lonely/mudlib/data/login/a are.o
2003.06.15 10:11 B F:\login\a\argill.o <-- www.vmud.com /lonely/mudlib/data/login/a argill.o
2003.06.15 10:11 B F:\login\a\armyant.o <-- www.vmud.com /lonely/mudlib/data/login/a armyant.o
2003.06.15 10:11 B F:\login\a\aroe.o <-- www.vmud.com /lonely/mudlib/data/login/a aroe.o
2003.06.15 10:11 B F:\login\a\arsa.o <-- www.vmud.com /lonely/mudlib/data/login/a arsa.o
2003.06.15 10:11 B F:\login\a\art.o <-- www.vmud.com /lonely/mudlib/data/login/a art.o
2003.06.15 10:11 B F:\login\a\asda.o <-- www.vmud.com /lonely/mudlib/data/login/a asda.o
2003.06.15 10:11 B F:\login\a\asdd.o <-- www.vmud.com /lonely/mudlib/data/login/a asdd.o
2003.06.15 10:11 B F:\login\a\athena.o <-- www.vmud.com /lonely/mudlib/data/login/a athena.o
2003.06.15 10:11 B F:\login\a\athoy.o <-- www.vmud.com /lonely/mudlib/data/login/a athoy.o
2003.06.15 10:11 B F:\login\a\atu.o <-- www.vmud.com /lonely/mudlib/data/login/a atu.o
2003.06.15 10:11 B F:\login\a\auron.o <-- www.vmud.com /lonely/mudlib/data/login/a auron.o
2003.06.15 10:11 B F:\login\a\avatar.o <-- www.vmud.com /lonely/mudlib/data/login/a avatar.o
2003.06.15 10:11 B F:\login\a\awf.o <-- www.vmud.com /lonely/mudlib/data/login/a awf.o
2003.06.15 10:11 B F:\login\a\ayumi.o <-- www.vmud.com /lonely/mudlib/data/login/a ayumi.o
2003.06.15 10:11 B F:\login\a\azi.o <-- www.vmud.com /lonely/mudlib/data/login/a azi.o
