99.03.14 13:05 B f:\mirror1\d\dali\obj\baiyao.c --> www1.yn.cninfo.net /mudcctx/mudlib/d/dali/obj baiyao.c
99.03.14 13:05 B f:\mirror1\d\dali\obj\baozi.c --> www1.yn.cninfo.net /mudcctx/mudlib/d/dali/obj baozi.c
99.03.14 13:05 B f:\mirror1\d\dali\obj\canjia.c --> www1.yn.cninfo.net /mudcctx/mudlib/d/dali/obj canjia.c
99.03.14 13:05 B f:\mirror1\d\dali\obj\canjian1.c --> www1.yn.cninfo.net /mudcctx/mudlib/d/dali/obj canjian1.c
99.03.14 13:05 B f:\mirror1\d\dali\obj\canjian2.c --> www1.yn.cninfo.net /mudcctx/mudlib/d/dali/obj canjian2.c
99.03.14 13:05 B f:\mirror1\d\dali\obj\huoshi.c --> www1.yn.cninfo.net /mudcctx/mudlib/d/dali/obj huoshi.c
99.03.14 13:05 B f:\mirror1\d\dali\obj\hupi.c --> www1.yn.cninfo.net /mudcctx/mudlib/d/dali/obj hupi.c
99.03.14 13:05 B f:\mirror1\d\dali\obj\jiangguo.c --> www1.yn.cninfo.net /mudcctx/mudlib/d/dali/obj jiangguo.c
99.03.14 13:05 B f:\mirror1\d\dali\obj\jinduan.c --> www1.yn.cninfo.net /mudcctx/mudlib/d/dali/obj jinduan.c
99.03.14 13:05 B f:\mirror1\d\dali\obj\jitui.c --> www1.yn.cninfo.net /mudcctx/mudlib/d/dali/obj jitui.c
99.03.14 13:05 B f:\mirror1\d\dali\obj\jiudai.c --> www1.yn.cninfo.net /mudcctx/mudlib/d/dali/obj jiudai.c
99.03.14 13:05 B f:\mirror1\d\dali\obj\longjing.c --> www1.yn.cninfo.net /mudcctx/mudlib/d/dali/obj longjing.c
99.03.14 13:05 B f:\mirror1\d\dali\obj\pink_cloth.c --> www1.yn.cninfo.net /mudcctx/mudlib/d/dali/obj pink_cloth.c
99.03.14 13:05 B f:\mirror1\d\dali\obj\rushan.c --> www1.yn.cninfo.net /mudcctx/mudlib/d/dali/obj rushan.c
99.03.14 13:05 B f:\mirror1\d\dali\obj\sangshen.c --> www1.yn.cninfo.net /mudcctx/mudlib/d/dali/obj sangshen.c
99.03.14 13:05 B f:\mirror1\d\dali\obj\sangye.c --> www1.yn.cninfo.net /mudcctx/mudlib/d/dali/obj sangye.c
99.03.14 13:05 B f:\mirror1\d\dali\obj\shedan.c --> www1.yn.cninfo.net /mudcctx/mudlib/d/dali/obj shedan.c
99.03.14 13:05 B f:\mirror1\d\dali\obj\shepi.c --> www1.yn.cninfo.net /mudcctx/mudlib/d/dali/obj shepi.c
99.03.14 13:05 B f:\mirror1\d\dali\obj\sherou.c --> www1.yn.cninfo.net /mudcctx/mudlib/d/dali/obj sherou.c
99.03.14 13:05 B f:\mirror1\d\dali\obj\si_cloth.c --> www1.yn.cninfo.net /mudcctx/mudlib/d/dali/obj si_cloth.c
99.03.14 13:05 B f:\mirror1\d\dali\obj\wineskin.c --> www1.yn.cninfo.net /mudcctx/mudlib/d/dali/obj wineskin.c
99.03.14 13:05 B f:\mirror1\d\dali\obj\yemingzhu.c --> www1.yn.cninfo.net /mudcctx/mudlib/d/dali/obj yemingzhu.c
