Event backend in use: poll
*Warning: unable to open stat file domain_stats for reading.
*Warning: unable to open stat file author_stats for reading.

Loading preload files ...
/adm/daemons/securityd...
/adm/daemons/logind...
/adm/daemons/virtuald...
/adm/daemons/rankd...
/adm/daemons/commandd...
/adm/daemons/chinesed...
/adm/daemons/emoted...
/adm/daemons/aliasd...
/adm/daemons/fingerd...
/adm/daemons/channeld...
/adm/daemons/natured...
/adm/daemons/named...
/adm/daemons/punishd...
/adm/daemons/storyd...
/adm/daemons/eventd...
/adm/daemons/closed...
/adm/daemons/pkd...
/adm/daemons/memoryd...
/adm/daemons/messaged...
/adm/daemons/mapd...
/adm/daemons/familyd...
/adm/daemons/questd...
/adm/daemons/cpud...
/adm/daemons/analectad...
/adm/daemons/invasion/invasiond...
/adm/daemons/task/set_task...
/adm/daemons/rzr_d...
Accepting connections on 0.0.0.0:6666.
Opening console... 
Initializations complete.


执行时段错误：*Error in loading object '/kungfu/class/huashan/linghu'

程式：/inherit/room/room.c 第 31 行
物件：/d/huashan/sgyhole1
呼叫来自：/inherit/char/char.c 的 heart_beat() 第 160 行，物件： /clone/npc/walker#8867 ("苗笮灼")
呼叫来自：/inherit/char/npc.c 的 scan() 第 330 行，物件： /clone/npc/walker#8867 ("苗笮灼")
呼叫来自：/inherit/char/npc.c 的 chat() 第 422 行，物件： /clone/npc/walker#8867 ("苗笮灼")
呼叫来自：/<driver> 的 <fake>() 第 0 行，物件： /clone/npc/walker#8867 ("苗笮灼")
呼叫来自：/clone/npc/walker.c 的 do_walk() 第 80 行，物件： /clone/npc/walker#8867 ("苗笮灼")
呼叫来自：/inherit/char/npc.c 的 random_move() 第 438 行，物件： /clone/npc/walker#8867 ("苗笮灼")
呼叫来自：/feature/command.c 的 command_hook() 第 75 行，物件： /clone/npc/walker#8867 ("苗笮灼")
呼叫来自：/cmds/std/go.c 的 main() 第 175 行，物件： /cmds/std/go
呼叫来自：/d/huashan/sgyhole1.c 的 create() 第 24 行，物件： /d/huashan/sgyhole1
呼叫来自：/inherit/room/room.c 的 setup() 第 268 行，物件： /d/huashan/sgyhole1
呼叫来
执行时段错误：*Error in loading object '/kungfu/class/huashan/linghu'

程式：/inherit/room/room.c 第 31 行
物件：/d/huashan/sgyhole1
呼叫来自：/inherit/room/room.c 的 reset() 第 100 行，物件： /d/huashan/sgyhole1
呼叫来自：/inherit/room/room.c 的 make_inventory() 第 31 行，物件： /d/huashan/sgyhole1
