2003.06.15 10:41 B F:\user\x\xbc.o <-- www.vmud.com /lonely/mudlib/data/user/x xbc.o
2003.06.15 10:41 B F:\user\x\xbox.o <-- www.vmud.com /lonely/mudlib/data/user/x xbox.o
2003.06.15 10:41 B F:\user\x\xerxes.o <-- www.vmud.com /lonely/mudlib/data/user/x xerxes.o
2003.06.15 10:41 B F:\user\x\xgangbj.o <-- www.vmud.com /lonely/mudlib/data/user/x xgangbj.o
2003.06.15 10:41 B F:\user\x\xhan.o <-- www.vmud.com /lonely/mudlib/data/user/x xhan.o
2003.06.15 10:41 B F:\user\x\xian.o <-- www.vmud.com /lonely/mudlib/data/user/x xian.o
2003.06.15 10:41 B F:\user\x\xiang.o <-- www.vmud.com /lonely/mudlib/data/user/x xiang.o
2003.06.15 10:41 B F:\user\x\xiao.o <-- www.vmud.com /lonely/mudlib/data/user/x xiao.o
2003.06.15 10:41 B F:\user\x\xiaodu.o <-- www.vmud.com /lonely/mudlib/data/user/x xiaodu.o
2003.06.15 10:42 B F:\user\x\xiaofei.o <-- www.vmud.com /lonely/mudlib/data/user/x xiaofei.o
2003.06.15 10:42 B F:\user\x\xiaohua.o <-- www.vmud.com /lonely/mudlib/data/user/x xiaohua.o
2003.06.15 10:42 B F:\user\x\xiaolong.o <-- www.vmud.com /lonely/mudlib/data/user/x xiaolong.o
2003.06.15 10:42 B F:\user\x\xiaosa.o <-- www.vmud.com /lonely/mudlib/data/user/x xiaosa.o
2003.06.15 10:42 B F:\user\x\xiaosky.o <-- www.vmud.com /lonely/mudlib/data/user/x xiaosky.o
2003.06.15 10:42 B F:\user\x\xiaoting.o <-- www.vmud.com /lonely/mudlib/data/user/x xiaoting.o
2003.06.15 10:42 B F:\user\x\xiaoyao.o <-- www.vmud.com /lonely/mudlib/data/user/x xiaoyao.o
2003.06.15 10:42 B F:\user\x\xiaoyue.o <-- www.vmud.com /lonely/mudlib/data/user/x xiaoyue.o
2003.06.15 10:42 B F:\user\x\xibu.o <-- www.vmud.com /lonely/mudlib/data/user/x xibu.o
2003.06.15 10:42 B F:\user\x\xiha.o <-- www.vmud.com /lonely/mudlib/data/user/x xiha.o
2003.06.15 10:42 B F:\user\x\xinghe.o <-- www.vmud.com /lonely/mudlib/data/user/x xinghe.o
2003.06.15 10:42 B F:\user\x\xingss.o <-- www.vmud.com /lonely/mudlib/data/user/x xingss.o
2003.06.15 10:42 B F:\user\x\xinmi.o <-- www.vmud.com /lonely/mudlib/data/user/x xinmi.o
2003.06.15 10:42 B F:\user\x\xinsu.o <-- www.vmud.com /lonely/mudlib/data/user/x xinsu.o
2003.06.15 10:42 B F:\user\x\xiubing.o <-- www.vmud.com /lonely/mudlib/data/user/x xiubing.o
2003.06.15 10:42 B F:\user\x\xiuxian.o <-- www.vmud.com /lonely/mudlib/data/user/x xiuxian.o
2003.06.15 10:42 B F:\user\x\xixi.o <-- www.vmud.com /lonely/mudlib/data/user/x xixi.o
2003.06.15 10:42 B F:\user\x\xjs.o <-- www.vmud.com /lonely/mudlib/data/user/x xjs.o
2003.06.15 10:42 B F:\user\x\xken.o <-- www.vmud.com /lonely/mudlib/data/user/x xken.o
2003.06.15 10:42 B F:\user\x\xla.o <-- www.vmud.com /lonely/mudlib/data/user/x xla.o
2003.06.15 10:42 B F:\user\x\xliao.o <-- www.vmud.com /lonely/mudlib/data/user/x xliao.o
2003.06.15 10:42 B F:\user\x\xlx.o <-- www.vmud.com /lonely/mudlib/data/user/x xlx.o
2003.06.15 10:42 B F:\user\x\xlz.o <-- www.vmud.com /lonely/mudlib/data/user/x xlz.o
2003.06.15 10:42 B F:\user\x\xman.o <-- www.vmud.com /lonely/mudlib/data/user/x xman.o
2003.06.15 10:42 B F:\user\x\xmhehe.o <-- www.vmud.com /lonely/mudlib/data/user/x xmhehe.o
2003.06.15 10:42 B F:\user\x\xml.o <-- www.vmud.com /lonely/mudlib/data/user/x xml.o
2003.06.15 10:42 B F:\user\x\xnx.o <-- www.vmud.com /lonely/mudlib/data/user/x xnx.o
2003.06.15 10:42 B F:\user\x\xooom.o <-- www.vmud.com /lonely/mudlib/data/user/x xooom.o
2003.06.15 10:42 B F:\user\x\xrzs.o <-- www.vmud.com /lonely/mudlib/data/user/x xrzs.o
2003.06.15 10:42 B F:\user\x\xsbb.o <-- www.vmud.com /lonely/mudlib/data/user/x xsbb.o
2003.06.15 10:42 B F:\user\x\xtheonex.o <-- www.vmud.com /lonely/mudlib/data/user/x xtheonex.o
2003.06.15 10:42 B F:\user\x\xtxl.o <-- www.vmud.com /lonely/mudlib/data/user/x xtxl.o
2003.06.15 10:42 B F:\user\x\xuda.o <-- www.vmud.com /lonely/mudlib/data/user/x xuda.o
2003.06.15 10:42 B F:\user\x\xue.o <-- www.vmud.com /lonely/mudlib/data/user/x xue.o
2003.06.15 10:42 B F:\user\x\xueshan.o <-- www.vmud.com /lonely/mudlib/data/user/x xueshan.o
2003.06.15 10:42 B F:\user\x\xueyan.o <-- www.vmud.com /lonely/mudlib/data/user/x xueyan.o
2003.06.15 10:42 B F:\user\x\xuning.o <-- www.vmud.com /lonely/mudlib/data/user/x xuning.o
2003.06.15 10:42 B F:\user\x\xuzhu.o <-- www.vmud.com /lonely/mudlib/data/user/x xuzhu.o
2003.06.15 10:42 B F:\user\x\xuziling.o <-- www.vmud.com /lonely/mudlib/data/user/x xuziling.o
2003.06.15 10:42 B F:\user\x\xxf.o <-- www.vmud.com /lonely/mudlib/data/user/x xxf.o
2003.06.15 10:42 B F:\user\x\xxhan.o <-- www.vmud.com /lonely/mudlib/data/user/x xxhan.o
2003.06.15 10:42 B F:\user\x\xxin.o <-- www.vmud.com /lonely/mudlib/data/user/x xxin.o
2003.06.15 10:42 B F:\user\x\xxx.o <-- www.vmud.com /lonely/mudlib/data/user/x xxx.o
2003.06.15 10:42 B F:\user\x\xxxqi.o <-- www.vmud.com /lonely/mudlib/data/user/x xxxqi.o
2003.06.15 10:42 B F:\user\x\xyao.o <-- www.vmud.com /lonely/mudlib/data/user/x xyao.o
2003.06.15 10:42 B F:\user\x\xybb.o <-- www.vmud.com /lonely/mudlib/data/user/x xybb.o
2003.06.15 10:42 B F:\user\x\xzjxu.o <-- www.vmud.com /lonely/mudlib/data/user/x xzjxu.o
