d/death  阴曹地府
d/xueshan 毒门大雪山
d/ourhome 荒郊野外
d/ourhome/honglou 红楼一梦
d/lingtai 灵台方寸山
d/moon 昆仑月宫
d/moon/fengxue 枫雪天地
d/changan 长安城南
d/gao 高老庄
d/4world 傲来国
d/sea 东海龙宫
d/nanhai 南海普陀山
d/eastway 长安城东
d/westway 长安城西
d/jjf 大唐将军府
d/penglai 蓬莱仙岛
d/pantao 蟠桃园
d/liandan 神农岛
job/merchant/chaomai 长安城
d/city 长安城
d/city/misc 长安城
d/city/shangshu 长安城
d/meishan 梅山
d/westway 长安城西
d/huanggong 大唐皇宫
d/kaifeng 开封城
d/songshan 嵩山
d/mingjiao 明教光明顶
d/mingjiao/lsd 灵蛇岛
d/mingjiao/bhd 冰火岛
d/shushan 蜀山
d/pansi 花果山盘丝洞
d/jz 江州城
d/west/miwudao 迷雾岛
d/west/miwudao/secret 迷雾岛青龙洞
d/shaolin 嵩山少林
d/mingjiao 明教
d/jueqing 绝情谷
d/diablo 暗黑之城
d/yeyangzhai 野羊寨
d/wiz 系统区域
u/waiwai 系统区域
d/sky 天宫
d/dntg 天宫
d/dntg/yunlou 天宫
d/dntg/sky 天宫
d/dntg/hgs 花果山
d/qujing/wuzhuang 五庄观
d/qujing/baotou 西域豹头山
d/qujing/baoxiang 西域宝象国
d/qujing/bibotan 西域碧波潭
d/qujing/biqiu 西域比丘国
d/qujing/chechi 西域车迟国
d/qujing/dudi 西域毒敌山
d/qujing/fengxian 西域凤仙郡
d/qujing/firemount 西域火焰山
d/qujing/kusong 西域火云洞
d/qujing/jilei 西域积雷山
d/qujing/jindou 西域金兜山
d/qujing/jingjiling 西域荆棘岭
d/qujing/jinping 西域金平府
d/qujing/jisaiguo 西域祭赛国
d/qujing/lingshan 西域灵山
d/qujing/maoying 西域毛颖山
d/qujing/nuerguo 西域女儿国
d/qujing/pingding 西域平顶山
d/qujing/pansi 西域盘丝岭
d/qujing/tongtian 西域通天河
d/qujing/qilin 西域麒麟山
d/qujing/qinfa 西域钦法国
d/qujing/qinglong 西域青龙山
d/qujing/tianzhu 西域天竺国
d/qujing/wudidong 西域无底洞
d/qujing/wuji 西域乌鸡国
d/qujing/xiaoxitian 小西天
d/qujing/yinwu 西域隐雾山
d/qujing/yuhua 西域玉华县
d/qujing/zhujie 西域竹节山
d/qujing/zhuzi 西域朱紫国
d/qujing/huangfeng 西域黄风岭
d/qujing/baigudong 西域白骨山
d/qujing/heifeng 西域黑风山
d/qujing/liusha 西域流沙河
d/qujing/shuangcha 西域双叉岭
d/qujing/yingjian 西域鹰愁涧
d/qujing/xihai 西海龙宫
d/qujing/heishui 西域黑水河
d/qujing/yunzhan 西域云栈洞
d/qujing/baihuling 西域白虎岭
