Can't find "mudos", ignoring old binaries.
Try invoking the driver using the full pathname.
Connected to address server on localhost port 3990

Loading preloaded files ...
Initializations complete.

Accepting connections on port 6666.

执行时段错误：*Bad argument 4 to EFUN message()
Expected: object, array,  Got: int(0).

程式：/adm/obj/simul_efun.lpc 第 57 行
物件: /adm/obj/simul_efun
呼叫来自：/adm/daemons/dynamicd.lpc 的 regenerate_map() 第 62 行，物件： /adm/daemons/dynamicd，地方:<none>
呼叫来自：/adm/obj/simul_efun.lpc 的 tell_room() 第 57 行，物件： /adm/obj/simul_efun，地方:<none>

执行时段错误：*Too long evaluation. Execution aborted.

程式：/feature/attack.lpc 第 200 行
物件: /p/npc/dream#7
呼叫来自：/p/family.lpc 的 create() 第 40 行，物件： /p/family，地方:<none>
呼叫来自：/inherit/room/room.lpc 的 setup() 第 189 行，物件： /p/family，地方:<none>
呼叫来自：/inherit/room/room.lpc 的 reset() 第 71 行，物件： /p/family，地方:<none>
呼叫来自：/inherit/room/room.lpc 的 make_inventory() 第 23 行，物件： /p/family，地方:<none>
呼叫来自：/feature/move.lpc 的 move() 第 91 行，物件： /p/npc/dream#7，地方:/p/family
呼叫来自：/feature/attack.lpc 的 init() 第 200 行，物件： /p/npc/dream#7，地方:/p/family

执行时段错误：*No program in object '/doc/mudlib/efuns'!

程式：0 第 0 行
物件: /adm/obj/master

执行时段错误：*No program in object '/doc/skill/1'!

程式：0 第 0 行
物件: /adm/obj/master

执行时段错误：*No program in object '/kungfu/class/meizhuang/heibai'!

程式：0 第 0 行
物件: /adm/obj/master

执行时段错误：*F_SKILL: No such skill (xuantian-wujigong)

程式：/feature/skill.lpc 第 22 行
物件: /kungfu/class/meizhuang/tubi
呼叫来自：/kungfu/class/meizhuang/tubi.lpc 的 create() 第 37 行，物件： /kungfu/class/meizhuang/tubi ("秃笔翁")，地方:<none>
呼叫来自：/feature/skill.lpc 的 set_skill() 第 22 行，物件： /kungfu/class/meizhuang/tubi ("秃笔翁")，地方:<none>

执行时段错误：*No program in object '/kungfu/class/meizhuang/huang'!

程式：0 第 0 行
物件: /adm/obj/master

执行时段错误：*F_SKILL: No such skill (xuantian-wujigong)

程式：/feature/skill.lpc 第 22 行
物件: /kungfu/class/meizhuang/danqing
呼叫来自：/kungfu/class/meizhuang/danqing.lpc 的 create() 第 37 行，物件： /kungfu/class/meizhuang/danqing ("丹青生")，地方:<none>
呼叫来自：/feature/skill.lpc 的 set_skill() 第 22 行，物件： /kungfu/class/meizhuang/danqing ("丹青生")，地方:<none>

执行时段错误：*No program in object '/kungfu/class/dali/duanzc'!

程式：0 第 0 行
物件: /adm/obj/master

执行时段错误：*Bad argument 1 to EFUN call_other()
Expected: object, string, array,  Got: int(0).

程式：/kungfu/class/gumu/limochou.lpc 第 74 行
物件: /kungfu/class/gumu/limochou
呼叫来自：/kungfu/class/gumu/limochou.lpc 的 create() 第 74 行，物件： /kungfu/class/gumu/limochou ("李莫愁")，地方:<none>

执行时段错误：*Bad argument 1 to EFUN call_other()
Expected: object, string, array,  Got: int(0).

程式：/kungfu/class/gumu/long.lpc 第 76 行
物件: /kungfu/class/gumu/long
呼叫来自：/kungfu/class/gumu/long.lpc 的 create() 第 76 行，物件： /kungfu/class/gumu/long ("小龙女")，地方:<none>

执行时段错误：*No program in object '/kungfu/class/shushan/canxin-jian/xiangsi'!

程式：0 第 0 行
物件: /adm/obj/master

执行时段错误：*No program in object '/kungfu/class/shushan/songhe-sword/duanshui'!

程式：0 第 0 行
物件: /adm/obj/master

执行时段错误：*No program in object '/kungfu/class/shushan/xianfeng-spells/jianshen'!

程式：0 第 0 行
物件: /adm/obj/master

执行时段错误：*No program in object '/kungfu/skill/sun-finger/qiankun'!

程式：0 第 0 行
物件: /adm/obj/master

执行时段错误：*No program in object '/kungfu/skill/papaquan-unarmed'!

程式：0 第 0 行
物件: /adm/obj/master

执行时段错误：*Bad argument 1 to EFUN call_other()
Expected: object, string, array,  Got: int(0).

程式：/kungfu/skill/swsb-shou.lpc 第 9 行
物件: /kungfu/skill/swsb-shou
呼叫来自：/kungfu/skill/swsb-shou.lpc 的 #global_init#() 第 9 行，物件： /kungfu/skill/swsb-shou，地方:<none>

执行时段错误：*Bad argument 1 to EFUN call_other()
Expected: object, string, array,  Got: int(0).

程式：/kungfu/skill/wudu-shenzhang.lpc 第 10 行
物件: /kungfu/skill/wudu-shenzhang
呼叫来自：/kungfu/skill/wudu-shenzhang.lpc 的 #global_init#() 第 10 行，物件： /kungfu/skill/wudu-shenzhang，地方:<none>

执行时段错误：*No program in object '/kungfu/skill/iceforce/chillgaze'!

程式：0 第 0 行
物件: /adm/obj/master

执行时段错误：*No program in object '/kungfu/skill/bagua-quan/gua'!

程式：0 第 0 行
物件: /adm/obj/master

执行时段错误：*No program in object '/kungfu/skill/hanbing-mianzhang2'!

程式：0 第 0 行
物件: /adm/obj/master

执行时段错误：*No program in object '/kungfu/skill/qingyi-jian'!

程式：0 第 0 行
物件: /adm/obj/master

执行时段错误：*No program in object '/kungfu/skill/huang'!

程式：0 第 0 行
物件: /adm/obj/master

执行时段错误：*No program in object '/kungfu/skill/xixi-unarmed'!

程式：0 第 0 行
物件: /adm/obj/master

执行时段错误：*No program in object '/kungfu/skill/jinshe-jian/suo'!

程式：0 第 0 行
物件: /adm/obj/master

执行时段错误：*Bad argument 1 to EFUN call_other()
Expected: object, string, array,  Got: int(0).

程式：/kungfu/skill/xuantie-jianfa.lpc 第 7 行
物件: /kungfu/skill/xuantie-jianfa
呼叫来自：/kungfu/skill/xuantie-jianfa.lpc 的 #global_init#() 第 7 行，物件： /kungfu/skill/xuantie-jianfa，地方:<none>

执行时段错误：*Bad argument 1 to EFUN call_other()
Expected: object, string, array,  Got: int(0).

程式：/kungfu/skill/duanyun-bian.lpc 第 9 行
物件: /kungfu/skill/duanyun-bian
呼叫来自：/kungfu/skill/duanyun-bian.lpc 的 #global_init#() 第 9 行，物件： /kungfu/skill/duanyun-bian，地方:<none>

执行时段错误：*No program in object '/kungfu/skill/bagua-biao/xian'!

程式：0 第 0 行
物件: /adm/obj/master

执行时段错误：*No program in object '/kungfu/skill/bagua-biao/zhi'!

程式：0 第 0 行
物件: /adm/obj/master

执行时段错误：*Bad argument 1 to EFUN call_other()
Expected: object, string, array,  Got: int(0).

程式：/kungfu/skill/anranxiaohun-zhang.lpc 第 12 行
物件: /kungfu/skill/anranxiaohun-zhang
呼叫来自：/kungfu/skill/anranxiaohun-zhang.lpc 的 #global_init#() 第 12 行，物件： /kungfu/skill/anranxiaohun-zhang，地方:<none>

执行时段错误：*No program in object '/kungfu/skill/wudu-goufa'!

程式：0 第 0 行
物件: /adm/obj/master

执行时段错误：*No program in object '/kungfu/skill/nei-bagua/powerup'!

程式：0 第 0 行
物件: /adm/obj/master

执行时段错误：*No program in object '/kungfu/skill/tianxiawuxue-sword'!

程式：0 第 0 行
物件: /adm/obj/master

执行时段错误：*No program in object '/kungfu/skill/emperor-unarmed'!

程式：0 第 0 行
物件: /adm/obj/master

执行时段错误：*No program in object '/kungfu/skill/zhuihun-biao'!

程式：0 第 0 行
物件: /adm/obj/master

执行时段错误：*No program in object '/kungfu/skill/wai-bagua/zhen'!

程式：0 第 0 行
物件: /adm/obj/master

执行时段错误：*No program in object '/kungfu/skill/quanzhen-xinfa'!

程式：0 第 0 行
物件: /adm/obj/master

执行时段错误：*No program in object '/kungfu/skill/sanyang-unarmed/fuxue'!

程式：0 第 0 行
物件: /adm/obj/master

执行时段错误：*No program in object '/kungfu/skill/kunlun-zhang'!

程式：0 第 0 行
物件: /adm/obj/master

执行时段错误：*No program in object '/kungfu/skill/jidian-jian/dian'!

程式：0 第 0 行
物件: /adm/obj/master

执行时段错误：*No program in object '/kungfu/skill/bagua-zhang/ding'!

程式：0 第 0 行
物件: /adm/obj/master

执行时段错误：*No program in object '/kungfu/skill/bagua-zhang/jia'!

程式：0 第 0 行
物件: /adm/obj/master

执行时段错误：*No program in object '/kungfu/skill/shangxin-sword'!

程式：0 第 0 行
物件: /adm/obj/master

执行时段错误：*No program in object '/kungfu/skill/hahasword-sword'!

程式：0 第 0 行
物件: /adm/obj/master

执行时段错误：*No program in object '/kungfu/skill/kuaidao-daofa/kan'!

程式：0 第 0 行
物件: /adm/obj/master

执行时段错误：*No program in object '/kungfu/skill/bagua-dao/tian'!

程式：0 第 0 行
物件: /adm/obj/master

执行时段错误：*No program in object '/kungfu/skill/bagua-dao/sha'!

程式：0 第 0 行
物件: /adm/obj/master

执行时段错误：*No program in object '/kungfu/skill/bagua-dao/mang'!

程式：0 第 0 行
物件: /adm/obj/master

执行时段错误：*No program in object '/kungfu/skill/xixing-dafa/suck'!

程式：0 第 0 行
物件: /adm/obj/master

执行时段错误：*No program in object '/kungfu/skill/xixing-dafa/powerup'!

程式：0 第 0 行
物件: /adm/obj/master

执行时段错误：*No program in object '/kungfu/skill/jinshe-zhui/tuwu'!

程式：0 第 0 行
物件: /adm/obj/master

执行时段错误：*No program in object '/kungfu/skill/love-sword'!

程式：0 第 0 行
物件: /adm/obj/master

执行时段错误：*No program in object '/kungfu/skill/killkillkill-sword'!

程式：0 第 0 行
物件: /adm/obj/master

执行时段错误：*No program in object '/kungfu/skill/guxing-sword'!

程式：0 第 0 行
物件: /adm/obj/master

执行时段错误：*Bad argument 1 to EFUN call_other()
Expected: object, string, array,  Got: int(0).

程式：/quest/tulong/obj/watch.lpc 第 11 行
物件: /quest/tulong/obj/watch
呼叫来自：/quest/tulong/obj/watch.lpc 的 create() 第 11 行，物件： /quest/tulong/obj/watch ("/quest/tulong/obj/watch")，地方:<none>

执行时段错误：*Bad argument 1 to EFUN call_other()
Expected: object, string, array,  Got: int(0).

程式：/inherit/room/room.lpc 第 23 行
物件: /quest/tulong/room/tree
呼叫来自：/quest/tulong/room/tree.lpc 的 create() 第 17 行，物件： /quest/tulong/room/tree，地方:<none>
呼叫来自：/inherit/room/room.lpc 的 setup() 第 189 行，物件： /quest/tulong/room/tree，地方:<none>
呼叫来自：/inherit/room/room.lpc 的 reset() 第 80 行，物件： /quest/tulong/room/tree，地方:<none>
呼叫来自：/inherit/room/room.lpc 的 make_inventory() 第 23 行，物件： /quest/tulong/room/tree，地方:<none>

执行时段错误：*Bad argument 2 to present()
Expected: object Got: 0.

程式：/quest/zhuzao/weapon/club/club.lpc 第 79 行
物件: /quest/zhuzao/weapon/club/club
呼叫来自：/quest/zhuzao/weapon/club/club.lpc 的 create() 第 106 行，物件： /quest/zhuzao/weapon/club/club ("/quest/zhuzao/weapon/club/club")，地方:<none>
呼叫来自：/quest/zhuzao/weapon/club/club.lpc 的 zhuzao_level() 第 79 行，物件： /quest/zhuzao/weapon/club/club ("/quest/zhuzao/weapon/club/club")，地方:<none>

执行时段错误：*Bad argument 2 to present()
Expected: object Got: 0.

程式：/quest/zhuzao/weapon/bian/bian.lpc 第 79 行
物件: /quest/zhuzao/weapon/bian/bian
呼叫来自：/quest/zhuzao/weapon/bian/bian.lpc 的 create() 第 106 行，物件： /quest/zhuzao/weapon/bian/bian ("/quest/zhuzao/weapon/bian/bian")，地方:<none>
呼叫来自：/quest/zhuzao/weapon/bian/bian.lpc 的 zhuzao_level() 第 79 行，物件： /quest/zhuzao/weapon/bian/bian ("/quest/zhuzao/weapon/bian/bian")，地方:<none>

执行时段错误：*Bad argument 2 to present()
Expected: object Got: 0.

程式：/quest/zhuzao/weapon/zhang/zhang.lpc 第 77 行
物件: /quest/zhuzao/weapon/zhang/zhang
呼叫来自：/quest/zhuzao/weapon/zhang/zhang.lpc 的 create() 第 103 行，物件： /quest/zhuzao/weapon/zhang/zhang ("/quest/zhuzao/weapon/zhang/zhang")，地方:<none>
呼叫来自：/quest/zhuzao/weapon/zhang/zhang.lpc 的 zhuzao_level() 第 77 行，物件： /quest/zhuzao/weapon/zhang/zhang ("/quest/zhuzao/weapon/zhang/zhang")，地方:<none>

执行时段错误：*Bad argument 1 to EFUN call_other()
Expected: object, string, array,  Got: int(0).

程式：/quest/rightkiller3.lpc 第 45 行
物件: /quest/rightkiller3
呼叫来自：/quest/rightkiller3.lpc 的 create() 第 45 行，物件： /quest/rightkiller3 ("右四")，地方:<none>

执行时段错误：*No program in object '/quest/quest_sc/guo'!

程式：0 第 0 行
物件: /adm/obj/master

执行时段错误：*No program in object '/quest/quest_sc/job2/robber3'!

程式：0 第 0 行
物件: /adm/obj/master

执行时段错误：*No program in object '/quest/quest_sc/job2/robber1'!

程式：0 第 0 行
物件: /adm/obj/master

执行时段错误：*No program in object '/quest/quest_sc/job2/robber4'!

程式：0 第 0 行
物件: /adm/obj/master

执行时段错误：*No program in object '/quest/quest_sc/job2/robber2'!

程式：0 第 0 行
物件: /adm/obj/master

执行时段错误：*Bad argument 1 to EFUN call_other()
Expected: object, string, array,  Got: int(0).

程式：/quest/quest_kill/quest_npc.lpc 第 874 行
物件: /quest/quest_kill/quest_npc
呼叫来自：/quest/quest_kill/quest_npc.lpc 的 create() 第 874 行，物件： /quest/quest_kill/quest_npc ("吴海军")，地方:<none>

执行时段错误：*Bad argument 1 to EFUN call_other()
Expected: object, string, array,  Got: int(0).

程式：/quest/rightkiller2.lpc 第 45 行
物件: /quest/rightkiller2
呼叫来自：/quest/rightkiller2.lpc 的 create() 第 45 行，物件： /quest/rightkiller2 ("右四")，地方:<none>

执行时段错误：*Bad argument 1 to EFUN call_other()
Expected: object, string, array,  Got: int(0).

程式：/quest/quest_shan/quest_killer.lpc 第 580 行
物件: /quest/quest_shan/quest_killer
呼叫来自：/quest/quest_shan/quest_killer.lpc 的 create() 第 580 行，物件： /quest/quest_shan/quest_killer ("林宏雄")，地方:<none>

执行时段错误：*Bad argument 1 to EFUN call_other()
Expected: object, string, array,  Got: int(0).

程式：/quest/quest_shan/baixing.lpc 第 188 行
物件: /quest/quest_shan/baixing
呼叫来自：/quest/quest_shan/baixing.lpc 的 create() 第 188 行，物件： /quest/quest_shan/baixing ("刘荣雄")，地方:<none>

执行时段错误：*Bad argument 1 to EFUN call_other()
Expected: object, string, array,  Got: int(0).

程式：/quest/quest_shan/quest_bandit.lpc 第 580 行
物件: /quest/quest_shan/quest_bandit
呼叫来自：/quest/quest_shan/quest_bandit.lpc 的 create() 第 580 行，物件： /quest/quest_shan/quest_bandit ("陈奇")，地方:<none>

执行时段错误：*Bad argument 1 to EFUN call_other()
Expected: object, string, array,  Got: int(0).

程式：/quest/biao/robber.lpc 第 594 行
物件: /quest/biao/robber
呼叫来自：/quest/biao/robber.lpc 的 create() 第 594 行，物件： /quest/biao/robber ("西门丽娘")，地方:<none>

执行时段错误：*Bad argument 1 to EFUN call_other()
Expected: object, string, array,  Got: int(0).

程式：/quest/biao/bandit.lpc 第 565 行
物件: /quest/biao/bandit
呼叫来自：/quest/biao/bandit.lpc 的 create() 第 565 行，物件： /quest/biao/bandit ("/quest/biao/bandit")，地方:<none>

执行时段错误：*F_SKILL: No such skill (xuantian-wuji)

程式：/feature/skill.lpc 第 22 行
物件: /quest/huang/killer1
呼叫来自：/quest/huang/killer1.lpc 的 create() 第 27 行，物件： /quest/huang/killer1 ("土匪")，地方:<none>
呼叫来自：/feature/skill.lpc 的 set_skill() 第 22 行，物件： /quest/huang/killer1 ("土匪")，地方:<none>

执行时段错误：*F_SKILL: No such skill (xuantian-wuji)

程式：/feature/skill.lpc 第 22 行
物件: /quest/huang/skiller3
呼叫来自：/quest/huang/skiller3.lpc 的 create() 第 23 行，物件： /quest/huang/skiller3 ("土匪")，地方:<none>
呼叫来自：/feature/skill.lpc 的 set_skill() 第 22 行，物件： /quest/huang/skiller3 ("土匪")，地方:<none>

执行时段错误：*Bad argument 1 to EFUN call_other()
Expected: object, string, array,  Got: int(0).

程式：/quest/dugu/qiangdao.lpc 第 10 行
物件: /quest/dugu/qiangdao
呼叫来自：/quest/dugu/qiangdao.lpc 的 create() 第 10 行，物件： /quest/dugu/qiangdao ("/quest/dugu/qiangdao")，地方:<none>

执行时段错误：*F_SKILL: No such skill (xuantian-wuji)

程式：/feature/skill.lpc 第 22 行
物件: /quest/husong/skiller3
呼叫来自：/quest/husong/skiller3.lpc 的 create() 第 23 行，物件： /quest/husong/skiller3 ("杀手")，地方:<none>
呼叫来自：/feature/skill.lpc 的 set_skill() 第 22 行，物件： /quest/husong/skiller3 ("杀手")，地方:<none>

执行时段错误：*No program in object '/inherit/misc/quest'!

程式：0 第 0 行
物件: /adm/obj/master

执行时段错误：*No program in object '/clone/weapon/panguanbi'!

程式：0 第 0 行
物件: /adm/obj/master

执行时段错误：*No program in object '/clone/lonely/book/liumai-shenjian'!

程式：0 第 0 行
物件: /adm/obj/master

执行时段错误：*No program in object '/clone/lonely/book/jinshe1'!

程式：0 第 0 行
物件: /adm/obj/master

执行时段错误：*No program in object '/clone/lonely/book/wudang'!

程式：0 第 0 行
物件: /adm/obj/master

执行时段错误：*No program in object '/clone/lonely/book/yaowang_book'!

程式：0 第 0 行
物件: /adm/obj/master

执行时段错误：*No program in object '/clone/lonely/book/taohua'!

程式：0 第 0 行
物件: /adm/obj/master

执行时段错误：*No program in object '/clone/lonely/feituo'!

程式：0 第 0 行
物件: /adm/obj/master

执行时段错误：*No program in object '/clone/lonely/dongxiao'!

程式：0 第 0 行
物件: /adm/obj/master

执行时段错误：*No program in object '/clone/lonely/kuihuazhen'!

程式：0 第 0 行
物件: /adm/obj/master

执行时段错误：*No program in object '/clone/lonely/jiasha'!

程式：0 第 0 行
物件: /adm/obj/master

执行时段错误：*No program in object '/clone/lonely/yaowang_book'!

程式：0 第 0 行
物件: /adm/obj/master

执行时段错误：*No program in object '/clone/lonely/yuxiao'!

程式：0 第 0 行
物件: /adm/obj/master

执行时段错误：*Bad argument 1 to EFUN call_other()
Expected: object, string, array,  Got: int(0).

程式：/inherit/room/room.lpc 第 23 行
物件: /clone/misc/biwu
呼叫来自：/clone/misc/biwu.lpc 的 create() 第 32 行，物件： /clone/misc/biwu，地方:<none>
呼叫来自：/inherit/room/room.lpc 的 setup() 第 189 行，物件： /clone/misc/biwu，地方:<none>
呼叫来自：/inherit/room/room.lpc 的 reset() 第 71 行，物件： /clone/misc/biwu，地方:<none>
呼叫来自：/inherit/room/room.lpc 的 make_inventory() 第 23 行，物件： /clone/misc/biwu，地方:<none>

执行时段错误：*No program in object '/clone/topten/gaoshou'!

程式：0 第 0 行
物件: /adm/obj/master

执行时段错误：*Bad argument 1 to EFUN new()
Expected: string,  Got: mapping(([ /* sizeof() == 8 */
  "lv" : 43,
  "time" : "辛酉年二月五日子时四刻",
  "make" : 1,
  "name" : "[1;31m长[1;35m生[1;36m剑[2;37;0m",
  "or" : "千年神木",
  "type" : "剑",
  "id" : "my sword",
  "value" : 1785,
])).

程式：/inherit/char/npc.lpc 第 11 行
物件: /clone/npc/shang-shan
呼叫来自：/clone/npc/shang-shan.lpc 的 create() 第 67 行，物件： /clone/npc/shang-shan ("文樱")，地方:<none>
呼叫来自：/inherit/char/npc.lpc 的 carry_object() 第 11 行，物件： /clone/npc/shang-shan ("文樱")，地方:<none>

执行时段错误：*Bad argument 1 to EFUN call_other()
Expected: object, string, array,  Got: int(0).

程式：/clone/npc/robber.lpc 第 40 行
物件: /clone/npc/robber
呼叫来自：/clone/npc/robber.lpc 的 create() 第 40 行，物件： /clone/npc/robber ("蒙面强盗")，地方:<none>

执行时段错误：*Bad argument 1 to EFUN new()
Expected: string,  Got: mapping(([ /* sizeof() == 8 */
  "make" : 1,
  "time" : "戊午年三月二日酉时二刻",
  "lv" : 39,
  "name" : "小刀子[2;37;0m",
  "or" : "寒丝羽竹",
  "type" : "刀",
  "id" : "my blade",
  "value" : 1011,
])).

程式：/inherit/char/npc.lpc 第 11 行
物件: /clone/npc/fa-e
呼叫来自：/clone/npc/fa-e.lpc 的 create() 第 67 行，物件： /clone/npc/fa-e ("文")，地方:<none>
呼叫来自：/inherit/char/npc.lpc 的 carry_object() 第 11 行，物件： /clone/npc/fa-e ("文")，地方:<none>

执行时段错误：*No program in object '/kungfu/class/meizhuang/heibai'!

程式：/inherit/room/room.lpc 第 22 行
物件: /d/meizhuang/houting
呼叫来自：/d/meizhuang/houting.lpc 的 create() 第 24 行，物件： /d/meizhuang/houting，地方:<none>
呼叫来自：/inherit/room/room.lpc 的 setup() 第 189 行，物件： /d/meizhuang/houting，地方:<none>
呼叫来自：/inherit/room/room.lpc 的 reset() 第 71 行，物件： /d/meizhuang/houting，地方:<none>
呼叫来自：/inherit/room/room.lpc 的 make_inventory() 第 22 行，物件： /d/meizhuang/houting，地方:<none>

执行时段错误：*Bad argument 1 to EFUN call_other()
Expected: object, string, array,  Got: int(0).

程式：/d/meizhuang/npc/ren.lpc 第 67 行
物件: /d/meizhuang/npc/ren
呼叫来自：/d/meizhuang/npc/ren.lpc 的 create() 第 67 行，物件： /d/meizhuang/npc/ren ("任我行")，地方:<none>

执行时段错误：*No program in object '/d/kaifeng/ground0'!

程式：0 第 0 行
物件: /adm/obj/master

执行时段错误：*No program in object '/d/kaifeng/ground0'!

程式：0 第 0 行
物件: /adm/obj/master

执行时段错误：*No program in object '/d/kaifeng/ground0'!

程式：0 第 0 行
物件: /adm/obj/master

执行时段错误：*No program in object '/d/kaifeng/ground0'!

程式：0 第 0 行
物件: /adm/obj/master

执行时段错误：*Bad argument 1 to EFUN call_other()
Expected: object, string, array,  Got: int(0).

程式：/d/kaifeng/obj/blade2.lpc 第 18 行
物件: /d/kaifeng/obj/blade2
呼叫来自：/d/kaifeng/obj/blade2.lpc 的 create() 第 18 行，物件： /d/kaifeng/obj/blade2 ("天王麦克风")，地方:<none>

执行时段错误：*Bad argument 1 to EFUN call_other()
Expected: object, string, array,  Got: int(0).

程式：/inherit/room/room.lpc 第 23 行
物件: /d/tulong/tree
呼叫来自：/d/tulong/tree.lpc 的 create() 第 17 行，物件： /d/tulong/tree，地方:<none>
呼叫来自：/inherit/room/room.lpc 的 setup() 第 189 行，物件： /d/tulong/tree，地方:<none>
呼叫来自：/inherit/room/room.lpc 的 reset() 第 80 行，物件： /d/tulong/tree，地方:<none>
呼叫来自：/inherit/room/room.lpc 的 make_inventory() 第 23 行，物件： /d/tulong/tree，地方:<none>

执行时段错误：*Bad argument 1 to EFUN call_other()
Expected: object, string, array,  Got: int(0).

程式：/inherit/room/room.lpc 第 23 行
物件: /d/tangmen/bingqiku
呼叫来自：/d/tangmen/bingqiku.lpc 的 create() 第 26 行，物件： /d/tangmen/bingqiku，地方:<none>
呼叫来自：/inherit/room/room.lpc 的 setup() 第 189 行，物件： /d/tangmen/bingqiku，地方:<none>
呼叫来自：/inherit/room/room.lpc 的 reset() 第 80 行，物件： /d/tangmen/bingqiku，地方:<none>
呼叫来自：/inherit/room/room.lpc 的 make_inventory() 第 23 行，物件： /d/tangmen/bingqiku，地方:<none>

执行时段错误：*Bad argument 1 to EFUN call_other()
Expected: object, string, array,  Got: int(0).

程式：/inherit/room/room.lpc 第 23 行
物件: /d/tangmen/liujiantang
呼叫来自：/d/tangmen/liujiantang.lpc 的 create() 第 28 行，物件： /d/tangmen/liujiantang，地方:<none>
呼叫来自：/inherit/room/room.lpc 的 setup() 第 189 行，物件： /d/tangmen/liujiantang，地方:<none>
呼叫来自：/inherit/room/room.lpc 的 reset() 第 71 行，物件： /d/tangmen/liujiantang，地方:<none>
呼叫来自：/inherit/room/room.lpc 的 make_inventory() 第 23 行，物件： /d/tangmen/liujiantang，地方:<none>

执行时段错误：*No program in object '/d/japan/npc/xiaoquan'!

程式：/inherit/room/room.lpc 第 22 行
物件: /d/japan/dadao1
呼叫来自：/d/japan/dadao1.lpc 的 create() 第 23 行，物件： /d/japan/dadao1，地方:<none>
呼叫来自：/inherit/room/room.lpc 的 setup() 第 189 行，物件： /d/japan/dadao1，地方:<none>
呼叫来自：/inherit/room/room.lpc 的 reset() 第 71 行，物件： /d/japan/dadao1，地方:<none>
呼叫来自：/inherit/room/room.lpc 的 make_inventory() 第 22 行，物件： /d/japan/dadao1，地方:<none>

执行时段错误：*No program in object '/d/japan/npc/xiaoquan'!

程式：0 第 0 行
物件: /adm/obj/master

执行时段错误：*Bad argument 1 to EFUN call_other()
Expected: object, string, array,  Got: int(0).

程式：/inherit/room/room.lpc 第 23 行
物件: /d/heimuya/zhaoze/mishi
呼叫来自：/d/heimuya/zhaoze/mishi.lpc 的 create() 第 18 行，物件： /d/heimuya/zhaoze/mishi，地方:<none>
呼叫来自：/inherit/room/room.lpc 的 setup() 第 189 行，物件： /d/heimuya/zhaoze/mishi，地方:<none>
呼叫来自：/d/heimuya/zhaoze/mishi.lpc 的 reset() 第 73 行，物件： /d/heimuya/zhaoze/mishi，地方:<none>
呼叫来自：/inherit/room/room.lpc 的 reset() 第 71 行，物件： /d/heimuya/zhaoze/mishi，地方:<none>
呼叫来自：/inherit/room/room.lpc 的 make_inventory() 第 23 行，物件： /d/heimuya/zhaoze/mishi，地方:<none>

执行时段错误：*Bad argument 1 to EFUN call_other()
Expected: object, string, array,  Got: int(0).

程式：/inherit/room/room.lpc 第 23 行
物件: /d/heimuya/npc/qing
呼叫来自：/d/heimuya/npc/qing.lpc 的 create() 第 17 行，物件： /d/heimuya/npc/qing，地方:<none>
呼叫来自：/inherit/room/room.lpc 的 setup() 第 189 行，物件： /d/heimuya/npc/qing，地方:<none>
呼叫来自：/inherit/room/room.lpc 的 reset() 第 71 行，物件： /d/heimuya/npc/qing，地方:<none>
呼叫来自：/inherit/room/room.lpc 的 make_inventory() 第 23 行，物件： /d/heimuya/npc/qing，地方:<none>

执行时段错误：*Too long evaluation. Execution aborted.

程式：/adm/obj/master.lpc 第 208 行
物件: /adm/obj/master
呼叫来自：/d/city2/xiyuan.lpc 的 create() 第 23 行，物件： /d/city2/xiyuan，地方:<none>
呼叫来自：/inherit/room/room.lpc 的 setup() 第 189 行，物件： /d/city2/xiyuan，地方:<none>
呼叫来自：/inherit/room/room.lpc 的 reset() 第 80 行，物件： /d/city2/xiyuan，地方:<none>
呼叫来自：/inherit/room/room.lpc 的 make_inventory() 第 22 行，物件： /d/city2/xiyuan，地方:<none>
呼叫来自：/d/city2/npc/guanzho.lpc 的 create() 第 16 行，物件： /d/city2/npc/guanzho#2904，地方:<none>
呼叫来自：/inherit/char/npc.lpc 的 carry_object() 第 11 行，物件： /d/city2/npc/guanzho#2904，地方:<none>
呼叫来自：/adm/obj/master.lpc 的 creator_file() 第 208 行，物件： /adm/obj/master，地方:<none>

执行时段错误：*Bad argument 1 to EFUN call_other()
Expected: object, string, array,  Got: int(0).

程式：/d/city2/lilishi.lpc 第 56 行
物件: /d/city2/lilishi
呼叫来自：/d/city2/lilishi.lpc 的 create() 第 56 行，物件： /d/city2/lilishi ("李力世")，地方:<none>

执行时段错误：*Bad argument 1 to EFUN call_other()
Expected: object, string, array,  Got: int(0).

程式：/d/city2/obj/luguanji.lpc 第 16 行
物件: /d/city2/obj/luguanji
呼叫来自：/d/city2/obj/luguanji.lpc 的 create() 第 16 行，物件： /d/city2/obj/luguanji ("女管家")，地方:<none>

执行时段错误：*Bad argument 1 to EFUN call_other()
Expected: object, string, array,  Got: int(0).

程式：/d/city2/npc/liling2.lpc 第 148 行
物件: /d/city2/npc/liling2
呼叫来自：/d/city2/npc/liling2.lpc 的 create() 第 148 行，物件： /d/city2/npc/liling2 ("李凌")，地方:<none>

执行时段错误：*No program in object '/d/city2/npc/zhengmen'!

程式：0 第 0 行
物件: /adm/obj/master

执行时段错误：*Bad argument 1 to EFUN call_other()
Expected: object, string, array,  Got: int(0).

程式：/inherit/room/room.lpc 第 23 行
物件: /d/guiyun/jinship
呼叫来自：/d/guiyun/jinship.lpc 的 create() 第 36 行，物件： /d/guiyun/jinship，地方:<none>
呼叫来自：/inherit/room/room.lpc 的 setup() 第 189 行，物件： /d/guiyun/jinship，地方:<none>
呼叫来自：/inherit/room/room.lpc 的 reset() 第 71 行，物件： /d/guiyun/jinship，地方:<none>
呼叫来自：/inherit/room/room.lpc 的 make_inventory() 第 23 行，物件： /d/guiyun/jinship，地方:<none>

执行时段错误：*No program in object '/d/liwu/obj/ling2'!

程式：0 第 0 行
物件: /adm/obj/master

执行时段错误：*No program in object '/d/city/npc/zhuziliu'!

程式：0 第 0 行
物件: /adm/obj/master

执行时段错误：*Bad argument 1 to EFUN call_other()
Expected: object, string, array,  Got: int(0).

程式：/d/fengxue/obj/hei-ke.lpc 第 34 行
物件: /d/fengxue/obj/hei-ke
呼叫来自：/d/city/npc/hhm.lpc 的 create() 第 38 行，物件： /d/city/npc/hhm ("[1;31m黄昏落花[2;37;0m")，地方:<none>
呼叫来自：/inherit/char/npc.lpc 的 carry_object() 第 11 行，物件： /d/city/npc/hhm ("[1;31m黄昏落花[2;37;0m")，地方:<none>
呼叫来自：/d/fengxue/obj/hei-ke.lpc 的 create() 第 34 行，物件： /d/fengxue/obj/hei-ke ("[1;33m黑[1;37m客[1;31m盾[2;37;0m")，地方:<none>

执行时段错误：*No program in object '/d/city/sj'!

程式：0 第 0 行
物件: /adm/obj/master

执行时段错误：*Bad argument 1 to EFUN call_other()
Expected: object, string, array,  Got: int(0).

程式：/d/fengxue/obj/hei-ke.lpc 第 34 行
物件: /d/fengxue/obj/hei-ke#4448
呼叫来自：/d/city/chatroom3.lpc 的 create() 第 34 行，物件： /d/city/chatroom3，地方:<none>
呼叫来自：/inherit/room/room.lpc 的 setup() 第 189 行，物件： /d/city/chatroom3，地方:<none>
呼叫来自：/inherit/room/room.lpc 的 reset() 第 80 行，物件： /d/city/chatroom3，地方:<none>
呼叫来自：/inherit/room/room.lpc 的 make_inventory() 第 22 行，物件： /d/city/chatroom3，地方:<none>
呼叫来自：/d/city/npc/hhm.lpc 的 create() 第 38 行，物件： /d/city/npc/hhm#4447 ("[1;31m黄昏落花[2;37;0m")，地方:<none>
呼叫来自：/inherit/char/npc.lpc 的 carry_object() 第 11 行，物件： /d/city/npc/hhm#4447 ("[1;31m黄昏落花[2;37;0m")，地方:<none>
呼叫来自：/d/fengxue/obj/hei-ke.lpc 的 create() 第 34 行，物件： /d/fengxue/obj/hei-ke#4448 ("[1;33m黑[1;37m客[1;31m盾[2;37;0m")，地方:<none>

执行时段错误：*F_SKILL: No such skill (hanbing-shenzhang)

程式：/feature/skill.lpc 第 22 行
物件: /d/songshan/npc/fei
呼叫来自：/d/songshan/npc/fei.lpc 的 create() 第 35 行，物件： /d/songshan/npc/fei ("费彬")，地方:<none>
呼叫来自：/feature/skill.lpc 的 set_skill() 第 22 行，物件： /d/songshan/npc/fei ("费彬")，地方:<none>

执行时段错误：*Bad argument 1 to EFUN call_other()
Expected: object, string, array,  Got: int(0).

程式：/d/qingcheng/npc/shen.lpc 第 25 行
物件: /d/qingcheng/npc/shen
呼叫来自：/d/qingcheng/jianfugong.lpc 的 create() 第 22 行，物件： /d/qingcheng/jianfugong，地方:<none>
呼叫来自：/inherit/room/room.lpc 的 setup() 第 189 行，物件： /d/qingcheng/jianfugong，地方:<none>
呼叫来自：/inherit/room/room.lpc 的 reset() 第 71 行，物件： /d/qingcheng/jianfugong，地方:<none>
呼叫来自：/inherit/room/room.lpc 的 make_inventory() 第 22 行，物件： /d/qingcheng/jianfugong，地方:<none>
呼叫来自：/d/qingcheng/npc/shen.lpc 的 create() 第 25 行，物件： /d/qingcheng/npc/shen ("申人俊")，地方:<none>

执行时段错误：*Bad argument 1 to EFUN call_other()
Expected: object, string, array,  Got: int(0).

程式：/d/qingcheng/npc/hong.lpc 第 25 行
物件: /d/qingcheng/npc/hong
呼叫来自：/d/qingcheng/chaoyangdong.lpc 的 create() 第 22 行，物件： /d/qingcheng/chaoyangdong，地方:<none>
呼叫来自：/inherit/room/room.lpc 的 setup() 第 189 行，物件： /d/qingcheng/chaoyangdong，地方:<none>
呼叫来自：/inherit/room/room.lpc 的 reset() 第 71 行，物件： /d/qingcheng/chaoyangdong，地方:<none>
呼叫来自：/inherit/room/room.lpc 的 make_inventory() 第 22 行，物件： /d/qingcheng/chaoyangdong，地方:<none>
呼叫来自：/d/qingcheng/npc/hong.lpc 的 create() 第 25 行，物件： /d/qingcheng/npc/hong ("洪人雄")，地方:<none>

执行时段错误：*Bad argument 1 to EFUN call_other()
Expected: object, string, array,  Got: int(0).

程式：/d/qingcheng/npc/hou.lpc 第 25 行
物件: /d/qingcheng/npc/hou
呼叫来自：/d/qingcheng/huyingting.lpc 的 create() 第 22 行，物件： /d/qingcheng/huyingting，地方:<none>
呼叫来自：/inherit/room/room.lpc 的 setup() 第 189 行，物件： /d/qingcheng/huyingting，地方:<none>
呼叫来自：/inherit/room/room.lpc 的 reset() 第 71 行，物件： /d/qingcheng/huyingting，地方:<none>
呼叫来自：/inherit/room/room.lpc 的 make_inventory() 第 22 行，物件： /d/qingcheng/huyingting，地方:<none>
呼叫来自：/d/qingcheng/npc/hou.lpc 的 create() 第 25 行，物件： /d/qingcheng/npc/hou ("侯人英")，地方:<none>

执行时段错误：*Bad argument 1 to EFUN call_other()
Expected: object, string, array,  Got: int(0).

程式：/d/qingcheng/npc/ji.lpc 第 25 行
物件: /d/qingcheng/npc/ji
呼叫来自：/d/qingcheng/npc/ji.lpc 的 create() 第 25 行，物件： /d/qingcheng/npc/ji ("吉人通")，地方:<none>

执行时段错误：*Bad argument 1 to EFUN call_other()
Expected: object, string, array,  Got: int(0).

程式：/d/qingcheng/npc/luo.lpc 第 25 行
物件: /d/qingcheng/npc/luo
呼叫来自：/d/qingcheng/npc/luo.lpc 的 create() 第 25 行，物件： /d/qingcheng/npc/luo ("罗人杰")，地方:<none>

执行时段错误：*Bad argument 1 to EFUN call_other()
Expected: object, string, array,  Got: int(0).

程式：/d/qingcheng/npc/luo.lpc 第 25 行
物件: /d/qingcheng/npc/luo#5280
呼叫来自：/d/qingcheng/tingquanting.lpc 的 create() 第 21 行，物件： /d/qingcheng/tingquanting，地方:<none>
呼叫来自：/inherit/room/room.lpc 的 setup() 第 189 行，物件： /d/qingcheng/tingquanting，地方:<none>
呼叫来自：/inherit/room/room.lpc 的 reset() 第 71 行，物件： /d/qingcheng/tingquanting，地方:<none>
呼叫来自：/inherit/room/room.lpc 的 make_inventory() 第 22 行，物件： /d/qingcheng/tingquanting，地方:<none>
呼叫来自：/d/qingcheng/npc/luo.lpc 的 create() 第 25 行，物件： /d/qingcheng/npc/luo#5280 ("罗人杰")，地方:<none>

执行时段错误：*Bad argument 1 to EFUN call_other()
Expected: object, string, array,  Got: int(0).

程式：/inherit/room/room.lpc 第 23 行
物件: /d/mingjiao/fangtang
呼叫来自：/d/mingjiao/fangtang.lpc 的 create() 第 38 行，物件： /d/mingjiao/fangtang，地方:<none>
呼叫来自：/inherit/room/room.lpc 的 setup() 第 189 行，物件： /d/mingjiao/fangtang，地方:<none>
呼叫来自：/inherit/room/room.lpc 的 reset() 第 71 行，物件： /d/mingjiao/fangtang，地方:<none>
呼叫来自：/inherit/room/room.lpc 的 make_inventory() 第 23 行，物件： /d/mingjiao/fangtang，地方:<none>

执行时段错误：*Bad argument 1 to EFUN call_other()
Expected: object, string, array,  Got: int(0).

程式：/inherit/room/room.lpc 第 23 行
物件: /d/mingjiao/neishi
呼叫来自：/d/mingjiao/neishi.lpc 的 create() 第 22 行，物件： /d/mingjiao/neishi，地方:<none>
呼叫来自：/inherit/room/room.lpc 的 setup() 第 189 行，物件： /d/mingjiao/neishi，地方:<none>
呼叫来自：/inherit/room/room.lpc 的 reset() 第 71 行，物件： /d/mingjiao/neishi，地方:<none>
呼叫来自：/inherit/room/room.lpc 的 make_inventory() 第 23 行，物件： /d/mingjiao/neishi，地方:<none>

执行时段错误：*Bad argument 1 to EFUN call_other()
Expected: object, string, array,  Got: int(0).

程式：/d/mingjiao/npc/shiwang.lpc 第 61 行
物件: /d/mingjiao/npc/shiwang
呼叫来自：/d/mingjiao/npc/shiwang.lpc 的 create() 第 61 行，物件： /d/mingjiao/npc/shiwang ("谢 逊")，地方:<none>

执行时段错误：*F_SKILL: No such skill (jinshe-jianfa)

程式：/feature/skill.lpc 第 22 行
物件: /d/city3/wenzai/npc/jinshe
呼叫来自：/d/city3/wenzai/npc/jinshe.lpc 的 create() 第 52 行，物件： /d/city3/wenzai/npc/jinshe ("夏雪宜")，地方:<none>
呼叫来自：/feature/skill.lpc 的 set_skill() 第 22 行，物件： /d/city3/wenzai/npc/jinshe ("夏雪宜")，地方:<none>

执行时段错误：*Bad argument 1 to EFUN call_other()
Expected: object, string, array,  Got: int(0).

程式：/d/city3/npc/jian-ke.lpc 第 28 行
物件: /d/city3/npc/jian-ke
呼叫来自：/d/city3/npc/jian-ke.lpc 的 create() 第 28 行，物件： /d/city3/npc/jian-ke ("剑客")，地方:<none>

执行时段错误：*Bad argument 1 to EFUN call_other()
Expected: object, string, array,  Got: int(0).

程式：/d/city3/npc/dao-ke.lpc 第 25 行
物件: /d/city3/npc/dao-ke
呼叫来自：/d/city3/npc/dao-ke.lpc 的 create() 第 25 行，物件： /d/city3/npc/dao-ke ("刀客")，地方:<none>

执行时段错误：*No program in object '/d/fengxue/xin-xiu'!

程式：0 第 0 行
物件: /adm/obj/master

执行时段错误：*Bad argument 1 to EFUN call_other()
Expected: object, string, array,  Got: int(0).

程式：/d/fengxue/obj/tai-e.lpc 第 37 行
物件: /d/fengxue/obj/tai-e
呼叫来自：/d/fengxue/obj/tai-e.lpc 的 create() 第 37 行，物件： /d/fengxue/obj/tai-e ("[1;37m太阿剑[2;37;0m")，地方:<none>

执行时段错误：*Bad argument 1 to EFUN call_other()
Expected: object, string, array,  Got: int(0).

程式：/d/fengxue/obj/zhan-lu.lpc 第 37 行
物件: /d/fengxue/obj/zhan-lu
呼叫来自：/d/fengxue/obj/zhan-lu.lpc 的 create() 第 37 行，物件： /d/fengxue/obj/zhan-lu ("[31m湛卢剑[2;37;0m")，地方:<none>

执行时段错误：*Bad argument 1 to EFUN call_other()
Expected: object, string, array,  Got: int(0).

程式：/d/fengxue/obj/han-po.lpc 第 37 行
物件: /d/fengxue/obj/han-po
呼叫来自：/d/fengxue/obj/han-po.lpc 的 create() 第 37 行，物件： /d/fengxue/obj/han-po ("[1;34m寒魄刀[2;37;0m")，地方:<none>

执行时段错误：*call_other() couldn't find object '/clone/board/stock_b'.

程式：/d/wizard/stock_room.lpc 第 24 行
物件: /d/wizard/stock_room
呼叫来自：/d/wizard/stock_room.lpc 的 create() 第 24 行，物件： /d/wizard/stock_room，地方:<none>

执行时段错误：*Bad argument 1 to EFUN call_other()
Expected: object, string, array,  Got: int(0).

程式：/d/hangzhou/honghua/wei.lpc 第 56 行
物件: /d/hangzhou/honghua/wei
呼叫来自：/d/hangzhou/honghua/wei.lpc 的 create() 第 56 行，物件： /d/hangzhou/honghua/wei ("卫春华")，地方:<none>

执行时段错误：*Bad argument 1 to EFUN call_other()
Expected: object, string, array,  Got: int(0).

程式：/d/hangzhou/honghua/wei.lpc 第 56 行
物件: /d/hangzhou/honghua/wei#7176
呼叫来自：/d/hangzhou/liuhe5.lpc 的 create() 第 23 行，物件： /d/hangzhou/liuhe5，地方:<none>
呼叫来自：/inherit/room/room.lpc 的 setup() 第 189 行，物件： /d/hangzhou/liuhe5，地方:<none>
呼叫来自：/inherit/room/room.lpc 的 reset() 第 71 行，物件： /d/hangzhou/liuhe5，地方:<none>
呼叫来自：/inherit/room/room.lpc 的 make_inventory() 第 22 行，物件： /d/hangzhou/liuhe5，地方:<none>
呼叫来自：/d/hangzhou/honghua/wei.lpc 的 create() 第 56 行，物件： /d/hangzhou/honghua/wei#7176 ("卫春华")，地方:<none>

执行时段错误：*Bad argument 1 to EFUN call_other()
Expected: object, string, array,  Got: int(0).

程式：/d/biwu/ouyangfeng.lpc 第 71 行
物件: /d/biwu/ouyangfeng
呼叫来自：/d/biwu/ouyangfeng.lpc 的 create() 第 71 行，物件： /d/biwu/ouyangfeng ("欧阳锋")，地方:<none>

执行时段错误：*Bad argument 1 to EFUN call_other()
Expected: object, string, array,  Got: int(0).

程式：/d/biwu/renwoxing.lpc 第 76 行
物件: /d/biwu/renwoxing
呼叫来自：/d/biwu/a8.lpc 的 create() 第 20 行，物件： /d/biwu/a8，地方:<none>
呼叫来自：/inherit/room/room.lpc 的 setup() 第 189 行，物件： /d/biwu/a8，地方:<none>
呼叫来自：/inherit/room/room.lpc 的 reset() 第 71 行，物件： /d/biwu/a8，地方:<none>
呼叫来自：/inherit/room/room.lpc 的 make_inventory() 第 22 行，物件： /d/biwu/a8，地方:<none>
呼叫来自：/d/biwu/renwoxing.lpc 的 create() 第 76 行，物件： /d/biwu/renwoxing ("任我行")，地方:<none>

执行时段错误：*Bad argument 1 to EFUN call_other()
Expected: object, string, array,  Got: int(0).

程式：/d/biwu/ouyangfeng.lpc 第 71 行
物件: /d/biwu/ouyangfeng#7428
呼叫来自：/d/biwu/a10.lpc 的 create() 第 20 行，物件： /d/biwu/a10，地方:<none>
呼叫来自：/inherit/room/room.lpc 的 setup() 第 189 行，物件： /d/biwu/a10，地方:<none>
呼叫来自：/inherit/room/room.lpc 的 reset() 第 71 行，物件： /d/biwu/a10，地方:<none>
呼叫来自：/inherit/room/room.lpc 的 make_inventory() 第 22 行，物件： /d/biwu/a10，地方:<none>
呼叫来自：/d/biwu/ouyangfeng.lpc 的 create() 第 71 行，物件： /d/biwu/ouyangfeng#7428 ("欧阳锋")，地方:<none>

执行时段错误：*Bad argument 1 to EFUN call_other()
Expected: object, string, array,  Got: int(0).

程式：/d/new/npc/wenqianer.lpc 第 76 行
物件: /d/new/npc/wenqianer
呼叫来自：/d/new/npc/wenqianer.lpc 的 create() 第 76 行，物件： /d/new/npc/wenqianer ("[1;34m静静[2;37;0m")，地方:<none>

执行时段错误：*F_SKILL: No such skill (yiyang)

程式：/feature/skill.lpc 第 22 行
物件: /d/wanjiegu/npc/mu
呼叫来自：/d/wanjiegu/stone_room.lpc 的 create() 第 23 行，物件： /d/wanjiegu/stone_room，地方:<none>
呼叫来自：/inherit/room/room.lpc 的 setup() 第 189 行，物件： /d/wanjiegu/stone_room，地方:<none>
呼叫来自：/inherit/room/room.lpc 的 reset() 第 71 行，物件： /d/wanjiegu/stone_room，地方:<none>
呼叫来自：/inherit/room/room.lpc 的 make_inventory() 第 22 行，物件： /d/wanjiegu/stone_room，地方:<none>
呼叫来自：/d/wanjiegu/npc/mu.lpc 的 create() 第 40 行，物件： /d/wanjiegu/npc/mu ("木婉清")，地方:<none>
呼叫来自：/feature/skill.lpc 的 set_skill() 第 22 行，物件： /d/wanjiegu/npc/mu ("木婉清")，地方:<none>

执行时段错误：*F_SKILL: No such skill (yiyang)

程式：/feature/skill.lpc 第 22 行
物件: /d/wanjiegu/npc/monk
呼叫来自：/d/wanjiegu/backyard.lpc 的 create() 第 29 行，物件： /d/wanjiegu/backyard，地方:<none>
呼叫来自：/inherit/room/room.lpc 的 setup() 第 189 行，物件： /d/wanjiegu/backyard，地方:<none>
呼叫来自：/d/wanjiegu/backyard.lpc 的 reset() 第 96 行，物件： /d/wanjiegu/backyard，地方:<none>
呼叫来自：/inherit/room/room.lpc 的 reset() 第 71 行，物件： /d/wanjiegu/backyard，地方:<none>
呼叫来自：/inherit/room/room.lpc 的 make_inventory() 第 22 行，物件： /d/wanjiegu/backyard，地方:<none>
呼叫来自：/d/wanjiegu/npc/monk.lpc 的 create() 第 40 行，物件： /d/wanjiegu/npc/monk ("黄眉老僧")，地方:<none>
呼叫来自：/feature/skill.lpc 的 set_skill() 第 22 行，物件： /d/wanjiegu/npc/monk ("黄眉老僧")，地方:<none>

执行时段错误：*F_SKILL: No such skill (yiyang)

程式：/feature/skill.lpc 第 22 行
物件: /d/wanjiegu/npc/zhong
呼叫来自：/d/wanjiegu/hall.lpc 的 create() 第 24 行，物件： /d/wanjiegu/hall，地方:<none>
呼叫来自：/inherit/room/room.lpc 的 setup() 第 189 行，物件： /d/wanjiegu/hall，地方:<none>
呼叫来自：/inherit/room/room.lpc 的 reset() 第 71 行，物件： /d/wanjiegu/hall，地方:<none>
呼叫来自：/inherit/room/room.lpc 的 make_inventory() 第 22 行，物件： /d/wanjiegu/hall，地方:<none>
呼叫来自：/d/wanjiegu/npc/zhong.lpc 的 create() 第 34 行，物件： /d/wanjiegu/npc/zhong ("钟万仇")，地方:<none>
呼叫来自：/feature/skill.lpc 的 set_skill() 第 22 行，物件： /d/wanjiegu/npc/zhong ("钟万仇")，地方:<none>

执行时段错误：*F_SKILL: No such skill (yiyang)

程式：/feature/skill.lpc 第 22 行
物件: /d/wanjiegu/npc/zhongling
呼叫来自：/d/wanjiegu/bed_room.lpc 的 create() 第 22 行，物件： /d/wanjiegu/bed_room，地方:<none>
呼叫来自：/inherit/room/room.lpc 的 setup() 第 189 行，物件： /d/wanjiegu/bed_room，地方:<none>
呼叫来自：/inherit/room/room.lpc 的 reset() 第 71 行，物件： /d/wanjiegu/bed_room，地方:<none>
呼叫来自：/inherit/room/room.lpc 的 make_inventory() 第 22 行，物件： /d/wanjiegu/bed_room，地方:<none>
呼叫来自：/d/wanjiegu/npc/zhongling.lpc 的 create() 第 45 行，物件： /d/wanjiegu/npc/zhongling ("钟灵")，地方:<none>
呼叫来自：/feature/skill.lpc 的 set_skill() 第 22 行，物件： /d/wanjiegu/npc/zhongling ("钟灵")，地方:<none>

执行时段错误：*F_SKILL: No such skill (yiyang)

程式：/feature/skill.lpc 第 22 行
物件: /d/wanjiegu/npc/gan
呼叫来自：/d/wanjiegu/npc/gan.lpc 的 create() 第 35 行，物件： /d/wanjiegu/npc/gan ("甘宝宝")，地方:<none>
呼叫来自：/feature/skill.lpc 的 set_skill() 第 22 行，物件： /d/wanjiegu/npc/gan ("甘宝宝")，地方:<none>

执行时段错误：*F_SKILL: No such skill (yiyang)

程式：/feature/skill.lpc 第 22 行
物件: /d/wanjiegu/npc/gan#7628
呼叫来自：/d/wanjiegu/xiaoting.lpc 的 create() 第 23 行，物件： /d/wanjiegu/xiaoting，地方:<none>
呼叫来自：/inherit/room/room.lpc 的 setup() 第 189 行，物件： /d/wanjiegu/xiaoting，地方:<none>
呼叫来自：/inherit/room/room.lpc 的 reset() 第 71 行，物件： /d/wanjiegu/xiaoting，地方:<none>
呼叫来自：/inherit/room/room.lpc 的 make_inventory() 第 22 行，物件： /d/wanjiegu/xiaoting，地方:<none>
呼叫来自：/d/wanjiegu/npc/gan.lpc 的 create() 第 35 行，物件： /d/wanjiegu/npc/gan#7628 ("甘宝宝")，地方:<none>
呼叫来自：/feature/skill.lpc 的 set_skill() 第 22 行，物件： /d/wanjiegu/npc/gan#7628 ("甘宝宝")，地方:<none>

执行时段错误：*No program in object '/d/wudang/taoyuan/tyroad4'!

程式：0 第 0 行
物件: /adm/obj/master

执行时段错误：*No program in object '/d/wudang/taoyuan/tyroad7'!

程式：0 第 0 行
物件: /adm/obj/master

执行时段错误：*No program in object '/d/wudang/taoyuan/tyroad5'!

程式：0 第 0 行
物件: /adm/obj/master

执行时段错误：*No program in object '/d/wudang/taoyuan/tyroad6'!

程式：0 第 0 行
物件: /adm/obj/master

执行时段错误：*No program in object '/d/npc/master'!

程式：0 第 0 行
物件: /adm/obj/master

执行时段错误：*Bad argument 1 to EFUN call_other()
Expected: object, string, array,  Got: int(0).

程式：/d/npc/m_weapon/weapon/m_whip.lpc 第 26 行
物件: /d/npc/m_weapon/weapon/m_whip
呼叫来自：/d/npc/m_weapon/weapon/m_whip.lpc 的 create() 第 26 行，物件： /d/npc/m_weapon/weapon/m_whip ("/d/npc/m_weapon/weapon/m_whip")，地方:<none>

执行时段错误：*No program in object '/d/npc/m_weapon/weapon/m_bian'!

程式：0 第 0 行
物件: /adm/obj/master

执行时段错误：*Bad argument 1 to EFUN call_other()
Expected: object, string, array,  Got: int(0).

程式：/d/npc/m_weapon/weapon/m_staff.lpc 第 25 行
物件: /d/npc/m_weapon/weapon/m_staff
呼叫来自：/d/npc/m_weapon/weapon/m_staff.lpc 的 create() 第 25 行，物件： /d/npc/m_weapon/weapon/m_staff ("/d/npc/m_weapon/weapon/m_staff")，地方:<none>

执行时段错误：*No program in object '/d/quanzhen/hudi6'!

程式：0 第 0 行
物件: /adm/obj/master

执行时段错误：*No program in object '/d/quanzhen/manglin2'!

程式：0 第 0 行
物件: /adm/obj/master

执行时段错误：*No program in object '/d/quanzhen/manglin1'!

程式：0 第 0 行
物件: /adm/obj/master

执行时段错误：*Bad argument 1 to EFUN call_other()
Expected: object, string, array,  Got: int(0).

程式：/d/quanzhen/obj/m_sword.lpc 第 29 行
物件: /d/quanzhen/obj/m_sword
呼叫来自：/d/quanzhen/obj/m_sword.lpc 的 create() 第 29 行，物件： /d/quanzhen/obj/m_sword ("/d/quanzhen/obj/m_sword")，地方:<none>

执行时段错误：*Bad argument 1 to EFUN call_other()
Expected: object, string, array,  Got: int(0).

程式：/d/quanzhen/npc/obj/m_sword.lpc 第 29 行
物件: /d/quanzhen/npc/obj/m_sword
呼叫来自：/d/quanzhen/npc/obj/m_sword.lpc 的 create() 第 29 行，物件： /d/quanzhen/npc/obj/m_sword ("/d/quanzhen/npc/obj/m_sword")，地方:<none>

执行时段错误：*Bad argument 1 to EFUN call_other()
Expected: object, string, array,  Got: int(0).

程式：/inherit/room/room.lpc 第 23 行
物件: /d/dali/shuyuan
呼叫来自：/d/dali/shuyuan.lpc 的 create() 第 25 行，物件： /d/dali/shuyuan，地方:<none>
呼叫来自：/inherit/room/room.lpc 的 setup() 第 189 行，物件： /d/dali/shuyuan，地方:<none>
呼叫来自：/inherit/room/room.lpc 的 reset() 第 71 行，物件： /d/dali/shuyuan，地方:<none>
呼叫来自：/inherit/room/room.lpc 的 make_inventory() 第 23 行，物件： /d/dali/shuyuan，地方:<none>

执行时段错误：*Bad argument 1 to EFUN call_other()
Expected: object, string, array,  Got: int(0).

程式：/inherit/room/room.lpc 第 23 行
物件: /d/mr/biaoju
呼叫来自：/d/mr/biaoju.lpc 的 create() 第 18 行，物件： /d/mr/biaoju，地方:<none>
呼叫来自：/inherit/room/room.lpc 的 setup() 第 189 行，物件： /d/mr/biaoju，地方:<none>
呼叫来自：/inherit/room/room.lpc 的 reset() 第 71 行，物件： /d/mr/biaoju，地方:<none>
呼叫来自：/inherit/room/room.lpc 的 make_inventory() 第 23 行，物件： /d/mr/biaoju，地方:<none>

执行时段错误：*Bad argument 1 to EFUN call_other()
Expected: object, string, array,  Got: int(0).

程式：/adm/daemons/rankd.lpc 第 473 行
物件: /adm/daemons/rankd
呼叫来自：/d/feihu/myhome.lpc 的 create() 第 22 行，物件： /d/feihu/myhome，地方:<none>
呼叫来自：/inherit/room/room.lpc 的 setup() 第 189 行，物件： /d/feihu/myhome，地方:<none>
呼叫来自：/inherit/room/room.lpc 的 reset() 第 71 行，物件： /d/feihu/myhome，地方:<none>
呼叫来自：/inherit/room/room.lpc 的 make_inventory() 第 22 行，物件： /d/feihu/myhome，地方:<none>
呼叫来自：/d/feihu/npc/me.lpc 的 create() 第 38 行，物件： /d/feihu/npc/me ("陈萧然")，地方:<none>
呼叫来自：/adm/daemons/rankd.lpc 的 query_respect() 第 473 行，物件： /adm/daemons/rankd，地方:<none>

执行时段错误：*No program in object '/d/baituo/obj/bowl'!

程式：0 第 0 行
物件: /adm/obj/master

执行时段错误：*No program in object '/d/baituo/npc/obj/bowl'!

程式：0 第 0 行
物件: /adm/obj/master

执行时段错误：*Bad argument 1 to EFUN call_other()
Expected: object, string, array,  Got: int(0).

程式：/inherit/room/room.lpc 第 23 行
物件: /d/taishan/npc/fengchan
呼叫来自：/d/taishan/npc/fengchan.lpc 的 create() 第 29 行，物件： /d/taishan/npc/fengchan，地方:<none>
呼叫来自：/inherit/room/room.lpc 的 setup() 第 189 行，物件： /d/taishan/npc/fengchan，地方:<none>
呼叫来自：/inherit/room/room.lpc 的 reset() 第 80 行，物件： /d/taishan/npc/fengchan，地方:<none>
呼叫来自：/inherit/room/room.lpc 的 make_inventory() 第 23 行，物件： /d/taishan/npc/fengchan，地方:<none>

执行时段错误：*Bad argument 1 to EFUN call_other()
Expected: object, string, array,  Got: int(0).

程式：/d/bianliang/npc/dadao.lpc 第 9 行
物件: /d/bianliang/npc/dadao
呼叫来自：/d/bianliang/npc/dadao.lpc 的 create() 第 9 行，物件： /d/bianliang/npc/dadao ("/d/bianliang/npc/dadao")，地方:<none>

执行时段错误：*No program in object '/d/huashan/npc/doctor'!

程式：0 第 0 行
物件: /adm/obj/master

执行时段错误：*No program in object '/d/huashan/npc/doctor'!

程式：/inherit/room/room.lpc 第 22 行
物件: /d/huashan/doctorroom
呼叫来自：/d/huashan/doctorroom.lpc 的 create() 第 23 行，物件： /d/huashan/doctorroom，地方:<none>
呼叫来自：/inherit/room/room.lpc 的 setup() 第 189 行，物件： /d/huashan/doctorroom，地方:<none>
呼叫来自：/inherit/room/room.lpc 的 reset() 第 71 行，物件： /d/huashan/doctorroom，地方:<none>
呼叫来自：/inherit/room/room.lpc 的 make_inventory() 第 22 行，物件： /d/huashan/doctorroom，地方:<none>

执行时段错误：*No program in object '/d/huashan/map'!

程式：0 第 0 行
物件: /adm/obj/master

执行时段错误：*Bad argument 1 to EFUN call_other()
Expected: object, string, array,  Got: int(0).

程式：/d/wiz/kao.lpc 第 34 行
物件: /d/wiz/kao
呼叫来自：/d/wiz/kao.lpc 的 create() 第 34 行，物件： /d/wiz/kao ("[1;32m教 官[2;37;0m")，地方:<none>

执行时段错误：*Bad argument 1 to EFUN call_other()
Expected: object, string, array,  Got: int(0).

程式：/inherit/room/room.lpc 第 23 行
物件: /d/shaolin/cangku
呼叫来自：/d/shaolin/cangku.lpc 的 create() 第 18 行，物件： /d/shaolin/cangku，地方:<none>
呼叫来自：/inherit/room/room.lpc 的 setup() 第 189 行，物件： /d/shaolin/cangku，地方:<none>
呼叫来自：/inherit/room/room.lpc 的 reset() 第 80 行，物件： /d/shaolin/cangku，地方:<none>
呼叫来自：/inherit/room/room.lpc 的 make_inventory() 第 23 行，物件： /d/shaolin/cangku，地方:<none>

执行时段错误：*Bad argument 1 to EFUN call_other()
Expected: object, string, array,  Got: int(0).

程式：/inherit/room/room.lpc 第 23 行
物件: /d/shaolin/npc/obj/houdian
呼叫来自：/d/shaolin/npc/obj/houdian.lpc 的 create() 第 27 行，物件： /d/shaolin/npc/obj/houdian，地方:<none>
呼叫来自：/inherit/room/room.lpc 的 setup() 第 189 行，物件： /d/shaolin/npc/obj/houdian，地方:<none>
呼叫来自：/inherit/room/room.lpc 的 reset() 第 80 行，物件： /d/shaolin/npc/obj/houdian，地方:<none>
呼叫来自：/inherit/room/room.lpc 的 make_inventory() 第 23 行，物件： /d/shaolin/npc/obj/houdian，地方:<none>

执行时段错误：*Bad argument 1 to EFUN call_other()
Expected: object, string, array,  Got: int(0).

程式：/inherit/room/room.lpc 第 23 行
物件: /d/shaolin/npc/obj/bailongdong
呼叫来自：/d/shaolin/npc/obj/bailongdong.lpc 的 create() 第 57 行，物件： /d/shaolin/npc/obj/bailongdong，地方:<none>
呼叫来自：/inherit/room/room.lpc 的 setup() 第 189 行，物件： /d/shaolin/npc/obj/bailongdong，地方:<none>
呼叫来自：/inherit/room/room.lpc 的 reset() 第 71 行，物件： /d/shaolin/npc/obj/bailongdong，地方:<none>
呼叫来自：/inherit/room/room.lpc 的 make_inventory() 第 23 行，物件： /d/shaolin/npc/obj/bailongdong，地方:<none>

执行时段错误：*No program in object '/d/shaolin/npc/obj/shuitan'!

程式：0 第 0 行
物件: /adm/obj/master

执行时段错误：*Bad argument 1 to EFUN call_other()
Expected: object, string, array,  Got: int(0).

程式：/inherit/room/room.lpc 第 23 行
物件: /d/gaibang/underbj
呼叫来自：/d/gaibang/underbj.lpc 的 create() 第 22 行，物件： /d/gaibang/underbj，地方:<none>
呼叫来自：/inherit/room/room.lpc 的 setup() 第 189 行，物件： /d/gaibang/underbj，地方:<none>
呼叫来自：/inherit/room/room.lpc 的 reset() 第 71 行，物件： /d/gaibang/underbj，地方:<none>
呼叫来自：/inherit/room/room.lpc 的 make_inventory() 第 23 行，物件： /d/gaibang/underbj，地方:<none>

执行时段错误：*Bad argument 1 to EFUN call_other()
Expected: object, string, array,  Got: int(0).

程式：/inherit/room/room.lpc 第 23 行
物件: /d/gaibang/shoushe
呼叫来自：/d/gaibang/shoushe.lpc 的 create() 第 22 行，物件： /d/gaibang/shoushe，地方:<none>
呼叫来自：/inherit/room/room.lpc 的 setup() 第 189 行，物件： /d/gaibang/shoushe，地方:<none>
呼叫来自：/inherit/room/room.lpc 的 reset() 第 71 行，物件： /d/gaibang/shoushe，地方:<none>
呼叫来自：/inherit/room/room.lpc 的 make_inventory() 第 23 行，物件： /d/gaibang/shoushe，地方:<none>

执行时段错误：*Inherited file '/u/fyue/npcskill' does not exist!

程式：0 第 0 行
物件: /adm/obj/master

执行时段错误：*call_other() couldn't find object '/d/shaolin/marry_room'.

程式：/d/emei/user-room/melodies_room.lpc 第 24 行
物件: /d/emei/user-room/melodies_room
呼叫来自：/d/emei/user-room/melodies_room.lpc 的 create() 第 24 行，物件： /d/emei/user-room/melodies_room，地方:<none>

执行时段错误：*call_other() couldn't find object '/d/shaolin/marry_room'.

程式：/d/emei/user-room/melodies/new_room.lpc 第 26 行
物件: /d/emei/user-room/melodies/new_room
呼叫来自：/d/emei/user-room/melodies/new_room.lpc 的 create() 第 26 行，物件： /d/emei/user-room/melodies/new_room，地方:<none>

执行时段错误：*call_other() couldn't find object '/d/shaolin/marry_room'.

程式：/d/emei/user-room/melodies/melodies_room.lpc 第 24 行
物件: /d/emei/user-room/melodies/melodies_room
呼叫来自：/d/emei/user-room/melodies/melodies_room.lpc 的 create() 第 24 行，物件： /d/emei/user-room/melodies/melodies_room，地方:<none>

执行时段错误：*call_other() couldn't find object '/d/shaolin/marry_room'.

程式：/d/emei/user-room/melodies/marry_room.lpc 第 24 行
物件: /d/emei/user-room/melodies/marry_room
呼叫来自：/d/emei/user-room/melodies/marry_room.lpc 的 create() 第 24 行，物件： /d/emei/user-room/melodies/marry_room，地方:<none>

执行时段错误：*No program in object '/d/player/fyue_room'!

程式：0 第 0 行
物件: /adm/obj/master

执行时段错误：*No program in object '/d/gumu/duanchang'!

程式：0 第 0 行
物件: /adm/obj/master

执行时段错误：*No program in object '/d/shushan/daemon/class/shushan/canxin-jian/xiangsi'!

程式：0 第 0 行
物件: /adm/obj/master

执行时段错误：*No program in object '/d/shushan/daemon/class/shushan/songhe-sword/duanshui'!

程式：0 第 0 行
物件: /adm/obj/master

执行时段错误：*No program in object '/d/shushan/daemon/class/shushan/xianfeng-spells/jianshen'!

程式：0 第 0 行
物件: /adm/obj/master

执行时段错误：*No program in object '/u/weal/obj/zhengqi_book'!

程式：0 第 0 行
物件: /adm/obj/master

执行时段错误：*Bad argument 1 to EFUN call_other()
Expected: object, string, array,  Got: int(0).

程式：/inherit/room/room.lpc 第 23 行
物件: /u/weal/class/mogong/hua
呼叫来自：/u/weal/class/mogong/hua.lpc 的 create() 第 21 行，物件： /u/weal/class/mogong/hua，地方:<none>
呼叫来自：/inherit/room/room.lpc 的 setup() 第 189 行，物件： /u/weal/class/mogong/hua，地方:<none>
呼叫来自：/inherit/room/room.lpc 的 reset() 第 71 行，物件： /u/weal/class/mogong/hua，地方:<none>
呼叫来自：/inherit/room/room.lpc 的 make_inventory() 第 23 行，物件： /u/weal/class/mogong/hua，地方:<none>

执行时段错误：*Bad argument 1 to EFUN call_other()
Expected: object, string, array,  Got: int(0).

程式：/u/weal/class/mogong/lin.lpc 第 27 行
物件: /u/weal/class/mogong/lin
呼叫来自：/u/weal/class/mogong/lin.lpc 的 create() 第 27 行，物件： /u/weal/class/mogong/lin ("林仙儿")，地方:<none>

执行时段错误：*No program in object '/u/aguo/kuangfeng-jian/kuang'!

程式：0 第 0 行
物件: /adm/obj/master

执行时段错误：*No program in object '/u/aguo/dugu'!

程式：0 第 0 行
物件: /adm/obj/master

执行时段错误：*call_other() couldn't find object '/clone/board/lonely_b'.

程式：/u/hhmm/workroom.lpc 第 73 行
物件: /u/hhmm/workroom
呼叫来自：/u/hhmm/workroom.lpc 的 create() 第 73 行，物件： /u/hhmm/workroom，地方:<none>

执行时段错误：*call_other() couldn't find object '/clone/board/lonely_b'.

程式：/u/wizhelp/workroom.lpc 第 73 行
物件: /u/wizhelp/workroom
呼叫来自：/u/wizhelp/workroom.lpc 的 create() 第 73 行，物件： /u/wizhelp/workroom，地方:<none>

执行时段错误：*No program in object '/u/lonely/board/bbsboard'!

程式：0 第 0 行
物件: /adm/obj/master

执行时段错误：*No program in object '/u/lonely/board/bsboard'!

程式：0 第 0 行
物件: /adm/obj/master

执行时段错误：*No program in object '/u/lonely/feature/damage1'!

程式：0 第 0 行
物件: /adm/obj/master

执行时段错误：*No program in object '/u/lonely/file'!

程式：0 第 0 行
物件: /adm/obj/master

执行时段错误：*No program in object '/u/lonely/yx2/combatd'!

程式：0 第 0 行
物件: /adm/obj/master

执行时段错误：*No program in object '/u/lonely/inherit/bbsboard'!

程式：0 第 0 行
物件: /adm/obj/master

执行时段错误：*No program in object '/u/lonely/zhuanshi/npc/shenni'!

程式：0 第 0 行
物件: /adm/obj/master

执行时段错误：*F_SKILL: No such skill (jiuyin-shengong)

程式：/feature/skill.lpc 第 22 行
物件: /u/lonely/zhuanshi/npc/huang
呼叫来自：/u/lonely/zhuanshi/npc/huang.lpc 的 create() 第 57 行，物件： /u/lonely/zhuanshi/npc/huang ("黄裳")，地方:<none>
呼叫来自：/feature/skill.lpc 的 set_skill() 第 22 行，物件： /u/lonely/zhuanshi/npc/huang ("黄裳")，地方:<none>

执行时段错误：*F_SKILL: No such skill (never-defeated)

程式：/feature/skill.lpc 第 22 行
物件: /u/lonely/zhuanshi/npc/dugu
呼叫来自：/u/lonely/zhuanshi/npc/dugu.lpc 的 create() 第 64 行，物件： /u/lonely/zhuanshi/npc/dugu ("独孤求败")，地方:<none>
呼叫来自：/feature/skill.lpc 的 set_skill() 第 22 行，物件： /u/lonely/zhuanshi/npc/dugu ("独孤求败")，地方:<none>

执行时段错误：*F_SKILL: No such skill (kuihua-mogong)

程式：/feature/skill.lpc 第 22 行
物件: /u/lonely/zhuanshi/npc/kuihua
呼叫来自：/u/lonely/zhuanshi/npc/kuihua.lpc 的 create() 第 52 行，物件： /u/lonely/zhuanshi/npc/kuihua ("葵花太监")，地方:<none>
呼叫来自：/feature/skill.lpc 的 set_skill() 第 22 行，物件： /u/lonely/zhuanshi/npc/kuihua ("葵花太监")，地方:<none>

执行时段错误：*No program in object '/u/lonely/zhuanshi/damage'!

程式：0 第 0 行
物件: /adm/obj/master

执行时段错误：*call_other() couldn't find object '/clone/board/lonely_b'.

程式：/u/lonely/workroom.lpc 第 73 行
物件: /u/lonely/workroom
呼叫来自：/u/lonely/workroom.lpc 的 create() 第 73 行，物件： /u/lonely/workroom，地方:<none>

执行时段错误：*No program in object '/u/lonely/bangpai/natured1'!

程式：0 第 0 行
物件: /adm/obj/master

执行时段错误：*No program in object '/u/lonely/bangpai/yaoqing'!

程式：0 第 0 行
物件: /adm/obj/master

执行时段错误：*No program in object '/u/lonely/huimie/huimei'!

程式：0 第 0 行
物件: /adm/obj/master

执行时段错误：*No program in object '/u/lonely/huimie/ceshi'!

程式：0 第 0 行
物件: /adm/obj/master

执行时段错误：*No program in object '/u/lonely/obj/user/quit'!

程式：0 第 0 行
物件: /adm/obj/master

执行时段错误：*No program in object '/u/lonely/obj/user/chatter'!

程式：0 第 0 行
物件: /adm/obj/master

执行时段错误：*No program in object '/u/lonely/obj/user/master'!

程式：0 第 0 行
物件: /adm/obj/master

执行时段错误：*No program in object '/u/lonely/obj/user/simul_efun'!

程式：0 第 0 行
物件: /adm/obj/master

执行时段错误：*No program in object '/u/lonely/obj/user/user'!

程式：0 第 0 行
物件: /adm/obj/master

执行时段错误：*Bad argument 1 to EFUN call_other()
Expected: object, string, array,  Got: int(0).

程式：/u/lonely/obj/ling.lpc 第 88 行
物件: /u/lonely/obj/ling
呼叫来自：/u/lonely/obj/ling.lpc 的 create() 第 88 行，物件： /u/lonely/obj/ling ("/u/lonely/obj/ling")，地方:<none>

执行时段错误：*Bad argument 1 to EFUN call_other()
Expected: object, string, array,  Got: int(0).

程式：/u/lonely/12gong/npc/tianxie.lpc 第 53 行
物件: /u/lonely/12gong/npc/tianxie
呼叫来自：/u/lonely/12gong/tianxie.lpc 的 create() 第 38 行，物件： /u/lonely/12gong/tianxie，地方:<none>
呼叫来自：/inherit/room/room.lpc 的 setup() 第 189 行，物件： /u/lonely/12gong/tianxie，地方:<none>
呼叫来自：/inherit/room/room.lpc 的 reset() 第 71 行，物件： /u/lonely/12gong/tianxie，地方:<none>
呼叫来自：/inherit/room/room.lpc 的 make_inventory() 第 22 行，物件： /u/lonely/12gong/tianxie，地方:<none>
呼叫来自：/u/lonely/12gong/npc/tianxie.lpc 的 create() 第 53 行，物件： /u/lonely/12gong/npc/tianxie ("哈迪斯")，地方:<none>

执行时段错误：*Bad argument 1 to EFUN call_other()
Expected: object, string, array,  Got: int(0).

程式：/u/lonely/12gong/npc/shuangzi.lpc 第 50 行
物件: /u/lonely/12gong/npc/shuangzi
呼叫来自：/u/lonely/12gong/shuangzi.lpc 的 create() 第 42 行，物件： /u/lonely/12gong/shuangzi，地方:<none>
呼叫来自：/inherit/room/room.lpc 的 setup() 第 189 行，物件： /u/lonely/12gong/shuangzi，地方:<none>
呼叫来自：/inherit/room/room.lpc 的 reset() 第 71 行，物件： /u/lonely/12gong/shuangzi，地方:<none>
呼叫来自：/inherit/room/room.lpc 的 make_inventory() 第 22 行，物件： /u/lonely/12gong/shuangzi，地方:<none>
呼叫来自：/u/lonely/12gong/npc/shuangzi.lpc 的 create() 第 50 行，物件： /u/lonely/12gong/npc/shuangzi ("赫尔梅斯")，地方:<none>

执行时段错误：*Bad argument 1 to EFUN call_other()
Expected: object, string, array,  Got: int(0).

程式：/u/lonely/12gong/npc/jinniu.lpc 第 52 行
物件: /u/lonely/12gong/npc/jinniu
呼叫来自：/u/lonely/12gong/jinniu.lpc 的 create() 第 41 行，物件： /u/lonely/12gong/jinniu，地方:<none>
呼叫来自：/inherit/room/room.lpc 的 setup() 第 189 行，物件： /u/lonely/12gong/jinniu，地方:<none>
呼叫来自：/inherit/room/room.lpc 的 reset() 第 71 行，物件： /u/lonely/12gong/jinniu，地方:<none>
呼叫来自：/inherit/room/room.lpc 的 make_inventory() 第 22 行，物件： /u/lonely/12gong/jinniu，地方:<none>
呼叫来自：/u/lonely/12gong/npc/jinniu.lpc 的 create() 第 52 行，物件： /u/lonely/12gong/npc/jinniu ("阿弗罗迪蒂")，地方:<none>

执行时段错误：*Bad argument 1 to EFUN call_other()
Expected: object, string, array,  Got: int(0).

程式：/u/lonely/12gong/npc/baoping.lpc 第 52 行
物件: /u/lonely/12gong/npc/baoping
呼叫来自：/u/lonely/12gong/baoping.lpc 的 create() 第 33 行，物件： /u/lonely/12gong/baoping，地方:<none>
呼叫来自：/inherit/room/room.lpc 的 setup() 第 189 行，物件： /u/lonely/12gong/baoping，地方:<none>
呼叫来自：/inherit/room/room.lpc 的 reset() 第 71 行，物件： /u/lonely/12gong/baoping，地方:<none>
呼叫来自：/inherit/room/room.lpc 的 make_inventory() 第 22 行，物件： /u/lonely/12gong/baoping，地方:<none>
呼叫来自：/u/lonely/12gong/npc/baoping.lpc 的 create() 第 52 行，物件： /u/lonely/12gong/npc/baoping ("乌拉诺斯")，地方:<none>

执行时段错误：*Bad argument 1 to EFUN call_other()
Expected: object, string, array,  Got: int(0).

程式：/u/lonely/12gong/npc/shizi.lpc 第 54 行
物件: /u/lonely/12gong/npc/shizi
呼叫来自：/u/lonely/12gong/shizi.lpc 的 create() 第 38 行，物件： /u/lonely/12gong/shizi，地方:<none>
呼叫来自：/inherit/room/room.lpc 的 setup() 第 189 行，物件： /u/lonely/12gong/shizi，地方:<none>
呼叫来自：/inherit/room/room.lpc 的 reset() 第 71 行，物件： /u/lonely/12gong/shizi，地方:<none>
呼叫来自：/inherit/room/room.lpc 的 make_inventory() 第 22 行，物件： /u/lonely/12gong/shizi，地方:<none>
呼叫来自：/u/lonely/12gong/npc/shizi.lpc 的 create() 第 54 行，物件： /u/lonely/12gong/npc/shizi ("阿波罗")，地方:<none>

执行时段错误：*Bad argument 1 to EFUN call_other()
Expected: object, string, array,  Got: int(0).

程式：/u/lonely/12gong/npc/baiyang.lpc 第 49 行
物件: /u/lonely/12gong/npc/baiyang
呼叫来自：/u/lonely/12gong/baiyang.lpc 的 create() 第 38 行，物件： /u/lonely/12gong/baiyang，地方:<none>
呼叫来自：/inherit/room/room.lpc 的 setup() 第 189 行，物件： /u/lonely/12gong/baiyang，地方:<none>
呼叫来自：/inherit/room/room.lpc 的 reset() 第 71 行，物件： /u/lonely/12gong/baiyang，地方:<none>
呼叫来自：/inherit/room/room.lpc 的 make_inventory() 第 22 行，物件： /u/lonely/12gong/baiyang，地方:<none>
呼叫来自：/u/lonely/12gong/npc/baiyang.lpc 的 create() 第 49 行，物件： /u/lonely/12gong/npc/baiyang ("阿雷斯")，地方:<none>

执行时段错误：*Bad argument 1 to EFUN call_other()
Expected: object, string, array,  Got: int(0).

程式：/u/lonely/12gong/npc/tianchen.lpc 第 50 行
物件: /u/lonely/12gong/npc/tianchen
呼叫来自：/u/lonely/12gong/tianchen.lpc 的 create() 第 40 行，物件： /u/lonely/12gong/tianchen，地方:<none>
呼叫来自：/inherit/room/room.lpc 的 setup() 第 189 行，物件： /u/lonely/12gong/tianchen，地方:<none>
呼叫来自：/inherit/room/room.lpc 的 reset() 第 71 行，物件： /u/lonely/12gong/tianchen，地方:<none>
呼叫来自：/inherit/room/room.lpc 的 make_inventory() 第 22 行，物件： /u/lonely/12gong/tianchen，地方:<none>
呼叫来自：/u/lonely/12gong/npc/tianchen.lpc 的 create() 第 50 行，物件： /u/lonely/12gong/npc/tianchen ("童虎")，地方:<none>

执行时段错误：*Bad argument 1 to EFUN call_other()
Expected: object, string, array,  Got: int(0).

程式：/u/lonely/12gong/npc/shinu.lpc 第 51 行
物件: /u/lonely/12gong/npc/shinu
呼叫来自：/u/lonely/12gong/shinu.lpc 的 create() 第 38 行，物件： /u/lonely/12gong/shinu，地方:<none>
呼叫来自：/inherit/room/room.lpc 的 setup() 第 189 行，物件： /u/lonely/12gong/shinu，地方:<none>
呼叫来自：/inherit/room/room.lpc 的 reset() 第 71 行，物件： /u/lonely/12gong/shinu，地方:<none>
呼叫来自：/inherit/room/room.lpc 的 make_inventory() 第 22 行，物件： /u/lonely/12gong/shinu，地方:<none>
呼叫来自：/u/lonely/12gong/npc/shinu.lpc 的 create() 第 51 行，物件： /u/lonely/12gong/npc/shinu ("赫尔梅斯")，地方:<none>

执行时段错误：*Bad argument 1 to EFUN call_other()
Expected: object, string, array,  Got: int(0).

程式：/u/lonely/12gong/npc/renma.lpc 第 53 行
物件: /u/lonely/12gong/npc/renma
呼叫来自：/u/lonely/12gong/renma.lpc 的 create() 第 38 行，物件： /u/lonely/12gong/renma，地方:<none>
呼叫来自：/inherit/room/room.lpc 的 setup() 第 189 行，物件： /u/lonely/12gong/renma，地方:<none>
呼叫来自：/inherit/room/room.lpc 的 reset() 第 71 行，物件： /u/lonely/12gong/renma，地方:<none>
呼叫来自：/inherit/room/room.lpc 的 make_inventory() 第 22 行，物件： /u/lonely/12gong/renma，地方:<none>
呼叫来自：/u/lonely/12gong/npc/renma.lpc 的 create() 第 53 行，物件： /u/lonely/12gong/npc/renma ("宙斯")，地方:<none>

执行时段错误：*F_SKILL: No such skill (lotusforce)

程式：/feature/skill.lpc 第 22 行
物件: /u/lonely/12gong/npc/ydn
呼叫来自：/u/lonely/12gong/palace.lpc 的 create() 第 31 行，物件： /u/lonely/12gong/palace，地方:<none>
呼叫来自：/inherit/room/room.lpc 的 setup() 第 189 行，物件： /u/lonely/12gong/palace，地方:<none>
呼叫来自：/inherit/room/room.lpc 的 reset() 第 71 行，物件： /u/lonely/12gong/palace，地方:<none>
呼叫来自：/inherit/room/room.lpc 的 make_inventory() 第 22 行，物件： /u/lonely/12gong/palace，地方:<none>
呼叫来自：/u/lonely/12gong/npc/ydn.lpc 的 create() 第 35 行，物件： /u/lonely/12gong/npc/ydn ("雅典娜")，地方:<none>
呼叫来自：/feature/skill.lpc 的 set_skill() 第 22 行，物件： /u/lonely/12gong/npc/ydn ("雅典娜")，地方:<none>

执行时段错误：*Bad argument 1 to EFUN call_other()
Expected: object, string, array,  Got: int(0).

程式：/u/lonely/12gong/npc/shuangyu.lpc 第 52 行
物件: /u/lonely/12gong/npc/shuangyu
呼叫来自：/u/lonely/12gong/shuangyu.lpc 的 create() 第 36 行，物件： /u/lonely/12gong/shuangyu，地方:<none>
呼叫来自：/inherit/room/room.lpc 的 setup() 第 189 行，物件： /u/lonely/12gong/shuangyu，地方:<none>
呼叫来自：/inherit/room/room.lpc 的 reset() 第 71 行，物件： /u/lonely/12gong/shuangyu，地方:<none>
呼叫来自：/inherit/room/room.lpc 的 make_inventory() 第 22 行，物件： /u/lonely/12gong/shuangyu，地方:<none>
呼叫来自：/u/lonely/12gong/npc/shuangyu.lpc 的 create() 第 52 行，物件： /u/lonely/12gong/npc/shuangyu ("波士顿")，地方:<none>

执行时段错误：*F_SKILL: No such skill (jinghun-zhang)

程式：/feature/skill.lpc 第 22 行
物件: /u/lonely/12gong/npc/ghost
呼叫来自：/u/lonely/12gong/npc/ghost.lpc 的 create() 第 24 行，物件： /u/lonely/12gong/npc/ghost ("青面鬼")，地方:<none>
呼叫来自：/feature/skill.lpc 的 set_skill() 第 22 行，物件： /u/lonely/12gong/npc/ghost ("青面鬼")，地方:<none>

执行时段错误：*Bad argument 1 to EFUN call_other()
Expected: object, string, array,  Got: int(0).

程式：/u/lonely/12gong/npc/tianchen2.lpc 第 50 行
物件: /u/lonely/12gong/npc/tianchen2
呼叫来自：/u/lonely/12gong/npc/tianchen2.lpc 的 create() 第 50 行，物件： /u/lonely/12gong/npc/tianchen2 ("童虎")，地方:<none>

执行时段错误：*Bad argument 1 to EFUN call_other()
Expected: object, string, array,  Got: int(0).

程式：/u/lonely/12gong/npc/mojie2.lpc 第 50 行
物件: /u/lonely/12gong/npc/mojie2
呼叫来自：/u/lonely/12gong/npc/mojie2.lpc 的 create() 第 50 行，物件： /u/lonely/12gong/npc/mojie2 ("可洛诺斯")，地方:<none>

执行时段错误：*Bad argument 1 to EFUN call_other()
Expected: object, string, array,  Got: int(0).

程式：/u/lonely/12gong/npc/juxie.lpc 第 51 行
物件: /u/lonely/12gong/npc/juxie
呼叫来自：/u/lonely/12gong/npc/juxie.lpc 的 create() 第 51 行，物件： /u/lonely/12gong/npc/juxie ("阿提米斯")，地方:<none>

执行时段错误：*Bad argument 1 to EFUN call_other()
Expected: object, string, array,  Got: int(0).

程式：/u/lonely/12gong/npc/mojie.lpc 第 52 行
物件: /u/lonely/12gong/npc/mojie
呼叫来自：/u/lonely/12gong/npc/mojie.lpc 的 create() 第 52 行，物件： /u/lonely/12gong/npc/mojie ("可洛诺斯")，地方:<none>

执行时段错误：*Bad argument 1 to EFUN call_other()
Expected: object, string, array,  Got: int(0).

程式：/u/lonely/12gong/npc/juxie.lpc 第 51 行
物件: /u/lonely/12gong/npc/juxie#11494
呼叫来自：/u/lonely/12gong/juxie.lpc 的 create() 第 38 行，物件： /u/lonely/12gong/juxie，地方:<none>
呼叫来自：/inherit/room/room.lpc 的 setup() 第 189 行，物件： /u/lonely/12gong/juxie，地方:<none>
呼叫来自：/inherit/room/room.lpc 的 reset() 第 71 行，物件： /u/lonely/12gong/juxie，地方:<none>
呼叫来自：/inherit/room/room.lpc 的 make_inventory() 第 22 行，物件： /u/lonely/12gong/juxie，地方:<none>
呼叫来自：/u/lonely/12gong/npc/juxie.lpc 的 create() 第 51 行，物件： /u/lonely/12gong/npc/juxie#11494 ("阿提米斯")，地方:<none>

执行时段错误：*Bad argument 1 to EFUN call_other()
Expected: object, string, array,  Got: int(0).

程式：/u/lonely/12gong/npc/mojie.lpc 第 52 行
物件: /u/lonely/12gong/npc/mojie#11496
呼叫来自：/u/lonely/12gong/mojie.lpc 的 create() 第 37 行，物件： /u/lonely/12gong/mojie，地方:<none>
呼叫来自：/inherit/room/room.lpc 的 setup() 第 189 行，物件： /u/lonely/12gong/mojie，地方:<none>
呼叫来自：/inherit/room/room.lpc 的 reset() 第 71 行，物件： /u/lonely/12gong/mojie，地方:<none>
呼叫来自：/inherit/room/room.lpc 的 make_inventory() 第 22 行，物件： /u/lonely/12gong/mojie，地方:<none>
呼叫来自：/u/lonely/12gong/npc/mojie.lpc 的 create() 第 52 行，物件： /u/lonely/12gong/npc/mojie#11496 ("可洛诺斯")，地方:<none>

执行时段错误：*No program in object '/u/lonely/banghui/npc/xinyaonong'!

程式：0 第 0 行
物件: /adm/obj/master

执行时段错误：*No program in object '/u/lonely/banghui/npc/yz-s'!

程式：0 第 0 行
物件: /adm/obj/master

执行时段错误：*No program in object '/u/lonely/banghui/npc/tieshou'!

程式：0 第 0 行
物件: /adm/obj/master

执行时段错误：*No program in object '/u/lonely/banghui/npc/zhuiming'!

程式：0 第 0 行
物件: /adm/obj/master

执行时段错误：*No program in object '/u/lonely/banghui/npc/yz-w'!

程式：0 第 0 行
物件: /adm/obj/master

执行时段错误：*No program in object '/u/lonely/banghui/npc/yz-n'!

程式：0 第 0 行
物件: /adm/obj/master

执行时段错误：*No program in object '/u/lonely/banghui/npc/shi1'!

程式：0 第 0 行
物件: /adm/obj/master

执行时段错误：*No program in object '/u/lonely/banghui/npc/lengxue'!

程式：0 第 0 行
物件: /adm/obj/master

执行时段错误：*No program in object '/u/lonely/banghui/npc/along'!

程式：0 第 0 行
物件: /adm/obj/master

执行时段错误：*No program in object '/u/lonely/banghui/npc/test1'!

程式：0 第 0 行
物件: /adm/obj/master

执行时段错误：*No program in object '/u/lonely/banghui/npc/yz-e'!

程式：0 第 0 行
物件: /adm/obj/master

执行时段错误：*No program in object '/u/lonely/banghui/npc/wuqing'!

程式：0 第 0 行
物件: /adm/obj/master

执行时段错误：*No program in object '/u/lonely/banghui/npc/luban'!

程式：0 第 0 行
物件: /adm/obj/master

执行时段错误：*No program in object '/u/lonely/banghui/npc/ny-yidao'!

程式：0 第 0 行
物件: /adm/obj/master

执行时段错误：*No program in object '/u/lonely/banghui/command'!

程式：0 第 0 行
物件: /adm/obj/master

执行时段错误：*No program in object '/u/lonely/sec/file'!

程式：0 第 0 行
物件: /adm/obj/master

执行时段错误：*No program in object '/u/lonely/sec/natured'!

程式：0 第 0 行
物件: /adm/obj/master

执行时段错误：*No program in object '/u/lonely/sec/natured2'!

程式：0 第 0 行
物件: /adm/obj/master

执行时段错误：*No program in object '/u/lonely/combatd'!

程式：0 第 0 行
物件: /adm/obj/master

执行时段错误：*No program in object '/u/lonely/combatdd'!

程式：0 第 0 行
物件: /adm/obj/master

执行时段错误：*No program in object '/u/lonely/team/combatd'!

程式：0 第 0 行
物件: /adm/obj/master

执行时段错误：*Inherited file '/kungfu/class/generate/chinese' does not exist!

程式：0 第 0 行
物件: /adm/obj/master

执行时段错误：*Inherited file '/kungfu/class/generate/chinese' does not exist!

程式：0 第 0 行
物件: /adm/obj/master

执行时段错误：*Inherited file '/inherit/char/challenger' does not exist!

程式：0 第 0 行
物件: /adm/obj/master

执行时段错误：*No program in object '/u/lonely/generate/girl'!

程式：0 第 0 行
物件: /adm/obj/master

执行时段错误：*Inherited file '/kungfu/class/generate/chinese' does not exist!

程式：0 第 0 行
物件: /adm/obj/master

执行时段错误：*Inherited file '/kungfu/class/generate/chinese' does not exist!

程式：0 第 0 行
物件: /adm/obj/master

执行时段错误：*Inherited file '/inherit/char/challenger' does not exist!

程式：0 第 0 行
物件: /adm/obj/master

执行时段错误：*Inherited file '/inherit/char/challenger' does not exist!

程式：0 第 0 行
物件: /adm/obj/master

执行时段错误：*F_SKILL: No such skill (bihai-chaosheng)

程式：/feature/skill.lpc 第 22 行
物件: /u/lonely/generate/chinese
呼叫来自：/u/lonely/generate/chinese.lpc 的 create() 第 58 行，物件： /u/lonely/generate/chinese ("福肖霄")，地方:<none>
呼叫来自：/u/lonely/generate/chinese.lpc 的 setup_family() 第 83 行，物件： /u/lonely/generate/chinese ("福肖霄")，地方:<none>
呼叫来自：/<driver> 的 <fake>() 第 0 行，物件： /u/lonely/generate/chinese ("福肖霄")，地方:<none>
呼叫来自：/u/lonely/generate/chinese.lpc 的 from_taohua() 第 262 行，物件： /u/lonely/generate/chinese ("福肖霄")，地方:<none>
呼叫来自：/feature/skill.lpc 的 set_skill() 第 22 行，物件： /u/lonely/generate/chinese ("福肖霄")，地方:<none>

执行时段错误：*No program in object '/u/lonely/generate/challenger'!

程式：0 第 0 行
物件: /adm/obj/master

执行时段错误：*No program in object '/u/lonely/generate/npcd'!

程式：0 第 0 行
物件: /adm/obj/master

执行时段错误：*Inherited file '/kungfu/class/generate/chinese' does not exist!

程式：0 第 0 行
物件: /adm/obj/master

执行时段错误：*Bad argument 1 to EFUN call_other()
Expected: object, string, array,  Got: int(0).

程式：/u/lonely/sgxbd/obj/tai-e.lpc 第 34 行
物件: /u/lonely/sgxbd/obj/tai-e
呼叫来自：/u/lonely/sgxbd/obj/tai-e.lpc 的 create() 第 34 行，物件： /u/lonely/sgxbd/obj/tai-e ("[1;37m太阿剑[2;37;0m")，地方:<none>

执行时段错误：*Bad argument 1 to EFUN call_other()
Expected: object, string, array,  Got: int(0).

程式：/u/lonely/sgxbd/obj/zhan-lu.lpc 第 34 行
物件: /u/lonely/sgxbd/obj/zhan-lu
呼叫来自：/u/lonely/sgxbd/obj/zhan-lu.lpc 的 create() 第 34 行，物件： /u/lonely/sgxbd/obj/zhan-lu ("[31m湛卢剑[2;37;0m")，地方:<none>

执行时段错误：*Bad argument 1 to EFUN call_other()
Expected: object, string, array,  Got: int(0).

程式：/u/lonely/sgxbd/obj/hei-ke.lpc 第 31 行
物件: /u/lonely/sgxbd/obj/hei-ke
呼叫来自：/u/lonely/sgxbd/obj/hei-ke.lpc 的 create() 第 31 行，物件： /u/lonely/sgxbd/obj/hei-ke ("[1;33m黑[1;37m客[1;31m盾[2;37;0m")，地方:<none>

执行时段错误：*Bad argument 1 to EFUN call_other()
Expected: object, string, array,  Got: int(0).

程式：/u/lonely/sgxbd/obj/han-po.lpc 第 34 行
物件: /u/lonely/sgxbd/obj/han-po
呼叫来自：/u/lonely/sgxbd/obj/han-po.lpc 的 create() 第 34 行，物件： /u/lonely/sgxbd/obj/han-po ("[1;34m寒魄刀[2;37;0m")，地方:<none>

执行时段错误：*Bad argument 1 to EFUN call_other()
Expected: object, string, array,  Got: int(0).

程式：/u/lonely/sgxbd/npc/killer.lpc 第 553 行
物件: /u/lonely/sgxbd/npc/killer
呼叫来自：/u/lonely/sgxbd/npc/killer.lpc 的 create() 第 553 行，物件： /u/lonely/sgxbd/npc/killer ("金甲卫士")，地方:<none>

执行时段错误：*call_other() couldn't find object '/clone/board/lonely_b'.

程式：/u/workroom.lpc 第 73 行
物件: /u/workroom
呼叫来自：/u/workroom.lpc 的 create() 第 73 行，物件： /u/workroom，地方:<none>

执行时段错误：*call_other() couldn't find object '/clone/board/lonely_b'.

程式：/u/hanchat/workroom.lpc 第 73 行
物件: /u/hanchat/workroom
呼叫来自：/u/hanchat/workroom.lpc 的 create() 第 73 行，物件： /u/hanchat/workroom，地方:<none>

执行时段错误：*call_other() couldn't find object '/clone/board/lonely_b'.

程式：/u/hhm/workroom.lpc 第 73 行
物件: /u/hhm/workroom
呼叫来自：/u/hhm/workroom.lpc 的 create() 第 73 行，物件： /u/hhm/workroom，地方:<none>

执行时段错误：*Bad argument 1 to EFUN call_other()
Expected: object, string, array,  Got: int(0).

程式：/inherit/room/room.lpc 第 23 行
物件: /u/dream/jianyu
呼叫来自：/u/dream/jianyu.lpc 的 create() 第 23 行，物件： /u/dream/jianyu，地方:<none>
呼叫来自：/inherit/room/room.lpc 的 setup() 第 189 行，物件： /u/dream/jianyu，地方:<none>
呼叫来自：/inherit/room/room.lpc 的 reset() 第 71 行，物件： /u/dream/jianyu，地方:<none>
呼叫来自：/inherit/room/room.lpc 的 make_inventory() 第 23 行，物件： /u/dream/jianyu，地方:<none>

执行时段错误：*Bad argument 1 to EFUN call_other()
Expected: object, string, array,  Got: int(0).

程式：/d/fengxue/obj/hei-ke.lpc 第 34 行
物件: /d/fengxue/obj/hei-ke#11523
呼叫来自：/u/dream/hhm.lpc 的 create() 第 38 行，物件： /u/dream/hhm ("[1;31m黄昏落花[2;37;0m")，地方:<none>
呼叫来自：/inherit/char/npc.lpc 的 carry_object() 第 11 行，物件： /u/dream/hhm ("[1;31m黄昏落花[2;37;0m")，地方:<none>
呼叫来自：/d/fengxue/obj/hei-ke.lpc 的 create() 第 34 行，物件： /d/fengxue/obj/hei-ke#11523 ("[1;33m黑[1;37m客[1;31m盾[2;37;0m")，地方:<none>

执行时段错误：*call_other() couldn't find object '/clone/board/lonely_b'.

程式：/u/kool/workroom.lpc 第 73 行
物件: /u/kool/workroom
呼叫来自：/u/kool/workroom.lpc 的 create() 第 73 行，物件： /u/kool/workroom，地方:<none>

执行时段错误：*Value being indexed is zero.

程式：/adm/daemons/wabaod.lpc 第 122 行
物件: /adm/daemons/wabaod
呼叫来自：/adm/daemons/wabaod.lpc 的 create() 第 52 行，物件： /adm/daemons/wabaod，地方:<none>
呼叫来自：/adm/daemons/wabaod.lpc 的 init_xunbao() 第 62 行，物件： /adm/daemons/wabaod，地方:<none>
呼叫来自：/adm/daemons/wabaod.lpc 的 insert_blank() 第 76 行，物件： /adm/daemons/wabaod，地方:<none>
呼叫来自：/adm/daemons/wabaod.lpc 的 get_long() 第 122 行，物件： /adm/daemons/wabaod，地方:<none>

执行时段错误：*No program in object '/adm/daemons/network/ms'!

程式：0 第 0 行
物件: /adm/obj/master

执行时段错误：*No program in object '/adm/daemons/network/userid'!

程式：0 第 0 行
物件: /adm/obj/master

执行时段错误：*No program in object '/adm/daemons/network/pingtcp'!

程式：0 第 0 行
物件: /adm/obj/master

执行时段错误：*No program in object '/adm/daemons/network/mail_serv'!

程式：0 第 0 行
物件: /adm/obj/master

执行时段错误：*No program in object '/adm/daemons/network/netmail'!

程式：0 第 0 行
物件: /adm/obj/master

执行时段错误：*No program in object '/adm/daemons/network/telnetd'!

程式：0 第 0 行
物件: /adm/obj/master

执行时段错误：*No program in object '/adm/daemons/network/pingd'!

程式：0 第 0 行
物件: /adm/obj/master

执行时段错误：*No program in object '/adm/daemons/network/inetd'!

程式：0 第 0 行
物件: /adm/obj/master

执行时段错误：*No program in object '/adm/obj/simul_efun_bak'!

程式：0 第 0 行
物件: /adm/obj/master

执行时段错误：*No program in object '/adm/simul_efun/file'!

程式：0 第 0 行
物件: /adm/obj/master

执行时段错误：*F_SKILL: No such skill (xuantian-wuji)

程式：/feature/skill.lpc 第 22 行
物件: /questobj/guojob/badjob/xiashi
呼叫来自：/questobj/guojob/badjob/xiashi.lpc 的 create() 第 105 行，物件： /questobj/guojob/badjob/xiashi ("马强")，地方:<none>
呼叫来自：/feature/skill.lpc 的 set_skill() 第 22 行，物件： /questobj/guojob/badjob/xiashi ("马强")，地方:<none>

执行时段错误：*No program in object '/cmds/usr/bak/whotest'!

程式：0 第 0 行
物件: /adm/obj/master

执行时段错误：*No program in object '/cmds/usr/bak/quit1'!

程式：0 第 0 行
物件: /adm/obj/master

执行时段错误：*No program in object '/d/kaifeng/ground0'!

程式：0 第 0 行
物件: /adm/obj/master

执行时段错误：*No program in object '/d/kaifeng/ground0'!

程式：0 第 0 行
物件: /adm/obj/master
