/clone/misc/qn-dan                                          58
/d/fengxue/obj/hei-ke                                       72
/u/dream/hhm                                                72
/quest/haojie/npc/dibing                                    51
/d/kaifeng/obj/yayifu                                       80
/d/new/npc/tong-ren                                         173
/quest/guojob/job2/wandao                                   5122
/clone/weapon/gangdao                                       183
/d/city/obj/cloth                                           70
/d/city/obj/gangjian                                        3117
/clone/weapon/changjian                                     241
/d/city/npc/obj/jinchuang                                   470
/d/city/npc/obj/junfu                                       97
/d/city/npc/obj/gangdao                                     60
/d/city/npc/bing                                            54
/d/city/obj/tiejia                                          53
/clone/money/coin                                           109
/clone/misc/cloth                                           772
/clone/money/gold                                           128
/clone/money/silver                                         481
/clone/misc/site                                            54
/clone/cloth/cloth                                          131
/clone/user/user                                            55
/clone/user/login                                           772

目前MUD中总共有2974个Master物件。
