2003.06.15 10:16 B F:\login\i\ian.o <-- www.vmud.com /lonely/mudlib/data/login/i ian.o
2003.06.15 10:16 B F:\login\i\ibn.o <-- www.vmud.com /lonely/mudlib/data/login/i ibn.o
2003.06.15 10:16 B F:\login\i\ice.o <-- www.vmud.com /lonely/mudlib/data/login/i ice.o
2003.06.15 10:16 B F:\login\i\icecream.o <-- www.vmud.com /lonely/mudlib/data/login/i icecream.o
2003.06.15 10:16 B F:\login\i\icesnow.o <-- www.vmud.com /lonely/mudlib/data/login/i icesnow.o
2003.06.15 10:16 B F:\login\i\icewind.o <-- www.vmud.com /lonely/mudlib/data/login/i icewind.o
2003.06.15 10:16 B F:\login\i\icewolf.o <-- www.vmud.com /lonely/mudlib/data/login/i icewolf.o
2003.06.15 10:16 B F:\login\i\idle.o <-- www.vmud.com /lonely/mudlib/data/login/i idle.o
2003.06.15 10:16 B F:\login\i\idler.o <-- www.vmud.com /lonely/mudlib/data/login/i idler.o
2003.06.15 10:16 B F:\login\i\iii.o <-- www.vmud.com /lonely/mudlib/data/login/i iii.o
2003.06.15 10:16 B F:\login\i\iiiii.o <-- www.vmud.com /lonely/mudlib/data/login/i iiiii.o
2003.06.15 10:16 B F:\login\i\ilil.o <-- www.vmud.com /lonely/mudlib/data/login/i ilil.o
2003.06.15 10:16 B F:\login\i\ill.o <-- www.vmud.com /lonely/mudlib/data/login/i ill.o
2003.06.15 10:16 B F:\login\i\illi.o <-- www.vmud.com /lonely/mudlib/data/login/i illi.o
2003.06.15 10:16 B F:\login\i\illii.o <-- www.vmud.com /lonely/mudlib/data/login/i illii.o
2003.06.15 10:16 B F:\login\i\illill.o <-- www.vmud.com /lonely/mudlib/data/login/i illill.o
2003.06.15 10:16 B F:\login\i\illness.o <-- www.vmud.com /lonely/mudlib/data/login/i illness.o
2003.06.15 10:16 B F:\login\i\image.o <-- www.vmud.com /lonely/mudlib/data/login/i image.o
2003.06.15 10:16 B F:\login\i\inconj.o <-- www.vmud.com /lonely/mudlib/data/login/i inconj.o
2003.06.15 10:16 B F:\login\i\infanta.o <-- www.vmud.com /lonely/mudlib/data/login/i infanta.o
2003.06.15 10:16 B F:\login\i\ings.o <-- www.vmud.com /lonely/mudlib/data/login/i ings.o
2003.06.15 10:16 B F:\login\i\inuyasha.o <-- www.vmud.com /lonely/mudlib/data/login/i inuyasha.o
2003.06.15 10:16 B F:\login\i\iori.o <-- www.vmud.com /lonely/mudlib/data/login/i iori.o
2003.06.15 10:16 B F:\login\i\isolate.o <-- www.vmud.com /lonely/mudlib/data/login/i isolate.o
