2003.06.15 10:34 B F:\user\m\madax.o <-- www.vmud.com /lonely/mudlib/data/user/m madax.o
2003.06.15 10:34 B F:\user\m\madbeggar.o <-- www.vmud.com /lonely/mudlib/data/user/m madbeggar.o
2003.06.15 10:34 B F:\user\m\madkiller.o <-- www.vmud.com /lonely/mudlib/data/user/m madkiller.o
2003.06.15 10:34 B F:\user\m\madoka.o <-- www.vmud.com /lonely/mudlib/data/user/m madoka.o
2003.06.15 10:34 B F:\user\m\magic.o <-- www.vmud.com /lonely/mudlib/data/user/m magic.o
2003.06.15 10:34 B F:\user\m\magician.o <-- www.vmud.com /lonely/mudlib/data/user/m magician.o
2003.06.15 10:34 B F:\user\m\mai.o <-- www.vmud.com /lonely/mudlib/data/user/m mai.o
2003.06.15 10:34 B F:\user\m\maifans.o <-- www.vmud.com /lonely/mudlib/data/user/m maifans.o
2003.06.15 10:34 B F:\user\m\maimai.o <-- www.vmud.com /lonely/mudlib/data/user/m maimai.o
2003.06.15 10:34 B F:\user\m\maji.o <-- www.vmud.com /lonely/mudlib/data/user/m maji.o
2003.06.15 10:34 B F:\user\m\major.o <-- www.vmud.com /lonely/mudlib/data/user/m major.o
2003.06.15 10:34 B F:\user\m\man.o <-- www.vmud.com /lonely/mudlib/data/user/m man.o
2003.06.15 10:34 B F:\user\m\mann.o <-- www.vmud.com /lonely/mudlib/data/user/m mann.o
2003.06.15 10:34 B F:\user\m\mannn.o <-- www.vmud.com /lonely/mudlib/data/user/m mannn.o
2003.06.15 10:34 B F:\user\m\mannnn.o <-- www.vmud.com /lonely/mudlib/data/user/m mannnn.o
2003.06.15 10:35 B F:\user\m\maoerhus.o <-- www.vmud.com /lonely/mudlib/data/user/m maoerhus.o
2003.06.15 10:35 B F:\user\m\maple.o <-- www.vmud.com /lonely/mudlib/data/user/m maple.o
2003.06.15 10:35 B F:\user\m\marian.o <-- www.vmud.com /lonely/mudlib/data/user/m marian.o
2003.06.15 10:35 B F:\user\m\marilyn.o <-- www.vmud.com /lonely/mudlib/data/user/m marilyn.o
2003.06.15 10:35 B F:\user\m\maro.o <-- www.vmud.com /lonely/mudlib/data/user/m maro.o
2003.06.15 10:35 B F:\user\m\marquis.o <-- www.vmud.com /lonely/mudlib/data/user/m marquis.o
2003.06.15 10:35 B F:\user\m\marquise.o <-- www.vmud.com /lonely/mudlib/data/user/m marquise.o
2003.06.15 10:35 B F:\user\m\marry.o <-- www.vmud.com /lonely/mudlib/data/user/m marry.o
2003.06.15 10:35 B F:\user\m\mars.o <-- www.vmud.com /lonely/mudlib/data/user/m mars.o
2003.06.15 10:35 B F:\user\m\mavis.o <-- www.vmud.com /lonely/mudlib/data/user/m mavis.o
2003.06.15 10:35 B F:\user\m\maxpk.o <-- www.vmud.com /lonely/mudlib/data/user/m maxpk.o
2003.06.15 10:35 B F:\user\m\mbjjz.o <-- www.vmud.com /lonely/mudlib/data/user/m mbjjz.o
2003.06.15 10:35 B F:\user\m\mcdonalds.o <-- www.vmud.com /lonely/mudlib/data/user/m mcdonalds.o
2003.06.15 10:35 B F:\user\m\meinv.o <-- www.vmud.com /lonely/mudlib/data/user/m meinv.o
2003.06.15 10:35 B F:\user\m\meng.o <-- www.vmud.com /lonely/mudlib/data/user/m meng.o
2003.06.15 10:35 B F:\user\m\menshen.o <-- www.vmud.com /lonely/mudlib/data/user/m menshen.o
2003.06.15 10:35 B F:\user\m\meteor.o <-- www.vmud.com /lonely/mudlib/data/user/m meteor.o
2003.06.15 10:35 B F:\user\m\mfs.o <-- www.vmud.com /lonely/mudlib/data/user/m mfs.o
2003.06.15 10:35 B F:\user\m\mhyj.o <-- www.vmud.com /lonely/mudlib/data/user/m mhyj.o
2003.06.15 10:35 B F:\user\m\michelle.o <-- www.vmud.com /lonely/mudlib/data/user/m michelle.o
2003.06.15 10:35 B F:\user\m\mida.o <-- www.vmud.com /lonely/mudlib/data/user/m mida.o
2003.06.15 10:35 B F:\user\m\midb.o <-- www.vmud.com /lonely/mudlib/data/user/m midb.o
2003.06.15 10:35 B F:\user\m\miffy.o <-- www.vmud.com /lonely/mudlib/data/user/m miffy.o
2003.06.15 10:35 B F:\user\m\mighty.o <-- www.vmud.com /lonely/mudlib/data/user/m mighty.o
2003.06.15 10:35 B F:\user\m\militant.o <-- www.vmud.com /lonely/mudlib/data/user/m militant.o
2003.06.15 10:35 B F:\user\m\mily.o <-- www.vmud.com /lonely/mudlib/data/user/m mily.o
2003.06.15 10:35 B F:\user\m\mimi.o <-- www.vmud.com /lonely/mudlib/data/user/m mimi.o
2003.06.15 10:35 B F:\user\m\minipiggy.o <-- www.vmud.com /lonely/mudlib/data/user/m minipiggy.o
2003.06.15 10:35 B F:\user\m\miri.o <-- www.vmud.com /lonely/mudlib/data/user/m miri.o
2003.06.15 10:35 B F:\user\m\miroku.o <-- www.vmud.com /lonely/mudlib/data/user/m miroku.o
2003.06.15 10:35 B F:\user\m\mirror.o <-- www.vmud.com /lonely/mudlib/data/user/m mirror.o
2003.06.15 10:35 B F:\user\m\missfwb.o <-- www.vmud.com /lonely/mudlib/data/user/m missfwb.o
2003.06.15 10:35 B F:\user\m\missyou.o <-- www.vmud.com /lonely/mudlib/data/user/m missyou.o
2003.06.15 10:35 B F:\user\m\mitu.o <-- www.vmud.com /lonely/mudlib/data/user/m mitu.o
2003.06.15 10:35 B F:\user\m\miwu.o <-- www.vmud.com /lonely/mudlib/data/user/m miwu.o
2003.06.15 10:35 B F:\user\m\mmme.o <-- www.vmud.com /lonely/mudlib/data/user/m mmme.o
2003.06.15 10:35 B F:\user\m\mmmmm.o <-- www.vmud.com /lonely/mudlib/data/user/m mmmmm.o
2003.06.15 10:35 B F:\user\m\momo.o <-- www.vmud.com /lonely/mudlib/data/user/m momo.o
2003.06.15 10:35 B F:\user\m\mon.o <-- www.vmud.com /lonely/mudlib/data/user/m mon.o
2003.06.15 10:35 B F:\user\m\mong.o <-- www.vmud.com /lonely/mudlib/data/user/m mong.o
2003.06.15 10:35 B F:\user\m\monk.o <-- www.vmud.com /lonely/mudlib/data/user/m monk.o
2003.06.15 10:35 B F:\user\m\monster.o <-- www.vmud.com /lonely/mudlib/data/user/m monster.o
2003.06.15 10:35 B F:\user\m\moon.o <-- www.vmud.com /lonely/mudlib/data/user/m moon.o
2003.06.15 10:35 B F:\user\m\motoko.o <-- www.vmud.com /lonely/mudlib/data/user/m motoko.o
2003.06.15 10:35 B F:\user\m\moyao.o <-- www.vmud.com /lonely/mudlib/data/user/m moyao.o
2003.06.15 10:35 B F:\user\m\moyuan.o <-- www.vmud.com /lonely/mudlib/data/user/m moyuan.o
2003.06.15 10:35 B F:\user\m\mping.o <-- www.vmud.com /lonely/mudlib/data/user/m mping.o
2003.06.15 10:35 B F:\user\m\mqj.o <-- www.vmud.com /lonely/mudlib/data/user/m mqj.o
2003.06.15 10:35 B F:\user\m\mrct.o <-- www.vmud.com /lonely/mudlib/data/user/m mrct.o
2003.06.15 10:35 B F:\user\m\msdqc.o <-- www.vmud.com /lonely/mudlib/data/user/m msdqc.o
2003.06.15 10:35 B F:\user\m\mud.o <-- www.vmud.com /lonely/mudlib/data/user/m mud.o
2003.06.15 10:35 B F:\user\m\murong.o <-- www.vmud.com /lonely/mudlib/data/user/m murong.o
2003.06.15 10:35 B F:\user\m\music.o <-- www.vmud.com /lonely/mudlib/data/user/m music.o
2003.06.15 10:35 B F:\user\m\musica.o <-- www.vmud.com /lonely/mudlib/data/user/m musica.o
2003.06.15 10:35 B F:\user\m\musicb.o <-- www.vmud.com /lonely/mudlib/data/user/m musicb.o
2003.06.15 10:35 B F:\user\m\musicc.o <-- www.vmud.com /lonely/mudlib/data/user/m musicc.o
2003.06.15 10:35 B F:\user\m\musicd.o <-- www.vmud.com /lonely/mudlib/data/user/m musicd.o
2003.06.15 10:35 B F:\user\m\musice.o <-- www.vmud.com /lonely/mudlib/data/user/m musice.o
2003.06.15 10:35 B F:\user\m\musicf.o <-- www.vmud.com /lonely/mudlib/data/user/m musicf.o
2003.06.15 10:35 B F:\user\m\musicg.o <-- www.vmud.com /lonely/mudlib/data/user/m musicg.o
2003.06.15 10:35 B F:\user\m\mvp.o <-- www.vmud.com /lonely/mudlib/data/user/m mvp.o
2003.06.15 10:35 B F:\user\m\mxxwh.o <-- www.vmud.com /lonely/mudlib/data/user/m mxxwh.o
2003.06.15 10:35 B F:\user\m\myczl.o <-- www.vmud.com /lonely/mudlib/data/user/m myczl.o
2003.06.15 10:35 B F:\user\m\mygod.o <-- www.vmud.com /lonely/mudlib/data/user/m mygod.o
2003.06.15 10:35 B F:\user\m\myselfandi.o <-- www.vmud.com /lonely/mudlib/data/user/m myselfandi.o
2003.06.15 10:35 B F:\user\m\myth.o <-- www.vmud.com /lonely/mudlib/data/user/m myth.o
