
                                (4)
                                塔林
                                 ||     天王殿
                                后门      ||
                                  \\      ||
                        地藏王殿==过道==演武场==过道==白衣殿
                            c5     ||     ||     ||     c4
                                   ||     ||     ||
                          普贤殿==过道  方丈楼  过道==文殊殿
                            c2      \\    ||    //      c3
                                     \\   ||   //
                                      \\  ||  //
                                       青石甬道
                                          ||
                                          ||
                     清冷石屋==戒律院==青石甬道==藏经阁==藏经阁二楼
                                          ||
                                          ||
                       (1)  铜人阵入口==青石甬道==罗汉阵入口  (2)
                                          ||
                                          ||
                                       青石甬道
             (3)                     //   ||   \\
            后山                    //    ||    \\
               \\       斋堂       //     ||     \\     兵器室
            柴门\\       ||       //      ||      \\      ||
                 柴房==西跨院==过道 左=大雄宝殿=右 过道==东跨院==休息室
                         ||     ||  配    || c1 配  ||
                        菜地    ||  殿    ||    殿  ||
                                ||        ||        ||
          (四层)鼓楼==六祖庙==西广场===中院广场===东广场==紧那罗殿==钟楼(四层)
                        b1      ||        ||        ||       b2
                                ||        ||        ||
                      练武场===过道     天王殿     过道===练武场
                                ||        ||        ||
                                ||        ||        ||
               功德林==功德林==过道      台阶      过道===碑林===碑林
                 ||             ||        ||        ||            ||
                 ||             ||        ||        ||            ||
               功德林==锤谱堂==广场====前院广场====广场==慈云堂==碑林
                         a1    左侧       ||       右侧    a2
                                          ||
                                          ||
                                         山门
                                          ||
                                          ||
                                         石阶
                                          ||
                                         石阶
                                          ||
                                         石阶
                                         //
                                       山道
                                       //
                                     山道
                                      ||
                               竹林==山道
                                      ||
                                     山道
                                      ||  //山泉
                                     山道
                                      ||
                                     解剑亭
                                       \\
                                       蜿蜒小路
                                        //
                                     蜿蜒小路
                                        \\
                                     蜿蜒小路
                                        //
                                     蜿蜒小路
                                       \\
                                       土路
                                        ||
                                       土路==土路==土路
                                       
a1 俗家弟子  a2 剃度出家
b1 b2 两个初级师傅
c 中级师傅 : c1 拳法  c2 佛法 c3 棍法 c4 剑法 c5 刀法
  内功、阵法全有.
经过5名中级师傅测试通过,一致向方丈推荐,方丈收此人为徒
亲自指点上乘武功,经过方丈传授测试,获准进入藏经楼2楼进
修上乘武学,2楼的东西不能拿出.