
<---笑傲江湖 之 重出江湖: MudOs v22pre12 (by wenwu,Nov 12 2006) startup on Microsoft Windows NT at Fri Feb 15 15:52:07 2008

using config file: D:\mud4\config.bxcy
Can't find "mudos", ignoring old binaries.
Try invoking the driver using the full pathname.

连接到地址服务器：localhost (7777)
]simul_efun 成功加载.

加载系统进程中...
初始化完成。

允许连接端口：9999
Initializing internal tables....

<---笑傲江湖 之 重出江湖: MudOs v22pre12 (by wenwu,Nov 12 2006) startup on Microsoft Windows NT at Fri Feb 15 15:59:27 2008

using config file: D:\mud4\config.bxcy
Can't find "mudos", ignoring old binaries.
Try invoking the driver using the full pathname.

连接到地址服务器：localhost (7777)
]simul_efun 成功加载.

加载系统进程中...
初始化完成。

允许连接端口：9999
Initializing internal tables....

<---笑傲江湖 之 重出江湖: MudOs v22pre12 (by wenwu,Nov 12 2006) startup on Microsoft Windows NT at Fri Feb 15 16:10:54 2008

using config file: D:\mud4\config.bxcy
Can't find "mudos", ignoring old binaries.
Try invoking the driver using the full pathname.

连接到地址服务器：localhost (7777)
]simul_efun 成功加载.

加载系统进程中...
初始化完成。

允许连接端口：9999
Initializing internal tables....

<---笑傲江湖 之 重出江湖: MudOs v22pre12 (by wenwu,Nov 12 2006) startup on Microsoft Windows NT at Fri Feb 15 21:32:52 2008

using config file: D:\mud4\config.bxcy
Can't find "mudos", ignoring old binaries.
Try invoking the driver using the full pathname.

连接到地址服务器：localhost (7777)
]simul_efun 成功加载.

加载系统进程中...
初始化完成。

允许连接端口：9999
Initializing internal tables....

<---笑傲江湖 之 重出江湖: MudOs v22pre12 (by wenwu,Nov 12 2006) startup on Microsoft Windows NT at Fri Feb 15 21:38:15 2008

using config file: D:\mud4\config.bxcy
Can't find "mudos", ignoring old binaries.
Try invoking the driver using the full pathname.

连接到地址服务器：localhost (7777)
]simul_efun 成功加载.

加载系统进程中...
初始化完成。

允许连接端口：9999
Initializing internal tables....
